2014-07-16T14:03:34.457+0000: 24.644: [GC [PSYoungGen: 257728K->42864K(300608K)] 257728K->57742K(987584K), 0.0697280 secs] [Times: user=0.21 sys=0.04, real=0.07 secs] 
2014-07-16T14:03:34.788+0000: 24.975: [GC [PSYoungGen: 300592K->42870K(300608K)] 315470K->64101K(987584K), 0.0341170 secs] [Times: user=0.09 sys=0.03, real=0.03 secs] 
2014-07-16T14:03:35.726+0000: 25.914: [GC [PSYoungGen: 300598K->42870K(300608K)] 321829K->64613K(987584K), 0.0530730 secs] [Times: user=0.19 sys=0.00, real=0.05 secs] 
2014-07-16T14:03:37.277+0000: 27.465: [GC [PSYoungGen: 300598K->42870K(558336K)] 322341K->64982K(1245312K), 0.0673740 secs] [Times: user=0.22 sys=0.03, real=0.07 secs] 
2014-07-16T14:03:40.016+0000: 30.204: [GC [PSYoungGen: 558326K->42848K(558336K)] 580438K->65063K(1245312K), 0.0517790 secs] [Times: user=0.15 sys=0.03, real=0.05 secs] 
2014-07-16T14:03:42.654+0000: 32.841: [GC [PSYoungGen: 558304K->43312K(1088576K)] 580519K->65527K(1775552K), 0.0596160 secs] [Times: user=0.21 sys=0.02, real=0.06 secs] 
2014-07-16T14:03:46.835+0000: 37.022: [GC [PSYoungGen: 1074224K->2596K(1089600K)] 1096439K->66061K(1776576K), 0.0665010 secs] [Times: user=0.22 sys=0.04, real=0.06 secs] 
2014-07-16T14:03:50.700+0000: 40.887: [GC [PSYoungGen: 1033508K->2212K(2124160K)] 1096973K->66037K(2811136K), 0.0071710 secs] [Times: user=0.02 sys=0.01, real=0.01 secs] 
2014-07-16T14:03:57.655+0000: 47.842: [GC [PSYoungGen: 2059620K->2368K(2128576K)] 2123445K->66521K(2815552K), 0.0222920 secs] [Times: user=0.08 sys=0.01, real=0.03 secs] 
2014-07-16T14:04:03.578+0000: 53.765: [GC [PSYoungGen: 2059776K->2116K(2720768K)] 2123929K->66925K(3407744K), 0.0081890 secs] [Times: user=0.03 sys=0.00, real=0.01 secs] 
2014-07-16T14:04:09.838+0000: 60.026: [GC [PSYoungGen: 2649412K->832K(2648128K)] 2714221K->66545K(3335104K), 0.0176750 secs] [Times: user=0.06 sys=0.00, real=0.01 secs] 
2014-07-16T14:04:15.716+0000: 65.904: [GC [PSYoungGen: 2648128K->1192K(2721984K)] 2713841K->67281K(3408960K), 0.0354300 secs] [Times: user=0.12 sys=0.00, real=0.04 secs] 
2014-07-16T14:04:21.276+0000: 71.463: [GC [PSYoungGen: 2648424K->608K(2527296K)] 2714513K->67105K(3214272K), 0.0049360 secs] [Times: user=0.01 sys=0.00, real=0.01 secs] 
2014-07-16T14:04:26.685+0000: 76.872: [GC [PSYoungGen: 2527264K->448K(2412480K)] 2593761K->67177K(3099456K), 0.0188040 secs] [Times: user=0.07 sys=0.00, real=0.02 secs] 
2014-07-16T14:04:31.805+0000: 81.992: [GC [PSYoungGen: 2412414K->384K(2374656K)] 2479143K->67409K(3061632K), 0.0091890 secs] [Times: user=0.02 sys=0.01, real=0.01 secs] 
2014-07-16T14:04:36.734+0000: 86.921: [GC [PSYoungGen: 2303488K->640K(2200192K)] 2370513K->67833K(2887168K), 0.0133200 secs] [Times: user=0.02 sys=0.01, real=0.01 secs] 
2014-07-16T14:04:41.383+0000: 91.570: [GC [PSYoungGen: 2200192K->448K(2168384K)] 2267385K->67945K(2855360K), 0.0107680 secs] [Times: user=0.04 sys=0.01, real=0.01 secs] 
2014-07-16T14:04:45.836+0000: 96.024: [GC [PSYoungGen: 2101568K->850K(2008448K)] 2169065K->68507K(2695424K), 0.0180880 secs] [Times: user=0.05 sys=0.01, real=0.02 secs] 
2014-07-16T14:04:50.082+0000: 100.269: [GC [PSYoungGen: 2008402K->534K(1980608K)] 2076059K->68423K(2667584K), 0.0136910 secs] [Times: user=0.04 sys=0.01, real=0.02 secs] 
2014-07-16T14:04:54.159+0000: 104.347: [GC [PSYoungGen: 1919190K->708K(1834880K)] 1987079K->68805K(2521856K), 0.0145550 secs] [Times: user=0.01 sys=0.01, real=0.02 secs] 
2014-07-16T14:04:58.050+0000: 108.237: [GC [PSYoungGen: 1834820K->690K(1810048K)] 1902917K->68931K(2497024K), 0.0130930 secs] [Times: user=0.05 sys=0.01, real=0.01 secs] 
2014-07-16T14:05:01.765+0000: 111.952: [GC [PSYoungGen: 1754418K->452K(1677824K)] 1822659K->68909K(2364800K), 0.0082520 secs] [Times: user=0.01 sys=0.01, real=0.00 secs] 
2014-07-16T14:05:05.308+0000: 115.495: [GC [PSYoungGen: 1677764K->576K(1655296K)] 1746221K->69177K(2342272K), 0.0087510 secs] [Times: user=0.02 sys=0.00, real=0.01 secs] 
2014-07-16T14:05:08.727+0000: 118.915: [GC [PSYoungGen: 1605248K->594K(1536192K)] 1673849K->69403K(2223168K), 0.0090950 secs] [Times: user=0.01 sys=0.00, real=0.01 secs] 
2014-07-16T14:05:11.964+0000: 122.151: [GC [PSYoungGen: 1536146K->256K(1514880K)] 1604955K->69265K(2201856K), 0.0120030 secs] [Times: user=0.04 sys=0.00, real=0.01 secs] 
2014-07-16T14:05:15.085+0000: 125.272: [GC [PSYoungGen: 1470080K->530K(1407936K)] 1539089K->69659K(2094912K), 0.0074040 secs] [Times: user=0.01 sys=0.00, real=0.01 secs] 
2014-07-16T14:05:18.104+0000: 128.291: [GC [PSYoungGen: 1407890K->804K(1387776K)] 1477019K->70101K(2074752K), 0.0053120 secs] [Times: user=0.01 sys=0.00, real=0.01 secs] 
2014-07-16T14:05:21.060+0000: 131.247: [GC [PSYoungGen: 1348703K->416K(1291776K)] 1418001K->69857K(1978752K), 0.0198470 secs] [Times: user=0.07 sys=0.00, real=0.02 secs] 
2014-07-16T14:05:23.783+0000: 133.971: [GC [PSYoungGen: 1291744K->274K(1272448K)] 1361185K->69915K(1959424K), 0.0077220 secs] [Times: user=0.03 sys=0.00, real=0.01 secs] 
2014-07-16T14:05:26.398+0000: 136.585: [GC [PSYoungGen: 1237720K->388K(1186752K)] 1307361K->70101K(1873728K), 0.0089450 secs] [Times: user=0.01 sys=0.01, real=0.01 secs] 
2014-07-16T14:05:28.937+0000: 139.124: [GC [PSYoungGen: 1186692K->598K(1168192K)] 1256405K->70479K(1855168K), 0.0079580 secs] [Times: user=0.01 sys=0.00, real=0.01 secs] 
2014-07-16T14:05:31.369+0000: 141.556: [GC [PSYoungGen: 1138158K->886K(1092160K)] 1208039K->70887K(1779136K), 0.0127250 secs] [Times: user=0.04 sys=0.00, real=0.02 secs] 
2014-07-16T14:05:33.710+0000: 143.898: [GC [PSYoungGen: 1092150K->438K(1073664K)] 1162151K->70567K(1760640K), 0.0146740 secs] [Times: user=0.05 sys=0.00, real=0.01 secs] 
2014-07-16T14:05:35.996+0000: 146.183: [GC [PSYoungGen: 1047606K->608K(1005824K)] 1117735K->70857K(1692800K), 0.0086650 secs] [Times: user=0.01 sys=0.00, real=0.01 secs] 
2014-07-16T14:05:38.114+0000: 148.301: [GC [PSYoungGen: 1005792K->192K(988160K)] 1076041K->70625K(1675136K), 0.0060370 secs] [Times: user=0.02 sys=0.00, real=0.00 secs] 
2014-07-16T14:05:40.254+0000: 150.441: [GC [PSYoungGen: 965376K->562K(927680K)] 1035809K->71099K(1614656K), 0.0077940 secs] [Times: user=0.02 sys=0.00, real=0.01 secs] 
2014-07-16T14:05:42.213+0000: 152.400: [GC [PSYoungGen: 927666K->242K(910784K)] 998203K->70891K(1597760K), 0.0056280 secs] [Times: user=0.01 sys=0.00, real=0.00 secs] 
2014-07-16T14:05:44.118+0000: 154.305: [GC [PSYoungGen: 891122K->438K(856832K)] 961771K->71151K(1543808K), 0.0067820 secs] [Times: user=0.01 sys=0.01, real=0.01 secs] 
2014-07-16T14:05:46.013+0000: 156.200: [GC [PSYoungGen: 856822K->658K(840640K)] 927535K->71499K(1527616K), 0.0102280 secs] [Times: user=0.03 sys=0.01, real=0.01 secs] 
2014-07-16T14:05:47.773+0000: 157.960: [GC [PSYoungGen: 824146K->512K(792704K)] 894987K->71537K(1479680K), 0.0101730 secs] [Times: user=0.02 sys=0.00, real=0.01 secs] 
2014-07-16T14:05:49.451+0000: 159.638: [GC [PSYoungGen: 792704K->456K(777088K)] 863729K->71577K(1464064K), 0.0041250 secs] [Times: user=0.01 sys=0.00, real=0.01 secs] 
2014-07-16T14:05:51.218+0000: 161.406: [GC [PSYoungGen: 762824K->818K(734720K)] 833945K->71995K(1421696K), 0.0066970 secs] [Times: user=0.01 sys=0.00, real=0.01 secs] 
2014-07-16T14:05:52.835+0000: 163.022: [GC [PSYoungGen: 734706K->320K(719296K)] 805883K->71641K(1406272K), 0.0119140 secs] [Times: user=0.04 sys=0.00, real=0.01 secs] 
2014-07-16T14:05:54.429+0000: 164.616: [GC [PSYoungGen: 707072K->484K(681408K)] 778393K->71869K(1368384K), 0.0059810 secs] [Times: user=0.01 sys=0.01, real=0.01 secs] 
2014-07-16T14:05:55.949+0000: 166.137: [GC [PSYoungGen: 681380K->352K(667072K)] 752765K->71833K(1354048K), 0.0135930 secs] [Times: user=0.06 sys=0.00, real=0.01 secs] 
2014-07-16T14:05:57.338+0000: 167.525: [GC [PSYoungGen: 656558K->274K(633024K)] 728040K->71931K(1320000K), 0.0169340 secs] [Times: user=0.05 sys=0.00, real=0.02 secs] 
2014-07-16T14:05:58.687+0000: 168.874: [GC [PSYoungGen: 632978K->420K(619520K)] 704635K->72125K(1306496K), 0.0036850 secs] [Times: user=0.01 sys=0.00, real=0.00 secs] 
2014-07-16T14:05:59.982+0000: 170.169: [GC [PSYoungGen: 610660K->210K(589056K)] 682365K->71947K(1276032K), 0.0098800 secs] [Times: user=0.03 sys=0.00, real=0.01 secs] 
2014-07-16T14:06:01.237+0000: 171.424: [GC [PSYoungGen: 589001K->480K(576384K)] 660739K->72249K(1263360K), 0.0041290 secs] [Times: user=0.01 sys=0.00, real=0.00 secs] 
2014-07-16T14:06:02.480+0000: 172.667: [GC [PSYoungGen: 568864K->384K(549248K)] 640633K->72209K(1236224K), 0.0057250 secs] [Times: user=0.01 sys=0.01, real=0.01 secs] 
2014-07-16T14:06:03.660+0000: 173.847: [GC [PSYoungGen: 549248K->548K(537088K)] 621073K->72485K(1224064K), 0.0070660 secs] [Times: user=0.02 sys=0.01, real=0.01 secs] 
2014-07-16T14:06:04.837+0000: 175.024: [GC [PSYoungGen: 530788K->402K(512896K)] 602725K->72419K(1199872K), 0.0104720 secs] [Times: user=0.04 sys=0.00, real=0.01 secs] 
2014-07-16T14:06:05.905+0000: 176.093: [GC [PSYoungGen: 512850K->480K(501248K)] 584867K->72577K(1188224K), 0.0051300 secs] [Times: user=0.01 sys=0.00, real=0.00 secs] 
2014-07-16T14:06:06.956+0000: 177.143: [GC [PSYoungGen: 495904K->288K(479488K)] 568001K->72457K(1166464K), 0.0084420 secs] [Times: user=0.03 sys=0.00, real=0.00 secs] 
2014-07-16T14:06:07.974+0000: 178.161: [GC [PSYoungGen: 479456K->288K(468608K)] 551625K->72497K(1155584K), 0.0057690 secs] [Times: user=0.01 sys=0.00, real=0.01 secs] 
2014-07-16T14:06:08.961+0000: 179.148: [GC [PSYoungGen: 463904K->192K(448960K)] 536113K->72441K(1135936K), 0.0046050 secs] [Times: user=0.01 sys=0.01, real=0.00 secs] 
2014-07-16T14:06:09.938+0000: 180.125: [GC [PSYoungGen: 448960K->790K(438912K)] 521209K->73087K(1125888K), 0.0065020 secs] [Times: user=0.02 sys=0.00, real=0.00 secs] 
2014-07-16T14:06:10.847+0000: 181.035: [GC [PSYoungGen: 435350K->320K(421248K)] 507647K->72681K(1108224K), 0.0044200 secs] [Times: user=0.00 sys=0.00, real=0.00 secs] 
2014-07-16T14:06:11.752+0000: 181.939: [GC [PSYoungGen: 421248K->694K(411648K)] 493609K->73119K(1098624K), 0.0086680 secs] [Times: user=0.02 sys=0.00, real=0.01 secs] 
2014-07-16T14:06:12.615+0000: 182.802: [GC [PSYoungGen: 408630K->320K(395776K)] 481055K->72809K(1082752K), 0.0115030 secs] [Times: user=0.03 sys=0.01, real=0.02 secs] 
2014-07-16T14:06:13.453+0000: 183.640: [GC [PSYoungGen: 395730K->128K(383616K)] 468220K->72649K(1070592K), 0.0035950 secs] [Times: user=0.01 sys=0.01, real=0.01 secs] 
2014-07-16T14:06:14.276+0000: 184.463: [GC [PSYoungGen: 383615K->416K(372480K)] 456137K->73001K(1059456K), 0.0051430 secs] [Times: user=0.02 sys=0.00, real=0.01 secs] 
2014-07-16T14:06:15.080+0000: 185.268: [GC [PSYoungGen: 372387K->730K(361856K)] 444972K->73363K(1048832K), 0.0066630 secs] [Times: user=0.03 sys=0.00, real=0.01 secs] 
2014-07-16T14:06:15.833+0000: 186.020: [GC [PSYoungGen: 361818K->288K(350912K)] 434451K->72985K(1037888K), 0.0147540 secs] [Times: user=0.05 sys=0.00, real=0.02 secs] 
2014-07-16T14:06:16.570+0000: 186.758: [GC [PSYoungGen: 350879K->320K(421056K)] 423576K->73097K(1108032K), 0.0120400 secs] [Times: user=0.05 sys=0.00, real=0.01 secs] 
2014-07-16T14:06:17.476+0000: 187.664: [GC [PSYoungGen: 421056K->434K(505344K)] 493833K->73259K(1192320K), 0.0072460 secs] [Times: user=0.02 sys=0.00, real=0.01 secs] 
2014-07-16T14:06:18.551+0000: 188.738: [GC [PSYoungGen: 505330K->402K(488640K)] 578155K->73283K(1175616K), 0.0048170 secs] [Times: user=0.01 sys=0.00, real=0.00 secs] 
2014-07-16T14:06:19.587+0000: 189.774: [GC [PSYoungGen: 488594K->466K(472768K)] 561475K->73395K(1159744K), 0.0044660 secs] [Times: user=0.01 sys=0.00, real=0.01 secs] 
2014-07-16T14:06:20.609+0000: 190.796: [GC [PSYoungGen: 472722K->530K(457600K)] 545651K->73515K(1144576K), 0.0135120 secs] [Times: user=0.05 sys=0.00, real=0.01 secs] 
2014-07-16T14:06:21.582+0000: 191.770: [GC [PSYoungGen: 457493K->324K(442816K)] 530478K->73381K(1129792K), 0.0080530 secs] [Times: user=0.03 sys=0.00, real=0.01 secs] 
2014-07-16T14:06:22.549+0000: 192.737: [GC [PSYoungGen: 442756K->544K(429056K)] 515813K->73673K(1116032K), 0.0081700 secs] [Times: user=0.02 sys=0.00, real=0.00 secs] 
2014-07-16T14:06:23.472+0000: 193.659: [GC [PSYoungGen: 429024K->470K(415616K)] 502153K->73687K(1102592K), 0.0069460 secs] [Times: user=0.02 sys=0.00, real=0.01 secs] 
2014-07-16T14:06:24.353+0000: 194.540: [GC [PSYoungGen: 415574K->224K(402560K)] 488791K->73497K(1089536K), 0.0072670 secs] [Times: user=0.02 sys=0.00, real=0.01 secs] 
2014-07-16T14:06:25.228+0000: 195.415: [GC [PSYoungGen: 402457K->192K(390272K)] 475731K->73489K(1077248K), 0.0061210 secs] [Times: user=0.01 sys=0.00, real=0.00 secs] 
2014-07-16T14:06:26.103+0000: 196.290: [GC [PSYoungGen: 390272K->932K(379328K)] 463569K->74325K(1066304K), 0.0072750 secs] [Times: user=0.01 sys=0.00, real=0.01 secs] 
2014-07-16T14:06:26.942+0000: 197.129: [GC [PSYoungGen: 379300K->612K(367808K)] 452693K->74085K(1054784K), 0.0050450 secs] [Times: user=0.02 sys=0.00, real=0.00 secs] 
2014-07-16T14:06:27.733+0000: 197.920: [GC [PSYoungGen: 367780K->530K(356992K)] 441253K->74083K(1043968K), 0.0081410 secs] [Times: user=0.03 sys=0.00, real=0.01 secs] 
2014-07-16T14:06:28.568+0000: 198.755: [GC [PSYoungGen: 356946K->676K(346816K)] 430499K->74269K(1033792K), 0.0052390 secs] [Times: user=0.01 sys=0.00, real=0.01 secs] 
2014-07-16T14:06:29.382+0000: 199.569: [GC [PSYoungGen: 346788K->630K(416000K)] 420381K->74287K(1102976K), 0.0169490 secs] [Times: user=0.05 sys=0.00, real=0.02 secs] 
2014-07-16T14:06:30.420+0000: 200.608: [GC [PSYoungGen: 415987K->676K(403264K)] 489645K->74381K(1090240K), 0.0047880 secs] [Times: user=0.01 sys=0.00, real=0.00 secs] 
2014-07-16T14:06:31.282+0000: 201.469: [GC [PSYoungGen: 403236K->192K(390528K)] 476941K->73993K(1077504K), 0.0037150 secs] [Times: user=0.01 sys=0.00, real=0.00 secs] 
2014-07-16T14:06:32.114+0000: 202.301: [GC [PSYoungGen: 390528K->242K(378880K)] 464329K->74075K(1065856K), 0.0055690 secs] [Times: user=0.01 sys=0.00, real=0.01 secs] 
2014-07-16T14:06:32.918+0000: 203.105: [GC [PSYoungGen: 378866K->274K(367744K)] 452699K->74131K(1054720K), 0.0034130 secs] [Times: user=0.02 sys=0.00, real=0.01 secs] 
2014-07-16T14:06:33.729+0000: 203.917: [GC [PSYoungGen: 367698K->274K(356992K)] 441555K->74163K(1043968K), 0.0065230 secs] [Times: user=0.02 sys=0.00, real=0.00 secs] 
2014-07-16T14:06:34.479+0000: 204.667: [GC [PSYoungGen: 356946K->224K(346624K)] 430835K->74161K(1033600K), 0.0030110 secs] [Times: user=0.01 sys=0.00, real=0.00 secs] 
2014-07-16T14:06:35.218+0000: 205.406: [GC [PSYoungGen: 346592K->502K(336960K)] 420529K->74463K(1023936K), 0.0133860 secs] [Times: user=0.05 sys=0.00, real=0.02 secs] 
2014-07-16T14:06:35.937+0000: 206.124: [GC [PSYoungGen: 336950K->434K(327424K)] 410911K->74475K(1014400K), 0.0046830 secs] [Times: user=0.01 sys=0.00, real=0.01 secs] 
2014-07-16T14:06:36.657+0000: 206.844: [GC [PSYoungGen: 327350K->548K(318464K)] 401392K->74661K(1005440K), 0.0050830 secs] [Times: user=0.01 sys=0.00, real=0.01 secs] 
2014-07-16T14:06:37.324+0000: 207.511: [GC [PSYoungGen: 318436K->242K(309376K)] 392549K->74403K(996352K), 0.0105000 secs] [Times: user=0.04 sys=0.00, real=0.01 secs] 
2014-07-16T14:06:38.005+0000: 208.193: [GC [PSYoungGen: 309362K->452K(371456K)] 383523K->74669K(1058432K), 0.0110360 secs] [Times: user=0.04 sys=0.00, real=0.01 secs] 
2014-07-16T14:06:38.781+0000: 208.969: [GC [PSYoungGen: 371396K->128K(445312K)] 445613K->74385K(1132288K), 0.0048900 secs] [Times: user=0.01 sys=0.00, real=0.00 secs] 
2014-07-16T14:06:39.735+0000: 209.922: [GC [PSYoungGen: 445312K->402K(431552K)] 519569K->74691K(1118528K), 0.0044260 secs] [Times: user=0.01 sys=0.00, real=0.00 secs] 
2014-07-16T14:06:40.657+0000: 210.844: [GC [PSYoungGen: 431506K->356K(418048K)] 505795K->74669K(1105024K), 0.0054030 secs] [Times: user=0.01 sys=0.00, real=0.01 secs] 
2014-07-16T14:06:41.548+0000: 211.735: [GC [PSYoungGen: 418020K->338K(405184K)] 492333K->74707K(1092160K), 0.0056290 secs] [Times: user=0.01 sys=0.00, real=0.01 secs] 
2014-07-16T14:06:42.418+0000: 212.606: [GC [PSYoungGen: 405138K->420K(392896K)] 479507K->74829K(1079872K), 0.0070280 secs] [Times: user=0.03 sys=0.00, real=0.01 secs] 
2014-07-16T14:06:43.247+0000: 213.435: [GC [PSYoungGen: 392868K->342K(380992K)] 467277K->74783K(1067968K), 0.0130060 secs] [Times: user=0.05 sys=0.00, real=0.01 secs] 
2014-07-16T14:06:44.068+0000: 214.255: [GC [PSYoungGen: 380942K->754K(457536K)] 455383K->75339K(1144512K), 0.0146060 secs] [Times: user=0.04 sys=0.00, real=0.02 secs] 
2014-07-16T14:06:45.051+0000: 215.238: [GC [PSYoungGen: 457518K->420K(548608K)] 532103K->75125K(1235584K), 0.0069520 secs] [Times: user=0.01 sys=0.00, real=0.00 secs] 
2014-07-16T14:06:46.193+0000: 216.380: [GC [PSYoungGen: 548570K->192K(529728K)] 623276K->74993K(1216704K), 0.0058960 secs] [Times: user=0.01 sys=0.00, real=0.00 secs] 
2014-07-16T14:06:47.322+0000: 217.509: [GC [PSYoungGen: 529728K->338K(512128K)] 604529K->75235K(1199104K), 0.0110830 secs] [Times: user=0.05 sys=0.00, real=0.01 secs] 
2014-07-16T14:06:48.405+0000: 218.593: [GC [PSYoungGen: 512080K->256K(495040K)] 586978K->75209K(1182016K), 0.0069730 secs] [Times: user=0.01 sys=0.00, real=0.01 secs] 
2014-07-16T14:06:49.458+0000: 219.646: [GC [PSYoungGen: 495040K->320K(478848K)] 569993K->75329K(1165824K), 0.0052860 secs] [Times: user=0.02 sys=0.00, real=0.01 secs] 
2014-07-16T14:06:50.483+0000: 220.671: [GC [PSYoungGen: 478847K->160K(463232K)] 553857K->75201K(1150208K), 0.0080060 secs] [Times: user=0.03 sys=0.00, real=0.00 secs] 
2014-07-16T14:06:51.472+0000: 221.659: [GC [PSYoungGen: 463200K->192K(448384K)] 538241K->75289K(1135360K), 0.0104480 secs] [Times: user=0.03 sys=0.00, real=0.02 secs] 
2014-07-16T14:06:52.443+0000: 222.631: [GC [PSYoungGen: 448384K->402K(434432K)] 523481K->75547K(1121408K), 0.0037710 secs] [Times: user=0.01 sys=0.00, real=0.00 secs] 
2014-07-16T14:06:53.372+0000: 223.559: [GC [PSYoungGen: 434386K->192K(420608K)] 509531K->75369K(1107584K), 0.0079850 secs] [Times: user=0.02 sys=0.00, real=0.00 secs] 
2014-07-16T14:06:54.271+0000: 224.459: [GC [PSYoungGen: 420587K->530K(408000K)] 495765K->75779K(1094976K), 0.0111130 secs] [Times: user=0.04 sys=0.00, real=0.02 secs] 
2014-07-16T14:06:55.151+0000: 225.338: [GC [PSYoungGen: 407954K->402K(395456K)] 483203K->75691K(1082432K), 0.0046970 secs] [Times: user=0.02 sys=0.00, real=0.01 secs] 
2014-07-16T14:06:55.966+0000: 226.153: [GC [PSYoungGen: 395410K->160K(383296K)] 470699K->75529K(1070272K), 0.0049990 secs] [Times: user=0.01 sys=0.00, real=0.00 secs] 
2014-07-16T14:06:56.783+0000: 226.970: [GC [PSYoungGen: 383257K->424K(372160K)] 458626K->75833K(1059136K), 0.0062820 secs] [Times: user=0.01 sys=0.00, real=0.00 secs] 
2014-07-16T14:06:57.572+0000: 227.759: [GC [PSYoungGen: 372135K->242K(361024K)] 447544K->75683K(1048000K), 0.0035320 secs] [Times: user=0.01 sys=0.00, real=0.01 secs] 
2014-07-16T14:06:58.345+0000: 228.533: [GC [PSYoungGen: 361010K->352K(350656K)] 436451K->75825K(1037632K), 0.0063620 secs] [Times: user=0.01 sys=0.01, real=0.00 secs] 
2014-07-16T14:06:59.084+0000: 229.271: [GC [PSYoungGen: 350622K->228K(340480K)] 426096K->75725K(1027456K), 0.0033700 secs] [Times: user=0.01 sys=0.00, real=0.00 secs] 
2014-07-16T14:06:59.807+0000: 229.994: [GC [PSYoungGen: 340452K->320K(330880K)] 415949K->75857K(1017856K), 0.0048940 secs] [Times: user=0.01 sys=0.01, real=0.01 secs] 
2014-07-16T14:07:00.508+0000: 230.696: [GC [PSYoungGen: 330880K->292K(321600K)] 406417K->75853K(1008576K), 0.0038870 secs] [Times: user=0.01 sys=0.00, real=0.00 secs] 
2014-07-16T14:07:01.213+0000: 231.400: [GC [PSYoungGen: 321567K->292K(312704K)] 397128K->75901K(999680K), 0.0037730 secs] [Times: user=0.00 sys=0.00, real=0.01 secs] 
2014-07-16T14:07:01.876+0000: 232.064: [GC [PSYoungGen: 312638K->256K(304128K)] 388248K->75913K(991104K), 0.0040240 secs] [Times: user=0.01 sys=0.00, real=0.00 secs] 
2014-07-16T14:07:02.523+0000: 232.711: [GC [PSYoungGen: 304044K->210K(295936K)] 379702K->75915K(982912K), 0.0041040 secs] [Times: user=0.01 sys=0.00, real=0.01 secs] 
2014-07-16T14:07:03.197+0000: 233.384: [GC [PSYoungGen: 295890K->562K(355392K)] 371595K->76387K(1042368K), 0.0213050 secs] [Times: user=0.06 sys=0.01, real=0.02 secs] 
2014-07-16T14:07:03.999+0000: 234.187: [GC [PSYoungGen: 355378K->370K(426176K)] 431203K->76659K(1113152K), 0.0057940 secs] [Times: user=0.01 sys=0.00, real=0.01 secs] 
2014-07-16T14:07:05.182+0000: 235.369: [GC [PSYoungGen: 426162K->832K(413376K)] 502451K->77633K(1100352K), 0.0063910 secs] [Times: user=0.01 sys=0.00, real=0.01 secs] 
2014-07-16T14:07:06.132+0000: 236.320: [GC [PSYoungGen: 413372K->498K(400384K)] 490173K->77659K(1087360K), 0.0073590 secs] [Times: user=0.01 sys=0.00, real=0.01 secs] 
2014-07-16T14:07:07.051+0000: 237.238: [GC [PSYoungGen: 400317K->576K(388352K)] 477479K->77961K(1075328K), 0.0053630 secs] [Times: user=0.01 sys=0.00, real=0.01 secs] 
2014-07-16T14:07:07.959+0000: 238.146: [GC [PSYoungGen: 388352K->1182K(377408K)] 465737K->78663K(1064384K), 0.0066080 secs] [Times: user=0.01 sys=0.00, real=0.01 secs] 
2014-07-16T14:07:08.804+0000: 238.991: [GC [PSYoungGen: 377374K->356K(365440K)] 454855K->77893K(1052416K), 0.0060630 secs] [Times: user=0.02 sys=0.00, real=0.01 secs] 
2014-07-16T14:07:09.572+0000: 239.759: [GC [PSYoungGen: 365412K->384K(354752K)] 442949K->78001K(1041728K), 0.0131850 secs] [Times: user=0.05 sys=0.00, real=0.02 secs] 
2014-07-16T14:07:10.333+0000: 240.520: [GC [PSYoungGen: 354752K->256K(425536K)] 432369K->77905K(1112512K), 0.0124150 secs] [Times: user=0.05 sys=0.00, real=0.02 secs] 
2014-07-16T14:07:11.233+0000: 241.420: [GC [PSYoungGen: 425536K->320K(510656K)] 503185K->78017K(1197632K), 0.0064190 secs] [Times: user=0.01 sys=0.00, real=0.01 secs] 
2014-07-16T14:07:12.321+0000: 242.508: [GC [PSYoungGen: 510649K->192K(493632K)] 588347K->77921K(1180608K), 0.0035050 secs] [Times: user=0.01 sys=0.00, real=0.00 secs] 
2014-07-16T14:07:13.366+0000: 243.554: [GC [PSYoungGen: 493632K->288K(477568K)] 571361K->78049K(1164544K), 0.0038410 secs] [Times: user=0.01 sys=0.00, real=0.00 secs] 
2014-07-16T14:07:14.387+0000: 244.575: [GC [PSYoungGen: 477536K->416K(462208K)] 555297K->78233K(1149184K), 0.0038980 secs] [Times: user=0.01 sys=0.00, real=0.00 secs] 
2014-07-16T14:07:15.369+0000: 245.556: [GC [PSYoungGen: 462176K->384K(447360K)] 539993K->78233K(1134336K), 0.0088180 secs] [Times: user=0.04 sys=0.00, real=0.01 secs] 
2014-07-16T14:07:16.322+0000: 246.510: [GC [PSYoungGen: 447335K->292K(433152K)] 525185K->78229K(1120128K), 0.0036150 secs] [Times: user=0.01 sys=0.00, real=0.01 secs] 
2014-07-16T14:07:17.235+0000: 247.423: [GC [PSYoungGen: 433124K->384K(419712K)] 511061K->78369K(1106688K), 0.0052120 secs] [Times: user=0.02 sys=0.00, real=0.01 secs] 
2014-07-16T14:07:18.143+0000: 248.331: [GC [PSYoungGen: 419712K->416K(406848K)] 497697K->78449K(1093824K), 0.0169380 secs] [Times: user=0.06 sys=0.00, real=0.02 secs] 
2014-07-16T14:07:19.014+0000: 249.201: [GC [PSYoungGen: 406816K->566K(488256K)] 484849K->78655K(1175232K), 0.0116820 secs] [Times: user=0.04 sys=0.00, real=0.02 secs] 
2014-07-16T14:07:20.058+0000: 250.246: [GC [PSYoungGen: 488246K->384K(472128K)] 566335K->78521K(1159104K), 0.0045040 secs] [Times: user=0.02 sys=0.00, real=0.00 secs] 
2014-07-16T14:07:21.054+0000: 251.241: [GC [PSYoungGen: 472128K->448K(456960K)] 550265K->78665K(1143936K), 0.0095700 secs] [Times: user=0.02 sys=0.00, real=0.01 secs] 
2014-07-16T14:07:22.031+0000: 252.219: [GC [PSYoungGen: 456960K->530K(548416K)] 535177K->78819K(1235392K), 0.0237050 secs] [Times: user=0.08 sys=0.00, real=0.02 secs] 
2014-07-16T14:07:23.206+0000: 253.394: [GC [PSYoungGen: 548278K->534K(657984K)] 626568K->78855K(1344960K), 0.0040990 secs] [Times: user=0.01 sys=0.00, real=0.01 secs] 
2014-07-16T14:07:24.592+0000: 254.780: [GC [PSYoungGen: 657942K->224K(789184K)] 736263K->78601K(1476160K), 0.0284110 secs] [Times: user=0.10 sys=0.00, real=0.03 secs] 
2014-07-16T14:07:26.291+0000: 256.479: [GC [PSYoungGen: 789149K->672K(947456K)] 867526K->79137K(1634432K), 0.0080110 secs] [Times: user=0.02 sys=0.00, real=0.01 secs] 
2014-07-16T14:07:28.303+0000: 258.490: [GC [PSYoungGen: 947424K->360K(909952K)] 1025889K->79009K(1596928K), 0.0048410 secs] [Times: user=0.01 sys=0.00, real=0.00 secs] 
2014-07-16T14:07:30.402+0000: 260.589: [GC [PSYoungGen: 909928K->754K(874944K)] 988577K->79875K(1561920K), 0.0062750 secs] [Times: user=0.02 sys=0.00, real=0.01 secs] 
2014-07-16T14:07:32.394+0000: 262.581: [GC [PSYoungGen: 874898K->516K(841024K)] 954019K->79773K(1528000K), 0.0052460 secs] [Times: user=0.01 sys=0.00, real=0.01 secs] 
2014-07-16T14:07:34.323+0000: 264.510: [GC [PSYoungGen: 840964K->384K(808704K)] 920221K->79857K(1495680K), 0.0036550 secs] [Times: user=0.01 sys=0.00, real=0.00 secs] 
2014-07-16T14:07:36.012+0000: 266.200: [GC [PSYoungGen: 808704K->512K(778240K)] 888177K->80097K(1465216K), 0.0044730 secs] [Times: user=0.01 sys=0.00, real=0.00 secs] 
2014-07-16T14:07:37.666+0000: 267.853: [GC [PSYoungGen: 778240K->480K(749056K)] 857825K->80185K(1436032K), 0.0037660 secs] [Times: user=0.01 sys=0.00, real=0.01 secs] 
2014-07-16T14:07:39.255+0000: 269.443: [GC [PSYoungGen: 749024K->580K(721344K)] 828729K->80381K(1408320K), 0.0071510 secs] [Times: user=0.01 sys=0.00, real=0.01 secs] 
2014-07-16T14:07:40.802+0000: 270.990: [GC [PSYoungGen: 721284K->324K(694592K)] 801085K->80205K(1381568K), 0.0229990 secs] [Times: user=0.08 sys=0.00, real=0.02 secs] 
2014-07-16T14:07:42.278+0000: 272.465: [GC [PSYoungGen: 694532K->160K(669120K)] 774413K->80113K(1356096K), 0.0057040 secs] [Times: user=0.02 sys=0.00, real=0.01 secs] 
2014-07-16T14:07:43.713+0000: 273.900: [GC [PSYoungGen: 669088K->520K(645376K)] 749041K->80529K(1332352K), 0.0040380 secs] [Times: user=0.01 sys=0.00, real=0.00 secs] 
2014-07-16T14:07:45.076+0000: 275.263: [GC [PSYoungGen: 645320K->384K(622208K)] 725329K->80473K(1309184K), 0.0091540 secs] [Times: user=0.03 sys=0.00, real=0.01 secs] 
2014-07-16T14:07:46.408+0000: 276.595: [GC [PSYoungGen: 622208K->352K(600256K)] 702297K->80505K(1287232K), 0.0063500 secs] [Times: user=0.02 sys=0.00, real=0.01 secs] 
2014-07-16T14:07:47.753+0000: 277.941: [GC [PSYoungGen: 600224K->484K(579456K)] 680377K->80733K(1266432K), 0.0177840 secs] [Times: user=0.06 sys=0.00, real=0.02 secs] 
2014-07-16T14:07:48.969+0000: 279.156: [GC [PSYoungGen: 579410K->356K(559360K)] 659660K->80741K(1246336K), 0.0035900 secs] [Times: user=0.01 sys=0.00, real=0.01 secs] 
2014-07-16T14:07:50.170+0000: 280.357: [GC [PSYoungGen: 559332K->256K(540160K)] 639717K->80689K(1227136K), 0.0047650 secs] [Times: user=0.01 sys=0.01, real=0.01 secs] 
2014-07-16T14:07:51.322+0000: 281.509: [GC [PSYoungGen: 540126K->374K(522048K)] 620560K->80863K(1209024K), 0.0036840 secs] [Times: user=0.01 sys=0.00, real=0.00 secs] 
2014-07-16T14:07:52.427+0000: 282.614: [GC [PSYoungGen: 522038K->192K(504448K)] 602527K->80729K(1191424K), 0.0037570 secs] [Times: user=0.01 sys=0.00, real=0.00 secs] 
2014-07-16T14:07:53.507+0000: 283.694: [GC [PSYoungGen: 504448K->292K(487936K)] 584985K->80861K(1174912K), 0.0055410 secs] [Times: user=0.02 sys=0.00, real=0.01 secs] 
2014-07-16T14:07:54.554+0000: 284.741: [GC [PSYoungGen: 487908K->640K(472320K)] 568477K->81289K(1159296K), 0.0150710 secs] [Times: user=0.05 sys=0.01, real=0.01 secs] 
2014-07-16T14:07:55.563+0000: 285.750: [GC [PSYoungGen: 472320K->438K(456896K)] 552969K->81119K(1143872K), 0.0068110 secs] [Times: user=0.01 sys=0.01, real=0.00 secs] 
2014-07-16T14:07:56.534+0000: 286.721: [GC [PSYoungGen: 456886K->808K(442752K)] 537567K->81585K(1129728K), 0.0056600 secs] [Times: user=0.02 sys=0.01, real=0.00 secs] 
2014-07-16T14:07:57.469+0000: 287.657: [GC [PSYoungGen: 442632K->306K(428288K)] 523410K->81147K(1115264K), 0.0143220 secs] [Times: user=0.06 sys=0.00, real=0.02 secs] 
2014-07-16T14:07:58.386+0000: 288.573: [GC [PSYoungGen: 428274K->882K(415552K)] 509115K->81771K(1102528K), 0.0050250 secs] [Times: user=0.02 sys=0.00, real=0.00 secs] 
2014-07-16T14:07:59.254+0000: 289.442: [GC [PSYoungGen: 415538K->452K(498112K)] 496427K->81389K(1185088K), 0.0176480 secs] [Times: user=0.06 sys=0.00, real=0.02 secs] 
2014-07-16T14:08:00.322+0000: 290.509: [GC [PSYoungGen: 498052K->374K(481600K)] 578989K->81343K(1168576K), 0.0040180 secs] [Times: user=0.01 sys=0.00, real=0.01 secs] 
2014-07-16T14:08:01.373+0000: 291.560: [GC [PSYoungGen: 481590K->320K(465920K)] 562559K->81353K(1152896K), 0.0086840 secs] [Times: user=0.03 sys=0.00, real=0.00 secs] 
2014-07-16T14:08:02.384+0000: 292.571: [GC [PSYoungGen: 465920K->754K(451392K)] 546953K->81859K(1138368K), 0.0067520 secs] [Times: user=0.02 sys=0.00, real=0.00 secs] 
2014-07-16T14:08:03.330+0000: 293.518: [GC [PSYoungGen: 451378K->288K(436672K)] 532483K->81433K(1123648K), 0.0048130 secs] [Times: user=0.01 sys=0.00, real=0.01 secs] 
2014-07-16T14:08:04.261+0000: 294.449: [GC [PSYoungGen: 436640K->274K(422976K)] 517785K->81475K(1109952K), 0.0055630 secs] [Times: user=0.01 sys=0.01, real=0.01 secs] 
2014-07-16T14:08:05.242+0000: 295.430: [GC [PSYoungGen: 422857K->512K(410048K)] 504059K->81761K(1097024K), 0.0069120 secs] [Times: user=0.02 sys=0.01, real=0.01 secs] 
2014-07-16T14:08:06.182+0000: 296.369: [GC [PSYoungGen: 409962K->872K(397888K)] 491212K->82241K(1084864K), 0.0046000 secs] [Times: user=0.01 sys=0.01, real=0.01 secs] 
2014-07-16T14:08:07.134+0000: 297.321: [GC [PSYoungGen: 397781K->552K(385536K)] 479151K->82025K(1072512K), 0.0043090 secs] [Times: user=0.01 sys=0.00, real=0.01 secs] 
2014-07-16T14:08:08.023+0000: 298.211: [GC [PSYoungGen: 385512K->384K(373824K)] 466985K->81945K(1060800K), 0.0035660 secs] [Times: user=0.01 sys=0.00, real=0.01 secs] 
2014-07-16T14:08:08.863+0000: 299.050: [GC [PSYoungGen: 373824K->384K(362816K)] 455385K->82001K(1049792K), 0.0057540 secs] [Times: user=0.01 sys=0.00, real=0.01 secs] 
2014-07-16T14:08:09.680+0000: 299.867: [GC [PSYoungGen: 362815K->608K(352512K)] 444433K->82273K(1039488K), 0.0070170 secs] [Times: user=0.01 sys=0.00, real=0.01 secs] 
2014-07-16T14:08:10.439+0000: 300.626: [GC [PSYoungGen: 352480K->580K(342400K)] 434145K->82277K(1029376K), 0.0081760 secs] [Times: user=0.03 sys=0.00, real=0.01 secs] 
2014-07-16T14:08:11.209+0000: 301.396: [GC [PSYoungGen: 342340K->288K(332352K)] 424037K->82041K(1019328K), 0.0066090 secs] [Times: user=0.02 sys=0.00, real=0.01 secs] 
2014-07-16T14:08:11.914+0000: 302.102: [GC [PSYoungGen: 332244K->96K(322816K)] 413998K->81897K(1009792K), 0.0063330 secs] [Times: user=0.01 sys=0.00, real=0.00 secs] 
2014-07-16T14:08:12.606+0000: 302.794: [GC [PSYoungGen: 322784K->466K(314240K)] 404585K->82299K(1001216K), 0.0066590 secs] [Times: user=0.01 sys=0.00, real=0.00 secs] 
2014-07-16T14:08:13.271+0000: 303.458: [GC [PSYoungGen: 314194K->466K(305664K)] 396027K->82331K(992640K), 0.0061170 secs] [Times: user=0.01 sys=0.01, real=0.01 secs] 
2014-07-16T14:08:13.931+0000: 304.118: [GC [PSYoungGen: 305609K->292K(297216K)] 387475K->82189K(984192K), 0.0035620 secs] [Times: user=0.00 sys=0.01, real=0.00 secs] 
2014-07-16T14:08:14.576+0000: 304.763: [GC [PSYoungGen: 297188K->658K(289664K)] 379085K->82587K(976640K), 0.0039820 secs] [Times: user=0.01 sys=0.00, real=0.00 secs] 
2014-07-16T14:08:15.183+0000: 305.370: [GC [PSYoungGen: 289618K->224K(281600K)] 371547K->82177K(968576K), 0.0113730 secs] [Times: user=0.05 sys=0.00, real=0.01 secs] 
2014-07-16T14:08:15.799+0000: 305.986: [GC [PSYoungGen: 281568K->128K(274176K)] 363521K->82129K(961152K), 0.0051720 secs] [Times: user=0.01 sys=0.00, real=0.00 secs] 
2014-07-16T14:08:16.397+0000: 306.585: [GC [PSYoungGen: 274176K->356K(267968K)] 356177K->82405K(954944K), 0.0060020 secs] [Times: user=0.01 sys=0.00, real=0.00 secs] 
2014-07-16T14:08:16.966+0000: 307.153: [GC [PSYoungGen: 267364K->402K(320896K)] 349413K->82515K(1007872K), 0.0084710 secs] [Times: user=0.04 sys=0.00, real=0.00 secs] 
2014-07-16T14:08:17.665+0000: 307.852: [GC [PSYoungGen: 320850K->384K(384960K)] 402963K->82553K(1071936K), 0.0165680 secs] [Times: user=0.07 sys=0.00, real=0.01 secs] 
2014-07-16T14:08:18.497+0000: 308.684: [GC [PSYoungGen: 384957K->352K(461888K)] 467127K->82593K(1148864K), 0.0056320 secs] [Times: user=0.02 sys=0.00, real=0.00 secs] 
2014-07-16T14:08:19.473+0000: 309.661: [GC [PSYoungGen: 461856K->256K(554112K)] 544097K->82561K(1241088K), 0.0069760 secs] [Times: user=0.01 sys=0.00, real=0.01 secs] 
2014-07-16T14:08:20.717+0000: 310.904: [GC [PSYoungGen: 554112K->758K(535744K)] 636417K->83463K(1222720K), 0.0041690 secs] [Times: user=0.01 sys=0.00, real=0.00 secs] 
2014-07-16T14:08:21.812+0000: 311.999: [GC [PSYoungGen: 535734K->576K(517504K)] 618439K->83353K(1204480K), 0.0120350 secs] [Times: user=0.02 sys=0.00, real=0.01 secs] 
2014-07-16T14:08:22.917+0000: 313.104: [GC [PSYoungGen: 517504K->352K(500096K)] 600281K->83265K(1187072K), 0.0085590 secs] [Times: user=0.03 sys=0.00, real=0.00 secs] 
2014-07-16T14:08:23.969+0000: 314.156: [GC [PSYoungGen: 500064K->324K(483648K)] 582977K->83269K(1170624K), 0.0082490 secs] [Times: user=0.03 sys=0.00, real=0.01 secs] 
2014-07-16T14:08:25.023+0000: 315.210: [GC [PSYoungGen: 483588K->448K(467968K)] 566533K->83425K(1154944K), 0.0052800 secs] [Times: user=0.01 sys=0.00, real=0.01 secs] 
2014-07-16T14:08:26.016+0000: 316.203: [GC [PSYoungGen: 467968K->416K(452928K)] 550945K->83465K(1139904K), 0.0105520 secs] [Times: user=0.04 sys=0.00, real=0.01 secs] 
2014-07-16T14:08:26.981+0000: 317.168: [GC [PSYoungGen: 452895K->434K(438528K)] 535944K->83587K(1125504K), 0.0042200 secs] [Times: user=0.01 sys=0.00, real=0.00 secs] 
2014-07-16T14:08:27.932+0000: 318.119: [GC [PSYoungGen: 438474K->832K(425152K)] 521628K->84161K(1112128K), 0.0075470 secs] [Times: user=0.02 sys=0.00, real=0.01 secs] 
2014-07-16T14:08:28.883+0000: 319.070: [GC [PSYoungGen: 425152K->438K(411584K)] 508481K->84175K(1098560K), 0.0158370 secs] [Times: user=0.05 sys=0.00, real=0.02 secs] 
2014-07-16T14:08:29.731+0000: 319.918: [GC [PSYoungGen: 411574K->352K(398912K)] 495311K->84217K(1085888K), 0.0076720 secs] [Times: user=0.02 sys=0.00, real=0.01 secs] 
2014-07-16T14:08:30.625+0000: 320.813: [GC [PSYoungGen: 398853K->1014K(479296K)] 482718K->85007K(1166272K), 0.0144200 secs] [Times: user=0.04 sys=0.00, real=0.02 secs] 
2014-07-16T14:08:31.796+0000: 321.983: [GC [PSYoungGen: 479286K->512K(463296K)] 563279K->84569K(1150272K), 0.0048180 secs] [Times: user=0.01 sys=0.00, real=0.01 secs] 
2014-07-16T14:08:32.870+0000: 323.057: [GC [PSYoungGen: 463286K->626K(448576K)] 547344K->84795K(1135552K), 0.0044030 secs] [Times: user=0.01 sys=0.00, real=0.00 secs] 
2014-07-16T14:08:33.882+0000: 324.069: [GC [PSYoungGen: 448512K->580K(434368K)] 532682K->84805K(1121344K), 0.0055060 secs] [Times: user=0.01 sys=0.00, real=0.00 secs] 
2014-07-16T14:08:34.880+0000: 325.067: [GC [PSYoungGen: 434301K->288K(420480K)] 518526K->84577K(1107456K), 0.0073600 secs] [Times: user=0.02 sys=0.00, real=0.00 secs] 
2014-07-16T14:08:35.930+0000: 326.117: [GC [PSYoungGen: 420448K->626K(407808K)] 504737K->84979K(1094784K), 0.0041610 secs] [Times: user=0.01 sys=0.00, real=0.00 secs] 
2014-07-16T14:08:36.773+0000: 326.960: [GC [PSYoungGen: 407794K->452K(395264K)] 492147K->84957K(1082240K), 0.0088460 secs] [Times: user=0.03 sys=0.00, real=0.01 secs] 
2014-07-16T14:08:37.618+0000: 327.805: [GC [PSYoungGen: 395204K->594K(383488K)] 479709K->85155K(1070464K), 0.0108190 secs] [Times: user=0.04 sys=0.00, real=0.01 secs] 
2014-07-16T14:08:38.435+0000: 328.622: [GC [PSYoungGen: 383442K->288K(371776K)] 468003K->84897K(1058752K), 0.0034340 secs] [Times: user=0.01 sys=0.00, real=0.01 secs] 
2014-07-16T14:08:39.234+0000: 329.422: [GC [PSYoungGen: 371744K->448K(360960K)] 456353K->85089K(1047936K), 0.0038900 secs] [Times: user=0.01 sys=0.01, real=0.01 secs] 
2014-07-16T14:08:40.005+0000: 330.193: [GC [PSYoungGen: 360960K->192K(350208K)] 445601K->84873K(1037184K), 0.0033930 secs] [Times: user=0.01 sys=0.00, real=0.00 secs] 
2014-07-16T14:08:40.760+0000: 330.947: [GC [PSYoungGen: 350208K->580K(340608K)] 434889K->85301K(1027584K), 0.0065610 secs] [Times: user=0.02 sys=0.00, real=0.00 secs] 
2014-07-16T14:08:41.484+0000: 331.672: [GC [PSYoungGen: 340548K->256K(330560K)] 425269K->85001K(1017536K), 0.0103870 secs] [Times: user=0.04 sys=0.00, real=0.01 secs] 
2014-07-16T14:08:42.181+0000: 332.368: [GC [PSYoungGen: 330558K->320K(396736K)] 415303K->85113K(1083712K), 0.0125310 secs] [Times: user=0.04 sys=0.00, real=0.01 secs] 
2014-07-16T14:08:43.039+0000: 333.227: [GC [PSYoungGen: 396731K->690K(476416K)] 481525K->85515K(1163392K), 0.0090990 secs] [Times: user=0.03 sys=0.00, real=0.00 secs] 
2014-07-16T14:08:44.043+0000: 334.231: [GC [PSYoungGen: 476366K->438K(571328K)] 561192K->85303K(1258304K), 0.0131500 secs] [Times: user=0.05 sys=0.00, real=0.01 secs] 
2014-07-16T14:08:45.285+0000: 335.473: [GC [PSYoungGen: 571318K->562K(685632K)] 656183K->85467K(1372608K), 0.0092200 secs] [Times: user=0.02 sys=0.00, real=0.01 secs] 
2014-07-16T14:08:46.719+0000: 336.906: [GC [PSYoungGen: 685618K->452K(660736K)] 770523K->85461K(1347712K), 0.0097400 secs] [Times: user=0.03 sys=0.00, real=0.01 secs] 
2014-07-16T14:08:48.135+0000: 338.322: [GC [PSYoungGen: 660613K->224K(636800K)] 745623K->85345K(1323776K), 0.0071360 secs] [Times: user=0.02 sys=0.00, real=0.01 secs] 
2014-07-16T14:08:49.491+0000: 339.678: [GC [PSYoungGen: 636768K->324K(614336K)] 721889K->85533K(1301312K), 0.0063260 secs] [Times: user=0.01 sys=0.00, real=0.00 secs] 
2014-07-16T14:08:50.791+0000: 340.978: [GC [PSYoungGen: 614276K->352K(592768K)] 699485K->85617K(1279744K), 0.0057040 secs] [Times: user=0.02 sys=0.00, real=0.00 secs] 
2014-07-16T14:08:52.050+0000: 342.237: [GC [PSYoungGen: 592736K->370K(572160K)] 678001K->85683K(1259136K), 0.0090940 secs] [Times: user=0.04 sys=0.00, real=0.00 secs] 
2014-07-16T14:08:53.272+0000: 343.459: [GC [PSYoungGen: 572146K->288K(552448K)] 657459K->85641K(1239424K), 0.0065050 secs] [Times: user=0.01 sys=0.00, real=0.00 secs] 
2014-07-16T14:08:54.441+0000: 344.628: [GC [PSYoungGen: 552416K->224K(533568K)] 637769K->85633K(1220544K), 0.0105420 secs] [Times: user=0.04 sys=0.00, real=0.02 secs] 
2014-07-16T14:08:55.581+0000: 345.768: [GC [PSYoungGen: 533536K->224K(515648K)] 618945K->85665K(1202624K), 0.0099160 secs] [Times: user=0.03 sys=0.00, real=0.01 secs] 
2014-07-16T14:08:56.679+0000: 346.866: [GC [PSYoungGen: 515616K->544K(498816K)] 601057K->86089K(1185792K), 0.0053600 secs] [Times: user=0.01 sys=0.00, real=0.01 secs] 
2014-07-16T14:08:57.753+0000: 347.940: [GC [PSYoungGen: 498784K->758K(598656K)] 584329K->86391K(1285632K), 0.0229780 secs] [Times: user=0.08 sys=0.00, real=0.02 secs] 
2014-07-16T14:08:59.029+0000: 349.217: [GC [PSYoungGen: 598646K->384K(577408K)] 684279K->86089K(1264384K), 0.0039550 secs] [Times: user=0.01 sys=0.00, real=0.01 secs] 
2014-07-16T14:09:00.278+0000: 350.465: [GC [PSYoungGen: 577407K->704K(557824K)] 663112K->86481K(1244800K), 0.0057200 secs] [Times: user=0.02 sys=0.00, real=0.01 secs] 
2014-07-16T14:09:01.449+0000: 351.637: [GC [PSYoungGen: 557793K->338K(538496K)] 643571K->86179K(1225472K), 0.0053930 secs] [Times: user=0.01 sys=0.00, real=0.01 secs] 
2014-07-16T14:09:02.600+0000: 352.787: [GC [PSYoungGen: 538370K->292K(520256K)] 624212K->86205K(1207232K), 0.0071490 secs] [Times: user=0.03 sys=0.00, real=0.01 secs] 
2014-07-16T14:09:03.708+0000: 353.895: [GC [PSYoungGen: 520228K->352K(502976K)] 606141K->86313K(1189952K), 0.0088900 secs] [Times: user=0.03 sys=0.00, real=0.01 secs] 
2014-07-16T14:09:04.773+0000: 354.961: [GC [PSYoungGen: 502944K->544K(486592K)] 588905K->86593K(1173568K), 0.0176140 secs] [Times: user=0.06 sys=0.00, real=0.01 secs] 
2014-07-16T14:09:05.807+0000: 355.994: [GC [PSYoungGen: 486560K->608K(470784K)] 572609K->86713K(1157760K), 0.0094490 secs] [Times: user=0.03 sys=0.00, real=0.01 secs] 
2014-07-16T14:09:06.918+0000: 357.105: [GC [PSYoungGen: 470752K->498K(455488K)] 556857K->86667K(1142464K), 0.0049010 secs] [Times: user=0.01 sys=0.00, real=0.00 secs] 
2014-07-16T14:09:07.950+0000: 358.137: [GC [PSYoungGen: 455474K->452K(441024K)] 541643K->86781K(1128000K), 0.0060290 secs] [Times: user=0.02 sys=0.00, real=0.01 secs] 
2014-07-16T14:09:08.995+0000: 359.182: [GC [PSYoungGen: 440891K->690K(427328K)] 527220K->87091K(1114304K), 0.0115030 secs] [Times: user=0.04 sys=0.00, real=0.01 secs] 
2014-07-16T14:09:09.976+0000: 360.164: [GC [PSYoungGen: 427247K->744K(414144K)] 513648K->87209K(1101120K), 0.0046640 secs] [Times: user=0.01 sys=0.00, real=0.00 secs] 
2014-07-16T14:09:10.941+0000: 361.129: [GC [PSYoungGen: 414120K->384K(401088K)] 500585K->87289K(1088064K), 0.0032800 secs] [Times: user=0.01 sys=0.00, real=0.01 secs] 
2014-07-16T14:09:11.912+0000: 362.099: [GC [PSYoungGen: 401088K->512K(389056K)] 487993K->87497K(1076032K), 0.0060230 secs] [Times: user=0.01 sys=0.00, real=0.01 secs] 
2014-07-16T14:09:12.727+0000: 362.914: [GC [PSYoungGen: 389056K->128K(466432K)] 476041K->87281K(1153408K), 0.0354440 secs] [Times: user=0.12 sys=0.00, real=0.03 secs] 
2014-07-16T14:09:13.719+0000: 363.907: [GC [PSYoungGen: 466432K->224K(559872K)] 553585K->87417K(1246848K), 0.0187380 secs] [Times: user=0.06 sys=0.00, real=0.02 secs] 
2014-07-16T14:09:14.912+0000: 365.099: [GC [PSYoungGen: 559785K->192K(671744K)] 646978K->87425K(1358720K), 0.0080250 secs] [Times: user=0.02 sys=0.00, real=0.01 secs] 
2014-07-16T14:09:16.343+0000: 366.530: [GC [PSYoungGen: 671744K->356K(806272K)] 758977K->87621K(1493248K), 0.0062770 secs] [Times: user=0.00 sys=0.00, real=0.01 secs] 
2014-07-16T14:09:18.065+0000: 368.252: [GC [PSYoungGen: 806242K->488K(967616K)] 893508K->87865K(1654592K), 0.0296530 secs] [Times: user=0.10 sys=0.00, real=0.03 secs] 
2014-07-16T14:09:20.122+0000: 370.310: [GC [PSYoungGen: 967592K->580K(1161216K)] 1054969K->88037K(1848192K), 0.0071590 secs] [Times: user=0.01 sys=0.01, real=0.01 secs] 
2014-07-16T14:09:22.607+0000: 372.794: [GC [PSYoungGen: 1161156K->402K(1113600K)] 1248613K->87947K(1800576K), 0.0052370 secs] [Times: user=0.01 sys=0.00, real=0.00 secs] 
2014-07-16T14:09:24.987+0000: 375.174: [GC [PSYoungGen: 1113554K->342K(1068352K)] 1201099K->87999K(1755328K), 0.0036520 secs] [Times: user=0.01 sys=0.00, real=0.00 secs] 
2014-07-16T14:09:27.262+0000: 377.449: [GC [PSYoungGen: 1068310K->192K(1025152K)] 1155967K->87953K(1712128K), 0.0041690 secs] [Times: user=0.01 sys=0.00, real=0.00 secs] 
2014-07-16T14:09:29.452+0000: 379.639: [GC [PSYoungGen: 1025055K->484K(984576K)] 1112816K->88389K(1671552K), 0.0083130 secs] [Times: user=0.03 sys=0.00, real=0.01 secs] 
2014-07-16T14:09:31.578+0000: 381.765: [GC [PSYoungGen: 984548K->896K(945984K)] 1072453K->88937K(1632960K), 0.0238980 secs] [Times: user=0.09 sys=0.01, real=0.02 secs] 
2014-07-16T14:09:33.772+0000: 383.959: [GC [PSYoungGen: 945984K->850K(908864K)] 1034025K->88995K(1595840K), 0.0046850 secs] [Times: user=0.02 sys=0.00, real=0.00 secs] 
2014-07-16T14:09:35.925+0000: 386.113: [GC [PSYoungGen: 908818K->320K(872960K)] 996963K->88995K(1559936K), 0.0104430 secs] [Times: user=0.02 sys=0.00, real=0.01 secs] 
2014-07-16T14:09:37.976+0000: 388.163: [GC [PSYoungGen: 872960K->864K(839872K)] 961635K->89755K(1526848K), 0.0211050 secs] [Times: user=0.07 sys=0.00, real=0.02 secs] 
2014-07-16T14:09:39.746+0000: 389.933: [GC [PSYoungGen: 839840K->448K(807360K)] 928731K->89571K(1494336K), 0.0053080 secs] [Times: user=0.02 sys=0.00, real=0.01 secs] 
2014-07-16T14:09:41.456+0000: 391.644: [GC [PSYoungGen: 807360K->352K(776768K)] 896483K->89579K(1463744K), 0.0082090 secs] [Times: user=0.03 sys=0.00, real=0.01 secs] 
2014-07-16T14:09:43.100+0000: 393.287: [GC [PSYoungGen: 776659K->324K(747648K)] 865887K->89639K(1434624K), 0.0132800 secs] [Times: user=0.05 sys=0.00, real=0.01 secs] 
2014-07-16T14:09:44.681+0000: 394.868: [GC [PSYoungGen: 747588K->288K(719808K)] 836903K->89651K(1406784K), 0.0068780 secs] [Times: user=0.01 sys=0.00, real=0.01 secs] 
2014-07-16T14:09:46.217+0000: 396.405: [GC [PSYoungGen: 719776K->466K(693568K)] 809139K->89861K(1380544K), 0.0044510 secs] [Times: user=0.02 sys=0.00, real=0.01 secs] 
2014-07-16T14:09:47.702+0000: 397.890: [GC [PSYoungGen: 693522K->384K(668224K)] 782917K->89883K(1355200K), 0.0099110 secs] [Times: user=0.04 sys=0.00, real=0.01 secs] 
2014-07-16T14:09:49.142+0000: 399.330: [GC [PSYoungGen: 668179K->662K(644480K)] 757679K->90281K(1331456K), 0.0035800 secs] [Times: user=0.01 sys=0.00, real=0.00 secs] 
2014-07-16T14:09:50.497+0000: 400.684: [GC [PSYoungGen: 644438K->594K(621440K)] 734057K->90277K(1308416K), 0.0057510 secs] [Times: user=0.02 sys=0.00, real=0.01 secs] 
2014-07-16T14:09:51.823+0000: 402.010: [GC [PSYoungGen: 621394K->406K(599360K)] 711077K->90153K(1286336K), 0.0038470 secs] [Times: user=0.01 sys=0.00, real=0.00 secs] 
2014-07-16T14:09:53.100+0000: 403.287: [GC [PSYoungGen: 599237K->306K(578304K)] 688985K->90117K(1265280K), 0.0049050 secs] [Times: user=0.01 sys=0.00, real=0.00 secs] 
2014-07-16T14:09:54.347+0000: 404.535: [GC [PSYoungGen: 578290K->384K(558400K)] 668101K->90259K(1245376K), 0.0070080 secs] [Times: user=0.01 sys=0.00, real=0.01 secs] 
2014-07-16T14:09:55.532+0000: 405.720: [GC [PSYoungGen: 558393K->520K(539520K)] 648268K->90443K(1226496K), 0.0055440 secs] [Times: user=0.01 sys=0.00, real=0.00 secs] 
2014-07-16T14:09:56.695+0000: 406.882: [GC [PSYoungGen: 539464K->384K(521152K)] 629387K->90403K(1208128K), 0.0090100 secs] [Times: user=0.02 sys=0.01, real=0.01 secs] 
2014-07-16T14:09:57.802+0000: 407.989: [GC [PSYoungGen: 521131K->306K(503680K)] 611151K->90397K(1190656K), 0.0093550 secs] [Times: user=0.03 sys=0.00, real=0.01 secs] 
2014-07-16T14:09:58.941+0000: 409.128: [GC [PSYoungGen: 503666K->608K(487360K)] 593757K->90755K(1174336K), 0.0142110 secs] [Times: user=0.06 sys=0.00, real=0.02 secs] 
2014-07-16T14:10:00.032+0000: 410.219: [GC [PSYoungGen: 487328K->822K(584896K)] 577475K->91049K(1271872K), 0.0295550 secs] [Times: user=0.10 sys=0.00, real=0.03 secs] 
2014-07-16T14:10:01.419+0000: 411.606: [GC [PSYoungGen: 584886K->370K(701312K)] 675113K->90861K(1388288K), 0.0072470 secs] [Times: user=0.03 sys=0.00, real=0.01 secs] 
2014-07-16T14:10:03.144+0000: 413.331: [GC [PSYoungGen: 701298K->804K(676160K)] 791789K->91399K(1363136K), 0.0082710 secs] [Times: user=0.03 sys=0.00, real=0.01 secs] 
2014-07-16T14:10:04.570+0000: 414.758: [GC [PSYoungGen: 676132K->320K(651264K)] 766727K->91115K(1338240K), 0.0039100 secs] [Times: user=0.01 sys=0.00, real=0.01 secs] 
2014-07-16T14:10:05.964+0000: 416.151: [GC [PSYoungGen: 651264K->416K(628096K)] 742059K->91283K(1315072K), 0.0083290 secs] [Times: user=0.03 sys=0.00, real=0.01 secs] 
2014-07-16T14:10:07.323+0000: 417.510: [GC [PSYoungGen: 628064K->470K(605952K)] 718931K->91425K(1292928K), 0.0063180 secs] [Times: user=0.02 sys=0.00, real=0.00 secs] 
2014-07-16T14:10:08.609+0000: 418.796: [GC [PSYoungGen: 605910K->352K(584640K)] 696865K->91403K(1271616K), 0.0242920 secs] [Times: user=0.09 sys=0.00, real=0.03 secs] 
2014-07-16T14:10:09.886+0000: 420.073: [GC [PSYoungGen: 584608K->932K(702080K)] 675659K->92371K(1389056K), 0.0161530 secs] [Times: user=0.02 sys=0.01, real=0.02 secs] 
2014-07-16T14:10:11.364+0000: 421.551: [GC [PSYoungGen: 702052K->512K(676032K)] 793491K->92073K(1363008K), 0.0061230 secs] [Times: user=0.01 sys=0.01, real=0.00 secs] 
2014-07-16T14:10:12.812+0000: 422.999: [GC [PSYoungGen: 676032K->502K(651584K)] 767593K->92207K(1338560K), 0.0106180 secs] [Times: user=0.04 sys=0.00, real=0.01 secs] 
2014-07-16T14:10:14.251+0000: 424.438: [GC [PSYoungGen: 651574K->484K(628288K)] 743279K->92261K(1315264K), 0.0059440 secs] [Times: user=0.02 sys=0.00, real=0.01 secs] 
2014-07-16T14:10:15.584+0000: 425.771: [GC [PSYoungGen: 628260K->424K(606016K)] 720037K->92297K(1292992K), 0.0042480 secs] [Times: user=0.00 sys=0.00, real=0.00 secs] 
2014-07-16T14:10:16.914+0000: 427.101: [GC [PSYoungGen: 605927K->274K(584704K)] 697801K->92227K(1271680K), 0.0105260 secs] [Times: user=0.04 sys=0.00, real=0.01 secs] 
2014-07-16T14:10:18.162+0000: 428.350: [GC [PSYoungGen: 584658K->384K(564544K)] 676611K->92433K(1251520K), 0.0095930 secs] [Times: user=0.02 sys=0.00, real=0.01 secs] 
2014-07-16T14:10:19.372+0000: 429.559: [GC [PSYoungGen: 564544K->416K(545280K)] 656593K->92521K(1232256K), 0.0058010 secs] [Times: user=0.01 sys=0.00, real=0.01 secs] 
2014-07-16T14:10:20.533+0000: 430.720: [GC [PSYoungGen: 545248K->320K(526720K)] 637353K->92481K(1213696K), 0.0037590 secs] [Times: user=0.01 sys=0.00, real=0.01 secs] 
2014-07-16T14:10:21.668+0000: 431.856: [GC [PSYoungGen: 526720K->420K(509184K)] 618881K->92645K(1196160K), 0.0074970 secs] [Times: user=0.03 sys=0.00, real=0.01 secs] 
2014-07-16T14:10:22.747+0000: 432.935: [GC [PSYoungGen: 509156K->320K(492224K)] 601381K->92625K(1179200K), 0.0084740 secs] [Times: user=0.01 sys=0.01, real=0.01 secs] 
2014-07-16T14:10:23.882+0000: 434.069: [GC [PSYoungGen: 492224K->896K(476672K)] 584529K->93345K(1163648K), 0.0063610 secs] [Times: user=0.02 sys=0.00, real=0.01 secs] 
2014-07-16T14:10:24.890+0000: 435.077: [GC [PSYoungGen: 476672K->192K(460544K)] 569121K->92737K(1147520K), 0.0081800 secs] [Times: user=0.03 sys=0.00, real=0.01 secs] 
2014-07-16T14:10:25.872+0000: 436.059: [GC [PSYoungGen: 460544K->128K(445760K)] 553089K->92785K(1132736K), 0.0036530 secs] [Times: user=0.01 sys=0.00, real=0.01 secs] 
2014-07-16T14:10:26.826+0000: 437.014: [GC [PSYoungGen: 445760K->320K(431872K)] 538417K->93033K(1118848K), 0.0049900 secs] [Times: user=0.01 sys=0.00, real=0.00 secs] 
2014-07-16T14:10:27.749+0000: 437.936: [GC [PSYoungGen: 431785K->292K(418368K)] 524498K->93053K(1105344K), 0.0048310 secs] [Times: user=0.01 sys=0.00, real=0.00 secs] 
2014-07-16T14:10:28.639+0000: 438.826: [GC [PSYoungGen: 418340K->274K(405440K)] 511101K->93075K(1092416K), 0.0081500 secs] [Times: user=0.03 sys=0.00, real=0.01 secs] 
2014-07-16T14:10:29.508+0000: 439.695: [GC [PSYoungGen: 405366K->292K(393088K)] 498168K->93125K(1080064K), 0.0055980 secs] [Times: user=0.02 sys=0.00, real=0.00 secs] 
2014-07-16T14:10:30.344+0000: 440.531: [GC [PSYoungGen: 393060K->352K(381312K)] 485893K->93233K(1068288K), 0.0112490 secs] [Times: user=0.04 sys=0.00, real=0.02 secs] 
2014-07-16T14:10:31.155+0000: 441.343: [GC [PSYoungGen: 381227K->324K(457536K)] 474109K->93261K(1144512K), 0.0177540 secs] [Times: user=0.06 sys=0.00, real=0.01 secs] 
2014-07-16T14:10:32.137+0000: 442.324: [GC [PSYoungGen: 457476K->256K(442816K)] 550413K->93225K(1129792K), 0.0041670 secs] [Times: user=0.01 sys=0.00, real=0.00 secs] 
2014-07-16T14:10:33.085+0000: 443.272: [GC [PSYoungGen: 442816K->352K(531456K)] 535785K->93393K(1218432K), 0.0142450 secs] [Times: user=0.05 sys=0.00, real=0.02 secs] 
2014-07-16T14:10:34.235+0000: 444.422: [GC [PSYoungGen: 531424K->402K(513664K)] 624465K->93483K(1200640K), 0.0040250 secs] [Times: user=0.01 sys=0.00, real=0.01 secs] 
2014-07-16T14:10:35.319+0000: 445.507: [GC [PSYoungGen: 513616K->320K(496512K)] 606698K->93473K(1183488K), 0.0082370 secs] [Times: user=0.03 sys=0.00, real=0.01 secs] 
2014-07-16T14:10:36.378+0000: 446.565: [GC [PSYoungGen: 496512K->370K(480256K)] 589665K->93619K(1167232K), 0.0105120 secs] [Times: user=0.04 sys=0.00, real=0.01 secs] 
2014-07-16T14:10:37.402+0000: 447.589: [GC [PSYoungGen: 480242K->480K(576384K)] 573491K->93793K(1263360K), 0.0254500 secs] [Times: user=0.09 sys=0.00, real=0.03 secs] 
2014-07-16T14:10:38.656+0000: 448.843: [GC [PSYoungGen: 576327K->502K(691584K)] 669641K->93887K(1378560K), 0.0105440 secs] [Times: user=0.04 sys=0.00, real=0.01 secs] 
2014-07-16T14:10:40.135+0000: 450.322: [GC [PSYoungGen: 691572K->320K(829632K)] 784958K->93785K(1516608K), 0.0105360 secs] [Times: user=0.03 sys=0.00, real=0.01 secs] 
2014-07-16T14:10:41.901+0000: 452.088: [GC [PSYoungGen: 829632K->498K(995712K)] 923097K->94027K(1682688K), 0.0173560 secs] [Times: user=0.06 sys=0.00, real=0.02 secs] 
2014-07-16T14:10:44.028+0000: 454.215: [GC [PSYoungGen: 995698K->534K(956288K)] 1089227K->94135K(1643264K), 0.0040690 secs] [Times: user=0.02 sys=0.00, real=0.00 secs] 
2014-07-16T14:10:46.234+0000: 456.421: [GC [PSYoungGen: 956246K->384K(918464K)] 1049847K->94425K(1605440K), 0.0080230 secs] [Times: user=0.02 sys=0.00, real=0.01 secs] 
2014-07-16T14:10:48.354+0000: 458.542: [GC [PSYoungGen: 918464K->868K(883136K)] 1012505K->95197K(1570112K), 0.0065100 secs] [Times: user=0.01 sys=0.01, real=0.01 secs] 
2014-07-16T14:10:50.288+0000: 460.476: [GC [PSYoungGen: 883089K->552K(848704K)] 977419K->95113K(1535680K), 0.0053600 secs] [Times: user=0.01 sys=0.01, real=0.00 secs] 
2014-07-16T14:10:52.119+0000: 462.306: [GC [PSYoungGen: 848680K->452K(816128K)] 943241K->95125K(1503104K), 0.0077140 secs] [Times: user=0.02 sys=0.01, real=0.01 secs] 
2014-07-16T14:10:53.840+0000: 464.027: [GC [PSYoungGen: 815976K->274K(784960K)] 910650K->95019K(1471936K), 0.0138570 secs] [Times: user=0.05 sys=0.00, real=0.01 secs] 
2014-07-16T14:10:55.530+0000: 465.718: [GC [PSYoungGen: 784914K->608K(755776K)] 879659K->95425K(1442752K), 0.0143880 secs] [Times: user=0.05 sys=0.00, real=0.01 secs] 
2014-07-16T14:10:57.139+0000: 467.327: [GC [PSYoungGen: 755744K->352K(727424K)] 850561K->95313K(1414400K), 0.0122690 secs] [Times: user=0.03 sys=0.00, real=0.01 secs] 
2014-07-16T14:10:58.691+0000: 468.878: [GC [PSYoungGen: 727342K->292K(700544K)] 822304K->95381K(1387520K), 0.0131440 secs] [Times: user=0.03 sys=0.00, real=0.01 secs] 
2014-07-16T14:11:00.185+0000: 470.372: [GC [PSYoungGen: 700516K->402K(675136K)] 795605K->95571K(1362112K), 0.0077400 secs] [Times: user=0.02 sys=0.00, real=0.01 secs] 
2014-07-16T14:11:01.630+0000: 471.817: [GC [PSYoungGen: 675090K->288K(650624K)] 770259K->95521K(1337600K), 0.0172120 secs] [Times: user=0.06 sys=0.00, real=0.02 secs] 
2014-07-16T14:11:03.029+0000: 473.216: [GC [PSYoungGen: 650592K->320K(627392K)] 745825K->95601K(1314368K), 0.0050550 secs] [Times: user=0.01 sys=0.00, real=0.01 secs] 
2014-07-16T14:11:04.360+0000: 474.547: [GC [PSYoungGen: 627297K->342K(605248K)] 722579K->95719K(1292224K), 0.0070590 secs] [Times: user=0.01 sys=0.00, real=0.01 secs] 
2014-07-16T14:11:05.662+0000: 475.849: [GC [PSYoungGen: 605206K->402K(584128K)] 700583K->95843K(1271104K), 0.0073070 secs] [Times: user=0.03 sys=0.00, real=0.00 secs] 
2014-07-16T14:11:06.917+0000: 477.105: [GC [PSYoungGen: 584082K->356K(563840K)] 679523K->95893K(1250816K), 0.0075080 secs] [Times: user=0.01 sys=0.00, real=0.01 secs] 
2014-07-16T14:11:08.124+0000: 478.311: [GC [PSYoungGen: 563812K->576K(544704K)] 659349K->96233K(1231680K), 0.0160240 secs] [Times: user=0.05 sys=0.00, real=0.01 secs] 
2014-07-16T14:11:09.281+0000: 479.469: [GC [PSYoungGen: 544704K->192K(525888K)] 640361K->95937K(1212864K), 0.0060270 secs] [Times: user=0.02 sys=0.00, real=0.00 secs] 
2014-07-16T14:11:10.423+0000: 480.610: [GC [PSYoungGen: 525888K->480K(508608K)] 621633K->96257K(1195584K), 0.0048570 secs] [Times: user=0.02 sys=0.00, real=0.00 secs] 
2014-07-16T14:11:11.568+0000: 481.755: [GC [PSYoungGen: 508576K->608K(491904K)] 604353K->96441K(1178880K), 0.0176730 secs] [Times: user=0.05 sys=0.00, real=0.02 secs] 
2014-07-16T14:11:12.825+0000: 483.012: [GC [PSYoungGen: 491872K->576K(475776K)] 587705K->96841K(1162752K), 0.0067170 secs] [Times: user=0.02 sys=0.00, real=0.00 secs] 
2014-07-16T14:11:13.957+0000: 484.144: [GC [PSYoungGen: 475776K->786K(460672K)] 572041K->97187K(1147648K), 0.0096150 secs] [Times: user=0.01 sys=0.00, real=0.01 secs] 
2014-07-16T14:11:15.048+0000: 485.235: [GC [PSYoungGen: 460553K->690K(445824K)] 556955K->97331K(1132800K), 0.0075390 secs] [Times: user=0.02 sys=0.00, real=0.01 secs] 
2014-07-16T14:11:16.036+0000: 486.223: [GC [PSYoungGen: 445810K->288K(431360K)] 542451K->97017K(1118336K), 0.0109770 secs] [Times: user=0.04 sys=0.00, real=0.01 secs] 
2014-07-16T14:11:16.958+0000: 487.146: [GC [PSYoungGen: 431328K->434K(418048K)] 528057K->97299K(1105024K), 0.0047680 secs] [Times: user=0.01 sys=0.00, real=0.01 secs] 
2014-07-16T14:11:17.859+0000: 488.047: [GC [PSYoungGen: 418034K->242K(404992K)] 514899K->97163K(1091968K), 0.0108230 secs] [Times: user=0.04 sys=0.00, real=0.01 secs] 
2014-07-16T14:11:18.727+0000: 488.915: [GC [PSYoungGen: 404978K->306K(392704K)] 501899K->97291K(1079680K), 0.0116020 secs] [Times: user=0.05 sys=0.00, real=0.01 secs] 
2014-07-16T14:11:19.563+0000: 489.750: [GC [PSYoungGen: 392667K->278K(380864K)] 489653K->97295K(1067840K), 0.0055140 secs] [Times: user=0.01 sys=0.00, real=0.01 secs] 
2014-07-16T14:11:20.383+0000: 490.571: [GC [PSYoungGen: 380776K->452K(369728K)] 477794K->97517K(1056704K), 0.0092980 secs] [Times: user=0.03 sys=0.00, real=0.00 secs] 
2014-07-16T14:11:21.162+0000: 491.350: [GC [PSYoungGen: 369668K->256K(358656K)] 466733K->97353K(1045632K), 0.0051400 secs] [Times: user=0.01 sys=0.00, real=0.01 secs] 
2014-07-16T14:11:21.938+0000: 492.125: [GC [PSYoungGen: 358656K->160K(348224K)] 455753K->97289K(1035200K), 0.0037280 secs] [Times: user=0.01 sys=0.00, real=0.00 secs] 
2014-07-16T14:11:22.673+0000: 492.861: [GC [PSYoungGen: 348180K->360K(338432K)] 445310K->97505K(1025408K), 0.0057610 secs] [Times: user=0.01 sys=0.00, real=0.00 secs] 
2014-07-16T14:11:23.396+0000: 493.583: [GC [PSYoungGen: 338313K->374K(328896K)] 435458K->97575K(1015872K), 0.0078780 secs] [Times: user=0.02 sys=0.00, real=0.01 secs] 
2014-07-16T14:11:24.102+0000: 494.289: [GC [PSYoungGen: 328807K->256K(319616K)] 426009K->97513K(1006592K), 0.0082820 secs] [Times: user=0.03 sys=0.00, real=0.01 secs] 
2014-07-16T14:11:24.781+0000: 494.968: [GC [PSYoungGen: 319613K->128K(310656K)] 416871K->97409K(997632K), 0.0036920 secs] [Times: user=0.01 sys=0.00, real=0.01 secs] 
2014-07-16T14:11:25.453+0000: 495.640: [GC [PSYoungGen: 310651K->288K(373568K)] 407932K->97601K(1060544K), 0.0135330 secs] [Times: user=0.05 sys=0.00, real=0.02 secs] 
2014-07-16T14:11:26.253+0000: 496.440: [GC [PSYoungGen: 372960K->466K(447744K)] 470273K->97875K(1134720K), 0.0107360 secs] [Times: user=0.04 sys=0.00, real=0.01 secs] 
2014-07-16T14:11:27.269+0000: 497.456: [GC [PSYoungGen: 447698K->402K(433536K)] 545107K->97883K(1120512K), 0.0039340 secs] [Times: user=0.01 sys=0.00, real=0.00 secs] 
2014-07-16T14:11:28.164+0000: 498.351: [GC [PSYoungGen: 433490K->640K(520384K)] 530971K->98225K(1207360K), 0.0141650 secs] [Times: user=0.05 sys=0.00, real=0.02 secs] 
2014-07-16T14:11:29.275+0000: 499.462: [GC [PSYoungGen: 520384K->594K(624384K)] 617969K->98227K(1311360K), 0.0095600 secs] [Times: user=0.04 sys=0.00, real=0.01 secs] 
2014-07-16T14:11:30.608+0000: 500.795: [GC [PSYoungGen: 624338K->370K(602112K)] 721971K->98067K(1289088K), 0.0048570 secs] [Times: user=0.01 sys=0.00, real=0.00 secs] 
2014-07-16T14:11:31.904+0000: 502.091: [GC [PSYoungGen: 602098K->352K(722496K)] 699795K->98121K(1409472K), 0.0200580 secs] [Times: user=0.07 sys=0.00, real=0.02 secs] 
2014-07-16T14:11:33.461+0000: 503.648: [GC [PSYoungGen: 722463K->466K(696064K)] 820232K->98283K(1383040K), 0.0115920 secs] [Times: user=0.04 sys=0.00, real=0.01 secs] 
2014-07-16T14:11:34.928+0000: 505.116: [GC [PSYoungGen: 696018K->192K(670400K)] 793835K->98121K(1357376K), 0.0040530 secs] [Times: user=0.01 sys=0.00, real=0.00 secs] 
2014-07-16T14:11:36.367+0000: 506.554: [GC [PSYoungGen: 670400K->448K(646464K)] 768329K->98449K(1333440K), 0.0115390 secs] [Times: user=0.03 sys=0.00, real=0.01 secs] 
2014-07-16T14:11:37.755+0000: 507.942: [GC [PSYoungGen: 646464K->498K(623488K)] 744465K->98603K(1310464K), 0.0046340 secs] [Times: user=0.01 sys=0.00, real=0.01 secs] 
2014-07-16T14:11:39.088+0000: 509.275: [GC [PSYoungGen: 623471K->288K(601280K)] 721577K->98497K(1288256K), 0.0104960 secs] [Times: user=0.04 sys=0.00, real=0.01 secs] 
2014-07-16T14:11:40.380+0000: 510.567: [GC [PSYoungGen: 601170K->256K(580224K)] 699379K->98545K(1267200K), 0.0087530 secs] [Times: user=0.03 sys=0.00, real=0.01 secs] 
2014-07-16T14:11:41.617+0000: 511.804: [GC [PSYoungGen: 580144K->388K(560384K)] 678434K->98725K(1247360K), 0.0059090 secs] [Times: user=0.02 sys=0.00, real=0.00 secs] 
2014-07-16T14:11:42.811+0000: 512.998: [GC [PSYoungGen: 560321K->288K(541120K)] 658659K->98657K(1228096K), 0.0057230 secs] [Times: user=0.02 sys=0.00, real=0.01 secs] 
2014-07-16T14:11:43.969+0000: 514.156: [GC [PSYoungGen: 541083K->320K(522816K)] 639453K->98777K(1209792K), 0.0125670 secs] [Times: user=0.05 sys=0.00, real=0.01 secs] 
2014-07-16T14:11:45.089+0000: 515.277: [GC [PSYoungGen: 522816K->676K(505728K)] 621273K->99277K(1192704K), 0.0079460 secs] [Times: user=0.02 sys=0.00, real=0.01 secs] 
2014-07-16T14:11:46.232+0000: 516.419: [GC [PSYoungGen: 505700K->416K(488768K)] 604301K->99089K(1175744K), 0.0047070 secs] [Times: user=0.01 sys=0.00, real=0.00 secs] 
2014-07-16T14:11:47.414+0000: 517.602: [GC [PSYoungGen: 488736K->740K(473152K)] 587409K->99997K(1160128K), 0.0089460 secs] [Times: user=0.02 sys=0.00, real=0.01 secs] 
2014-07-16T14:11:48.537+0000: 518.725: [GC [PSYoungGen: 473124K->370K(457536K)] 572381K->100157K(1144512K), 0.0057290 secs] [Times: user=0.02 sys=0.00, real=0.00 secs] 
2014-07-16T14:11:49.612+0000: 519.799: [GC [PSYoungGen: 457522K->804K(443392K)] 557309K->100799K(1130368K), 0.0069780 secs] [Times: user=0.01 sys=0.01, real=0.01 secs] 
2014-07-16T14:11:50.642+0000: 520.829: [GC [PSYoungGen: 443345K->502K(429120K)] 543341K->100641K(1116096K), 0.0051350 secs] [Times: user=0.01 sys=0.00, real=0.00 secs] 
2014-07-16T14:11:51.643+0000: 521.831: [GC [PSYoungGen: 429091K->662K(415936K)] 529230K->100873K(1102912K), 0.0053710 secs] [Times: user=0.02 sys=0.00, real=0.01 secs] 
2014-07-16T14:11:52.524+0000: 522.711: [GC [PSYoungGen: 415894K->160K(402624K)] 516105K->100427K(1089600K), 0.0042390 secs] [Times: user=0.01 sys=0.00, real=0.00 secs] 
2014-07-16T14:11:53.381+0000: 523.568: [GC [PSYoungGen: 402592K->256K(390464K)] 502859K->100571K(1077440K), 0.0088880 secs] [Times: user=0.03 sys=0.00, real=0.01 secs] 
2014-07-16T14:11:54.216+0000: 524.403: [GC [PSYoungGen: 390464K->566K(379072K)] 490779K->100929K(1066048K), 0.0039120 secs] [Times: user=0.01 sys=0.00, real=0.01 secs] 
2014-07-16T14:11:55.020+0000: 525.207: [GC [PSYoungGen: 379062K->384K(367680K)] 479425K->100787K(1054656K), 0.0053170 secs] [Times: user=0.01 sys=0.00, real=0.00 secs] 
2014-07-16T14:11:55.801+0000: 525.989: [GC [PSYoungGen: 367680K->338K(356928K)] 468083K->100789K(1043904K), 0.0138460 secs] [Times: user=0.04 sys=0.00, real=0.01 secs] 
2014-07-16T14:11:56.561+0000: 526.749: [GC [PSYoungGen: 356882K->192K(346432K)] 457333K->100691K(1033408K), 0.0048120 secs] [Times: user=0.01 sys=0.00, real=0.00 secs] 
2014-07-16T14:11:57.304+0000: 527.491: [GC [PSYoungGen: 346400K->224K(336576K)] 446899K->100755K(1023552K), 0.0041520 secs] [Times: user=0.01 sys=0.00, real=0.00 secs] 
2014-07-16T14:11:58.073+0000: 528.260: [GC [PSYoungGen: 336543K->480K(327360K)] 437074K->101083K(1014336K), 0.0104070 secs] [Times: user=0.03 sys=0.00, real=0.01 secs] 
2014-07-16T14:11:58.778+0000: 528.965: [GC [PSYoungGen: 327328K->288K(392576K)] 427931K->100987K(1079552K), 0.0109250 secs] [Times: user=0.04 sys=0.00, real=0.01 secs] 
2014-07-16T14:11:59.629+0000: 529.816: [GC [PSYoungGen: 392544K->498K(380992K)] 493243K->101245K(1067968K), 0.0042470 secs] [Times: user=0.01 sys=0.01, real=0.00 secs] 
2014-07-16T14:12:00.470+0000: 530.657: [GC [PSYoungGen: 380977K->658K(369856K)] 481724K->101453K(1056832K), 0.0034380 secs] [Times: user=0.01 sys=0.00, real=0.00 secs] 
2014-07-16T14:12:01.262+0000: 531.449: [GC [PSYoungGen: 369810K->192K(358528K)] 470605K->101051K(1045504K), 0.0054470 secs] [Times: user=0.02 sys=0.00, real=0.00 secs] 
2014-07-16T14:12:02.039+0000: 532.226: [GC [PSYoungGen: 358524K->352K(348352K)] 459384K->101267K(1035328K), 0.0041540 secs] [Times: user=0.01 sys=0.00, real=0.01 secs] 
2014-07-16T14:12:02.790+0000: 532.977: [GC [PSYoungGen: 348297K->438K(338432K)] 449213K->101385K(1025408K), 0.0098230 secs] [Times: user=0.04 sys=0.00, real=0.01 secs] 
2014-07-16T14:12:03.530+0000: 533.717: [GC [PSYoungGen: 338422K->548K(406208K)] 439369K->101551K(1093184K), 0.0149100 secs] [Times: user=0.05 sys=0.00, real=0.01 secs] 
2014-07-16T14:12:04.403+0000: 534.591: [GC [PSYoungGen: 406180K->744K(487552K)] 507183K->101803K(1174528K), 0.0207560 secs] [Times: user=0.07 sys=0.01, real=0.02 secs] 
2014-07-16T14:12:05.456+0000: 535.643: [GC [PSYoungGen: 487528K->498K(584704K)] 588587K->101597K(1271680K), 0.0081890 secs] [Times: user=0.01 sys=0.00, real=0.01 secs] 
2014-07-16T14:12:06.704+0000: 536.891: [GC [PSYoungGen: 584690K->416K(701504K)] 685789K->101619K(1388480K), 0.0076790 secs] [Times: user=0.01 sys=0.00, real=0.01 secs] 
2014-07-16T14:12:08.214+0000: 538.401: [GC [PSYoungGen: 701472K->356K(675840K)] 802675K->101639K(1362816K), 0.0089090 secs] [Times: user=0.03 sys=0.00, real=0.01 secs] 
2014-07-16T14:12:09.676+0000: 539.863: [GC [PSYoungGen: 675812K->498K(651584K)] 777095K->101869K(1338560K), 0.0051170 secs] [Times: user=0.01 sys=0.00, real=0.01 secs] 
2014-07-16T14:12:11.059+0000: 541.246: [GC [PSYoungGen: 651570K->402K(628224K)] 752941K->101837K(1315200K), 0.0078370 secs] [Times: user=0.02 sys=0.00, real=0.01 secs] 
2014-07-16T14:12:12.560+0000: 542.748: [GC [PSYoungGen: 628170K->804K(606400K)] 729606K->102711K(1293376K), 0.0079040 secs] [Times: user=0.01 sys=0.00, real=0.01 secs] 
2014-07-16T14:12:13.922+0000: 544.109: [GC [PSYoungGen: 606292K->420K(584832K)] 708199K->102939K(1271808K), 0.0067900 secs] [Times: user=0.01 sys=0.00, real=0.00 secs] 
2014-07-16T14:12:15.252+0000: 545.439: [GC [PSYoungGen: 584804K->640K(564800K)] 687323K->103351K(1251776K), 0.0156910 secs] [Times: user=0.06 sys=0.00, real=0.01 secs] 
2014-07-16T14:12:16.552+0000: 546.739: [GC [PSYoungGen: 564800K->672K(545536K)] 667511K->103583K(1232512K), 0.0083440 secs] [Times: user=0.01 sys=0.00, real=0.00 secs] 
2014-07-16T14:12:17.834+0000: 548.021: [GC [PSYoungGen: 545504K->676K(527104K)] 648415K->103699K(1214080K), 0.0094840 secs] [Times: user=0.03 sys=0.00, real=0.01 secs] 
2014-07-16T14:12:18.942+0000: 549.130: [GC [PSYoungGen: 527076K->160K(508928K)] 630099K->103287K(1195904K), 0.0049610 secs] [Times: user=0.01 sys=0.00, real=0.00 secs] 
2014-07-16T14:12:20.033+0000: 550.220: [GC [PSYoungGen: 508896K->192K(492096K)] 612023K->103367K(1179072K), 0.0094390 secs] [Times: user=0.03 sys=0.00, real=0.01 secs] 
2014-07-16T14:12:21.090+0000: 551.278: [GC [PSYoungGen: 492096K->690K(476480K)] 595271K->103913K(1163456K), 0.0060000 secs] [Times: user=0.02 sys=0.00, real=0.01 secs] 
2014-07-16T14:12:22.108+0000: 552.295: [GC [PSYoungGen: 476466K->338K(460736K)] 579689K->103601K(1147712K), 0.0082820 secs] [Times: user=0.03 sys=0.00, real=0.01 secs] 
2014-07-16T14:12:23.126+0000: 553.313: [GC [PSYoungGen: 460690K->448K(446080K)] 563953K->103767K(1133056K), 0.0088430 secs] [Times: user=0.03 sys=0.00, real=0.01 secs] 
2014-07-16T14:12:24.091+0000: 554.278: [GC [PSYoungGen: 446080K->480K(432064K)] 549399K->103879K(1119040K), 0.0120920 secs] [Times: user=0.04 sys=0.00, real=0.02 secs] 
2014-07-16T14:12:24.997+0000: 555.184: [GC [PSYoungGen: 432030K->448K(418496K)] 535430K->103895K(1105472K), 0.0062650 secs] [Times: user=0.01 sys=0.01, real=0.01 secs] 
2014-07-16T14:12:25.896+0000: 556.083: [GC [PSYoungGen: 418496K->292K(405440K)] 521943K->103787K(1092416K), 0.0042450 secs] [Times: user=0.01 sys=0.01, real=0.00 secs] 
2014-07-16T14:12:26.758+0000: 556.945: [GC [PSYoungGen: 405411K->502K(393280K)] 508907K->104085K(1080256K), 0.0111350 secs] [Times: user=0.04 sys=0.00, real=0.01 secs] 
2014-07-16T14:12:27.638+0000: 557.826: [GC [PSYoungGen: 393269K->946K(472320K)] 496853K->104809K(1159296K), 0.0375980 secs] [Times: user=0.13 sys=0.00, real=0.04 secs] 
2014-07-16T14:12:28.622+0000: 558.810: [GC [PSYoungGen: 472306K->512K(566144K)] 576169K->104431K(1253120K), 0.0195640 secs] [Times: user=0.07 sys=0.00, real=0.02 secs] 
2014-07-16T14:12:29.837+0000: 560.024: [GC [PSYoungGen: 566144K->210K(679040K)] 670063K->104257K(1366016K), 0.0044990 secs] [Times: user=0.01 sys=0.00, real=0.00 secs] 
2014-07-16T14:12:31.322+0000: 561.510: [GC [PSYoungGen: 678994K->822K(815424K)] 783041K->104925K(1502400K), 0.0248290 secs] [Times: user=0.09 sys=0.00, real=0.03 secs] 
2014-07-16T14:12:33.090+0000: 563.277: [GC [PSYoungGen: 815414K->918K(978496K)] 919517K->105101K(1665472K), 0.0085440 secs] [Times: user=0.03 sys=0.00, real=0.01 secs] 
2014-07-16T14:12:35.175+0000: 565.362: [GC [PSYoungGen: 978454K->320K(1173376K)] 1082637K->104615K(1860352K), 0.0083190 secs] [Times: user=0.03 sys=0.00, real=0.00 secs] 
2014-07-16T14:12:37.717+0000: 567.904: [GC [PSYoungGen: 1173372K->1252K(1126272K)] 1277668K->105723K(1813248K), 0.0078640 secs] [Times: user=0.02 sys=0.01, real=0.00 secs] 
2014-07-16T14:12:40.300+0000: 570.488: [GC [PSYoungGen: 1126244K->1014K(1080256K)] 1230715K->105645K(1767232K), 0.0062400 secs] [Times: user=0.01 sys=0.01, real=0.01 secs] 
2014-07-16T14:12:42.903+0000: 573.090: [GC [PSYoungGen: 1080246K->964K(1036736K)] 1184877K->105811K(1723712K), 0.0079690 secs] [Times: user=0.01 sys=0.00, real=0.01 secs] 
2014-07-16T14:12:45.127+0000: 575.314: [GC [PSYoungGen: 1036676K->320K(994624K)] 1141523K->105351K(1681600K), 0.0065150 secs] [Times: user=0.01 sys=0.01, real=0.00 secs] 
2014-07-16T14:12:47.245+0000: 577.432: [GC [PSYoungGen: 994624K->274K(955200K)] 1099655K->105425K(1642176K), 0.0158390 secs] [Times: user=0.06 sys=0.00, real=0.02 secs] 
2014-07-16T14:12:49.290+0000: 579.477: [GC [PSYoungGen: 955154K->530K(917888K)] 1060305K->105785K(1604864K), 0.0246940 secs] [Times: user=0.09 sys=0.00, real=0.02 secs] 
2014-07-16T14:12:51.266+0000: 581.453: [GC [PSYoungGen: 917842K->530K(882112K)] 1023097K->105865K(1569088K), 0.0051900 secs] [Times: user=0.01 sys=0.00, real=0.01 secs] 
2014-07-16T14:12:53.143+0000: 583.330: [GC [PSYoungGen: 882066K->480K(848000K)] 987401K->105935K(1534976K), 0.0147020 secs] [Times: user=0.05 sys=0.00, real=0.02 secs] 
2014-07-16T14:12:54.952+0000: 585.139: [GC [PSYoungGen: 847968K->192K(815232K)] 953423K->105759K(1502208K), 0.0291210 secs] [Times: user=0.10 sys=0.00, real=0.03 secs] 
2014-07-16T14:12:56.693+0000: 586.880: [GC [PSYoungGen: 815232K->548K(978624K)] 920799K->106219K(1665600K), 0.0238110 secs] [Times: user=0.09 sys=0.00, real=0.02 secs] 
2014-07-16T14:12:58.783+0000: 588.970: [GC [PSYoungGen: 978596K->320K(939712K)] 1084267K->106087K(1626688K), 0.0065480 secs] [Times: user=0.02 sys=0.00, real=0.01 secs] 
2014-07-16T14:13:00.787+0000: 590.974: [GC [PSYoungGen: 939712K->456K(903104K)] 1045479K->106343K(1590080K), 0.0087330 secs] [Times: user=0.01 sys=0.00, real=0.01 secs] 
2014-07-16T14:13:02.766+0000: 592.953: [GC [PSYoungGen: 903048K->552K(868096K)] 1008935K->106543K(1555072K), 0.0153490 secs] [Times: user=0.06 sys=0.00, real=0.02 secs] 
2014-07-16T14:13:04.771+0000: 594.958: [GC [PSYoungGen: 868072K->736K(834880K)] 974063K->106839K(1521856K), 0.0064420 secs] [Times: user=0.01 sys=0.00, real=0.00 secs] 
2014-07-16T14:13:06.699+0000: 596.887: [GC [PSYoungGen: 834848K->1138K(803456K)] 940951K->107473K(1490432K), 0.0043890 secs] [Times: user=0.02 sys=0.00, real=0.00 secs] 
2014-07-16T14:13:08.586+0000: 598.774: [GC [PSYoungGen: 803442K->434K(772416K)] 909777K->107233K(1459392K), 0.0059940 secs] [Times: user=0.01 sys=0.00, real=0.01 secs] 
2014-07-16T14:13:10.285+0000: 600.472: [GC [PSYoungGen: 772402K->352K(743424K)] 879201K->107303K(1430400K), 0.0230700 secs] [Times: user=0.09 sys=0.00, real=0.02 secs] 
2014-07-16T14:13:11.885+0000: 602.072: [GC [PSYoungGen: 743392K->644K(716160K)] 850343K->107739K(1403136K), 0.0131420 secs] [Times: user=0.04 sys=0.00, real=0.01 secs] 
2014-07-16T14:13:13.442+0000: 603.629: [GC [PSYoungGen: 716100K->434K(689664K)] 823195K->107609K(1376640K), 0.0049630 secs] [Times: user=0.01 sys=0.00, real=0.00 secs] 
2014-07-16T14:13:14.899+0000: 605.086: [GC [PSYoungGen: 689650K->274K(664512K)] 796825K->107577K(1351488K), 0.0090360 secs] [Times: user=0.03 sys=0.00, real=0.01 secs] 
2014-07-16T14:13:16.321+0000: 606.509: [GC [PSYoungGen: 664453K->516K(640896K)] 771757K->107883K(1327872K), 0.0230770 secs] [Times: user=0.08 sys=0.00, real=0.02 secs] 
2014-07-16T14:13:17.694+0000: 607.881: [GC [PSYoungGen: 640772K->438K(617984K)] 748140K->107901K(1304960K), 0.0038970 secs] [Times: user=0.01 sys=0.00, real=0.00 secs] 
2014-07-16T14:13:19.025+0000: 609.213: [GC [PSYoungGen: 617944K->338K(596160K)] 725408K->107849K(1283136K), 0.0046160 secs] [Times: user=0.01 sys=0.00, real=0.00 secs] 
2014-07-16T14:13:20.351+0000: 610.538: [GC [PSYoungGen: 596111K->850K(575936K)] 703622K->108473K(1262912K), 0.0103020 secs] [Times: user=0.02 sys=0.00, real=0.02 secs] 
2014-07-16T14:13:21.715+0000: 611.902: [GC [PSYoungGen: 575890K->690K(555904K)] 683513K->108409K(1242880K), 0.0059890 secs] [Times: user=0.02 sys=0.00, real=0.00 secs] 
2014-07-16T14:13:23.041+0000: 613.228: [GC [PSYoungGen: 555890K->420K(536704K)] 663609K->108227K(1223680K), 0.0050960 secs] [Times: user=0.01 sys=0.00, real=0.01 secs] 
2014-07-16T14:13:24.378+0000: 614.565: [GC [PSYoungGen: 536676K->320K(518528K)] 644483K->108215K(1205504K), 0.0051230 secs] [Times: user=0.01 sys=0.00, real=0.01 secs] 
2014-07-16T14:13:25.543+0000: 615.730: [GC [PSYoungGen: 518528K->402K(501376K)] 626423K->108409K(1188352K), 0.0075260 secs] [Times: user=0.03 sys=0.00, real=0.00 secs] 
2014-07-16T14:13:26.616+0000: 616.803: [GC [PSYoungGen: 501330K->320K(484736K)] 609337K->108439K(1171712K), 0.0083130 secs] [Times: user=0.03 sys=0.00, real=0.01 secs] 
2014-07-16T14:13:27.648+0000: 617.835: [GC [PSYoungGen: 484736K->192K(468800K)] 592855K->108375K(1155776K), 0.0079990 secs] [Times: user=0.02 sys=0.00, real=0.01 secs] 
2014-07-16T14:13:28.654+0000: 618.841: [GC [PSYoungGen: 468800K->178K(453696K)] 576983K->108393K(1140672K), 0.0075050 secs] [Times: user=0.01 sys=0.00, real=0.00 secs] 
2014-07-16T14:13:29.622+0000: 619.809: [GC [PSYoungGen: 453682K->416K(439552K)] 561897K->108703K(1126528K), 0.0052220 secs] [Times: user=0.01 sys=0.00, real=0.01 secs] 
2014-07-16T14:13:30.556+0000: 620.743: [GC [PSYoungGen: 439520K->192K(425472K)] 547807K->108503K(1112448K), 0.0045850 secs] [Times: user=0.01 sys=0.00, real=0.00 secs] 
2014-07-16T14:13:31.457+0000: 621.644: [GC [PSYoungGen: 425472K->352K(412480K)] 533783K->108703K(1099456K), 0.0154960 secs] [Times: user=0.05 sys=0.00, real=0.01 secs] 
2014-07-16T14:13:32.356+0000: 622.543: [GC [PSYoungGen: 412448K->242K(399680K)] 520799K->108617K(1086656K), 0.0117820 secs] [Times: user=0.04 sys=0.00, real=0.01 secs] 
2014-07-16T14:13:33.260+0000: 623.447: [GC [PSYoungGen: 399664K->576K(387904K)] 508040K->108999K(1074880K), 0.0044820 secs] [Times: user=0.01 sys=0.00, real=0.01 secs] 
2014-07-16T14:13:34.044+0000: 624.231: [GC [PSYoungGen: 387814K->242K(376000K)] 496237K->108729K(1062976K), 0.0076080 secs] [Times: user=0.02 sys=0.00, real=0.00 secs] 
2014-07-16T14:13:34.849+0000: 625.037: [GC [PSYoungGen: 375986K->320K(364928K)] 484473K->108847K(1051904K), 0.0067260 secs] [Times: user=0.01 sys=0.01, real=0.01 secs] 
2014-07-16T14:13:35.632+0000: 625.819: [GC [PSYoungGen: 364928K->288K(437888K)] 473455K->108871K(1124864K), 0.0151590 secs] [Times: user=0.05 sys=0.00, real=0.02 secs] 
2014-07-16T14:13:36.575+0000: 626.762: [GC [PSYoungGen: 437856K->288K(424128K)] 546439K->108935K(1111104K), 0.0044690 secs] [Times: user=0.02 sys=0.00, real=0.00 secs] 
2014-07-16T14:13:37.500+0000: 627.687: [GC [PSYoungGen: 424096K->772K(411520K)] 532743K->109467K(1098496K), 0.0053620 secs] [Times: user=0.01 sys=0.00, real=0.01 secs] 
2014-07-16T14:13:38.412+0000: 628.600: [GC [PSYoungGen: 411416K->388K(398528K)] 520112K->109171K(1085504K), 0.0069900 secs] [Times: user=0.00 sys=0.00, real=0.01 secs] 
2014-07-16T14:13:39.255+0000: 629.442: [GC [PSYoungGen: 398468K->256K(386304K)] 507251K->109119K(1073280K), 0.0061760 secs] [Times: user=0.01 sys=0.00, real=0.00 secs] 
2014-07-16T14:13:40.086+0000: 630.273: [GC [PSYoungGen: 386304K->416K(374976K)] 495167K->109327K(1061952K), 0.0089220 secs] [Times: user=0.03 sys=0.00, real=0.01 secs] 
2014-07-16T14:13:40.889+0000: 631.076: [GC [PSYoungGen: 374944K->146K(363648K)] 483855K->109105K(1050624K), 0.0029810 secs] [Times: user=0.01 sys=0.00, real=0.00 secs] 
2014-07-16T14:13:41.676+0000: 631.863: [GC [PSYoungGen: 363600K->288K(353152K)] 472559K->109279K(1040128K), 0.0042680 secs] [Times: user=0.01 sys=0.00, real=0.00 secs] 
2014-07-16T14:13:42.434+0000: 632.621: [GC [PSYoungGen: 353040K->666K(343360K)] 462032K->109681K(1030336K), 0.0072810 secs] [Times: user=0.03 sys=0.01, real=0.01 secs] 
2014-07-16T14:13:43.156+0000: 633.344: [GC [PSYoungGen: 343282K->424K(333376K)] 452298K->109479K(1020352K), 0.0121400 secs] [Times: user=0.04 sys=0.00, real=0.01 secs] 
2014-07-16T14:13:43.864+0000: 634.051: [GC [PSYoungGen: 333352K->352K(323968K)] 442407K->109447K(1010944K), 0.0045850 secs] [Times: user=0.01 sys=0.00, real=0.01 secs] 
2014-07-16T14:13:44.571+0000: 634.759: [GC [PSYoungGen: 323933K->384K(315008K)] 433029K->109527K(1001984K), 0.0042300 secs] [Times: user=0.01 sys=0.00, real=0.01 secs] 
2014-07-16T14:13:45.232+0000: 635.419: [GC [PSYoungGen: 315008K->352K(377984K)] 424151K->109543K(1064960K), 0.0180340 secs] [Times: user=0.06 sys=0.00, real=0.02 secs] 
2014-07-16T14:13:46.035+0000: 636.222: [GC [PSYoungGen: 377952K->224K(453376K)] 487143K->109487K(1140352K), 0.0065170 secs] [Times: user=0.01 sys=0.00, real=0.00 secs] 
2014-07-16T14:13:46.998+0000: 637.185: [GC [PSYoungGen: 453344K->288K(439040K)] 562607K->109599K(1126016K), 0.0041400 secs] [Times: user=0.01 sys=0.00, real=0.00 secs] 
2014-07-16T14:13:47.944+0000: 638.131: [GC [PSYoungGen: 439008K->512K(425472K)] 548319K->109887K(1112448K), 0.0084790 secs] [Times: user=0.04 sys=0.00, real=0.01 secs] 
2014-07-16T14:13:48.850+0000: 639.037: [GC [PSYoungGen: 425472K->224K(412032K)] 534847K->109655K(1099008K), 0.0066150 secs] [Times: user=0.02 sys=0.00, real=0.01 secs] 
2014-07-16T14:13:49.739+0000: 639.926: [GC [PSYoungGen: 412000K->352K(399552K)] 521431K->109855K(1086528K), 0.0036810 secs] [Times: user=0.01 sys=0.00, real=0.00 secs] 
2014-07-16T14:13:50.593+0000: 640.780: [GC [PSYoungGen: 399520K->224K(387328K)] 509023K->109743K(1074304K), 0.0139450 secs] [Times: user=0.05 sys=0.00, real=0.02 secs] 
2014-07-16T14:13:51.417+0000: 641.605: [GC [PSYoungGen: 387296K->224K(464768K)] 496815K->109791K(1151744K), 0.0122320 secs] [Times: user=0.05 sys=0.00, real=0.01 secs] 
2014-07-16T14:13:52.414+0000: 642.601: [GC [PSYoungGen: 464734K->256K(449856K)] 574302K->109887K(1136832K), 0.0071880 secs] [Times: user=0.02 sys=0.00, real=0.01 secs] 
2014-07-16T14:13:53.435+0000: 643.622: [GC [PSYoungGen: 449776K->516K(435904K)] 559408K->110195K(1122880K), 0.0076770 secs] [Times: user=0.03 sys=0.00, real=0.01 secs] 
2014-07-16T14:13:54.347+0000: 644.534: [GC [PSYoungGen: 435837K->338K(422080K)] 545517K->110089K(1109056K), 0.0043550 secs] [Times: user=0.01 sys=0.00, real=0.00 secs] 
2014-07-16T14:13:55.279+0000: 645.466: [GC [PSYoungGen: 422034K->256K(408896K)] 531785K->110047K(1095872K), 0.0065050 secs] [Times: user=0.01 sys=0.00, real=0.00 secs] 
2014-07-16T14:13:56.169+0000: 646.357: [GC [PSYoungGen: 408896K->192K(396352K)] 518687K->110071K(1083328K), 0.0044160 secs] [Times: user=0.01 sys=0.00, real=0.00 secs] 
2014-07-16T14:13:57.016+0000: 647.203: [GC [PSYoungGen: 396352K->498K(384704K)] 506231K->110473K(1071680K), 0.0106050 secs] [Times: user=0.02 sys=0.00, real=0.01 secs] 
2014-07-16T14:13:57.831+0000: 648.018: [GC [PSYoungGen: 384689K->224K(372992K)] 494665K->110239K(1059968K), 0.0115740 secs] [Times: user=0.05 sys=0.00, real=0.01 secs] 
2014-07-16T14:13:58.626+0000: 648.814: [GC [PSYoungGen: 372960K->224K(447552K)] 482975K->110279K(1134528K), 0.0120920 secs] [Times: user=0.04 sys=0.00, real=0.02 secs] 
2014-07-16T14:13:59.591+0000: 649.778: [GC [PSYoungGen: 447520K->256K(537024K)] 557575K->110367K(1224000K), 0.0087230 secs] [Times: user=0.03 sys=0.00, real=0.01 secs] 
2014-07-16T14:14:00.746+0000: 650.933: [GC [PSYoungGen: 537024K->160K(518848K)] 647135K->110319K(1205824K), 0.0097700 secs] [Times: user=0.03 sys=0.00, real=0.01 secs] 
2014-07-16T14:14:01.862+0000: 652.050: [GC [PSYoungGen: 518816K->370K(501760K)] 628975K->110585K(1188736K), 0.0077190 secs] [Times: user=0.03 sys=0.00, real=0.01 secs] 
2014-07-16T14:14:02.939+0000: 653.126: [GC [PSYoungGen: 501656K->634K(485504K)] 611872K->110985K(1172480K), 0.0084150 secs] [Times: user=0.02 sys=0.00, real=0.00 secs] 
2014-07-16T14:14:03.980+0000: 654.168: [GC [PSYoungGen: 485498K->384K(469440K)] 595849K->110775K(1156416K), 0.0063000 secs] [Times: user=0.01 sys=0.00, real=0.00 secs] 
2014-07-16T14:14:04.992+0000: 655.180: [GC [PSYoungGen: 469440K->562K(454528K)] 579831K->111129K(1141504K), 0.0044600 secs] [Times: user=0.02 sys=0.00, real=0.00 secs] 
2014-07-16T14:14:05.988+0000: 656.175: [GC [PSYoungGen: 454467K->552K(440064K)] 565034K->111175K(1127040K), 0.0073130 secs] [Times: user=0.01 sys=0.00, real=0.00 secs] 
2014-07-16T14:14:06.920+0000: 657.107: [GC [PSYoungGen: 440040K->448K(426112K)] 550663K->111223K(1113088K), 0.0137900 secs] [Times: user=0.05 sys=0.00, real=0.01 secs] 
2014-07-16T14:14:07.832+0000: 658.019: [GC [PSYoungGen: 426112K->512K(412928K)] 536887K->111351K(1099904K), 0.0113920 secs] [Times: user=0.04 sys=0.00, real=0.01 secs] 
2014-07-16T14:14:08.765+0000: 658.952: [GC [PSYoungGen: 412928K->306K(400064K)] 523767K->111217K(1087040K), 0.0069000 secs] [Times: user=0.03 sys=0.00, real=0.01 secs] 
2014-07-16T14:14:09.617+0000: 659.805: [GC [PSYoungGen: 400050K->242K(480000K)] 510961K->111241K(1166976K), 0.0133800 secs] [Times: user=0.05 sys=0.00, real=0.02 secs] 
2014-07-16T14:14:10.661+0000: 660.848: [GC [PSYoungGen: 479986K->644K(576448K)] 590985K->111683K(1263424K), 0.0192620 secs] [Times: user=0.08 sys=0.00, real=0.02 secs] 
2014-07-16T14:14:11.888+0000: 662.075: [GC [PSYoungGen: 576372K->356K(691328K)] 687412K->111451K(1378304K), 0.0065530 secs] [Times: user=0.02 sys=0.00, real=0.01 secs] 
2014-07-16T14:14:13.383+0000: 663.570: [GC [PSYoungGen: 691300K->402K(666240K)] 802395K->111553K(1353216K), 0.0039030 secs] [Times: user=0.01 sys=0.00, real=0.00 secs] 
2014-07-16T14:14:14.829+0000: 665.017: [GC [PSYoungGen: 666194K->288K(642176K)] 777345K->111511K(1329152K), 0.0121540 secs] [Times: user=0.04 sys=0.00, real=0.01 secs] 
2014-07-16T14:14:16.203+0000: 666.391: [GC [PSYoungGen: 642144K->274K(619328K)] 753367K->111561K(1306304K), 0.0172600 secs] [Times: user=0.06 sys=0.00, real=0.02 secs] 
2014-07-16T14:14:17.540+0000: 667.727: [GC [PSYoungGen: 619282K->224K(597440K)] 730569K->111615K(1284416K), 0.0061780 secs] [Times: user=0.02 sys=0.00, real=0.01 secs] 
2014-07-16T14:14:18.865+0000: 669.052: [GC [PSYoungGen: 597408K->512K(576896K)] 708799K->111983K(1263872K), 0.0110300 secs] [Times: user=0.02 sys=0.00, real=0.01 secs] 
2014-07-16T14:14:20.099+0000: 670.286: [GC [PSYoungGen: 576820K->292K(556800K)] 688291K->111835K(1243776K), 0.0123130 secs] [Times: user=0.05 sys=0.00, real=0.02 secs] 
2014-07-16T14:14:21.292+0000: 671.479: [GC [PSYoungGen: 556772K->338K(537856K)] 668315K->111945K(1224832K), 0.0061160 secs] [Times: user=0.02 sys=0.00, real=0.00 secs] 
2014-07-16T14:14:22.439+0000: 672.626: [GC [PSYoungGen: 537810K->306K(519680K)] 649417K->111969K(1206656K), 0.0066730 secs] [Times: user=0.01 sys=0.00, real=0.01 secs] 
2014-07-16T14:14:23.573+0000: 673.760: [GC [PSYoungGen: 519666K->320K(502336K)] 631329K->112031K(1189312K), 0.0094790 secs] [Times: user=0.03 sys=0.00, real=0.01 secs] 
2014-07-16T14:14:24.642+0000: 674.829: [GC [PSYoungGen: 502290K->648K(486144K)] 614002K->112439K(1173120K), 0.0077950 secs] [Times: user=0.02 sys=0.00, real=0.00 secs] 
2014-07-16T14:14:25.682+0000: 675.869: [GC [PSYoungGen: 486088K->434K(470080K)] 597879K->112305K(1157056K), 0.0166600 secs] [Times: user=0.06 sys=0.00, real=0.01 secs] 
2014-07-16T14:14:26.691+0000: 676.878: [GC [PSYoungGen: 470066K->324K(454912K)] 581937K->112283K(1141888K), 0.0106630 secs] [Times: user=0.03 sys=0.00, real=0.01 secs] 
2014-07-16T14:14:27.670+0000: 677.858: [GC [PSYoungGen: 454851K->320K(545792K)] 566811K->112375K(1232768K), 0.0236990 secs] [Times: user=0.08 sys=0.00, real=0.03 secs] 
2014-07-16T14:14:28.877+0000: 679.064: [GC [PSYoungGen: 545709K->224K(654848K)] 657764K->112359K(1341824K), 0.0039210 secs] [Times: user=0.01 sys=0.00, real=0.00 secs] 
2014-07-16T14:14:30.276+0000: 680.463: [GC [PSYoungGen: 654816K->320K(631488K)] 766951K->112527K(1318464K), 0.0041390 secs] [Times: user=0.02 sys=0.00, real=0.00 secs] 
2014-07-16T14:14:31.618+0000: 681.806: [GC [PSYoungGen: 631488K->498K(609280K)] 743695K->112777K(1296256K), 0.0149620 secs] [Times: user=0.05 sys=0.00, real=0.02 secs] 
2014-07-16T14:14:32.932+0000: 683.120: [GC [PSYoungGen: 609169K->356K(587776K)] 721449K->112691K(1274752K), 0.0085120 secs] [Times: user=0.03 sys=0.00, real=0.00 secs] 
2014-07-16T14:14:34.194+0000: 684.381: [GC [PSYoungGen: 587748K->210K(567296K)] 700083K->112585K(1254272K), 0.0062470 secs] [Times: user=0.00 sys=0.00, real=0.00 secs] 
2014-07-16T14:14:35.427+0000: 685.614: [GC [PSYoungGen: 567176K->548K(548160K)] 679552K->112987K(1235136K), 0.0045380 secs] [Times: user=0.01 sys=0.00, real=0.00 secs] 
2014-07-16T14:14:36.741+0000: 686.928: [GC [PSYoungGen: 548072K->658K(529728K)] 660512K->113185K(1216704K), 0.0055770 secs] [Times: user=0.01 sys=0.01, real=0.01 secs] 
2014-07-16T14:14:38.101+0000: 688.288: [GC [PSYoungGen: 529682K->192K(511488K)] 642209K->113535K(1198464K), 0.0088630 secs] [Times: user=0.02 sys=0.00, real=0.01 secs] 
2014-07-16T14:14:39.423+0000: 689.610: [GC [PSYoungGen: 511488K->946K(495296K)] 624831K->114513K(1182272K), 0.0259440 secs] [Times: user=0.10 sys=0.00, real=0.03 secs] 
2014-07-16T14:14:40.660+0000: 690.847: [GC [PSYoungGen: 495282K->818K(594048K)] 608849K->114689K(1281024K), 0.0348570 secs] [Times: user=0.12 sys=0.00, real=0.04 secs] 
2014-07-16T14:14:42.000+0000: 692.187: [GC [PSYoungGen: 594028K->484K(712384K)] 707900K->114491K(1399360K), 0.0235210 secs] [Times: user=0.08 sys=0.00, real=0.02 secs] 
2014-07-16T14:14:43.526+0000: 693.713: [GC [PSYoungGen: 712356K->402K(854720K)] 826363K->114489K(1541696K), 0.0044620 secs] [Times: user=0.01 sys=0.00, real=0.00 secs] 
2014-07-16T14:14:45.342+0000: 695.529: [GC [PSYoungGen: 854645K->452K(822016K)] 968733K->114619K(1508992K), 0.0071010 secs] [Times: user=0.02 sys=0.00, real=0.01 secs] 
2014-07-16T14:14:47.109+0000: 697.296: [GC [PSYoungGen: 821956K->256K(790528K)] 936123K->114511K(1477504K), 0.0067840 secs] [Times: user=0.01 sys=0.00, real=0.01 secs] 
2014-07-16T14:14:48.864+0000: 699.051: [GC [PSYoungGen: 790527K->512K(761024K)] 904783K->114855K(1448000K), 0.0046680 secs] [Times: user=0.01 sys=0.00, real=0.01 secs] 
2014-07-16T14:14:50.477+0000: 700.665: [GC [PSYoungGen: 761024K->502K(732672K)] 875367K->114989K(1419648K), 0.0082060 secs] [Times: user=0.04 sys=0.00, real=0.01 secs] 
2014-07-16T14:14:52.101+0000: 702.289: [GC [PSYoungGen: 732662K->544K(705664K)] 847149K->115127K(1392640K), 0.0088390 secs] [Times: user=0.02 sys=0.00, real=0.01 secs] 
2014-07-16T14:14:53.733+0000: 703.920: [GC [PSYoungGen: 705632K->758K(680064K)] 820215K->115429K(1367040K), 0.0051980 secs] [Times: user=0.01 sys=0.00, real=0.01 secs] 
2014-07-16T14:14:55.402+0000: 705.590: [GC [PSYoungGen: 680054K->704K(655424K)] 794725K->115503K(1342400K), 0.0040570 secs] [Times: user=0.01 sys=0.00, real=0.01 secs] 
2014-07-16T14:14:56.920+0000: 707.108: [GC [PSYoungGen: 655379K->736K(632000K)] 770179K->115711K(1318976K), 0.0256510 secs] [Times: user=0.09 sys=0.00, real=0.03 secs] 
2014-07-16T14:14:58.323+0000: 708.511: [GC [PSYoungGen: 631968K->602K(609472K)] 746943K->115705K(1296448K), 0.0109410 secs] [Times: user=0.04 sys=0.00, real=0.01 secs] 
2014-07-16T14:14:59.625+0000: 709.812: [GC [PSYoungGen: 609434K->384K(587840K)] 724537K->115583K(1274816K), 0.0104110 secs] [Times: user=0.04 sys=0.00, real=0.01 secs] 
2014-07-16T14:15:00.883+0000: 711.071: [GC [PSYoungGen: 587837K->480K(567616K)] 703037K->115727K(1254592K), 0.0044880 secs] [Times: user=0.01 sys=0.00, real=0.01 secs] 
2014-07-16T14:15:02.100+0000: 712.288: [GC [PSYoungGen: 567584K->306K(680896K)] 682831K->115617K(1367872K), 0.0285150 secs] [Times: user=0.10 sys=0.01, real=0.03 secs] 
2014-07-16T14:15:03.558+0000: 713.745: [GC [PSYoungGen: 680882K->224K(656192K)] 796193K->115567K(1343168K), 0.0045600 secs] [Times: user=0.01 sys=0.00, real=0.00 secs] 
2014-07-16T14:15:04.971+0000: 715.158: [GC [PSYoungGen: 656160K->352K(632832K)] 771503K->115775K(1319808K), 0.0089560 secs] [Times: user=0.03 sys=0.00, real=0.01 secs] 
2014-07-16T14:15:06.323+0000: 716.510: [GC [PSYoungGen: 632800K->306K(610304K)] 748223K->115833K(1297280K), 0.0098550 secs] [Times: user=0.03 sys=0.00, real=0.01 secs] 
2014-07-16T14:15:07.643+0000: 717.830: [GC [PSYoungGen: 610290K->288K(588864K)] 725817K->115911K(1275840K), 0.0215950 secs] [Times: user=0.07 sys=0.00, real=0.02 secs] 
2014-07-16T14:15:08.947+0000: 719.134: [GC [PSYoungGen: 588832K->960K(569088K)] 704455K->116775K(1256064K), 0.0074940 secs] [Times: user=0.02 sys=0.00, real=0.01 secs] 
2014-07-16T14:15:10.123+0000: 720.310: [GC [PSYoungGen: 569088K->466K(682304K)] 684903K->116353K(1369280K), 0.0186580 secs] [Times: user=0.07 sys=0.00, real=0.02 secs] 
2014-07-16T14:15:11.580+0000: 721.767: [GC [PSYoungGen: 682258K->192K(657280K)] 798145K->116151K(1344256K), 0.0098860 secs] [Times: user=0.03 sys=0.00, real=0.01 secs] 
2014-07-16T14:15:12.993+0000: 723.181: [GC [PSYoungGen: 657280K->448K(633984K)] 773239K->116471K(1320960K), 0.0075280 secs] [Times: user=0.01 sys=0.01, real=0.01 secs] 
2014-07-16T14:15:14.345+0000: 724.532: [GC [PSYoungGen: 633984K->402K(760704K)] 750007K->116481K(1447680K), 0.0268510 secs] [Times: user=0.10 sys=0.00, real=0.03 secs] 
2014-07-16T14:15:15.994+0000: 726.182: [GC [PSYoungGen: 760658K->534K(732480K)] 876737K->116677K(1419456K), 0.0091020 secs] [Times: user=0.03 sys=0.01, real=0.01 secs] 
2014-07-16T14:15:17.549+0000: 727.736: [GC [PSYoungGen: 732438K->480K(705408K)] 848581K->116751K(1392384K), 0.0055490 secs] [Times: user=0.01 sys=0.00, real=0.01 secs] 
2014-07-16T14:15:19.150+0000: 729.337: [GC [PSYoungGen: 705376K->840K(680000K)] 821647K->117207K(1366976K), 0.0060790 secs] [Times: user=0.02 sys=0.00, real=0.00 secs] 
2014-07-16T14:15:20.548+0000: 730.735: [GC [PSYoungGen: 679944K->338K(654912K)] 796311K->116825K(1341888K), 0.0048070 secs] [Times: user=0.01 sys=0.00, real=0.01 secs] 
2014-07-16T14:15:21.952+0000: 732.140: [GC [PSYoungGen: 654866K->192K(631296K)] 771353K->116735K(1318272K), 0.0102870 secs] [Times: user=0.03 sys=0.00, real=0.01 secs] 
2014-07-16T14:15:23.310+0000: 733.498: [GC [PSYoungGen: 631296K->534K(609280K)] 747839K->117125K(1296256K), 0.0057230 secs] [Times: user=0.01 sys=0.00, real=0.00 secs] 
2014-07-16T14:15:24.615+0000: 734.802: [GC [PSYoungGen: 609238K->224K(587584K)] 725829K->116879K(1274560K), 0.0096720 secs] [Times: user=0.03 sys=0.00, real=0.01 secs] 
2014-07-16T14:15:25.868+0000: 736.056: [GC [PSYoungGen: 587552K->320K(567296K)] 704207K->117055K(1254272K), 0.0061150 secs] [Times: user=0.02 sys=0.00, real=0.01 secs] 
2014-07-16T14:15:27.096+0000: 737.284: [GC [PSYoungGen: 567296K->566K(548096K)] 684031K->117413K(1235072K), 0.0065090 secs] [Times: user=0.03 sys=0.00, real=0.01 secs] 
2014-07-16T14:15:28.377+0000: 738.564: [GC [PSYoungGen: 548086K->850K(529856K)] 664933K->117793K(1216832K), 0.0069080 secs] [Times: user=0.02 sys=0.01, real=0.01 secs] 
2014-07-16T14:15:29.697+0000: 739.884: [GC [PSYoungGen: 529810K->498K(511744K)] 646753K->117993K(1198720K), 0.0068120 secs] [Times: user=0.01 sys=0.00, real=0.01 secs] 
2014-07-16T14:15:30.940+0000: 741.127: [GC [PSYoungGen: 511730K->864K(495168K)] 629225K->118503K(1182144K), 0.0100860 secs] [Times: user=0.02 sys=0.00, real=0.01 secs] 
2014-07-16T14:15:32.086+0000: 742.273: [GC [PSYoungGen: 495136K->978K(479104K)] 612775K->118841K(1166080K), 0.0085890 secs] [Times: user=0.02 sys=0.00, real=0.01 secs] 
2014-07-16T14:15:33.190+0000: 743.377: [GC [PSYoungGen: 479058K->402K(574144K)] 596921K->118329K(1261120K), 0.0375790 secs] [Times: user=0.13 sys=0.00, real=0.04 secs] 
2014-07-16T14:15:34.386+0000: 744.573: [GC [PSYoungGen: 574092K->224K(688704K)] 692020K->118215K(1375680K), 0.0049980 secs] [Times: user=0.01 sys=0.00, real=0.01 secs] 
2014-07-16T14:15:35.867+0000: 746.054: [GC [PSYoungGen: 688672K->480K(663936K)] 806663K->118535K(1350912K), 0.0106620 secs] [Times: user=0.03 sys=0.00, real=0.01 secs] 
2014-07-16T14:15:37.283+0000: 747.470: [GC [PSYoungGen: 663830K->324K(639936K)] 781886K->118459K(1326912K), 0.0046990 secs] [Times: user=0.01 sys=0.00, real=0.00 secs] 
2014-07-16T14:15:38.651+0000: 748.839: [GC [PSYoungGen: 639876K->192K(616960K)] 758011K->118399K(1303936K), 0.0038250 secs] [Times: user=0.01 sys=0.00, real=0.01 secs] 
2014-07-16T14:15:39.986+0000: 750.173: [GC [PSYoungGen: 616960K->274K(595392K)] 735167K->118553K(1282368K), 0.0172140 secs] [Times: user=0.07 sys=0.00, real=0.02 secs] 
2014-07-16T14:15:41.299+0000: 751.486: [GC [PSYoungGen: 595346K->256K(574592K)] 713625K->118631K(1261568K), 0.0112730 secs] [Times: user=0.04 sys=0.00, real=0.01 secs] 
2014-07-16T14:15:42.521+0000: 752.709: [GC [PSYoungGen: 574592K->192K(554752K)] 692967K->118647K(1241728K), 0.0037970 secs] [Times: user=0.01 sys=0.00, real=0.01 secs] 
2014-07-16T14:15:43.721+0000: 753.908: [GC [PSYoungGen: 554752K->274K(536000K)] 673207K->118761K(1222976K), 0.0040250 secs] [Times: user=0.01 sys=0.00, real=0.01 secs] 
2014-07-16T14:15:44.877+0000: 755.064: [GC [PSYoungGen: 535929K->424K(518080K)] 654417K->118975K(1205056K), 0.0064390 secs] [Times: user=0.01 sys=0.00, real=0.01 secs] 
2014-07-16T14:15:45.980+0000: 756.167: [GC [PSYoungGen: 518056K->224K(500672K)] 636607K->118823K(1187648K), 0.0041530 secs] [Times: user=0.01 sys=0.00, real=0.01 secs] 
2014-07-16T14:15:47.055+0000: 757.242: [GC [PSYoungGen: 500640K->384K(600896K)] 619239K->119095K(1287872K), 0.0318980 secs] [Times: user=0.11 sys=0.00, real=0.03 secs] 
2014-07-16T14:15:48.340+0000: 758.527: [GC [PSYoungGen: 600836K->324K(721024K)] 719548K->119091K(1408000K), 0.0262010 secs] [Times: user=0.09 sys=0.00, real=0.03 secs] 
2014-07-16T14:15:49.883+0000: 760.070: [GC [PSYoungGen: 720964K->530K(865344K)] 839731K->119377K(1552320K), 0.0082610 secs] [Times: user=0.02 sys=0.00, real=0.01 secs] 
2014-07-16T14:15:51.735+0000: 761.922: [GC [PSYoungGen: 865298K->608K(832128K)] 984145K->119551K(1519104K), 0.0041100 secs] [Times: user=0.01 sys=0.00, real=0.00 secs] 
2014-07-16T14:15:53.548+0000: 763.735: [GC [PSYoungGen: 832096K->594K(800448K)] 951039K->119617K(1487424K), 0.0032230 secs] [Times: user=0.01 sys=0.00, real=0.00 secs] 
2014-07-16T14:15:55.610+0000: 765.797: [GC [PSYoungGen: 800362K->932K(770560K)] 919386K->120283K(1457536K), 0.0068460 secs] [Times: user=0.02 sys=0.00, real=0.01 secs] 
2014-07-16T14:15:57.457+0000: 767.644: [GC [PSYoungGen: 770532K->384K(741184K)] 889883K->120457K(1428160K), 0.0053890 secs] [Times: user=0.01 sys=0.00, real=0.00 secs] 
2014-07-16T14:15:59.177+0000: 769.364: [GC [PSYoungGen: 741184K->690K(714048K)] 861257K->120995K(1401024K), 0.0087800 secs] [Times: user=0.02 sys=0.00, real=0.01 secs] 
2014-07-16T14:16:00.724+0000: 770.911: [GC [PSYoungGen: 714034K->548K(687744K)] 834339K->121037K(1374720K), 0.0054090 secs] [Times: user=0.01 sys=0.00, real=0.01 secs] 
2014-07-16T14:16:02.198+0000: 772.386: [GC [PSYoungGen: 687716K->1106K(663360K)] 808205K->121707K(1350336K), 0.0168230 secs] [Times: user=0.05 sys=0.01, real=0.01 secs] 
2014-07-16T14:16:03.602+0000: 773.789: [GC [PSYoungGen: 663301K->306K(638720K)] 783903K->120963K(1325696K), 0.0076810 secs] [Times: user=0.02 sys=0.00, real=0.01 secs] 
2014-07-16T14:16:04.963+0000: 775.150: [GC [PSYoungGen: 638706K->224K(615936K)] 759363K->120929K(1302912K), 0.0053580 secs] [Times: user=0.01 sys=0.00, real=0.01 secs] 
2014-07-16T14:16:06.281+0000: 776.468: [GC [PSYoungGen: 615904K->210K(594240K)] 736609K->120971K(1281216K), 0.0039290 secs] [Times: user=0.01 sys=0.00, real=0.00 secs] 
2014-07-16T14:16:07.551+0000: 777.738: [GC [PSYoungGen: 594194K->448K(573760K)] 714955K->121289K(1260736K), 0.0090530 secs] [Times: user=0.01 sys=0.00, real=0.01 secs] 
2014-07-16T14:16:08.787+0000: 778.974: [GC [PSYoungGen: 573760K->288K(553920K)] 694601K->121193K(1240896K), 0.0037110 secs] [Times: user=0.01 sys=0.00, real=0.01 secs] 
2014-07-16T14:16:10.014+0000: 780.201: [GC [PSYoungGen: 553873K->512K(535232K)] 674779K->121489K(1222208K), 0.0156640 secs] [Times: user=0.06 sys=0.00, real=0.02 secs] 
2014-07-16T14:16:11.164+0000: 781.351: [GC [PSYoungGen: 535232K->352K(517120K)] 656209K->121425K(1204096K), 0.0139330 secs] [Times: user=0.05 sys=0.00, real=0.02 secs] 
2014-07-16T14:16:12.266+0000: 782.454: [GC [PSYoungGen: 517086K->438K(499968K)] 638160K->121567K(1186944K), 0.0046910 secs] [Times: user=0.02 sys=0.00, real=0.01 secs] 
2014-07-16T14:16:13.348+0000: 783.535: [GC [PSYoungGen: 499958K->352K(483456K)] 621087K->121529K(1170432K), 0.0068370 secs] [Times: user=0.03 sys=0.00, real=0.00 secs] 
2014-07-16T14:16:14.376+0000: 784.563: [GC [PSYoungGen: 483424K->402K(467776K)] 604601K->121651K(1154752K), 0.0166110 secs] [Times: user=0.06 sys=0.00, real=0.02 secs] 
2014-07-16T14:16:15.377+0000: 785.564: [GC [PSYoungGen: 467730K->460K(452800K)] 588979K->121741K(1139776K), 0.0052720 secs] [Times: user=0.01 sys=0.00, real=0.01 secs] 
2014-07-16T14:16:16.348+0000: 786.535: [GC [PSYoungGen: 452748K->466K(438400K)] 574029K->121835K(1125376K), 0.0038590 secs] [Times: user=0.01 sys=0.00, real=0.01 secs] 
2014-07-16T14:16:17.289+0000: 787.476: [GC [PSYoungGen: 438354K->352K(424512K)] 559723K->121777K(1111488K), 0.0088030 secs] [Times: user=0.01 sys=0.00, real=0.00 secs] 
2014-07-16T14:16:18.200+0000: 788.387: [GC [PSYoungGen: 424480K->288K(411264K)] 545905K->121769K(1098240K), 0.0078360 secs] [Times: user=0.01 sys=0.00, real=0.00 secs] 
2014-07-16T14:16:19.078+0000: 789.265: [GC [PSYoungGen: 411232K->128K(398464K)] 532713K->121657K(1085440K), 0.0036970 secs] [Times: user=0.01 sys=0.01, real=0.00 secs] 
2014-07-16T14:16:19.933+0000: 790.121: [GC [PSYoungGen: 398463K->288K(387200K)] 519993K->121865K(1074176K), 0.0079580 secs] [Times: user=0.02 sys=0.00, real=0.01 secs] 
2014-07-16T14:16:20.753+0000: 790.940: [GC [PSYoungGen: 386592K->416K(375168K)] 508169K->122049K(1062144K), 0.0078200 secs] [Times: user=0.03 sys=0.00, real=0.01 secs] 
2014-07-16T14:16:21.548+0000: 791.735: [GC [PSYoungGen: 375136K->402K(364096K)] 496769K->122091K(1051072K), 0.0083330 secs] [Times: user=0.03 sys=0.00, real=0.01 secs] 
2014-07-16T14:16:22.334+0000: 792.521: [GC [PSYoungGen: 364050K->320K(353344K)] 485739K->122089K(1040320K), 0.0075660 secs] [Times: user=0.02 sys=0.00, real=0.01 secs] 
2014-07-16T14:16:23.148+0000: 793.336: [GC [PSYoungGen: 353344K->434K(343296K)] 475113K->122235K(1030272K), 0.0047390 secs] [Times: user=0.01 sys=0.00, real=0.01 secs] 
2014-07-16T14:16:23.873+0000: 794.061: [GC [PSYoungGen: 343282K->320K(333440K)] 465083K->122225K(1020416K), 0.0035200 secs] [Times: user=0.02 sys=0.00, real=0.00 secs] 
2014-07-16T14:16:24.610+0000: 794.797: [GC [PSYoungGen: 333440K->704K(324480K)] 455345K->122945K(1011456K), 0.0115140 secs] [Times: user=0.04 sys=0.00, real=0.01 secs] 
2014-07-16T14:16:25.299+0000: 795.486: [GC [PSYoungGen: 324479K->352K(315200K)] 446721K->122641K(1002176K), 0.0048900 secs] [Times: user=0.01 sys=0.00, real=0.01 secs] 
2014-07-16T14:16:25.976+0000: 796.164: [GC [PSYoungGen: 315166K->416K(378240K)] 437456K->122865K(1065216K), 0.0109840 secs] [Times: user=0.04 sys=0.01, real=0.01 secs] 
2014-07-16T14:16:26.789+0000: 796.976: [GC [PSYoungGen: 378208K->448K(453824K)] 500657K->122953K(1140800K), 0.0121940 secs] [Times: user=0.04 sys=0.00, real=0.02 secs] 
2014-07-16T14:16:27.781+0000: 797.968: [GC [PSYoungGen: 453824K->320K(439296K)] 576329K->122865K(1126272K), 0.0044680 secs] [Times: user=0.01 sys=0.01, real=0.00 secs] 
2014-07-16T14:16:28.711+0000: 798.899: [GC [PSYoungGen: 439281K->374K(425536K)] 561827K->123023K(1112512K), 0.0042080 secs] [Times: user=0.01 sys=0.00, real=0.00 secs] 
2014-07-16T14:16:29.681+0000: 799.869: [GC [PSYoungGen: 425526K->594K(412608K)] 548175K->123291K(1099584K), 0.0062210 secs] [Times: user=0.02 sys=0.00, real=0.00 secs] 
2014-07-16T14:16:30.627+0000: 800.814: [GC [PSYoungGen: 412559K->576K(399936K)] 535257K->123321K(1086912K), 0.0054540 secs] [Times: user=0.01 sys=0.00, real=0.01 secs] 
2014-07-16T14:16:31.585+0000: 801.773: [GC [PSYoungGen: 399936K->580K(387904K)] 522681K->123413K(1074880K), 0.0146420 secs] [Times: user=0.05 sys=0.00, real=0.02 secs] 
2014-07-16T14:16:32.485+0000: 802.672: [GC [PSYoungGen: 387844K->320K(376000K)] 510677K->123225K(1062976K), 0.0048950 secs] [Times: user=0.01 sys=0.00, real=0.00 secs] 
2014-07-16T14:16:33.332+0000: 803.520: [GC [PSYoungGen: 376000K->708K(365312K)] 498905K->123661K(1052288K), 0.0057720 secs] [Times: user=0.01 sys=0.00, real=0.00 secs] 
2014-07-16T14:16:34.229+0000: 804.416: [GC [PSYoungGen: 365252K->370K(437888K)] 488205K->123379K(1124864K), 0.0192150 secs] [Times: user=0.07 sys=0.00, real=0.02 secs] 
2014-07-16T14:16:35.304+0000: 805.491: [GC [PSYoungGen: 437817K->512K(424256K)] 560827K->123601K(1111232K), 0.0047000 secs] [Times: user=0.01 sys=0.00, real=0.00 secs] 
2014-07-16T14:16:36.213+0000: 806.401: [GC [PSYoungGen: 424256K->438K(508992K)] 547345K->123655K(1195968K), 0.0117510 secs] [Times: user=0.04 sys=0.01, real=0.01 secs] 
2014-07-16T14:16:37.303+0000: 807.490: [GC [PSYoungGen: 508935K->242K(491968K)] 632153K->123515K(1178944K), 0.0068960 secs] [Times: user=0.03 sys=0.00, real=0.00 secs] 
2014-07-16T14:16:38.356+0000: 808.543: [GC [PSYoungGen: 491954K->160K(475776K)] 615227K->123481K(1162752K), 0.0095150 secs] [Times: user=0.04 sys=0.00, real=0.01 secs] 
2014-07-16T14:16:39.379+0000: 809.566: [GC [PSYoungGen: 475698K->342K(460608K)] 599020K->123695K(1147584K), 0.0060880 secs] [Times: user=0.01 sys=0.00, real=0.01 secs] 
2014-07-16T14:16:40.378+0000: 810.565: [GC [PSYoungGen: 460566K->320K(445824K)] 583919K->123745K(1132800K), 0.0079640 secs] [Times: user=0.01 sys=0.00, real=0.01 secs] 
2014-07-16T14:16:41.332+0000: 811.519: [GC [PSYoungGen: 445823K->224K(431680K)] 569249K->123705K(1118656K), 0.0041880 secs] [Times: user=0.01 sys=0.00, real=0.00 secs] 
2014-07-16T14:16:42.271+0000: 812.459: [GC [PSYoungGen: 431645K->466K(418432K)] 555127K->123995K(1105408K), 0.0060450 secs] [Times: user=0.02 sys=0.00, real=0.01 secs] 
2014-07-16T14:16:43.166+0000: 813.354: [GC [PSYoungGen: 418386K->640K(405696K)] 541915K->124257K(1092672K), 0.0087410 secs] [Times: user=0.02 sys=0.00, real=0.01 secs] 
2014-07-16T14:16:44.051+0000: 814.238: [GC [PSYoungGen: 405696K->420K(393152K)] 529313K->124653K(1080128K), 0.0080550 secs] [Times: user=0.02 sys=0.00, real=0.01 secs] 
2014-07-16T14:16:44.906+0000: 815.093: [GC [PSYoungGen: 393124K->786K(472128K)] 517357K->125059K(1159104K), 0.0296110 secs] [Times: user=0.10 sys=0.00, real=0.03 secs] 
2014-07-16T14:16:45.895+0000: 816.082: [GC [PSYoungGen: 472009K->324K(565952K)] 596283K->124829K(1252928K), 0.0076270 secs] [Times: user=0.02 sys=0.00, real=0.01 secs] 
2014-07-16T14:16:47.106+0000: 817.293: [GC [PSYoungGen: 565892K->384K(679104K)] 690397K->124961K(1366080K), 0.0071760 secs] [Times: user=0.03 sys=0.00, real=0.01 secs] 
2014-07-16T14:16:48.556+0000: 818.743: [GC [PSYoungGen: 679103K->192K(654336K)] 803681K->124817K(1341312K), 0.0050190 secs] [Times: user=0.01 sys=0.00, real=0.00 secs] 
2014-07-16T14:16:49.988+0000: 820.175: [GC [PSYoungGen: 654283K->466K(631232K)] 778909K->125155K(1318208K), 0.0101230 secs] [Times: user=0.03 sys=0.00, real=0.01 secs] 
2014-07-16T14:16:51.322+0000: 821.510: [GC [PSYoungGen: 631178K->324K(608768K)] 755868K->125117K(1295744K), 0.0053150 secs] [Times: user=0.01 sys=0.00, real=0.01 secs] 
2014-07-16T14:16:52.635+0000: 822.822: [GC [PSYoungGen: 608708K->356K(587456K)] 733501K->125245K(1274432K), 0.0148250 secs] [Times: user=0.06 sys=0.00, real=0.01 secs] 
2014-07-16T14:16:53.901+0000: 824.088: [GC [PSYoungGen: 587428K->676K(705216K)] 712317K->125677K(1392192K), 0.0292940 secs] [Times: user=0.10 sys=0.00, real=0.03 secs] 
2014-07-16T14:16:55.421+0000: 825.608: [GC [PSYoungGen: 705171K->616K(846080K)] 830173K->125681K(1533056K), 0.0074770 secs] [Times: user=0.03 sys=0.00, real=0.01 secs] 
2014-07-16T14:16:57.410+0000: 827.598: [GC [PSYoungGen: 846056K->626K(813696K)] 971121K->125947K(1500672K), 0.0104300 secs] [Times: user=0.01 sys=0.00, real=0.01 secs] 
2014-07-16T14:16:59.356+0000: 829.543: [GC [PSYoungGen: 813664K->708K(782976K)] 938986K->126213K(1469952K), 0.0049190 secs] [Times: user=0.01 sys=0.00, real=0.00 secs] 
2014-07-16T14:17:01.242+0000: 831.429: [GC [PSYoungGen: 782916K->626K(753472K)] 908421K->126275K(1440448K), 0.0102760 secs] [Times: user=0.04 sys=0.00, real=0.01 secs] 
2014-07-16T14:17:02.900+0000: 833.087: [GC [PSYoungGen: 753458K->320K(725120K)] 879107K->126105K(1412096K), 0.0126190 secs] [Times: user=0.05 sys=0.00, real=0.01 secs] 
2014-07-16T14:17:04.462+0000: 834.649: [GC [PSYoungGen: 725120K->416K(698560K)] 850905K->126289K(1385536K), 0.0073940 secs] [Times: user=0.01 sys=0.00, real=0.01 secs] 
2014-07-16T14:17:05.957+0000: 836.145: [GC [PSYoungGen: 698434K->872K(673536K)] 824308K->126809K(1360512K), 0.0170990 secs] [Times: user=0.06 sys=0.00, real=0.01 secs] 
2014-07-16T14:17:07.389+0000: 837.577: [GC [PSYoungGen: 673512K->420K(648832K)] 799449K->126501K(1335808K), 0.0097360 secs] [Times: user=0.03 sys=0.00, real=0.01 secs] 
2014-07-16T14:17:08.782+0000: 838.969: [GC [PSYoungGen: 648804K->192K(625408K)] 774885K->126353K(1312384K), 0.0100600 secs] [Times: user=0.04 sys=0.00, real=0.01 secs] 
2014-07-16T14:17:10.124+0000: 840.312: [GC [PSYoungGen: 625408K->480K(750784K)] 751569K->126713K(1437760K), 0.0253220 secs] [Times: user=0.09 sys=0.00, real=0.03 secs] 
2014-07-16T14:17:11.747+0000: 841.935: [GC [PSYoungGen: 750675K->356K(900736K)] 876909K->126645K(1587712K), 0.0224100 secs] [Times: user=0.08 sys=0.00, real=0.02 secs] 
2014-07-16T14:17:13.694+0000: 843.882: [GC [PSYoungGen: 900708K->534K(1081024K)] 1026997K->126927K(1768000K), 0.0153420 secs] [Times: user=0.06 sys=0.00, real=0.02 secs] 
2014-07-16T14:17:16.061+0000: 846.248: [GC [PSYoungGen: 1080982K->434K(1037312K)] 1207375K->126923K(1724288K), 0.0041090 secs] [Times: user=0.01 sys=0.00, real=0.00 secs] 
2014-07-16T14:17:18.282+0000: 848.469: [GC [PSYoungGen: 1037298K->256K(995648K)] 1163787K->126993K(1682624K), 0.0252150 secs] [Times: user=0.08 sys=0.00, real=0.03 secs] 
2014-07-16T14:17:20.404+0000: 850.591: [GC [PSYoungGen: 995648K->448K(956352K)] 1122385K->127273K(1643328K), 0.0235700 secs] [Times: user=0.08 sys=0.00, real=0.02 secs] 
2014-07-16T14:17:22.466+0000: 852.654: [GC [PSYoungGen: 956352K->544K(918848K)] 1083177K->127465K(1605824K), 0.0097900 secs] [Times: user=0.02 sys=0.00, real=0.01 secs] 
2014-07-16T14:17:24.446+0000: 854.633: [GC [PSYoungGen: 918813K->740K(883200K)] 1045735K->127749K(1570176K), 0.0064630 secs] [Times: user=0.02 sys=0.00, real=0.01 secs] 
2014-07-16T14:17:26.346+0000: 856.533: [GC [PSYoungGen: 883172K->512K(848832K)] 1010181K->127641K(1535808K), 0.0042520 secs] [Times: user=0.01 sys=0.00, real=0.01 secs] 
2014-07-16T14:17:28.168+0000: 858.355: [GC [PSYoungGen: 848832K->192K(816000K)] 975961K->127505K(1502976K), 0.0046210 secs] [Times: user=0.02 sys=0.00, real=0.01 secs] 
2014-07-16T14:17:29.939+0000: 860.127: [GC [PSYoungGen: 816000K->608K(785472K)] 943313K->128017K(1472448K), 0.0267250 secs] [Times: user=0.09 sys=0.00, real=0.02 secs] 
2014-07-16T14:17:31.629+0000: 861.816: [GC [PSYoungGen: 785438K->288K(755648K)] 912848K->127785K(1442624K), 0.0048120 secs] [Times: user=0.01 sys=0.00, real=0.00 secs] 
2014-07-16T14:17:33.385+0000: 863.572: [GC [PSYoungGen: 755616K->932K(728192K)] 883113K->128597K(1415168K), 0.0128870 secs] [Times: user=0.04 sys=0.01, real=0.01 secs] 
2014-07-16T14:17:35.066+0000: 865.254: [GC [PSYoungGen: 728164K->1128K(701568K)] 855829K->128970K(1388544K), 0.0128520 secs] [Times: user=0.04 sys=0.01, real=0.01 secs] 
2014-07-16T14:17:36.745+0000: 866.932: [GC [PSYoungGen: 701544K->256K(675072K)] 829386K->128555K(1362048K), 0.0058600 secs] [Times: user=0.01 sys=0.00, real=0.01 secs] 
2014-07-16T14:17:38.229+0000: 868.416: [GC [PSYoungGen: 675072K->452K(650944K)] 803371K->128952K(1337920K), 0.0077730 secs] [Times: user=0.01 sys=0.01, real=0.01 secs] 
2014-07-16T14:17:39.635+0000: 869.822: [GC [PSYoungGen: 650825K->836K(628096K)] 779325K->129472K(1315072K), 0.0059600 secs] [Times: user=0.02 sys=0.00, real=0.00 secs] 
2014-07-16T14:17:40.985+0000: 871.173: [GC [PSYoungGen: 628036K->224K(605248K)] 756672K->128915K(1292224K), 0.0214960 secs] [Times: user=0.07 sys=0.00, real=0.02 secs] 
2014-07-16T14:17:42.287+0000: 872.474: [GC [PSYoungGen: 605216K->570K(584384K)] 733907K->129374K(1271360K), 0.0069920 secs] [Times: user=0.01 sys=0.00, real=0.01 secs] 
2014-07-16T14:17:43.536+0000: 873.723: [GC [PSYoungGen: 584378K->210K(563840K)] 713182K->129053K(1250816K), 0.0051900 secs] [Times: user=0.01 sys=0.00, real=0.01 secs] 
2014-07-16T14:17:44.760+0000: 874.947: [GC [PSYoungGen: 563794K->128K(544384K)] 692637K->129011K(1231360K), 0.0064940 secs] [Times: user=0.01 sys=0.00, real=0.01 secs] 
2014-07-16T14:17:45.933+0000: 876.120: [GC [PSYoungGen: 544384K->602K(527104K)] 673267K->129518K(1214080K), 0.0048710 secs] [Times: user=0.01 sys=0.00, real=0.00 secs] 
2014-07-16T14:17:47.080+0000: 877.267: [GC [PSYoungGen: 526389K->420K(508672K)] 655305K->129448K(1195648K), 0.0039800 secs] [Times: user=0.01 sys=0.00, real=0.01 secs] 
2014-07-16T14:17:48.252+0000: 878.440: [GC [PSYoungGen: 508644K->608K(492032K)] 637672K->129755K(1179008K), 0.0073080 secs] [Times: user=0.02 sys=0.00, real=0.00 secs] 
2014-07-16T14:17:49.380+0000: 879.567: [GC [PSYoungGen: 492000K->516K(475904K)] 621147K->129775K(1162880K), 0.0079340 secs] [Times: user=0.01 sys=0.00, real=0.01 secs] 
2014-07-16T14:17:50.537+0000: 880.724: [GC [PSYoungGen: 475770K->704K(460672K)] 605030K->130035K(1147648K), 0.0120010 secs] [Times: user=0.03 sys=0.00, real=0.01 secs] 
2014-07-16T14:17:51.581+0000: 881.768: [GC [PSYoungGen: 460672K->872K(446144K)] 590003K->130324K(1133120K), 0.0197370 secs] [Times: user=0.06 sys=0.00, real=0.02 secs] 
2014-07-16T14:17:52.601+0000: 882.788: [GC [PSYoungGen: 446120K->370K(431552K)] 575572K->129893K(1118528K), 0.0068580 secs] [Times: user=0.01 sys=0.00, real=0.01 secs] 
2014-07-16T14:17:53.563+0000: 883.751: [GC [PSYoungGen: 431538K->438K(418176K)] 561061K->130018K(1105152K), 0.0103240 secs] [Times: user=0.03 sys=0.00, real=0.01 secs] 
2014-07-16T14:17:54.470+0000: 884.658: [GC [PSYoungGen: 418166K->260K(405184K)] 547746K->129896K(1092160K), 0.0066160 secs] [Times: user=0.01 sys=0.00, real=0.01 secs] 
2014-07-16T14:17:55.361+0000: 885.549: [GC [PSYoungGen: 405071K->470K(486400K)] 534707K->130146K(1173376K), 0.0196870 secs] [Times: user=0.07 sys=0.00, real=0.02 secs] 
2014-07-16T14:17:56.386+0000: 886.574: [GC [PSYoungGen: 486358K->694K(583808K)] 616034K->130458K(1270784K), 0.0068800 secs] [Times: user=0.01 sys=0.00, real=0.01 secs] 
2014-07-16T14:17:57.641+0000: 887.828: [GC [PSYoungGen: 583798K->626K(700416K)] 713562K->130461K(1387392K), 0.0149720 secs] [Times: user=0.05 sys=0.00, real=0.02 secs] 
2014-07-16T14:17:59.172+0000: 889.359: [GC [PSYoungGen: 700394K->356K(674624K)] 830230K->130248K(1361600K), 0.0068190 secs] [Times: user=0.02 sys=0.00, real=0.01 secs] 
2014-07-16T14:18:00.626+0000: 890.813: [GC [PSYoungGen: 674596K->680K(650560K)] 804488K->130700K(1337536K), 0.0125270 secs] [Times: user=0.04 sys=0.00, real=0.01 secs] 
2014-07-16T14:18:02.028+0000: 892.215: [GC [PSYoungGen: 650528K->356K(627008K)] 780548K->130464K(1313984K), 0.0119230 secs] [Times: user=0.05 sys=0.00, real=0.01 secs] 
2014-07-16T14:18:03.367+0000: 893.554: [GC [PSYoungGen: 626980K->288K(604800K)] 757088K->130435K(1291776K), 0.0045060 secs] [Times: user=0.01 sys=0.00, real=0.00 secs] 
2014-07-16T14:18:04.663+0000: 894.851: [GC [PSYoungGen: 604768K->498K(583808K)] 734915K->130717K(1270784K), 0.0215250 secs] [Times: user=0.06 sys=0.00, real=0.03 secs] 
2014-07-16T14:18:05.921+0000: 896.108: [GC [PSYoungGen: 583794K->594K(563712K)] 714013K->130869K(1250688K), 0.0068380 secs] [Times: user=0.01 sys=0.00, real=0.01 secs] 
2014-07-16T14:18:07.163+0000: 897.350: [GC [PSYoungGen: 563666K->950K(544768K)] 693941K->131530K(1231744K), 0.0110810 secs] [Times: user=0.02 sys=0.01, real=0.01 secs] 
2014-07-16T14:18:08.310+0000: 898.497: [GC [PSYoungGen: 544758K->370K(525760K)] 675338K->131077K(1212736K), 0.0131700 secs] [Times: user=0.04 sys=0.01, real=0.01 secs] 
2014-07-16T14:18:09.440+0000: 899.627: [GC [PSYoungGen: 525746K->612K(508416K)] 656453K->131431K(1195392K), 0.0051350 secs] [Times: user=0.01 sys=0.01, real=0.01 secs] 
2014-07-16T14:18:10.525+0000: 900.712: [GC [PSYoungGen: 508372K->260K(491264K)] 639192K->131127K(1178240K), 0.0116270 secs] [Times: user=0.04 sys=0.00, real=0.02 secs] 
2014-07-16T14:18:11.588+0000: 901.775: [GC [PSYoungGen: 491204K->790K(475712K)] 622071K->131714K(1162688K), 0.0070560 secs] [Times: user=0.01 sys=0.00, real=0.01 secs] 
2014-07-16T14:18:12.598+0000: 902.786: [GC [PSYoungGen: 475664K->292K(459840K)] 606588K->131247K(1146816K), 0.0051410 secs] [Times: user=0.01 sys=0.00, real=0.00 secs] 
2014-07-16T14:18:13.586+0000: 903.773: [GC [PSYoungGen: 459812K->288K(445120K)] 590767K->131283K(1132096K), 0.0043700 secs] [Times: user=0.01 sys=0.00, real=0.01 secs] 
2014-07-16T14:18:14.542+0000: 904.729: [GC [PSYoungGen: 445088K->274K(431040K)] 576083K->131317K(1118016K), 0.0062980 secs] [Times: user=0.02 sys=0.00, real=0.01 secs] 
2014-07-16T14:18:15.539+0000: 905.726: [GC [PSYoungGen: 430994K->868K(418176K)] 562037K->131936K(1105152K), 0.0050830 secs] [Times: user=0.02 sys=0.00, real=0.00 secs] 
2014-07-16T14:18:16.405+0000: 906.593: [GC [PSYoungGen: 418148K->448K(501184K)] 549216K->131643K(1188160K), 0.0236880 secs] [Times: user=0.08 sys=0.00, real=0.03 secs] 
2014-07-16T14:18:17.483+0000: 907.670: [GC [PSYoungGen: 501184K->160K(601088K)] 632379K->131427K(1288064K), 0.0134200 secs] [Times: user=0.05 sys=0.00, real=0.02 secs] 
2014-07-16T14:18:18.771+0000: 908.959: [GC [PSYoungGen: 601056K->512K(721600K)] 732323K->131851K(1408576K), 0.0280770 secs] [Times: user=0.09 sys=0.00, real=0.03 secs] 
2014-07-16T14:18:20.328+0000: 910.515: [GC [PSYoungGen: 721600K->548K(865920K)] 852939K->131936K(1552896K), 0.0045380 secs] [Times: user=0.01 sys=0.00, real=0.00 secs] 
2014-07-16T14:18:22.210+0000: 912.397: [GC [PSYoungGen: 865892K->288K(832384K)] 997280K->131747K(1519360K), 0.0107870 secs] [Times: user=0.04 sys=0.00, real=0.01 secs] 
2014-07-16T14:18:24.002+0000: 914.189: [GC [PSYoungGen: 832352K->320K(800640K)] 963811K->131867K(1487616K), 0.0043700 secs] [Times: user=0.01 sys=0.00, real=0.00 secs] 
2014-07-16T14:18:25.900+0000: 916.087: [GC [PSYoungGen: 800640K->918K(771072K)] 932187K->132538K(1458048K), 0.0102680 secs] [Times: user=0.03 sys=0.00, real=0.01 secs] 
2014-07-16T14:18:27.648+0000: 917.835: [GC [PSYoungGen: 771025K->658K(742016K)] 902645K->132509K(1428992K), 0.0056000 secs] [Times: user=0.01 sys=0.00, real=0.00 secs] 
2014-07-16T14:18:29.396+0000: 919.584: [GC [PSYoungGen: 741970K->516K(714432K)] 873821K->132480K(1401408K), 0.0086370 secs] [Times: user=0.03 sys=0.00, real=0.01 secs] 
2014-07-16T14:18:30.964+0000: 921.152: [GC [PSYoungGen: 714369K->288K(688000K)] 846333K->132363K(1374976K), 0.0083710 secs] [Times: user=0.03 sys=0.00, real=0.01 secs] 
2014-07-16T14:18:32.434+0000: 922.621: [GC [PSYoungGen: 687917K->406K(663168K)] 819993K->132594K(1350144K), 0.0090940 secs] [Times: user=0.02 sys=0.00, real=0.01 secs] 
2014-07-16T14:18:33.861+0000: 924.048: [GC [PSYoungGen: 663088K->498K(639424K)] 795276K->132733K(1326400K), 0.0064010 secs] [Times: user=0.02 sys=0.00, real=0.00 secs] 
2014-07-16T14:18:35.230+0000: 925.417: [GC [PSYoungGen: 639310K->438K(616640K)] 771546K->132738K(1303616K), 0.0186350 secs] [Times: user=0.06 sys=0.00, real=0.01 secs] 
2014-07-16T14:18:36.560+0000: 926.747: [GC [PSYoungGen: 616630K->512K(595008K)] 748930K->132891K(1281984K), 0.0054890 secs] [Times: user=0.01 sys=0.00, real=0.00 secs] 
2014-07-16T14:18:37.846+0000: 928.034: [GC [PSYoungGen: 595008K->352K(574208K)] 727387K->132827K(1261184K), 0.0261000 secs] [Times: user=0.09 sys=0.00, real=0.03 secs] 
2014-07-16T14:18:39.080+0000: 929.267: [GC [PSYoungGen: 574176K->602K(689280K)] 706651K->133158K(1376256K), 0.0153270 secs] [Times: user=0.05 sys=0.01, real=0.01 secs] 
2014-07-16T14:18:40.739+0000: 930.926: [GC [PSYoungGen: 689242K->808K(827200K)] 821798K->133924K(1514176K), 0.0249020 secs] [Times: user=0.08 sys=0.01, real=0.03 secs] 
2014-07-16T14:18:42.677+0000: 932.864: [GC [PSYoungGen: 827176K->672K(992384K)] 960292K->133939K(1679360K), 0.0463530 secs] [Times: user=0.17 sys=0.00, real=0.05 secs] 
2014-07-16T14:18:44.974+0000: 935.162: [GC [PSYoungGen: 992352K->804K(1190848K)] 1125619K->134304K(1877824K), 0.0152360 secs] [Times: user=0.05 sys=0.00, real=0.01 secs] 
2014-07-16T14:18:47.591+0000: 937.778: [GC [PSYoungGen: 1190820K->448K(1428480K)] 1324320K->134107K(2115456K), 0.0111030 secs] [Times: user=0.03 sys=0.00, real=0.02 secs] 
2014-07-16T14:18:50.681+0000: 940.868: [GC [PSYoungGen: 1428480K->1152K(1368704K)] 1562139K->135051K(2055680K), 0.0139880 secs] [Times: user=0.05 sys=0.00, real=0.02 secs] 
2014-07-16T14:18:53.598+0000: 943.786: [GC [PSYoungGen: 1368647K->502K(1310592K)] 1502547K->134514K(1997568K), 0.0155490 secs] [Times: user=0.05 sys=0.01, real=0.02 secs] 
2014-07-16T14:18:56.405+0000: 946.592: [GC [PSYoungGen: 1310577K->480K(1255872K)] 1444589K->134643K(1942848K), 0.0320790 secs] [Times: user=0.11 sys=0.00, real=0.03 secs] 
2014-07-16T14:18:59.123+0000: 949.310: [GC [PSYoungGen: 1255840K->608K(1203968K)] 1390003K->134939K(1890944K), 0.0123820 secs] [Times: user=0.04 sys=0.00, real=0.02 secs] 
2014-07-16T14:19:01.699+0000: 951.887: [GC [PSYoungGen: 1203936K->416K(1154240K)] 1338267K->134891K(1841216K), 0.0128600 secs] [Times: user=0.05 sys=0.00, real=0.01 secs] 
2014-07-16T14:19:04.185+0000: 954.373: [GC [PSYoungGen: 1154201K->320K(1107008K)] 1288677K->134939K(1793984K), 0.0199550 secs] [Times: user=0.07 sys=0.00, real=0.02 secs] 
2014-07-16T14:19:06.607+0000: 956.794: [GC [PSYoungGen: 1107008K->918K(1062784K)] 1241627K->135666K(1749760K), 0.0248390 secs] [Times: user=0.09 sys=0.00, real=0.02 secs] 
2014-07-16T14:19:09.148+0000: 959.335: [GC [PSYoungGen: 1062742K->932K(1020096K)] 1197490K->135848K(1707072K), 0.0079440 secs] [Times: user=0.02 sys=0.00, real=0.01 secs] 
2014-07-16T14:19:11.590+0000: 961.778: [GC [PSYoungGen: 1020068K->694K(979200K)] 1154984K->135882K(1666176K), 0.0059580 secs] [Times: user=0.01 sys=0.01, real=0.01 secs] 
2014-07-16T14:19:13.693+0000: 963.880: [GC [PSYoungGen: 979190K->306K(940096K)] 1114378K->135654K(1627072K), 0.0040020 secs] [Times: user=0.01 sys=0.00, real=0.01 secs] 
2014-07-16T14:19:15.712+0000: 965.899: [GC [PSYoungGen: 940035K->374K(903296K)] 1075383K->135810K(1590272K), 0.0064980 secs] [Times: user=0.01 sys=0.00, real=0.01 secs] 
2014-07-16T14:19:17.651+0000: 967.838: [GC [PSYoungGen: 903286K->288K(868160K)] 1038722K->135827K(1555136K), 0.0326410 secs] [Times: user=0.10 sys=0.00, real=0.03 secs] 
2014-07-16T14:19:19.541+0000: 969.728: [GC [PSYoungGen: 868128K->420K(834880K)] 1003667K->136048K(1521856K), 0.0046030 secs] [Times: user=0.01 sys=0.00, real=0.00 secs] 
2014-07-16T14:19:21.365+0000: 971.552: [GC [PSYoungGen: 834847K->708K(803328K)] 970475K->136464K(1490304K), 0.0082660 secs] [Times: user=0.02 sys=0.00, real=0.01 secs] 
2014-07-16T14:19:23.081+0000: 973.269: [GC [PSYoungGen: 803268K->292K(772544K)] 939024K->136176K(1459520K), 0.0038840 secs] [Times: user=0.01 sys=0.00, real=0.00 secs] 
2014-07-16T14:19:24.738+0000: 974.926: [GC [PSYoungGen: 772516K->288K(743616K)] 908400K->136267K(1430592K), 0.0059920 secs] [Times: user=0.02 sys=0.00, real=0.00 secs] 
2014-07-16T14:19:26.340+0000: 976.527: [GC [PSYoungGen: 743538K->406K(716160K)] 879518K->136434K(1403136K), 0.0072020 secs] [Times: user=0.01 sys=0.00, real=0.01 secs] 
2014-07-16T14:19:27.874+0000: 978.061: [GC [PSYoungGen: 716118K->128K(689536K)] 852146K->136283K(1376512K), 0.0039830 secs] [Times: user=0.01 sys=0.01, real=0.01 secs] 
2014-07-16T14:19:29.366+0000: 979.554: [GC [PSYoungGen: 689536K->516K(664896K)] 825691K->136744K(1351872K), 0.0092210 secs] [Times: user=0.03 sys=0.00, real=0.01 secs] 
2014-07-16T14:19:30.788+0000: 980.975: [GC [PSYoungGen: 664836K->388K(640896K)] 801064K->136672K(1327872K), 0.0048130 secs] [Times: user=0.01 sys=0.00, real=0.00 secs] 
2014-07-16T14:19:32.198+0000: 982.386: [GC [PSYoungGen: 640811K->676K(618368K)] 777095K->137016K(1305344K), 0.0049860 secs] [Times: user=0.02 sys=0.00, real=0.00 secs] 
2014-07-16T14:19:33.671+0000: 983.858: [GC [PSYoungGen: 618340K->562K(596480K)] 754680K->136966K(1283456K), 0.0061030 secs] [Times: user=0.01 sys=0.00, real=0.00 secs] 
2014-07-16T14:19:35.154+0000: 985.341: [GC [PSYoungGen: 596464K->416K(575616K)] 732868K->136947K(1262592K), 0.0055230 secs] [Times: user=0.02 sys=0.00, real=0.01 secs] 
2014-07-16T14:19:36.499+0000: 986.687: [GC [PSYoungGen: 575582K->644K(556032K)] 712114K->137320K(1243008K), 0.0048510 secs] [Times: user=0.01 sys=0.00, real=0.00 secs] 
2014-07-16T14:19:37.769+0000: 987.956: [GC [PSYoungGen: 555972K->466K(536896K)] 692648K->137270K(1223872K), 0.0053990 secs] [Times: user=0.01 sys=0.01, real=0.00 secs] 
2014-07-16T14:19:38.907+0000: 989.095: [GC [PSYoungGen: 536850K->662K(518976K)] 673654K->137554K(1205952K), 0.0113390 secs] [Times: user=0.04 sys=0.00, real=0.01 secs] 
2014-07-16T14:19:40.015+0000: 990.202: [GC [PSYoungGen: 518934K->644K(501696K)] 655826K->137600K(1188672K), 0.0092330 secs] [Times: user=0.02 sys=0.01, real=0.01 secs] 
2014-07-16T14:19:41.120+0000: 991.307: [GC [PSYoungGen: 501601K->512K(484992K)] 638557K->137499K(1171968K), 0.0048540 secs] [Times: user=0.01 sys=0.00, real=0.00 secs] 
2014-07-16T14:19:42.139+0000: 992.326: [GC [PSYoungGen: 484992K->160K(468864K)] 621979K->137195K(1155840K), 0.0063540 secs] [Times: user=0.02 sys=0.00, real=0.01 secs] 
2014-07-16T14:19:43.146+0000: 993.334: [GC [PSYoungGen: 468832K->306K(453888K)] 605867K->137390K(1140864K), 0.0051090 secs] [Times: user=0.01 sys=0.00, real=0.01 secs] 
2014-07-16T14:19:44.152+0000: 994.339: [GC [PSYoungGen: 453874K->320K(439488K)] 590958K->137451K(1126464K), 0.0056960 secs] [Times: user=0.02 sys=0.00, real=0.00 secs] 
2014-07-16T14:19:45.098+0000: 995.286: [GC [PSYoungGen: 439488K->548K(425920K)] 576619K->137736K(1112896K), 0.0100700 secs] [Times: user=0.04 sys=0.00, real=0.01 secs] 
2014-07-16T14:19:46.016+0000: 996.203: [GC [PSYoungGen: 425892K->352K(412544K)] 563080K->137619K(1099520K), 0.0054180 secs] [Times: user=0.02 sys=0.00, real=0.01 secs] 
2014-07-16T14:19:46.903+0000: 997.090: [GC [PSYoungGen: 412512K->480K(400000K)] 549779K->137867K(1086976K), 0.0059000 secs] [Times: user=0.01 sys=0.00, real=0.00 secs] 
2014-07-16T14:19:47.798+0000: 997.985: [GC [PSYoungGen: 399932K->872K(388288K)] 537320K->138500K(1075264K), 0.0180180 secs] [Times: user=0.06 sys=0.00, real=0.02 secs] 
2014-07-16T14:19:48.618+0000: 998.805: [GC [PSYoungGen: 388222K->570K(376384K)] 525850K->138286K(1063360K), 0.0045080 secs] [Times: user=0.01 sys=0.00, real=0.01 secs] 
2014-07-16T14:19:49.434+0000: 999.621: [GC [PSYoungGen: 376378K->488K(365184K)] 514094K->138284K(1052160K), 0.0048990 secs] [Times: user=0.01 sys=0.00, real=0.00 secs] 
2014-07-16T14:19:50.213+0000: 1000.400: [GC [PSYoungGen: 365159K->292K(354368K)] 502955K->138120K(1041344K), 0.0041130 secs] [Times: user=0.01 sys=0.00, real=0.00 secs] 
2014-07-16T14:19:50.971+0000: 1001.158: [GC [PSYoungGen: 354340K->342K(344192K)] 492168K->138202K(1031168K), 0.0034610 secs] [Times: user=0.01 sys=0.00, real=0.00 secs] 
2014-07-16T14:19:51.718+0000: 1001.906: [GC [PSYoungGen: 344150K->352K(334400K)] 482010K->138243K(1021376K), 0.0049290 secs] [Times: user=0.01 sys=0.00, real=0.01 secs] 
2014-07-16T14:19:52.435+0000: 1002.622: [GC [PSYoungGen: 334344K->310K(324928K)] 472236K->138258K(1011904K), 0.0060880 secs] [Times: user=0.02 sys=0.00, real=0.00 secs] 
2014-07-16T14:19:53.135+0000: 1003.322: [GC [PSYoungGen: 324854K->192K(315776K)] 462802K->138171K(1002752K), 0.0130930 secs] [Times: user=0.05 sys=0.00, real=0.01 secs] 
2014-07-16T14:19:53.829+0000: 1004.016: [GC [PSYoungGen: 315770K->256K(307200K)] 453750K->138267K(994176K), 0.0040550 secs] [Times: user=0.01 sys=0.00, real=0.01 secs] 
2014-07-16T14:19:54.516+0000: 1004.703: [GC [PSYoungGen: 307200K->448K(299072K)] 445211K->138491K(986048K), 0.0053590 secs] [Times: user=0.01 sys=0.00, real=0.01 secs] 
2014-07-16T14:19:55.156+0000: 1005.343: [GC [PSYoungGen: 299072K->384K(291008K)] 437115K->138475K(977984K), 0.0070380 secs] [Times: user=0.01 sys=0.01, real=0.01 secs] 
2014-07-16T14:19:55.771+0000: 1005.958: [GC [PSYoungGen: 291008K->320K(349120K)] 429099K->138483K(1036096K), 0.0176350 secs] [Times: user=0.06 sys=0.00, real=0.02 secs] 
2014-07-16T14:19:56.524+0000: 1006.711: [GC [PSYoungGen: 349120K->548K(419136K)] 487283K->138784K(1106112K), 0.0212640 secs] [Times: user=0.07 sys=0.00, real=0.02 secs] 
2014-07-16T14:19:57.424+0000: 1007.611: [GC [PSYoungGen: 419108K->292K(502592K)] 557344K->138600K(1189568K), 0.0041790 secs] [Times: user=0.01 sys=0.00, real=0.00 secs] 
2014-07-16T14:19:58.561+0000: 1008.748: [GC [PSYoungGen: 502558K->416K(603200K)] 640866K->138771K(1290176K), 0.0038410 secs] [Times: user=0.01 sys=0.00, real=0.01 secs] 
2014-07-16T14:19:59.941+0000: 1010.128: [GC [PSYoungGen: 603168K->754K(582464K)] 741523K->139278K(1269440K), 0.0079200 secs] [Times: user=0.02 sys=0.00, real=0.01 secs] 
2014-07-16T14:20:01.323+0000: 1011.510: [GC [PSYoungGen: 582422K->356K(561984K)] 720946K->139872K(1248960K), 0.0113810 secs] [Times: user=0.02 sys=0.00, real=0.01 secs] 
2014-07-16T14:20:02.659+0000: 1012.846: [GC [PSYoungGen: 561956K->1188K(543616K)] 701472K->140832K(1230592K), 0.0085610 secs] [Times: user=0.02 sys=0.00, real=0.01 secs] 
2014-07-16T14:20:03.963+0000: 1014.151: [GC [PSYoungGen: 543588K->868K(651776K)] 683232K->140936K(1338752K), 0.0234420 secs] [Times: user=0.08 sys=0.00, real=0.02 secs] 
2014-07-16T14:20:05.327+0000: 1015.514: [GC [PSYoungGen: 651748K->626K(628224K)] 791816K->140782K(1315200K), 0.0062130 secs] [Times: user=0.02 sys=0.00, real=0.01 secs] 
2014-07-16T14:20:06.662+0000: 1016.849: [GC [PSYoungGen: 628210K->384K(605760K)] 768366K->140652K(1292736K), 0.0115350 secs] [Times: user=0.04 sys=0.00, real=0.02 secs] 
2014-07-16T14:20:07.962+0000: 1018.150: [GC [PSYoungGen: 605760K->260K(584512K)] 746028K->140624K(1271488K), 0.0120360 secs] [Times: user=0.04 sys=0.00, real=0.02 secs] 
2014-07-16T14:20:09.213+0000: 1019.400: [GC [PSYoungGen: 584452K->128K(564096K)] 724816K->140532K(1251072K), 0.0043060 secs] [Times: user=0.00 sys=0.01, real=0.00 secs] 
2014-07-16T14:20:10.428+0000: 1020.615: [GC [PSYoungGen: 564096K->160K(544832K)] 704500K->140612K(1231808K), 0.0067050 secs] [Times: user=0.02 sys=0.00, real=0.01 secs] 
2014-07-16T14:20:11.636+0000: 1021.823: [GC [PSYoungGen: 544800K->288K(526528K)] 685252K->140788K(1213504K), 0.0175730 secs] [Times: user=0.05 sys=0.00, real=0.01 secs] 
2014-07-16T14:20:12.778+0000: 1022.965: [GC [PSYoungGen: 526496K->484K(632000K)] 666996K->141056K(1318976K), 0.0169730 secs] [Times: user=0.06 sys=0.00, real=0.02 secs] 
2014-07-16T14:20:14.132+0000: 1024.320: [GC [PSYoungGen: 631972K->256K(609344K)] 772544K->140900K(1296320K), 0.0081480 secs] [Times: user=0.03 sys=0.00, real=0.01 secs] 
2014-07-16T14:20:15.472+0000: 1025.659: [GC [PSYoungGen: 609322K->630K(588352K)] 749966K->141354K(1275328K), 0.0150500 secs] [Times: user=0.05 sys=0.00, real=0.02 secs] 
2014-07-16T14:20:16.791+0000: 1026.978: [GC [PSYoungGen: 588342K->772K(568128K)] 729066K->141648K(1255104K), 0.0074580 secs] [Times: user=0.02 sys=0.00, real=0.01 secs] 
2014-07-16T14:20:18.003+0000: 1028.190: [GC [PSYoungGen: 568068K->224K(548096K)] 708944K->141244K(1235072K), 0.0081070 secs] [Times: user=0.03 sys=0.00, real=0.01 secs] 
2014-07-16T14:20:19.178+0000: 1029.365: [GC [PSYoungGen: 548064K->288K(529536K)] 689084K->141356K(1216512K), 0.0052640 secs] [Times: user=0.01 sys=0.00, real=0.00 secs] 
2014-07-16T14:20:20.330+0000: 1030.517: [GC [PSYoungGen: 529497K->790K(512256K)] 670565K->141890K(1199232K), 0.0055360 secs] [Times: user=0.01 sys=0.00, real=0.01 secs] 
2014-07-16T14:20:21.451+0000: 1031.638: [GC [PSYoungGen: 512214K->932K(495424K)] 653314K->142088K(1182400K), 0.0139320 secs] [Times: user=0.06 sys=0.00, real=0.01 secs] 
2014-07-16T14:20:22.495+0000: 1032.683: [GC [PSYoungGen: 495396K->320K(593728K)] 636552K->141532K(1280704K), 0.0255280 secs] [Times: user=0.10 sys=0.01, real=0.02 secs] 
2014-07-16T14:20:23.809+0000: 1033.996: [GC [PSYoungGen: 593728K->530K(712704K)] 734940K->141814K(1399680K), 0.0130080 secs] [Times: user=0.05 sys=0.00, real=0.01 secs] 
2014-07-16T14:20:25.359+0000: 1035.546: [GC [PSYoungGen: 712658K->434K(686464K)] 853942K->141790K(1373440K), 0.0065060 secs] [Times: user=0.02 sys=0.00, real=0.00 secs] 
2014-07-16T14:20:26.847+0000: 1037.034: [GC [PSYoungGen: 686450K->754K(661888K)] 827806K->142230K(1348864K), 0.0046670 secs] [Times: user=0.01 sys=0.00, real=0.00 secs] 
2014-07-16T14:20:28.311+0000: 1038.498: [GC [PSYoungGen: 661874K->416K(637824K)] 803350K->142020K(1324800K), 0.0077560 secs] [Times: user=0.02 sys=0.00, real=0.01 secs] 
2014-07-16T14:20:29.697+0000: 1039.884: [GC [PSYoungGen: 637792K->626K(615360K)] 779396K->142350K(1302336K), 0.0114680 secs] [Times: user=0.03 sys=0.00, real=0.01 secs] 
2014-07-16T14:20:31.024+0000: 1041.212: [GC [PSYoungGen: 615342K->406K(593536K)] 757066K->142186K(1280512K), 0.0168980 secs] [Times: user=0.06 sys=0.00, real=0.02 secs] 
2014-07-16T14:20:32.305+0000: 1042.493: [GC [PSYoungGen: 593492K->566K(573056K)] 735272K->142410K(1260032K), 0.0064730 secs] [Times: user=0.02 sys=0.00, real=0.01 secs] 
2014-07-16T14:20:33.529+0000: 1043.716: [GC [PSYoungGen: 573012K->634K(687616K)] 714856K->142566K(1374592K), 0.0340230 secs] [Times: user=0.12 sys=0.00, real=0.03 secs] 
2014-07-16T14:20:35.018+0000: 1045.205: [GC [PSYoungGen: 687610K->420K(824832K)] 829542K->142400K(1511808K), 0.0056880 secs] [Times: user=0.01 sys=0.00, real=0.00 secs] 
2014-07-16T14:20:36.794+0000: 1046.982: [GC [PSYoungGen: 824781K->502K(793536K)] 966761K->142554K(1480512K), 0.0142460 secs] [Times: user=0.04 sys=0.00, real=0.02 secs] 
2014-07-16T14:20:38.492+0000: 1048.680: [GC [PSYoungGen: 793526K->512K(763648K)] 935578K->142716K(1450624K), 0.0135720 secs] [Times: user=0.04 sys=0.00, real=0.01 secs] 
2014-07-16T14:20:40.126+0000: 1050.313: [GC [PSYoungGen: 763648K->666K(735360K)] 905852K->142958K(1422336K), 0.0089580 secs] [Times: user=0.02 sys=0.00, real=0.01 secs] 
2014-07-16T14:20:41.703+0000: 1051.890: [GC [PSYoungGen: 735322K->224K(707776K)] 877614K->142572K(1394752K), 0.0039450 secs] [Times: user=0.01 sys=0.00, real=0.00 secs] 
2014-07-16T14:20:43.243+0000: 1053.431: [GC [PSYoungGen: 707744K->626K(682240K)] 850092K->143062K(1369216K), 0.0059980 secs] [Times: user=0.02 sys=0.00, real=0.01 secs] 
2014-07-16T14:20:44.785+0000: 1054.973: [GC [PSYoungGen: 682226K->448K(657344K)] 824662K->142956K(1344320K), 0.0136810 secs] [Times: user=0.05 sys=0.01, real=0.02 secs] 
2014-07-16T14:20:46.457+0000: 1056.644: [GC [PSYoungGen: 657344K->946K(634304K)] 799852K->143622K(1321280K), 0.0198190 secs] [Times: user=0.08 sys=0.00, real=0.02 secs] 
2014-07-16T14:20:48.120+0000: 1058.307: [GC [PSYoungGen: 634259K->552K(611456K)] 776935K->143708K(1298432K), 0.0215480 secs] [Times: user=0.08 sys=0.00, real=0.02 secs] 
2014-07-16T14:20:49.569+0000: 1059.756: [GC [PSYoungGen: 611432K->790K(733888K)] 754588K->144130K(1420864K), 0.0257000 secs] [Times: user=0.09 sys=0.00, real=0.03 secs] 
2014-07-16T14:20:51.161+0000: 1061.348: [GC [PSYoungGen: 733846K->434K(706432K)] 877186K->143918K(1393408K), 0.0040380 secs] [Times: user=0.01 sys=0.00, real=0.00 secs] 
2014-07-16T14:20:52.680+0000: 1062.867: [GC [PSYoungGen: 706418K->352K(680512K)] 849902K->143916K(1367488K), 0.0145540 secs] [Times: user=0.05 sys=0.00, real=0.02 secs] 
2014-07-16T14:20:54.143+0000: 1064.331: [GC [PSYoungGen: 680480K->352K(655872K)] 824044K->143988K(1342848K), 0.0162010 secs] [Times: user=0.06 sys=0.00, real=0.01 secs] 
2014-07-16T14:20:55.567+0000: 1065.754: [GC [PSYoungGen: 655840K->416K(632448K)] 799476K->144100K(1319424K), 0.0046360 secs] [Times: user=0.01 sys=0.00, real=0.01 secs] 
2014-07-16T14:20:56.954+0000: 1067.141: [GC [PSYoungGen: 632382K->466K(758912K)] 776066K->144246K(1445888K), 0.0294240 secs] [Times: user=0.11 sys=0.00, real=0.03 secs] 
2014-07-16T14:20:58.622+0000: 1068.810: [GC [PSYoungGen: 758866K->740K(730880K)] 902646K->144656K(1417856K), 0.0085860 secs] [Times: user=0.01 sys=0.00, real=0.01 secs] 
2014-07-16T14:21:00.192+0000: 1070.379: [GC [PSYoungGen: 730852K->452K(703680K)] 874768K->144488K(1390656K), 0.0079280 secs] [Times: user=0.02 sys=0.00, real=0.00 secs] 
2014-07-16T14:21:01.745+0000: 1071.932: [GC [PSYoungGen: 703620K->1078K(678528K)] 847656K->145226K(1365504K), 0.0058610 secs] [Times: user=0.02 sys=0.00, real=0.00 secs] 
2014-07-16T14:21:03.163+0000: 1073.351: [GC [PSYoungGen: 678517K->352K(653312K)] 822665K->144588K(1340288K), 0.0147090 secs] [Times: user=0.05 sys=0.01, real=0.01 secs] 
2014-07-16T14:21:04.571+0000: 1074.758: [GC [PSYoungGen: 653280K->448K(630016K)] 797516K->144756K(1316992K), 0.0080020 secs] [Times: user=0.03 sys=0.00, real=0.01 secs] 
2014-07-16T14:21:05.922+0000: 1076.109: [GC [PSYoungGen: 630016K->288K(607616K)] 774324K->144644K(1294592K), 0.0219640 secs] [Times: user=0.07 sys=0.00, real=0.02 secs] 
2014-07-16T14:21:07.247+0000: 1077.435: [GC [PSYoungGen: 607538K->516K(586560K)] 751894K->144992K(1273536K), 0.0136110 secs] [Times: user=0.05 sys=0.00, real=0.01 secs] 
2014-07-16T14:21:08.517+0000: 1078.704: [GC [PSYoungGen: 586500K->850K(566592K)] 730976K->145406K(1253568K), 0.0055010 secs] [Times: user=0.02 sys=0.00, real=0.01 secs] 
2014-07-16T14:21:09.730+0000: 1079.917: [GC [PSYoungGen: 566546K->498K(546816K)] 711102K->145166K(1233792K), 0.0081310 secs] [Times: user=0.02 sys=0.00, real=0.01 secs] 
2014-07-16T14:21:10.917+0000: 1081.104: [GC [PSYoungGen: 546740K->384K(656000K)] 691408K->145116K(1342976K), 0.0238200 secs] [Times: user=0.08 sys=0.00, real=0.02 secs] 
2014-07-16T14:21:12.371+0000: 1082.558: [GC [PSYoungGen: 655999K->416K(632576K)] 800731K->145220K(1319552K), 0.0109380 secs] [Times: user=0.04 sys=0.01, real=0.01 secs] 
2014-07-16T14:21:13.739+0000: 1083.927: [GC [PSYoungGen: 632544K->676K(610432K)] 777348K->145608K(1297408K), 0.0097420 secs] [Times: user=0.03 sys=0.00, real=0.01 secs] 
2014-07-16T14:21:15.041+0000: 1085.228: [GC [PSYoungGen: 610404K->192K(588544K)] 755336K->145212K(1275520K), 0.0053100 secs] [Times: user=0.01 sys=0.00, real=0.01 secs] 
2014-07-16T14:21:16.323+0000: 1086.510: [GC [PSYoungGen: 588544K->388K(568384K)] 733564K->145488K(1255360K), 0.0162780 secs] [Times: user=0.05 sys=0.00, real=0.02 secs] 
2014-07-16T14:21:17.563+0000: 1087.750: [GC [PSYoungGen: 568226K->306K(548736K)] 713326K->145510K(1235712K), 0.0063280 secs] [Times: user=0.01 sys=0.00, real=0.01 secs] 
2014-07-16T14:21:18.750+0000: 1088.937: [GC [PSYoungGen: 548722K->516K(658688K)] 693926K->145816K(1345664K), 0.0201350 secs] [Times: user=0.07 sys=0.00, real=0.02 secs] 
2014-07-16T14:21:20.181+0000: 1090.368: [GC [PSYoungGen: 658625K->658K(635200K)] 803925K->146006K(1322176K), 0.0059150 secs] [Times: user=0.01 sys=0.00, real=0.01 secs] 
2014-07-16T14:21:21.590+0000: 1091.777: [GC [PSYoungGen: 635154K->754K(612736K)] 780502K->146174K(1299712K), 0.0080350 secs] [Times: user=0.02 sys=0.00, real=0.01 secs] 
2014-07-16T14:21:23.115+0000: 1093.302: [GC [PSYoungGen: 612637K->630K(591104K)] 758057K->146130K(1278080K), 0.0144380 secs] [Times: user=0.05 sys=0.00, real=0.02 secs] 
2014-07-16T14:21:24.493+0000: 1094.680: [GC [PSYoungGen: 591094K->612K(570560K)] 736594K->146256K(1257536K), 0.0051030 secs] [Times: user=0.02 sys=0.00, real=0.01 secs] 
2014-07-16T14:21:25.766+0000: 1095.953: [GC [PSYoungGen: 570532K->516K(550912K)] 716176K->146264K(1237888K), 0.0095510 secs] [Times: user=0.04 sys=0.00, real=0.01 secs] 
2014-07-16T14:21:26.958+0000: 1097.145: [GC [PSYoungGen: 550852K->708K(532416K)] 696600K->146592K(1219392K), 0.0109310 secs] [Times: user=0.02 sys=0.00, real=0.01 secs] 
2014-07-16T14:21:28.091+0000: 1098.278: [GC [PSYoungGen: 532356K->402K(514240K)] 678240K->146406K(1201216K), 0.0115020 secs] [Times: user=0.04 sys=0.00, real=0.01 secs] 
2014-07-16T14:21:29.197+0000: 1099.385: [GC [PSYoungGen: 514194K->434K(497152K)] 660198K->146494K(1184128K), 0.0086220 secs] [Times: user=0.01 sys=0.01, real=0.01 secs] 
2014-07-16T14:21:30.270+0000: 1100.457: [GC [PSYoungGen: 497108K->566K(480960K)] 643168K->146690K(1167936K), 0.0068520 secs] [Times: user=0.02 sys=0.00, real=0.01 secs] 
2014-07-16T14:21:31.303+0000: 1101.490: [GC [PSYoungGen: 480950K->342K(465152K)] 627074K->146498K(1152128K), 0.0045290 secs] [Times: user=0.01 sys=0.00, real=0.01 secs] 
2014-07-16T14:21:32.325+0000: 1102.512: [GC [PSYoungGen: 465110K->306K(450176K)] 611266K->146494K(1137152K), 0.0053090 secs] [Times: user=0.01 sys=0.01, real=0.01 secs] 
2014-07-16T14:21:33.273+0000: 1103.460: [GC [PSYoungGen: 450162K->320K(435904K)] 596350K->146556K(1122880K), 0.0087330 secs] [Times: user=0.03 sys=0.00, real=0.01 secs] 
2014-07-16T14:21:34.224+0000: 1104.411: [GC [PSYoungGen: 435867K->406K(422400K)] 582103K->146690K(1109376K), 0.0062930 secs] [Times: user=0.02 sys=0.00, real=0.01 secs] 
2014-07-16T14:21:35.132+0000: 1105.319: [GC [PSYoungGen: 422358K->224K(409152K)] 568642K->146556K(1096128K), 0.0043030 secs] [Times: user=0.01 sys=0.00, real=0.01 secs] 
2014-07-16T14:21:36.008+0000: 1106.195: [GC [PSYoungGen: 409079K->520K(396992K)] 555411K->146916K(1083968K), 0.0075300 secs] [Times: user=0.02 sys=0.00, real=0.00 secs] 
2014-07-16T14:21:36.863+0000: 1107.050: [GC [PSYoungGen: 396936K->438K(384896K)] 543332K->146882K(1071872K), 0.0165540 secs] [Times: user=0.06 sys=0.00, real=0.02 secs] 
2014-07-16T14:21:37.700+0000: 1107.887: [GC [PSYoungGen: 384886K->320K(461696K)] 531330K->146812K(1148672K), 0.0092440 secs] [Times: user=0.03 sys=0.00, real=0.01 secs] 
2014-07-16T14:21:38.697+0000: 1108.884: [GC [PSYoungGen: 461696K->466K(447104K)] 608188K->147030K(1134080K), 0.0046670 secs] [Times: user=0.01 sys=0.00, real=0.00 secs] 
2014-07-16T14:21:39.656+0000: 1109.843: [GC [PSYoungGen: 447058K->424K(432896K)] 593622K->147052K(1119872K), 0.0115300 secs] [Times: user=0.04 sys=0.01, real=0.02 secs] 
2014-07-16T14:21:40.590+0000: 1110.777: [GC [PSYoungGen: 432872K->320K(419264K)] 579500K->146988K(1106240K), 0.0047090 secs] [Times: user=0.01 sys=0.00, real=0.00 secs] 
2014-07-16T14:21:41.507+0000: 1111.694: [GC [PSYoungGen: 419264K->722K(503552K)] 565932K->147454K(1190528K), 0.0148590 secs] [Times: user=0.05 sys=0.00, real=0.02 secs] 
2014-07-16T14:21:42.585+0000: 1112.772: [GC [PSYoungGen: 503506K->416K(486656K)] 650238K->147212K(1173632K), 0.0095470 secs] [Times: user=0.04 sys=0.00, real=0.01 secs] 
2014-07-16T14:21:43.643+0000: 1113.830: [GC [PSYoungGen: 486624K->772K(471168K)] 633420K->147648K(1158144K), 0.0060480 secs] [Times: user=0.02 sys=0.00, real=0.01 secs] 
2014-07-16T14:21:44.656+0000: 1114.843: [GC [PSYoungGen: 471108K->424K(564864K)] 617984K->147380K(1251840K), 0.0143010 secs] [Times: user=0.05 sys=0.00, real=0.02 secs] 
2014-07-16T14:21:45.889+0000: 1116.076: [GC [PSYoungGen: 564840K->384K(545472K)] 711796K->147388K(1232448K), 0.0093360 secs] [Times: user=0.02 sys=0.00, real=0.01 secs] 
2014-07-16T14:21:47.225+0000: 1117.412: [GC [PSYoungGen: 545472K->832K(527424K)] 692476K->148196K(1214400K), 0.0127820 secs] [Times: user=0.04 sys=0.01, real=0.01 secs] 
2014-07-16T14:21:48.458+0000: 1118.645: [GC [PSYoungGen: 527424K->900K(509888K)] 674788K->148432K(1196864K), 0.0089350 secs] [Times: user=0.02 sys=0.00, real=0.00 secs] 
2014-07-16T14:21:49.659+0000: 1119.846: [GC [PSYoungGen: 509828K->420K(492544K)] 657360K->148232K(1179520K), 0.0142090 secs] [Times: user=0.06 sys=0.00, real=0.02 secs] 
2014-07-16T14:21:50.860+0000: 1121.047: [GC [PSYoungGen: 492453K->708K(591296K)] 640265K->148608K(1278272K), 0.0151850 secs] [Times: user=0.06 sys=0.00, real=0.01 secs] 
2014-07-16T14:21:52.346+0000: 1122.533: [GC [PSYoungGen: 591190K->936K(570944K)] 739090K->148964K(1257920K), 0.0079040 secs] [Times: user=0.02 sys=0.00, real=0.01 secs] 
2014-07-16T14:21:53.547+0000: 1123.735: [GC [PSYoungGen: 570920K->256K(550656K)] 718948K->148396K(1237632K), 0.0157330 secs] [Times: user=0.05 sys=0.01, real=0.02 secs] 
2014-07-16T14:21:54.747+0000: 1124.934: [GC [PSYoungGen: 550656K->256K(531968K)] 698796K->148460K(1218944K), 0.0046400 secs] [Times: user=0.01 sys=0.00, real=0.01 secs] 
2014-07-16T14:21:55.912+0000: 1126.100: [GC [PSYoungGen: 531968K->808K(514688K)] 680172K->149068K(1201664K), 0.0088090 secs] [Times: user=0.03 sys=0.00, real=0.01 secs] 
2014-07-16T14:21:57.013+0000: 1127.200: [GC [PSYoungGen: 514664K->562K(497344K)] 662924K->148942K(1184320K), 0.0057170 secs] [Times: user=0.02 sys=0.00, real=0.00 secs] 
2014-07-16T14:21:58.089+0000: 1128.276: [GC [PSYoungGen: 497330K->288K(480768K)] 645710K->148740K(1167744K), 0.0176250 secs] [Times: user=0.05 sys=0.00, real=0.02 secs] 
2014-07-16T14:21:59.130+0000: 1129.317: [GC [PSYoungGen: 480736K->242K(576832K)] 629188K->148766K(1263808K), 0.0212000 secs] [Times: user=0.08 sys=0.00, real=0.03 secs] 
2014-07-16T14:22:00.387+0000: 1130.574: [GC [PSYoungGen: 576818K->352K(557056K)] 725342K->148924K(1244032K), 0.0040200 secs] [Times: user=0.01 sys=0.00, real=0.01 secs] 
2014-07-16T14:22:01.620+0000: 1131.807: [GC [PSYoungGen: 557024K->256K(537920K)] 705596K->148908K(1224896K), 0.0101740 secs] [Times: user=0.02 sys=0.00, real=0.01 secs] 
2014-07-16T14:22:02.782+0000: 1132.969: [GC [PSYoungGen: 537920K->160K(519744K)] 686572K->148892K(1206720K), 0.0050810 secs] [Times: user=0.01 sys=0.00, real=0.00 secs] 
2014-07-16T14:22:03.900+0000: 1134.088: [GC [PSYoungGen: 519712K->416K(502656K)] 668444K->149220K(1189632K), 0.0057180 secs] [Times: user=0.01 sys=0.00, real=0.01 secs] 
2014-07-16T14:22:04.977+0000: 1135.165: [GC [PSYoungGen: 502624K->352K(486016K)] 651428K->149212K(1172992K), 0.0074380 secs] [Times: user=0.01 sys=0.00, real=0.01 secs] 
2014-07-16T14:22:06.033+0000: 1136.220: [GC [PSYoungGen: 485984K->416K(583232K)] 634844K->149340K(1270208K), 0.0256110 secs] [Times: user=0.10 sys=0.00, real=0.02 secs] 
2014-07-16T14:22:07.308+0000: 1137.496: [GC [PSYoungGen: 583200K->676K(700096K)] 732124K->149688K(1387072K), 0.0165120 secs] [Times: user=0.04 sys=0.00, real=0.02 secs] 
2014-07-16T14:22:08.817+0000: 1139.004: [GC [PSYoungGen: 700068K->160K(839488K)] 849080K->149268K(1526464K), 0.0083990 secs] [Times: user=0.02 sys=0.00, real=0.01 secs] 
2014-07-16T14:22:10.629+0000: 1140.817: [GC [PSYoungGen: 839456K->320K(807552K)] 988564K->149540K(1494528K), 0.0096740 secs] [Times: user=0.02 sys=0.00, real=0.01 secs] 
2014-07-16T14:22:12.429+0000: 1142.616: [GC [PSYoungGen: 807552K->416K(777088K)] 956772K->149732K(1464064K), 0.0096710 secs] [Times: user=0.03 sys=0.00, real=0.01 secs] 
2014-07-16T14:22:14.260+0000: 1144.448: [GC [PSYoungGen: 777056K->658K(748224K)] 926372K->150110K(1435200K), 0.0110090 secs] [Times: user=0.03 sys=0.00, real=0.01 secs] 
2014-07-16T14:22:16.075+0000: 1146.263: [GC [PSYoungGen: 748160K->694K(720448K)] 897612K->150266K(1407424K), 0.0228320 secs] [Times: user=0.08 sys=0.00, real=0.02 secs] 
2014-07-16T14:22:17.843+0000: 1148.031: [GC [PSYoungGen: 720438K->512K(864256K)] 870010K->150300K(1551232K), 0.0321710 secs] [Times: user=0.11 sys=0.00, real=0.03 secs] 
2014-07-16T14:22:19.695+0000: 1149.883: [GC [PSYoungGen: 864256K->352K(830912K)] 1014044K->150300K(1517888K), 0.0081830 secs] [Times: user=0.03 sys=0.00, real=0.01 secs] 
2014-07-16T14:22:21.494+0000: 1151.681: [GC [PSYoungGen: 830880K->498K(799360K)] 980828K->150526K(1486336K), 0.0115310 secs] [Times: user=0.04 sys=0.00, real=0.01 secs] 
2014-07-16T14:22:23.239+0000: 1153.426: [GC [PSYoungGen: 799346K->352K(769088K)] 949374K->150452K(1456064K), 0.0181540 secs] [Times: user=0.07 sys=0.00, real=0.02 secs] 
2014-07-16T14:22:24.913+0000: 1155.100: [GC [PSYoungGen: 769050K->640K(740608K)] 919150K->150868K(1427584K), 0.0124710 secs] [Times: user=0.05 sys=0.00, real=0.02 secs] 
2014-07-16T14:22:26.498+0000: 1156.686: [GC [PSYoungGen: 740608K->320K(712896K)] 890836K->150628K(1399872K), 0.0140650 secs] [Times: user=0.05 sys=0.00, real=0.01 secs] 
2014-07-16T14:22:28.049+0000: 1158.236: [GC [PSYoungGen: 712896K->466K(686976K)] 863204K->150926K(1373952K), 0.0068020 secs] [Times: user=0.02 sys=0.00, real=0.01 secs] 
2014-07-16T14:22:29.538+0000: 1159.725: [GC [PSYoungGen: 686930K->740K(824576K)] 837390K->151304K(1511552K), 0.0287250 secs] [Times: user=0.10 sys=0.01, real=0.03 secs] 
2014-07-16T14:22:31.336+0000: 1161.523: [GC [PSYoungGen: 824548K->352K(792832K)] 975112K->150964K(1479808K), 0.0049500 secs] [Times: user=0.02 sys=0.00, real=0.00 secs] 
2014-07-16T14:22:33.070+0000: 1163.258: [GC [PSYoungGen: 792800K->512K(763072K)] 943412K->151212K(1450048K), 0.0044530 secs] [Times: user=0.02 sys=0.00, real=0.01 secs] 
2014-07-16T14:22:34.700+0000: 1164.887: [GC [PSYoungGen: 763072K->384K(734464K)] 913772K->151212K(1421440K), 0.0138460 secs] [Times: user=0.05 sys=0.01, real=0.01 secs] 
2014-07-16T14:22:36.272+0000: 1166.459: [GC [PSYoungGen: 734464K->448K(707392K)] 885292K->151364K(1394368K), 0.0271580 secs] [Times: user=0.10 sys=0.00, real=0.03 secs] 
2014-07-16T14:22:37.799+0000: 1167.986: [GC [PSYoungGen: 707392K->320K(681408K)] 858308K->151364K(1368384K), 0.0082870 secs] [Times: user=0.01 sys=0.00, real=0.01 secs] 
2014-07-16T14:22:39.267+0000: 1169.455: [GC [PSYoungGen: 681402K->580K(817984K)] 832446K->151728K(1504960K), 0.0236390 secs] [Times: user=0.07 sys=0.00, real=0.02 secs] 
2014-07-16T14:22:41.029+0000: 1171.217: [GC [PSYoungGen: 817924K->516K(786880K)] 969072K->151728K(1473856K), 0.0044630 secs] [Times: user=0.01 sys=0.00, real=0.00 secs] 
2014-07-16T14:22:42.730+0000: 1172.917: [GC [PSYoungGen: 786820K->498K(757248K)] 938032K->151782K(1444224K), 0.0083480 secs] [Times: user=0.02 sys=0.00, real=0.01 secs] 
2014-07-16T14:22:44.367+0000: 1174.554: [GC [PSYoungGen: 757234K->832K(729344K)] 908518K->152220K(1416320K), 0.0075690 secs] [Times: user=0.01 sys=0.01, real=0.01 secs] 
2014-07-16T14:22:45.924+0000: 1176.111: [GC [PSYoungGen: 729344K->320K(701952K)] 880732K->151804K(1388928K), 0.0196500 secs] [Times: user=0.08 sys=0.00, real=0.02 secs] 
2014-07-16T14:22:47.426+0000: 1177.613: [GC [PSYoungGen: 701952K->402K(676480K)] 853436K->151998K(1363456K), 0.0182810 secs] [Times: user=0.06 sys=0.00, real=0.02 secs] 
2014-07-16T14:22:48.912+0000: 1179.099: [GC [PSYoungGen: 676434K->320K(651904K)] 828030K->152004K(1338880K), 0.0060760 secs] [Times: user=0.02 sys=0.01, real=0.01 secs] 
2014-07-16T14:22:50.479+0000: 1180.666: [GC [PSYoungGen: 651904K->868K(629184K)] 803588K->152720K(1316160K), 0.0066900 secs] [Times: user=0.01 sys=0.00, real=0.00 secs] 
2014-07-16T14:22:51.971+0000: 1182.158: [GC [PSYoungGen: 629156K->640K(606656K)] 781008K->152772K(1293632K), 0.0090940 secs] [Times: user=0.02 sys=0.00, real=0.01 secs] 
2014-07-16T14:22:53.520+0000: 1183.707: [GC [PSYoungGen: 606581K->1000K(585792K)] 758713K->153252K(1272768K), 0.0072750 secs] [Times: user=0.01 sys=0.00, real=0.00 secs] 
2014-07-16T14:22:54.793+0000: 1184.980: [GC [PSYoungGen: 585768K->434K(564928K)] 738020K->152862K(1251904K), 0.0221170 secs] [Times: user=0.07 sys=0.00, real=0.02 secs] 
2014-07-16T14:22:56.016+0000: 1186.203: [GC [PSYoungGen: 564914K->530K(677952K)] 717342K->153022K(1364928K), 0.0245670 secs] [Times: user=0.09 sys=0.00, real=0.03 secs] 
2014-07-16T14:22:57.477+0000: 1187.664: [GC [PSYoungGen: 677906K->288K(653184K)] 830398K->152876K(1340160K), 0.0057810 secs] [Times: user=0.02 sys=0.00, real=0.01 secs] 
2014-07-16T14:22:58.913+0000: 1189.100: [GC [PSYoungGen: 653152K->338K(629888K)] 805740K->153006K(1316864K), 0.0070890 secs] [Times: user=0.02 sys=0.00, real=0.01 secs] 
2014-07-16T14:23:00.273+0000: 1190.460: [GC [PSYoungGen: 629842K->320K(607552K)] 782510K->153060K(1294528K), 0.0060390 secs] [Times: user=0.01 sys=0.00, real=0.01 secs] 
2014-07-16T14:23:01.609+0000: 1191.796: [GC [PSYoungGen: 607552K->480K(586432K)] 760292K->153284K(1273408K), 0.0051950 secs] [Times: user=0.01 sys=0.00, real=0.01 secs] 
2014-07-16T14:23:02.895+0000: 1193.083: [GC [PSYoungGen: 586400K->416K(566080K)] 739204K->153316K(1253056K), 0.0057580 secs] [Times: user=0.02 sys=0.00, real=0.01 secs] 
2014-07-16T14:23:04.115+0000: 1194.303: [GC [PSYoungGen: 565978K->420K(546688K)] 718878K->153392K(1233664K), 0.0054510 secs] [Times: user=0.01 sys=0.00, real=0.01 secs] 
2014-07-16T14:23:05.300+0000: 1195.487: [GC [PSYoungGen: 546660K->288K(528064K)] 699632K->153316K(1215040K), 0.0039430 secs] [Times: user=0.01 sys=0.00, real=0.00 secs] 
2014-07-16T14:23:06.427+0000: 1196.615: [GC [PSYoungGen: 528032K->416K(510464K)] 681060K->153556K(1197440K), 0.0089880 secs] [Times: user=0.04 sys=0.00, real=0.01 secs] 
2014-07-16T14:23:07.517+0000: 1197.705: [GC [PSYoungGen: 510432K->192K(493312K)] 663572K->153404K(1180288K), 0.0185410 secs] [Times: user=0.07 sys=0.00, real=0.02 secs] 
2014-07-16T14:23:08.581+0000: 1198.768: [GC [PSYoungGen: 493312K->192K(477120K)] 646524K->153460K(1164096K), 0.0041800 secs] [Times: user=0.01 sys=0.00, real=0.00 secs] 
2014-07-16T14:23:09.609+0000: 1199.796: [GC [PSYoungGen: 477120K->274K(461824K)] 630388K->153598K(1148800K), 0.0103270 secs] [Times: user=0.04 sys=0.00, real=0.01 secs] 
2014-07-16T14:23:10.606+0000: 1200.793: [GC [PSYoungGen: 461778K->512K(447232K)] 615102K->153900K(1134208K), 0.0059110 secs] [Times: user=0.02 sys=0.01, real=0.01 secs] 
2014-07-16T14:23:11.569+0000: 1201.756: [GC [PSYoungGen: 447232K->448K(433024K)] 600620K->153876K(1120000K), 0.0163090 secs] [Times: user=0.06 sys=0.00, real=0.02 secs] 
2014-07-16T14:23:12.508+0000: 1202.695: [GC [PSYoungGen: 432958K->570K(519680K)] 586386K->154046K(1206656K), 0.0167640 secs] [Times: user=0.06 sys=0.00, real=0.02 secs] 
2014-07-16T14:23:13.624+0000: 1203.812: [GC [PSYoungGen: 519674K->416K(623424K)] 673150K->153940K(1310400K), 0.0124190 secs] [Times: user=0.04 sys=0.00, real=0.01 secs] 
2014-07-16T14:23:15.074+0000: 1205.261: [GC [PSYoungGen: 623392K->640K(748224K)] 776916K->154244K(1435200K), 0.0147000 secs] [Times: user=0.05 sys=0.00, real=0.01 secs] 
2014-07-16T14:23:16.939+0000: 1207.127: [GC [PSYoungGen: 748190K->626K(720448K)] 901794K->154558K(1407424K), 0.0067260 secs] [Times: user=0.02 sys=0.00, real=0.01 secs] 
2014-07-16T14:23:18.753+0000: 1208.940: [GC [PSYoungGen: 720434K->914K(694272K)] 874366K->155070K(1381248K), 0.0076650 secs] [Times: user=0.01 sys=0.00, real=0.00 secs] 
2014-07-16T14:23:20.341+0000: 1210.529: [GC [PSYoungGen: 694220K->470K(668608K)] 848376K->154842K(1355584K), 0.0144080 secs] [Times: user=0.05 sys=0.00, real=0.02 secs] 
2014-07-16T14:23:21.768+0000: 1211.955: [GC [PSYoungGen: 668493K->420K(644480K)] 822865K->154888K(1331456K), 0.0095300 secs] [Times: user=0.04 sys=0.00, real=0.01 secs] 
2014-07-16T14:23:23.167+0000: 1213.355: [GC [PSYoungGen: 644452K->224K(621312K)] 798920K->154740K(1308288K), 0.0075770 secs] [Times: user=0.01 sys=0.00, real=0.01 secs] 
2014-07-16T14:23:24.508+0000: 1214.696: [GC [PSYoungGen: 621237K->242K(599424K)] 775753K->154838K(1286400K), 0.0042070 secs] [Times: user=0.01 sys=0.00, real=0.00 secs] 
2014-07-16T14:23:25.812+0000: 1215.999: [GC [PSYoungGen: 599410K->384K(578624K)] 754006K->155020K(1265600K), 0.0057270 secs] [Times: user=0.01 sys=0.00, real=0.01 secs] 
2014-07-16T14:23:27.062+0000: 1217.249: [GC [PSYoungGen: 578619K->338K(558656K)] 733255K->155078K(1245632K), 0.0038840 secs] [Times: user=0.01 sys=0.00, real=0.01 secs] 
2014-07-16T14:23:28.259+0000: 1218.446: [GC [PSYoungGen: 558610K->288K(539520K)] 713350K->155108K(1226496K), 0.0046520 secs] [Times: user=0.01 sys=0.00, real=0.00 secs] 
2014-07-16T14:23:29.424+0000: 1219.611: [GC [PSYoungGen: 539488K->416K(521408K)] 694308K->155332K(1208384K), 0.0162530 secs] [Times: user=0.06 sys=0.00, real=0.01 secs] 
2014-07-16T14:23:30.575+0000: 1220.762: [GC [PSYoungGen: 521369K->480K(504064K)] 676285K->155444K(1191040K), 0.0073090 secs] [Times: user=0.03 sys=0.00, real=0.00 secs] 
2014-07-16T14:23:31.762+0000: 1221.950: [GC [PSYoungGen: 504032K->602K(487552K)] 658996K->155638K(1174528K), 0.0111240 secs] [Times: user=0.04 sys=0.00, real=0.01 secs] 
2014-07-16T14:23:33.004+0000: 1223.191: [GC [PSYoungGen: 487514K->690K(471744K)] 642550K->156310K(1158720K), 0.0051000 secs] [Times: user=0.02 sys=0.00, real=0.00 secs] 
2014-07-16T14:23:34.164+0000: 1224.352: [GC [PSYoungGen: 471730K->1124K(457024K)] 627350K->157040K(1144000K), 0.0095190 secs] [Times: user=0.04 sys=0.00, real=0.01 secs] 
2014-07-16T14:23:35.273+0000: 1225.461: [GC [PSYoungGen: 456961K->484K(441856K)] 612877K->156744K(1128832K), 0.0122290 secs] [Times: user=0.05 sys=0.00, real=0.02 secs] 
2014-07-16T14:23:36.381+0000: 1226.568: [GC [PSYoungGen: 441828K->630K(428096K)] 598088K->157034K(1115072K), 0.0107720 secs] [Times: user=0.03 sys=0.00, real=0.01 secs] 
2014-07-16T14:23:37.331+0000: 1227.518: [GC [PSYoungGen: 428086K->384K(513344K)] 584490K->156940K(1200320K), 0.0164560 secs] [Times: user=0.06 sys=0.00, real=0.02 secs] 
2014-07-16T14:23:38.468+0000: 1228.656: [GC [PSYoungGen: 513252K->502K(616064K)] 669808K->157138K(1303040K), 0.0145960 secs] [Times: user=0.05 sys=0.00, real=0.01 secs] 
2014-07-16T14:23:39.787+0000: 1229.974: [GC [PSYoungGen: 616054K->128K(594048K)] 772690K->156876K(1281024K), 0.0077280 secs] [Times: user=0.03 sys=0.00, real=0.00 secs] 
2014-07-16T14:23:41.067+0000: 1231.255: [GC [PSYoungGen: 594048K->320K(573568K)] 750796K->157132K(1260544K), 0.0104510 secs] [Times: user=0.04 sys=0.00, real=0.01 secs] 
2014-07-16T14:23:42.287+0000: 1232.475: [GC [PSYoungGen: 573568K->210K(553792K)] 730380K->157070K(1240768K), 0.0040370 secs] [Times: user=0.01 sys=0.00, real=0.00 secs] 
2014-07-16T14:23:43.490+0000: 1233.677: [GC [PSYoungGen: 553705K->516K(535232K)] 710565K->157440K(1222208K), 0.0115730 secs] [Times: user=0.03 sys=0.00, real=0.01 secs] 
2014-07-16T14:23:44.643+0000: 1234.830: [GC [PSYoungGen: 535169K->544K(642176K)] 692093K->157548K(1329152K), 0.0209260 secs] [Times: user=0.08 sys=0.00, real=0.02 secs] 
2014-07-16T14:23:46.031+0000: 1236.218: [GC [PSYoungGen: 642144K->608K(619392K)] 799148K->157684K(1306368K), 0.0091170 secs] [Times: user=0.04 sys=0.00, real=0.01 secs] 
2014-07-16T14:23:47.397+0000: 1237.584: [GC [PSYoungGen: 619360K->566K(743104K)] 776436K->157746K(1430080K), 0.0201760 secs] [Times: user=0.08 sys=0.00, real=0.02 secs] 
2014-07-16T14:23:49.048+0000: 1239.235: [GC [PSYoungGen: 743094K->416K(715456K)] 900274K->157740K(1402432K), 0.0123970 secs] [Times: user=0.04 sys=0.00, real=0.01 secs] 
2014-07-16T14:23:50.597+0000: 1240.785: [GC [PSYoungGen: 715424K->370K(689152K)] 872748K->157806K(1376128K), 0.0128070 secs] [Times: user=0.05 sys=0.00, real=0.01 secs] 
2014-07-16T14:23:52.099+0000: 1242.286: [GC [PSYoungGen: 689138K->306K(826880K)] 846574K->157822K(1513856K), 0.0285680 secs] [Times: user=0.10 sys=0.00, real=0.03 secs] 
2014-07-16T14:23:53.861+0000: 1244.048: [GC [PSYoungGen: 826866K->224K(795328K)] 984382K->157796K(1482304K), 0.0062110 secs] [Times: user=0.02 sys=0.00, real=0.01 secs] 
2014-07-16T14:23:55.580+0000: 1245.768: [GC [PSYoungGen: 795296K->356K(765440K)] 952868K->158016K(1452416K), 0.0035920 secs] [Times: user=0.01 sys=0.00, real=0.00 secs] 
2014-07-16T14:23:57.234+0000: 1247.422: [GC [PSYoungGen: 765412K->740K(737216K)] 923072K->158496K(1424192K), 0.0119230 secs] [Times: user=0.02 sys=0.00, real=0.01 secs] 
2014-07-16T14:23:58.857+0000: 1249.045: [GC [PSYoungGen: 737150K->694K(709888K)] 894906K->158554K(1396864K), 0.0130330 secs] [Times: user=0.05 sys=0.00, real=0.02 secs] 
2014-07-16T14:24:00.374+0000: 1250.562: [GC [PSYoungGen: 709861K->388K(683648K)] 867721K->158384K(1370624K), 0.0092230 secs] [Times: user=0.04 sys=0.00, real=0.01 secs] 
2014-07-16T14:24:01.846+0000: 1252.033: [GC [PSYoungGen: 683588K->288K(658752K)] 841584K->158332K(1345728K), 0.0056050 secs] [Times: user=0.02 sys=0.00, real=0.01 secs] 
2014-07-16T14:24:03.271+0000: 1253.458: [GC [PSYoungGen: 658720K->416K(635264K)] 816764K->158524K(1322240K), 0.0143700 secs] [Times: user=0.06 sys=0.00, real=0.01 secs] 
2014-07-16T14:24:04.641+0000: 1254.829: [GC [PSYoungGen: 635230K->452K(612800K)] 793338K->158656K(1299776K), 0.0061840 secs] [Times: user=0.02 sys=0.00, real=0.00 secs] 
2014-07-16T14:24:05.968+0000: 1256.156: [GC [PSYoungGen: 612740K->416K(735232K)] 770944K->158684K(1422208K), 0.0377320 secs] [Times: user=0.13 sys=0.00, real=0.04 secs] 
2014-07-16T14:24:07.626+0000: 1257.813: [GC [PSYoungGen: 735200K->896K(882688K)] 893468K->159316K(1569664K), 0.0131560 secs] [Times: user=0.04 sys=0.00, real=0.01 secs] 
2014-07-16T14:24:09.936+0000: 1260.123: [GC [PSYoungGen: 882688K->502K(848192K)] 1041108K->159276K(1535168K), 0.0083980 secs] [Times: user=0.02 sys=0.00, real=0.01 secs] 
2014-07-16T14:24:11.901+0000: 1262.088: [GC [PSYoungGen: 848182K->772K(816064K)] 1006956K->159754K(1503040K), 0.0086210 secs] [Times: user=0.01 sys=0.00, real=0.00 secs] 
2014-07-16T14:24:13.691+0000: 1263.878: [GC [PSYoungGen: 815931K->324K(784704K)] 974913K->159442K(1471680K), 0.0052700 secs] [Times: user=0.01 sys=0.00, real=0.00 secs] 
2014-07-16T14:24:15.378+0000: 1265.565: [GC [PSYoungGen: 784610K->410K(755264K)] 943728K->159608K(1442240K), 0.0065360 secs] [Times: user=0.02 sys=0.00, real=0.01 secs] 
2014-07-16T14:24:17.024+0000: 1267.212: [GC [PSYoungGen: 755226K->758K(727488K)] 914424K->160036K(1414464K), 0.0225230 secs] [Times: user=0.07 sys=0.00, real=0.02 secs] 
2014-07-16T14:24:18.607+0000: 1268.794: [GC [PSYoungGen: 727478K->836K(700800K)] 886756K->160186K(1387776K), 0.0252900 secs] [Times: user=0.10 sys=0.00, real=0.03 secs] 
2014-07-16T14:24:20.131+0000: 1270.319: [GC [PSYoungGen: 700740K->480K(674880K)] 860090K->159966K(1361856K), 0.0151820 secs] [Times: user=0.05 sys=0.00, real=0.01 secs] 
2014-07-16T14:24:21.579+0000: 1271.766: [GC [PSYoungGen: 674799K->402K(650432K)] 834285K->159992K(1337408K), 0.0097370 secs] [Times: user=0.04 sys=0.01, real=0.01 secs] 
2014-07-16T14:24:22.988+0000: 1273.176: [GC [PSYoungGen: 650384K->434K(627200K)] 809974K->160096K(1314176K), 0.0081880 secs] [Times: user=0.01 sys=0.00, real=0.01 secs] 
2014-07-16T14:24:24.339+0000: 1274.526: [GC [PSYoungGen: 627186K->288K(604928K)] 786848K->159998K(1291904K), 0.0045790 secs] [Times: user=0.01 sys=0.01, real=0.01 secs] 
2014-07-16T14:24:25.642+0000: 1275.829: [GC [PSYoungGen: 604896K->530K(584000K)] 764606K->160312K(1270976K), 0.0041190 secs] [Times: user=0.01 sys=0.00, real=0.00 secs] 
2014-07-16T14:24:26.901+0000: 1277.088: [GC [PSYoungGen: 583954K->498K(563712K)] 743736K->160368K(1250688K), 0.0043830 secs] [Times: user=0.02 sys=0.00, real=0.01 secs] 
2014-07-16T14:24:28.120+0000: 1278.308: [GC [PSYoungGen: 563698K->306K(544256K)] 723568K->160256K(1231232K), 0.0046590 secs] [Times: user=0.01 sys=0.00, real=0.01 secs] 
2014-07-16T14:24:29.304+0000: 1279.491: [GC [PSYoungGen: 544242K->324K(525888K)] 704192K->160338K(1212864K), 0.0206150 secs] [Times: user=0.07 sys=0.00, real=0.02 secs] 
2014-07-16T14:24:30.457+0000: 1280.645: [GC [PSYoungGen: 525828K->384K(508288K)] 685842K->160486K(1195264K), 0.0093710 secs] [Times: user=0.03 sys=0.00, real=0.01 secs] 
2014-07-16T14:24:31.573+0000: 1281.761: [GC [PSYoungGen: 508288K->416K(491520K)] 668390K->160606K(1178496K), 0.0145550 secs] [Times: user=0.05 sys=0.00, real=0.01 secs] 
2014-07-16T14:24:32.646+0000: 1282.834: [GC [PSYoungGen: 491488K->736K(590080K)] 651678K->161006K(1277056K), 0.0293190 secs] [Times: user=0.11 sys=0.00, real=0.03 secs] 
2014-07-16T14:24:33.932+0000: 1284.119: [GC [PSYoungGen: 590048K->256K(707456K)] 750318K->160574K(1394432K), 0.0049740 secs] [Times: user=0.01 sys=0.00, real=0.01 secs] 
2014-07-16T14:24:35.451+0000: 1285.638: [GC [PSYoungGen: 707456K->480K(849152K)] 867774K->160910K(1536128K), 0.0114280 secs] [Times: user=0.03 sys=0.00, real=0.01 secs] 
2014-07-16T14:24:37.284+0000: 1287.471: [GC [PSYoungGen: 849120K->338K(816512K)] 1009550K->160840K(1503488K), 0.0110260 secs] [Times: user=0.04 sys=0.00, real=0.02 secs] 
2014-07-16T14:24:39.047+0000: 1289.234: [GC [PSYoungGen: 816466K->256K(785408K)] 976968K->160878K(1472384K), 0.0074270 secs] [Times: user=0.02 sys=0.00, real=0.01 secs] 
2014-07-16T14:24:40.770+0000: 1290.957: [GC [PSYoungGen: 785408K->466K(756160K)] 946030K->161184K(1443136K), 0.0125810 secs] [Times: user=0.05 sys=0.00, real=0.01 secs] 
2014-07-16T14:24:42.384+0000: 1292.571: [GC [PSYoungGen: 756114K->466K(728000K)] 916832K->161264K(1414976K), 0.0049930 secs] [Times: user=0.01 sys=0.00, real=0.01 secs] 
2014-07-16T14:24:44.115+0000: 1294.302: [GC [PSYoungGen: 727954K->480K(701184K)] 888752K->161350K(1388160K), 0.0046510 secs] [Times: user=0.02 sys=0.00, real=0.00 secs] 
2014-07-16T14:24:45.716+0000: 1295.903: [GC [PSYoungGen: 701150K->698K(675776K)] 862020K->161912K(1362752K), 0.0101080 secs] [Times: user=0.03 sys=0.00, real=0.01 secs] 
2014-07-16T14:24:47.341+0000: 1297.529: [GC [PSYoungGen: 675770K->480K(651200K)] 836984K->161846K(1338176K), 0.0360460 secs] [Times: user=0.13 sys=0.00, real=0.04 secs] 
2014-07-16T14:24:48.955+0000: 1299.142: [GC [PSYoungGen: 651168K->448K(627840K)] 812534K->161990K(1314816K), 0.0152990 secs] [Times: user=0.05 sys=0.00, real=0.02 secs] 
2014-07-16T14:24:50.301+0000: 1300.489: [GC [PSYoungGen: 627840K->420K(605632K)] 789382K->162090K(1292608K), 0.0051750 secs] [Times: user=0.01 sys=0.00, real=0.01 secs] 
2014-07-16T14:24:51.634+0000: 1301.821: [GC [PSYoungGen: 605604K->420K(584448K)] 767274K->162154K(1271424K), 0.0080490 secs] [Times: user=0.02 sys=0.00, real=0.01 secs] 
2014-07-16T14:24:52.886+0000: 1303.073: [GC [PSYoungGen: 584420K->224K(564032K)] 746154K->162014K(1251008K), 0.0055340 secs] [Times: user=0.01 sys=0.00, real=0.01 secs] 
2014-07-16T14:24:54.123+0000: 1304.310: [GC [PSYoungGen: 564000K->466K(544960K)] 725790K->162312K(1231936K), 0.0095050 secs] [Times: user=0.03 sys=0.01, real=0.01 secs] 
2014-07-16T14:24:55.293+0000: 1305.480: [GC [PSYoungGen: 544914K->320K(526336K)] 706760K->162230K(1213312K), 0.0136490 secs] [Times: user=0.05 sys=0.00, real=0.02 secs] 
2014-07-16T14:24:56.422+0000: 1306.609: [GC [PSYoungGen: 526336K->352K(508800K)] 688246K->162358K(1195776K), 0.0096420 secs] [Times: user=0.03 sys=0.00, real=0.01 secs] 
2014-07-16T14:24:57.527+0000: 1307.715: [GC [PSYoungGen: 508768K->338K(491968K)] 670774K->162440K(1178944K), 0.0038040 secs] [Times: user=0.01 sys=0.00, real=0.00 secs] 
2014-07-16T14:24:58.588+0000: 1308.775: [GC [PSYoungGen: 491922K->448K(475968K)] 654024K->162630K(1162944K), 0.0146000 secs] [Times: user=0.05 sys=0.00, real=0.01 secs] 
2014-07-16T14:24:59.620+0000: 1309.808: [GC [PSYoungGen: 475916K->328K(460544K)] 638098K->162574K(1147520K), 0.0061560 secs] [Times: user=0.01 sys=0.00, real=0.00 secs] 
2014-07-16T14:25:00.619+0000: 1310.806: [GC [PSYoungGen: 460488K->698K(446144K)] 622734K->163000K(1133120K), 0.0051560 secs] [Times: user=0.01 sys=0.00, real=0.00 secs] 
2014-07-16T14:25:01.581+0000: 1311.768: [GC [PSYoungGen: 446138K->416K(534976K)] 608440K->162774K(1221952K), 0.0250040 secs] [Times: user=0.09 sys=0.00, real=0.02 secs] 
2014-07-16T14:25:02.769+0000: 1312.956: [GC [PSYoungGen: 534944K->548K(642048K)] 697302K->163052K(1329024K), 0.0079940 secs] [Times: user=0.01 sys=0.01, real=0.00 secs] 
2014-07-16T14:25:04.165+0000: 1314.352: [GC [PSYoungGen: 642019K->416K(770240K)] 804523K->162992K(1457216K), 0.0144810 secs] [Times: user=0.05 sys=0.00, real=0.02 secs] 
2014-07-16T14:25:05.825+0000: 1316.012: [GC [PSYoungGen: 770208K->256K(741248K)] 932784K->162912K(1428224K), 0.0065550 secs] [Times: user=0.02 sys=0.00, real=0.01 secs] 
2014-07-16T14:25:07.425+0000: 1317.612: [GC [PSYoungGen: 741248K->384K(713920K)] 903904K->163160K(1400896K), 0.0081280 secs] [Times: user=0.01 sys=0.00, real=0.01 secs] 
2014-07-16T14:25:08.970+0000: 1319.157: [GC [PSYoungGen: 713917K->274K(687680K)] 876693K->163154K(1374656K), 0.0040630 secs] [Times: user=0.01 sys=0.00, real=0.00 secs] 
2014-07-16T14:25:10.662+0000: 1320.849: [GC [PSYoungGen: 687634K->736K(663168K)] 850514K->163704K(1350144K), 0.0066470 secs] [Times: user=0.02 sys=0.00, real=0.00 secs] 
2014-07-16T14:25:12.314+0000: 1322.501: [GC [PSYoungGen: 663131K->612K(639232K)] 826099K->163844K(1326208K), 0.0066660 secs] [Times: user=0.01 sys=0.01, real=0.01 secs] 
2014-07-16T14:25:13.930+0000: 1324.117: [GC [PSYoungGen: 639204K->794K(616704K)] 802436K->164162K(1303680K), 0.0093660 secs] [Times: user=0.02 sys=0.00, real=0.01 secs] 
2014-07-16T14:25:15.332+0000: 1325.519: [GC [PSYoungGen: 616625K->466K(594688K)] 779993K->164010K(1281664K), 0.0141220 secs] [Times: user=0.04 sys=0.00, real=0.01 secs] 
2014-07-16T14:25:16.603+0000: 1326.790: [GC [PSYoungGen: 594642K->242K(573760K)] 758186K->163898K(1260736K), 0.0054820 secs] [Times: user=0.02 sys=0.00, real=0.00 secs] 
2014-07-16T14:25:17.843+0000: 1328.030: [GC [PSYoungGen: 573658K->488K(554240K)] 737314K->164224K(1241216K), 0.0074100 secs] [Times: user=0.02 sys=0.00, real=0.01 secs] 
2014-07-16T14:25:19.044+0000: 1329.231: [GC [PSYoungGen: 554216K->306K(535168K)] 717952K->164082K(1222144K), 0.0071330 secs] [Times: user=0.01 sys=0.00, real=0.01 secs] 
2014-07-16T14:25:20.195+0000: 1330.383: [GC [PSYoungGen: 535154K->352K(517248K)] 698930K->164208K(1204224K), 0.0104270 secs] [Times: user=0.04 sys=0.00, real=0.01 secs] 
2014-07-16T14:25:21.313+0000: 1331.501: [GC [PSYoungGen: 517216K->612K(500288K)] 681072K->164524K(1187264K), 0.0079140 secs] [Times: user=0.01 sys=0.00, real=0.01 secs] 
2014-07-16T14:25:22.409+0000: 1332.596: [GC [PSYoungGen: 500260K->256K(483456K)] 664172K->164216K(1170432K), 0.0110700 secs] [Times: user=0.04 sys=0.00, real=0.01 secs] 
2014-07-16T14:25:23.483+0000: 1333.670: [GC [PSYoungGen: 483456K->832K(580672K)] 647416K->164872K(1267648K), 0.0205540 secs] [Times: user=0.08 sys=0.00, real=0.02 secs] 
2014-07-16T14:25:24.738+0000: 1334.926: [GC [PSYoungGen: 580672K->512K(696320K)] 744712K->164648K(1383296K), 0.0145840 secs] [Times: user=0.05 sys=0.00, real=0.02 secs] 
2014-07-16T14:25:26.248+0000: 1336.436: [GC [PSYoungGen: 696319K->388K(670912K)] 860455K->164612K(1357888K), 0.0042560 secs] [Times: user=0.01 sys=0.00, real=0.01 secs] 
2014-07-16T14:25:27.694+0000: 1337.881: [GC [PSYoungGen: 670852K->242K(646528K)] 835076K->164570K(1333504K), 0.0165310 secs] [Times: user=0.06 sys=0.00, real=0.01 secs] 
2014-07-16T14:25:29.084+0000: 1339.271: [GC [PSYoungGen: 646514K->420K(623680K)] 810842K->164828K(1310656K), 0.0127360 secs] [Times: user=0.04 sys=0.00, real=0.01 secs] 
2014-07-16T14:25:30.434+0000: 1340.622: [GC [PSYoungGen: 623652K->224K(601472K)] 788060K->164712K(1288448K), 0.0094490 secs] [Times: user=0.03 sys=0.00, real=0.01 secs] 
2014-07-16T14:25:31.736+0000: 1341.924: [GC [PSYoungGen: 601440K->416K(580672K)] 765928K->164968K(1267648K), 0.0139080 secs] [Times: user=0.05 sys=0.00, real=0.01 secs] 
2014-07-16T14:25:32.995+0000: 1343.182: [GC [PSYoungGen: 580640K->580K(560832K)] 745192K->165188K(1247808K), 0.0060980 secs] [Times: user=0.01 sys=0.00, real=0.00 secs] 
2014-07-16T14:25:34.266+0000: 1344.454: [GC [PSYoungGen: 560772K->896K(541952K)] 725380K->165688K(1228928K), 0.0072600 secs] [Times: user=0.02 sys=0.01, real=0.01 secs] 
2014-07-16T14:25:35.412+0000: 1345.599: [GC [PSYoungGen: 541952K->320K(523072K)] 706744K->165232K(1210048K), 0.0148660 secs] [Times: user=0.06 sys=0.00, real=0.02 secs] 
2014-07-16T14:25:36.556+0000: 1346.743: [GC [PSYoungGen: 523072K->658K(505984K)] 687984K->165682K(1192960K), 0.0061570 secs] [Times: user=0.02 sys=0.00, real=0.00 secs] 
2014-07-16T14:25:37.672+0000: 1347.860: [GC [PSYoungGen: 505938K->516K(489152K)] 670962K->165644K(1176128K), 0.0044630 secs] [Times: user=0.02 sys=0.00, real=0.01 secs] 
2014-07-16T14:25:38.727+0000: 1348.914: [GC [PSYoungGen: 489092K->306K(586624K)] 654220K->165514K(1273600K), 0.0294140 secs] [Times: user=0.11 sys=0.00, real=0.03 secs] 
2014-07-16T14:25:39.999+0000: 1350.186: [GC [PSYoungGen: 586568K->544K(704192K)] 751776K->165848K(1391168K), 0.0139640 secs] [Times: user=0.05 sys=0.00, real=0.01 secs] 
2014-07-16T14:25:41.518+0000: 1351.705: [GC [PSYoungGen: 704160K->384K(678272K)] 869464K->165760K(1365248K), 0.0040140 secs] [Times: user=0.01 sys=0.00, real=0.00 secs] 
2014-07-16T14:25:42.967+0000: 1353.154: [GC [PSYoungGen: 678272K->192K(653568K)] 843648K->165656K(1340544K), 0.0077920 secs] [Times: user=0.01 sys=0.00, real=0.01 secs] 
2014-07-16T14:25:44.391+0000: 1354.578: [GC [PSYoungGen: 653568K->288K(630272K)] 819032K->165808K(1317248K), 0.0089540 secs] [Times: user=0.03 sys=0.00, real=0.01 secs] 
2014-07-16T14:25:45.875+0000: 1356.062: [GC [PSYoungGen: 630240K->512K(608128K)] 795760K->166104K(1295104K), 0.0180200 secs] [Times: user=0.06 sys=0.00, real=0.01 secs] 
2014-07-16T14:25:47.270+0000: 1357.457: [GC [PSYoungGen: 608076K->562K(586880K)] 773668K->166370K(1273856K), 0.0094500 secs] [Times: user=0.03 sys=0.00, real=0.01 secs] 
2014-07-16T14:25:48.664+0000: 1358.851: [GC [PSYoungGen: 586865K->740K(566720K)] 752673K->166708K(1253696K), 0.0054520 secs] [Times: user=0.02 sys=0.00, real=0.01 secs] 
2014-07-16T14:25:50.003+0000: 1360.190: [GC [PSYoungGen: 566692K->352K(546944K)] 732660K->166424K(1233920K), 0.0141300 secs] [Times: user=0.02 sys=0.00, real=0.02 secs] 
2014-07-16T14:25:51.266+0000: 1361.453: [GC [PSYoungGen: 546912K->384K(528384K)] 712984K->166576K(1215360K), 0.0055430 secs] [Times: user=0.01 sys=0.00, real=0.00 secs] 
2014-07-16T14:25:52.375+0000: 1362.563: [GC [PSYoungGen: 528384K->242K(510528K)] 694576K->166514K(1197504K), 0.0057140 secs] [Times: user=0.02 sys=0.00, real=0.00 secs] 
2014-07-16T14:25:53.485+0000: 1363.672: [GC [PSYoungGen: 510514K->256K(493632K)] 676786K->166560K(1180608K), 0.0074040 secs] [Times: user=0.01 sys=0.00, real=0.01 secs] 
2014-07-16T14:25:54.550+0000: 1364.737: [GC [PSYoungGen: 493632K->416K(477632K)] 659936K->166768K(1164608K), 0.0141870 secs] [Times: user=0.05 sys=0.00, real=0.01 secs] 
2014-07-16T14:25:55.603+0000: 1365.790: [GC [PSYoungGen: 477600K->530K(462272K)] 643952K->166946K(1149248K), 0.0053170 secs] [Times: user=0.01 sys=0.00, real=0.01 secs] 
2014-07-16T14:25:56.610+0000: 1366.797: [GC [PSYoungGen: 462226K->256K(554304K)] 628642K->166768K(1241280K), 0.0243840 secs] [Times: user=0.08 sys=0.00, real=0.02 secs] 
2014-07-16T14:25:57.814+0000: 1368.001: [GC [PSYoungGen: 554304K->320K(665216K)] 720816K->166912K(1352192K), 0.0090300 secs] [Times: user=0.02 sys=0.00, real=0.01 secs] 
2014-07-16T14:25:59.271+0000: 1369.459: [GC [PSYoungGen: 665216K->548K(641536K)] 831808K->167196K(1328512K), 0.0058350 secs] [Times: user=0.01 sys=0.00, real=0.01 secs] 
2014-07-16T14:26:00.641+0000: 1370.828: [GC [PSYoungGen: 641508K->480K(618624K)] 808156K->167240K(1305600K), 0.0185090 secs] [Times: user=0.06 sys=0.00, real=0.02 secs] 
2014-07-16T14:26:02.083+0000: 1372.270: [GC [PSYoungGen: 618592K->736K(597120K)] 785352K->167552K(1284096K), 0.0060490 secs] [Times: user=0.01 sys=0.00, real=0.01 secs] 
2014-07-16T14:26:03.475+0000: 1373.662: [GC [PSYoungGen: 597011K->434K(576000K)] 763827K->167594K(1262976K), 0.0079810 secs] [Times: user=0.02 sys=0.01, real=0.01 secs] 
2014-07-16T14:26:04.936+0000: 1375.123: [GC [PSYoungGen: 575986K->722K(556480K)] 743146K->167994K(1243456K), 0.0107400 secs] [Times: user=0.02 sys=0.00, real=0.01 secs] 
2014-07-16T14:26:06.372+0000: 1376.560: [GC [PSYoungGen: 556434K->832K(667712K)] 723706K->168328K(1354688K), 0.0332410 secs] [Times: user=0.12 sys=0.00, real=0.03 secs] 
2014-07-16T14:26:07.864+0000: 1378.052: [GC [PSYoungGen: 667712K->480K(643392K)] 835208K->168160K(1330368K), 0.0059020 secs] [Times: user=0.01 sys=0.00, real=0.01 secs] 
2014-07-16T14:26:09.258+0000: 1379.445: [GC [PSYoungGen: 643360K->384K(620352K)] 811040K->168176K(1307328K), 0.0128630 secs] [Times: user=0.05 sys=0.00, real=0.02 secs] 
2014-07-16T14:26:10.595+0000: 1380.782: [GC [PSYoungGen: 620352K->256K(598336K)] 788144K->168136K(1285312K), 0.0109050 secs] [Times: user=0.04 sys=0.00, real=0.01 secs] 
2014-07-16T14:26:11.896+0000: 1382.084: [GC [PSYoungGen: 598324K->274K(577536K)] 766204K->168210K(1264512K), 0.0064690 secs] [Times: user=0.02 sys=0.00, real=0.01 secs] 
2014-07-16T14:26:13.145+0000: 1383.332: [GC [PSYoungGen: 577490K->434K(557760K)] 745426K->168434K(1244736K), 0.0194490 secs] [Times: user=0.07 sys=0.00, real=0.02 secs] 
2014-07-16T14:26:14.386+0000: 1384.573: [GC [PSYoungGen: 557746K->320K(538624K)] 725746K->168360K(1225600K), 0.0048990 secs] [Times: user=0.02 sys=0.00, real=0.01 secs] 
2014-07-16T14:26:15.534+0000: 1385.721: [GC [PSYoungGen: 538624K->338K(520512K)] 706664K->168458K(1207488K), 0.0052620 secs] [Times: user=0.01 sys=0.00, real=0.01 secs] 
2014-07-16T14:26:16.665+0000: 1386.852: [GC [PSYoungGen: 520466K->704K(503488K)] 688586K->168936K(1190464K), 0.0069010 secs] [Times: user=0.01 sys=0.00, real=0.01 secs] 
2014-07-16T14:26:17.943+0000: 1388.130: [GC [PSYoungGen: 503488K->936K(604352K)] 671720K->169264K(1291328K), 0.0258140 secs] [Times: user=0.09 sys=0.01, real=0.02 secs] 
2014-07-16T14:26:19.516+0000: 1389.704: [GC [PSYoungGen: 604328K->320K(724416K)] 772656K->169114K(1411392K), 0.0280350 secs] [Times: user=0.10 sys=0.00, real=0.03 secs] 
2014-07-16T14:26:21.254+0000: 1391.441: [GC [PSYoungGen: 724394K->900K(869888K)] 893188K->169830K(1556864K), 0.0136040 secs] [Times: user=0.05 sys=0.00, real=0.01 secs] 
2014-07-16T14:26:23.339+0000: 1393.526: [GC [PSYoungGen: 869828K->712K(836224K)] 1038758K->169810K(1523200K), 0.0047420 secs] [Times: user=0.02 sys=0.00, real=0.01 secs] 
2014-07-16T14:26:25.169+0000: 1395.356: [GC [PSYoungGen: 836168K->224K(803840K)] 1005266K->169458K(1490816K), 0.0047630 secs] [Times: user=0.02 sys=0.00, real=0.01 secs] 
2014-07-16T14:26:26.914+0000: 1397.102: [GC [PSYoungGen: 803731K->730K(773952K)] 972965K->170084K(1460928K), 0.0045180 secs] [Times: user=0.01 sys=0.00, real=0.00 secs] 
2014-07-16T14:26:28.574+0000: 1398.761: [GC [PSYoungGen: 773914K->402K(744640K)] 943268K->169876K(1431616K), 0.0161720 secs] [Times: user=0.06 sys=0.01, real=0.01 secs] 
2014-07-16T14:26:30.184+0000: 1400.371: [GC [PSYoungGen: 744594K->512K(717120K)] 914068K->170058K(1404096K), 0.0118420 secs] [Times: user=0.04 sys=0.00, real=0.01 secs] 
2014-07-16T14:26:31.757+0000: 1401.945: [GC [PSYoungGen: 717120K->832K(691136K)] 886666K->170458K(1378112K), 0.0057670 secs] [Times: user=0.02 sys=0.00, real=0.01 secs] 
2014-07-16T14:26:33.273+0000: 1403.461: [GC [PSYoungGen: 691133K->580K(665856K)] 860759K->170286K(1352832K), 0.0051020 secs] [Times: user=0.01 sys=0.00, real=0.00 secs] 
2014-07-16T14:26:34.738+0000: 1404.925: [GC [PSYoungGen: 665761K->1042K(642368K)] 835468K->170852K(1329344K), 0.0096810 secs] [Times: user=0.02 sys=0.01, real=0.01 secs] 
2014-07-16T14:26:36.102+0000: 1406.289: [GC [PSYoungGen: 642322K->548K(619008K)] 812132K->170486K(1305984K), 0.0131780 secs] [Times: user=0.05 sys=0.01, real=0.01 secs] 
2014-07-16T14:26:37.435+0000: 1407.622: [GC [PSYoungGen: 618980K->640K(597248K)] 788918K->170706K(1284224K), 0.0070420 secs] [Times: user=0.03 sys=0.00, real=0.01 secs] 
2014-07-16T14:26:38.730+0000: 1408.917: [GC [PSYoungGen: 597248K->292K(576128K)] 767314K->170438K(1263104K), 0.0178930 secs] [Times: user=0.07 sys=0.00, real=0.02 secs] 
2014-07-16T14:26:39.974+0000: 1410.161: [GC [PSYoungGen: 576100K->306K(556288K)] 746246K->170516K(1243264K), 0.0052170 secs] [Times: user=0.01 sys=0.00, real=0.00 secs] 
2014-07-16T14:26:41.181+0000: 1411.368: [GC [PSYoungGen: 556274K->384K(537408K)] 726484K->170650K(1224384K), 0.0058700 secs] [Times: user=0.01 sys=0.00, real=0.01 secs] 
2014-07-16T14:26:42.335+0000: 1412.522: [GC [PSYoungGen: 537408K->356K(519296K)] 707674K->170678K(1206272K), 0.0106140 secs] [Times: user=0.04 sys=0.00, real=0.01 secs] 
2014-07-16T14:26:43.464+0000: 1413.651: [GC [PSYoungGen: 519268K->306K(501952K)] 689590K->170676K(1188928K), 0.0127340 secs] [Times: user=0.05 sys=0.00, real=0.01 secs] 
2014-07-16T14:26:44.566+0000: 1414.753: [GC [PSYoungGen: 501938K->288K(485440K)] 672308K->170714K(1172416K), 0.0133020 secs] [Times: user=0.05 sys=0.00, real=0.01 secs] 
2014-07-16T14:26:45.628+0000: 1415.815: [GC [PSYoungGen: 485408K->882K(583040K)] 655834K->171380K(1270016K), 0.0159620 secs] [Times: user=0.06 sys=0.00, real=0.01 secs] 
2014-07-16T14:26:46.882+0000: 1417.069: [GC [PSYoungGen: 583026K->466K(699136K)] 753524K->171092K(1386112K), 0.0139750 secs] [Times: user=0.06 sys=0.01, real=0.02 secs] 
2014-07-16T14:26:48.418+0000: 1418.606: [GC [PSYoungGen: 699090K->694K(839104K)] 869716K->171416K(1526080K), 0.0264290 secs] [Times: user=0.09 sys=0.00, real=0.03 secs] 
2014-07-16T14:26:50.246+0000: 1420.433: [GC [PSYoungGen: 839094K->224K(1006336K)] 1009816K->171050K(1693312K), 0.0188200 secs] [Times: user=0.07 sys=0.00, real=0.02 secs] 
2014-07-16T14:26:52.430+0000: 1422.617: [GC [PSYoungGen: 1006304K->370K(1207680K)] 1177130K->171284K(1894656K), 0.0193760 secs] [Times: user=0.07 sys=0.00, real=0.02 secs] 
2014-07-16T14:26:55.097+0000: 1425.285: [GC [PSYoungGen: 1207666K->598K(1449408K)] 1378580K->171608K(2136384K), 0.0247380 secs] [Times: user=0.09 sys=0.00, real=0.02 secs] 
2014-07-16T14:26:58.214+0000: 1428.401: [GC [PSYoungGen: 1449366K->626K(1387968K)] 1620376K->171820K(2074944K), 0.0212330 secs] [Times: user=0.07 sys=0.00, real=0.03 secs] 
2014-07-16T14:27:01.277+0000: 1431.464: [GC [PSYoungGen: 1387954K->516K(1329408K)] 1559148K->171878K(2016384K), 0.0137920 secs] [Times: user=0.04 sys=0.00, real=0.01 secs] 
2014-07-16T14:27:04.153+0000: 1434.340: [GC [PSYoungGen: 1329348K->352K(1273600K)] 1500710K->171882K(1960576K), 0.0131030 secs] [Times: user=0.04 sys=0.00, real=0.01 secs] 
2014-07-16T14:27:06.906+0000: 1437.093: [GC [PSYoungGen: 1273568K->434K(1220736K)] 1445098K->172076K(1907712K), 0.0057340 secs] [Times: user=0.01 sys=0.00, real=0.01 secs] 
2014-07-16T14:27:09.602+0000: 1439.789: [GC [PSYoungGen: 1220722K->946K(1170880K)] 1392364K->172772K(1857856K), 0.0055150 secs] [Times: user=0.02 sys=0.00, real=0.01 secs] 
2014-07-16T14:27:12.116+0000: 1442.303: [GC [PSYoungGen: 1170866K->256K(1122304K)] 1342692K->172226K(1809280K), 0.0278840 secs] [Times: user=0.11 sys=0.00, real=0.03 secs] 
2014-07-16T14:27:14.530+0000: 1444.717: [GC [PSYoungGen: 1122304K->384K(1076864K)] 1294274K->172482K(1763840K), 0.0053530 secs] [Times: user=0.01 sys=0.00, real=0.00 secs] 
2014-07-16T14:27:16.905+0000: 1447.092: [GC [PSYoungGen: 1076864K->498K(1033600K)] 1248962K->172740K(1720576K), 0.0191340 secs] [Times: user=0.07 sys=0.00, real=0.02 secs] 
2014-07-16T14:27:19.177+0000: 1449.364: [GC [PSYoungGen: 1033586K->1010K(992832K)] 1205828K->173500K(1679808K), 0.0181610 secs] [Times: user=0.06 sys=0.00, real=0.02 secs] 
2014-07-16T14:27:21.310+0000: 1451.497: [GC [PSYoungGen: 992818K->818K(953280K)] 1165308K->173436K(1640256K), 0.0152940 secs] [Times: user=0.06 sys=0.00, real=0.01 secs] 
2014-07-16T14:27:23.358+0000: 1453.545: [GC [PSYoungGen: 953266K->452K(915520K)] 1125884K->173206K(1602496K), 0.0115320 secs] [Times: user=0.04 sys=0.00, real=0.02 secs] 
2014-07-16T14:27:25.551+0000: 1455.739: [GC [PSYoungGen: 915460K->1156K(880576K)] 1088214K->174006K(1567552K), 0.0052230 secs] [Times: user=0.02 sys=0.00, real=0.00 secs] 
2014-07-16T14:27:27.645+0000: 1457.833: [GC [PSYoungGen: 880516K->882K(846272K)] 1053366K->173972K(1533248K), 0.0155700 secs] [Times: user=0.06 sys=0.00, real=0.02 secs] 
2014-07-16T14:27:29.624+0000: 1459.812: [GC [PSYoungGen: 846258K->808K(813824K)] 1019348K->174090K(1500800K), 0.0192880 secs] [Times: user=0.07 sys=0.00, real=0.02 secs] 
2014-07-16T14:27:31.378+0000: 1461.566: [GC [PSYoungGen: 813800K->484K(782656K)] 987082K->173918K(1469632K), 0.0235760 secs] [Times: user=0.08 sys=0.00, real=0.03 secs] 
2014-07-16T14:27:33.072+0000: 1463.260: [GC [PSYoungGen: 782628K->548K(753344K)] 956062K->174070K(1440320K), 0.0116710 secs] [Times: user=0.03 sys=0.00, real=0.01 secs] 
2014-07-16T14:27:34.691+0000: 1464.878: [GC [PSYoungGen: 753285K->488K(725248K)] 926807K->174090K(1412224K), 0.0057760 secs] [Times: user=0.01 sys=0.00, real=0.01 secs] 
2014-07-16T14:27:36.300+0000: 1466.488: [GC [PSYoungGen: 725224K->1010K(699072K)] 898826K->174660K(1386048K), 0.0077160 secs] [Times: user=0.02 sys=0.00, real=0.01 secs] 
2014-07-16T14:27:37.789+0000: 1467.976: [GC [PSYoungGen: 699058K->434K(673024K)] 872708K->174236K(1360000K), 0.0060120 secs] [Times: user=0.02 sys=0.01, real=0.01 secs] 
2014-07-16T14:27:39.260+0000: 1469.447: [GC [PSYoungGen: 673010K->192K(648512K)] 846812K->174090K(1335488K), 0.0040740 secs] [Times: user=0.01 sys=0.00, real=0.01 secs] 
2014-07-16T14:27:40.668+0000: 1470.855: [GC [PSYoungGen: 648512K->562K(625728K)] 822410K->174548K(1312704K), 0.0084110 secs] [Times: user=0.03 sys=0.00, real=0.01 secs] 
2014-07-16T14:27:42.066+0000: 1472.253: [GC [PSYoungGen: 625714K->370K(603456K)] 799700K->174452K(1290432K), 0.0076280 secs] [Times: user=0.03 sys=0.00, real=0.01 secs] 
2014-07-16T14:27:43.358+0000: 1473.546: [GC [PSYoungGen: 603420K->438K(582400K)] 777502K->174624K(1269376K), 0.0070150 secs] [Times: user=0.02 sys=0.00, real=0.01 secs] 
2014-07-16T14:27:44.610+0000: 1474.797: [GC [PSYoungGen: 582390K->192K(561984K)] 756576K->174426K(1248960K), 0.0046530 secs] [Times: user=0.01 sys=0.00, real=0.01 secs] 
2014-07-16T14:27:45.829+0000: 1476.016: [GC [PSYoungGen: 561984K->306K(542912K)] 736218K->174580K(1229888K), 0.0082310 secs] [Times: user=0.01 sys=0.01, real=0.01 secs] 
2014-07-16T14:27:47.006+0000: 1477.193: [GC [PSYoungGen: 542898K->224K(524480K)] 717172K->174602K(1211456K), 0.0062860 secs] [Times: user=0.02 sys=0.00, real=0.00 secs] 
2014-07-16T14:27:48.128+0000: 1478.315: [GC [PSYoungGen: 524448K->320K(507008K)] 698826K->174786K(1193984K), 0.0139850 secs] [Times: user=0.05 sys=0.00, real=0.01 secs] 
2014-07-16T14:27:49.246+0000: 1479.433: [GC [PSYoungGen: 507008K->498K(490432K)] 681474K->175020K(1177408K), 0.0051740 secs] [Times: user=0.02 sys=0.00, real=0.00 secs] 
2014-07-16T14:27:50.338+0000: 1480.526: [GC [PSYoungGen: 490385K->840K(474816K)] 664907K->175442K(1161792K), 0.0074830 secs] [Times: user=0.02 sys=0.00, real=0.01 secs] 
2014-07-16T14:27:51.367+0000: 1481.554: [GC [PSYoungGen: 474760K->562K(459200K)] 649362K->175260K(1146176K), 0.0044410 secs] [Times: user=0.02 sys=0.00, real=0.00 secs] 
2014-07-16T14:27:52.383+0000: 1482.570: [GC [PSYoungGen: 459186K->562K(444544K)] 633884K->175332K(1131520K), 0.0049930 secs] [Times: user=0.01 sys=0.00, real=0.01 secs] 
2014-07-16T14:27:53.347+0000: 1483.534: [GC [PSYoungGen: 444530K->534K(430528K)] 619300K->175376K(1117504K), 0.0066000 secs] [Times: user=0.01 sys=0.00, real=0.00 secs] 
2014-07-16T14:27:54.270+0000: 1484.457: [GC [PSYoungGen: 430486K->388K(416960K)] 605328K->175278K(1103936K), 0.0045640 secs] [Times: user=0.01 sys=0.00, real=0.01 secs] 
2014-07-16T14:27:55.169+0000: 1485.356: [GC [PSYoungGen: 416900K->192K(403840K)] 591790K->175130K(1090816K), 0.0040560 secs] [Times: user=0.01 sys=0.01, real=0.00 secs] 
2014-07-16T14:27:56.044+0000: 1486.232: [GC [PSYoungGen: 403834K->456K(484928K)] 578772K->175490K(1171904K), 0.0262570 secs] [Times: user=0.10 sys=0.00, real=0.02 secs] 
2014-07-16T14:27:57.088+0000: 1487.275: [GC [PSYoungGen: 484872K->384K(468992K)] 659906K->175466K(1155968K), 0.0059010 secs] [Times: user=0.01 sys=0.00, real=0.01 secs] 
2014-07-16T14:27:58.120+0000: 1488.307: [GC [PSYoungGen: 468992K->338K(562752K)] 644074K->175484K(1249728K), 0.0124080 secs] [Times: user=0.04 sys=0.00, real=0.01 secs] 
2014-07-16T14:27:59.322+0000: 1489.509: [GC [PSYoungGen: 562647K->502K(675392K)] 737793K->175736K(1362368K), 0.0162650 secs] [Times: user=0.05 sys=0.00, real=0.02 secs] 
2014-07-16T14:28:00.970+0000: 1491.157: [GC [PSYoungGen: 675382K->530K(651072K)] 850616K->175812K(1338048K), 0.0044210 secs] [Times: user=0.01 sys=0.00, real=0.00 secs] 
2014-07-16T14:28:02.517+0000: 1492.705: [GC [PSYoungGen: 651026K->772K(781440K)] 826308K->176198K(1468416K), 0.0400300 secs] [Times: user=0.15 sys=0.00, real=0.04 secs] 
2014-07-16T14:28:04.419+0000: 1494.606: [GC [PSYoungGen: 781380K->434K(937216K)] 956806K->176108K(1624192K), 0.0342060 secs] [Times: user=0.13 sys=0.00, real=0.03 secs] 
2014-07-16T14:28:06.520+0000: 1496.707: [GC [PSYoungGen: 937202K->616K(1124800K)] 1112876K->176434K(1811776K), 0.0121490 secs] [Times: user=0.04 sys=0.00, real=0.01 secs] 
2014-07-16T14:28:08.960+0000: 1499.147: [GC [PSYoungGen: 1124776K->192K(1349184K)] 1300594K->176242K(2036160K), 0.0175010 secs] [Times: user=0.06 sys=0.00, real=0.02 secs] 
2014-07-16T14:28:11.904+0000: 1502.091: [GC [PSYoungGen: 1349184K->480K(1607040K)] 1525234K->176626K(2294016K), 0.0296560 secs] [Times: user=0.11 sys=0.00, real=0.03 secs] 
2014-07-16T14:28:15.386+0000: 1505.573: [GC [PSYoungGen: 1606496K->736K(1537600K)] 1782642K->177058K(2224576K), 0.0209210 secs] [Times: user=0.07 sys=0.00, real=0.02 secs] 
2014-07-16T14:28:18.895+0000: 1509.082: [GC [PSYoungGen: 1537568K->448K(1471488K)] 1713890K->176978K(2158464K), 0.0133670 secs] [Times: user=0.04 sys=0.01, real=0.02 secs] 
2014-07-16T14:28:22.301+0000: 1512.488: [GC [PSYoungGen: 1471434K->320K(1408832K)] 1647965K->177082K(2095808K), 0.0062970 secs] [Times: user=0.02 sys=0.00, real=0.00 secs] 
2014-07-16T14:28:25.366+0000: 1515.553: [GC [PSYoungGen: 1408832K->672K(1349696K)] 1585594K->177642K(2036672K), 0.0266090 secs] [Times: user=0.09 sys=0.00, real=0.03 secs] 
2014-07-16T14:28:28.269+0000: 1518.457: [GC [PSYoungGen: 1349664K->516K(1292992K)] 1526634K->177678K(1979968K), 0.0059870 secs] [Times: user=0.01 sys=0.00, real=0.00 secs] 
2014-07-16T14:28:31.092+0000: 1521.279: [GC [PSYoungGen: 1292932K->512K(1239104K)] 1470094K->177810K(1926080K), 0.0058090 secs] [Times: user=0.02 sys=0.00, real=0.00 secs] 
2014-07-16T14:28:33.770+0000: 1523.958: [GC [PSYoungGen: 1239104K->608K(1188032K)] 1416402K->178066K(1875008K), 0.0125240 secs] [Times: user=0.03 sys=0.00, real=0.01 secs] 
2014-07-16T14:28:36.411+0000: 1526.599: [GC [PSYoungGen: 1188000K->516K(1139200K)] 1365458K->178094K(1826176K), 0.0102350 secs] [Times: user=0.03 sys=0.00, real=0.01 secs] 
2014-07-16T14:28:38.875+0000: 1529.062: [GC [PSYoungGen: 1139140K->256K(1092480K)] 1316718K->178058K(1779456K), 0.0081560 secs] [Times: user=0.02 sys=0.00, real=0.01 secs] 
2014-07-16T14:28:41.253+0000: 1531.440: [GC [PSYoungGen: 1092480K->658K(1048768K)] 1270282K->178604K(1735744K), 0.0137160 secs] [Times: user=0.03 sys=0.00, real=0.01 secs] 
2014-07-16T14:28:43.797+0000: 1533.985: [GC [PSYoungGen: 1048722K->804K(1006848K)] 1226668K->178910K(1693824K), 0.0338250 secs] [Times: user=0.12 sys=0.00, real=0.04 secs] 
2014-07-16T14:28:46.323+0000: 1536.511: [GC [PSYoungGen: 1006820K->722K(966784K)] 1184926K->179028K(1653760K), 0.0259920 secs] [Times: user=0.10 sys=0.00, real=0.02 secs] 
2014-07-16T14:28:48.643+0000: 1538.830: [GC [PSYoungGen: 966738K->384K(928320K)] 1145044K->179138K(1615296K), 0.0067270 secs] [Times: user=0.02 sys=0.01, real=0.00 secs] 
2014-07-16T14:28:50.679+0000: 1540.867: [GC [PSYoungGen: 928295K->612K(892288K)] 1107050K->179542K(1579264K), 0.0147190 secs] [Times: user=0.05 sys=0.00, real=0.02 secs] 
2014-07-16T14:28:52.618+0000: 1542.806: [GC [PSYoungGen: 892236K->456K(857600K)] 1071166K->179546K(1544576K), 0.0051650 secs] [Times: user=0.01 sys=0.01, real=0.01 secs] 
2014-07-16T14:28:54.488+0000: 1544.675: [GC [PSYoungGen: 857488K->406K(824640K)] 1036578K->179584K(1511616K), 0.0215240 secs] [Times: user=0.08 sys=0.00, real=0.02 secs] 
2014-07-16T14:28:56.362+0000: 1546.549: [GC [PSYoungGen: 824598K->644K(793536K)] 1003776K->179918K(1480512K), 0.0143100 secs] [Times: user=0.05 sys=0.00, real=0.02 secs] 
2014-07-16T14:28:58.094+0000: 1548.281: [GC [PSYoungGen: 793476K->384K(763328K)] 972750K->179874K(1450304K), 0.0104950 secs] [Times: user=0.03 sys=0.00, real=0.01 secs] 
2014-07-16T14:28:59.728+0000: 1549.915: [GC [PSYoungGen: 763328K->352K(734848K)] 942818K->179946K(1421824K), 0.0068290 secs] [Times: user=0.01 sys=0.00, real=0.01 secs] 
2014-07-16T14:29:01.334+0000: 1551.521: [GC [PSYoungGen: 734816K->466K(707840K)] 914410K->180132K(1394816K), 0.0102020 secs] [Times: user=0.04 sys=0.00, real=0.01 secs] 
2014-07-16T14:29:02.859+0000: 1553.046: [GC [PSYoungGen: 707704K->420K(681856K)] 887370K->180206K(1368832K), 0.0138740 secs] [Times: user=0.05 sys=0.00, real=0.01 secs] 
2014-07-16T14:29:04.340+0000: 1554.527: [GC [PSYoungGen: 681744K->474K(657216K)] 861530K->180340K(1344192K), 0.0038310 secs] [Times: user=0.01 sys=0.00, real=0.00 secs] 
2014-07-16T14:29:05.802+0000: 1555.990: [GC [PSYoungGen: 657173K->448K(633600K)] 837039K->180386K(1320576K), 0.0086210 secs] [Times: user=0.03 sys=0.00, real=0.01 secs] 
2014-07-16T14:29:07.252+0000: 1557.439: [GC [PSYoungGen: 633600K->626K(611328K)] 813538K->180708K(1298304K), 0.0250100 secs] [Times: user=0.09 sys=0.00, real=0.03 secs] 
2014-07-16T14:29:08.642+0000: 1558.830: [GC [PSYoungGen: 611314K->676K(733568K)] 791396K->180926K(1420544K), 0.0251060 secs] [Times: user=0.09 sys=0.00, real=0.03 secs] 
2014-07-16T14:29:10.330+0000: 1560.518: [GC [PSYoungGen: 733540K->754K(880256K)] 913790K->181084K(1567232K), 0.0185500 secs] [Times: user=0.07 sys=0.00, real=0.02 secs] 
2014-07-16T14:29:12.404+0000: 1562.591: [GC [PSYoungGen: 880242K->356K(1055808K)] 1060572K->181190K(1742784K), 0.0264090 secs] [Times: user=0.09 sys=0.00, real=0.03 secs] 
2014-07-16T14:29:14.793+0000: 1564.980: [GC [PSYoungGen: 1055731K->480K(1013568K)] 1236565K->181426K(1700544K), 0.0081470 secs] [Times: user=0.01 sys=0.00, real=0.01 secs] 
2014-07-16T14:29:16.981+0000: 1567.169: [GC [PSYoungGen: 1013536K->512K(973248K)] 1194482K->181674K(1660224K), 0.0077170 secs] [Times: user=0.02 sys=0.00, real=0.01 secs] 
2014-07-16T14:29:19.117+0000: 1569.304: [GC [PSYoungGen: 973247K->370K(934720K)] 1154409K->181684K(1621696K), 0.0092200 secs] [Times: user=0.03 sys=0.00, real=0.01 secs] 
2014-07-16T14:29:21.186+0000: 1571.373: [GC [PSYoungGen: 934706K->434K(898176K)] 1116020K->181844K(1585152K), 0.0064230 secs] [Times: user=0.01 sys=0.00, real=0.01 secs] 
2014-07-16T14:29:23.121+0000: 1573.308: [GC [PSYoungGen: 898082K->502K(863424K)] 1079492K->182048K(1550400K), 0.0059420 secs] [Times: user=0.02 sys=0.00, real=0.00 secs] 
2014-07-16T14:29:24.986+0000: 1575.174: [GC [PSYoungGen: 863414K->448K(830144K)] 1044960K->182098K(1517120K), 0.0093960 secs] [Times: user=0.02 sys=0.00, real=0.01 secs] 
2014-07-16T14:29:26.779+0000: 1576.966: [GC [PSYoungGen: 830144K->256K(798336K)] 1011794K->181994K(1485312K), 0.0150680 secs] [Times: user=0.05 sys=0.00, real=0.01 secs] 
2014-07-16T14:29:28.514+0000: 1578.701: [GC [PSYoungGen: 798279K->644K(768640K)] 980017K->182550K(1455616K), 0.0227220 secs] [Times: user=0.08 sys=0.00, real=0.02 secs] 
2014-07-16T14:29:30.195+0000: 1580.382: [GC [PSYoungGen: 768580K->552K(739776K)] 950486K->182554K(1426752K), 0.0108430 secs] [Times: user=0.04 sys=0.00, real=0.01 secs] 
2014-07-16T14:29:31.795+0000: 1581.983: [GC [PSYoungGen: 739752K->566K(712384K)] 921754K->182720K(1399360K), 0.0165040 secs] [Times: user=0.06 sys=0.00, real=0.02 secs] 
2014-07-16T14:29:33.339+0000: 1583.527: [GC [PSYoungGen: 712292K->588K(686336K)] 894446K->182822K(1373312K), 0.0038350 secs] [Times: user=0.01 sys=0.01, real=0.00 secs] 
2014-07-16T14:29:34.961+0000: 1585.148: [GC [PSYoungGen: 686284K->740K(661568K)] 868518K->183326K(1348544K), 0.0051640 secs] [Times: user=0.01 sys=0.00, real=0.00 secs] 
2014-07-16T14:29:36.658+0000: 1586.845: [GC [PSYoungGen: 661540K->790K(637888K)] 844126K->183496K(1324864K), 0.0356490 secs] [Times: user=0.13 sys=0.00, real=0.04 secs] 
2014-07-16T14:29:38.233+0000: 1588.421: [GC [PSYoungGen: 637845K->620K(765120K)] 820551K->183854K(1452096K), 0.0315350 secs] [Times: user=0.11 sys=0.00, real=0.03 secs] 
2014-07-16T14:29:40.005+0000: 1590.192: [GC [PSYoungGen: 765093K->370K(917760K)] 948328K->183740K(1604736K), 0.0089550 secs] [Times: user=0.03 sys=0.00, real=0.01 secs] 
2014-07-16T14:29:41.989+0000: 1592.176: [GC [PSYoungGen: 917732K->192K(881792K)] 1101102K->183730K(1568768K), 0.0075350 secs] [Times: user=0.01 sys=0.00, real=0.01 secs] 
2014-07-16T14:29:43.903+0000: 1594.090: [GC [PSYoungGen: 881792K->192K(847744K)] 1065330K->183810K(1534720K), 0.0140900 secs] [Times: user=0.05 sys=0.00, real=0.01 secs] 
2014-07-16T14:29:45.734+0000: 1595.921: [GC [PSYoungGen: 847744K->726K(815872K)] 1031362K->184400K(1502848K), 0.0047860 secs] [Times: user=0.01 sys=0.00, real=0.00 secs] 
2014-07-16T14:29:47.516+0000: 1597.703: [GC [PSYoungGen: 815830K->512K(784704K)] 999504K->184298K(1471680K), 0.0069250 secs] [Times: user=0.02 sys=0.00, real=0.01 secs] 
2014-07-16T14:29:49.231+0000: 1599.418: [GC [PSYoungGen: 784704K->388K(755136K)] 968490K->184310K(1442112K), 0.0063600 secs] [Times: user=0.02 sys=0.00, real=0.00 secs] 
2014-07-16T14:29:50.884+0000: 1601.072: [GC [PSYoungGen: 755076K->1096K(727744K)] 938998K->185154K(1414720K), 0.0063360 secs] [Times: user=0.02 sys=0.00, real=0.00 secs] 
2014-07-16T14:29:52.414+0000: 1602.602: [GC [PSYoungGen: 727688K->256K(700032K)] 911746K->184402K(1387008K), 0.0133270 secs] [Times: user=0.04 sys=0.00, real=0.01 secs] 
2014-07-16T14:29:53.934+0000: 1604.121: [GC [PSYoungGen: 699996K->224K(674496K)] 884142K->184442K(1361472K), 0.0054350 secs] [Times: user=0.02 sys=0.00, real=0.00 secs] 
2014-07-16T14:29:55.389+0000: 1605.577: [GC [PSYoungGen: 674464K->352K(650240K)] 858682K->184650K(1337216K), 0.0203950 secs] [Times: user=0.07 sys=0.00, real=0.02 secs] 
2014-07-16T14:29:56.824+0000: 1607.011: [GC [PSYoungGen: 650208K->484K(627136K)] 834506K->184862K(1314112K), 0.0174670 secs] [Times: user=0.06 sys=0.00, real=0.01 secs] 
2014-07-16T14:29:58.177+0000: 1608.364: [GC [PSYoungGen: 627108K->786K(605312K)] 811486K->185276K(1292288K), 0.0133670 secs] [Times: user=0.04 sys=0.00, real=0.01 secs] 
2014-07-16T14:29:59.507+0000: 1609.695: [GC [PSYoungGen: 605206K->452K(583808K)] 789696K->185038K(1270784K), 0.0135830 secs] [Times: user=0.04 sys=0.00, real=0.01 secs] 
2014-07-16T14:30:00.899+0000: 1611.087: [GC [PSYoungGen: 583747K->800K(563904K)] 768333K->185490K(1250880K), 0.0076050 secs] [Times: user=0.03 sys=0.00, real=0.01 secs] 
2014-07-16T14:30:02.260+0000: 1612.447: [GC [PSYoungGen: 563872K->608K(544448K)] 748562K->185426K(1231424K), 0.0061040 secs] [Times: user=0.01 sys=0.00, real=0.01 secs] 
2014-07-16T14:30:03.565+0000: 1613.753: [GC [PSYoungGen: 544416K->516K(653184K)] 729234K->185446K(1340160K), 0.0244130 secs] [Times: user=0.09 sys=0.00, real=0.02 secs] 
2014-07-16T14:30:05.128+0000: 1615.315: [GC [PSYoungGen: 653124K->1138K(784320K)] 838054K->186180K(1471296K), 0.0305090 secs] [Times: user=0.11 sys=0.00, real=0.03 secs] 
2014-07-16T14:30:06.844+0000: 1617.031: [GC [PSYoungGen: 784306K->630K(940480K)] 969348K->185816K(1627456K), 0.0195340 secs] [Times: user=0.07 sys=0.00, real=0.01 secs] 
2014-07-16T14:30:08.876+0000: 1619.063: [GC [PSYoungGen: 940470K->370K(1128192K)] 1125656K->185724K(1815168K), 0.0186110 secs] [Times: user=0.06 sys=0.00, real=0.02 secs] 
2014-07-16T14:30:11.341+0000: 1621.528: [GC [PSYoungGen: 1128154K->434K(1353856K)] 1313508K->185876K(2040832K), 0.0155530 secs] [Times: user=0.06 sys=0.00, real=0.02 secs] 
2014-07-16T14:30:14.264+0000: 1624.451: [GC [PSYoungGen: 1353842K->256K(1296832K)] 1539284K->185802K(1983808K), 0.0187100 secs] [Times: user=0.07 sys=0.00, real=0.02 secs] 
2014-07-16T14:30:17.081+0000: 1627.268: [GC [PSYoungGen: 1296832K->562K(1243136K)] 1482378K->186212K(1930112K), 0.0059270 secs] [Times: user=0.02 sys=0.00, real=0.01 secs] 
2014-07-16T14:30:19.769+0000: 1629.956: [GC [PSYoungGen: 1243122K->562K(1191744K)] 1428772K->186436K(1878720K), 0.0164100 secs] [Times: user=0.06 sys=0.00, real=0.01 secs] 
2014-07-16T14:30:22.335+0000: 1632.522: [GC [PSYoungGen: 1191730K->224K(1142464K)] 1377604K->186202K(1829440K), 0.0175360 secs] [Times: user=0.07 sys=0.00, real=0.02 secs] 
2014-07-16T14:30:24.809+0000: 1634.996: [GC [PSYoungGen: 1142432K->452K(1096128K)] 1328410K->186534K(1783104K), 0.0099800 secs] [Times: user=0.04 sys=0.00, real=0.01 secs] 
2014-07-16T14:30:27.161+0000: 1637.348: [GC [PSYoungGen: 1095985K->512K(1051840K)] 1282067K->186698K(1738816K), 0.0179020 secs] [Times: user=0.07 sys=0.00, real=0.02 secs] 
2014-07-16T14:30:29.443+0000: 1639.630: [GC [PSYoungGen: 1051840K->580K(1009792K)] 1238026K->186950K(1696768K), 0.0077430 secs] [Times: user=0.01 sys=0.01, real=0.01 secs] 
2014-07-16T14:30:31.721+0000: 1641.908: [GC [PSYoungGen: 1009728K->854K(969856K)] 1196098K->187328K(1656832K), 0.0055400 secs] [Times: user=0.02 sys=0.00, real=0.00 secs] 
2014-07-16T14:30:33.828+0000: 1644.015: [GC [PSYoungGen: 969814K->594K(931392K)] 1156288K->187220K(1618368K), 0.0254890 secs] [Times: user=0.09 sys=0.00, real=0.02 secs] 
2014-07-16T14:30:35.872+0000: 1646.059: [GC [PSYoungGen: 931346K->612K(894976K)] 1117972K->187358K(1581952K), 0.0098990 secs] [Times: user=0.03 sys=0.00, real=0.01 secs] 
2014-07-16T14:30:38.049+0000: 1648.236: [GC [PSYoungGen: 894948K->882K(860544K)] 1081694K->187812K(1547520K), 0.0235820 secs] [Times: user=0.08 sys=0.00, real=0.03 secs] 
2014-07-16T14:30:40.107+0000: 1650.294: [GC [PSYoungGen: 860475K->566K(827200K)] 1047405K->188080K(1514176K), 0.0065630 secs] [Times: user=0.02 sys=0.00, real=0.01 secs] 
2014-07-16T14:30:42.224+0000: 1652.412: [GC [PSYoungGen: 827146K->808K(795968K)] 1014661K->188474K(1482944K), 0.0044330 secs] [Times: user=0.01 sys=0.00, real=0.00 secs] 
2014-07-16T14:30:43.882+0000: 1654.069: [GC [PSYoungGen: 795944K->338K(765504K)] 983610K->188260K(1452480K), 0.0154480 secs] [Times: user=0.05 sys=0.01, real=0.01 secs] 
2014-07-16T14:30:45.530+0000: 1655.717: [GC [PSYoungGen: 765458K->352K(736896K)] 953380K->188338K(1423872K), 0.0063250 secs] [Times: user=0.01 sys=0.00, real=0.01 secs] 
2014-07-16T14:30:47.126+0000: 1657.313: [GC [PSYoungGen: 736864K->384K(709632K)] 924850K->188474K(1396608K), 0.0094730 secs] [Times: user=0.03 sys=0.00, real=0.01 secs] 
2014-07-16T14:30:48.670+0000: 1658.857: [GC [PSYoungGen: 709632K->320K(683584K)] 897722K->188538K(1370560K), 0.0068970 secs] [Times: user=0.01 sys=0.00, real=0.01 secs] 
2014-07-16T14:30:50.154+0000: 1660.341: [GC [PSYoungGen: 683584K->192K(658688K)] 871802K->188474K(1345664K), 0.0107410 secs] [Times: user=0.03 sys=0.00, real=0.01 secs] 
2014-07-16T14:30:51.632+0000: 1661.819: [GC [PSYoungGen: 658688K->914K(635840K)] 846970K->189284K(1322816K), 0.0152630 secs] [Times: user=0.04 sys=0.00, real=0.01 secs] 
2014-07-16T14:30:53.038+0000: 1663.225: [GC [PSYoungGen: 635776K->498K(612864K)] 824146K->188988K(1299840K), 0.0081120 secs] [Times: user=0.02 sys=0.01, real=0.01 secs] 
2014-07-16T14:30:54.368+0000: 1664.555: [GC [PSYoungGen: 612850K->452K(591360K)] 801340K->189038K(1278336K), 0.0040920 secs] [Times: user=0.01 sys=0.00, real=0.01 secs] 
2014-07-16T14:30:55.663+0000: 1665.851: [GC [PSYoungGen: 591300K->512K(570816K)] 779886K->189178K(1257792K), 0.0209660 secs] [Times: user=0.08 sys=0.00, real=0.02 secs] 
2014-07-16T14:30:56.899+0000: 1667.087: [GC [PSYoungGen: 570816K->488K(551232K)] 759482K->189258K(1238208K), 0.0096640 secs] [Times: user=0.03 sys=0.00, real=0.01 secs] 
2014-07-16T14:30:58.097+0000: 1668.285: [GC [PSYoungGen: 551208K->452K(532480K)] 739978K->189326K(1219456K), 0.0098740 secs] [Times: user=0.03 sys=0.01, real=0.01 secs] 
2014-07-16T14:30:59.248+0000: 1669.435: [GC [PSYoungGen: 532420K->260K(514432K)] 721294K->189190K(1201408K), 0.0050360 secs] [Times: user=0.02 sys=0.00, real=0.01 secs] 
2014-07-16T14:31:00.361+0000: 1670.548: [GC [PSYoungGen: 514372K->520K(617536K)] 703302K->189514K(1304512K), 0.0231430 secs] [Times: user=0.08 sys=0.00, real=0.03 secs] 
2014-07-16T14:31:01.732+0000: 1671.920: [GC [PSYoungGen: 617480K->594K(595904K)] 806474K->189620K(1282880K), 0.0058550 secs] [Times: user=0.01 sys=0.00, real=0.00 secs] 
2014-07-16T14:31:03.068+0000: 1673.255: [GC [PSYoungGen: 595858K->772K(575360K)] 784884K->189878K(1262336K), 0.0106470 secs] [Times: user=0.03 sys=0.00, real=0.01 secs] 
2014-07-16T14:31:04.511+0000: 1674.699: [GC [PSYoungGen: 575300K->996K(555776K)] 764406K->190182K(1242752K), 0.0074780 secs] [Times: user=0.02 sys=0.00, real=0.01 secs] 
2014-07-16T14:31:05.844+0000: 1676.032: [GC [PSYoungGen: 555748K->256K(665984K)] 744934K->190064K(1352960K), 0.0325890 secs] [Times: user=0.11 sys=0.00, real=0.03 secs] 
2014-07-16T14:31:07.476+0000: 1677.663: [GC [PSYoungGen: 665984K->900K(799872K)] 855792K->190892K(1486848K), 0.0319400 secs] [Times: user=0.11 sys=0.00, real=0.03 secs] 
2014-07-16T14:31:09.232+0000: 1679.419: [GC [PSYoungGen: 799812K->320K(959040K)] 989804K->190644K(1646016K), 0.0138820 secs] [Times: user=0.05 sys=0.01, real=0.02 secs] 
2014-07-16T14:31:11.307+0000: 1681.494: [GC [PSYoungGen: 959040K->498K(1150976K)] 1149364K->190934K(1837952K), 0.0239960 secs] [Times: user=0.08 sys=0.00, real=0.02 secs] 
2014-07-16T14:31:13.832+0000: 1684.020: [GC [PSYoungGen: 1150960K->594K(1104128K)] 1341396K->191102K(1791104K), 0.0057910 secs] [Times: user=0.02 sys=0.00, real=0.01 secs] 
2014-07-16T14:31:16.317+0000: 1686.504: [GC [PSYoungGen: 1104082K->918K(1059776K)] 1294590K->191562K(1746752K), 0.0113300 secs] [Times: user=0.04 sys=0.00, real=0.01 secs] 
2014-07-16T14:31:18.674+0000: 1688.861: [GC [PSYoungGen: 1059658K->452K(1016768K)] 1250302K->191320K(1703744K), 0.0113410 secs] [Times: user=0.04 sys=0.00, real=0.02 secs] 
2014-07-16T14:31:20.891+0000: 1691.078: [GC [PSYoungGen: 1016708K->352K(976128K)] 1207576K->191388K(1663104K), 0.0188040 secs] [Times: user=0.06 sys=0.00, real=0.02 secs] 
2014-07-16T14:31:23.003+0000: 1693.191: [GC [PSYoungGen: 976096K->288K(937472K)] 1167132K->191476K(1624448K), 0.0181850 secs] [Times: user=0.07 sys=0.00, real=0.02 secs] 
2014-07-16T14:31:25.058+0000: 1695.246: [GC [PSYoungGen: 937440K->744K(901184K)] 1128628K->192028K(1588160K), 0.0058980 secs] [Times: user=0.02 sys=0.01, real=0.00 secs] 
2014-07-16T14:31:27.116+0000: 1697.303: [GC [PSYoungGen: 901160K->644K(866176K)] 1092444K->192056K(1553152K), 0.0150100 secs] [Times: user=0.05 sys=0.01, real=0.02 secs] 
2014-07-16T14:31:29.017+0000: 1699.204: [GC [PSYoungGen: 866095K->886K(833024K)] 1057507K->192482K(1520000K), 0.0166440 secs] [Times: user=0.06 sys=0.00, real=0.01 secs] 
2014-07-16T14:31:31.030+0000: 1701.217: [GC [PSYoungGen: 833014K->740K(801152K)] 1024610K->192456K(1488128K), 0.0204250 secs] [Times: user=0.07 sys=0.01, real=0.02 secs] 
2014-07-16T14:31:33.013+0000: 1703.200: [GC [PSYoungGen: 801027K->864K(771072K)] 992743K->192756K(1458048K), 0.0071360 secs] [Times: user=0.02 sys=0.00, real=0.01 secs] 
2014-07-16T14:31:34.727+0000: 1704.915: [GC [PSYoungGen: 771040K->338K(741760K)] 962932K->192382K(1428736K), 0.0072800 secs] [Times: user=0.02 sys=0.00, real=0.00 secs] 
2014-07-16T14:31:36.328+0000: 1706.515: [GC [PSYoungGen: 741713K->416K(714368K)] 933757K->192540K(1401344K), 0.0170360 secs] [Times: user=0.06 sys=0.00, real=0.01 secs] 
2014-07-16T14:31:37.901+0000: 1708.088: [GC [PSYoungGen: 714336K->982K(688768K)] 906460K->193226K(1375744K), 0.0068020 secs] [Times: user=0.02 sys=0.00, real=0.00 secs] 
2014-07-16T14:31:39.378+0000: 1709.566: [GC [PSYoungGen: 688719K->552K(663360K)] 880963K->192876K(1350336K), 0.0122630 secs] [Times: user=0.04 sys=0.00, real=0.01 secs] 
2014-07-16T14:31:40.819+0000: 1711.006: [GC [PSYoungGen: 663328K->256K(639232K)] 855652K->192668K(1326208K), 0.0052010 secs] [Times: user=0.01 sys=0.00, real=0.00 secs] 
2014-07-16T14:31:42.237+0000: 1712.425: [GC [PSYoungGen: 639232K->562K(616832K)] 831644K->193062K(1303808K), 0.0076770 secs] [Times: user=0.01 sys=0.00, real=0.01 secs] 
2014-07-16T14:31:43.560+0000: 1713.747: [GC [PSYoungGen: 616809K->324K(594944K)] 809309K->192920K(1281920K), 0.0052980 secs] [Times: user=0.01 sys=0.00, real=0.00 secs] 
2014-07-16T14:31:44.892+0000: 1715.080: [GC [PSYoungGen: 594884K->352K(574208K)] 787480K->193004K(1261184K), 0.0055310 secs] [Times: user=0.02 sys=0.00, real=0.00 secs] 
2014-07-16T14:31:46.120+0000: 1716.308: [GC [PSYoungGen: 574156K->402K(554496K)] 766809K->193166K(1241472K), 0.0232420 secs] [Times: user=0.08 sys=0.00, real=0.02 secs] 
2014-07-16T14:31:47.356+0000: 1717.544: [GC [PSYoungGen: 554450K->416K(665344K)] 747214K->193268K(1352320K), 0.0221790 secs] [Times: user=0.08 sys=0.00, real=0.02 secs] 
2014-07-16T14:31:48.808+0000: 1718.996: [GC [PSYoungGen: 665312K->854K(641856K)] 858164K->193826K(1328832K), 0.0049980 secs] [Times: user=0.02 sys=0.00, real=0.01 secs] 
2014-07-16T14:31:50.194+0000: 1720.382: [GC [PSYoungGen: 641777K->256K(618368K)] 834749K->193308K(1305344K), 0.0043770 secs] [Times: user=0.01 sys=0.00, real=0.00 secs] 
2014-07-16T14:31:51.536+0000: 1721.723: [GC [PSYoungGen: 618368K->352K(742144K)] 811420K->193484K(1429120K), 0.0256030 secs] [Times: user=0.10 sys=0.00, real=0.03 secs] 
2014-07-16T14:31:53.154+0000: 1723.341: [GC [PSYoungGen: 742112K->288K(714560K)] 935244K->193468K(1401536K), 0.0059200 secs] [Times: user=0.01 sys=0.00, real=0.01 secs] 
2014-07-16T14:31:54.759+0000: 1724.946: [GC [PSYoungGen: 714528K->644K(688704K)] 907708K->193920K(1375680K), 0.0052210 secs] [Times: user=0.01 sys=0.00, real=0.01 secs] 
2014-07-16T14:31:56.451+0000: 1726.639: [GC [PSYoungGen: 688544K->676K(663680K)] 881820K->194032K(1350656K), 0.0142030 secs] [Times: user=0.05 sys=0.00, real=0.01 secs] 
2014-07-16T14:31:57.993+0000: 1728.180: [GC [PSYoungGen: 663652K->776K(640000K)] 857008K->194348K(1326976K), 0.0063580 secs] [Times: user=0.02 sys=0.00, real=0.00 secs] 
2014-07-16T14:31:59.477+0000: 1729.664: [GC [PSYoungGen: 639944K->640K(617088K)] 833516K->194332K(1304064K), 0.0080720 secs] [Times: user=0.01 sys=0.01, real=0.01 secs] 
2014-07-16T14:32:00.814+0000: 1731.001: [GC [PSYoungGen: 617088K->224K(595008K)] 810780K->194012K(1281984K), 0.0172680 secs] [Times: user=0.07 sys=0.00, real=0.02 secs] 
2014-07-16T14:32:02.105+0000: 1732.292: [GC [PSYoungGen: 594976K->256K(713984K)] 788764K->194116K(1400960K), 0.0601190 secs] [Times: user=0.22 sys=0.00, real=0.06 secs] 
2014-07-16T14:32:03.658+0000: 1733.845: [GC [PSYoungGen: 713935K->356K(856896K)] 907795K->194264K(1543872K), 0.0052700 secs] [Times: user=0.02 sys=0.00, real=0.01 secs] 
2014-07-16T14:32:05.511+0000: 1735.698: [GC [PSYoungGen: 856868K->384K(1028224K)] 1050776K->194380K(1715200K), 0.0041570 secs] [Times: user=0.01 sys=0.00, real=0.01 secs] 
2014-07-16T14:32:07.776+0000: 1737.964: [GC [PSYoungGen: 1028224K->658K(987456K)] 1222220K->194758K(1674432K), 0.0053460 secs] [Times: user=0.02 sys=0.00, real=0.00 secs] 
2014-07-16T14:32:09.919+0000: 1740.107: [GC [PSYoungGen: 987410K->576K(948224K)] 1181510K->194868K(1635200K), 0.0241140 secs] [Times: user=0.08 sys=0.00, real=0.03 secs] 
2014-07-16T14:32:12.032+0000: 1742.220: [GC [PSYoungGen: 948224K->740K(911168K)] 1142516K->195128K(1598144K), 0.0167630 secs] [Times: user=0.06 sys=0.00, real=0.02 secs] 
2014-07-16T14:32:13.959+0000: 1744.146: [GC [PSYoungGen: 911140K->352K(1092864K)] 1105528K->194868K(1779840K), 0.0271930 secs] [Times: user=0.09 sys=0.00, real=0.03 secs] 
2014-07-16T14:32:16.353+0000: 1746.540: [GC [PSYoungGen: 1092812K->726K(1049088K)] 1287328K->195370K(1736064K), 0.0076060 secs] [Times: user=0.01 sys=0.00, real=0.01 secs] 
2014-07-16T14:32:18.644+0000: 1748.831: [GC [PSYoungGen: 1049046K->544K(1006848K)] 1243690K->195348K(1693824K), 0.0157820 secs] [Times: user=0.06 sys=0.00, real=0.01 secs] 
2014-07-16T14:32:20.819+0000: 1751.007: [GC [PSYoungGen: 1006816K->256K(966528K)] 1201620K->195220K(1653504K), 0.0075020 secs] [Times: user=0.02 sys=0.00, real=0.01 secs] 
2014-07-16T14:32:22.922+0000: 1753.109: [GC [PSYoungGen: 966528K->530K(928768K)] 1161492K->195606K(1615744K), 0.0086090 secs] [Times: user=0.02 sys=0.00, real=0.01 secs] 
2014-07-16T14:32:24.950+0000: 1755.137: [GC [PSYoungGen: 928639K->356K(892288K)] 1123715K->195544K(1579264K), 0.0227540 secs] [Times: user=0.07 sys=0.00, real=0.02 secs] 
2014-07-16T14:32:26.901+0000: 1757.088: [GC [PSYoungGen: 892260K->836K(858240K)] 1087448K->196128K(1545216K), 0.0056920 secs] [Times: user=0.02 sys=0.00, real=0.01 secs] 
2014-07-16T14:32:28.717+0000: 1758.904: [GC [PSYoungGen: 858180K->448K(824896K)] 1053472K->195908K(1511872K), 0.0326440 secs] [Times: user=0.11 sys=0.00, real=0.03 secs] 
2014-07-16T14:32:30.509+0000: 1760.697: [GC [PSYoungGen: 824896K->192K(793280K)] 1020356K->195748K(1480256K), 0.0050150 secs] [Times: user=0.02 sys=0.00, real=0.00 secs] 
2014-07-16T14:32:32.245+0000: 1762.432: [GC [PSYoungGen: 793255K->256K(763456K)] 988811K->195884K(1450432K), 0.0113480 secs] [Times: user=0.04 sys=0.01, real=0.02 secs] 
2014-07-16T14:32:33.887+0000: 1764.074: [GC [PSYoungGen: 763456K->626K(735360K)] 959084K->196342K(1422336K), 0.0073710 secs] [Times: user=0.01 sys=0.00, real=0.00 secs] 
2014-07-16T14:32:35.491+0000: 1765.678: [GC [PSYoungGen: 735346K->370K(707968K)] 931062K->196158K(1394944K), 0.0071870 secs] [Times: user=0.01 sys=0.01, real=0.01 secs] 
2014-07-16T14:32:37.023+0000: 1767.211: [GC [PSYoungGen: 707918K->470K(682176K)] 903706K->196378K(1369152K), 0.0192280 secs] [Times: user=0.07 sys=0.00, real=0.02 secs] 
2014-07-16T14:32:38.497+0000: 1768.684: [GC [PSYoungGen: 682134K->338K(657344K)] 878042K->196350K(1344320K), 0.0111130 secs] [Times: user=0.04 sys=0.00, real=0.01 secs] 
2014-07-16T14:32:39.925+0000: 1770.112: [GC [PSYoungGen: 657298K->352K(633792K)] 853310K->196460K(1320768K), 0.0233930 secs] [Times: user=0.08 sys=0.00, real=0.03 secs] 
2014-07-16T14:32:41.292+0000: 1771.479: [GC [PSYoungGen: 633760K->384K(760512K)] 829868K->196564K(1447488K), 0.0222880 secs] [Times: user=0.08 sys=0.01, real=0.02 secs] 
2014-07-16T14:32:42.951+0000: 1773.138: [GC [PSYoungGen: 760436K->370K(732160K)] 956616K->196622K(1419136K), 0.0052480 secs] [Times: user=0.02 sys=0.00, real=0.00 secs] 
2014-07-16T14:32:44.549+0000: 1774.737: [GC [PSYoungGen: 732146K->804K(705600K)] 928398K->197152K(1392576K), 0.0093760 secs] [Times: user=0.02 sys=0.00, real=0.01 secs] 
2014-07-16T14:32:46.117+0000: 1776.304: [GC [PSYoungGen: 705572K->776K(679808K)] 901920K->197204K(1366784K), 0.0053620 secs] [Times: user=0.02 sys=0.00, real=0.01 secs] 
2014-07-16T14:32:47.589+0000: 1777.776: [GC [PSYoungGen: 679752K->320K(654720K)] 876180K->197116K(1341696K), 0.0067590 secs] [Times: user=0.02 sys=0.00, real=0.01 secs] 
2014-07-16T14:32:49.003+0000: 1779.190: [GC [PSYoungGen: 654720K->416K(631424K)] 851516K->197348K(1318400K), 0.0214930 secs] [Times: user=0.08 sys=0.01, real=0.02 secs] 
2014-07-16T14:32:50.395+0000: 1780.583: [GC [PSYoungGen: 631392K->352K(609024K)] 828324K->197396K(1296000K), 0.0062630 secs] [Times: user=0.02 sys=0.00, real=0.01 secs] 
2014-07-16T14:32:51.708+0000: 1781.895: [GC [PSYoungGen: 608992K->192K(587456K)] 806036K->197316K(1274432K), 0.0096900 secs] [Times: user=0.03 sys=0.00, real=0.01 secs] 
2014-07-16T14:32:53.019+0000: 1783.206: [GC [PSYoungGen: 587456K->320K(567232K)] 784580K->197508K(1254208K), 0.0206550 secs] [Times: user=0.07 sys=0.00, real=0.03 secs] 
2014-07-16T14:32:54.250+0000: 1784.437: [GC [PSYoungGen: 567232K->416K(547904K)] 764420K->197708K(1234880K), 0.0097030 secs] [Times: user=0.02 sys=0.00, real=0.01 secs] 
2014-07-16T14:32:55.435+0000: 1785.622: [GC [PSYoungGen: 547855K->192K(657152K)] 745147K->197540K(1344128K), 0.0465730 secs] [Times: user=0.16 sys=0.00, real=0.05 secs] 
2014-07-16T14:32:56.890+0000: 1787.077: [GC [PSYoungGen: 657152K->530K(788928K)] 854500K->197966K(1475904K), 0.0055890 secs] [Times: user=0.02 sys=0.00, real=0.01 secs] 
2014-07-16T14:32:58.685+0000: 1788.873: [GC [PSYoungGen: 788880K->882K(946944K)] 986316K->198638K(1633920K), 0.0065220 secs] [Times: user=0.02 sys=0.00, real=0.01 secs] 
2014-07-16T14:33:00.783+0000: 1790.970: [GC [PSYoungGen: 946930K->480K(909440K)] 1144686K->198380K(1596416K), 0.0077630 secs] [Times: user=0.02 sys=0.00, real=0.00 secs] 
2014-07-16T14:33:02.907+0000: 1793.094: [GC [PSYoungGen: 909408K->822K(874368K)] 1107308K->198890K(1561344K), 0.0066060 secs] [Times: user=0.01 sys=0.00, real=0.01 secs] 
2014-07-16T14:33:04.976+0000: 1795.163: [GC [PSYoungGen: 874358K->754K(840640K)] 1072426K->198950K(1527616K), 0.0090070 secs] [Times: user=0.01 sys=0.00, real=0.01 secs] 
2014-07-16T14:33:06.902+0000: 1797.089: [GC [PSYoungGen: 840626K->640K(808384K)] 1038822K->198996K(1495360K), 0.0055900 secs] [Times: user=0.02 sys=0.01, real=0.00 secs] 
2014-07-16T14:33:08.806+0000: 1798.993: [GC [PSYoungGen: 808384K->580K(777792K)] 1006740K->199104K(1464768K), 0.0082440 secs] [Times: user=0.02 sys=0.01, real=0.01 secs] 
2014-07-16T14:33:10.579+0000: 1800.766: [GC [PSYoungGen: 777732K->320K(748352K)] 976256K->198956K(1435328K), 0.0078040 secs] [Times: user=0.01 sys=0.00, real=0.01 secs] 
2014-07-16T14:33:12.195+0000: 1802.382: [GC [PSYoungGen: 748352K->256K(720512K)] 946988K->199028K(1407488K), 0.0237750 secs] [Times: user=0.09 sys=0.00, real=0.02 secs] 
2014-07-16T14:33:13.749+0000: 1803.936: [GC [PSYoungGen: 720429K->288K(694080K)] 919201K->199116K(1381056K), 0.0055520 secs] [Times: user=0.01 sys=0.00, real=0.01 secs] 
2014-07-16T14:33:15.254+0000: 1805.441: [GC [PSYoungGen: 694048K->498K(668992K)] 892876K->199406K(1355968K), 0.0243370 secs] [Times: user=0.09 sys=0.00, real=0.02 secs] 
2014-07-16T14:33:16.720+0000: 1806.908: [GC [PSYoungGen: 668975K->736K(645184K)] 867883K->199748K(1332160K), 0.0100140 secs] [Times: user=0.03 sys=0.00, real=0.01 secs] 
2014-07-16T14:33:18.136+0000: 1808.323: [GC [PSYoungGen: 645107K->452K(621952K)] 844120K->199584K(1308928K), 0.0151120 secs] [Times: user=0.06 sys=0.00, real=0.01 secs] 
2014-07-16T14:33:19.478+0000: 1809.665: [GC [PSYoungGen: 621892K->562K(746304K)] 821024K->199822K(1433280K), 0.0308320 secs] [Times: user=0.12 sys=0.00, real=0.03 secs] 
2014-07-16T14:33:21.132+0000: 1811.319: [GC [PSYoungGen: 746290K->402K(718528K)] 945550K->199718K(1405504K), 0.0042660 secs] [Times: user=0.02 sys=0.00, real=0.01 secs] 
2014-07-16T14:33:22.709+0000: 1812.897: [GC [PSYoungGen: 718482K->384K(692096K)] 917798K->199820K(1379072K), 0.0084210 secs] [Times: user=0.02 sys=0.00, real=0.01 secs] 
2014-07-16T14:33:24.207+0000: 1814.394: [GC [PSYoungGen: 692096K->288K(666880K)] 891532K->199812K(1353856K), 0.0105230 secs] [Times: user=0.04 sys=0.00, real=0.01 secs] 
2014-07-16T14:33:25.648+0000: 1815.835: [GC [PSYoungGen: 666848K->416K(643008K)] 866372K->199996K(1329984K), 0.0148380 secs] [Times: user=0.06 sys=0.00, real=0.01 secs] 
2014-07-16T14:33:27.050+0000: 1817.237: [GC [PSYoungGen: 642976K->640K(771712K)] 842556K->200332K(1458688K), 0.0233870 secs] [Times: user=0.09 sys=0.00, real=0.02 secs] 
2014-07-16T14:33:28.755+0000: 1818.942: [GC [PSYoungGen: 771712K->448K(925760K)] 971404K->200244K(1612736K), 0.0176110 secs] [Times: user=0.06 sys=0.00, real=0.02 secs] 
2014-07-16T14:33:30.770+0000: 1820.958: [GC [PSYoungGen: 925760K->576K(889728K)] 1125556K->200492K(1576704K), 0.0156380 secs] [Times: user=0.06 sys=0.00, real=0.02 secs] 
2014-07-16T14:33:32.746+0000: 1822.933: [GC [PSYoungGen: 889631K->306K(855040K)] 1089547K->200350K(1542016K), 0.0097320 secs] [Times: user=0.04 sys=0.00, real=0.01 secs] 
2014-07-16T14:33:34.604+0000: 1824.791: [GC [PSYoungGen: 855026K->352K(822272K)] 1055070K->200524K(1509248K), 0.0060710 secs] [Times: user=0.02 sys=0.01, real=0.01 secs] 
2014-07-16T14:33:36.379+0000: 1826.566: [GC [PSYoungGen: 822240K->456K(791168K)] 1022412K->200700K(1478144K), 0.0239650 secs] [Times: user=0.09 sys=0.00, real=0.02 secs] 
2014-07-16T14:33:38.129+0000: 1828.317: [GC [PSYoungGen: 791056K->502K(949312K)] 991300K->200906K(1636288K), 0.0441050 secs] [Times: user=0.16 sys=0.00, real=0.04 secs] 
2014-07-16T14:33:40.252+0000: 1830.439: [GC [PSYoungGen: 949302K->694K(1139264K)] 1149706K->201274K(1826240K), 0.0228270 secs] [Times: user=0.07 sys=0.00, real=0.02 secs] 
2014-07-16T14:33:43.066+0000: 1833.253: [GC [PSYoungGen: 1139192K->772K(1092992K)] 1339772K->201480K(1779968K), 0.0075420 secs] [Times: user=0.01 sys=0.00, real=0.01 secs] 
2014-07-16T14:33:45.505+0000: 1835.692: [GC [PSYoungGen: 1092932K->448K(1048448K)] 1293640K->201460K(1735424K), 0.0158500 secs] [Times: user=0.06 sys=0.00, real=0.02 secs] 
2014-07-16T14:33:47.645+0000: 1837.832: [GC [PSYoungGen: 1048423K->1024K(1258624K)] 1249435K->202244K(1945600K), 0.0357940 secs] [Times: user=0.13 sys=0.00, real=0.04 secs] 
2014-07-16T14:33:49.984+0000: 1840.171: [GC [PSYoungGen: 1258604K->452K(1205952K)] 1459824K->201824K(1892928K), 0.0132620 secs] [Times: user=0.04 sys=0.00, real=0.01 secs] 
2014-07-16T14:33:52.265+0000: 1842.453: [GC [PSYoungGen: 1205892K->1106K(1156992K)] 1407264K->202590K(1843968K), 0.0079250 secs] [Times: user=0.02 sys=0.00, real=0.01 secs] 
2014-07-16T14:33:54.496+0000: 1844.683: [GC [PSYoungGen: 1156946K->512K(1109120K)] 1358430K->202116K(1796096K), 0.0165190 secs] [Times: user=0.07 sys=0.00, real=0.02 secs] 
2014-07-16T14:33:56.557+0000: 1846.745: [GC [PSYoungGen: 1109120K->562K(1064256K)] 1310724K->202310K(1751232K), 0.0099040 secs] [Times: user=0.03 sys=0.00, real=0.01 secs] 
2014-07-16T14:33:58.547+0000: 1848.734: [GC [PSYoungGen: 1064242K->434K(1021376K)] 1265990K->202350K(1708352K), 0.0161170 secs] [Times: user=0.05 sys=0.01, real=0.02 secs] 
2014-07-16T14:34:00.485+0000: 1850.672: [GC [PSYoungGen: 1021362K->1124K(981376K)] 1223278K->203176K(1668352K), 0.0114480 secs] [Times: user=0.04 sys=0.00, real=0.01 secs] 
2014-07-16T14:34:02.475+0000: 1852.662: [GC [PSYoungGen: 981348K->758K(942208K)] 1183400K->202930K(1629184K), 0.0173830 secs] [Times: user=0.07 sys=0.00, real=0.02 secs] 
2014-07-16T14:34:04.383+0000: 1854.571: [GC [PSYoungGen: 942198K->954K(905472K)] 1144370K->203270K(1592448K), 0.0087840 secs] [Times: user=0.03 sys=0.00, real=0.01 secs] 
2014-07-16T14:34:06.049+0000: 1856.237: [GC [PSYoungGen: 905466K->608K(870016K)] 1107782K->203068K(1556992K), 0.0060010 secs] [Times: user=0.01 sys=0.00, real=0.01 secs] 
2014-07-16T14:34:07.671+0000: 1857.859: [GC [PSYoungGen: 869984K->1074K(1044352K)] 1072444K->203670K(1731328K), 0.0483840 secs] [Times: user=0.18 sys=0.00, real=0.04 secs] 
2014-07-16T14:34:09.677+0000: 1859.864: [GC [PSYoungGen: 1044338K->612K(1252608K)] 1246934K->203304K(1939584K), 0.0142850 secs] [Times: user=0.06 sys=0.00, real=0.02 secs] 
2014-07-16T14:34:12.084+0000: 1862.271: [GC [PSYoungGen: 1252543K->630K(1200704K)] 1455235K->203442K(1887680K), 0.0102440 secs] [Times: user=0.04 sys=0.00, real=0.01 secs] 
2014-07-16T14:34:14.420+0000: 1864.608: [GC [PSYoungGen: 1200694K->480K(1151232K)] 1403506K->203444K(1838208K), 0.0114140 secs] [Times: user=0.03 sys=0.00, real=0.01 secs] 
2014-07-16T14:34:16.484+0000: 1866.671: [GC [PSYoungGen: 1151200K->384K(1104128K)] 1354164K->203500K(1791104K), 0.0090990 secs] [Times: user=0.03 sys=0.00, real=0.01 secs] 
2014-07-16T14:34:18.994+0000: 1869.181: [GC [PSYoungGen: 1104128K->914K(1059968K)] 1307244K->204182K(1746944K), 0.0189440 secs] [Times: user=0.05 sys=0.00, real=0.02 secs] 
2014-07-16T14:34:21.439+0000: 1871.626: [GC [PSYoungGen: 1059922K->768K(1017216K)] 1263190K->204268K(1704192K), 0.0277410 secs] [Times: user=0.10 sys=0.00, real=0.03 secs] 
2014-07-16T14:34:23.866+0000: 1874.054: [GC [PSYoungGen: 1017216K->1014K(976960K)] 1220716K->204874K(1663936K), 0.0053030 secs] [Times: user=0.02 sys=0.00, real=0.00 secs] 
2014-07-16T14:34:26.080+0000: 1876.268: [GC [PSYoungGen: 976950K->736K(938112K)] 1180810K->204740K(1625088K), 0.0267290 secs] [Times: user=0.09 sys=0.00, real=0.03 secs] 
2014-07-16T14:34:28.233+0000: 1878.420: [GC [PSYoungGen: 938080K->768K(901376K)] 1142084K->205012K(1588352K), 0.0150240 secs] [Times: user=0.05 sys=0.00, real=0.02 secs] 
2014-07-16T14:34:30.228+0000: 1880.415: [GC [PSYoungGen: 901376K->516K(866176K)] 1105620K->204928K(1553152K), 0.0103870 secs] [Times: user=0.04 sys=0.00, real=0.01 secs] 
2014-07-16T14:34:31.811+0000: 1881.998: [GC [PSYoungGen: 866116K->416K(832704K)] 1070528K->204964K(1519680K), 0.0252680 secs] [Times: user=0.09 sys=0.00, real=0.03 secs] 
2014-07-16T14:34:33.493+0000: 1883.680: [GC [PSYoungGen: 832672K->608K(801152K)] 1037220K->205228K(1488128K), 0.0070790 secs] [Times: user=0.02 sys=0.00, real=0.01 secs] 
2014-07-16T14:34:35.089+0000: 1885.276: [GC [PSYoungGen: 801106K->982K(771264K)] 1005726K->205730K(1458240K), 0.0077380 secs] [Times: user=0.02 sys=0.00, real=0.01 secs] 
2014-07-16T14:34:36.507+0000: 1886.695: [GC [PSYoungGen: 771222K->402K(741888K)] 975970K->205278K(1428864K), 0.0102620 secs] [Times: user=0.04 sys=0.01, real=0.01 secs] 
2014-07-16T14:34:37.895+0000: 1888.083: [GC [PSYoungGen: 741842K->608K(714624K)] 946718K->205628K(1401600K), 0.0139200 secs] [Times: user=0.06 sys=0.00, real=0.01 secs] 
2014-07-16T14:34:39.213+0000: 1889.400: [GC [PSYoungGen: 714592K->320K(688128K)] 919612K->205428K(1375104K), 0.0047880 secs] [Times: user=0.01 sys=0.01, real=0.01 secs] 
2014-07-16T14:34:40.456+0000: 1890.643: [GC [PSYoungGen: 688128K->480K(663360K)] 893236K->205676K(1350336K), 0.0133220 secs] [Times: user=0.05 sys=0.01, real=0.02 secs] 
2014-07-16T14:34:41.711+0000: 1891.898: [GC [PSYoungGen: 663323K->516K(639616K)] 868519K->205776K(1326592K), 0.0151280 secs] [Times: user=0.06 sys=0.00, real=0.02 secs] 
2014-07-16T14:34:42.877+0000: 1893.064: [GC [PSYoungGen: 639456K->484K(616832K)] 844716K->205832K(1303808K), 0.0100990 secs] [Times: user=0.03 sys=0.00, real=0.01 secs] 
2014-07-16T14:34:44.066+0000: 1894.253: [GC [PSYoungGen: 616804K->548K(595200K)] 822152K->205960K(1282176K), 0.0043340 secs] [Times: user=0.02 sys=0.00, real=0.00 secs] 
2014-07-16T14:34:45.185+0000: 1895.373: [GC [PSYoungGen: 595172K->384K(574272K)] 800584K->205884K(1261248K), 0.0046710 secs] [Times: user=0.01 sys=0.00, real=0.01 secs] 
2014-07-16T14:34:46.220+0000: 1896.407: [GC [PSYoungGen: 574272K->288K(554432K)] 779772K->205876K(1241408K), 0.0052230 secs] [Times: user=0.01 sys=0.00, real=0.00 secs] 
2014-07-16T14:34:47.217+0000: 1897.404: [GC [PSYoungGen: 554400K->416K(535680K)] 759988K->206076K(1222656K), 0.0044360 secs] [Times: user=0.01 sys=0.00, real=0.00 secs] 
2014-07-16T14:34:48.269+0000: 1898.457: [GC [PSYoungGen: 535648K->836K(518080K)] 741308K->206568K(1205056K), 0.0059390 secs] [Times: user=0.02 sys=0.00, real=0.00 secs] 
2014-07-16T14:34:49.219+0000: 1899.406: [GC [PSYoungGen: 518020K->534K(500544K)] 723752K->206378K(1187520K), 0.0125000 secs] [Times: user=0.05 sys=0.00, real=0.01 secs] 
2014-07-16T14:34:50.147+0000: 1900.335: [GC [PSYoungGen: 500502K->352K(483904K)] 706346K->206260K(1170880K), 0.0054380 secs] [Times: user=0.01 sys=0.00, real=0.00 secs] 
2014-07-16T14:34:51.039+0000: 1901.226: [GC [PSYoungGen: 483871K->790K(468608K)] 689779K->206746K(1155584K), 0.0049790 secs] [Times: user=0.01 sys=0.00, real=0.00 secs] 
2014-07-16T14:34:51.889+0000: 1902.077: [GC [PSYoungGen: 468566K->192K(452928K)] 674522K->206196K(1139904K), 0.0086720 secs] [Times: user=0.04 sys=0.00, real=0.01 secs] 
2014-07-16T14:34:52.727+0000: 1902.914: [GC [PSYoungGen: 452928K->192K(438528K)] 658932K->206236K(1125504K), 0.0049820 secs] [Times: user=0.01 sys=0.00, real=0.01 secs] 
2014-07-16T14:34:53.542+0000: 1903.729: [GC [PSYoungGen: 438528K->516K(425152K)] 644572K->206608K(1112128K), 0.0088990 secs] [Times: user=0.04 sys=0.00, real=0.01 secs] 
2014-07-16T14:34:54.528+0000: 1904.715: [GC [PSYoungGen: 425047K->914K(510464K)] 631139K->207086K(1197440K), 0.0193250 secs] [Times: user=0.06 sys=0.00, real=0.01 secs] 
2014-07-16T14:34:55.547+0000: 1905.735: [GC [PSYoungGen: 510418K->626K(612096K)] 716590K->206902K(1299072K), 0.0096690 secs] [Times: user=0.04 sys=0.00, real=0.01 secs] 
2014-07-16T14:34:56.842+0000: 1907.029: [GC [PSYoungGen: 612056K->580K(590592K)] 818332K->207000K(1277568K), 0.0081740 secs] [Times: user=0.02 sys=0.00, real=0.01 secs] 
2014-07-16T14:34:57.886+0000: 1908.074: [GC [PSYoungGen: 590532K->498K(708480K)] 796952K->207062K(1395456K), 0.0165790 secs] [Times: user=0.05 sys=0.00, real=0.02 secs] 
2014-07-16T14:34:59.235+0000: 1909.422: [GC [PSYoungGen: 708466K->466K(850112K)] 915030K->207078K(1537088K), 0.0117630 secs] [Times: user=0.05 sys=0.00, real=0.01 secs] 
2014-07-16T14:35:00.734+0000: 1910.921: [GC [PSYoungGen: 850066K->576K(1020096K)] 1056678K->207260K(1707072K), 0.0157500 secs] [Times: user=0.06 sys=0.00, real=0.02 secs] 
2014-07-16T14:35:02.549+0000: 1912.736: [GC [PSYoungGen: 1020092K->416K(1223872K)] 1226776K->207172K(1910848K), 0.0172300 secs] [Times: user=0.07 sys=0.00, real=0.01 secs] 
2014-07-16T14:35:04.961+0000: 1915.148: [GC [PSYoungGen: 1223840K->448K(1173376K)] 1430596K->207284K(1860352K), 0.0125930 secs] [Times: user=0.05 sys=0.00, real=0.01 secs] 
2014-07-16T14:35:07.164+0000: 1917.351: [GC [PSYoungGen: 1173376K->448K(1125312K)] 1380212K->207468K(1812288K), 0.0190500 secs] [Times: user=0.07 sys=0.00, real=0.02 secs] 
2014-07-16T14:35:09.380+0000: 1919.567: [GC [PSYoungGen: 1125215K->516K(1079744K)] 1332235K->207712K(1766720K), 0.0282100 secs] [Times: user=0.11 sys=0.00, real=0.03 secs] 
2014-07-16T14:35:11.762+0000: 1921.949: [GC [PSYoungGen: 1079684K->832K(1036480K)] 1286880K->208548K(1723456K), 0.0071000 secs] [Times: user=0.02 sys=0.01, real=0.00 secs] 
2014-07-16T14:35:14.243+0000: 1924.431: [GC [PSYoungGen: 1036480K->864K(995136K)] 1244196K->208764K(1682112K), 0.0280950 secs] [Times: user=0.10 sys=0.00, real=0.03 secs] 
2014-07-16T14:35:16.751+0000: 1926.938: [GC [PSYoungGen: 995104K->612K(955456K)] 1203004K->208848K(1642432K), 0.0169860 secs] [Times: user=0.06 sys=0.00, real=0.01 secs] 
2014-07-16T14:35:18.704+0000: 1928.891: [GC [PSYoungGen: 955428K->502K(917760K)] 1163664K->208994K(1604736K), 0.0051500 secs] [Times: user=0.02 sys=0.00, real=0.00 secs] 
2014-07-16T14:35:20.446+0000: 1930.633: [GC [PSYoungGen: 917750K->726K(882240K)] 1126242K->209386K(1569216K), 0.0116420 secs] [Times: user=0.05 sys=0.00, real=0.01 secs] 
2014-07-16T14:35:22.098+0000: 1932.286: [GC [PSYoungGen: 882198K->680K(848128K)] 1090858K->209444K(1535104K), 0.0170430 secs] [Times: user=0.06 sys=0.00, real=0.02 secs] 
2014-07-16T14:35:23.684+0000: 1933.871: [GC [PSYoungGen: 848104K->338K(815360K)] 1056868K->209190K(1502336K), 0.0153640 secs] [Times: user=0.06 sys=0.00, real=0.01 secs] 
2014-07-16T14:35:25.194+0000: 1935.381: [GC [PSYoungGen: 815314K->434K(978432K)] 1024166K->209374K(1665408K), 0.0287150 secs] [Times: user=0.10 sys=0.00, real=0.02 secs] 
2014-07-16T14:35:27.078+0000: 1937.265: [GC [PSYoungGen: 978418K->530K(939904K)] 1187358K->209566K(1626880K), 0.0069820 secs] [Times: user=0.02 sys=0.00, real=0.01 secs] 
2014-07-16T14:35:28.893+0000: 1939.080: [GC [PSYoungGen: 939813K->384K(902912K)] 1148850K->209588K(1589888K), 0.0161700 secs] [Times: user=0.06 sys=0.00, real=0.02 secs] 
2014-07-16T14:35:30.538+0000: 1940.725: [GC [PSYoungGen: 902912K->484K(867968K)] 1112116K->209808K(1554944K), 0.0168760 secs] [Times: user=0.06 sys=0.00, real=0.02 secs] 
2014-07-16T14:35:32.114+0000: 1942.302: [GC [PSYoungGen: 867940K->498K(834560K)] 1077264K->209942K(1521536K), 0.0072710 secs] [Times: user=0.01 sys=0.00, real=0.00 secs] 
2014-07-16T14:35:33.762+0000: 1943.950: [GC [PSYoungGen: 834546K->562K(802816K)] 1043990K->210078K(1489792K), 0.0078560 secs] [Times: user=0.03 sys=0.00, real=0.01 secs] 
2014-07-16T14:35:35.302+0000: 1945.489: [GC [PSYoungGen: 802802K->416K(772352K)] 1012318K->210036K(1459328K), 0.0063150 secs] [Times: user=0.01 sys=0.00, real=0.01 secs] 
2014-07-16T14:35:36.815+0000: 1947.002: [GC [PSYoungGen: 772320K->690K(743680K)] 981940K->210438K(1430656K), 0.0131860 secs] [Times: user=0.05 sys=0.00, real=0.01 secs] 
2014-07-16T14:35:38.534+0000: 1948.722: [GC [PSYoungGen: 743666K->946K(716416K)] 953414K->210830K(1403392K), 0.0071650 secs] [Times: user=0.02 sys=0.00, real=0.01 secs] 
2014-07-16T14:35:40.255+0000: 1950.442: [GC [PSYoungGen: 716402K->320K(689536K)] 926286K->210822K(1376512K), 0.0117760 secs] [Times: user=0.04 sys=0.00, real=0.02 secs] 
2014-07-16T14:35:41.891+0000: 1952.078: [GC [PSYoungGen: 689536K->740K(664960K)] 900038K->211402K(1351936K), 0.0061490 secs] [Times: user=0.02 sys=0.01, real=0.01 secs] 
2014-07-16T14:35:43.413+0000: 1953.600: [GC [PSYoungGen: 664932K->754K(641088K)] 875594K->211664K(1328064K), 0.0312410 secs] [Times: user=0.10 sys=0.00, real=0.03 secs] 
2014-07-16T14:35:44.951+0000: 1955.138: [GC [PSYoungGen: 641074K->580K(618176K)] 851984K->211602K(1305152K), 0.0130480 secs] [Times: user=0.04 sys=0.00, real=0.01 secs] 
2014-07-16T14:35:46.106+0000: 1956.293: [GC [PSYoungGen: 618116K->946K(596736K)] 829138K->212248K(1283712K), 0.0068570 secs] [Times: user=0.02 sys=0.00, real=0.01 secs] 
2014-07-16T14:35:47.214+0000: 1957.401: [GC [PSYoungGen: 596722K->722K(575808K)] 808024K->212128K(1262784K), 0.0062260 secs] [Times: user=0.02 sys=0.00, real=0.01 secs] 
2014-07-16T14:35:48.326+0000: 1958.513: [GC [PSYoungGen: 575762K->690K(555904K)] 787168K->212216K(1242880K), 0.0048850 secs] [Times: user=0.01 sys=0.00, real=0.01 secs] 
2014-07-16T14:35:49.543+0000: 1959.730: [GC [PSYoungGen: 555890K->594K(536896K)] 767416K->212224K(1223872K), 0.0045590 secs] [Times: user=0.01 sys=0.00, real=0.01 secs] 
2014-07-16T14:35:50.613+0000: 1960.800: [GC [PSYoungGen: 536850K->896K(519104K)] 748480K->212638K(1206080K), 0.0081330 secs] [Times: user=0.02 sys=0.00, real=0.01 secs] 
2014-07-16T14:35:51.619+0000: 1961.806: [GC [PSYoungGen: 519104K->402K(501376K)] 730846K->212240K(1188352K), 0.0111970 secs] [Times: user=0.04 sys=0.00, real=0.01 secs] 
2014-07-16T14:35:52.569+0000: 1962.756: [GC [PSYoungGen: 501330K->416K(484864K)] 713168K->212326K(1171840K), 0.0088900 secs] [Times: user=0.02 sys=0.00, real=0.01 secs] 
2014-07-16T14:35:53.477+0000: 1963.664: [GC [PSYoungGen: 484832K->498K(581824K)] 696742K->212480K(1268800K), 0.0153610 secs] [Times: user=0.05 sys=0.00, real=0.01 secs] 
2014-07-16T14:35:54.646+0000: 1964.833: [GC [PSYoungGen: 581810K->562K(561792K)] 793792K->212608K(1248768K), 0.0099260 secs] [Times: user=0.04 sys=0.00, real=0.01 secs] 
2014-07-16T14:35:55.752+0000: 1965.939: [GC [PSYoungGen: 561760K->726K(674240K)] 773806K->212860K(1361216K), 0.0125300 secs] [Times: user=0.05 sys=0.00, real=0.01 secs] 
2014-07-16T14:35:57.111+0000: 1967.299: [GC [PSYoungGen: 674198K->498K(649664K)] 886332K->212752K(1336640K), 0.0047590 secs] [Times: user=0.01 sys=0.01, real=0.00 secs] 
2014-07-16T14:35:58.379+0000: 1968.566: [GC [PSYoungGen: 649634K->498K(626432K)] 861888K->212888K(1313408K), 0.0156120 secs] [Times: user=0.05 sys=0.00, real=0.01 secs] 
2014-07-16T14:35:59.748+0000: 1969.935: [GC [PSYoungGen: 626418K->950K(604736K)] 838808K->213428K(1291712K), 0.0094410 secs] [Times: user=0.02 sys=0.00, real=0.01 secs] 
2014-07-16T14:36:00.858+0000: 1971.045: [GC [PSYoungGen: 604726K->534K(725120K)] 817204K->213140K(1412096K), 0.0216120 secs] [Times: user=0.08 sys=0.00, real=0.03 secs] 
2014-07-16T14:36:02.204+0000: 1972.391: [GC [PSYoungGen: 725078K->818K(870336K)] 937684K->213496K(1557312K), 0.0121840 secs] [Times: user=0.05 sys=0.00, real=0.01 secs] 
2014-07-16T14:36:03.904+0000: 1974.092: [GC [PSYoungGen: 870309K->832K(1044288K)] 1082988K->213582K(1731264K), 0.0190030 secs] [Times: user=0.07 sys=0.00, real=0.02 secs] 
2014-07-16T14:36:05.814+0000: 1976.001: [GC [PSYoungGen: 1044288K->480K(1252672K)] 1257038K->213350K(1939648K), 0.0147390 secs] [Times: user=0.05 sys=0.00, real=0.01 secs] 
2014-07-16T14:36:08.181+0000: 1978.368: [GC [PSYoungGen: 1252640K->918K(1201216K)] 1465510K->213940K(1888192K), 0.0141520 secs] [Times: user=0.05 sys=0.00, real=0.01 secs] 
2014-07-16T14:36:10.577+0000: 1980.764: [GC [PSYoungGen: 1201174K->896K(1151808K)] 1414196K->214238K(1838784K), 0.0118340 secs] [Times: user=0.01 sys=0.01, real=0.01 secs] 
2014-07-16T14:36:12.754+0000: 1982.941: [GC [PSYoungGen: 1151808K->736K(1104704K)] 1365150K->214270K(1791680K), 0.0203870 secs] [Times: user=0.07 sys=0.01, real=0.02 secs] 
2014-07-16T14:36:14.802+0000: 1984.989: [GC [PSYoungGen: 1104672K->338K(1059584K)] 1318206K->214016K(1746560K), 0.0097660 secs] [Times: user=0.03 sys=0.00, real=0.01 secs] 
2014-07-16T14:36:16.732+0000: 1986.920: [GC [PSYoungGen: 1059538K->598K(1017280K)] 1273216K->214380K(1704256K), 0.0251270 secs] [Times: user=0.09 sys=0.00, real=0.02 secs] 
2014-07-16T14:36:18.716+0000: 1988.903: [GC [PSYoungGen: 1017238K->854K(977024K)] 1231020K->214788K(1664000K), 0.0068890 secs] [Times: user=0.01 sys=0.00, real=0.01 secs] 
2014-07-16T14:36:20.749+0000: 1990.936: [GC [PSYoungGen: 976889K->680K(938240K)] 1190823K->214766K(1625216K), 0.0197040 secs] [Times: user=0.07 sys=0.00, real=0.02 secs] 
2014-07-16T14:36:22.493+0000: 1992.680: [GC [PSYoungGen: 938216K->448K(901248K)] 1152302K->214718K(1588224K), 0.0055600 secs] [Times: user=0.01 sys=0.00, real=0.00 secs] 
2014-07-16T14:36:24.189+0000: 1994.377: [GC [PSYoungGen: 901248K->658K(866496K)] 1115518K->215024K(1553472K), 0.0253050 secs] [Times: user=0.09 sys=0.00, real=0.03 secs] 
2014-07-16T14:36:26.015+0000: 1996.203: [GC [PSYoungGen: 866450K->928K(833408K)] 1080816K->215390K(1520384K), 0.0079630 secs] [Times: user=0.01 sys=0.01, real=0.01 secs] 
2014-07-16T14:36:27.956+0000: 1998.144: [GC [PSYoungGen: 833376K->918K(801664K)] 1047838K->215596K(1488640K), 0.0082470 secs] [Times: user=0.02 sys=0.00, real=0.01 secs] 
2014-07-16T14:36:29.869+0000: 2000.056: [GC [PSYoungGen: 801612K->548K(771008K)] 1016290K->215786K(1457984K), 0.0075310 secs] [Times: user=0.02 sys=0.00, real=0.01 secs] 
2014-07-16T14:36:31.762+0000: 2001.949: [GC [PSYoungGen: 770937K->968K(742592K)] 986176K->216374K(1429568K), 0.0272640 secs] [Times: user=0.10 sys=0.00, real=0.03 secs] 
2014-07-16T14:36:33.501+0000: 2003.688: [GC [PSYoungGen: 742536K->900K(715072K)] 957942K->216562K(1402048K), 0.0267430 secs] [Times: user=0.07 sys=0.00, real=0.03 secs] 
2014-07-16T14:36:35.146+0000: 2005.333: [GC [PSYoungGen: 714925K->904K(857920K)] 930587K->216686K(1544896K), 0.0195390 secs] [Times: user=0.05 sys=0.00, real=0.02 secs] 
2014-07-16T14:36:36.825+0000: 2007.013: [GC [PSYoungGen: 857864K->630K(824704K)] 1073646K->216540K(1511680K), 0.0050980 secs] [Times: user=0.02 sys=0.00, real=0.00 secs] 
2014-07-16T14:36:38.379+0000: 2008.566: [GC [PSYoungGen: 824694K->320K(793024K)] 1040604K->216390K(1480000K), 0.0095880 secs] [Times: user=0.03 sys=0.00, real=0.01 secs] 
2014-07-16T14:36:39.948+0000: 2010.135: [GC [PSYoungGen: 793024K->480K(763328K)] 1009094K->216662K(1450304K), 0.0151670 secs] [Times: user=0.04 sys=0.00, real=0.01 secs] 
2014-07-16T14:36:41.364+0000: 2011.551: [GC [PSYoungGen: 763296K->694K(735040K)] 979478K->216996K(1422016K), 0.0064030 secs] [Times: user=0.01 sys=0.01, real=0.01 secs] 
2014-07-16T14:36:42.844+0000: 2013.031: [GC [PSYoungGen: 735030K->644K(707904K)] 951332K->217034K(1394880K), 0.0067690 secs] [Times: user=0.02 sys=0.00, real=0.01 secs] 
2014-07-16T14:36:44.326+0000: 2014.513: [GC [PSYoungGen: 707844K->658K(682048K)] 924234K->217176K(1369024K), 0.0078460 secs] [Times: user=0.01 sys=0.00, real=0.00 secs] 
2014-07-16T14:36:45.665+0000: 2015.853: [GC [PSYoungGen: 682002K->800K(657472K)] 898520K->217454K(1344448K), 0.0085070 secs] [Times: user=0.02 sys=0.00, real=0.00 secs] 
2014-07-16T14:36:46.979+0000: 2017.166: [GC [PSYoungGen: 657438K->544K(633664K)] 874092K->217342K(1320640K), 0.0276060 secs] [Times: user=0.10 sys=0.00, real=0.03 secs] 
2014-07-16T14:36:48.237+0000: 2018.424: [GC [PSYoungGen: 633632K->946K(611584K)] 850430K->217872K(1298560K), 0.0071100 secs] [Times: user=0.03 sys=0.00, real=0.00 secs] 
2014-07-16T14:36:49.426+0000: 2019.613: [GC [PSYoungGen: 611570K->644K(589888K)] 828496K->217682K(1276864K), 0.0085430 secs] [Times: user=0.03 sys=0.00, real=0.00 secs] 
2014-07-16T14:36:50.532+0000: 2020.719: [GC [PSYoungGen: 589828K->608K(707712K)] 806866K->217742K(1394688K), 0.0177160 secs] [Times: user=0.06 sys=0.00, real=0.02 secs] 
2014-07-16T14:36:51.899+0000: 2022.086: [GC [PSYoungGen: 707680K->512K(681728K)] 924814K->217718K(1368704K), 0.0129300 secs] [Times: user=0.04 sys=0.00, real=0.01 secs] 
2014-07-16T14:36:53.332+0000: 2023.519: [GC [PSYoungGen: 681728K->534K(657088K)] 898934K->217836K(1344064K), 0.0064330 secs] [Times: user=0.01 sys=0.01, real=0.01 secs] 
2014-07-16T14:36:54.693+0000: 2024.880: [GC [PSYoungGen: 657046K->562K(633536K)] 874348K->217992K(1320512K), 0.0123980 secs] [Times: user=0.04 sys=0.01, real=0.01 secs] 
2014-07-16T14:36:55.891+0000: 2026.078: [GC [PSYoungGen: 633487K->416K(760000K)] 850917K->217958K(1446976K), 0.0297200 secs] [Times: user=0.11 sys=0.00, real=0.03 secs] 
2014-07-16T14:36:57.412+0000: 2027.600: [GC [PSYoungGen: 759968K->434K(911936K)] 977510K->218096K(1598912K), 0.0118510 secs] [Times: user=0.05 sys=0.00, real=0.01 secs] 
2014-07-16T14:36:59.323+0000: 2029.510: [GC [PSYoungGen: 911916K->1060K(877056K)] 1129578K->219034K(1564032K), 0.0108750 secs] [Times: user=0.03 sys=0.01, real=0.01 secs] 
2014-07-16T14:37:00.958+0000: 2031.146: [GC [PSYoungGen: 877028K->640K(842816K)] 1095002K->218774K(1529792K), 0.0120470 secs] [Times: user=0.04 sys=0.00, real=0.01 secs] 
2014-07-16T14:37:02.572+0000: 2032.759: [GC [PSYoungGen: 842762K->772K(810816K)] 1060897K->219058K(1497792K), 0.0058450 secs] [Times: user=0.01 sys=0.01, real=0.01 secs] 
2014-07-16T14:37:04.078+0000: 2034.266: [GC [PSYoungGen: 810726K->416K(972480K)] 1029012K->218790K(1659456K), 0.0288560 secs] [Times: user=0.10 sys=0.00, real=0.02 secs] 
2014-07-16T14:37:06.011+0000: 2036.198: [GC [PSYoungGen: 972448K->918K(934592K)] 1190822K->219396K(1621568K), 0.0106730 secs] [Times: user=0.01 sys=0.00, real=0.01 secs] 
2014-07-16T14:37:08.193+0000: 2038.381: [GC [PSYoungGen: 934550K->512K(1120896K)] 1153028K->219166K(1807872K), 0.0329740 secs] [Times: user=0.12 sys=0.00, real=0.03 secs] 
2014-07-16T14:37:10.850+0000: 2041.038: [GC [PSYoungGen: 1120896K->836K(1075776K)] 1339550K->219666K(1762752K), 0.0060850 secs] [Times: user=0.02 sys=0.00, real=0.00 secs] 
2014-07-16T14:37:13.400+0000: 2043.587: [GC [PSYoungGen: 1075716K->722K(1032320K)] 1294546K->219768K(1719296K), 0.0263930 secs] [Times: user=0.08 sys=0.00, real=0.02 secs] 
2014-07-16T14:37:15.678+0000: 2045.865: [GC [PSYoungGen: 1032274K->882K(991232K)] 1251320K->220088K(1678208K), 0.0264080 secs] [Times: user=0.09 sys=0.00, real=0.03 secs] 
2014-07-16T14:37:17.497+0000: 2047.684: [GC [PSYoungGen: 991214K->516K(951680K)] 1210420K->219922K(1638656K), 0.0158450 secs] [Times: user=0.06 sys=0.00, real=0.02 secs] 
2014-07-16T14:37:19.327+0000: 2049.515: [GC [PSYoungGen: 951620K->480K(914240K)] 1171026K->219990K(1601216K), 0.0119450 secs] [Times: user=0.04 sys=0.00, real=0.01 secs] 
2014-07-16T14:37:21.103+0000: 2051.291: [GC [PSYoungGen: 914208K->658K(878848K)] 1133718K->220304K(1565824K), 0.0070300 secs] [Times: user=0.02 sys=0.00, real=0.01 secs] 
2014-07-16T14:37:22.744+0000: 2052.931: [GC [PSYoungGen: 878802K->562K(844800K)] 1098448K->220344K(1531776K), 0.0072870 secs] [Times: user=0.02 sys=0.00, real=0.01 secs] 
2014-07-16T14:37:24.603+0000: 2054.790: [GC [PSYoungGen: 844786K->790K(812736K)] 1064568K->220652K(1499712K), 0.0086310 secs] [Times: user=0.02 sys=0.01, real=0.01 secs] 
2014-07-16T14:37:26.289+0000: 2056.477: [GC [PSYoungGen: 812692K->950K(782080K)] 1032554K->220996K(1469056K), 0.0267570 secs] [Times: user=0.10 sys=0.00, real=0.03 secs] 
2014-07-16T14:37:27.857+0000: 2058.045: [GC [PSYoungGen: 782070K->680K(752512K)] 1002116K->220942K(1439488K), 0.0104440 secs] [Times: user=0.02 sys=0.00, real=0.01 secs] 
2014-07-16T14:37:29.308+0000: 2059.495: [GC [PSYoungGen: 752488K->722K(724608K)] 972750K->221112K(1411584K), 0.0130410 secs] [Times: user=0.04 sys=0.00, real=0.02 secs] 
2014-07-16T14:37:30.699+0000: 2060.886: [GC [PSYoungGen: 724562K->480K(869120K)] 944952K->220966K(1556096K), 0.0236100 secs] [Times: user=0.08 sys=0.00, real=0.03 secs] 
2014-07-16T14:37:32.396+0000: 2062.583: [GC [PSYoungGen: 869088K->562K(1042944K)] 1089574K->221152K(1729920K), 0.0171260 secs] [Times: user=0.06 sys=0.00, real=0.02 secs] 
2014-07-16T14:37:34.556+0000: 2064.744: [GC [PSYoungGen: 1042922K->1138K(1001792K)] 1263512K->221912K(1688768K), 0.0074270 secs] [Times: user=0.03 sys=0.00, real=0.01 secs] 
2014-07-16T14:37:36.478+0000: 2066.665: [GC [PSYoungGen: 1001778K->630K(1201408K)] 1222552K->221644K(1888384K), 0.0343580 secs] [Times: user=0.12 sys=0.00, real=0.04 secs] 
2014-07-16T14:37:38.706+0000: 2068.894: [GC [PSYoungGen: 1201398K->978K(1152384K)] 1422412K->222200K(1839360K), 0.0082710 secs] [Times: user=0.02 sys=0.01, real=0.01 secs] 
2014-07-16T14:37:40.849+0000: 2071.036: [GC [PSYoungGen: 1152338K->448K(1104832K)] 1373560K->221814K(1791808K), 0.0060680 secs] [Times: user=0.02 sys=0.00, real=0.01 secs] 
2014-07-16T14:37:42.978+0000: 2073.165: [GC [PSYoungGen: 1104832K->1316K(1060992K)] 1326198K->222818K(1747968K), 0.0132810 secs] [Times: user=0.04 sys=0.01, real=0.01 secs] 
2014-07-16T14:37:45.174+0000: 2075.362: [GC [PSYoungGen: 1060964K->708K(1017856K)] 1282466K->222338K(1704832K), 0.0079280 secs] [Times: user=0.01 sys=0.00, real=0.00 secs] 
2014-07-16T14:37:47.449+0000: 2077.637: [GC [PSYoungGen: 1017796K->1170K(977792K)] 1239426K->223024K(1664768K), 0.0330670 secs] [Times: user=0.13 sys=0.00, real=0.03 secs] 
2014-07-16T14:37:49.810+0000: 2079.997: [GC [PSYoungGen: 977746K->1000K(939008K)] 1199600K->223422K(1625984K), 0.0108090 secs] [Times: user=0.02 sys=0.00, real=0.01 secs] 
2014-07-16T14:37:51.906+0000: 2082.093: [GC [PSYoungGen: 938984K->832K(902080K)] 1161406K->223430K(1589056K), 0.0057340 secs] [Times: user=0.01 sys=0.00, real=0.00 secs] 
2014-07-16T14:37:54.006+0000: 2084.193: [GC [PSYoungGen: 902080K->512K(866752K)] 1124678K->223326K(1553728K), 0.0084750 secs] [Times: user=0.02 sys=0.00, real=0.00 secs] 
2014-07-16T14:37:55.854+0000: 2086.041: [GC [PSYoungGen: 866752K->914K(833856K)] 1089566K->223880K(1520832K), 0.0076270 secs] [Times: user=0.01 sys=0.01, real=0.01 secs] 
2014-07-16T14:37:57.533+0000: 2087.720: [GC [PSYoungGen: 833810K->594K(801792K)] 1056776K->223752K(1488768K), 0.0061160 secs] [Times: user=0.01 sys=0.00, real=0.01 secs] 
2014-07-16T14:37:59.105+0000: 2089.292: [GC [PSYoungGen: 801746K->640K(771520K)] 1024904K->223950K(1458496K), 0.0075320 secs] [Times: user=0.03 sys=0.00, real=0.01 secs] 
2014-07-16T14:38:00.588+0000: 2090.776: [GC [PSYoungGen: 771520K->676K(742720K)] 994830K->224074K(1429696K), 0.0348370 secs] [Times: user=0.12 sys=0.00, real=0.03 secs] 
2014-07-16T14:38:02.074+0000: 2092.261: [GC [PSYoungGen: 742692K->384K(714880K)] 966090K->223878K(1401856K), 0.0052560 secs] [Times: user=0.02 sys=0.00, real=0.01 secs] 
2014-07-16T14:38:03.437+0000: 2093.624: [GC [PSYoungGen: 714880K->1042K(689344K)] 938374K->224648K(1376320K), 0.0094740 secs] [Times: user=0.02 sys=0.00, real=0.00 secs] 
2014-07-16T14:38:04.793+0000: 2094.980: [GC [PSYoungGen: 689298K->886K(664128K)] 912904K->224588K(1351104K), 0.0085400 secs] [Times: user=0.02 sys=0.00, real=0.01 secs] 
2014-07-16T14:38:06.272+0000: 2096.459: [GC [PSYoungGen: 664118K->722K(640128K)] 887820K->224528K(1327104K), 0.0053930 secs] [Times: user=0.02 sys=0.00, real=0.01 secs] 
2014-07-16T14:38:07.517+0000: 2097.704: [GC [PSYoungGen: 640026K->630K(617280K)] 863832K->224652K(1304256K), 0.0096550 secs] [Times: user=0.03 sys=0.00, real=0.00 secs] 
2014-07-16T14:38:08.640+0000: 2098.827: [GC [PSYoungGen: 617270K->512K(595456K)] 841292K->224622K(1282432K), 0.0057310 secs] [Times: user=0.02 sys=0.00, real=0.00 secs] 
2014-07-16T14:38:09.799+0000: 2099.986: [GC [PSYoungGen: 595456K->256K(574464K)] 819566K->224414K(1261440K), 0.0062110 secs] [Times: user=0.02 sys=0.01, real=0.00 secs] 
2014-07-16T14:38:10.908+0000: 2101.095: [GC [PSYoungGen: 574464K->448K(554880K)] 798622K->224710K(1241856K), 0.0174090 secs] [Times: user=0.06 sys=0.00, real=0.01 secs] 
2014-07-16T14:38:11.943+0000: 2102.130: [GC [PSYoungGen: 554880K->274K(535872K)] 779142K->224632K(1222848K), 0.0132760 secs] [Times: user=0.05 sys=0.00, real=0.01 secs] 
2014-07-16T14:38:13.024+0000: 2103.211: [GC [PSYoungGen: 535826K->530K(643264K)] 760184K->224936K(1330240K), 0.0427930 secs] [Times: user=0.15 sys=0.00, real=0.04 secs] 
2014-07-16T14:38:14.234+0000: 2104.421: [GC [PSYoungGen: 643218K->512K(771776K)] 867624K->225006K(1458752K), 0.0150180 secs] [Times: user=0.06 sys=0.00, real=0.02 secs] 
2014-07-16T14:38:15.791+0000: 2105.978: [GC [PSYoungGen: 771763K->612K(926208K)] 996257K->225170K(1613184K), 0.0055150 secs] [Times: user=0.02 sys=0.00, real=0.00 secs] 
2014-07-16T14:38:17.558+0000: 2107.746: [GC [PSYoungGen: 926180K->768K(1111488K)] 1150738K->225526K(1798464K), 0.0154000 secs] [Times: user=0.05 sys=0.00, real=0.02 secs] 
2014-07-16T14:38:19.758+0000: 2109.945: [GC [PSYoungGen: 1111392K->726K(1066432K)] 1336151K->225620K(1753408K), 0.0104190 secs] [Times: user=0.04 sys=0.01, real=0.01 secs] 
2014-07-16T14:38:21.876+0000: 2112.063: [GC [PSYoungGen: 1066390K->530K(1023360K)] 1291284K->225568K(1710336K), 0.0182830 secs] [Times: user=0.06 sys=0.00, real=0.02 secs] 
2014-07-16T14:38:23.825+0000: 2114.012: [GC [PSYoungGen: 1023314K->672K(982656K)] 1248352K->225878K(1669632K), 0.0077410 secs] [Times: user=0.01 sys=0.00, real=0.01 secs] 
2014-07-16T14:38:26.257+0000: 2116.444: [GC [PSYoungGen: 982622K->882K(944000K)] 1207828K->226192K(1630976K), 0.0231020 secs] [Times: user=0.09 sys=0.00, real=0.03 secs] 
2014-07-16T14:38:28.414+0000: 2118.602: [GC [PSYoungGen: 943986K->448K(906560K)] 1169296K->226030K(1593536K), 0.0058180 secs] [Times: user=0.02 sys=0.00, real=0.01 secs] 
2014-07-16T14:38:30.512+0000: 2120.699: [GC [PSYoungGen: 906560K->786K(871680K)] 1132142K->226528K(1558656K), 0.0057480 secs] [Times: user=0.02 sys=0.00, real=0.00 secs] 
2014-07-16T14:38:32.528+0000: 2122.716: [GC [PSYoungGen: 871634K->608K(837952K)] 1097376K->226534K(1524928K), 0.0147430 secs] [Times: user=0.04 sys=0.00, real=0.02 secs] 
2014-07-16T14:38:34.478+0000: 2124.665: [GC [PSYoungGen: 837916K->1042K(806400K)] 1063843K->227112K(1493376K), 0.0092260 secs] [Times: user=0.02 sys=0.01, real=0.01 secs] 
2014-07-16T14:38:36.326+0000: 2126.513: [GC [PSYoungGen: 806354K->626K(775488K)] 1032424K->226840K(1462464K), 0.0061060 secs] [Times: user=0.01 sys=0.00, real=0.00 secs] 
2014-07-16T14:38:37.805+0000: 2127.992: [GC [PSYoungGen: 775474K->384K(746176K)] 1001688K->226806K(1433152K), 0.0060740 secs] [Times: user=0.01 sys=0.00, real=0.00 secs] 
2014-07-16T14:38:39.169+0000: 2129.356: [GC [PSYoungGen: 746101K->616K(895616K)] 972524K->227134K(1582592K), 0.0360320 secs] [Times: user=0.14 sys=0.00, real=0.04 secs] 
2014-07-16T14:38:40.849+0000: 2131.036: [GC [PSYoungGen: 895592K->626K(860928K)] 1122110K->227208K(1547904K), 0.0049220 secs] [Times: user=0.02 sys=0.00, real=0.01 secs] 
2014-07-16T14:38:42.512+0000: 2132.700: [GC [PSYoungGen: 860836K->722K(827968K)] 1087418K->227416K(1514944K), 0.0058440 secs] [Times: user=0.02 sys=0.00, real=0.00 secs] 
2014-07-16T14:38:44.118+0000: 2134.305: [GC [PSYoungGen: 827922K->662K(796416K)] 1054616K->227468K(1483392K), 0.0189890 secs] [Times: user=0.06 sys=0.00, real=0.02 secs] 
2014-07-16T14:38:45.694+0000: 2135.881: [GC [PSYoungGen: 796374K->466K(766208K)] 1023180K->227384K(1453184K), 0.0128030 secs] [Times: user=0.04 sys=0.00, real=0.01 secs] 
2014-07-16T14:38:47.227+0000: 2137.414: [GC [PSYoungGen: 766162K->466K(737600K)] 993080K->227552K(1424576K), 0.0198890 secs] [Times: user=0.07 sys=0.00, real=0.02 secs] 
2014-07-16T14:38:48.724+0000: 2138.911: [GC [PSYoungGen: 737554K->562K(885120K)] 964640K->227768K(1572096K), 0.0420320 secs] [Times: user=0.15 sys=0.00, real=0.04 secs] 
2014-07-16T14:38:50.505+0000: 2140.693: [GC [PSYoungGen: 885083K->758K(1062272K)] 1112289K->228076K(1749248K), 0.0080580 secs] [Times: user=0.02 sys=0.00, real=0.00 secs] 
2014-07-16T14:38:52.464+0000: 2142.651: [GC [PSYoungGen: 1062262K->448K(1274304K)] 1289580K->227926K(1961280K), 0.0121040 secs] [Times: user=0.03 sys=0.00, real=0.02 secs] 
2014-07-16T14:38:55.013+0000: 2145.200: [GC [PSYoungGen: 1274304K->754K(1445312K)] 1501782K->228320K(2132288K), 0.0270810 secs] [Times: user=0.10 sys=0.00, real=0.03 secs] 
2014-07-16T14:38:58.057+0000: 2148.244: [GC [PSYoungGen: 1445042K->690K(1383744K)] 1672608K->228432K(2070720K), 0.0057210 secs] [Times: user=0.02 sys=0.00, real=0.00 secs] 
2014-07-16T14:39:00.822+0000: 2151.009: [GC [PSYoungGen: 1383669K->626K(1325440K)] 1611411K->228656K(2012416K), 0.0166860 secs] [Times: user=0.05 sys=0.00, real=0.02 secs] 
2014-07-16T14:39:03.384+0000: 2153.571: [GC [PSYoungGen: 1325426K->758K(1270144K)] 1553456K->229012K(1957120K), 0.0159710 secs] [Times: user=0.04 sys=0.00, real=0.02 secs] 
2014-07-16T14:39:05.916+0000: 2156.103: [GC [PSYoungGen: 1270134K->544K(1217216K)] 1498388K->228926K(1904192K), 0.0087340 secs] [Times: user=0.02 sys=0.00, real=0.00 secs] 
2014-07-16T14:39:08.211+0000: 2158.398: [GC [PSYoungGen: 1217184K->466K(1166976K)] 1445566K->229096K(1853952K), 0.0268900 secs] [Times: user=0.10 sys=0.00, real=0.03 secs] 
2014-07-16T14:39:10.456+0000: 2160.643: [GC [PSYoungGen: 1166930K->726K(1119488K)] 1395560K->229484K(1806464K), 0.0088940 secs] [Times: user=0.03 sys=0.00, real=0.01 secs] 
2014-07-16T14:39:12.485+0000: 2162.673: [GC [PSYoungGen: 1119446K->722K(1074048K)] 1348204K->229608K(1761024K), 0.0069530 secs] [Times: user=0.02 sys=0.00, real=0.01 secs] 
2014-07-16T14:39:14.497+0000: 2164.684: [GC [PSYoungGen: 1074002K->448K(1030464K)] 1302888K->229414K(1717440K), 0.0061210 secs] [Times: user=0.01 sys=0.01, real=0.00 secs] 
2014-07-16T14:39:16.545+0000: 2166.732: [GC [PSYoungGen: 1030464K->694K(989568K)] 1259430K->229780K(1676544K), 0.0086740 secs] [Times: user=0.02 sys=0.00, real=0.01 secs] 
2014-07-16T14:39:18.534+0000: 2168.721: [GC [PSYoungGen: 989558K->544K(950272K)] 1218644K->229846K(1637248K), 0.0238900 secs] [Times: user=0.09 sys=0.00, real=0.03 secs] 
2014-07-16T14:39:20.288+0000: 2170.475: [GC [PSYoungGen: 950240K->352K(912768K)] 1179542K->229814K(1599744K), 0.0123000 secs] [Times: user=0.05 sys=0.00, real=0.02 secs] 
2014-07-16T14:39:21.997+0000: 2172.184: [GC [PSYoungGen: 912735K->740K(1095680K)] 1142197K->230314K(1782656K), 0.0348040 secs] [Times: user=0.11 sys=0.00, real=0.04 secs] 
2014-07-16T14:39:24.064+0000: 2174.251: [GC [PSYoungGen: 1095652K->434K(1051072K)] 1325226K->230104K(1738048K), 0.0152460 secs] [Times: user=0.05 sys=0.00, real=0.02 secs] 
2014-07-16T14:39:26.078+0000: 2176.265: [GC [PSYoungGen: 1051058K->562K(1009024K)] 1280728K->230344K(1696000K), 0.0197070 secs] [Times: user=0.06 sys=0.01, real=0.02 secs] 
2014-07-16T14:39:28.176+0000: 2178.363: [GC [PSYoungGen: 1009010K->722K(969088K)] 1238792K->230672K(1656064K), 0.0094260 secs] [Times: user=0.03 sys=0.00, real=0.01 secs] 
2014-07-16T14:39:30.016+0000: 2180.204: [GC [PSYoungGen: 969042K->256K(930368K)] 1198992K->230390K(1617344K), 0.0260640 secs] [Times: user=0.09 sys=0.00, real=0.03 secs] 
2014-07-16T14:39:31.730+0000: 2181.917: [GC [PSYoungGen: 930368K->338K(894144K)] 1160502K->230584K(1581120K), 0.0153000 secs] [Times: user=0.05 sys=0.00, real=0.02 secs] 
2014-07-16T14:39:33.418+0000: 2183.605: [GC [PSYoungGen: 894060K->548K(859712K)] 1124306K->230866K(1546688K), 0.0062990 secs] [Times: user=0.01 sys=0.01, real=0.01 secs] 
2014-07-16T14:39:35.086+0000: 2185.274: [GC [PSYoungGen: 859684K->544K(826688K)] 1090002K->230958K(1513664K), 0.0186750 secs] [Times: user=0.07 sys=0.00, real=0.02 secs] 
2014-07-16T14:39:36.705+0000: 2186.892: [GC [PSYoungGen: 826565K->562K(991936K)] 1056979K->231088K(1678912K), 0.0305510 secs] [Times: user=0.11 sys=0.00, real=0.03 secs] 
2014-07-16T14:39:38.575+0000: 2188.762: [GC [PSYoungGen: 991922K->626K(1190272K)] 1222448K->231312K(1877248K), 0.0126810 secs] [Times: user=0.05 sys=0.00, real=0.01 secs] 
2014-07-16T14:39:40.900+0000: 2191.087: [GC [PSYoungGen: 1190258K->676K(1141504K)] 1420944K->231458K(1828480K), 0.0052510 secs] [Times: user=0.02 sys=0.00, real=0.01 secs] 
2014-07-16T14:39:42.956+0000: 2193.144: [GC [PSYoungGen: 1141476K->498K(1094784K)] 1372258K->231544K(1781760K), 0.0286640 secs] [Times: user=0.11 sys=0.00, real=0.03 secs] 
2014-07-16T14:39:45.011+0000: 2195.198: [GC [PSYoungGen: 1094770K->676K(1050752K)] 1325816K->231818K(1737728K), 0.0150030 secs] [Times: user=0.05 sys=0.00, real=0.02 secs] 
2014-07-16T14:39:47.019+0000: 2197.206: [GC [PSYoungGen: 1050724K->480K(1008448K)] 1281866K->231766K(1695424K), 0.0079600 secs] [Times: user=0.03 sys=0.00, real=0.01 secs] 
2014-07-16T14:39:49.048+0000: 2199.235: [GC [PSYoungGen: 1008385K->676K(968512K)] 1239671K->232130K(1655488K), 0.0055010 secs] [Times: user=0.02 sys=0.00, real=0.01 secs] 
2014-07-16T14:39:50.975+0000: 2201.162: [GC [PSYoungGen: 968484K->736K(930368K)] 1199938K->232334K(1617344K), 0.0226140 secs] [Times: user=0.08 sys=0.00, real=0.02 secs] 
2014-07-16T14:39:52.678+0000: 2202.866: [GC [PSYoungGen: 930336K->594K(1116160K)] 1161934K->232360K(1803136K), 0.0290000 secs] [Times: user=0.11 sys=0.00, real=0.03 secs] 
2014-07-16T14:39:54.781+0000: 2204.968: [GC [PSYoungGen: 1116114K->352K(1070656K)] 1347880K->232198K(1757632K), 0.0140990 secs] [Times: user=0.05 sys=0.00, real=0.02 secs] 
2014-07-16T14:39:57.006+0000: 2207.193: [GC [PSYoungGen: 1070624K->786K(1028032K)] 1302470K->232744K(1715008K), 0.0052410 secs] [Times: user=0.02 sys=0.00, real=0.00 secs] 
2014-07-16T14:39:59.486+0000: 2209.673: [GC [PSYoungGen: 1027960K->762K(986944K)] 1259918K->233376K(1673920K), 0.0057090 secs] [Times: user=0.02 sys=0.00, real=0.00 secs] 
2014-07-16T14:40:01.938+0000: 2212.126: [GC [PSYoungGen: 986938K->896K(948032K)] 1219552K->233718K(1635008K), 0.0157230 secs] [Times: user=0.05 sys=0.01, real=0.01 secs] 
2014-07-16T14:40:04.063+0000: 2214.250: [GC [PSYoungGen: 948032K->466K(910464K)] 1180854K->233608K(1597440K), 0.0083560 secs] [Times: user=0.01 sys=0.00, real=0.01 secs] 
2014-07-16T14:40:06.168+0000: 2216.355: [GC [PSYoungGen: 910410K->918K(875520K)] 1143553K->234180K(1562496K), 0.0174150 secs] [Times: user=0.07 sys=0.01, real=0.02 secs] 
2014-07-16T14:40:08.244+0000: 2218.431: [GC [PSYoungGen: 875478K->594K(841472K)] 1108740K->234064K(1528448K), 0.0219250 secs] [Times: user=0.08 sys=0.00, real=0.02 secs] 
2014-07-16T14:40:10.338+0000: 2220.525: [GC [PSYoungGen: 841426K->804K(809536K)] 1074896K->234450K(1496512K), 0.0057860 secs] [Times: user=0.01 sys=0.00, real=0.00 secs] 
2014-07-16T14:40:12.325+0000: 2222.512: [GC [PSYoungGen: 809508K->626K(778688K)] 1043154K->234440K(1465664K), 0.0056120 secs] [Times: user=0.01 sys=0.00, real=0.01 secs] 
2014-07-16T14:40:14.089+0000: 2224.276: [GC [PSYoungGen: 778674K->1152K(750016K)] 1012488K->235094K(1436992K), 0.0260580 secs] [Times: user=0.07 sys=0.00, real=0.02 secs] 
2014-07-16T14:40:15.754+0000: 2225.942: [GC [PSYoungGen: 750016K->704K(721728K)] 983958K->234750K(1408704K), 0.0063550 secs] [Times: user=0.02 sys=0.00, real=0.01 secs] 
2014-07-16T14:40:17.100+0000: 2227.288: [GC [PSYoungGen: 721725K->580K(695168K)] 955771K->234786K(1382144K), 0.0082610 secs] [Times: user=0.01 sys=0.00, real=0.01 secs] 
2014-07-16T14:40:18.403+0000: 2228.590: [GC [PSYoungGen: 695108K->626K(669888K)] 929314K->234952K(1356864K), 0.0163870 secs] [Times: user=0.05 sys=0.00, real=0.02 secs] 
2014-07-16T14:40:19.650+0000: 2229.838: [GC [PSYoungGen: 669874K->352K(803520K)] 904200K->234766K(1490496K), 0.0248710 secs] [Times: user=0.08 sys=0.00, real=0.02 secs] 
2014-07-16T14:40:21.235+0000: 2231.422: [GC [PSYoungGen: 803488K->676K(964480K)] 1037902K->235146K(1651456K), 0.0153200 secs] [Times: user=0.04 sys=0.01, real=0.02 secs] 
2014-07-16T14:40:23.186+0000: 2233.373: [GC [PSYoungGen: 964450K->384K(926144K)] 1198920K->234966K(1613120K), 0.0059110 secs] [Times: user=0.02 sys=0.00, real=0.01 secs] 
2014-07-16T14:40:24.993+0000: 2235.180: [GC [PSYoungGen: 926144K->712K(890368K)] 1160726K->235470K(1577344K), 0.0102590 secs] [Times: user=0.02 sys=0.00, real=0.01 secs] 
2014-07-16T14:40:26.807+0000: 2236.995: [GC [PSYoungGen: 890311K->776K(856000K)] 1125069K->235646K(1542976K), 0.0232000 secs] [Times: user=0.09 sys=0.01, real=0.03 secs] 
2014-07-16T14:40:28.417+0000: 2238.604: [GC [PSYoungGen: 855944K->584K(822976K)] 1090814K->235654K(1509952K), 0.0048120 secs] [Times: user=0.01 sys=0.00, real=0.01 secs] 
2014-07-16T14:40:29.988+0000: 2240.175: [GC [PSYoungGen: 822902K->576K(791616K)] 1057973K->235750K(1478592K), 0.0217690 secs] [Times: user=0.08 sys=0.00, real=0.03 secs] 
2014-07-16T14:40:31.500+0000: 2241.687: [GC [PSYoungGen: 791616K->448K(761664K)] 1026790K->235710K(1448640K), 0.0159200 secs] [Times: user=0.05 sys=0.01, real=0.01 secs] 
2014-07-16T14:40:32.928+0000: 2243.115: [GC [PSYoungGen: 761664K->352K(733184K)] 996926K->235726K(1420160K), 0.0132440 secs] [Times: user=0.04 sys=0.00, real=0.02 secs] 
2014-07-16T14:40:34.329+0000: 2244.516: [GC [PSYoungGen: 733152K->1010K(706752K)] 968526K->236480K(1393728K), 0.0085430 secs] [Times: user=0.02 sys=0.00, real=0.00 secs] 
2014-07-16T14:40:35.622+0000: 2245.809: [GC [PSYoungGen: 706738K->896K(847808K)] 942208K->236446K(1534784K), 0.0259240 secs] [Times: user=0.10 sys=0.01, real=0.02 secs] 
2014-07-16T14:40:37.267+0000: 2247.454: [GC [PSYoungGen: 847808K->530K(1016896K)] 1083358K->236176K(1703872K), 0.0233820 secs] [Times: user=0.09 sys=0.00, real=0.03 secs] 
2014-07-16T14:40:39.224+0000: 2249.411: [GC [PSYoungGen: 1016850K->448K(1220032K)] 1252496K->236262K(1907008K), 0.0241720 secs] [Times: user=0.09 sys=0.01, real=0.02 secs] 
2014-07-16T14:40:41.791+0000: 2251.978: [GC [PSYoungGen: 1220032K->772K(1170112K)] 1455846K->236706K(1857088K), 0.0096910 secs] [Times: user=0.03 sys=0.00, real=0.01 secs] 
2014-07-16T14:40:44.116+0000: 2254.303: [GC [PSYoungGen: 1170052K->512K(1121920K)] 1405986K->236654K(1808896K), 0.0135920 secs] [Times: user=0.06 sys=0.00, real=0.01 secs] 
2014-07-16T14:40:46.334+0000: 2256.521: [GC [PSYoungGen: 1121920K->690K(1076544K)] 1358062K->236984K(1763520K), 0.0187710 secs] [Times: user=0.06 sys=0.00, real=0.02 secs] 
2014-07-16T14:40:48.444+0000: 2258.632: [GC [PSYoungGen: 1076530K->1060K(1033536K)] 1312824K->237578K(1720512K), 0.0263080 secs] [Times: user=0.10 sys=0.00, real=0.02 secs] 
2014-07-16T14:40:50.472+0000: 2260.660: [GC [PSYoungGen: 1033508K->562K(991744K)] 1270026K->237208K(1678720K), 0.0041030 secs] [Times: user=0.02 sys=0.00, real=0.00 secs] 
2014-07-16T14:40:52.519+0000: 2262.706: [GC [PSYoungGen: 991730K->740K(952640K)] 1228376K->237530K(1639616K), 0.0333970 secs] [Times: user=0.12 sys=0.00, real=0.04 secs] 
2014-07-16T14:40:54.341+0000: 2264.528: [GC [PSYoungGen: 952597K->470K(914944K)] 1189387K->237412K(1601920K), 0.0115930 secs] [Times: user=0.05 sys=0.01, real=0.01 secs] 
2014-07-16T14:40:56.077+0000: 2266.264: [GC [PSYoungGen: 914902K->480K(879296K)] 1151844K->237518K(1566272K), 0.0191210 secs] [Times: user=0.07 sys=0.00, real=0.02 secs] 
2014-07-16T14:40:57.743+0000: 2267.930: [GC [PSYoungGen: 879264K->434K(845312K)] 1116302K->237640K(1532288K), 0.0120860 secs] [Times: user=0.04 sys=0.00, real=0.02 secs] 
2014-07-16T14:40:59.344+0000: 2269.531: [GC [PSYoungGen: 845298K->402K(812992K)] 1082504K->237728K(1499968K), 0.0094920 secs] [Times: user=0.04 sys=0.00, real=0.01 secs] 
2014-07-16T14:41:00.996+0000: 2271.184: [GC [PSYoungGen: 812946K->676K(975808K)] 1050272K->238082K(1662784K), 0.0271580 secs] [Times: user=0.10 sys=0.00, real=0.02 secs] 
2014-07-16T14:41:03.007+0000: 2273.194: [GC [PSYoungGen: 975780K->608K(937216K)] 1213186K->238142K(1624192K), 0.0055510 secs] [Times: user=0.01 sys=0.00, real=0.00 secs] 
2014-07-16T14:41:04.766+0000: 2274.954: [GC [PSYoungGen: 937184K->466K(900416K)] 1174718K->238168K(1587392K), 0.0178750 secs] [Times: user=0.06 sys=0.00, real=0.02 secs] 
2014-07-16T14:41:06.525+0000: 2276.713: [GC [PSYoungGen: 900330K->680K(865664K)] 1138032K->238470K(1552640K), 0.0141880 secs] [Times: user=0.05 sys=0.00, real=0.01 secs] 
2014-07-16T14:41:08.152+0000: 2278.339: [GC [PSYoungGen: 865640K->384K(832064K)] 1103430K->238358K(1519040K), 0.0051100 secs] [Times: user=0.02 sys=0.00, real=0.01 secs] 
2014-07-16T14:41:09.741+0000: 2279.929: [GC [PSYoungGen: 832064K->288K(800256K)] 1070038K->238350K(1487232K), 0.0092240 secs] [Times: user=0.03 sys=0.00, real=0.01 secs] 
2014-07-16T14:41:11.304+0000: 2281.491: [GC [PSYoungGen: 800161K->598K(770368K)] 1038224K->238740K(1457344K), 0.0150850 secs] [Times: user=0.05 sys=0.00, real=0.02 secs] 
2014-07-16T14:41:12.886+0000: 2283.073: [GC [PSYoungGen: 770326K->658K(741632K)] 1008468K->238904K(1428608K), 0.0223990 secs] [Times: user=0.09 sys=0.00, real=0.02 secs] 
2014-07-16T14:41:14.346+0000: 2284.533: [GC [PSYoungGen: 741586K->626K(714112K)] 979832K->239008K(1401088K), 0.0067320 secs] [Times: user=0.01 sys=0.00, real=0.01 secs] 
2014-07-16T14:41:15.648+0000: 2285.835: [GC [PSYoungGen: 714098K->448K(687744K)] 952480K->238926K(1374720K), 0.0180790 secs] [Times: user=0.07 sys=0.00, real=0.01 secs] 
2014-07-16T14:41:16.972+0000: 2287.159: [GC [PSYoungGen: 687744K->388K(662784K)] 926222K->238978K(1349760K), 0.0043860 secs] [Times: user=0.01 sys=0.00, real=0.01 secs] 
2014-07-16T14:41:18.226+0000: 2288.413: [GC [PSYoungGen: 662724K->580K(639168K)] 901314K->239282K(1326144K), 0.0047400 secs] [Times: user=0.01 sys=0.00, real=0.01 secs] 
2014-07-16T14:41:19.397+0000: 2289.584: [GC [PSYoungGen: 639058K->534K(616384K)] 877760K->239308K(1303360K), 0.0042810 secs] [Times: user=0.01 sys=0.00, real=0.00 secs] 
2014-07-16T14:41:20.590+0000: 2290.777: [GC [PSYoungGen: 616342K->882K(595008K)] 855116K->239744K(1281984K), 0.0075650 secs] [Times: user=0.02 sys=0.00, real=0.01 secs] 
2014-07-16T14:41:21.753+0000: 2291.941: [GC [PSYoungGen: 594994K->356K(573824K)] 833856K->239490K(1260800K), 0.0145350 secs] [Times: user=0.05 sys=0.01, real=0.02 secs] 
2014-07-16T14:41:23.016+0000: 2293.203: [GC [PSYoungGen: 573795K->1014K(554688K)] 812929K->240380K(1241664K), 0.0114560 secs] [Times: user=0.03 sys=0.00, real=0.02 secs] 
2014-07-16T14:41:24.151+0000: 2294.338: [GC [PSYoungGen: 554678K->694K(535488K)] 794044K->240692K(1222464K), 0.0130830 secs] [Times: user=0.04 sys=0.00, real=0.01 secs] 
2014-07-16T14:41:25.222+0000: 2295.409: [GC [PSYoungGen: 535478K->544K(642368K)] 775476K->240654K(1329344K), 0.0184580 secs] [Times: user=0.07 sys=0.00, real=0.02 secs] 
2014-07-16T14:41:26.590+0000: 2296.777: [GC [PSYoungGen: 642336K->868K(619840K)] 882446K->241202K(1306816K), 0.0095260 secs] [Times: user=0.01 sys=0.00, real=0.01 secs] 
2014-07-16T14:41:27.987+0000: 2298.174: [GC [PSYoungGen: 619812K->562K(743360K)] 860146K->241064K(1430336K), 0.0283930 secs] [Times: user=0.10 sys=0.00, real=0.03 secs] 
2014-07-16T14:41:29.698+0000: 2299.885: [GC [PSYoungGen: 743346K->800K(892224K)] 983848K->241422K(1579200K), 0.0079330 secs] [Times: user=0.01 sys=0.00, real=0.00 secs] 
2014-07-16T14:41:31.930+0000: 2302.117: [GC [PSYoungGen: 892189K->886K(1070592K)] 1132811K->241636K(1757568K), 0.0217560 secs] [Times: user=0.08 sys=0.00, real=0.02 secs] 
2014-07-16T14:41:34.569+0000: 2304.756: [GC [PSYoungGen: 1070581K->882K(1284544K)] 1311331K->241856K(1971520K), 0.0259920 secs] [Times: user=0.10 sys=0.00, real=0.03 secs] 
2014-07-16T14:41:37.664+0000: 2307.851: [GC [PSYoungGen: 1284530K->1024K(1491712K)] 1525504K->242182K(2178688K), 0.0342550 secs] [Times: user=0.10 sys=0.00, real=0.03 secs] 
2014-07-16T14:41:41.018+0000: 2311.206: [GC [PSYoungGen: 1491328K->882K(1427712K)] 1732486K->242360K(2114688K), 0.0074470 secs] [Times: user=0.02 sys=0.00, real=0.01 secs] 
2014-07-16T14:41:44.379+0000: 2314.567: [GC [PSYoungGen: 1427698K->996K(1367424K)] 1669176K->242674K(2054400K), 0.0084610 secs] [Times: user=0.02 sys=0.00, real=0.01 secs] 
2014-07-16T14:41:47.597+0000: 2317.785: [GC [PSYoungGen: 1367396K->960K(1309888K)] 1609074K->242846K(1996864K), 0.0123840 secs] [Times: user=0.04 sys=0.00, real=0.01 secs] 
2014-07-16T14:41:50.257+0000: 2320.444: [GC [PSYoungGen: 1309888K->1284K(1255616K)] 1551774K->243514K(1942592K), 0.0115640 secs] [Times: user=0.02 sys=0.00, real=0.01 secs] 
2014-07-16T14:41:52.852+0000: 2323.039: [GC [PSYoungGen: 1255556K->544K(1202880K)] 1497786K->242990K(1889856K), 0.0177600 secs] [Times: user=0.07 sys=0.00, real=0.01 secs] 
2014-07-16T14:41:55.304+0000: 2325.491: [GC [PSYoungGen: 1202848K->694K(1153536K)] 1445294K->243332K(1840512K), 0.0194510 secs] [Times: user=0.07 sys=0.00, real=0.02 secs] 
2014-07-16T14:41:57.611+0000: 2327.798: [GC [PSYoungGen: 1153526K->1046K(1106816K)] 1396164K->243868K(1793792K), 0.0066580 secs] [Times: user=0.02 sys=0.01, real=0.01 secs] 
2014-07-16T14:41:59.865+0000: 2330.053: [GC [PSYoungGen: 1106774K->1004K(1061952K)] 1349596K->244010K(1748928K), 0.0072200 secs] [Times: user=0.02 sys=0.00, real=0.01 secs] 
2014-07-16T14:42:01.956+0000: 2332.143: [GC [PSYoungGen: 1061932K->736K(1019072K)] 1304938K->243902K(1706048K), 0.0203510 secs] [Times: user=0.08 sys=0.00, real=0.02 secs] 
2014-07-16T14:42:03.889+0000: 2334.076: [GC [PSYoungGen: 1019023K->452K(978240K)] 1262189K->243754K(1665216K), 0.0239920 secs] [Times: user=0.09 sys=0.00, real=0.03 secs] 
2014-07-16T14:42:05.833+0000: 2336.020: [GC [PSYoungGen: 978180K->662K(939776K)] 1221482K->244092K(1626752K), 0.0322960 secs] [Times: user=0.12 sys=0.00, real=0.04 secs] 
2014-07-16T14:42:07.589+0000: 2337.777: [GC [PSYoungGen: 939734K->544K(902848K)] 1183164K->244174K(1589824K), 0.0183440 secs] [Times: user=0.07 sys=0.00, real=0.02 secs] 
2014-07-16T14:42:09.290+0000: 2339.477: [GC [PSYoungGen: 902816K->690K(867904K)] 1146446K->244456K(1554880K), 0.0085370 secs] [Times: user=0.02 sys=0.00, real=0.01 secs] 
2014-07-16T14:42:10.925+0000: 2341.112: [GC [PSYoungGen: 867888K->288K(834112K)] 1111654K->244142K(1521088K), 0.0180690 secs] [Times: user=0.07 sys=0.00, real=0.01 secs] 
2014-07-16T14:42:12.601+0000: 2342.789: [GC [PSYoungGen: 834080K->480K(1001088K)] 1077934K->244446K(1688064K), 0.0224070 secs] [Times: user=0.09 sys=0.00, real=0.02 secs] 
2014-07-16T14:42:14.620+0000: 2344.808: [GC [PSYoungGen: 1001056K->498K(1201216K)] 1245022K->244584K(1888192K), 0.0202840 secs] [Times: user=0.07 sys=0.00, real=0.02 secs] 
2014-07-16T14:42:16.991+0000: 2347.178: [GC [PSYoungGen: 1201104K->672K(1152000K)] 1445191K->244910K(1838976K), 0.0050130 secs] [Times: user=0.02 sys=0.00, real=0.01 secs] 
2014-07-16T14:42:19.147+0000: 2349.334: [GC [PSYoungGen: 1151968K->416K(1104768K)] 1396206K->244886K(1791744K), 0.0053730 secs] [Times: user=0.02 sys=0.00, real=0.00 secs] 
2014-07-16T14:42:21.182+0000: 2351.370: [GC [PSYoungGen: 1104736K->452K(1060096K)] 1349206K->245042K(1747072K), 0.0085490 secs] [Times: user=0.02 sys=0.00, real=0.01 secs] 
2014-07-16T14:42:23.311+0000: 2353.498: [GC [PSYoungGen: 1060036K->690K(1017728K)] 1304626K->245384K(1704704K), 0.0056830 secs] [Times: user=0.02 sys=0.00, real=0.01 secs] 
2014-07-16T14:42:25.302+0000: 2355.489: [GC [PSYoungGen: 1017674K->958K(977472K)] 1262369K->245820K(1664448K), 0.0115830 secs] [Times: user=0.04 sys=0.00, real=0.01 secs] 
2014-07-16T14:42:27.279+0000: 2357.466: [GC [PSYoungGen: 977470K->872K(938816K)] 1222332K->245902K(1625792K), 0.0119070 secs] [Times: user=0.03 sys=0.00, real=0.01 secs] 
2014-07-16T14:42:29.146+0000: 2359.333: [GC [PSYoungGen: 938792K->626K(901824K)] 1183822K->245848K(1588800K), 0.0116570 secs] [Times: user=0.04 sys=0.01, real=0.02 secs] 
2014-07-16T14:42:31.023+0000: 2361.210: [GC [PSYoungGen: 901810K->1110K(867328K)] 1147032K->246460K(1554304K), 0.0094570 secs] [Times: user=0.02 sys=0.00, real=0.01 secs] 
2014-07-16T14:42:32.860+0000: 2363.047: [GC [PSYoungGen: 867231K->530K(833408K)] 1112581K->246040K(1520384K), 0.0197230 secs] [Times: user=0.07 sys=0.01, real=0.02 secs] 
2014-07-16T14:42:34.570+0000: 2364.757: [GC [PSYoungGen: 833362K->1106K(802240K)] 1078872K->246792K(1489216K), 0.0138270 secs] [Times: user=0.02 sys=0.00, real=0.01 secs] 
2014-07-16T14:42:39.223+0000: 2369.410: [GC [PSYoungGen: 802194K->896K(771712K)] 1047880K->246694K(1458688K), 0.0072190 secs] [Times: user=0.02 sys=0.00, real=0.01 secs] 
2014-07-16T14:42:40.888+0000: 2371.076: [GC [PSYoungGen: 771712K->754K(742720K)] 1017510K->246872K(1429696K), 0.0063730 secs] [Times: user=0.02 sys=0.00, real=0.01 secs] 
2014-07-16T14:42:42.699+0000: 2372.886: [GC [PSYoungGen: 742706K->896K(715328K)] 988824K->247142K(1402304K), 0.0044880 secs] [Times: user=0.01 sys=0.00, real=0.00 secs] 
2014-07-16T14:42:44.295+0000: 2374.482: [GC [PSYoungGen: 715328K->608K(688832K)] 961574K->246998K(1375808K), 0.0161270 secs] [Times: user=0.05 sys=0.00, real=0.02 secs] 
2014-07-16T14:42:45.682+0000: 2375.869: [GC [PSYoungGen: 688800K->530K(663744K)] 935190K->247032K(1350720K), 0.0233240 secs] [Times: user=0.08 sys=0.00, real=0.02 secs] 
2014-07-16T14:42:47.044+0000: 2377.232: [GC [PSYoungGen: 663698K->776K(640128K)] 910200K->247406K(1327104K), 0.0058040 secs] [Times: user=0.01 sys=0.00, real=0.01 secs] 
2014-07-16T14:42:48.345+0000: 2378.532: [GC [PSYoungGen: 640072K->644K(617280K)] 886702K->247394K(1304256K), 0.0194270 secs] [Times: user=0.07 sys=0.00, real=0.02 secs] 
2014-07-16T14:42:49.531+0000: 2379.718: [GC [PSYoungGen: 617193K->626K(595520K)] 863943K->247472K(1282496K), 0.0079680 secs] [Times: user=0.02 sys=0.00, real=0.00 secs] 
2014-07-16T14:42:50.615+0000: 2380.803: [GC [PSYoungGen: 595506K->288K(574464K)] 842352K->247214K(1261440K), 0.0121050 secs] [Times: user=0.05 sys=0.00, real=0.01 secs] 
2014-07-16T14:42:51.746+0000: 2381.933: [GC [PSYoungGen: 574432K->402K(554816K)] 821358K->247392K(1241792K), 0.0117480 secs] [Times: user=0.04 sys=0.00, real=0.01 secs] 
2014-07-16T14:42:52.801+0000: 2382.988: [GC [PSYoungGen: 554770K->370K(665664K)] 801760K->247456K(1352640K), 0.0138480 secs] [Times: user=0.05 sys=0.00, real=0.02 secs] 
2014-07-16T14:42:54.084+0000: 2384.271: [GC [PSYoungGen: 665650K->480K(798848K)] 912736K->247646K(1485824K), 0.0120030 secs] [Times: user=0.03 sys=0.00, real=0.01 secs] 
2014-07-16T14:42:55.634+0000: 2385.821: [GC [PSYoungGen: 798811K->1132K(769344K)] 1045978K->248442K(1456320K), 0.0091990 secs] [Times: user=0.01 sys=0.01, real=0.01 secs] 
2014-07-16T14:42:57.230+0000: 2387.417: [GC [PSYoungGen: 769315K->576K(740032K)] 1016625K->248038K(1427008K), 0.0084690 secs] [Times: user=0.02 sys=0.00, real=0.01 secs] 
2014-07-16T14:42:58.941+0000: 2389.128: [GC [PSYoungGen: 740032K->658K(712768K)] 987494K->248288K(1399744K), 0.0079870 secs] [Times: user=0.03 sys=0.00, real=0.01 secs] 
2014-07-16T14:43:00.613+0000: 2390.801: [GC [PSYoungGen: 712722K->854K(686848K)] 960352K->248660K(1373824K), 0.0206240 secs] [Times: user=0.08 sys=0.00, real=0.02 secs] 
2014-07-16T14:43:02.086+0000: 2392.273: [GC [PSYoungGen: 686806K->676K(661760K)] 934612K->248618K(1348736K), 0.0137800 secs] [Times: user=0.04 sys=0.00, real=0.01 secs] 
2014-07-16T14:43:03.387+0000: 2393.574: [GC [PSYoungGen: 661732K->562K(637888K)] 909674K->248608K(1324864K), 0.0144720 secs] [Times: user=0.03 sys=0.00, real=0.01 secs] 
2014-07-16T14:43:04.667+0000: 2394.854: [GC [PSYoungGen: 637874K->370K(765184K)] 885920K->248496K(1452160K), 0.0280700 secs] [Times: user=0.09 sys=0.00, real=0.03 secs] 
2014-07-16T14:43:06.296+0000: 2396.483: [GC [PSYoungGen: 765170K->608K(736896K)] 1013296K->248806K(1423872K), 0.0042680 secs] [Times: user=0.02 sys=0.00, real=0.00 secs] 
2014-07-16T14:43:07.849+0000: 2398.036: [GC [PSYoungGen: 736864K->612K(884160K)] 985062K->248994K(1571136K), 0.0256870 secs] [Times: user=0.10 sys=0.00, real=0.03 secs] 
2014-07-16T14:43:09.688+0000: 2399.876: [GC [PSYoungGen: 884132K->626K(1060864K)] 1132514K->249144K(1747840K), 0.0186060 secs] [Times: user=0.06 sys=0.00, real=0.02 secs] 
2014-07-16T14:43:11.931+0000: 2402.119: [GC [PSYoungGen: 1060826K->694K(1018304K)] 1309344K->249340K(1705280K), 0.0102780 secs] [Times: user=0.03 sys=0.00, real=0.01 secs] 
2014-07-16T14:43:13.915+0000: 2404.102: [GC [PSYoungGen: 1018294K->384K(977408K)] 1266940K->249174K(1664384K), 0.0107540 secs] [Times: user=0.04 sys=0.00, real=0.01 secs] 
2014-07-16T14:43:15.861+0000: 2406.048: [GC [PSYoungGen: 977408K->594K(939072K)] 1226198K->249496K(1626048K), 0.0061100 secs] [Times: user=0.02 sys=0.00, real=0.01 secs] 
2014-07-16T14:43:17.640+0000: 2407.827: [GC [PSYoungGen: 939026K->370K(902016K)] 1187928K->249448K(1588992K), 0.0107880 secs] [Times: user=0.04 sys=0.00, real=0.01 secs] 
2014-07-16T14:43:19.533+0000: 2409.720: [GC [PSYoungGen: 902002K->836K(867520K)] 1151080K->250042K(1554496K), 0.0169300 secs] [Times: user=0.06 sys=0.00, real=0.02 secs] 
2014-07-16T14:43:21.368+0000: 2411.555: [GC [PSYoungGen: 867457K->576K(833856K)] 1116663K->249918K(1520832K), 0.0149970 secs] [Times: user=0.06 sys=0.00, real=0.01 secs] 
2014-07-16T14:43:23.029+0000: 2413.216: [GC [PSYoungGen: 833856K->744K(1000704K)] 1083198K->250462K(1687680K), 0.0307000 secs] [Times: user=0.11 sys=0.00, real=0.03 secs] 
2014-07-16T14:43:24.988+0000: 2415.175: [GC [PSYoungGen: 1000680K->576K(960768K)] 1250398K->250430K(1647744K), 0.0182240 secs] [Times: user=0.07 sys=0.00, real=0.02 secs] 
2014-07-16T14:43:26.855+0000: 2417.042: [GC [PSYoungGen: 960768K->434K(1152704K)] 1210622K->250416K(1839680K), 0.0260310 secs] [Times: user=0.09 sys=0.00, real=0.03 secs] 
2014-07-16T14:43:29.254+0000: 2419.441: [GC [PSYoungGen: 1152656K->950K(1106176K)] 1402638K->251108K(1793152K), 0.0071080 secs] [Times: user=0.02 sys=0.00, real=0.01 secs] 
2014-07-16T14:43:31.604+0000: 2421.792: [GC [PSYoungGen: 1106166K->786K(1061248K)] 1356324K->251112K(1748224K), 0.0085510 secs] [Times: user=0.02 sys=0.01, real=0.01 secs] 
2014-07-16T14:43:33.694+0000: 2423.881: [GC [PSYoungGen: 1061202K->530K(1018368K)] 1311528K->251064K(1705344K), 0.0253780 secs] [Times: user=0.08 sys=0.00, real=0.03 secs] 
2014-07-16T14:43:35.791+0000: 2425.978: [GC [PSYoungGen: 1018322K->640K(977856K)] 1268856K->251278K(1664832K), 0.0078450 secs] [Times: user=0.02 sys=0.01, real=0.01 secs] 
2014-07-16T14:43:37.715+0000: 2427.902: [GC [PSYoungGen: 977856K->594K(939200K)] 1228494K->251416K(1626176K), 0.0209580 secs] [Times: user=0.07 sys=0.01, real=0.02 secs] 
2014-07-16T14:43:39.766+0000: 2429.953: [GC [PSYoungGen: 939154K->658K(902464K)] 1189976K->251640K(1589440K), 0.0296840 secs] [Times: user=0.11 sys=0.00, real=0.03 secs] 
2014-07-16T14:43:41.644+0000: 2431.831: [GC [PSYoungGen: 902413K->886K(867648K)] 1153395K->252044K(1554624K), 0.0061420 secs] [Times: user=0.01 sys=0.00, real=0.01 secs] 
2014-07-16T14:43:43.459+0000: 2433.646: [GC [PSYoungGen: 867638K->612K(1040768K)] 1118796K->252154K(1727744K), 0.0325930 secs] [Times: user=0.11 sys=0.01, real=0.03 secs] 
2014-07-16T14:43:45.554+0000: 2435.742: [GC [PSYoungGen: 1040675K->1014K(999488K)] 1292218K->252676K(1686464K), 0.0081820 secs] [Times: user=0.02 sys=0.00, real=0.01 secs] 
2014-07-16T14:43:47.511+0000: 2437.698: [GC [PSYoungGen: 999443K->804K(1199040K)] 1251105K->252706K(1886016K), 0.0296390 secs] [Times: user=0.11 sys=0.00, real=0.03 secs] 
2014-07-16T14:43:50.009+0000: 2440.196: [GC [PSYoungGen: 1199012K->576K(1149504K)] 1450914K->252622K(1836480K), 0.0128940 secs] [Times: user=0.04 sys=0.00, real=0.02 secs] 
2014-07-16T14:43:52.391+0000: 2442.578: [GC [PSYoungGen: 1149504K->914K(1102976K)] 1401550K->253136K(1789952K), 0.0117600 secs] [Times: user=0.02 sys=0.00, real=0.01 secs] 
2014-07-16T14:43:54.708+0000: 2444.895: [GC [PSYoungGen: 1102930K->1110K(1058560K)] 1355152K->253484K(1745536K), 0.0062870 secs] [Times: user=0.02 sys=0.00, real=0.01 secs] 
2014-07-16T14:43:56.874+0000: 2447.061: [GC [PSYoungGen: 1058516K->370K(1015296K)] 1310890K->253800K(1702272K), 0.0109880 secs] [Times: user=0.03 sys=0.00, real=0.01 secs] 
2014-07-16T14:43:59.078+0000: 2449.265: [GC [PSYoungGen: 1015282K->722K(975232K)] 1268712K->254360K(1662208K), 0.0254630 secs] [Times: user=0.09 sys=0.00, real=0.03 secs] 
2014-07-16T14:44:01.087+0000: 2451.274: [GC [PSYoungGen: 975186K->736K(936704K)] 1228824K->254774K(1623680K), 0.0271350 secs] [Times: user=0.09 sys=0.01, real=0.03 secs] 
2014-07-16T14:44:02.996+0000: 2453.183: [GC [PSYoungGen: 936672K->626K(1123776K)] 1190710K->254824K(1810752K), 0.0288050 secs] [Times: user=0.11 sys=0.00, real=0.03 secs] 
2014-07-16T14:44:05.325+0000: 2455.512: [GC [PSYoungGen: 1123762K->844K(1078400K)] 1377960K->255154K(1765376K), 0.0191010 secs] [Times: user=0.07 sys=0.00, real=0.02 secs] 
2014-07-16T14:44:07.455+0000: 2457.642: [GC [PSYoungGen: 1078348K->608K(1034688K)] 1332658K->255102K(1721664K), 0.0051260 secs] [Times: user=0.02 sys=0.01, real=0.00 secs] 
2014-07-16T14:44:09.574+0000: 2459.761: [GC [PSYoungGen: 1034656K->576K(993280K)] 1289150K->255238K(1680256K), 0.0043790 secs] [Times: user=0.01 sys=0.00, real=0.00 secs] 
2014-07-16T14:44:11.548+0000: 2461.735: [GC [PSYoungGen: 993280K->836K(954240K)] 1247942K->255658K(1641216K), 0.0275170 secs] [Times: user=0.10 sys=0.00, real=0.03 secs] 
2014-07-16T14:44:13.649+0000: 2463.836: [GC [PSYoungGen: 954180K->1074K(916928K)] 1209002K->256016K(1603904K), 0.0052430 secs] [Times: user=0.02 sys=0.00, real=0.01 secs] 
2014-07-16T14:44:15.477+0000: 2465.664: [GC [PSYoungGen: 916914K->644K(1099712K)] 1171856K->255746K(1786688K), 0.0393100 secs] [Times: user=0.13 sys=0.00, real=0.04 secs] 
2014-07-16T14:44:17.714+0000: 2467.901: [GC [PSYoungGen: 1099652K->740K(1055296K)] 1354754K->255994K(1742272K), 0.0127440 secs] [Times: user=0.05 sys=0.00, real=0.01 secs] 
2014-07-16T14:44:19.928+0000: 2470.115: [GC [PSYoungGen: 1055268K->740K(1012928K)] 1310522K->256186K(1699904K), 0.0112570 secs] [Times: user=0.03 sys=0.01, real=0.01 secs] 
2014-07-16T14:44:21.930+0000: 2472.117: [GC [PSYoungGen: 1012900K->416K(972288K)] 1268346K->256022K(1659264K), 0.0131380 secs] [Times: user=0.03 sys=0.00, real=0.01 secs] 
2014-07-16T14:44:24.068+0000: 2474.256: [GC [PSYoungGen: 972256K->868K(934336K)] 1227862K->256586K(1621312K), 0.0249840 secs] [Times: user=0.09 sys=0.00, real=0.02 secs] 
2014-07-16T14:44:25.883+0000: 2476.070: [GC [PSYoungGen: 934308K->576K(897472K)] 1190026K->256478K(1584448K), 0.0098400 secs] [Times: user=0.02 sys=0.00, real=0.01 secs] 
2014-07-16T14:44:27.622+0000: 2477.810: [GC [PSYoungGen: 897472K->694K(862784K)] 1153374K->256756K(1549760K), 0.0147480 secs] [Times: user=0.05 sys=0.01, real=0.02 secs] 
2014-07-16T14:44:29.419+0000: 2479.607: [GC [PSYoungGen: 862774K->954K(829888K)] 1118836K->257176K(1516864K), 0.0110330 secs] [Times: user=0.03 sys=0.00, real=0.01 secs] 
2014-07-16T14:44:31.066+0000: 2481.253: [GC [PSYoungGen: 829858K->466K(797824K)] 1086080K->256808K(1484800K), 0.0190170 secs] [Times: user=0.07 sys=0.00, real=0.01 secs] 
2014-07-16T14:44:32.663+0000: 2482.851: [GC [PSYoungGen: 797778K->694K(957504K)] 1054120K->257172K(1644480K), 0.0286740 secs] [Times: user=0.10 sys=0.00, real=0.03 secs] 
2014-07-16T14:44:34.715+0000: 2484.902: [GC [PSYoungGen: 957494K->914K(920128K)] 1213972K->257488K(1607104K), 0.0051780 secs] [Times: user=0.01 sys=0.00, real=0.01 secs] 
2014-07-16T14:44:36.506+0000: 2486.694: [GC [PSYoungGen: 920082K->672K(1103744K)] 1176656K->257390K(1790720K), 0.0402950 secs] [Times: user=0.14 sys=0.00, real=0.04 secs] 
2014-07-16T14:44:38.737+0000: 2488.924: [GC [PSYoungGen: 1103712K->768K(1324416K)] 1360430K->257678K(2011392K), 0.0107210 secs] [Times: user=0.04 sys=0.00, real=0.02 secs] 
2014-07-16T14:44:41.425+0000: 2491.612: [GC [PSYoungGen: 1324416K->644K(1268992K)] 1581326K->257690K(1955968K), 0.0230810 secs] [Times: user=0.09 sys=0.00, real=0.03 secs] 
2014-07-16T14:44:44.131+0000: 2494.319: [GC [PSYoungGen: 1268932K->1124K(1216768K)] 1525978K->258362K(1903744K), 0.0060280 secs] [Times: user=0.02 sys=0.00, real=0.01 secs] 
2014-07-16T14:44:46.629+0000: 2496.816: [GC [PSYoungGen: 1216740K->502K(1166016K)] 1473978K->258396K(1852992K), 0.0291860 secs] [Times: user=0.10 sys=0.00, real=0.03 secs] 
2014-07-16T14:44:49.124+0000: 2499.311: [GC [PSYoungGen: 1166006K->1398K(1119232K)] 1423900K->259556K(1806208K), 0.0082930 secs] [Times: user=0.03 sys=0.00, real=0.01 secs] 
2014-07-16T14:44:51.379+0000: 2501.566: [GC [PSYoungGen: 1119202K->594K(1073088K)] 1377360K->259032K(1760064K), 0.0109890 secs] [Times: user=0.04 sys=0.00, real=0.01 secs] 
2014-07-16T14:44:53.541+0000: 2503.728: [GC [PSYoungGen: 1073020K->512K(1029760K)] 1331459K->259134K(1716736K), 0.0083600 secs] [Times: user=0.02 sys=0.00, real=0.01 secs] 
2014-07-16T14:44:55.775+0000: 2505.963: [GC [PSYoungGen: 1029760K->736K(988864K)] 1288382K->259478K(1675840K), 0.0122450 secs] [Times: user=0.03 sys=0.00, real=0.01 secs] 
2014-07-16T14:44:57.782+0000: 2507.970: [GC [PSYoungGen: 988832K->580K(949568K)] 1247574K->259546K(1636544K), 0.0052880 secs] [Times: user=0.02 sys=0.00, real=0.00 secs] 
2014-07-16T14:44:59.696+0000: 2509.883: [GC [PSYoungGen: 949508K->694K(912320K)] 1208474K->259804K(1599296K), 0.0060240 secs] [Times: user=0.02 sys=0.00, real=0.01 secs] 
2014-07-16T14:45:01.615+0000: 2511.803: [GC [PSYoungGen: 912310K->448K(876544K)] 1171420K->259678K(1563520K), 0.0275630 secs] [Times: user=0.10 sys=0.00, real=0.03 secs] 
2014-07-16T14:45:03.405+0000: 2513.593: [GC [PSYoungGen: 876544K->896K(843200K)] 1135774K->260302K(1530176K), 0.0088710 secs] [Times: user=0.02 sys=0.00, real=0.01 secs] 
2014-07-16T14:45:05.196+0000: 2515.383: [GC [PSYoungGen: 843200K->818K(810944K)] 1102606K->260336K(1497920K), 0.0228010 secs] [Times: user=0.09 sys=0.00, real=0.02 secs] 
2014-07-16T14:45:06.809+0000: 2516.996: [GC [PSYoungGen: 810924K->626K(780032K)] 1070443K->260312K(1467008K), 0.0072360 secs] [Times: user=0.01 sys=0.00, real=0.01 secs] 
2014-07-16T14:45:08.323+0000: 2518.510: [GC [PSYoungGen: 780018K->804K(750976K)] 1039704K->260642K(1437952K), 0.0134750 secs] [Times: user=0.03 sys=0.00, real=0.01 secs] 
2014-07-16T14:45:09.866+0000: 2520.053: [GC [PSYoungGen: 750948K->416K(722688K)] 1010786K->260342K(1409664K), 0.0166890 secs] [Times: user=0.06 sys=0.00, real=0.02 secs] 
2014-07-16T14:45:11.358+0000: 2521.546: [GC [PSYoungGen: 722624K->466K(867200K)] 982551K->260520K(1554176K), 0.0281330 secs] [Times: user=0.10 sys=0.00, real=0.03 secs] 
2014-07-16T14:45:13.052+0000: 2523.239: [GC [PSYoungGen: 867153K->658K(834048K)] 1127208K->260832K(1521024K), 0.0060470 secs] [Times: user=0.02 sys=0.00, real=0.00 secs] 
2014-07-16T14:45:14.788+0000: 2524.975: [GC [PSYoungGen: 834002K->498K(1000576K)] 1094176K->260776K(1687552K), 0.0296600 secs] [Times: user=0.11 sys=0.00, real=0.03 secs] 
2014-07-16T14:45:16.892+0000: 2527.080: [GC [PSYoungGen: 1000562K->594K(960960K)] 1260840K->260992K(1647936K), 0.0048340 secs] [Times: user=0.02 sys=0.00, real=0.00 secs] 
2014-07-16T14:45:18.724+0000: 2528.911: [GC [PSYoungGen: 960914K->480K(1152896K)] 1221312K->261118K(1839872K), 0.0415190 secs] [Times: user=0.15 sys=0.00, real=0.04 secs] 
2014-07-16T14:45:21.060+0000: 2531.247: [GC [PSYoungGen: 1152864K->1192K(1384128K)] 1413502K->261982K(2071104K), 0.0173390 secs] [Times: user=0.05 sys=0.00, real=0.02 secs] 
2014-07-16T14:45:23.859+0000: 2534.046: [GC [PSYoungGen: 1384104K->826K(1482688K)] 1644894K->261784K(2169664K), 0.0231190 secs] [Times: user=0.08 sys=0.00, real=0.02 secs] 
2014-07-16T14:45:26.928+0000: 2537.115: [GC [PSYoungGen: 1482106K->850K(1419136K)] 1743064K->261984K(2106112K), 0.0210980 secs] [Times: user=0.08 sys=0.00, real=0.02 secs] 
2014-07-16T14:45:29.934+0000: 2540.121: [GC [PSYoungGen: 1419090K->1092K(1359424K)] 1680224K->262490K(2046400K), 0.0101700 secs] [Times: user=0.02 sys=0.00, real=0.01 secs] 
2014-07-16T14:45:32.648+0000: 2542.836: [GC [PSYoungGen: 1359364K->676K(1301952K)] 1620762K->262322K(1988928K), 0.0241190 secs] [Times: user=0.10 sys=0.00, real=0.02 secs] 
2014-07-16T14:45:35.213+0000: 2545.400: [GC [PSYoungGen: 1301890K->548K(1247552K)] 1563537K->262362K(1934528K), 0.0212450 secs] [Times: user=0.07 sys=0.00, real=0.02 secs] 
2014-07-16T14:45:37.857+0000: 2548.045: [GC [PSYoungGen: 1247524K->544K(1195904K)] 1509338K->262534K(1882880K), 0.0055490 secs] [Times: user=0.02 sys=0.00, real=0.00 secs] 
2014-07-16T14:45:40.348+0000: 2550.535: [GC [PSYoungGen: 1195872K->726K(1146944K)] 1457862K->262948K(1833920K), 0.0160610 secs] [Times: user=0.05 sys=0.00, real=0.01 secs] 
2014-07-16T14:45:42.542+0000: 2552.729: [GC [PSYoungGen: 1146902K->402K(1099840K)] 1409124K->262816K(1786816K), 0.0146190 secs] [Times: user=0.06 sys=0.00, real=0.02 secs] 
2014-07-16T14:45:44.780+0000: 2554.967: [GC [PSYoungGen: 1099794K->1284K(1056256K)] 1362208K->263786K(1743232K), 0.0322600 secs] [Times: user=0.10 sys=0.00, real=0.03 secs] 
2014-07-16T14:45:46.821+0000: 2557.008: [GC [PSYoungGen: 1056196K->544K(1013120K)] 1318698K->263182K(1700096K), 0.0172250 secs] [Times: user=0.05 sys=0.00, real=0.02 secs] 
2014-07-16T14:45:48.903+0000: 2559.090: [GC [PSYoungGen: 1013088K->882K(973120K)] 1275726K->263728K(1660096K), 0.0140710 secs] [Times: user=0.05 sys=0.00, real=0.01 secs] 
2014-07-16T14:45:50.992+0000: 2561.180: [GC [PSYoungGen: 973106K->676K(934528K)] 1235952K->263682K(1621504K), 0.0242000 secs] [Times: user=0.08 sys=0.00, real=0.02 secs] 
2014-07-16T14:45:52.829+0000: 2563.016: [GC [PSYoungGen: 934500K->576K(897856K)] 1197506K->263774K(1584832K), 0.0187110 secs] [Times: user=0.06 sys=0.00, real=0.01 secs] 
2014-07-16T14:45:54.548+0000: 2564.735: [GC [PSYoungGen: 897856K->466K(862976K)] 1161054K->263768K(1549952K), 0.0063280 secs] [Times: user=0.01 sys=0.00, real=0.01 secs] 
2014-07-16T14:45:56.416+0000: 2566.603: [GC [PSYoungGen: 862930K->946K(830272K)] 1126232K->264344K(1517248K), 0.0223790 secs] [Times: user=0.08 sys=0.00, real=0.03 secs] 
2014-07-16T14:45:58.024+0000: 2568.211: [GC [PSYoungGen: 830258K->480K(798208K)] 1093656K->264110K(1485184K), 0.0121030 secs] [Times: user=0.05 sys=0.00, real=0.01 secs] 
2014-07-16T14:45:59.657+0000: 2569.845: [GC [PSYoungGen: 798176K->872K(958144K)] 1061806K->264630K(1645120K), 0.0277530 secs] [Times: user=0.10 sys=0.00, real=0.03 secs] 
2014-07-16T14:46:01.699+0000: 2571.886: [GC [PSYoungGen: 958120K->544K(920128K)] 1221878K->264406K(1607104K), 0.0066960 secs] [Times: user=0.02 sys=0.00, real=0.01 secs] 
2014-07-16T14:46:03.533+0000: 2573.720: [GC [PSYoungGen: 920096K->786K(884480K)] 1183958K->264816K(1571456K), 0.0109640 secs] [Times: user=0.04 sys=0.01, real=0.01 secs] 
2014-07-16T14:46:05.388+0000: 2575.575: [GC [PSYoungGen: 884434K->562K(850048K)] 1148464K->264688K(1537024K), 0.0173820 secs] [Times: user=0.06 sys=0.00, real=0.02 secs] 
2014-07-16T14:46:07.109+0000: 2577.296: [GC [PSYoungGen: 850034K->690K(817600K)] 1114160K->264992K(1504576K), 0.0055210 secs] [Times: user=0.02 sys=0.01, real=0.01 secs] 
2014-07-16T14:46:08.748+0000: 2578.935: [GC [PSYoungGen: 817586K->484K(786368K)] 1081888K->264914K(1473344K), 0.0114240 secs] [Times: user=0.04 sys=0.01, real=0.01 secs] 
2014-07-16T14:46:10.529+0000: 2580.717: [GC [PSYoungGen: 786324K->1170K(757504K)] 1050754K->265712K(1444480K), 0.0197180 secs] [Times: user=0.07 sys=0.00, real=0.02 secs] 
2014-07-16T14:46:11.973+0000: 2582.160: [GC [PSYoungGen: 757458K->338K(728512K)] 1022000K->265064K(1415488K), 0.0129430 secs] [Times: user=0.05 sys=0.00, real=0.01 secs] 
2014-07-16T14:46:13.401+0000: 2583.588: [GC [PSYoungGen: 728466K->786K(702080K)] 993192K->265584K(1389056K), 0.0200370 secs] [Times: user=0.07 sys=0.00, real=0.02 secs] 
2014-07-16T14:46:14.784+0000: 2584.971: [GC [PSYoungGen: 702034K->480K(676160K)] 966832K->265366K(1363136K), 0.0109640 secs] [Times: user=0.02 sys=0.00, real=0.01 secs] 
2014-07-16T14:46:16.219+0000: 2586.407: [GC [PSYoungGen: 676128K->964K(811840K)] 941014K->265938K(1498816K), 0.0237350 secs] [Times: user=0.09 sys=0.00, real=0.03 secs] 
2014-07-16T14:46:17.987+0000: 2588.174: [GC [PSYoungGen: 811780K->566K(973568K)] 1076754K->265724K(1660544K), 0.0232810 secs] [Times: user=0.09 sys=0.00, real=0.02 secs] 
2014-07-16T14:46:19.975+0000: 2590.162: [GC [PSYoungGen: 973558K->640K(935232K)] 1238716K->265958K(1622208K), 0.0085110 secs] [Times: user=0.02 sys=0.00, real=0.01 secs] 
2014-07-16T14:46:21.955+0000: 2592.142: [GC [PSYoungGen: 935232K->562K(898560K)] 1200550K->266016K(1585536K), 0.0145010 secs] [Times: user=0.06 sys=0.00, real=0.01 secs] 
2014-07-16T14:46:23.767+0000: 2593.955: [GC [PSYoungGen: 898510K->452K(863616K)] 1163964K->266066K(1550592K), 0.0080630 secs] [Times: user=0.02 sys=0.00, real=0.01 secs] 
2014-07-16T14:46:25.552+0000: 2595.739: [GC [PSYoungGen: 863551K->690K(1036480K)] 1129165K->266408K(1723456K), 0.0346640 secs] [Times: user=0.13 sys=0.00, real=0.04 secs] 
2014-07-16T14:46:27.629+0000: 2597.816: [GC [PSYoungGen: 1036466K->608K(995008K)] 1302184K->266502K(1681984K), 0.0091210 secs] [Times: user=0.03 sys=0.00, real=0.01 secs] 
2014-07-16T14:46:29.738+0000: 2599.926: [GC [PSYoungGen: 994976K->790K(955776K)] 1260870K->266844K(1642752K), 0.0044280 secs] [Times: user=0.02 sys=0.00, real=0.00 secs] 
2014-07-16T14:46:31.764+0000: 2601.952: [GC [PSYoungGen: 955734K->658K(918080K)] 1221788K->266864K(1605056K), 0.0141940 secs] [Times: user=0.05 sys=0.00, real=0.01 secs] 
2014-07-16T14:46:33.689+0000: 2603.877: [GC [PSYoungGen: 918026K->466K(882112K)] 1184232K->266840K(1569088K), 0.0107170 secs] [Times: user=0.04 sys=0.00, real=0.01 secs] 
2014-07-16T14:46:35.673+0000: 2605.861: [GC [PSYoungGen: 882066K->772K(848384K)] 1148440K->267274K(1535360K), 0.0061180 secs] [Times: user=0.01 sys=0.00, real=0.01 secs] 
2014-07-16T14:46:37.426+0000: 2607.614: [GC [PSYoungGen: 848324K->722K(815872K)] 1114826K->267448K(1502848K), 0.0071010 secs] [Times: user=0.02 sys=0.00, real=0.00 secs] 
2014-07-16T14:46:39.059+0000: 2609.246: [GC [PSYoungGen: 815826K->658K(784896K)] 1082552K->267544K(1471872K), 0.0055360 secs] [Times: user=0.02 sys=0.00, real=0.00 secs] 
2014-07-16T14:46:40.790+0000: 2610.978: [GC [PSYoungGen: 784850K->576K(755264K)] 1051736K->267590K(1442240K), 0.0275220 secs] [Times: user=0.10 sys=0.00, real=0.03 secs] 
2014-07-16T14:46:42.433+0000: 2612.621: [GC [PSYoungGen: 755264K->566K(727168K)] 1022278K->267748K(1414144K), 0.0069490 secs] [Times: user=0.02 sys=0.00, real=0.01 secs] 
2014-07-16T14:46:43.829+0000: 2614.016: [GC [PSYoungGen: 727158K->644K(700480K)] 994340K->267954K(1387456K), 0.0163870 secs] [Times: user=0.05 sys=0.00, real=0.01 secs] 
2014-07-16T14:46:45.169+0000: 2615.357: [GC [PSYoungGen: 700420K->530K(674816K)] 967730K->267920K(1361792K), 0.0130790 secs] [Times: user=0.05 sys=0.00, real=0.01 secs] 
2014-07-16T14:46:46.548+0000: 2616.736: [GC [PSYoungGen: 674770K->576K(650432K)] 942160K->268078K(1337408K), 0.0062960 secs] [Times: user=0.02 sys=0.00, real=0.00 secs] 
2014-07-16T14:46:47.841+0000: 2618.028: [GC [PSYoungGen: 650432K->402K(627072K)] 917934K->268048K(1314048K), 0.0049680 secs] [Times: user=0.01 sys=0.00, real=0.00 secs] 
2014-07-16T14:46:49.065+0000: 2619.252: [GC [PSYoungGen: 627026K->950K(605440K)] 894672K->268836K(1292416K), 0.0098240 secs] [Times: user=0.02 sys=0.00, real=0.01 secs] 
2014-07-16T14:46:50.275+0000: 2620.462: [GC [PSYoungGen: 605430K->758K(726144K)] 873316K->268716K(1413120K), 0.0380540 secs] [Times: user=0.14 sys=0.00, real=0.04 secs] 
2014-07-16T14:46:51.834+0000: 2622.021: [GC [PSYoungGen: 726134K->640K(871104K)] 994092K->268918K(1558080K), 0.0177270 secs] [Times: user=0.07 sys=0.00, real=0.02 secs] 
2014-07-16T14:46:53.653+0000: 2623.840: [GC [PSYoungGen: 871104K->530K(1045184K)] 1139382K->268936K(1732160K), 0.0337310 secs] [Times: user=0.12 sys=0.01, real=0.03 secs] 
2014-07-16T14:46:55.953+0000: 2626.141: [GC [PSYoungGen: 1045106K->822K(1254400K)] 1313513K->269396K(1941376K), 0.0186730 secs] [Times: user=0.06 sys=0.00, real=0.02 secs] 
2014-07-16T14:46:58.527+0000: 2628.714: [GC [PSYoungGen: 1254358K->612K(1504960K)] 1522933K->269410K(2191936K), 0.0154230 secs] [Times: user=0.05 sys=0.00, real=0.02 secs] 
2014-07-16T14:47:01.565+0000: 2631.752: [GC [PSYoungGen: 1504855K->726K(1635520K)] 1773654K->269732K(2322496K), 0.0263280 secs] [Times: user=0.09 sys=0.00, real=0.03 secs] 
2014-07-16T14:47:04.889+0000: 2635.076: [GC [PSYoungGen: 1635350K->516K(1564608K)] 1904356K->269714K(2251584K), 0.0113030 secs] [Times: user=0.04 sys=0.00, real=0.01 secs] 
2014-07-16T14:47:08.102+0000: 2638.289: [GC [PSYoungGen: 1564548K->566K(1497472K)] 1833746K->270436K(2184448K), 0.0220600 secs] [Times: user=0.08 sys=0.00, real=0.02 secs] 
2014-07-16T14:47:11.263+0000: 2641.450: [GC [PSYoungGen: 1497462K->836K(1433984K)] 1767332K->270962K(2120960K), 0.0092650 secs] [Times: user=0.03 sys=0.00, real=0.01 secs] 
2014-07-16T14:47:14.346+0000: 2644.534: [GC [PSYoungGen: 1433877K->822K(1373248K)] 1704004K->271292K(2060224K), 0.0085700 secs] [Times: user=0.02 sys=0.00, real=0.01 secs] 
2014-07-16T14:47:17.358+0000: 2647.545: [GC [PSYoungGen: 1373238K->804K(1315520K)] 1643708K->271490K(2002496K), 0.0164430 secs] [Times: user=0.06 sys=0.00, real=0.02 secs] 
2014-07-16T14:47:19.993+0000: 2650.181: [GC [PSYoungGen: 1315492K->754K(1260544K)] 1586178K->271752K(1947520K), 0.0191550 secs] [Times: user=0.07 sys=0.00, real=0.02 secs] 
2014-07-16T14:47:22.772+0000: 2652.959: [GC [PSYoungGen: 1260529K->1032K(1208576K)] 1531527K->272182K(1895552K), 0.0094910 secs] [Times: user=0.03 sys=0.00, real=0.00 secs] 
2014-07-16T14:47:25.384+0000: 2655.571: [GC [PSYoungGen: 1208520K->484K(1158272K)] 1479670K->272378K(1845248K), 0.0083580 secs] [Times: user=0.02 sys=0.00, real=0.01 secs] 
2014-07-16T14:47:27.751+0000: 2657.938: [GC [PSYoungGen: 1158244K->754K(1111232K)] 1430138K->272864K(1798208K), 0.0100540 secs] [Times: user=0.03 sys=0.00, real=0.01 secs] 
2014-07-16T14:47:29.911+0000: 2660.099: [GC [PSYoungGen: 1111218K->384K(1065792K)] 1383328K->272790K(1752768K), 0.0091370 secs] [Times: user=0.02 sys=0.00, real=0.01 secs] 
2014-07-16T14:47:32.202+0000: 2662.389: [GC [PSYoungGen: 1065727K->704K(1023232K)] 1338133K->273230K(1710208K), 0.0058910 secs] [Times: user=0.02 sys=0.00, real=0.01 secs] 
2014-07-16T14:47:34.216+0000: 2664.403: [GC [PSYoungGen: 1023232K->640K(982336K)] 1295758K->273342K(1669312K), 0.0256180 secs] [Times: user=0.09 sys=0.00, real=0.02 secs] 
2014-07-16T14:47:36.314+0000: 2666.501: [GC [PSYoungGen: 982336K->544K(943424K)] 1255038K->273350K(1630400K), 0.0115630 secs] [Times: user=0.04 sys=0.00, real=0.02 secs] 
2014-07-16T14:47:38.158+0000: 2668.345: [GC [PSYoungGen: 943391K->630K(906496K)] 1216197K->273668K(1593472K), 0.0188490 secs] [Times: user=0.07 sys=0.00, real=0.02 secs] 
2014-07-16T14:47:39.924+0000: 2670.111: [GC [PSYoungGen: 906486K->580K(871296K)] 1179524K->273746K(1558272K), 0.0258870 secs] [Times: user=0.09 sys=0.00, real=0.03 secs] 
2014-07-16T14:47:41.829+0000: 2672.017: [GC [PSYoungGen: 871236K->1160K(838336K)] 1144402K->274438K(1525312K), 0.0102150 secs] [Times: user=0.04 sys=0.00, real=0.01 secs] 
2014-07-16T14:47:43.533+0000: 2673.720: [GC [PSYoungGen: 838280K->658K(805824K)] 1111558K->274120K(1492800K), 0.0215060 secs] [Times: user=0.08 sys=0.00, real=0.02 secs] 
2014-07-16T14:47:45.176+0000: 2675.363: [GC [PSYoungGen: 805778K->612K(775296K)] 1079240K->274194K(1462272K), 0.0070190 secs] [Times: user=0.02 sys=0.00, real=0.00 secs] 
2014-07-16T14:47:46.934+0000: 2677.121: [GC [PSYoungGen: 775256K->726K(746368K)] 1048839K->274460K(1433344K), 0.0132380 secs] [Times: user=0.04 sys=0.00, real=0.02 secs] 
2014-07-16T14:47:48.433+0000: 2678.620: [GC [PSYoungGen: 746231K->662K(895424K)] 1019966K->274596K(1582400K), 0.0305270 secs] [Times: user=0.11 sys=0.00, real=0.03 secs] 
2014-07-16T14:47:50.205+0000: 2680.392: [GC [PSYoungGen: 895382K->498K(1074176K)] 1169316K->274552K(1761152K), 0.0188540 secs] [Times: user=0.07 sys=0.00, real=0.02 secs] 
2014-07-16T14:47:52.389+0000: 2682.577: [GC [PSYoungGen: 1074162K->466K(1288960K)] 1348216K->274640K(1975936K), 0.0211790 secs] [Times: user=0.09 sys=0.00, real=0.02 secs] 
2014-07-16T14:47:55.082+0000: 2685.269: [GC [PSYoungGen: 1288914K->676K(1235520K)] 1563088K->274994K(1922496K), 0.0202870 secs] [Times: user=0.08 sys=0.00, real=0.02 secs] 
2014-07-16T14:47:57.866+0000: 2688.053: [GC [PSYoungGen: 1235492K->768K(1184512K)] 1509810K->275326K(1871488K), 0.0088340 secs] [Times: user=0.03 sys=0.00, real=0.01 secs] 
2014-07-16T14:48:00.307+0000: 2690.494: [GC [PSYoungGen: 1184512K->740K(1135936K)] 1459070K->275578K(1822912K), 0.0060790 secs] [Times: user=0.02 sys=0.00, real=0.00 secs] 
2014-07-16T14:48:02.767+0000: 2692.955: [GC [PSYoungGen: 1135872K->662K(1089664K)] 1410711K->275660K(1776640K), 0.0181890 secs] [Times: user=0.07 sys=0.00, real=0.02 secs] 
2014-07-16T14:48:05.002+0000: 2695.189: [GC [PSYoungGen: 1089592K->800K(1045824K)] 1364590K->275974K(1732800K), 0.0054870 secs] [Times: user=0.01 sys=0.00, real=0.00 secs] 
2014-07-16T14:48:07.236+0000: 2697.423: [GC [PSYoungGen: 1045765K->676K(1003840K)] 1320940K->276042K(1690816K), 0.0280390 secs] [Times: user=0.10 sys=0.00, real=0.03 secs] 
2014-07-16T14:48:09.204+0000: 2699.391: [GC [PSYoungGen: 1003812K->914K(964224K)] 1279178K->276504K(1651200K), 0.0106960 secs] [Times: user=0.03 sys=0.01, real=0.01 secs] 
2014-07-16T14:48:11.120+0000: 2701.308: [GC [PSYoungGen: 964178K->466K(925824K)] 1239768K->276176K(1612800K), 0.0053860 secs] [Times: user=0.02 sys=0.00, real=0.00 secs] 
2014-07-16T14:48:13.069+0000: 2703.256: [GC [PSYoungGen: 925778K->772K(889984K)] 1201488K->276610K(1576960K), 0.0051770 secs] [Times: user=0.02 sys=0.00, real=0.01 secs] 
2014-07-16T14:48:14.827+0000: 2705.014: [GC [PSYoungGen: 889924K->704K(855424K)] 1165762K->276686K(1542400K), 0.0069530 secs] [Times: user=0.02 sys=0.00, real=0.01 secs] 
2014-07-16T14:48:16.736+0000: 2706.923: [GC [PSYoungGen: 855424K->1088K(822976K)] 1131406K->277230K(1509952K), 0.0062580 secs] [Times: user=0.02 sys=0.00, real=0.01 secs] 
2014-07-16T14:48:18.537+0000: 2708.724: [GC [PSYoungGen: 822976K->448K(791104K)] 1099118K->276822K(1478080K), 0.0072220 secs] [Times: user=0.02 sys=0.00, real=0.01 secs] 
2014-07-16T14:48:20.134+0000: 2710.321: [GC [PSYoungGen: 791104K->740K(761664K)] 1067478K->277298K(1448640K), 0.0112660 secs] [Times: user=0.03 sys=0.00, real=0.01 secs] 
2014-07-16T14:48:21.749+0000: 2711.936: [GC [PSYoungGen: 761594K->662K(733184K)] 1038152K->277348K(1420160K), 0.0071190 secs] [Times: user=0.02 sys=0.00, real=0.01 secs] 
2014-07-16T14:48:23.304+0000: 2713.491: [GC [PSYoungGen: 733142K->580K(706048K)] 1009828K->277386K(1393024K), 0.0053180 secs] [Times: user=0.01 sys=0.00, real=0.00 secs] 
2014-07-16T14:48:24.778+0000: 2714.965: [GC [PSYoungGen: 705988K->854K(680512K)] 982794K->277780K(1367488K), 0.0261480 secs] [Times: user=0.10 sys=0.00, real=0.03 secs] 
2014-07-16T14:48:26.251+0000: 2716.438: [GC [PSYoungGen: 680388K->1068K(656128K)] 957315K->278074K(1343104K), 0.0077310 secs] [Times: user=0.02 sys=0.00, real=0.01 secs] 
2014-07-16T14:48:27.803+0000: 2717.990: [GC [PSYoungGen: 656087K->370K(786432K)] 933093K->277746K(1473408K), 0.0350220 secs] [Times: user=0.13 sys=0.00, real=0.03 secs] 
2014-07-16T14:48:29.511+0000: 2719.699: [GC [PSYoungGen: 786411K->868K(757376K)] 1063788K->278404K(1444352K), 0.0061760 secs] [Times: user=0.02 sys=0.00, real=0.01 secs] 
2014-07-16T14:48:31.166+0000: 2721.354: [GC [PSYoungGen: 757348K->562K(728896K)] 1034884K->278242K(1415872K), 0.0101390 secs] [Times: user=0.03 sys=0.00, real=0.01 secs] 
2014-07-16T14:48:32.774+0000: 2722.961: [GC [PSYoungGen: 728882K->530K(702016K)] 1006562K->278346K(1388992K), 0.0051740 secs] [Times: user=0.02 sys=0.00, real=0.00 secs] 
2014-07-16T14:48:34.232+0000: 2724.420: [GC [PSYoungGen: 701970K->914K(676800K)] 979786K->278850K(1363776K), 0.0283680 secs] [Times: user=0.11 sys=0.00, real=0.02 secs] 
2014-07-16T14:48:35.617+0000: 2725.805: [GC [PSYoungGen: 676754K->926K(652352K)] 954690K->278958K(1339328K), 0.0089140 secs] [Times: user=0.02 sys=0.00, real=0.01 secs] 
2014-07-16T14:48:36.970+0000: 2727.157: [GC [PSYoungGen: 652318K->548K(628672K)] 930350K->278820K(1315648K), 0.0126500 secs] [Times: user=0.05 sys=0.00, real=0.01 secs] 
2014-07-16T14:48:38.445+0000: 2728.633: [GC [PSYoungGen: 628644K->704K(754432K)] 906916K->279088K(1441408K), 0.0284580 secs] [Times: user=0.11 sys=0.00, real=0.03 secs] 
2014-07-16T14:48:39.961+0000: 2730.148: [GC [PSYoungGen: 754432K->480K(726208K)] 1032816K->279032K(1413184K), 0.0064250 secs] [Times: user=0.02 sys=0.00, real=0.01 secs] 
2014-07-16T14:48:41.585+0000: 2731.772: [GC [PSYoungGen: 726176K->594K(699584K)] 1004728K->279250K(1386560K), 0.0105730 secs] [Times: user=0.03 sys=0.00, real=0.01 secs] 
2014-07-16T14:48:43.212+0000: 2733.399: [GC [PSYoungGen: 699538K->434K(673920K)] 978194K->279202K(1360896K), 0.0124490 secs] [Times: user=0.04 sys=0.00, real=0.02 secs] 
2014-07-16T14:48:44.695+0000: 2734.882: [GC [PSYoungGen: 673906K->484K(649664K)] 952674K->279380K(1336640K), 0.0164010 secs] [Times: user=0.06 sys=0.00, real=0.01 secs] 
2014-07-16T14:48:46.141+0000: 2736.329: [GC [PSYoungGen: 649636K->740K(626688K)] 928532K->279732K(1313664K), 0.0074800 secs] [Times: user=0.01 sys=0.00, real=0.01 secs] 
2014-07-16T14:48:47.593+0000: 2737.781: [GC [PSYoungGen: 626660K->1010K(752128K)] 905652K->280162K(1439104K), 0.0377580 secs] [Times: user=0.13 sys=0.00, real=0.04 secs] 
2014-07-16T14:48:49.258+0000: 2739.445: [GC [PSYoungGen: 752114K->384K(901760K)] 1031266K->279664K(1588736K), 0.0105650 secs] [Times: user=0.03 sys=0.00, real=0.01 secs] 
2014-07-16T14:48:51.243+0000: 2741.430: [GC [PSYoungGen: 901760K->256K(866624K)] 1181040K->279624K(1553600K), 0.0062220 secs] [Times: user=0.02 sys=0.00, real=0.01 secs] 
2014-07-16T14:48:53.235+0000: 2743.422: [GC [PSYoungGen: 866624K->758K(833792K)] 1145992K->280254K(1520768K), 0.0163430 secs] [Times: user=0.05 sys=0.00, real=0.02 secs] 
2014-07-16T14:48:55.052+0000: 2745.239: [GC [PSYoungGen: 833782K->676K(801920K)] 1113278K->280292K(1488896K), 0.0061470 secs] [Times: user=0.01 sys=0.00, real=0.01 secs] 
2014-07-16T14:48:56.802+0000: 2746.990: [GC [PSYoungGen: 801830K->402K(771392K)] 1081447K->280122K(1458368K), 0.0104220 secs] [Times: user=0.02 sys=0.00, real=0.01 secs] 
2014-07-16T14:48:58.649+0000: 2748.836: [GC [PSYoungGen: 771346K->608K(742720K)] 1051066K->280472K(1429696K), 0.0160300 secs] [Times: user=0.06 sys=0.00, real=0.01 secs] 
2014-07-16T14:49:00.267+0000: 2750.454: [GC [PSYoungGen: 742688K->452K(715072K)] 1022552K->280476K(1402048K), 0.0138520 secs] [Times: user=0.05 sys=0.00, real=0.01 secs] 
2014-07-16T14:49:01.850+0000: 2752.037: [GC [PSYoungGen: 715012K->484K(688832K)] 995036K->280572K(1375808K), 0.0048930 secs] [Times: user=0.01 sys=0.00, real=0.00 secs] 
2014-07-16T14:49:03.414+0000: 2753.601: [GC [PSYoungGen: 688770K->338K(663680K)] 968859K->280498K(1350656K), 0.0264080 secs] [Times: user=0.09 sys=0.00, real=0.03 secs] 
2014-07-16T14:49:04.900+0000: 2755.088: [GC [PSYoungGen: 663628K->594K(796608K)] 943788K->280890K(1483584K), 0.0247300 secs] [Times: user=0.09 sys=0.00, real=0.02 secs] 
2014-07-16T14:49:06.652+0000: 2756.839: [GC [PSYoungGen: 796562K->352K(766336K)] 1076858K->280744K(1453312K), 0.0050160 secs] [Times: user=0.02 sys=0.01, real=0.00 secs] 
2014-07-16T14:49:08.407+0000: 2758.594: [GC [PSYoungGen: 766221K->498K(737856K)] 1046613K->281034K(1424832K), 0.0148050 secs] [Times: user=0.06 sys=0.00, real=0.02 secs] 
2014-07-16T14:49:10.108+0000: 2760.296: [GC [PSYoungGen: 737842K->384K(885248K)] 1018378K->281056K(1572224K), 0.0254850 secs] [Times: user=0.09 sys=0.00, real=0.02 secs] 
2014-07-16T14:49:12.066+0000: 2762.253: [GC [PSYoungGen: 885248K->306K(850944K)] 1165920K->281114K(1537920K), 0.0067720 secs] [Times: user=0.02 sys=0.00, real=0.01 secs] 
2014-07-16T14:49:13.978+0000: 2764.166: [GC [PSYoungGen: 850930K->712K(818752K)] 1131738K->281616K(1505728K), 0.0050890 secs] [Times: user=0.01 sys=0.00, real=0.00 secs] 
2014-07-16T14:49:15.772+0000: 2765.959: [GC [PSYoungGen: 818696K->544K(787520K)] 1099600K->281560K(1474496K), 0.0206520 secs] [Times: user=0.08 sys=0.00, real=0.02 secs] 
2014-07-16T14:49:17.510+0000: 2767.697: [GC [PSYoungGen: 787442K->370K(757696K)] 1068459K->281514K(1444672K), 0.0270230 secs] [Times: user=0.10 sys=0.00, real=0.02 secs] 
2014-07-16T14:49:19.203+0000: 2769.390: [GC [PSYoungGen: 757682K->708K(729856K)] 1038826K->281988K(1416832K), 0.0046800 secs] [Times: user=0.02 sys=0.00, real=0.00 secs] 
2014-07-16T14:49:20.886+0000: 2771.073: [GC [PSYoungGen: 729794K->626K(702848K)] 1011075K->282002K(1389824K), 0.0212070 secs] [Times: user=0.08 sys=0.00, real=0.02 secs] 
2014-07-16T14:49:22.416+0000: 2772.603: [GC [PSYoungGen: 702834K->338K(676928K)] 984210K->281866K(1363904K), 0.0066600 secs] [Times: user=0.01 sys=0.00, real=0.01 secs] 
2014-07-16T14:49:23.921+0000: 2774.108: [GC [PSYoungGen: 676882K->580K(652736K)] 958410K->282180K(1339712K), 0.0103850 secs] [Times: user=0.04 sys=0.00, real=0.01 secs] 
2014-07-16T14:49:25.358+0000: 2775.545: [GC [PSYoungGen: 652670K->384K(782912K)] 934270K->282088K(1469888K), 0.0256640 secs] [Times: user=0.10 sys=0.00, real=0.03 secs] 
2014-07-16T14:49:27.118+0000: 2777.305: [GC [PSYoungGen: 782912K->466K(753664K)] 1064616K->282282K(1440640K), 0.0059850 secs] [Times: user=0.02 sys=0.00, real=0.01 secs] 
2014-07-16T14:49:28.828+0000: 2779.015: [GC [PSYoungGen: 753618K->452K(725632K)] 1035434K->282396K(1412608K), 0.0101410 secs] [Times: user=0.02 sys=0.00, real=0.01 secs] 
2014-07-16T14:49:30.470+0000: 2780.657: [GC [PSYoungGen: 725572K->498K(698944K)] 1007516K->282586K(1385920K), 0.0108290 secs] [Times: user=0.03 sys=0.00, real=0.01 secs] 
2014-07-16T14:49:32.055+0000: 2782.243: [GC [PSYoungGen: 698930K->608K(673600K)] 981018K->282800K(1360576K), 0.0283250 secs] [Times: user=0.10 sys=0.00, real=0.03 secs] 
2014-07-16T14:49:33.548+0000: 2783.736: [GC [PSYoungGen: 673568K->548K(649216K)] 955760K->282964K(1336192K), 0.0113750 secs] [Times: user=0.03 sys=0.00, real=0.01 secs] 
2014-07-16T14:49:34.974+0000: 2785.162: [GC [PSYoungGen: 649188K->498K(625984K)] 931604K->283010K(1312960K), 0.0127100 secs] [Times: user=0.05 sys=0.00, real=0.01 secs] 
2014-07-16T14:49:36.424+0000: 2786.611: [GC [PSYoungGen: 625970K->754K(604096K)] 908482K->283354K(1291072K), 0.0147290 secs] [Times: user=0.05 sys=0.00, real=0.01 secs] 
2014-07-16T14:49:37.719+0000: 2787.906: [GC [PSYoungGen: 604081K->612K(582848K)] 886681K->283372K(1269824K), 0.0056900 secs] [Times: user=0.01 sys=0.01, real=0.01 secs] 
2014-07-16T14:49:39.026+0000: 2789.213: [GC [PSYoungGen: 582820K->502K(562560K)] 865580K->283350K(1249536K), 0.0104780 secs] [Times: user=0.02 sys=0.00, real=0.01 secs] 
2014-07-16T14:49:40.246+0000: 2790.434: [GC [PSYoungGen: 562550K->356K(543168K)] 845398K->283268K(1230144K), 0.0183250 secs] [Times: user=0.06 sys=0.00, real=0.02 secs] 
2014-07-16T14:49:41.443+0000: 2791.630: [GC [PSYoungGen: 543140K->384K(524800K)] 826052K->283344K(1211776K), 0.0058150 secs] [Times: user=0.02 sys=0.00, real=0.01 secs] 
2014-07-16T14:49:42.602+0000: 2792.789: [GC [PSYoungGen: 524800K->324K(507264K)] 807760K->283364K(1194240K), 0.0137390 secs] [Times: user=0.05 sys=0.00, real=0.02 secs] 
2014-07-16T14:49:43.737+0000: 2793.924: [GC [PSYoungGen: 507199K->658K(490816K)] 790239K->283754K(1177792K), 0.0101480 secs] [Times: user=0.04 sys=0.00, real=0.01 secs] 
2014-07-16T14:49:44.819+0000: 2795.007: [GC [PSYoungGen: 490770K->562K(474688K)] 773866K->283770K(1161664K), 0.0133380 secs] [Times: user=0.04 sys=0.00, real=0.01 secs] 
2014-07-16T14:49:45.864+0000: 2796.051: [GC [PSYoungGen: 474674K->562K(569536K)] 757882K->283826K(1256512K), 0.0220100 secs] [Times: user=0.08 sys=0.00, real=0.02 secs] 
2014-07-16T14:49:47.099+0000: 2797.286: [GC [PSYoungGen: 569522K->420K(683200K)] 852786K->283788K(1370176K), 0.0212560 secs] [Times: user=0.08 sys=0.00, real=0.02 secs] 
2014-07-16T14:49:48.594+0000: 2798.781: [GC [PSYoungGen: 683172K->452K(819840K)] 966540K->283900K(1506816K), 0.0049380 secs] [Times: user=0.01 sys=0.00, real=0.01 secs] 
2014-07-16T14:49:50.408+0000: 2800.596: [GC [PSYoungGen: 819780K->402K(983680K)] 1103228K->283962K(1670656K), 0.0189610 secs] [Times: user=0.07 sys=0.01, real=0.02 secs] 
2014-07-16T14:49:52.629+0000: 2802.816: [GC [PSYoungGen: 983634K->768K(1180672K)] 1267194K->284472K(1867648K), 0.0257490 secs] [Times: user=0.09 sys=0.00, real=0.03 secs] 
2014-07-16T14:49:55.215+0000: 2805.403: [GC [PSYoungGen: 1180581K->644K(1132224K)] 1464285K->284476K(1819200K), 0.0072540 secs] [Times: user=0.02 sys=0.00, real=0.00 secs] 
2014-07-16T14:49:57.706+0000: 2807.894: [GC [PSYoungGen: 1132164K->370K(1085824K)] 1415996K->284722K(1772800K), 0.0198790 secs] [Times: user=0.06 sys=0.01, real=0.02 secs] 
2014-07-16T14:50:00.166+0000: 2810.353: [GC [PSYoungGen: 1085810K->900K(1042560K)] 1370162K->285404K(1729536K), 0.0183040 secs] [Times: user=0.05 sys=0.00, real=0.01 secs] 
2014-07-16T14:50:02.427+0000: 2812.614: [GC [PSYoungGen: 1042500K->256K(1000128K)] 1327004K->285016K(1687104K), 0.0165080 secs] [Times: user=0.06 sys=0.00, real=0.01 secs] 
2014-07-16T14:50:04.730+0000: 2814.917: [GC [PSYoungGen: 1000128K->416K(960576K)] 1284888K->285296K(1647552K), 0.0095430 secs] [Times: user=0.03 sys=0.00, real=0.01 secs] 
2014-07-16T14:50:06.862+0000: 2817.049: [GC [PSYoungGen: 960544K->584K(922944K)] 1245424K->285616K(1609920K), 0.0209250 secs] [Times: user=0.08 sys=0.00, real=0.02 secs] 
2014-07-16T14:50:08.940+0000: 2819.128: [GC [PSYoungGen: 922888K->416K(886720K)] 1207920K->285632K(1573696K), 0.0220870 secs] [Times: user=0.08 sys=0.00, real=0.02 secs] 
2014-07-16T14:50:10.893+0000: 2821.080: [GC [PSYoungGen: 886688K->416K(852416K)] 1171904K->285784K(1539392K), 0.0075150 secs] [Times: user=0.02 sys=0.00, real=0.01 secs] 
2014-07-16T14:50:12.799+0000: 2822.986: [GC [PSYoungGen: 852384K->548K(819840K)] 1137752K->286028K(1506816K), 0.0085120 secs] [Times: user=0.01 sys=0.00, real=0.01 secs] 
2014-07-16T14:50:14.714+0000: 2824.901: [GC [PSYoungGen: 819812K->434K(788608K)] 1105292K->286018K(1475584K), 0.0081500 secs] [Times: user=0.01 sys=0.00, real=0.01 secs] 
2014-07-16T14:50:16.449+0000: 2826.636: [GC [PSYoungGen: 788594K->416K(758912K)] 1074178K->286152K(1445888K), 0.0133660 secs] [Times: user=0.04 sys=0.01, real=0.01 secs] 
2014-07-16T14:50:18.108+0000: 2828.295: [GC [PSYoungGen: 758880K->320K(730496K)] 1044616K->286200K(1417472K), 0.0134610 secs] [Times: user=0.05 sys=0.00, real=0.02 secs] 
2014-07-16T14:50:19.779+0000: 2829.966: [GC [PSYoungGen: 730496K->416K(703680K)] 1016376K->286400K(1390656K), 0.0174310 secs] [Times: user=0.06 sys=0.00, real=0.01 secs] 
2014-07-16T14:50:21.326+0000: 2831.514: [GC [PSYoungGen: 703648K->712K(678272K)] 989632K->286776K(1365248K), 0.0061940 secs] [Times: user=0.02 sys=0.00, real=0.01 secs] 
2014-07-16T14:50:22.827+0000: 2833.015: [GC [PSYoungGen: 678216K->594K(653632K)] 964280K->286722K(1340608K), 0.0092660 secs] [Times: user=0.02 sys=0.00, real=0.01 secs] 
2014-07-16T14:50:24.429+0000: 2834.616: [GC [PSYoungGen: 653586K->530K(630208K)] 939714K->286730K(1317184K), 0.0269840 secs] [Times: user=0.09 sys=0.00, real=0.02 secs] 
2014-07-16T14:50:25.840+0000: 2836.028: [GC [PSYoungGen: 630162K->644K(608000K)] 916362K->286996K(1294976K), 0.0061070 secs] [Times: user=0.02 sys=0.00, real=0.00 secs] 
2014-07-16T14:50:27.151+0000: 2837.338: [GC [PSYoungGen: 607940K->480K(729280K)] 894292K->286992K(1416256K), 0.0233120 secs] [Times: user=0.08 sys=0.00, real=0.02 secs] 
2014-07-16T14:50:28.811+0000: 2838.998: [GC [PSYoungGen: 729248K->562K(875136K)] 1015760K->287170K(1562112K), 0.0200130 secs] [Times: user=0.07 sys=0.00, real=0.02 secs] 
2014-07-16T14:50:30.741+0000: 2840.929: [GC [PSYoungGen: 875122K->498K(841344K)] 1161730K->287218K(1528320K), 0.0037600 secs] [Times: user=0.01 sys=0.00, real=0.00 secs] 
2014-07-16T14:50:32.592+0000: 2842.779: [GC [PSYoungGen: 841330K->818K(809536K)] 1128050K->287826K(1496512K), 0.0060050 secs] [Times: user=0.03 sys=0.00, real=0.00 secs] 
2014-07-16T14:50:34.431+0000: 2844.618: [GC [PSYoungGen: 809522K->370K(778432K)] 1096530K->287474K(1465408K), 0.0285530 secs] [Times: user=0.11 sys=0.00, real=0.02 secs] 
2014-07-16T14:50:36.171+0000: 2846.359: [GC [PSYoungGen: 778335K->594K(749504K)] 1065440K->287874K(1436480K), 0.0150470 secs] [Times: user=0.04 sys=0.00, real=0.01 secs] 
2014-07-16T14:50:37.816+0000: 2848.003: [GC [PSYoungGen: 749458K->288K(899008K)] 1036738K->287736K(1585984K), 0.0243540 secs] [Times: user=0.10 sys=0.00, real=0.02 secs] 
2014-07-16T14:50:39.860+0000: 2850.047: [GC [PSYoungGen: 898931K->452K(864320K)] 1186379K->288004K(1551296K), 0.0165080 secs] [Times: user=0.06 sys=0.00, real=0.02 secs] 
2014-07-16T14:50:41.848+0000: 2852.036: [GC [PSYoungGen: 864260K->960K(831552K)] 1151812K->288656K(1518528K), 0.0197940 secs] [Times: user=0.06 sys=0.00, real=0.02 secs] 
2014-07-16T14:50:43.780+0000: 2853.967: [GC [PSYoungGen: 831552K->1088K(800000K)] 1119248K->288928K(1486976K), 0.0189980 secs] [Times: user=0.05 sys=0.00, real=0.02 secs] 
2014-07-16T14:50:45.585+0000: 2855.772: [GC [PSYoungGen: 800000K->320K(769088K)] 1087840K->288488K(1456064K), 0.0071570 secs] [Times: user=0.02 sys=0.00, real=0.01 secs] 
2014-07-16T14:50:47.283+0000: 2857.470: [GC [PSYoungGen: 769031K->758K(923328K)] 1057200K->289102K(1610304K), 0.0274860 secs] [Times: user=0.10 sys=0.00, real=0.03 secs] 
2014-07-16T14:50:49.336+0000: 2859.523: [GC [PSYoungGen: 923318K->352K(886912K)] 1211662K->288840K(1573888K), 0.0060060 secs] [Times: user=0.01 sys=0.00, real=0.00 secs] 
2014-07-16T14:50:51.260+0000: 2861.448: [GC [PSYoungGen: 886880K->256K(852480K)] 1175368K->288880K(1539456K), 0.0228620 secs] [Times: user=0.08 sys=0.00, real=0.03 secs] 
2014-07-16T14:50:53.174+0000: 2863.361: [GC [PSYoungGen: 852480K->434K(819968K)] 1141104K->289146K(1506944K), 0.0057760 secs] [Times: user=0.01 sys=0.00, real=0.01 secs] 
2014-07-16T14:50:55.012+0000: 2865.200: [GC [PSYoungGen: 819954K->740K(789120K)] 1108666K->289572K(1476096K), 0.0258580 secs] [Times: user=0.09 sys=0.00, real=0.03 secs] 
2014-07-16T14:50:56.799+0000: 2866.986: [GC [PSYoungGen: 789092K->452K(759168K)] 1077924K->289428K(1446144K), 0.0172240 secs] [Times: user=0.07 sys=0.00, real=0.02 secs] 
2014-07-16T14:50:58.495+0000: 2868.683: [GC [PSYoungGen: 759108K->608K(731008K)] 1048084K->289760K(1417984K), 0.0059120 secs] [Times: user=0.01 sys=0.00, real=0.00 secs] 
2014-07-16T14:51:00.124+0000: 2870.312: [GC [PSYoungGen: 730976K->1060K(704512K)] 1020128K->290348K(1391488K), 0.0087800 secs] [Times: user=0.02 sys=0.00, real=0.01 secs] 
2014-07-16T14:51:01.646+0000: 2871.834: [GC [PSYoungGen: 704464K->420K(678144K)] 993753K->289804K(1365120K), 0.0097710 secs] [Times: user=0.04 sys=0.00, real=0.01 secs] 
2014-07-16T14:51:03.146+0000: 2873.333: [GC [PSYoungGen: 678116K->352K(813632K)] 967500K->289832K(1500608K), 0.0317750 secs] [Times: user=0.12 sys=0.00, real=0.03 secs] 
2014-07-16T14:51:05.046+0000: 2875.233: [GC [PSYoungGen: 813575K->480K(976448K)] 1103055K->290040K(1663424K), 0.0209350 secs] [Times: user=0.08 sys=0.00, real=0.02 secs] 
2014-07-16T14:51:07.218+0000: 2877.405: [GC [PSYoungGen: 976416K->690K(1171840K)] 1265976K->290410K(1858816K), 0.0206820 secs] [Times: user=0.08 sys=0.00, real=0.02 secs] 
2014-07-16T14:51:09.826+0000: 2880.013: [GC [PSYoungGen: 1171826K->712K(1123968K)] 1461546K->290632K(1810944K), 0.0234110 secs] [Times: user=0.08 sys=0.00, real=0.03 secs] 
2014-07-16T14:51:12.304+0000: 2882.491: [GC [PSYoungGen: 1123848K->402K(1078016K)] 1413768K->290490K(1764992K), 0.0168210 secs] [Times: user=0.06 sys=0.00, real=0.02 secs] 
2014-07-16T14:51:14.736+0000: 2884.923: [GC [PSYoungGen: 1077970K->544K(1034688K)] 1368058K->290744K(1721664K), 0.0147940 secs] [Times: user=0.05 sys=0.00, real=0.02 secs] 
2014-07-16T14:51:17.021+0000: 2887.208: [GC [PSYoungGen: 1034656K->416K(993216K)] 1324856K->290768K(1680192K), 0.0232790 secs] [Times: user=0.09 sys=0.00, real=0.02 secs] 
2014-07-16T14:51:19.311+0000: 2889.498: [GC [PSYoungGen: 993184K->914K(954368K)] 1283536K->291482K(1641344K), 0.0063940 secs] [Times: user=0.02 sys=0.00, real=0.00 secs] 
2014-07-16T14:51:21.420+0000: 2891.607: [GC [PSYoungGen: 954322K->530K(916480K)] 1244890K->291250K(1603456K), 0.0295250 secs] [Times: user=0.11 sys=0.00, real=0.03 secs] 
2014-07-16T14:51:23.456+0000: 2893.643: [GC [PSYoungGen: 916434K->466K(880704K)] 1207154K->291338K(1567680K), 0.0097460 secs] [Times: user=0.03 sys=0.00, real=0.01 secs] 
2014-07-16T14:51:25.437+0000: 2895.624: [GC [PSYoungGen: 880658K->320K(846528K)] 1171530K->291280K(1533504K), 0.0111840 secs] [Times: user=0.01 sys=0.00, real=0.02 secs] 
2014-07-16T14:51:27.323+0000: 2897.510: [GC [PSYoungGen: 846528K->498K(814336K)] 1137488K->291626K(1501312K), 0.0098640 secs] [Times: user=0.03 sys=0.00, real=0.01 secs] 
2014-07-16T14:51:29.147+0000: 2899.334: [GC [PSYoungGen: 814322K->1010K(784000K)] 1105450K->292466K(1470976K), 0.0149010 secs] [Times: user=0.06 sys=0.00, real=0.02 secs] 
2014-07-16T14:51:30.956+0000: 2901.143: [GC [PSYoungGen: 783986K->658K(754240K)] 1075442K->292226K(1441216K), 0.0148760 secs] [Times: user=0.05 sys=0.00, real=0.02 secs] 
2014-07-16T14:51:32.615+0000: 2902.802: [GC [PSYoungGen: 754194K->288K(725824K)] 1045762K->292040K(1412800K), 0.0106410 secs] [Times: user=0.02 sys=0.00, real=0.01 secs] 
2014-07-16T14:51:34.223+0000: 2904.411: [GC [PSYoungGen: 725792K->388K(699200K)] 1017544K->292188K(1386176K), 0.0207880 secs] [Times: user=0.08 sys=0.01, real=0.02 secs] 
2014-07-16T14:51:35.822+0000: 2906.009: [GC [PSYoungGen: 699140K->384K(838912K)] 990940K->292272K(1525888K), 0.0282280 secs] [Times: user=0.10 sys=0.00, real=0.02 secs] 
2014-07-16T14:51:37.688+0000: 2907.876: [GC [PSYoungGen: 838848K->484K(806976K)] 1130737K->292508K(1493952K), 0.0084360 secs] [Times: user=0.02 sys=0.00, real=0.01 secs] 
2014-07-16T14:51:39.549+0000: 2909.736: [GC [PSYoungGen: 806948K->740K(776704K)] 1098972K->292900K(1463680K), 0.0063160 secs] [Times: user=0.01 sys=0.00, real=0.01 secs] 
2014-07-16T14:51:41.321+0000: 2911.509: [GC [PSYoungGen: 776676K->630K(747456K)] 1068836K->292934K(1434432K), 0.0084000 secs] [Times: user=0.02 sys=0.00, real=0.00 secs] 
2014-07-16T14:51:42.989+0000: 2913.176: [GC [PSYoungGen: 747446K->438K(719552K)] 1039750K->292870K(1406528K), 0.0050660 secs] [Times: user=0.01 sys=0.00, real=0.01 secs] 
2014-07-16T14:51:44.648+0000: 2914.836: [GC [PSYoungGen: 719542K->580K(693312K)] 1011974K->293108K(1380288K), 0.0114870 secs] [Times: user=0.04 sys=0.00, real=0.01 secs] 
2014-07-16T14:51:46.156+0000: 2916.343: [GC [PSYoungGen: 693176K->634K(668096K)] 985704K->293274K(1355072K), 0.0285270 secs] [Times: user=0.11 sys=0.00, real=0.03 secs] 
2014-07-16T14:51:47.642+0000: 2917.829: [GC [PSYoungGen: 668090K->676K(801664K)] 960730K->293452K(1488640K), 0.0251500 secs] [Times: user=0.08 sys=0.00, real=0.02 secs] 
2014-07-16T14:51:49.439+0000: 2919.627: [GC [PSYoungGen: 801636K->758K(771456K)] 1094412K->293934K(1458432K), 0.0086840 secs] [Times: user=0.01 sys=0.01, real=0.01 secs] 
2014-07-16T14:51:51.233+0000: 2921.420: [GC [PSYoungGen: 771446K->644K(742528K)] 1064622K->293924K(1429504K), 0.0181220 secs] [Times: user=0.06 sys=0.00, real=0.01 secs] 
2014-07-16T14:51:52.914+0000: 2923.101: [GC [PSYoungGen: 742468K->402K(890688K)] 1035748K->293882K(1577664K), 0.0254330 secs] [Times: user=0.10 sys=0.00, real=0.02 secs] 
2014-07-16T14:51:54.955+0000: 2925.143: [GC [PSYoungGen: 890642K->576K(856320K)] 1184122K->294184K(1543296K), 0.0099490 secs] [Times: user=0.02 sys=0.00, real=0.01 secs] 
2014-07-16T14:51:56.857+0000: 2927.044: [GC [PSYoungGen: 856320K->466K(823424K)] 1149928K->294226K(1510400K), 0.0223640 secs] [Times: user=0.08 sys=0.00, real=0.02 secs] 
2014-07-16T14:51:58.711+0000: 2928.898: [GC [PSYoungGen: 823341K->502K(988032K)] 1117102K->294414K(1675008K), 0.0208900 secs] [Times: user=0.07 sys=0.00, real=0.02 secs] 
2014-07-16T14:52:00.924+0000: 2931.111: [GC [PSYoungGen: 988022K->384K(948800K)] 1281934K->294440K(1635776K), 0.0122590 secs] [Times: user=0.04 sys=0.00, real=0.01 secs] 
2014-07-16T14:52:03.007+0000: 2933.194: [GC [PSYoungGen: 948728K->338K(911552K)] 1242784K->294538K(1598528K), 0.0170860 secs] [Times: user=0.06 sys=0.00, real=0.01 secs] 
2014-07-16T14:52:05.033+0000: 2935.221: [GC [PSYoungGen: 911421K->434K(876160K)] 1205622K->294722K(1563136K), 0.0180880 secs] [Times: user=0.07 sys=0.00, real=0.02 secs] 
2014-07-16T14:52:06.960+0000: 2937.147: [GC [PSYoungGen: 876146K->640K(842560K)] 1170434K->295064K(1529536K), 0.0229370 secs] [Times: user=0.07 sys=0.00, real=0.02 secs] 
2014-07-16T14:52:08.835+0000: 2939.022: [GC [PSYoungGen: 842560K->658K(810432K)] 1136984K->295266K(1497408K), 0.0053070 secs] [Times: user=0.02 sys=0.00, real=0.00 secs] 
2014-07-16T14:52:10.632+0000: 2940.819: [GC [PSYoungGen: 810386K->320K(779392K)] 1104994K->295056K(1466368K), 0.0062330 secs] [Times: user=0.01 sys=0.00, real=0.01 secs] 
2014-07-16T14:52:12.365+0000: 2942.552: [GC [PSYoungGen: 779392K->690K(750528K)] 1074128K->295570K(1437504K), 0.0174560 secs] [Times: user=0.05 sys=0.00, real=0.02 secs] 
2014-07-16T14:52:14.007+0000: 2944.194: [GC [PSYoungGen: 750447K->434K(722432K)] 1045328K->295418K(1409408K), 0.0175050 secs] [Times: user=0.06 sys=0.00, real=0.01 secs] 
2014-07-16T14:52:15.619+0000: 2945.806: [GC [PSYoungGen: 722418K->534K(696000K)] 1017402K->295582K(1382976K), 0.0149590 secs] [Times: user=0.05 sys=0.00, real=0.01 secs] 
2014-07-16T14:52:17.163+0000: 2947.350: [GC [PSYoungGen: 695958K->448K(670528K)] 991006K->295640K(1357504K), 0.0056050 secs] [Times: user=0.01 sys=0.00, real=0.01 secs] 
2014-07-16T14:52:18.653+0000: 2948.840: [GC [PSYoungGen: 670528K->566K(646464K)] 965720K->295902K(1333440K), 0.0188430 secs] [Times: user=0.06 sys=0.00, real=0.02 secs] 
2014-07-16T14:52:20.111+0000: 2950.298: [GC [PSYoungGen: 646454K->534K(623424K)] 941790K->295958K(1310400K), 0.0062790 secs] [Times: user=0.01 sys=0.01, real=0.01 secs] 
2014-07-16T14:52:21.504+0000: 2951.692: [GC [PSYoungGen: 623382K->484K(601344K)] 918806K->296004K(1288320K), 0.0131190 secs] [Times: user=0.05 sys=0.00, real=0.02 secs] 
2014-07-16T14:52:22.935+0000: 2953.122: [GC [PSYoungGen: 601316K->448K(580288K)] 896836K->296104K(1267264K), 0.0098410 secs] [Times: user=0.03 sys=0.01, real=0.01 secs] 
2014-07-16T14:52:24.210+0000: 2954.397: [GC [PSYoungGen: 580288K->598K(560448K)] 875944K->296390K(1247424K), 0.0144800 secs] [Times: user=0.04 sys=0.00, real=0.01 secs] 
2014-07-16T14:52:25.452+0000: 2955.639: [GC [PSYoungGen: 560406K->512K(672320K)] 856198K->296384K(1359296K), 0.0309090 secs] [Times: user=0.11 sys=0.00, real=0.03 secs] 
2014-07-16T14:52:26.961+0000: 2957.148: [GC [PSYoungGen: 672320K->566K(806784K)] 968192K->296942K(1493760K), 0.0297200 secs] [Times: user=0.11 sys=0.00, real=0.03 secs] 
2014-07-16T14:52:28.732+0000: 2958.919: [GC [PSYoungGen: 806774K->480K(968000K)] 1103150K->296968K(1654976K), 0.0111930 secs] [Times: user=0.03 sys=0.00, real=0.01 secs] 
2014-07-16T14:52:30.925+0000: 2961.112: [GC [PSYoungGen: 967968K->740K(930112K)] 1264456K->297396K(1617088K), 0.0062930 secs] [Times: user=0.02 sys=0.00, real=0.01 secs] 
2014-07-16T14:52:32.971+0000: 2963.159: [GC [PSYoungGen: 930077K->616K(893632K)] 1226734K->297432K(1580608K), 0.0055270 secs] [Times: user=0.01 sys=0.00, real=0.00 secs] 
2014-07-16T14:52:34.986+0000: 2965.173: [GC [PSYoungGen: 893575K->384K(858752K)] 1190391K->297296K(1545728K), 0.0273400 secs] [Times: user=0.10 sys=0.00, real=0.03 secs] 
2014-07-16T14:52:36.919+0000: 2967.106: [GC [PSYoungGen: 858752K->672K(826112K)] 1155664K->297728K(1513088K), 0.0139790 secs] [Times: user=0.04 sys=0.01, real=0.01 secs] 
2014-07-16T14:52:38.733+0000: 2968.921: [GC [PSYoungGen: 826080K->648K(794688K)] 1123136K->297904K(1481664K), 0.0202500 secs] [Times: user=0.08 sys=0.00, real=0.02 secs] 
2014-07-16T14:52:40.488+0000: 2970.675: [GC [PSYoungGen: 794632K->370K(764416K)] 1091888K->297714K(1451392K), 0.0101110 secs] [Times: user=0.02 sys=0.00, real=0.01 secs] 
2014-07-16T14:52:42.161+0000: 2972.349: [GC [PSYoungGen: 764402K->448K(917312K)] 1061746K->297904K(1604288K), 0.0250470 secs] [Times: user=0.10 sys=0.00, real=0.02 secs] 
2014-07-16T14:52:44.207+0000: 2974.394: [GC [PSYoungGen: 917273K->452K(881600K)] 1214730K->297980K(1568576K), 0.0164550 secs] [Times: user=0.06 sys=0.00, real=0.02 secs] 
2014-07-16T14:52:46.209+0000: 2976.396: [GC [PSYoungGen: 881476K->594K(1057984K)] 1179005K->298234K(1744960K), 0.0279410 secs] [Times: user=0.09 sys=0.00, real=0.03 secs] 
2014-07-16T14:52:48.511+0000: 2978.699: [GC [PSYoungGen: 1057938K->498K(1015360K)] 1355578K->298370K(1702336K), 0.0159520 secs] [Times: user=0.05 sys=0.00, real=0.01 secs] 
2014-07-16T14:52:50.792+0000: 2980.979: [GC [PSYoungGen: 1015346K->594K(1218496K)] 1313218K->298594K(1905472K), 0.0289420 secs] [Times: user=0.11 sys=0.00, real=0.03 secs] 
2014-07-16T14:52:53.518+0000: 2983.705: [GC [PSYoungGen: 1218450K->448K(1461888K)] 1516450K->298632K(2148864K), 0.0345140 secs] [Times: user=0.12 sys=0.00, real=0.04 secs] 
2014-07-16T14:52:56.910+0000: 2987.097: [GC [PSYoungGen: 1461888K->416K(1554112K)] 1760072K->298744K(2241088K), 0.0314270 secs] [Times: user=0.12 sys=0.00, real=0.03 secs] 
2014-07-16T14:53:00.419+0000: 2990.606: [GC [PSYoungGen: 1553760K->822K(1487616K)] 1852088K->300014K(2174592K), 0.0111610 secs] [Times: user=0.02 sys=0.00, real=0.01 secs] 
2014-07-16T14:53:03.693+0000: 2993.880: [GC [PSYoungGen: 1487606K->64K(1423552K)] 1786798K->300034K(2110528K), 0.0288880 secs] [Times: user=0.10 sys=0.00, real=0.03 secs] 
2014-07-16T14:53:06.940+0000: 2997.127: [GC [PSYoungGen: 1423552K->850K(1364544K)] 1723522K->300900K(2051520K), 0.0056210 secs] [Times: user=0.02 sys=0.00, real=0.01 secs] 
2014-07-16T14:53:10.056+0000: 3000.243: [GC [PSYoungGen: 1364114K->598K(1306624K)] 1664164K->300968K(1993600K), 0.0055940 secs] [Times: user=0.02 sys=0.00, real=0.00 secs] 
2014-07-16T14:53:13.014+0000: 3003.201: [GC [PSYoungGen: 1306582K->544K(1252032K)] 1606952K->301122K(1939008K), 0.0252640 secs] [Times: user=0.10 sys=0.00, real=0.03 secs] 
2014-07-16T14:53:15.958+0000: 3006.145: [GC [PSYoungGen: 1251999K->1042K(1200704K)] 1552577K->301804K(1887680K), 0.0217540 secs] [Times: user=0.07 sys=0.00, real=0.02 secs] 
2014-07-16T14:53:18.588+0000: 3008.776: [GC [PSYoungGen: 1200658K->352K(1150656K)] 1501420K->301394K(1837632K), 0.0183460 secs] [Times: user=0.07 sys=0.00, real=0.02 secs] 
2014-07-16T14:53:21.148+0000: 3011.336: [GC [PSYoungGen: 1150624K->530K(1103872K)] 1451666K->301732K(1790848K), 0.0095490 secs] [Times: user=0.03 sys=0.00, real=0.01 secs] 
2014-07-16T14:53:23.583+0000: 3013.770: [GC [PSYoungGen: 1103826K->448K(1059072K)] 1405028K->301802K(1746048K), 0.0121130 secs] [Times: user=0.03 sys=0.00, real=0.01 secs] 
2014-07-16T14:53:25.957+0000: 3016.144: [GC [PSYoungGen: 1059072K->690K(1016768K)] 1360426K->302140K(1703744K), 0.0072110 secs] [Times: user=0.02 sys=0.00, real=0.00 secs] 
2014-07-16T14:53:28.176+0000: 3018.363: [GC [PSYoungGen: 1016744K->772K(976384K)] 1318194K->302414K(1663360K), 0.0062460 secs] [Times: user=0.02 sys=0.00, real=0.01 secs] 
2014-07-16T14:53:30.292+0000: 3020.479: [GC [PSYoungGen: 976324K->512K(937536K)] 1277966K->302290K(1624512K), 0.0243600 secs] [Times: user=0.08 sys=0.00, real=0.02 secs] 
2014-07-16T14:53:32.387+0000: 3022.575: [GC [PSYoungGen: 937536K->512K(900800K)] 1239314K->302394K(1587776K), 0.0041870 secs] [Times: user=0.02 sys=0.00, real=0.01 secs] 
2014-07-16T14:53:34.342+0000: 3024.529: [GC [PSYoungGen: 900772K->324K(865728K)] 1202654K->302334K(1552704K), 0.0232780 secs] [Times: user=0.09 sys=0.00, real=0.02 secs] 
2014-07-16T14:53:36.377+0000: 3026.565: [GC [PSYoungGen: 865608K->744K(832832K)] 1167618K->302850K(1519808K), 0.0365660 secs] [Times: user=0.14 sys=0.00, real=0.04 secs] 
2014-07-16T14:53:38.229+0000: 3028.416: [GC [PSYoungGen: 832808K->384K(800704K)] 1134914K->302698K(1487680K), 0.0131010 secs] [Times: user=0.05 sys=0.00, real=0.02 secs] 
2014-07-16T14:53:40.072+0000: 3030.259: [GC [PSYoungGen: 800696K->576K(770688K)] 1103010K->302994K(1457664K), 0.0057430 secs] [Times: user=0.02 sys=0.00, real=0.00 secs] 
2014-07-16T14:53:41.827+0000: 3032.014: [GC [PSYoungGen: 770688K->876K(925056K)] 1073106K->303430K(1612032K), 0.0333720 secs] [Times: user=0.13 sys=0.00, real=0.04 secs] 
2014-07-16T14:53:43.872+0000: 3034.060: [GC [PSYoungGen: 925036K->516K(888640K)] 1227590K->303190K(1575616K), 0.0060280 secs] [Times: user=0.01 sys=0.00, real=0.00 secs] 
2014-07-16T14:53:45.808+0000: 3035.995: [GC [PSYoungGen: 888580K->740K(854464K)] 1191254K->303510K(1541440K), 0.0076890 secs] [Times: user=0.02 sys=0.00, real=0.01 secs] 
2014-07-16T14:53:47.712+0000: 3037.899: [GC [PSYoungGen: 854436K->562K(821504K)] 1157206K->303460K(1508480K), 0.0173260 secs] [Times: user=0.04 sys=0.00, real=0.01 secs] 
2014-07-16T14:53:49.573+0000: 3039.760: [GC [PSYoungGen: 821490K->708K(985920K)] 1124388K->303782K(1672896K), 0.0325330 secs] [Times: user=0.12 sys=0.00, real=0.03 secs] 
2014-07-16T14:53:51.772+0000: 3041.959: [GC [PSYoungGen: 985860K->580K(1182848K)] 1288934K->303782K(1869824K), 0.0424830 secs] [Times: user=0.16 sys=0.00, real=0.04 secs] 
2014-07-16T14:53:54.415+0000: 3044.603: [GC [PSYoungGen: 1182788K->402K(1134144K)] 1485990K->303772K(1821120K), 0.0064420 secs] [Times: user=0.01 sys=0.00, real=0.01 secs] 
2014-07-16T14:53:56.934+0000: 3047.121: [GC [PSYoungGen: 1134098K->584K(1088192K)] 1437468K->304090K(1775168K), 0.0059250 secs] [Times: user=0.02 sys=0.00, real=0.00 secs] 
2014-07-16T14:53:59.335+0000: 3049.522: [GC [PSYoungGen: 1088136K->420K(1044096K)] 1391642K->304142K(1731072K), 0.0063930 secs] [Times: user=0.01 sys=0.00, real=0.00 secs] 
2014-07-16T14:54:01.767+0000: 3051.954: [GC [PSYoungGen: 1043993K->566K(1002432K)] 1347715K->304400K(1689408K), 0.0070020 secs] [Times: user=0.02 sys=0.00, real=0.01 secs] 
2014-07-16T14:54:03.973+0000: 3054.160: [GC [PSYoungGen: 1002422K->256K(962304K)] 1306256K->304290K(1649280K), 0.0109920 secs] [Times: user=0.03 sys=0.00, real=0.02 secs] 
2014-07-16T14:54:06.097+0000: 3056.284: [GC [PSYoungGen: 962304K->580K(924800K)] 1266338K->304734K(1611776K), 0.0258970 secs] [Times: user=0.10 sys=0.00, real=0.02 secs] 
2014-07-16T14:54:08.215+0000: 3058.402: [GC [PSYoungGen: 924740K->480K(888576K)] 1228894K->304794K(1575552K), 0.0061600 secs] [Times: user=0.02 sys=0.00, real=0.00 secs] 
2014-07-16T14:54:10.175+0000: 3060.362: [GC [PSYoungGen: 888544K->630K(854336K)] 1192858K->305112K(1541312K), 0.0342570 secs] [Times: user=0.12 sys=0.00, real=0.03 secs] 
2014-07-16T14:54:12.206+0000: 3062.393: [GC [PSYoungGen: 854326K->384K(821312K)] 1158808K->304954K(1508288K), 0.0156570 secs] [Times: user=0.06 sys=0.00, real=0.01 secs] 
2014-07-16T14:54:14.014+0000: 3064.202: [GC [PSYoungGen: 821312K->626K(985792K)] 1125882K->305388K(1672768K), 0.0295210 secs] [Times: user=0.11 sys=0.00, real=0.03 secs] 
2014-07-16T14:54:16.194+0000: 3066.381: [GC [PSYoungGen: 985778K->516K(946688K)] 1290540K->305366K(1633664K), 0.0180980 secs] [Times: user=0.07 sys=0.00, real=0.02 secs] 
2014-07-16T14:54:18.364+0000: 3068.551: [GC [PSYoungGen: 946628K->626K(1136000K)] 1251478K->305652K(1822976K), 0.0252320 secs] [Times: user=0.10 sys=0.00, real=0.03 secs] 
2014-07-16T14:54:20.880+0000: 3071.068: [GC [PSYoungGen: 1135986K->480K(1089664K)] 1441012K->305666K(1776640K), 0.0148160 secs] [Times: user=0.05 sys=0.00, real=0.02 secs] 
2014-07-16T14:54:23.462+0000: 3073.649: [GC [PSYoungGen: 1089632K->690K(1307712K)] 1394818K->306020K(1994688K), 0.0543820 secs] [Times: user=0.21 sys=0.00, real=0.06 secs] 
2014-07-16T14:54:26.424+0000: 3076.611: [GC [PSYoungGen: 1307698K->626K(1537280K)] 1613028K->306452K(2224256K), 0.0159490 secs] [Times: user=0.06 sys=0.01, real=0.08 secs] 
2014-07-16T14:54:29.925+0000: 3080.112: [GC [PSYoungGen: 1537266K->1060K(1471936K)] 1843092K->307134K(2158912K), 0.0095170 secs] [Times: user=0.02 sys=0.00, real=0.01 secs] 
2014-07-16T14:54:33.199+0000: 3083.386: [GC [PSYoungGen: 1471908K->64K(1408384K)] 1777982K->306804K(2095360K), 0.0091220 secs] [Times: user=0.02 sys=0.01, real=0.01 secs] 
2014-07-16T14:54:36.364+0000: 3086.551: [GC [PSYoungGen: 1408384K->1060K(1349888K)] 1715124K->307864K(2036864K), 0.0267850 secs] [Times: user=0.10 sys=0.00, real=0.03 secs] 
2014-07-16T14:54:39.458+0000: 3089.645: [GC [PSYoungGen: 1349860K->786K(1293056K)] 1656664K->307854K(1980032K), 0.0204200 secs] [Times: user=0.07 sys=0.00, real=0.03 secs] 
2014-07-16T14:54:42.362+0000: 3092.550: [GC [PSYoungGen: 1293010K->836K(1239296K)] 1600078K->308160K(1926272K), 0.0243680 secs] [Times: user=0.09 sys=0.00, real=0.02 secs] 
2014-07-16T14:54:45.126+0000: 3095.314: [GC [PSYoungGen: 1239236K->416K(1187648K)] 1546560K->307940K(1874624K), 0.0106830 secs] [Times: user=0.04 sys=0.00, real=0.01 secs] 
2014-07-16T14:54:47.758+0000: 3097.945: [GC [PSYoungGen: 1187612K->598K(1139072K)] 1495136K->308290K(1826048K), 0.0135760 secs] [Times: user=0.05 sys=0.00, real=0.02 secs] 
2014-07-16T14:54:50.275+0000: 3100.463: [GC [PSYoungGen: 1139030K->580K(1092672K)] 1446722K->308464K(1779648K), 0.0058820 secs] [Times: user=0.01 sys=0.00, real=0.01 secs] 
2014-07-16T14:54:52.714+0000: 3102.901: [GC [PSYoungGen: 1092612K->658K(1048576K)] 1400496K->308654K(1735552K), 0.0287180 secs] [Times: user=0.11 sys=0.00, real=0.03 secs] 
2014-07-16T14:54:55.029+0000: 3105.216: [GC [PSYoungGen: 1048530K->548K(1006400K)] 1356526K->308688K(1693376K), 0.0237790 secs] [Times: user=0.09 sys=0.00, real=0.03 secs] 
2014-07-16T14:54:57.305+0000: 3107.492: [GC [PSYoungGen: 1006291K->680K(966528K)] 1314431K->308972K(1653504K), 0.0219330 secs] [Times: user=0.08 sys=0.00, real=0.02 secs] 
2014-07-16T14:54:59.505+0000: 3109.692: [GC [PSYoungGen: 966504K->598K(928384K)] 1274796K->309090K(1615360K), 0.0139360 secs] [Times: user=0.05 sys=0.00, real=0.01 secs] 
2014-07-16T14:55:01.566+0000: 3111.753: [GC [PSYoungGen: 928342K->950K(892416K)] 1236834K->309602K(1579392K), 0.0281780 secs] [Times: user=0.10 sys=0.00, real=0.03 secs] 
2014-07-16T14:55:03.566+0000: 3113.753: [GC [PSYoungGen: 892406K->384K(857280K)] 1201058K->309140K(1544256K), 0.0221030 secs] [Times: user=0.07 sys=0.01, real=0.02 secs] 
2014-07-16T14:55:05.511+0000: 3115.698: [GC [PSYoungGen: 857280K->612K(1028928K)] 1166036K->309512K(1715904K), 0.0229880 secs] [Times: user=0.08 sys=0.00, real=0.03 secs] 
2014-07-16T14:55:07.792+0000: 3117.979: [GC [PSYoungGen: 1028821K->968K(1235008K)] 1337721K->310036K(1921984K), 0.0281480 secs] [Times: user=0.10 sys=0.00, real=0.03 secs] 
2014-07-16T14:55:10.532+0000: 3120.720: [GC [PSYoungGen: 1234952K->612K(1183616K)] 1544020K->309848K(1870592K), 0.0124340 secs] [Times: user=0.04 sys=0.00, real=0.02 secs] 
2014-07-16T14:55:13.197+0000: 3123.384: [GC [PSYoungGen: 1183588K->804K(1135296K)] 1492824K->310192K(1822272K), 0.0253180 secs] [Times: user=0.09 sys=0.00, real=0.02 secs] 
2014-07-16T14:55:15.733+0000: 3125.921: [GC [PSYoungGen: 1135268K->658K(1088960K)] 1444656K->310214K(1775936K), 0.0101840 secs] [Times: user=0.03 sys=0.00, real=0.01 secs] 
2014-07-16T14:55:18.190+0000: 3128.377: [GC [PSYoungGen: 1088914K->548K(1044864K)] 1398470K->310328K(1731840K), 0.0293580 secs] [Times: user=0.11 sys=0.00, real=0.03 secs] 
2014-07-16T14:55:20.496+0000: 3130.684: [GC [PSYoungGen: 1044836K->530K(1003008K)] 1354616K->310478K(1689984K), 0.0157610 secs] [Times: user=0.06 sys=0.00, real=0.01 secs] 
2014-07-16T14:55:22.773+0000: 3132.960: [GC [PSYoungGen: 1002946K->576K(1203520K)] 1312894K->310652K(1890496K), 0.0416900 secs] [Times: user=0.14 sys=0.00, real=0.04 secs] 
2014-07-16T14:55:25.441+0000: 3135.628: [GC [PSYoungGen: 1203455K->996K(1444608K)] 1513531K->311280K(2131584K), 0.0329940 secs] [Times: user=0.12 sys=0.00, real=0.03 secs] 
2014-07-16T14:55:28.804+0000: 3138.991: [GC [PSYoungGen: 1444509K->448K(1382848K)] 1754793K->310916K(2069824K), 0.0146830 secs] [Times: user=0.05 sys=0.01, real=0.02 secs] 
2014-07-16T14:55:31.858+0000: 3142.046: [GC [PSYoungGen: 1382830K->452K(1324672K)] 1693298K->311184K(2011648K), 0.0307560 secs] [Times: user=0.11 sys=0.00, real=0.03 secs] 
2014-07-16T14:55:34.922+0000: 3145.109: [GC [PSYoungGen: 1324612K->544K(1269376K)] 1635344K->311412K(1956352K), 0.0084890 secs] [Times: user=0.03 sys=0.00, real=0.01 secs] 
2014-07-16T14:55:37.822+0000: 3148.009: [GC [PSYoungGen: 1269329K->562K(1216704K)] 1580197K->311622K(1903680K), 0.0054840 secs] [Times: user=0.01 sys=0.00, real=0.01 secs] 
2014-07-16T14:55:40.509+0000: 3150.696: [GC [PSYoungGen: 1216690K->534K(1166592K)] 1527750K->311882K(1853568K), 0.0085200 secs] [Times: user=0.02 sys=0.00, real=0.01 secs] 
2014-07-16T14:55:43.243+0000: 3153.430: [GC [PSYoungGen: 1166550K->630K(1118912K)] 1477898K->312090K(1805888K), 0.0175010 secs] [Times: user=0.07 sys=0.00, real=0.02 secs] 
2014-07-16T14:55:45.711+0000: 3155.898: [GC [PSYoungGen: 1118894K->722K(1073600K)] 1430354K->312398K(1760576K), 0.0171260 secs] [Times: user=0.05 sys=0.00, real=0.02 secs] 
2014-07-16T14:55:48.196+0000: 3158.383: [GC [PSYoungGen: 1073554K->1014K(1030656K)] 1385230K->312882K(1717632K), 0.0109530 secs] [Times: user=0.03 sys=0.00, real=0.01 secs] 
2014-07-16T14:55:50.500+0000: 3160.687: [GC [PSYoungGen: 1030646K->306K(988800K)] 1342514K->312766K(1675776K), 0.0079870 secs] [Times: user=0.02 sys=0.01, real=0.00 secs] 
2014-07-16T14:55:52.716+0000: 3162.903: [GC [PSYoungGen: 988786K->946K(950272K)] 1301246K->313518K(1637248K), 0.0203890 secs] [Times: user=0.08 sys=0.00, real=0.02 secs] 
2014-07-16T14:55:54.792+0000: 3164.980: [GC [PSYoungGen: 950232K->356K(912384K)] 1262804K->313112K(1599360K), 0.0062270 secs] [Times: user=0.02 sys=0.00, real=0.00 secs] 
2014-07-16T14:55:56.862+0000: 3167.050: [GC [PSYoungGen: 912356K->754K(877248K)] 1225112K->313614K(1564224K), 0.0085490 secs] [Times: user=0.03 sys=0.00, real=0.01 secs] 
2014-07-16T14:55:58.936+0000: 3169.123: [GC [PSYoungGen: 877234K->662K(843328K)] 1190094K->313730K(1530304K), 0.0117920 secs] [Times: user=0.04 sys=0.00, real=0.01 secs] 
2014-07-16T14:56:00.858+0000: 3171.045: [GC [PSYoungGen: 843198K->566K(810944K)] 1156266K->313826K(1497920K), 0.0260200 secs] [Times: user=0.10 sys=0.00, real=0.03 secs] 
2014-07-16T14:56:02.689+0000: 3172.876: [GC [PSYoungGen: 810837K->452K(780160K)] 1124097K->313856K(1467136K), 0.0305250 secs] [Times: user=0.11 sys=0.00, real=0.03 secs] 
2014-07-16T14:56:04.402+0000: 3174.589: [GC [PSYoungGen: 780100K->576K(936192K)] 1093504K->314076K(1623168K), 0.0231190 secs] [Times: user=0.08 sys=0.00, real=0.02 secs] 
2014-07-16T14:56:06.524+0000: 3176.711: [GC [PSYoungGen: 936192K->434K(1123200K)] 1249692K->314014K(1810176K), 0.0336470 secs] [Times: user=0.12 sys=0.00, real=0.03 secs] 
2014-07-16T14:56:09.097+0000: 3179.284: [GC [PSYoungGen: 1123186K->726K(1077888K)] 1436766K->314530K(1764864K), 0.0073790 secs] [Times: user=0.02 sys=0.00, real=0.01 secs] 
2014-07-16T14:56:11.452+0000: 3181.639: [GC [PSYoungGen: 1077846K->484K(1034176K)] 1391650K->314448K(1721152K), 0.0049190 secs] [Times: user=0.01 sys=0.00, real=0.00 secs] 
2014-07-16T14:56:13.734+0000: 3183.921: [GC [PSYoungGen: 1034148K->512K(992832K)] 1348112K->314564K(1679808K), 0.0258920 secs] [Times: user=0.09 sys=0.00, real=0.02 secs] 
2014-07-16T14:56:15.934+0000: 3186.121: [GC [PSYoungGen: 992761K->416K(953408K)] 1306813K->314596K(1640384K), 0.0076310 secs] [Times: user=0.02 sys=0.00, real=0.00 secs] 
2014-07-16T14:56:18.122+0000: 3188.309: [GC [PSYoungGen: 953376K->772K(916288K)] 1267556K->315128K(1603264K), 0.0292350 secs] [Times: user=0.10 sys=0.00, real=0.03 secs] 
2014-07-16T14:56:20.171+0000: 3190.358: [GC [PSYoungGen: 916228K->576K(880320K)] 1230584K->315108K(1567296K), 0.0242410 secs] [Times: user=0.08 sys=0.01, real=0.03 secs] 
2014-07-16T14:56:22.097+0000: 3192.285: [GC [PSYoungGen: 880320K->402K(846208K)] 1194852K->315070K(1533184K), 0.0108500 secs] [Times: user=0.04 sys=0.00, real=0.01 secs] 
2014-07-16T14:56:23.972+0000: 3194.159: [GC [PSYoungGen: 846093K->506K(813888K)] 1160761K->315262K(1500864K), 0.0245130 secs] [Times: user=0.09 sys=0.00, real=0.03 secs] 
2014-07-16T14:56:25.763+0000: 3195.950: [GC [PSYoungGen: 813882K->320K(782848K)] 1128638K->315180K(1469824K), 0.0119880 secs] [Times: user=0.02 sys=0.00, real=0.02 secs] 
2014-07-16T14:56:27.490+0000: 3197.677: [GC [PSYoungGen: 782848K->402K(753600K)] 1097708K->315382K(1440576K), 0.0049040 secs] [Times: user=0.01 sys=0.00, real=0.01 secs] 
2014-07-16T14:56:29.188+0000: 3199.375: [GC [PSYoungGen: 753554K->498K(725632K)] 1068534K->315590K(1412608K), 0.0042030 secs] [Times: user=0.01 sys=0.00, real=0.00 secs] 
2014-07-16T14:56:30.851+0000: 3201.039: [GC [PSYoungGen: 725618K->530K(699008K)] 1040710K->315758K(1385984K), 0.0334560 secs] [Times: user=0.12 sys=0.00, real=0.03 secs] 
2014-07-16T14:56:32.371+0000: 3202.558: [GC [PSYoungGen: 698962K->192K(838336K)] 1014190K->315540K(1525312K), 0.0230930 secs] [Times: user=0.08 sys=0.00, real=0.02 secs] 
2014-07-16T14:56:34.275+0000: 3204.462: [GC [PSYoungGen: 838336K->658K(1006528K)] 1153684K->316110K(1693504K), 0.0156980 secs] [Times: user=0.06 sys=0.00, real=0.02 secs] 
2014-07-16T14:56:36.521+0000: 3206.709: [GC [PSYoungGen: 1006482K->690K(1207744K)] 1321934K->316286K(1894720K), 0.0223360 secs] [Times: user=0.08 sys=0.00, real=0.02 secs] 
2014-07-16T14:56:39.250+0000: 3209.437: [GC [PSYoungGen: 1207730K->576K(1157888K)] 1523326K->316564K(1844864K), 0.0152070 secs] [Times: user=0.05 sys=0.00, real=0.01 secs] 
2014-07-16T14:56:41.899+0000: 3212.086: [GC [PSYoungGen: 1157884K->658K(1110720K)] 1473872K->316838K(1797696K), 0.0255320 secs] [Times: user=0.09 sys=0.00, real=0.02 secs] 
2014-07-16T14:56:44.505+0000: 3214.692: [GC [PSYoungGen: 1110674K->416K(1065472K)] 1426854K->316812K(1752448K), 0.0297480 secs] [Times: user=0.11 sys=0.00, real=0.03 secs] 
2014-07-16T14:56:46.886+0000: 3217.073: [GC [PSYoungGen: 1065440K->1060K(1023296K)] 1381836K->317640K(1710272K), 0.0102220 secs] [Times: user=0.02 sys=0.01, real=0.01 secs] 
2014-07-16T14:56:49.216+0000: 3219.403: [GC [PSYoungGen: 1023268K->694K(982144K)] 1339848K->317874K(1669120K), 0.0278120 secs] [Times: user=0.10 sys=0.00, real=0.03 secs] 
2014-07-16T14:56:51.458+0000: 3221.645: [GC [PSYoungGen: 982134K->1398K(944000K)] 1299314K->318786K(1630976K), 0.0093600 secs] [Times: user=0.03 sys=0.01, real=0.00 secs] 
2014-07-16T14:56:53.595+0000: 3223.783: [GC [PSYoungGen: 943990K->352K(905984K)] 1261378K->317980K(1592960K), 0.0164840 secs] [Times: user=0.06 sys=0.00, real=0.02 secs] 
2014-07-16T14:56:55.599+0000: 3225.787: [GC [PSYoungGen: 905952K->630K(871040K)] 1223580K->318394K(1558016K), 0.0278830 secs] [Times: user=0.10 sys=0.00, real=0.02 secs] 
2014-07-16T14:56:57.529+0000: 3227.716: [GC [PSYoungGen: 871030K->544K(1045056K)] 1188794K->318484K(1732032K), 0.0261670 secs] [Times: user=0.09 sys=0.00, real=0.02 secs] 
2014-07-16T14:56:59.885+0000: 3230.072: [GC [PSYoungGen: 1045024K->772K(1254208K)] 1362964K->318848K(1941184K), 0.0301230 secs] [Times: user=0.11 sys=0.00, real=0.03 secs] 
2014-07-16T14:57:02.745+0000: 3232.932: [GC [PSYoungGen: 1254134K->466K(1504576K)] 1572210K->318694K(2191552K), 0.0365190 secs] [Times: user=0.14 sys=0.00, real=0.04 secs] 
2014-07-16T14:57:06.090+0000: 3236.277: [GC [PSYoungGen: 1504530K->498K(1440384K)] 1822758K->318910K(2127360K), 0.0066100 secs] [Times: user=0.02 sys=0.00, real=0.00 secs] 
2014-07-16T14:57:09.315+0000: 3239.502: [GC [PSYoungGen: 1440370K->658K(1379520K)] 1758782K->319286K(2066496K), 0.0342990 secs] [Times: user=0.12 sys=0.00, real=0.03 secs] 
2014-07-16T14:57:12.431+0000: 3242.618: [GC [PSYoungGen: 1379474K->498K(1321280K)] 1698102K->319294K(2008256K), 0.0057780 secs] [Times: user=0.01 sys=0.00, real=0.01 secs] 
2014-07-16T14:57:15.478+0000: 3245.666: [GC [PSYoungGen: 1321266K->800K(1266368K)] 1640062K->319772K(1953344K), 0.0111640 secs] [Times: user=0.04 sys=0.00, real=0.01 secs] 
2014-07-16T14:57:18.273+0000: 3248.461: [GC [PSYoungGen: 1266336K->576K(1213568K)] 1585308K->319828K(1900544K), 0.0185070 secs] [Times: user=0.07 sys=0.00, real=0.01 secs] 
2014-07-16T14:57:21.020+0000: 3251.208: [GC [PSYoungGen: 1213568K->512K(1163520K)] 1532820K->319932K(1850496K), 0.0116860 secs] [Times: user=0.03 sys=0.00, real=0.01 secs] 
2014-07-16T14:57:23.582+0000: 3253.769: [GC [PSYoungGen: 1163428K->420K(1115904K)] 1482848K->320024K(1802880K), 0.0152520 secs] [Times: user=0.06 sys=0.00, real=0.02 secs] 
2014-07-16T14:57:26.078+0000: 3256.265: [GC [PSYoungGen: 1115876K->548K(1070784K)] 1435480K->320288K(1757760K), 0.0211870 secs] [Times: user=0.08 sys=0.00, real=0.02 secs] 
2014-07-16T14:57:28.475+0000: 3258.662: [GC [PSYoungGen: 1070756K->950K(1028096K)] 1390496K->320898K(1715072K), 0.0333310 secs] [Times: user=0.12 sys=0.00, real=0.03 secs] 
2014-07-16T14:57:30.772+0000: 3260.959: [GC [PSYoungGen: 1028086K->594K(986752K)] 1348034K->320694K(1673728K), 0.0279700 secs] [Times: user=0.09 sys=0.00, real=0.03 secs] 
2014-07-16T14:57:33.007+0000: 3263.194: [GC [PSYoungGen: 986691K->480K(947584K)] 1306791K->320732K(1634560K), 0.0208110 secs] [Times: user=0.07 sys=0.00, real=0.02 secs] 
2014-07-16T14:57:35.217+0000: 3265.404: [GC [PSYoungGen: 947552K->1138K(1137664K)] 1267804K->321590K(1824640K), 0.0288480 secs] [Times: user=0.11 sys=0.00, real=0.03 secs] 
2014-07-16T14:57:37.721+0000: 3267.908: [GC [PSYoungGen: 1137606K->882K(1364736K)] 1458058K->321534K(2051712K), 0.0278920 secs] [Times: user=0.10 sys=0.00, real=0.03 secs] 
2014-07-16T14:57:40.744+0000: 3270.931: [GC [PSYoungGen: 1364722K->320K(1306816K)] 1685374K->321140K(1993792K), 0.0085570 secs] [Times: user=0.03 sys=0.00, real=0.01 secs] 
2014-07-16T14:57:43.701+0000: 3273.889: [GC [PSYoungGen: 1306816K->708K(1252736K)] 1627636K->321712K(1939712K), 0.0122010 secs] [Times: user=0.04 sys=0.00, real=0.01 secs] 
2014-07-16T14:57:46.630+0000: 3276.817: [GC [PSYoungGen: 1252676K->726K(1200832K)] 1573680K->321890K(1887808K), 0.0061290 secs] [Times: user=0.01 sys=0.00, real=0.01 secs] 
2014-07-16T14:57:49.332+0000: 3279.519: [GC [PSYoungGen: 1200790K->790K(1151552K)] 1521954K->322242K(1838528K), 0.0193190 secs] [Times: user=0.07 sys=0.00, real=0.02 secs] 
2014-07-16T14:57:51.886+0000: 3282.074: [GC [PSYoungGen: 1151510K->964K(1104768K)] 1472962K->322600K(1791744K), 0.0181950 secs] [Times: user=0.06 sys=0.00, real=0.02 secs] 
2014-07-16T14:57:54.432+0000: 3284.619: [GC [PSYoungGen: 1104708K->644K(1059712K)] 1426344K->322416K(1746688K), 0.0178480 secs] [Times: user=0.06 sys=0.00, real=0.02 secs] 
2014-07-16T14:57:56.764+0000: 3286.952: [GC [PSYoungGen: 1059646K->996K(1017472K)] 1381418K->322992K(1704448K), 0.0108090 secs] [Times: user=0.02 sys=0.00, real=0.01 secs] 
2014-07-16T14:57:59.018+0000: 3289.206: [GC [PSYoungGen: 1017386K->576K(976512K)] 1339382K->322740K(1663488K), 0.0280440 secs] [Times: user=0.10 sys=0.00, real=0.02 secs] 
2014-07-16T14:58:01.252+0000: 3291.440: [GC [PSYoungGen: 976512K->676K(1171840K)] 1298676K->322992K(1858816K), 0.0413170 secs] [Times: user=0.16 sys=0.01, real=0.04 secs] 
2014-07-16T14:58:03.857+0000: 3294.044: [GC [PSYoungGen: 1171812K->648K(1123904K)] 1494128K->323124K(1810880K), 0.0211260 secs] [Times: user=0.07 sys=0.01, real=0.02 secs] 
2014-07-16T14:58:06.407+0000: 3296.594: [GC [PSYoungGen: 1123848K->626K(1078208K)] 1446324K->323230K(1765184K), 0.0057810 secs] [Times: user=0.02 sys=0.00, real=0.01 secs] 
2014-07-16T14:58:08.817+0000: 3299.005: [GC [PSYoungGen: 1078194K->512K(1034624K)] 1400798K->323348K(1721600K), 0.0274700 secs] [Times: user=0.10 sys=0.00, real=0.03 secs] 
2014-07-16T14:58:11.103+0000: 3301.290: [GC [PSYoungGen: 1034624K->594K(1241600K)] 1357460K->323590K(1928576K), 0.0361670 secs] [Times: user=0.12 sys=0.00, real=0.03 secs] 
2014-07-16T14:58:13.855+0000: 3304.042: [GC [PSYoungGen: 1241550K->768K(1190400K)] 1564546K->323876K(1877376K), 0.0082360 secs] [Times: user=0.03 sys=0.00, real=0.01 secs] 
2014-07-16T14:58:16.611+0000: 3306.798: [GC [PSYoungGen: 1190400K->544K(1141376K)] 1513508K->323788K(1828352K), 0.0343240 secs] [Times: user=0.12 sys=0.00, real=0.03 secs] 
2014-07-16T14:58:19.145+0000: 3309.332: [GC [PSYoungGen: 1141252K->406K(1369408K)] 1464496K->323930K(2056384K), 0.0317550 secs] [Times: user=0.12 sys=0.00, real=0.03 secs] 
2014-07-16T14:58:22.232+0000: 3312.420: [GC [PSYoungGen: 1369366K->320K(1491200K)] 1692890K->323964K(2178176K), 0.0317010 secs] [Times: user=0.11 sys=0.00, real=0.03 secs] 
2014-07-16T14:58:25.575+0000: 3315.762: [GC [PSYoungGen: 1490368K->434K(1427008K)] 1814012K->324222K(2113984K), 0.0055570 secs] [Times: user=0.02 sys=0.00, real=0.00 secs] 
2014-07-16T14:58:28.812+0000: 3318.999: [GC [PSYoungGen: 1426994K->740K(1366976K)] 1750782K->324784K(2053952K), 0.0084330 secs] [Times: user=0.02 sys=0.00, real=0.01 secs] 
2014-07-16T14:58:31.854+0000: 3322.042: [GC [PSYoungGen: 1366888K->370K(1309184K)] 1690932K->324622K(1996160K), 0.0216640 secs] [Times: user=0.07 sys=0.00, real=0.02 secs] 
2014-07-16T14:58:34.836+0000: 3325.024: [GC [PSYoungGen: 1309170K->1078K(1255232K)] 1633422K->325506K(1942208K), 0.0138780 secs] [Times: user=0.04 sys=0.00, real=0.01 secs] 
2014-07-16T14:58:37.618+0000: 3327.806: [GC [PSYoungGen: 1255222K->672K(1202880K)] 1579650K->325308K(1889856K), 0.0139640 secs] [Times: user=0.04 sys=0.00, real=0.01 secs] 
2014-07-16T14:58:40.342+0000: 3330.529: [GC [PSYoungGen: 1202848K->562K(1153280K)] 1527484K->325430K(1840256K), 0.0063160 secs] [Times: user=0.02 sys=0.01, real=0.01 secs] 
2014-07-16T14:58:42.882+0000: 3333.070: [GC [PSYoungGen: 1153266K->608K(1106304K)] 1478134K->325660K(1793280K), 0.0233760 secs] [Times: user=0.09 sys=0.00, real=0.03 secs] 
2014-07-16T14:58:45.413+0000: 3335.601: [GC [PSYoungGen: 1106255K->594K(1061504K)] 1431307K->325766K(1748480K), 0.0244510 secs] [Times: user=0.09 sys=0.01, real=0.03 secs] 
2014-07-16T14:58:47.807+0000: 3337.994: [GC [PSYoungGen: 1061458K->676K(1018944K)] 1386630K->326072K(1705920K), 0.0075440 secs] [Times: user=0.02 sys=0.00, real=0.00 secs] 
2014-07-16T14:58:50.116+0000: 3340.303: [GC [PSYoungGen: 1018916K->416K(978112K)] 1344312K->325964K(1665088K), 0.0151250 secs] [Times: user=0.05 sys=0.00, real=0.02 secs] 
2014-07-16T14:58:52.266+0000: 3342.453: [GC [PSYoungGen: 978080K->256K(939264K)] 1303628K->325948K(1626240K), 0.0190780 secs] [Times: user=0.07 sys=0.00, real=0.01 secs] 
2014-07-16T14:58:54.326+0000: 3344.513: [GC [PSYoungGen: 939264K->384K(902592K)] 1264956K->326180K(1589568K), 0.0160200 secs] [Times: user=0.06 sys=0.00, real=0.02 secs] 
2014-07-16T14:58:56.388+0000: 3346.576: [GC [PSYoungGen: 902592K->928K(868096K)] 1228388K->326820K(1555072K), 0.0228820 secs] [Times: user=0.09 sys=0.00, real=0.02 secs] 
2014-07-16T14:58:58.367+0000: 3348.554: [GC [PSYoungGen: 867967K->886K(834624K)] 1193859K->327026K(1521600K), 0.0103570 secs] [Times: user=0.01 sys=0.00, real=0.02 secs] 
2014-07-16T14:59:00.262+0000: 3350.449: [GC [PSYoungGen: 834614K->416K(802368K)] 1160754K->326700K(1489344K), 0.0197730 secs] [Times: user=0.07 sys=0.00, real=0.02 secs] 
2014-07-16T14:59:02.019+0000: 3352.207: [GC [PSYoungGen: 802336K->224K(771840K)] 1128620K->326644K(1458816K), 0.0154000 secs] [Times: user=0.05 sys=0.00, real=0.01 secs] 
2014-07-16T14:59:03.727+0000: 3353.914: [GC [PSYoungGen: 771808K->256K(742976K)] 1098228K->326740K(1429952K), 0.0229410 secs] [Times: user=0.09 sys=0.00, real=0.03 secs] 
2014-07-16T14:59:05.419+0000: 3355.606: [GC [PSYoungGen: 742965K->676K(891968K)] 1069450K->327256K(1578944K), 0.0343880 secs] [Times: user=0.12 sys=0.00, real=0.03 secs] 
2014-07-16T14:59:07.413+0000: 3357.600: [GC [PSYoungGen: 891940K->1088K(1070656K)] 1218520K->327820K(1757632K), 0.0187940 secs] [Times: user=0.06 sys=0.00, real=0.02 secs] 
2014-07-16T14:59:09.820+0000: 3360.007: [GC [PSYoungGen: 1070656K->466K(1284032K)] 1397388K->327310K(1971008K), 0.0286790 secs] [Times: user=0.10 sys=0.01, real=0.02 secs] 
2014-07-16T14:59:12.679+0000: 3362.867: [GC [PSYoungGen: 1283986K->594K(1480384K)] 1610830K->327598K(2167360K), 0.0238160 secs] [Times: user=0.08 sys=0.00, real=0.02 secs] 
2014-07-16T14:59:15.961+0000: 3366.149: [GC [PSYoungGen: 1479634K->416K(1416512K)] 1806638K->327596K(2103488K), 0.0157630 secs] [Times: user=0.05 sys=0.00, real=0.01 secs] 
2014-07-16T14:59:19.128+0000: 3369.315: [GC [PSYoungGen: 1416480K->640K(1356864K)] 1743660K->328060K(2043840K), 0.0346020 secs] [Times: user=0.12 sys=0.00, real=0.04 secs] 
2014-07-16T14:59:22.249+0000: 3372.437: [GC [PSYoungGen: 1356864K->448K(1299712K)] 1684284K->328028K(1986688K), 0.0274970 secs] [Times: user=0.11 sys=0.00, real=0.03 secs] 
2014-07-16T14:59:25.140+0000: 3375.328: [GC [PSYoungGen: 1299712K->964K(1246080K)] 1627292K->328792K(1933056K), 0.0297130 secs] [Times: user=0.10 sys=0.00, real=0.03 secs] 
2014-07-16T14:59:27.933+0000: 3378.120: [GC [PSYoungGen: 1246020K->612K(1194176K)] 1573848K->328600K(1881152K), 0.0070730 secs] [Times: user=0.03 sys=0.00, real=0.00 secs] 
2014-07-16T14:59:30.640+0000: 3380.827: [GC [PSYoungGen: 1194087K->644K(1145216K)] 1522075K->328864K(1832192K), 0.0409460 secs] [Times: user=0.16 sys=0.00, real=0.04 secs] 
2014-07-16T14:59:33.210+0000: 3383.397: [GC [PSYoungGen: 1145140K->644K(1098560K)] 1473360K->329048K(1785536K), 0.0200630 secs] [Times: user=0.07 sys=0.00, real=0.02 secs] 
2014-07-16T14:59:35.731+0000: 3385.918: [GC [PSYoungGen: 1098483K->740K(1054208K)] 1426887K->329296K(1741184K), 0.0281230 secs] [Times: user=0.10 sys=0.00, real=0.03 secs] 
2014-07-16T14:59:38.103+0000: 3388.291: [GC [PSYoungGen: 1054180K->662K(1011840K)] 1382736K->329442K(1698816K), 0.0128510 secs] [Times: user=0.05 sys=0.00, real=0.01 secs] 
2014-07-16T14:59:40.460+0000: 3390.647: [GC [PSYoungGen: 1011792K->1060K(971968K)] 1340572K->330216K(1658944K), 0.0099660 secs] [Times: user=0.02 sys=0.01, real=0.01 secs] 
2014-07-16T14:59:42.609+0000: 3392.797: [GC [PSYoungGen: 971871K->420K(932992K)] 1301027K->329752K(1619968K), 0.0238030 secs] [Times: user=0.10 sys=0.00, real=0.02 secs] 
2014-07-16T14:59:44.678+0000: 3394.865: [GC [PSYoungGen: 932964K->384K(896448K)] 1262296K->329868K(1583424K), 0.0274740 secs] [Times: user=0.10 sys=0.00, real=0.03 secs] 
2014-07-16T14:59:46.807+0000: 3396.994: [GC [PSYoungGen: 896448K->658K(862016K)] 1225932K->330238K(1548992K), 0.0192480 secs] [Times: user=0.07 sys=0.00, real=0.02 secs] 
2014-07-16T14:59:48.725+0000: 3398.912: [GC [PSYoungGen: 861970K->448K(828672K)] 1191550K->330268K(1515648K), 0.0213840 secs] [Times: user=0.08 sys=0.00, real=0.03 secs] 
2014-07-16T14:59:50.633+0000: 3400.821: [GC [PSYoungGen: 828672K->1210K(995136K)] 1158492K->331182K(1682112K), 0.0331610 secs] [Times: user=0.11 sys=0.00, real=0.04 secs] 
2014-07-16T14:59:52.864+0000: 3403.052: [GC [PSYoungGen: 995130K->658K(1193408K)] 1325102K->330766K(1880384K), 0.0264130 secs] [Times: user=0.09 sys=0.00, real=0.03 secs] 
2014-07-16T14:59:55.501+0000: 3405.688: [GC [PSYoungGen: 1193362K->480K(1431808K)] 1523470K->330732K(2118784K), 0.0142110 secs] [Times: user=0.06 sys=0.00, real=0.01 secs] 
2014-07-16T14:59:58.747+0000: 3408.934: [GC [PSYoungGen: 1431747K->548K(1371264K)] 1761999K->330944K(2058240K), 0.0290670 secs] [Times: user=0.11 sys=0.00, real=0.03 secs] 
2014-07-16T15:00:01.847+0000: 3412.034: [GC [PSYoungGen: 1371236K->1042K(1532736K)] 1701632K->331654K(2219712K), 0.0363400 secs] [Times: user=0.14 sys=0.00, real=0.03 secs] 
2014-07-16T15:00:05.272+0000: 3415.460: [GC [PSYoungGen: 1532498K->818K(1466752K)] 1863110K->331646K(2153728K), 0.0061180 secs] [Times: user=0.02 sys=0.00, real=0.01 secs] 
2014-07-16T15:00:08.506+0000: 3418.694: [GC [PSYoungGen: 1466738K->484K(1404096K)] 1797566K->331544K(2091072K), 0.0311190 secs] [Times: user=0.12 sys=0.00, real=0.03 secs] 
2014-07-16T15:00:11.642+0000: 3421.829: [GC [PSYoungGen: 1404068K->544K(1344896K)] 1735128K->331788K(2031872K), 0.0397930 secs] [Times: user=0.14 sys=0.00, real=0.04 secs] 
2014-07-16T15:00:14.722+0000: 3424.909: [GC [PSYoungGen: 1344864K->626K(1288576K)] 1676108K->332022K(1975552K), 0.0276780 secs] [Times: user=0.10 sys=0.00, real=0.03 secs] 
2014-07-16T15:00:17.692+0000: 3427.879: [GC [PSYoungGen: 1288562K->676K(1235008K)] 1619958K->332280K(1921984K), 0.0194680 secs] [Times: user=0.07 sys=0.00, real=0.02 secs] 
2014-07-16T15:00:20.420+0000: 3430.608: [GC [PSYoungGen: 1234980K->840K(1184192K)] 1566584K->332732K(1871168K), 0.0089940 secs] [Times: user=0.03 sys=0.00, real=0.00 secs] 
2014-07-16T15:00:23.162+0000: 3433.350: [GC [PSYoungGen: 1184136K->1188K(1135936K)] 1516028K->333216K(1822912K), 0.0281370 secs] [Times: user=0.10 sys=0.01, real=0.03 secs] 
2014-07-16T15:00:25.661+0000: 3435.848: [GC [PSYoungGen: 1135908K->384K(1088896K)] 1467936K->332724K(1775872K), 0.0296370 secs] [Times: user=0.12 sys=0.00, real=0.03 secs] 
2014-07-16T15:00:28.088+0000: 3438.275: [GC [PSYoungGen: 1088896K->900K(1045504K)] 1421236K->333408K(1732480K), 0.0063740 secs] [Times: user=0.02 sys=0.00, real=0.01 secs] 
2014-07-16T15:00:30.401+0000: 3440.588: [GC [PSYoungGen: 1045444K->466K(1003200K)] 1377952K->333182K(1690176K), 0.0389140 secs] [Times: user=0.15 sys=0.00, real=0.04 secs] 
2014-07-16T15:00:32.657+0000: 3442.844: [GC [PSYoungGen: 1003154K->452K(963328K)] 1335870K->333264K(1650304K), 0.0054860 secs] [Times: user=0.01 sys=0.00, real=0.01 secs] 
2014-07-16T15:00:34.847+0000: 3445.035: [GC [PSYoungGen: 963268K->576K(925440K)] 1296080K->333516K(1612416K), 0.0061640 secs] [Times: user=0.02 sys=0.00, real=0.01 secs] 
2014-07-16T15:00:37.035+0000: 3447.223: [GC [PSYoungGen: 925440K->512K(889216K)] 1258380K->333620K(1576192K), 0.0387180 secs] [Times: user=0.15 sys=0.00, real=0.04 secs] 
2014-07-16T15:00:39.059+0000: 3449.247: [GC [PSYoungGen: 889216K->644K(1067200K)] 1222324K->334008K(1754176K), 0.0301120 secs] [Times: user=0.11 sys=0.00, real=0.03 secs] 
2014-07-16T15:00:41.516+0000: 3451.704: [GC [PSYoungGen: 1067140K->530K(1024128K)] 1400504K->334014K(1711104K), 0.0103270 secs] [Times: user=0.03 sys=0.00, real=0.01 secs] 
2014-07-16T15:00:43.754+0000: 3453.941: [GC [PSYoungGen: 1024082K->644K(983424K)] 1357566K->334312K(1670400K), 0.0192940 secs] [Times: user=0.07 sys=0.00, real=0.02 secs] 
2014-07-16T15:00:45.977+0000: 3456.164: [GC [PSYoungGen: 983364K->562K(944384K)] 1317032K->334334K(1631360K), 0.0289430 secs] [Times: user=0.11 sys=0.00, real=0.03 secs] 
2014-07-16T15:00:48.132+0000: 3458.319: [GC [PSYoungGen: 944370K->832K(907584K)] 1278142K->334796K(1594560K), 0.0065010 secs] [Times: user=0.02 sys=0.00, real=0.01 secs] 
2014-07-16T15:00:50.134+0000: 3460.321: [GC [PSYoungGen: 907584K->352K(871872K)] 1241548K->334492K(1558848K), 0.0187320 secs] [Times: user=0.06 sys=0.00, real=0.01 secs] 
2014-07-16T15:00:52.113+0000: 3462.300: [GC [PSYoungGen: 871840K->562K(838464K)] 1205980K->334806K(1525440K), 0.0104800 secs] [Times: user=0.03 sys=0.00, real=0.01 secs] 
2014-07-16T15:00:54.011+0000: 3464.198: [GC [PSYoungGen: 838450K->612K(806528K)] 1172694K->335008K(1493504K), 0.0294200 secs] [Times: user=0.11 sys=0.00, real=0.03 secs] 
2014-07-16T15:00:55.881+0000: 3466.068: [GC [PSYoungGen: 806500K->708K(776128K)] 1140896K->335216K(1463104K), 0.0139670 secs] [Times: user=0.04 sys=0.00, real=0.01 secs] 
2014-07-16T15:00:57.649+0000: 3467.836: [GC [PSYoungGen: 776067K->576K(931008K)] 1110576K->335348K(1617984K), 0.0302970 secs] [Times: user=0.11 sys=0.00, real=0.03 secs] 
2014-07-16T15:00:59.713+0000: 3469.900: [GC [PSYoungGen: 931008K->534K(1117120K)] 1265780K->335426K(1804096K), 0.0438010 secs] [Times: user=0.15 sys=0.00, real=0.05 secs] 
2014-07-16T15:01:02.291+0000: 3472.478: [GC [PSYoungGen: 1117078K->708K(1340672K)] 1451970K->335704K(2027648K), 0.0326260 secs] [Times: user=0.12 sys=0.01, real=0.03 secs] 
2014-07-16T15:01:05.270+0000: 3475.458: [GC [PSYoungGen: 1340612K->758K(1520448K)] 1675608K->335938K(2207424K), 0.0199630 secs] [Times: user=0.07 sys=0.00, real=0.02 secs] 
2014-07-16T15:01:08.866+0000: 3479.053: [GC [PSYoungGen: 1520438K->658K(1455424K)] 1855618K->336014K(2142400K), 0.0064220 secs] [Times: user=0.02 sys=0.00, real=0.01 secs] 
2014-07-16T15:01:12.254+0000: 3482.442: [GC [PSYoungGen: 1455320K->384K(1393344K)] 1790676K->336428K(2080320K), 0.0130650 secs] [Times: user=0.05 sys=0.00, real=0.01 secs] 
2014-07-16T15:01:15.382+0000: 3485.569: [GC [PSYoungGen: 1393344K->594K(1334848K)] 1729388K->336862K(2021824K), 0.0239520 secs] [Times: user=0.09 sys=0.00, real=0.02 secs] 
2014-07-16T15:01:18.499+0000: 3488.686: [GC [PSYoungGen: 1334802K->694K(1279040K)] 1671070K->337210K(1966016K), 0.0356590 secs] [Times: user=0.13 sys=0.00, real=0.03 secs] 
2014-07-16T15:01:21.333+0000: 3491.520: [GC [PSYoungGen: 1279030K->836K(1226048K)] 1615546K->337592K(1913024K), 0.0228270 secs] [Times: user=0.08 sys=0.00, real=0.02 secs] 
2014-07-16T15:01:24.129+0000: 3494.316: [GC [PSYoungGen: 1225988K->484K(1175104K)] 1562744K->337976K(1862080K), 0.0205790 secs] [Times: user=0.07 sys=0.00, real=0.02 secs] 
2014-07-16T15:01:26.825+0000: 3497.012: [GC [PSYoungGen: 1175076K->1188K(1127680K)] 1512568K->338912K(1814656K), 0.0312760 secs] [Times: user=0.12 sys=0.00, real=0.03 secs] 
2014-07-16T15:01:29.299+0000: 3499.486: [GC [PSYoungGen: 1127652K->530K(1352384K)] 1465376K->338622K(2039360K), 0.0332550 secs] [Times: user=0.12 sys=0.00, real=0.04 secs] 
2014-07-16T15:01:32.351+0000: 3502.538: [GC [PSYoungGen: 1352338K->580K(1295744K)] 1690430K->338832K(1982720K), 0.0062430 secs] [Times: user=0.02 sys=0.00, real=0.01 secs] 
2014-07-16T15:01:35.274+0000: 3505.461: [GC [PSYoungGen: 1295684K->608K(1241792K)] 1633936K->339028K(1928768K), 0.0313350 secs] [Times: user=0.12 sys=0.00, real=0.03 secs] 
2014-07-16T15:01:38.142+0000: 3508.329: [GC [PSYoungGen: 1241760K->1242K(1191104K)] 1580180K->339926K(1878080K), 0.0099760 secs] [Times: user=0.02 sys=0.00, real=0.01 secs] 
2014-07-16T15:01:40.769+0000: 3510.956: [GC [PSYoungGen: 1191066K->512K(1141440K)] 1529750K->339428K(1828416K), 0.0075650 secs] [Times: user=0.02 sys=0.00, real=0.01 secs] 
2014-07-16T15:01:43.343+0000: 3513.530: [GC [PSYoungGen: 1141440K->726K(1095168K)] 1480356K->339786K(1782144K), 0.0049350 secs] [Times: user=0.01 sys=0.00, real=0.00 secs] 
2014-07-16T15:01:45.769+0000: 3515.957: [GC [PSYoungGen: 1095126K->530K(1050688K)] 1434186K->339750K(1737664K), 0.0238050 secs] [Times: user=0.08 sys=0.00, real=0.03 secs] 
2014-07-16T15:01:48.130+0000: 3518.317: [GC [PSYoungGen: 1050594K->1018K(1009024K)] 1389815K->340438K(1696000K), 0.0203540 secs] [Times: user=0.06 sys=0.00, real=0.02 secs] 
2014-07-16T15:01:50.362+0000: 3520.550: [GC [PSYoungGen: 1009018K->516K(968448K)] 1348438K->340112K(1655424K), 0.0068130 secs] [Times: user=0.01 sys=0.00, real=0.01 secs] 
2014-07-16T15:01:52.508+0000: 3522.695: [GC [PSYoungGen: 968388K->488K(930176K)] 1307984K->340220K(1617152K), 0.0287850 secs] [Times: user=0.10 sys=0.00, real=0.03 secs] 
2014-07-16T15:01:54.584+0000: 3524.771: [GC [PSYoungGen: 930152K->484K(893824K)] 1269884K->340336K(1580800K), 0.0058590 secs] [Times: user=0.02 sys=0.00, real=0.00 secs] 
2014-07-16T15:01:56.564+0000: 3526.751: [GC [PSYoungGen: 893796K->680K(859392K)] 1233648K->340620K(1546368K), 0.0415760 secs] [Times: user=0.15 sys=0.00, real=0.04 secs] 
2014-07-16T15:01:58.497+0000: 3528.684: [GC [PSYoungGen: 859368K->644K(826432K)] 1199308K->340728K(1513408K), 0.0056430 secs] [Times: user=0.02 sys=0.00, real=0.00 secs] 
2014-07-16T15:02:00.541+0000: 3530.728: [GC [PSYoungGen: 826372K->626K(794944K)] 1166456K->340862K(1481920K), 0.0318900 secs] [Times: user=0.12 sys=0.00, real=0.03 secs] 
2014-07-16T15:02:02.444+0000: 3532.632: [GC [PSYoungGen: 794930K->498K(764864K)] 1135166K->340926K(1451840K), 0.0083730 secs] [Times: user=0.02 sys=0.00, real=0.01 secs] 
2014-07-16T15:02:04.111+0000: 3534.299: [GC [PSYoungGen: 764850K->484K(736320K)] 1105278K->341056K(1423296K), 0.0138060 secs] [Times: user=0.04 sys=0.00, real=0.01 secs] 
2014-07-16T15:02:05.784+0000: 3535.971: [GC [PSYoungGen: 736292K->448K(709056K)] 1076864K->341116K(1396032K), 0.0088260 secs] [Times: user=0.02 sys=0.00, real=0.01 secs] 
2014-07-16T15:02:07.503+0000: 3537.690: [GC [PSYoungGen: 709056K->626K(851008K)] 1049724K->341430K(1537984K), 0.0512330 secs] [Times: user=0.19 sys=0.00, real=0.05 secs] 
2014-07-16T15:02:09.442+0000: 3539.629: [GC [PSYoungGen: 850994K->758K(1021248K)] 1191798K->341754K(1708224K), 0.0101160 secs] [Times: user=0.03 sys=0.00, real=0.01 secs] 
2014-07-16T15:02:11.684+0000: 3541.871: [GC [PSYoungGen: 1021238K->516K(1225152K)] 1362234K->341632K(1912128K), 0.0218780 secs] [Times: user=0.08 sys=0.01, real=0.02 secs] 
2014-07-16T15:02:14.437+0000: 3544.624: [GC [PSYoungGen: 1225092K->708K(1174784K)] 1566208K->341944K(1861760K), 0.0194200 secs] [Times: user=0.07 sys=0.00, real=0.02 secs] 
2014-07-16T15:02:17.037+0000: 3547.225: [GC [PSYoungGen: 1174724K->544K(1126464K)] 1515960K->341924K(1813440K), 0.0184060 secs] [Times: user=0.08 sys=0.00, real=0.02 secs] 
2014-07-16T15:02:19.643+0000: 3549.831: [GC [PSYoungGen: 1126432K->836K(1081024K)] 1467812K->342416K(1768000K), 0.0085290 secs] [Times: user=0.02 sys=0.00, real=0.01 secs] 
2014-07-16T15:02:22.086+0000: 3552.273: [GC [PSYoungGen: 1080946K->1068K(1037632K)] 1422526K->342848K(1724608K), 0.0165020 secs] [Times: user=0.05 sys=0.01, real=0.02 secs] 
2014-07-16T15:02:24.407+0000: 3554.595: [GC [PSYoungGen: 1037612K->256K(995328K)] 1379392K->342254K(1682304K), 0.0191070 secs] [Times: user=0.06 sys=0.00, real=0.02 secs] 
2014-07-16T15:02:26.635+0000: 3556.822: [GC [PSYoungGen: 995256K->448K(956032K)] 1337254K->342558K(1643008K), 0.0264660 secs] [Times: user=0.10 sys=0.00, real=0.03 secs] 
2014-07-16T15:02:28.785+0000: 3558.972: [GC [PSYoungGen: 956002K->416K(918464K)] 1298112K->342718K(1605440K), 0.0069080 secs] [Times: user=0.02 sys=0.00, real=0.01 secs] 
2014-07-16T15:02:30.864+0000: 3561.051: [GC [PSYoungGen: 918432K->498K(882752K)] 1260734K->342936K(1569728K), 0.0058160 secs] [Times: user=0.02 sys=0.00, real=0.01 secs] 
2014-07-16T15:02:33.067+0000: 3563.254: [GC [PSYoungGen: 882738K->964K(849152K)] 1225176K->343546K(1536128K), 0.0436680 secs] [Times: user=0.16 sys=0.00, real=0.05 secs] 
2014-07-16T15:02:34.938+0000: 3565.125: [GC [PSYoungGen: 849092K->384K(816000K)] 1191674K->343182K(1502976K), 0.0071070 secs] [Times: user=0.02 sys=0.00, real=0.01 secs] 
2014-07-16T15:02:36.769+0000: 3566.956: [GC [PSYoungGen: 816000K->484K(785152K)] 1158798K->343362K(1472128K), 0.0057740 secs] [Times: user=0.02 sys=0.00, real=0.01 secs] 
2014-07-16T15:02:38.596+0000: 3568.783: [GC [PSYoungGen: 785122K->626K(755776K)] 1128000K->343648K(1442752K), 0.0166100 secs] [Times: user=0.06 sys=0.01, real=0.02 secs] 
2014-07-16T15:02:40.307+0000: 3570.494: [GC [PSYoungGen: 755762K->626K(727680K)] 1098784K->343832K(1414656K), 0.0253990 secs] [Times: user=0.09 sys=0.00, real=0.03 secs] 
2014-07-16T15:02:41.974+0000: 3572.161: [GC [PSYoungGen: 727666K->680K(700928K)] 1070872K->343982K(1387904K), 0.0058100 secs] [Times: user=0.02 sys=0.00, real=0.00 secs] 
2014-07-16T15:02:43.539+0000: 3573.726: [GC [PSYoungGen: 700904K->548K(675264K)] 1044206K->343954K(1362240K), 0.0068690 secs] [Times: user=0.02 sys=0.00, real=0.01 secs] 
2014-07-16T15:02:45.025+0000: 3575.213: [GC [PSYoungGen: 675229K->324K(650688K)] 1018635K->343834K(1337664K), 0.0189620 secs] [Times: user=0.06 sys=0.00, real=0.02 secs] 
2014-07-16T15:02:46.463+0000: 3576.650: [GC [PSYoungGen: 650628K->370K(627456K)] 994138K->343952K(1314432K), 0.0163410 secs] [Times: user=0.06 sys=0.00, real=0.01 secs] 
2014-07-16T15:02:47.940+0000: 3578.128: [GC [PSYoungGen: 627442K->754K(605632K)] 971024K->344464K(1292608K), 0.0050960 secs] [Times: user=0.01 sys=0.00, real=0.01 secs] 
2014-07-16T15:02:49.264+0000: 3579.451: [GC [PSYoungGen: 605618K->352K(584064K)] 949328K->344182K(1271040K), 0.0186460 secs] [Times: user=0.07 sys=0.00, real=0.02 secs] 
2014-07-16T15:02:50.564+0000: 3580.751: [GC [PSYoungGen: 584027K->488K(563968K)] 927857K->344414K(1250944K), 0.0122170 secs] [Times: user=0.05 sys=0.00, real=0.01 secs] 
2014-07-16T15:02:51.824+0000: 3582.011: [GC [PSYoungGen: 563943K->256K(544384K)] 907869K->344270K(1231360K), 0.0127180 secs] [Times: user=0.05 sys=0.00, real=0.01 secs] 
2014-07-16T15:02:53.106+0000: 3583.294: [GC [PSYoungGen: 544384K->818K(653824K)] 888398K->344912K(1340800K), 0.0384030 secs] [Times: user=0.15 sys=0.00, real=0.04 secs] 
2014-07-16T15:02:54.570+0000: 3584.757: [GC [PSYoungGen: 653810K->480K(784128K)] 997904K->344662K(1471104K), 0.0141750 secs] [Times: user=0.05 sys=0.00, real=0.02 secs] 
2014-07-16T15:02:56.336+0000: 3586.523: [GC [PSYoungGen: 784096K->580K(940992K)] 1128278K->344882K(1627968K), 0.0142760 secs] [Times: user=0.05 sys=0.00, real=0.01 secs] 
2014-07-16T15:02:58.462+0000: 3588.649: [GC [PSYoungGen: 940932K->576K(904064K)] 1285234K->345022K(1591040K), 0.0063720 secs] [Times: user=0.02 sys=0.00, real=0.01 secs] 
2014-07-16T15:03:00.461+0000: 3590.648: [GC [PSYoungGen: 904064K->370K(868736K)] 1248510K->344968K(1555712K), 0.0125510 secs] [Times: user=0.04 sys=0.00, real=0.01 secs] 
2014-07-16T15:03:02.394+0000: 3592.582: [GC [PSYoungGen: 868722K->434K(1042496K)] 1213320K->345152K(1729472K), 0.0272130 secs] [Times: user=0.09 sys=0.00, real=0.02 secs] 
2014-07-16T15:03:04.820+0000: 3595.007: [GC [PSYoungGen: 1042482K->466K(1000832K)] 1387200K->345288K(1687808K), 0.0078880 secs] [Times: user=0.01 sys=0.00, real=0.01 secs] 
2014-07-16T15:03:07.027+0000: 3597.214: [GC [PSYoungGen: 1000786K->658K(961280K)] 1345608K->345656K(1648256K), 0.0088660 secs] [Times: user=0.02 sys=0.00, real=0.01 secs] 
2014-07-16T15:03:09.160+0000: 3599.347: [GC [PSYoungGen: 961234K->562K(923328K)] 1306232K->345728K(1610304K), 0.0067270 secs] [Times: user=0.02 sys=0.00, real=0.01 secs] 
2014-07-16T15:03:11.230+0000: 3601.418: [GC [PSYoungGen: 923314K->384K(887104K)] 1268480K->345694K(1574080K), 0.0341130 secs] [Times: user=0.13 sys=0.00, real=0.03 secs] 
2014-07-16T15:03:13.266+0000: 3603.453: [GC [PSYoungGen: 887097K->648K(853120K)] 1232407K->346086K(1540096K), 0.0055140 secs] [Times: user=0.01 sys=0.00, real=0.00 secs] 
2014-07-16T15:03:15.162+0000: 3605.350: [GC [PSYoungGen: 853064K->626K(820352K)] 1198502K->346200K(1507328K), 0.0045180 secs] [Times: user=0.02 sys=0.00, real=0.01 secs] 
2014-07-16T15:03:16.963+0000: 3607.150: [GC [PSYoungGen: 820338K->562K(789120K)] 1165912K->346280K(1476096K), 0.0126330 secs] [Times: user=0.05 sys=0.00, real=0.01 secs] 
2014-07-16T15:03:18.703+0000: 3608.890: [GC [PSYoungGen: 789106K->576K(759424K)] 1134824K->346462K(1446400K), 0.0345390 secs] [Times: user=0.13 sys=0.00, real=0.04 secs] 
2014-07-16T15:03:20.411+0000: 3610.598: [GC [PSYoungGen: 759424K->452K(911168K)] 1105310K->346474K(1598144K), 0.0312220 secs] [Times: user=0.12 sys=0.00, real=0.03 secs] 
2014-07-16T15:03:22.433+0000: 3612.620: [GC [PSYoungGen: 911108K->306K(1093120K)] 1257130K->346432K(1780096K), 0.0237410 secs] [Times: user=0.09 sys=0.00, real=0.02 secs] 
2014-07-16T15:03:24.948+0000: 3615.136: [GC [PSYoungGen: 1093106K->384K(1311744K)] 1439232K->346630K(1998720K), 0.0386800 secs] [Times: user=0.14 sys=0.00, real=0.03 secs] 
2014-07-16T15:03:27.867+0000: 3618.055: [GC [PSYoungGen: 1311744K->772K(1490880K)] 1657990K->347186K(2177856K), 0.0133830 secs] [Times: user=0.04 sys=0.00, real=0.02 secs] 
2014-07-16T15:03:31.198+0000: 3621.385: [GC [PSYoungGen: 1490820K->722K(1427328K)] 1837234K->347344K(2114304K), 0.0115140 secs] [Times: user=0.03 sys=0.00, real=0.02 secs] 
2014-07-16T15:03:34.435+0000: 3624.622: [GC [PSYoungGen: 1427209K->192K(1366400K)] 1773831K->347318K(2053376K), 0.0166000 secs] [Times: user=0.07 sys=0.00, real=0.02 secs] 
2014-07-16T15:03:39.299+0000: 3629.487: [GC [PSYoungGen: 1366400K->406K(1309248K)] 1713526K->347716K(1996224K), 0.0194000 secs] [Times: user=0.07 sys=0.00, real=0.02 secs] 
Heap
 PSYoungGen      total 1309248K, used 901855K [0x0000000755560000, 0x00000007b0550000, 0x0000000800000000)
  eden space 1308800K, 68% used [0x0000000755560000,0x000000078c5b2718,0x00000007a5380000)
  from space 448K, 90% used [0x00000007b0390000,0x00000007b03f5820,0x00000007b0400000)
  to   space 960K, 0% used [0x00000007b0460000,0x00000007b0460000,0x00000007b0550000)
 ParOldGen       total 686976K, used 347310K [0x0000000600000000, 0x0000000629ee0000, 0x0000000755560000)
  object space 686976K, 50% used [0x0000000600000000,0x000000061532b900,0x0000000629ee0000)
 PSPermGen       total 21248K, used 11722K [0x00000005f5a00000, 0x00000005f6ec0000, 0x0000000600000000)
  object space 21248K, 55% used [0x00000005f5a00000,0x00000005f6572960,0x00000005f6ec0000)
