2014-07-16T14:03:32.439+0000: 22.626: [GC [PSYoungGen: 257728K->11218K(300608K)] 257728K->11226K(987584K), 0.0212140 secs] [Times: user=0.05 sys=0.01, real=0.02 secs] 
2014-07-16T14:03:36.866+0000: 27.053: [GC [PSYoungGen: 268946K->12497K(300608K)] 268954K->12513K(987584K), 0.0170200 secs] [Times: user=0.09 sys=0.01, real=0.02 secs] 
2014-07-16T14:03:39.822+0000: 30.009: [GC [PSYoungGen: 270225K->12817K(300608K)] 270241K->12841K(987584K), 0.0211150 secs] [Times: user=0.13 sys=0.01, real=0.03 secs] 
2014-07-16T14:03:42.273+0000: 32.460: [GC [PSYoungGen: 270545K->12945K(300608K)] 270569K->12977K(987584K), 0.0094030 secs] [Times: user=0.06 sys=0.00, real=0.01 secs] 
2014-07-16T14:03:44.236+0000: 34.423: [GC [PSYoungGen: 270673K->18347K(269696K)] 270705K->18387K(956672K), 0.0148200 secs] [Times: user=0.09 sys=0.01, real=0.01 secs] 
2014-07-16T14:03:46.014+0000: 36.202: [GC [PSYoungGen: 269675K->17587K(262784K)] 269715K->22675K(949760K), 0.0178670 secs] [Times: user=0.08 sys=0.03, real=0.01 secs] 
2014-07-16T14:03:47.846+0000: 38.033: [GC [PSYoungGen: 262771K->9268K(248512K)] 267859K->24433K(935488K), 0.0242360 secs] [Times: user=0.16 sys=0.01, real=0.02 secs] 
2014-07-16T14:03:49.539+0000: 39.726: [GC [PSYoungGen: 248500K->8916K(246080K)] 263665K->24477K(933056K), 0.0112380 secs] [Times: user=0.08 sys=0.00, real=0.01 secs] 
2014-07-16T14:03:51.054+0000: 41.241: [GC [PSYoungGen: 242452K->3226K(231296K)] 258013K->25392K(918272K), 0.0102400 secs] [Times: user=0.06 sys=0.01, real=0.01 secs] 
2014-07-16T14:03:52.561+0000: 42.748: [GC [PSYoungGen: 231219K->2142K(242048K)] 253385K->25922K(929024K), 0.0036260 secs] [Times: user=0.01 sys=0.01, real=0.00 secs] 
2014-07-16T14:03:53.969+0000: 44.156: [GC [PSYoungGen: 224862K->962K(218624K)] 248642K->25912K(905600K), 0.0040720 secs] [Times: user=0.02 sys=0.00, real=0.00 secs] 
2014-07-16T14:03:55.269+0000: 45.456: [GC [PSYoungGen: 218562K->598K(232768K)] 243512K->25620K(919744K), 0.0045600 secs] [Times: user=0.02 sys=0.00, real=0.00 secs] 
2014-07-16T14:03:56.514+0000: 46.701: [GC [PSYoungGen: 213270K->566K(208448K)] 238292K->25644K(895424K), 0.0053330 secs] [Times: user=0.01 sys=0.00, real=0.01 secs] 
2014-07-16T14:03:57.747+0000: 47.934: [GC [PSYoungGen: 208407K->812K(222784K)] 233485K->25938K(909760K), 0.0056250 secs] [Times: user=0.03 sys=0.01, real=0.00 secs] 
2014-07-16T14:03:58.838+0000: 49.025: [GC [PSYoungGen: 204076K->548K(199360K)] 229202K->25738K(886336K), 0.0064150 secs] [Times: user=0.03 sys=0.00, real=0.00 secs] 
2014-07-16T14:03:59.787+0000: 49.974: [GC [PSYoungGen: 199327K->616K(212928K)] 224517K->25886K(899904K), 0.0065970 secs] [Times: user=0.04 sys=0.00, real=0.00 secs] 
2014-07-16T14:04:00.740+0000: 50.927: [GC [PSYoungGen: 195112K->778K(191168K)] 220382K->26112K(878144K), 0.0074550 secs] [Times: user=0.04 sys=0.01, real=0.01 secs] 
2014-07-16T14:04:01.643+0000: 51.830: [GC [PSYoungGen: 191114K->626K(203264K)] 216448K->26282K(890240K), 0.0038560 secs] [Times: user=0.01 sys=0.00, real=0.01 secs] 
2014-07-16T14:04:02.580+0000: 52.768: [GC [PSYoungGen: 186930K->1088K(183488K)] 212586K->26824K(870464K), 0.0073920 secs] [Times: user=0.04 sys=0.00, real=0.01 secs] 
2014-07-16T14:04:03.646+0000: 53.833: [GC [PSYoungGen: 183488K->1140K(193728K)] 209224K->26900K(880704K), 0.0105250 secs] [Times: user=0.06 sys=0.00, real=0.01 secs] 
2014-07-16T14:04:04.402+0000: 54.589: [GC [PSYoungGen: 179764K->954K(175936K)] 205524K->26794K(862912K), 0.0056240 secs] [Times: user=0.03 sys=0.00, real=0.01 secs] 
2014-07-16T14:04:05.123+0000: 55.311: [GC [PSYoungGen: 175930K->712K(185152K)] 201770K->26632K(872128K), 0.0045700 secs] [Times: user=0.01 sys=0.01, real=0.01 secs] 
2014-07-16T14:04:05.812+0000: 56.000: [GC [PSYoungGen: 172168K->708K(168832K)] 198088K->26684K(855808K), 0.0070230 secs] [Times: user=0.03 sys=0.00, real=0.01 secs] 
2014-07-16T14:04:06.526+0000: 56.714: [GC [PSYoungGen: 168772K->666K(176960K)] 194748K->26714K(863936K), 0.0053590 secs] [Times: user=0.02 sys=0.00, real=0.01 secs] 
2014-07-16T14:04:07.196+0000: 57.383: [GC [PSYoungGen: 165466K->862K(162496K)] 191514K->26983K(849472K), 0.0043950 secs] [Times: user=0.01 sys=0.00, real=0.01 secs] 
2014-07-16T14:04:07.794+0000: 57.981: [GC [PSYoungGen: 162462K->1254K(168960K)] 188583K->27470K(855936K), 0.0047250 secs] [Times: user=0.02 sys=0.00, real=0.01 secs] 
2014-07-16T14:04:08.438+0000: 58.625: [GC [PSYoungGen: 159782K->534K(172992K)] 185998K->26774K(859968K), 0.0175520 secs] [Times: user=0.11 sys=0.01, real=0.01 secs] 
2014-07-16T14:04:09.061+0000: 59.248: [GC [PSYoungGen: 159051K->680K(218304K)] 185292K->26992K(905280K), 0.0038970 secs] [Times: user=0.02 sys=0.00, real=0.00 secs] 
2014-07-16T14:04:09.933+0000: 60.120: [GC [PSYoungGen: 206822K->648K(202304K)] 233135K->27032K(889280K), 0.0028420 secs] [Times: user=0.01 sys=0.00, real=0.00 secs] 
2014-07-16T14:04:10.696+0000: 60.883: [GC [PSYoungGen: 202248K->726K(203392K)] 228632K->27222K(890368K), 0.0024700 secs] [Times: user=0.01 sys=0.01, real=0.01 secs] 
2014-07-16T14:04:11.455+0000: 61.642: [GC [PSYoungGen: 197909K->754K(193728K)] 224406K->27346K(880704K), 0.0023460 secs] [Times: user=0.01 sys=0.00, real=0.00 secs] 
2014-07-16T14:04:12.139+0000: 62.326: [GC [PSYoungGen: 193689K->1108K(194048K)] 220282K->27749K(881024K), 0.0029110 secs] [Times: user=0.01 sys=0.01, real=0.00 secs] 
2014-07-16T14:04:12.822+0000: 63.009: [GC [PSYoungGen: 189972K->748K(185664K)] 216613K->27444K(872640K), 0.0029920 secs] [Times: user=0.01 sys=0.00, real=0.00 secs] 
2014-07-16T14:04:13.551+0000: 63.738: [GC [PSYoungGen: 185610K->1160K(185152K)] 212307K->27920K(872128K), 0.0031850 secs] [Times: user=0.01 sys=0.00, real=0.00 secs] 
2014-07-16T14:04:14.241+0000: 64.429: [GC [PSYoungGen: 182216K->576K(177920K)] 208976K->27392K(864896K), 0.0053420 secs] [Times: user=0.03 sys=0.00, real=0.00 secs] 
2014-07-16T14:04:14.934+0000: 65.121: [GC [PSYoungGen: 177887K->798K(176640K)] 204703K->27638K(863616K), 0.0039800 secs] [Times: user=0.01 sys=0.00, real=0.01 secs] 
2014-07-16T14:04:15.582+0000: 65.769: [GC [PSYoungGen: 174558K->994K(171328K)] 201398K->27922K(858304K), 0.0038080 secs] [Times: user=0.01 sys=0.01, real=0.00 secs] 
2014-07-16T14:04:16.204+0000: 66.391: [GC [PSYoungGen: 171298K->352K(168192K)] 198226K->27304K(855168K), 0.0037600 secs] [Times: user=0.01 sys=0.00, real=0.01 secs] 
2014-07-16T14:04:16.777+0000: 66.964: [GC [PSYoungGen: 167328K->544K(164288K)] 194280K->27552K(851264K), 0.0061980 secs] [Times: user=0.04 sys=0.00, real=0.01 secs] 
2014-07-16T14:04:17.366+0000: 67.553: [GC [PSYoungGen: 164256K->1050K(161664K)] 191264K->28122K(848640K), 0.0035250 secs] [Times: user=0.01 sys=0.00, real=0.01 secs] 
2014-07-16T14:04:17.928+0000: 68.115: [GC [PSYoungGen: 161625K->690K(158208K)] 188698K->27850K(845184K), 0.0031750 secs] [Times: user=0.01 sys=0.00, real=0.01 secs] 
2014-07-16T14:04:18.536+0000: 68.723: [GC [PSYoungGen: 158194K->908K(155520K)] 185354K->28132K(842496K), 0.0047120 secs] [Times: user=0.02 sys=0.00, real=0.01 secs] 
2014-07-16T14:04:19.046+0000: 69.233: [GC [PSYoungGen: 155459K->898K(152640K)] 182684K->28194K(839616K), 0.0041660 secs] [Times: user=0.02 sys=0.00, real=0.01 secs] 
2014-07-16T14:04:19.584+0000: 69.772: [GC [PSYoungGen: 152578K->740K(149696K)] 179874K->28132K(836672K), 0.0034950 secs] [Times: user=0.02 sys=0.00, real=0.00 secs] 
2014-07-16T14:04:20.117+0000: 70.304: [GC [PSYoungGen: 149668K->602K(146880K)] 177060K->28058K(833856K), 0.0030710 secs] [Times: user=0.02 sys=0.00, real=0.01 secs] 
2014-07-16T14:04:20.636+0000: 70.823: [GC [PSYoungGen: 146810K->1202K(144832K)] 174267K->28731K(831808K), 0.0050340 secs] [Times: user=0.03 sys=0.01, real=0.01 secs] 
2014-07-16T14:04:21.149+0000: 71.336: [GC [PSYoungGen: 144794K->562K(141632K)] 172323K->28186K(828608K), 0.0041980 secs] [Times: user=0.02 sys=0.00, real=0.00 secs] 
2014-07-16T14:04:21.658+0000: 71.845: [GC [PSYoungGen: 141614K->720K(139392K)] 169239K->28377K(826368K), 0.0063220 secs] [Times: user=0.03 sys=0.00, real=0.01 secs] 
2014-07-16T14:04:22.173+0000: 72.361: [GC [PSYoungGen: 139323K->1100K(137408K)] 166980K->28820K(824384K), 0.0034920 secs] [Times: user=0.02 sys=0.00, real=0.00 secs] 
2014-07-16T14:04:22.666+0000: 72.853: [GC [PSYoungGen: 137356K->576K(134528K)] 165076K->28352K(821504K), 0.0050870 secs] [Times: user=0.02 sys=0.00, real=0.01 secs] 
2014-07-16T14:04:23.144+0000: 73.331: [GC [PSYoungGen: 134528K->972K(132736K)] 162304K->28828K(819712K), 0.0029830 secs] [Times: user=0.02 sys=0.01, real=0.00 secs] 
2014-07-16T14:04:23.635+0000: 73.822: [GC [PSYoungGen: 132664K->566K(130112K)] 160521K->28478K(817088K), 0.0048140 secs] [Times: user=0.02 sys=0.00, real=0.00 secs] 
2014-07-16T14:04:24.112+0000: 74.299: [GC [PSYoungGen: 130102K->932K(128384K)] 158014K->28924K(815360K), 0.0038050 secs] [Times: user=0.02 sys=0.00, real=0.00 secs] 
2014-07-16T14:04:24.610+0000: 74.798: [GC [PSYoungGen: 128355K->1190K(126592K)] 156348K->29238K(813568K), 0.0033130 secs] [Times: user=0.01 sys=0.00, real=0.00 secs] 
2014-07-16T14:04:25.066+0000: 75.253: [GC [PSYoungGen: 126566K->790K(124160K)] 154614K->28918K(811136K), 0.0028570 secs] [Times: user=0.01 sys=0.00, real=0.00 secs] 
2014-07-16T14:04:25.503+0000: 75.690: [GC [PSYoungGen: 124118K->448K(121792K)] 152246K->28624K(808768K), 0.0067650 secs] [Times: user=0.03 sys=0.00, real=0.00 secs] 
2014-07-16T14:04:25.936+0000: 76.123: [GC [PSYoungGen: 121792K->870K(141888K)] 149968K->29087K(828864K), 0.0066660 secs] [Times: user=0.03 sys=0.00, real=0.01 secs] 
2014-07-16T14:04:26.437+0000: 76.624: [GC [PSYoungGen: 140390K->708K(137856K)] 168607K->28980K(824832K), 0.0031220 secs] [Times: user=0.01 sys=0.00, real=0.01 secs] 
2014-07-16T14:04:26.920+0000: 77.107: [GC [PSYoungGen: 137796K->1004K(135744K)] 166068K->29372K(822720K), 0.0039900 secs] [Times: user=0.02 sys=0.00, real=0.00 secs] 
2014-07-16T14:04:27.399+0000: 77.586: [GC [PSYoungGen: 135722K->698K(133120K)] 164091K->29138K(820096K), 0.0027900 secs] [Times: user=0.01 sys=0.01, real=0.01 secs] 
2014-07-16T14:04:27.879+0000: 78.066: [GC [PSYoungGen: 133101K->930K(131136K)] 161542K->29443K(818112K), 0.0024050 secs] [Times: user=0.00 sys=0.01, real=0.01 secs] 
2014-07-16T14:04:28.356+0000: 78.543: [GC [PSYoungGen: 131106K->480K(128512K)] 159619K->29088K(815488K), 0.0026200 secs] [Times: user=0.01 sys=0.00, real=0.00 secs] 
2014-07-16T14:04:28.841+0000: 79.028: [GC [PSYoungGen: 128480K->1212K(127104K)] 157088K->29909K(814080K), 0.0039550 secs] [Times: user=0.02 sys=0.00, real=0.00 secs] 
2014-07-16T14:04:29.290+0000: 79.477: [GC [PSYoungGen: 127100K->866K(124736K)] 155797K->29602K(811712K), 0.0028580 secs] [Times: user=0.01 sys=0.00, real=0.00 secs] 
2014-07-16T14:04:29.746+0000: 79.933: [GC [PSYoungGen: 124706K->976K(122880K)] 153442K->29808K(809856K), 0.0036710 secs] [Times: user=0.02 sys=0.00, real=0.01 secs] 
2014-07-16T14:04:30.177+0000: 80.364: [GC [PSYoungGen: 122832K->726K(120704K)] 151664K->29654K(807680K), 0.0043690 secs] [Times: user=0.02 sys=0.01, real=0.01 secs] 
2014-07-16T14:04:30.599+0000: 80.786: [GC [PSYoungGen: 120662K->748K(118848K)] 149590K->29748K(805824K), 0.0049680 secs] [Times: user=0.03 sys=0.00, real=0.01 secs] 
2014-07-16T14:04:31.018+0000: 81.205: [GC [PSYoungGen: 118828K->730K(117056K)] 147828K->29778K(804032K), 0.0040480 secs] [Times: user=0.02 sys=0.00, real=0.01 secs] 
2014-07-16T14:04:31.432+0000: 81.619: [GC [PSYoungGen: 116974K->862K(115392K)] 146023K->29974K(802368K), 0.0025540 secs] [Times: user=0.01 sys=0.00, real=0.00 secs] 
2014-07-16T14:04:31.842+0000: 82.029: [GC [PSYoungGen: 115356K->584K(113408K)] 144469K->29728K(800384K), 0.0049050 secs] [Times: user=0.03 sys=0.00, real=0.00 secs] 
2014-07-16T14:04:32.247+0000: 82.434: [GC [PSYoungGen: 113338K->420K(111552K)] 142483K->29604K(798528K), 0.0024340 secs] [Times: user=0.01 sys=0.00, real=0.00 secs] 
2014-07-16T14:04:32.647+0000: 82.834: [GC [PSYoungGen: 111524K->626K(110080K)] 140708K->29858K(797056K), 0.0031790 secs] [Times: user=0.02 sys=0.00, real=0.00 secs] 
2014-07-16T14:04:33.050+0000: 83.237: [GC [PSYoungGen: 110066K->1164K(109056K)] 139298K->30460K(796032K), 0.0043070 secs] [Times: user=0.02 sys=0.00, real=0.01 secs] 
2014-07-16T14:04:33.424+0000: 83.611: [GC [PSYoungGen: 109004K->1122K(107456K)] 138300K->30482K(794432K), 0.0037150 secs] [Times: user=0.02 sys=0.00, real=0.00 secs] 
2014-07-16T14:04:33.841+0000: 84.028: [GC [PSYoungGen: 107379K->930K(105728K)] 136740K->30338K(792704K), 0.0037980 secs] [Times: user=0.02 sys=0.00, real=0.00 secs] 
2014-07-16T14:04:34.215+0000: 84.402: [GC [PSYoungGen: 105698K->1140K(104448K)] 135106K->30837K(791424K), 0.0031280 secs] [Times: user=0.02 sys=0.00, real=0.00 secs] 
2014-07-16T14:04:34.587+0000: 84.774: [GC [PSYoungGen: 104436K->644K(102528K)] 134133K->30428K(789504K), 0.0035400 secs] [Times: user=0.01 sys=0.00, real=0.00 secs] 
2014-07-16T14:04:34.966+0000: 85.154: [GC [PSYoungGen: 102468K->402K(100864K)] 132252K->30218K(787840K), 0.0034000 secs] [Times: user=0.01 sys=0.00, real=0.00 secs] 
2014-07-16T14:04:35.310+0000: 85.497: [GC [PSYoungGen: 100818K->826K(99904K)] 130634K->30723K(786880K), 0.0029640 secs] [Times: user=0.01 sys=0.01, real=0.01 secs] 
2014-07-16T14:04:35.672+0000: 85.859: [GC [PSYoungGen: 99898K->948K(119872K)] 129795K->30893K(806848K), 0.0059060 secs] [Times: user=0.03 sys=0.00, real=0.00 secs] 
2014-07-16T14:04:36.109+0000: 86.296: [GC [PSYoungGen: 119860K->954K(118016K)] 149805K->31002K(804992K), 0.0041770 secs] [Times: user=0.02 sys=0.00, real=0.01 secs] 
2014-07-16T14:04:36.530+0000: 86.717: [GC [PSYoungGen: 118010K->944K(129280K)] 148058K->31049K(816256K), 0.0057750 secs] [Times: user=0.04 sys=0.00, real=0.01 secs] 
2014-07-16T14:04:36.984+0000: 87.172: [GC [PSYoungGen: 128880K->648K(129472K)] 158985K->30801K(816448K), 0.0061490 secs] [Times: user=0.02 sys=0.00, real=0.00 secs] 
2014-07-16T14:04:37.442+0000: 87.629: [GC [PSYoungGen: 128584K->644K(155008K)] 158737K->30908K(841984K), 0.0029840 secs] [Times: user=0.01 sys=0.00, real=0.00 secs] 
2014-07-16T14:04:37.998+0000: 88.185: [GC [PSYoungGen: 154180K->836K(151616K)] 184444K->31180K(838592K), 0.0033420 secs] [Times: user=0.02 sys=0.00, real=0.00 secs] 
2014-07-16T14:04:38.531+0000: 88.718: [GC [PSYoungGen: 151555K->616K(148608K)] 181900K->31537K(835584K), 0.0048200 secs] [Times: user=0.02 sys=0.00, real=0.01 secs] 
2014-07-16T14:04:39.080+0000: 89.267: [GC [PSYoungGen: 148584K->484K(145792K)] 179505K->31469K(832768K), 0.0042140 secs] [Times: user=0.02 sys=0.00, real=0.01 secs] 
2014-07-16T14:04:39.586+0000: 89.773: [GC [PSYoungGen: 145764K->1448K(144192K)] 176749K->32581K(831168K), 0.0030220 secs] [Times: user=0.02 sys=0.00, real=0.00 secs] 
2014-07-16T14:04:40.090+0000: 90.278: [GC [PSYoungGen: 144168K->498K(140736K)] 175301K->31687K(827712K), 0.0049320 secs] [Times: user=0.02 sys=0.01, real=0.01 secs] 
2014-07-16T14:04:40.591+0000: 90.778: [GC [PSYoungGen: 140722K->480K(138304K)] 171911K->31765K(825280K), 0.0041450 secs] [Times: user=0.02 sys=0.00, real=0.01 secs] 
2014-07-16T14:04:41.085+0000: 91.272: [GC [PSYoungGen: 138272K->794K(136256K)] 169557K->32111K(823232K), 0.0080390 secs] [Times: user=0.04 sys=0.00, real=0.01 secs] 
2014-07-16T14:04:41.563+0000: 91.750: [GC [PSYoungGen: 136187K->1030K(134208K)] 167504K->32435K(821184K), 0.0032300 secs] [Times: user=0.02 sys=0.00, real=0.00 secs] 
2014-07-16T14:04:42.049+0000: 92.236: [GC [PSYoungGen: 134150K->1350K(132288K)] 165555K->32835K(819264K), 0.0031000 secs] [Times: user=0.02 sys=0.00, real=0.01 secs] 
2014-07-16T14:04:42.515+0000: 92.702: [GC [PSYoungGen: 132230K->544K(129280K)] 163715K->32093K(816256K), 0.0040310 secs] [Times: user=0.03 sys=0.00, real=0.00 secs] 
2014-07-16T14:04:42.969+0000: 93.156: [GC [PSYoungGen: 129246K->840K(127488K)] 160795K->32421K(814464K), 0.0054960 secs] [Times: user=0.02 sys=0.00, real=0.01 secs] 
2014-07-16T14:04:43.418+0000: 93.606: [GC [PSYoungGen: 127432K->662K(125248K)] 159013K->32315K(812224K), 0.0034960 secs] [Times: user=0.01 sys=0.00, real=0.00 secs] 
2014-07-16T14:04:43.902+0000: 94.089: [GC [PSYoungGen: 125204K->954K(123520K)] 156857K->32679K(810496K), 0.0058690 secs] [Times: user=0.03 sys=0.01, real=0.01 secs] 
2014-07-16T14:04:44.309+0000: 94.496: [GC [PSYoungGen: 123514K->772K(121472K)] 155239K->32577K(808448K), 0.0040500 secs] [Times: user=0.02 sys=0.00, real=0.01 secs] 
2014-07-16T14:04:44.735+0000: 94.922: [GC [PSYoungGen: 121412K->822K(119552K)] 153217K->32723K(806528K), 0.0041570 secs] [Times: user=0.02 sys=0.00, real=0.00 secs] 
2014-07-16T14:04:45.173+0000: 95.360: [GC [PSYoungGen: 119517K->502K(117376K)] 151418K->32467K(804352K), 0.0048350 secs] [Times: user=0.03 sys=0.00, real=0.00 secs] 
2014-07-16T14:04:45.598+0000: 95.785: [GC [PSYoungGen: 117327K->730K(115840K)] 149292K->32791K(802816K), 0.0046440 secs] [Times: user=0.03 sys=0.00, real=0.00 secs] 
2014-07-16T14:04:46.016+0000: 96.203: [GC [PSYoungGen: 115802K->790K(114176K)] 147863K->32915K(801152K), 0.0039840 secs] [Times: user=0.02 sys=0.00, real=0.00 secs] 
2014-07-16T14:04:46.413+0000: 96.600: [GC [PSYoungGen: 114111K->634K(112256K)] 146236K->32807K(799232K), 0.0025110 secs] [Times: user=0.01 sys=0.00, real=0.00 secs] 
2014-07-16T14:04:46.821+0000: 97.008: [GC [PSYoungGen: 112233K->1230K(111232K)] 144406K->33459K(798208K), 0.0030880 secs] [Times: user=0.01 sys=0.00, real=0.01 secs] 
2014-07-16T14:04:47.228+0000: 97.415: [GC [PSYoungGen: 111173K->826K(109184K)] 143402K->33135K(796160K), 0.0034840 secs] [Times: user=0.02 sys=0.01, real=0.00 secs] 
2014-07-16T14:04:47.619+0000: 97.806: [GC [PSYoungGen: 109175K->744K(107520K)] 141484K->33237K(794496K), 0.0038190 secs] [Times: user=0.02 sys=0.00, real=0.00 secs] 
2014-07-16T14:04:48.006+0000: 98.193: [GC [PSYoungGen: 107407K->794K(106048K)] 139900K->33359K(793024K), 0.0033700 secs] [Times: user=0.00 sys=0.00, real=0.00 secs] 
2014-07-16T14:04:48.374+0000: 98.561: [GC [PSYoungGen: 105997K->562K(104320K)] 138562K->33199K(791296K), 0.0043580 secs] [Times: user=0.02 sys=0.00, real=0.00 secs] 
2014-07-16T14:04:48.820+0000: 99.007: [GC [PSYoungGen: 104306K->928K(103232K)] 136943K->33645K(790208K), 0.0040120 secs] [Times: user=0.01 sys=0.00, real=0.01 secs] 
2014-07-16T14:04:49.121+0000: 99.309: [GC [PSYoungGen: 103200K->666K(101568K)] 135917K->33431K(788544K), 0.0031060 secs] [Times: user=0.01 sys=0.00, real=0.01 secs] 
2014-07-16T14:04:49.488+0000: 99.676: [GC [PSYoungGen: 101530K->858K(100352K)] 134295K->33703K(787328K), 0.0033360 secs] [Times: user=0.02 sys=0.00, real=0.00 secs] 
2014-07-16T14:04:49.838+0000: 100.025: [GC [PSYoungGen: 100243K->530K(98688K)] 133088K->33455K(785664K), 0.0038990 secs] [Times: user=0.03 sys=0.00, real=0.00 secs] 
2014-07-16T14:04:50.186+0000: 100.374: [GC [PSYoungGen: 98642K->576K(97344K)] 131567K->33581K(784320K), 0.0028500 secs] [Times: user=0.01 sys=0.00, real=0.00 secs] 
2014-07-16T14:04:50.541+0000: 100.728: [GC [PSYoungGen: 97314K->1054K(96576K)] 130319K->34107K(783552K), 0.0032840 secs] [Times: user=0.01 sys=0.00, real=0.01 secs] 
2014-07-16T14:04:50.885+0000: 101.072: [GC [PSYoungGen: 96542K->1278K(95488K)] 129595K->34403K(782464K), 0.0040330 secs] [Times: user=0.02 sys=0.00, real=0.00 secs] 
2014-07-16T14:04:51.214+0000: 101.401: [GC [PSYoungGen: 95486K->370K(93376K)] 128611K->34045K(780352K), 0.0031040 secs] [Times: user=0.02 sys=0.00, real=0.01 secs] 
2014-07-16T14:04:51.561+0000: 101.748: [GC [PSYoungGen: 93362K->690K(92480K)] 127037K->34413K(779456K), 0.0028930 secs] [Times: user=0.01 sys=0.00, real=0.01 secs] 
2014-07-16T14:04:51.884+0000: 102.071: [GC [PSYoungGen: 92466K->736K(91392K)] 126189K->34573K(778368K), 0.0040260 secs] [Times: user=0.01 sys=0.01, real=0.01 secs] 
2014-07-16T14:04:52.215+0000: 102.402: [GC [PSYoungGen: 91360K->1280K(110144K)] 125197K->35141K(797120K), 0.0048610 secs] [Times: user=0.02 sys=0.00, real=0.00 secs] 
2014-07-16T14:04:52.593+0000: 102.780: [GC [PSYoungGen: 110037K->580K(131200K)] 143899K->34505K(818176K), 0.0034140 secs] [Times: user=0.02 sys=0.00, real=0.01 secs] 
2014-07-16T14:04:53.080+0000: 103.267: [GC [PSYoungGen: 131138K->1222K(129664K)] 165063K->35211K(816640K), 0.0024540 secs] [Times: user=0.02 sys=0.00, real=0.00 secs] 
2014-07-16T14:04:53.545+0000: 103.732: [GC [PSYoungGen: 129606K->908K(127232K)] 163595K->34977K(814208K), 0.0040320 secs] [Times: user=0.02 sys=0.00, real=0.00 secs] 
2014-07-16T14:04:54.015+0000: 104.202: [GC [PSYoungGen: 127180K->1326K(125568K)] 161249K->35459K(812544K), 0.0043540 secs] [Times: user=0.02 sys=0.00, real=0.00 secs] 
2014-07-16T14:04:54.432+0000: 104.619: [GC [PSYoungGen: 125550K->498K(122752K)] 159683K->34695K(809728K), 0.0043740 secs] [Times: user=0.03 sys=0.00, real=0.01 secs] 
2014-07-16T14:04:54.871+0000: 105.058: [GC [PSYoungGen: 122738K->672K(121024K)] 156935K->34933K(808000K), 0.0029460 secs] [Times: user=0.01 sys=0.00, real=0.00 secs] 
2014-07-16T14:04:55.315+0000: 105.502: [GC [PSYoungGen: 120992K->982K(119488K)] 155253K->35315K(806464K), 0.0035490 secs] [Times: user=0.02 sys=0.01, real=0.00 secs] 
2014-07-16T14:04:55.733+0000: 105.920: [GC [PSYoungGen: 119446K->1008K(117632K)] 153779K->35405K(804608K), 0.0038060 secs] [Times: user=0.02 sys=0.00, real=0.01 secs] 
2014-07-16T14:04:56.155+0000: 106.342: [GC [PSYoungGen: 117607K->994K(115840K)] 152004K->35471K(802816K), 0.0036930 secs] [Times: user=0.02 sys=0.00, real=0.00 secs] 
2014-07-16T14:04:56.547+0000: 106.734: [GC [PSYoungGen: 115810K->1372K(114496K)] 150287K->35905K(801472K), 0.0027980 secs] [Times: user=0.01 sys=0.00, real=0.00 secs] 
2014-07-16T14:04:56.951+0000: 107.138: [GC [PSYoungGen: 114450K->702K(112128K)] 148983K->35339K(799104K), 0.0028730 secs] [Times: user=0.01 sys=0.00, real=0.00 secs] 
2014-07-16T14:04:57.339+0000: 107.526: [GC [PSYoungGen: 112102K->580K(110400K)] 146739K->35281K(797376K), 0.0053610 secs] [Times: user=0.03 sys=0.00, real=0.00 secs] 
2014-07-16T14:04:57.744+0000: 107.931: [GC [PSYoungGen: 110339K->594K(108800K)] 145040K->35351K(795776K), 0.0033900 secs] [Times: user=0.01 sys=0.00, real=0.01 secs] 
2014-07-16T14:04:58.152+0000: 108.339: [GC [PSYoungGen: 108754K->548K(107200K)] 143511K->35361K(794176K), 0.0042800 secs] [Times: user=0.02 sys=0.00, real=0.01 secs] 
2014-07-16T14:04:58.511+0000: 108.698: [GC [PSYoungGen: 107172K->1030K(106176K)] 141985K->35907K(793152K), 0.0049010 secs] [Times: user=0.02 sys=0.00, real=0.01 secs] 
2014-07-16T14:04:58.962+0000: 109.149: [GC [PSYoungGen: 106118K->1378K(127232K)] 140995K->36311K(814208K), 0.0072060 secs] [Times: user=0.04 sys=0.00, real=0.01 secs] 
2014-07-16T14:04:59.344+0000: 109.531: [GC [PSYoungGen: 127074K->826K(127872K)] 162007K->35815K(814848K), 0.0027680 secs] [Times: user=0.01 sys=0.00, real=0.01 secs] 
2014-07-16T14:04:59.801+0000: 109.988: [GC [PSYoungGen: 127000K->766K(124928K)] 161989K->35811K(811904K), 0.0038700 secs] [Times: user=0.02 sys=0.00, real=0.01 secs] 
2014-07-16T14:05:00.239+0000: 110.426: [GC [PSYoungGen: 124926K->562K(126272K)] 159971K->35663K(813248K), 0.0054790 secs] [Times: user=0.03 sys=0.00, real=0.00 secs] 
2014-07-16T14:05:00.685+0000: 110.872: [GC [PSYoungGen: 125938K->480K(123840K)] 161039K->35645K(810816K), 0.0036740 secs] [Times: user=0.02 sys=0.00, real=0.01 secs] 
2014-07-16T14:05:01.143+0000: 111.330: [GC [PSYoungGen: 123773K->566K(121920K)] 158939K->35779K(808896K), 0.0043050 secs] [Times: user=0.02 sys=0.00, real=0.01 secs] 
2014-07-16T14:05:01.563+0000: 111.750: [GC [PSYoungGen: 121910K->1080K(120512K)] 157123K->36381K(807488K), 0.0031500 secs] [Times: user=0.01 sys=0.00, real=0.01 secs] 
2014-07-16T14:05:01.993+0000: 112.181: [GC [PSYoungGen: 120504K->676K(118272K)] 155805K->36089K(805248K), 0.0029970 secs] [Times: user=0.02 sys=0.00, real=0.01 secs] 
2014-07-16T14:05:02.412+0000: 112.600: [GC [PSYoungGen: 118225K->552K(116352K)] 153638K->36021K(803328K), 0.0032970 secs] [Times: user=0.02 sys=0.00, real=0.01 secs] 
2014-07-16T14:05:02.823+0000: 113.010: [GC [PSYoungGen: 116297K->1440K(115456K)] 151766K->37165K(802432K), 0.0028230 secs] [Times: user=0.01 sys=0.00, real=0.00 secs] 
2014-07-16T14:05:03.234+0000: 113.421: [GC [PSYoungGen: 115424K->708K(113024K)] 151149K->36521K(800000K), 0.0028570 secs] [Times: user=0.01 sys=0.00, real=0.01 secs] 
2014-07-16T14:05:03.627+0000: 113.814: [GC [PSYoungGen: 112964K->672K(111296K)] 148777K->36581K(798272K), 0.0034420 secs] [Times: user=0.01 sys=0.00, real=0.00 secs] 
2014-07-16T14:05:04.098+0000: 114.285: [GC [PSYoungGen: 111231K->944K(109952K)] 147140K->36901K(796928K), 0.0071190 secs] [Times: user=0.04 sys=0.01, real=0.00 secs] 
2014-07-16T14:05:04.430+0000: 114.617: [GC [PSYoungGen: 109936K->576K(107968K)] 145893K->36605K(794944K), 0.0038570 secs] [Times: user=0.02 sys=0.00, real=0.00 secs] 
2014-07-16T14:05:04.797+0000: 114.985: [GC [PSYoungGen: 107934K->616K(106496K)] 143963K->36733K(793472K), 0.0025850 secs] [Times: user=0.01 sys=0.00, real=0.00 secs] 
2014-07-16T14:05:05.184+0000: 115.372: [GC [PSYoungGen: 106472K->384K(104704K)] 142589K->36525K(791680K), 0.0039650 secs] [Times: user=0.01 sys=0.00, real=0.01 secs] 
2014-07-16T14:05:05.560+0000: 115.747: [GC [PSYoungGen: 104704K->580K(103488K)] 140845K->36793K(790464K), 0.0030170 secs] [Times: user=0.01 sys=0.00, real=0.00 secs] 
2014-07-16T14:05:05.929+0000: 116.116: [GC [PSYoungGen: 103428K->658K(102144K)] 139641K->36935K(789120K), 0.0027540 secs] [Times: user=0.01 sys=0.00, real=0.00 secs] 
2014-07-16T14:05:06.284+0000: 116.471: [GC [PSYoungGen: 102031K->1276K(101312K)] 138308K->37625K(788288K), 0.0034220 secs] [Times: user=0.01 sys=0.00, real=0.01 secs] 
2014-07-16T14:05:06.649+0000: 116.836: [GC [PSYoungGen: 101308K->530K(99264K)] 137657K->36959K(786240K), 0.0041780 secs] [Times: user=0.02 sys=0.00, real=0.00 secs] 
2014-07-16T14:05:07.007+0000: 117.194: [GC [PSYoungGen: 99209K->830K(98176K)] 135638K->37331K(785152K), 0.0029080 secs] [Times: user=0.02 sys=0.00, real=0.00 secs] 
2014-07-16T14:05:07.361+0000: 117.548: [GC [PSYoungGen: 98174K->730K(96832K)] 134675K->37303K(783808K), 0.0026320 secs] [Times: user=0.01 sys=0.00, real=0.00 secs] 
2014-07-16T14:05:07.705+0000: 117.892: [GC [PSYoungGen: 96794K->740K(95552K)] 133367K->37377K(782528K), 0.0052560 secs] [Times: user=0.03 sys=0.00, real=0.01 secs] 
2014-07-16T14:05:08.039+0000: 118.226: [GC [PSYoungGen: 95524K->448K(94016K)] 132161K->37165K(780992K), 0.0035300 secs] [Times: user=0.02 sys=0.00, real=0.00 secs] 
2014-07-16T14:05:08.384+0000: 118.572: [GC [PSYoungGen: 93987K->1054K(112704K)] 130704K->37811K(799680K), 0.0050040 secs] [Times: user=0.02 sys=0.00, real=0.01 secs] 
2014-07-16T14:05:08.777+0000: 118.964: [GC [PSYoungGen: 112414K->480K(113728K)] 149171K->37301K(800704K), 0.0042070 secs] [Times: user=0.02 sys=0.00, real=0.00 secs] 
2014-07-16T14:05:09.183+0000: 119.370: [GC [PSYoungGen: 112800K->608K(113728K)] 149621K->37509K(800704K), 0.0041850 secs] [Times: user=0.02 sys=0.00, real=0.01 secs] 
2014-07-16T14:05:09.571+0000: 119.759: [GC [PSYoungGen: 112928K->576K(111232K)] 149829K->37549K(798208K), 0.0030350 secs] [Times: user=0.01 sys=0.00, real=0.00 secs] 
2014-07-16T14:05:09.971+0000: 120.159: [GC [PSYoungGen: 111216K->1044K(110144K)] 148189K->38065K(797120K), 0.0036870 secs] [Times: user=0.01 sys=0.00, real=0.00 secs] 
2014-07-16T14:05:10.360+0000: 120.547: [GC [PSYoungGen: 110100K->922K(108416K)] 147121K->37999K(795392K), 0.0042570 secs] [Times: user=0.01 sys=0.00, real=0.00 secs] 
2014-07-16T14:05:10.747+0000: 120.934: [GC [PSYoungGen: 108378K->480K(106432K)] 145455K->37629K(793408K), 0.0034570 secs] [Times: user=0.01 sys=0.00, real=0.01 secs] 
2014-07-16T14:05:11.136+0000: 121.323: [GC [PSYoungGen: 106325K->962K(105408K)] 143474K->38175K(792384K), 0.0026300 secs] [Times: user=0.01 sys=0.00, real=0.01 secs] 
2014-07-16T14:05:11.495+0000: 121.683: [GC [PSYoungGen: 105346K->868K(103808K)] 142559K->38137K(790784K), 0.0046830 secs] [Times: user=0.02 sys=0.00, real=0.01 secs] 
2014-07-16T14:05:11.858+0000: 122.045: [GC [PSYoungGen: 103712K->666K(124224K)] 140981K->37999K(811200K), 0.0050950 secs] [Times: user=0.02 sys=0.00, real=0.00 secs] 
2014-07-16T14:05:12.303+0000: 122.490: [GC [PSYoungGen: 124186K->530K(122112K)] 161519K->37911K(809088K), 0.0033170 secs] [Times: user=0.01 sys=0.00, real=0.00 secs] 
2014-07-16T14:05:12.734+0000: 122.921: [GC [PSYoungGen: 122066K->598K(120256K)] 159447K->38059K(807232K), 0.0036930 secs] [Times: user=0.02 sys=0.00, real=0.01 secs] 
2014-07-16T14:05:13.175+0000: 123.362: [GC [PSYoungGen: 120214K->1262K(119040K)] 157675K->38853K(806016K), 0.0034480 secs] [Times: user=0.02 sys=0.01, real=0.01 secs] 
2014-07-16T14:05:13.587+0000: 123.774: [GC [PSYoungGen: 119022K->680K(116672K)] 156613K->38473K(803648K), 0.0028450 secs] [Times: user=0.01 sys=0.00, real=0.01 secs] 
2014-07-16T14:05:13.991+0000: 124.178: [GC [PSYoungGen: 116648K->852K(115072K)] 154441K->38693K(802048K), 0.0041370 secs] [Times: user=0.02 sys=0.01, real=0.00 secs] 
2014-07-16T14:05:14.420+0000: 124.607: [GC [PSYoungGen: 115028K->1108K(113600K)] 152869K->39029K(800576K), 0.0036620 secs] [Times: user=0.02 sys=0.00, real=0.00 secs] 
2014-07-16T14:05:14.803+0000: 124.990: [GC [PSYoungGen: 113516K->848K(111680K)] 151437K->38825K(798656K), 0.0049300 secs] [Times: user=0.02 sys=0.01, real=0.01 secs] 
2014-07-16T14:05:15.203+0000: 125.391: [GC [PSYoungGen: 111632K->512K(109632K)] 149609K->38593K(796608K), 0.0032700 secs] [Times: user=0.02 sys=0.00, real=0.00 secs] 
2014-07-16T14:05:15.590+0000: 125.777: [GC [PSYoungGen: 109631K->530K(108096K)] 147712K->38683K(795072K), 0.0044900 secs] [Times: user=0.03 sys=0.00, real=0.00 secs] 
2014-07-16T14:05:15.987+0000: 126.174: [GC [PSYoungGen: 108036K->516K(106560K)] 146189K->38733K(793536K), 0.0035800 secs] [Times: user=0.02 sys=0.00, real=0.01 secs] 
2014-07-16T14:05:16.369+0000: 126.556: [GC [PSYoungGen: 106500K->722K(105216K)] 144717K->39019K(792192K), 0.0039310 secs] [Times: user=0.01 sys=0.00, real=0.00 secs] 
2014-07-16T14:05:16.752+0000: 126.939: [GC [PSYoungGen: 105157K->830K(126144K)] 143454K->39199K(813120K), 0.0059500 secs] [Times: user=0.03 sys=0.00, real=0.01 secs] 
2014-07-16T14:05:17.197+0000: 127.384: [GC [PSYoungGen: 125630K->972K(123840K)] 163999K->39453K(810816K), 0.0030740 secs] [Times: user=0.01 sys=0.00, real=0.01 secs] 
2014-07-16T14:05:17.622+0000: 127.809: [GC [PSYoungGen: 123788K->310K(121216K)] 162269K->39347K(808192K), 0.0032370 secs] [Times: user=0.01 sys=0.00, real=0.00 secs] 
2014-07-16T14:05:18.086+0000: 128.273: [GC [PSYoungGen: 121177K->1340K(120320K)] 160215K->40745K(807296K), 0.0039510 secs] [Times: user=0.02 sys=0.00, real=0.01 secs] 
2014-07-16T14:05:18.508+0000: 128.695: [GC [PSYoungGen: 120315K->1066K(124160K)] 159721K->40849K(811136K), 0.0064340 secs] [Times: user=0.04 sys=0.00, real=0.01 secs] 
2014-07-16T14:05:18.968+0000: 129.155: [GC [PSYoungGen: 124138K->530K(124800K)] 163921K->40345K(811776K), 0.0080510 secs] [Times: user=0.05 sys=0.00, real=0.00 secs] 
2014-07-16T14:05:19.473+0000: 129.660: [GC [PSYoungGen: 123526K->1198K(149376K)] 163341K->41077K(836352K), 0.0062800 secs] [Times: user=0.04 sys=0.00, real=0.01 secs] 
2014-07-16T14:05:19.999+0000: 130.186: [GC [PSYoungGen: 148846K->530K(149440K)] 188725K->40513K(836416K), 0.0030760 secs] [Times: user=0.01 sys=0.00, real=0.00 secs] 
2014-07-16T14:05:20.529+0000: 130.717: [GC [PSYoungGen: 148178K->758K(178816K)] 188161K->40813K(865792K), 0.0048690 secs] [Times: user=0.02 sys=0.00, real=0.00 secs] 
2014-07-16T14:05:21.166+0000: 131.353: [GC [PSYoungGen: 177961K->886K(174528K)] 218017K->41021K(861504K), 0.0044140 secs] [Times: user=0.03 sys=0.00, real=0.01 secs] 
2014-07-16T14:05:21.773+0000: 131.960: [GC [PSYoungGen: 174492K->836K(171072K)] 214627K->41019K(858048K), 0.0038920 secs] [Times: user=0.02 sys=0.00, real=0.00 secs] 
2014-07-16T14:05:22.385+0000: 132.572: [GC [PSYoungGen: 171012K->690K(167552K)] 211195K->40945K(854528K), 0.0049990 secs] [Times: user=0.03 sys=0.01, real=0.01 secs] 
2014-07-16T14:05:22.987+0000: 133.174: [GC [PSYoungGen: 167515K->702K(164288K)] 207770K->40997K(851264K), 0.0048860 secs] [Times: user=0.02 sys=0.00, real=0.01 secs] 
2014-07-16T14:05:23.567+0000: 133.754: [GC [PSYoungGen: 164286K->740K(161216K)] 204581K->41107K(848192K), 0.0028810 secs] [Times: user=0.01 sys=0.00, real=0.01 secs] 
2014-07-16T14:05:24.141+0000: 134.328: [GC [PSYoungGen: 161188K->1394K(158784K)] 201555K->41865K(845760K), 0.0036390 secs] [Times: user=0.01 sys=0.00, real=0.00 secs] 
2014-07-16T14:05:24.709+0000: 134.896: [GC [PSYoungGen: 158738K->908K(155392K)] 199209K->41459K(842368K), 0.0029070 secs] [Times: user=0.01 sys=0.00, real=0.01 secs] 
2014-07-16T14:05:25.265+0000: 135.452: [GC [PSYoungGen: 155293K->884K(152448K)] 195844K->41523K(839424K), 0.0046420 secs] [Times: user=0.03 sys=0.00, real=0.01 secs] 
2014-07-16T14:05:25.804+0000: 135.991: [GC [PSYoungGen: 152413K->1448K(150272K)] 193052K->42167K(837248K), 0.0033070 secs] [Times: user=0.02 sys=0.00, real=0.00 secs] 
2014-07-16T14:05:26.341+0000: 136.528: [GC [PSYoungGen: 150243K->752K(146880K)] 190962K->41959K(833856K), 0.0053330 secs] [Times: user=0.03 sys=0.00, real=0.00 secs] 
2014-07-16T14:05:26.861+0000: 137.048: [GC [PSYoungGen: 146864K->1240K(144768K)] 188071K->42519K(831744K), 0.0033070 secs] [Times: user=0.02 sys=0.01, real=0.00 secs] 
2014-07-16T14:05:27.375+0000: 137.562: [GC [PSYoungGen: 144728K->790K(141760K)] 186007K->42133K(828736K), 0.0040550 secs] [Times: user=0.02 sys=0.00, real=0.01 secs] 
2014-07-16T14:05:27.883+0000: 138.070: [GC [PSYoungGen: 141718K->1390K(139904K)] 183061K->42789K(826880K), 0.0049620 secs] [Times: user=0.03 sys=0.00, real=0.00 secs] 
2014-07-16T14:05:28.381+0000: 138.568: [GC [PSYoungGen: 139886K->780K(136960K)] 181285K->42227K(823936K), 0.0035810 secs] [Times: user=0.01 sys=0.00, real=0.00 secs] 
2014-07-16T14:05:28.870+0000: 139.057: [GC [PSYoungGen: 136908K->704K(134528K)] 178355K->42231K(821504K), 0.0041350 secs] [Times: user=0.01 sys=0.00, real=0.00 secs] 
2014-07-16T14:05:29.419+0000: 139.606: [GC [PSYoungGen: 134522K->868K(132480K)] 176049K->42459K(819456K), 0.0058080 secs] [Times: user=0.03 sys=0.00, real=0.01 secs] 
2014-07-16T14:05:29.842+0000: 140.029: [GC [PSYoungGen: 132430K->1494K(130944K)] 174022K->43181K(817920K), 0.0026880 secs] [Times: user=0.02 sys=0.00, real=0.00 secs] 
2014-07-16T14:05:30.303+0000: 140.491: [GC [PSYoungGen: 130902K->944K(128256K)] 172589K->42751K(815232K), 0.0053180 secs] [Times: user=0.02 sys=0.00, real=0.00 secs] 
2014-07-16T14:05:30.767+0000: 140.954: [GC [PSYoungGen: 128239K->994K(126272K)] 170047K->42849K(813248K), 0.0056320 secs] [Times: user=0.03 sys=0.01, real=0.01 secs] 
2014-07-16T14:05:31.212+0000: 141.399: [GC [PSYoungGen: 126242K->1198K(124416K)] 168097K->43257K(811392K), 0.0043440 secs] [Times: user=0.03 sys=0.00, real=0.00 secs] 
2014-07-16T14:05:31.690+0000: 141.877: [GC [PSYoungGen: 124398K->866K(122112K)] 166457K->42973K(809088K), 0.0051890 secs] [Times: user=0.03 sys=0.00, real=0.01 secs] 
2014-07-16T14:05:32.117+0000: 142.304: [GC [PSYoungGen: 122025K->1126K(146624K)] 164133K->43337K(833600K), 0.0050880 secs] [Times: user=0.02 sys=0.00, real=0.01 secs] 
2014-07-16T14:05:32.649+0000: 142.836: [GC [PSYoungGen: 146598K->676K(143552K)] 188809K->42967K(830528K), 0.0033920 secs] [Times: user=0.02 sys=0.00, real=0.01 secs] 
2014-07-16T14:05:33.172+0000: 143.359: [GC [PSYoungGen: 143514K->512K(140864K)] 185806K->42883K(827840K), 0.0023900 secs] [Times: user=0.01 sys=0.00, real=0.00 secs] 
2014-07-16T14:05:33.682+0000: 143.869: [GC [PSYoungGen: 140864K->704K(138624K)] 183235K->43155K(825600K), 0.0046330 secs] [Times: user=0.03 sys=0.00, real=0.00 secs] 
2014-07-16T14:05:34.200+0000: 144.387: [GC [PSYoungGen: 138624K->1578K(137152K)] 181075K->44349K(824128K), 0.0043320 secs] [Times: user=0.02 sys=0.00, real=0.00 secs] 
2014-07-16T14:05:34.715+0000: 144.902: [GC [PSYoungGen: 137130K->694K(133952K)] 179901K->43545K(820928K), 0.0040590 secs] [Times: user=0.02 sys=0.00, real=0.00 secs] 
2014-07-16T14:05:35.191+0000: 145.378: [GC [PSYoungGen: 133942K->780K(131840K)] 176793K->43695K(818816K), 0.0044200 secs] [Times: user=0.02 sys=0.00, real=0.00 secs] 
2014-07-16T14:05:35.662+0000: 145.849: [GC [PSYoungGen: 131788K->676K(129536K)] 174703K->43647K(816512K), 0.0034830 secs] [Times: user=0.02 sys=0.01, real=0.00 secs] 
2014-07-16T14:05:36.131+0000: 146.318: [GC [PSYoungGen: 129508K->872K(127616K)] 172479K->43923K(814592K), 0.0033430 secs] [Times: user=0.01 sys=0.00, real=0.00 secs] 
2014-07-16T14:05:36.588+0000: 146.775: [GC [PSYoungGen: 127592K->644K(125376K)] 170643K->43783K(812352K), 0.0031800 secs] [Times: user=0.01 sys=0.00, real=0.01 secs] 
2014-07-16T14:05:37.035+0000: 147.222: [GC [PSYoungGen: 125316K->626K(123328K)] 168455K->43821K(810304K), 0.0050930 secs] [Times: user=0.03 sys=0.00, real=0.00 secs] 
2014-07-16T14:05:37.476+0000: 147.663: [GC [PSYoungGen: 123314K->544K(121344K)] 166509K->43795K(808320K), 0.0046680 secs] [Times: user=0.02 sys=0.00, real=0.00 secs] 
2014-07-16T14:05:37.915+0000: 148.102: [GC [PSYoungGen: 121305K->1030K(119936K)] 164557K->44353K(806912K), 0.0027810 secs] [Times: user=0.01 sys=0.00, real=0.00 secs] 
2014-07-16T14:05:38.346+0000: 148.533: [GC [PSYoungGen: 119878K->672K(117696K)] 163201K->44067K(804672K), 0.0039170 secs] [Times: user=0.02 sys=0.00, real=0.00 secs] 
2014-07-16T14:05:38.765+0000: 148.953: [GC [PSYoungGen: 117628K->708K(115968K)] 161024K->44207K(802944K), 0.0041880 secs] [Times: user=0.02 sys=0.00, real=0.00 secs] 
2014-07-16T14:05:39.172+0000: 149.359: [GC [PSYoungGen: 115848K->954K(114432K)] 159348K->44509K(801408K), 0.0050120 secs] [Times: user=0.02 sys=0.01, real=0.00 secs] 
2014-07-16T14:05:39.628+0000: 149.815: [GC [PSYoungGen: 114339K->1268K(113024K)] 157895K->44863K(800000K), 0.0046770 secs] [Times: user=0.01 sys=0.00, real=0.01 secs] 
2014-07-16T14:05:40.049+0000: 150.236: [GC [PSYoungGen: 113012K->976K(111104K)] 156607K->44635K(798080K), 0.0041480 secs] [Times: user=0.02 sys=0.00, real=0.01 secs] 
2014-07-16T14:05:40.449+0000: 150.636: [GC [PSYoungGen: 111056K->608K(109120K)] 154715K->44315K(796096K), 0.0045420 secs] [Times: user=0.03 sys=0.00, real=0.01 secs] 
2014-07-16T14:05:40.803+0000: 150.990: [GC [PSYoungGen: 109047K->1044K(107968K)] 152755K->44831K(794944K), 0.0024950 secs] [Times: user=0.01 sys=0.00, real=0.00 secs] 
2014-07-16T14:05:41.189+0000: 151.376: [GC [PSYoungGen: 107924K->694K(106048K)] 151711K->44561K(793024K), 0.0035150 secs] [Times: user=0.01 sys=0.00, real=0.01 secs] 
2014-07-16T14:05:41.558+0000: 151.745: [GC [PSYoungGen: 106038K->480K(104384K)] 149905K->44419K(791360K), 0.0044020 secs] [Times: user=0.03 sys=0.00, real=0.01 secs] 
2014-07-16T14:05:41.931+0000: 152.118: [GC [PSYoungGen: 104263K->776K(103232K)] 148203K->44795K(790208K), 0.0038590 secs] [Times: user=0.02 sys=0.00, real=0.00 secs] 
2014-07-16T14:05:42.289+0000: 152.476: [GC [PSYoungGen: 103176K->1230K(124160K)] 147195K->45289K(811136K), 0.0124840 secs] [Times: user=0.06 sys=0.00, real=0.01 secs] 
2014-07-16T14:05:42.736+0000: 152.923: [GC [PSYoungGen: 124110K->886K(148352K)] 168169K->45025K(835328K), 0.0055130 secs] [Times: user=0.03 sys=0.00, real=0.00 secs] 
2014-07-16T14:05:43.257+0000: 153.444: [GC [PSYoungGen: 148342K->736K(148992K)] 192481K->44963K(835968K), 0.0031470 secs] [Times: user=0.02 sys=0.00, real=0.00 secs] 
2014-07-16T14:05:43.777+0000: 153.965: [GC [PSYoungGen: 148192K->1440K(178240K)] 192419K->45803K(865216K), 0.0055870 secs] [Times: user=0.02 sys=0.00, real=0.01 secs] 
2014-07-16T14:05:44.454+0000: 154.641: [GC [PSYoungGen: 178183K->1650K(178432K)] 222547K->46101K(865408K), 0.0053310 secs] [Times: user=0.02 sys=0.00, real=0.01 secs] 
2014-07-16T14:05:45.121+0000: 155.308: [GC [PSYoungGen: 178418K->708K(173952K)] 222869K->45223K(860928K), 0.0030180 secs] [Times: user=0.01 sys=0.00, real=0.01 secs] 
2014-07-16T14:05:45.731+0000: 155.918: [GC [PSYoungGen: 173873K->1254K(171008K)] 218389K->45865K(857984K), 0.0049770 secs] [Times: user=0.03 sys=0.00, real=0.01 secs] 
2014-07-16T14:05:46.341+0000: 156.528: [GC [PSYoungGen: 170982K->1180K(167616K)] 215593K->45871K(854592K), 0.0027810 secs] [Times: user=0.02 sys=0.00, real=0.01 secs] 
2014-07-16T14:05:46.919+0000: 157.106: [GC [PSYoungGen: 167580K->698K(163840K)] 212271K->45437K(850816K), 0.0030180 secs] [Times: user=0.02 sys=0.00, real=0.00 secs] 
2014-07-16T14:05:47.521+0000: 157.708: [GC [PSYoungGen: 163833K->854K(160896K)] 208572K->45665K(847872K), 0.0043820 secs] [Times: user=0.02 sys=0.00, real=0.01 secs] 
2014-07-16T14:05:48.103+0000: 158.291: [GC [PSYoungGen: 160854K->648K(157696K)] 205665K->45539K(844672K), 0.0030170 secs] [Times: user=0.02 sys=0.00, real=0.00 secs] 
2014-07-16T14:05:48.674+0000: 158.862: [GC [PSYoungGen: 157640K->1104K(155200K)] 202531K->46091K(842176K), 0.0026450 secs] [Times: user=0.02 sys=0.00, real=0.00 secs] 
2014-07-16T14:05:49.219+0000: 159.406: [GC [PSYoungGen: 155152K->612K(151808K)] 200139K->45687K(838784K), 0.0043500 secs] [Times: user=0.02 sys=0.00, real=0.01 secs] 
2014-07-16T14:05:49.809+0000: 159.996: [GC [PSYoungGen: 151780K->1054K(149504K)] 196855K->46193K(836480K), 0.0047270 secs] [Times: user=0.03 sys=0.00, real=0.01 secs] 
2014-07-16T14:05:50.332+0000: 160.519: [GC [PSYoungGen: 149470K->608K(146368K)] 194609K->45827K(833344K), 0.0030690 secs] [Times: user=0.01 sys=0.00, real=0.01 secs] 
2014-07-16T14:05:50.915+0000: 161.102: [GC [PSYoungGen: 146265K->680K(143808K)] 191485K->45963K(830784K), 0.0033780 secs] [Times: user=0.02 sys=0.00, real=0.00 secs] 
2014-07-16T14:05:51.487+0000: 161.674: [GC [PSYoungGen: 143784K->780K(141440K)] 189067K->46135K(828416K), 0.0049490 secs] [Times: user=0.03 sys=0.00, real=0.00 secs] 
2014-07-16T14:05:51.997+0000: 162.184: [GC [PSYoungGen: 141348K->1150K(139328K)] 186704K->46569K(826304K), 0.0043890 secs] [Times: user=0.02 sys=0.01, real=0.00 secs] 
2014-07-16T14:05:52.498+0000: 162.685: [GC [PSYoungGen: 139326K->676K(136512K)] 184745K->46167K(823488K), 0.0049720 secs] [Times: user=0.03 sys=0.00, real=0.01 secs] 
2014-07-16T14:05:53.010+0000: 163.197: [GC [PSYoungGen: 136481K->826K(134336K)] 181973K->46397K(821312K), 0.0033020 secs] [Times: user=0.02 sys=0.00, real=0.01 secs] 
2014-07-16T14:05:53.535+0000: 163.722: [GC [PSYoungGen: 134285K->872K(132160K)] 179857K->46539K(819136K), 0.0047730 secs] [Times: user=0.02 sys=0.00, real=0.00 secs] 
2014-07-16T14:05:54.015+0000: 164.202: [GC [PSYoungGen: 132122K->1022K(130112K)] 177790K->46745K(817088K), 0.0045750 secs] [Times: user=0.02 sys=0.01, real=0.00 secs] 
2014-07-16T14:05:54.511+0000: 164.698: [GC [PSYoungGen: 130110K->672K(127680K)] 175833K->46467K(814656K), 0.0035440 secs] [Times: user=0.02 sys=0.01, real=0.01 secs] 
2014-07-16T14:05:55.034+0000: 165.221: [GC [PSYoungGen: 127611K->986K(125952K)] 173407K->46861K(812928K), 0.0046090 secs] [Times: user=0.03 sys=0.00, real=0.00 secs] 
2014-07-16T14:05:55.480+0000: 165.667: [GC [PSYoungGen: 125914K->954K(123904K)] 171789K->46885K(810880K), 0.0070870 secs] [Times: user=0.03 sys=0.01, real=0.01 secs] 
2014-07-16T14:05:55.900+0000: 166.087: [GC [PSYoungGen: 123898K->894K(148480K)] 169829K->47081K(835456K), 0.0053900 secs] [Times: user=0.02 sys=0.00, real=0.01 secs] 
2014-07-16T14:05:56.418+0000: 166.605: [GC [PSYoungGen: 148478K->566K(145536K)] 194665K->46825K(832512K), 0.0032730 secs] [Times: user=0.02 sys=0.00, real=0.00 secs] 
2014-07-16T14:05:56.940+0000: 167.127: [GC [PSYoungGen: 145526K->544K(142976K)] 191785K->46851K(829952K), 0.0056730 secs] [Times: user=0.03 sys=0.00, real=0.01 secs] 
2014-07-16T14:05:57.448+0000: 167.636: [GC [PSYoungGen: 142849K->626K(140544K)] 189157K->47013K(827520K), 0.0039440 secs] [Times: user=0.01 sys=0.00, real=0.00 secs] 
2014-07-16T14:05:57.947+0000: 168.134: [GC [PSYoungGen: 140530K->530K(138048K)] 186917K->47021K(825024K), 0.0040330 secs] [Times: user=0.01 sys=0.00, real=0.00 secs] 
2014-07-16T14:05:58.436+0000: 168.624: [GC [PSYoungGen: 138002K->648K(135808K)] 184493K->47195K(822784K), 0.0042610 secs] [Times: user=0.02 sys=0.01, real=0.00 secs] 
2014-07-16T14:05:58.922+0000: 169.109: [GC [PSYoungGen: 135752K->480K(133312K)] 182299K->47091K(820288K), 0.0045250 secs] [Times: user=0.02 sys=0.00, real=0.01 secs] 
2014-07-16T14:05:59.408+0000: 169.595: [GC [PSYoungGen: 133280K->826K(131392K)] 179891K->47533K(818368K), 0.0022170 secs] [Times: user=0.00 sys=0.00, real=0.00 secs] 
2014-07-16T14:05:59.862+0000: 170.050: [GC [PSYoungGen: 131386K->994K(129408K)] 178093K->47781K(816384K), 0.0046600 secs] [Times: user=0.02 sys=0.00, real=0.01 secs] 
2014-07-16T14:06:00.325+0000: 170.512: [GC [PSYoungGen: 129378K->862K(127168K)] 176165K->47697K(814144K), 0.0051630 secs] [Times: user=0.03 sys=0.00, real=0.00 secs] 
2014-07-16T14:06:00.766+0000: 170.953: [GC [PSYoungGen: 127099K->816K(125056K)] 173935K->47963K(812032K), 0.0037560 secs] [Times: user=0.02 sys=0.01, real=0.00 secs] 
2014-07-16T14:06:01.216+0000: 171.403: [GC [PSYoungGen: 125040K->1222K(123520K)] 172187K->48441K(810496K), 0.0035120 secs] [Times: user=0.02 sys=0.00, real=0.00 secs] 
2014-07-16T14:06:01.691+0000: 171.878: [GC [PSYoungGen: 123432K->744K(121088K)] 170651K->48650K(808064K), 0.0026430 secs] [Times: user=0.01 sys=0.00, real=0.00 secs] 
2014-07-16T14:06:02.117+0000: 172.305: [GC [PSYoungGen: 121064K->484K(118976K)] 168970K->48438K(805952K), 0.0051790 secs] [Times: user=0.02 sys=0.00, real=0.00 secs] 
2014-07-16T14:06:02.550+0000: 172.737: [GC [PSYoungGen: 118948K->1222K(117888K)] 166902K->49290K(804864K), 0.0033780 secs] [Times: user=0.01 sys=0.00, real=0.00 secs] 
2014-07-16T14:06:02.969+0000: 173.156: [GC [PSYoungGen: 117827K->594K(115456K)] 165895K->48766K(802432K), 0.0038260 secs] [Times: user=0.02 sys=0.00, real=0.00 secs] 
2014-07-16T14:06:03.380+0000: 173.567: [GC [PSYoungGen: 115405K->698K(113792K)] 163577K->48950K(800768K), 0.0025720 secs] [Times: user=0.02 sys=0.00, real=0.00 secs] 
2014-07-16T14:06:03.793+0000: 173.981: [GC [PSYoungGen: 113786K->666K(112128K)] 162038K->48982K(799104K), 0.0068320 secs] [Times: user=0.05 sys=0.00, real=0.01 secs] 
2014-07-16T14:06:04.188+0000: 174.375: [GC [PSYoungGen: 112060K->816K(134592K)] 160376K->49204K(821568K), 0.0101450 secs] [Times: user=0.05 sys=0.01, real=0.01 secs] 
2014-07-16T14:06:04.726+0000: 174.914: [GC [PSYoungGen: 134576K->1100K(161664K)] 182964K->49536K(848640K), 0.0048220 secs] [Times: user=0.01 sys=0.00, real=0.00 secs] 
2014-07-16T14:06:05.255+0000: 175.442: [GC [PSYoungGen: 161612K->690K(186816K)] 210048K->49190K(873792K), 0.0053640 secs] [Times: user=0.02 sys=0.00, real=0.00 secs] 
2014-07-16T14:06:05.937+0000: 176.124: [GC [PSYoungGen: 186354K->784K(187200K)] 234854K->49348K(874176K), 0.0042080 secs] [Times: user=0.02 sys=0.00, real=0.00 secs] 
2014-07-16T14:06:06.598+0000: 176.785: [GC [PSYoungGen: 186448K->698K(224192K)] 235012K->49366K(911168K), 0.0074050 secs] [Times: user=0.05 sys=0.00, real=0.01 secs] 
2014-07-16T14:06:07.397+0000: 177.584: [GC [PSYoungGen: 223525K->1212K(218944K)] 272193K->49952K(905920K), 0.0055250 secs] [Times: user=0.03 sys=0.00, real=0.00 secs] 
2014-07-16T14:06:08.157+0000: 178.344: [GC [PSYoungGen: 218939K->292K(213120K)] 267679K->50024K(900096K), 0.0039460 secs] [Times: user=0.02 sys=0.00, real=0.00 secs] 
2014-07-16T14:06:08.915+0000: 179.103: [GC [PSYoungGen: 213091K->1044K(209088K)] 262823K->50856K(896064K), 0.0060830 secs] [Times: user=0.03 sys=0.00, real=0.01 secs] 
2014-07-16T14:06:09.698+0000: 179.886: [GC [PSYoungGen: 209044K->1296K(204736K)] 258856K->51354K(891712K), 0.0027930 secs] [Times: user=0.01 sys=0.00, real=0.00 secs] 
2014-07-16T14:06:10.383+0000: 180.570: [GC [PSYoungGen: 204688K->708K(199680K)] 254746K->50870K(886656K), 0.0035150 secs] [Times: user=0.02 sys=0.00, real=0.01 secs] 
2014-07-16T14:06:11.090+0000: 181.278: [GC [PSYoungGen: 199620K->704K(195328K)] 249782K->50946K(882304K), 0.0037480 secs] [Times: user=0.02 sys=0.00, real=0.00 secs] 
2014-07-16T14:06:11.797+0000: 181.984: [GC [PSYoungGen: 195327K->608K(191104K)] 245570K->50914K(878080K), 0.0031620 secs] [Times: user=0.01 sys=0.01, real=0.00 secs] 
2014-07-16T14:06:12.466+0000: 182.653: [GC [PSYoungGen: 191072K->352K(186816K)] 241378K->50706K(873792K), 0.0079600 secs] [Times: user=0.05 sys=0.00, real=0.01 secs] 
2014-07-16T14:06:13.142+0000: 183.329: [GC [PSYoungGen: 186762K->736K(183296K)] 237116K->51162K(870272K), 0.0046580 secs] [Times: user=0.02 sys=0.00, real=0.01 secs] 
2014-07-16T14:06:13.791+0000: 183.978: [GC [PSYoungGen: 183264K->626K(179392K)] 233690K->51132K(866368K), 0.0032880 secs] [Times: user=0.02 sys=0.01, real=0.00 secs] 
2014-07-16T14:06:14.431+0000: 184.618: [GC [PSYoungGen: 179368K->780K(175936K)] 229874K->51350K(862912K), 0.0052640 secs] [Times: user=0.03 sys=0.00, real=0.01 secs] 
2014-07-16T14:06:15.057+0000: 185.245: [GC [PSYoungGen: 175882K->948K(172544K)] 226452K->51590K(859520K), 0.0031640 secs] [Times: user=0.01 sys=0.00, real=0.00 secs] 
2014-07-16T14:06:15.660+0000: 185.848: [GC [PSYoungGen: 172532K->1008K(169216K)] 223174K->51738K(856192K), 0.0053660 secs] [Times: user=0.03 sys=0.00, real=0.00 secs] 
2014-07-16T14:06:16.283+0000: 186.470: [GC [PSYoungGen: 169200K->512K(165440K)] 219930K->51298K(852416K), 0.0057030 secs] [Times: user=0.04 sys=0.00, real=0.01 secs] 
2014-07-16T14:06:16.869+0000: 187.056: [GC [PSYoungGen: 165440K->544K(162304K)] 216226K->51394K(849280K), 0.0030110 secs] [Times: user=0.01 sys=0.00, real=0.00 secs] 
2014-07-16T14:06:17.448+0000: 187.635: [GC [PSYoungGen: 162272K->594K(159296K)] 213122K->51492K(846272K), 0.0027220 secs] [Times: user=0.01 sys=0.00, real=0.00 secs] 
2014-07-16T14:06:18.018+0000: 188.205: [GC [PSYoungGen: 159250K->1150K(156800K)] 210148K->52112K(843776K), 0.0036130 secs] [Times: user=0.01 sys=0.00, real=0.00 secs] 
2014-07-16T14:06:18.568+0000: 188.755: [GC [PSYoungGen: 156767K->1028K(153856K)] 207729K->52070K(840832K), 0.0039210 secs] [Times: user=0.02 sys=0.00, real=0.00 secs] 
2014-07-16T14:06:19.122+0000: 189.309: [GC [PSYoungGen: 153796K->990K(150976K)] 204838K->52088K(837952K), 0.0048200 secs] [Times: user=0.03 sys=0.00, real=0.00 secs] 
2014-07-16T14:06:19.661+0000: 189.848: [GC [PSYoungGen: 150942K->1018K(148224K)] 202040K->52254K(835200K), 0.0047680 secs] [Times: user=0.02 sys=0.00, real=0.00 secs] 
2014-07-16T14:06:20.191+0000: 190.378: [GC [PSYoungGen: 148201K->958K(145536K)] 199437K->52290K(832512K), 0.0042450 secs] [Times: user=0.03 sys=0.00, real=0.00 secs] 
2014-07-16T14:06:20.710+0000: 190.897: [GC [PSYoungGen: 145511K->926K(142976K)] 196843K->52370K(829952K), 0.0043430 secs] [Times: user=0.02 sys=0.01, real=0.00 secs] 
2014-07-16T14:06:21.215+0000: 191.402: [GC [PSYoungGen: 142942K->986K(140544K)] 194386K->52510K(827520K), 0.0044170 secs] [Times: user=0.02 sys=0.00, real=0.01 secs] 
2014-07-16T14:06:21.712+0000: 191.899: [GC [PSYoungGen: 140506K->998K(138112K)] 192030K->52908K(825088K), 0.0034540 secs] [Times: user=0.03 sys=0.00, real=0.00 secs] 
2014-07-16T14:06:22.253+0000: 192.440: [GC [PSYoungGen: 138086K->1576K(136320K)] 189996K->53946K(823296K), 0.0037700 secs] [Times: user=0.02 sys=0.00, real=0.00 secs] 
2014-07-16T14:06:22.715+0000: 192.902: [GC [PSYoungGen: 136296K->624K(133056K)] 188666K->53624K(820032K), 0.0033610 secs] [Times: user=0.02 sys=0.00, real=0.01 secs] 
2014-07-16T14:06:23.179+0000: 193.366: [GC [PSYoungGen: 133040K->1468K(131648K)] 186040K->54772K(818624K), 0.0042020 secs] [Times: user=0.02 sys=0.00, real=0.00 secs] 
2014-07-16T14:06:23.641+0000: 193.828: [GC [PSYoungGen: 131644K->608K(128640K)] 184948K->54258K(815616K), 0.0037670 secs] [Times: user=0.01 sys=0.01, real=0.00 secs] 
2014-07-16T14:06:24.096+0000: 194.283: [GC [PSYoungGen: 128608K->612K(126528K)] 182258K->54366K(813504K), 0.0031460 secs] [Times: user=0.02 sys=0.00, real=0.01 secs] 
2014-07-16T14:06:24.539+0000: 194.727: [GC [PSYoungGen: 126500K->640K(124480K)] 180254K->54466K(811456K), 0.0030460 secs] [Times: user=0.01 sys=0.00, real=0.00 secs] 
2014-07-16T14:06:25.011+0000: 195.198: [GC [PSYoungGen: 124408K->830K(122688K)] 178235K->54696K(809664K), 0.0045060 secs] [Times: user=0.02 sys=0.00, real=0.00 secs] 
2014-07-16T14:06:25.446+0000: 195.633: [GC [PSYoungGen: 122686K->786K(120768K)] 176552K->54740K(807744K), 0.0040340 secs] [Times: user=0.03 sys=0.01, real=0.01 secs] 
2014-07-16T14:06:25.889+0000: 196.076: [GC [PSYoungGen: 120722K->1232K(119360K)] 174676K->55258K(806336K), 0.0030750 secs] [Times: user=0.01 sys=0.00, real=0.00 secs] 
2014-07-16T14:06:26.345+0000: 196.532: [GC [PSYoungGen: 119312K->722K(117056K)] 173338K->54804K(804032K), 0.0053820 secs] [Times: user=0.03 sys=0.00, real=0.01 secs] 
2014-07-16T14:06:26.767+0000: 196.954: [GC [PSYoungGen: 117010K->1062K(115584K)] 171092K->55208K(802560K), 0.0052160 secs] [Times: user=0.02 sys=0.01, real=0.01 secs] 
2014-07-16T14:06:27.197+0000: 197.384: [GC [PSYoungGen: 115558K->744K(138176K)] 169704K->54946K(825152K), 0.0058790 secs] [Times: user=0.03 sys=0.00, real=0.01 secs] 
2014-07-16T14:06:27.714+0000: 197.901: [GC [PSYoungGen: 138152K->786K(135872K)] 192354K->55060K(822848K), 0.0041790 secs] [Times: user=0.03 sys=0.00, real=0.00 secs] 
2014-07-16T14:06:28.264+0000: 198.452: [GC [PSYoungGen: 135826K->576K(133312K)] 190100K->54914K(820288K), 0.0038340 secs] [Times: user=0.02 sys=0.00, real=0.01 secs] 
2014-07-16T14:06:28.744+0000: 198.931: [GC [PSYoungGen: 133312K->608K(131136K)] 187650K->55026K(818112K), 0.0024720 secs] [Times: user=0.01 sys=0.00, real=0.00 secs] 
2014-07-16T14:06:29.272+0000: 199.460: [GC [PSYoungGen: 131104K->1264K(129600K)] 185522K->55762K(816576K), 0.0033250 secs] [Times: user=0.01 sys=0.00, real=0.00 secs] 
2014-07-16T14:06:29.777+0000: 199.964: [GC [PSYoungGen: 129552K->936K(154944K)] 184051K->55474K(841920K), 0.0142700 secs] [Times: user=0.07 sys=0.00, real=0.02 secs] 
2014-07-16T14:06:30.427+0000: 200.614: [GC [PSYoungGen: 154897K->1276K(186112K)] 209436K->55960K(873088K), 0.0055970 secs] [Times: user=0.03 sys=0.00, real=0.01 secs] 
2014-07-16T14:06:31.094+0000: 201.282: [GC [PSYoungGen: 186108K->580K(181632K)] 240792K->55320K(868608K), 0.0034240 secs] [Times: user=0.01 sys=0.00, real=0.00 secs] 
2014-07-16T14:06:31.732+0000: 201.920: [GC [PSYoungGen: 181572K->1204K(178496K)] 236312K->56024K(865472K), 0.0045310 secs] [Times: user=0.02 sys=0.00, real=0.00 secs] 
2014-07-16T14:06:32.377+0000: 202.564: [GC [PSYoungGen: 178453K->744K(174464K)] 233273K->55628K(861440K), 0.0041250 secs] [Times: user=0.02 sys=0.00, real=0.01 secs] 
2014-07-16T14:06:32.994+0000: 203.181: [GC [PSYoungGen: 174440K->612K(170880K)] 229324K->55568K(857856K), 0.0047040 secs] [Times: user=0.02 sys=0.00, real=0.01 secs] 
2014-07-16T14:06:33.622+0000: 203.810: [GC [PSYoungGen: 170820K->1624K(168576K)] 225777K->56692K(855552K), 0.0059490 secs] [Times: user=0.04 sys=0.00, real=0.00 secs] 
2014-07-16T14:06:34.212+0000: 204.399: [GC [PSYoungGen: 168508K->1194K(164864K)] 223577K->56408K(851840K), 0.0033340 secs] [Times: user=0.02 sys=0.00, real=0.00 secs] 
2014-07-16T14:06:34.792+0000: 204.980: [GC [PSYoungGen: 164841K->1100K(161664K)] 220056K->56394K(848640K), 0.0048640 secs] [Times: user=0.02 sys=0.00, real=0.00 secs] 
2014-07-16T14:06:35.388+0000: 205.575: [GC [PSYoungGen: 161612K->722K(158208K)] 216906K->56120K(845184K), 0.0033090 secs] [Times: user=0.01 sys=0.00, real=0.01 secs] 
2014-07-16T14:06:35.930+0000: 206.117: [GC [PSYoungGen: 158137K->562K(155072K)] 213535K->56048K(842048K), 0.0030560 secs] [Times: user=0.02 sys=0.00, real=0.00 secs] 
2014-07-16T14:06:36.506+0000: 206.693: [GC [PSYoungGen: 155048K->1228K(152896K)] 210535K->56810K(839872K), 0.0035110 secs] [Times: user=0.02 sys=0.00, real=0.00 secs] 
2014-07-16T14:06:37.056+0000: 207.243: [GC [PSYoungGen: 152843K->794K(149696K)] 208426K->56432K(836672K), 0.0033440 secs] [Times: user=0.02 sys=0.00, real=0.00 secs] 
2014-07-16T14:06:37.592+0000: 207.779: [GC [PSYoungGen: 149572K->798K(147008K)] 205211K->56500K(833984K), 0.0037160 secs] [Times: user=0.03 sys=0.00, real=0.00 secs] 
2014-07-16T14:06:38.106+0000: 208.293: [GC [PSYoungGen: 146974K->626K(144192K)] 202676K->56416K(831168K), 0.0043630 secs] [Times: user=0.02 sys=0.00, real=0.01 secs] 
2014-07-16T14:06:38.618+0000: 208.805: [GC [PSYoungGen: 144178K->1162K(142208K)] 199968K->57032K(829184K), 0.0057110 secs] [Times: user=0.03 sys=0.00, real=0.01 secs] 
2014-07-16T14:06:39.134+0000: 209.322: [GC [PSYoungGen: 142150K->704K(139264K)] 198020K->56646K(826240K), 0.0062940 secs] [Times: user=0.03 sys=0.00, real=0.01 secs] 
2014-07-16T14:06:39.635+0000: 209.822: [GC [PSYoungGen: 139264K->858K(137088K)] 195206K->56864K(824064K), 0.0034040 secs] [Times: user=0.01 sys=0.00, real=0.00 secs] 
2014-07-16T14:06:40.107+0000: 210.294: [GC [PSYoungGen: 137049K->794K(134720K)] 193056K->56856K(821696K), 0.0040980 secs] [Times: user=0.02 sys=0.00, real=0.01 secs] 
2014-07-16T14:06:40.587+0000: 210.774: [GC [PSYoungGen: 134682K->790K(132480K)] 190744K->56916K(819456K), 0.0039730 secs] [Times: user=0.02 sys=0.00, real=0.01 secs] 
2014-07-16T14:06:41.072+0000: 211.259: [GC [PSYoungGen: 132438K->690K(130176K)] 188564K->56912K(817152K), 0.0046980 secs] [Times: user=0.03 sys=0.00, real=0.00 secs] 
2014-07-16T14:06:41.509+0000: 211.697: [GC [PSYoungGen: 130162K->762K(128128K)] 186384K->57048K(815104K), 0.0034050 secs] [Times: user=0.01 sys=0.00, real=0.01 secs] 
2014-07-16T14:06:41.974+0000: 212.161: [GC [PSYoungGen: 128122K->990K(126336K)] 184408K->57364K(813312K), 0.0053400 secs] [Times: user=0.03 sys=0.00, real=0.00 secs] 
2014-07-16T14:06:42.416+0000: 212.603: [GC [PSYoungGen: 126302K->1180K(124480K)] 182676K->57634K(811456K), 0.0032520 secs] [Times: user=0.01 sys=0.01, real=0.00 secs] 
2014-07-16T14:06:42.858+0000: 213.045: [GC [PSYoungGen: 124402K->990K(122304K)] 180857K->57508K(809280K), 0.0041220 secs] [Times: user=0.02 sys=0.00, real=0.01 secs] 
2014-07-16T14:06:43.292+0000: 213.479: [GC [PSYoungGen: 122270K->652K(120064K)] 178788K->57218K(807040K), 0.0047340 secs] [Times: user=0.02 sys=0.00, real=0.00 secs] 
2014-07-16T14:06:43.723+0000: 213.910: [GC [PSYoungGen: 119982K->584K(143872K)] 176548K->57190K(830848K), 0.0060290 secs] [Times: user=0.03 sys=0.00, real=0.00 secs] 
2014-07-16T14:06:44.239+0000: 214.426: [GC [PSYoungGen: 143816K->562K(141312K)] 200422K->57224K(828288K), 0.0027810 secs] [Times: user=0.01 sys=0.01, real=0.01 secs] 
2014-07-16T14:06:44.749+0000: 214.936: [GC [PSYoungGen: 141229K->844K(139200K)] 197892K->57602K(826176K), 0.0068740 secs] [Times: user=0.05 sys=0.00, real=0.01 secs] 
2014-07-16T14:06:45.233+0000: 215.420: [GC [PSYoungGen: 139148K->994K(136960K)] 195906K->57808K(823936K), 0.0048080 secs] [Times: user=0.02 sys=0.00, real=0.00 secs] 
2014-07-16T14:06:45.731+0000: 215.918: [GC [PSYoungGen: 136881K->1022K(134656K)] 193696K->57916K(821632K), 0.0047200 secs] [Times: user=0.02 sys=0.00, real=0.00 secs] 
2014-07-16T14:06:46.211+0000: 216.398: [GC [PSYoungGen: 134654K->794K(132224K)] 191548K->57768K(819200K), 0.0053720 secs] [Times: user=0.03 sys=0.00, real=0.00 secs] 
2014-07-16T14:06:46.677+0000: 216.864: [GC [PSYoungGen: 132186K->876K(158592K)] 189160K->57922K(845568K), 0.0066800 secs] [Times: user=0.04 sys=0.00, real=0.01 secs] 
2014-07-16T14:06:47.236+0000: 217.423: [GC [PSYoungGen: 158572K->1126K(155904K)] 215618K->58324K(842880K), 0.0035550 secs] [Times: user=0.01 sys=0.01, real=0.00 secs] 
2014-07-16T14:06:47.793+0000: 217.980: [GC [PSYoungGen: 155878K->448K(152320K)] 213076K->57686K(839296K), 0.0053510 secs] [Times: user=0.02 sys=0.00, real=0.00 secs] 
2014-07-16T14:06:48.339+0000: 218.526: [GC [PSYoungGen: 152320K->922K(150080K)] 209558K->58248K(837056K), 0.0038540 secs] [Times: user=0.02 sys=0.00, real=0.01 secs] 
2014-07-16T14:06:48.871+0000: 219.058: [GC [PSYoungGen: 150042K->608K(147072K)] 207368K->58014K(834048K), 0.0031880 secs] [Times: user=0.02 sys=0.00, real=0.01 secs] 
2014-07-16T14:06:49.397+0000: 219.585: [GC [PSYoungGen: 147017K->1194K(145024K)] 204424K->58689K(832000K), 0.0041180 secs] [Times: user=0.02 sys=0.00, real=0.00 secs] 
2014-07-16T14:06:49.916+0000: 220.103: [GC [PSYoungGen: 145002K->1426K(142720K)] 202497K->59025K(829696K), 0.0053240 secs] [Times: user=0.02 sys=0.01, real=0.00 secs] 
2014-07-16T14:06:50.440+0000: 220.627: [GC [PSYoungGen: 142674K->434K(139200K)] 200273K->58380K(826176K), 0.0070140 secs] [Times: user=0.04 sys=0.00, real=0.01 secs] 
2014-07-16T14:06:50.938+0000: 221.125: [GC [PSYoungGen: 139186K->1072K(167616K)] 197132K->59082K(854592K), 0.0066560 secs] [Times: user=0.04 sys=0.00, real=0.01 secs] 
2014-07-16T14:06:51.529+0000: 221.717: [GC [PSYoungGen: 167600K->744K(170240K)] 225610K->58876K(857216K), 0.0063230 secs] [Times: user=0.03 sys=0.00, real=0.01 secs] 
2014-07-16T14:06:52.134+0000: 222.321: [GC [PSYoungGen: 169351K->576K(165888K)] 227484K->58764K(852864K), 0.0038230 secs] [Times: user=0.02 sys=0.00, real=0.00 secs] 
2014-07-16T14:06:52.752+0000: 222.939: [GC [PSYoungGen: 165886K->630K(162752K)] 224075K->58866K(849728K), 0.0036120 secs] [Times: user=0.02 sys=0.00, real=0.00 secs] 
2014-07-16T14:06:53.320+0000: 223.507: [GC [PSYoungGen: 162727K->826K(159872K)] 220964K->59134K(846848K), 0.0031880 secs] [Times: user=0.02 sys=0.00, real=0.01 secs] 
2014-07-16T14:06:53.880+0000: 224.067: [GC [PSYoungGen: 159857K->1008K(157056K)] 218166K->59381K(844032K), 0.0025630 secs] [Times: user=0.01 sys=0.01, real=0.01 secs] 
2014-07-16T14:06:54.434+0000: 224.621: [GC [PSYoungGen: 157028K->1422K(154624K)] 215401K->59909K(841600K), 0.0024790 secs] [Times: user=0.02 sys=0.00, real=0.00 secs] 
2014-07-16T14:06:54.979+0000: 225.166: [GC [PSYoungGen: 154574K->502K(150848K)] 213061K->59238K(837824K), 0.0022510 secs] [Times: user=0.01 sys=0.01, real=0.00 secs] 
2014-07-16T14:06:55.515+0000: 225.702: [GC [PSYoungGen: 150838K->576K(148160K)] 209574K->59384K(835136K), 0.0030840 secs] [Times: user=0.02 sys=0.00, real=0.00 secs] 
2014-07-16T14:06:56.053+0000: 226.240: [GC [PSYoungGen: 148160K->320K(145280K)] 206968K->59176K(832256K), 0.0054270 secs] [Times: user=0.03 sys=0.00, real=0.00 secs] 
2014-07-16T14:06:56.570+0000: 226.757: [GC [PSYoungGen: 145280K->640K(143040K)] 204136K->59584K(830016K), 0.0039550 secs] [Times: user=0.03 sys=0.00, real=0.01 secs] 
2014-07-16T14:06:57.061+0000: 227.249: [GC [PSYoungGen: 143040K->744K(140672K)] 201984K->59776K(827648K), 0.0034190 secs] [Times: user=0.02 sys=0.00, real=0.01 secs] 
2014-07-16T14:06:57.559+0000: 227.746: [GC [PSYoungGen: 140602K->922K(138432K)] 199635K->60050K(825408K), 0.0031590 secs] [Times: user=0.01 sys=0.00, real=0.00 secs] 
2014-07-16T14:06:58.043+0000: 228.230: [GC [PSYoungGen: 138384K->584K(135744K)] 197513K->59784K(822720K), 0.0044970 secs] [Times: user=0.02 sys=0.00, real=0.00 secs] 
2014-07-16T14:06:58.525+0000: 228.713: [GC [PSYoungGen: 135663K->666K(133504K)] 194864K->59939K(820480K), 0.0043110 secs] [Times: user=0.02 sys=0.00, real=0.00 secs] 
2014-07-16T14:06:59.007+0000: 229.194: [GC [PSYoungGen: 133442K->1126K(131712K)] 192715K->60479K(818688K), 0.0029360 secs] [Times: user=0.01 sys=0.00, real=0.00 secs] 
2014-07-16T14:06:59.473+0000: 229.660: [GC [PSYoungGen: 131686K->944K(129344K)] 191039K->60401K(816320K), 0.0044290 secs] [Times: user=0.02 sys=0.00, real=0.00 secs] 
2014-07-16T14:06:59.948+0000: 230.136: [GC [PSYoungGen: 129328K->676K(126976K)] 188785K->60204K(813952K), 0.0031180 secs] [Times: user=0.01 sys=0.00, real=0.00 secs] 
2014-07-16T14:07:00.399+0000: 230.586: [GC [PSYoungGen: 126948K->662K(124928K)] 186476K->60270K(811904K), 0.0045570 secs] [Times: user=0.02 sys=0.00, real=0.01 secs] 
2014-07-16T14:07:00.857+0000: 231.044: [GC [PSYoungGen: 124789K->630K(122880K)] 184398K->60310K(809856K), 0.0059790 secs] [Times: user=0.04 sys=0.00, real=0.01 secs] 
2014-07-16T14:07:01.299+0000: 231.486: [GC [PSYoungGen: 122870K->766K(121088K)] 182550K->60462K(808064K), 0.0044540 secs] [Times: user=0.01 sys=0.00, real=0.00 secs] 
2014-07-16T14:07:01.752+0000: 231.939: [GC [PSYoungGen: 121086K->822K(119296K)] 180782K->60622K(806272K), 0.0048550 secs] [Times: user=0.02 sys=0.00, real=0.01 secs] 
2014-07-16T14:07:02.160+0000: 232.347: [GC [PSYoungGen: 119286K->850K(117504K)] 179086K->60722K(804480K), 0.0047110 secs] [Times: user=0.02 sys=0.00, real=0.01 secs] 
2014-07-16T14:07:02.580+0000: 232.767: [GC [PSYoungGen: 117456K->698K(115520K)] 177328K->60635K(802496K), 0.0037130 secs] [Times: user=0.02 sys=0.00, real=0.00 secs] 
2014-07-16T14:07:03.020+0000: 233.207: [GC [PSYoungGen: 115514K->644K(113792K)] 175451K->60652K(800768K), 0.0027260 secs] [Times: user=0.02 sys=0.00, real=0.00 secs] 
2014-07-16T14:07:03.469+0000: 233.657: [GC [PSYoungGen: 113732K->940K(112384K)] 173740K->61044K(799360K), 0.0048240 secs] [Times: user=0.02 sys=0.00, real=0.01 secs] 
2014-07-16T14:07:03.880+0000: 234.067: [GC [PSYoungGen: 112350K->776K(110592K)] 172455K->60960K(797568K), 0.0032850 secs] [Times: user=0.01 sys=0.00, real=0.00 secs] 
2014-07-16T14:07:04.354+0000: 234.542: [GC [PSYoungGen: 110518K->690K(108864K)] 170703K->61196K(795840K), 0.0058640 secs] [Times: user=0.04 sys=0.00, real=0.00 secs] 
2014-07-16T14:07:04.852+0000: 235.039: [GC [PSYoungGen: 108824K->1082K(130880K)] 169331K->61620K(817856K), 0.0071250 secs] [Times: user=0.03 sys=0.01, real=0.01 secs] 
2014-07-16T14:07:05.436+0000: 235.623: [GC [PSYoungGen: 130874K->704K(154688K)] 191412K->61370K(841664K), 0.0063140 secs] [Times: user=0.01 sys=0.01, real=0.00 secs] 
2014-07-16T14:07:06.032+0000: 236.219: [GC [PSYoungGen: 154688K->1272K(152448K)] 215354K->62125K(839424K), 0.0048740 secs] [Times: user=0.03 sys=0.00, real=0.01 secs] 
2014-07-16T14:07:06.625+0000: 236.812: [GC [PSYoungGen: 152440K->64K(148480K)] 213293K->61671K(835456K), 0.0034000 secs] [Times: user=0.02 sys=0.01, real=0.00 secs] 
2014-07-16T14:07:07.201+0000: 237.388: [GC [PSYoungGen: 148480K->1406K(147136K)] 210087K->63309K(834112K), 0.0053260 secs] [Times: user=0.03 sys=0.00, real=0.01 secs] 
2014-07-16T14:07:07.739+0000: 237.926: [GC [PSYoungGen: 147134K->1240K(144384K)] 209037K->63543K(831360K), 0.0038230 secs] [Times: user=0.02 sys=0.00, real=0.00 secs] 
2014-07-16T14:07:08.321+0000: 238.508: [GC [PSYoungGen: 144302K->1040K(141696K)] 206606K->63399K(828672K), 0.0040410 secs] [Times: user=0.02 sys=0.00, real=0.00 secs] 
2014-07-16T14:07:08.833+0000: 239.020: [GC [PSYoungGen: 141648K->800K(139008K)] 204007K->63223K(825984K), 0.0035340 secs] [Times: user=0.01 sys=0.00, real=0.01 secs] 
2014-07-16T14:07:09.335+0000: 239.522: [GC [PSYoungGen: 138976K->448K(136256K)] 201399K->62927K(823232K), 0.0043800 secs] [Times: user=0.02 sys=0.00, real=0.01 secs] 
2014-07-16T14:07:09.812+0000: 239.999: [GC [PSYoungGen: 136256K->662K(134208K)] 198735K->63237K(821184K), 0.0035820 secs] [Times: user=0.01 sys=0.00, real=0.01 secs] 
2014-07-16T14:07:10.286+0000: 240.473: [GC [PSYoungGen: 134166K->1284K(132608K)] 196741K->63907K(819584K), 0.0042830 secs] [Times: user=0.02 sys=0.00, real=0.00 secs] 
2014-07-16T14:07:10.748+0000: 240.935: [GC [PSYoungGen: 132521K->962K(130112K)] 195144K->63665K(817088K), 0.0065370 secs] [Times: user=0.04 sys=0.00, real=0.00 secs] 
2014-07-16T14:07:11.212+0000: 241.399: [GC [PSYoungGen: 130035K->784K(127808K)] 192738K->63527K(814784K), 0.0037310 secs] [Times: user=0.01 sys=0.00, real=0.01 secs] 
2014-07-16T14:07:11.660+0000: 241.847: [GC [PSYoungGen: 127760K->880K(148608K)] 190503K->63671K(835584K), 0.0098180 secs] [Times: user=0.07 sys=0.00, real=0.01 secs] 
2014-07-16T14:07:12.193+0000: 242.380: [GC [PSYoungGen: 147939K->808K(148608K)] 210730K->63687K(835584K), 0.0028070 secs] [Times: user=0.01 sys=0.00, real=0.01 secs] 
2014-07-16T14:07:12.719+0000: 242.906: [GC [PSYoungGen: 147880K->740K(145216K)] 210759K->63707K(832192K), 0.0028360 secs] [Times: user=0.02 sys=0.00, real=0.00 secs] 
2014-07-16T14:07:13.234+0000: 243.421: [GC [PSYoungGen: 145188K->1258K(143168K)] 208155K->64297K(830144K), 0.0043600 secs] [Times: user=0.02 sys=0.00, real=0.01 secs] 
2014-07-16T14:07:13.745+0000: 243.932: [GC [PSYoungGen: 143146K->826K(140224K)] 206185K->63961K(827200K), 0.0040910 secs] [Times: user=0.02 sys=0.00, real=0.01 secs] 
2014-07-16T14:07:14.245+0000: 244.433: [GC [PSYoungGen: 140218K->658K(137664K)] 203353K->63873K(824640K), 0.0025540 secs] [Times: user=0.01 sys=0.00, real=0.00 secs] 
2014-07-16T14:07:14.745+0000: 244.932: [GC [PSYoungGen: 137618K->794K(135424K)] 200833K->64065K(822400K), 0.0043760 secs] [Times: user=0.02 sys=0.00, real=0.01 secs] 
2014-07-16T14:07:15.259+0000: 245.446: [GC [PSYoungGen: 135386K->996K(133312K)] 198657K->64339K(820288K), 0.0046650 secs] [Times: user=0.02 sys=0.00, real=0.00 secs] 
2014-07-16T14:07:15.686+0000: 245.873: [GC [PSYoungGen: 133284K->666K(130752K)] 196627K->64065K(817728K), 0.0041310 secs] [Times: user=0.02 sys=0.00, real=0.00 secs] 
2014-07-16T14:07:16.156+0000: 246.343: [GC [PSYoungGen: 130670K->1322K(129216K)] 194069K->64817K(816192K), 0.0049580 secs] [Times: user=0.02 sys=0.01, real=0.00 secs] 
2014-07-16T14:07:16.613+0000: 246.800: [GC [PSYoungGen: 129194K->480K(126272K)] 192689K->64039K(813248K), 0.0025290 secs] [Times: user=0.01 sys=0.00, real=0.00 secs] 
2014-07-16T14:07:17.064+0000: 247.252: [GC [PSYoungGen: 126240K->834K(124608K)] 189799K->64457K(811584K), 0.0034270 secs] [Times: user=0.02 sys=0.00, real=0.01 secs] 
2014-07-16T14:07:17.520+0000: 247.707: [GC [PSYoungGen: 124545K->704K(122432K)] 188168K->64383K(809408K), 0.0074390 secs] [Times: user=0.04 sys=0.00, real=0.01 secs] 
2014-07-16T14:07:17.953+0000: 248.140: [GC [PSYoungGen: 122432K->898K(120768K)] 186111K->64665K(807744K), 0.0032280 secs] [Times: user=0.02 sys=0.00, real=0.00 secs] 
2014-07-16T14:07:18.383+0000: 248.570: [GC [PSYoungGen: 120706K->972K(118976K)] 184473K->64843K(805952K), 0.0056140 secs] [Times: user=0.03 sys=0.00, real=0.01 secs] 
2014-07-16T14:07:18.808+0000: 248.995: [GC [PSYoungGen: 118924K->680K(116864K)] 182795K->64599K(803840K), 0.0039450 secs] [Times: user=0.01 sys=0.00, real=0.00 secs] 
2014-07-16T14:07:19.233+0000: 249.420: [GC [PSYoungGen: 116828K->1144K(115520K)] 180747K->65135K(802496K), 0.0037490 secs] [Times: user=0.01 sys=0.01, real=0.01 secs] 
2014-07-16T14:07:19.635+0000: 249.822: [GC [PSYoungGen: 115481K->1230K(113920K)] 179472K->65285K(800896K), 0.0028940 secs] [Times: user=0.02 sys=0.00, real=0.01 secs] 
2014-07-16T14:07:20.046+0000: 250.234: [GC [PSYoungGen: 113868K->570K(111552K)] 177923K->64979K(798528K), 0.0052490 secs] [Times: user=0.02 sys=0.00, real=0.00 secs] 
2014-07-16T14:07:20.446+0000: 250.633: [GC [PSYoungGen: 111546K->566K(133760K)] 175955K->65047K(820736K), 0.0057370 secs] [Times: user=0.03 sys=0.00, real=0.00 secs] 
2014-07-16T14:07:20.923+0000: 251.111: [GC [PSYoungGen: 133749K->544K(160448K)] 198231K->65239K(847424K), 0.0044300 secs] [Times: user=0.02 sys=0.00, real=0.01 secs] 
2014-07-16T14:07:21.490+0000: 251.678: [GC [PSYoungGen: 160409K->902K(157824K)] 225105K->65653K(844800K), 0.0033970 secs] [Times: user=0.01 sys=0.00, real=0.00 secs] 
2014-07-16T14:07:22.073+0000: 252.260: [GC [PSYoungGen: 157766K->740K(154688K)] 222517K->65539K(841664K), 0.0069960 secs] [Times: user=0.04 sys=0.00, real=0.01 secs] 
2014-07-16T14:07:22.617+0000: 252.804: [GC [PSYoungGen: 154660K->730K(151872K)] 219459K->65593K(838848K), 0.0041190 secs] [Times: user=0.02 sys=0.01, real=0.01 secs] 
2014-07-16T14:07:23.181+0000: 253.368: [GC [PSYoungGen: 151824K->1196K(149568K)] 216687K->66171K(836544K), 0.0057420 secs] [Times: user=0.03 sys=0.00, real=0.00 secs] 
2014-07-16T14:07:23.697+0000: 253.884: [GC [PSYoungGen: 149548K->836K(146560K)] 214523K->65883K(833536K), 0.0040720 secs] [Times: user=0.01 sys=0.00, real=0.01 secs] 
2014-07-16T14:07:24.212+0000: 254.399: [GC [PSYoungGen: 146479K->870K(143936K)] 211527K->66701K(830912K), 0.0040300 secs] [Times: user=0.02 sys=0.00, real=0.00 secs] 
2014-07-16T14:07:24.726+0000: 254.913: [GC [PSYoungGen: 143910K->548K(141120K)] 209741K->66451K(828096K), 0.0045640 secs] [Times: user=0.02 sys=0.00, real=0.01 secs] 
2014-07-16T14:07:25.283+0000: 255.470: [GC [PSYoungGen: 141092K->1456K(139584K)] 206995K->67423K(826560K), 0.0044690 secs] [Times: user=0.01 sys=0.00, real=0.01 secs] 
2014-07-16T14:07:25.748+0000: 255.935: [GC [PSYoungGen: 139568K->1000K(162688K)] 205535K->67023K(849664K), 0.0097130 secs] [Times: user=0.05 sys=0.00, real=0.01 secs] 
2014-07-16T14:07:26.309+0000: 256.496: [GC [PSYoungGen: 161871K->1100K(167488K)] 227895K->67219K(854464K), 0.0046740 secs] [Times: user=0.03 sys=0.00, real=0.00 secs] 
2014-07-16T14:07:26.895+0000: 257.082: [GC [PSYoungGen: 166831K->520K(163136K)] 232951K->66679K(850112K), 0.0043640 secs] [Times: user=0.02 sys=0.00, real=0.01 secs] 
2014-07-16T14:07:27.478+0000: 257.665: [GC [PSYoungGen: 163080K->808K(160256K)] 229239K->67047K(847232K), 0.0036100 secs] [Times: user=0.02 sys=0.00, real=0.00 secs] 
2014-07-16T14:07:28.054+0000: 258.241: [GC [PSYoungGen: 160232K->1286K(157760K)] 226471K->67581K(844736K), 0.0043070 secs] [Times: user=0.02 sys=0.00, real=0.01 secs] 
2014-07-16T14:07:28.597+0000: 258.784: [GC [PSYoungGen: 157702K->566K(154048K)] 223997K->66933K(841024K), 0.0054260 secs] [Times: user=0.02 sys=0.00, real=0.01 secs] 
2014-07-16T14:07:29.187+0000: 259.374: [GC [PSYoungGen: 154038K->498K(151168K)] 220405K->66897K(838144K), 0.0037010 secs] [Times: user=0.01 sys=0.00, real=0.01 secs] 
2014-07-16T14:07:29.751+0000: 259.938: [GC [PSYoungGen: 151154K->1026K(148992K)] 217553K->67489K(835968K), 0.0050070 secs] [Times: user=0.03 sys=0.00, real=0.00 secs] 
2014-07-16T14:07:30.373+0000: 260.560: [GC [PSYoungGen: 148930K->1210K(146432K)] 215393K->67729K(833408K), 0.0057040 secs] [Times: user=0.03 sys=0.00, real=0.01 secs] 
2014-07-16T14:07:30.916+0000: 261.103: [GC [PSYoungGen: 146426K->1066K(143744K)] 212945K->67887K(830720K), 0.0039860 secs] [Times: user=0.01 sys=0.00, real=0.01 secs] 
2014-07-16T14:07:31.456+0000: 261.644: [GC [PSYoungGen: 143722K->1244K(141440K)] 210543K->68113K(828416K), 0.0060240 secs] [Times: user=0.01 sys=0.00, real=0.01 secs] 
2014-07-16T14:07:32.010+0000: 262.198: [GC [PSYoungGen: 141404K->608K(138368K)] 208273K->67565K(825344K), 0.0032190 secs] [Times: user=0.01 sys=0.00, real=0.00 secs] 
2014-07-16T14:07:32.538+0000: 262.725: [GC [PSYoungGen: 138336K->1182K(136576K)] 205293K->68211K(823552K), 0.0064970 secs] [Times: user=0.03 sys=0.00, real=0.00 secs] 
2014-07-16T14:07:33.050+0000: 263.237: [GC [PSYoungGen: 136542K->626K(159552K)] 203571K->67727K(846528K), 0.0073600 secs] [Times: user=0.04 sys=0.00, real=0.00 secs] 
2014-07-16T14:07:33.678+0000: 263.865: [GC [PSYoungGen: 158386K->1336K(156160K)] 225487K->68509K(843136K), 0.0041270 secs] [Times: user=0.01 sys=0.01, real=0.01 secs] 
2014-07-16T14:07:34.261+0000: 264.449: [GC [PSYoungGen: 156152K->512K(152448K)] 223325K->67839K(839424K), 0.0029290 secs] [Times: user=0.01 sys=0.00, real=0.00 secs] 
2014-07-16T14:07:34.785+0000: 264.972: [GC [PSYoungGen: 152386K->562K(149696K)] 219713K->67969K(836672K), 0.0039550 secs] [Times: user=0.02 sys=0.00, real=0.00 secs] 
2014-07-16T14:07:35.318+0000: 265.506: [GC [PSYoungGen: 149682K->754K(147200K)] 217089K->68217K(834176K), 0.0071720 secs] [Times: user=0.03 sys=0.01, real=0.01 secs] 
2014-07-16T14:07:35.839+0000: 266.026: [GC [PSYoungGen: 147169K->862K(144704K)] 214632K->68405K(831680K), 0.0047120 secs] [Times: user=0.02 sys=0.00, real=0.00 secs] 
2014-07-16T14:07:36.358+0000: 266.545: [GC [PSYoungGen: 144670K->562K(141824K)] 212213K->68177K(828800K), 0.0052760 secs] [Times: user=0.02 sys=0.00, real=0.01 secs] 
2014-07-16T14:07:36.866+0000: 267.053: [GC [PSYoungGen: 141810K->1464K(154688K)] 209425K->69127K(841664K), 0.0074560 secs] [Times: user=0.03 sys=0.00, real=0.01 secs] 
2014-07-16T14:07:37.403+0000: 267.590: [GC [PSYoungGen: 154488K->1068K(151296K)] 222151K->68803K(838272K), 0.0033800 secs] [Times: user=0.02 sys=0.01, real=0.00 secs] 
2014-07-16T14:07:37.939+0000: 268.126: [GC [PSYoungGen: 151263K->1410K(148928K)] 218998K->69233K(835904K), 0.0054930 secs] [Times: user=0.03 sys=0.00, real=0.01 secs] 
2014-07-16T14:07:38.458+0000: 268.646: [GC [PSYoungGen: 148866K->798K(145664K)] 216689K->68661K(832640K), 0.0052340 secs] [Times: user=0.02 sys=0.00, real=0.01 secs] 
2014-07-16T14:07:38.975+0000: 269.162: [GC [PSYoungGen: 145630K->1068K(143360K)] 213493K->68995K(830336K), 0.0032360 secs] [Times: user=0.01 sys=0.00, real=0.00 secs] 
2014-07-16T14:07:39.479+0000: 269.666: [GC [PSYoungGen: 143340K->576K(140352K)] 211267K->68575K(827328K), 0.0062570 secs] [Times: user=0.03 sys=0.01, real=0.01 secs] 
2014-07-16T14:07:39.990+0000: 270.177: [GC [PSYoungGen: 140328K->1276K(138624K)] 208328K->69387K(825600K), 0.0045690 secs] [Times: user=0.03 sys=0.00, real=0.00 secs] 
2014-07-16T14:07:40.490+0000: 270.677: [GC [PSYoungGen: 138576K->876K(135872K)] 206688K->69067K(822848K), 0.0040800 secs] [Times: user=0.02 sys=0.00, real=0.00 secs] 
2014-07-16T14:07:40.968+0000: 271.155: [GC [PSYoungGen: 135852K->530K(133248K)] 204043K->68825K(820224K), 0.0051300 secs] [Times: user=0.03 sys=0.00, real=0.01 secs] 
2014-07-16T14:07:41.446+0000: 271.633: [GC [PSYoungGen: 133201K->1286K(131776K)] 201496K->69685K(818752K), 0.0034700 secs] [Times: user=0.02 sys=0.00, real=0.00 secs] 
2014-07-16T14:07:41.913+0000: 272.100: [GC [PSYoungGen: 131715K->716K(129024K)] 200114K->69179K(816000K), 0.0043000 secs] [Times: user=0.02 sys=0.00, real=0.00 secs] 
2014-07-16T14:07:42.371+0000: 272.558: [GC [PSYoungGen: 128972K->972K(127168K)] 197435K->69499K(814144K), 0.0050020 secs] [Times: user=0.02 sys=0.00, real=0.00 secs] 
2014-07-16T14:07:42.820+0000: 273.008: [GC [PSYoungGen: 127098K->786K(124928K)] 195626K->69353K(811904K), 0.0043620 secs] [Times: user=0.01 sys=0.01, real=0.00 secs] 
2014-07-16T14:07:43.259+0000: 273.447: [GC [PSYoungGen: 124882K->658K(122816K)] 193449K->69289K(809792K), 0.0049390 secs] [Times: user=0.03 sys=0.00, real=0.01 secs] 
2014-07-16T14:07:43.706+0000: 273.894: [GC [PSYoungGen: 122770K->790K(121024K)] 191401K->69493K(808000K), 0.0028760 secs] [Times: user=0.02 sys=0.00, real=0.00 secs] 
2014-07-16T14:07:44.131+0000: 274.318: [GC [PSYoungGen: 120982K->608K(118976K)] 189685K->69415K(805952K), 0.0037030 secs] [Times: user=0.02 sys=0.01, real=0.00 secs] 
2014-07-16T14:07:44.560+0000: 274.748: [GC [PSYoungGen: 118926K->498K(116992K)] 187733K->69377K(803968K), 0.0026190 secs] [Times: user=0.02 sys=0.00, real=0.00 secs] 
2014-07-16T14:07:44.974+0000: 275.161: [GC [PSYoungGen: 116978K->1040K(115776K)] 185857K->70007K(802752K), 0.0062090 secs] [Times: user=0.04 sys=0.01, real=0.01 secs] 
2014-07-16T14:07:45.386+0000: 275.574: [GC [PSYoungGen: 115715K->990K(138688K)] 184683K->69997K(825664K), 0.0118010 secs] [Times: user=0.06 sys=0.00, real=0.01 secs] 
2014-07-16T14:07:45.876+0000: 276.063: [GC [PSYoungGen: 138621K->676K(157824K)] 207629K->69779K(844800K), 0.0045160 secs] [Times: user=0.02 sys=0.00, real=0.01 secs] 
2014-07-16T14:07:46.418+0000: 276.605: [GC [PSYoungGen: 157476K->1290K(158336K)] 226579K->70465K(845312K), 0.0036520 secs] [Times: user=0.02 sys=0.00, real=0.01 secs] 
2014-07-16T14:07:46.993+0000: 277.180: [GC [PSYoungGen: 158090K->1168K(189696K)] 227265K->70439K(876672K), 0.0048380 secs] [Times: user=0.03 sys=0.01, real=0.00 secs] 
2014-07-16T14:07:47.709+0000: 277.896: [GC [PSYoungGen: 189264K->694K(184896K)] 258535K->70021K(871872K), 0.0036400 secs] [Times: user=0.01 sys=0.00, real=0.01 secs] 
2014-07-16T14:07:48.345+0000: 278.532: [GC [PSYoungGen: 184886K->780K(181248K)] 254213K->70195K(868224K), 0.0033010 secs] [Times: user=0.02 sys=0.00, real=0.00 secs] 
2014-07-16T14:07:48.978+0000: 279.165: [GC [PSYoungGen: 181196K->726K(177472K)] 250611K->70229K(864448K), 0.0051410 secs] [Times: user=0.03 sys=0.01, real=0.01 secs] 
2014-07-16T14:07:49.622+0000: 279.810: [GC [PSYoungGen: 177430K->1076K(174208K)] 246933K->70667K(861184K), 0.0044450 secs] [Times: user=0.03 sys=0.00, real=0.00 secs] 
2014-07-16T14:07:50.262+0000: 280.449: [GC [PSYoungGen: 174195K->608K(170304K)] 243787K->70271K(857280K), 0.0057230 secs] [Times: user=0.03 sys=0.00, real=0.00 secs] 
2014-07-16T14:07:50.861+0000: 281.048: [GC [PSYoungGen: 170252K->858K(167232K)] 239915K->70617K(854208K), 0.0029200 secs] [Times: user=0.01 sys=0.00, real=0.01 secs] 
2014-07-16T14:07:51.482+0000: 281.670: [GC [PSYoungGen: 167162K->908K(164096K)] 236922K->70747K(851072K), 0.0031820 secs] [Times: user=0.01 sys=0.00, real=0.00 secs] 
2014-07-16T14:07:52.051+0000: 282.238: [GC [PSYoungGen: 164044K->890K(160896K)] 233883K->70785K(847872K), 0.0046370 secs] [Times: user=0.02 sys=0.00, real=0.01 secs] 
2014-07-16T14:07:52.622+0000: 282.809: [GC [PSYoungGen: 160890K->620K(157632K)] 230785K->70539K(844608K), 0.0057090 secs] [Times: user=0.01 sys=0.00, real=0.00 secs] 
2014-07-16T14:07:53.177+0000: 283.364: [GC [PSYoungGen: 157612K->948K(155008K)] 227531K->70947K(841984K), 0.0046310 secs] [Times: user=0.03 sys=0.00, real=0.01 secs] 
2014-07-16T14:07:53.719+0000: 283.906: [GC [PSYoungGen: 154996K->608K(151808K)] 224995K->70687K(838784K), 0.0047940 secs] [Times: user=0.03 sys=0.01, real=0.01 secs] 
2014-07-16T14:07:54.262+0000: 284.449: [GC [PSYoungGen: 151776K->576K(148992K)] 221855K->70735K(835968K), 0.0042400 secs] [Times: user=0.02 sys=0.00, real=0.01 secs] 
2014-07-16T14:07:54.804+0000: 284.992: [GC [PSYoungGen: 148992K->1330K(147072K)] 219151K->71777K(834048K), 0.0026630 secs] [Times: user=0.01 sys=0.00, real=0.00 secs] 
2014-07-16T14:07:55.327+0000: 285.514: [GC [PSYoungGen: 147058K->808K(143936K)] 217505K->71391K(830912K), 0.0048020 secs] [Times: user=0.02 sys=0.00, real=0.01 secs] 
2014-07-16T14:07:55.875+0000: 286.062: [GC [PSYoungGen: 143912K->1286K(141952K)] 214495K->71949K(828928K), 0.0038850 secs] [Times: user=0.02 sys=0.00, real=0.00 secs] 
2014-07-16T14:07:56.349+0000: 286.536: [GC [PSYoungGen: 141894K->576K(138752K)] 212557K->71319K(825728K), 0.0025440 secs] [Times: user=0.02 sys=0.00, real=0.00 secs] 
2014-07-16T14:07:56.839+0000: 287.026: [GC [PSYoungGen: 138741K->1172K(137024K)] 209485K->71979K(824000K), 0.0049600 secs] [Times: user=0.02 sys=0.00, real=0.01 secs] 
2014-07-16T14:07:57.322+0000: 287.509: [GC [PSYoungGen: 136980K->898K(134464K)] 207787K->71769K(821440K), 0.0053190 secs] [Times: user=0.03 sys=0.00, real=0.00 secs] 
2014-07-16T14:07:57.792+0000: 287.980: [GC [PSYoungGen: 134402K->822K(132096K)] 205273K->71789K(819072K), 0.0044610 secs] [Times: user=0.02 sys=0.01, real=0.00 secs] 
2014-07-16T14:07:58.283+0000: 288.471: [GC [PSYoungGen: 132051K->690K(129792K)] 203018K->71745K(816768K), 0.0052140 secs] [Times: user=0.03 sys=0.01, real=0.00 secs] 
2014-07-16T14:07:58.735+0000: 288.922: [GC [PSYoungGen: 129778K->722K(127744K)] 200833K->71841K(814720K), 0.0028630 secs] [Times: user=0.01 sys=0.00, real=0.00 secs] 
2014-07-16T14:07:59.205+0000: 289.392: [GC [PSYoungGen: 127688K->662K(125632K)] 198808K->71837K(812608K), 0.0051210 secs] [Times: user=0.03 sys=0.00, real=0.00 secs] 
2014-07-16T14:07:59.646+0000: 289.833: [GC [PSYoungGen: 125586K->576K(123520K)] 196762K->71839K(810496K), 0.0040280 secs] [Times: user=0.02 sys=0.00, real=0.00 secs] 
2014-07-16T14:08:00.103+0000: 290.291: [GC [PSYoungGen: 123520K->922K(121920K)] 194783K->72289K(808896K), 0.0049240 secs] [Times: user=0.03 sys=0.00, real=0.00 secs] 
2014-07-16T14:08:00.550+0000: 290.737: [GC [PSYoungGen: 121859K->1324K(120384K)] 193226K->72755K(807360K), 0.0060130 secs] [Times: user=0.03 sys=0.00, real=0.01 secs] 
2014-07-16T14:08:00.950+0000: 291.137: [GC [PSYoungGen: 120349K->548K(143424K)] 191780K->72175K(830400K), 0.0051520 secs] [Times: user=0.01 sys=0.00, real=0.01 secs] 
2014-07-16T14:08:01.431+0000: 291.618: [GC [PSYoungGen: 143372K->576K(140928K)] 215000K->72341K(827904K), 0.0026780 secs] [Times: user=0.02 sys=0.00, real=0.01 secs] 
2014-07-16T14:08:01.932+0000: 292.119: [GC [PSYoungGen: 140916K->1226K(139200K)] 212682K->73111K(826176K), 0.0035920 secs] [Times: user=0.01 sys=0.00, real=0.01 secs] 
2014-07-16T14:08:02.437+0000: 292.624: [GC [PSYoungGen: 139137K->1372K(136960K)] 211023K->73353K(823936K), 0.0036340 secs] [Times: user=0.02 sys=0.00, real=0.00 secs] 
2014-07-16T14:08:02.921+0000: 293.108: [GC [PSYoungGen: 136924K->434K(133696K)] 208905K->72831K(820672K), 0.0042480 secs] [Times: user=0.03 sys=0.00, real=0.01 secs] 
2014-07-16T14:08:03.383+0000: 293.570: [GC [PSYoungGen: 133682K->1086K(132096K)] 206079K->73571K(819072K), 0.0040820 secs] [Times: user=0.02 sys=0.00, real=0.00 secs] 
2014-07-16T14:08:03.873+0000: 294.060: [GC [PSYoungGen: 132061K->1022K(129856K)] 204546K->73719K(816832K), 0.0059550 secs] [Times: user=0.04 sys=0.00, real=0.00 secs] 
2014-07-16T14:08:04.316+0000: 294.503: [GC [PSYoungGen: 129854K->480K(127232K)] 202551K->73233K(814208K), 0.0044810 secs] [Times: user=0.02 sys=0.00, real=0.00 secs] 
2014-07-16T14:08:04.808+0000: 294.995: [GC [PSYoungGen: 127199K->772K(125504K)] 199953K->73605K(812480K), 0.0040310 secs] [Times: user=0.03 sys=0.00, real=0.00 secs] 
2014-07-16T14:08:05.333+0000: 295.520: [GC [PSYoungGen: 125444K->804K(123520K)] 198277K->73693K(810496K), 0.0050140 secs] [Times: user=0.02 sys=0.01, real=0.00 secs] 
2014-07-16T14:08:05.787+0000: 295.974: [GC [PSYoungGen: 123468K->1090K(121920K)] 196358K->74067K(808896K), 0.0028550 secs] [Times: user=0.02 sys=0.00, real=0.00 secs] 
2014-07-16T14:08:06.249+0000: 296.436: [GC [PSYoungGen: 121847K->1072K(119936K)] 194825K->74153K(806912K), 0.0056400 secs] [Times: user=0.03 sys=0.00, real=0.01 secs] 
2014-07-16T14:08:06.720+0000: 296.907: [GC [PSYoungGen: 119920K->870K(117888K)] 193001K->74242K(804864K), 0.0031020 secs] [Times: user=0.02 sys=0.00, real=0.01 secs] 
2014-07-16T14:08:07.201+0000: 297.389: [GC [PSYoungGen: 117862K->908K(116160K)] 191234K->74335K(803136K), 0.0036960 secs] [Times: user=0.02 sys=0.00, real=0.01 secs] 
2014-07-16T14:08:07.661+0000: 297.848: [GC [PSYoungGen: 116107K->808K(114304K)] 189535K->74564K(801280K), 0.0030850 secs] [Times: user=0.02 sys=0.01, real=0.00 secs] 
2014-07-16T14:08:08.080+0000: 298.267: [GC [PSYoungGen: 114246K->740K(112512K)] 188002K->74583K(799488K), 0.0055360 secs] [Times: user=0.03 sys=0.00, real=0.01 secs] 
2014-07-16T14:08:08.511+0000: 298.698: [GC [PSYoungGen: 112463K->758K(110848K)] 186307K->74657K(797824K), 0.0035890 secs] [Times: user=0.02 sys=0.00, real=0.01 secs] 
2014-07-16T14:08:08.915+0000: 299.102: [GC [PSYoungGen: 110824K->840K(109376K)] 184724K->74812K(796352K), 0.0030130 secs] [Times: user=0.01 sys=0.00, real=0.00 secs] 
2014-07-16T14:08:09.323+0000: 299.510: [GC [PSYoungGen: 109320K->940K(107840K)] 183292K->74992K(794816K), 0.0045250 secs] [Times: user=0.03 sys=0.00, real=0.01 secs] 
2014-07-16T14:08:09.714+0000: 299.901: [GC [PSYoungGen: 107790K->480K(105856K)] 181842K->74571K(792832K), 0.0045950 secs] [Times: user=0.03 sys=0.00, real=0.01 secs] 
2014-07-16T14:08:10.122+0000: 300.309: [GC [PSYoungGen: 105824K->1054K(127552K)] 179915K->75234K(814528K), 0.0054040 secs] [Times: user=0.03 sys=0.00, real=0.01 secs] 
2014-07-16T14:08:10.638+0000: 300.825: [GC [PSYoungGen: 127518K->1406K(153216K)] 201698K->75666K(840192K), 0.0054880 secs] [Times: user=0.03 sys=0.00, real=0.00 secs] 
2014-07-16T14:08:11.143+0000: 301.330: [GC [PSYoungGen: 153214K->384K(161728K)] 227474K->74827K(848704K), 0.0054800 secs] [Times: user=0.02 sys=0.00, real=0.01 secs] 
2014-07-16T14:08:11.731+0000: 301.918: [GC [PSYoungGen: 161679K->1258K(159552K)] 236123K->75774K(846528K), 0.0044530 secs] [Times: user=0.03 sys=0.00, real=0.01 secs] 
2014-07-16T14:08:12.297+0000: 302.484: [GC [PSYoungGen: 159530K->320K(155584K)] 234046K->74883K(842560K), 0.0048390 secs] [Times: user=0.03 sys=0.00, real=0.00 secs] 
2014-07-16T14:08:12.834+0000: 303.021: [GC [PSYoungGen: 155584K->512K(152896K)] 230147K->75163K(839872K), 0.0045470 secs] [Times: user=0.03 sys=0.00, real=0.01 secs] 
2014-07-16T14:08:13.371+0000: 303.558: [GC [PSYoungGen: 152896K->576K(150144K)] 227547K->75291K(837120K), 0.0032560 secs] [Times: user=0.01 sys=0.00, real=0.01 secs] 
2014-07-16T14:08:13.890+0000: 304.078: [GC [PSYoungGen: 150144K->672K(147584K)] 224859K->75467K(834560K), 0.0073410 secs] [Times: user=0.04 sys=0.00, real=0.01 secs] 
2014-07-16T14:08:14.398+0000: 304.585: [GC [PSYoungGen: 147529K->962K(159552K)] 222325K->75862K(846528K), 0.0068870 secs] [Times: user=0.04 sys=0.01, real=0.00 secs] 
2014-07-16T14:08:14.986+0000: 305.173: [GC [PSYoungGen: 158976K->652K(155776K)] 233876K->75599K(842752K), 0.0033380 secs] [Times: user=0.01 sys=0.00, real=0.00 secs] 
2014-07-16T14:08:15.548+0000: 305.735: [GC [PSYoungGen: 155724K->876K(153088K)] 230671K->75912K(840064K), 0.0045280 secs] [Times: user=0.02 sys=0.00, real=0.00 secs] 
2014-07-16T14:08:16.104+0000: 306.291: [GC [PSYoungGen: 153068K->722K(150144K)] 228104K->75853K(837120K), 0.0031680 secs] [Times: user=0.01 sys=0.01, real=0.01 secs] 
2014-07-16T14:08:16.642+0000: 306.829: [GC [PSYoungGen: 150098K->854K(147584K)] 225229K->76065K(834560K), 0.0077790 secs] [Times: user=0.05 sys=0.00, real=0.01 secs] 
2014-07-16T14:08:17.174+0000: 307.361: [GC [PSYoungGen: 147511K->1162K(145280K)] 222723K->76454K(832256K), 0.0026400 secs] [Times: user=0.02 sys=0.01, real=0.01 secs] 
2014-07-16T14:08:17.722+0000: 307.910: [GC [PSYoungGen: 145226K->766K(155840K)] 220518K->76848K(842816K), 0.0097990 secs] [Times: user=0.07 sys=0.01, real=0.01 secs] 
2014-07-16T14:08:18.284+0000: 308.471: [GC [PSYoungGen: 155838K->580K(156736K)] 231920K->76726K(843712K), 0.0054460 secs] [Times: user=0.03 sys=0.00, real=0.01 secs] 
2014-07-16T14:08:18.826+0000: 309.013: [GC [PSYoungGen: 155652K->708K(152960K)] 231798K->77090K(839936K), 0.0039650 secs] [Times: user=0.02 sys=0.00, real=0.00 secs] 
2014-07-16T14:08:19.369+0000: 309.556: [GC [PSYoungGen: 152900K->640K(150016K)] 229282K->77126K(836992K), 0.0028700 secs] [Times: user=0.01 sys=0.01, real=0.00 secs] 
2014-07-16T14:08:19.904+0000: 310.092: [GC [PSYoungGen: 150016K->1158K(147904K)] 226502K->77708K(834880K), 0.0034870 secs] [Times: user=0.02 sys=0.00, real=0.01 secs] 
2014-07-16T14:08:20.433+0000: 310.620: [GC [PSYoungGen: 147812K->1040K(145152K)] 224362K->77670K(832128K), 0.0026080 secs] [Times: user=0.02 sys=0.00, real=0.00 secs] 
2014-07-16T14:08:20.940+0000: 311.127: [GC [PSYoungGen: 145104K->940K(142464K)] 221734K->77626K(829440K), 0.0042140 secs] [Times: user=0.02 sys=0.00, real=0.00 secs] 
2014-07-16T14:08:21.423+0000: 311.611: [GC [PSYoungGen: 142444K->416K(139456K)] 219130K->77206K(826432K), 0.0055370 secs] [Times: user=0.03 sys=0.01, real=0.01 secs] 
2014-07-16T14:08:21.919+0000: 312.106: [GC [PSYoungGen: 139424K->922K(137536K)] 216214K->77792K(824512K), 0.0046150 secs] [Times: user=0.03 sys=0.00, real=0.00 secs] 
2014-07-16T14:08:22.414+0000: 312.601: [GC [PSYoungGen: 137498K->1116K(135424K)] 214368K->78050K(822400K), 0.0036220 secs] [Times: user=0.02 sys=0.00, real=0.01 secs] 
2014-07-16T14:08:22.900+0000: 313.088: [GC [PSYoungGen: 135388K->962K(133056K)] 212322K->77968K(820032K), 0.0067400 secs] [Times: user=0.04 sys=0.00, real=0.01 secs] 
2014-07-16T14:08:23.376+0000: 313.563: [GC [PSYoungGen: 132994K->516K(130432K)] 210000K->77578K(817408K), 0.0049300 secs] [Times: user=0.03 sys=0.00, real=0.01 secs] 
2014-07-16T14:08:23.843+0000: 314.030: [GC [PSYoungGen: 130372K->990K(128768K)] 207434K->78132K(815744K), 0.0039440 secs] [Times: user=0.03 sys=0.00, real=0.01 secs] 
2014-07-16T14:08:24.301+0000: 314.488: [GC [PSYoungGen: 128699K->630K(126272K)] 205841K->77860K(813248K), 0.0040560 secs] [Times: user=0.03 sys=0.00, real=0.00 secs] 
2014-07-16T14:08:24.757+0000: 314.944: [GC [PSYoungGen: 126262K->786K(151616K)] 203492K->78112K(838592K), 0.0063210 secs] [Times: user=0.04 sys=0.00, real=0.00 secs] 
2014-07-16T14:08:25.288+0000: 315.475: [GC [PSYoungGen: 151530K->1458K(179200K)] 228856K->79056K(866176K), 0.0058520 secs] [Times: user=0.03 sys=0.00, real=0.00 secs] 
2014-07-16T14:08:25.924+0000: 316.111: [GC [PSYoungGen: 179186K->768K(182784K)] 256784K->78470K(869760K), 0.0071540 secs] [Times: user=0.05 sys=0.00, real=0.01 secs] 
2014-07-16T14:08:26.561+0000: 316.748: [GC [PSYoungGen: 181776K->826K(178176K)] 259478K->78640K(865152K), 0.0046250 secs] [Times: user=0.03 sys=0.01, real=0.00 secs] 
2014-07-16T14:08:27.206+0000: 317.393: [GC [PSYoungGen: 178170K->890K(174656K)] 255984K->79166K(861632K), 0.0040530 secs] [Times: user=0.02 sys=0.00, real=0.01 secs] 
2014-07-16T14:08:27.826+0000: 318.013: [GC [PSYoungGen: 174650K->726K(171072K)] 252926K->79050K(858048K), 0.0042850 secs] [Times: user=0.02 sys=0.00, real=0.01 secs] 
2014-07-16T14:08:28.477+0000: 318.664: [GC [PSYoungGen: 171030K->1310K(168320K)] 249354K->79722K(855296K), 0.0048270 secs] [Times: user=0.02 sys=0.00, real=0.00 secs] 
2014-07-16T14:08:29.090+0000: 319.277: [GC [PSYoungGen: 168286K->1036K(164800K)] 246698K->79528K(851776K), 0.0039010 secs] [Times: user=0.02 sys=0.00, real=0.00 secs] 
2014-07-16T14:08:29.673+0000: 319.860: [GC [PSYoungGen: 164748K->1078K(161664K)] 243240K->79674K(848640K), 0.0059480 secs] [Times: user=0.03 sys=0.00, real=0.01 secs] 
2014-07-16T14:08:30.229+0000: 320.417: [GC [PSYoungGen: 161652K->1040K(158592K)] 240248K->79716K(845568K), 0.0040400 secs] [Times: user=0.02 sys=0.00, real=0.00 secs] 
2014-07-16T14:08:30.962+0000: 321.149: [GC [PSYoungGen: 158544K->1200K(155776K)] 237220K->79980K(842752K), 0.0049620 secs] [Times: user=0.03 sys=0.00, real=0.01 secs] 
2014-07-16T14:08:31.506+0000: 321.694: [GC [PSYoungGen: 155760K->652K(152384K)] 234540K->79504K(839360K), 0.0042910 secs] [Times: user=0.02 sys=0.00, real=0.01 secs] 
2014-07-16T14:08:32.103+0000: 322.290: [GC [PSYoungGen: 152332K->658K(149632K)] 231184K->79550K(836608K), 0.0067250 secs] [Times: user=0.03 sys=0.00, real=0.01 secs] 
2014-07-16T14:08:32.658+0000: 322.845: [GC [PSYoungGen: 149580K->798K(147072K)] 228473K->79738K(834048K), 0.0065240 secs] [Times: user=0.03 sys=0.01, real=0.00 secs] 
2014-07-16T14:08:33.220+0000: 323.408: [GC [PSYoungGen: 147038K->912K(144576K)] 225978K->79876K(831552K), 0.0072970 secs] [Times: user=0.04 sys=0.00, real=0.01 secs] 
2014-07-16T14:08:33.761+0000: 323.948: [GC [PSYoungGen: 144528K->480K(172864K)] 223492K->79508K(859840K), 0.0079330 secs] [Times: user=0.04 sys=0.00, real=0.01 secs] 
2014-07-16T14:08:34.433+0000: 324.620: [GC [PSYoungGen: 172765K->1158K(170176K)] 251793K->80250K(857152K), 0.0043260 secs] [Times: user=0.02 sys=0.01, real=0.00 secs] 
2014-07-16T14:08:35.067+0000: 325.255: [GC [PSYoungGen: 170118K->1018K(166656K)] 249210K->80182K(853632K), 0.0030330 secs] [Times: user=0.02 sys=0.00, real=0.01 secs] 
2014-07-16T14:08:35.739+0000: 325.927: [GC [PSYoungGen: 166650K->776K(163264K)] 245814K->80012K(850240K), 0.0047000 secs] [Times: user=0.02 sys=0.01, real=0.00 secs] 
2014-07-16T14:08:36.384+0000: 326.572: [GC [PSYoungGen: 163208K->1214K(172288K)] 242444K->80514K(859264K), 0.0127550 secs] [Times: user=0.07 sys=0.00, real=0.01 secs] 
2014-07-16T14:08:36.982+0000: 327.169: [GC [PSYoungGen: 171874K->584K(168000K)] 251175K->79940K(854976K), 0.0035350 secs] [Times: user=0.01 sys=0.01, real=0.00 secs] 
2014-07-16T14:08:37.580+0000: 327.768: [GC [PSYoungGen: 167931K->1090K(165248K)] 247288K->80526K(852224K), 0.0032100 secs] [Times: user=0.01 sys=0.00, real=0.00 secs] 
2014-07-16T14:08:38.180+0000: 328.367: [GC [PSYoungGen: 165186K->1018K(161984K)] 244622K->80518K(848960K), 0.0064560 secs] [Times: user=0.04 sys=0.00, real=0.00 secs] 
2014-07-16T14:08:38.792+0000: 328.979: [GC [PSYoungGen: 161978K->1144K(159040K)] 241478K->80692K(846016K), 0.0057990 secs] [Times: user=0.04 sys=0.00, real=0.00 secs] 
2014-07-16T14:08:39.348+0000: 329.535: [GC [PSYoungGen: 159032K->690K(155648K)] 238580K->80310K(842624K), 0.0025760 secs] [Times: user=0.01 sys=0.00, real=0.00 secs] 
2014-07-16T14:08:39.895+0000: 330.082: [GC [PSYoungGen: 155627K->894K(152960K)] 235248K->80594K(839936K), 0.0054580 secs] [Times: user=0.03 sys=0.00, real=0.01 secs] 
2014-07-16T14:08:40.437+0000: 330.625: [GC [PSYoungGen: 152958K->1058K(150336K)] 232658K->80830K(837312K), 0.0050260 secs] [Times: user=0.02 sys=0.00, real=0.01 secs] 
2014-07-16T14:08:40.980+0000: 331.167: [GC [PSYoungGen: 150289K->548K(147136K)] 230061K->80392K(834112K), 0.0041250 secs] [Times: user=0.02 sys=0.00, real=0.00 secs] 
2014-07-16T14:08:41.507+0000: 331.694: [GC [PSYoungGen: 147092K->1008K(144960K)] 226937K->80964K(831936K), 0.0034760 secs] [Times: user=0.02 sys=0.00, real=0.01 secs] 
2014-07-16T14:08:42.027+0000: 332.214: [GC [PSYoungGen: 144914K->1262K(142656K)] 224871K->81298K(829632K), 0.0030050 secs] [Times: user=0.02 sys=0.00, real=0.01 secs] 
2014-07-16T14:08:42.531+0000: 332.718: [GC [PSYoungGen: 142638K->516K(139456K)] 222674K->80608K(826432K), 0.0050470 secs] [Times: user=0.03 sys=0.00, real=0.00 secs] 
2014-07-16T14:08:43.032+0000: 333.220: [GC [PSYoungGen: 139394K->754K(137280K)] 219486K->80926K(824256K), 0.0051510 secs] [Times: user=0.03 sys=0.00, real=0.00 secs] 
2014-07-16T14:08:43.514+0000: 333.702: [GC [PSYoungGen: 137266K->512K(134720K)] 217438K->80772K(821696K), 0.0071690 secs] [Times: user=0.03 sys=0.01, real=0.01 secs] 
2014-07-16T14:08:44.009+0000: 334.196: [GC [PSYoungGen: 134720K->826K(132800K)] 214980K->81150K(819776K), 0.0036610 secs] [Times: user=0.01 sys=0.00, real=0.01 secs] 
2014-07-16T14:08:44.481+0000: 334.669: [GC [PSYoungGen: 132794K->562K(130368K)] 213118K->80958K(817344K), 0.0041990 secs] [Times: user=0.03 sys=0.00, real=0.00 secs] 
2014-07-16T14:08:44.934+0000: 335.122: [GC [PSYoungGen: 130354K->1344K(129088K)] 210750K->81820K(816064K), 0.0039350 secs] [Times: user=0.02 sys=0.00, real=0.00 secs] 
2014-07-16T14:08:45.409+0000: 335.597: [GC [PSYoungGen: 129023K->994K(126592K)] 209500K->81574K(813568K), 0.0042560 secs] [Times: user=0.03 sys=0.00, real=0.00 secs] 
2014-07-16T14:08:45.864+0000: 336.051: [GC [PSYoungGen: 126562K->786K(151552K)] 207142K->81406K(838528K), 0.0097610 secs] [Times: user=0.05 sys=0.00, real=0.01 secs] 
2014-07-16T14:08:46.383+0000: 336.570: [GC [PSYoungGen: 151506K->936K(181824K)] 232126K->81644K(868800K), 0.0037740 secs] [Times: user=0.03 sys=0.01, real=0.00 secs] 
2014-07-16T14:08:47.033+0000: 337.220: [GC [PSYoungGen: 181800K->690K(177856K)] 262508K->81470K(864832K), 0.0029210 secs] [Times: user=0.01 sys=0.00, real=0.00 secs] 
2014-07-16T14:08:47.681+0000: 337.868: [GC [PSYoungGen: 177842K->576K(174144K)] 258622K->81460K(861120K), 0.0044280 secs] [Times: user=0.02 sys=0.00, real=0.00 secs] 
2014-07-16T14:08:48.310+0000: 338.498: [GC [PSYoungGen: 174144K->882K(171008K)] 255028K->81854K(857984K), 0.0063870 secs] [Times: user=0.03 sys=0.00, real=0.00 secs] 
2014-07-16T14:08:48.899+0000: 339.086: [GC [PSYoungGen: 170994K->762K(167552K)] 251966K->81822K(854528K), 0.0043540 secs] [Times: user=0.02 sys=0.00, real=0.01 secs] 
2014-07-16T14:08:49.510+0000: 339.698: [GC [PSYoungGen: 167546K->676K(164224K)] 248606K->81816K(851200K), 0.0033260 secs] [Times: user=0.01 sys=0.00, real=0.00 secs] 
2014-07-16T14:08:50.082+0000: 340.269: [GC [PSYoungGen: 164177K->952K(161344K)] 245318K->82132K(848320K), 0.0057250 secs] [Times: user=0.04 sys=0.00, real=0.00 secs] 
2014-07-16T14:08:50.671+0000: 340.859: [GC [PSYoungGen: 161254K->562K(157888K)] 242434K->81838K(844864K), 0.0036580 secs] [Times: user=0.02 sys=0.00, real=0.00 secs] 
2014-07-16T14:08:51.230+0000: 341.417: [GC [PSYoungGen: 157833K->1116K(155520K)] 239109K->82456K(842496K), 0.0028840 secs] [Times: user=0.02 sys=0.00, real=0.01 secs] 
2014-07-16T14:08:51.787+0000: 341.975: [GC [PSYoungGen: 155484K->902K(152448K)] 236824K->82298K(839424K), 0.0032960 secs] [Times: user=0.01 sys=0.00, real=0.01 secs] 
2014-07-16T14:08:52.322+0000: 342.509: [GC [PSYoungGen: 152348K->712K(149504K)] 233744K->82180K(836480K), 0.0034880 secs] [Times: user=0.02 sys=0.00, real=0.00 secs] 
2014-07-16T14:08:52.856+0000: 343.043: [GC [PSYoungGen: 149448K->512K(146560K)] 230916K->82084K(833536K), 0.0026740 secs] [Times: user=0.01 sys=0.00, real=0.00 secs] 
2014-07-16T14:08:53.381+0000: 343.568: [GC [PSYoungGen: 146560K->1016K(144448K)] 228132K->82660K(831424K), 0.0036940 secs] [Times: user=0.02 sys=0.00, real=0.01 secs] 
2014-07-16T14:08:53.894+0000: 344.082: [GC [PSYoungGen: 144428K->972K(141888K)] 226072K->82696K(828864K), 0.0033700 secs] [Times: user=0.01 sys=0.00, real=0.00 secs] 
2014-07-16T14:08:54.395+0000: 344.582: [GC [PSYoungGen: 141812K->762K(139200K)] 223537K->82574K(826176K), 0.0034250 secs] [Times: user=0.02 sys=0.00, real=0.00 secs] 
2014-07-16T14:08:54.877+0000: 345.064: [GC [PSYoungGen: 139174K->812K(136896K)] 220987K->82736K(823872K), 0.0032680 secs] [Times: user=0.02 sys=0.00, real=0.00 secs] 
2014-07-16T14:08:55.368+0000: 345.555: [GC [PSYoungGen: 136876K->826K(134592K)] 218800K->82822K(821568K), 0.0026040 secs] [Times: user=0.01 sys=0.00, real=0.00 secs] 
2014-07-16T14:08:55.851+0000: 346.038: [GC [PSYoungGen: 134586K->880K(132416K)] 216582K->82940K(819392K), 0.0058110 secs] [Times: user=0.03 sys=0.00, real=0.00 secs] 
2014-07-16T14:08:56.330+0000: 346.517: [GC [PSYoungGen: 132398K->698K(130048K)] 214459K->82814K(817024K), 0.0044410 secs] [Times: user=0.03 sys=0.00, real=0.01 secs] 
2014-07-16T14:08:56.802+0000: 346.989: [GC [PSYoungGen: 130040K->880K(128128K)] 212157K->83084K(815104K), 0.0034470 secs] [Times: user=0.01 sys=0.00, real=0.00 secs] 
2014-07-16T14:08:57.259+0000: 347.446: [GC [PSYoungGen: 128112K->754K(125952K)] 210316K->83054K(812928K), 0.0035880 secs] [Times: user=0.02 sys=0.00, real=0.01 secs] 
2014-07-16T14:08:57.710+0000: 347.897: [GC [PSYoungGen: 125938K->962K(124224K)] 208238K->83342K(811200K), 0.0026680 secs] [Times: user=0.02 sys=0.00, real=0.01 secs] 
2014-07-16T14:08:58.162+0000: 348.350: [GC [PSYoungGen: 124140K->680K(121920K)] 206521K->83622K(808896K), 0.0026830 secs] [Times: user=0.02 sys=0.00, real=0.00 secs] 
2014-07-16T14:08:58.572+0000: 348.759: [GC [PSYoungGen: 121896K->826K(120128K)] 204838K->83824K(807104K), 0.0063060 secs] [Times: user=0.03 sys=0.00, real=0.00 secs] 
2014-07-16T14:08:59.006+0000: 349.193: [GC [PSYoungGen: 120122K->858K(144064K)] 203120K->84076K(831040K), 0.0069200 secs] [Times: user=0.04 sys=0.00, real=0.01 secs] 
2014-07-16T14:08:59.532+0000: 349.719: [GC [PSYoungGen: 144026K->758K(172352K)] 227244K->84040K(859328K), 0.0050130 secs] [Times: user=0.03 sys=0.00, real=0.00 secs] 
2014-07-16T14:09:00.149+0000: 350.336: [GC [PSYoungGen: 171830K->594K(168320K)] 255112K->83948K(855296K), 0.0036700 secs] [Times: user=0.02 sys=0.00, real=0.01 secs] 
2014-07-16T14:09:00.755+0000: 350.942: [GC [PSYoungGen: 168274K->1214K(165632K)] 251628K->84832K(852608K), 0.0066260 secs] [Times: user=0.02 sys=0.00, real=0.00 secs] 
2014-07-16T14:09:01.360+0000: 351.547: [GC [PSYoungGen: 165630K->616K(161856K)] 249248K->84398K(848832K), 0.0041800 secs] [Times: user=0.01 sys=0.00, real=0.01 secs] 
2014-07-16T14:09:01.913+0000: 352.100: [GC [PSYoungGen: 161832K->580K(158784K)] 245614K->84450K(845760K), 0.0045530 secs] [Times: user=0.02 sys=0.00, real=0.00 secs] 
2014-07-16T14:09:02.477+0000: 352.664: [GC [PSYoungGen: 158722K->608K(155840K)] 242593K->84640K(842816K), 0.0035490 secs] [Times: user=0.02 sys=0.00, real=0.00 secs] 
2014-07-16T14:09:03.051+0000: 353.238: [GC [PSYoungGen: 155808K->544K(152896K)] 239840K->84640K(839872K), 0.0058800 secs] [Times: user=0.04 sys=0.00, real=0.01 secs] 
2014-07-16T14:09:03.600+0000: 353.787: [GC [PSYoungGen: 152826K->748K(150272K)] 236922K->84916K(837248K), 0.0038240 secs] [Times: user=0.02 sys=0.00, real=0.01 secs] 
2014-07-16T14:09:04.142+0000: 354.330: [GC [PSYoungGen: 150252K->608K(147456K)] 234420K->84864K(834432K), 0.0038080 secs] [Times: user=0.02 sys=0.01, real=0.00 secs] 
2014-07-16T14:09:04.677+0000: 354.864: [GC [PSYoungGen: 147423K->1094K(145344K)] 231680K->85422K(832320K), 0.0031760 secs] [Times: user=0.02 sys=0.00, real=0.00 secs] 
2014-07-16T14:09:05.200+0000: 355.387: [GC [PSYoungGen: 145286K->676K(142336K)] 229614K->85084K(829312K), 0.0050990 secs] [Times: user=0.02 sys=0.00, real=0.01 secs] 
2014-07-16T14:09:05.711+0000: 355.899: [GC [PSYoungGen: 142267K->894K(140032K)] 226676K->85408K(827008K), 0.0032340 secs] [Times: user=0.01 sys=0.00, real=0.01 secs] 
2014-07-16T14:09:06.298+0000: 356.485: [GC [PSYoungGen: 140030K->1246K(137984K)] 224544K->85856K(824960K), 0.0046940 secs] [Times: user=0.03 sys=0.00, real=0.00 secs] 
2014-07-16T14:09:06.815+0000: 357.002: [GC [PSYoungGen: 137950K->434K(134784K)] 222560K->85268K(821760K), 0.0031140 secs] [Times: user=0.01 sys=0.00, real=0.00 secs] 
2014-07-16T14:09:07.309+0000: 357.496: [GC [PSYoungGen: 134767K->908K(133056K)] 219601K->85782K(820032K), 0.0031090 secs] [Times: user=0.01 sys=0.00, real=0.00 secs] 
2014-07-16T14:09:07.828+0000: 358.015: [GC [PSYoungGen: 133004K->1340K(131264K)] 217878K->86444K(818240K), 0.0052090 secs] [Times: user=0.03 sys=0.00, real=0.00 secs] 
2014-07-16T14:09:08.313+0000: 358.500: [GC [PSYoungGen: 131260K->1268K(129024K)] 216364K->86436K(816000K), 0.0037910 secs] [Times: user=0.01 sys=0.00, real=0.00 secs] 
2014-07-16T14:09:08.833+0000: 359.020: [GC [PSYoungGen: 129012K->634K(126272K)] 214180K->86140K(813248K), 0.0044980 secs] [Times: user=0.01 sys=0.00, real=0.01 secs] 
2014-07-16T14:09:09.326+0000: 359.513: [GC [PSYoungGen: 126266K->1200K(124800K)] 211772K->86770K(811776K), 0.0044360 secs] [Times: user=0.03 sys=0.00, real=0.00 secs] 
2014-07-16T14:09:09.778+0000: 359.965: [GC [PSYoungGen: 124784K->1072K(149440K)] 210354K->87047K(836416K), 0.0083470 secs] [Times: user=0.05 sys=0.00, real=0.01 secs] 
2014-07-16T14:09:10.363+0000: 360.550: [GC [PSYoungGen: 149424K->908K(146624K)] 235399K->86946K(833600K), 0.0042970 secs] [Times: user=0.02 sys=0.01, real=0.01 secs] 
2014-07-16T14:09:10.937+0000: 361.125: [GC [PSYoungGen: 146572K->608K(162816K)] 232610K->86694K(849792K), 0.0114520 secs] [Times: user=0.07 sys=0.00, real=0.01 secs] 
2014-07-16T14:09:11.626+0000: 361.813: [GC [PSYoungGen: 162187K->908K(163200K)] 248274K->87043K(850176K), 0.0055610 secs] [Times: user=0.03 sys=0.00, real=0.00 secs] 
2014-07-16T14:09:12.200+0000: 362.387: [GC [PSYoungGen: 162508K->990K(159552K)] 248643K->87205K(846528K), 0.0032830 secs] [Times: user=0.01 sys=0.00, real=0.01 secs] 
2014-07-16T14:09:12.801+0000: 362.988: [GC [PSYoungGen: 159490K->1064K(156608K)] 245705K->87326K(843584K), 0.0047220 secs] [Times: user=0.02 sys=0.00, real=0.01 secs] 
2014-07-16T14:09:13.352+0000: 363.539: [GC [PSYoungGen: 156584K->548K(153216K)] 242846K->86882K(840192K), 0.0031490 secs] [Times: user=0.02 sys=0.00, real=0.01 secs] 
2014-07-16T14:09:13.886+0000: 364.073: [GC [PSYoungGen: 153186K->384K(150208K)] 239521K->86774K(837184K), 0.0079270 secs] [Times: user=0.04 sys=0.00, real=0.00 secs] 
2014-07-16T14:09:14.434+0000: 364.621: [GC [PSYoungGen: 150197K->1120K(148224K)] 236588K->87567K(835200K), 0.0058260 secs] [Times: user=0.03 sys=0.01, real=0.00 secs] 
2014-07-16T14:09:14.967+0000: 365.154: [GC [PSYoungGen: 148172K->370K(144832K)] 234619K->86864K(831808K), 0.0033880 secs] [Times: user=0.02 sys=0.00, real=0.00 secs] 
2014-07-16T14:09:15.475+0000: 365.662: [GC [PSYoungGen: 144818K->762K(142656K)] 231312K->87313K(829632K), 0.0038280 secs] [Times: user=0.02 sys=0.00, real=0.00 secs] 
2014-07-16T14:09:15.987+0000: 366.174: [GC [PSYoungGen: 142642K->1340K(140736K)] 229193K->87955K(827712K), 0.0070890 secs] [Times: user=0.03 sys=0.00, real=0.01 secs] 
2014-07-16T14:09:16.487+0000: 366.674: [GC [PSYoungGen: 140700K->998K(137984K)] 227315K->87975K(824960K), 0.0044060 secs] [Times: user=0.02 sys=0.01, real=0.00 secs] 
2014-07-16T14:09:16.972+0000: 367.159: [GC [PSYoungGen: 137958K->1062K(135680K)] 224935K->88119K(822656K), 0.0040250 secs] [Times: user=0.02 sys=0.00, real=0.01 secs] 
2014-07-16T14:09:17.442+0000: 367.629: [GC [PSYoungGen: 135654K->768K(133056K)] 222711K->87920K(820032K), 0.0045170 secs] [Times: user=0.02 sys=0.00, real=0.01 secs] 
2014-07-16T14:09:17.914+0000: 368.101: [GC [PSYoungGen: 133022K->666K(130752K)] 220175K->87907K(817728K), 0.0044040 secs] [Times: user=0.03 sys=0.01, real=0.01 secs] 
2014-07-16T14:09:18.381+0000: 368.568: [GC [PSYoungGen: 130714K->848K(128768K)] 217955K->88169K(815744K), 0.0047530 secs] [Times: user=0.02 sys=0.00, real=0.01 secs] 
2014-07-16T14:09:18.837+0000: 369.024: [GC [PSYoungGen: 128720K->958K(154432K)] 216041K->88319K(841408K), 0.0118670 secs] [Times: user=0.06 sys=0.00, real=0.01 secs] 
2014-07-16T14:09:19.377+0000: 369.565: [GC [PSYoungGen: 154337K->1162K(185408K)] 241698K->88635K(872384K), 0.0034150 secs] [Times: user=0.01 sys=0.01, real=0.00 secs] 
2014-07-16T14:09:20.047+0000: 370.234: [GC [PSYoungGen: 185354K->812K(185984K)] 272827K->88373K(872960K), 0.0055810 secs] [Times: user=0.03 sys=0.00, real=0.00 secs] 
2014-07-16T14:09:20.712+0000: 370.899: [GC [PSYoungGen: 185196K->916K(181504K)] 272757K->88549K(868480K), 0.0041310 secs] [Times: user=0.02 sys=0.00, real=0.01 secs] 
2014-07-16T14:09:21.357+0000: 371.544: [GC [PSYoungGen: 181382K->998K(177856K)] 269015K->88703K(864832K), 0.0048180 secs] [Times: user=0.03 sys=0.01, real=0.00 secs] 
2014-07-16T14:09:22.004+0000: 372.191: [GC [PSYoungGen: 177829K->1014K(174272K)] 265534K->88939K(861248K), 0.0079930 secs] [Times: user=0.05 sys=0.00, real=0.01 secs] 
2014-07-16T14:09:22.618+0000: 372.805: [GC [PSYoungGen: 174249K->1036K(209024K)] 262174K->89049K(896000K), 0.0072830 secs] [Times: user=0.04 sys=0.00, real=0.01 secs] 
2014-07-16T14:09:23.358+0000: 373.545: [GC [PSYoungGen: 208972K->562K(203904K)] 296985K->88655K(890880K), 0.0045980 secs] [Times: user=0.03 sys=0.01, real=0.00 secs] 
2014-07-16T14:09:24.090+0000: 374.277: [GC [PSYoungGen: 203890K->658K(199552K)] 291983K->88807K(886528K), 0.0051000 secs] [Times: user=0.02 sys=0.00, real=0.01 secs] 
2014-07-16T14:09:24.804+0000: 374.991: [GC [PSYoungGen: 199506K->1176K(195776K)] 287655K->89429K(882752K), 0.0041000 secs] [Times: user=0.03 sys=0.00, real=0.01 secs] 
2014-07-16T14:09:25.492+0000: 375.679: [GC [PSYoungGen: 195734K->940K(191360K)] 283987K->89265K(878336K), 0.0093020 secs] [Times: user=0.05 sys=0.00, real=0.01 secs] 
2014-07-16T14:09:26.205+0000: 376.392: [GC [PSYoungGen: 191340K->786K(187200K)] 279665K->89159K(874176K), 0.0081640 secs] [Times: user=0.05 sys=0.00, real=0.01 secs] 
2014-07-16T14:09:26.843+0000: 377.030: [GC [PSYoungGen: 187154K->1062K(183552K)] 275527K->89515K(870528K), 0.0050340 secs] [Times: user=0.02 sys=0.01, real=0.01 secs] 
2014-07-16T14:09:27.501+0000: 377.688: [GC [PSYoungGen: 183525K->516K(179264K)] 271978K->89033K(866240K), 0.0038520 secs] [Times: user=0.01 sys=0.00, real=0.00 secs] 
2014-07-16T14:09:28.141+0000: 378.328: [GC [PSYoungGen: 179196K->858K(175936K)] 267713K->89463K(862912K), 0.0065250 secs] [Times: user=0.04 sys=0.00, real=0.01 secs] 
2014-07-16T14:09:28.767+0000: 378.954: [GC [PSYoungGen: 175890K->1276K(172800K)] 264495K->89945K(859776K), 0.0054390 secs] [Times: user=0.03 sys=0.00, real=0.00 secs] 
2014-07-16T14:09:29.366+0000: 379.553: [GC [PSYoungGen: 172796K->1392K(169536K)] 261465K->90141K(856512K), 0.0061520 secs] [Times: user=0.04 sys=0.01, real=0.00 secs] 
2014-07-16T14:09:29.976+0000: 380.163: [GC [PSYoungGen: 169520K->434K(165312K)] 258269K->89467K(852288K), 0.0053020 secs] [Times: user=0.02 sys=0.01, real=0.00 secs] 
2014-07-16T14:09:30.562+0000: 380.749: [GC [PSYoungGen: 165298K->1226K(162944K)] 254331K->90339K(849920K), 0.0045660 secs] [Times: user=0.02 sys=0.00, real=0.01 secs] 
2014-07-16T14:09:31.133+0000: 381.320: [GC [PSYoungGen: 162890K->480K(159104K)] 252003K->89673K(846080K), 0.0031140 secs] [Times: user=0.01 sys=0.00, real=0.01 secs] 
2014-07-16T14:09:31.732+0000: 381.919: [GC [PSYoungGen: 159067K->758K(156352K)] 248260K->90047K(843328K), 0.0053810 secs] [Times: user=0.04 sys=0.00, real=0.01 secs] 
2014-07-16T14:09:32.329+0000: 382.517: [GC [PSYoungGen: 156340K->840K(153600K)] 245629K->90185K(840576K), 0.0049000 secs] [Times: user=0.02 sys=0.00, real=0.00 secs] 
2014-07-16T14:09:32.918+0000: 383.106: [GC [PSYoungGen: 153544K->580K(150528K)] 242889K->89949K(837504K), 0.0079050 secs] [Times: user=0.04 sys=0.01, real=0.00 secs] 
2014-07-16T14:09:33.485+0000: 383.672: [GC [PSYoungGen: 150465K->908K(148096K)] 239834K->90333K(835072K), 0.0059670 secs] [Times: user=0.03 sys=0.00, real=0.01 secs] 
2014-07-16T14:09:34.098+0000: 384.285: [GC [PSYoungGen: 148044K->1132K(145664K)] 237469K->90629K(832640K), 0.0036710 secs] [Times: user=0.02 sys=0.00, real=0.00 secs] 
2014-07-16T14:09:34.651+0000: 384.839: [GC [PSYoungGen: 145644K->580K(142592K)] 235141K->90109K(829568K), 0.0062760 secs] [Times: user=0.03 sys=0.00, real=0.01 secs] 
2014-07-16T14:09:35.220+0000: 385.407: [GC [PSYoungGen: 142532K->594K(140096K)] 232061K->90179K(827072K), 0.0045940 secs] [Times: user=0.02 sys=0.00, real=0.00 secs] 
2014-07-16T14:09:35.758+0000: 385.945: [GC [PSYoungGen: 140005K->1078K(138112K)] 229590K->90703K(825088K), 0.0044990 secs] [Times: user=0.01 sys=0.00, real=0.00 secs] 
2014-07-16T14:09:36.349+0000: 386.537: [GC [PSYoungGen: 138102K->818K(135488K)] 227727K->90523K(822464K), 0.0047840 secs] [Times: user=0.03 sys=0.00, real=0.00 secs] 
2014-07-16T14:09:36.855+0000: 387.042: [GC [PSYoungGen: 135466K->694K(133056K)] 225171K->90439K(820032K), 0.0069740 secs] [Times: user=0.03 sys=0.00, real=0.01 secs] 
2014-07-16T14:09:37.374+0000: 387.561: [GC [PSYoungGen: 133046K->808K(130944K)] 222791K->90649K(817920K), 0.0037360 secs] [Times: user=0.03 sys=0.01, real=0.01 secs] 
2014-07-16T14:09:37.882+0000: 388.070: [GC [PSYoungGen: 130920K->1154K(129152K)] 220761K->91067K(816128K), 0.0048700 secs] [Times: user=0.02 sys=0.00, real=0.01 secs] 
2014-07-16T14:09:38.321+0000: 388.508: [GC [PSYoungGen: 129068K->1148K(126976K)] 218981K->91133K(813952K), 0.0037140 secs] [Times: user=0.02 sys=0.00, real=0.00 secs] 
2014-07-16T14:09:38.774+0000: 388.961: [GC [PSYoungGen: 126972K->576K(151616K)] 216957K->90649K(838592K), 0.0067970 secs] [Times: user=0.04 sys=0.01, real=0.01 secs] 
2014-07-16T14:09:39.354+0000: 389.541: [GC [PSYoungGen: 151616K->1300K(182592K)] 241689K->91469K(869568K), 0.0076330 secs] [Times: user=0.04 sys=0.00, real=0.01 secs] 
2014-07-16T14:09:39.960+0000: 390.148: [GC [PSYoungGen: 182514K->812K(203968K)] 272683K->91021K(890944K), 0.0071460 secs] [Times: user=0.03 sys=0.00, real=0.00 secs] 
2014-07-16T14:09:40.673+0000: 390.860: [GC [PSYoungGen: 203564K->762K(199104K)] 293773K->91051K(886080K), 0.0045290 secs] [Times: user=0.01 sys=0.00, real=0.00 secs] 
2014-07-16T14:09:41.399+0000: 391.586: [GC [PSYoungGen: 199079K->826K(194880K)] 289368K->91527K(881856K), 0.0025500 secs] [Times: user=0.02 sys=0.00, real=0.00 secs] 
2014-07-16T14:09:42.088+0000: 392.275: [GC [PSYoungGen: 194873K->576K(190464K)] 285574K->91341K(877440K), 0.0054350 secs] [Times: user=0.03 sys=0.00, real=0.01 secs] 
2014-07-16T14:09:42.782+0000: 392.969: [GC [PSYoungGen: 190464K->448K(186368K)] 281229K->91293K(873344K), 0.0045260 secs] [Times: user=0.03 sys=0.00, real=0.00 secs] 
2014-07-16T14:09:43.450+0000: 393.637: [GC [PSYoungGen: 186301K->848K(182976K)] 277146K->91741K(869952K), 0.0039300 secs] [Times: user=0.01 sys=0.00, real=0.00 secs] 
2014-07-16T14:09:44.102+0000: 394.289: [GC [PSYoungGen: 182928K->844K(179264K)] 273821K->91785K(866240K), 0.0031650 secs] [Times: user=0.02 sys=0.00, real=0.00 secs] 
2014-07-16T14:09:44.748+0000: 394.936: [GC [PSYoungGen: 179162K->594K(175424K)] 270103K->91631K(862400K), 0.0058460 secs] [Times: user=0.03 sys=0.01, real=0.00 secs] 
2014-07-16T14:09:45.359+0000: 395.546: [GC [PSYoungGen: 175363K->848K(172160K)] 266401K->91949K(859136K), 0.0038040 secs] [Times: user=0.01 sys=0.00, real=0.00 secs] 
2014-07-16T14:09:45.972+0000: 396.159: [GC [PSYoungGen: 172080K->1376K(169280K)] 263181K->92565K(856256K), 0.0031480 secs] [Times: user=0.02 sys=0.00, real=0.00 secs] 
2014-07-16T14:09:46.576+0000: 396.763: [GC [PSYoungGen: 169248K->570K(165184K)] 260437K->91982K(852160K), 0.0057640 secs] [Times: user=0.04 sys=0.00, real=0.01 secs] 
2014-07-16T14:09:47.160+0000: 397.347: [GC [PSYoungGen: 165178K->1058K(162496K)] 256590K->92518K(849472K), 0.0050690 secs] [Times: user=0.03 sys=0.01, real=0.00 secs] 
2014-07-16T14:09:47.739+0000: 397.926: [GC [PSYoungGen: 162466K->868K(159232K)] 253926K->92508K(846208K), 0.0052270 secs] [Times: user=0.03 sys=0.00, real=0.01 secs] 
2014-07-16T14:09:48.312+0000: 398.500: [GC [PSYoungGen: 159204K->1114K(156480K)] 250844K->92818K(843456K), 0.0057390 secs] [Times: user=0.03 sys=0.00, real=0.00 secs] 
2014-07-16T14:09:48.878+0000: 399.065: [GC [PSYoungGen: 156442K->848K(153344K)] 248146K->92616K(840320K), 0.0047520 secs] [Times: user=0.02 sys=0.00, real=0.01 secs] 
2014-07-16T14:09:49.417+0000: 399.604: [GC [PSYoungGen: 153296K->794K(150464K)] 245064K->92658K(837440K), 0.0039970 secs] [Times: user=0.02 sys=0.00, real=0.01 secs] 
2014-07-16T14:09:49.952+0000: 400.139: [GC [PSYoungGen: 150426K->748K(147712K)] 242290K->92676K(834688K), 0.0025620 secs] [Times: user=0.01 sys=0.00, real=0.00 secs] 
2014-07-16T14:09:50.489+0000: 400.676: [GC [PSYoungGen: 147615K->1194K(145536K)] 239543K->93202K(832512K), 0.0046910 secs] [Times: user=0.02 sys=0.00, real=0.01 secs] 
2014-07-16T14:09:51.001+0000: 401.188: [GC [PSYoungGen: 145514K->794K(142592K)] 237522K->92922K(829568K), 0.0039140 secs] [Times: user=0.02 sys=0.00, real=0.00 secs] 
2014-07-16T14:09:51.511+0000: 401.698: [GC [PSYoungGen: 142554K->758K(140032K)] 234682K->92958K(827008K), 0.0048020 secs] [Times: user=0.03 sys=0.00, real=0.00 secs] 
2014-07-16T14:09:51.992+0000: 402.179: [GC [PSYoungGen: 140020K->1018K(137856K)] 232221K->93274K(824832K), 0.0034400 secs] [Times: user=0.01 sys=0.00, real=0.00 secs] 
2014-07-16T14:09:52.475+0000: 402.662: [GC [PSYoungGen: 137850K->868K(135360K)] 230106K->93164K(822336K), 0.0056740 secs] [Times: user=0.03 sys=0.00, real=0.01 secs] 
2014-07-16T14:09:52.960+0000: 403.148: [GC [PSYoungGen: 135332K->826K(132992K)] 227628K->93194K(819968K), 0.0035910 secs] [Times: user=0.01 sys=0.00, real=0.00 secs] 
2014-07-16T14:09:53.446+0000: 403.633: [GC [PSYoungGen: 132969K->844K(130880K)] 225338K->93244K(817856K), 0.0076870 secs] [Times: user=0.04 sys=0.00, real=0.01 secs] 
2014-07-16T14:09:53.922+0000: 404.109: [GC [PSYoungGen: 130828K->1004K(157056K)] 223228K->93572K(844032K), 0.0059000 secs] [Times: user=0.03 sys=0.00, real=0.00 secs] 
2014-07-16T14:09:54.474+0000: 404.661: [GC [PSYoungGen: 157036K->1180K(154368K)] 249604K->93796K(841344K), 0.0033300 secs] [Times: user=0.01 sys=0.00, real=0.00 secs] 
2014-07-16T14:09:55.028+0000: 405.215: [GC [PSYoungGen: 154330K->506K(150848K)] 246946K->93696K(837824K), 0.0042180 secs] [Times: user=0.03 sys=0.00, real=0.01 secs] 
2014-07-16T14:09:55.554+0000: 405.742: [GC [PSYoungGen: 150842K->690K(148288K)] 244032K->93936K(835264K), 0.0029940 secs] [Times: user=0.02 sys=0.00, real=0.00 secs] 
2014-07-16T14:09:56.084+0000: 406.271: [GC [PSYoungGen: 148263K->1094K(146112K)] 241509K->94404K(833088K), 0.0034040 secs] [Times: user=0.02 sys=0.00, real=0.00 secs] 
2014-07-16T14:09:56.618+0000: 406.805: [GC [PSYoungGen: 146022K->1230K(143680K)] 239332K->94620K(830656K), 0.0050970 secs] [Times: user=0.03 sys=0.00, real=0.01 secs] 
2014-07-16T14:09:57.137+0000: 407.325: [GC [PSYoungGen: 143630K->552K(140480K)] 237020K->94086K(827456K), 0.0046490 secs] [Times: user=0.03 sys=0.00, real=0.01 secs] 
2014-07-16T14:09:57.636+0000: 407.823: [GC [PSYoungGen: 140408K->680K(138176K)] 233943K->94294K(825152K), 0.0059670 secs] [Times: user=0.03 sys=0.00, real=0.01 secs] 
2014-07-16T14:09:58.150+0000: 408.337: [GC [PSYoungGen: 138152K->918K(136064K)] 231766K->94628K(823040K), 0.0048530 secs] [Times: user=0.02 sys=0.00, real=0.00 secs] 
2014-07-16T14:09:58.643+0000: 408.830: [GC [PSYoungGen: 135979K->1146K(133952K)] 229690K->94936K(820928K), 0.0030400 secs] [Times: user=0.01 sys=0.01, real=0.00 secs] 
2014-07-16T14:09:59.148+0000: 409.336: [GC [PSYoungGen: 133946K->748K(131328K)] 227736K->94746K(818304K), 0.0050530 secs] [Times: user=0.03 sys=0.00, real=0.01 secs] 
2014-07-16T14:09:59.652+0000: 409.839: [GC [PSYoungGen: 131308K->762K(129152K)] 225306K->94808K(816128K), 0.0034870 secs] [Times: user=0.01 sys=0.00, real=0.00 secs] 
2014-07-16T14:10:00.162+0000: 410.349: [GC [PSYoungGen: 129146K->640K(126912K)] 223192K->94742K(813888K), 0.0048610 secs] [Times: user=0.01 sys=0.00, real=0.00 secs] 
2014-07-16T14:10:00.628+0000: 410.815: [GC [PSYoungGen: 126894K->822K(125056K)] 220996K->94980K(812032K), 0.0034680 secs] [Times: user=0.02 sys=0.00, real=0.01 secs] 
2014-07-16T14:10:01.147+0000: 411.335: [GC [PSYoungGen: 125004K->676K(122944K)] 219162K->94882K(809920K), 0.0053190 secs] [Times: user=0.03 sys=0.01, real=0.01 secs] 
2014-07-16T14:10:01.685+0000: 411.873: [GC [PSYoungGen: 122914K->1328K(121664K)] 217120K->95630K(808640K), 0.0060450 secs] [Times: user=0.03 sys=0.00, real=0.01 secs] 
2014-07-16T14:10:02.142+0000: 412.329: [GC [PSYoungGen: 121648K->674K(119168K)] 215950K->95676K(806144K), 0.0040380 secs] [Times: user=0.01 sys=0.00, real=0.00 secs] 
2014-07-16T14:10:02.598+0000: 412.785: [GC [PSYoungGen: 119125K->894K(117504K)] 214128K->95912K(804480K), 0.0044600 secs] [Times: user=0.01 sys=0.00, real=0.01 secs] 
2014-07-16T14:10:03.095+0000: 413.282: [GC [PSYoungGen: 117502K->730K(115584K)] 212520K->96134K(802560K), 0.0042270 secs] [Times: user=0.02 sys=0.00, real=0.00 secs] 
2014-07-16T14:10:03.501+0000: 413.688: [GC [PSYoungGen: 115546K->598K(113728K)] 210950K->96066K(800704K), 0.0045660 secs] [Times: user=0.03 sys=0.00, real=0.00 secs] 
2014-07-16T14:10:03.900+0000: 414.087: [GC [PSYoungGen: 113671K->772K(112256K)] 209140K->96312K(799232K), 0.0032250 secs] [Times: user=0.01 sys=0.00, real=0.01 secs] 
2014-07-16T14:10:04.295+0000: 414.482: [GC [PSYoungGen: 112196K->466K(134272K)] 207736K->96054K(821248K), 0.0095860 secs] [Times: user=0.05 sys=0.00, real=0.01 secs] 
2014-07-16T14:10:04.770+0000: 414.957: [GC [PSYoungGen: 134226K->666K(161216K)] 229814K->96294K(848192K), 0.0048850 secs] [Times: user=0.01 sys=0.00, real=0.01 secs] 
2014-07-16T14:10:05.338+0000: 415.525: [GC [PSYoungGen: 161168K->480K(178560K)] 256796K->96188K(865536K), 0.0048280 secs] [Times: user=0.02 sys=0.00, real=0.01 secs] 
2014-07-16T14:10:05.983+0000: 416.170: [GC [PSYoungGen: 177568K->704K(174208K)] 273276K->96492K(861184K), 0.0029220 secs] [Times: user=0.01 sys=0.00, real=0.00 secs] 
2014-07-16T14:10:06.640+0000: 416.827: [GC [PSYoungGen: 174208K->1026K(171136K)] 269996K->96894K(858112K), 0.0051570 secs] [Times: user=0.02 sys=0.00, real=0.01 secs] 
2014-07-16T14:10:07.244+0000: 417.431: [GC [PSYoungGen: 171074K->370K(167104K)] 266942K->96262K(854080K), 0.0040700 secs] [Times: user=0.01 sys=0.00, real=0.00 secs] 
2014-07-16T14:10:07.844+0000: 418.031: [GC [PSYoungGen: 167090K->908K(164416K)] 262982K->96864K(851392K), 0.0066230 secs] [Times: user=0.03 sys=0.00, real=0.00 secs] 
2014-07-16T14:10:08.425+0000: 418.612: [GC [PSYoungGen: 164364K->608K(160960K)] 260320K->96628K(847936K), 0.0031930 secs] [Times: user=0.01 sys=0.00, real=0.00 secs] 
2014-07-16T14:10:09.006+0000: 419.193: [GC [PSYoungGen: 160924K->1130K(158400K)] 256945K->97238K(845376K), 0.0078210 secs] [Times: user=0.04 sys=0.01, real=0.01 secs] 
2014-07-16T14:10:09.580+0000: 419.768: [GC [PSYoungGen: 158378K->726K(155072K)] 254486K->96882K(842048K), 0.0071980 secs] [Times: user=0.02 sys=0.00, real=0.01 secs] 
2014-07-16T14:10:10.169+0000: 420.356: [GC [PSYoungGen: 155030K->690K(152128K)] 251186K->96910K(839104K), 0.0052480 secs] [Times: user=0.03 sys=0.00, real=0.01 secs] 
2014-07-16T14:10:10.681+0000: 420.868: [GC [PSYoungGen: 152114K->466K(149184K)] 248334K->96726K(836160K), 0.0055900 secs] [Times: user=0.02 sys=0.00, real=0.01 secs] 
2014-07-16T14:10:11.214+0000: 421.401: [GC [PSYoungGen: 149135K->894K(146880K)] 245396K->97226K(833856K), 0.0044880 secs] [Times: user=0.02 sys=0.00, real=0.00 secs] 
2014-07-16T14:10:11.732+0000: 421.919: [GC [PSYoungGen: 146878K->630K(144000K)] 243210K->97018K(830976K), 0.0058380 secs] [Times: user=0.03 sys=0.00, real=0.01 secs] 
2014-07-16T14:10:12.246+0000: 422.433: [GC [PSYoungGen: 143975K->776K(141632K)] 240364K->97260K(828608K), 0.0031060 secs] [Times: user=0.02 sys=0.00, real=0.00 secs] 
2014-07-16T14:10:12.760+0000: 422.947: [GC [PSYoungGen: 141543K->1012K(139392K)] 238027K->97576K(826368K), 0.0045240 secs] [Times: user=0.03 sys=0.00, real=0.01 secs] 
2014-07-16T14:10:13.256+0000: 423.443: [GC [PSYoungGen: 139380K->690K(166784K)] 235944K->97318K(853760K), 0.0086250 secs] [Times: user=0.05 sys=0.00, real=0.01 secs] 
2014-07-16T14:10:13.881+0000: 424.068: [GC [PSYoungGen: 166770K->894K(163776K)] 263398K->97618K(850752K), 0.0044730 secs] [Times: user=0.02 sys=0.01, real=0.01 secs] 
2014-07-16T14:10:14.466+0000: 424.654: [GC [PSYoungGen: 163774K->772K(160576K)] 260498K->97600K(847552K), 0.0041090 secs] [Times: user=0.02 sys=0.00, real=0.00 secs] 
2014-07-16T14:10:15.028+0000: 425.216: [GC [PSYoungGen: 160516K->894K(157632K)] 257344K->97876K(844608K), 0.0048870 secs] [Times: user=0.03 sys=0.00, real=0.01 secs] 
2014-07-16T14:10:15.596+0000: 425.783: [GC [PSYoungGen: 157630K->416K(154240K)] 254612K->97446K(841216K), 0.0030350 secs] [Times: user=0.01 sys=0.00, real=0.00 secs] 
2014-07-16T14:10:16.141+0000: 426.328: [GC [PSYoungGen: 154207K->880K(151872K)] 251238K->97974K(838848K), 0.0047810 secs] [Times: user=0.02 sys=0.01, real=0.01 secs] 
2014-07-16T14:10:16.728+0000: 426.915: [GC [PSYoungGen: 151848K->1080K(149312K)] 248943K->98254K(836288K), 0.0044670 secs] [Times: user=0.03 sys=0.01, real=0.00 secs] 
2014-07-16T14:10:17.253+0000: 427.441: [GC [PSYoungGen: 149304K->766K(146304K)] 246478K->98084K(833280K), 0.0058630 secs] [Times: user=0.03 sys=0.00, real=0.00 secs] 
2014-07-16T14:10:17.774+0000: 427.961: [GC [PSYoungGen: 146302K->1262K(175936K)] 243620K->98628K(862912K), 0.0114760 secs] [Times: user=0.07 sys=0.01, real=0.01 secs] 
2014-07-16T14:10:18.400+0000: 428.587: [GC [PSYoungGen: 175918K->584K(181632K)] 273284K->98014K(868608K), 0.0030560 secs] [Times: user=0.02 sys=0.00, real=0.01 secs] 
2014-07-16T14:10:19.043+0000: 429.231: [GC [PSYoungGen: 181484K->816K(178048K)] 278915K->98310K(865024K), 0.0059680 secs] [Times: user=0.03 sys=0.01, real=0.01 secs] 
2014-07-16T14:10:19.675+0000: 429.863: [GC [PSYoungGen: 178013K->688K(174336K)] 275507K->98428K(861312K), 0.0040600 secs] [Times: user=0.02 sys=0.00, real=0.00 secs] 
2014-07-16T14:10:20.320+0000: 430.507: [GC [PSYoungGen: 174285K->758K(170944K)] 272026K->98562K(857920K), 0.0036190 secs] [Times: user=0.02 sys=0.00, real=0.00 secs] 
2014-07-16T14:10:20.900+0000: 431.087: [GC [PSYoungGen: 170934K->1154K(168064K)] 268738K->99014K(855040K), 0.0088550 secs] [Times: user=0.05 sys=0.00, real=0.01 secs] 
2014-07-16T14:10:21.488+0000: 431.675: [GC [PSYoungGen: 167985K->834K(164480K)] 265845K->98766K(851456K), 0.0045730 secs] [Times: user=0.02 sys=0.01, real=0.00 secs] 
2014-07-16T14:10:22.092+0000: 432.279: [GC [PSYoungGen: 164418K->762K(179200K)] 262350K->98822K(866176K), 0.0089830 secs] [Times: user=0.04 sys=0.00, real=0.01 secs] 
2014-07-16T14:10:22.737+0000: 432.924: [GC [PSYoungGen: 179194K->672K(175488K)] 277254K->98804K(862464K), 0.0027130 secs] [Times: user=0.02 sys=0.00, real=0.00 secs] 
2014-07-16T14:10:23.390+0000: 433.577: [GC [PSYoungGen: 175456K->690K(171968K)] 273588K->98878K(858944K), 0.0030360 secs] [Times: user=0.01 sys=0.00, real=0.00 secs] 
2014-07-16T14:10:24.091+0000: 434.278: [GC [PSYoungGen: 171954K->914K(168832K)] 270142K->99206K(855808K), 0.0045720 secs] [Times: user=0.02 sys=0.00, real=0.01 secs] 
2014-07-16T14:10:24.662+0000: 434.849: [GC [PSYoungGen: 168786K->936K(165568K)] 267078K->99508K(852544K), 0.0047820 secs] [Times: user=0.03 sys=0.00, real=0.01 secs] 
2014-07-16T14:10:25.258+0000: 435.445: [GC [PSYoungGen: 165544K->672K(162112K)] 264116K->99292K(849088K), 0.0030890 secs] [Times: user=0.01 sys=0.00, real=0.00 secs] 
2014-07-16T14:10:25.827+0000: 436.014: [GC [PSYoungGen: 162065K->930K(159296K)] 260685K->99706K(846272K), 0.0030640 secs] [Times: user=0.02 sys=0.00, real=0.00 secs] 
2014-07-16T14:10:26.388+0000: 436.575: [GC [PSYoungGen: 159266K->676K(156032K)] 258042K->99532K(843008K), 0.0040110 secs] [Times: user=0.02 sys=0.00, real=0.00 secs] 
2014-07-16T14:10:26.952+0000: 437.139: [GC [PSYoungGen: 156004K->1066K(153536K)] 254860K->100028K(840512K), 0.0035630 secs] [Times: user=0.02 sys=0.00, real=0.01 secs] 
2014-07-16T14:10:27.499+0000: 437.687: [GC [PSYoungGen: 153514K->352K(150016K)] 252476K->99362K(836992K), 0.0063860 secs] [Times: user=0.04 sys=0.00, real=0.01 secs] 
2014-07-16T14:10:28.041+0000: 438.228: [GC [PSYoungGen: 149984K->676K(147648K)] 248994K->99758K(834624K), 0.0040140 secs] [Times: user=0.02 sys=0.00, real=0.01 secs] 
2014-07-16T14:10:28.556+0000: 438.743: [GC [PSYoungGen: 147620K->544K(144896K)] 246702K->99706K(831872K), 0.0027450 secs] [Times: user=0.01 sys=0.00, real=0.00 secs] 
2014-07-16T14:10:29.071+0000: 439.258: [GC [PSYoungGen: 144863K->544K(142336K)] 244026K->99786K(829312K), 0.0044640 secs] [Times: user=0.02 sys=0.00, real=0.01 secs] 
2014-07-16T14:10:29.570+0000: 439.757: [GC [PSYoungGen: 142282K->836K(140160K)] 241524K->100166K(827136K), 0.0033840 secs] [Times: user=0.02 sys=0.00, real=0.00 secs] 
2014-07-16T14:10:30.074+0000: 440.261: [GC [PSYoungGen: 140100K->908K(137792K)] 239430K->100326K(824768K), 0.0043590 secs] [Times: user=0.03 sys=0.00, real=0.01 secs] 
2014-07-16T14:10:30.554+0000: 440.741: [GC [PSYoungGen: 137740K->1132K(135616K)] 237158K->100622K(822592K), 0.0038570 secs] [Times: user=0.02 sys=0.00, real=0.01 secs] 
2014-07-16T14:10:31.050+0000: 441.237: [GC [PSYoungGen: 135596K->630K(132800K)] 235086K->100238K(819776K), 0.0038110 secs] [Times: user=0.01 sys=0.00, real=0.00 secs] 
2014-07-16T14:10:31.538+0000: 441.726: [GC [PSYoungGen: 132747K->990K(131008K)] 232355K->100654K(817984K), 0.0041360 secs] [Times: user=0.02 sys=0.00, real=0.00 secs] 
2014-07-16T14:10:31.997+0000: 442.184: [GC [PSYoungGen: 130974K->794K(128640K)] 230638K->100538K(815616K), 0.0048790 secs] [Times: user=0.03 sys=0.00, real=0.00 secs] 
2014-07-16T14:10:32.441+0000: 442.628: [GC [PSYoungGen: 128602K->544K(126272K)] 228346K->100352K(813248K), 0.0034450 secs] [Times: user=0.02 sys=0.00, real=0.00 secs] 
2014-07-16T14:10:32.879+0000: 443.066: [GC [PSYoungGen: 126240K->1072K(124736K)] 226048K->100944K(811712K), 0.0032020 secs] [Times: user=0.01 sys=0.00, real=0.00 secs] 
2014-07-16T14:10:33.331+0000: 443.518: [GC [PSYoungGen: 124720K->640K(122304K)] 224592K->100608K(809280K), 0.0039190 secs] [Times: user=0.02 sys=0.01, real=0.00 secs] 
2014-07-16T14:10:33.766+0000: 443.953: [GC [PSYoungGen: 122286K->1094K(120896K)] 222254K->101142K(807872K), 0.0037390 secs] [Times: user=0.02 sys=0.00, real=0.00 secs] 
2014-07-16T14:10:34.214+0000: 444.402: [GC [PSYoungGen: 120838K->854K(118784K)] 220886K->101014K(805760K), 0.0034150 secs] [Times: user=0.02 sys=0.00, real=0.01 secs] 
2014-07-16T14:10:34.617+0000: 444.804: [GC [PSYoungGen: 118742K->816K(116928K)] 218902K->101170K(803904K), 0.0041690 secs] [Times: user=0.02 sys=0.00, real=0.00 secs] 
2014-07-16T14:10:35.053+0000: 445.240: [GC [PSYoungGen: 116886K->1352K(115712K)] 217240K->101770K(802688K), 0.0048390 secs] [Times: user=0.03 sys=0.00, real=0.01 secs] 
2014-07-16T14:10:35.449+0000: 445.636: [GC [PSYoungGen: 115623K->612K(113216K)] 216041K->101384K(800192K), 0.0022940 secs] [Times: user=0.01 sys=0.00, real=0.00 secs] 
2014-07-16T14:10:35.847+0000: 446.034: [GC [PSYoungGen: 113188K->958K(111872K)] 213960K->101818K(798848K), 0.0040540 secs] [Times: user=0.02 sys=0.00, real=0.00 secs] 
2014-07-16T14:10:36.247+0000: 446.434: [GC [PSYoungGen: 111837K->722K(110016K)] 212697K->101704K(796992K), 0.0033680 secs] [Times: user=0.02 sys=0.00, real=0.00 secs] 
2014-07-16T14:10:36.638+0000: 446.825: [GC [PSYoungGen: 109958K->1248K(108928K)] 210940K->102294K(795904K), 0.0050280 secs] [Times: user=0.02 sys=0.00, real=0.00 secs] 
2014-07-16T14:10:37.032+0000: 447.220: [GC [PSYoungGen: 108866K->780K(130048K)] 209912K->101874K(817024K), 0.0050650 secs] [Times: user=0.02 sys=0.00, real=0.01 secs] 
2014-07-16T14:10:37.510+0000: 447.698: [GC [PSYoungGen: 129996K->704K(127808K)] 231090K->101878K(814784K), 0.0031760 secs] [Times: user=0.01 sys=0.00, real=0.00 secs] 
2014-07-16T14:10:37.957+0000: 448.144: [GC [PSYoungGen: 127808K->580K(125696K)] 228982K->101834K(812672K), 0.0041920 secs] [Times: user=0.02 sys=0.00, real=0.00 secs] 
2014-07-16T14:10:38.399+0000: 448.586: [GC [PSYoungGen: 125636K->862K(123968K)] 226890K->102172K(810944K), 0.0058090 secs] [Times: user=0.03 sys=0.01, real=0.00 secs] 
2014-07-16T14:10:38.846+0000: 449.033: [GC [PSYoungGen: 123934K->880K(148608K)] 225244K->102246K(835584K), 0.0052540 secs] [Times: user=0.03 sys=0.00, real=0.01 secs] 
2014-07-16T14:10:39.365+0000: 449.552: [GC [PSYoungGen: 148592K->932K(145984K)] 249958K->102378K(832960K), 0.0031720 secs] [Times: user=0.01 sys=0.00, real=0.01 secs] 
2014-07-16T14:10:39.892+0000: 450.079: [GC [PSYoungGen: 145956K->530K(143040K)] 247402K->102032K(830016K), 0.0057840 secs] [Times: user=0.03 sys=0.00, real=0.01 secs] 
2014-07-16T14:10:40.417+0000: 450.605: [GC [PSYoungGen: 142994K->1076K(141056K)] 244496K->102658K(828032K), 0.0033130 secs] [Times: user=0.02 sys=0.00, real=0.00 secs] 
2014-07-16T14:10:40.921+0000: 451.108: [GC [PSYoungGen: 141044K->708K(138304K)] 242626K->102362K(825280K), 0.0036790 secs] [Times: user=0.01 sys=0.00, real=0.00 secs] 
2014-07-16T14:10:41.424+0000: 451.611: [GC [PSYoungGen: 138244K->658K(135872K)] 239898K->102408K(822848K), 0.0030640 secs] [Times: user=0.02 sys=0.00, real=0.00 secs] 
2014-07-16T14:10:41.927+0000: 452.114: [GC [PSYoungGen: 135826K->890K(133760K)] 237576K->102744K(820736K), 0.0038830 secs] [Times: user=0.02 sys=0.00, real=0.01 secs] 
2014-07-16T14:10:42.394+0000: 452.581: [GC [PSYoungGen: 133664K->844K(131520K)] 235518K->102786K(818496K), 0.0028990 secs] [Times: user=0.02 sys=0.00, real=0.00 secs] 
2014-07-16T14:10:42.855+0000: 453.042: [GC [PSYoungGen: 131468K->576K(129024K)] 233410K->102590K(816000K), 0.0045030 secs] [Times: user=0.02 sys=0.00, real=0.01 secs] 
2014-07-16T14:10:43.321+0000: 453.508: [GC [PSYoungGen: 128988K->930K(127296K)] 231002K->103056K(814272K), 0.0030260 secs] [Times: user=0.01 sys=0.00, real=0.00 secs] 
2014-07-16T14:10:43.778+0000: 453.965: [GC [PSYoungGen: 127264K->576K(124864K)] 229391K->102766K(811840K), 0.0039710 secs] [Times: user=0.02 sys=0.00, real=0.00 secs] 
2014-07-16T14:10:44.227+0000: 454.414: [GC [PSYoungGen: 124864K->658K(123008K)] 227054K->102936K(809984K), 0.0028940 secs] [Times: user=0.01 sys=0.00, real=0.00 secs] 
2014-07-16T14:10:44.729+0000: 454.917: [GC [PSYoungGen: 122962K->1096K(121536K)] 225240K->103446K(808512K), 0.0053960 secs] [Times: user=0.02 sys=0.00, real=0.00 secs] 
2014-07-16T14:10:45.215+0000: 455.402: [GC [PSYoungGen: 121480K->1236K(119808K)] 223830K->103650K(806784K), 0.0032710 secs] [Times: user=0.01 sys=0.00, real=0.01 secs] 
2014-07-16T14:10:45.689+0000: 455.876: [GC [PSYoungGen: 119764K->320K(116992K)] 222178K->102994K(803968K), 0.0059700 secs] [Times: user=0.03 sys=0.00, real=0.00 secs] 
2014-07-16T14:10:46.110+0000: 456.297: [GC [PSYoungGen: 116959K->986K(115904K)] 219633K->103740K(802880K), 0.0042730 secs] [Times: user=0.02 sys=0.00, real=0.00 secs] 
2014-07-16T14:10:46.534+0000: 456.721: [GC [PSYoungGen: 115866K->868K(114048K)] 218620K->103818K(801024K), 0.0032720 secs] [Times: user=0.02 sys=0.00, real=0.00 secs] 
2014-07-16T14:10:47.012+0000: 457.199: [GC [PSYoungGen: 114020K->986K(112512K)] 216970K->104000K(799488K), 0.0031750 secs] [Times: user=0.01 sys=0.00, real=0.00 secs] 
2014-07-16T14:10:47.418+0000: 457.605: [GC [PSYoungGen: 112459K->930K(110784K)] 215473K->104530K(797760K), 0.0034040 secs] [Times: user=0.02 sys=0.01, real=0.01 secs] 
2014-07-16T14:10:47.809+0000: 457.996: [GC [PSYoungGen: 110727K->812K(132672K)] 214327K->104460K(819648K), 0.0068090 secs] [Times: user=0.05 sys=0.00, real=0.00 secs] 
2014-07-16T14:10:48.338+0000: 458.525: [GC [PSYoungGen: 132618K->826K(152128K)] 236267K->104530K(839104K), 0.0079180 secs] [Times: user=0.04 sys=0.00, real=0.00 secs] 
2014-07-16T14:10:48.904+0000: 459.092: [GC [PSYoungGen: 151482K->1012K(152128K)] 255186K->104740K(839104K), 0.0136160 secs] [Times: user=0.07 sys=0.00, real=0.02 secs] 
2014-07-16T14:10:49.453+0000: 459.640: [GC [PSYoungGen: 151668K->1030K(182272K)] 255396K->104822K(869248K), 0.0074760 secs] [Times: user=0.04 sys=0.00, real=0.01 secs] 
2014-07-16T14:10:50.102+0000: 460.289: [GC [PSYoungGen: 181795K->794K(182272K)] 285588K->104682K(869248K), 0.0044010 secs] [Times: user=0.02 sys=0.00, real=0.00 secs] 
2014-07-16T14:10:50.740+0000: 460.928: [GC [PSYoungGen: 181594K->722K(218368K)] 285482K->104706K(905344K), 0.0042680 secs] [Times: user=0.03 sys=0.00, real=0.00 secs] 
2014-07-16T14:10:51.525+0000: 461.712: [GC [PSYoungGen: 217682K->1280K(213376K)] 321666K->105336K(900352K), 0.0056330 secs] [Times: user=0.03 sys=0.00, real=0.01 secs] 
2014-07-16T14:10:52.289+0000: 462.476: [GC [PSYoungGen: 213312K->128K(207424K)] 317368K->105296K(894400K), 0.0035040 secs] [Times: user=0.02 sys=0.00, real=0.01 secs] 
2014-07-16T14:10:53.036+0000: 463.223: [GC [PSYoungGen: 207424K->640K(203328K)] 312592K->105872K(890304K), 0.0043850 secs] [Times: user=0.02 sys=0.00, real=0.01 secs] 
2014-07-16T14:10:53.764+0000: 463.951: [GC [PSYoungGen: 203314K->866K(199168K)] 308546K->106162K(886144K), 0.0050720 secs] [Times: user=0.03 sys=0.00, real=0.01 secs] 
2014-07-16T14:10:54.470+0000: 464.657: [GC [PSYoungGen: 199122K->1258K(195264K)] 304419K->106618K(882240K), 0.0063320 secs] [Times: user=0.03 sys=0.00, real=0.00 secs] 
2014-07-16T14:10:55.177+0000: 465.364: [GC [PSYoungGen: 195223K->958K(190784K)] 300583K->106722K(877760K), 0.0058430 secs] [Times: user=0.02 sys=0.00, real=0.01 secs] 
2014-07-16T14:10:55.904+0000: 466.091: [GC [PSYoungGen: 190782K->1268K(215168K)] 296546K->107072K(902144K), 0.0139250 secs] [Times: user=0.08 sys=0.00, real=0.01 secs] 
2014-07-16T14:10:56.674+0000: 466.861: [GC [PSYoungGen: 214736K->798K(209536K)] 320540K->106642K(896512K), 0.0032320 secs] [Times: user=0.02 sys=0.00, real=0.00 secs] 
2014-07-16T14:10:57.408+0000: 467.595: [GC [PSYoungGen: 209502K->716K(204864K)] 315346K->106624K(891840K), 0.0042590 secs] [Times: user=0.02 sys=0.00, real=0.01 secs] 
2014-07-16T14:10:58.135+0000: 468.322: [GC [PSYoungGen: 204781K->826K(200448K)] 310690K->106798K(887424K), 0.0098760 secs] [Times: user=0.06 sys=0.00, real=0.01 secs] 
2014-07-16T14:10:58.856+0000: 469.043: [GC [PSYoungGen: 200442K->512K(195776K)] 306414K->106580K(882752K), 0.0042100 secs] [Times: user=0.02 sys=0.00, real=0.01 secs] 
2014-07-16T14:10:59.549+0000: 469.736: [GC [PSYoungGen: 195776K->890K(192000K)] 301844K->107038K(878976K), 0.0068530 secs] [Times: user=0.04 sys=0.00, real=0.01 secs] 
2014-07-16T14:11:00.247+0000: 470.434: [GC [PSYoungGen: 191994K->862K(187968K)] 298142K->107074K(874944K), 0.0078440 secs] [Times: user=0.04 sys=0.00, real=0.01 secs] 
2014-07-16T14:11:00.920+0000: 471.107: [GC [PSYoungGen: 187934K->1182K(184384K)] 294146K->107450K(871360K), 0.0048500 secs] [Times: user=0.02 sys=0.00, real=0.01 secs] 
2014-07-16T14:11:01.580+0000: 471.767: [GC [PSYoungGen: 184350K->420K(179840K)] 290618K->106720K(866816K), 0.0067720 secs] [Times: user=0.03 sys=0.00, real=0.00 secs] 
2014-07-16T14:11:02.240+0000: 472.427: [GC [PSYoungGen: 179812K->748K(176512K)] 286112K->107104K(863488K), 0.0033840 secs] [Times: user=0.01 sys=0.00, real=0.00 secs] 
2014-07-16T14:11:02.876+0000: 473.063: [GC [PSYoungGen: 176491K->1196K(173440K)] 282848K->107648K(860416K), 0.0033790 secs] [Times: user=0.02 sys=0.00, real=0.00 secs] 
2014-07-16T14:11:03.477+0000: 473.665: [GC [PSYoungGen: 173420K->730K(169600K)] 279872K->107238K(856576K), 0.0056800 secs] [Times: user=0.04 sys=0.00, real=0.01 secs] 
2014-07-16T14:11:04.096+0000: 474.284: [GC [PSYoungGen: 169514K->566K(166080K)] 276022K->107138K(853056K), 0.0048280 secs] [Times: user=0.03 sys=0.00, real=0.01 secs] 
2014-07-16T14:11:04.692+0000: 474.879: [GC [PSYoungGen: 166070K->548K(162880K)] 272642K->107192K(849856K), 0.0030900 secs] [Times: user=0.01 sys=0.01, real=0.00 secs] 
2014-07-16T14:11:05.267+0000: 475.454: [GC [PSYoungGen: 162835K->1198K(160448K)] 269480K->107923K(847424K), 0.0041100 secs] [Times: user=0.02 sys=0.00, real=0.01 secs] 
2014-07-16T14:11:05.835+0000: 476.022: [GC [PSYoungGen: 160430K->548K(156800K)] 267155K->107344K(843776K), 0.0047400 secs] [Times: user=0.02 sys=0.00, real=0.00 secs] 
2014-07-16T14:11:06.432+0000: 476.620: [GC [PSYoungGen: 156772K->864K(154176K)] 263568K->107740K(841152K), 0.0031770 secs] [Times: user=0.01 sys=0.00, real=0.00 secs] 
2014-07-16T14:11:06.964+0000: 477.151: [GC [PSYoungGen: 154144K->818K(151296K)] 261020K->107758K(838272K), 0.0081940 secs] [Times: user=0.05 sys=0.00, real=0.01 secs] 
2014-07-16T14:11:07.487+0000: 477.674: [GC [PSYoungGen: 151282K->858K(148608K)] 258222K->107846K(835584K), 0.0064840 secs] [Times: user=0.03 sys=0.00, real=0.01 secs] 
2014-07-16T14:11:08.021+0000: 478.208: [GC [PSYoungGen: 148570K->594K(145664K)] 255558K->107630K(832640K), 0.0058780 secs] [Times: user=0.03 sys=0.00, real=0.01 secs] 
2014-07-16T14:11:08.530+0000: 478.718: [GC [PSYoungGen: 145618K->826K(174912K)] 252654K->107926K(861888K), 0.0064490 secs] [Times: user=0.03 sys=0.00, real=0.01 secs] 
2014-07-16T14:11:09.151+0000: 479.339: [GC [PSYoungGen: 174906K->612K(209536K)] 282006K->107800K(896512K), 0.0063010 secs] [Times: user=0.04 sys=0.00, real=0.00 secs] 
2014-07-16T14:11:09.907+0000: 480.094: [GC [PSYoungGen: 209508K->512K(204736K)] 316696K->107780K(891712K), 0.0048050 secs] [Times: user=0.02 sys=0.00, real=0.01 secs] 
2014-07-16T14:11:10.667+0000: 480.854: [GC [PSYoungGen: 204736K->804K(200576K)] 312004K->108160K(887552K), 0.0044490 secs] [Times: user=0.03 sys=0.00, real=0.01 secs] 
2014-07-16T14:11:11.424+0000: 481.611: [GC [PSYoungGen: 200510K->886K(196288K)] 307867K->108322K(883264K), 0.0053340 secs] [Times: user=0.02 sys=0.00, real=0.00 secs] 
2014-07-16T14:11:12.262+0000: 482.449: [GC [PSYoungGen: 196278K->722K(192000K)] 303714K->108206K(878976K), 0.0038230 secs] [Times: user=0.02 sys=0.00, real=0.00 secs] 
2014-07-16T14:11:13.032+0000: 483.219: [GC [PSYoungGen: 191954K->726K(187968K)] 299438K->108274K(874944K), 0.0041560 secs] [Times: user=0.03 sys=0.00, real=0.00 secs] 
2014-07-16T14:11:13.767+0000: 483.954: [GC [PSYoungGen: 187846K->1048K(184384K)] 295395K->108628K(871360K), 0.0050510 secs] [Times: user=0.01 sys=0.00, real=0.01 secs] 
2014-07-16T14:11:14.466+0000: 484.653: [GC [PSYoungGen: 184297K->790K(180352K)] 291878K->108442K(867328K), 0.0055950 secs] [Times: user=0.03 sys=0.00, real=0.00 secs] 
2014-07-16T14:11:15.207+0000: 485.394: [GC [PSYoungGen: 180310K->684K(176576K)] 287962K->108678K(863552K), 0.0039660 secs] [Times: user=0.02 sys=0.01, real=0.00 secs] 
2014-07-16T14:11:15.843+0000: 486.031: [GC [PSYoungGen: 176529K->1098K(173504K)] 284524K->109149K(860480K), 0.0053460 secs] [Times: user=0.03 sys=0.00, real=0.00 secs] 
2014-07-16T14:11:16.470+0000: 486.657: [GC [PSYoungGen: 173450K->738K(169728K)] 281501K->109034K(856704K), 0.0120070 secs] [Times: user=0.08 sys=0.00, real=0.02 secs] 
2014-07-16T14:11:17.104+0000: 487.291: [GC [PSYoungGen: 169698K->1336K(166976K)] 277994K->110205K(853952K), 0.0044410 secs] [Times: user=0.03 sys=0.01, real=0.00 secs] 
2014-07-16T14:11:17.657+0000: 487.844: [GC [PSYoungGen: 166936K->638K(163072K)] 275805K->109997K(850048K), 0.0053760 secs] [Times: user=0.03 sys=0.00, real=0.01 secs] 
2014-07-16T14:11:18.235+0000: 488.422: [GC [PSYoungGen: 163070K->1200K(160512K)] 272429K->110665K(847488K), 0.0041660 secs] [Times: user=0.02 sys=0.01, real=0.00 secs] 
2014-07-16T14:11:18.801+0000: 488.988: [GC [PSYoungGen: 160482K->562K(156864K)] 269947K->110165K(843840K), 0.0035510 secs] [Times: user=0.01 sys=0.00, real=0.01 secs] 
2014-07-16T14:11:19.348+0000: 489.536: [GC [PSYoungGen: 156850K->448K(153792K)] 266453K->110115K(840768K), 0.0040940 secs] [Times: user=0.02 sys=0.00, real=0.00 secs] 
2014-07-16T14:11:19.888+0000: 490.076: [GC [PSYoungGen: 153792K->672K(151232K)] 263459K->110435K(838208K), 0.0048380 secs] [Times: user=0.03 sys=0.00, real=0.01 secs] 
2014-07-16T14:11:20.424+0000: 490.611: [GC [PSYoungGen: 151177K->658K(148480K)] 260940K->110533K(835456K), 0.0039530 secs] [Times: user=0.02 sys=0.01, real=0.00 secs] 
2014-07-16T14:11:20.941+0000: 491.129: [GC [PSYoungGen: 148434K->736K(145856K)] 258309K->110667K(832832K), 0.0073610 secs] [Times: user=0.02 sys=0.00, real=0.01 secs] 
2014-07-16T14:11:21.471+0000: 491.658: [GC [PSYoungGen: 145823K->858K(143424K)] 255754K->110893K(830400K), 0.0046530 secs] [Times: user=0.03 sys=0.00, real=0.01 secs] 
2014-07-16T14:11:22.004+0000: 492.191: [GC [PSYoungGen: 143386K->1046K(141120K)] 253421K->111145K(828096K), 0.0041070 secs] [Times: user=0.01 sys=0.00, real=0.00 secs] 
2014-07-16T14:11:22.488+0000: 492.675: [GC [PSYoungGen: 141058K->816K(138432K)] 251157K->110979K(825408K), 0.0065570 secs] [Times: user=0.04 sys=0.00, real=0.01 secs] 
2014-07-16T14:11:22.989+0000: 493.177: [GC [PSYoungGen: 138368K->794K(136064K)] 248531K->111021K(823040K), 0.0053190 secs] [Times: user=0.02 sys=0.00, real=0.01 secs] 
2014-07-16T14:11:23.471+0000: 493.658: [GC [PSYoungGen: 136024K->1112K(134080K)] 246252K->111419K(821056K), 0.0042960 secs] [Times: user=0.02 sys=0.00, real=0.01 secs] 
2014-07-16T14:11:23.950+0000: 494.137: [GC [PSYoungGen: 134040K->544K(131264K)] 244347K->110947K(818240K), 0.0032670 secs] [Times: user=0.01 sys=0.01, real=0.00 secs] 
2014-07-16T14:11:24.414+0000: 494.602: [GC [PSYoungGen: 131217K->1344K(129920K)] 241620K->111827K(816896K), 0.0056280 secs] [Times: user=0.03 sys=0.00, real=0.00 secs] 
2014-07-16T14:11:24.892+0000: 495.079: [GC [PSYoungGen: 129855K->954K(127360K)] 240338K->111501K(814336K), 0.0038440 secs] [Times: user=0.02 sys=0.00, real=0.01 secs] 
2014-07-16T14:11:25.330+0000: 495.518: [GC [PSYoungGen: 127354K->900K(125312K)] 237901K->111511K(812288K), 0.0061030 secs] [Times: user=0.03 sys=0.01, real=0.01 secs] 
2014-07-16T14:11:25.783+0000: 495.970: [GC [PSYoungGen: 125252K->512K(149760K)] 235863K->111203K(836736K), 0.0049960 secs] [Times: user=0.03 sys=0.00, real=0.01 secs] 
2014-07-16T14:11:26.320+0000: 496.507: [GC [PSYoungGen: 149760K->758K(147328K)] 260451K->111545K(834304K), 0.0029010 secs] [Times: user=0.01 sys=0.00, real=0.00 secs] 
2014-07-16T14:11:26.840+0000: 497.028: [GC [PSYoungGen: 147318K->1458K(145408K)] 258105K->112491K(832384K), 0.0052780 secs] [Times: user=0.02 sys=0.00, real=0.01 secs] 
2014-07-16T14:11:27.397+0000: 497.584: [GC [PSYoungGen: 145394K->880K(142272K)] 256427K->111985K(829248K), 0.0053040 secs] [Times: user=0.03 sys=0.00, real=0.00 secs] 
2014-07-16T14:11:27.897+0000: 498.084: [GC [PSYoungGen: 142256K->1148K(140032K)] 253361K->112383K(827008K), 0.0037860 secs] [Times: user=0.02 sys=0.00, real=0.00 secs] 
2014-07-16T14:11:28.395+0000: 498.582: [GC [PSYoungGen: 140028K->790K(167488K)] 251263K->112065K(854464K), 0.0083150 secs] [Times: user=0.04 sys=0.00, real=0.00 secs] 
2014-07-16T14:11:28.992+0000: 499.179: [GC [PSYoungGen: 167446K->1054K(164480K)] 278721K->112433K(851456K), 0.0043390 secs] [Times: user=0.02 sys=0.01, real=0.01 secs] 
2014-07-16T14:11:29.591+0000: 499.778: [GC [PSYoungGen: 164437K->594K(160896K)] 275816K->112029K(847872K), 0.0055210 secs] [Times: user=0.04 sys=0.00, real=0.01 secs] 
2014-07-16T14:11:30.156+0000: 500.343: [GC [PSYoungGen: 160850K->1086K(158272K)] 272285K->112625K(845248K), 0.0047000 secs] [Times: user=0.03 sys=0.00, real=0.00 secs] 
2014-07-16T14:11:30.712+0000: 500.899: [GC [PSYoungGen: 158195K->1112K(155392K)] 269734K->112747K(842368K), 0.0067120 secs] [Times: user=0.03 sys=0.01, real=0.01 secs] 
2014-07-16T14:11:31.253+0000: 501.440: [GC [PSYoungGen: 155352K->1022K(186112K)] 266987K->113069K(873088K), 0.0082550 secs] [Times: user=0.05 sys=0.01, real=0.01 secs] 
2014-07-16T14:11:31.944+0000: 502.132: [GC [PSYoungGen: 186060K->1022K(193152K)] 298108K->113133K(880128K), 0.0059400 secs] [Times: user=0.03 sys=0.00, real=0.01 secs] 
2014-07-16T14:11:32.616+0000: 502.803: [GC [PSYoungGen: 192445K->1104K(188544K)] 304557K->113319K(875520K), 0.0052510 secs] [Times: user=0.03 sys=0.00, real=0.00 secs] 
2014-07-16T14:11:33.317+0000: 503.504: [GC [PSYoungGen: 188494K->1374K(223296K)] 300710K->113661K(910272K), 0.0126510 secs] [Times: user=0.07 sys=0.01, real=0.01 secs] 
2014-07-16T14:11:34.087+0000: 504.274: [GC [PSYoungGen: 223006K->1086K(217600K)] 335293K->113453K(904576K), 0.0033450 secs] [Times: user=0.02 sys=0.00, real=0.00 secs] 
2014-07-16T14:11:34.862+0000: 505.049: [GC [PSYoungGen: 217598K->766K(212352K)] 329965K->113221K(899328K), 0.0044910 secs] [Times: user=0.03 sys=0.00, real=0.01 secs] 
2014-07-16T14:11:35.631+0000: 505.818: [GC [PSYoungGen: 212350K->982K(207872K)] 324805K->113533K(894848K), 0.0072860 secs] [Times: user=0.04 sys=0.00, real=0.01 secs] 
2014-07-16T14:11:36.350+0000: 506.537: [GC [PSYoungGen: 207830K->972K(203328K)] 320381K->113579K(890304K), 0.0040880 secs] [Times: user=0.01 sys=0.00, real=0.00 secs] 
2014-07-16T14:11:37.081+0000: 507.268: [GC [PSYoungGen: 203276K->926K(198848K)] 315883K->113613K(885824K), 0.0047550 secs] [Times: user=0.03 sys=0.00, real=0.01 secs] 
2014-07-16T14:11:37.797+0000: 507.984: [GC [PSYoungGen: 198814K->544K(194176K)] 311501K->113327K(881152K), 0.0026970 secs] [Times: user=0.01 sys=0.00, real=0.00 secs] 
2014-07-16T14:11:38.497+0000: 508.685: [GC [PSYoungGen: 194144K->890K(190400K)] 306927K->113761K(877376K), 0.0031390 secs] [Times: user=0.02 sys=0.00, real=0.00 secs] 
2014-07-16T14:11:39.169+0000: 509.356: [GC [PSYoungGen: 190394K->594K(186176K)] 303265K->113545K(873152K), 0.0027330 secs] [Times: user=0.02 sys=0.00, real=0.00 secs] 
2014-07-16T14:11:39.828+0000: 510.015: [GC [PSYoungGen: 186130K->862K(182592K)] 299081K->113885K(869568K), 0.0044940 secs] [Times: user=0.03 sys=0.01, real=0.00 secs] 
2014-07-16T14:11:40.482+0000: 510.669: [GC [PSYoungGen: 182558K->880K(178880K)] 295581K->114007K(865856K), 0.0047870 secs] [Times: user=0.03 sys=0.00, real=0.01 secs] 
2014-07-16T14:11:41.116+0000: 511.303: [GC [PSYoungGen: 178864K->384K(174784K)] 291991K->113567K(861760K), 0.0064760 secs] [Times: user=0.03 sys=0.00, real=0.01 secs] 
2014-07-16T14:11:41.753+0000: 511.940: [GC [PSYoungGen: 174784K->744K(171712K)] 287967K->113991K(858688K), 0.0027720 secs] [Times: user=0.02 sys=0.00, real=0.00 secs] 
2014-07-16T14:11:42.377+0000: 512.564: [GC [PSYoungGen: 171688K->944K(168512K)] 284935K->114271K(855488K), 0.0068700 secs] [Times: user=0.03 sys=0.01, real=0.00 secs] 
2014-07-16T14:11:42.969+0000: 513.157: [GC [PSYoungGen: 168454K->862K(165184K)] 281782K->114261K(852160K), 0.0059630 secs] [Times: user=0.03 sys=0.00, real=0.00 secs] 
2014-07-16T14:11:43.562+0000: 513.749: [GC [PSYoungGen: 165108K->830K(161984K)] 278507K->114317K(848960K), 0.0027870 secs] [Times: user=0.01 sys=0.00, real=0.00 secs] 
2014-07-16T14:11:44.155+0000: 514.342: [GC [PSYoungGen: 161973K->1154K(159296K)] 275461K->114705K(846272K), 0.0037060 secs] [Times: user=0.01 sys=0.00, real=0.01 secs] 
2014-07-16T14:11:44.713+0000: 514.900: [GC [PSYoungGen: 159234K->702K(155840K)] 272785K->114699K(842816K), 0.0076880 secs] [Times: user=0.05 sys=0.00, real=0.01 secs] 
2014-07-16T14:11:45.254+0000: 515.441: [GC [PSYoungGen: 155838K->1404K(153664K)] 269835K->115589K(840640K), 0.0053610 secs] [Times: user=0.03 sys=0.00, real=0.01 secs] 
2014-07-16T14:11:45.802+0000: 515.989: [GC [PSYoungGen: 153660K->566K(150016K)] 267845K->114815K(836992K), 0.0028210 secs] [Times: user=0.01 sys=0.00, real=0.00 secs] 
2014-07-16T14:11:46.411+0000: 516.598: [GC [PSYoungGen: 150006K->612K(147392K)] 264255K->114917K(834368K), 0.0042190 secs] [Times: user=0.02 sys=0.01, real=0.00 secs] 
2014-07-16T14:11:46.956+0000: 517.144: [GC [PSYoungGen: 147364K->862K(145024K)] 261669K->115199K(832000K), 0.0077620 secs] [Times: user=0.04 sys=0.01, real=0.02 secs] 
2014-07-16T14:11:47.641+0000: 517.828: [GC [PSYoungGen: 144990K->914K(142528K)] 259327K->115355K(829504K), 0.0049130 secs] [Times: user=0.04 sys=0.00, real=0.00 secs] 
2014-07-16T14:11:48.184+0000: 518.371: [GC [PSYoungGen: 142482K->872K(139968K)] 256923K->115385K(826944K), 0.0054890 secs] [Times: user=0.03 sys=0.00, real=0.01 secs] 
2014-07-16T14:11:48.748+0000: 518.935: [GC [PSYoungGen: 139926K->914K(137600K)] 254439K->115499K(824576K), 0.0037530 secs] [Times: user=0.02 sys=0.01, real=0.00 secs] 
2014-07-16T14:11:49.257+0000: 519.444: [GC [PSYoungGen: 137552K->1122K(135488K)] 252138K->115885K(822464K), 0.0038690 secs] [Times: user=0.02 sys=0.00, real=0.01 secs] 
2014-07-16T14:11:49.789+0000: 519.976: [GC [PSYoungGen: 135458K->1532K(133632K)] 250221K->116681K(820608K), 0.0070380 secs] [Times: user=0.04 sys=0.00, real=0.00 secs] 
2014-07-16T14:11:50.289+0000: 520.476: [GC [PSYoungGen: 133628K->434K(130368K)] 248777K->115952K(817344K), 0.0045150 secs] [Times: user=0.03 sys=0.00, real=0.00 secs] 
2014-07-16T14:11:50.791+0000: 520.979: [GC [PSYoungGen: 130339K->822K(128576K)] 245858K->116412K(815552K), 0.0030100 secs] [Times: user=0.01 sys=0.00, real=0.00 secs] 
2014-07-16T14:11:51.309+0000: 521.496: [GC [PSYoungGen: 128566K->868K(126528K)] 244156K->116663K(813504K), 0.0059840 secs] [Times: user=0.04 sys=0.01, real=0.00 secs] 
2014-07-16T14:11:51.762+0000: 521.949: [GC [PSYoungGen: 126500K->448K(124032K)] 242295K->116322K(811008K), 0.0055660 secs] [Times: user=0.03 sys=0.01, real=0.01 secs] 
2014-07-16T14:11:52.209+0000: 522.397: [GC [PSYoungGen: 123994K->544K(122176K)] 239869K->116482K(809152K), 0.0035370 secs] [Times: user=0.01 sys=0.01, real=0.00 secs] 
2014-07-16T14:11:52.645+0000: 522.832: [GC [PSYoungGen: 122144K->608K(120320K)] 238082K->116610K(807296K), 0.0047380 secs] [Times: user=0.02 sys=0.00, real=0.01 secs] 
2014-07-16T14:11:53.082+0000: 523.269: [GC [PSYoungGen: 120283K->1262K(119104K)] 236286K->117329K(806080K), 0.0051350 secs] [Times: user=0.03 sys=0.01, real=0.00 secs] 
2014-07-16T14:11:53.506+0000: 523.693: [GC [PSYoungGen: 119078K->1026K(142528K)] 235145K->117189K(829504K), 0.0053330 secs] [Times: user=0.03 sys=0.00, real=0.01 secs] 
2014-07-16T14:11:54.015+0000: 524.202: [GC [PSYoungGen: 142466K->676K(139648K)] 258629K->116895K(826624K), 0.0041320 secs] [Times: user=0.02 sys=0.00, real=0.01 secs] 
2014-07-16T14:11:54.514+0000: 524.701: [GC [PSYoungGen: 139620K->786K(167616K)] 255839K->117124K(854592K), 0.0061500 secs] [Times: user=0.04 sys=0.01, real=0.01 secs] 
2014-07-16T14:11:55.126+0000: 525.313: [GC [PSYoungGen: 167570K->836K(201088K)] 283908K->117255K(888064K), 0.0077890 secs] [Times: user=0.05 sys=0.00, real=0.01 secs] 
2014-07-16T14:11:55.866+0000: 526.053: [GC [PSYoungGen: 201028K->772K(196672K)] 317447K->117271K(883648K), 0.0046010 secs] [Times: user=0.03 sys=0.01, real=0.01 secs] 
2014-07-16T14:11:56.572+0000: 526.759: [GC [PSYoungGen: 196607K->762K(192384K)] 313106K->117341K(879360K), 0.0063140 secs] [Times: user=0.04 sys=0.00, real=0.01 secs] 
2014-07-16T14:11:57.248+0000: 527.436: [GC [PSYoungGen: 192332K->1452K(189056K)] 308911K->118177K(876032K), 0.0057840 secs] [Times: user=0.03 sys=0.00, real=0.00 secs] 
2014-07-16T14:11:57.958+0000: 528.145: [GC [PSYoungGen: 189036K->768K(184448K)] 305761K->117673K(871424K), 0.0055260 secs] [Times: user=0.02 sys=0.01, real=0.01 secs] 
2014-07-16T14:11:58.616+0000: 528.803: [GC [PSYoungGen: 184448K->1008K(180928K)] 301353K->118017K(867904K), 0.0051820 secs] [Times: user=0.03 sys=0.00, real=0.01 secs] 
2014-07-16T14:11:59.259+0000: 529.446: [GC [PSYoungGen: 180912K->612K(176896K)] 297921K->117701K(863872K), 0.0059160 secs] [Times: user=0.03 sys=0.00, real=0.01 secs] 
2014-07-16T14:11:59.923+0000: 530.111: [GC [PSYoungGen: 176868K->1360K(174144K)] 293957K->118521K(861120K), 0.0095370 secs] [Times: user=0.06 sys=0.01, real=0.01 secs] 
2014-07-16T14:12:00.568+0000: 530.755: [GC [PSYoungGen: 174096K->1068K(170368K)] 291257K->118317K(857344K), 0.0040240 secs] [Times: user=0.02 sys=0.00, real=0.01 secs] 
2014-07-16T14:12:01.156+0000: 531.343: [GC [PSYoungGen: 170253K->1212K(167168K)] 287502K->118573K(854144K), 0.0044010 secs] [Times: user=0.02 sys=0.00, real=0.01 secs] 
2014-07-16T14:12:01.749+0000: 531.936: [GC [PSYoungGen: 167148K->1062K(163840K)] 284509K->118553K(850816K), 0.0028250 secs] [Times: user=0.01 sys=0.00, real=0.01 secs] 
2014-07-16T14:12:02.339+0000: 532.526: [GC [PSYoungGen: 163778K->748K(160384K)] 281269K->118319K(847360K), 0.0060790 secs] [Times: user=0.04 sys=0.00, real=0.01 secs] 
2014-07-16T14:12:02.932+0000: 533.119: [GC [PSYoungGen: 160339K->680K(157312K)] 277910K->118347K(844288K), 0.0041570 secs] [Times: user=0.03 sys=0.00, real=0.00 secs] 
2014-07-16T14:12:03.493+0000: 533.680: [GC [PSYoungGen: 157288K->1176K(154880K)] 274955K->118931K(841856K), 0.0054010 secs] [Times: user=0.03 sys=0.00, real=0.01 secs] 
2014-07-16T14:12:04.036+0000: 534.224: [GC [PSYoungGen: 154840K->908K(151808K)] 272595K->118735K(838784K), 0.0033040 secs] [Times: user=0.02 sys=0.00, real=0.00 secs] 
2014-07-16T14:12:04.600+0000: 534.787: [GC [PSYoungGen: 151721K->1008K(149120K)] 269548K->118907K(836096K), 0.0068660 secs] [Times: user=0.04 sys=0.00, real=0.00 secs] 
2014-07-16T14:12:05.116+0000: 535.303: [GC [PSYoungGen: 149058K->908K(146368K)] 266957K->118887K(833344K), 0.0058780 secs] [Times: user=0.02 sys=0.00, real=0.01 secs] 
2014-07-16T14:12:05.636+0000: 535.823: [GC [PSYoungGen: 146316K->980K(143872K)] 264295K->119039K(830848K), 0.0044050 secs] [Times: user=0.02 sys=0.00, real=0.01 secs] 
2014-07-16T14:12:06.140+0000: 536.327: [GC [PSYoungGen: 143828K->726K(141120K)] 261887K->118865K(828096K), 0.0045220 secs] [Times: user=0.02 sys=0.01, real=0.00 secs] 
2014-07-16T14:12:06.648+0000: 536.836: [GC [PSYoungGen: 141078K->722K(138688K)] 259217K->118925K(825664K), 0.0037300 secs] [Times: user=0.01 sys=0.00, real=0.01 secs] 
2014-07-16T14:12:07.146+0000: 537.333: [GC [PSYoungGen: 138642K->1012K(136576K)] 256845K->119327K(823552K), 0.0049390 secs] [Times: user=0.04 sys=0.00, real=0.01 secs] 
2014-07-16T14:12:07.649+0000: 537.836: [GC [PSYoungGen: 136564K->698K(133952K)] 254879K->119069K(820928K), 0.0039700 secs] [Times: user=0.02 sys=0.01, real=0.01 secs] 
2014-07-16T14:12:08.122+0000: 538.309: [GC [PSYoungGen: 133945K->940K(131968K)] 252316K->119399K(818944K), 0.0049340 secs] [Times: user=0.03 sys=0.00, real=0.00 secs] 
2014-07-16T14:12:08.585+0000: 538.772: [GC [PSYoungGen: 131948K->1036K(129920K)] 250407K->119599K(816896K), 0.0041640 secs] [Times: user=0.02 sys=0.00, real=0.00 secs] 
2014-07-16T14:12:09.045+0000: 539.233: [GC [PSYoungGen: 129868K->816K(127552K)] 248431K->119621K(814528K), 0.0028930 secs] [Times: user=0.01 sys=0.01, real=0.00 secs] 
2014-07-16T14:12:09.511+0000: 539.698: [GC [PSYoungGen: 127536K->680K(125376K)] 246341K->119541K(812352K), 0.0054790 secs] [Times: user=0.04 sys=0.00, real=0.00 secs] 
2014-07-16T14:12:09.968+0000: 540.156: [GC [PSYoungGen: 125352K->576K(123264K)] 244213K->119565K(810240K), 0.0038720 secs] [Times: user=0.02 sys=0.00, real=0.01 secs] 
2014-07-16T14:12:10.403+0000: 540.590: [GC [PSYoungGen: 123264K->786K(121600K)] 242253K->119847K(808576K), 0.0057480 secs] [Times: user=0.03 sys=0.00, real=0.00 secs] 
2014-07-16T14:12:10.839+0000: 541.026: [GC [PSYoungGen: 121554K->726K(145728K)] 240615K->119843K(832704K), 0.0055900 secs] [Times: user=0.03 sys=0.01, real=0.01 secs] 
2014-07-16T14:12:11.361+0000: 541.548: [GC [PSYoungGen: 145669K->994K(174976K)] 264786K->120215K(861952K), 0.0078280 secs] [Times: user=0.05 sys=0.01, real=0.00 secs] 
2014-07-16T14:12:12.004+0000: 542.191: [GC [PSYoungGen: 174946K->644K(171200K)] 294167K->119945K(858176K), 0.0042210 secs] [Times: user=0.02 sys=0.00, real=0.00 secs] 
2014-07-16T14:12:12.761+0000: 542.948: [GC [PSYoungGen: 171140K->1054K(185920K)] 290441K->120443K(872896K), 0.0096430 secs] [Times: user=0.06 sys=0.00, real=0.01 secs] 
2014-07-16T14:12:13.470+0000: 543.657: [GC [PSYoungGen: 185597K->1080K(181824K)] 304986K->120525K(868800K), 0.0049410 secs] [Times: user=0.04 sys=0.00, real=0.01 secs] 
2014-07-16T14:12:14.159+0000: 544.347: [GC [PSYoungGen: 181806K->1122K(178176K)] 301251K->120631K(865152K), 0.0075090 secs] [Times: user=0.04 sys=0.01, real=0.01 secs] 
2014-07-16T14:12:14.829+0000: 545.016: [GC [PSYoungGen: 178146K->638K(174080K)] 297655K->120733K(861056K), 0.0054130 secs] [Times: user=0.02 sys=0.01, real=0.01 secs] 
2014-07-16T14:12:15.480+0000: 545.667: [GC [PSYoungGen: 174062K->1072K(171072K)] 294157K->121215K(858048K), 0.0034290 secs] [Times: user=0.01 sys=0.00, real=0.01 secs] 
2014-07-16T14:12:16.142+0000: 546.329: [GC [PSYoungGen: 171047K->822K(167488K)] 291190K->121243K(854464K), 0.0040410 secs] [Times: user=0.02 sys=0.00, real=0.00 secs] 
2014-07-16T14:12:16.776+0000: 546.963: [GC [PSYoungGen: 167478K->1128K(164544K)] 287899K->121653K(851520K), 0.0051710 secs] [Times: user=0.03 sys=0.01, real=0.01 secs] 
2014-07-16T14:12:17.440+0000: 547.627: [GC [PSYoungGen: 164520K->908K(161216K)] 285045K->121497K(848192K), 0.0035220 secs] [Times: user=0.02 sys=0.00, real=0.01 secs] 
2014-07-16T14:12:18.032+0000: 548.219: [GC [PSYoungGen: 161164K->480K(157696K)] 281753K->121133K(844672K), 0.0072720 secs] [Times: user=0.04 sys=0.00, real=0.00 secs] 
2014-07-16T14:12:18.593+0000: 548.780: [GC [PSYoungGen: 157664K->1076K(155328K)] 278317K->121801K(842304K), 0.0032930 secs] [Times: user=0.02 sys=0.00, real=0.00 secs] 
2014-07-16T14:12:19.137+0000: 549.324: [GC [PSYoungGen: 155288K->1230K(186368K)] 276013K->122019K(873344K), 0.0108290 secs] [Times: user=0.07 sys=0.00, real=0.01 secs] 
2014-07-16T14:12:19.794+0000: 549.981: [GC [PSYoungGen: 186316K->620K(181888K)] 307106K->121835K(868864K), 0.0053360 secs] [Times: user=0.04 sys=0.00, real=0.00 secs] 
2014-07-16T14:12:20.450+0000: 550.638: [GC [PSYoungGen: 181868K->1108K(178688K)] 303083K->122395K(865664K), 0.0034960 secs] [Times: user=0.01 sys=0.00, real=0.01 secs] 
2014-07-16T14:12:21.082+0000: 551.269: [GC [PSYoungGen: 178633K->1276K(175232K)] 299920K->122756K(862208K), 0.0046950 secs] [Times: user=0.03 sys=0.00, real=0.00 secs] 
2014-07-16T14:12:21.711+0000: 551.898: [GC [PSYoungGen: 175228K->634K(171136K)] 296708K->122178K(858112K), 0.0055940 secs] [Times: user=0.02 sys=0.00, real=0.01 secs] 
2014-07-16T14:12:22.319+0000: 552.507: [GC [PSYoungGen: 171101K->466K(167616K)] 292645K->122074K(854592K), 0.0039140 secs] [Times: user=0.02 sys=0.00, real=0.01 secs] 
2014-07-16T14:12:22.969+0000: 553.157: [GC [PSYoungGen: 167547K->608K(164480K)] 289155K->122320K(851456K), 0.0072820 secs] [Times: user=0.05 sys=0.00, real=0.01 secs] 
2014-07-16T14:12:23.542+0000: 553.729: [GC [PSYoungGen: 164448K->512K(161216K)] 286160K->122328K(848192K), 0.0044830 secs] [Times: user=0.02 sys=0.00, real=0.01 secs] 
2014-07-16T14:12:24.132+0000: 554.319: [GC [PSYoungGen: 161205K->840K(158528K)] 283021K->122736K(845504K), 0.0039420 secs] [Times: user=0.02 sys=0.00, real=0.01 secs] 
2014-07-16T14:12:24.694+0000: 554.881: [GC [PSYoungGen: 158472K->780K(155520K)] 280368K->122772K(842496K), 0.0045980 secs] [Times: user=0.02 sys=0.00, real=0.00 secs] 
2014-07-16T14:12:25.247+0000: 555.435: [GC [PSYoungGen: 155468K->1030K(152896K)] 277460K->123118K(839872K), 0.0051960 secs] [Times: user=0.03 sys=0.00, real=0.00 secs] 
2014-07-16T14:12:25.804+0000: 555.991: [GC [PSYoungGen: 152838K->1026K(150144K)] 274926K->123194K(837120K), 0.0053870 secs] [Times: user=0.03 sys=0.00, real=0.00 secs] 
2014-07-16T14:12:26.341+0000: 556.528: [GC [PSYoungGen: 150056K->1012K(147392K)] 272224K->123260K(834368K), 0.0032040 secs] [Times: user=0.02 sys=0.00, real=0.01 secs] 
2014-07-16T14:12:26.876+0000: 557.063: [GC [PSYoungGen: 147346K->584K(144384K)] 269594K->122904K(831360K), 0.0047330 secs] [Times: user=0.02 sys=0.00, real=0.00 secs] 
2014-07-16T14:12:27.383+0000: 557.570: [GC [PSYoungGen: 144328K->836K(173440K)] 266648K->123212K(860416K), 0.0090950 secs] [Times: user=0.05 sys=0.00, real=0.00 secs] 
2014-07-16T14:12:28.046+0000: 558.233: [GC [PSYoungGen: 173345K->1090K(170240K)] 295721K->123546K(857216K), 0.0041820 secs] [Times: user=0.01 sys=0.00, real=0.00 secs] 
2014-07-16T14:12:28.624+0000: 558.812: [GC [PSYoungGen: 170178K->562K(166336K)] 292634K->123114K(853312K), 0.0063810 secs] [Times: user=0.04 sys=0.00, real=0.00 secs] 
2014-07-16T14:12:29.230+0000: 559.417: [GC [PSYoungGen: 166279K->1062K(190976K)] 288831K->123686K(877952K), 0.0087520 secs] [Times: user=0.05 sys=0.00, real=0.01 secs] 
2014-07-16T14:12:29.902+0000: 560.090: [GC [PSYoungGen: 190758K->1440K(187200K)] 313382K->124184K(874176K), 0.0056070 secs] [Times: user=0.03 sys=0.00, real=0.01 secs] 
2014-07-16T14:12:30.568+0000: 560.756: [GC [PSYoungGen: 187168K->64K(189568K)] 309912K->123321K(876544K), 0.0077800 secs] [Times: user=0.05 sys=0.00, real=0.01 secs] 
2014-07-16T14:12:31.256+0000: 561.443: [GC [PSYoungGen: 189568K->1218K(191168K)] 312825K->124491K(878144K), 0.0066870 secs] [Times: user=0.04 sys=0.00, real=0.00 secs] 
2014-07-16T14:12:31.915+0000: 562.102: [GC [PSYoungGen: 190722K->1030K(229056K)] 313995K->124837K(916032K), 0.0074280 secs] [Times: user=0.04 sys=0.00, real=0.00 secs] 
2014-07-16T14:12:32.757+0000: 562.945: [GC [PSYoungGen: 228486K->726K(222912K)] 352293K->124613K(909888K), 0.0045290 secs] [Times: user=0.03 sys=0.00, real=0.00 secs] 
2014-07-16T14:12:33.540+0000: 563.727: [GC [PSYoungGen: 222870K->562K(217600K)] 346757K->124521K(904576K), 0.0049990 secs] [Times: user=0.03 sys=0.01, real=0.01 secs] 
2014-07-16T14:12:34.303+0000: 564.490: [GC [PSYoungGen: 217509K->1130K(213248K)] 341469K->125153K(900224K), 0.0064810 secs] [Times: user=0.03 sys=0.00, real=0.01 secs] 
2014-07-16T14:12:35.064+0000: 565.251: [GC [PSYoungGen: 213226K->958K(208320K)] 337249K->125101K(895296K), 0.0050100 secs] [Times: user=0.02 sys=0.00, real=0.00 secs] 
2014-07-16T14:12:35.813+0000: 566.000: [GC [PSYoungGen: 208318K->708K(203520K)] 332461K->124915K(890496K), 0.0083000 secs] [Times: user=0.05 sys=0.01, real=0.01 secs] 
2014-07-16T14:12:36.536+0000: 566.723: [GC [PSYoungGen: 203460K->1004K(199360K)] 327667K->125299K(886336K), 0.0073390 secs] [Times: user=0.05 sys=0.00, real=0.00 secs] 
2014-07-16T14:12:37.250+0000: 567.437: [GC [PSYoungGen: 199301K->998K(195072K)] 323597K->125381K(882048K), 0.0071430 secs] [Times: user=0.04 sys=0.00, real=0.01 secs] 
2014-07-16T14:12:37.952+0000: 568.139: [GC [PSYoungGen: 195011K->1026K(190976K)] 319394K->125513K(877952K), 0.0063070 secs] [Times: user=0.03 sys=0.00, real=0.01 secs] 
2014-07-16T14:12:38.699+0000: 568.886: [GC [PSYoungGen: 190890K->1040K(187008K)] 315378K->125583K(873984K), 0.0067780 secs] [Times: user=0.03 sys=0.01, real=0.01 secs] 
2014-07-16T14:12:39.441+0000: 569.628: [GC [PSYoungGen: 186960K->822K(182912K)] 311503K->125641K(869888K), 0.0046650 secs] [Times: user=0.03 sys=0.00, real=0.01 secs] 
2014-07-16T14:12:40.174+0000: 570.361: [GC [PSYoungGen: 182815K->1182K(179584K)] 307634K->126057K(866560K), 0.0058300 secs] [Times: user=0.03 sys=0.01, real=0.01 secs] 
2014-07-16T14:12:40.901+0000: 571.089: [GC [PSYoungGen: 179550K->954K(175744K)] 304425K->125991K(862720K), 0.0055270 secs] [Times: user=0.03 sys=0.01, real=0.01 secs] 
2014-07-16T14:12:41.645+0000: 571.832: [GC [PSYoungGen: 175738K->1150K(172416K)] 300775K->126243K(859392K), 0.0065850 secs] [Times: user=0.03 sys=0.00, real=0.00 secs] 
2014-07-16T14:12:42.274+0000: 572.461: [GC [PSYoungGen: 172414K->744K(168640K)] 297507K->125935K(855616K), 0.0042840 secs] [Times: user=0.02 sys=0.00, real=0.01 secs] 
2014-07-16T14:12:42.938+0000: 573.126: [GC [PSYoungGen: 168616K->722K(165376K)] 293807K->125993K(852352K), 0.0039650 secs] [Times: user=0.02 sys=0.00, real=0.00 secs] 
2014-07-16T14:12:43.533+0000: 573.720: [GC [PSYoungGen: 165330K->726K(162176K)] 290601K->126053K(849152K), 0.0078430 secs] [Times: user=0.04 sys=0.00, real=0.01 secs] 
2014-07-16T14:12:44.107+0000: 574.294: [GC [PSYoungGen: 162134K->886K(159232K)] 287461K->126293K(846208K), 0.0050870 secs] [Times: user=0.02 sys=0.00, real=0.00 secs] 
2014-07-16T14:12:44.663+0000: 574.850: [GC [PSYoungGen: 159222K->544K(155904K)] 284629K->126047K(842880K), 0.0057840 secs] [Times: user=0.04 sys=0.00, real=0.01 secs] 
2014-07-16T14:12:45.221+0000: 575.409: [GC [PSYoungGen: 155872K->730K(187200K)] 281375K->126305K(874176K), 0.0084030 secs] [Times: user=0.04 sys=0.00, real=0.01 secs] 
2014-07-16T14:12:45.886+0000: 576.073: [GC [PSYoungGen: 187162K->480K(183040K)] 312737K->126095K(870016K), 0.0049570 secs] [Times: user=0.02 sys=0.00, real=0.01 secs] 
2014-07-16T14:12:46.550+0000: 576.737: [GC [PSYoungGen: 183008K->794K(179584K)] 308623K->126505K(866560K), 0.0050260 secs] [Times: user=0.03 sys=0.00, real=0.00 secs] 
2014-07-16T14:12:47.193+0000: 577.380: [GC [PSYoungGen: 179537K->1376K(176512K)] 305249K->127175K(863488K), 0.0071990 secs] [Times: user=0.04 sys=0.00, real=0.01 secs] 
2014-07-16T14:12:47.835+0000: 578.023: [GC [PSYoungGen: 176473K->1258K(211456K)] 302273K->127129K(898432K), 0.0094930 secs] [Times: user=0.05 sys=0.00, real=0.01 secs] 
2014-07-16T14:12:48.564+0000: 578.751: [GC [PSYoungGen: 211423K->560K(214336K)] 337295K->127255K(901312K), 0.0065260 secs] [Times: user=0.03 sys=0.00, real=0.01 secs] 
2014-07-16T14:12:49.337+0000: 579.524: [GC [PSYoungGen: 214320K->900K(209920K)] 341015K->127667K(896896K), 0.0044610 secs] [Times: user=0.02 sys=0.00, real=0.00 secs] 
2014-07-16T14:12:50.089+0000: 580.276: [GC [PSYoungGen: 209860K->808K(205120K)] 336627K->127986K(892096K), 0.0026470 secs] [Times: user=0.01 sys=0.00, real=0.00 secs] 
2014-07-16T14:12:50.808+0000: 580.995: [GC [PSYoungGen: 205096K->990K(200832K)] 332274K->128224K(887808K), 0.0058480 secs] [Times: user=0.03 sys=0.00, real=0.00 secs] 
2014-07-16T14:12:51.520+0000: 581.708: [GC [PSYoungGen: 200798K->512K(195968K)] 328032K->127857K(882944K), 0.0031440 secs] [Times: user=0.02 sys=0.01, real=0.00 secs] 
2014-07-16T14:12:52.255+0000: 582.442: [GC [PSYoungGen: 195968K->1632K(192960K)] 323313K->129050K(879936K), 0.0065350 secs] [Times: user=0.03 sys=0.00, real=0.01 secs] 
2014-07-16T14:12:52.939+0000: 583.126: [GC [PSYoungGen: 192928K->790K(188096K)] 320346K->128328K(875072K), 0.0034240 secs] [Times: user=0.01 sys=0.00, real=0.00 secs] 
2014-07-16T14:12:53.607+0000: 583.794: [GC [PSYoungGen: 188054K->868K(184256K)] 315592K->128486K(871232K), 0.0059480 secs] [Times: user=0.04 sys=0.01, real=0.01 secs] 
2014-07-16T14:12:54.272+0000: 584.459: [GC [PSYoungGen: 184227K->836K(180480K)] 311845K->128542K(867456K), 0.0057930 secs] [Times: user=0.03 sys=0.00, real=0.01 secs] 
2014-07-16T14:12:54.913+0000: 585.100: [GC [PSYoungGen: 180413K->880K(176832K)] 308119K->128674K(863808K), 0.0038380 secs] [Times: user=0.01 sys=0.00, real=0.00 secs] 
2014-07-16T14:12:55.545+0000: 585.732: [GC [PSYoungGen: 176786K->1080K(173504K)] 304580K->128954K(860480K), 0.0033790 secs] [Times: user=0.02 sys=0.00, real=0.01 secs] 
2014-07-16T14:12:56.158+0000: 586.345: [GC [PSYoungGen: 173496K->1244K(170304K)] 301370K->129182K(857280K), 0.0060150 secs] [Times: user=0.03 sys=0.00, real=0.00 secs] 
2014-07-16T14:12:56.774+0000: 586.961: [GC [PSYoungGen: 170222K->1008K(166720K)] 298160K->129158K(853696K), 0.0027270 secs] [Times: user=0.02 sys=0.01, real=0.00 secs] 
2014-07-16T14:12:57.347+0000: 587.534: [GC [PSYoungGen: 166704K->576K(163072K)] 294854K->128838K(850048K), 0.0047160 secs] [Times: user=0.03 sys=0.00, real=0.01 secs] 
2014-07-16T14:12:57.951+0000: 588.138: [GC [PSYoungGen: 163072K->780K(160192K)] 291334K->129114K(847168K), 0.0084090 secs] [Times: user=0.05 sys=0.00, real=0.01 secs] 
2014-07-16T14:12:58.529+0000: 588.716: [GC [PSYoungGen: 160140K->936K(157312K)] 288474K->129350K(844288K), 0.0060420 secs] [Times: user=0.03 sys=0.00, real=0.00 secs] 
2014-07-16T14:12:59.087+0000: 589.274: [GC [PSYoungGen: 157258K->786K(154240K)] 285673K->129264K(841216K), 0.0057440 secs] [Times: user=0.03 sys=0.01, real=0.01 secs] 
2014-07-16T14:12:59.640+0000: 589.827: [GC [PSYoungGen: 154193K->940K(151552K)] 282672K->129530K(838528K), 0.0067860 secs] [Times: user=0.04 sys=0.00, real=0.00 secs] 
2014-07-16T14:13:00.201+0000: 590.388: [GC [PSYoungGen: 151532K->918K(148800K)] 280122K->129572K(835776K), 0.0047240 secs] [Times: user=0.02 sys=0.00, real=0.00 secs] 
2014-07-16T14:13:00.711+0000: 590.898: [GC [PSYoungGen: 148758K->662K(145856K)] 277412K->129380K(832832K), 0.0052640 secs] [Times: user=0.02 sys=0.00, real=0.00 secs] 
2014-07-16T14:13:01.235+0000: 591.423: [GC [PSYoungGen: 145814K->658K(143296K)] 274532K->129464K(830272K), 0.0040890 secs] [Times: user=0.02 sys=0.00, real=0.01 secs] 
2014-07-16T14:13:01.751+0000: 591.939: [GC [PSYoungGen: 143250K->944K(141056K)] 272056K->129806K(828032K), 0.0072560 secs] [Times: user=0.04 sys=0.00, real=0.01 secs] 
2014-07-16T14:13:02.264+0000: 592.451: [GC [PSYoungGen: 141040K->694K(168832K)] 269902K->129612K(855808K), 0.0073310 secs] [Times: user=0.04 sys=0.00, real=0.01 secs] 
2014-07-16T14:13:02.902+0000: 593.090: [GC [PSYoungGen: 168822K->1078K(199808K)] 297740K->130052K(886784K), 0.0074010 secs] [Times: user=0.04 sys=0.00, real=0.01 secs] 
2014-07-16T14:13:03.591+0000: 593.778: [GC [PSYoungGen: 199478K->794K(203200K)] 328452K->129856K(890176K), 0.0051180 secs] [Times: user=0.03 sys=0.00, real=0.00 secs] 
2014-07-16T14:13:04.412+0000: 594.599: [GC [PSYoungGen: 202586K->1150K(198528K)] 331648K->130300K(885504K), 0.0048070 secs] [Times: user=0.03 sys=0.00, real=0.00 secs] 
2014-07-16T14:13:05.204+0000: 595.391: [GC [PSYoungGen: 198500K->320K(193472K)] 327650K->129686K(880448K), 0.0031600 secs] [Times: user=0.02 sys=0.00, real=0.00 secs] 
2014-07-16T14:13:05.928+0000: 596.115: [GC [PSYoungGen: 193472K->1150K(190208K)] 322838K->130588K(877184K), 0.0030430 secs] [Times: user=0.02 sys=0.00, real=0.01 secs] 
2014-07-16T14:13:06.686+0000: 596.873: [GC [PSYoungGen: 190206K->1286K(186432K)] 319644K->131146K(873408K), 0.0099550 secs] [Times: user=0.06 sys=0.01, real=0.01 secs] 
2014-07-16T14:13:07.395+0000: 597.582: [GC [PSYoungGen: 186374K->1022K(182272K)] 316234K->130922K(869248K), 0.0050270 secs] [Times: user=0.01 sys=0.00, real=0.01 secs] 
2014-07-16T14:13:08.190+0000: 598.377: [GC [PSYoungGen: 182268K->640K(178176K)] 312169K->130612K(865152K), 0.0045210 secs] [Times: user=0.03 sys=0.00, real=0.00 secs] 
2014-07-16T14:13:08.831+0000: 599.019: [GC [PSYoungGen: 178176K->1032K(175040K)] 308148K->131084K(862016K), 0.0049930 secs] [Times: user=0.02 sys=0.00, real=0.00 secs] 
2014-07-16T14:13:09.506+0000: 599.693: [GC [PSYoungGen: 174984K->530K(171072K)] 305036K->130638K(858048K), 0.0055190 secs] [Times: user=0.02 sys=0.00, real=0.01 secs] 
2014-07-16T14:13:10.121+0000: 600.308: [GC [PSYoungGen: 171010K->940K(168064K)] 301118K->131128K(855040K), 0.0068310 secs] [Times: user=0.04 sys=0.00, real=0.00 secs] 
2014-07-16T14:13:10.725+0000: 600.912: [GC [PSYoungGen: 168044K->434K(164288K)] 298232K->130694K(851264K), 0.0037010 secs] [Times: user=0.02 sys=0.00, real=0.00 secs] 
2014-07-16T14:13:11.310+0000: 601.497: [GC [PSYoungGen: 164274K->876K(161600K)] 294534K->131200K(848576K), 0.0059620 secs] [Times: user=0.03 sys=0.00, real=0.00 secs] 
2014-07-16T14:13:11.899+0000: 602.087: [GC [PSYoungGen: 161580K->762K(158400K)] 291904K->131182K(845376K), 0.0033860 secs] [Times: user=0.02 sys=0.00, real=0.01 secs] 
2014-07-16T14:13:12.460+0000: 602.647: [GC [PSYoungGen: 158394K->576K(155264K)] 288814K->131068K(842240K), 0.0038560 secs] [Times: user=0.02 sys=0.00, real=0.01 secs] 
2014-07-16T14:13:13.075+0000: 603.262: [GC [PSYoungGen: 155259K->918K(152768K)] 285751K->131474K(839744K), 0.0057720 secs] [Times: user=0.03 sys=0.00, real=0.01 secs] 
2014-07-16T14:13:13.581+0000: 603.768: [GC [PSYoungGen: 152725K->716K(149824K)] 283281K->131344K(836800K), 0.0033250 secs] [Times: user=0.01 sys=0.00, real=0.00 secs] 
2014-07-16T14:13:14.109+0000: 604.297: [GC [PSYoungGen: 149772K->652K(147072K)] 280400K->131344K(834048K), 0.0060930 secs] [Times: user=0.04 sys=0.00, real=0.01 secs] 
2014-07-16T14:13:14.648+0000: 604.835: [GC [PSYoungGen: 147020K->672K(144448K)] 277712K->131452K(831424K), 0.0031900 secs] [Times: user=0.02 sys=0.00, real=0.01 secs] 
2014-07-16T14:13:15.174+0000: 605.361: [GC [PSYoungGen: 144416K->780K(142016K)] 275196K->131600K(828992K), 0.0076800 secs] [Times: user=0.04 sys=0.00, real=0.01 secs] 
2014-07-16T14:13:15.689+0000: 605.877: [GC [PSYoungGen: 141964K->630K(139328K)] 272784K->131538K(826304K), 0.0049630 secs] [Times: user=0.03 sys=0.00, real=0.01 secs] 
2014-07-16T14:13:16.173+0000: 606.360: [GC [PSYoungGen: 139316K->726K(137088K)] 270225K->131722K(824064K), 0.0029920 secs] [Times: user=0.01 sys=0.00, real=0.00 secs] 
2014-07-16T14:13:16.671+0000: 606.858: [GC [PSYoungGen: 137046K->626K(134656K)] 268042K->131686K(821632K), 0.0052360 secs] [Times: user=0.03 sys=0.00, real=0.01 secs] 
2014-07-16T14:13:17.144+0000: 607.332: [GC [PSYoungGen: 134642K->562K(132352K)] 265702K->131694K(819328K), 0.0067970 secs] [Times: user=0.04 sys=0.00, real=0.01 secs] 
2014-07-16T14:13:17.614+0000: 607.801: [GC [PSYoungGen: 132338K->594K(130240K)] 263470K->131798K(817216K), 0.0040190 secs] [Times: user=0.03 sys=0.00, real=0.00 secs] 
2014-07-16T14:13:18.124+0000: 608.312: [GC [PSYoungGen: 130178K->1146K(156672K)] 261382K->132478K(843648K), 0.0129300 secs] [Times: user=0.08 sys=0.00, real=0.01 secs] 
2014-07-16T14:13:18.621+0000: 608.808: [GC [PSYoungGen: 156636K->1194K(187840K)] 287968K->132622K(874816K), 0.0069500 secs] [Times: user=0.05 sys=0.00, real=0.00 secs] 
2014-07-16T14:13:19.307+0000: 609.495: [GC [PSYoungGen: 187818K->370K(188032K)] 319246K->132780K(875008K), 0.0098460 secs] [Times: user=0.06 sys=0.00, real=0.01 secs] 
2014-07-16T14:13:19.986+0000: 610.173: [GC [PSYoungGen: 188018K->1574K(189248K)] 320428K->134048K(876224K), 0.0033690 secs] [Times: user=0.01 sys=0.00, real=0.00 secs] 
2014-07-16T14:13:20.760+0000: 610.947: [GC [PSYoungGen: 189222K->958K(226752K)] 321696K->133792K(913728K), 0.0055830 secs] [Times: user=0.03 sys=0.00, real=0.01 secs] 
2014-07-16T14:13:21.615+0000: 611.802: [GC [PSYoungGen: 226140K->640K(220608K)] 358975K->133570K(907584K), 0.0034030 secs] [Times: user=0.02 sys=0.00, real=0.00 secs] 
2014-07-16T14:13:22.510+0000: 612.697: [GC [PSYoungGen: 220608K->1186K(216128K)] 353538K->134196K(903104K), 0.0058980 secs] [Times: user=0.04 sys=0.00, real=0.01 secs] 
2014-07-16T14:13:23.401+0000: 613.589: [GC [PSYoungGen: 216098K->1036K(211136K)] 349108K->134134K(898112K), 0.0043700 secs] [Times: user=0.02 sys=0.00, real=0.01 secs] 
2014-07-16T14:13:24.242+0000: 614.429: [GC [PSYoungGen: 211084K->826K(206208K)] 344182K->133996K(893184K), 0.0047960 secs] [Times: user=0.01 sys=0.00, real=0.00 secs] 
2014-07-16T14:13:25.004+0000: 615.192: [GC [PSYoungGen: 206202K->754K(201600K)] 339372K->133996K(888576K), 0.0080470 secs] [Times: user=0.05 sys=0.00, real=0.01 secs] 
2014-07-16T14:13:25.779+0000: 615.966: [GC [PSYoungGen: 201536K->872K(197376K)] 334778K->134194K(884352K), 0.0050000 secs] [Times: user=0.03 sys=0.00, real=0.01 secs] 
2014-07-16T14:13:26.470+0000: 616.657: [GC [PSYoungGen: 197352K->1198K(193472K)] 330674K->134576K(880448K), 0.0073620 secs] [Times: user=0.04 sys=0.00, real=0.01 secs] 
2014-07-16T14:13:27.166+0000: 617.353: [GC [PSYoungGen: 193444K->658K(188864K)] 326822K->134124K(875840K), 0.0032390 secs] [Times: user=0.02 sys=0.00, real=0.00 secs] 
2014-07-16T14:13:27.828+0000: 618.016: [GC [PSYoungGen: 188818K->644K(184896K)] 322284K->134174K(871872K), 0.0047090 secs] [Times: user=0.02 sys=0.00, real=0.01 secs] 
2014-07-16T14:13:28.490+0000: 618.677: [GC [PSYoungGen: 184823K->894K(181312K)] 318354K->134488K(868288K), 0.0046830 secs] [Times: user=0.01 sys=0.00, real=0.01 secs] 
2014-07-16T14:13:29.140+0000: 619.327: [GC [PSYoungGen: 181309K->1040K(177792K)] 314904K->134722K(864768K), 0.0056190 secs] [Times: user=0.03 sys=0.00, real=0.01 secs] 
2014-07-16T14:13:29.769+0000: 619.957: [GC [PSYoungGen: 177744K->780K(173952K)] 311426K->134542K(860928K), 0.0058140 secs] [Times: user=0.04 sys=0.00, real=0.01 secs] 
2014-07-16T14:13:30.395+0000: 620.582: [GC [PSYoungGen: 173892K->584K(170304K)] 307654K->134410K(857280K), 0.0046370 secs] [Times: user=0.03 sys=0.00, real=0.00 secs] 
2014-07-16T14:13:31.011+0000: 621.198: [GC [PSYoungGen: 170248K->886K(167232K)] 304074K->134768K(854208K), 0.0091460 secs] [Times: user=0.05 sys=0.01, real=0.01 secs] 
2014-07-16T14:13:31.629+0000: 621.816: [GC [PSYoungGen: 167222K->1290K(164480K)] 301104K->135236K(851456K), 0.0032750 secs] [Times: user=0.01 sys=0.00, real=0.00 secs] 
2014-07-16T14:13:32.212+0000: 622.399: [GC [PSYoungGen: 164390K->598K(160640K)] 298337K->134640K(847616K), 0.0039130 secs] [Times: user=0.02 sys=0.00, real=0.01 secs] 
2014-07-16T14:13:32.778+0000: 622.966: [GC [PSYoungGen: 160597K->512K(157504K)] 294639K->134650K(844480K), 0.0040210 secs] [Times: user=0.03 sys=0.00, real=0.00 secs] 
2014-07-16T14:13:33.358+0000: 623.545: [GC [PSYoungGen: 157504K->944K(155008K)] 291642K->135178K(841984K), 0.0034750 secs] [Times: user=0.01 sys=0.01, real=0.00 secs] 
2014-07-16T14:13:33.897+0000: 624.084: [GC [PSYoungGen: 154965K->962K(152192K)] 289200K->135284K(839168K), 0.0049270 secs] [Times: user=0.03 sys=0.00, real=0.00 secs] 
2014-07-16T14:13:34.456+0000: 624.643: [GC [PSYoungGen: 152130K->758K(149184K)] 286452K->135160K(836160K), 0.0034370 secs] [Times: user=0.02 sys=0.00, real=0.00 secs] 
2014-07-16T14:13:34.988+0000: 625.175: [GC [PSYoungGen: 149174K->1212K(146944K)] 283576K->135686K(833920K), 0.0054600 secs] [Times: user=0.04 sys=0.00, real=0.01 secs] 
2014-07-16T14:13:35.506+0000: 625.693: [GC [PSYoungGen: 146919K->658K(143808K)] 281393K->135212K(830784K), 0.0044120 secs] [Times: user=0.02 sys=0.00, real=0.00 secs] 
2014-07-16T14:13:36.013+0000: 626.200: [GC [PSYoungGen: 143762K->754K(141376K)] 278316K->135380K(828352K), 0.0039090 secs] [Times: user=0.02 sys=0.00, real=0.01 secs] 
2014-07-16T14:13:36.532+0000: 626.720: [GC [PSYoungGen: 141362K->762K(138944K)] 275988K->135452K(825920K), 0.0038260 secs] [Times: user=0.02 sys=0.01, real=0.01 secs] 
2014-07-16T14:13:37.036+0000: 627.224: [GC [PSYoungGen: 138938K->730K(136576K)] 273628K->135476K(823552K), 0.0037360 secs] [Times: user=0.01 sys=0.00, real=0.00 secs] 
2014-07-16T14:13:37.533+0000: 627.720: [GC [PSYoungGen: 136538K->1012K(134528K)] 271284K->135830K(821504K), 0.0043740 secs] [Times: user=0.03 sys=0.00, real=0.01 secs] 
2014-07-16T14:13:38.016+0000: 628.203: [GC [PSYoungGen: 134516K->676K(131968K)] 269334K->135542K(818944K), 0.0068540 secs] [Times: user=0.03 sys=0.00, real=0.00 secs] 
2014-07-16T14:13:38.513+0000: 628.700: [GC [PSYoungGen: 131940K->1126K(130240K)] 266806K->136056K(817216K), 0.0043390 secs] [Times: user=0.03 sys=0.00, real=0.01 secs] 
2014-07-16T14:13:38.981+0000: 629.168: [GC [PSYoungGen: 130212K->530K(127552K)] 265142K->135532K(814528K), 0.0050010 secs] [Times: user=0.02 sys=0.00, real=0.01 secs] 
2014-07-16T14:13:39.436+0000: 629.623: [GC [PSYoungGen: 127506K->1126K(153536K)] 262508K->136258K(840512K), 0.0058510 secs] [Times: user=0.03 sys=0.00, real=0.00 secs] 
2014-07-16T14:13:39.989+0000: 630.176: [GC [PSYoungGen: 153485K->748K(183680K)] 288618K->135944K(870656K), 0.0061040 secs] [Times: user=0.03 sys=0.01, real=0.01 secs] 
2014-07-16T14:13:40.643+0000: 630.830: [GC [PSYoungGen: 183660K->498K(179648K)] 318856K->135766K(866624K), 0.0036170 secs] [Times: user=0.01 sys=0.00, real=0.01 secs] 
2014-07-16T14:13:41.287+0000: 631.474: [GC [PSYoungGen: 179613K->1412K(176960K)] 314882K->136768K(863936K), 0.0048610 secs] [Times: user=0.03 sys=0.00, real=0.00 secs] 
2014-07-16T14:13:41.910+0000: 632.097: [GC [PSYoungGen: 176855K->994K(172992K)] 312211K->136430K(859968K), 0.0024500 secs] [Times: user=0.01 sys=0.00, real=0.00 secs] 
2014-07-16T14:13:42.529+0000: 632.716: [GC [PSYoungGen: 172962K->812K(169408K)] 308398K->136320K(856384K), 0.0078070 secs] [Times: user=0.05 sys=0.00, real=0.01 secs] 
2014-07-16T14:13:43.135+0000: 633.322: [GC [PSYoungGen: 169345K->676K(165952K)] 304854K->136256K(852928K), 0.0029660 secs] [Times: user=0.01 sys=0.01, real=0.01 secs] 
2014-07-16T14:13:43.715+0000: 633.902: [GC [PSYoungGen: 165924K->922K(163008K)] 301504K->136574K(849984K), 0.0051200 secs] [Times: user=0.03 sys=0.00, real=0.01 secs] 
2014-07-16T14:13:44.294+0000: 634.481: [GC [PSYoungGen: 162970K->844K(159872K)] 298622K->136552K(846848K), 0.0085390 secs] [Times: user=0.06 sys=0.00, real=0.01 secs] 
2014-07-16T14:13:44.869+0000: 635.056: [GC [PSYoungGen: 159820K->776K(156800K)] 295528K->136580K(843776K), 0.0039550 secs] [Times: user=0.02 sys=0.00, real=0.00 secs] 
2014-07-16T14:13:45.432+0000: 635.619: [GC [PSYoungGen: 156657K->844K(153984K)] 292461K->136720K(840960K), 0.0036870 secs] [Times: user=0.02 sys=0.00, real=0.01 secs] 
2014-07-16T14:13:45.986+0000: 636.173: [GC [PSYoungGen: 153919K->766K(151040K)] 289795K->136714K(838016K), 0.0062360 secs] [Times: user=0.04 sys=0.00, real=0.00 secs] 
2014-07-16T14:13:46.521+0000: 636.708: [GC [PSYoungGen: 151038K->448K(147968K)] 286986K->136468K(834944K), 0.0033920 secs] [Times: user=0.02 sys=0.00, real=0.00 secs] 
2014-07-16T14:13:47.067+0000: 637.254: [GC [PSYoungGen: 147968K->772K(145728K)] 283988K->136920K(832704K), 0.0039920 secs] [Times: user=0.02 sys=0.00, real=0.00 secs] 
2014-07-16T14:13:47.576+0000: 637.763: [GC [PSYoungGen: 145668K->630K(142976K)] 281816K->136858K(829952K), 0.0059970 secs] [Times: user=0.04 sys=0.00, real=0.00 secs] 
2014-07-16T14:13:48.089+0000: 638.276: [GC [PSYoungGen: 142966K->612K(140480K)] 279194K->136912K(827456K), 0.0034950 secs] [Times: user=0.02 sys=0.00, real=0.00 secs] 
2014-07-16T14:13:48.586+0000: 638.773: [GC [PSYoungGen: 140452K->1208K(138624K)] 276752K->137646K(825600K), 0.0033620 secs] [Times: user=0.02 sys=0.00, real=0.00 secs] 
2014-07-16T14:13:49.081+0000: 639.268: [GC [PSYoungGen: 138608K->730K(135808K)] 275046K->137248K(822784K), 0.0045620 secs] [Times: user=0.03 sys=0.00, real=0.01 secs] 
2014-07-16T14:13:49.560+0000: 639.747: [GC [PSYoungGen: 135770K->680K(133440K)] 272288K->137262K(820416K), 0.0046930 secs] [Times: user=0.02 sys=0.00, real=0.00 secs] 
2014-07-16T14:13:50.044+0000: 640.231: [GC [PSYoungGen: 133398K->904K(131456K)] 269981K->137558K(818432K), 0.0055360 secs] [Times: user=0.03 sys=0.00, real=0.01 secs] 
2014-07-16T14:13:50.507+0000: 640.695: [GC [PSYoungGen: 131319K->834K(129216K)] 267974K->137536K(816192K), 0.0038570 secs] [Times: user=0.01 sys=0.00, real=0.00 secs] 
2014-07-16T14:13:50.971+0000: 641.158: [GC [PSYoungGen: 129154K->1276K(127488K)] 265856K->138200K(814464K), 0.0034260 secs] [Times: user=0.01 sys=0.00, real=0.00 secs] 
2014-07-16T14:13:51.434+0000: 641.621: [GC [PSYoungGen: 127484K->442K(124608K)] 264408K->137682K(811584K), 0.0035060 secs] [Times: user=0.02 sys=0.01, real=0.01 secs] 
2014-07-16T14:13:51.860+0000: 642.047: [GC [PSYoungGen: 124602K->1122K(123328K)] 261842K->138410K(810304K), 0.0040730 secs] [Times: user=0.01 sys=0.00, real=0.00 secs] 
2014-07-16T14:13:52.303+0000: 642.490: [GC [PSYoungGen: 123298K->1294K(121600K)] 260586K->138820K(808576K), 0.0032720 secs] [Times: user=0.01 sys=0.00, real=0.01 secs] 
2014-07-16T14:13:52.737+0000: 642.924: [GC [PSYoungGen: 121505K->1026K(119488K)] 259032K->138616K(806464K), 0.0033800 secs] [Times: user=0.02 sys=0.00, real=0.00 secs] 
2014-07-16T14:13:53.161+0000: 643.348: [GC [PSYoungGen: 119426K->830K(117376K)] 257016K->138468K(804352K), 0.0069300 secs] [Times: user=0.04 sys=0.00, real=0.01 secs] 
2014-07-16T14:13:53.620+0000: 643.807: [GC [PSYoungGen: 117374K->726K(140672K)] 255012K->138436K(827648K), 0.0069510 secs] [Times: user=0.04 sys=0.01, real=0.01 secs] 
2014-07-16T14:13:54.124+0000: 644.311: [GC [PSYoungGen: 140630K->1022K(138496K)] 278340K->138812K(825472K), 0.0031130 secs] [Times: user=0.01 sys=0.00, real=0.01 secs] 
2014-07-16T14:13:54.633+0000: 644.820: [GC [PSYoungGen: 138494K->972K(136128K)] 276284K->138842K(823104K), 0.0051880 secs] [Times: user=0.03 sys=0.00, real=0.01 secs] 
2014-07-16T14:13:55.121+0000: 645.308: [GC [PSYoungGen: 136076K->958K(163136K)] 273946K->139116K(850112K), 0.0058590 secs] [Times: user=0.04 sys=0.00, real=0.01 secs] 
2014-07-16T14:13:55.703+0000: 645.890: [GC [PSYoungGen: 163134K->658K(159808K)] 301292K->138864K(846784K), 0.0046090 secs] [Times: user=0.01 sys=0.00, real=0.01 secs] 
2014-07-16T14:13:56.283+0000: 646.470: [GC [PSYoungGen: 159762K->630K(156736K)] 297968K->138916K(843712K), 0.0035800 secs] [Times: user=0.01 sys=0.01, real=0.01 secs] 
2014-07-16T14:13:56.857+0000: 647.044: [GC [PSYoungGen: 156726K->434K(153600K)] 295012K->138776K(840576K), 0.0056690 secs] [Times: user=0.03 sys=0.00, real=0.01 secs] 
2014-07-16T14:13:57.399+0000: 647.586: [GC [PSYoungGen: 153586K->926K(184768K)] 291928K->139340K(871744K), 0.0090190 secs] [Times: user=0.05 sys=0.01, real=0.01 secs] 
2014-07-16T14:13:58.066+0000: 648.253: [GC [PSYoungGen: 184734K->548K(180608K)] 323148K->139026K(867584K), 0.0041570 secs] [Times: user=0.01 sys=0.00, real=0.01 secs] 
2014-07-16T14:13:58.710+0000: 648.898: [GC [PSYoungGen: 180579K->1048K(177472K)] 319057K->139614K(864448K), 0.0067620 secs] [Times: user=0.04 sys=0.00, real=0.01 secs] 
2014-07-16T14:13:59.345+0000: 649.532: [GC [PSYoungGen: 177432K->648K(173568K)] 315998K->139310K(860544K), 0.0049950 secs] [Times: user=0.03 sys=0.00, real=0.01 secs] 
2014-07-16T14:13:59.973+0000: 650.160: [GC [PSYoungGen: 173485K->1076K(170496K)] 312148K->139818K(857472K), 0.0043950 secs] [Times: user=0.02 sys=0.00, real=0.01 secs] 
2014-07-16T14:14:00.563+0000: 650.751: [GC [PSYoungGen: 170484K->1130K(167232K)] 309226K->139944K(854208K), 0.0048590 secs] [Times: user=0.03 sys=0.00, real=0.01 secs] 
2014-07-16T14:14:01.163+0000: 651.350: [GC [PSYoungGen: 167210K->580K(163520K)] 306024K->139442K(850496K), 0.0043790 secs] [Times: user=0.02 sys=0.00, real=0.01 secs] 
2014-07-16T14:14:01.757+0000: 651.944: [GC [PSYoungGen: 163460K->498K(160256K)] 302322K->139424K(847232K), 0.0053980 secs] [Times: user=0.03 sys=0.00, real=0.00 secs] 
2014-07-16T14:14:02.328+0000: 652.515: [GC [PSYoungGen: 160242K->790K(157568K)] 299168K->139812K(844544K), 0.0037530 secs] [Times: user=0.02 sys=0.00, real=0.00 secs] 
2014-07-16T14:14:02.896+0000: 653.084: [GC [PSYoungGen: 157526K->744K(154560K)] 296548K->139854K(841536K), 0.0046030 secs] [Times: user=0.03 sys=0.00, real=0.01 secs] 
2014-07-16T14:14:03.483+0000: 653.670: [GC [PSYoungGen: 154536K->848K(151872K)] 293646K->140014K(838848K), 0.0061630 secs] [Times: user=0.03 sys=0.00, real=0.01 secs] 
2014-07-16T14:14:04.011+0000: 654.198: [GC [PSYoungGen: 151824K->858K(149120K)] 290990K->140096K(836096K), 0.0038700 secs] [Times: user=0.02 sys=0.00, real=0.00 secs] 
2014-07-16T14:14:04.562+0000: 654.749: [GC [PSYoungGen: 149076K->712K(146304K)] 288315K->140014K(833280K), 0.0063610 secs] [Times: user=0.03 sys=0.00, real=0.01 secs] 
2014-07-16T14:14:05.069+0000: 655.256: [GC [PSYoungGen: 146248K->740K(143680K)] 285550K->140106K(830656K), 0.0039330 secs] [Times: user=0.02 sys=0.00, real=0.00 secs] 
2014-07-16T14:14:05.607+0000: 655.794: [GC [PSYoungGen: 143652K->972K(141440K)] 283018K->140386K(828416K), 0.0056760 secs] [Times: user=0.03 sys=0.00, real=0.01 secs] 
2014-07-16T14:14:06.126+0000: 656.313: [GC [PSYoungGen: 141388K->544K(138560K)] 280802K->140006K(825536K), 0.0056440 secs] [Times: user=0.03 sys=0.00, real=0.01 secs] 
2014-07-16T14:14:06.646+0000: 656.833: [GC [PSYoungGen: 138528K->676K(136320K)] 277990K->140202K(823296K), 0.0030580 secs] [Times: user=0.01 sys=0.00, real=0.01 secs] 
2014-07-16T14:14:07.145+0000: 657.333: [GC [PSYoungGen: 136292K->1094K(134464K)] 275818K->140708K(821440K), 0.0060720 secs] [Times: user=0.03 sys=0.00, real=0.01 secs] 
2014-07-16T14:14:07.611+0000: 657.798: [GC [PSYoungGen: 134406K->658K(131776K)] 274020K->140344K(818752K), 0.0028540 secs] [Times: user=0.02 sys=0.00, real=0.00 secs] 
2014-07-16T14:14:08.098+0000: 658.285: [GC [PSYoungGen: 131730K->762K(129664K)] 271416K->140520K(816640K), 0.0034020 secs] [Times: user=0.01 sys=0.00, real=0.01 secs] 
2014-07-16T14:14:08.611+0000: 658.799: [GC [PSYoungGen: 129658K->932K(127744K)] 269416K->140754K(814720K), 0.0057550 secs] [Times: user=0.03 sys=0.01, real=0.00 secs] 
2014-07-16T14:14:09.064+0000: 659.251: [GC [PSYoungGen: 127716K->844K(125632K)] 267538K->140754K(812608K), 0.0046090 secs] [Times: user=0.03 sys=0.00, real=0.00 secs] 
2014-07-16T14:14:09.507+0000: 659.694: [GC [PSYoungGen: 125548K->752K(123520K)] 265458K->141058K(810496K), 0.0038790 secs] [Times: user=0.02 sys=0.00, real=0.01 secs] 
2014-07-16T14:14:09.973+0000: 660.160: [GC [PSYoungGen: 123504K->1222K(122112K)] 263810K->141616K(809088K), 0.0043420 secs] [Times: user=0.03 sys=0.00, real=0.00 secs] 
2014-07-16T14:14:10.404+0000: 660.591: [GC [PSYoungGen: 122054K->690K(119616K)] 262448K->141216K(806592K), 0.0042540 secs] [Times: user=0.02 sys=0.00, real=0.00 secs] 
2014-07-16T14:14:10.821+0000: 661.008: [GC [PSYoungGen: 119580K->1098K(143872K)] 260107K->141681K(830848K), 0.0084530 secs] [Times: user=0.04 sys=0.00, real=0.01 secs] 
2014-07-16T14:14:11.328+0000: 661.516: [GC [PSYoungGen: 143818K->772K(172096K)] 284401K->141410K(859072K), 0.0033970 secs] [Times: user=0.01 sys=0.00, real=0.01 secs] 
2014-07-16T14:14:11.957+0000: 662.144: [GC [PSYoungGen: 172036K->1390K(169280K)] 312674K->142093K(856256K), 0.0046310 secs] [Times: user=0.03 sys=0.00, real=0.01 secs] 
2014-07-16T14:14:12.560+0000: 662.747: [GC [PSYoungGen: 169262K->626K(165248K)] 309965K->141424K(852224K), 0.0041940 secs] [Times: user=0.03 sys=0.00, real=0.00 secs] 
2014-07-16T14:14:13.146+0000: 663.333: [GC [PSYoungGen: 165234K->580K(162048K)] 306032K->141426K(849024K), 0.0060040 secs] [Times: user=0.04 sys=0.00, real=0.01 secs] 
2014-07-16T14:14:13.729+0000: 663.916: [GC [PSYoungGen: 161961K->912K(159296K)] 302808K->141846K(846272K), 0.0040370 secs] [Times: user=0.02 sys=0.00, real=0.01 secs] 
2014-07-16T14:14:14.304+0000: 664.491: [GC [PSYoungGen: 159224K->898K(156288K)] 300158K->141913K(843264K), 0.0036920 secs] [Times: user=0.02 sys=0.00, real=0.00 secs] 
2014-07-16T14:14:14.867+0000: 665.054: [GC [PSYoungGen: 156226K->818K(153280K)] 297241K->141944K(840256K), 0.0044200 secs] [Times: user=0.03 sys=0.00, real=0.01 secs] 
2014-07-16T14:14:15.424+0000: 665.611: [GC [PSYoungGen: 153266K->882K(150528K)] 294392K->142104K(837504K), 0.0070820 secs] [Times: user=0.05 sys=0.00, real=0.01 secs] 
2014-07-16T14:14:15.971+0000: 666.159: [GC [PSYoungGen: 150514K->862K(147840K)] 291736K->142156K(834816K), 0.0070920 secs] [Times: user=0.05 sys=0.00, real=0.00 secs] 
2014-07-16T14:14:16.477+0000: 666.664: [GC [PSYoungGen: 147806K->626K(144960K)] 289100K->142008K(831936K), 0.0043950 secs] [Times: user=0.02 sys=0.01, real=0.01 secs] 
2014-07-16T14:14:16.998+0000: 667.185: [GC [PSYoungGen: 144946K->776K(142592K)] 286328K->142230K(829568K), 0.0029660 secs] [Times: user=0.01 sys=0.00, real=0.01 secs] 
2014-07-16T14:14:17.512+0000: 667.699: [GC [PSYoungGen: 142536K->840K(140160K)] 283990K->142398K(827136K), 0.0058050 secs] [Times: user=0.04 sys=0.00, real=0.00 secs] 
2014-07-16T14:14:18.030+0000: 668.217: [GC [PSYoungGen: 140104K->894K(137728K)] 281662K->142572K(824704K), 0.0045310 secs] [Times: user=0.03 sys=0.00, real=0.00 secs] 
2014-07-16T14:14:18.584+0000: 668.771: [GC [PSYoungGen: 137726K->1278K(135744K)] 279404K->143108K(822720K), 0.0037300 secs] [Times: user=0.02 sys=0.00, real=0.00 secs] 
2014-07-16T14:14:19.051+0000: 669.238: [GC [PSYoungGen: 135742K->434K(132608K)] 277572K->142504K(819584K), 0.0057400 secs] [Times: user=0.03 sys=0.00, real=0.00 secs] 
2014-07-16T14:14:19.524+0000: 669.711: [GC [PSYoungGen: 132593K->1372K(131392K)] 274664K->143597K(818368K), 0.0060050 secs] [Times: user=0.04 sys=0.00, real=0.01 secs] 
2014-07-16T14:14:19.987+0000: 670.174: [GC [PSYoungGen: 131345K->912K(156992K)] 273570K->143224K(843968K), 0.0063270 secs] [Times: user=0.04 sys=0.00, real=0.01 secs] 
2014-07-16T14:14:20.548+0000: 670.735: [GC [PSYoungGen: 156944K->612K(169664K)] 299256K->143012K(856640K), 0.0062230 secs] [Times: user=0.04 sys=0.01, real=0.01 secs] 
2014-07-16T14:14:21.141+0000: 671.329: [GC [PSYoungGen: 168740K->1090K(188800K)] 311140K->143587K(875776K), 0.0054260 secs] [Times: user=0.03 sys=0.00, real=0.00 secs] 
2014-07-16T14:14:21.815+0000: 672.002: [GC [PSYoungGen: 188339K->898K(184320K)] 330836K->143467K(871296K), 0.0042760 secs] [Times: user=0.03 sys=0.00, real=0.00 secs] 
2014-07-16T14:14:22.470+0000: 672.657: [GC [PSYoungGen: 184251K->620K(180224K)] 326820K->143377K(867200K), 0.0053330 secs] [Times: user=0.03 sys=0.00, real=0.01 secs] 
2014-07-16T14:14:23.120+0000: 673.308: [GC [PSYoungGen: 180175K->694K(176640K)] 322932K->143531K(863616K), 0.0041860 secs] [Times: user=0.02 sys=0.01, real=0.01 secs] 
2014-07-16T14:14:23.749+0000: 673.937: [GC [PSYoungGen: 176617K->880K(173312K)] 319454K->143797K(860288K), 0.0075900 secs] [Times: user=0.05 sys=0.00, real=0.01 secs] 
2014-07-16T14:14:24.369+0000: 674.556: [GC [PSYoungGen: 173296K->576K(169600K)] 316213K->143580K(856576K), 0.0035030 secs] [Times: user=0.02 sys=0.00, real=0.01 secs] 
2014-07-16T14:14:24.982+0000: 675.169: [GC [PSYoungGen: 169600K->480K(166208K)] 312604K->143532K(853184K), 0.0064470 secs] [Times: user=0.04 sys=0.00, real=0.00 secs] 
2014-07-16T14:14:25.579+0000: 675.766: [GC [PSYoungGen: 166176K->858K(163392K)] 309228K->143991K(850368K), 0.0043120 secs] [Times: user=0.02 sys=0.01, real=0.01 secs] 
2014-07-16T14:14:26.190+0000: 676.377: [GC [PSYoungGen: 163354K->1316K(160704K)] 306487K->144717K(847680K), 0.0079750 secs] [Times: user=0.04 sys=0.00, real=0.01 secs] 
2014-07-16T14:14:26.736+0000: 676.923: [GC [PSYoungGen: 160676K->1390K(157760K)] 304077K->144871K(844736K), 0.0036780 secs] [Times: user=0.02 sys=0.01, real=0.00 secs] 
2014-07-16T14:14:27.283+0000: 677.470: [GC [PSYoungGen: 157732K->502K(153920K)] 301213K->144209K(840896K), 0.0076000 secs] [Times: user=0.04 sys=0.00, real=0.00 secs] 
2014-07-16T14:14:27.821+0000: 678.008: [GC [PSYoungGen: 153910K->1134K(182784K)] 297617K->144897K(869760K), 0.0059020 secs] [Times: user=0.04 sys=0.00, real=0.00 secs] 
2014-07-16T14:14:28.487+0000: 678.674: [GC [PSYoungGen: 182252K->784K(178240K)] 326015K->144669K(865216K), 0.0052420 secs] [Times: user=0.03 sys=0.00, real=0.01 secs] 
2014-07-16T14:14:29.158+0000: 679.345: [GC [PSYoungGen: 178192K->1072K(174912K)] 322077K->145053K(861888K), 0.0048860 secs] [Times: user=0.02 sys=0.00, real=0.01 secs] 
2014-07-16T14:14:29.770+0000: 679.957: [GC [PSYoungGen: 174896K->1466K(171840K)] 318877K->145511K(858816K), 0.0066050 secs] [Times: user=0.05 sys=0.00, real=0.01 secs] 
2014-07-16T14:14:30.382+0000: 680.570: [GC [PSYoungGen: 171834K->1018K(168064K)] 315879K->145135K(855040K), 0.0061620 secs] [Times: user=0.04 sys=0.00, real=0.00 secs] 
2014-07-16T14:14:30.991+0000: 681.178: [GC [PSYoungGen: 168057K->1016K(164800K)] 312174K->145261K(851776K), 0.0041350 secs] [Times: user=0.02 sys=0.00, real=0.01 secs] 
2014-07-16T14:14:31.586+0000: 681.773: [GC [PSYoungGen: 164792K->762K(161408K)] 309037K->145103K(848384K), 0.0059280 secs] [Times: user=0.03 sys=0.00, real=0.00 secs] 
2014-07-16T14:14:32.171+0000: 682.358: [GC [PSYoungGen: 161402K->512K(158080K)] 305743K->144916K(845056K), 0.0042000 secs] [Times: user=0.01 sys=0.00, real=0.01 secs] 
2014-07-16T14:14:32.731+0000: 682.918: [GC [PSYoungGen: 158053K->662K(155328K)] 302458K->145171K(842304K), 0.0041440 secs] [Times: user=0.03 sys=0.00, real=0.01 secs] 
2014-07-16T14:14:33.279+0000: 683.466: [GC [PSYoungGen: 155286K->288K(152064K)] 299795K->144844K(839040K), 0.0030380 secs] [Times: user=0.02 sys=0.00, real=0.01 secs] 
2014-07-16T14:14:33.843+0000: 684.030: [GC [PSYoungGen: 152032K->1112K(150144K)] 296588K->145741K(837120K), 0.0030080 secs] [Times: user=0.01 sys=0.00, real=0.00 secs] 
2014-07-16T14:14:34.364+0000: 684.552: [GC [PSYoungGen: 150104K->1400K(147712K)] 294733K->146093K(834688K), 0.0033210 secs] [Times: user=0.01 sys=0.01, real=0.00 secs] 
2014-07-16T14:14:34.884+0000: 685.071: [GC [PSYoungGen: 147704K->576K(144256K)] 292397K->145380K(831232K), 0.0049260 secs] [Times: user=0.03 sys=0.00, real=0.00 secs] 
2014-07-16T14:14:35.406+0000: 685.593: [GC [PSYoungGen: 144256K->722K(141888K)] 289060K->145615K(828864K), 0.0037460 secs] [Times: user=0.02 sys=0.00, real=0.00 secs] 
2014-07-16T14:14:35.938+0000: 686.125: [GC [PSYoungGen: 141842K->836K(139520K)] 286735K->145801K(826496K), 0.0031160 secs] [Times: user=0.02 sys=0.00, real=0.00 secs] 
2014-07-16T14:14:36.545+0000: 686.732: [GC [PSYoungGen: 139429K->630K(136896K)] 284394K->145643K(823872K), 0.0054720 secs] [Times: user=0.03 sys=0.00, real=0.00 secs] 
2014-07-16T14:14:37.110+0000: 687.298: [GC [PSYoungGen: 136886K->1484K(135488K)] 281899K->146577K(822464K), 0.0084360 secs] [Times: user=0.06 sys=0.00, real=0.01 secs] 
2014-07-16T14:14:37.706+0000: 687.893: [GC [PSYoungGen: 135435K->754K(132480K)] 280528K->145911K(819456K), 0.0062280 secs] [Times: user=0.04 sys=0.00, real=0.00 secs] 
2014-07-16T14:14:38.245+0000: 688.432: [GC [PSYoungGen: 132464K->704K(130240K)] 277621K->145972K(817216K), 0.0039390 secs] [Times: user=0.02 sys=0.00, real=0.00 secs] 
2014-07-16T14:14:38.887+0000: 689.074: [GC [PSYoungGen: 130240K->1592K(129024K)] 275508K->146917K(816000K), 0.0077020 secs] [Times: user=0.04 sys=0.00, real=0.01 secs] 
2014-07-16T14:14:39.377+0000: 689.565: [GC [PSYoungGen: 129016K->916K(126336K)] 274341K->146305K(813312K), 0.0059760 secs] [Times: user=0.03 sys=0.00, real=0.01 secs] 
2014-07-16T14:14:39.925+0000: 690.112: [GC [PSYoungGen: 126292K->1204K(151680K)] 271681K->146757K(838656K), 0.0060770 secs] [Times: user=0.03 sys=0.01, real=0.00 secs] 
2014-07-16T14:14:40.527+0000: 690.714: [GC [PSYoungGen: 151668K->952K(148672K)] 297221K->146545K(835648K), 0.0055630 secs] [Times: user=0.03 sys=0.00, real=0.00 secs] 
2014-07-16T14:14:41.124+0000: 691.311: [GC [PSYoungGen: 148664K->826K(145856K)] 294257K->146459K(832832K), 0.0048510 secs] [Times: user=0.02 sys=0.00, real=0.00 secs] 
2014-07-16T14:14:41.660+0000: 691.847: [GC [PSYoungGen: 145850K->982K(143488K)] 291483K->146687K(830464K), 0.0048820 secs] [Times: user=0.03 sys=0.00, real=0.01 secs] 
2014-07-16T14:14:42.165+0000: 692.352: [GC [PSYoungGen: 143446K->480K(140480K)] 289151K->146241K(827456K), 0.0056660 secs] [Times: user=0.03 sys=0.01, real=0.00 secs] 
2014-07-16T14:14:42.656+0000: 692.843: [GC [PSYoungGen: 140391K->1208K(138752K)] 286152K->147057K(825728K), 0.0047010 secs] [Times: user=0.03 sys=0.00, real=0.00 secs] 
2014-07-16T14:14:43.147+0000: 693.334: [GC [PSYoungGen: 138744K->576K(135744K)] 284593K->146481K(822720K), 0.0054530 secs] [Times: user=0.01 sys=0.00, real=0.00 secs] 
2014-07-16T14:14:43.645+0000: 693.833: [GC [PSYoungGen: 135744K->448K(133312K)] 281649K->146441K(820288K), 0.0046960 secs] [Times: user=0.03 sys=0.00, real=0.00 secs] 
2014-07-16T14:14:44.124+0000: 694.311: [GC [PSYoungGen: 133312K->626K(131264K)] 279305K->146675K(818240K), 0.0034150 secs] [Times: user=0.01 sys=0.00, real=0.01 secs] 
2014-07-16T14:14:44.598+0000: 694.785: [GC [PSYoungGen: 131231K->1030K(129536K)] 277280K->147143K(816512K), 0.0057080 secs] [Times: user=0.04 sys=0.00, real=0.00 secs] 
2014-07-16T14:14:45.061+0000: 695.249: [GC [PSYoungGen: 129477K->602K(154816K)] 275590K->146763K(841792K), 0.0068000 secs] [Times: user=0.04 sys=0.01, real=0.01 secs] 
2014-07-16T14:14:45.618+0000: 695.805: [GC [PSYoungGen: 154778K->1012K(152320K)] 300939K->147261K(839296K), 0.0037390 secs] [Times: user=0.03 sys=0.00, real=0.00 secs] 
2014-07-16T14:14:46.154+0000: 696.341: [GC [PSYoungGen: 152295K->944K(149504K)] 298545K->147265K(836480K), 0.0046070 secs] [Times: user=0.01 sys=0.00, real=0.00 secs] 
2014-07-16T14:14:46.686+0000: 696.873: [GC [PSYoungGen: 149488K->640K(146496K)] 295809K->147025K(833472K), 0.0037300 secs] [Times: user=0.02 sys=0.00, real=0.00 secs] 
2014-07-16T14:14:47.222+0000: 697.409: [GC [PSYoungGen: 146496K->840K(144128K)] 292881K->147281K(831104K), 0.0043460 secs] [Times: user=0.02 sys=0.00, real=0.01 secs] 
2014-07-16T14:14:47.733+0000: 697.920: [GC [PSYoungGen: 144072K->1108K(141888K)] 290513K->147629K(828864K), 0.0049930 secs] [Times: user=0.03 sys=0.00, real=0.01 secs] 
2014-07-16T14:14:48.246+0000: 698.433: [GC [PSYoungGen: 141826K->934K(139264K)] 288347K->147677K(826240K), 0.0053180 secs] [Times: user=0.04 sys=0.00, real=0.00 secs] 
2014-07-16T14:14:48.796+0000: 698.984: [GC [PSYoungGen: 139238K->1324K(137280K)] 285981K->148123K(824256K), 0.0049030 secs] [Times: user=0.02 sys=0.00, real=0.00 secs] 
2014-07-16T14:14:49.230+0000: 699.417: [GC [PSYoungGen: 137217K->830K(158464K)] 284016K->148209K(845440K), 0.0067790 secs] [Times: user=0.02 sys=0.00, real=0.01 secs] 
2014-07-16T14:14:49.791+0000: 699.978: [GC [PSYoungGen: 158462K->680K(159360K)] 305841K->148107K(846336K), 0.0049890 secs] [Times: user=0.02 sys=0.00, real=0.01 secs] 
2014-07-16T14:14:50.364+0000: 700.552: [GC [PSYoungGen: 158312K->1214K(155904K)] 305739K->148705K(842880K), 0.0056170 secs] [Times: user=0.03 sys=0.00, real=0.01 secs] 
2014-07-16T14:14:50.912+0000: 701.099: [GC [PSYoungGen: 155833K->836K(152704K)] 303324K->148423K(839680K), 0.0056010 secs] [Times: user=0.03 sys=0.00, real=0.01 secs] 
2014-07-16T14:14:51.446+0000: 701.633: [GC [PSYoungGen: 152644K->772K(149888K)] 300231K->148439K(836864K), 0.0040380 secs] [Times: user=0.02 sys=0.00, real=0.00 secs] 
2014-07-16T14:14:52.050+0000: 702.238: [GC [PSYoungGen: 149828K->658K(147072K)] 297495K->148349K(834048K), 0.0046050 secs] [Times: user=0.02 sys=0.00, real=0.01 secs] 
2014-07-16T14:14:52.590+0000: 702.777: [GC [PSYoungGen: 147026K->936K(144704K)] 294717K->148699K(831680K), 0.0062240 secs] [Times: user=0.03 sys=0.01, real=0.01 secs] 
2014-07-16T14:14:53.146+0000: 703.333: [GC [PSYoungGen: 144680K->1090K(142336K)] 292443K->148909K(829312K), 0.0037370 secs] [Times: user=0.01 sys=0.00, real=0.00 secs] 
2014-07-16T14:14:53.704+0000: 703.891: [GC [PSYoungGen: 142274K->1058K(139776K)] 290093K->148933K(826752K), 0.0069120 secs] [Times: user=0.05 sys=0.00, real=0.01 secs] 
2014-07-16T14:14:54.301+0000: 704.488: [GC [PSYoungGen: 139746K->822K(167296K)] 287621K->148753K(854272K), 0.0089630 secs] [Times: user=0.04 sys=0.01, real=0.01 secs] 
2014-07-16T14:14:54.944+0000: 705.132: [GC [PSYoungGen: 167286K->882K(164096K)] 315217K->148901K(851072K), 0.0032240 secs] [Times: user=0.01 sys=0.00, real=0.01 secs] 
2014-07-16T14:14:55.614+0000: 705.801: [GC [PSYoungGen: 164082K->872K(160960K)] 312101K->148971K(847936K), 0.0048810 secs] [Times: user=0.04 sys=0.00, real=0.01 secs] 
2014-07-16T14:14:56.225+0000: 706.412: [GC [PSYoungGen: 160887K->1164K(158272K)] 308987K->149327K(845248K), 0.0039740 secs] [Times: user=0.01 sys=0.00, real=0.01 secs] 
2014-07-16T14:14:56.806+0000: 706.993: [GC [PSYoungGen: 158220K->662K(154816K)] 306383K->148873K(841792K), 0.0070880 secs] [Times: user=0.04 sys=0.00, real=0.00 secs] 
2014-07-16T14:14:57.439+0000: 707.626: [GC [PSYoungGen: 154756K->1072K(183104K)] 302968K->149487K(870080K), 0.0091770 secs] [Times: user=0.05 sys=0.00, real=0.01 secs] 
2014-07-16T14:14:58.069+0000: 708.256: [GC [PSYoungGen: 183088K->640K(178944K)] 331503K->149111K(865920K), 0.0037460 secs] [Times: user=0.01 sys=0.00, real=0.00 secs] 
2014-07-16T14:14:58.712+0000: 708.899: [GC [PSYoungGen: 178920K->876K(175616K)] 327391K->149443K(862592K), 0.0047200 secs] [Times: user=0.03 sys=0.00, real=0.01 secs] 
2014-07-16T14:14:59.350+0000: 709.537: [GC [PSYoungGen: 175596K->416K(171648K)] 324163K->149047K(858624K), 0.0033060 secs] [Times: user=0.02 sys=0.00, real=0.00 secs] 
2014-07-16T14:14:59.971+0000: 710.158: [GC [PSYoungGen: 171616K->548K(168384K)] 320247K->149259K(855360K), 0.0029220 secs] [Times: user=0.01 sys=0.01, real=0.00 secs] 
2014-07-16T14:15:00.562+0000: 710.749: [GC [PSYoungGen: 168356K->566K(165120K)] 317067K->149341K(852096K), 0.0028650 secs] [Times: user=0.01 sys=0.00, real=0.00 secs] 
2014-07-16T14:15:01.162+0000: 711.349: [GC [PSYoungGen: 165110K->676K(162048K)] 313885K->149547K(849024K), 0.0053810 secs] [Times: user=0.03 sys=0.01, real=0.01 secs] 
2014-07-16T14:15:01.733+0000: 711.920: [GC [PSYoungGen: 162020K->666K(158976K)] 310891K->149585K(845952K), 0.0070000 secs] [Times: user=0.04 sys=0.00, real=0.01 secs] 
2014-07-16T14:15:02.285+0000: 712.473: [GC [PSYoungGen: 158938K->1198K(156480K)] 307857K->150181K(843456K), 0.0055000 secs] [Times: user=0.03 sys=0.00, real=0.01 secs] 
2014-07-16T14:15:02.855+0000: 713.042: [GC [PSYoungGen: 156462K->512K(152896K)] 305445K->149567K(839872K), 0.0035400 secs] [Times: user=0.02 sys=0.00, real=0.01 secs] 
2014-07-16T14:15:03.408+0000: 713.595: [GC [PSYoungGen: 152895K->1118K(150720K)] 301951K->150245K(837696K), 0.0060170 secs] [Times: user=0.04 sys=0.00, real=0.00 secs] 
2014-07-16T14:15:03.982+0000: 714.170: [GC [PSYoungGen: 150664K->1104K(148032K)] 299791K->150295K(835008K), 0.0045880 secs] [Times: user=0.02 sys=0.00, real=0.01 secs] 
2014-07-16T14:15:04.470+0000: 714.658: [GC [PSYoungGen: 147984K->808K(145088K)] 297175K->150277K(832064K), 0.0040760 secs] [Times: user=0.03 sys=0.00, real=0.00 secs] 
2014-07-16T14:15:04.995+0000: 715.183: [GC [PSYoungGen: 145064K->1186K(142912K)] 294533K->150711K(829888K), 0.0039440 secs] [Times: user=0.02 sys=0.00, real=0.01 secs] 
2014-07-16T14:15:05.498+0000: 715.685: [GC [PSYoungGen: 142882K->912K(140160K)] 292407K->150477K(827136K), 0.0075540 secs] [Times: user=0.05 sys=0.00, real=0.00 secs] 
2014-07-16T14:15:06.007+0000: 716.194: [GC [PSYoungGen: 140112K->1076K(168128K)] 289677K->150689K(855104K), 0.0062770 secs] [Times: user=0.02 sys=0.00, real=0.00 secs] 
2014-07-16T14:15:06.622+0000: 716.809: [GC [PSYoungGen: 168116K->1176K(164992K)] 317729K->150853K(851968K), 0.0054830 secs] [Times: user=0.03 sys=0.00, real=0.01 secs] 
2014-07-16T14:15:07.213+0000: 717.400: [GC [PSYoungGen: 164952K->858K(161536K)] 314629K->150591K(848512K), 0.0064740 secs] [Times: user=0.03 sys=0.00, real=0.01 secs] 
2014-07-16T14:15:07.791+0000: 717.978: [GC [PSYoungGen: 161498K->734K(158336K)] 311231K->150491K(845312K), 0.0046060 secs] [Times: user=0.02 sys=0.01, real=0.00 secs] 
2014-07-16T14:15:08.349+0000: 718.536: [GC [PSYoungGen: 158302K->730K(155392K)] 308059K->150559K(842368K), 0.0065340 secs] [Times: user=0.03 sys=0.01, real=0.00 secs] 
2014-07-16T14:15:08.956+0000: 719.144: [GC [PSYoungGen: 155354K->854K(171456K)] 305183K->150755K(858432K), 0.0070950 secs] [Times: user=0.04 sys=0.01, real=0.01 secs] 
2014-07-16T14:15:09.514+0000: 719.701: [GC [PSYoungGen: 170774K->876K(167488K)] 320675K->150865K(854464K), 0.0032100 secs] [Times: user=0.01 sys=0.00, real=0.00 secs] 
2014-07-16T14:15:10.144+0000: 720.331: [GC [PSYoungGen: 167468K->626K(163968K)] 317457K->150695K(850944K), 0.0074980 secs] [Times: user=0.04 sys=0.00, real=0.01 secs] 
2014-07-16T14:15:10.711+0000: 720.898: [GC [PSYoungGen: 163866K->916K(161152K)] 313935K->151041K(848128K), 0.0037180 secs] [Times: user=0.02 sys=0.00, real=0.00 secs] 
2014-07-16T14:15:11.287+0000: 721.475: [GC [PSYoungGen: 161108K->1144K(158336K)] 311233K->151357K(845312K), 0.0051180 secs] [Times: user=0.03 sys=0.01, real=0.01 secs] 
2014-07-16T14:15:11.858+0000: 722.045: [GC [PSYoungGen: 158285K->652K(154944K)] 308499K->150913K(841920K), 0.0051180 secs] [Times: user=0.03 sys=0.00, real=0.00 secs] 
2014-07-16T14:15:12.415+0000: 722.602: [GC [PSYoungGen: 154885K->766K(152128K)] 305147K->151083K(839104K), 0.0069730 secs] [Times: user=0.03 sys=0.00, real=0.01 secs] 
2014-07-16T14:15:12.950+0000: 723.137: [GC [PSYoungGen: 152126K->512K(168000K)] 302443K->150901K(854976K), 0.0091800 secs] [Times: user=0.06 sys=0.00, real=0.01 secs] 
2014-07-16T14:15:13.543+0000: 723.731: [GC [PSYoungGen: 167099K->702K(183104K)] 317489K->151123K(870080K), 0.0120230 secs] [Times: user=0.08 sys=0.00, real=0.01 secs] 
2014-07-16T14:15:14.202+0000: 724.389: [GC [PSYoungGen: 182398K->562K(183040K)] 332819K->151039K(870016K), 0.0030280 secs] [Times: user=0.01 sys=0.00, real=0.00 secs] 
2014-07-16T14:15:14.858+0000: 725.045: [GC [PSYoungGen: 182242K->862K(219392K)] 332720K->151419K(906368K), 0.0044090 secs] [Times: user=0.03 sys=0.00, real=0.01 secs] 
2014-07-16T14:15:15.630+0000: 725.817: [GC [PSYoungGen: 218910K->1036K(214144K)] 369467K->151681K(901120K), 0.0031360 secs] [Times: user=0.02 sys=0.00, real=0.00 secs] 
2014-07-16T14:15:16.395+0000: 726.582: [GC [PSYoungGen: 214089K->306K(208576K)] 364734K->151341K(895552K), 0.0045250 secs] [Times: user=0.02 sys=0.00, real=0.01 secs] 
2014-07-16T14:15:17.153+0000: 727.341: [GC [PSYoungGen: 208562K->794K(204480K)] 359597K->151893K(891456K), 0.0032730 secs] [Times: user=0.01 sys=0.00, real=0.00 secs] 
2014-07-16T14:15:17.882+0000: 728.069: [GC [PSYoungGen: 204442K->958K(200128K)] 355541K->152203K(887104K), 0.0046740 secs] [Times: user=0.03 sys=0.00, real=0.00 secs] 
2014-07-16T14:15:18.636+0000: 728.823: [GC [PSYoungGen: 200083K->1266K(196160K)] 351328K->152575K(883136K), 0.0063360 secs] [Times: user=0.03 sys=0.00, real=0.01 secs] 
2014-07-16T14:15:19.339+0000: 729.526: [GC [PSYoungGen: 196094K->374K(191104K)] 347404K->152315K(878080K), 0.0059460 secs] [Times: user=0.03 sys=0.00, real=0.00 secs] 
2014-07-16T14:15:20.003+0000: 730.190: [GC [PSYoungGen: 191094K->872K(187584K)] 343035K->152885K(874560K), 0.0067320 secs] [Times: user=0.04 sys=0.00, real=0.01 secs] 
2014-07-16T14:15:20.671+0000: 730.858: [GC [PSYoungGen: 187560K->544K(183360K)] 339573K->152795K(870336K), 0.0074000 secs] [Times: user=0.04 sys=0.00, real=0.00 secs] 
2014-07-16T14:15:21.328+0000: 731.515: [GC [PSYoungGen: 183328K->804K(179840K)] 335579K->153159K(866816K), 0.0048940 secs] [Times: user=0.03 sys=0.00, real=0.01 secs] 
2014-07-16T14:15:21.972+0000: 732.159: [GC [PSYoungGen: 179800K->1294K(176704K)] 332155K->153937K(863680K), 0.0058990 secs] [Times: user=0.04 sys=0.00, real=0.00 secs] 
2014-07-16T14:15:22.586+0000: 732.773: [GC [PSYoungGen: 176646K->662K(172544K)] 329289K->153369K(859520K), 0.0053090 secs] [Times: user=0.02 sys=0.00, real=0.01 secs] 
2014-07-16T14:15:23.207+0000: 733.394: [GC [PSYoungGen: 172502K->288K(168768K)] 325209K->153027K(855744K), 0.0079120 secs] [Times: user=0.04 sys=0.00, real=0.01 secs] 
2014-07-16T14:15:23.820+0000: 734.007: [GC [PSYoungGen: 168736K->448K(165568K)] 321475K->153259K(852544K), 0.0039660 secs] [Times: user=0.02 sys=0.00, real=0.00 secs] 
2014-07-16T14:15:24.426+0000: 734.613: [GC [PSYoungGen: 165568K->980K(162944K)] 318379K->153831K(849920K), 0.0042780 secs] [Times: user=0.02 sys=0.00, real=0.01 secs] 
2014-07-16T14:15:25.001+0000: 735.188: [GC [PSYoungGen: 162900K->544K(159424K)] 315751K->153483K(846400K), 0.0044470 secs] [Times: user=0.02 sys=0.01, real=0.00 secs] 
2014-07-16T14:15:25.590+0000: 735.777: [GC [PSYoungGen: 159392K->850K(156736K)] 312331K->153885K(843712K), 0.0056600 secs] [Times: user=0.04 sys=0.00, real=0.00 secs] 
2014-07-16T14:15:26.158+0000: 736.345: [GC [PSYoungGen: 156690K->448K(153408K)] 309725K->153547K(840384K), 0.0044170 secs] [Times: user=0.02 sys=0.00, real=0.01 secs] 
2014-07-16T14:15:26.704+0000: 736.892: [GC [PSYoungGen: 153408K->626K(150784K)] 306507K->153765K(837760K), 0.0069300 secs] [Times: user=0.04 sys=0.00, real=0.01 secs] 
2014-07-16T14:15:27.249+0000: 737.436: [GC [PSYoungGen: 150770K->758K(180992K)] 303909K->153969K(867968K), 0.0095630 secs] [Times: user=0.06 sys=0.01, real=0.01 secs] 
2014-07-16T14:15:27.934+0000: 738.122: [GC [PSYoungGen: 180982K->826K(177408K)] 334193K->154133K(864384K), 0.0048410 secs] [Times: user=0.03 sys=0.00, real=0.00 secs] 
2014-07-16T14:15:28.653+0000: 738.840: [GC [PSYoungGen: 177402K->890K(173888K)] 330709K->154293K(860864K), 0.0060220 secs] [Times: user=0.03 sys=0.00, real=0.00 secs] 
2014-07-16T14:15:29.404+0000: 739.591: [GC [PSYoungGen: 173882K->1014K(170560K)] 327285K->154579K(857536K), 0.0029050 secs] [Times: user=0.02 sys=0.00, real=0.00 secs] 
2014-07-16T14:15:30.123+0000: 740.310: [GC [PSYoungGen: 170550K->982K(167232K)] 324115K->154603K(854208K), 0.0117570 secs] [Times: user=0.06 sys=0.00, real=0.01 secs] 
2014-07-16T14:15:30.813+0000: 741.000: [GC [PSYoungGen: 167157K->826K(163840K)] 320778K->154793K(850816K), 0.0039070 secs] [Times: user=0.03 sys=0.00, real=0.00 secs] 
2014-07-16T14:15:31.440+0000: 741.628: [GC [PSYoungGen: 163834K->1054K(160960K)] 317801K->155117K(847936K), 0.0039870 secs] [Times: user=0.03 sys=0.01, real=0.01 secs] 
2014-07-16T14:15:32.047+0000: 742.234: [GC [PSYoungGen: 160896K->594K(157504K)] 314959K->154721K(844480K), 0.0064620 secs] [Times: user=0.04 sys=0.00, real=0.01 secs] 
2014-07-16T14:15:32.646+0000: 742.833: [GC [PSYoungGen: 157458K->712K(189056K)] 311585K->154863K(876032K), 0.0106970 secs] [Times: user=0.06 sys=0.00, real=0.01 secs] 
2014-07-16T14:15:33.345+0000: 743.533: [GC [PSYoungGen: 189000K->790K(185152K)] 343151K->155037K(872128K), 0.0043710 secs] [Times: user=0.03 sys=0.00, real=0.00 secs] 
2014-07-16T14:15:33.977+0000: 744.164: [GC [PSYoungGen: 185110K->676K(181184K)] 339357K->155011K(868160K), 0.0026360 secs] [Times: user=0.02 sys=0.00, real=0.00 secs] 
2014-07-16T14:15:34.633+0000: 744.820: [GC [PSYoungGen: 181082K->562K(177344K)] 335417K->154985K(864320K), 0.0041250 secs] [Times: user=0.03 sys=0.00, real=0.00 secs] 
2014-07-16T14:15:35.271+0000: 745.458: [GC [PSYoungGen: 177330K->612K(173824K)] 331753K->155075K(860800K), 0.0046350 secs] [Times: user=0.01 sys=0.00, real=0.01 secs] 
2014-07-16T14:15:35.893+0000: 746.080: [GC [PSYoungGen: 173773K->626K(170368K)] 328236K->155193K(857344K), 0.0043900 secs] [Times: user=0.03 sys=0.00, real=0.00 secs] 
2014-07-16T14:15:36.500+0000: 746.687: [GC [PSYoungGen: 170354K->512K(166912K)] 324921K->155175K(853888K), 0.0038070 secs] [Times: user=0.02 sys=0.00, real=0.01 secs] 
2014-07-16T14:15:37.100+0000: 747.287: [GC [PSYoungGen: 166866K->1262K(164416K)] 321530K->156081K(851392K), 0.0080200 secs] [Times: user=0.05 sys=0.00, real=0.01 secs] 
2014-07-16T14:15:37.681+0000: 747.868: [GC [PSYoungGen: 164398K->822K(160832K)] 319217K->155697K(847808K), 0.0046460 secs] [Times: user=0.02 sys=0.01, real=0.01 secs] 
2014-07-16T14:15:38.257+0000: 748.444: [GC [PSYoungGen: 160822K->652K(157696K)] 315697K->155551K(844672K), 0.0076850 secs] [Times: user=0.04 sys=0.00, real=0.01 secs] 
2014-07-16T14:15:38.821+0000: 749.008: [GC [PSYoungGen: 157637K->1148K(155200K)] 312537K->156111K(842176K), 0.0049170 secs] [Times: user=0.03 sys=0.00, real=0.01 secs] 
2014-07-16T14:15:39.412+0000: 749.599: [GC [PSYoungGen: 155196K->866K(152064K)] 310159K->156093K(839040K), 0.0027440 secs] [Times: user=0.02 sys=0.00, real=0.01 secs] 
2014-07-16T14:15:39.925+0000: 750.112: [GC [PSYoungGen: 152034K->736K(149184K)] 307261K->156027K(836160K), 0.0079460 secs] [Times: user=0.04 sys=0.00, real=0.01 secs] 
2014-07-16T14:15:40.472+0000: 750.659: [GC [PSYoungGen: 149146K->812K(178944K)] 304438K->156199K(865920K), 0.0064780 secs] [Times: user=0.03 sys=0.00, real=0.01 secs] 
2014-07-16T14:15:41.134+0000: 751.321: [GC [PSYoungGen: 178855K->876K(175424K)] 334242K->156343K(862400K), 0.0046200 secs] [Times: user=0.03 sys=0.00, real=0.00 secs] 
2014-07-16T14:15:41.766+0000: 751.954: [GC [PSYoungGen: 175401K->1130K(196416K)] 330869K->156753K(883392K), 0.0102050 secs] [Times: user=0.06 sys=0.00, real=0.01 secs] 
2014-07-16T14:15:42.475+0000: 752.662: [GC [PSYoungGen: 196394K->840K(192000K)] 352017K->156543K(878976K), 0.0042830 secs] [Times: user=0.02 sys=0.00, real=0.00 secs] 
2014-07-16T14:15:43.191+0000: 753.378: [GC [PSYoungGen: 191928K->570K(187648K)] 347632K->156527K(874624K), 0.0079960 secs] [Times: user=0.04 sys=0.00, real=0.01 secs] 
2014-07-16T14:15:43.827+0000: 754.014: [GC [PSYoungGen: 187642K->972K(184192K)] 343599K->156993K(871168K), 0.0057050 secs] [Times: user=0.02 sys=0.00, real=0.00 secs] 
2014-07-16T14:15:44.479+0000: 754.667: [GC [PSYoungGen: 184140K->530K(179968K)] 340161K->156839K(866944K), 0.0031460 secs] [Times: user=0.01 sys=0.00, real=0.00 secs] 
2014-07-16T14:15:45.130+0000: 755.317: [GC [PSYoungGen: 179922K->626K(176384K)] 336231K->157007K(863360K), 0.0034340 secs] [Times: user=0.01 sys=0.00, real=0.01 secs] 
2014-07-16T14:15:45.768+0000: 755.955: [GC [PSYoungGen: 176321K->1326K(173568K)] 332703K->157870K(860544K), 0.0027840 secs] [Times: user=0.02 sys=0.00, real=0.00 secs] 
2014-07-16T14:15:46.385+0000: 756.573: [GC [PSYoungGen: 173550K->530K(169408K)] 330094K->157153K(856384K), 0.0031820 secs] [Times: user=0.01 sys=0.01, real=0.00 secs] 
2014-07-16T14:15:46.998+0000: 757.185: [GC [PSYoungGen: 169362K->512K(166016K)] 325985K->157199K(852992K), 0.0051390 secs] [Times: user=0.02 sys=0.01, real=0.01 secs] 
2014-07-16T14:15:47.605+0000: 757.792: [GC [PSYoungGen: 166016K->662K(163008K)] 322703K->157421K(849984K), 0.0033680 secs] [Times: user=0.02 sys=0.00, real=0.00 secs] 
2014-07-16T14:15:48.184+0000: 758.371: [GC [PSYoungGen: 162966K->594K(159872K)] 319725K->157409K(846848K), 0.0110410 secs] [Times: user=0.06 sys=0.00, real=0.01 secs] 
2014-07-16T14:15:48.759+0000: 758.946: [GC [PSYoungGen: 159826K->722K(156992K)] 316641K->157585K(843968K), 0.0041840 secs] [Times: user=0.02 sys=0.00, real=0.00 secs] 
2014-07-16T14:15:49.324+0000: 759.511: [GC [PSYoungGen: 156946K->916K(154240K)] 313809K->157836K(841216K), 0.0031190 secs] [Times: user=0.02 sys=0.00, real=0.01 secs] 
2014-07-16T14:15:49.866+0000: 760.053: [GC [PSYoungGen: 154196K->830K(151296K)] 311116K->157822K(838272K), 0.0034300 secs] [Times: user=0.02 sys=0.00, real=0.00 secs] 
2014-07-16T14:15:50.406+0000: 760.593: [GC [PSYoungGen: 151294K->872K(148608K)] 308286K->157935K(835584K), 0.0052900 secs] [Times: user=0.03 sys=0.00, real=0.00 secs] 
2014-07-16T14:15:50.937+0000: 761.124: [GC [PSYoungGen: 148584K->1004K(146048K)] 305647K->158140K(833024K), 0.0036180 secs] [Times: user=0.02 sys=0.01, real=0.00 secs] 
2014-07-16T14:15:51.469+0000: 761.656: [GC [PSYoungGen: 145986K->676K(143168K)] 303122K->158089K(830144K), 0.0052450 secs] [Times: user=0.03 sys=0.00, real=0.01 secs] 
2014-07-16T14:15:51.970+0000: 762.157: [GC [PSYoungGen: 143046K->1322K(141312K)] 300460K->158916K(828288K), 0.0053840 secs] [Times: user=0.03 sys=0.00, real=0.01 secs] 
2014-07-16T14:15:52.493+0000: 762.681: [GC [PSYoungGen: 141290K->676K(138240K)] 298884K->158542K(825216K), 0.0036790 secs] [Times: user=0.02 sys=0.00, real=0.01 secs] 
2014-07-16T14:15:52.969+0000: 763.156: [GC [PSYoungGen: 138178K->566K(135744K)] 296044K->158480K(822720K), 0.0076400 secs] [Times: user=0.04 sys=0.00, real=0.01 secs] 
2014-07-16T14:15:53.487+0000: 763.674: [GC [PSYoungGen: 135734K->758K(133632K)] 293648K->158728K(820608K), 0.0052690 secs] [Times: user=0.02 sys=0.00, real=0.00 secs] 
2014-07-16T14:15:54.037+0000: 764.224: [GC [PSYoungGen: 133620K->694K(131328K)] 291590K->158736K(818304K), 0.0056860 secs] [Times: user=0.03 sys=0.01, real=0.00 secs] 
2014-07-16T14:15:54.564+0000: 764.751: [GC [PSYoungGen: 131317K->1054K(129536K)] 289359K->159184K(816512K), 0.0043940 secs] [Times: user=0.03 sys=0.00, real=0.01 secs] 
2014-07-16T14:15:55.205+0000: 765.392: [GC [PSYoungGen: 129502K->1324K(127680K)] 287632K->159526K(814656K), 0.0034490 secs] [Times: user=0.01 sys=0.01, real=0.00 secs] 
2014-07-16T14:15:55.711+0000: 765.898: [GC [PSYoungGen: 127660K->420K(124736K)] 285862K->159102K(811712K), 0.0031560 secs] [Times: user=0.01 sys=0.00, real=0.00 secs] 
2014-07-16T14:15:56.243+0000: 766.430: [GC [PSYoungGen: 124707K->990K(123328K)] 283389K->159752K(810304K), 0.0035130 secs] [Times: user=0.02 sys=0.00, real=0.01 secs] 
2014-07-16T14:15:56.698+0000: 766.885: [GC [PSYoungGen: 123294K->1400K(121792K)] 282056K->160342K(808768K), 0.0075170 secs] [Times: user=0.04 sys=0.00, real=0.01 secs] 
2014-07-16T14:15:57.173+0000: 767.360: [GC [PSYoungGen: 121773K->1076K(119616K)] 280715K->160050K(806592K), 0.0052650 secs] [Times: user=0.03 sys=0.00, real=0.01 secs] 
2014-07-16T14:15:57.673+0000: 767.860: [GC [PSYoungGen: 119587K->548K(142848K)] 278561K->159562K(829824K), 0.0086980 secs] [Times: user=0.05 sys=0.00, real=0.01 secs] 
2014-07-16T14:15:58.222+0000: 768.409: [GC [PSYoungGen: 142790K->758K(171520K)] 301804K->159804K(858496K), 0.0053950 secs] [Times: user=0.02 sys=0.00, real=0.01 secs] 
2014-07-16T14:15:58.875+0000: 769.063: [GC [PSYoungGen: 171466K->1036K(181376K)] 330512K->160162K(868352K), 0.0098340 secs] [Times: user=0.06 sys=0.01, real=0.01 secs] 
2014-07-16T14:15:59.579+0000: 769.766: [GC [PSYoungGen: 180856K->548K(181376K)] 339982K->159730K(868352K), 0.0050360 secs] [Times: user=0.03 sys=0.00, real=0.00 secs] 
2014-07-16T14:16:00.228+0000: 770.416: [GC [PSYoungGen: 180388K->1354K(217216K)] 339570K->160616K(904192K), 0.0062050 secs] [Times: user=0.04 sys=0.00, real=0.00 secs] 
2014-07-16T14:16:01.000+0000: 771.187: [GC [PSYoungGen: 217034K->922K(211776K)] 376296K->160248K(898752K), 0.0060390 secs] [Times: user=0.03 sys=0.01, real=0.01 secs] 
2014-07-16T14:16:01.751+0000: 771.938: [GC [PSYoungGen: 211738K->762K(206848K)] 371064K->160284K(893824K), 0.0057740 secs] [Times: user=0.03 sys=0.00, real=0.01 secs] 
2014-07-16T14:16:02.475+0000: 772.662: [GC [PSYoungGen: 206842K->858K(202432K)] 366364K->160460K(889408K), 0.0037310 secs] [Times: user=0.02 sys=0.00, real=0.01 secs] 
2014-07-16T14:16:03.207+0000: 773.394: [GC [PSYoungGen: 202394K->384K(197504K)] 361996K->160058K(884480K), 0.0061520 secs] [Times: user=0.03 sys=0.00, real=0.00 secs] 
2014-07-16T14:16:03.917+0000: 774.104: [GC [PSYoungGen: 197483K->934K(193856K)] 357157K->160672K(880832K), 0.0033940 secs] [Times: user=0.02 sys=0.00, real=0.00 secs] 
2014-07-16T14:16:04.618+0000: 774.805: [GC [PSYoungGen: 193805K->770K(189632K)] 353543K->160556K(876608K), 0.0035310 secs] [Times: user=0.02 sys=0.00, real=0.00 secs] 
2014-07-16T14:16:05.292+0000: 775.479: [GC [PSYoungGen: 189570K->384K(185216K)] 349356K->160218K(872192K), 0.0062990 secs] [Times: user=0.03 sys=0.00, real=0.01 secs] 
2014-07-16T14:16:05.950+0000: 776.137: [GC [PSYoungGen: 185150K->680K(181696K)] 344984K->160602K(868672K), 0.0029370 secs] [Times: user=0.01 sys=0.00, real=0.00 secs] 
2014-07-16T14:16:06.591+0000: 776.778: [GC [PSYoungGen: 181672K->594K(177920K)] 341594K->160636K(864896K), 0.0043670 secs] [Times: user=0.02 sys=0.01, real=0.00 secs] 
2014-07-16T14:16:07.232+0000: 777.419: [GC [PSYoungGen: 177874K->784K(174528K)] 337916K->160858K(861504K), 0.0073830 secs] [Times: user=0.04 sys=0.00, real=0.01 secs] 
2014-07-16T14:16:07.861+0000: 778.048: [GC [PSYoungGen: 174474K->798K(171072K)] 334548K->160968K(858048K), 0.0043700 secs] [Times: user=0.03 sys=0.00, real=0.00 secs] 
2014-07-16T14:16:08.471+0000: 778.658: [GC [PSYoungGen: 171020K->762K(167680K)] 331190K->161004K(854656K), 0.0030870 secs] [Times: user=0.01 sys=0.00, real=0.00 secs] 
2014-07-16T14:16:09.061+0000: 779.248: [GC [PSYoungGen: 167646K->1032K(164736K)] 327888K->161370K(851712K), 0.0030240 secs] [Times: user=0.02 sys=0.00, real=0.00 secs] 
2014-07-16T14:16:09.693+0000: 779.880: [GC [PSYoungGen: 164670K->766K(161280K)] 325008K->161534K(848256K), 0.0039060 secs] [Times: user=0.02 sys=0.01, real=0.00 secs] 
2014-07-16T14:16:10.264+0000: 780.451: [GC [PSYoungGen: 161278K->690K(158144K)] 322046K->161554K(845120K), 0.0061910 secs] [Times: user=0.03 sys=0.00, real=0.01 secs] 
2014-07-16T14:16:10.826+0000: 781.013: [GC [PSYoungGen: 158130K->766K(155264K)] 318994K->161694K(842240K), 0.0033660 secs] [Times: user=0.02 sys=0.00, real=0.01 secs] 
2014-07-16T14:16:11.382+0000: 781.569: [GC [PSYoungGen: 155262K->758K(152384K)] 316190K->161774K(839360K), 0.0033810 secs] [Times: user=0.01 sys=0.00, real=0.00 secs] 
2014-07-16T14:16:11.922+0000: 782.109: [GC [PSYoungGen: 152374K->736K(182720K)] 313390K->161784K(869696K), 0.0181990 secs] [Times: user=0.10 sys=0.01, real=0.02 secs] 
2014-07-16T14:16:12.581+0000: 782.769: [GC [PSYoungGen: 182642K->1248K(206336K)] 343691K->162426K(893312K), 0.0088270 secs] [Times: user=0.05 sys=0.00, real=0.01 secs] 
2014-07-16T14:16:13.330+0000: 783.517: [GC [PSYoungGen: 206304K->448K(219712K)] 367482K->161666K(906688K), 0.0036120 secs] [Times: user=0.01 sys=0.00, real=0.00 secs] 
2014-07-16T14:16:14.120+0000: 784.307: [GC [PSYoungGen: 218752K->1208K(214528K)] 379970K->162482K(901504K), 0.0032930 secs] [Times: user=0.01 sys=0.00, real=0.00 secs] 
2014-07-16T14:16:14.894+0000: 785.081: [GC [PSYoungGen: 214496K->306K(208832K)] 375770K->161806K(895808K), 0.0046660 secs] [Times: user=0.03 sys=0.00, real=0.01 secs] 
2014-07-16T14:16:15.664+0000: 785.851: [GC [PSYoungGen: 208818K->1062K(204992K)] 370318K->162626K(891968K), 0.0060540 secs] [Times: user=0.03 sys=0.01, real=0.01 secs] 
2014-07-16T14:16:16.396+0000: 786.583: [GC [PSYoungGen: 204960K->950K(200384K)] 366524K->163076K(887360K), 0.0032330 secs] [Times: user=0.01 sys=0.00, real=0.01 secs] 
2014-07-16T14:16:17.105+0000: 787.292: [GC [PSYoungGen: 200374K->672K(195840K)] 362500K->162878K(882816K), 0.0033440 secs] [Times: user=0.01 sys=0.00, real=0.01 secs] 
2014-07-16T14:16:17.806+0000: 787.993: [GC [PSYoungGen: 195795K->780K(191808K)] 358002K->163042K(878784K), 0.0059130 secs] [Times: user=0.03 sys=0.00, real=0.01 secs] 
2014-07-16T14:16:18.488+0000: 788.675: [GC [PSYoungGen: 191756K->898K(187904K)] 354018K->163232K(874880K), 0.0042810 secs] [Times: user=0.02 sys=0.00, real=0.01 secs] 
2014-07-16T14:16:19.160+0000: 789.348: [GC [PSYoungGen: 187842K->1068K(184128K)] 350176K->163506K(871104K), 0.0055730 secs] [Times: user=0.04 sys=0.01, real=0.00 secs] 
2014-07-16T14:16:19.821+0000: 790.008: [GC [PSYoungGen: 184067K->498K(179776K)] 346506K->163024K(866752K), 0.0052960 secs] [Times: user=0.04 sys=0.00, real=0.00 secs] 
2014-07-16T14:16:20.470+0000: 790.657: [GC [PSYoungGen: 179761K->544K(176192K)] 342287K->163134K(863168K), 0.0076340 secs] [Times: user=0.04 sys=0.00, real=0.00 secs] 
2014-07-16T14:16:21.124+0000: 791.311: [GC [PSYoungGen: 176160K->1022K(173120K)] 338750K->163708K(860096K), 0.0038940 secs] [Times: user=0.02 sys=0.00, real=0.00 secs] 
2014-07-16T14:16:21.731+0000: 791.918: [GC [PSYoungGen: 173115K->1270K(169984K)] 335801K->164252K(856960K), 0.0026400 secs] [Times: user=0.02 sys=0.00, real=0.00 secs] 
2014-07-16T14:16:22.346+0000: 792.534: [GC [PSYoungGen: 169974K->1380K(166784K)] 332956K->164418K(853760K), 0.0047640 secs] [Times: user=0.03 sys=0.00, real=0.01 secs] 
2014-07-16T14:16:23.011+0000: 793.198: [GC [PSYoungGen: 166756K->688K(162880K)] 329794K->164132K(849856K), 0.0070600 secs] [Times: user=0.04 sys=0.00, real=0.00 secs] 
2014-07-16T14:16:23.563+0000: 793.750: [GC [PSYoungGen: 162820K->1072K(160192K)] 326265K->164596K(847168K), 0.0040940 secs] [Times: user=0.02 sys=0.00, real=0.00 secs] 
2014-07-16T14:16:24.136+0000: 794.323: [GC [PSYoungGen: 160176K->562K(156672K)] 323700K->164390K(843648K), 0.0036910 secs] [Times: user=0.02 sys=0.00, real=0.01 secs] 
2014-07-16T14:16:24.715+0000: 794.902: [GC [PSYoungGen: 156658K->826K(153984K)] 320486K->164718K(840960K), 0.0035660 secs] [Times: user=0.01 sys=0.01, real=0.00 secs] 
2014-07-16T14:16:25.265+0000: 795.453: [GC [PSYoungGen: 153973K->740K(151104K)] 317866K->164704K(838080K), 0.0039320 secs] [Times: user=0.02 sys=0.00, real=0.01 secs] 
2014-07-16T14:16:25.812+0000: 795.999: [GC [PSYoungGen: 151076K->972K(148608K)] 315040K->164992K(835584K), 0.0040710 secs] [Times: user=0.01 sys=0.00, real=0.00 secs] 
2014-07-16T14:16:26.340+0000: 796.527: [GC [PSYoungGen: 148479K->844K(145856K)] 312500K->164944K(832832K), 0.0039870 secs] [Times: user=0.02 sys=0.00, real=0.00 secs] 
2014-07-16T14:16:26.927+0000: 797.114: [GC [PSYoungGen: 145804K->1284K(143744K)] 309904K->165472K(830720K), 0.0064800 secs] [Times: user=0.04 sys=0.00, real=0.01 secs] 
2014-07-16T14:16:27.381+0000: 797.569: [GC [PSYoungGen: 143684K->794K(140736K)] 307872K->165046K(827712K), 0.0073230 secs] [Times: user=0.04 sys=0.01, real=0.00 secs] 
2014-07-16T14:16:27.910+0000: 798.097: [GC [PSYoungGen: 140698K->958K(138432K)] 304950K->165282K(825408K), 0.0037060 secs] [Times: user=0.02 sys=0.00, real=0.00 secs] 
2014-07-16T14:16:28.398+0000: 798.586: [GC [PSYoungGen: 138422K->1044K(136192K)] 302746K->165424K(823168K), 0.0064790 secs] [Times: user=0.04 sys=0.01, real=0.01 secs] 
2014-07-16T14:16:28.878+0000: 799.065: [GC [PSYoungGen: 136148K->962K(163200K)] 300528K->165422K(850176K), 0.0083770 secs] [Times: user=0.05 sys=0.01, real=0.01 secs] 
2014-07-16T14:16:29.487+0000: 799.674: [GC [PSYoungGen: 163048K->1004K(195648K)] 327509K->165700K(882624K), 0.0058460 secs] [Times: user=0.04 sys=0.00, real=0.01 secs] 
2014-07-16T14:16:30.298+0000: 800.486: [GC [PSYoungGen: 195628K->826K(191296K)] 360324K->165586K(878272K), 0.0038620 secs] [Times: user=0.02 sys=0.01, real=0.01 secs] 
2014-07-16T14:16:31.022+0000: 801.209: [GC [PSYoungGen: 191290K->766K(187200K)] 356050K->165574K(874176K), 0.0053340 secs] [Times: user=0.03 sys=0.00, real=0.00 secs] 
2014-07-16T14:16:31.756+0000: 801.943: [GC [PSYoungGen: 187197K->1436K(184000K)] 352005K->166308K(870976K), 0.0055310 secs] [Times: user=0.03 sys=0.00, real=0.01 secs] 
2014-07-16T14:16:32.440+0000: 802.627: [GC [PSYoungGen: 183932K->752K(202048K)] 348805K->166048K(889024K), 0.0125020 secs] [Times: user=0.08 sys=0.00, real=0.02 secs] 
2014-07-16T14:16:33.164+0000: 803.351: [GC [PSYoungGen: 202032K->972K(202880K)] 367328K->166300K(889856K), 0.0153170 secs] [Times: user=0.10 sys=0.00, real=0.01 secs] 
2014-07-16T14:16:34.034+0000: 804.221: [GC [PSYoungGen: 202252K->890K(243008K)] 367580K->166438K(929984K), 0.0061590 secs] [Times: user=0.04 sys=0.00, real=0.00 secs] 
2014-07-16T14:16:35.048+0000: 805.235: [GC [PSYoungGen: 242426K->950K(243072K)] 407974K->166618K(930048K), 0.0066550 secs] [Times: user=0.03 sys=0.00, real=0.01 secs] 
2014-07-16T14:16:35.926+0000: 806.114: [GC [PSYoungGen: 242486K->708K(236480K)] 408154K->166488K(923456K), 0.0042800 secs] [Times: user=0.03 sys=0.00, real=0.00 secs] 
2014-07-16T14:16:36.778+0000: 806.965: [GC [PSYoungGen: 236420K->544K(230720K)] 402200K->166404K(917696K), 0.0064350 secs] [Times: user=0.03 sys=0.01, real=0.01 secs] 
2014-07-16T14:16:37.611+0000: 807.798: [GC [PSYoungGen: 230688K->544K(225344K)] 396548K->166500K(912320K), 0.0044660 secs] [Times: user=0.02 sys=0.01, real=0.00 secs] 
2014-07-16T14:16:38.414+0000: 808.601: [GC [PSYoungGen: 225278K->712K(220352K)] 391235K->166772K(907328K), 0.0059020 secs] [Times: user=0.04 sys=0.00, real=0.00 secs] 
2014-07-16T14:16:39.192+0000: 809.379: [GC [PSYoungGen: 220267K->1026K(215680K)] 386328K->167158K(902656K), 0.0031980 secs] [Times: user=0.01 sys=0.00, real=0.00 secs] 
2014-07-16T14:16:39.971+0000: 810.158: [GC [PSYoungGen: 215618K->1462K(211200K)] 381750K->167933K(898176K), 0.0033740 secs] [Times: user=0.02 sys=0.00, real=0.01 secs] 
2014-07-16T14:16:40.729+0000: 810.916: [GC [PSYoungGen: 211190K->438K(205504K)] 377661K->167076K(892480K), 0.0035170 secs] [Times: user=0.01 sys=0.00, real=0.01 secs] 
2014-07-16T14:16:41.485+0000: 811.673: [GC [PSYoungGen: 205494K->1606K(202240K)] 372132K->168333K(889216K), 0.0087420 secs] [Times: user=0.05 sys=0.01, real=0.01 secs] 
2014-07-16T14:16:42.221+0000: 812.408: [GC [PSYoungGen: 202180K->626K(196864K)] 368907K->167498K(883840K), 0.0058410 secs] [Times: user=0.03 sys=0.01, real=0.01 secs] 
2014-07-16T14:16:42.918+0000: 813.106: [GC [PSYoungGen: 196850K->1044K(193088K)] 363722K->167989K(880064K), 0.0059410 secs] [Times: user=0.03 sys=0.00, real=0.01 secs] 
2014-07-16T14:16:43.609+0000: 813.797: [GC [PSYoungGen: 193033K->868K(188800K)] 359978K->167884K(875776K), 0.0041100 secs] [Times: user=0.02 sys=0.00, real=0.01 secs] 
2014-07-16T14:16:44.288+0000: 814.475: [GC [PSYoungGen: 188772K->894K(184896K)] 355788K->167983K(871872K), 0.0101830 secs] [Times: user=0.07 sys=0.00, real=0.01 secs] 
2014-07-16T14:16:44.968+0000: 815.155: [GC [PSYoungGen: 184894K->1226K(181504K)] 351983K->168395K(868480K), 0.0042830 secs] [Times: user=0.02 sys=0.00, real=0.01 secs] 
2014-07-16T14:16:45.574+0000: 815.761: [GC [PSYoungGen: 181450K->480K(177088K)] 348619K->167744K(864064K), 0.0043470 secs] [Times: user=0.02 sys=0.01, real=0.00 secs] 
2014-07-16T14:16:46.209+0000: 816.397: [GC [PSYoungGen: 177056K->694K(173696K)] 344320K->168031K(860672K), 0.0039940 secs] [Times: user=0.02 sys=0.00, real=0.01 secs] 
2014-07-16T14:16:46.842+0000: 817.029: [GC [PSYoungGen: 173686K->776K(170368K)] 341023K->168209K(857344K), 0.0054770 secs] [Times: user=0.03 sys=0.00, real=0.01 secs] 
2014-07-16T14:16:47.453+0000: 817.640: [GC [PSYoungGen: 170289K->1170K(167424K)] 337722K->168643K(854400K), 0.0067330 secs] [Times: user=0.03 sys=0.00, real=0.01 secs] 
2014-07-16T14:16:48.075+0000: 818.262: [GC [PSYoungGen: 167378K->640K(163648K)] 334851K->168192K(850624K), 0.0041480 secs] [Times: user=0.02 sys=0.00, real=0.00 secs] 
2014-07-16T14:16:48.657+0000: 818.844: [GC [PSYoungGen: 163644K->1534K(161408K)] 331197K->169159K(848384K), 0.0054920 secs] [Times: user=0.04 sys=0.00, real=0.00 secs] 
2014-07-16T14:16:49.234+0000: 819.421: [GC [PSYoungGen: 161406K->1176K(158080K)] 329031K->168865K(845056K), 0.0072040 secs] [Times: user=0.04 sys=0.00, real=0.00 secs] 
2014-07-16T14:16:49.833+0000: 820.020: [GC [PSYoungGen: 158028K->872K(154816K)] 325717K->168673K(841792K), 0.0061100 secs] [Times: user=0.02 sys=0.01, real=0.00 secs] 
2014-07-16T14:16:50.378+0000: 820.565: [GC [PSYoungGen: 154792K->608K(151744K)] 322593K->168528K(838720K), 0.0062990 secs] [Times: user=0.03 sys=0.00, real=0.01 secs] 
2014-07-16T14:16:50.903+0000: 821.090: [GC [PSYoungGen: 151712K->772K(182208K)] 319632K->168780K(869184K), 0.0066110 secs] [Times: user=0.04 sys=0.01, real=0.01 secs] 
2014-07-16T14:16:51.559+0000: 821.746: [GC [PSYoungGen: 182122K->676K(178368K)] 350131K->168756K(865344K), 0.0059760 secs] [Times: user=0.03 sys=0.00, real=0.01 secs] 
2014-07-16T14:16:52.189+0000: 822.376: [GC [PSYoungGen: 178340K->576K(174656K)] 346420K->168768K(861632K), 0.0045810 secs] [Times: user=0.03 sys=0.00, real=0.01 secs] 
2014-07-16T14:16:52.804+0000: 822.991: [GC [PSYoungGen: 174607K->1058K(209984K)] 342800K->169339K(896960K), 0.0084240 secs] [Times: user=0.05 sys=0.00, real=0.00 secs] 
2014-07-16T14:16:53.568+0000: 823.755: [GC [PSYoungGen: 209954K->1118K(205376K)] 378235K->169503K(892352K), 0.0040010 secs] [Times: user=0.02 sys=0.00, real=0.00 secs] 
2014-07-16T14:16:54.293+0000: 824.480: [GC [PSYoungGen: 205342K->790K(200576K)] 373727K->169239K(887552K), 0.0072470 secs] [Times: user=0.04 sys=0.01, real=0.01 secs] 
2014-07-16T14:16:55.033+0000: 825.220: [GC [PSYoungGen: 200534K->690K(240448K)] 368983K->169202K(927424K), 0.0120190 secs] [Times: user=0.05 sys=0.00, real=0.02 secs] 
2014-07-16T14:16:55.889+0000: 826.076: [GC [PSYoungGen: 240434K->1218K(271488K)] 408946K->169803K(958464K), 0.0076970 secs] [Times: user=0.04 sys=0.01, real=0.01 secs] 
2014-07-16T14:16:56.937+0000: 827.124: [GC [PSYoungGen: 271170K->690K(263808K)] 439755K->169370K(950784K), 0.0058960 secs] [Times: user=0.03 sys=0.01, real=0.00 secs] 
2014-07-16T14:16:58.031+0000: 828.219: [GC [PSYoungGen: 263706K->972K(257536K)] 432387K->169709K(944512K), 0.0114800 secs] [Times: user=0.07 sys=0.00, real=0.01 secs] 
2014-07-16T14:16:59.051+0000: 829.238: [GC [PSYoungGen: 257484K->840K(251072K)] 426221K->169633K(938048K), 0.0061790 secs] [Times: user=0.04 sys=0.00, real=0.01 secs] 
2014-07-16T14:17:00.097+0000: 830.284: [GC [PSYoungGen: 251016K->1072K(245120K)] 419809K->169929K(932096K), 0.0072350 secs] [Times: user=0.01 sys=0.01, real=0.00 secs] 
2014-07-16T14:17:01.059+0000: 831.246: [GC [PSYoungGen: 245104K->958K(239104K)] 413961K->169895K(926080K), 0.0033090 secs] [Times: user=0.01 sys=0.00, real=0.00 secs] 
2014-07-16T14:17:01.945+0000: 832.132: [GC [PSYoungGen: 239102K->498K(232960K)] 408039K->169506K(919936K), 0.0035400 secs] [Times: user=0.03 sys=0.00, real=0.01 secs] 
2014-07-16T14:17:02.783+0000: 832.970: [GC [PSYoungGen: 232946K->544K(227520K)] 401954K->169624K(914496K), 0.0037790 secs] [Times: user=0.01 sys=0.00, real=0.01 secs] 
2014-07-16T14:17:03.602+0000: 833.789: [GC [PSYoungGen: 227486K->712K(222400K)] 396567K->169865K(909376K), 0.0081110 secs] [Times: user=0.05 sys=0.01, real=0.01 secs] 
2014-07-16T14:17:04.384+0000: 834.572: [GC [PSYoungGen: 222344K->808K(217344K)] 391497K->170033K(904320K), 0.0043230 secs] [Times: user=0.02 sys=0.00, real=0.01 secs] 
2014-07-16T14:17:05.161+0000: 835.349: [GC [PSYoungGen: 217279K->854K(212480K)] 386504K->170127K(899456K), 0.0103500 secs] [Times: user=0.06 sys=0.00, real=0.01 secs] 
2014-07-16T14:17:05.951+0000: 836.138: [GC [PSYoungGen: 212438K->794K(207680K)] 381711K->170147K(894656K), 0.0038710 secs] [Times: user=0.01 sys=0.00, real=0.01 secs] 
2014-07-16T14:17:06.704+0000: 836.891: [GC [PSYoungGen: 207642K->562K(202880K)] 376995K->169986K(889856K), 0.0042630 secs] [Times: user=0.03 sys=0.00, real=0.01 secs] 
2014-07-16T14:17:07.432+0000: 837.619: [GC [PSYoungGen: 202843K->1208K(199104K)] 372268K->170829K(886080K), 0.0056070 secs] [Times: user=0.03 sys=0.00, real=0.01 secs] 
2014-07-16T14:17:08.142+0000: 838.329: [GC [PSYoungGen: 199096K->1086K(194688K)] 368717K->170819K(881664K), 0.0065470 secs] [Times: user=0.04 sys=0.00, real=0.01 secs] 
2014-07-16T14:17:08.843+0000: 839.030: [GC [PSYoungGen: 194648K->556K(190080K)] 364381K->170705K(877056K), 0.0040540 secs] [Times: user=0.02 sys=0.00, real=0.01 secs] 
2014-07-16T14:17:09.519+0000: 839.707: [GC [PSYoungGen: 190060K->1314K(186880K)] 360209K->171503K(873856K), 0.0049150 secs] [Times: user=0.02 sys=0.00, real=0.00 secs] 
2014-07-16T14:17:10.196+0000: 840.383: [GC [PSYoungGen: 186850K->880K(182592K)] 357039K->171299K(869568K), 0.0052230 secs] [Times: user=0.03 sys=0.00, real=0.00 secs] 
2014-07-16T14:17:10.851+0000: 841.038: [GC [PSYoungGen: 182576K->434K(178432K)] 352995K->170901K(865408K), 0.0095190 secs] [Times: user=0.05 sys=0.00, real=0.01 secs] 
2014-07-16T14:17:11.491+0000: 841.679: [GC [PSYoungGen: 178418K->780K(175232K)] 348885K->171311K(862208K), 0.0055040 secs] [Times: user=0.03 sys=0.00, real=0.01 secs] 
2014-07-16T14:17:12.117+0000: 842.304: [GC [PSYoungGen: 175180K->880K(171840K)] 345711K->171459K(858816K), 0.0042070 secs] [Times: user=0.02 sys=0.01, real=0.00 secs] 
2014-07-16T14:17:12.730+0000: 842.917: [GC [PSYoungGen: 171797K->798K(168384K)] 342376K->171433K(855360K), 0.0039410 secs] [Times: user=0.02 sys=0.00, real=0.00 secs] 
2014-07-16T14:17:13.339+0000: 843.526: [GC [PSYoungGen: 168330K->876K(165184K)] 338965K->171567K(852160K), 0.0085860 secs] [Times: user=0.05 sys=0.00, real=0.01 secs] 
2014-07-16T14:17:13.952+0000: 844.139: [GC [PSYoungGen: 165164K->1022K(162176K)] 335855K->171793K(849152K), 0.0025850 secs] [Times: user=0.01 sys=0.00, real=0.00 secs] 
2014-07-16T14:17:14.512+0000: 844.699: [GC [PSYoungGen: 162174K->658K(194112K)] 332945K->171485K(881088K), 0.0107070 secs] [Times: user=0.06 sys=0.00, real=0.01 secs] 
2014-07-16T14:17:15.233+0000: 845.420: [GC [PSYoungGen: 194066K->1012K(233152K)] 364893K->171887K(920128K), 0.0085780 secs] [Times: user=0.04 sys=0.00, real=0.01 secs] 
2014-07-16T14:17:16.102+0000: 846.289: [GC [PSYoungGen: 233140K->1130K(275392K)] 404015K->172085K(962368K), 0.0077720 secs] [Times: user=0.06 sys=0.00, real=0.01 secs] 
2014-07-16T14:17:17.093+0000: 847.280: [GC [PSYoungGen: 275178K->562K(267584K)] 446133K->171581K(954560K), 0.0069530 secs] [Times: user=0.04 sys=0.00, real=0.01 secs] 
2014-07-16T14:17:18.048+0000: 848.235: [GC [PSYoungGen: 267570K->958K(261184K)] 438589K->172065K(948160K), 0.0060450 secs] [Times: user=0.03 sys=0.00, real=0.00 secs] 
2014-07-16T14:17:18.991+0000: 849.178: [GC [PSYoungGen: 261123K->912K(254656K)] 432230K->172099K(941632K), 0.0051470 secs] [Times: user=0.03 sys=0.00, real=0.00 secs] 
2014-07-16T14:17:19.907+0000: 850.094: [GC [PSYoungGen: 254608K->448K(247872K)] 425795K->171707K(934848K), 0.0068090 secs] [Times: user=0.03 sys=0.00, real=0.01 secs] 
2014-07-16T14:17:20.803+0000: 850.990: [GC [PSYoungGen: 247861K->898K(242368K)] 419120K->172229K(929344K), 0.0044950 secs] [Times: user=0.02 sys=0.00, real=0.00 secs] 
2014-07-16T14:17:21.683+0000: 851.870: [GC [PSYoungGen: 242306K->434K(236032K)] 413637K->171845K(923008K), 0.0038040 secs] [Times: user=0.02 sys=0.00, real=0.00 secs] 
2014-07-16T14:17:22.535+0000: 852.722: [GC [PSYoungGen: 236018K->1204K(231232K)] 407429K->172703K(918208K), 0.0062920 secs] [Times: user=0.04 sys=0.00, real=0.01 secs] 
2014-07-16T14:17:23.344+0000: 853.531: [GC [PSYoungGen: 231220K->1258K(225920K)] 402719K->172845K(912896K), 0.0059110 secs] [Times: user=0.03 sys=0.00, real=0.01 secs] 
2014-07-16T14:17:24.168+0000: 854.355: [GC [PSYoungGen: 225898K->498K(219968K)] 397485K->172527K(906944K), 0.0042980 secs] [Times: user=0.02 sys=0.01, real=0.00 secs] 
2014-07-16T14:17:25.013+0000: 855.200: [GC [PSYoungGen: 219954K->1528K(216000K)] 391983K->173817K(902976K), 0.0085330 secs] [Times: user=0.05 sys=0.00, real=0.01 secs] 
2014-07-16T14:17:25.738+0000: 855.925: [GC [PSYoungGen: 215992K->886K(210496K)] 388281K->173395K(897472K), 0.0053770 secs] [Times: user=0.04 sys=0.00, real=0.01 secs] 
2014-07-16T14:17:26.481+0000: 856.668: [GC [PSYoungGen: 210486K->594K(205568K)] 382995K->173191K(892544K), 0.0052350 secs] [Times: user=0.03 sys=0.00, real=0.00 secs] 
2014-07-16T14:17:27.232+0000: 857.419: [GC [PSYoungGen: 205522K->1076K(201536K)] 378119K->173769K(888512K), 0.0087500 secs] [Times: user=0.05 sys=0.01, real=0.01 secs] 
2014-07-16T14:17:27.944+0000: 858.131: [GC [PSYoungGen: 201524K->658K(196800K)] 374217K->173415K(883776K), 0.0048590 secs] [Times: user=0.02 sys=0.00, real=0.01 secs] 
2014-07-16T14:17:28.660+0000: 858.847: [GC [PSYoungGen: 196754K->922K(192832K)] 369511K->173767K(879808K), 0.0042580 secs] [Times: user=0.02 sys=0.00, real=0.00 secs] 
2014-07-16T14:17:29.375+0000: 859.562: [GC [PSYoungGen: 192794K->640K(188480K)] 365639K->173557K(875456K), 0.0039410 secs] [Times: user=0.01 sys=0.00, real=0.01 secs] 
2014-07-16T14:17:30.101+0000: 860.288: [GC [PSYoungGen: 188478K->1582K(185536K)] 361395K->174611K(872512K), 0.0058710 secs] [Times: user=0.04 sys=0.00, real=0.00 secs] 
2014-07-16T14:17:30.712+0000: 860.899: [GC [PSYoungGen: 185516K->1790K(181952K)] 358545K->174883K(868928K), 0.0091560 secs] [Times: user=0.05 sys=0.01, real=0.01 secs] 
2014-07-16T14:17:31.358+0000: 861.545: [GC [PSYoungGen: 181942K->256K(176768K)] 355035K->173695K(863744K), 0.0032620 secs] [Times: user=0.01 sys=0.00, real=0.01 secs] 
2014-07-16T14:17:32.011+0000: 862.198: [GC [PSYoungGen: 176768K->922K(173888K)] 350207K->174433K(860864K), 0.0090080 secs] [Times: user=0.06 sys=0.00, real=0.01 secs] 
2014-07-16T14:17:32.673+0000: 862.860: [GC [PSYoungGen: 173850K->1194K(170688K)] 347361K->175043K(857664K), 0.0030520 secs] [Times: user=0.01 sys=0.00, real=0.00 secs] 
2014-07-16T14:17:33.349+0000: 863.536: [GC [PSYoungGen: 170639K->1100K(167296K)] 344488K->175013K(854272K), 0.0039680 secs] [Times: user=0.01 sys=0.00, real=0.01 secs] 
2014-07-16T14:17:33.971+0000: 864.159: [GC [PSYoungGen: 167244K->736K(163712K)] 341157K->174761K(850688K), 0.0046220 secs] [Times: user=0.02 sys=0.01, real=0.00 secs] 
2014-07-16T14:17:34.573+0000: 864.760: [GC [PSYoungGen: 163680K->736K(160576K)] 337705K->174825K(847552K), 0.0057290 secs] [Times: user=0.04 sys=0.00, real=0.00 secs] 
2014-07-16T14:17:35.236+0000: 865.423: [GC [PSYoungGen: 160544K->940K(157760K)] 334633K->175077K(844736K), 0.0040240 secs] [Times: user=0.01 sys=0.00, real=0.01 secs] 
2014-07-16T14:17:35.861+0000: 866.048: [GC [PSYoungGen: 157740K->1154K(155072K)] 331877K->175387K(842048K), 0.0064810 secs] [Times: user=0.04 sys=0.00, real=0.00 secs] 
2014-07-16T14:17:36.474+0000: 866.661: [GC [PSYoungGen: 155009K->722K(151808K)] 329242K->175027K(838784K), 0.0032970 secs] [Times: user=0.01 sys=0.00, real=0.00 secs] 
2014-07-16T14:17:37.060+0000: 867.248: [GC [PSYoungGen: 151762K->1312K(149632K)] 326067K->175673K(836608K), 0.0061550 secs] [Times: user=0.04 sys=0.00, real=0.00 secs] 
2014-07-16T14:17:37.599+0000: 867.786: [GC [PSYoungGen: 149585K->1162K(146816K)] 323947K->175595K(833792K), 0.0040510 secs] [Times: user=0.02 sys=0.00, real=0.01 secs] 
2014-07-16T14:17:38.123+0000: 868.310: [GC [PSYoungGen: 146762K->972K(144000K)] 321195K->175493K(830976K), 0.0046500 secs] [Times: user=0.03 sys=0.00, real=0.00 secs] 
2014-07-16T14:17:38.627+0000: 868.814: [GC [PSYoungGen: 143947K->666K(141184K)] 318469K->175251K(828160K), 0.0041580 secs] [Times: user=0.03 sys=0.00, real=0.01 secs] 
2014-07-16T14:17:39.125+0000: 869.312: [GC [PSYoungGen: 141146K->772K(138880K)] 315731K->175421K(825856K), 0.0056600 secs] [Times: user=0.04 sys=0.00, real=0.01 secs] 
2014-07-16T14:17:39.621+0000: 869.808: [GC [PSYoungGen: 138808K->1026K(166784K)] 313458K->175779K(853760K), 0.0095660 secs] [Times: user=0.05 sys=0.00, real=0.01 secs] 
2014-07-16T14:17:40.249+0000: 870.436: [GC [PSYoungGen: 166700K->698K(199552K)] 341453K->175499K(886528K), 0.0054840 secs] [Times: user=0.03 sys=0.00, real=0.01 secs] 
2014-07-16T14:17:40.951+0000: 871.138: [GC [PSYoungGen: 199498K->998K(195584K)] 374299K->175879K(882560K), 0.0050660 secs] [Times: user=0.02 sys=0.00, real=0.01 secs] 
2014-07-16T14:17:41.655+0000: 871.842: [GC [PSYoungGen: 195558K->698K(234176K)] 370439K->175619K(921152K), 0.0086120 secs] [Times: user=0.05 sys=0.00, real=0.01 secs] 
2014-07-16T14:17:42.473+0000: 872.660: [GC [PSYoungGen: 234170K->990K(228992K)] 409091K->175983K(915968K), 0.0044210 secs] [Times: user=0.02 sys=0.00, real=0.00 secs] 
2014-07-16T14:17:43.283+0000: 873.470: [GC [PSYoungGen: 228956K->516K(223232K)] 403950K->175573K(910208K), 0.0061360 secs] [Times: user=0.04 sys=0.00, real=0.00 secs] 
2014-07-16T14:17:44.073+0000: 874.260: [GC [PSYoungGen: 223172K->858K(218432K)] 398229K->176011K(905408K), 0.0040740 secs] [Times: user=0.03 sys=0.00, real=0.00 secs] 
2014-07-16T14:17:44.864+0000: 875.051: [GC [PSYoungGen: 218393K->1376K(214016K)] 393547K->176617K(900992K), 0.0032440 secs] [Times: user=0.02 sys=0.00, real=0.00 secs] 
2014-07-16T14:17:45.622+0000: 875.809: [GC [PSYoungGen: 213984K->684K(208512K)] 389225K->176133K(895488K), 0.0050810 secs] [Times: user=0.04 sys=0.00, real=0.00 secs] 
2014-07-16T14:17:46.394+0000: 876.582: [GC [PSYoungGen: 208468K->676K(203904K)] 383917K->176189K(890880K), 0.0043870 secs] [Times: user=0.02 sys=0.00, real=0.00 secs] 
2014-07-16T14:17:47.139+0000: 877.326: [GC [PSYoungGen: 203855K->990K(199808K)] 379369K->176583K(886784K), 0.0032330 secs] [Times: user=0.02 sys=0.00, real=0.01 secs] 
2014-07-16T14:17:47.941+0000: 878.128: [GC [PSYoungGen: 199774K->1200K(195712K)] 375367K->176881K(882688K), 0.0062510 secs] [Times: user=0.04 sys=0.00, real=0.01 secs] 
2014-07-16T14:17:48.642+0000: 878.829: [GC [PSYoungGen: 195696K->752K(191104K)] 371377K->176667K(878080K), 0.0060060 secs] [Times: user=0.03 sys=0.00, real=0.00 secs] 
2014-07-16T14:17:49.420+0000: 879.608: [GC [PSYoungGen: 191088K->1090K(187456K)] 367003K->177053K(874432K), 0.0061420 secs] [Times: user=0.02 sys=0.00, real=0.01 secs] 
2014-07-16T14:17:50.149+0000: 880.337: [GC [PSYoungGen: 187393K->1108K(183552K)] 363357K->177217K(870528K), 0.0073620 secs] [Times: user=0.05 sys=0.00, real=0.01 secs] 
2014-07-16T14:17:50.907+0000: 881.094: [GC [PSYoungGen: 183508K->790K(179456K)] 359617K->176979K(866432K), 0.0042030 secs] [Times: user=0.02 sys=0.00, real=0.00 secs] 
2014-07-16T14:17:51.573+0000: 881.760: [GC [PSYoungGen: 179413K->1140K(176128K)] 355603K->177605K(863104K), 0.0057470 secs] [Times: user=0.04 sys=0.00, real=0.00 secs] 
2014-07-16T14:17:52.244+0000: 882.431: [GC [PSYoungGen: 176116K->944K(172416K)] 352581K->177481K(859392K), 0.0062730 secs] [Times: user=0.04 sys=0.00, real=0.00 secs] 
2014-07-16T14:17:52.893+0000: 883.080: [GC [PSYoungGen: 172400K->516K(168640K)] 348937K->177109K(855616K), 0.0029900 secs] [Times: user=0.01 sys=0.00, real=0.00 secs] 
2014-07-16T14:17:53.522+0000: 883.710: [GC [PSYoungGen: 168580K->516K(165376K)] 345173K->177165K(852352K), 0.0051040 secs] [Times: user=0.03 sys=0.00, real=0.01 secs] 
2014-07-16T14:17:54.110+0000: 884.297: [GC [PSYoungGen: 165316K->1118K(162752K)] 341965K->177855K(849728K), 0.0089500 secs] [Times: user=0.05 sys=0.00, real=0.01 secs] 
2014-07-16T14:17:54.690+0000: 884.878: [GC [PSYoungGen: 162632K->1148K(159680K)] 339370K->177957K(846656K), 0.0062120 secs] [Times: user=0.04 sys=0.01, real=0.01 secs] 
2014-07-16T14:17:55.303+0000: 885.491: [GC [PSYoungGen: 159648K->950K(156480K)] 336458K->178055K(843456K), 0.0071570 secs] [Times: user=0.04 sys=0.00, real=0.00 secs] 
2014-07-16T14:17:55.823+0000: 886.010: [GC [PSYoungGen: 156450K->1390K(154048K)] 333555K->178599K(841024K), 0.0047650 secs] [Times: user=0.02 sys=0.00, real=0.00 secs] 
2014-07-16T14:17:56.369+0000: 886.556: [GC [PSYoungGen: 154030K->722K(150592K)] 331239K->178011K(837568K), 0.0040070 secs] [Times: user=0.03 sys=0.00, real=0.00 secs] 
2014-07-16T14:17:56.913+0000: 887.100: [GC [PSYoungGen: 150516K->712K(147840K)] 327805K->178105K(834816K), 0.0041030 secs] [Times: user=0.02 sys=0.00, real=0.00 secs] 
2014-07-16T14:17:57.454+0000: 887.641: [GC [PSYoungGen: 147784K->662K(145152K)] 325177K->178135K(832128K), 0.0036890 secs] [Times: user=0.02 sys=0.00, real=0.00 secs] 
2014-07-16T14:17:57.987+0000: 888.175: [GC [PSYoungGen: 145076K->1272K(143168K)] 322549K->178857K(830144K), 0.0048250 secs] [Times: user=0.03 sys=0.01, real=0.00 secs] 
2014-07-16T14:17:58.546+0000: 888.733: [GC [PSYoungGen: 143160K->702K(140096K)] 320745K->178335K(827072K), 0.0081850 secs] [Times: user=0.05 sys=0.01, real=0.01 secs] 
2014-07-16T14:17:59.025+0000: 889.212: [GC [PSYoungGen: 140068K->1258K(138240K)] 317702K->178987K(825216K), 0.0038010 secs] [Times: user=0.01 sys=0.00, real=0.00 secs] 
2014-07-16T14:17:59.527+0000: 889.715: [GC [PSYoungGen: 138218K->998K(135616K)] 315947K->178791K(822592K), 0.0064010 secs] [Times: user=0.05 sys=0.00, real=0.00 secs] 
2014-07-16T14:18:00.010+0000: 890.197: [GC [PSYoungGen: 135590K->1290K(162880K)] 313383K->179155K(849856K), 0.0070580 secs] [Times: user=0.04 sys=0.00, real=0.01 secs] 
2014-07-16T14:18:00.601+0000: 890.788: [GC [PSYoungGen: 162791K->998K(159488K)] 340657K->179355K(846464K), 0.0042900 secs] [Times: user=0.03 sys=0.01, real=0.01 secs] 
2014-07-16T14:18:01.172+0000: 891.360: [GC [PSYoungGen: 159365K->1404K(191616K)] 337722K->179817K(878592K), 0.0062480 secs] [Times: user=0.01 sys=0.01, real=0.01 secs] 
2014-07-16T14:18:01.846+0000: 892.033: [GC [PSYoungGen: 191612K->1304K(187520K)] 370025K->179821K(874496K), 0.0036920 secs] [Times: user=0.02 sys=0.01, real=0.00 secs] 
2014-07-16T14:18:02.520+0000: 892.707: [GC [PSYoungGen: 187480K->1012K(183296K)] 365997K->179585K(870272K), 0.0038930 secs] [Times: user=0.01 sys=0.00, real=0.00 secs] 
2014-07-16T14:18:03.179+0000: 893.367: [GC [PSYoungGen: 183255K->854K(179456K)] 361829K->179499K(866432K), 0.0040870 secs] [Times: user=0.02 sys=0.00, real=0.00 secs] 
2014-07-16T14:18:03.825+0000: 894.012: [GC [PSYoungGen: 179414K->1312K(176256K)] 358059K->180037K(863232K), 0.0030530 secs] [Times: user=0.02 sys=0.00, real=0.00 secs] 
2014-07-16T14:18:04.465+0000: 894.652: [GC [PSYoungGen: 176224K->1228K(172672K)] 354949K->180041K(859648K), 0.0050040 secs] [Times: user=0.02 sys=0.00, real=0.00 secs] 
2014-07-16T14:18:05.063+0000: 895.251: [GC [PSYoungGen: 172620K->1240K(169280K)] 351433K->180109K(856256K), 0.0088550 secs] [Times: user=0.05 sys=0.00, real=0.01 secs] 
2014-07-16T14:18:05.674+0000: 895.861: [GC [PSYoungGen: 169240K->980K(165760K)] 348109K->179913K(852736K), 0.0049940 secs] [Times: user=0.02 sys=0.00, real=0.01 secs] 
2014-07-16T14:18:06.268+0000: 896.455: [GC [PSYoungGen: 165679K->1272K(162816K)] 344613K->180293K(849792K), 0.0034860 secs] [Times: user=0.01 sys=0.00, real=0.00 secs] 
2014-07-16T14:18:06.856+0000: 897.043: [GC [PSYoungGen: 162808K->530K(159040K)] 341829K->179615K(846016K), 0.0047430 secs] [Times: user=0.02 sys=0.00, real=0.00 secs] 
2014-07-16T14:18:07.435+0000: 897.622: [GC [PSYoungGen: 158994K->1212K(156672K)] 338079K->180377K(843648K), 0.0039310 secs] [Times: user=0.02 sys=0.01, real=0.01 secs] 
2014-07-16T14:18:08.015+0000: 898.203: [GC [PSYoungGen: 156668K->758K(187328K)] 335833K->179987K(874304K), 0.0115710 secs] [Times: user=0.08 sys=0.00, real=0.01 secs] 
2014-07-16T14:18:08.675+0000: 898.863: [GC [PSYoungGen: 187318K->794K(224704K)] 366547K->180127K(911680K), 0.0068340 secs] [Times: user=0.04 sys=0.00, real=0.00 secs] 
2014-07-16T14:18:09.505+0000: 899.692: [GC [PSYoungGen: 224666K->666K(219392K)] 403999K->180063K(906368K), 0.0053000 secs] [Times: user=0.03 sys=0.00, real=0.00 secs] 
2014-07-16T14:18:10.276+0000: 900.464: [GC [PSYoungGen: 219354K->480K(214208K)] 398751K->179933K(901184K), 0.0082430 secs] [Times: user=0.03 sys=0.00, real=0.00 secs] 
2014-07-16T14:18:11.051+0000: 901.238: [GC [PSYoungGen: 214176K->672K(209600K)] 393629K->180213K(896576K), 0.0080190 secs] [Times: user=0.04 sys=0.00, real=0.01 secs] 
2014-07-16T14:18:11.790+0000: 901.977: [GC [PSYoungGen: 209568K->1154K(205440K)] 389109K->180783K(892416K), 0.0071750 secs] [Times: user=0.04 sys=0.00, real=0.01 secs] 
2014-07-16T14:18:12.544+0000: 902.731: [GC [PSYoungGen: 205378K->862K(200640K)] 385007K->180555K(887616K), 0.0084260 secs] [Times: user=0.05 sys=0.00, real=0.01 secs] 
2014-07-16T14:18:13.263+0000: 903.451: [GC [PSYoungGen: 200606K->576K(195968K)] 380299K->180349K(882944K), 0.0058520 secs] [Times: user=0.03 sys=0.00, real=0.01 secs] 
2014-07-16T14:18:13.964+0000: 904.151: [GC [PSYoungGen: 195968K->644K(191936K)] 375741K->180521K(878912K), 0.0047630 secs] [Times: user=0.03 sys=0.00, real=0.01 secs] 
2014-07-16T14:18:14.663+0000: 904.850: [GC [PSYoungGen: 191876K->1272K(188480K)] 371753K->181245K(875456K), 0.0030560 secs] [Times: user=0.02 sys=0.00, real=0.00 secs] 
2014-07-16T14:18:15.326+0000: 905.513: [GC [PSYoungGen: 188472K->694K(184000K)] 368445K->180771K(870976K), 0.0054020 secs] [Times: user=0.03 sys=0.00, real=0.01 secs] 
2014-07-16T14:18:16.014+0000: 906.202: [GC [PSYoungGen: 183990K->804K(180352K)] 364067K->180929K(867328K), 0.0043760 secs] [Times: user=0.02 sys=0.00, real=0.01 secs] 
2014-07-16T14:18:16.658+0000: 906.845: [GC [PSYoungGen: 180324K->808K(176704K)] 360449K->181005K(863680K), 0.0042570 secs] [Times: user=0.03 sys=0.00, real=0.00 secs] 
2014-07-16T14:18:17.288+0000: 907.475: [GC [PSYoungGen: 176661K->758K(173120K)] 356859K->181051K(860096K), 0.0040230 secs] [Times: user=0.02 sys=0.00, real=0.00 secs] 
2014-07-16T14:18:17.917+0000: 908.104: [GC [PSYoungGen: 173108K->562K(169536K)] 353402K->180927K(856512K), 0.0039080 secs] [Times: user=0.03 sys=0.00, real=0.00 secs] 
2014-07-16T14:18:18.522+0000: 908.709: [GC [PSYoungGen: 169522K->530K(166208K)] 349887K->180951K(853184K), 0.0048900 secs] [Times: user=0.02 sys=0.01, real=0.01 secs] 
2014-07-16T14:18:19.123+0000: 909.311: [GC [PSYoungGen: 166162K->812K(163264K)] 346583K->181297K(850240K), 0.0038000 secs] [Times: user=0.02 sys=0.00, real=0.01 secs] 
2014-07-16T14:18:19.718+0000: 909.905: [GC [PSYoungGen: 163244K->1244K(160576K)] 343729K->181793K(847552K), 0.0036630 secs] [Times: user=0.02 sys=0.00, real=0.00 secs] 
2014-07-16T14:18:20.284+0000: 910.471: [GC [PSYoungGen: 160466K->748K(157056K)] 341016K->181433K(844032K), 0.0044890 secs] [Times: user=0.03 sys=0.00, real=0.01 secs] 
2014-07-16T14:18:20.859+0000: 911.046: [GC [PSYoungGen: 157031K->1262K(154624K)] 337717K->182051K(841600K), 0.0052710 secs] [Times: user=0.03 sys=0.00, real=0.00 secs] 
2014-07-16T14:18:21.414+0000: 911.601: [GC [PSYoungGen: 154558K->912K(151488K)] 335348K->182005K(838464K), 0.0039170 secs] [Times: user=0.03 sys=0.00, real=0.01 secs] 
2014-07-16T14:18:21.949+0000: 912.136: [GC [PSYoungGen: 151440K->930K(148736K)] 332533K->182095K(835712K), 0.0051660 secs] [Times: user=0.03 sys=0.00, real=0.00 secs] 
2014-07-16T14:18:22.464+0000: 912.651: [GC [PSYoungGen: 148706K->448K(145536K)] 329871K->181693K(832512K), 0.0046020 secs] [Times: user=0.03 sys=0.00, real=0.01 secs] 
2014-07-16T14:18:22.985+0000: 913.172: [GC [PSYoungGen: 145536K->666K(143232K)] 326781K->181975K(830208K), 0.0064760 secs] [Times: user=0.03 sys=0.00, real=0.01 secs] 
2014-07-16T14:18:23.490+0000: 913.677: [GC [PSYoungGen: 143194K->976K(141056K)] 324503K->182405K(828032K), 0.0043930 secs] [Times: user=0.02 sys=0.00, real=0.00 secs] 
2014-07-16T14:18:24.002+0000: 914.189: [GC [PSYoungGen: 141008K->530K(138176K)] 322437K->182023K(825152K), 0.0043170 secs] [Times: user=0.03 sys=0.00, real=0.00 secs] 
2014-07-16T14:18:24.533+0000: 914.720: [GC [PSYoungGen: 138130K->818K(165952K)] 319623K->182359K(852928K), 0.0106700 secs] [Times: user=0.06 sys=0.00, real=0.01 secs] 
2014-07-16T14:18:25.154+0000: 915.341: [GC [PSYoungGen: 165938K->658K(198848K)] 347479K->182255K(885824K), 0.0063680 secs] [Times: user=0.03 sys=0.00, real=0.01 secs] 
2014-07-16T14:18:25.981+0000: 916.168: [GC [PSYoungGen: 198802K->1150K(195008K)] 380399K->182819K(881984K), 0.0061340 secs] [Times: user=0.03 sys=0.00, real=0.00 secs] 
2014-07-16T14:18:26.704+0000: 916.891: [GC [PSYoungGen: 195006K->800K(190528K)] 376675K->182549K(877504K), 0.0042910 secs] [Times: user=0.02 sys=0.00, real=0.01 secs] 
2014-07-16T14:18:27.450+0000: 917.637: [GC [PSYoungGen: 190490K->730K(186496K)] 372240K->182527K(873472K), 0.0057330 secs] [Times: user=0.03 sys=0.00, real=0.00 secs] 
2014-07-16T14:18:28.154+0000: 918.341: [GC [PSYoungGen: 186442K->876K(182784K)] 368240K->182761K(869760K), 0.0067970 secs] [Times: user=0.04 sys=0.00, real=0.01 secs] 
2014-07-16T14:18:28.859+0000: 919.047: [GC [PSYoungGen: 182764K->530K(211328K)] 364649K->182463K(898304K), 0.0112400 secs] [Times: user=0.07 sys=0.01, real=0.01 secs] 
2014-07-16T14:18:29.720+0000: 919.907: [GC [PSYoungGen: 210764K->836K(206464K)] 392698K->182873K(893440K), 0.0044350 secs] [Times: user=0.03 sys=0.00, real=0.00 secs] 
2014-07-16T14:18:30.441+0000: 920.628: [GC [PSYoungGen: 206402K->498K(201536K)] 388440K->182663K(888512K), 0.0045240 secs] [Times: user=0.02 sys=0.00, real=0.00 secs] 
2014-07-16T14:18:31.174+0000: 921.361: [GC [PSYoungGen: 201486K->1012K(197696K)] 383652K->183265K(884672K), 0.0033540 secs] [Times: user=0.01 sys=0.01, real=0.00 secs] 
2014-07-16T14:18:31.888+0000: 922.075: [GC [PSYoungGen: 197684K->512K(192960K)] 379937K->182829K(879936K), 0.0069330 secs] [Times: user=0.03 sys=0.00, real=0.01 secs] 
2014-07-16T14:18:32.564+0000: 922.751: [GC [PSYoungGen: 192911K->858K(189248K)] 375228K->183295K(876224K), 0.0050730 secs] [Times: user=0.04 sys=0.00, real=0.01 secs] 
2014-07-16T14:18:33.230+0000: 923.417: [GC [PSYoungGen: 189200K->834K(208896K)] 371638K->183343K(895872K), 0.0137870 secs] [Times: user=0.09 sys=0.00, real=0.01 secs] 
2014-07-16T14:18:33.994+0000: 924.182: [GC [PSYoungGen: 208450K->722K(208896K)] 390959K->183303K(895872K), 0.0113810 secs] [Times: user=0.07 sys=0.00, real=0.01 secs] 
2014-07-16T14:18:34.753+0000: 924.940: [GC [PSYoungGen: 208338K->740K(250368K)] 390919K->183393K(937344K), 0.0081210 secs] [Times: user=0.03 sys=0.00, real=0.01 secs] 
2014-07-16T14:18:35.655+0000: 925.842: [GC [PSYoungGen: 249877K->1208K(250368K)] 432531K->184441K(937344K), 0.0064850 secs] [Times: user=0.03 sys=0.00, real=0.01 secs] 
2014-07-16T14:18:36.553+0000: 926.740: [GC [PSYoungGen: 250360K->672K(243776K)] 433593K->183985K(930752K), 0.0062030 secs] [Times: user=0.04 sys=0.00, real=0.01 secs] 
2014-07-16T14:18:37.438+0000: 927.626: [GC [PSYoungGen: 243744K->1272K(238464K)] 427057K->184689K(925440K), 0.0035130 secs] [Times: user=0.02 sys=0.00, real=0.01 secs] 
2014-07-16T14:18:38.304+0000: 928.491: [GC [PSYoungGen: 238410K->616K(232192K)] 421828K->184467K(919168K), 0.0031350 secs] [Times: user=0.01 sys=0.00, real=0.00 secs] 
2014-07-16T14:18:39.121+0000: 929.308: [GC [PSYoungGen: 232168K->876K(227008K)] 416019K->184849K(913984K), 0.0058270 secs] [Times: user=0.04 sys=0.00, real=0.00 secs] 
2014-07-16T14:18:39.971+0000: 930.158: [GC [PSYoungGen: 226988K->612K(221504K)] 410961K->184625K(908480K), 0.0033680 secs] [Times: user=0.02 sys=0.01, real=0.00 secs] 
2014-07-16T14:18:40.973+0000: 931.160: [GC [PSYoungGen: 221476K->882K(216704K)] 405489K->184983K(903680K), 0.0039950 secs] [Times: user=0.02 sys=0.00, real=0.00 secs] 
2014-07-16T14:18:41.801+0000: 931.989: [GC [PSYoungGen: 216686K->836K(211840K)] 400788K->185049K(898816K), 0.0030870 secs] [Times: user=0.02 sys=0.00, real=0.00 secs] 
2014-07-16T14:18:42.596+0000: 932.783: [GC [PSYoungGen: 211780K->644K(206912K)] 395993K->184921K(893888K), 0.0050570 secs] [Times: user=0.02 sys=0.00, real=0.01 secs] 
2014-07-16T14:18:43.395+0000: 933.582: [GC [PSYoungGen: 206809K->812K(202496K)] 391087K->185153K(889472K), 0.0085330 secs] [Times: user=0.05 sys=0.00, real=0.01 secs] 
2014-07-16T14:18:44.180+0000: 934.367: [GC [PSYoungGen: 202476K->1018K(198272K)] 386817K->185447K(885248K), 0.0055050 secs] [Times: user=0.03 sys=0.00, real=0.01 secs] 
2014-07-16T14:18:44.925+0000: 935.112: [GC [PSYoungGen: 198266K->766K(193792K)] 382695K->185371K(880768K), 0.0083550 secs] [Times: user=0.04 sys=0.01, real=0.01 secs] 
2014-07-16T14:18:45.757+0000: 935.945: [GC [PSYoungGen: 193790K->1086K(190016K)] 378395K->185739K(876992K), 0.0035600 secs] [Times: user=0.02 sys=0.00, real=0.01 secs] 
2014-07-16T14:18:46.382+0000: 936.569: [GC [PSYoungGen: 190014K->658K(185664K)] 374667K->185457K(872640K), 0.0049130 secs] [Times: user=0.03 sys=0.00, real=0.00 secs] 
2014-07-16T14:18:47.042+0000: 937.230: [GC [PSYoungGen: 185618K->690K(181824K)] 370417K->185553K(868800K), 0.0045300 secs] [Times: user=0.02 sys=0.00, real=0.00 secs] 
2014-07-16T14:18:47.701+0000: 937.888: [GC [PSYoungGen: 181808K->576K(177984K)] 366672K->185535K(864960K), 0.0052460 secs] [Times: user=0.02 sys=0.01, real=0.00 secs] 
2014-07-16T14:18:48.342+0000: 938.529: [GC [PSYoungGen: 177984K->990K(174848K)] 362943K->186014K(861824K), 0.0071210 secs] [Times: user=0.04 sys=0.01, real=0.00 secs] 
2014-07-16T14:18:48.974+0000: 939.162: [GC [PSYoungGen: 174814K->662K(171072K)] 359838K->185773K(858048K), 0.0054230 secs] [Times: user=0.04 sys=0.00, real=0.00 secs] 
2014-07-16T14:18:49.580+0000: 939.767: [GC [PSYoungGen: 171029K->694K(167744K)] 356141K->185885K(854720K), 0.0033550 secs] [Times: user=0.01 sys=0.00, real=0.01 secs] 
2014-07-16T14:18:50.173+0000: 940.360: [GC [PSYoungGen: 167728K->994K(164800K)] 352920K->186282K(851776K), 0.0027920 secs] [Times: user=0.01 sys=0.01, real=0.00 secs] 
2014-07-16T14:18:50.786+0000: 940.973: [GC [PSYoungGen: 164770K->1076K(161728K)] 350058K->186459K(848704K), 0.0045810 secs] [Times: user=0.03 sys=0.00, real=0.00 secs] 
2014-07-16T14:18:51.350+0000: 941.537: [GC [PSYoungGen: 161716K->562K(158144K)] 347099K->185993K(845120K), 0.0029110 secs] [Times: user=0.02 sys=0.00, real=0.01 secs] 
2014-07-16T14:18:51.963+0000: 942.151: [GC [PSYoungGen: 158130K->1172K(155840K)] 343561K->186715K(842816K), 0.0077000 secs] [Times: user=0.05 sys=0.00, real=0.00 secs] 
2014-07-16T14:18:52.480+0000: 942.668: [GC [PSYoungGen: 155796K->858K(152640K)] 341339K->186457K(839616K), 0.0073790 secs] [Times: user=0.04 sys=0.01, real=0.01 secs] 
2014-07-16T14:18:53.038+0000: 943.225: [GC [PSYoungGen: 152602K->544K(149568K)] 338201K->186223K(836544K), 0.0061130 secs] [Times: user=0.04 sys=0.00, real=0.01 secs] 
2014-07-16T14:18:53.563+0000: 943.751: [GC [PSYoungGen: 149502K->1116K(147456K)] 335182K->186868K(834432K), 0.0044370 secs] [Times: user=0.02 sys=0.00, real=0.00 secs] 
2014-07-16T14:18:54.088+0000: 944.275: [GC [PSYoungGen: 147420K->448K(144128K)] 333172K->186287K(831104K), 0.0039320 secs] [Times: user=0.02 sys=0.01, real=0.00 secs] 
2014-07-16T14:18:54.605+0000: 944.792: [GC [PSYoungGen: 144124K->854K(142016K)] 329964K->186773K(828992K), 0.0055570 secs] [Times: user=0.03 sys=0.00, real=0.00 secs] 
2014-07-16T14:18:55.114+0000: 945.301: [GC [PSYoungGen: 141971K->916K(139584K)] 327891K->186915K(826560K), 0.0055350 secs] [Times: user=0.03 sys=0.00, real=0.00 secs] 
2014-07-16T14:18:55.619+0000: 945.806: [GC [PSYoungGen: 139540K->1012K(167424K)] 325539K->187108K(854400K), 0.0077860 secs] [Times: user=0.05 sys=0.00, real=0.01 secs] 
2014-07-16T14:18:56.229+0000: 946.416: [GC [PSYoungGen: 167412K->1262K(164416K)] 353508K->187438K(851392K), 0.0044270 secs] [Times: user=0.02 sys=0.00, real=0.01 secs] 
2014-07-16T14:18:56.821+0000: 947.008: [GC [PSYoungGen: 164377K->698K(160704K)] 350553K->187334K(847680K), 0.0060480 secs] [Times: user=0.04 sys=0.00, real=0.01 secs] 
2014-07-16T14:18:57.398+0000: 947.585: [GC [PSYoungGen: 160648K->884K(157888K)] 347284K->187576K(844864K), 0.0058530 secs] [Times: user=0.02 sys=0.00, real=0.01 secs] 
2014-07-16T14:18:57.962+0000: 948.149: [GC [PSYoungGen: 157876K->980K(155072K)] 344568K->187794K(842048K), 0.0061250 secs] [Times: user=0.04 sys=0.00, real=0.00 secs] 
2014-07-16T14:18:58.492+0000: 948.679: [GC [PSYoungGen: 155028K->1062K(152256K)] 341842K->187980K(839232K), 0.0050460 secs] [Times: user=0.03 sys=0.00, real=0.01 secs] 
2014-07-16T14:18:59.042+0000: 949.229: [GC [PSYoungGen: 152230K->872K(182336K)] 339148K->188022K(869312K), 0.0066750 secs] [Times: user=0.04 sys=0.00, real=0.01 secs] 
2014-07-16T14:18:59.693+0000: 949.880: [GC [PSYoungGen: 182290K->1384K(179136K)] 369440K->188582K(866112K), 0.0038640 secs] [Times: user=0.01 sys=0.00, real=0.00 secs] 
2014-07-16T14:19:00.352+0000: 950.539: [GC [PSYoungGen: 179112K->694K(174848K)] 366310K->188210K(861824K), 0.0032550 secs] [Times: user=0.01 sys=0.00, real=0.01 secs] 
2014-07-16T14:19:00.982+0000: 951.169: [GC [PSYoungGen: 174837K->1022K(171712K)] 362353K->188626K(858688K), 0.0032040 secs] [Times: user=0.02 sys=0.00, real=0.01 secs] 
2014-07-16T14:19:01.564+0000: 951.751: [GC [PSYoungGen: 171710K->1312K(168640K)] 359314K->189104K(855616K), 0.0038650 secs] [Times: user=0.02 sys=0.00, real=0.00 secs] 
2014-07-16T14:19:02.162+0000: 952.349: [GC [PSYoungGen: 168608K->754K(164800K)] 356400K->188650K(851776K), 0.0032760 secs] [Times: user=0.02 sys=0.00, real=0.01 secs] 
2014-07-16T14:19:02.766+0000: 952.953: [GC [PSYoungGen: 164786K->994K(161920K)] 352682K->188970K(848896K), 0.0042780 secs] [Times: user=0.02 sys=0.00, real=0.00 secs] 
2014-07-16T14:19:03.346+0000: 953.533: [GC [PSYoungGen: 161890K->1226K(159104K)] 349866K->189290K(846080K), 0.0048930 secs] [Times: user=0.03 sys=0.00, real=0.00 secs] 
2014-07-16T14:19:03.918+0000: 954.105: [GC [PSYoungGen: 159050K->730K(155648K)] 347114K->188898K(842624K), 0.0032760 secs] [Times: user=0.02 sys=0.00, real=0.00 secs] 
2014-07-16T14:19:04.469+0000: 954.656: [GC [PSYoungGen: 155567K->1004K(153024K)] 343735K->189244K(840000K), 0.0038110 secs] [Times: user=0.02 sys=0.00, real=0.00 secs] 
2014-07-16T14:19:05.001+0000: 955.188: [GC [PSYoungGen: 153004K->594K(149824K)] 341244K->188914K(836800K), 0.0055620 secs] [Times: user=0.03 sys=0.00, real=0.01 secs] 
2014-07-16T14:19:05.541+0000: 955.728: [GC [PSYoungGen: 149777K->666K(147200K)] 338097K->189034K(834176K), 0.0042570 secs] [Times: user=0.01 sys=0.00, real=0.01 secs] 
2014-07-16T14:19:06.084+0000: 956.271: [GC [PSYoungGen: 147162K->1180K(145088K)] 335530K->189596K(832064K), 0.0037130 secs] [Times: user=0.02 sys=0.00, real=0.00 secs] 
2014-07-16T14:19:06.660+0000: 956.848: [GC [PSYoungGen: 145020K->1078K(142400K)] 333436K->189566K(829376K), 0.0057950 secs] [Times: user=0.03 sys=0.00, real=0.01 secs] 
2014-07-16T14:19:07.195+0000: 957.382: [GC [PSYoungGen: 142390K->748K(139584K)] 330878K->189276K(826560K), 0.0060400 secs] [Times: user=0.03 sys=0.00, real=0.00 secs] 
2014-07-16T14:19:07.751+0000: 957.938: [GC [PSYoungGen: 139564K->808K(137280K)] 328092K->189408K(824256K), 0.0035520 secs] [Times: user=0.02 sys=0.00, real=0.01 secs] 
2014-07-16T14:19:08.297+0000: 958.484: [GC [PSYoungGen: 137256K->544K(134720K)] 325856K->189200K(821696K), 0.0081130 secs] [Times: user=0.04 sys=0.00, real=0.01 secs] 
2014-07-16T14:19:08.855+0000: 959.042: [GC [PSYoungGen: 134688K->594K(161664K)] 323344K->189306K(848640K), 0.0077970 secs] [Times: user=0.04 sys=0.00, real=0.00 secs] 
2014-07-16T14:19:09.485+0000: 959.672: [GC [PSYoungGen: 161568K->940K(158912K)] 350280K->189716K(845888K), 0.0031730 secs] [Times: user=0.01 sys=0.00, real=0.00 secs] 
2014-07-16T14:19:10.121+0000: 960.308: [GC [PSYoungGen: 158892K->1200K(156224K)] 347668K->190056K(843200K), 0.0061040 secs] [Times: user=0.04 sys=0.00, real=0.01 secs] 
2014-07-16T14:19:10.751+0000: 960.938: [GC [PSYoungGen: 156179K->804K(152960K)] 345035K->189798K(839936K), 0.0031390 secs] [Times: user=0.02 sys=0.00, real=0.01 secs] 
2014-07-16T14:19:11.404+0000: 961.591: [GC [PSYoungGen: 152932K->872K(150208K)] 341926K->189964K(837184K), 0.0081580 secs] [Times: user=0.05 sys=0.00, real=0.00 secs] 
2014-07-16T14:19:11.972+0000: 962.159: [GC [PSYoungGen: 150096K->1266K(147904K)] 339188K->190570K(834880K), 0.0058950 secs] [Times: user=0.03 sys=0.00, real=0.01 secs] 
2014-07-16T14:19:12.461+0000: 962.648: [GC [PSYoungGen: 147890K->626K(144640K)] 337194K->190026K(831616K), 0.0052990 secs] [Times: user=0.04 sys=0.00, real=0.01 secs] 
2014-07-16T14:19:12.975+0000: 963.163: [GC [PSYoungGen: 144626K->1176K(174016K)] 334026K->190648K(860992K), 0.0069600 secs] [Times: user=0.04 sys=0.00, real=0.00 secs] 
2014-07-16T14:19:13.581+0000: 963.768: [GC [PSYoungGen: 173892K->1016K(208384K)] 363364K->190560K(895360K), 0.0062450 secs] [Times: user=0.04 sys=0.00, real=0.01 secs] 
2014-07-16T14:19:14.329+0000: 964.517: [GC [PSYoungGen: 208376K->576K(203328K)] 397920K->190216K(890304K), 0.0054470 secs] [Times: user=0.03 sys=0.00, real=0.00 secs] 
2014-07-16T14:19:15.065+0000: 965.252: [GC [PSYoungGen: 203250K->1304K(199680K)] 392890K->191032K(886656K), 0.0059470 secs] [Times: user=0.04 sys=0.00, real=0.01 secs] 
2014-07-16T14:19:15.764+0000: 965.951: [GC [PSYoungGen: 199597K->484K(194560K)] 389325K->190276K(881536K), 0.0047080 secs] [Times: user=0.02 sys=0.00, real=0.01 secs] 
2014-07-16T14:19:16.463+0000: 966.650: [GC [PSYoungGen: 194532K->580K(190528K)] 384324K->190460K(877504K), 0.0063510 secs] [Times: user=0.04 sys=0.00, real=0.01 secs] 
2014-07-16T14:19:17.149+0000: 967.336: [GC [PSYoungGen: 190468K->608K(186560K)] 380348K->190576K(873536K), 0.0034020 secs] [Times: user=0.02 sys=0.00, real=0.00 secs] 
2014-07-16T14:19:17.847+0000: 968.035: [GC [PSYoungGen: 186504K->1064K(183168K)] 376472K->191120K(870144K), 0.0038740 secs] [Times: user=0.02 sys=0.01, real=0.00 secs] 
2014-07-16T14:19:18.474+0000: 968.661: [GC [PSYoungGen: 183144K->616K(179008K)] 373200K->190696K(865984K), 0.0121190 secs] [Times: user=0.07 sys=0.00, real=0.02 secs] 
2014-07-16T14:19:19.136+0000: 969.323: [GC [PSYoungGen: 178984K->1578K(215680K)] 369064K->191754K(902656K), 0.0178500 secs] [Times: user=0.10 sys=0.00, real=0.02 secs] 
2014-07-16T14:19:19.913+0000: 970.100: [GC [PSYoungGen: 215658K->690K(257600K)] 405834K->190930K(944576K), 0.0050590 secs] [Times: user=0.03 sys=0.00, real=0.01 secs] 
2014-07-16T14:19:20.858+0000: 971.045: [GC [PSYoungGen: 257586K->1104K(262080K)] 447826K->191424K(949056K), 0.0077800 secs] [Times: user=0.04 sys=0.00, real=0.00 secs] 
2014-07-16T14:19:21.785+0000: 971.972: [GC [PSYoungGen: 261372K->748K(254528K)] 451692K->191156K(941504K), 0.0053710 secs] [Times: user=0.03 sys=0.00, real=0.01 secs] 
2014-07-16T14:19:22.696+0000: 972.883: [GC [PSYoungGen: 254508K->694K(248192K)] 444916K->191174K(935168K), 0.0040330 secs] [Times: user=0.02 sys=0.00, real=0.00 secs] 
2014-07-16T14:19:23.584+0000: 973.771: [GC [PSYoungGen: 248182K->576K(242048K)] 438662K->191136K(929024K), 0.0067750 secs] [Times: user=0.04 sys=0.01, real=0.01 secs] 
2014-07-16T14:19:24.442+0000: 974.629: [GC [PSYoungGen: 242048K->672K(236352K)] 432608K->191288K(923328K), 0.0079410 secs] [Times: user=0.04 sys=0.00, real=0.01 secs] 
2014-07-16T14:19:25.303+0000: 975.490: [GC [PSYoungGen: 236320K->1062K(231168K)] 426936K->191750K(918144K), 0.0042970 secs] [Times: user=0.01 sys=0.00, real=0.01 secs] 
2014-07-16T14:19:26.128+0000: 976.315: [GC [PSYoungGen: 231113K->930K(225664K)] 421801K->191666K(912640K), 0.0082210 secs] [Times: user=0.05 sys=0.00, real=0.00 secs] 
2014-07-16T14:19:26.921+0000: 977.108: [GC [PSYoungGen: 225634K->1186K(220736K)] 416370K->192110K(907712K), 0.0067970 secs] [Times: user=0.05 sys=0.00, real=0.01 secs] 
2014-07-16T14:19:27.712+0000: 977.899: [GC [PSYoungGen: 220660K->830K(215360K)] 411584K->191818K(902336K), 0.0034790 secs] [Times: user=0.02 sys=0.00, real=0.00 secs] 
2014-07-16T14:19:28.501+0000: 978.688: [GC [PSYoungGen: 215358K->544K(210240K)] 406346K->191620K(897216K), 0.0052790 secs] [Times: user=0.03 sys=0.00, real=0.00 secs] 
2014-07-16T14:19:29.283+0000: 979.470: [GC [PSYoungGen: 210208K->812K(205824K)] 401284K->191936K(892800K), 0.0064690 secs] [Times: user=0.03 sys=0.00, real=0.01 secs] 
2014-07-16T14:19:30.011+0000: 980.198: [GC [PSYoungGen: 205804K->866K(201408K)] 396928K->192038K(888384K), 0.0035440 secs] [Times: user=0.01 sys=0.00, real=0.00 secs] 
2014-07-16T14:19:30.735+0000: 980.922: [GC [PSYoungGen: 201378K->726K(196928K)] 392550K->191946K(883904K), 0.0047780 secs] [Times: user=0.03 sys=0.00, real=0.01 secs] 
2014-07-16T14:19:31.424+0000: 981.611: [GC [PSYoungGen: 196886K->576K(192512K)] 388106K->191908K(879488K), 0.0049200 secs] [Times: user=0.04 sys=0.00, real=0.01 secs] 
2014-07-16T14:19:32.140+0000: 982.328: [GC [PSYoungGen: 192467K->1186K(189056K)] 383799K->192614K(876032K), 0.0033860 secs] [Times: user=0.02 sys=0.00, real=0.00 secs] 
2014-07-16T14:19:32.886+0000: 983.073: [GC [PSYoungGen: 189026K->858K(184832K)] 380454K->192334K(871808K), 0.0043000 secs] [Times: user=0.02 sys=0.00, real=0.01 secs] 
2014-07-16T14:19:33.600+0000: 983.787: [GC [PSYoungGen: 184794K->1068K(181248K)] 376270K->192616K(868224K), 0.0072140 secs] [Times: user=0.04 sys=0.00, real=0.00 secs] 
2014-07-16T14:19:34.373+0000: 984.560: [GC [PSYoungGen: 181228K->886K(177408K)] 372776K->192706K(864384K), 0.0041400 secs] [Times: user=0.02 sys=0.00, real=0.00 secs] 
2014-07-16T14:19:35.096+0000: 985.283: [GC [PSYoungGen: 177372K->612K(173568K)] 369192K->192488K(860544K), 0.0055420 secs] [Times: user=0.03 sys=0.01, real=0.01 secs] 
2014-07-16T14:19:35.743+0000: 985.930: [GC [PSYoungGen: 173540K->1012K(170496K)] 365416K->192928K(857472K), 0.0035870 secs] [Times: user=0.01 sys=0.00, real=0.00 secs] 
2014-07-16T14:19:36.419+0000: 986.606: [GC [PSYoungGen: 170484K->1268K(167424K)] 362400K->193264K(854400K), 0.0057070 secs] [Times: user=0.04 sys=0.00, real=0.00 secs] 
2014-07-16T14:19:37.031+0000: 987.218: [GC [PSYoungGen: 167367K->694K(163648K)] 359364K->192802K(850624K), 0.0072220 secs] [Times: user=0.03 sys=0.00, real=0.01 secs] 
2014-07-16T14:19:37.672+0000: 987.860: [GC [PSYoungGen: 163638K->794K(160640K)] 355746K->192950K(847616K), 0.0038340 secs] [Times: user=0.02 sys=0.00, real=0.00 secs] 
2014-07-16T14:19:38.253+0000: 988.440: [GC [PSYoungGen: 160602K->1008K(157824K)] 352758K->193378K(844800K), 0.0091910 secs] [Times: user=0.06 sys=0.01, real=0.01 secs] 
2014-07-16T14:19:38.806+0000: 988.993: [GC [PSYoungGen: 157808K->926K(154816K)] 350178K->193376K(841792K), 0.0037030 secs] [Times: user=0.01 sys=0.01, real=0.01 secs] 
2014-07-16T14:19:39.359+0000: 989.547: [GC [PSYoungGen: 154731K->862K(151936K)] 347181K->193400K(838912K), 0.0067250 secs] [Times: user=0.04 sys=0.00, real=0.00 secs] 
2014-07-16T14:19:39.912+0000: 990.099: [GC [PSYoungGen: 151897K->620K(148928K)] 344435K->193206K(835904K), 0.0065220 secs] [Times: user=0.04 sys=0.01, real=0.00 secs] 
2014-07-16T14:19:40.432+0000: 990.619: [GC [PSYoungGen: 148908K->566K(146176K)] 341494K->193216K(833152K), 0.0031660 secs] [Times: user=0.01 sys=0.00, real=0.00 secs] 
2014-07-16T14:19:40.950+0000: 991.137: [GC [PSYoungGen: 146166K->1158K(144192K)] 338816K->193864K(831168K), 0.0060640 secs] [Times: user=0.03 sys=0.00, real=0.00 secs] 
2014-07-16T14:19:41.451+0000: 991.638: [GC [PSYoungGen: 144134K->1058K(141568K)] 336840K->194094K(828544K), 0.0039030 secs] [Times: user=0.01 sys=0.00, real=0.00 secs] 
2014-07-16T14:19:41.951+0000: 992.138: [GC [PSYoungGen: 141488K->1594K(139648K)] 334525K->194726K(826624K), 0.0051230 secs] [Times: user=0.03 sys=0.00, real=0.00 secs] 
2014-07-16T14:19:42.452+0000: 992.639: [GC [PSYoungGen: 139642K->574K(136256K)] 332774K->194186K(823232K), 0.0037580 secs] [Times: user=0.02 sys=0.01, real=0.00 secs] 
2014-07-16T14:19:42.952+0000: 993.140: [GC [PSYoungGen: 136254K->1234K(164096K)] 329866K->194902K(851072K), 0.0097560 secs] [Times: user=0.06 sys=0.00, real=0.01 secs] 
2014-07-16T14:19:43.560+0000: 993.747: [GC [PSYoungGen: 164050K->868K(196288K)] 357718K->194658K(883264K), 0.0070060 secs] [Times: user=0.04 sys=0.00, real=0.00 secs] 
2014-07-16T14:19:44.269+0000: 994.456: [GC [PSYoungGen: 196260K->922K(192192K)] 390050K->194792K(879168K), 0.0040330 secs] [Times: user=0.02 sys=0.00, real=0.01 secs] 
2014-07-16T14:19:44.970+0000: 995.157: [GC [PSYoungGen: 192154K->704K(187904K)] 386024K->194630K(874880K), 0.0068870 secs] [Times: user=0.04 sys=0.00, real=0.01 secs] 
2014-07-16T14:19:45.668+0000: 995.855: [GC [PSYoungGen: 187904K->982K(184320K)] 381830K->194972K(871296K), 0.0062870 secs] [Times: user=0.04 sys=0.00, real=0.01 secs] 
2014-07-16T14:19:46.345+0000: 996.532: [GC [PSYoungGen: 184238K->626K(180160K)] 378228K->194672K(867136K), 0.0071860 secs] [Times: user=0.03 sys=0.00, real=0.01 secs] 
2014-07-16T14:19:46.990+0000: 997.177: [GC [PSYoungGen: 180084K->1208K(216640K)] 374130K->195326K(903616K), 0.0078360 secs] [Times: user=0.04 sys=0.00, real=0.00 secs] 
2014-07-16T14:19:47.790+0000: 997.977: [GC [PSYoungGen: 216608K->908K(211520K)] 410727K->195090K(898496K), 0.0064650 secs] [Times: user=0.02 sys=0.00, real=0.01 secs] 
2014-07-16T14:19:48.528+0000: 998.715: [GC [PSYoungGen: 211468K->1466K(207360K)] 405650K->195696K(894336K), 0.0079250 secs] [Times: user=0.04 sys=0.00, real=0.01 secs] 
2014-07-16T14:19:49.267+0000: 999.454: [GC [PSYoungGen: 207354K->694K(202048K)] 401584K->195036K(889024K), 0.0061680 secs] [Times: user=0.04 sys=0.00, real=0.01 secs] 
2014-07-16T14:19:49.994+0000: 1000.181: [GC [PSYoungGen: 202035K->804K(197824K)] 396378K->195210K(884800K), 0.0074460 secs] [Times: user=0.04 sys=0.01, real=0.01 secs] 
2014-07-16T14:19:50.715+0000: 1000.902: [GC [PSYoungGen: 197796K->1012K(193792K)] 392202K->195482K(880768K), 0.0076300 secs] [Times: user=0.04 sys=0.00, real=0.01 secs] 
2014-07-16T14:19:51.413+0000: 1001.600: [GC [PSYoungGen: 193780K->794K(189504K)] 388250K->195328K(876480K), 0.0048340 secs] [Times: user=0.02 sys=0.00, real=0.00 secs] 
2014-07-16T14:19:52.100+0000: 1002.288: [GC [PSYoungGen: 189423K->1380K(186112K)] 383958K->196100K(873088K), 0.0064550 secs] [Times: user=0.04 sys=0.00, real=0.01 secs] 
2014-07-16T14:19:52.776+0000: 1002.963: [GC [PSYoungGen: 186084K->1050K(181952K)] 380804K->195842K(868928K), 0.0045440 secs] [Times: user=0.02 sys=0.00, real=0.00 secs] 
2014-07-16T14:19:53.421+0000: 1003.608: [GC [PSYoungGen: 181914K->698K(177856K)] 376706K->195554K(864832K), 0.0052620 secs] [Times: user=0.03 sys=0.01, real=0.00 secs] 
2014-07-16T14:19:54.068+0000: 1004.255: [GC [PSYoungGen: 177850K->1022K(174592K)] 372706K->195958K(861568K), 0.0077810 secs] [Times: user=0.03 sys=0.00, real=0.01 secs] 
2014-07-16T14:19:54.691+0000: 1004.878: [GC [PSYoungGen: 174544K->930K(171072K)] 369481K->195914K(858048K), 0.0040960 secs] [Times: user=0.02 sys=0.00, real=0.01 secs] 
2014-07-16T14:19:55.342+0000: 1005.529: [GC [PSYoungGen: 171042K->994K(167808K)] 366026K->196050K(854784K), 0.0054710 secs] [Times: user=0.02 sys=0.00, real=0.00 secs] 
2014-07-16T14:19:55.928+0000: 1006.115: [GC [PSYoungGen: 167764K->834K(164416K)] 362821K->195954K(851392K), 0.0069730 secs] [Times: user=0.04 sys=0.00, real=0.01 secs] 
2014-07-16T14:19:56.511+0000: 1006.699: [GC [PSYoungGen: 164354K->612K(161024K)] 359474K->195804K(848000K), 0.0063940 secs] [Times: user=0.03 sys=0.00, real=0.00 secs] 
2014-07-16T14:19:57.098+0000: 1007.285: [GC [PSYoungGen: 160991K->1040K(193600K)] 356184K->196312K(880576K), 0.0088190 secs] [Times: user=0.06 sys=0.00, real=0.01 secs] 
2014-07-16T14:19:57.793+0000: 1007.980: [GC [PSYoungGen: 193550K->594K(189056K)] 388823K->195922K(876032K), 0.0038060 secs] [Times: user=0.02 sys=0.00, real=0.00 secs] 
2014-07-16T14:19:58.524+0000: 1008.711: [GC [PSYoungGen: 189010K->868K(185344K)] 384338K->196292K(872320K), 0.0075130 secs] [Times: user=0.05 sys=0.00, real=0.00 secs] 
2014-07-16T14:19:59.210+0000: 1009.397: [GC [PSYoungGen: 185280K->1294K(181952K)] 380705K->196798K(868928K), 0.0069620 secs] [Times: user=0.04 sys=0.00, real=0.01 secs] 
2014-07-16T14:19:59.912+0000: 1010.099: [GC [PSYoungGen: 181902K->580K(217408K)] 377406K->196132K(904384K), 0.0092370 secs] [Times: user=0.06 sys=0.00, real=0.01 secs] 
2014-07-16T14:20:00.718+0000: 1010.905: [GC [PSYoungGen: 217348K->1022K(212864K)] 412900K->196630K(899840K), 0.0068840 secs] [Times: user=0.05 sys=0.00, real=0.01 secs] 
2014-07-16T14:20:01.574+0000: 1011.761: [GC [PSYoungGen: 212859K->954K(255168K)] 408468K->196618K(942144K), 0.0155430 secs] [Times: user=0.09 sys=0.01, real=0.01 secs] 
2014-07-16T14:20:02.609+0000: 1012.796: [GC [PSYoungGen: 255162K->1022K(274176K)] 450826K->196742K(961152K), 0.0081130 secs] [Times: user=0.04 sys=0.00, real=0.01 secs] 
2014-07-16T14:20:03.714+0000: 1013.901: [GC [PSYoungGen: 273726K->1040K(306560K)] 469446K->196800K(993536K), 0.0113550 secs] [Times: user=0.07 sys=0.00, real=0.01 secs] 
2014-07-16T14:20:04.816+0000: 1015.003: [GC [PSYoungGen: 306128K->736K(297600K)] 501888K->196560K(984576K), 0.0033160 secs] [Times: user=0.01 sys=0.00, real=0.00 secs] 
2014-07-16T14:20:05.890+0000: 1016.077: [GC [PSYoungGen: 297565K->744K(289664K)] 493390K->196740K(976640K), 0.0039830 secs] [Times: user=0.02 sys=0.00, real=0.01 secs] 
2014-07-16T14:20:06.926+0000: 1017.114: [GC [PSYoungGen: 289640K->416K(281728K)] 485636K->196468K(968704K), 0.0032640 secs] [Times: user=0.02 sys=0.00, real=0.00 secs] 
2014-07-16T14:20:07.938+0000: 1018.125: [GC [PSYoungGen: 281696K->840K(274880K)] 477748K->196988K(961856K), 0.0062320 secs] [Times: user=0.04 sys=0.00, real=0.01 secs] 
2014-07-16T14:20:08.932+0000: 1019.119: [GC [PSYoungGen: 274824K->1026K(268032K)] 470972K->197278K(955008K), 0.0032800 secs] [Times: user=0.01 sys=0.00, real=0.01 secs] 
2014-07-16T14:20:09.900+0000: 1020.087: [GC [PSYoungGen: 267970K->890K(261056K)] 464222K->197246K(948032K), 0.0038760 secs] [Times: user=0.01 sys=0.00, real=0.01 secs] 
2014-07-16T14:20:10.830+0000: 1021.017: [GC [PSYoungGen: 261050K->544K(254208K)] 457406K->196988K(941184K), 0.0033900 secs] [Times: user=0.02 sys=0.00, real=0.00 secs] 
2014-07-16T14:20:11.779+0000: 1021.967: [GC [PSYoungGen: 254142K->480K(247872K)] 450587K->196988K(934848K), 0.0067280 secs] [Times: user=0.04 sys=0.00, real=0.01 secs] 
2014-07-16T14:20:12.673+0000: 1022.860: [GC [PSYoungGen: 247801K->830K(242176K)] 444309K->197418K(929152K), 0.0066080 secs] [Times: user=0.04 sys=0.00, real=0.01 secs] 
2014-07-16T14:20:13.559+0000: 1023.746: [GC [PSYoungGen: 242174K->1368K(236928K)] 438762K->198052K(923904K), 0.0042540 secs] [Times: user=0.02 sys=0.01, real=0.00 secs] 
2014-07-16T14:20:14.438+0000: 1024.625: [GC [PSYoungGen: 236888K->1122K(231104K)] 433572K->197862K(918080K), 0.0068280 secs] [Times: user=0.02 sys=0.01, real=0.01 secs] 
2014-07-16T14:20:15.281+0000: 1025.468: [GC [PSYoungGen: 231074K->556K(225152K)] 427814K->198146K(912128K), 0.0029900 secs] [Times: user=0.01 sys=0.00, real=0.00 secs] 
2014-07-16T14:20:16.088+0000: 1026.275: [GC [PSYoungGen: 225132K->1386K(220800K)] 422722K->199048K(907776K), 0.0059890 secs] [Times: user=0.03 sys=0.00, real=0.00 secs] 
2014-07-16T14:20:16.918+0000: 1027.105: [GC [PSYoungGen: 220778K->748K(215168K)] 418440K->198732K(902144K), 0.0035340 secs] [Times: user=0.01 sys=0.01, real=0.00 secs] 
2014-07-16T14:20:17.659+0000: 1027.846: [GC [PSYoungGen: 215148K->830K(210368K)] 413132K->198878K(897344K), 0.0063650 secs] [Times: user=0.04 sys=0.00, real=0.01 secs] 
2014-07-16T14:20:18.411+0000: 1028.598: [GC [PSYoungGen: 210366K->288K(205184K)] 408414K->198360K(892160K), 0.0052290 secs] [Times: user=0.02 sys=0.00, real=0.01 secs] 
2014-07-16T14:20:19.141+0000: 1029.328: [GC [PSYoungGen: 205152K->826K(201216K)] 403224K->198978K(888192K), 0.0066920 secs] [Times: user=0.04 sys=0.00, real=0.01 secs] 
2014-07-16T14:20:19.867+0000: 1030.054: [GC [PSYoungGen: 201210K->1014K(197056K)] 399362K->199230K(884032K), 0.0063580 secs] [Times: user=0.03 sys=0.00, real=0.00 secs] 
2014-07-16T14:20:20.562+0000: 1030.749: [GC [PSYoungGen: 197039K->816K(192640K)] 395256K->199088K(879616K), 0.0075080 secs] [Times: user=0.04 sys=0.00, real=0.01 secs] 
2014-07-16T14:20:21.238+0000: 1031.425: [GC [PSYoungGen: 192624K->644K(188480K)] 390896K->198988K(875456K), 0.0031730 secs] [Times: user=0.01 sys=0.00, real=0.00 secs] 
2014-07-16T14:20:21.932+0000: 1032.119: [GC [PSYoungGen: 188377K->816K(184704K)] 386722K->199208K(871680K), 0.0066740 secs] [Times: user=0.04 sys=0.00, real=0.01 secs] 
2014-07-16T14:20:22.643+0000: 1032.831: [GC [PSYoungGen: 184677K->908K(181056K)] 383070K->199380K(868032K), 0.0051220 secs] [Times: user=0.03 sys=0.00, real=0.01 secs] 
2014-07-16T14:20:23.301+0000: 1033.489: [GC [PSYoungGen: 180984K->448K(176896K)] 379456K->198984K(863872K), 0.0047860 secs] [Times: user=0.03 sys=0.00, real=0.01 secs] 
2014-07-16T14:20:23.974+0000: 1034.161: [GC [PSYoungGen: 176896K->922K(173824K)] 375432K->199538K(860800K), 0.0040950 secs] [Times: user=0.02 sys=0.00, real=0.01 secs] 
2014-07-16T14:20:24.571+0000: 1034.758: [GC [PSYoungGen: 173786K->882K(170304K)] 372402K->199570K(857280K), 0.0042750 secs] [Times: user=0.02 sys=0.00, real=0.00 secs] 
2014-07-16T14:20:25.198+0000: 1035.385: [GC [PSYoungGen: 170290K->1126K(167232K)] 368978K->199974K(854208K), 0.0037040 secs] [Times: user=0.02 sys=0.00, real=0.00 secs] 
2014-07-16T14:20:25.781+0000: 1035.969: [GC [PSYoungGen: 167206K->640K(163520K)] 366054K->199618K(850496K), 0.0043850 secs] [Times: user=0.02 sys=0.00, real=0.00 secs] 
2014-07-16T14:20:26.370+0000: 1036.557: [GC [PSYoungGen: 163520K->676K(160448K)] 362498K->199750K(847424K), 0.0031120 secs] [Times: user=0.02 sys=0.00, real=0.00 secs] 
2014-07-16T14:20:26.982+0000: 1037.169: [GC [PSYoungGen: 160420K->908K(157696K)] 359494K->200046K(844672K), 0.0063310 secs] [Times: user=0.04 sys=0.00, real=0.01 secs] 
2014-07-16T14:20:27.580+0000: 1037.767: [GC [PSYoungGen: 157644K->1304K(155136K)] 356782K->200606K(842112K), 0.0065640 secs] [Times: user=0.04 sys=0.00, real=0.01 secs] 
2014-07-16T14:20:28.125+0000: 1038.312: [GC [PSYoungGen: 155096K->790K(185408K)] 354398K->200180K(872384K), 0.0104680 secs] [Times: user=0.07 sys=0.00, real=0.01 secs] 
2014-07-16T14:20:28.789+0000: 1038.977: [GC [PSYoungGen: 185366K->940K(222464K)] 384756K->200450K(909440K), 0.0069540 secs] [Times: user=0.04 sys=0.00, real=0.01 secs] 
2014-07-16T14:20:29.597+0000: 1039.784: [GC [PSYoungGen: 222444K->790K(217280K)] 421954K->200412K(904256K), 0.0052640 secs] [Times: user=0.04 sys=0.01, real=0.00 secs] 
2014-07-16T14:20:30.376+0000: 1040.563: [GC [PSYoungGen: 217143K->972K(212544K)] 416766K->200666K(899520K), 0.0057380 secs] [Times: user=0.03 sys=0.00, real=0.01 secs] 
2014-07-16T14:20:31.142+0000: 1041.329: [GC [PSYoungGen: 212492K->1072K(207872K)] 412186K->200854K(894848K), 0.0068720 secs] [Times: user=0.03 sys=0.00, real=0.01 secs] 
2014-07-16T14:20:31.900+0000: 1042.088: [GC [PSYoungGen: 207856K->690K(202944K)] 407638K->200568K(889920K), 0.0056260 secs] [Times: user=0.04 sys=0.00, real=0.00 secs] 
2014-07-16T14:20:32.623+0000: 1042.810: [GC [PSYoungGen: 202930K->822K(198656K)] 402808K->200812K(885632K), 0.0047200 secs] [Times: user=0.03 sys=0.00, real=0.01 secs] 
2014-07-16T14:20:33.335+0000: 1043.522: [GC [PSYoungGen: 198646K->616K(194176K)] 398636K->200662K(881152K), 0.0060800 secs] [Times: user=0.04 sys=0.00, real=0.01 secs] 
2014-07-16T14:20:34.035+0000: 1044.223: [GC [PSYoungGen: 194152K->676K(190144K)] 394198K->200778K(877120K), 0.0095040 secs] [Times: user=0.06 sys=0.00, real=0.01 secs] 
2014-07-16T14:20:34.721+0000: 1044.908: [GC [PSYoungGen: 190116K->448K(185920K)] 390218K->200582K(872896K), 0.0041950 secs] [Times: user=0.02 sys=0.00, real=0.00 secs] 
2014-07-16T14:20:35.380+0000: 1045.567: [GC [PSYoungGen: 185920K->944K(182592K)] 386054K->201166K(869568K), 0.0054290 secs] [Times: user=0.03 sys=0.00, real=0.00 secs] 
2014-07-16T14:20:36.033+0000: 1046.220: [GC [PSYoungGen: 182576K->762K(178688K)] 382798K->201040K(865664K), 0.0068330 secs] [Times: user=0.04 sys=0.00, real=0.01 secs] 
2014-07-16T14:20:36.675+0000: 1046.862: [GC [PSYoungGen: 178657K->1258K(175616K)] 378936K->201616K(862592K), 0.0040540 secs] [Times: user=0.01 sys=0.00, real=0.01 secs] 
2014-07-16T14:20:37.305+0000: 1047.492: [GC [PSYoungGen: 175594K->648K(171584K)] 375952K->201070K(858560K), 0.0070510 secs] [Times: user=0.04 sys=0.00, real=0.01 secs] 
2014-07-16T14:20:37.913+0000: 1048.100: [GC [PSYoungGen: 171528K->1112K(168640K)] 371950K->201622K(855616K), 0.0045580 secs] [Times: user=0.03 sys=0.00, real=0.00 secs] 
2014-07-16T14:20:38.526+0000: 1048.713: [GC [PSYoungGen: 168563K->980K(165248K)] 369074K->201578K(852224K), 0.0030000 secs] [Times: user=0.01 sys=0.00, real=0.01 secs] 
2014-07-16T14:20:39.116+0000: 1049.303: [GC [PSYoungGen: 165174K->544K(161664K)] 365773K->201254K(848640K), 0.0048820 secs] [Times: user=0.03 sys=0.00, real=0.01 secs] 
2014-07-16T14:20:39.708+0000: 1049.896: [GC [PSYoungGen: 161630K->626K(158656K)] 362341K->201416K(845632K), 0.0056480 secs] [Times: user=0.03 sys=0.00, real=0.00 secs] 
2014-07-16T14:20:40.276+0000: 1050.463: [GC [PSYoungGen: 158642K->484K(155584K)] 359432K->201330K(842560K), 0.0042360 secs] [Times: user=0.03 sys=0.00, real=0.01 secs] 
2014-07-16T14:20:40.842+0000: 1051.029: [GC [PSYoungGen: 155528K->784K(153024K)] 356374K->201686K(840000K), 0.0048080 secs] [Times: user=0.03 sys=0.00, real=0.00 secs] 
2014-07-16T14:20:41.387+0000: 1051.574: [GC [PSYoungGen: 152976K->516K(149952K)] 353878K->201458K(836928K), 0.0084730 secs] [Times: user=0.04 sys=0.00, real=0.01 secs] 
2014-07-16T14:20:41.914+0000: 1052.102: [GC [PSYoungGen: 149844K->1320K(148032K)] 350787K->203039K(835008K), 0.0052380 secs] [Times: user=0.03 sys=0.00, real=0.01 secs] 
2014-07-16T14:20:42.440+0000: 1052.627: [GC [PSYoungGen: 148008K->886K(176960K)] 349727K->202727K(863936K), 0.0094510 secs] [Times: user=0.04 sys=0.00, real=0.01 secs] 
2014-07-16T14:20:43.090+0000: 1053.277: [GC [PSYoungGen: 176949K->786K(212160K)] 378790K->202773K(899136K), 0.0079450 secs] [Times: user=0.04 sys=0.00, real=0.00 secs] 
2014-07-16T14:20:43.843+0000: 1054.030: [GC [PSYoungGen: 212114K->948K(254592K)] 414101K->202983K(941568K), 0.0079330 secs] [Times: user=0.05 sys=0.00, real=0.01 secs] 
2014-07-16T14:20:44.862+0000: 1055.050: [GC [PSYoungGen: 254580K->992K(248384K)] 456615K->203066K(935360K), 0.0057510 secs] [Times: user=0.02 sys=0.00, real=0.00 secs] 
2014-07-16T14:20:45.954+0000: 1056.141: [GC [PSYoungGen: 248352K->708K(242112K)] 450426K->202863K(929088K), 0.0031440 secs] [Times: user=0.02 sys=0.00, real=0.00 secs] 
2014-07-16T14:20:47.029+0000: 1057.216: [GC [PSYoungGen: 242052K->950K(236480K)] 444207K->203145K(923456K), 0.0067560 secs] [Times: user=0.02 sys=0.00, real=0.00 secs] 
2014-07-16T14:20:47.994+0000: 1058.181: [GC [PSYoungGen: 236470K->676K(230656K)] 438665K->202911K(917632K), 0.0051810 secs] [Times: user=0.02 sys=0.00, real=0.01 secs] 
2014-07-16T14:20:48.946+0000: 1059.133: [GC [PSYoungGen: 230622K->580K(225216K)] 432857K->202863K(912192K), 0.0032140 secs] [Times: user=0.01 sys=0.00, real=0.00 secs] 
2014-07-16T14:20:49.779+0000: 1059.966: [GC [PSYoungGen: 225056K->744K(220160K)] 427339K->203075K(907136K), 0.0059270 secs] [Times: user=0.04 sys=0.00, real=0.01 secs] 
2014-07-16T14:20:50.550+0000: 1060.737: [GC [PSYoungGen: 220136K->1190K(215616K)] 422467K->203569K(902592K), 0.0109170 secs] [Times: user=0.06 sys=0.00, real=0.01 secs] 
2014-07-16T14:20:51.345+0000: 1061.532: [GC [PSYoungGen: 215590K->676K(210240K)] 417969K->203119K(897216K), 0.0072160 secs] [Times: user=0.04 sys=0.00, real=0.01 secs] 
2014-07-16T14:20:52.106+0000: 1062.293: [GC [PSYoungGen: 210212K->666K(205568K)] 412655K->203165K(892544K), 0.0066280 secs] [Times: user=0.05 sys=0.00, real=0.01 secs] 
2014-07-16T14:20:52.845+0000: 1063.032: [GC [PSYoungGen: 205487K->1308K(201728K)] 407986K->203871K(888704K), 0.0032020 secs] [Times: user=0.02 sys=0.00, real=0.00 secs] 
2014-07-16T14:20:53.565+0000: 1063.753: [GC [PSYoungGen: 201692K->794K(196864K)] 404255K->203445K(883840K), 0.0032090 secs] [Times: user=0.01 sys=0.00, real=0.00 secs] 
2014-07-16T14:20:54.275+0000: 1064.462: [GC [PSYoungGen: 196826K->352K(192192K)] 399477K->203066K(879168K), 0.0106240 secs] [Times: user=0.06 sys=0.00, real=0.01 secs] 
2014-07-16T14:20:54.966+0000: 1065.153: [GC [PSYoungGen: 192160K->544K(188352K)] 394874K->203354K(875328K), 0.0041280 secs] [Times: user=0.02 sys=0.01, real=0.01 secs] 
2014-07-16T14:20:55.653+0000: 1065.840: [GC [PSYoungGen: 188320K->384K(184256K)] 391130K->203250K(871232K), 0.0044360 secs] [Times: user=0.03 sys=0.00, real=0.00 secs] 
2014-07-16T14:20:56.320+0000: 1066.507: [GC [PSYoungGen: 184253K->1440K(181568K)] 387120K->204379K(868544K), 0.0100160 secs] [Times: user=0.06 sys=0.00, real=0.01 secs] 
2014-07-16T14:20:57.004+0000: 1067.191: [GC [PSYoungGen: 181532K->864K(177344K)] 384471K->203882K(864320K), 0.0033070 secs] [Times: user=0.02 sys=0.00, real=0.00 secs] 
2014-07-16T14:20:57.635+0000: 1067.822: [GC [PSYoungGen: 177312K->662K(173568K)] 380330K->203737K(860544K), 0.0044210 secs] [Times: user=0.02 sys=0.00, real=0.00 secs] 
2014-07-16T14:20:58.260+0000: 1068.447: [GC [PSYoungGen: 173526K->1048K(170496K)] 376601K->204195K(857472K), 0.0065840 secs] [Times: user=0.04 sys=0.00, real=0.01 secs] 
2014-07-16T14:20:58.933+0000: 1069.120: [GC [PSYoungGen: 170442K->1454K(167552K)] 373589K->204989K(854528K), 0.0055030 secs] [Times: user=0.02 sys=0.01, real=0.00 secs] 
2014-07-16T14:20:59.506+0000: 1069.693: [GC [PSYoungGen: 167511K->652K(200000K)] 371046K->204219K(886976K), 0.0137410 secs] [Times: user=0.08 sys=0.00, real=0.01 secs] 
2014-07-16T14:21:00.221+0000: 1070.408: [GC [PSYoungGen: 199948K->512K(239680K)] 403515K->204135K(926656K), 0.0049500 secs] [Times: user=0.03 sys=0.00, real=0.01 secs] 
2014-07-16T14:21:01.103+0000: 1071.290: [GC [PSYoungGen: 239640K->876K(234368K)] 443263K->204603K(921344K), 0.0060610 secs] [Times: user=0.03 sys=0.00, real=0.00 secs] 
2014-07-16T14:21:01.952+0000: 1072.139: [GC [PSYoungGen: 234331K->1076K(229056K)] 438058K->204907K(916032K), 0.0054710 secs] [Times: user=0.03 sys=0.00, real=0.00 secs] 
2014-07-16T14:21:02.752+0000: 1072.939: [GC [PSYoungGen: 229044K->662K(223360K)] 432875K->204581K(910336K), 0.0041510 secs] [Times: user=0.02 sys=0.00, real=0.00 secs] 
2014-07-16T14:21:03.548+0000: 1073.735: [GC [PSYoungGen: 223287K->1198K(218752K)] 427206K->205165K(905728K), 0.0051860 secs] [Times: user=0.02 sys=0.01, real=0.01 secs] 
2014-07-16T14:21:04.325+0000: 1074.512: [GC [PSYoungGen: 218734K->630K(213248K)] 422701K->204669K(900224K), 0.0050740 secs] [Times: user=0.03 sys=0.00, real=0.00 secs] 
2014-07-16T14:21:05.081+0000: 1075.268: [GC [PSYoungGen: 213147K->1140K(208960K)] 417186K->205275K(895936K), 0.0076360 secs] [Times: user=0.05 sys=0.00, real=0.01 secs] 
2014-07-16T14:21:05.838+0000: 1076.026: [GC [PSYoungGen: 208888K->1126K(204352K)] 413023K->205341K(891328K), 0.0055170 secs] [Times: user=0.03 sys=0.00, real=0.01 secs] 
2014-07-16T14:21:06.568+0000: 1076.755: [GC [PSYoungGen: 204326K->918K(199744K)] 408541K->205205K(886720K), 0.0088050 secs] [Times: user=0.06 sys=0.00, real=0.01 secs] 
2014-07-16T14:21:07.304+0000: 1077.491: [GC [PSYoungGen: 199702K->1222K(195776K)] 403989K->205589K(882752K), 0.0025760 secs] [Times: user=0.01 sys=0.01, real=0.00 secs] 
2014-07-16T14:21:08.007+0000: 1078.194: [GC [PSYoungGen: 195670K->812K(191168K)] 400037K->205283K(878144K), 0.0061220 secs] [Times: user=0.04 sys=0.00, real=0.01 secs] 
2014-07-16T14:21:08.697+0000: 1078.885: [GC [PSYoungGen: 191148K->804K(187136K)] 395619K->205331K(874112K), 0.0081300 secs] [Times: user=0.04 sys=0.01, real=0.01 secs] 
2014-07-16T14:21:09.376+0000: 1079.563: [GC [PSYoungGen: 187086K->1308K(183744K)] 391613K->205915K(870720K), 0.0038000 secs] [Times: user=0.01 sys=0.00, real=0.00 secs] 
2014-07-16T14:21:10.045+0000: 1080.232: [GC [PSYoungGen: 183705K->1372K(180032K)] 388312K->206051K(867008K), 0.0054700 secs] [Times: user=0.03 sys=0.00, real=0.00 secs] 
2014-07-16T14:21:10.677+0000: 1080.865: [GC [PSYoungGen: 179996K->626K(175616K)] 384675K->205385K(862592K), 0.0039370 secs] [Times: user=0.02 sys=0.00, real=0.00 secs] 
2014-07-16T14:21:11.308+0000: 1081.496: [GC [PSYoungGen: 175602K->1382K(172864K)] 380361K->206221K(859840K), 0.0052000 secs] [Times: user=0.03 sys=0.01, real=0.01 secs] 
2014-07-16T14:21:11.970+0000: 1082.157: [GC [PSYoungGen: 172838K->1228K(169344K)] 377677K->206163K(856320K), 0.0092440 secs] [Times: user=0.07 sys=0.00, real=0.01 secs] 
2014-07-16T14:21:12.532+0000: 1082.720: [GC [PSYoungGen: 169292K->608K(202368K)] 374227K->205631K(889344K), 0.0085180 secs] [Times: user=0.05 sys=0.00, real=0.01 secs] 
2014-07-16T14:21:13.289+0000: 1083.476: [GC [PSYoungGen: 202336K->1132K(198464K)] 407359K->206235K(885440K), 0.0039540 secs] [Times: user=0.03 sys=0.00, real=0.01 secs] 
2014-07-16T14:21:13.983+0000: 1084.170: [GC [PSYoungGen: 198444K->986K(194112K)] 403547K->206185K(881088K), 0.0032430 secs] [Times: user=0.01 sys=0.00, real=0.00 secs] 
2014-07-16T14:21:14.694+0000: 1084.881: [GC [PSYoungGen: 194074K->1058K(190080K)] 399273K->206337K(877056K), 0.0058420 secs] [Times: user=0.03 sys=0.00, real=0.00 secs] 
2014-07-16T14:21:15.371+0000: 1085.558: [GC [PSYoungGen: 190050K->932K(185984K)] 395329K->206283K(872960K), 0.0040680 secs] [Times: user=0.02 sys=0.00, real=0.01 secs] 
2014-07-16T14:21:16.062+0000: 1086.249: [GC [PSYoungGen: 185956K->1312K(182528K)] 391307K->206823K(869504K), 0.0074600 secs] [Times: user=0.05 sys=0.00, real=0.01 secs] 
2014-07-16T14:21:16.715+0000: 1086.902: [GC [PSYoungGen: 182496K->1026K(178560K)] 388007K->206609K(865536K), 0.0063440 secs] [Times: user=0.04 sys=0.00, real=0.00 secs] 
2014-07-16T14:21:17.346+0000: 1087.533: [GC [PSYoungGen: 178498K->872K(174784K)] 384081K->206543K(861760K), 0.0081550 secs] [Times: user=0.05 sys=0.00, real=0.01 secs] 
2014-07-16T14:21:17.952+0000: 1088.139: [GC [PSYoungGen: 174758K->930K(171392K)] 380429K->206665K(858368K), 0.0054160 secs] [Times: user=0.04 sys=0.00, real=0.01 secs] 
2014-07-16T14:21:18.581+0000: 1088.768: [GC [PSYoungGen: 171362K->880K(167936K)] 377097K->206695K(854912K), 0.0051660 secs] [Times: user=0.03 sys=0.00, real=0.01 secs] 
2014-07-16T14:21:19.192+0000: 1089.379: [GC [PSYoungGen: 167920K->826K(164608K)] 373735K->206697K(851584K), 0.0040220 secs] [Times: user=0.02 sys=0.00, real=0.01 secs] 
2014-07-16T14:21:19.784+0000: 1089.971: [GC [PSYoungGen: 164596K->848K(161536K)] 370467K->206767K(848512K), 0.0068200 secs] [Times: user=0.04 sys=0.01, real=0.01 secs] 
2014-07-16T14:21:20.402+0000: 1090.589: [GC [PSYoungGen: 161488K->818K(158400K)] 367407K->206841K(845376K), 0.0043720 secs] [Times: user=0.03 sys=0.00, real=0.01 secs] 
2014-07-16T14:21:20.993+0000: 1091.180: [GC [PSYoungGen: 158386K->790K(155456K)] 364409K->206893K(842432K), 0.0063150 secs] [Times: user=0.03 sys=0.00, real=0.01 secs] 
2014-07-16T14:21:21.575+0000: 1091.762: [GC [PSYoungGen: 155414K->722K(152512K)] 361517K->206905K(839488K), 0.0058610 secs] [Times: user=0.03 sys=0.00, real=0.00 secs] 
2014-07-16T14:21:22.284+0000: 1092.472: [GC [PSYoungGen: 152466K->748K(149760K)] 358649K->206987K(836736K), 0.0070390 secs] [Times: user=0.04 sys=0.00, real=0.00 secs] 
2014-07-16T14:21:22.808+0000: 1092.995: [GC [PSYoungGen: 149738K->1332K(147648K)] 355977K->207719K(834624K), 0.0041780 secs] [Times: user=0.02 sys=0.00, real=0.00 secs] 
2014-07-16T14:21:23.419+0000: 1093.607: [GC [PSYoungGen: 147605K->762K(144448K)] 353992K->207363K(831424K), 0.0030680 secs] [Times: user=0.02 sys=0.00, real=0.00 secs] 
2014-07-16T14:21:23.962+0000: 1094.150: [GC [PSYoungGen: 144442K->932K(142080K)] 351043K->207581K(829056K), 0.0046880 secs] [Times: user=0.01 sys=0.00, real=0.01 secs] 
2014-07-16T14:21:24.509+0000: 1094.697: [GC [PSYoungGen: 142052K->772K(139456K)] 348701K->207485K(826432K), 0.0037320 secs] [Times: user=0.02 sys=0.00, real=0.00 secs] 
2014-07-16T14:21:25.015+0000: 1095.202: [GC [PSYoungGen: 139396K->872K(137152K)] 346109K->207625K(824128K), 0.0044340 secs] [Times: user=0.02 sys=0.01, real=0.00 secs] 
2014-07-16T14:21:25.517+0000: 1095.704: [GC [PSYoungGen: 137128K->854K(134848K)] 343881K->207711K(821824K), 0.0038260 secs] [Times: user=0.01 sys=0.00, real=0.00 secs] 
2014-07-16T14:21:26.027+0000: 1096.214: [GC [PSYoungGen: 134789K->744K(132480K)] 341646K->207673K(819456K), 0.0064890 secs] [Times: user=0.04 sys=0.00, real=0.00 secs] 
2014-07-16T14:21:26.496+0000: 1096.684: [GC [PSYoungGen: 132456K->972K(159104K)] 339385K->208005K(846080K), 0.0086340 secs] [Times: user=0.06 sys=0.00, real=0.01 secs] 
2014-07-16T14:21:27.062+0000: 1097.249: [GC [PSYoungGen: 159029K->1012K(156160K)] 366062K->208125K(843136K), 0.0033470 secs] [Times: user=0.02 sys=0.00, real=0.01 secs] 
2014-07-16T14:21:27.600+0000: 1097.788: [GC [PSYoungGen: 156143K->688K(152960K)] 363256K->208093K(839936K), 0.0030330 secs] [Times: user=0.02 sys=0.01, real=0.00 secs] 
2014-07-16T14:21:28.146+0000: 1098.333: [GC [PSYoungGen: 152944K->580K(183360K)] 360349K->208049K(870336K), 0.0109240 secs] [Times: user=0.06 sys=0.00, real=0.01 secs] 
2014-07-16T14:21:28.804+0000: 1098.991: [GC [PSYoungGen: 183300K->784K(220096K)] 390769K->208425K(907072K), 0.0059550 secs] [Times: user=0.03 sys=0.00, real=0.01 secs] 
2014-07-16T14:21:29.591+0000: 1099.779: [GC [PSYoungGen: 220048K->416K(214720K)] 427689K->208113K(901696K), 0.0048250 secs] [Times: user=0.03 sys=0.00, real=0.01 secs] 
2014-07-16T14:21:30.378+0000: 1100.565: [GC [PSYoungGen: 214672K->626K(210112K)] 422369K->208387K(897088K), 0.0069480 secs] [Times: user=0.04 sys=0.01, real=0.00 secs] 
2014-07-16T14:21:31.132+0000: 1101.320: [GC [PSYoungGen: 210098K->448K(205248K)] 417859K->208289K(892224K), 0.0028980 secs] [Times: user=0.01 sys=0.00, real=0.00 secs] 
2014-07-16T14:21:31.865+0000: 1102.052: [GC [PSYoungGen: 205248K->754K(201088K)] 413089K->208675K(888064K), 0.0050880 secs] [Times: user=0.03 sys=0.00, real=0.01 secs] 
2014-07-16T14:21:32.604+0000: 1102.791: [GC [PSYoungGen: 201074K->740K(196736K)] 408995K->208717K(883712K), 0.0043250 secs] [Times: user=0.02 sys=0.00, real=0.01 secs] 
2014-07-16T14:21:33.312+0000: 1103.499: [GC [PSYoungGen: 196708K->608K(192384K)] 404685K->208689K(879360K), 0.0078580 secs] [Times: user=0.05 sys=0.01, real=0.01 secs] 
2014-07-16T14:21:33.990+0000: 1104.177: [GC [PSYoungGen: 192318K->1202K(188928K)] 400399K->209479K(875904K), 0.0045730 secs] [Times: user=0.02 sys=0.00, real=0.00 secs] 
2014-07-16T14:21:34.658+0000: 1104.845: [GC [PSYoungGen: 188879K->624K(184448K)] 397156K->209627K(871424K), 0.0066190 secs] [Times: user=0.04 sys=0.00, real=0.00 secs] 
2014-07-16T14:21:35.323+0000: 1105.510: [GC [PSYoungGen: 184427K->1020K(181056K)] 393430K->210047K(868032K), 0.0047070 secs] [Times: user=0.02 sys=0.00, real=0.01 secs] 
2014-07-16T14:21:35.973+0000: 1106.160: [GC [PSYoungGen: 181026K->1440K(177856K)] 390054K->210539K(864832K), 0.0032990 secs] [Times: user=0.02 sys=0.00, real=0.01 secs] 
2014-07-16T14:21:36.604+0000: 1106.791: [GC [PSYoungGen: 177824K->1204K(174080K)] 386923K->210391K(861056K), 0.0048430 secs] [Times: user=0.02 sys=0.00, real=0.01 secs] 
2014-07-16T14:21:37.235+0000: 1107.423: [GC [PSYoungGen: 174064K->804K(170240K)] 383251K->210079K(857216K), 0.0061610 secs] [Times: user=0.04 sys=0.00, real=0.01 secs] 
2014-07-16T14:21:37.842+0000: 1108.029: [GC [PSYoungGen: 170212K->830K(166912K)] 379487K->210185K(853888K), 0.0029920 secs] [Times: user=0.02 sys=0.00, real=0.00 secs] 
2014-07-16T14:21:38.437+0000: 1108.625: [GC [PSYoungGen: 166910K->972K(163904K)] 376265K->210423K(850880K), 0.0042640 secs] [Times: user=0.02 sys=0.00, real=0.00 secs] 
2014-07-16T14:21:39.016+0000: 1109.203: [GC [PSYoungGen: 163852K->640K(160384K)] 373303K->210179K(847360K), 0.0043820 secs] [Times: user=0.02 sys=0.00, real=0.01 secs] 
2014-07-16T14:21:39.586+0000: 1109.773: [GC [PSYoungGen: 160383K->548K(157312K)] 369922K->210159K(844288K), 0.0048070 secs] [Times: user=0.02 sys=0.00, real=0.01 secs] 
2014-07-16T14:21:40.157+0000: 1110.344: [GC [PSYoungGen: 157284K->666K(154496K)] 366895K->210333K(841472K), 0.0053230 secs] [Times: user=0.03 sys=0.00, real=0.00 secs] 
2014-07-16T14:21:40.732+0000: 1110.919: [GC [PSYoungGen: 154457K->598K(151616K)] 364125K->210313K(838592K), 0.0072750 secs] [Times: user=0.04 sys=0.00, real=0.01 secs] 
2014-07-16T14:21:41.256+0000: 1111.443: [GC [PSYoungGen: 151574K->868K(149120K)] 361289K->210655K(836096K), 0.0032420 secs] [Times: user=0.01 sys=0.00, real=0.01 secs] 
2014-07-16T14:21:41.786+0000: 1111.973: [GC [PSYoungGen: 149066K->1294K(146880K)] 358854K->211161K(833856K), 0.0036700 secs] [Times: user=0.02 sys=0.00, real=0.01 secs] 
2014-07-16T14:21:42.312+0000: 1112.499: [GC [PSYoungGen: 146830K->730K(143680K)] 356697K->210669K(830656K), 0.0050490 secs] [Times: user=0.03 sys=0.00, real=0.01 secs] 
2014-07-16T14:21:42.827+0000: 1113.014: [GC [PSYoungGen: 143642K->1140K(141568K)] 353581K->211451K(828544K), 0.0083900 secs] [Times: user=0.05 sys=0.00, real=0.01 secs] 
2014-07-16T14:21:43.356+0000: 1113.543: [GC [PSYoungGen: 141556K->1650K(170176K)] 351867K->212033K(857152K), 0.0064080 secs] [Times: user=0.03 sys=0.00, real=0.01 secs] 
2014-07-16T14:21:43.962+0000: 1114.149: [GC [PSYoungGen: 170162K->626K(202880K)] 380545K->211089K(889856K), 0.0061860 secs] [Times: user=0.03 sys=0.00, real=0.01 secs] 
2014-07-16T14:21:44.682+0000: 1114.869: [GC [PSYoungGen: 202842K->1464K(199296K)] 413305K->211991K(886272K), 0.0059360 secs] [Times: user=0.03 sys=0.00, real=0.01 secs] 
2014-07-16T14:21:45.395+0000: 1115.582: [GC [PSYoungGen: 199288K->1336K(194880K)] 409815K->211935K(881856K), 0.0043590 secs] [Times: user=0.02 sys=0.01, real=0.01 secs] 
2014-07-16T14:21:46.083+0000: 1116.270: [GC [PSYoungGen: 194872K->958K(190400K)] 405471K->211629K(877376K), 0.0061870 secs] [Times: user=0.04 sys=0.00, real=0.01 secs] 
2014-07-16T14:21:46.830+0000: 1117.017: [GC [PSYoungGen: 190398K->822K(186304K)] 401069K->211565K(873280K), 0.0084870 secs] [Times: user=0.04 sys=0.00, real=0.01 secs] 
2014-07-16T14:21:47.589+0000: 1117.776: [GC [PSYoungGen: 186294K->1164K(182848K)] 397037K->211987K(869824K), 0.0074030 secs] [Times: user=0.04 sys=0.00, real=0.00 secs] 
2014-07-16T14:21:48.323+0000: 1118.510: [GC [PSYoungGen: 182796K->986K(178944K)] 393619K->211881K(865920K), 0.0058710 secs] [Times: user=0.02 sys=0.00, real=0.01 secs] 
2014-07-16T14:21:49.010+0000: 1119.198: [GC [PSYoungGen: 178906K->1062K(175424K)] 389801K->211997K(862400K), 0.0052700 secs] [Times: user=0.02 sys=0.00, real=0.00 secs] 
2014-07-16T14:21:49.709+0000: 1119.896: [GC [PSYoungGen: 175398K->772K(171712K)] 386333K->211787K(858688K), 0.0045750 secs] [Times: user=0.03 sys=0.00, real=0.00 secs] 
2014-07-16T14:21:50.405+0000: 1120.592: [GC [PSYoungGen: 171652K->836K(168384K)] 382667K->211915K(855360K), 0.0031850 secs] [Times: user=0.02 sys=0.00, real=0.00 secs] 
2014-07-16T14:21:51.065+0000: 1121.252: [GC [PSYoungGen: 168304K->594K(164864K)] 379383K->211713K(851840K), 0.0098070 secs] [Times: user=0.05 sys=0.00, real=0.01 secs] 
2014-07-16T14:21:51.751+0000: 1121.939: [GC [PSYoungGen: 164818K->1204K(198336K)] 375937K->212379K(885312K), 0.0115360 secs] [Times: user=0.07 sys=0.00, real=0.01 secs] 
2014-07-16T14:21:52.565+0000: 1122.752: [GC [PSYoungGen: 198251K->1012K(193920K)] 409426K->212259K(880896K), 0.0029450 secs] [Times: user=0.02 sys=0.00, real=0.00 secs] 
2014-07-16T14:21:53.232+0000: 1123.419: [GC [PSYoungGen: 193908K->1144K(189952K)] 405155K->212455K(876928K), 0.0046180 secs] [Times: user=0.01 sys=0.00, real=0.00 secs] 
2014-07-16T14:21:53.919+0000: 1124.107: [GC [PSYoungGen: 189944K->1186K(186048K)] 401255K->212769K(873024K), 0.0061950 secs] [Times: user=0.04 sys=0.00, real=0.00 secs] 
2014-07-16T14:21:54.600+0000: 1124.787: [GC [PSYoungGen: 186018K->1162K(182208K)] 397601K->212793K(869184K), 0.0054730 secs] [Times: user=0.03 sys=0.00, real=0.00 secs] 
2014-07-16T14:21:55.246+0000: 1125.433: [GC [PSYoungGen: 182154K->844K(178176K)] 393785K->212523K(865152K), 0.0043990 secs] [Times: user=0.02 sys=0.00, real=0.01 secs] 
2014-07-16T14:21:55.890+0000: 1126.077: [GC [PSYoungGen: 178124K->384K(174080K)] 389803K->212111K(861056K), 0.0059230 secs] [Times: user=0.03 sys=0.00, real=0.00 secs] 
2014-07-16T14:21:56.512+0000: 1126.699: [GC [PSYoungGen: 174080K->1030K(204032K)] 385807K->212805K(891008K), 0.0107530 secs] [Times: user=0.06 sys=0.00, real=0.01 secs] 
2014-07-16T14:21:57.268+0000: 1127.455: [GC [PSYoungGen: 203286K->808K(198720K)] 415062K->212655K(885696K), 0.0048180 secs] [Times: user=0.02 sys=0.00, real=0.01 secs] 
2014-07-16T14:21:57.982+0000: 1128.170: [GC [PSYoungGen: 198696K->576K(194176K)] 410543K->212503K(881152K), 0.0067510 secs] [Times: user=0.04 sys=0.00, real=0.00 secs] 
2014-07-16T14:21:58.680+0000: 1128.867: [GC [PSYoungGen: 194176K->840K(190400K)] 406103K->212855K(877376K), 0.0038160 secs] [Times: user=0.01 sys=0.00, real=0.00 secs] 
2014-07-16T14:21:59.365+0000: 1129.553: [GC [PSYoungGen: 190344K->954K(186496K)] 402359K->213049K(873472K), 0.0045010 secs] [Times: user=0.02 sys=0.00, real=0.01 secs] 
2014-07-16T14:22:00.101+0000: 1130.288: [GC [PSYoungGen: 186490K->1522K(183232K)] 398585K->213697K(870208K), 0.0039090 secs] [Times: user=0.02 sys=0.00, real=0.00 secs] 
2014-07-16T14:22:00.697+0000: 1130.884: [GC [PSYoungGen: 183218K->638K(178624K)] 395393K->213305K(865600K), 0.0079160 secs] [Times: user=0.04 sys=0.00, real=0.01 secs] 
2014-07-16T14:22:01.342+0000: 1131.530: [GC [PSYoungGen: 178606K->958K(175360K)] 391273K->213705K(862336K), 0.0032460 secs] [Times: user=0.02 sys=0.00, real=0.00 secs] 
2014-07-16T14:22:01.980+0000: 1132.167: [GC [PSYoungGen: 175358K->544K(171520K)] 388105K->213503K(858496K), 0.0054930 secs] [Times: user=0.03 sys=0.01, real=0.00 secs] 
2014-07-16T14:22:02.586+0000: 1132.773: [GC [PSYoungGen: 171488K->744K(168320K)] 384447K->213775K(855296K), 0.0055050 secs] [Times: user=0.03 sys=0.00, real=0.01 secs] 
2014-07-16T14:22:03.177+0000: 1133.364: [GC [PSYoungGen: 168296K->826K(165120K)] 381327K->213937K(852096K), 0.0039500 secs] [Times: user=0.02 sys=0.00, real=0.01 secs] 
2014-07-16T14:22:03.784+0000: 1133.971: [GC [PSYoungGen: 165114K->758K(161920K)] 378225K->213965K(848896K), 0.0041020 secs] [Times: user=0.02 sys=0.00, real=0.00 secs] 
2014-07-16T14:22:04.361+0000: 1134.548: [GC [PSYoungGen: 161896K->1020K(159104K)] 375103K->214275K(846080K), 0.0103250 secs] [Times: user=0.05 sys=0.01, real=0.02 secs] 
2014-07-16T14:22:04.937+0000: 1135.124: [GC [PSYoungGen: 159100K->794K(155968K)] 372355K->214105K(842944K), 0.0063790 secs] [Times: user=0.04 sys=0.00, real=0.01 secs] 
2014-07-16T14:22:05.507+0000: 1135.694: [GC [PSYoungGen: 155930K->930K(153216K)] 369241K->214305K(840192K), 0.0058100 secs] [Times: user=0.04 sys=0.00, real=0.01 secs] 
2014-07-16T14:22:06.088+0000: 1136.275: [GC [PSYoungGen: 153186K->1414K(184192K)] 366561K->214877K(871168K), 0.0066700 secs] [Times: user=0.04 sys=0.00, real=0.01 secs] 
2014-07-16T14:22:06.729+0000: 1136.916: [GC [PSYoungGen: 184134K->570K(193664K)] 397597K->214449K(880640K), 0.0077240 secs] [Times: user=0.03 sys=0.00, real=0.01 secs] 
2014-07-16T14:22:07.451+0000: 1137.638: [GC [PSYoungGen: 193626K->1526K(190528K)] 407506K->215502K(877504K), 0.0053720 secs] [Times: user=0.04 sys=0.00, real=0.00 secs] 
2014-07-16T14:22:08.116+0000: 1138.304: [GC [PSYoungGen: 190446K->64K(185088K)] 404422K->215302K(872064K), 0.0039860 secs] [Times: user=0.02 sys=0.00, real=0.00 secs] 
2014-07-16T14:22:08.779+0000: 1138.966: [GC [PSYoungGen: 185081K->1690K(182912K)] 400319K->216944K(869888K), 0.0030390 secs] [Times: user=0.02 sys=0.00, real=0.01 secs] 
2014-07-16T14:22:09.419+0000: 1139.606: [GC [PSYoungGen: 182874K->862K(178368K)] 398128K->216746K(865344K), 0.0035730 secs] [Times: user=0.02 sys=0.00, real=0.01 secs] 
2014-07-16T14:22:10.061+0000: 1140.249: [GC [PSYoungGen: 178314K->1126K(175040K)] 394198K->217114K(862016K), 0.0047100 secs] [Times: user=0.03 sys=0.01, real=0.01 secs] 
2014-07-16T14:22:10.696+0000: 1140.883: [GC [PSYoungGen: 175014K->1472K(171968K)] 391002K->217548K(858944K), 0.0065220 secs] [Times: user=0.04 sys=0.00, real=0.01 secs] 
2014-07-16T14:22:11.319+0000: 1141.506: [GC [PSYoungGen: 171904K->352K(167424K)] 387980K->216484K(854400K), 0.0076380 secs] [Times: user=0.04 sys=0.01, real=0.01 secs] 
2014-07-16T14:22:11.938+0000: 1142.125: [GC [PSYoungGen: 167392K->1382K(165184K)] 383524K->217610K(852160K), 0.0043400 secs] [Times: user=0.02 sys=0.00, real=0.01 secs] 
2014-07-16T14:22:12.538+0000: 1142.725: [GC [PSYoungGen: 165158K->672K(161344K)] 381386K->216956K(848320K), 0.0085980 secs] [Times: user=0.06 sys=0.00, real=0.01 secs] 
2014-07-16T14:22:13.155+0000: 1143.343: [GC [PSYoungGen: 161230K->1326K(158912K)] 377514K->217674K(845888K), 0.0060620 secs] [Times: user=0.03 sys=0.00, real=0.00 secs] 
2014-07-16T14:22:13.754+0000: 1143.941: [GC [PSYoungGen: 158894K->818K(155456K)] 375242K->217238K(842432K), 0.0045590 secs] [Times: user=0.02 sys=0.00, real=0.00 secs] 
2014-07-16T14:22:14.386+0000: 1144.574: [GC [PSYoungGen: 155442K->708K(152512K)] 371862K->217176K(839488K), 0.0064670 secs] [Times: user=0.04 sys=0.00, real=0.01 secs] 
2014-07-16T14:22:14.987+0000: 1145.174: [GC [PSYoungGen: 152452K->1072K(183232K)] 368920K->217604K(870208K), 0.0107330 secs] [Times: user=0.07 sys=0.00, real=0.01 secs] 
2014-07-16T14:22:15.751+0000: 1145.939: [GC [PSYoungGen: 183213K->1090K(184064K)] 399745K->217638K(871040K), 0.0076000 secs] [Times: user=0.03 sys=0.00, real=0.01 secs] 
2014-07-16T14:22:16.472+0000: 1146.659: [GC [PSYoungGen: 183298K->616K(179136K)] 399846K->217220K(866112K), 0.0037550 secs] [Times: user=0.02 sys=0.00, real=0.01 secs] 
2014-07-16T14:22:17.166+0000: 1147.353: [GC [PSYoungGen: 179112K->544K(175424K)] 395716K->217196K(862400K), 0.0041660 secs] [Times: user=0.02 sys=0.00, real=0.00 secs] 
2014-07-16T14:22:17.954+0000: 1148.142: [GC [PSYoungGen: 175392K->740K(172096K)] 392044K->217464K(859072K), 0.0067880 secs] [Times: user=0.03 sys=0.00, real=0.00 secs] 
2014-07-16T14:22:18.549+0000: 1148.736: [GC [PSYoungGen: 172068K->776K(168768K)] 388792K->217572K(855744K), 0.0068310 secs] [Times: user=0.05 sys=0.00, real=0.01 secs] 
2014-07-16T14:22:19.150+0000: 1149.337: [GC [PSYoungGen: 168712K->562K(165248K)] 385508K->217414K(852224K), 0.0078910 secs] [Times: user=0.05 sys=0.00, real=0.01 secs] 
2014-07-16T14:22:19.748+0000: 1149.935: [GC [PSYoungGen: 165234K->800K(162304K)] 382086K->217740K(849280K), 0.0036120 secs] [Times: user=0.02 sys=0.00, real=0.00 secs] 
2014-07-16T14:22:20.314+0000: 1150.501: [GC [PSYoungGen: 162272K->594K(178816K)] 379212K->217598K(865792K), 0.0120000 secs] [Times: user=0.08 sys=0.00, real=0.01 secs] 
2014-07-16T14:22:20.968+0000: 1151.155: [GC [PSYoungGen: 177780K->640K(195456K)] 394784K->217732K(882432K), 0.0033530 secs] [Times: user=0.02 sys=0.00, real=0.00 secs] 
2014-07-16T14:22:21.673+0000: 1151.861: [GC [PSYoungGen: 194479K->820K(190528K)] 411572K->217960K(877504K), 0.0064390 secs] [Times: user=0.03 sys=0.00, real=0.00 secs] 
2014-07-16T14:22:22.398+0000: 1152.585: [GC [PSYoungGen: 190516K->744K(186496K)] 407656K->218172K(873472K), 0.0054050 secs] [Times: user=0.03 sys=0.00, real=0.00 secs] 
2014-07-16T14:22:23.060+0000: 1153.247: [GC [PSYoungGen: 186398K->562K(182464K)] 403827K->218030K(869440K), 0.0034770 secs] [Times: user=0.01 sys=0.00, real=0.00 secs] 
2014-07-16T14:22:23.714+0000: 1153.901: [GC [PSYoungGen: 182450K->698K(178880K)] 399918K->218246K(865856K), 0.0074020 secs] [Times: user=0.05 sys=0.01, real=0.00 secs] 
2014-07-16T14:22:24.380+0000: 1154.567: [GC [PSYoungGen: 178874K->1262K(175872K)] 396422K->218858K(862848K), 0.0093250 secs] [Times: user=0.06 sys=0.00, real=0.01 secs] 
2014-07-16T14:22:24.989+0000: 1155.176: [GC [PSYoungGen: 175854K->894K(171968K)] 393450K->218810K(858944K), 0.0053970 secs] [Times: user=0.03 sys=0.00, real=0.01 secs] 
2014-07-16T14:22:25.608+0000: 1155.796: [GC [PSYoungGen: 171954K->772K(168512K)] 389871K->218760K(855488K), 0.0059990 secs] [Times: user=0.03 sys=0.00, real=0.01 secs] 
2014-07-16T14:22:26.216+0000: 1156.403: [GC [PSYoungGen: 168452K->908K(190976K)] 386440K->219010K(877952K), 0.0084190 secs] [Times: user=0.05 sys=0.00, real=0.01 secs] 
2014-07-16T14:22:26.916+0000: 1157.103: [GC [PSYoungGen: 190345K->1262K(186752K)] 408447K->219436K(873728K), 0.0050990 secs] [Times: user=0.02 sys=0.00, real=0.00 secs] 
2014-07-16T14:22:27.594+0000: 1157.781: [GC [PSYoungGen: 186708K->306K(181952K)] 404882K->219056K(868928K), 0.0050160 secs] [Times: user=0.03 sys=0.00, real=0.01 secs] 
2014-07-16T14:22:28.247+0000: 1158.435: [GC [PSYoungGen: 181938K->666K(178624K)] 400688K->219506K(865600K), 0.0068350 secs] [Times: user=0.04 sys=0.01, real=0.01 secs] 
2014-07-16T14:22:28.895+0000: 1159.082: [GC [PSYoungGen: 178582K->466K(174848K)] 397422K->219586K(861824K), 0.0074820 secs] [Times: user=0.05 sys=0.00, real=0.00 secs] 
2014-07-16T14:22:29.508+0000: 1159.696: [GC [PSYoungGen: 174758K->984K(188224K)] 393878K->220152K(875200K), 0.0096560 secs] [Times: user=0.06 sys=0.00, real=0.01 secs] 
2014-07-16T14:22:30.212+0000: 1160.399: [GC [PSYoungGen: 187652K->958K(183744K)] 406820K->220190K(870720K), 0.0038210 secs] [Times: user=0.01 sys=0.00, real=0.01 secs] 
2014-07-16T14:22:30.877+0000: 1161.064: [GC [PSYoungGen: 183742K->1044K(180096K)] 402974K->220348K(867072K), 0.0074180 secs] [Times: user=0.04 sys=0.01, real=0.00 secs] 
2014-07-16T14:22:31.513+0000: 1161.700: [GC [PSYoungGen: 180052K->854K(209344K)] 399356K->220222K(896320K), 0.0168550 secs] [Times: user=0.11 sys=0.01, real=0.02 secs] 
2014-07-16T14:22:32.285+0000: 1162.472: [GC [PSYoungGen: 209224K->890K(209856K)] 428592K->220354K(896832K), 0.0061750 secs] [Times: user=0.03 sys=0.01, real=0.01 secs] 
2014-07-16T14:22:33.042+0000: 1163.229: [GC [PSYoungGen: 209274K->608K(251520K)] 428738K->220160K(938496K), 0.0029300 secs] [Times: user=0.01 sys=0.00, real=0.00 secs] 
2014-07-16T14:22:33.968+0000: 1164.155: [GC [PSYoungGen: 250720K->982K(244992K)] 470272K->220622K(931968K), 0.0083090 secs] [Times: user=0.05 sys=0.00, real=0.01 secs] 
2014-07-16T14:22:34.833+0000: 1165.020: [GC [PSYoungGen: 244950K->448K(238528K)] 464590K->220152K(925504K), 0.0066850 secs] [Times: user=0.02 sys=0.01, real=0.01 secs] 
2014-07-16T14:22:35.710+0000: 1165.897: [GC [PSYoungGen: 238528K->1012K(233408K)] 458232K->220780K(920384K), 0.0071130 secs] [Times: user=0.05 sys=0.00, real=0.01 secs] 
2014-07-16T14:22:36.556+0000: 1166.743: [GC [PSYoungGen: 233396K->402K(227328K)] 453164K->220202K(914304K), 0.0055030 secs] [Times: user=0.01 sys=0.00, real=0.00 secs] 
2014-07-16T14:22:37.366+0000: 1167.554: [GC [PSYoungGen: 227282K->1158K(222848K)] 447082K->221022K(909824K), 0.0033420 secs] [Times: user=0.01 sys=0.00, real=0.00 secs] 
2014-07-16T14:22:38.164+0000: 1168.351: [GC [PSYoungGen: 222790K->448K(216960K)] 442654K->220368K(903936K), 0.0080820 secs] [Times: user=0.05 sys=0.01, real=0.01 secs] 
2014-07-16T14:22:38.925+0000: 1169.112: [GC [PSYoungGen: 216960K->1512K(213120K)] 436880K->221512K(900096K), 0.0051260 secs] [Times: user=0.03 sys=0.00, real=0.01 secs] 
2014-07-16T14:22:39.692+0000: 1169.879: [GC [PSYoungGen: 213073K->1134K(208000K)] 433074K->221230K(894976K), 0.0038080 secs] [Times: user=0.02 sys=0.00, real=0.01 secs] 
2014-07-16T14:22:40.433+0000: 1170.620: [GC [PSYoungGen: 207940K->698K(203008K)] 428036K->220874K(889984K), 0.0059210 secs] [Times: user=0.04 sys=0.00, real=0.01 secs] 
2014-07-16T14:22:41.180+0000: 1171.367: [GC [PSYoungGen: 203002K->776K(198720K)] 423178K->221032K(885696K), 0.0039450 secs] [Times: user=0.02 sys=0.00, real=0.00 secs] 
2014-07-16T14:22:41.884+0000: 1172.072: [GC [PSYoungGen: 198664K->1032K(194688K)] 418920K->221352K(881664K), 0.0047110 secs] [Times: user=0.03 sys=0.00, real=0.01 secs] 
2014-07-16T14:22:42.607+0000: 1172.794: [GC [PSYoungGen: 194632K->626K(190144K)] 414952K->221010K(877120K), 0.0060020 secs] [Times: user=0.03 sys=0.00, real=0.00 secs] 
2014-07-16T14:22:43.301+0000: 1173.489: [GC [PSYoungGen: 190130K->694K(186240K)] 410514K->221150K(873216K), 0.0112730 secs] [Times: user=0.07 sys=0.00, real=0.01 secs] 
2014-07-16T14:22:43.952+0000: 1174.139: [GC [PSYoungGen: 186230K->866K(182592K)] 406686K->221386K(869568K), 0.0030900 secs] [Times: user=0.02 sys=0.00, real=0.00 secs] 
2014-07-16T14:22:44.620+0000: 1174.807: [GC [PSYoungGen: 182538K->1184K(179200K)] 403059K->221752K(866176K), 0.0045760 secs] [Times: user=0.03 sys=0.00, real=0.00 secs] 
2014-07-16T14:22:45.256+0000: 1175.444: [GC [PSYoungGen: 179168K->576K(174976K)] 399736K->221240K(861952K), 0.0055860 secs] [Times: user=0.03 sys=0.00, real=0.01 secs] 
2014-07-16T14:22:45.881+0000: 1176.069: [GC [PSYoungGen: 174976K->808K(171776K)] 395640K->221576K(858752K), 0.0065590 secs] [Times: user=0.04 sys=0.00, real=0.01 secs] 
2014-07-16T14:22:46.493+0000: 1176.680: [GC [PSYoungGen: 171752K->876K(168448K)] 392520K->221740K(855424K), 0.0077780 secs] [Times: user=0.06 sys=0.00, real=0.01 secs] 
2014-07-16T14:22:47.102+0000: 1177.289: [GC [PSYoungGen: 168428K->1058K(165376K)] 389292K->222010K(852352K), 0.0052860 secs] [Times: user=0.02 sys=0.01, real=0.01 secs] 
2014-07-16T14:22:47.701+0000: 1177.888: [GC [PSYoungGen: 165346K->576K(197760K)] 386298K->221592K(884736K), 0.0098400 secs] [Times: user=0.06 sys=0.01, real=0.01 secs] 
2014-07-16T14:22:48.436+0000: 1178.623: [GC [PSYoungGen: 197760K->672K(193664K)] 418776K->221768K(880640K), 0.0053240 secs] [Times: user=0.03 sys=0.00, real=0.01 secs] 
2014-07-16T14:22:49.186+0000: 1179.373: [GC [PSYoungGen: 193567K->1380K(232960K)] 414664K->222696K(919936K), 0.0089060 secs] [Times: user=0.05 sys=0.01, real=0.01 secs] 
2014-07-16T14:22:50.094+0000: 1180.281: [GC [PSYoungGen: 232932K->1010K(227136K)] 454248K->222430K(914112K), 0.0073620 secs] [Times: user=0.05 sys=0.00, real=0.01 secs] 
2014-07-16T14:22:51.005+0000: 1181.192: [GC [PSYoungGen: 227072K->854K(221760K)] 448493K->222354K(908736K), 0.0068970 secs] [Times: user=0.04 sys=0.00, real=0.01 secs] 
2014-07-16T14:22:51.851+0000: 1182.038: [GC [PSYoungGen: 221639K->1222K(217088K)] 443140K->222778K(904064K), 0.0052700 secs] [Times: user=0.02 sys=0.00, real=0.00 secs] 
2014-07-16T14:22:52.846+0000: 1183.033: [GC [PSYoungGen: 217030K->818K(211776K)] 438586K->222430K(898752K), 0.0044230 secs] [Times: user=0.02 sys=0.00, real=0.01 secs] 
2014-07-16T14:22:53.701+0000: 1183.888: [GC [PSYoungGen: 211762K->736K(206976K)] 433374K->222412K(893952K), 0.0077980 secs] [Times: user=0.05 sys=0.01, real=0.01 secs] 
2014-07-16T14:22:54.436+0000: 1184.624: [GC [PSYoungGen: 206933K->726K(202432K)] 428610K->222474K(889408K), 0.0075170 secs] [Times: user=0.05 sys=0.00, real=0.01 secs] 
2014-07-16T14:22:55.158+0000: 1185.345: [GC [PSYoungGen: 202369K->826K(198080K)] 424118K->222662K(885056K), 0.0056030 secs] [Times: user=0.04 sys=0.00, real=0.01 secs] 
2014-07-16T14:22:55.854+0000: 1186.041: [GC [PSYoungGen: 198035K->516K(193600K)] 419871K->222440K(880576K), 0.0054640 secs] [Times: user=0.04 sys=0.00, real=0.01 secs] 
2014-07-16T14:22:56.545+0000: 1186.732: [GC [PSYoungGen: 193509K->1416K(190400K)] 415434K->223404K(877376K), 0.0064770 secs] [Times: user=0.04 sys=0.00, real=0.01 secs] 
2014-07-16T14:22:57.244+0000: 1187.431: [GC [PSYoungGen: 190344K->562K(185536K)] 412332K->222598K(872512K), 0.0037010 secs] [Times: user=0.01 sys=0.00, real=0.00 secs] 
2014-07-16T14:22:57.949+0000: 1188.136: [GC [PSYoungGen: 185522K->576K(181696K)] 407558K->222684K(868672K), 0.0066780 secs] [Times: user=0.04 sys=0.00, real=0.01 secs] 
2014-07-16T14:22:58.597+0000: 1188.784: [GC [PSYoungGen: 181696K->858K(178304K)] 403804K->223070K(865280K), 0.0043860 secs] [Times: user=0.02 sys=0.00, real=0.01 secs] 
2014-07-16T14:22:59.234+0000: 1189.421: [GC [PSYoungGen: 178265K->854K(174720K)] 400477K->223146K(861696K), 0.0057030 secs] [Times: user=0.03 sys=0.01, real=0.01 secs] 
2014-07-16T14:22:59.867+0000: 1190.054: [GC [PSYoungGen: 174678K->986K(171392K)] 396970K->223374K(858368K), 0.0036720 secs] [Times: user=0.02 sys=0.00, real=0.01 secs] 
2014-07-16T14:23:00.492+0000: 1190.679: [GC [PSYoungGen: 171354K->1368K(168448K)] 393742K->223852K(855424K), 0.0088980 secs] [Times: user=0.06 sys=0.00, real=0.01 secs] 
2014-07-16T14:23:01.091+0000: 1191.278: [GC [PSYoungGen: 168408K->552K(164352K)] 390892K->223262K(851328K), 0.0072770 secs] [Times: user=0.04 sys=0.00, real=0.00 secs] 
2014-07-16T14:23:01.691+0000: 1191.879: [GC [PSYoungGen: 164328K->630K(161280K)] 387038K->223412K(848256K), 0.0056400 secs] [Times: user=0.03 sys=0.00, real=0.00 secs] 
2014-07-16T14:23:02.263+0000: 1192.451: [GC [PSYoungGen: 161244K->484K(158080K)] 384026K->223362K(845056K), 0.0060580 secs] [Times: user=0.02 sys=0.00, real=0.00 secs] 
2014-07-16T14:23:02.851+0000: 1193.038: [GC [PSYoungGen: 158052K->804K(189952K)] 380930K->223762K(876928K), 0.0073920 secs] [Times: user=0.05 sys=0.00, real=0.00 secs] 
2014-07-16T14:23:03.508+0000: 1193.695: [GC [PSYoungGen: 189924K->834K(186048K)] 412882K->223872K(873024K), 0.0049470 secs] [Times: user=0.03 sys=0.00, real=0.01 secs] 
2014-07-16T14:23:04.197+0000: 1194.384: [GC [PSYoungGen: 185986K->840K(182208K)] 409024K->223982K(869184K), 0.0040400 secs] [Times: user=0.02 sys=0.00, real=0.01 secs] 
2014-07-16T14:23:04.872+0000: 1195.059: [GC [PSYoungGen: 182152K->1060K(218688K)] 405294K->224290K(905664K), 0.0149610 secs] [Times: user=0.09 sys=0.00, real=0.01 secs] 
2014-07-16T14:23:05.639+0000: 1195.826: [GC [PSYoungGen: 218660K->1212K(224960K)] 441890K->224498K(911936K), 0.0126780 secs] [Times: user=0.08 sys=0.00, real=0.02 secs] 
2014-07-16T14:23:06.454+0000: 1196.641: [GC [PSYoungGen: 224746K->1008K(262720K)] 448032K->224358K(949696K), 0.0040200 secs] [Times: user=0.02 sys=0.01, real=0.00 secs] 
2014-07-16T14:23:07.397+0000: 1197.584: [GC [PSYoungGen: 262183K->1098K(255808K)] 485533K->224504K(942784K), 0.0049370 secs] [Times: user=0.02 sys=0.00, real=0.01 secs] 
2014-07-16T14:23:08.347+0000: 1198.534: [GC [PSYoungGen: 255754K->384K(248768K)] 479160K->223910K(935744K), 0.0033390 secs] [Times: user=0.02 sys=0.00, real=0.00 secs] 
2014-07-16T14:23:09.259+0000: 1199.446: [GC [PSYoungGen: 248768K->918K(243264K)] 472294K->224516K(930240K), 0.0102520 secs] [Times: user=0.07 sys=0.00, real=0.01 secs] 
2014-07-16T14:23:10.124+0000: 1200.311: [GC [PSYoungGen: 243222K->1036K(237568K)] 466820K->224738K(924544K), 0.0053760 secs] [Times: user=0.03 sys=0.00, real=0.00 secs] 
2014-07-16T14:23:10.990+0000: 1201.177: [GC [PSYoungGen: 237466K->894K(231744K)] 461169K->224692K(918720K), 0.0037210 secs] [Times: user=0.02 sys=0.00, real=0.01 secs] 
2014-07-16T14:23:11.827+0000: 1202.014: [GC [PSYoungGen: 231742K->1008K(226432K)] 455540K->224886K(913408K), 0.0042990 secs] [Times: user=0.02 sys=0.00, real=0.01 secs] 
2014-07-16T14:23:12.619+0000: 1202.806: [GC [PSYoungGen: 226416K->1462K(221632K)] 450294K->225412K(908608K), 0.0082200 secs] [Times: user=0.06 sys=0.00, real=0.01 secs] 
2014-07-16T14:23:13.412+0000: 1203.600: [GC [PSYoungGen: 221622K->512K(215616K)] 445572K->224574K(902592K), 0.0031080 secs] [Times: user=0.02 sys=0.00, real=0.00 secs] 
2014-07-16T14:23:14.175+0000: 1204.363: [GC [PSYoungGen: 215547K->1344K(211648K)] 439610K->225494K(898624K), 0.0031980 secs] [Times: user=0.02 sys=0.00, real=0.00 secs] 
2014-07-16T14:23:15.040+0000: 1205.227: [GC [PSYoungGen: 211584K->848K(206464K)] 435734K->225038K(893440K), 0.0080650 secs] [Times: user=0.04 sys=0.00, real=0.01 secs] 
2014-07-16T14:23:15.886+0000: 1206.074: [GC [PSYoungGen: 206416K->904K(201984K)] 430606K->225166K(888960K), 0.0046600 secs] [Times: user=0.03 sys=0.00, real=0.00 secs] 
2014-07-16T14:23:16.721+0000: 1206.908: [GC [PSYoungGen: 201928K->990K(197696K)] 426190K->225308K(884672K), 0.0057530 secs] [Times: user=0.04 sys=0.00, real=0.01 secs] 
2014-07-16T14:23:17.513+0000: 1207.701: [GC [PSYoungGen: 197633K->968K(193472K)] 421952K->225366K(880448K), 0.0058090 secs] [Times: user=0.04 sys=0.01, real=0.00 secs] 
2014-07-16T14:23:18.378+0000: 1208.565: [GC [PSYoungGen: 193341K->1036K(189440K)] 417739K->225606K(876416K), 0.0056020 secs] [Times: user=0.04 sys=0.00, real=0.01 secs] 
2014-07-16T14:23:19.127+0000: 1209.314: [GC [PSYoungGen: 189388K->1360K(227456K)] 413958K->225978K(914432K), 0.0164220 secs] [Times: user=0.10 sys=0.00, real=0.02 secs] 
2014-07-16T14:23:19.992+0000: 1210.180: [GC [PSYoungGen: 227408K->506K(221312K)] 452026K->225448K(908288K), 0.0063090 secs] [Times: user=0.04 sys=0.00, real=0.00 secs] 
2014-07-16T14:23:20.772+0000: 1210.959: [GC [PSYoungGen: 221306K->972K(216768K)] 446248K->225986K(903744K), 0.0076570 secs] [Times: user=0.05 sys=0.01, real=0.00 secs] 
2014-07-16T14:23:21.559+0000: 1211.746: [GC [PSYoungGen: 216716K->722K(211648K)] 441730K->225990K(898624K), 0.0055900 secs] [Times: user=0.03 sys=0.00, real=0.01 secs] 
2014-07-16T14:23:22.311+0000: 1212.498: [GC [PSYoungGen: 211601K->608K(206784K)] 436870K->225980K(893760K), 0.0066490 secs] [Times: user=0.04 sys=0.00, real=0.01 secs] 
2014-07-16T14:23:23.087+0000: 1213.274: [GC [PSYoungGen: 206752K->1326K(202944K)] 432124K->226754K(889920K), 0.0085230 secs] [Times: user=0.05 sys=0.00, real=0.01 secs] 
2014-07-16T14:23:23.807+0000: 1213.994: [GC [PSYoungGen: 202926K->972K(198208K)] 428354K->226464K(885184K), 0.0076870 secs] [Times: user=0.03 sys=0.00, real=0.01 secs] 
2014-07-16T14:23:24.526+0000: 1214.714: [GC [PSYoungGen: 198114K->790K(193792K)] 423607K->226362K(880768K), 0.0034750 secs] [Times: user=0.01 sys=0.00, real=0.00 secs] 
2014-07-16T14:23:25.231+0000: 1215.419: [GC [PSYoungGen: 193750K->1276K(190144K)] 419322K->226920K(877120K), 0.0088130 secs] [Times: user=0.06 sys=0.00, real=0.01 secs] 
2014-07-16T14:23:25.933+0000: 1216.120: [GC [PSYoungGen: 190140K->1022K(185920K)] 415784K->226770K(872896K), 0.0044980 secs] [Times: user=0.03 sys=0.00, real=0.01 secs] 
2014-07-16T14:23:26.585+0000: 1216.772: [GC [PSYoungGen: 185918K->1258K(182336K)] 411666K->227102K(869312K), 0.0087960 secs] [Times: user=0.06 sys=0.00, real=0.01 secs] 
2014-07-16T14:23:27.241+0000: 1217.428: [GC [PSYoungGen: 182314K->740K(178112K)] 408158K->226672K(865088K), 0.0034230 secs] [Times: user=0.02 sys=0.00, real=0.01 secs] 
2014-07-16T14:23:27.926+0000: 1218.113: [GC [PSYoungGen: 178079K->1286K(175104K)] 404012K->227274K(862080K), 0.0051420 secs] [Times: user=0.02 sys=0.00, real=0.00 secs] 
2014-07-16T14:23:28.508+0000: 1218.695: [GC [PSYoungGen: 175046K->1134K(171456K)] 401034K->227195K(858432K), 0.0065840 secs] [Times: user=0.04 sys=0.00, real=0.01 secs] 
2014-07-16T14:23:29.112+0000: 1219.299: [GC [PSYoungGen: 171438K->690K(167680K)] 397499K->226846K(854656K), 0.0046930 secs] [Times: user=0.03 sys=0.00, real=0.01 secs] 
2014-07-16T14:23:29.710+0000: 1219.898: [GC [PSYoungGen: 167661K->1298K(165056K)] 393818K->227503K(852032K), 0.0090470 secs] [Times: user=0.05 sys=0.00, real=0.01 secs] 
2014-07-16T14:23:30.303+0000: 1220.490: [GC [PSYoungGen: 165010K->794K(161408K)] 391215K->227070K(848384K), 0.0036190 secs] [Times: user=0.01 sys=0.00, real=0.01 secs] 
2014-07-16T14:23:30.928+0000: 1221.115: [GC [PSYoungGen: 161370K->804K(158336K)] 387646K->227144K(845312K), 0.0058720 secs] [Times: user=0.03 sys=0.00, real=0.01 secs] 
2014-07-16T14:23:31.554+0000: 1221.741: [GC [PSYoungGen: 158306K->946K(155520K)] 384647K->227366K(842496K), 0.0041000 secs] [Times: user=0.02 sys=0.00, real=0.01 secs] 
2014-07-16T14:23:32.165+0000: 1222.352: [GC [PSYoungGen: 155481K->1022K(152704K)] 381902K->227522K(839680K), 0.0076810 secs] [Times: user=0.05 sys=0.00, real=0.00 secs] 
2014-07-16T14:23:32.691+0000: 1222.878: [GC [PSYoungGen: 152702K->1254K(183296K)] 379202K->227842K(870272K), 0.0078180 secs] [Times: user=0.05 sys=0.00, real=0.01 secs] 
2014-07-16T14:23:33.496+0000: 1223.683: [GC [PSYoungGen: 183270K->804K(179136K)] 409858K->227594K(866112K), 0.0033870 secs] [Times: user=0.02 sys=0.00, real=0.00 secs] 
2014-07-16T14:23:34.305+0000: 1224.492: [GC [PSYoungGen: 179060K->1354K(176128K)] 405850K->228208K(863104K), 0.0035350 secs] [Times: user=0.02 sys=0.00, real=0.00 secs] 
2014-07-16T14:23:35.035+0000: 1225.222: [GC [PSYoungGen: 176073K->864K(172096K)] 402927K->227782K(859072K), 0.0044330 secs] [Times: user=0.03 sys=0.00, real=0.01 secs] 
2014-07-16T14:23:35.739+0000: 1225.926: [GC [PSYoungGen: 172054K->922K(168768K)] 398973K->227920K(855744K), 0.0064590 secs] [Times: user=0.04 sys=0.00, real=0.01 secs] 
2014-07-16T14:23:36.429+0000: 1226.616: [GC [PSYoungGen: 168644K->876K(165440K)] 395643K->227922K(852416K), 0.0061760 secs] [Times: user=0.04 sys=0.00, real=0.00 secs] 
2014-07-16T14:23:37.062+0000: 1227.249: [GC [PSYoungGen: 165420K->794K(162176K)] 392466K->227904K(849152K), 0.0068500 secs] [Times: user=0.03 sys=0.00, real=0.01 secs] 
2014-07-16T14:23:37.655+0000: 1227.842: [GC [PSYoungGen: 162137K->776K(159104K)] 389248K->227974K(846080K), 0.0077480 secs] [Times: user=0.05 sys=0.00, real=0.01 secs] 
2014-07-16T14:23:38.275+0000: 1228.462: [GC [PSYoungGen: 159018K->836K(156160K)] 386217K->228106K(843136K), 0.0044040 secs] [Times: user=0.01 sys=0.00, real=0.00 secs] 
2014-07-16T14:23:38.808+0000: 1228.995: [GC [PSYoungGen: 156100K->754K(153152K)] 383370K->228096K(840128K), 0.0071420 secs] [Times: user=0.03 sys=0.00, real=0.01 secs] 
2014-07-16T14:23:39.346+0000: 1229.533: [GC [PSYoungGen: 153138K->1304K(150912K)] 380480K->228710K(837888K), 0.0044350 secs] [Times: user=0.02 sys=0.00, real=0.00 secs] 
2014-07-16T14:23:39.872+0000: 1230.059: [GC [PSYoungGen: 150872K->448K(147328K)] 378278K->227926K(834304K), 0.0029540 secs] [Times: user=0.01 sys=0.00, real=0.01 secs] 
2014-07-16T14:23:40.401+0000: 1230.588: [GC [PSYoungGen: 147326K->926K(177216K)] 374805K->228476K(864192K), 0.0087390 secs] [Times: user=0.06 sys=0.00, real=0.01 secs] 
2014-07-16T14:23:41.044+0000: 1231.232: [GC [PSYoungGen: 177182K->794K(173568K)] 404732K->228432K(860544K), 0.0032970 secs] [Times: user=0.02 sys=0.00, real=0.01 secs] 
2014-07-16T14:23:41.680+0000: 1231.867: [GC [PSYoungGen: 173530K->826K(170112K)] 401168K->228528K(857088K), 0.0055110 secs] [Times: user=0.03 sys=0.00, real=0.00 secs] 
2014-07-16T14:23:42.299+0000: 1232.487: [GC [PSYoungGen: 170106K->544K(166528K)] 397808K->228318K(853504K), 0.0045510 secs] [Times: user=0.02 sys=0.00, real=0.00 secs] 
2014-07-16T14:23:42.899+0000: 1233.086: [GC [PSYoungGen: 166492K->894K(163648K)] 394267K->228740K(850624K), 0.0056780 secs] [Times: user=0.03 sys=0.00, real=0.00 secs] 
2014-07-16T14:23:43.505+0000: 1233.693: [GC [PSYoungGen: 163646K->866K(160512K)] 391492K->228776K(847488K), 0.0032800 secs] [Times: user=0.01 sys=0.00, real=0.01 secs] 
2014-07-16T14:23:44.068+0000: 1234.255: [GC [PSYoungGen: 160482K->826K(157440K)] 388392K->228792K(844416K), 0.0080110 secs] [Times: user=0.04 sys=0.00, real=0.01 secs] 
2014-07-16T14:23:44.673+0000: 1234.860: [GC [PSYoungGen: 157434K->1012K(188992K)] 385400K->229066K(875968K), 0.0087490 secs] [Times: user=0.06 sys=0.00, real=0.01 secs] 
2014-07-16T14:23:45.333+0000: 1235.520: [GC [PSYoungGen: 188939K->1104K(226752K)] 416994K->229230K(913728K), 0.0068110 secs] [Times: user=0.03 sys=0.00, real=0.01 secs] 
2014-07-16T14:23:46.185+0000: 1236.372: [GC [PSYoungGen: 226704K->566K(220928K)] 454830K->229228K(907904K), 0.0059130 secs] [Times: user=0.04 sys=0.01, real=0.01 secs] 
2014-07-16T14:23:46.968+0000: 1237.155: [GC [PSYoungGen: 220875K->1004K(216320K)] 449538K->229738K(903296K), 0.0068960 secs] [Times: user=0.04 sys=0.01, real=0.00 secs] 
2014-07-16T14:23:47.777+0000: 1237.964: [GC [PSYoungGen: 216300K->876K(211328K)] 445034K->230029K(898304K), 0.0055590 secs] [Times: user=0.03 sys=0.00, real=0.00 secs] 
2014-07-16T14:23:48.564+0000: 1238.751: [GC [PSYoungGen: 211307K->940K(206720K)] 440460K->230173K(893696K), 0.0034210 secs] [Times: user=0.02 sys=0.00, real=0.01 secs] 
2014-07-16T14:23:49.317+0000: 1239.504: [GC [PSYoungGen: 206700K->722K(201984K)] 435933K->230026K(888960K), 0.0035750 secs] [Times: user=0.01 sys=0.00, real=0.00 secs] 
2014-07-16T14:23:50.050+0000: 1240.238: [GC [PSYoungGen: 201938K->958K(197824K)] 431242K->230319K(884800K), 0.0061550 secs] [Times: user=0.03 sys=0.01, real=0.00 secs] 
2014-07-16T14:23:50.766+0000: 1240.953: [GC [PSYoungGen: 197822K->1000K(193664K)] 427183K->230549K(880640K), 0.0032880 secs] [Times: user=0.02 sys=0.00, real=0.01 secs] 
2014-07-16T14:23:51.486+0000: 1241.673: [GC [PSYoungGen: 193616K->850K(189440K)] 423165K->230478K(876416K), 0.0038150 secs] [Times: user=0.02 sys=0.00, real=0.01 secs] 
2014-07-16T14:23:52.189+0000: 1242.376: [GC [PSYoungGen: 189394K->694K(185280K)] 419022K->230523K(872256K), 0.0044100 secs] [Times: user=0.03 sys=0.00, real=0.00 secs] 
2014-07-16T14:23:52.839+0000: 1243.026: [GC [PSYoungGen: 185258K->708K(181504K)] 415087K->230593K(868480K), 0.0036130 secs] [Times: user=0.01 sys=0.01, real=0.00 secs] 
2014-07-16T14:23:53.484+0000: 1243.671: [GC [PSYoungGen: 181444K->722K(177792K)] 411329K->230702K(864768K), 0.0067980 secs] [Times: user=0.04 sys=0.00, real=0.01 secs] 
2014-07-16T14:23:54.104+0000: 1244.291: [GC [PSYoungGen: 177746K->676K(174144K)] 407726K->230737K(861120K), 0.0052260 secs] [Times: user=0.03 sys=0.00, real=0.01 secs] 
2014-07-16T14:23:54.718+0000: 1244.905: [GC [PSYoungGen: 174085K->890K(170880K)] 404146K->231015K(857856K), 0.0085080 secs] [Times: user=0.06 sys=0.00, real=0.01 secs] 
2014-07-16T14:23:55.314+0000: 1245.501: [GC [PSYoungGen: 170874K->544K(204608K)] 400999K->230740K(891584K), 0.0108750 secs] [Times: user=0.06 sys=0.00, real=0.01 secs] 
2014-07-16T14:23:56.072+0000: 1246.259: [GC [PSYoungGen: 204574K->890K(200448K)] 434771K->231135K(887424K), 0.0034740 secs] [Times: user=0.02 sys=0.00, real=0.00 secs] 
2014-07-16T14:23:56.780+0000: 1246.967: [GC [PSYoungGen: 200442K->754K(195968K)] 430687K->231078K(882944K), 0.0067190 secs] [Times: user=0.05 sys=0.00, real=0.00 secs] 
2014-07-16T14:23:57.488+0000: 1247.675: [GC [PSYoungGen: 195910K->616K(191680K)] 426235K->231021K(878656K), 0.0056580 secs] [Times: user=0.04 sys=0.00, real=0.01 secs] 
2014-07-16T14:23:58.203+0000: 1248.390: [GC [PSYoungGen: 191656K->1194K(188224K)] 422061K->232105K(875200K), 0.0068110 secs] [Times: user=0.05 sys=0.00, real=0.01 secs] 
2014-07-16T14:23:58.905+0000: 1249.092: [GC [PSYoungGen: 188202K->626K(183744K)] 419113K->231646K(870720K), 0.0064900 secs] [Times: user=0.04 sys=0.00, real=0.01 secs] 
2014-07-16T14:23:59.560+0000: 1249.747: [GC [PSYoungGen: 183726K->922K(180288K)] 414747K->232038K(867264K), 0.0036130 secs] [Times: user=0.01 sys=0.00, real=0.00 secs] 
2014-07-16T14:24:00.197+0000: 1250.384: [GC [PSYoungGen: 180250K->812K(176512K)] 411366K->231992K(863488K), 0.0047730 secs] [Times: user=0.02 sys=0.00, real=0.01 secs] 
2014-07-16T14:24:00.838+0000: 1251.025: [GC [PSYoungGen: 176492K->498K(172672K)] 407672K->231726K(859648K), 0.0079020 secs] [Times: user=0.05 sys=0.00, real=0.00 secs] 
2014-07-16T14:24:01.476+0000: 1251.663: [GC [PSYoungGen: 172658K->640K(207232K)] 403886K->231924K(894208K), 0.0145200 secs] [Times: user=0.08 sys=0.00, real=0.02 secs] 
2014-07-16T14:24:02.227+0000: 1252.414: [GC [PSYoungGen: 207208K->1258K(221312K)] 438492K->232598K(908288K), 0.0041480 secs] [Times: user=0.01 sys=0.00, real=0.01 secs] 
2014-07-16T14:24:03.030+0000: 1253.217: [GC [PSYoungGen: 221162K->1426K(216320K)] 452502K->232822K(903296K), 0.0067720 secs] [Times: user=0.03 sys=0.00, real=0.00 secs] 
2014-07-16T14:24:03.789+0000: 1253.976: [GC [PSYoungGen: 216273K->908K(249216K)] 447669K->232376K(936192K), 0.0090470 secs] [Times: user=0.05 sys=0.00, real=0.00 secs] 
2014-07-16T14:24:04.694+0000: 1254.881: [GC [PSYoungGen: 248460K->1066K(242624K)] 479928K->232598K(929600K), 0.0052580 secs] [Times: user=0.03 sys=0.00, real=0.01 secs] 
2014-07-16T14:24:05.549+0000: 1255.737: [GC [PSYoungGen: 242602K->790K(236544K)] 474134K->232402K(923520K), 0.0028380 secs] [Times: user=0.02 sys=0.00, real=0.00 secs] 
2014-07-16T14:24:06.410+0000: 1256.598: [GC [PSYoungGen: 236502K->672K(230848K)] 468114K->232356K(917824K), 0.0036760 secs] [Times: user=0.01 sys=0.00, real=0.00 secs] 
2014-07-16T14:24:07.273+0000: 1257.460: [GC [PSYoungGen: 230807K->772K(225600K)] 462491K->232528K(912576K), 0.0069020 secs] [Times: user=0.04 sys=0.00, real=0.01 secs] 
2014-07-16T14:24:08.278+0000: 1258.465: [GC [PSYoungGen: 225505K->1138K(220736K)] 457261K->232998K(907712K), 0.0040120 secs] [Times: user=0.02 sys=0.00, real=0.01 secs] 
2014-07-16T14:24:09.242+0000: 1259.429: [GC [PSYoungGen: 220722K->1504K(216128K)] 452582K->233692K(903104K), 0.0058410 secs] [Times: user=0.04 sys=0.00, real=0.00 secs] 
2014-07-16T14:24:10.116+0000: 1260.303: [GC [PSYoungGen: 216096K->448K(210176K)] 448284K->232716K(897152K), 0.0048910 secs] [Times: user=0.03 sys=0.00, real=0.01 secs] 
2014-07-16T14:24:10.912+0000: 1261.099: [GC [PSYoungGen: 210176K->658K(205760K)] 442444K->232990K(892736K), 0.0161330 secs] [Times: user=0.08 sys=0.00, real=0.01 secs] 
2014-07-16T14:24:11.727+0000: 1261.914: [GC [PSYoungGen: 205714K->676K(201280K)] 438046K->233130K(888256K), 0.0058730 secs] [Times: user=0.02 sys=0.00, real=0.01 secs] 
2014-07-16T14:24:12.482+0000: 1262.669: [GC [PSYoungGen: 201249K->1306K(197568K)] 433703K->233824K(884544K), 0.0079840 secs] [Times: user=0.05 sys=0.00, real=0.00 secs] 
2014-07-16T14:24:13.230+0000: 1263.417: [GC [PSYoungGen: 197514K->1160K(193216K)] 430032K->233742K(880192K), 0.0070970 secs] [Times: user=0.05 sys=0.00, real=0.01 secs] 
2014-07-16T14:24:13.889+0000: 1264.077: [GC [PSYoungGen: 193160K->790K(188736K)] 425742K->233436K(875712K), 0.0041240 secs] [Times: user=0.01 sys=0.00, real=0.01 secs] 
2014-07-16T14:24:14.569+0000: 1264.756: [GC [PSYoungGen: 188694K->822K(184832K)] 421340K->233572K(871808K), 0.0069740 secs] [Times: user=0.03 sys=0.00, real=0.01 secs] 
2014-07-16T14:24:15.244+0000: 1265.431: [GC [PSYoungGen: 184821K->370K(221184K)] 417571K->233144K(908160K), 0.0094700 secs] [Times: user=0.05 sys=0.00, real=0.01 secs] 
2014-07-16T14:24:16.045+0000: 1266.232: [GC [PSYoungGen: 221168K->932K(216704K)] 453943K->233810K(903680K), 0.0047080 secs] [Times: user=0.03 sys=0.00, real=0.00 secs] 
2014-07-16T14:24:16.821+0000: 1267.008: [GC [PSYoungGen: 216629K->602K(211520K)] 449507K->233528K(898496K), 0.0033910 secs] [Times: user=0.02 sys=0.00, real=0.01 secs] 
2014-07-16T14:24:17.584+0000: 1267.771: [GC [PSYoungGen: 211482K->676K(206848K)] 444408K->233666K(893824K), 0.0056660 secs] [Times: user=0.03 sys=0.00, real=0.00 secs] 
2014-07-16T14:24:18.372+0000: 1268.559: [GC [PSYoungGen: 206820K->1008K(202624K)] 439810K->234102K(889600K), 0.0048770 secs] [Times: user=0.03 sys=0.00, real=0.00 secs] 
2014-07-16T14:24:19.101+0000: 1269.288: [GC [PSYoungGen: 202601K->986K(198208K)] 435695K->234136K(885184K), 0.0081280 secs] [Times: user=0.04 sys=0.00, real=0.00 secs] 
2014-07-16T14:24:19.826+0000: 1270.013: [GC [PSYoungGen: 198170K->1258K(194240K)] 431320K->234496K(881216K), 0.0068110 secs] [Times: user=0.04 sys=0.00, real=0.01 secs] 
2014-07-16T14:24:20.521+0000: 1270.708: [GC [PSYoungGen: 194218K->780K(189696K)] 427456K->234098K(876672K), 0.0027200 secs] [Times: user=0.02 sys=0.00, real=0.00 secs] 
2014-07-16T14:24:21.213+0000: 1271.400: [GC [PSYoungGen: 189644K->1362K(186304K)] 422962K->234752K(873280K), 0.0080690 secs] [Times: user=0.05 sys=0.00, real=0.00 secs] 
2014-07-16T14:24:21.877+0000: 1272.064: [GC [PSYoungGen: 186258K->826K(181888K)] 419648K->234288K(868864K), 0.0042200 secs] [Times: user=0.02 sys=0.00, real=0.00 secs] 
2014-07-16T14:24:22.520+0000: 1272.707: [GC [PSYoungGen: 181882K->420K(177792K)] 415344K->233930K(864768K), 0.0059670 secs] [Times: user=0.04 sys=0.00, real=0.01 secs] 
2014-07-16T14:24:23.168+0000: 1273.355: [GC [PSYoungGen: 177764K->448K(174208K)] 411274K->234038K(861184K), 0.0053200 secs] [Times: user=0.03 sys=0.00, real=0.01 secs] 
2014-07-16T14:24:23.800+0000: 1273.988: [GC [PSYoungGen: 174207K->544K(170880K)] 407797K->234206K(857856K), 0.0033960 secs] [Times: user=0.02 sys=0.00, real=0.01 secs] 
2014-07-16T14:24:24.399+0000: 1274.586: [GC [PSYoungGen: 170817K->1494K(168512K)] 404479K->235244K(855488K), 0.0051730 secs] [Times: user=0.03 sys=0.00, real=0.01 secs] 
2014-07-16T14:24:24.995+0000: 1275.182: [GC [PSYoungGen: 168470K->704K(164416K)] 402220K->234510K(851392K), 0.0037960 secs] [Times: user=0.01 sys=0.00, real=0.00 secs] 
2014-07-16T14:24:25.598+0000: 1275.786: [GC [PSYoungGen: 164357K->912K(161536K)] 398163K->234782K(848512K), 0.0037300 secs] [Times: user=0.02 sys=0.00, real=0.01 secs] 
2014-07-16T14:24:26.162+0000: 1276.349: [GC [PSYoungGen: 161488K->544K(158080K)] 395358K->234494K(845056K), 0.0070440 secs] [Times: user=0.04 sys=0.00, real=0.00 secs] 
2014-07-16T14:24:26.731+0000: 1276.918: [GC [PSYoungGen: 158048K->916K(155520K)] 391998K->234938K(842496K), 0.0074340 secs] [Times: user=0.05 sys=0.00, real=0.01 secs] 
2014-07-16T14:24:27.281+0000: 1277.468: [GC [PSYoungGen: 155476K->416K(152128K)] 389498K->234502K(839104K), 0.0030650 secs] [Times: user=0.01 sys=0.00, real=0.01 secs] 
2014-07-16T14:24:27.829+0000: 1278.016: [GC [PSYoungGen: 152096K->1044K(150016K)] 386182K->235178K(836992K), 0.0040750 secs] [Times: user=0.02 sys=0.00, real=0.01 secs] 
2014-07-16T14:24:28.421+0000: 1278.608: [GC [PSYoungGen: 149972K->912K(147200K)] 384106K->235118K(834176K), 0.0071220 secs] [Times: user=0.04 sys=0.01, real=0.01 secs] 
2014-07-16T14:24:28.924+0000: 1279.111: [GC [PSYoungGen: 147152K->912K(144576K)] 381358K->235190K(831552K), 0.0056000 secs] [Times: user=0.03 sys=0.00, real=0.00 secs] 
2014-07-16T14:24:29.468+0000: 1279.655: [GC [PSYoungGen: 144528K->1300K(142400K)] 378806K->235658K(829376K), 0.0055730 secs] [Times: user=0.03 sys=0.00, real=0.01 secs] 
2014-07-16T14:24:29.999+0000: 1280.186: [GC [PSYoungGen: 142334K->822K(139456K)] 376692K->235548K(826432K), 0.0050810 secs] [Times: user=0.02 sys=0.00, real=0.01 secs] 
2014-07-16T14:24:30.491+0000: 1280.678: [GC [PSYoungGen: 139419K->1408K(137728K)] 374145K->236240K(824704K), 0.0059530 secs] [Times: user=0.03 sys=0.01, real=0.01 secs] 
2014-07-16T14:24:31.008+0000: 1281.195: [GC [PSYoungGen: 137647K->1076K(164608K)] 372479K->236196K(851584K), 0.0089990 secs] [Times: user=0.06 sys=0.00, real=0.01 secs] 
2014-07-16T14:24:31.593+0000: 1281.780: [GC [PSYoungGen: 164596K->612K(196864K)] 399716K->235836K(883840K), 0.0043550 secs] [Times: user=0.02 sys=0.00, real=0.01 secs] 
2014-07-16T14:24:32.316+0000: 1282.504: [GC [PSYoungGen: 196836K->912K(192960K)] 432060K->236232K(879936K), 0.0031280 secs] [Times: user=0.02 sys=0.00, real=0.00 secs] 
2014-07-16T14:24:33.005+0000: 1283.192: [GC [PSYoungGen: 192838K->662K(188608K)] 428158K->236070K(875584K), 0.0055540 secs] [Times: user=0.04 sys=0.00, real=0.00 secs] 
2014-07-16T14:24:33.692+0000: 1283.879: [GC [PSYoungGen: 188552K->1312K(185344K)] 423960K->236824K(872320K), 0.0057470 secs] [Times: user=0.04 sys=0.00, real=0.01 secs] 
2014-07-16T14:24:34.369+0000: 1284.556: [GC [PSYoungGen: 185312K->608K(180864K)] 420824K->236184K(867840K), 0.0064280 secs] [Times: user=0.04 sys=0.00, real=0.01 secs] 
2014-07-16T14:24:35.027+0000: 1285.214: [GC [PSYoungGen: 180832K->880K(177472K)] 416408K->236520K(864448K), 0.0057620 secs] [Times: user=0.01 sys=0.00, real=0.00 secs] 
2014-07-16T14:24:35.671+0000: 1285.858: [GC [PSYoungGen: 177455K->448K(173440K)] 413095K->236168K(860416K), 0.0041020 secs] [Times: user=0.03 sys=0.00, real=0.01 secs] 
2014-07-16T14:24:36.297+0000: 1286.484: [GC [PSYoungGen: 173440K->448K(208064K)] 409160K->236208K(895040K), 0.0114570 secs] [Times: user=0.05 sys=0.00, real=0.01 secs] 
2014-07-16T14:24:37.061+0000: 1287.248: [GC [PSYoungGen: 208052K->562K(226752K)] 443812K->236386K(913728K), 0.0070050 secs] [Times: user=0.04 sys=0.00, real=0.01 secs] 
2014-07-16T14:24:37.877+0000: 1288.065: [GC [PSYoungGen: 225586K->1216K(250752K)] 461410K->237096K(937728K), 0.0085970 secs] [Times: user=0.04 sys=0.00, real=0.01 secs] 
2014-07-16T14:24:38.803+0000: 1288.990: [GC [PSYoungGen: 250286K->748K(243776K)] 486166K->236692K(930752K), 0.0032030 secs] [Times: user=0.02 sys=0.00, real=0.01 secs] 
2014-07-16T14:24:39.681+0000: 1289.869: [GC [PSYoungGen: 243756K->740K(237888K)] 479700K->236740K(924864K), 0.0040630 secs] [Times: user=0.02 sys=0.00, real=0.01 secs] 
2014-07-16T14:24:40.543+0000: 1290.730: [GC [PSYoungGen: 237818K->630K(232128K)] 473818K->236694K(919104K), 0.0052550 secs] [Times: user=0.03 sys=0.00, real=0.01 secs] 
2014-07-16T14:24:41.410+0000: 1291.597: [GC [PSYoungGen: 232103K->626K(226688K)] 468167K->236754K(913664K), 0.0028820 secs] [Times: user=0.02 sys=0.00, real=0.00 secs] 
2014-07-16T14:24:42.216+0000: 1292.404: [GC [PSYoungGen: 226674K->1040K(221888K)] 462802K->237256K(908864K), 0.0031000 secs] [Times: user=0.01 sys=0.00, real=0.00 secs] 
2014-07-16T14:24:43.040+0000: 1293.227: [GC [PSYoungGen: 221840K->548K(216320K)] 458056K->236828K(903296K), 0.0047910 secs] [Times: user=0.03 sys=0.01, real=0.00 secs] 
2014-07-16T14:24:43.938+0000: 1294.126: [GC [PSYoungGen: 216292K->1008K(211904K)] 452572K->237352K(898880K), 0.0044530 secs] [Times: user=0.02 sys=0.00, real=0.00 secs] 
2014-07-16T14:24:44.755+0000: 1294.942: [GC [PSYoungGen: 211888K->1086K(207232K)] 448232K->237502K(894208K), 0.0074150 secs] [Times: user=0.04 sys=0.00, real=0.01 secs] 
2014-07-16T14:24:45.518+0000: 1295.705: [GC [PSYoungGen: 207230K->836K(202496K)] 443646K->237332K(889472K), 0.0078320 secs] [Times: user=0.04 sys=0.00, real=0.01 secs] 
2014-07-16T14:24:46.306+0000: 1296.493: [GC [PSYoungGen: 202436K->1144K(198336K)] 438932K->237704K(885312K), 0.0056450 secs] [Times: user=0.04 sys=0.00, real=0.00 secs] 
2014-07-16T14:24:47.080+0000: 1297.267: [GC [PSYoungGen: 198328K->836K(193856K)] 434888K->237492K(880832K), 0.0057520 secs] [Times: user=0.03 sys=0.01, real=0.01 secs] 
2014-07-16T14:24:47.900+0000: 1298.087: [GC [PSYoungGen: 193796K->908K(189824K)] 430452K->237612K(876800K), 0.0128010 secs] [Times: user=0.07 sys=0.00, real=0.01 secs] 
2014-07-16T14:24:48.701+0000: 1298.889: [GC [PSYoungGen: 189772K->676K(185600K)] 426476K->237436K(872576K), 0.0064040 secs] [Times: user=0.03 sys=0.00, real=0.01 secs] 
2014-07-16T14:24:49.368+0000: 1299.555: [GC [PSYoungGen: 185572K->794K(181888K)] 422332K->237602K(868864K), 0.0040710 secs] [Times: user=0.01 sys=0.00, real=0.00 secs] 
2014-07-16T14:24:50.022+0000: 1300.210: [GC [PSYoungGen: 181850K->826K(178176K)] 418658K->237746K(865152K), 0.0049840 secs] [Times: user=0.03 sys=0.01, real=0.01 secs] 
2014-07-16T14:24:50.657+0000: 1300.844: [GC [PSYoungGen: 178151K->676K(174464K)] 415072K->237644K(861440K), 0.0060610 secs] [Times: user=0.03 sys=0.00, real=0.00 secs] 
2014-07-16T14:24:51.283+0000: 1301.470: [GC [PSYoungGen: 174430K->530K(170880K)] 411398K->237554K(857856K), 0.0074360 secs] [Times: user=0.04 sys=0.00, real=0.01 secs] 
2014-07-16T14:24:51.941+0000: 1302.128: [GC [PSYoungGen: 170834K->964K(205440K)] 407858K->238044K(892416K), 0.0099180 secs] [Times: user=0.04 sys=0.00, real=0.01 secs] 
2014-07-16T14:24:52.670+0000: 1302.857: [GC [PSYoungGen: 205380K->544K(200512K)] 442460K->237712K(887488K), 0.0064410 secs] [Times: user=0.03 sys=0.00, real=0.01 secs] 
2014-07-16T14:24:53.395+0000: 1303.582: [GC [PSYoungGen: 200480K->812K(196416K)] 437648K->238052K(883392K), 0.0030330 secs] [Times: user=0.02 sys=0.00, real=0.01 secs] 
2014-07-16T14:24:54.137+0000: 1304.324: [GC [PSYoungGen: 196353K->1062K(192512K)] 433593K->238390K(879488K), 0.0040350 secs] [Times: user=0.02 sys=0.00, real=0.01 secs] 
2014-07-16T14:24:54.813+0000: 1305.001: [GC [PSYoungGen: 192486K->576K(187968K)] 429814K->237984K(874944K), 0.0054000 secs] [Times: user=0.04 sys=0.00, real=0.01 secs] 
2014-07-16T14:24:55.495+0000: 1305.682: [GC [PSYoungGen: 187968K->1316K(184832K)] 425376K->238916K(871808K), 0.0052160 secs] [Times: user=0.03 sys=0.00, real=0.01 secs] 
2014-07-16T14:24:56.158+0000: 1306.345: [GC [PSYoungGen: 184804K->808K(180544K)] 422404K->238567K(867520K), 0.0032530 secs] [Times: user=0.02 sys=0.00, real=0.00 secs] 
2014-07-16T14:24:56.806+0000: 1306.993: [GC [PSYoungGen: 180520K->812K(176896K)] 418279K->238651K(863872K), 0.0067950 secs] [Times: user=0.03 sys=0.00, real=0.01 secs] 
2014-07-16T14:24:57.441+0000: 1307.628: [GC [PSYoungGen: 176876K->690K(173248K)] 414715K->238593K(860224K), 0.0100990 secs] [Times: user=0.06 sys=0.00, real=0.01 secs] 
2014-07-16T14:24:58.104+0000: 1308.291: [GC [PSYoungGen: 173234K->1440K(170560K)] 411137K->239431K(857536K), 0.0056430 secs] [Times: user=0.03 sys=0.01, real=0.01 secs] 
2014-07-16T14:24:58.665+0000: 1308.852: [GC [PSYoungGen: 170511K->804K(203776K)] 408503K->238867K(890752K), 0.0102320 secs] [Times: user=0.06 sys=0.00, real=0.01 secs] 
2014-07-16T14:24:59.412+0000: 1309.600: [GC [PSYoungGen: 203748K->976K(234240K)] 441811K->239103K(921216K), 0.0059250 secs] [Times: user=0.03 sys=0.00, real=0.01 secs] 
2014-07-16T14:25:00.251+0000: 1310.438: [GC [PSYoungGen: 233665K->948K(228160K)] 471793K->239147K(915136K), 0.0050940 secs] [Times: user=0.03 sys=0.00, real=0.00 secs] 
2014-07-16T14:25:01.078+0000: 1311.265: [GC [PSYoungGen: 228093K->1090K(223040K)] 466292K->239345K(910016K), 0.0076580 secs] [Times: user=0.04 sys=0.00, real=0.01 secs] 
2014-07-16T14:25:01.876+0000: 1312.063: [GC [PSYoungGen: 222936K->548K(217344K)] 461192K->238875K(904320K), 0.0047340 secs] [Times: user=0.03 sys=0.00, real=0.01 secs] 
2014-07-16T14:25:02.656+0000: 1312.843: [GC [PSYoungGen: 217300K->1122K(212992K)] 455628K->239521K(899968K), 0.0049750 secs] [Times: user=0.01 sys=0.00, real=0.01 secs] 
2014-07-16T14:25:03.419+0000: 1313.606: [GC [PSYoungGen: 212962K->594K(207744K)] 451361K->239041K(894720K), 0.0044890 secs] [Times: user=0.03 sys=0.00, real=0.00 secs] 
2014-07-16T14:25:04.223+0000: 1314.410: [GC [PSYoungGen: 207698K->1190K(203712K)] 446145K->239693K(890688K), 0.0134290 secs] [Times: user=0.08 sys=0.01, real=0.01 secs] 
2014-07-16T14:25:04.951+0000: 1315.138: [GC [PSYoungGen: 203666K->1262K(199360K)] 442169K->239935K(886336K), 0.0036610 secs] [Times: user=0.03 sys=0.00, real=0.00 secs] 
2014-07-16T14:25:05.661+0000: 1315.848: [GC [PSYoungGen: 199342K->868K(194688K)] 438015K->239613K(881664K), 0.0037380 secs] [Times: user=0.02 sys=0.00, real=0.00 secs] 
2014-07-16T14:25:06.370+0000: 1316.557: [GC [PSYoungGen: 194660K->530K(190272K)] 433405K->239355K(877248K), 0.0047580 secs] [Times: user=0.02 sys=0.00, real=0.00 secs] 
2014-07-16T14:25:07.062+0000: 1317.249: [GC [PSYoungGen: 190193K->1194K(186944K)] 429019K->240075K(873920K), 0.0104490 secs] [Times: user=0.07 sys=0.00, real=0.01 secs] 
2014-07-16T14:25:07.730+0000: 1317.917: [GC [PSYoungGen: 186916K->920K(182848K)] 425797K->239849K(869824K), 0.0031640 secs] [Times: user=0.02 sys=0.00, real=0.00 secs] 
2014-07-16T14:25:08.403+0000: 1318.590: [GC [PSYoungGen: 182808K->580K(178816K)] 421737K->239573K(865792K), 0.0053380 secs] [Times: user=0.03 sys=0.00, real=0.00 secs] 
2014-07-16T14:25:09.104+0000: 1319.291: [GC [PSYoungGen: 178756K->1082K(175680K)] 417749K->240163K(862656K), 0.0051940 secs] [Times: user=0.03 sys=0.00, real=0.01 secs] 
2014-07-16T14:25:09.829+0000: 1320.016: [GC [PSYoungGen: 175674K->804K(171904K)] 414755K->239949K(858880K), 0.0043750 secs] [Times: user=0.02 sys=0.00, real=0.00 secs] 
2014-07-16T14:25:10.492+0000: 1320.679: [GC [PSYoungGen: 171876K->922K(168640K)] 411021K->240171K(855616K), 0.0045680 secs] [Times: user=0.03 sys=0.00, real=0.00 secs] 
2014-07-16T14:25:11.202+0000: 1321.389: [GC [PSYoungGen: 168602K->1178K(165632K)] 407851K->240523K(852608K), 0.0057870 secs] [Times: user=0.03 sys=0.00, real=0.00 secs] 
2014-07-16T14:25:11.864+0000: 1322.051: [GC [PSYoungGen: 165594K->948K(162176K)] 404939K->240756K(849152K), 0.0063100 secs] [Times: user=0.01 sys=0.00, real=0.01 secs] 
2014-07-16T14:25:12.518+0000: 1322.705: [GC [PSYoungGen: 162163K->762K(194240K)] 401972K->240610K(881216K), 0.0116270 secs] [Times: user=0.07 sys=0.00, real=0.02 secs] 
2014-07-16T14:25:13.323+0000: 1323.510: [GC [PSYoungGen: 194234K->722K(190144K)] 434082K->240658K(877120K), 0.0036550 secs] [Times: user=0.01 sys=0.00, real=0.00 secs] 
2014-07-16T14:25:14.133+0000: 1324.320: [GC [PSYoungGen: 190098K->1454K(186880K)] 430034K->241494K(873856K), 0.0071590 secs] [Times: user=0.04 sys=0.00, real=0.01 secs] 
2014-07-16T14:25:14.851+0000: 1325.038: [GC [PSYoungGen: 186862K->1012K(182592K)] 426902K->241254K(869568K), 0.0061940 secs] [Times: user=0.03 sys=0.00, real=0.00 secs] 
2014-07-16T14:25:15.493+0000: 1325.680: [GC [PSYoungGen: 182580K->754K(178624K)] 422822K->241060K(865600K), 0.0034110 secs] [Times: user=0.02 sys=0.00, real=0.00 secs] 
2014-07-16T14:25:16.135+0000: 1326.322: [GC [PSYoungGen: 178585K->752K(175040K)] 418891K->241106K(862016K), 0.0035520 secs] [Times: user=0.02 sys=0.00, real=0.00 secs] 
2014-07-16T14:25:16.765+0000: 1326.952: [GC [PSYoungGen: 174979K->940K(171776K)] 415333K->241358K(858752K), 0.0036180 secs] [Times: user=0.02 sys=0.00, real=0.00 secs] 
2014-07-16T14:25:17.394+0000: 1327.581: [GC [PSYoungGen: 171755K->480K(167936K)] 412174K->240978K(854912K), 0.0061910 secs] [Times: user=0.04 sys=0.00, real=0.01 secs] 
2014-07-16T14:25:17.985+0000: 1328.172: [GC [PSYoungGen: 167904K->448K(164608K)] 408402K->241026K(851584K), 0.0062950 secs] [Times: user=0.04 sys=0.00, real=0.01 secs] 
2014-07-16T14:25:18.584+0000: 1328.771: [GC [PSYoungGen: 164608K->866K(161920K)] 405186K->241516K(848896K), 0.0071590 secs] [Times: user=0.05 sys=0.00, real=0.01 secs] 
2014-07-16T14:25:19.177+0000: 1329.364: [GC [PSYoungGen: 161873K->872K(194176K)] 402523K->241578K(881152K), 0.0155840 secs] [Times: user=0.09 sys=0.01, real=0.02 secs] 
2014-07-16T14:25:19.873+0000: 1330.060: [GC [PSYoungGen: 194152K->448K(226368K)] 434858K->241210K(913344K), 0.0042110 secs] [Times: user=0.02 sys=0.00, real=0.00 secs] 
2014-07-16T14:25:20.688+0000: 1330.875: [GC [PSYoungGen: 225344K->388K(226432K)] 466106K->241182K(913408K), 0.0112780 secs] [Times: user=0.06 sys=0.00, real=0.01 secs] 
2014-07-16T14:25:21.489+0000: 1331.676: [GC [PSYoungGen: 225273K->1190K(271360K)] 466068K->242064K(958336K), 0.0066940 secs] [Times: user=0.04 sys=0.00, real=0.01 secs] 
2014-07-16T14:25:22.500+0000: 1332.687: [GC [PSYoungGen: 271014K->832K(263808K)] 511888K->241754K(950784K), 0.0044830 secs] [Times: user=0.01 sys=0.00, real=0.01 secs] 
2014-07-16T14:25:23.505+0000: 1333.692: [GC [PSYoungGen: 263808K->598K(257024K)] 504730K->241584K(944000K), 0.0033810 secs] [Times: user=0.01 sys=0.00, real=0.00 secs] 
2014-07-16T14:25:24.472+0000: 1334.659: [GC [PSYoungGen: 256962K->808K(250880K)] 497948K->241858K(937856K), 0.0081230 secs] [Times: user=0.05 sys=0.00, real=0.00 secs] 
2014-07-16T14:25:25.343+0000: 1335.530: [GC [PSYoungGen: 250856K->780K(244736K)] 491906K->241926K(931712K), 0.0033520 secs] [Times: user=0.01 sys=0.00, real=0.00 secs] 
2014-07-16T14:25:26.212+0000: 1336.399: [GC [PSYoungGen: 244671K->830K(238848K)] 485817K->242056K(925824K), 0.0072700 secs] [Times: user=0.05 sys=0.00, real=0.00 secs] 
2014-07-16T14:25:27.068+0000: 1337.255: [GC [PSYoungGen: 238846K->822K(233152K)] 480072K->242144K(920128K), 0.0047890 secs] [Times: user=0.02 sys=0.00, real=0.01 secs] 
2014-07-16T14:25:27.905+0000: 1338.092: [GC [PSYoungGen: 233142K->416K(227264K)] 474464K->241802K(914240K), 0.0091510 secs] [Times: user=0.06 sys=0.00, real=0.01 secs] 
2014-07-16T14:25:28.727+0000: 1338.914: [GC [PSYoungGen: 227228K->480K(222080K)] 468615K->241922K(909056K), 0.0041540 secs] [Times: user=0.01 sys=0.00, real=0.00 secs] 
2014-07-16T14:25:29.540+0000: 1339.727: [GC [PSYoungGen: 222048K->704K(217152K)] 463490K->242202K(904128K), 0.0042550 secs] [Times: user=0.01 sys=0.00, real=0.01 secs] 
2014-07-16T14:25:30.322+0000: 1340.509: [GC [PSYoungGen: 217127K->748K(212288K)] 458626K->242310K(899264K), 0.0063870 secs] [Times: user=0.03 sys=0.01, real=0.01 secs] 
2014-07-16T14:25:31.084+0000: 1341.271: [GC [PSYoungGen: 212268K->1188K(208000K)] 453830K->243285K(894976K), 0.0054740 secs] [Times: user=0.03 sys=0.00, real=0.00 secs] 
2014-07-16T14:25:31.822+0000: 1342.009: [GC [PSYoungGen: 207946K->488K(202752K)] 450042K->242996K(889728K), 0.0114600 secs] [Times: user=0.07 sys=0.00, real=0.01 secs] 
2014-07-16T14:25:32.550+0000: 1342.737: [GC [PSYoungGen: 202728K->1276K(199104K)] 445236K->243865K(886080K), 0.0040200 secs] [Times: user=0.02 sys=0.00, real=0.01 secs] 
2014-07-16T14:25:33.251+0000: 1343.438: [GC [PSYoungGen: 199065K->744K(194304K)] 441654K->243470K(881280K), 0.0034090 secs] [Times: user=0.02 sys=0.00, real=0.01 secs] 
2014-07-16T14:25:33.991+0000: 1344.178: [GC [PSYoungGen: 194233K->716K(190208K)] 436959K->243499K(877184K), 0.0080860 secs] [Times: user=0.05 sys=0.00, real=0.01 secs] 
2014-07-16T14:25:34.697+0000: 1344.884: [GC [PSYoungGen: 190156K->530K(186048K)] 432939K->243352K(873024K), 0.0040790 secs] [Times: user=0.02 sys=0.00, real=0.00 secs] 
2014-07-16T14:25:35.372+0000: 1345.559: [GC [PSYoungGen: 186002K->680K(182336K)] 428824K->243550K(869312K), 0.0081490 secs] [Times: user=0.04 sys=0.00, real=0.01 secs] 
2014-07-16T14:25:36.030+0000: 1346.217: [GC [PSYoungGen: 182267K->626K(178560K)] 425137K->243576K(865536K), 0.0036930 secs] [Times: user=0.01 sys=0.00, real=0.01 secs] 
2014-07-16T14:25:36.688+0000: 1346.875: [GC [PSYoungGen: 178546K->594K(174976K)] 421496K->243656K(861952K), 0.0055600 secs] [Times: user=0.04 sys=0.00, real=0.01 secs] 
2014-07-16T14:25:37.320+0000: 1347.507: [GC [PSYoungGen: 174893K->986K(171904K)] 417956K->244128K(858880K), 0.0051000 secs] [Times: user=0.03 sys=0.00, real=0.01 secs] 
2014-07-16T14:25:37.954+0000: 1348.142: [GC [PSYoungGen: 171866K->908K(168448K)] 415008K->244155K(855424K), 0.0056400 secs] [Times: user=0.04 sys=0.00, real=0.00 secs] 
2014-07-16T14:25:38.564+0000: 1348.752: [GC [PSYoungGen: 168396K->880K(165120K)] 411643K->244191K(852096K), 0.0080110 secs] [Times: user=0.05 sys=0.01, real=0.00 secs] 
2014-07-16T14:25:39.172+0000: 1349.359: [GC [PSYoungGen: 165104K->1380K(162496K)] 408415K->244855K(849472K), 0.0047620 secs] [Times: user=0.02 sys=0.00, real=0.01 secs] 
2014-07-16T14:25:39.727+0000: 1349.914: [GC [PSYoungGen: 162468K->562K(158592K)] 405943K->244140K(845568K), 0.0071920 secs] [Times: user=0.03 sys=0.00, real=0.00 secs] 
2014-07-16T14:25:40.296+0000: 1350.484: [GC [PSYoungGen: 158578K->612K(155712K)] 402156K->244262K(842688K), 0.0057120 secs] [Times: user=0.03 sys=0.00, real=0.00 secs] 
2014-07-16T14:25:40.852+0000: 1351.039: [GC [PSYoungGen: 155684K->780K(153024K)] 399334K->244471K(840000K), 0.0052980 secs] [Times: user=0.03 sys=0.00, real=0.01 secs] 
2014-07-16T14:25:41.401+0000: 1351.588: [GC [PSYoungGen: 152972K->1294K(150720K)] 396663K->245049K(837696K), 0.0036900 secs] [Times: user=0.03 sys=0.00, real=0.01 secs] 
2014-07-16T14:25:41.940+0000: 1352.127: [GC [PSYoungGen: 150670K->512K(147200K)] 394425K->244330K(834176K), 0.0056310 secs] [Times: user=0.03 sys=0.00, real=0.01 secs] 
2014-07-16T14:25:42.475+0000: 1352.662: [GC [PSYoungGen: 147200K->1090K(145216K)] 391018K->245005K(832192K), 0.0055700 secs] [Times: user=0.04 sys=0.00, real=0.00 secs] 
2014-07-16T14:25:43.006+0000: 1353.193: [GC [PSYoungGen: 145154K->840K(142400K)] 389069K->244850K(829376K), 0.0051510 secs] [Times: user=0.03 sys=0.00, real=0.00 secs] 
2014-07-16T14:25:43.508+0000: 1353.695: [GC [PSYoungGen: 142321K->1262K(140288K)] 386332K->245369K(827264K), 0.0050060 secs] [Times: user=0.03 sys=0.01, real=0.00 secs] 
2014-07-16T14:25:44.032+0000: 1354.220: [GC [PSYoungGen: 140270K->940K(167808K)] 384377K->245319K(854784K), 0.0108480 secs] [Times: user=0.07 sys=0.00, real=0.01 secs] 
2014-07-16T14:25:44.645+0000: 1354.832: [GC [PSYoungGen: 167786K->1524K(201792K)] 412165K->246007K(888768K), 0.0057040 secs] [Times: user=0.04 sys=0.00, real=0.00 secs] 
2014-07-16T14:25:45.462+0000: 1355.649: [GC [PSYoungGen: 201737K->758K(241088K)] 446220K->245469K(928064K), 0.0073160 secs] [Times: user=0.04 sys=0.00, real=0.01 secs] 
2014-07-16T14:25:46.388+0000: 1356.575: [GC [PSYoungGen: 241029K->576K(235136K)] 485740K->245335K(922112K), 0.0069140 secs] [Times: user=0.03 sys=0.00, real=0.00 secs] 
2014-07-16T14:25:47.276+0000: 1357.464: [GC [PSYoungGen: 235091K->648K(229696K)] 479850K->245463K(916672K), 0.0051910 secs] [Times: user=0.02 sys=0.00, real=0.00 secs] 
2014-07-16T14:25:48.179+0000: 1358.366: [GC [PSYoungGen: 229604K->914K(224576K)] 474419K->245841K(911552K), 0.0072510 secs] [Times: user=0.04 sys=0.01, real=0.01 secs] 
2014-07-16T14:25:49.118+0000: 1359.305: [GC [PSYoungGen: 224530K->1036K(219520K)] 469457K->246059K(906496K), 0.0053600 secs] [Times: user=0.03 sys=0.00, real=0.00 secs] 
2014-07-16T14:25:49.952+0000: 1360.139: [GC [PSYoungGen: 219468K->498K(213952K)] 464491K->245577K(900928K), 0.0041530 secs] [Times: user=0.02 sys=0.00, real=0.01 secs] 
2014-07-16T14:25:50.790+0000: 1360.977: [GC [PSYoungGen: 213938K->918K(209600K)] 459017K->246069K(896576K), 0.0038550 secs] [Times: user=0.02 sys=0.01, real=0.00 secs] 
2014-07-16T14:25:51.544+0000: 1361.731: [GC [PSYoungGen: 209548K->1244K(205312K)] 454699K->246451K(892288K), 0.0079580 secs] [Times: user=0.04 sys=0.00, real=0.01 secs] 
2014-07-16T14:25:52.287+0000: 1362.474: [GC [PSYoungGen: 205276K->888K(200448K)] 450483K->246385K(887424K), 0.0042300 secs] [Times: user=0.03 sys=0.00, real=0.00 secs] 
2014-07-16T14:25:53.002+0000: 1363.189: [GC [PSYoungGen: 200440K->1530K(196736K)] 445937K->247107K(883712K), 0.0058150 secs] [Times: user=0.03 sys=0.00, real=0.01 secs] 
2014-07-16T14:25:53.709+0000: 1363.896: [GC [PSYoungGen: 196730K->530K(191616K)] 442307K->246245K(878592K), 0.0127330 secs] [Times: user=0.07 sys=0.01, real=0.01 secs] 
2014-07-16T14:25:54.401+0000: 1364.588: [GC [PSYoungGen: 191570K->912K(230208K)] 437285K->246715K(917184K), 0.0097130 secs] [Times: user=0.07 sys=0.00, real=0.01 secs] 
2014-07-16T14:25:55.245+0000: 1365.432: [GC [PSYoungGen: 230160K->498K(224384K)] 475963K->246381K(911360K), 0.0053510 secs] [Times: user=0.03 sys=0.00, real=0.01 secs] 
2014-07-16T14:25:56.061+0000: 1366.249: [GC [PSYoungGen: 224370K->912K(219648K)] 470253K->246859K(906624K), 0.0058160 secs] [Times: user=0.03 sys=0.00, real=0.01 secs] 
2014-07-16T14:25:56.859+0000: 1367.046: [GC [PSYoungGen: 219555K->990K(214720K)] 465502K->247009K(901696K), 0.0057850 secs] [Times: user=0.03 sys=0.00, real=0.00 secs] 
2014-07-16T14:25:57.635+0000: 1367.823: [GC [PSYoungGen: 214686K->580K(242624K)] 460705K->246679K(929600K), 0.0129110 secs] [Times: user=0.09 sys=0.00, real=0.02 secs] 
2014-07-16T14:25:58.543+0000: 1368.730: [GC [PSYoungGen: 241604K->800K(236096K)] 487703K->246963K(923072K), 0.0080190 secs] [Times: user=0.05 sys=0.00, real=0.01 secs] 
2014-07-16T14:25:59.388+0000: 1369.576: [GC [PSYoungGen: 236064K->512K(230208K)] 482227K->246787K(917184K), 0.0051860 secs] [Times: user=0.03 sys=0.00, real=0.00 secs] 
2014-07-16T14:26:00.215+0000: 1370.402: [GC [PSYoungGen: 230208K->926K(225280K)] 476483K->247265K(912256K), 0.0046900 secs] [Times: user=0.02 sys=0.00, real=0.01 secs] 
2014-07-16T14:26:01.025+0000: 1371.212: [GC [PSYoungGen: 225246K->1048K(220224K)] 471585K->247451K(907200K), 0.0052050 secs] [Times: user=0.03 sys=0.01, real=0.01 secs] 
2014-07-16T14:26:01.883+0000: 1372.070: [GC [PSYoungGen: 220184K->1062K(215232K)] 466587K->247889K(902208K), 0.0039900 secs] [Times: user=0.02 sys=0.00, real=0.01 secs] 
2014-07-16T14:26:02.715+0000: 1372.903: [GC [PSYoungGen: 215204K->1414K(210816K)] 462031K->248305K(897792K), 0.0057490 secs] [Times: user=0.02 sys=0.00, real=0.01 secs] 
2014-07-16T14:26:03.537+0000: 1373.724: [GC [PSYoungGen: 210758K->818K(205504K)] 457649K->248005K(892480K), 0.0086090 secs] [Times: user=0.05 sys=0.00, real=0.01 secs] 
2014-07-16T14:26:04.447+0000: 1374.634: [GC [PSYoungGen: 205466K->726K(200960K)] 452653K->247969K(887936K), 0.0059910 secs] [Times: user=0.04 sys=0.01, real=0.00 secs] 
2014-07-16T14:26:05.252+0000: 1375.440: [GC [PSYoungGen: 200918K->804K(196672K)] 448161K->248119K(883648K), 0.0067630 secs] [Times: user=0.05 sys=0.01, real=0.01 secs] 
2014-07-16T14:26:06.073+0000: 1376.260: [GC [PSYoungGen: 196644K->996K(192640K)] 443959K->248399K(879616K), 0.0072950 secs] [Times: user=0.05 sys=0.00, real=0.01 secs] 
2014-07-16T14:26:06.902+0000: 1377.090: [GC [PSYoungGen: 192612K->768K(188352K)] 440015K->248251K(875328K), 0.0037860 secs] [Times: user=0.02 sys=0.00, real=0.00 secs] 
2014-07-16T14:26:07.560+0000: 1377.748: [GC [PSYoungGen: 188326K->794K(184512K)] 435809K->248341K(871488K), 0.0068230 secs] [Times: user=0.05 sys=0.00, real=0.00 secs] 
2014-07-16T14:26:08.227+0000: 1378.414: [GC [PSYoungGen: 184474K->880K(180800K)] 432021K->248499K(867776K), 0.0080020 secs] [Times: user=0.04 sys=0.00, real=0.01 secs] 
2014-07-16T14:26:08.890+0000: 1379.077: [GC [PSYoungGen: 180784K->1018K(177280K)] 428403K->248701K(864256K), 0.0065200 secs] [Times: user=0.03 sys=0.01, real=0.00 secs] 
2014-07-16T14:26:09.507+0000: 1379.694: [GC [PSYoungGen: 177270K->922K(173696K)] 424954K->248709K(860672K), 0.0065760 secs] [Times: user=0.04 sys=0.00, real=0.01 secs] 
2014-07-16T14:26:10.141+0000: 1380.328: [GC [PSYoungGen: 173658K->1182K(170496K)] 421445K->249041K(857472K), 0.0037490 secs] [Times: user=0.02 sys=0.01, real=0.00 secs] 
2014-07-16T14:26:10.752+0000: 1380.939: [GC [PSYoungGen: 170460K->698K(166656K)] 418319K->248978K(853632K), 0.0053750 secs] [Times: user=0.03 sys=0.00, real=0.00 secs] 
2014-07-16T14:26:11.358+0000: 1381.545: [GC [PSYoungGen: 166571K->1048K(163840K)] 414851K->249400K(850816K), 0.0052270 secs] [Times: user=0.03 sys=0.01, real=0.00 secs] 
2014-07-16T14:26:11.937+0000: 1382.124: [GC [PSYoungGen: 163800K->834K(196224K)] 412152K->249250K(883200K), 0.0101390 secs] [Times: user=0.06 sys=0.00, real=0.01 secs] 
2014-07-16T14:26:12.641+0000: 1382.828: [GC [PSYoungGen: 196162K->662K(235136K)] 444578K->249142K(922112K), 0.0091660 secs] [Times: user=0.06 sys=0.00, real=0.01 secs] 
2014-07-16T14:26:13.498+0000: 1383.685: [GC [PSYoungGen: 235011K->1114K(245824K)] 483492K->249674K(932800K), 0.0069780 secs] [Times: user=0.05 sys=0.00, real=0.01 secs] 
2014-07-16T14:26:14.397+0000: 1384.585: [GC [PSYoungGen: 245512K->1026K(239616K)] 494073K->249682K(926592K), 0.0058130 secs] [Times: user=0.03 sys=0.00, real=0.01 secs] 
2014-07-16T14:26:15.248+0000: 1385.435: [GC [PSYoungGen: 239515K->438K(233280K)] 488172K->249266K(920256K), 0.0093680 secs] [Times: user=0.06 sys=0.00, real=0.01 secs] 
2014-07-16T14:26:16.080+0000: 1386.267: [GC [PSYoungGen: 233254K->830K(228160K)] 482082K->249706K(915136K), 0.0047930 secs] [Times: user=0.02 sys=0.00, real=0.00 secs] 
2014-07-16T14:26:16.899+0000: 1387.086: [GC [PSYoungGen: 228153K->1194K(223232K)] 477030K->250142K(910208K), 0.0071330 secs] [Times: user=0.04 sys=0.00, real=0.00 secs] 
2014-07-16T14:26:17.907+0000: 1388.094: [GC [PSYoungGen: 223210K->1286K(218240K)] 472158K->250306K(905216K), 0.0035920 secs] [Times: user=0.02 sys=0.00, real=0.01 secs] 
2014-07-16T14:26:18.818+0000: 1389.005: [GC [PSYoungGen: 218182K->420K(212416K)] 467202K->249938K(899392K), 0.0044820 secs] [Times: user=0.03 sys=0.00, real=0.01 secs] 
2014-07-16T14:26:19.778+0000: 1389.966: [GC [PSYoungGen: 212388K->1482K(208768K)] 461906K->251048K(895744K), 0.0064350 secs] [Times: user=0.03 sys=0.00, real=0.01 secs] 
2014-07-16T14:26:20.609+0000: 1390.797: [GC [PSYoungGen: 208714K->872K(203520K)] 458280K->250776K(890496K), 0.0073700 secs] [Times: user=0.04 sys=0.00, real=0.01 secs] 
2014-07-16T14:26:21.401+0000: 1391.588: [GC [PSYoungGen: 203477K->1340K(199552K)] 453382K->251341K(886528K), 0.0039530 secs] [Times: user=0.02 sys=0.00, real=0.00 secs] 
2014-07-16T14:26:22.204+0000: 1392.391: [GC [PSYoungGen: 199548K->594K(194560K)] 449549K->250650K(881536K), 0.0057000 secs] [Times: user=0.03 sys=0.00, real=0.01 secs] 
2014-07-16T14:26:22.936+0000: 1393.123: [GC [PSYoungGen: 194514K->1354K(191168K)] 444570K->251499K(878144K), 0.0103820 secs] [Times: user=0.06 sys=0.00, real=0.01 secs] 
2014-07-16T14:26:23.658+0000: 1393.846: [GC [PSYoungGen: 191096K->776K(186624K)] 441241K->250984K(873600K), 0.0080290 secs] [Times: user=0.04 sys=0.00, real=0.01 secs] 
2014-07-16T14:26:24.343+0000: 1394.531: [GC [PSYoungGen: 186568K->940K(182912K)] 436776K->251220K(869888K), 0.0068100 secs] [Times: user=0.04 sys=0.00, real=0.01 secs] 
2014-07-16T14:26:25.012+0000: 1395.199: [GC [PSYoungGen: 182892K->958K(219328K)] 433172K->251318K(906304K), 0.0092390 secs] [Times: user=0.07 sys=0.01, real=0.01 secs] 
2014-07-16T14:26:25.825+0000: 1396.012: [GC [PSYoungGen: 219326K->1158K(214592K)] 469686K->251607K(901568K), 0.0036260 secs] [Times: user=0.02 sys=0.00, real=0.00 secs] 
2014-07-16T14:26:26.580+0000: 1396.767: [GC [PSYoungGen: 214534K->734K(209344K)] 464983K->251246K(896320K), 0.0088970 secs] [Times: user=0.06 sys=0.00, real=0.01 secs] 
2014-07-16T14:26:27.339+0000: 1397.526: [GC [PSYoungGen: 209310K->1040K(205056K)] 459822K->251625K(892032K), 0.0035110 secs] [Times: user=0.02 sys=0.00, real=0.01 secs] 
2014-07-16T14:26:28.062+0000: 1398.249: [GC [PSYoungGen: 204967K->898K(200448K)] 455552K->251571K(887424K), 0.0085950 secs] [Times: user=0.05 sys=0.00, real=0.00 secs] 
2014-07-16T14:26:28.804+0000: 1398.991: [GC [PSYoungGen: 200384K->748K(195968K)] 451057K->251493K(882944K), 0.0059850 secs] [Times: user=0.04 sys=0.00, real=0.00 secs] 
2014-07-16T14:26:29.523+0000: 1399.710: [GC [PSYoungGen: 195907K->630K(191680K)] 446652K->251446K(878656K), 0.0048640 secs] [Times: user=0.02 sys=0.00, real=0.00 secs] 
2014-07-16T14:26:30.212+0000: 1400.400: [GC [PSYoungGen: 191592K->1058K(188096K)] 442409K->251955K(875072K), 0.0054200 secs] [Times: user=0.03 sys=0.00, real=0.00 secs] 
2014-07-16T14:26:30.882+0000: 1401.069: [GC [PSYoungGen: 188066K->850K(184000K)] 438963K->251826K(870976K), 0.0066840 secs] [Times: user=0.04 sys=0.00, real=0.00 secs] 
2014-07-16T14:26:31.545+0000: 1401.732: [GC [PSYoungGen: 183943K->1426K(180800K)] 434920K->252533K(867776K), 0.0036900 secs] [Times: user=0.02 sys=0.00, real=0.00 secs] 
2014-07-16T14:26:32.193+0000: 1402.380: [GC [PSYoungGen: 180713K->624K(176320K)] 431820K->252033K(863296K), 0.0087100 secs] [Times: user=0.06 sys=0.00, real=0.01 secs] 
2014-07-16T14:26:32.824+0000: 1403.011: [GC [PSYoungGen: 176304K->1180K(173376K)] 427713K->252645K(860352K), 0.0059820 secs] [Times: user=0.04 sys=0.00, real=0.00 secs] 
2014-07-16T14:26:33.479+0000: 1403.666: [GC [PSYoungGen: 173340K->672K(169472K)] 424805K->252301K(856448K), 0.0051450 secs] [Times: user=0.03 sys=0.00, real=0.01 secs] 
2014-07-16T14:26:34.097+0000: 1404.284: [GC [PSYoungGen: 169417K->580K(166080K)] 421046K->252273K(853056K), 0.0035250 secs] [Times: user=0.02 sys=0.01, real=0.00 secs] 
2014-07-16T14:26:34.725+0000: 1404.912: [GC [PSYoungGen: 166020K->1092K(163392K)] 417713K->252913K(850368K), 0.0075620 secs] [Times: user=0.05 sys=0.01, real=0.01 secs] 
2014-07-16T14:26:35.284+0000: 1405.471: [GC [PSYoungGen: 163250K->1030K(160256K)] 415071K->252931K(847232K), 0.0053610 secs] [Times: user=0.03 sys=0.00, real=0.00 secs] 
2014-07-16T14:26:35.867+0000: 1406.054: [GC [PSYoungGen: 160198K->876K(157056K)] 412099K->252865K(844032K), 0.0045610 secs] [Times: user=0.03 sys=0.00, real=0.00 secs] 
2014-07-16T14:26:36.426+0000: 1406.613: [GC [PSYoungGen: 157036K->758K(153984K)] 409025K->252851K(840960K), 0.0050240 secs] [Times: user=0.03 sys=0.00, real=0.00 secs] 
2014-07-16T14:26:36.987+0000: 1407.174: [GC [PSYoungGen: 153962K->1058K(151488K)] 406055K->253255K(838464K), 0.0062660 secs] [Times: user=0.03 sys=0.00, real=0.01 secs] 
2014-07-16T14:26:37.535+0000: 1407.723: [GC [PSYoungGen: 151458K->1326K(148992K)] 403655K->253587K(835968K), 0.0068150 secs] [Times: user=0.05 sys=0.00, real=0.01 secs] 
2014-07-16T14:26:38.078+0000: 1408.265: [GC [PSYoungGen: 148974K->548K(177792K)] 401235K->252873K(864768K), 0.0081180 secs] [Times: user=0.04 sys=0.00, real=0.01 secs] 
2014-07-16T14:26:38.713+0000: 1408.900: [GC [PSYoungGen: 177755K->958K(213632K)] 430080K->253403K(900608K), 0.0051320 secs] [Times: user=0.03 sys=0.00, real=0.00 secs] 
2014-07-16T14:26:39.484+0000: 1409.671: [GC [PSYoungGen: 213630K->480K(208384K)] 466075K->252981K(895360K), 0.0040880 secs] [Times: user=0.02 sys=0.00, real=0.00 secs] 
2014-07-16T14:26:40.235+0000: 1410.423: [GC [PSYoungGen: 208352K->754K(224960K)] 460853K->253335K(911936K), 0.0125560 secs] [Times: user=0.09 sys=0.00, real=0.01 secs] 
2014-07-16T14:26:41.043+0000: 1411.230: [GC [PSYoungGen: 224178K->972K(219264K)] 476759K->253617K(906240K), 0.0040970 secs] [Times: user=0.02 sys=0.00, real=0.00 secs] 
2014-07-16T14:26:41.825+0000: 1412.013: [GC [PSYoungGen: 219212K->898K(214208K)] 471857K->253615K(901184K), 0.0035520 secs] [Times: user=0.02 sys=0.01, real=0.00 secs] 
2014-07-16T14:26:42.605+0000: 1412.792: [GC [PSYoungGen: 214145K->876K(209344K)] 466862K->253657K(896320K), 0.0091410 secs] [Times: user=0.05 sys=0.00, real=0.01 secs] 
2014-07-16T14:26:43.345+0000: 1413.533: [GC [PSYoungGen: 209324K->940K(204800K)] 462105K->253793K(891776K), 0.0078530 secs] [Times: user=0.05 sys=0.00, real=0.01 secs] 
2014-07-16T14:26:44.102+0000: 1414.289: [GC [PSYoungGen: 204780K->1020K(200384K)] 457633K->254383K(887360K), 0.0032130 secs] [Times: user=0.02 sys=0.00, real=0.01 secs] 
2014-07-16T14:26:44.817+0000: 1415.005: [GC [PSYoungGen: 200380K->758K(195840K)] 453743K->254177K(882816K), 0.0110990 secs] [Times: user=0.07 sys=0.00, real=0.01 secs] 
2014-07-16T14:26:45.536+0000: 1415.723: [GC [PSYoungGen: 195760K->1030K(235200K)] 449179K->254505K(922176K), 0.0142190 secs] [Times: user=0.09 sys=0.00, real=0.01 secs] 
2014-07-16T14:26:46.400+0000: 1416.587: [GC [PSYoungGen: 235142K->1508K(247360K)] 488617K->255055K(934336K), 0.0073110 secs] [Times: user=0.04 sys=0.00, real=0.01 secs] 
2014-07-16T14:26:47.277+0000: 1417.464: [GC [PSYoungGen: 247295K->1662K(241536K)] 500842K->255477K(928512K), 0.0039690 secs] [Times: user=0.02 sys=0.00, real=0.00 secs] 
2014-07-16T14:26:48.161+0000: 1418.348: [GC [PSYoungGen: 241489K->1068K(235200K)] 495304K->254979K(922176K), 0.0100160 secs] [Times: user=0.07 sys=0.00, real=0.01 secs] 
2014-07-16T14:26:48.996+0000: 1419.184: [GC [PSYoungGen: 235180K->1062K(229632K)] 489091K->255203K(916608K), 0.0031290 secs] [Times: user=0.02 sys=0.00, real=0.00 secs] 
2014-07-16T14:26:49.826+0000: 1420.013: [GC [PSYoungGen: 229606K->790K(224064K)] 483747K->255003K(911040K), 0.0048750 secs] [Times: user=0.03 sys=0.00, real=0.00 secs] 
2014-07-16T14:26:50.616+0000: 1420.804: [GC [PSYoungGen: 224017K->516K(218688K)] 478230K->254801K(905664K), 0.0049930 secs] [Times: user=0.03 sys=0.00, real=0.00 secs] 
2014-07-16T14:26:51.429+0000: 1421.616: [GC [PSYoungGen: 218628K->352K(213504K)] 472913K->254685K(900480K), 0.0054420 secs] [Times: user=0.02 sys=0.00, real=0.01 secs] 
2014-07-16T14:26:52.210+0000: 1422.397: [GC [PSYoungGen: 213445K->1008K(209344K)] 467778K->255429K(896320K), 0.0056380 secs] [Times: user=0.03 sys=0.00, real=0.01 secs] 
2014-07-16T14:26:52.976+0000: 1423.163: [GC [PSYoungGen: 209328K->694K(204416K)] 463749K->255187K(891392K), 0.0052260 secs] [Times: user=0.03 sys=0.01, real=0.00 secs] 
2014-07-16T14:26:53.714+0000: 1423.901: [GC [PSYoungGen: 204406K->1312K(200576K)] 458899K->255861K(887552K), 0.0061450 secs] [Times: user=0.04 sys=0.00, real=0.01 secs] 
2014-07-16T14:26:54.487+0000: 1424.674: [GC [PSYoungGen: 200544K->1760K(196736K)] 455093K->256405K(883712K), 0.0065880 secs] [Times: user=0.04 sys=0.00, real=0.00 secs] 
2014-07-16T14:26:55.198+0000: 1425.385: [GC [PSYoungGen: 196704K->488K(191296K)] 451349K->255537K(878272K), 0.0056410 secs] [Times: user=0.03 sys=0.00, real=0.00 secs] 
2014-07-16T14:26:55.860+0000: 1426.047: [GC [PSYoungGen: 191272K->958K(187712K)] 446321K->256087K(874688K), 0.0076850 secs] [Times: user=0.04 sys=0.00, real=0.01 secs] 
2014-07-16T14:26:56.528+0000: 1426.715: [GC [PSYoungGen: 187710K->1112K(184000K)] 442839K->256537K(870976K), 0.0045940 secs] [Times: user=0.02 sys=0.00, real=0.00 secs] 
2014-07-16T14:26:57.199+0000: 1427.386: [GC [PSYoungGen: 183960K->980K(180096K)] 439385K->256501K(867072K), 0.0060920 secs] [Times: user=0.03 sys=0.00, real=0.01 secs] 
2014-07-16T14:26:57.841+0000: 1428.028: [GC [PSYoungGen: 180024K->984K(176448K)] 435545K->256569K(863424K), 0.0087770 secs] [Times: user=0.06 sys=0.00, real=0.01 secs] 
2014-07-16T14:26:58.477+0000: 1428.664: [GC [PSYoungGen: 176408K->512K(172416K)] 431993K->256169K(859392K), 0.0052310 secs] [Times: user=0.03 sys=0.00, real=0.00 secs] 
2014-07-16T14:26:59.151+0000: 1429.338: [GC [PSYoungGen: 172416K->1376K(169920K)] 428073K->257105K(856896K), 0.0056050 secs] [Times: user=0.04 sys=0.00, real=0.01 secs] 
2014-07-16T14:26:59.770+0000: 1429.957: [GC [PSYoungGen: 169853K->1122K(166336K)] 425582K->256947K(853312K), 0.0066540 secs] [Times: user=0.03 sys=0.00, real=0.01 secs] 
2014-07-16T14:27:00.368+0000: 1430.555: [GC [PSYoungGen: 166306K->1076K(163072K)] 422131K->257045K(850048K), 0.0052820 secs] [Times: user=0.03 sys=0.00, real=0.00 secs] 
2014-07-16T14:27:00.953+0000: 1431.140: [GC [PSYoungGen: 163050K->1048K(160000K)] 419020K->257073K(846976K), 0.0047870 secs] [Times: user=0.02 sys=0.00, real=0.01 secs] 
2014-07-16T14:27:01.521+0000: 1431.709: [GC [PSYoungGen: 159960K->480K(156416K)] 415985K->256577K(843392K), 0.0047700 secs] [Times: user=0.04 sys=0.00, real=0.01 secs] 
2014-07-16T14:27:02.080+0000: 1432.267: [GC [PSYoungGen: 156348K->844K(153920K)] 412445K->257029K(840896K), 0.0048030 secs] [Times: user=0.03 sys=0.01, real=0.00 secs] 
2014-07-16T14:27:02.633+0000: 1432.820: [GC [PSYoungGen: 153868K->740K(150976K)] 410053K->257013K(837952K), 0.0028910 secs] [Times: user=0.02 sys=0.00, real=0.00 secs] 
2014-07-16T14:27:03.163+0000: 1433.351: [GC [PSYoungGen: 150948K->562K(180864K)] 407221K->256923K(867840K), 0.0101340 secs] [Times: user=0.07 sys=0.00, real=0.01 secs] 
2014-07-16T14:27:03.802+0000: 1433.989: [GC [PSYoungGen: 180811K->534K(177216K)] 437172K->256951K(864192K), 0.0031120 secs] [Times: user=0.01 sys=0.01, real=0.00 secs] 
2014-07-16T14:27:04.434+0000: 1434.622: [GC [PSYoungGen: 177149K->1116K(174208K)] 433566K->257597K(861184K), 0.0035460 secs] [Times: user=0.02 sys=0.00, real=0.01 secs] 
2014-07-16T14:27:05.056+0000: 1435.243: [GC [PSYoungGen: 174172K->1592K(171200K)] 430653K->258169K(858176K), 0.0085720 secs] [Times: user=0.05 sys=0.00, real=0.00 secs] 
2014-07-16T14:27:05.665+0000: 1435.852: [GC [PSYoungGen: 171192K->1394K(204928K)] 427769K->258043K(891904K), 0.0119980 secs] [Times: user=0.09 sys=0.00, real=0.02 secs] 
2014-07-16T14:27:06.408+0000: 1436.595: [GC [PSYoungGen: 204913K->748K(244992K)] 461562K->257637K(931968K), 0.0048650 secs] [Times: user=0.03 sys=0.00, real=0.00 secs] 
2014-07-16T14:27:07.299+0000: 1437.486: [GC [PSYoungGen: 244972K->544K(238912K)] 501861K->257489K(925888K), 0.0066640 secs] [Times: user=0.05 sys=0.00, real=0.00 secs] 
2014-07-16T14:27:08.160+0000: 1438.347: [GC [PSYoungGen: 238880K->772K(233472K)] 495825K->257829K(920448K), 0.0085900 secs] [Times: user=0.05 sys=0.00, real=0.01 secs] 
2014-07-16T14:27:08.990+0000: 1439.177: [GC [PSYoungGen: 233412K->898K(228096K)] 490469K->258019K(915072K), 0.0065710 secs] [Times: user=0.04 sys=0.00, real=0.00 secs] 
2014-07-16T14:27:09.885+0000: 1440.072: [GC [PSYoungGen: 228034K->1054K(222912K)] 485155K->258247K(909888K), 0.0048240 secs] [Times: user=0.03 sys=0.00, real=0.01 secs] 
2014-07-16T14:27:10.696+0000: 1440.884: [GC [PSYoungGen: 222878K->708K(217472K)] 480071K->257965K(904448K), 0.0102370 secs] [Times: user=0.06 sys=0.00, real=0.01 secs] 
2014-07-16T14:27:11.450+0000: 1441.638: [GC [PSYoungGen: 217327K->780K(212608K)] 474584K->258117K(899584K), 0.0056910 secs] [Times: user=0.03 sys=0.00, real=0.00 secs] 
2014-07-16T14:27:12.231+0000: 1442.419: [GC [PSYoungGen: 212556K->1280K(255488K)] 469893K->258705K(942464K), 0.0115410 secs] [Times: user=0.08 sys=0.00, real=0.01 secs] 
2014-07-16T14:27:13.157+0000: 1443.344: [GC [PSYoungGen: 255424K->1030K(248960K)] 512849K->258543K(935936K), 0.0055410 secs] [Times: user=0.04 sys=0.00, real=0.01 secs] 
2014-07-16T14:27:14.094+0000: 1444.281: [GC [PSYoungGen: 248902K->822K(242688K)] 506415K->258399K(929664K), 0.0076860 secs] [Times: user=0.04 sys=0.01, real=0.01 secs] 
2014-07-16T14:27:14.937+0000: 1445.124: [GC [PSYoungGen: 242677K->776K(236864K)] 500254K->258433K(923840K), 0.0064710 secs] [Times: user=0.04 sys=0.00, real=0.01 secs] 
2014-07-16T14:27:15.821+0000: 1446.008: [GC [PSYoungGen: 236793K->498K(230912K)] 494451K->258227K(917888K), 0.0062860 secs] [Times: user=0.04 sys=0.00, real=0.00 secs] 
2014-07-16T14:27:16.662+0000: 1446.849: [GC [PSYoungGen: 230898K->964K(226048K)] 488627K->258765K(913024K), 0.0120010 secs] [Times: user=0.08 sys=0.00, real=0.01 secs] 
2014-07-16T14:27:17.461+0000: 1447.648: [GC [PSYoungGen: 225988K->562K(220416K)] 483789K->258403K(907392K), 0.0051210 secs] [Times: user=0.02 sys=0.00, real=0.00 secs] 
2014-07-16T14:27:18.262+0000: 1448.449: [GC [PSYoungGen: 220402K->790K(215616K)] 478243K->258727K(902592K), 0.0069110 secs] [Times: user=0.05 sys=0.00, real=0.01 secs] 
2014-07-16T14:27:19.044+0000: 1449.232: [GC [PSYoungGen: 215574K->1158K(211136K)] 473511K->259159K(898112K), 0.0092130 secs] [Times: user=0.06 sys=0.00, real=0.01 secs] 
2014-07-16T14:27:19.815+0000: 1450.002: [GC [PSYoungGen: 211078K->944K(206208K)] 469079K->259225K(893184K), 0.0040800 secs] [Times: user=0.02 sys=0.00, real=0.01 secs] 
2014-07-16T14:27:20.565+0000: 1450.752: [GC [PSYoungGen: 206192K->998K(201728K)] 464473K->259335K(888704K), 0.0071380 secs] [Times: user=0.04 sys=0.00, real=0.01 secs] 
2014-07-16T14:27:21.302+0000: 1451.489: [GC [PSYoungGen: 201669K->976K(197376K)] 460007K->259417K(884352K), 0.0037430 secs] [Times: user=0.02 sys=0.00, real=0.00 secs] 
2014-07-16T14:27:22.034+0000: 1452.221: [GC [PSYoungGen: 197328K->698K(192832K)] 455769K->259203K(879808K), 0.0078610 secs] [Times: user=0.05 sys=0.00, real=0.01 secs] 
2014-07-16T14:27:22.725+0000: 1452.913: [GC [PSYoungGen: 192826K->512K(188544K)] 451331K->259129K(875520K), 0.0059320 secs] [Times: user=0.03 sys=0.00, real=0.01 secs] 
2014-07-16T14:27:23.401+0000: 1453.588: [GC [PSYoungGen: 188544K->1168K(185344K)] 447161K->259865K(872320K), 0.0064640 secs] [Times: user=0.03 sys=0.01, real=0.00 secs] 
2014-07-16T14:27:24.109+0000: 1454.296: [GC [PSYoungGen: 185262K->982K(181376K)] 443959K->259783K(868352K), 0.0066610 secs] [Times: user=0.05 sys=0.00, real=0.01 secs] 
2014-07-16T14:27:24.843+0000: 1455.031: [GC [PSYoungGen: 181334K->972K(177664K)] 440135K->259861K(864640K), 0.0083560 secs] [Times: user=0.05 sys=0.00, real=0.01 secs] 
2014-07-16T14:27:25.538+0000: 1455.725: [GC [PSYoungGen: 177612K->946K(174016K)] 436501K->259915K(860992K), 0.0063470 secs] [Times: user=0.05 sys=0.00, real=0.01 secs] 
2014-07-16T14:27:26.224+0000: 1456.412: [GC [PSYoungGen: 174002K->722K(170368K)] 432971K->259755K(857344K), 0.0071730 secs] [Times: user=0.04 sys=0.00, real=0.01 secs] 
2014-07-16T14:27:26.852+0000: 1457.040: [GC [PSYoungGen: 170322K->768K(167040K)] 429355K->259865K(854016K), 0.0041530 secs] [Times: user=0.02 sys=0.00, real=0.00 secs] 
2014-07-16T14:27:27.536+0000: 1457.723: [GC [PSYoungGen: 167040K->1000K(164096K)] 426137K->260145K(851072K), 0.0069390 secs] [Times: user=0.02 sys=0.00, real=0.01 secs] 
2014-07-16T14:27:28.248+0000: 1458.435: [GC [PSYoungGen: 164072K->854K(160832K)] 423217K->260055K(847808K), 0.0083730 secs] [Times: user=0.05 sys=0.00, real=0.01 secs] 
2014-07-16T14:27:28.902+0000: 1459.089: [GC [PSYoungGen: 160790K->854K(192832K)] 419991K->260103K(879808K), 0.0094680 secs] [Times: user=0.05 sys=0.00, real=0.01 secs] 
2014-07-16T14:27:29.589+0000: 1459.777: [GC [PSYoungGen: 192790K->958K(231296K)] 452039K->260559K(918272K), 0.0067670 secs] [Times: user=0.04 sys=0.00, real=0.01 secs] 
2014-07-16T14:27:30.434+0000: 1460.621: [GC [PSYoungGen: 231294K->926K(225920K)] 490895K->260623K(912896K), 0.0043830 secs] [Times: user=0.02 sys=0.00, real=0.00 secs] 
2014-07-16T14:27:31.247+0000: 1461.435: [GC [PSYoungGen: 225881K->776K(220608K)] 485578K->260569K(907584K), 0.0065370 secs] [Times: user=0.04 sys=0.00, real=0.01 secs] 
2014-07-16T14:27:32.027+0000: 1462.215: [GC [PSYoungGen: 220551K->980K(215744K)] 480345K->260853K(902720K), 0.0059260 secs] [Times: user=0.04 sys=0.00, real=0.01 secs] 
2014-07-16T14:27:32.806+0000: 1462.993: [GC [PSYoungGen: 215700K->880K(210752K)] 475573K->261091K(897728K), 0.0053150 secs] [Times: user=0.03 sys=0.00, real=0.01 secs] 
2014-07-16T14:27:33.560+0000: 1463.747: [GC [PSYoungGen: 210678K->598K(205824K)] 470889K->260865K(892800K), 0.0035540 secs] [Times: user=0.02 sys=0.00, real=0.01 secs] 
2014-07-16T14:27:34.301+0000: 1464.488: [GC [PSYoungGen: 205721K->822K(201472K)] 465988K->261161K(888448K), 0.0032610 secs] [Times: user=0.02 sys=0.00, real=0.00 secs] 
2014-07-16T14:27:35.043+0000: 1465.231: [GC [PSYoungGen: 201436K->812K(197120K)] 461775K->261239K(884096K), 0.0055500 secs] [Times: user=0.02 sys=0.01, real=0.00 secs] 
2014-07-16T14:27:35.765+0000: 1465.952: [GC [PSYoungGen: 197086K->1202K(193280K)] 457513K->261693K(880256K), 0.0067490 secs] [Times: user=0.04 sys=0.00, real=0.01 secs] 
2014-07-16T14:27:36.497+0000: 1466.684: [GC [PSYoungGen: 193266K->1326K(189312K)] 453757K->261857K(876288K), 0.0075650 secs] [Times: user=0.04 sys=0.00, real=0.01 secs] 
2014-07-16T14:27:37.153+0000: 1467.340: [GC [PSYoungGen: 189294K->434K(184512K)] 449825K->261141K(871488K), 0.0052260 secs] [Times: user=0.03 sys=0.00, real=0.00 secs] 
2014-07-16T14:27:37.825+0000: 1468.012: [GC [PSYoungGen: 184479K->976K(181312K)] 445186K->261755K(868288K), 0.0089620 secs] [Times: user=0.05 sys=0.00, real=0.01 secs] 
2014-07-16T14:27:38.475+0000: 1468.662: [GC [PSYoungGen: 181222K->1186K(217600K)] 442002K->262211K(904576K), 0.0093340 secs] [Times: user=0.06 sys=0.00, real=0.01 secs] 
2014-07-16T14:27:39.282+0000: 1469.470: [GC [PSYoungGen: 217570K->594K(212096K)] 478595K->261683K(899072K), 0.0062040 secs] [Times: user=0.04 sys=0.00, real=0.00 secs] 
2014-07-16T14:27:40.109+0000: 1470.297: [GC [PSYoungGen: 212012K->608K(207360K)] 473101K->261777K(894336K), 0.0049110 secs] [Times: user=0.03 sys=0.00, real=0.01 secs] 
2014-07-16T14:27:40.844+0000: 1471.032: [GC [PSYoungGen: 207297K->872K(203072K)] 468466K->262113K(890048K), 0.0101170 secs] [Times: user=0.06 sys=0.00, real=0.01 secs] 
2014-07-16T14:27:41.589+0000: 1471.776: [GC [PSYoungGen: 203048K->986K(234688K)] 464289K->262307K(921664K), 0.0102620 secs] [Times: user=0.07 sys=0.00, real=0.01 secs] 
2014-07-16T14:27:42.431+0000: 1472.618: [GC [PSYoungGen: 234202K->962K(228736K)] 495523K->262347K(915712K), 0.0038460 secs] [Times: user=0.02 sys=0.00, real=0.01 secs] 
2014-07-16T14:27:43.257+0000: 1473.444: [GC [PSYoungGen: 228674K->506K(222912K)] 490059K->262077K(909888K), 0.0029370 secs] [Times: user=0.02 sys=0.00, real=0.00 secs] 
2014-07-16T14:27:44.066+0000: 1474.254: [GC [PSYoungGen: 222906K->1404K(218688K)] 484477K->263561K(905664K), 0.0054710 secs] [Times: user=0.03 sys=0.00, real=0.01 secs] 
2014-07-16T14:27:44.867+0000: 1475.054: [GC [PSYoungGen: 218684K->948K(213312K)] 480841K->264001K(900288K), 0.0039170 secs] [Times: user=0.02 sys=0.00, real=0.00 secs] 
2014-07-16T14:27:45.614+0000: 1475.801: [GC [PSYoungGen: 213300K->1164K(208832K)] 476353K->264305K(895808K), 0.0124030 secs] [Times: user=0.08 sys=0.00, real=0.01 secs] 
2014-07-16T14:27:46.370+0000: 1476.557: [GC [PSYoungGen: 208780K->1286K(204352K)] 471921K->264613K(891328K), 0.0033010 secs] [Times: user=0.01 sys=0.00, real=0.01 secs] 
2014-07-16T14:27:47.105+0000: 1477.292: [GC [PSYoungGen: 204294K->672K(199296K)] 467621K->264071K(886272K), 0.0036790 secs] [Times: user=0.02 sys=0.00, real=0.00 secs] 
2014-07-16T14:27:47.828+0000: 1478.015: [GC [PSYoungGen: 199264K->940K(195264K)] 462663K->264419K(882240K), 0.0045000 secs] [Times: user=0.02 sys=0.00, real=0.00 secs] 
2014-07-16T14:27:48.543+0000: 1478.730: [GC [PSYoungGen: 195232K->1396K(191552K)] 458712K->264939K(878528K), 0.0054560 secs] [Times: user=0.02 sys=0.00, real=0.00 secs] 
2014-07-16T14:27:49.228+0000: 1479.415: [GC [PSYoungGen: 191540K->780K(186944K)] 455083K->264403K(873920K), 0.0098740 secs] [Times: user=0.07 sys=0.00, real=0.01 secs] 
2014-07-16T14:27:49.948+0000: 1480.135: [GC [PSYoungGen: 186892K->1574K(183872K)] 450515K->265269K(870848K), 0.0046060 secs] [Times: user=0.02 sys=0.00, real=0.00 secs] 
2014-07-16T14:27:50.584+0000: 1480.771: [GC [PSYoungGen: 183846K->912K(179520K)] 447541K->264687K(866496K), 0.0077470 secs] [Times: user=0.04 sys=0.01, real=0.00 secs] 
2014-07-16T14:27:51.230+0000: 1481.417: [GC [PSYoungGen: 179472K->1108K(176064K)] 443247K->264955K(863040K), 0.0050730 secs] [Times: user=0.03 sys=0.00, real=0.01 secs] 
2014-07-16T14:27:51.927+0000: 1482.114: [GC [PSYoungGen: 176020K->726K(172160K)] 439867K->264637K(859136K), 0.0054260 secs] [Times: user=0.02 sys=0.00, real=0.00 secs] 
2014-07-16T14:27:52.536+0000: 1482.723: [GC [PSYoungGen: 172118K->608K(206336K)] 436029K->264599K(893312K), 0.0169020 secs] [Times: user=0.11 sys=0.00, real=0.01 secs] 
2014-07-16T14:27:53.265+0000: 1483.452: [GC [PSYoungGen: 206304K->566K(223232K)] 470295K->264605K(910208K), 0.0057300 secs] [Times: user=0.03 sys=0.00, real=0.00 secs] 
2014-07-16T14:27:54.063+0000: 1484.250: [GC [PSYoungGen: 221942K->1326K(223232K)] 485981K->265446K(910208K), 0.0076650 secs] [Times: user=0.05 sys=0.01, real=0.01 secs] 
2014-07-16T14:27:54.845+0000: 1485.032: [GC [PSYoungGen: 222702K->958K(267456K)] 486822K->265141K(954432K), 0.0072350 secs] [Times: user=0.05 sys=0.00, real=0.00 secs] 
2014-07-16T14:27:55.823+0000: 1486.010: [GC [PSYoungGen: 266621K->1062K(260032K)] 530805K->265318K(947008K), 0.0052410 secs] [Times: user=0.03 sys=0.00, real=0.01 secs] 
2014-07-16T14:27:56.767+0000: 1486.954: [GC [PSYoungGen: 260006K->880K(253376K)] 524262K->265231K(940352K), 0.0067570 secs] [Times: user=0.03 sys=0.01, real=0.00 secs] 
2014-07-16T14:27:57.698+0000: 1487.885: [GC [PSYoungGen: 253360K->1390K(247680K)] 517711K->265814K(934656K), 0.0051020 secs] [Times: user=0.02 sys=0.00, real=0.00 secs] 
2014-07-16T14:27:58.583+0000: 1488.770: [GC [PSYoungGen: 247657K->930K(241216K)] 512080K->265433K(928192K), 0.0034460 secs] [Times: user=0.01 sys=0.01, real=0.01 secs] 
2014-07-16T14:27:59.481+0000: 1489.668: [GC [PSYoungGen: 241186K->1164K(235712K)] 505689K->265763K(922688K), 0.0088070 secs] [Times: user=0.06 sys=0.00, real=0.01 secs] 
2014-07-16T14:28:00.462+0000: 1490.649: [GC [PSYoungGen: 235660K->850K(229824K)] 500259K->265513K(916800K), 0.0044950 secs] [Times: user=0.02 sys=0.00, real=0.01 secs] 
2014-07-16T14:28:01.347+0000: 1491.534: [GC [PSYoungGen: 229778K->958K(224512K)] 494441K->265685K(911488K), 0.0045160 secs] [Times: user=0.03 sys=0.00, real=0.00 secs] 
2014-07-16T14:28:02.236+0000: 1492.423: [GC [PSYoungGen: 224488K->1132K(219520K)] 489216K->265939K(906496K), 0.0064030 secs] [Times: user=0.04 sys=0.00, real=0.00 secs] 
2014-07-16T14:28:03.157+0000: 1493.344: [GC [PSYoungGen: 219500K->726K(214144K)] 484307K->265629K(901120K), 0.0042960 secs] [Times: user=0.02 sys=0.00, real=0.00 secs] 
2014-07-16T14:28:03.987+0000: 1494.174: [GC [PSYoungGen: 214053K->1290K(209920K)] 478957K->266273K(896896K), 0.0050470 secs] [Times: user=0.03 sys=0.00, real=0.00 secs] 
2014-07-16T14:28:04.812+0000: 1494.999: [GC [PSYoungGen: 209866K->1300K(205312K)] 474849K->266371K(892288K), 0.0070900 secs] [Times: user=0.05 sys=0.00, real=0.01 secs] 
2014-07-16T14:28:05.590+0000: 1495.777: [GC [PSYoungGen: 205268K->694K(200192K)] 470339K->265893K(887168K), 0.0046930 secs] [Times: user=0.03 sys=0.00, real=0.00 secs] 
2014-07-16T14:28:06.296+0000: 1496.483: [GC [PSYoungGen: 200182K->544K(195776K)] 465381K->265823K(882752K), 0.0096420 secs] [Times: user=0.07 sys=0.00, real=0.00 secs] 
2014-07-16T14:28:06.992+0000: 1497.180: [GC [PSYoungGen: 195744K->734K(191808K)] 461023K->266077K(878784K), 0.0046320 secs] [Times: user=0.03 sys=0.00, real=0.01 secs] 
2014-07-16T14:28:07.681+0000: 1497.868: [GC [PSYoungGen: 191774K->1650K(188672K)] 457117K->267090K(875648K), 0.0058780 secs] [Times: user=0.04 sys=0.00, real=0.01 secs] 
2014-07-16T14:28:08.345+0000: 1498.532: [GC [PSYoungGen: 188658K->644K(183808K)] 454098K->266139K(870784K), 0.0039750 secs] [Times: user=0.02 sys=0.00, real=0.01 secs] 
2014-07-16T14:28:09.016+0000: 1499.204: [GC [PSYoungGen: 183748K->1068K(180416K)] 449243K->266643K(867392K), 0.0050850 secs] [Times: user=0.03 sys=0.00, real=0.00 secs] 
2014-07-16T14:28:09.674+0000: 1499.861: [GC [PSYoungGen: 180393K->1398K(177088K)] 445968K->267070K(864064K), 0.0031430 secs] [Times: user=0.02 sys=0.00, real=0.01 secs] 
2014-07-16T14:28:10.310+0000: 1500.497: [GC [PSYoungGen: 177078K->416K(172608K)] 442750K->266151K(859584K), 0.0045040 secs] [Times: user=0.02 sys=0.00, real=0.00 secs] 
2014-07-16T14:28:10.939+0000: 1501.126: [GC [PSYoungGen: 172575K->926K(169728K)] 438311K->266741K(856704K), 0.0084240 secs] [Times: user=0.05 sys=0.00, real=0.01 secs] 
2014-07-16T14:28:11.586+0000: 1501.773: [GC [PSYoungGen: 169694K->1336K(166784K)] 435509K->267255K(853760K), 0.0054940 secs] [Times: user=0.03 sys=0.00, real=0.01 secs] 
2014-07-16T14:28:12.178+0000: 1502.365: [GC [PSYoungGen: 166776K->1340K(199872K)] 432695K->267480K(886848K), 0.0119350 secs] [Times: user=0.08 sys=0.00, real=0.01 secs] 
2014-07-16T14:28:12.903+0000: 1503.090: [GC [PSYoungGen: 199868K->994K(239296K)] 466008K->267190K(926272K), 0.0150770 secs] [Times: user=0.09 sys=0.00, real=0.02 secs] 
2014-07-16T14:28:13.766+0000: 1503.953: [GC [PSYoungGen: 239262K->780K(251712K)] 505458K->267031K(938688K), 0.0096100 secs] [Times: user=0.05 sys=0.00, real=0.01 secs] 
2014-07-16T14:28:14.681+0000: 1504.868: [GC [PSYoungGen: 250828K->1432K(251904K)] 517079K->267756K(938880K), 0.0039130 secs] [Times: user=0.02 sys=0.00, real=0.00 secs] 
2014-07-16T14:28:15.590+0000: 1505.778: [GC [PSYoungGen: 251471K->676K(244608K)] 517795K->267055K(931584K), 0.0040590 secs] [Times: user=0.02 sys=0.00, real=0.00 secs] 
2014-07-16T14:28:16.496+0000: 1506.683: [GC [PSYoungGen: 244578K->808K(238848K)] 510958K->267235K(925824K), 0.0087590 secs] [Times: user=0.06 sys=0.00, real=0.01 secs] 
2014-07-16T14:28:17.463+0000: 1507.650: [GC [PSYoungGen: 238809K->1050K(233408K)] 505236K->267573K(920384K), 0.0056360 secs] [Times: user=0.04 sys=0.00, real=0.01 secs] 
2014-07-16T14:28:18.328+0000: 1508.515: [GC [PSYoungGen: 233370K->1082K(227904K)] 499893K->267661K(914880K), 0.0079560 secs] [Times: user=0.04 sys=0.00, real=0.01 secs] 
2014-07-16T14:28:19.176+0000: 1509.363: [GC [PSYoungGen: 227880K->1354K(222976K)] 494460K->268046K(909952K), 0.0037070 secs] [Times: user=0.02 sys=0.00, real=0.01 secs] 
2014-07-16T14:28:20.038+0000: 1510.225: [GC [PSYoungGen: 222922K->818K(217280K)] 489614K->267581K(904256K), 0.0043760 secs] [Times: user=0.02 sys=0.00, real=0.01 secs] 
2014-07-16T14:28:20.946+0000: 1511.133: [GC [PSYoungGen: 217266K->1286K(212864K)] 484029K->268113K(899840K), 0.0065110 secs] [Times: user=0.04 sys=0.00, real=0.01 secs] 
2014-07-16T14:28:21.742+0000: 1511.929: [GC [PSYoungGen: 212806K->1278K(208064K)] 479633K->268217K(895040K), 0.0052680 secs] [Times: user=0.03 sys=0.01, real=0.00 secs] 
2014-07-16T14:28:22.476+0000: 1512.663: [GC [PSYoungGen: 208062K->976K(203264K)] 475001K->268003K(890240K), 0.0070350 secs] [Times: user=0.04 sys=0.00, real=0.01 secs] 
2014-07-16T14:28:23.202+0000: 1513.389: [GC [PSYoungGen: 203216K->722K(198592K)] 470243K->267837K(885568K), 0.0047720 secs] [Times: user=0.03 sys=0.00, real=0.00 secs] 
2014-07-16T14:28:23.918+0000: 1514.105: [GC [PSYoungGen: 198546K->908K(194496K)] 465661K->268087K(881472K), 0.0099310 secs] [Times: user=0.06 sys=0.01, real=0.01 secs] 
2014-07-16T14:28:24.637+0000: 1514.825: [GC [PSYoungGen: 194444K->1230K(190720K)] 461623K->268498K(877696K), 0.0054380 secs] [Times: user=0.03 sys=0.00, real=0.01 secs] 
2014-07-16T14:28:25.337+0000: 1515.524: [GC [PSYoungGen: 190650K->748K(186240K)] 457918K->268095K(873216K), 0.0052500 secs] [Times: user=0.04 sys=0.00, real=0.01 secs] 
2014-07-16T14:28:26.000+0000: 1516.187: [GC [PSYoungGen: 186220K->530K(182208K)] 453567K->267949K(869184K), 0.0058070 secs] [Times: user=0.04 sys=0.00, real=0.00 secs] 
2014-07-16T14:28:26.656+0000: 1516.844: [GC [PSYoungGen: 182125K->866K(178816K)] 449545K->268374K(865792K), 0.0058060 secs] [Times: user=0.03 sys=0.00, real=0.01 secs] 
2014-07-16T14:28:27.305+0000: 1517.492: [GC [PSYoungGen: 178748K->1008K(175360K)] 446256K->268556K(862336K), 0.0058130 secs] [Times: user=0.02 sys=0.00, real=0.01 secs] 
2014-07-16T14:28:27.945+0000: 1518.132: [GC [PSYoungGen: 175344K->690K(171584K)] 442892K->268333K(858560K), 0.0063230 secs] [Times: user=0.04 sys=0.01, real=0.01 secs] 
2014-07-16T14:28:28.572+0000: 1518.759: [GC [PSYoungGen: 171570K->480K(168000K)] 439213K->268227K(854976K), 0.0075720 secs] [Times: user=0.05 sys=0.00, real=0.01 secs] 
2014-07-16T14:28:29.166+0000: 1519.353: [GC [PSYoungGen: 167968K->512K(164736K)] 435715K->268363K(851712K), 0.0044100 secs] [Times: user=0.03 sys=0.00, real=0.01 secs] 
2014-07-16T14:28:29.750+0000: 1519.937: [GC [PSYoungGen: 164723K->1330K(198464K)] 432574K->269246K(885440K), 0.0103420 secs] [Times: user=0.07 sys=0.00, real=0.01 secs] 
2014-07-16T14:28:30.457+0000: 1520.644: [GC [PSYoungGen: 198450K->626K(193536K)] 466366K->268621K(880512K), 0.0048720 secs] [Times: user=0.03 sys=0.00, real=0.01 secs] 
2014-07-16T14:28:31.174+0000: 1521.361: [GC [PSYoungGen: 193490K->944K(232448K)] 461486K->269035K(919424K), 0.0081220 secs] [Times: user=0.06 sys=0.00, real=0.01 secs] 
2014-07-16T14:28:32.004+0000: 1522.191: [GC [PSYoungGen: 232432K->480K(226560K)] 500523K->268651K(913536K), 0.0056000 secs] [Times: user=0.03 sys=0.00, real=0.00 secs] 
2014-07-16T14:28:32.839+0000: 1523.026: [GC [PSYoungGen: 226523K->580K(221440K)] 494694K->268831K(908416K), 0.0065220 secs] [Times: user=0.04 sys=0.00, real=0.01 secs] 
2014-07-16T14:28:33.655+0000: 1523.842: [GC [PSYoungGen: 221346K->912K(216704K)] 489598K->269252K(903680K), 0.0036890 secs] [Times: user=0.02 sys=0.00, real=0.00 secs] 
2014-07-16T14:28:34.453+0000: 1524.640: [GC [PSYoungGen: 216631K->1294K(212224K)] 484971K->269706K(899200K), 0.0060160 secs] [Times: user=0.03 sys=0.00, real=0.00 secs] 
2014-07-16T14:28:35.302+0000: 1525.489: [GC [PSYoungGen: 212174K->822K(206976K)] 480586K->269409K(893952K), 0.0092320 secs] [Times: user=0.04 sys=0.00, real=0.01 secs] 
2014-07-16T14:28:36.045+0000: 1526.232: [GC [PSYoungGen: 206873K->1466K(203072K)] 475460K->270134K(890048K), 0.0090670 secs] [Times: user=0.05 sys=0.00, real=0.01 secs] 
2014-07-16T14:28:36.783+0000: 1526.970: [GC [PSYoungGen: 203066K->934K(242880K)] 471734K->269938K(929856K), 0.0097990 secs] [Times: user=0.05 sys=0.00, real=0.01 secs] 
2014-07-16T14:28:37.658+0000: 1527.846: [GC [PSYoungGen: 242854K->880K(236992K)] 511858K->269940K(923968K), 0.0065210 secs] [Times: user=0.03 sys=0.00, real=0.01 secs] 
2014-07-16T14:28:38.524+0000: 1528.711: [GC [PSYoungGen: 236973K->640K(231104K)] 506033K->269813K(918080K), 0.0084680 secs] [Times: user=0.04 sys=0.00, real=0.01 secs] 
2014-07-16T14:28:39.348+0000: 1529.535: [GC [PSYoungGen: 231104K->530K(225664K)] 500277K->269759K(912640K), 0.0066960 secs] [Times: user=0.04 sys=0.00, real=0.01 secs] 
2014-07-16T14:28:40.189+0000: 1530.376: [GC [PSYoungGen: 225618K->996K(220928K)] 494847K->270313K(907904K), 0.0097240 secs] [Times: user=0.06 sys=0.01, real=0.01 secs] 
2014-07-16T14:28:40.967+0000: 1531.155: [GC [PSYoungGen: 220874K->1190K(216064K)] 490192K->270588K(903040K), 0.0084440 secs] [Times: user=0.04 sys=0.00, real=0.01 secs] 
2014-07-16T14:28:41.800+0000: 1531.987: [GC [PSYoungGen: 216038K->1142K(211136K)] 485436K->270670K(898112K), 0.0056690 secs] [Times: user=0.03 sys=0.01, real=0.01 secs] 
2014-07-16T14:28:42.692+0000: 1532.879: [GC [PSYoungGen: 211126K->1290K(206656K)] 480654K->270882K(893632K), 0.0057210 secs] [Times: user=0.03 sys=0.00, real=0.00 secs] 
2014-07-16T14:28:43.519+0000: 1533.706: [GC [PSYoungGen: 206602K->940K(201728K)] 476194K->270596K(888704K), 0.0064880 secs] [Times: user=0.03 sys=0.00, real=0.01 secs] 
2014-07-16T14:28:44.327+0000: 1534.514: [GC [PSYoungGen: 201708K->1618K(198080K)] 471364K->271370K(885056K), 0.0075660 secs] [Times: user=0.05 sys=0.00, real=0.01 secs] 
2014-07-16T14:28:45.143+0000: 1535.331: [GC [PSYoungGen: 198033K->722K(192960K)] 467785K->270537K(879936K), 0.0083270 secs] [Times: user=0.05 sys=0.00, real=0.00 secs] 
2014-07-16T14:28:45.943+0000: 1536.130: [GC [PSYoungGen: 192914K->858K(188992K)] 462729K->270745K(875968K), 0.0065320 secs] [Times: user=0.03 sys=0.00, real=0.00 secs] 
2014-07-16T14:28:46.803+0000: 1536.990: [GC [PSYoungGen: 188954K->958K(185152K)] 458841K->270894K(872128K), 0.0081180 secs] [Times: user=0.05 sys=0.00, real=0.00 secs] 
2014-07-16T14:28:47.568+0000: 1537.755: [GC [PSYoungGen: 185150K->772K(181248K)] 455086K->270739K(868224K), 0.0065110 secs] [Times: user=0.01 sys=0.00, real=0.01 secs] 
2014-07-16T14:28:48.233+0000: 1538.420: [GC [PSYoungGen: 181188K->1068K(177792K)] 451155K->271132K(864768K), 0.0037630 secs] [Times: user=0.02 sys=0.00, real=0.00 secs] 
2014-07-16T14:28:48.892+0000: 1539.079: [GC [PSYoungGen: 177753K->1144K(174272K)] 447817K->271288K(861248K), 0.0045190 secs] [Times: user=0.03 sys=0.00, real=0.00 secs] 
2014-07-16T14:28:49.513+0000: 1539.701: [GC [PSYoungGen: 174264K->786K(170496K)] 444408K->271017K(857472K), 0.0031420 secs] [Times: user=0.01 sys=0.00, real=0.00 secs] 
2014-07-16T14:28:50.153+0000: 1540.340: [GC [PSYoungGen: 170405K->544K(166912K)] 440637K->270895K(853888K), 0.0055860 secs] [Times: user=0.03 sys=0.00, real=0.00 secs] 
2014-07-16T14:28:50.770+0000: 1540.957: [GC [PSYoungGen: 166880K->748K(163904K)] 437231K->271164K(850880K), 0.0053950 secs] [Times: user=0.03 sys=0.00, real=0.01 secs] 
2014-07-16T14:28:51.360+0000: 1541.548: [GC [PSYoungGen: 163874K->1326K(161344K)] 434290K->271830K(848320K), 0.0068830 secs] [Times: user=0.05 sys=0.00, real=0.01 secs] 
2014-07-16T14:28:51.923+0000: 1542.110: [GC [PSYoungGen: 161326K->694K(192704K)] 431830K->271246K(879680K), 0.0144950 secs] [Times: user=0.09 sys=0.01, real=0.01 secs] 
2014-07-16T14:28:52.627+0000: 1542.814: [GC [PSYoungGen: 192694K->954K(231360K)] 463246K->271570K(918336K), 0.0062700 secs] [Times: user=0.03 sys=0.00, real=0.01 secs] 
2014-07-16T14:28:53.452+0000: 1543.639: [GC [PSYoungGen: 231313K->1098K(226176K)] 501928K->271754K(913152K), 0.0039720 secs] [Times: user=0.02 sys=0.00, real=0.01 secs] 
2014-07-16T14:28:54.261+0000: 1544.449: [GC [PSYoungGen: 226117K->612K(220480K)] 496773K->271315K(907456K), 0.0053890 secs] [Times: user=0.02 sys=0.01, real=0.01 secs] 
2014-07-16T14:28:55.068+0000: 1545.255: [GC [PSYoungGen: 220452K->516K(215360K)] 491155K->271251K(902336K), 0.0105890 secs] [Times: user=0.06 sys=0.00, real=0.01 secs] 
2014-07-16T14:28:55.876+0000: 1546.064: [GC [PSYoungGen: 215272K->662K(210624K)] 486008K->271438K(897600K), 0.0048290 secs] [Times: user=0.02 sys=0.00, real=0.00 secs] 
2014-07-16T14:28:56.672+0000: 1546.859: [GC [PSYoungGen: 210522K->566K(205824K)] 481298K->271397K(892800K), 0.0068970 secs] [Times: user=0.04 sys=0.00, real=0.01 secs] 
2014-07-16T14:28:57.411+0000: 1547.598: [GC [PSYoungGen: 205814K->640K(201344K)] 476645K->271527K(888320K), 0.0049930 secs] [Times: user=0.02 sys=0.00, real=0.01 secs] 
2014-07-16T14:28:58.131+0000: 1548.318: [GC [PSYoungGen: 201344K->516K(196928K)] 472231K->271475K(883904K), 0.0067160 secs] [Times: user=0.05 sys=0.00, real=0.01 secs] 
2014-07-16T14:28:58.843+0000: 1549.031: [GC [PSYoungGen: 196785K->1094K(193280K)] 467745K->272126K(880256K), 0.0066460 secs] [Times: user=0.04 sys=0.00, real=0.01 secs] 
2014-07-16T14:28:59.524+0000: 1549.711: [GC [PSYoungGen: 193184K->1262K(189312K)] 464216K->272374K(876288K), 0.0071630 secs] [Times: user=0.04 sys=0.00, real=0.01 secs] 
2014-07-16T14:29:00.198+0000: 1550.385: [GC [PSYoungGen: 189294K->644K(184832K)] 460406K->271827K(871808K), 0.0058630 secs] [Times: user=0.03 sys=0.00, real=0.00 secs] 
2014-07-16T14:29:00.863+0000: 1551.050: [GC [PSYoungGen: 184746K->1172K(181568K)] 455929K->272494K(868544K), 0.0060400 secs] [Times: user=0.04 sys=0.00, real=0.01 secs] 
2014-07-16T14:29:01.508+0000: 1551.695: [GC [PSYoungGen: 181498K->1090K(177792K)] 452820K->272500K(864768K), 0.0084000 secs] [Times: user=0.05 sys=0.00, real=0.01 secs] 
2014-07-16T14:29:02.161+0000: 1552.348: [GC [PSYoungGen: 177730K->936K(212928K)] 449140K->272442K(899904K), 0.0084960 secs] [Times: user=0.05 sys=0.00, real=0.01 secs] 
2014-07-16T14:29:02.922+0000: 1553.109: [GC [PSYoungGen: 212904K->862K(255296K)] 484410K->272440K(942272K), 0.0100660 secs] [Times: user=0.07 sys=0.00, real=0.01 secs] 
2014-07-16T14:29:03.861+0000: 1554.049: [GC [PSYoungGen: 255254K->1112K(258688K)] 526832K->272770K(945664K), 0.0186830 secs] [Times: user=0.12 sys=0.00, real=0.02 secs] 
2014-07-16T14:29:04.784+0000: 1554.972: [GC [PSYoungGen: 258295K->1026K(258880K)] 529953K->272756K(945856K), 0.0083240 secs] [Times: user=0.05 sys=0.00, real=0.01 secs] 
2014-07-16T14:29:05.729+0000: 1555.916: [GC [PSYoungGen: 258292K->1494K(310080K)] 530022K->273296K(997056K), 0.0091580 secs] [Times: user=0.05 sys=0.00, real=0.01 secs] 
2014-07-16T14:29:06.936+0000: 1557.123: [GC [PSYoungGen: 310038K->872K(310272K)] 581840K->272738K(997248K), 0.0142900 secs] [Times: user=0.08 sys=0.00, real=0.01 secs] 
2014-07-16T14:29:08.066+0000: 1558.253: [GC [PSYoungGen: 309416K->904K(371840K)] 581282K->272858K(1058816K), 0.0064720 secs] [Times: user=0.04 sys=0.00, real=0.00 secs] 
2014-07-16T14:29:09.513+0000: 1559.701: [GC [PSYoungGen: 371208K->1068K(360512K)] 643162K->273110K(1047488K), 0.0067200 secs] [Times: user=0.05 sys=0.00, real=0.01 secs] 
2014-07-16T14:29:10.922+0000: 1561.109: [GC [PSYoungGen: 360492K->630K(349632K)] 632534K->272858K(1036608K), 0.0098370 secs] [Times: user=0.07 sys=0.00, real=0.01 secs] 
2014-07-16T14:29:12.259+0000: 1562.446: [GC [PSYoungGen: 349622K->1254K(340288K)] 621850K->273554K(1027264K), 0.0098840 secs] [Times: user=0.06 sys=0.00, real=0.01 secs] 
2014-07-16T14:29:13.585+0000: 1563.772: [GC [PSYoungGen: 340259K->1208K(330624K)] 612559K->273612K(1017600K), 0.0049880 secs] [Times: user=0.03 sys=0.00, real=0.01 secs] 
2014-07-16T14:29:14.771+0000: 1564.959: [GC [PSYoungGen: 330616K->776K(321024K)] 603020K->273236K(1008000K), 0.0042760 secs] [Times: user=0.03 sys=0.00, real=0.00 secs] 
2014-07-16T14:29:15.937+0000: 1566.124: [GC [PSYoungGen: 320968K->998K(312384K)] 593428K->273514K(999360K), 0.0071000 secs] [Times: user=0.04 sys=0.00, real=0.00 secs] 
2014-07-16T14:29:17.067+0000: 1567.254: [GC [PSYoungGen: 312358K->740K(303616K)] 584874K->273336K(990592K), 0.0058420 secs] [Times: user=0.03 sys=0.01, real=0.01 secs] 
2014-07-16T14:29:18.176+0000: 1568.364: [GC [PSYoungGen: 303588K->1198K(295936K)] 576184K->273858K(982912K), 0.0076170 secs] [Times: user=0.04 sys=0.00, real=0.01 secs] 
2014-07-16T14:29:19.257+0000: 1569.444: [GC [PSYoungGen: 295918K->1364K(288320K)] 568578K->274104K(975296K), 0.0119410 secs] [Times: user=0.07 sys=0.00, real=0.01 secs] 
2014-07-16T14:29:20.301+0000: 1570.488: [GC [PSYoungGen: 288276K->630K(280000K)] 561016K->273758K(966976K), 0.0030210 secs] [Times: user=0.02 sys=0.00, real=0.00 secs] 
2014-07-16T14:29:21.352+0000: 1571.540: [GC [PSYoungGen: 279990K->762K(272896K)] 553118K->273962K(959872K), 0.0075560 secs] [Times: user=0.05 sys=0.00, real=0.01 secs] 
2014-07-16T14:29:22.341+0000: 1572.528: [GC [PSYoungGen: 272890K->944K(266112K)] 546090K->274216K(953088K), 0.0082630 secs] [Times: user=0.05 sys=0.00, real=0.01 secs] 
2014-07-16T14:29:23.302+0000: 1573.489: [GC [PSYoungGen: 266053K->876K(259328K)] 539325K->274236K(946304K), 0.0059930 secs] [Times: user=0.03 sys=0.01, real=0.01 secs] 
2014-07-16T14:29:24.248+0000: 1574.436: [GC [PSYoungGen: 259276K->1248K(253248K)] 532636K->274672K(940224K), 0.0061760 secs] [Times: user=0.04 sys=0.00, real=0.00 secs] 
2014-07-16T14:29:25.158+0000: 1575.345: [GC [PSYoungGen: 253197K->1122K(246912K)] 526622K->274610K(933888K), 0.0121000 secs] [Times: user=0.07 sys=0.00, real=0.01 secs] 
2014-07-16T14:29:26.048+0000: 1576.235: [GC [PSYoungGen: 246882K->802K(240640K)] 520370K->274606K(927616K), 0.0052500 secs] [Times: user=0.03 sys=0.00, real=0.00 secs] 
2014-07-16T14:29:26.926+0000: 1577.113: [GC [PSYoungGen: 240610K->1236K(235328K)] 514414K->275152K(922304K), 0.0050440 secs] [Times: user=0.03 sys=0.00, real=0.01 secs] 
2014-07-16T14:29:27.765+0000: 1577.952: [GC [PSYoungGen: 235281K->612K(229120K)] 509197K->274608K(916096K), 0.0064250 secs] [Times: user=0.03 sys=0.00, real=0.01 secs] 
2014-07-16T14:29:28.603+0000: 1578.790: [GC [PSYoungGen: 229092K->626K(223808K)] 503088K->274710K(910784K), 0.0067660 secs] [Times: user=0.04 sys=0.00, real=0.01 secs] 
2014-07-16T14:29:29.415+0000: 1579.602: [GC [PSYoungGen: 223737K->926K(219008K)] 497821K->275098K(905984K), 0.0091460 secs] [Times: user=0.05 sys=0.00, real=0.01 secs] 
2014-07-16T14:29:30.236+0000: 1580.423: [GC [PSYoungGen: 218949K->754K(213824K)] 493121K->275006K(900800K), 0.0058390 secs] [Times: user=0.02 sys=0.00, real=0.01 secs] 
2014-07-16T14:29:31.010+0000: 1581.197: [GC [PSYoungGen: 213810K->844K(209152K)] 488062K->275152K(896128K), 0.0043490 secs] [Times: user=0.02 sys=0.00, real=0.00 secs] 
2014-07-16T14:29:31.762+0000: 1581.949: [GC [PSYoungGen: 209100K->512K(204160K)] 483408K->274860K(891136K), 0.0104100 secs] [Times: user=0.05 sys=0.00, real=0.01 secs] 
2014-07-16T14:29:32.489+0000: 1582.676: [GC [PSYoungGen: 204065K->734K(199936K)] 478413K->275114K(886912K), 0.0054500 secs] [Times: user=0.02 sys=0.01, real=0.01 secs] 
2014-07-16T14:29:33.209+0000: 1583.396: [GC [PSYoungGen: 199902K->694K(195584K)] 474282K->275138K(882560K), 0.0075820 secs] [Times: user=0.04 sys=0.00, real=0.00 secs] 
2014-07-16T14:29:33.934+0000: 1584.122: [GC [PSYoungGen: 195574K->780K(234688K)] 470018K->275272K(921664K), 0.0104000 secs] [Times: user=0.06 sys=0.00, real=0.01 secs] 
2014-07-16T14:29:34.842+0000: 1585.030: [GC [PSYoungGen: 234636K->882K(281536K)] 509128K->275446K(968512K), 0.0106490 secs] [Times: user=0.06 sys=0.00, real=0.01 secs] 
2014-07-16T14:29:36.060+0000: 1586.247: [GC [PSYoungGen: 281496K->1130K(274496K)] 556060K->276214K(961472K), 0.0100500 secs] [Times: user=0.04 sys=0.00, real=0.01 secs] 
2014-07-16T14:29:37.181+0000: 1587.368: [GC [PSYoungGen: 274474K->1218K(267648K)] 549558K->276390K(954624K), 0.0101680 secs] [Times: user=0.06 sys=0.00, real=0.01 secs] 
2014-07-16T14:29:38.305+0000: 1588.492: [GC [PSYoungGen: 267586K->832K(260480K)] 542758K->276216K(947456K), 0.0053520 secs] [Times: user=0.04 sys=0.00, real=0.01 secs] 
2014-07-16T14:29:39.343+0000: 1589.530: [GC [PSYoungGen: 260480K->912K(254144K)] 535864K->276376K(941120K), 0.0057860 secs] [Times: user=0.04 sys=0.01, real=0.00 secs] 
2014-07-16T14:29:40.263+0000: 1590.451: [GC [PSYoungGen: 254086K->320K(247232K)] 529550K->275824K(934208K), 0.0040740 secs] [Times: user=0.02 sys=0.00, real=0.00 secs] 
2014-07-16T14:29:41.158+0000: 1591.345: [GC [PSYoungGen: 247232K->1094K(242048K)] 522736K->276694K(929024K), 0.0035480 secs] [Times: user=0.02 sys=0.00, real=0.01 secs] 
2014-07-16T14:29:42.042+0000: 1592.229: [GC [PSYoungGen: 241918K->1040K(236224K)] 517518K->276712K(923200K), 0.0053690 secs] [Times: user=0.03 sys=0.00, real=0.00 secs] 
2014-07-16T14:29:42.895+0000: 1593.082: [GC [PSYoungGen: 236149K->794K(230400K)] 511821K->276538K(917376K), 0.0084240 secs] [Times: user=0.05 sys=0.00, real=0.01 secs] 
2014-07-16T14:29:43.731+0000: 1593.918: [GC [PSYoungGen: 230340K->1280K(225536K)] 506084K->277104K(912512K), 0.0057900 secs] [Times: user=0.04 sys=0.00, real=0.00 secs] 
2014-07-16T14:29:44.552+0000: 1594.739: [GC [PSYoungGen: 225472K->480K(219520K)] 501296K->276368K(906496K), 0.0068290 secs] [Times: user=0.03 sys=0.01, real=0.00 secs] 
2014-07-16T14:29:45.350+0000: 1595.537: [GC [PSYoungGen: 219488K->772K(214848K)] 495376K->276732K(901824K), 0.0051800 secs] [Times: user=0.03 sys=0.00, real=0.01 secs] 
2014-07-16T14:29:46.138+0000: 1596.325: [GC [PSYoungGen: 214788K->1062K(210304K)] 490748K->277086K(897280K), 0.0036420 secs] [Times: user=0.01 sys=0.00, real=0.01 secs] 
2014-07-16T14:29:46.887+0000: 1597.074: [GC [PSYoungGen: 210278K->1112K(205696K)] 486302K->277184K(892672K), 0.0089440 secs] [Times: user=0.05 sys=0.00, real=0.01 secs] 
2014-07-16T14:29:47.624+0000: 1597.811: [GC [PSYoungGen: 205656K->690K(200768K)] 481728K->276818K(887744K), 0.0047250 secs] [Times: user=0.02 sys=0.00, real=0.00 secs] 
2014-07-16T14:29:48.354+0000: 1598.541: [GC [PSYoungGen: 200749K->940K(196672K)] 476877K->277148K(883648K), 0.0134780 secs] [Times: user=0.07 sys=0.01, real=0.01 secs] 
2014-07-16T14:29:49.099+0000: 1599.286: [GC [PSYoungGen: 196652K->608K(235520K)] 472860K->276904K(922496K), 0.0096350 secs] [Times: user=0.06 sys=0.00, real=0.01 secs] 
2014-07-16T14:29:49.939+0000: 1600.126: [GC [PSYoungGen: 235488K->722K(282624K)] 511784K->277082K(969600K), 0.0094730 secs] [Times: user=0.05 sys=0.00, real=0.01 secs] 
2014-07-16T14:29:51.002+0000: 1601.189: [GC [PSYoungGen: 282578K->1024K(339264K)] 558938K->277464K(1026240K), 0.0094030 secs] [Times: user=0.05 sys=0.00, real=0.01 secs] 
2014-07-16T14:29:52.191+0000: 1602.378: [GC [PSYoungGen: 339244K->1026K(329792K)] 615685K->277554K(1016768K), 0.0036400 secs] [Times: user=0.02 sys=0.00, real=0.01 secs] 
2014-07-16T14:29:53.386+0000: 1603.573: [GC [PSYoungGen: 329730K->658K(320256K)] 606258K->277282K(1007232K), 0.0054530 secs] [Times: user=0.04 sys=0.00, real=0.00 secs] 
2014-07-16T14:29:54.557+0000: 1604.745: [GC [PSYoungGen: 320210K->416K(311168K)] 596834K->277120K(998144K), 0.0063270 secs] [Times: user=0.05 sys=0.00, real=0.01 secs] 
2014-07-16T14:29:55.683+0000: 1605.870: [GC [PSYoungGen: 311136K->530K(302848K)] 587840K->277290K(989824K), 0.0041250 secs] [Times: user=0.02 sys=0.00, real=0.00 secs] 
2014-07-16T14:29:56.815+0000: 1607.002: [GC [PSYoungGen: 302796K->1072K(295232K)] 579556K->277896K(982208K), 0.0045760 secs] [Times: user=0.02 sys=0.00, real=0.00 secs] 
2014-07-16T14:29:57.869+0000: 1608.056: [GC [PSYoungGen: 295216K->630K(286976K)] 572040K->277494K(973952K), 0.0089930 secs] [Times: user=0.04 sys=0.00, real=0.01 secs] 
2014-07-16T14:29:58.926+0000: 1609.113: [GC [PSYoungGen: 286966K->594K(279488K)] 563830K->277546K(966464K), 0.0054040 secs] [Times: user=0.03 sys=0.00, real=0.00 secs] 
2014-07-16T14:29:59.977+0000: 1610.164: [GC [PSYoungGen: 279442K->1104K(272768K)] 556394K->278112K(959744K), 0.0080900 secs] [Times: user=0.05 sys=0.00, real=0.01 secs] 
2014-07-16T14:30:01.123+0000: 1611.310: [GC [PSYoungGen: 272720K->922K(265664K)] 549728K->277986K(952640K), 0.0071180 secs] [Times: user=0.03 sys=0.00, real=0.00 secs] 
2014-07-16T14:30:02.149+0000: 1612.336: [GC [PSYoungGen: 265625K->858K(258944K)] 542689K->277962K(945920K), 0.0081880 secs] [Times: user=0.05 sys=0.00, real=0.01 secs] 
2014-07-16T14:30:03.212+0000: 1613.400: [GC [PSYoungGen: 258906K->1096K(252800K)] 536010K->278264K(939776K), 0.0044260 secs] [Times: user=0.02 sys=0.01, real=0.01 secs] 
2014-07-16T14:30:04.186+0000: 1614.373: [GC [PSYoungGen: 252744K->798K(302848K)] 529912K->277990K(989824K), 0.0237700 secs] [Times: user=0.12 sys=0.00, real=0.02 secs] 
2014-07-16T14:30:05.367+0000: 1615.554: [GC [PSYoungGen: 302802K->936K(294848K)] 579994K->278208K(981824K), 0.0073010 secs] [Times: user=0.05 sys=0.00, real=0.01 secs] 
2014-07-16T14:30:06.455+0000: 1616.642: [GC [PSYoungGen: 294824K->648K(286784K)] 572096K->277952K(973760K), 0.0064230 secs] [Times: user=0.02 sys=0.00, real=0.00 secs] 
2014-07-16T14:30:07.476+0000: 1617.663: [GC [PSYoungGen: 286728K->730K(279360K)] 564032K->278114K(966336K), 0.0042260 secs] [Times: user=0.02 sys=0.00, real=0.00 secs] 
2014-07-16T14:30:08.501+0000: 1618.688: [GC [PSYoungGen: 279322K->544K(271936K)] 556706K->278040K(958912K), 0.0033230 secs] [Times: user=0.02 sys=0.00, real=0.01 secs] 
2014-07-16T14:30:09.478+0000: 1619.666: [GC [PSYoungGen: 271904K->672K(265152K)] 549400K->278272K(952128K), 0.0047840 secs] [Times: user=0.03 sys=0.00, real=0.00 secs] 
2014-07-16T14:30:10.459+0000: 1620.647: [GC [PSYoungGen: 265120K->1040K(258880K)] 542720K->278704K(945856K), 0.0121450 secs] [Times: user=0.08 sys=0.00, real=0.01 secs] 
2014-07-16T14:30:11.413+0000: 1621.600: [GC [PSYoungGen: 258832K->934K(252352K)] 536496K->278670K(939328K), 0.0063290 secs] [Times: user=0.04 sys=0.00, real=0.01 secs] 
2014-07-16T14:30:12.306+0000: 1622.494: [GC [PSYoungGen: 252326K->530K(245824K)] 530062K->278322K(932800K), 0.0045520 secs] [Times: user=0.03 sys=0.00, real=0.00 secs] 
2014-07-16T14:30:13.197+0000: 1623.384: [GC [PSYoungGen: 245778K->858K(240192K)] 523570K->278698K(927168K), 0.0086050 secs] [Times: user=0.05 sys=0.00, real=0.01 secs] 
2014-07-16T14:30:14.085+0000: 1624.272: [GC [PSYoungGen: 240154K->836K(234432K)] 517994K->278740K(921408K), 0.0089320 secs] [Times: user=0.05 sys=0.00, real=0.00 secs] 
2014-07-16T14:30:14.904+0000: 1625.091: [GC [PSYoungGen: 234372K->908K(228992K)] 512276K->278868K(915968K), 0.0067010 secs] [Times: user=0.04 sys=0.00, real=0.01 secs] 
2014-07-16T14:30:15.747+0000: 1625.934: [GC [PSYoungGen: 228890K->630K(223360K)] 506850K->278638K(910336K), 0.0073720 secs] [Times: user=0.05 sys=0.00, real=0.00 secs] 
2014-07-16T14:30:16.562+0000: 1626.749: [GC [PSYoungGen: 223350K->876K(218496K)] 501358K->278948K(905472K), 0.0088080 secs] [Times: user=0.05 sys=0.00, real=0.01 secs] 
2014-07-16T14:30:17.350+0000: 1627.537: [GC [PSYoungGen: 218476K->1272K(213952K)] 496548K->279408K(900928K), 0.0065530 secs] [Times: user=0.04 sys=0.00, real=0.01 secs] 
2014-07-16T14:30:18.108+0000: 1628.295: [GC [PSYoungGen: 213944K->448K(208320K)] 492080K->278736K(895296K), 0.0033030 secs] [Times: user=0.02 sys=0.00, real=0.00 secs] 
2014-07-16T14:30:18.860+0000: 1629.047: [GC [PSYoungGen: 208320K->1240K(204544K)] 486608K->279616K(891520K), 0.0091550 secs] [Times: user=0.05 sys=0.00, real=0.01 secs] 
2014-07-16T14:30:19.582+0000: 1629.770: [GC [PSYoungGen: 204501K->1148K(199936K)] 482878K->279828K(886912K), 0.0030110 secs] [Times: user=0.02 sys=0.00, real=0.00 secs] 
2014-07-16T14:30:20.319+0000: 1630.506: [GC [PSYoungGen: 199932K->672K(195200K)] 478612K->279416K(882176K), 0.0053960 secs] [Times: user=0.03 sys=0.00, real=0.00 secs] 
2014-07-16T14:30:21.019+0000: 1631.206: [GC [PSYoungGen: 195168K->434K(190784K)] 473912K->279218K(877760K), 0.0035450 secs] [Times: user=0.01 sys=0.01, real=0.00 secs] 
2014-07-16T14:30:21.701+0000: 1631.888: [GC [PSYoungGen: 190770K->608K(186944K)] 469554K->279464K(873920K), 0.0043310 secs] [Times: user=0.01 sys=0.00, real=0.00 secs] 
2014-07-16T14:30:22.401+0000: 1632.588: [GC [PSYoungGen: 186912K->978K(183424K)] 465768K->279914K(870400K), 0.0056650 secs] [Times: user=0.04 sys=0.00, real=0.01 secs] 
2014-07-16T14:30:23.051+0000: 1633.238: [GC [PSYoungGen: 183355K->822K(179456K)] 462292K->279854K(866432K), 0.0088500 secs] [Times: user=0.06 sys=0.00, real=0.01 secs] 
2014-07-16T14:30:23.699+0000: 1633.887: [GC [PSYoungGen: 179446K->658K(175680K)] 458478K->279794K(862656K), 0.0046910 secs] [Times: user=0.03 sys=0.00, real=0.00 secs] 
2014-07-16T14:30:24.355+0000: 1634.543: [GC [PSYoungGen: 175634K->704K(172160K)] 454770K->279912K(859136K), 0.0056870 secs] [Times: user=0.03 sys=0.01, real=0.01 secs] 
2014-07-16T14:30:24.972+0000: 1635.159: [GC [PSYoungGen: 172133K->930K(169024K)] 451341K->280242K(856000K), 0.0063200 secs] [Times: user=0.04 sys=0.01, real=0.01 secs] 
2014-07-16T14:30:25.584+0000: 1635.771: [GC [PSYoungGen: 168994K->762K(165568K)] 448306K->280154K(852544K), 0.0033630 secs] [Times: user=0.02 sys=0.00, real=0.01 secs] 
2014-07-16T14:30:26.217+0000: 1636.404: [GC [PSYoungGen: 165488K->1122K(162752K)] 444881K->280650K(849728K), 0.0041760 secs] [Times: user=0.03 sys=0.00, real=0.01 secs] 
2014-07-16T14:30:26.794+0000: 1636.981: [GC [PSYoungGen: 162722K->626K(159168K)] 442250K->280226K(846144K), 0.0083640 secs] [Times: user=0.06 sys=0.00, real=0.01 secs] 
2014-07-16T14:30:27.358+0000: 1637.545: [GC [PSYoungGen: 159154K->548K(156096K)] 438754K->280236K(843072K), 0.0041310 secs] [Times: user=0.02 sys=0.00, real=0.00 secs] 
2014-07-16T14:30:27.930+0000: 1638.118: [GC [PSYoungGen: 156027K->776K(153472K)] 435715K->280560K(840448K), 0.0062870 secs] [Times: user=0.04 sys=0.00, real=0.00 secs] 
2014-07-16T14:30:28.475+0000: 1638.662: [GC [PSYoungGen: 153416K->662K(150528K)] 433200K->280518K(837504K), 0.0054420 secs] [Times: user=0.03 sys=0.00, real=0.01 secs] 
2014-07-16T14:30:29.032+0000: 1639.219: [GC [PSYoungGen: 150486K->1206K(148288K)] 430342K->281134K(835264K), 0.0056740 secs] [Times: user=0.03 sys=0.00, real=0.01 secs] 
2014-07-16T14:30:29.574+0000: 1639.761: [GC [PSYoungGen: 148278K->826K(177344K)] 428206K->280834K(864320K), 0.0095290 secs] [Times: user=0.07 sys=0.00, real=0.01 secs] 
2014-07-16T14:30:30.211+0000: 1640.398: [GC [PSYoungGen: 177317K->730K(212608K)] 457325K->280802K(899584K), 0.0102420 secs] [Times: user=0.06 sys=0.00, real=0.01 secs] 
2014-07-16T14:30:30.986+0000: 1641.173: [GC [PSYoungGen: 212531K->1068K(255296K)] 492603K->281212K(942272K), 0.0082340 secs] [Times: user=0.03 sys=0.00, real=0.01 secs] 
2014-07-16T14:30:31.981+0000: 1642.168: [GC [PSYoungGen: 255275K->1336K(306432K)] 535419K->281552K(993408K), 0.0095560 secs] [Times: user=0.06 sys=0.00, real=0.01 secs] 
2014-07-16T14:30:33.081+0000: 1643.268: [GC [PSYoungGen: 306424K->442K(297280K)] 586640K->280870K(984256K), 0.0035230 secs] [Times: user=0.02 sys=0.00, real=0.00 secs] 
2014-07-16T14:30:34.152+0000: 1644.340: [GC [PSYoungGen: 297274K->1418K(290368K)] 577702K->281910K(977344K), 0.0061520 secs] [Times: user=0.04 sys=0.00, real=0.01 secs] 
2014-07-16T14:30:35.216+0000: 1645.403: [GC [PSYoungGen: 290314K->1076K(282368K)] 570806K->281690K(969344K), 0.0050960 secs] [Times: user=0.03 sys=0.00, real=0.01 secs] 
2014-07-16T14:30:36.313+0000: 1646.500: [GC [PSYoungGen: 282356K->1492K(275520K)] 562970K->282186K(962496K), 0.0040470 secs] [Times: user=0.02 sys=0.00, real=0.00 secs] 
2014-07-16T14:30:37.406+0000: 1647.593: [GC [PSYoungGen: 275476K->766K(267712K)] 556170K->281708K(954688K), 0.0069690 secs] [Times: user=0.04 sys=0.00, real=0.01 secs] 
2014-07-16T14:30:38.478+0000: 1648.665: [GC [PSYoungGen: 267710K->658K(260864K)] 548652K->281688K(947840K), 0.0034150 secs] [Times: user=0.02 sys=0.00, real=0.01 secs] 
2014-07-16T14:30:39.494+0000: 1649.681: [GC [PSYoungGen: 260818K->740K(254400K)] 541848K->281850K(941376K), 0.0077350 secs] [Times: user=0.05 sys=0.00, real=0.01 secs] 
2014-07-16T14:30:40.558+0000: 1650.745: [GC [PSYoungGen: 254370K->808K(248192K)] 535481K->281974K(935168K), 0.0031880 secs] [Times: user=0.02 sys=0.00, real=0.01 secs] 
2014-07-16T14:30:41.624+0000: 1651.811: [GC [PSYoungGen: 248168K->1286K(242688K)] 529334K->282516K(929664K), 0.0126210 secs] [Times: user=0.07 sys=0.00, real=0.01 secs] 
2014-07-16T14:30:42.526+0000: 1652.713: [GC [PSYoungGen: 242630K->802K(236352K)] 523860K->282064K(923328K), 0.0038420 secs] [Times: user=0.02 sys=0.00, real=0.00 secs] 
2014-07-16T14:30:43.370+0000: 1653.557: [GC [PSYoungGen: 236322K->480K(230464K)] 517584K->281830K(917440K), 0.0039330 secs] [Times: user=0.02 sys=0.00, real=0.01 secs] 
2014-07-16T14:30:44.216+0000: 1654.403: [GC [PSYoungGen: 230431K->530K(225152K)] 511781K->281944K(912128K), 0.0069020 secs] [Times: user=0.05 sys=0.00, real=0.01 secs] 
2014-07-16T14:30:45.047+0000: 1655.234: [GC [PSYoungGen: 225103K->1558K(220992K)] 506518K->283036K(907968K), 0.0112020 secs] [Times: user=0.06 sys=0.00, real=0.01 secs] 
2014-07-16T14:30:45.840+0000: 1656.027: [GC [PSYoungGen: 220950K->1166K(215616K)] 502428K->282708K(902592K), 0.0096510 secs] [Times: user=0.05 sys=0.00, real=0.00 secs] 
2014-07-16T14:30:46.620+0000: 1656.807: [GC [PSYoungGen: 215534K->930K(210496K)] 497077K->282800K(897472K), 0.0056200 secs] [Times: user=0.03 sys=0.01, real=0.00 secs] 
2014-07-16T14:30:47.388+0000: 1657.575: [GC [PSYoungGen: 210466K->480K(205376K)] 492336K->282406K(892352K), 0.0053470 secs] [Times: user=0.03 sys=0.00, real=0.01 secs] 
2014-07-16T14:30:48.120+0000: 1658.307: [GC [PSYoungGen: 205320K->984K(201408K)] 487246K->282974K(888384K), 0.0052620 secs] [Times: user=0.03 sys=0.00, real=0.01 secs] 
2014-07-16T14:30:48.829+0000: 1659.016: [GC [PSYoungGen: 201368K->626K(196672K)] 483358K->282728K(883648K), 0.0056210 secs] [Times: user=0.03 sys=0.00, real=0.01 secs] 
2014-07-16T14:30:49.549+0000: 1659.736: [GC [PSYoungGen: 196658K->1232K(193088K)] 478760K->283414K(880064K), 0.0036140 secs] [Times: user=0.01 sys=0.01, real=0.01 secs] 
2014-07-16T14:30:50.231+0000: 1660.418: [GC [PSYoungGen: 193040K->1062K(188864K)] 475222K->283308K(875840K), 0.0073940 secs] [Times: user=0.05 sys=0.00, real=0.01 secs] 
2014-07-16T14:30:50.930+0000: 1661.117: [GC [PSYoungGen: 188838K->1136K(185024K)] 471084K->283454K(872000K), 0.0060570 secs] [Times: user=0.04 sys=0.00, real=0.01 secs] 
2014-07-16T14:30:51.622+0000: 1661.810: [GC [PSYoungGen: 185008K->1190K(181312K)] 467326K->283596K(868288K), 0.0055680 secs] [Times: user=0.03 sys=0.01, real=0.00 secs] 
2014-07-16T14:30:52.308+0000: 1662.495: [GC [PSYoungGen: 181286K->1122K(177600K)] 463692K->283700K(864576K), 0.0064460 secs] [Times: user=0.04 sys=0.00, real=0.01 secs] 
2014-07-16T14:30:52.921+0000: 1663.108: [GC [PSYoungGen: 177570K->1300K(174208K)] 460148K->283990K(861184K), 0.0072300 secs] [Times: user=0.05 sys=0.01, real=0.00 secs] 
2014-07-16T14:30:53.549+0000: 1663.736: [GC [PSYoungGen: 174164K->1140K(208640K)] 456854K->283960K(895616K), 0.0084620 secs] [Times: user=0.04 sys=0.00, real=0.01 secs] 
2014-07-16T14:30:54.303+0000: 1664.490: [GC [PSYoungGen: 208545K->912K(203840K)] 491365K->283796K(890816K), 0.0038600 secs] [Times: user=0.02 sys=0.00, real=0.00 secs] 
2014-07-16T14:30:55.034+0000: 1665.221: [GC [PSYoungGen: 203749K->1068K(199552K)] 486633K->284000K(886528K), 0.0094910 secs] [Times: user=0.04 sys=0.00, real=0.01 secs] 
2014-07-16T14:30:55.752+0000: 1665.939: [GC [PSYoungGen: 199532K->1144K(239360K)] 482464K->284140K(926336K), 0.0102840 secs] [Times: user=0.06 sys=0.00, real=0.02 secs] 
2014-07-16T14:30:56.618+0000: 1666.805: [GC [PSYoungGen: 239338K->780K(233344K)] 522334K->283840K(920320K), 0.0045080 secs] [Times: user=0.02 sys=0.00, real=0.01 secs] 
2014-07-16T14:30:57.457+0000: 1667.644: [GC [PSYoungGen: 233292K->640K(227648K)] 516352K->283772K(914624K), 0.0039560 secs] [Times: user=0.02 sys=0.00, real=0.00 secs] 
2014-07-16T14:30:58.286+0000: 1668.473: [GC [PSYoungGen: 227620K->930K(222656K)] 510753K->284134K(909632K), 0.0070750 secs] [Times: user=0.03 sys=0.00, real=0.01 secs] 
2014-07-16T14:30:59.121+0000: 1669.308: [GC [PSYoungGen: 222626K->932K(217536K)] 505830K->284208K(904512K), 0.0038590 secs] [Times: user=0.02 sys=0.01, real=0.01 secs] 
2014-07-16T14:30:59.894+0000: 1670.081: [GC [PSYoungGen: 217482K->698K(212352K)] 500759K->284070K(899328K), 0.0055820 secs] [Times: user=0.03 sys=0.00, real=0.00 secs] 
2014-07-16T14:31:00.675+0000: 1670.863: [GC [PSYoungGen: 212346K->1240K(208192K)] 495718K->284700K(895168K), 0.0098110 secs] [Times: user=0.05 sys=0.00, real=0.01 secs] 
2014-07-16T14:31:01.467+0000: 1671.654: [GC [PSYoungGen: 208058K->1114K(203520K)] 491519K->284638K(890496K), 0.0053280 secs] [Times: user=0.03 sys=0.00, real=0.01 secs] 
2014-07-16T14:31:02.183+0000: 1672.370: [GC [PSYoungGen: 203482K->434K(198400K)] 487006K->283998K(885376K), 0.0112380 secs] [Times: user=0.06 sys=0.01, real=0.02 secs] 
2014-07-16T14:31:02.961+0000: 1673.148: [GC [PSYoungGen: 198386K->964K(194688K)] 481950K->284608K(881664K), 0.0049620 secs] [Times: user=0.03 sys=0.00, real=0.01 secs] 
2014-07-16T14:31:03.787+0000: 1673.974: [GC [PSYoungGen: 194628K->772K(190400K)] 478272K->284472K(877376K), 0.0115210 secs] [Times: user=0.05 sys=0.00, real=0.01 secs] 
2014-07-16T14:31:04.546+0000: 1674.733: [GC [PSYoungGen: 190340K->1248K(186880K)] 474040K->285012K(873856K), 0.0037690 secs] [Times: user=0.02 sys=0.00, real=0.00 secs] 
2014-07-16T14:31:05.298+0000: 1675.485: [GC [PSYoungGen: 186848K->996K(223744K)] 470612K->284800K(910720K), 0.0111210 secs] [Times: user=0.06 sys=0.00, real=0.01 secs] 
2014-07-16T14:31:06.223+0000: 1676.410: [GC [PSYoungGen: 223712K->930K(218560K)] 507516K->284946K(905536K), 0.0072500 secs] [Times: user=0.04 sys=0.01, real=0.01 secs] 
2014-07-16T14:31:07.100+0000: 1677.288: [GC [PSYoungGen: 218524K->904K(213632K)] 502540K->285016K(900608K), 0.0074610 secs] [Times: user=0.05 sys=0.00, real=0.01 secs] 
2014-07-16T14:31:07.933+0000: 1678.120: [GC [PSYoungGen: 213576K->954K(208832K)] 497688K->285130K(895808K), 0.0032640 secs] [Times: user=0.02 sys=0.00, real=0.01 secs] 
2014-07-16T14:31:08.660+0000: 1678.847: [GC [PSYoungGen: 208826K->822K(204096K)] 493002K->285086K(891072K), 0.0086550 secs] [Times: user=0.05 sys=0.00, real=0.01 secs] 
2014-07-16T14:31:09.398+0000: 1679.585: [GC [PSYoungGen: 204086K->1184K(200000K)] 488350K->285504K(886976K), 0.0057260 secs] [Times: user=0.04 sys=0.00, real=0.00 secs] 
2014-07-16T14:31:10.116+0000: 1680.303: [GC [PSYoungGen: 199958K->898K(195456K)] 484279K->285266K(882432K), 0.0070200 secs] [Times: user=0.04 sys=0.00, real=0.00 secs] 
2014-07-16T14:31:10.800+0000: 1680.987: [GC [PSYoungGen: 195394K->416K(190784K)] 479762K->284840K(877760K), 0.0038850 secs] [Times: user=0.02 sys=0.00, real=0.01 secs] 
2014-07-16T14:31:11.523+0000: 1681.710: [GC [PSYoungGen: 190744K->1504K(187840K)] 475168K->286428K(874816K), 0.0054270 secs] [Times: user=0.03 sys=0.00, real=0.01 secs] 
2014-07-16T14:31:12.163+0000: 1682.350: [GC [PSYoungGen: 187808K->1144K(183552K)] 472732K->286406K(870528K), 0.0040760 secs] [Times: user=0.02 sys=0.00, real=0.01 secs] 
2014-07-16T14:31:12.821+0000: 1683.008: [GC [PSYoungGen: 183544K->948K(179584K)] 468806K->286314K(866560K), 0.0036230 secs] [Times: user=0.01 sys=0.00, real=0.01 secs] 
2014-07-16T14:31:13.467+0000: 1683.654: [GC [PSYoungGen: 179550K->684K(175680K)] 464917K->286106K(862656K), 0.0048400 secs] [Times: user=0.04 sys=0.00, real=0.00 secs] 
2014-07-16T14:31:14.116+0000: 1684.303: [GC [PSYoungGen: 175660K->794K(172288K)] 461082K->286280K(859264K), 0.0065260 secs] [Times: user=0.03 sys=0.00, real=0.00 secs] 
2014-07-16T14:31:14.771+0000: 1684.958: [GC [PSYoungGen: 172250K->1190K(169280K)] 457736K->286732K(856256K), 0.0081100 secs] [Times: user=0.04 sys=0.00, real=0.01 secs] 
2014-07-16T14:31:15.422+0000: 1685.609: [GC [PSYoungGen: 169254K->1044K(165888K)] 454796K->286642K(852864K), 0.0073220 secs] [Times: user=0.04 sys=0.00, real=0.01 secs] 
2014-07-16T14:31:16.044+0000: 1686.231: [GC [PSYoungGen: 165826K->1340K(162944K)] 451425K->287002K(849920K), 0.0039590 secs] [Times: user=0.02 sys=0.00, real=0.01 secs] 
2014-07-16T14:31:16.691+0000: 1686.878: [GC [PSYoungGen: 162940K->904K(159488K)] 448602K->286638K(846464K), 0.0043390 secs] [Times: user=0.02 sys=0.00, real=0.01 secs] 
2014-07-16T14:31:17.254+0000: 1687.441: [GC [PSYoungGen: 159390K->1130K(156672K)] 445125K->286912K(843648K), 0.0039380 secs] [Times: user=0.02 sys=0.00, real=0.01 secs] 
2014-07-16T14:31:17.852+0000: 1688.039: [GC [PSYoungGen: 156605K->954K(153600K)] 442388K->286808K(840576K), 0.0037450 secs] [Times: user=0.02 sys=0.00, real=0.01 secs] 
2014-07-16T14:31:18.384+0000: 1688.571: [GC [PSYoungGen: 153594K->722K(183936K)] 439448K->286640K(870912K), 0.0148200 secs] [Times: user=0.08 sys=0.00, real=0.02 secs] 
2014-07-16T14:31:19.082+0000: 1689.269: [GC [PSYoungGen: 183890K->1364K(221248K)] 469808K->287378K(908224K), 0.0126480 secs] [Times: user=0.08 sys=0.01, real=0.01 secs] 
2014-07-16T14:31:19.847+0000: 1690.035: [GC [PSYoungGen: 221203K->1204K(265024K)] 507218K->287306K(952000K), 0.0032420 secs] [Times: user=0.02 sys=0.00, real=0.00 secs] 
2014-07-16T14:31:20.800+0000: 1690.987: [GC [PSYoungGen: 265012K->512K(257664K)] 551114K->286678K(944640K), 0.0037290 secs] [Times: user=0.02 sys=0.00, real=0.00 secs] 
2014-07-16T14:31:21.733+0000: 1691.920: [GC [PSYoungGen: 257664K->1098K(251904K)] 543830K->287312K(938880K), 0.0050270 secs] [Times: user=0.03 sys=0.00, real=0.01 secs] 
2014-07-16T14:31:22.642+0000: 1692.829: [GC [PSYoungGen: 251850K->1072K(245696K)] 538064K->287358K(932672K), 0.0061730 secs] [Times: user=0.03 sys=0.00, real=0.01 secs] 
2014-07-16T14:31:23.529+0000: 1693.717: [GC [PSYoungGen: 245680K->962K(239680K)] 531966K->287328K(926656K), 0.0080320 secs] [Times: user=0.05 sys=0.00, real=0.01 secs] 
2014-07-16T14:31:24.398+0000: 1694.585: [GC [PSYoungGen: 239618K->1312K(234304K)] 525984K->287775K(921280K), 0.0061600 secs] [Times: user=0.03 sys=0.00, real=0.00 secs] 
2014-07-16T14:31:25.247+0000: 1695.435: [GC [PSYoungGen: 234229K->1016K(228480K)] 520692K->287937K(915456K), 0.0047170 secs] [Times: user=0.02 sys=0.00, real=0.00 secs] 
2014-07-16T14:31:26.063+0000: 1696.250: [GC [PSYoungGen: 228471K->1494K(223680K)] 515392K->288495K(910656K), 0.0042820 secs] [Times: user=0.02 sys=0.00, real=0.01 secs] 
2014-07-16T14:31:26.970+0000: 1697.157: [GC [PSYoungGen: 223638K->914K(217984K)] 510639K->288118K(904960K), 0.0045680 secs] [Times: user=0.03 sys=0.00, real=0.00 secs] 
2014-07-16T14:31:27.705+0000: 1697.893: [GC [PSYoungGen: 217938K->608K(212736K)] 505142K->287908K(899712K), 0.0038720 secs] [Times: user=0.02 sys=0.00, real=0.01 secs] 
2014-07-16T14:31:28.514+0000: 1698.701: [GC [PSYoungGen: 212704K->832K(208192K)] 500004K->288220K(895168K), 0.0061010 secs] [Times: user=0.04 sys=0.00, real=0.01 secs] 
2014-07-16T14:31:29.361+0000: 1699.548: [GC [PSYoungGen: 208192K->736K(203520K)] 495580K->288172K(890496K), 0.0155680 secs] [Times: user=0.08 sys=0.00, real=0.01 secs] 
2014-07-16T14:31:30.191+0000: 1700.379: [GC [PSYoungGen: 203488K->954K(199296K)] 490924K->288470K(886272K), 0.0077060 secs] [Times: user=0.05 sys=0.00, real=0.01 secs] 
2014-07-16T14:31:30.966+0000: 1701.153: [GC [PSYoungGen: 199290K->790K(238848K)] 486806K->288370K(925824K), 0.0107460 secs] [Times: user=0.06 sys=0.00, real=0.02 secs] 
2014-07-16T14:31:32.042+0000: 1702.229: [GC [PSYoungGen: 238806K->964K(233344K)] 526386K->288648K(920320K), 0.0053950 secs] [Times: user=0.03 sys=0.00, real=0.01 secs] 
2014-07-16T14:31:32.934+0000: 1703.121: [GC [PSYoungGen: 233284K->1262K(228096K)] 520968K->289011K(915072K), 0.0033180 secs] [Times: user=0.02 sys=0.00, real=0.01 secs] 
2014-07-16T14:31:33.832+0000: 1704.019: [GC [PSYoungGen: 228078K->932K(222528K)] 515827K->288792K(909504K), 0.0041680 secs] [Times: user=0.02 sys=0.00, real=0.00 secs] 
2014-07-16T14:31:34.631+0000: 1704.818: [GC [PSYoungGen: 222474K->830K(217280K)] 510335K->288762K(904256K), 0.0069830 secs] [Times: user=0.04 sys=0.00, real=0.01 secs] 
2014-07-16T14:31:35.435+0000: 1705.622: [GC [PSYoungGen: 217275K->1260K(212800K)] 505208K->289272K(899776K), 0.0099850 secs] [Times: user=0.05 sys=0.01, real=0.01 secs] 
2014-07-16T14:31:36.191+0000: 1706.378: [GC [PSYoungGen: 212740K->908K(207744K)] 500753K->289000K(894720K), 0.0056360 secs] [Times: user=0.04 sys=0.00, real=0.00 secs] 
2014-07-16T14:31:36.951+0000: 1707.138: [GC [PSYoungGen: 207690K->484K(202752K)] 495783K->288648K(889728K), 0.0084840 secs] [Times: user=0.06 sys=0.00, real=0.01 secs] 
2014-07-16T14:31:37.679+0000: 1707.866: [GC [PSYoungGen: 202724K->1018K(198848K)] 490888K->289254K(885824K), 0.0090520 secs] [Times: user=0.07 sys=0.00, real=0.01 secs] 
2014-07-16T14:31:38.397+0000: 1708.584: [GC [PSYoungGen: 198842K->954K(194496K)] 487078K->289262K(881472K), 0.0073820 secs] [Times: user=0.03 sys=0.00, real=0.01 secs] 
2014-07-16T14:31:39.090+0000: 1709.277: [GC [PSYoungGen: 194490K->1510K(190976K)] 482798K->289907K(877952K), 0.0053580 secs] [Times: user=0.02 sys=0.00, real=0.00 secs] 
2014-07-16T14:31:39.774+0000: 1709.961: [GC [PSYoungGen: 190950K->640K(227968K)] 479347K->289216K(914944K), 0.0121990 secs] [Times: user=0.08 sys=0.00, real=0.01 secs] 
2014-07-16T14:31:40.609+0000: 1710.796: [GC [PSYoungGen: 227968K->744K(261824K)] 516544K->289408K(948800K), 0.0061260 secs] [Times: user=0.04 sys=0.01, real=0.00 secs] 
2014-07-16T14:31:41.572+0000: 1711.759: [GC [PSYoungGen: 260898K->772K(254464K)] 549563K->289616K(941440K), 0.0066120 secs] [Times: user=0.04 sys=0.00, real=0.00 secs] 
2014-07-16T14:31:42.523+0000: 1712.710: [GC [PSYoungGen: 254404K->1004K(248384K)] 543248K->289913K(935360K), 0.0039910 secs] [Times: user=0.01 sys=0.00, real=0.00 secs] 
2014-07-16T14:31:43.432+0000: 1713.619: [GC [PSYoungGen: 248331K->662K(242048K)] 537240K->289643K(929024K), 0.0052270 secs] [Times: user=0.04 sys=0.00, real=0.00 secs] 
2014-07-16T14:31:44.325+0000: 1714.512: [GC [PSYoungGen: 242006K->1390K(236928K)] 530987K->290451K(923904K), 0.0055590 secs] [Times: user=0.04 sys=0.00, real=0.01 secs] 
2014-07-16T14:31:45.193+0000: 1715.380: [GC [PSYoungGen: 236865K->966K(230976K)] 525926K->290075K(917952K), 0.0044090 secs] [Times: user=0.02 sys=0.00, real=0.00 secs] 
2014-07-16T14:31:46.026+0000: 1716.213: [GC [PSYoungGen: 230843K->916K(225536K)] 519952K->290097K(912512K), 0.0042730 secs] [Times: user=0.02 sys=0.00, real=0.01 secs] 
2014-07-16T14:31:46.906+0000: 1717.093: [GC [PSYoungGen: 225492K->1108K(220544K)] 514673K->290353K(907520K), 0.0094760 secs] [Times: user=0.06 sys=0.00, real=0.01 secs] 
2014-07-16T14:31:47.664+0000: 1717.852: [GC [PSYoungGen: 220500K->644K(215104K)] 509745K->289952K(902080K), 0.0053400 secs] [Times: user=0.03 sys=0.00, real=0.01 secs] 
2014-07-16T14:31:48.456+0000: 1718.643: [GC [PSYoungGen: 215036K->694K(210240K)] 504345K->290075K(897216K), 0.0053150 secs] [Times: user=0.02 sys=0.00, real=0.01 secs] 
2014-07-16T14:31:49.216+0000: 1719.404: [GC [PSYoungGen: 210230K->1514K(206400K)] 499611K->290967K(893376K), 0.0078460 secs] [Times: user=0.03 sys=0.00, real=0.01 secs] 
2014-07-16T14:31:49.957+0000: 1720.145: [GC [PSYoungGen: 206378K->662K(201088K)] 495831K->290171K(888064K), 0.0127300 secs] [Times: user=0.10 sys=0.00, real=0.02 secs] 
2014-07-16T14:31:50.691+0000: 1720.878: [GC [PSYoungGen: 201027K->1504K(197568K)] 490536K->291101K(884544K), 0.0058830 secs] [Times: user=0.03 sys=0.00, real=0.00 secs] 
2014-07-16T14:31:51.407+0000: 1721.594: [GC [PSYoungGen: 197536K->562K(192384K)] 487133K->290222K(879360K), 0.0058120 secs] [Times: user=0.04 sys=0.00, real=0.01 secs] 
2014-07-16T14:31:52.113+0000: 1722.300: [GC [PSYoungGen: 192370K->384K(188160K)] 482030K->290092K(875136K), 0.0088700 secs] [Times: user=0.05 sys=0.00, real=0.01 secs] 
2014-07-16T14:31:52.814+0000: 1723.001: [GC [PSYoungGen: 188160K->780K(184704K)] 477868K->290553K(871680K), 0.0065160 secs] [Times: user=0.04 sys=0.00, real=0.01 secs] 
2014-07-16T14:31:53.486+0000: 1723.673: [GC [PSYoungGen: 184614K->822K(180928K)] 474386K->290698K(867904K), 0.0045090 secs] [Times: user=0.02 sys=0.01, real=0.01 secs] 
2014-07-16T14:31:54.160+0000: 1724.348: [GC [PSYoungGen: 180918K->1182K(177664K)] 470794K->291147K(864640K), 0.0065000 secs] [Times: user=0.04 sys=0.00, real=0.00 secs] 
2014-07-16T14:31:54.833+0000: 1725.020: [GC [PSYoungGen: 177630K->876K(173760K)] 467595K->290889K(860736K), 0.0075130 secs] [Times: user=0.04 sys=0.01, real=0.00 secs] 
2014-07-16T14:31:55.547+0000: 1725.734: [GC [PSYoungGen: 173740K->694K(170112K)] 463753K->290731K(857088K), 0.0085360 secs] [Times: user=0.03 sys=0.00, real=0.01 secs] 
2014-07-16T14:31:56.232+0000: 1726.419: [GC [PSYoungGen: 170102K->976K(167104K)] 460139K->291117K(854080K), 0.0037670 secs] [Times: user=0.02 sys=0.00, real=0.00 secs] 
2014-07-16T14:31:56.956+0000: 1727.143: [GC [PSYoungGen: 167056K->794K(163712K)] 457197K->290998K(850688K), 0.0059230 secs] [Times: user=0.03 sys=0.00, real=0.01 secs] 
2014-07-16T14:31:57.526+0000: 1727.713: [GC [PSYoungGen: 163633K->1040K(160832K)] 453838K->291325K(847808K), 0.0045870 secs] [Times: user=0.02 sys=0.00, real=0.01 secs] 
2014-07-16T14:31:58.139+0000: 1728.326: [GC [PSYoungGen: 160761K->762K(157504K)] 451045K->291087K(844480K), 0.0062210 secs] [Times: user=0.03 sys=0.00, real=0.01 secs] 
2014-07-16T14:31:58.716+0000: 1728.903: [GC [PSYoungGen: 157498K->826K(154624K)] 447823K->291214K(841600K), 0.0067960 secs] [Times: user=0.04 sys=0.00, real=0.01 secs] 
2014-07-16T14:31:59.305+0000: 1729.492: [GC [PSYoungGen: 154571K->1254K(185856K)] 444960K->291739K(872832K), 0.0074590 secs] [Times: user=0.05 sys=0.00, real=0.01 secs] 
2014-07-16T14:31:59.985+0000: 1730.172: [GC [PSYoungGen: 185830K->798K(222336K)] 476315K->291339K(909312K), 0.0073210 secs] [Times: user=0.04 sys=0.00, real=0.01 secs] 
2014-07-16T14:32:00.796+0000: 1730.983: [GC [PSYoungGen: 222302K->626K(217088K)] 512843K->291230K(904064K), 0.0058910 secs] [Times: user=0.02 sys=0.00, real=0.01 secs] 
2014-07-16T14:32:01.581+0000: 1731.768: [GC [PSYoungGen: 217074K->552K(212096K)] 507678K->291229K(899072K), 0.0042420 secs] [Times: user=0.03 sys=0.00, real=0.01 secs] 
2014-07-16T14:32:02.379+0000: 1732.566: [GC [PSYoungGen: 212072K->962K(207808K)] 502749K->291727K(894784K), 0.0063860 secs] [Times: user=0.04 sys=0.00, real=0.01 secs] 
2014-07-16T14:32:03.115+0000: 1733.303: [GC [PSYoungGen: 207745K->972K(203264K)] 498510K->291801K(890240K), 0.0077690 secs] [Times: user=0.04 sys=0.00, real=0.01 secs] 
2014-07-16T14:32:03.833+0000: 1734.020: [GC [PSYoungGen: 203212K->480K(243200K)] 494041K->291380K(930176K), 0.0111690 secs] [Times: user=0.08 sys=0.00, real=0.01 secs] 
2014-07-16T14:32:04.714+0000: 1734.901: [GC [PSYoungGen: 243149K->1172K(254656K)] 534050K->292145K(941632K), 0.0128970 secs] [Times: user=0.08 sys=0.00, real=0.01 secs] 
2014-07-16T14:32:05.629+0000: 1735.816: [GC [PSYoungGen: 254353K->498K(292800K)] 545325K->291518K(979776K), 0.0111580 secs] [Times: user=0.07 sys=0.00, real=0.01 secs] 
2014-07-16T14:32:06.720+0000: 1736.907: [GC [PSYoungGen: 291701K->1028K(292800K)] 582722K->292152K(979776K), 0.0082080 secs] [Times: user=0.05 sys=0.00, real=0.01 secs] 
2014-07-16T14:32:07.764+0000: 1737.951: [GC [PSYoungGen: 292292K->434K(284032K)] 583416K->291614K(971008K), 0.0043300 secs] [Times: user=0.02 sys=0.00, real=0.00 secs] 
2014-07-16T14:32:08.807+0000: 1738.994: [GC [PSYoungGen: 283983K->880K(277056K)] 575164K->292149K(964032K), 0.0064650 secs] [Times: user=0.04 sys=0.00, real=0.01 secs] 
2014-07-16T14:32:09.794+0000: 1739.981: [GC [PSYoungGen: 277040K->594K(269696K)] 568309K->291942K(956672K), 0.0048370 secs] [Times: user=0.03 sys=0.00, real=0.00 secs] 
2014-07-16T14:32:10.774+0000: 1740.961: [GC [PSYoungGen: 269650K->680K(262912K)] 560998K->292085K(949888K), 0.0089710 secs] [Times: user=0.06 sys=0.00, real=0.00 secs] 
2014-07-16T14:32:11.747+0000: 1741.934: [GC [PSYoungGen: 262868K->1116K(256768K)] 554273K->292577K(943744K), 0.0084080 secs] [Times: user=0.06 sys=0.00, real=0.01 secs] 
2014-07-16T14:32:12.666+0000: 1742.853: [GC [PSYoungGen: 256732K->922K(250240K)] 548193K->292478K(937216K), 0.0060530 secs] [Times: user=0.03 sys=0.01, real=0.00 secs] 
2014-07-16T14:32:13.562+0000: 1743.749: [GC [PSYoungGen: 250176K->598K(243840K)] 541733K->292243K(930816K), 0.0089320 secs] [Times: user=0.06 sys=0.00, real=0.01 secs] 
2014-07-16T14:32:14.445+0000: 1744.632: [GC [PSYoungGen: 243792K->648K(238016K)] 535437K->292365K(924992K), 0.0098940 secs] [Times: user=0.07 sys=0.00, real=0.01 secs] 
2014-07-16T14:32:15.332+0000: 1745.519: [GC [PSYoungGen: 237960K->544K(232256K)] 529677K->292340K(919232K), 0.0077010 secs] [Times: user=0.05 sys=0.01, real=0.01 secs] 
2014-07-16T14:32:16.188+0000: 1746.375: [GC [PSYoungGen: 232211K->926K(227200K)] 524008K->292795K(914176K), 0.0077140 secs] [Times: user=0.06 sys=0.00, real=0.01 secs] 
2014-07-16T14:32:17.056+0000: 1747.243: [GC [PSYoungGen: 227166K->1322K(222336K)] 519035K->293287K(909312K), 0.0077980 secs] [Times: user=0.04 sys=0.00, real=0.00 secs] 
2014-07-16T14:32:17.806+0000: 1747.993: [GC [PSYoungGen: 222285K->1026K(217024K)] 514250K->293071K(904000K), 0.0061890 secs] [Times: user=0.03 sys=0.00, real=0.00 secs] 
2014-07-16T14:32:18.600+0000: 1748.788: [GC [PSYoungGen: 216962K->820K(211904K)] 509007K->293181K(898880K), 0.0040900 secs] [Times: user=0.02 sys=0.00, real=0.01 secs] 
2014-07-16T14:32:19.362+0000: 1749.549: [GC [PSYoungGen: 211857K->1130K(207488K)] 504218K->293563K(894464K), 0.0029370 secs] [Times: user=0.02 sys=0.01, real=0.01 secs] 
2014-07-16T14:32:20.136+0000: 1750.323: [GC [PSYoungGen: 207459K->1200K(203008K)] 499892K->293755K(889984K), 0.0108290 secs] [Times: user=0.07 sys=0.00, real=0.01 secs] 
2014-07-16T14:32:20.858+0000: 1751.045: [GC [PSYoungGen: 202989K->608K(198016K)] 495544K->293227K(884992K), 0.0079540 secs] [Times: user=0.05 sys=0.01, real=0.01 secs] 
2014-07-16T14:32:21.571+0000: 1751.758: [GC [PSYoungGen: 197984K->978K(194176K)] 490603K->293669K(881152K), 0.0061580 secs] [Times: user=0.03 sys=0.00, real=0.01 secs] 
2014-07-16T14:32:22.283+0000: 1752.470: [GC [PSYoungGen: 194127K->936K(190016K)] 486818K->293691K(876992K), 0.0037680 secs] [Times: user=0.01 sys=0.00, real=0.01 secs] 
2014-07-16T14:32:22.969+0000: 1753.157: [GC [PSYoungGen: 189943K->776K(185920K)] 482698K->293611K(872896K), 0.0041660 secs] [Times: user=0.02 sys=0.00, real=0.00 secs] 
2014-07-16T14:32:23.648+0000: 1753.836: [GC [PSYoungGen: 185864K->908K(182208K)] 478699K->293823K(869184K), 0.0034180 secs] [Times: user=0.02 sys=0.00, real=0.00 secs] 
2014-07-16T14:32:24.311+0000: 1754.498: [GC [PSYoungGen: 182156K->762K(178304K)] 475071K->293717K(865280K), 0.0054540 secs] [Times: user=0.03 sys=0.00, real=0.01 secs] 
2014-07-16T14:32:24.981+0000: 1755.169: [GC [PSYoungGen: 178298K->1390K(175360K)] 471253K->294417K(862336K), 0.0061540 secs] [Times: user=0.03 sys=0.01, real=0.01 secs] 
2014-07-16T14:32:25.597+0000: 1755.784: [GC [PSYoungGen: 175342K->402K(170944K)] 468369K->293485K(857920K), 0.0037080 secs] [Times: user=0.02 sys=0.00, real=0.00 secs] 
2014-07-16T14:32:26.215+0000: 1756.402: [GC [PSYoungGen: 170896K->626K(167744K)] 463979K->293765K(854720K), 0.0106850 secs] [Times: user=0.07 sys=0.00, real=0.01 secs] 
2014-07-16T14:32:26.854+0000: 1757.041: [GC [PSYoungGen: 167730K->1582K(165440K)] 460869K->294825K(852416K), 0.0067510 secs] [Times: user=0.04 sys=0.00, real=0.01 secs] 
2014-07-16T14:32:27.420+0000: 1757.608: [GC [PSYoungGen: 165422K->1090K(197760K)] 458665K->294429K(884736K), 0.0073020 secs] [Times: user=0.05 sys=0.00, real=0.01 secs] 
2014-07-16T14:32:28.127+0000: 1758.314: [GC [PSYoungGen: 197698K->566K(192960K)] 491037K->293937K(879936K), 0.0046100 secs] [Times: user=0.02 sys=0.01, real=0.00 secs] 
2014-07-16T14:32:28.822+0000: 1759.009: [GC [PSYoungGen: 192924K->898K(189248K)] 486295K->294325K(876224K), 0.0034670 secs] [Times: user=0.02 sys=0.00, real=0.00 secs] 
2014-07-16T14:32:29.481+0000: 1759.668: [GC [PSYoungGen: 189186K->726K(185088K)] 482613K->294241K(872064K), 0.0043880 secs] [Times: user=0.02 sys=0.00, real=0.00 secs] 
2014-07-16T14:32:30.160+0000: 1760.347: [GC [PSYoungGen: 185046K->836K(181376K)] 478561K->294415K(868352K), 0.0069360 secs] [Times: user=0.03 sys=0.00, real=0.01 secs] 
2014-07-16T14:32:30.820+0000: 1761.008: [GC [PSYoungGen: 181249K->662K(177472K)] 474828K->294313K(864448K), 0.0052340 secs] [Times: user=0.02 sys=0.00, real=0.00 secs] 
2014-07-16T14:32:31.463+0000: 1761.650: [GC [PSYoungGen: 177430K->512K(173696K)] 471081K->294275K(860672K), 0.0058520 secs] [Times: user=0.03 sys=0.00, real=0.01 secs] 
2014-07-16T14:32:32.148+0000: 1762.335: [GC [PSYoungGen: 173696K->1014K(170752K)] 467459K->294865K(857728K), 0.0086600 secs] [Times: user=0.06 sys=0.00, real=0.01 secs] 
2014-07-16T14:32:32.714+0000: 1762.901: [GC [PSYoungGen: 170720K->894K(167296K)] 464571K->294833K(854272K), 0.0052750 secs] [Times: user=0.03 sys=0.00, real=0.01 secs] 
2014-07-16T14:32:33.309+0000: 1763.496: [GC [PSYoungGen: 167294K->1190K(164352K)] 461233K->295225K(851328K), 0.0041540 secs] [Times: user=0.03 sys=0.00, real=0.00 secs] 
2014-07-16T14:32:33.913+0000: 1764.100: [GC [PSYoungGen: 164326K->1396K(161408K)] 458361K->295495K(848384K), 0.0073880 secs] [Times: user=0.03 sys=0.00, real=0.01 secs] 
2014-07-16T14:32:34.483+0000: 1764.670: [GC [PSYoungGen: 161364K->630K(157632K)] 455463K->294857K(844608K), 0.0064020 secs] [Times: user=0.04 sys=0.00, real=0.01 secs] 
2014-07-16T14:32:35.054+0000: 1765.241: [GC [PSYoungGen: 157622K->712K(154816K)] 451849K->295019K(841792K), 0.0049300 secs] [Times: user=0.03 sys=0.00, real=0.01 secs] 
2014-07-16T14:32:35.614+0000: 1765.801: [GC [PSYoungGen: 154760K->416K(151616K)] 449067K->294837K(838592K), 0.0064080 secs] [Times: user=0.04 sys=0.00, real=0.01 secs] 
2014-07-16T14:32:36.180+0000: 1766.367: [GC [PSYoungGen: 151574K->1096K(149568K)] 445995K->295573K(836544K), 0.0042200 secs] [Times: user=0.02 sys=0.01, real=0.00 secs] 
2014-07-16T14:32:36.727+0000: 1766.914: [GC [PSYoungGen: 149512K->964K(146752K)] 443989K->295537K(833728K), 0.0066590 secs] [Times: user=0.03 sys=0.00, real=0.01 secs] 
2014-07-16T14:32:37.245+0000: 1767.432: [GC [PSYoungGen: 146692K->480K(175424K)] 441265K->295133K(862400K), 0.0072900 secs] [Times: user=0.04 sys=0.00, real=0.01 secs] 
2014-07-16T14:32:37.880+0000: 1768.067: [GC [PSYoungGen: 175353K->616K(172032K)] 470006K->295325K(859008K), 0.0047980 secs] [Times: user=0.03 sys=0.00, real=0.00 secs] 
2014-07-16T14:32:38.477+0000: 1768.665: [GC [PSYoungGen: 172008K->790K(206528K)] 466717K->295587K(893504K), 0.0084800 secs] [Times: user=0.05 sys=0.00, real=0.00 secs] 
2014-07-16T14:32:39.223+0000: 1769.410: [GC [PSYoungGen: 206486K->844K(202048K)] 501283K->295705K(889024K), 0.0051410 secs] [Times: user=0.03 sys=0.00, real=0.01 secs] 
2014-07-16T14:32:39.970+0000: 1770.157: [GC [PSYoungGen: 201929K->1308K(198144K)] 496790K->296217K(885120K), 0.0040390 secs] [Times: user=0.02 sys=0.00, real=0.00 secs] 
2014-07-16T14:32:40.673+0000: 1770.860: [GC [PSYoungGen: 198108K->762K(193344K)] 493017K->296015K(880320K), 0.0063180 secs] [Times: user=0.04 sys=0.00, real=0.01 secs] 
2014-07-16T14:32:41.377+0000: 1771.564: [GC [PSYoungGen: 193321K->584K(189120K)] 488575K->295885K(876096K), 0.0074600 secs] [Times: user=0.04 sys=0.00, real=0.01 secs] 
2014-07-16T14:32:42.048+0000: 1772.235: [GC [PSYoungGen: 189064K->1058K(185600K)] 484365K->296479K(872576K), 0.0061340 secs] [Times: user=0.04 sys=0.00, real=0.01 secs] 
2014-07-16T14:32:42.702+0000: 1772.889: [GC [PSYoungGen: 185570K->608K(222080K)] 480991K->296109K(909056K), 0.0091470 secs] [Times: user=0.05 sys=0.00, real=0.01 secs] 
2014-07-16T14:32:43.503+0000: 1773.691: [GC [PSYoungGen: 222048K->890K(217280K)] 517549K->296463K(904256K), 0.0045590 secs] [Times: user=0.02 sys=0.01, real=0.01 secs] 
2014-07-16T14:32:44.289+0000: 1774.476: [GC [PSYoungGen: 217274K->1114K(212608K)] 512847K->296759K(899584K), 0.0052500 secs] [Times: user=0.02 sys=0.00, real=0.00 secs] 
2014-07-16T14:32:45.062+0000: 1775.249: [GC [PSYoungGen: 212543K->958K(207680K)] 508188K->296707K(894656K), 0.0038530 secs] [Times: user=0.02 sys=0.00, real=0.00 secs] 
2014-07-16T14:32:45.804+0000: 1775.991: [GC [PSYoungGen: 207678K->912K(203136K)] 503427K->296749K(890112K), 0.0054270 secs] [Times: user=0.03 sys=0.00, real=0.01 secs] 
2014-07-16T14:32:46.548+0000: 1776.735: [GC [PSYoungGen: 203088K->708K(198528K)] 498925K->296609K(885504K), 0.0053940 secs] [Times: user=0.03 sys=0.00, real=0.01 secs] 
2014-07-16T14:32:47.297+0000: 1777.484: [GC [PSYoungGen: 198468K->1386K(194880K)] 494369K->297359K(881856K), 0.0035990 secs] [Times: user=0.02 sys=0.00, real=0.01 secs] 
2014-07-16T14:32:47.973+0000: 1778.161: [GC [PSYoungGen: 194858K->680K(190080K)] 490831K->296733K(877056K), 0.0131420 secs] [Times: user=0.09 sys=0.00, real=0.01 secs] 
2014-07-16T14:32:48.658+0000: 1778.845: [GC [PSYoungGen: 190014K->1458K(186880K)] 486067K->297715K(873856K), 0.0036920 secs] [Times: user=0.03 sys=0.00, real=0.01 secs] 
2014-07-16T14:32:49.350+0000: 1779.537: [GC [PSYoungGen: 186865K->808K(182400K)] 483123K->297145K(869376K), 0.0038290 secs] [Times: user=0.02 sys=0.00, real=0.00 secs] 
2014-07-16T14:32:50.006+0000: 1780.193: [GC [PSYoungGen: 182376K->748K(178624K)] 478713K->297149K(865600K), 0.0066760 secs] [Times: user=0.04 sys=0.00, real=0.01 secs] 
2014-07-16T14:32:50.664+0000: 1780.852: [GC [PSYoungGen: 178604K->726K(175040K)] 475005K->297191K(862016K), 0.0087580 secs] [Times: user=0.05 sys=0.00, real=0.01 secs] 
2014-07-16T14:32:51.288+0000: 1781.476: [GC [PSYoungGen: 174998K->1130K(171968K)] 471463K->297659K(858944K), 0.0064040 secs] [Times: user=0.04 sys=0.00, real=0.01 secs] 
2014-07-16T14:32:51.912+0000: 1782.099: [GC [PSYoungGen: 171932K->748K(168192K)] 468461K->297349K(855168K), 0.0068390 secs] [Times: user=0.04 sys=0.00, real=0.01 secs] 
2014-07-16T14:32:52.544+0000: 1782.731: [GC [PSYoungGen: 168172K->1472K(202496K)] 464773K->298129K(889472K), 0.0101130 secs] [Times: user=0.06 sys=0.00, real=0.01 secs] 
2014-07-16T14:32:53.268+0000: 1783.455: [GC [PSYoungGen: 202432K->720K(241920K)] 499089K->297425K(928896K), 0.0106470 secs] [Times: user=0.06 sys=0.00, real=0.01 secs] 
2014-07-16T14:32:54.157+0000: 1784.345: [GC [PSYoungGen: 241833K->1016K(290432K)] 538539K->297785K(977408K), 0.0073320 secs] [Times: user=0.04 sys=0.00, real=0.01 secs] 
2014-07-16T14:32:55.204+0000: 1785.391: [GC [PSYoungGen: 290424K->766K(282560K)] 587193K->297591K(969536K), 0.0041660 secs] [Times: user=0.02 sys=0.00, real=0.00 secs] 
2014-07-16T14:32:56.249+0000: 1786.436: [GC [PSYoungGen: 282558K->1112K(275648K)] 579383K->298001K(962624K), 0.0065570 secs] [Times: user=0.04 sys=0.00, real=0.01 secs] 
2014-07-16T14:32:57.298+0000: 1787.486: [GC [PSYoungGen: 275608K->850K(268352K)] 572497K->297811K(955328K), 0.0044450 secs] [Times: user=0.01 sys=0.01, real=0.01 secs] 
2014-07-16T14:32:58.301+0000: 1788.488: [GC [PSYoungGen: 268289K->594K(261312K)] 565250K->297619K(948288K), 0.0052060 secs] [Times: user=0.02 sys=0.00, real=0.00 secs] 
2014-07-16T14:32:59.280+0000: 1789.467: [GC [PSYoungGen: 261258K->1110K(255296K)] 558283K->298255K(942272K), 0.0104110 secs] [Times: user=0.07 sys=0.00, real=0.02 secs] 
2014-07-16T14:33:00.213+0000: 1790.400: [GC [PSYoungGen: 255254K->1258K(249152K)] 552399K->298475K(936128K), 0.0073590 secs] [Times: user=0.05 sys=0.00, real=0.01 secs] 
2014-07-16T14:33:01.154+0000: 1791.341: [GC [PSYoungGen: 249114K->744K(242624K)] 546331K->298041K(929600K), 0.0065550 secs] [Times: user=0.05 sys=0.00, real=0.00 secs] 
2014-07-16T14:33:02.067+0000: 1792.254: [GC [PSYoungGen: 242600K->1008K(237056K)] 539897K->298377K(924032K), 0.0055260 secs] [Times: user=0.03 sys=0.00, real=0.01 secs] 
2014-07-16T14:33:03.023+0000: 1793.210: [GC [PSYoungGen: 237040K->900K(231360K)] 534409K->298333K(918336K), 0.0078260 secs] [Times: user=0.04 sys=0.00, real=0.00 secs] 
2014-07-16T14:33:03.949+0000: 1794.136: [GC [PSYoungGen: 231281K->1296K(226368K)] 528714K->298817K(913344K), 0.0122050 secs] [Times: user=0.09 sys=0.00, real=0.02 secs] 
2014-07-16T14:33:04.816+0000: 1795.003: [GC [PSYoungGen: 226318K->830K(220672K)] 523839K->298623K(907648K), 0.0096530 secs] [Times: user=0.06 sys=0.00, real=0.01 secs] 
2014-07-16T14:33:05.712+0000: 1795.900: [GC [PSYoungGen: 220670K->1282K(216128K)] 518463K->299131K(903104K), 0.0095810 secs] [Times: user=0.05 sys=0.00, real=0.01 secs] 
2014-07-16T14:33:06.503+0000: 1796.691: [GC [PSYoungGen: 216066K->876K(210816K)] 513915K->298887K(897792K), 0.0073700 secs] [Times: user=0.05 sys=0.00, real=0.01 secs] 
2014-07-16T14:33:07.285+0000: 1797.472: [GC [PSYoungGen: 210796K->608K(205888K)] 508807K->298707K(892864K), 0.0056500 secs] [Times: user=0.04 sys=0.00, real=0.00 secs] 
2014-07-16T14:33:08.114+0000: 1798.301: [GC [PSYoungGen: 205856K->972K(201728K)] 503955K->299159K(888704K), 0.0035720 secs] [Times: user=0.02 sys=0.00, real=0.00 secs] 
2014-07-16T14:33:08.878+0000: 1799.065: [GC [PSYoungGen: 201663K->962K(197376K)] 499850K->299213K(884352K), 0.0096800 secs] [Times: user=0.06 sys=0.00, real=0.01 secs] 
2014-07-16T14:33:09.643+0000: 1799.831: [GC [PSYoungGen: 197243K->1076K(193216K)] 495494K->299707K(880192K), 0.0066150 secs] [Times: user=0.04 sys=0.00, real=0.00 secs] 
2014-07-16T14:33:10.326+0000: 1800.513: [GC [PSYoungGen: 193204K->858K(188928K)] 491835K->299553K(875904K), 0.0046270 secs] [Times: user=0.02 sys=0.00, real=0.00 secs] 
2014-07-16T14:33:11.014+0000: 1801.201: [GC [PSYoungGen: 188890K->1268K(185408K)] 487585K->300309K(872384K), 0.0082140 secs] [Times: user=0.06 sys=0.00, real=0.01 secs] 
2014-07-16T14:33:11.678+0000: 1801.865: [GC [PSYoungGen: 185396K->1176K(181568K)] 484437K->300313K(868544K), 0.0051730 secs] [Times: user=0.03 sys=0.00, real=0.01 secs] 
2014-07-16T14:33:12.326+0000: 1802.513: [GC [PSYoungGen: 181528K->958K(177600K)] 480665K->300199K(864576K), 0.0082120 secs] [Times: user=0.06 sys=0.00, real=0.01 secs] 
2014-07-16T14:33:12.962+0000: 1803.149: [GC [PSYoungGen: 177598K->594K(173696K)] 476839K->299891K(860672K), 0.0067770 secs] [Times: user=0.02 sys=0.00, real=0.01 secs] 
2014-07-16T14:33:13.589+0000: 1803.776: [GC [PSYoungGen: 173650K->690K(170304K)] 472947K->300059K(857280K), 0.0046790 secs] [Times: user=0.02 sys=0.00, real=0.01 secs] 
2014-07-16T14:33:14.219+0000: 1804.406: [GC [PSYoungGen: 170290K->862K(204416K)] 469659K->300295K(891392K), 0.0088070 secs] [Times: user=0.06 sys=0.00, real=0.01 secs] 
2014-07-16T14:33:14.938+0000: 1805.125: [GC [PSYoungGen: 204382K->734K(199808K)] 503815K->300223K(886784K), 0.0032920 secs] [Times: user=0.02 sys=0.00, real=0.00 secs] 
2014-07-16T14:33:15.658+0000: 1805.845: [GC [PSYoungGen: 199774K->930K(195712K)] 499263K->300523K(882688K), 0.0078260 secs] [Times: user=0.05 sys=0.00, real=0.01 secs] 
2014-07-16T14:33:16.378+0000: 1806.565: [GC [PSYoungGen: 195638K->1154K(191808K)] 495232K->300811K(878784K), 0.0069500 secs] [Times: user=0.02 sys=0.00, real=0.01 secs] 
2014-07-16T14:33:17.081+0000: 1807.268: [GC [PSYoungGen: 191722K->648K(229440K)] 491379K->300361K(916416K), 0.0116750 secs] [Times: user=0.07 sys=0.00, real=0.01 secs] 
2014-07-16T14:33:17.953+0000: 1808.140: [GC [PSYoungGen: 229384K->672K(275200K)] 529097K->300465K(962176K), 0.0075110 secs] [Times: user=0.04 sys=0.00, real=0.01 secs] 
2014-07-16T14:33:18.910+0000: 1809.097: [GC [PSYoungGen: 275125K->976K(268480K)] 574918K->300865K(955456K), 0.0029960 secs] [Times: user=0.01 sys=0.01, real=0.01 secs] 
2014-07-16T14:33:19.909+0000: 1810.096: [GC [PSYoungGen: 268429K->1128K(261824K)] 568318K->301089K(948800K), 0.0084850 secs] [Times: user=0.05 sys=0.00, real=0.01 secs] 
2014-07-16T14:33:20.862+0000: 1811.049: [GC [PSYoungGen: 261800K->1430K(255616K)] 561761K->301455K(942592K), 0.0077040 secs] [Times: user=0.05 sys=0.00, real=0.01 secs] 
2014-07-16T14:33:21.786+0000: 1811.973: [GC [PSYoungGen: 255574K->484K(248384K)] 555599K->300637K(935360K), 0.0123280 secs] [Times: user=0.07 sys=0.00, real=0.01 secs] 
2014-07-16T14:33:22.733+0000: 1812.920: [GC [PSYoungGen: 248356K->1304K(243200K)] 548509K->301537K(930176K), 0.0056500 secs] [Times: user=0.04 sys=0.01, real=0.01 secs] 
2014-07-16T14:33:23.597+0000: 1813.784: [GC [PSYoungGen: 243160K->480K(236544K)] 543393K->300835K(923520K), 0.0068140 secs] [Times: user=0.05 sys=0.00, real=0.00 secs] 
2014-07-16T14:33:24.458+0000: 1814.645: [GC [PSYoungGen: 236512K->744K(231168K)] 536867K->301163K(918144K), 0.0079360 secs] [Times: user=0.05 sys=0.00, real=0.01 secs] 
2014-07-16T14:33:25.310+0000: 1815.497: [GC [PSYoungGen: 231144K->658K(225728K)] 531563K->301165K(912704K), 0.0083350 secs] [Times: user=0.06 sys=0.00, real=0.01 secs] 
2014-07-16T14:33:26.121+0000: 1816.308: [GC [PSYoungGen: 225680K->830K(220672K)] 526187K->301409K(907648K), 0.0105240 secs] [Times: user=0.07 sys=0.00, real=0.01 secs] 
2014-07-16T14:33:26.914+0000: 1817.101: [GC [PSYoungGen: 220670K->862K(215680K)] 521249K->301513K(902656K), 0.0085100 secs] [Times: user=0.05 sys=0.00, real=0.01 secs] 
2014-07-16T14:33:27.691+0000: 1817.879: [GC [PSYoungGen: 215631K->716K(210688K)] 516282K->301423K(897664K), 0.0066110 secs] [Times: user=0.04 sys=0.01, real=0.01 secs] 
2014-07-16T14:33:28.480+0000: 1818.667: [GC [PSYoungGen: 210636K->1140K(253056K)] 511343K->301919K(940032K), 0.0105300 secs] [Times: user=0.07 sys=0.00, real=0.01 secs] 
2014-07-16T14:33:29.413+0000: 1819.600: [GC [PSYoungGen: 253044K->1082K(246784K)] 553823K->301973K(933760K), 0.0079310 secs] [Times: user=0.04 sys=0.00, real=0.01 secs] 
2014-07-16T14:33:30.308+0000: 1820.495: [GC [PSYoungGen: 246778K->840K(240640K)] 547669K->301811K(927616K), 0.0086970 secs] [Times: user=0.05 sys=0.00, real=0.01 secs] 
2014-07-16T14:33:31.199+0000: 1821.387: [GC [PSYoungGen: 240584K->1012K(235008K)] 541555K->302055K(921984K), 0.0066990 secs] [Times: user=0.04 sys=0.00, real=0.01 secs] 
2014-07-16T14:33:32.014+0000: 1822.201: [GC [PSYoungGen: 234996K->868K(229376K)] 536039K->302007K(916352K), 0.0045350 secs] [Times: user=0.02 sys=0.00, real=0.01 secs] 
2014-07-16T14:33:32.854+0000: 1823.041: [GC [PSYoungGen: 229348K->448K(223616K)] 530487K->301651K(910592K), 0.0058110 secs] [Times: user=0.04 sys=0.00, real=0.01 secs] 
2014-07-16T14:33:33.680+0000: 1823.867: [GC [PSYoungGen: 223616K->722K(218816K)] 524819K->302013K(905792K), 0.0100550 secs] [Times: user=0.04 sys=0.00, real=0.01 secs] 
2014-07-16T14:33:34.486+0000: 1824.673: [GC [PSYoungGen: 218770K->576K(213632K)] 520061K->301979K(900608K), 0.0073200 secs] [Times: user=0.04 sys=0.00, real=0.01 secs] 
2014-07-16T14:33:35.251+0000: 1825.438: [GC [PSYoungGen: 213632K->666K(208960K)] 515035K->302133K(895936K), 0.0064640 secs] [Times: user=0.04 sys=0.00, real=0.01 secs] 
2014-07-16T14:33:35.996+0000: 1826.183: [GC [PSYoungGen: 208904K->644K(204352K)] 510371K->302175K(891328K), 0.0055720 secs] [Times: user=0.03 sys=0.00, real=0.01 secs] 
2014-07-16T14:33:36.741+0000: 1826.928: [GC [PSYoungGen: 204292K->754K(199936K)] 505823K->302325K(886912K), 0.0073640 secs] [Times: user=0.01 sys=0.00, real=0.01 secs] 
2014-07-16T14:33:37.447+0000: 1827.634: [GC [PSYoungGen: 199921K->658K(195584K)] 501492K->302293K(882560K), 0.0063820 secs] [Times: user=0.04 sys=0.00, real=0.00 secs] 
2014-07-16T14:33:38.237+0000: 1828.425: [GC [PSYoungGen: 195484K->1264K(192000K)] 497120K->302979K(878976K), 0.0056460 secs] [Times: user=0.03 sys=0.00, real=0.00 secs] 
2014-07-16T14:33:38.906+0000: 1829.094: [GC [PSYoungGen: 191984K->1158K(187904K)] 493699K->302937K(874880K), 0.0051740 secs] [Times: user=0.02 sys=0.00, real=0.00 secs] 
2014-07-16T14:33:39.580+0000: 1829.767: [GC [PSYoungGen: 187810K->484K(183296K)] 489589K->302303K(870272K), 0.0037550 secs] [Times: user=0.02 sys=0.00, real=0.00 secs] 
2014-07-16T14:33:40.304+0000: 1830.491: [GC [PSYoungGen: 183268K->914K(179968K)] 485087K->302805K(866944K), 0.0082100 secs] [Times: user=0.02 sys=0.00, real=0.01 secs] 
2014-07-16T14:33:41.022+0000: 1831.209: [GC [PSYoungGen: 179922K->786K(176192K)] 481813K->302765K(863168K), 0.0073700 secs] [Times: user=0.04 sys=0.00, real=0.01 secs] 
2014-07-16T14:33:41.778+0000: 1831.965: [GC [PSYoungGen: 176128K->804K(172672K)] 478108K->302847K(859648K), 0.0085540 secs] [Times: user=0.05 sys=0.01, real=0.00 secs] 
2014-07-16T14:33:42.503+0000: 1832.690: [GC [PSYoungGen: 172644K->1194K(169664K)] 474687K->303317K(856640K), 0.0041590 secs] [Times: user=0.01 sys=0.00, real=0.01 secs] 
2014-07-16T14:33:43.171+0000: 1833.358: [GC [PSYoungGen: 169642K->530K(165696K)] 471765K->302701K(852672K), 0.0086240 secs] [Times: user=0.05 sys=0.00, real=0.01 secs] 
2014-07-16T14:33:43.795+0000: 1833.983: [GC [PSYoungGen: 165650K->882K(162816K)] 467821K->303125K(849792K), 0.0039420 secs] [Times: user=0.01 sys=0.00, real=0.01 secs] 
2014-07-16T14:33:44.382+0000: 1834.569: [GC [PSYoungGen: 162802K->1296K(195648K)] 465045K->303619K(882624K), 0.0152910 secs] [Times: user=0.09 sys=0.00, real=0.02 secs] 
2014-07-16T14:33:45.161+0000: 1835.348: [GC [PSYoungGen: 195597K->758K(233984K)] 497920K->303145K(920960K), 0.0121320 secs] [Times: user=0.08 sys=0.00, real=0.01 secs] 
2014-07-16T14:33:46.020+0000: 1836.208: [GC [PSYoungGen: 233974K->978K(272320K)] 536361K->303437K(959296K), 0.0056070 secs] [Times: user=0.03 sys=0.00, real=0.00 secs] 
2014-07-16T14:33:46.962+0000: 1837.149: [GC [PSYoungGen: 271762K->826K(281408K)] 574221K->303357K(968384K), 0.0077390 secs] [Times: user=0.05 sys=0.00, real=0.01 secs] 
2014-07-16T14:33:47.880+0000: 1838.068: [GC [PSYoungGen: 280762K->958K(273664K)] 583293K->303569K(960640K), 0.0060200 secs] [Times: user=0.04 sys=0.01, real=0.00 secs] 
2014-07-16T14:33:48.746+0000: 1838.934: [GC [PSYoungGen: 273631K->512K(266240K)] 576242K->303227K(953216K), 0.0051750 secs] [Times: user=0.02 sys=0.00, real=0.01 secs] 
2014-07-16T14:33:49.584+0000: 1839.771: [GC [PSYoungGen: 266240K->976K(260032K)] 568955K->303779K(947008K), 0.0049120 secs] [Times: user=0.03 sys=0.00, real=0.01 secs] 
2014-07-16T14:33:50.430+0000: 1840.617: [GC [PSYoungGen: 259975K->818K(253376K)] 562779K->303685K(940352K), 0.0077470 secs] [Times: user=0.06 sys=0.00, real=0.00 secs] 
2014-07-16T14:33:51.216+0000: 1841.403: [GC [PSYoungGen: 253362K->932K(247296K)] 556229K->303855K(934272K), 0.0054840 secs] [Times: user=0.02 sys=0.00, real=0.01 secs] 
2014-07-16T14:33:52.017+0000: 1842.204: [GC [PSYoungGen: 247268K->930K(241280K)] 550191K->304209K(928256K), 0.0051200 secs] [Times: user=0.02 sys=0.00, real=0.01 secs] 
2014-07-16T14:33:52.835+0000: 1843.022: [GC [PSYoungGen: 241250K->804K(235392K)] 544529K->304147K(922368K), 0.0126800 secs] [Times: user=0.08 sys=0.00, real=0.02 secs] 
2014-07-16T14:33:53.624+0000: 1843.811: [GC [PSYoungGen: 235364K->1204K(230208K)] 538707K->304917K(917184K), 0.0078870 secs] [Times: user=0.05 sys=0.01, real=0.01 secs] 
2014-07-16T14:33:54.355+0000: 1844.542: [GC [PSYoungGen: 230196K->608K(224256K)] 533909K->304385K(911232K), 0.0049660 secs] [Times: user=0.02 sys=0.00, real=0.01 secs] 
2014-07-16T14:33:55.077+0000: 1845.264: [GC [PSYoungGen: 224224K->576K(219008K)] 528001K->304441K(905984K), 0.0046660 secs] [Times: user=0.03 sys=0.00, real=0.01 secs] 
2014-07-16T14:33:55.781+0000: 1845.968: [GC [PSYoungGen: 219008K->658K(214144K)] 522873K->304579K(901120K), 0.0086740 secs] [Times: user=0.05 sys=0.01, real=0.01 secs] 
2014-07-16T14:33:56.418+0000: 1846.605: [GC [PSYoungGen: 214098K->598K(256768K)] 518019K->304607K(943744K), 0.0087830 secs] [Times: user=0.05 sys=0.00, real=0.01 secs] 
2014-07-16T14:33:57.239+0000: 1847.426: [GC [PSYoungGen: 256726K->1072K(250880K)] 560735K->305145K(937856K), 0.0071070 secs] [Times: user=0.05 sys=0.00, real=0.01 secs] 
2014-07-16T14:33:58.043+0000: 1848.230: [GC [PSYoungGen: 250864K->1222K(244928K)] 554937K->305375K(931904K), 0.0057150 secs] [Times: user=0.03 sys=0.00, real=0.01 secs] 
2014-07-16T14:33:58.800+0000: 1848.987: [GC [PSYoungGen: 244870K->448K(238208K)] 549023K->304681K(925184K), 0.0045940 secs] [Times: user=0.03 sys=0.00, real=0.00 secs] 
2014-07-16T14:33:59.565+0000: 1849.752: [GC [PSYoungGen: 238187K->1462K(233536K)] 542420K->305775K(920512K), 0.0057810 secs] [Times: user=0.04 sys=0.00, real=0.01 secs] 
2014-07-16T14:34:00.326+0000: 1850.513: [GC [PSYoungGen: 233526K->1158K(227840K)] 537839K->305519K(914816K), 0.0099720 secs] [Times: user=0.06 sys=0.00, real=0.01 secs] 
2014-07-16T14:34:01.128+0000: 1851.316: [GC [PSYoungGen: 227782K->948K(222336K)] 532143K->305793K(909312K), 0.0063220 secs] [Times: user=0.05 sys=0.00, real=0.01 secs] 
2014-07-16T14:34:01.901+0000: 1852.089: [GC [PSYoungGen: 222324K->1842K(218176K)] 527169K->306767K(905152K), 0.0063780 secs] [Times: user=0.03 sys=0.00, real=0.00 secs] 
2014-07-16T14:34:02.669+0000: 1852.856: [GC [PSYoungGen: 218162K->1058K(212480K)] 523087K->306343K(899456K), 0.0051110 secs] [Times: user=0.03 sys=0.00, real=0.01 secs] 
2014-07-16T14:34:03.434+0000: 1853.621: [GC [PSYoungGen: 212450K->1622K(208320K)] 517735K->306963K(895296K), 0.0085930 secs] [Times: user=0.04 sys=0.00, real=0.01 secs] 
2014-07-16T14:34:04.052+0000: 1854.239: [GC [PSYoungGen: 208278K->676K(202816K)] 513619K->306081K(889792K), 0.0061340 secs] [Times: user=0.03 sys=0.00, real=0.00 secs] 
2014-07-16T14:34:04.732+0000: 1854.919: [GC [PSYoungGen: 202788K->1440K(244032K)] 508193K->306933K(931008K), 0.0099540 secs] [Times: user=0.07 sys=0.00, real=0.01 secs] 
2014-07-16T14:34:05.489+0000: 1855.676: [GC [PSYoungGen: 243977K->1286K(238080K)] 549471K->306851K(925056K), 0.0067840 secs] [Times: user=0.04 sys=0.00, real=0.01 secs] 
2014-07-16T14:34:06.226+0000: 1856.413: [GC [PSYoungGen: 238022K->416K(231552K)] 543587K->306021K(918528K), 0.0036140 secs] [Times: user=0.02 sys=0.00, real=0.00 secs] 
2014-07-16T14:34:06.946+0000: 1857.133: [GC [PSYoungGen: 231520K->512K(226176K)] 537125K->306173K(913152K), 0.0087280 secs] [Times: user=0.04 sys=0.00, real=0.01 secs] 
2014-07-16T14:34:07.755+0000: 1857.942: [GC [PSYoungGen: 226173K->1478K(221952K)] 531835K->307211K(908928K), 0.0045900 secs] [Times: user=0.02 sys=0.00, real=0.00 secs] 
2014-07-16T14:34:08.488+0000: 1858.676: [GC [PSYoungGen: 221854K->812K(216192K)] 527588K->306593K(903168K), 0.0041880 secs] [Times: user=0.02 sys=0.01, real=0.01 secs] 
2014-07-16T14:34:09.160+0000: 1859.347: [GC [PSYoungGen: 216172K->740K(211264K)] 521953K->306569K(898240K), 0.0052670 secs] [Times: user=0.02 sys=0.00, real=0.01 secs] 
2014-07-16T14:34:09.842+0000: 1860.029: [GC [PSYoungGen: 211236K->1512K(207360K)] 517065K->307389K(894336K), 0.0058260 secs] [Times: user=0.03 sys=0.00, real=0.00 secs] 
2014-07-16T14:34:10.505+0000: 1860.692: [GC [PSYoungGen: 207336K->416K(201728K)] 513213K->306349K(888704K), 0.0079990 secs] [Times: user=0.05 sys=0.00, real=0.01 secs] 
2014-07-16T14:34:11.196+0000: 1861.383: [GC [PSYoungGen: 201696K->904K(197888K)] 507629K->306925K(884864K), 0.0046390 secs] [Times: user=0.02 sys=0.01, real=0.01 secs] 
2014-07-16T14:34:11.846+0000: 1862.033: [GC [PSYoungGen: 197832K->1068K(193792K)] 503853K->307169K(880768K), 0.0073470 secs] [Times: user=0.05 sys=0.00, real=0.01 secs] 
2014-07-16T14:34:12.503+0000: 1862.690: [GC [PSYoungGen: 193772K->1236K(189888K)] 499873K->307417K(876864K), 0.0064380 secs] [Times: user=0.04 sys=0.00, real=0.00 secs] 
2014-07-16T14:34:13.172+0000: 1863.360: [GC [PSYoungGen: 189842K->882K(185536K)] 496024K->307127K(872512K), 0.0054070 secs] [Times: user=0.02 sys=0.00, real=0.00 secs] 
2014-07-16T14:34:13.765+0000: 1863.953: [GC [PSYoungGen: 185522K->548K(181376K)] 491767K->306873K(868352K), 0.0062490 secs] [Times: user=0.03 sys=0.00, real=0.00 secs] 
2014-07-16T14:34:14.322+0000: 1864.509: [GC [PSYoungGen: 181332K->566K(177664K)] 487658K->306939K(864640K), 0.0036660 secs] [Times: user=0.02 sys=0.00, real=0.00 secs] 
2014-07-16T14:34:14.862+0000: 1865.049: [GC [PSYoungGen: 177654K->1198K(213760K)] 484027K->307635K(900736K), 0.0101410 secs] [Times: user=0.06 sys=0.00, real=0.01 secs] 
2014-07-16T14:34:15.544+0000: 1865.731: [GC [PSYoungGen: 213712K->762K(208512K)] 520150K->307271K(895488K), 0.0050540 secs] [Times: user=0.02 sys=0.00, real=0.00 secs] 
2014-07-16T14:34:16.185+0000: 1866.372: [GC [PSYoungGen: 208506K->512K(203648K)] 515015K->307061K(890624K), 0.0041540 secs] [Times: user=0.02 sys=0.00, real=0.00 secs] 
2014-07-16T14:34:16.807+0000: 1866.994: [GC [PSYoungGen: 203648K->858K(199616K)] 510197K->307463K(886592K), 0.0045330 secs] [Times: user=0.03 sys=0.00, real=0.00 secs] 
2014-07-16T14:34:17.578+0000: 1867.765: [GC [PSYoungGen: 199578K->886K(195328K)] 506183K->307563K(882304K), 0.0072250 secs] [Times: user=0.04 sys=0.01, real=0.01 secs] 
2014-07-16T14:34:18.406+0000: 1868.593: [GC [PSYoungGen: 195318K->1010K(191296K)] 501995K->307767K(878272K), 0.0053760 secs] [Times: user=0.02 sys=0.00, real=0.00 secs] 
2014-07-16T14:34:19.149+0000: 1869.336: [GC [PSYoungGen: 191281K->900K(187200K)] 498039K->307737K(874176K), 0.0101070 secs] [Times: user=0.07 sys=0.00, real=0.01 secs] 
2014-07-16T14:34:19.916+0000: 1870.103: [GC [PSYoungGen: 187129K->616K(224128K)] 493966K->307477K(911104K), 0.0150730 secs] [Times: user=0.09 sys=0.00, real=0.01 secs] 
2014-07-16T14:34:20.785+0000: 1870.972: [GC [PSYoungGen: 224104K->798K(245696K)] 530965K->307699K(932672K), 0.0087490 secs] [Times: user=0.04 sys=0.00, real=0.01 secs] 
2014-07-16T14:34:21.708+0000: 1871.895: [GC [PSYoungGen: 244958K->780K(245632K)] 551859K->307713K(932608K), 0.0089320 secs] [Times: user=0.05 sys=0.00, real=0.01 secs] 
2014-07-16T14:34:22.664+0000: 1872.851: [GC [PSYoungGen: 244940K->1054K(294464K)] 551873K->308043K(981440K), 0.0092810 secs] [Times: user=0.06 sys=0.00, real=0.01 secs] 
2014-07-16T14:34:23.861+0000: 1874.048: [GC [PSYoungGen: 294046K->918K(286208K)] 601035K->307987K(973184K), 0.0102220 secs] [Times: user=0.06 sys=0.00, real=0.01 secs] 
2014-07-16T14:34:25.006+0000: 1875.193: [GC [PSYoungGen: 286126K->552K(278336K)] 593195K->308009K(965312K), 0.0077020 secs] [Times: user=0.05 sys=0.00, real=0.01 secs] 
2014-07-16T14:34:26.035+0000: 1876.222: [GC [PSYoungGen: 278273K->1376K(272000K)] 585730K->309061K(958976K), 0.0041600 secs] [Times: user=0.02 sys=0.00, real=0.00 secs] 
2014-07-16T14:34:27.037+0000: 1877.225: [GC [PSYoungGen: 271968K->876K(264576K)] 579653K->308697K(951552K), 0.0052760 secs] [Times: user=0.03 sys=0.00, real=0.00 secs] 
2014-07-16T14:34:28.084+0000: 1878.272: [GC [PSYoungGen: 264556K->1106K(258176K)] 572377K->309023K(945152K), 0.0062370 secs] [Times: user=0.05 sys=0.00, real=0.00 secs] 
2014-07-16T14:34:29.070+0000: 1879.257: [GC [PSYoungGen: 258125K->1090K(251776K)] 566043K->309039K(938752K), 0.0118510 secs] [Times: user=0.08 sys=0.00, real=0.01 secs] 
2014-07-16T14:34:30.014+0000: 1880.201: [GC [PSYoungGen: 251692K->1256K(245760K)] 559642K->309293K(932736K), 0.0077950 secs] [Times: user=0.05 sys=0.00, real=0.01 secs] 
2014-07-16T14:34:30.778+0000: 1880.965: [GC [PSYoungGen: 245668K->626K(239232K)] 553706K->308751K(926208K), 0.0065070 secs] [Times: user=0.04 sys=0.00, real=0.01 secs] 
2014-07-16T14:34:31.539+0000: 1881.726: [GC [PSYoungGen: 239218K->1550K(234496K)] 547343K->309739K(921472K), 0.0051500 secs] [Times: user=0.03 sys=0.00, real=0.01 secs] 
2014-07-16T14:34:32.317+0000: 1882.505: [GC [PSYoungGen: 234446K->826K(228224K)] 542635K->309063K(915200K), 0.0058730 secs] [Times: user=0.03 sys=0.00, real=0.00 secs] 
2014-07-16T14:34:33.095+0000: 1883.282: [GC [PSYoungGen: 228218K->996K(223104K)] 536455K->309289K(910080K), 0.0048320 secs] [Times: user=0.02 sys=0.00, real=0.00 secs] 
2014-07-16T14:34:33.786+0000: 1883.973: [GC [PSYoungGen: 223076K->1498K(218496K)] 531369K->309823K(905472K), 0.0042990 secs] [Times: user=0.01 sys=0.00, real=0.00 secs] 
2014-07-16T14:34:34.495+0000: 1884.682: [GC [PSYoungGen: 218458K->964K(213056K)] 526783K->309369K(900032K), 0.0037960 secs] [Times: user=0.02 sys=0.00, real=0.00 secs] 
2014-07-16T14:34:35.262+0000: 1885.449: [GC [PSYoungGen: 212996K->1082K(208384K)] 521401K->309659K(895360K), 0.0044940 secs] [Times: user=0.01 sys=0.01, real=0.01 secs] 
2014-07-16T14:34:35.935+0000: 1886.122: [GC [PSYoungGen: 208330K->734K(203456K)] 516907K->309383K(890432K), 0.0082490 secs] [Times: user=0.06 sys=0.00, real=0.01 secs] 
2014-07-16T14:34:36.581+0000: 1886.768: [GC [PSYoungGen: 203406K->844K(199168K)] 512056K->309573K(886144K), 0.0039590 secs] [Times: user=0.03 sys=0.00, real=0.00 secs] 
2014-07-16T14:34:37.198+0000: 1887.385: [GC [PSYoungGen: 199082K->1090K(195136K)] 507812K->309899K(882112K), 0.0101010 secs] [Times: user=0.06 sys=0.00, real=0.01 secs] 
2014-07-16T14:34:37.831+0000: 1888.018: [GC [PSYoungGen: 195074K->868K(190720K)] 503883K->309773K(877696K), 0.0033560 secs] [Times: user=0.01 sys=0.01, real=0.00 secs] 
2014-07-16T14:34:38.465+0000: 1888.652: [GC [PSYoungGen: 190692K->690K(186560K)] 499597K->309667K(873536K), 0.0047960 secs] [Times: user=0.02 sys=0.00, real=0.01 secs] 
2014-07-16T14:34:39.025+0000: 1889.212: [GC [PSYoungGen: 186503K->916K(224000K)] 495480K->309925K(910976K), 0.0135310 secs] [Times: user=0.07 sys=0.00, real=0.02 secs] 
2014-07-16T14:34:39.724+0000: 1889.911: [GC [PSYoungGen: 223956K->352K(268032K)] 532965K->309409K(955008K), 0.0074970 secs] [Times: user=0.04 sys=0.00, real=0.01 secs] 
2014-07-16T14:34:40.566+0000: 1890.753: [GC [PSYoungGen: 268000K->598K(261504K)] 577057K->309711K(948480K), 0.0039960 secs] [Times: user=0.02 sys=0.00, real=0.01 secs] 
2014-07-16T14:34:41.400+0000: 1891.587: [GC [PSYoungGen: 261462K->850K(255232K)] 570575K->310067K(942208K), 0.0077560 secs] [Times: user=0.05 sys=0.00, real=0.01 secs] 
2014-07-16T14:34:42.241+0000: 1892.428: [GC [PSYoungGen: 255183K->1178K(249280K)] 564401K->310459K(936256K), 0.0067900 secs] [Times: user=0.03 sys=0.00, real=0.01 secs] 
2014-07-16T14:34:43.023+0000: 1893.210: [GC [PSYoungGen: 249242K->830K(242816K)] 558523K->310175K(929792K), 0.0076970 secs] [Times: user=0.05 sys=0.00, real=0.01 secs] 
2014-07-16T14:34:43.837+0000: 1894.024: [GC [PSYoungGen: 242814K->466K(236672K)] 552159K->309859K(923648K), 0.0070080 secs] [Times: user=0.05 sys=0.00, real=0.00 secs] 
2014-07-16T14:34:44.582+0000: 1894.769: [GC [PSYoungGen: 236590K->898K(231488K)] 545984K->310347K(918464K), 0.0033930 secs] [Times: user=0.02 sys=0.00, real=0.00 secs] 
2014-07-16T14:34:45.310+0000: 1895.497: [GC [PSYoungGen: 231426K->954K(226048K)] 540875K->310475K(913024K), 0.0058890 secs] [Times: user=0.03 sys=0.00, real=0.01 secs] 
2014-07-16T14:34:46.017+0000: 1896.204: [GC [PSYoungGen: 226042K->480K(220416K)] 535563K->310049K(907392K), 0.0037880 secs] [Times: user=0.02 sys=0.01, real=0.01 secs] 
2014-07-16T14:34:46.703+0000: 1896.890: [GC [PSYoungGen: 220384K->644K(215552K)] 529953K->310261K(902528K), 0.0086940 secs] [Times: user=0.05 sys=0.00, real=0.01 secs] 
2014-07-16T14:34:47.368+0000: 1897.555: [GC [PSYoungGen: 215492K->516K(210560K)] 525109K->310173K(897536K), 0.0051130 secs] [Times: user=0.03 sys=0.00, real=0.00 secs] 
2014-07-16T14:34:48.034+0000: 1898.221: [GC [PSYoungGen: 210500K->1094K(206464K)] 520157K->310799K(893440K), 0.0070870 secs] [Times: user=0.04 sys=0.00, real=0.01 secs] 
2014-07-16T14:34:48.743+0000: 1898.930: [GC [PSYoungGen: 206393K->972K(201792K)] 516099K->310781K(888768K), 0.0033910 secs] [Times: user=0.02 sys=0.00, real=0.00 secs] 
2014-07-16T14:34:49.378+0000: 1899.565: [GC [PSYoungGen: 201713K->680K(197120K)] 511522K->310545K(884096K), 0.0065890 secs] [Times: user=0.04 sys=0.00, real=0.00 secs] 
2014-07-16T14:34:50.000+0000: 1900.188: [GC [PSYoungGen: 197096K->1050K(193280K)] 506961K->310979K(880256K), 0.0084410 secs] [Times: user=0.05 sys=0.00, real=0.01 secs] 
2014-07-16T14:34:50.610+0000: 1900.798: [GC [PSYoungGen: 193209K->630K(231296K)] 503138K->310607K(918272K), 0.0089570 secs] [Times: user=0.06 sys=0.00, real=0.01 secs] 
2014-07-16T14:34:51.343+0000: 1901.530: [GC [PSYoungGen: 231286K->1062K(272064K)] 541263K->311095K(959040K), 0.0083240 secs] [Times: user=0.05 sys=0.00, real=0.01 secs] 
2014-07-16T14:34:52.175+0000: 1902.362: [GC [PSYoungGen: 271629K->716K(264448K)] 581663K->310797K(951424K), 0.0036290 secs] [Times: user=0.02 sys=0.00, real=0.01 secs] 
2014-07-16T14:34:53.005+0000: 1903.193: [GC [PSYoungGen: 264396K->448K(257472K)] 574477K->310601K(944448K), 0.0060380 secs] [Times: user=0.04 sys=0.00, real=0.01 secs] 
2014-07-16T14:34:53.893+0000: 1904.080: [GC [PSYoungGen: 257472K->940K(251584K)] 567625K->311141K(938560K), 0.0102660 secs] [Times: user=0.06 sys=0.00, real=0.01 secs] 
2014-07-16T14:34:54.846+0000: 1905.033: [GC [PSYoungGen: 251564K->804K(245312K)] 561765K->311085K(932288K), 0.0071670 secs] [Times: user=0.04 sys=0.00, real=0.01 secs] 
2014-07-16T14:34:55.700+0000: 1905.887: [GC [PSYoungGen: 245283K->1060K(239680K)] 555565K->311437K(926656K), 0.0102550 secs] [Times: user=0.06 sys=0.01, real=0.01 secs] 
2014-07-16T14:34:56.595+0000: 1906.782: [GC [PSYoungGen: 239652K->954K(233856K)] 550029K->311435K(920832K), 0.0079660 secs] [Times: user=0.05 sys=0.00, real=0.01 secs] 
2014-07-16T14:34:57.323+0000: 1907.511: [GC [PSYoungGen: 233850K->708K(274368K)] 544331K->311277K(961344K), 0.0090980 secs] [Times: user=0.05 sys=0.01, real=0.01 secs] 
2014-07-16T14:34:58.181+0000: 1908.368: [GC [PSYoungGen: 274244K->672K(267200K)] 584813K->311297K(954176K), 0.0062560 secs] [Times: user=0.02 sys=0.00, real=0.00 secs] 
2014-07-16T14:34:59.042+0000: 1909.230: [GC [PSYoungGen: 267167K->758K(260544K)] 577792K->311611K(947520K), 0.0038520 secs] [Times: user=0.02 sys=0.00, real=0.00 secs] 
2014-07-16T14:34:59.823+0000: 1910.010: [GC [PSYoungGen: 260519K->694K(254016K)] 571373K->311627K(940992K), 0.0058780 secs] [Times: user=0.03 sys=0.00, real=0.01 secs] 
2014-07-16T14:35:00.614+0000: 1910.801: [GC [PSYoungGen: 254006K->448K(247488K)] 564939K->311429K(934464K), 0.0038930 secs] [Times: user=0.02 sys=0.00, real=0.00 secs] 
2014-07-16T14:35:01.396+0000: 1911.583: [GC [PSYoungGen: 247483K->994K(242048K)] 558464K->312063K(929024K), 0.0083060 secs] [Times: user=0.05 sys=0.00, real=0.01 secs] 
2014-07-16T14:35:02.105+0000: 1912.292: [GC [PSYoungGen: 242018K->594K(235904K)] 553087K->311711K(922880K), 0.0072500 secs] [Times: user=0.04 sys=0.00, real=0.01 secs] 
2014-07-16T14:35:02.859+0000: 1913.046: [GC [PSYoungGen: 235858K->822K(230528K)] 546975K->312003K(917504K), 0.0069560 secs] [Times: user=0.04 sys=0.00, real=0.00 secs] 
2014-07-16T14:35:03.699+0000: 1913.886: [GC [PSYoungGen: 230518K->908K(225280K)] 541699K->312161K(912256K), 0.0091270 secs] [Times: user=0.05 sys=0.01, real=0.00 secs] 
2014-07-16T14:35:04.414+0000: 1914.602: [GC [PSYoungGen: 225228K->1280K(220480K)] 536481K->312589K(907456K), 0.0040470 secs] [Times: user=0.02 sys=0.00, real=0.00 secs] 
2014-07-16T14:35:05.117+0000: 1915.304: [GC [PSYoungGen: 220416K->420K(214592K)] 531725K->312379K(901568K), 0.0099270 secs] [Times: user=0.06 sys=0.00, real=0.01 secs] 
2014-07-16T14:35:05.807+0000: 1915.994: [GC [PSYoungGen: 214563K->1358K(258432K)] 526523K->313366K(945408K), 0.0091240 secs] [Times: user=0.05 sys=0.01, real=0.01 secs] 
2014-07-16T14:35:06.617+0000: 1916.804: [GC [PSYoungGen: 258382K->1036K(251712K)] 570390K->313323K(938688K), 0.0047970 secs] [Times: user=0.01 sys=0.00, real=0.01 secs] 
2014-07-16T14:35:07.453+0000: 1917.640: [GC [PSYoungGen: 251660K->1022K(245504K)] 563947K->313365K(932480K), 0.0082320 secs] [Times: user=0.05 sys=0.00, real=0.01 secs] 
2014-07-16T14:35:08.242+0000: 1918.429: [GC [PSYoungGen: 245502K->416K(239040K)] 557845K->312807K(926016K), 0.0033530 secs] [Times: user=0.02 sys=0.00, real=0.00 secs] 
2014-07-16T14:35:09.107+0000: 1919.294: [GC [PSYoungGen: 238994K->978K(233920K)] 551386K->313441K(920896K), 0.0100350 secs] [Times: user=0.06 sys=0.00, real=0.01 secs] 
2014-07-16T14:35:09.821+0000: 1920.009: [GC [PSYoungGen: 233847K->1026K(228480K)] 546310K->313554K(915456K), 0.0080930 secs] [Times: user=0.04 sys=0.00, real=0.00 secs] 
2014-07-16T14:35:10.631+0000: 1920.818: [GC [PSYoungGen: 228366K->1300K(223424K)] 540894K->313900K(910400K), 0.0042120 secs] [Times: user=0.02 sys=0.00, real=0.00 secs] 
2014-07-16T14:35:11.544+0000: 1921.731: [GC [PSYoungGen: 223380K->698K(217664K)] 535980K->313541K(904640K), 0.0075860 secs] [Times: user=0.05 sys=0.01, real=0.01 secs] 
2014-07-16T14:35:12.454+0000: 1922.641: [GC [PSYoungGen: 217658K->1500K(213568K)] 530501K->314400K(900544K), 0.0035260 secs] [Times: user=0.02 sys=0.00, real=0.00 secs] 
2014-07-16T14:35:13.297+0000: 1923.485: [GC [PSYoungGen: 213532K->876K(208192K)] 526432K->313898K(895168K), 0.0085450 secs] [Times: user=0.05 sys=0.00, real=0.01 secs] 
2014-07-16T14:35:14.150+0000: 1924.338: [GC [PSYoungGen: 208172K->954K(203648K)] 521194K->314048K(890624K), 0.0068050 secs] [Times: user=0.05 sys=0.00, real=0.01 secs] 
2014-07-16T14:35:15.012+0000: 1925.199: [GC [PSYoungGen: 203642K->1396K(199680K)] 516736K->314578K(886656K), 0.0067280 secs] [Times: user=0.04 sys=0.00, real=0.00 secs] 
2014-07-16T14:35:15.860+0000: 1926.047: [GC [PSYoungGen: 199668K->830K(194816K)] 512850K->314052K(881792K), 0.0106340 secs] [Times: user=0.06 sys=0.01, real=0.01 secs] 
2014-07-16T14:35:16.678+0000: 1926.866: [GC [PSYoungGen: 194814K->1136K(190976K)] 508036K->314430K(877952K), 0.0084750 secs] [Times: user=0.05 sys=0.00, real=0.01 secs] 
2014-07-16T14:35:17.417+0000: 1927.604: [GC [PSYoungGen: 190959K->1240K(187136K)] 504253K->314598K(874112K), 0.0050030 secs] [Times: user=0.03 sys=0.00, real=0.01 secs] 
2014-07-16T14:35:18.009+0000: 1928.197: [GC [PSYoungGen: 187095K->916K(182976K)] 500453K->314396K(869952K), 0.0035710 secs] [Times: user=0.02 sys=0.00, real=0.01 secs] 
2014-07-16T14:35:18.630+0000: 1928.817: [GC [PSYoungGen: 182907K->736K(179072K)] 496387K->314327K(866048K), 0.0063120 secs] [Times: user=0.04 sys=0.00, real=0.01 secs] 
2014-07-16T14:35:19.189+0000: 1929.377: [GC [PSYoungGen: 179040K->918K(175680K)] 492631K->314574K(862656K), 0.0044860 secs] [Times: user=0.02 sys=0.00, real=0.01 secs] 
2014-07-16T14:35:19.767+0000: 1929.954: [GC [PSYoungGen: 175636K->576K(171776K)] 489291K->314311K(858752K), 0.0038560 secs] [Times: user=0.02 sys=0.00, real=0.00 secs] 
2014-07-16T14:35:20.320+0000: 1930.507: [GC [PSYoungGen: 171776K->612K(168448K)] 485511K->314436K(855424K), 0.0067800 secs] [Times: user=0.03 sys=0.00, real=0.01 secs] 
2014-07-16T14:35:20.859+0000: 1931.046: [GC [PSYoungGen: 168412K->1126K(165696K)] 482236K->315022K(852672K), 0.0065480 secs] [Times: user=0.04 sys=0.00, real=0.01 secs] 
2014-07-16T14:35:21.390+0000: 1931.578: [GC [PSYoungGen: 165670K->608K(161984K)] 479566K->314599K(848960K), 0.0059030 secs] [Times: user=0.03 sys=0.01, real=0.01 secs] 
2014-07-16T14:35:21.899+0000: 1932.086: [GC [PSYoungGen: 161952K->884K(194560K)] 475943K->314916K(881536K), 0.0098120 secs] [Times: user=0.06 sys=0.00, real=0.01 secs] 
2014-07-16T14:35:22.525+0000: 1932.713: [GC [PSYoungGen: 194508K->1126K(233600K)] 508540K->315206K(920576K), 0.0062080 secs] [Times: user=0.04 sys=0.00, real=0.00 secs] 
2014-07-16T14:35:23.280+0000: 1933.467: [GC [PSYoungGen: 233546K->1236K(255168K)] 547626K->315396K(942144K), 0.0094640 secs] [Times: user=0.05 sys=0.00, real=0.01 secs] 
2014-07-16T14:35:24.092+0000: 1934.279: [GC [PSYoungGen: 254804K->612K(280576K)] 568964K->314820K(967552K), 0.0096300 secs] [Times: user=0.06 sys=0.00, real=0.00 secs] 
2014-07-16T14:35:24.970+0000: 1935.157: [GC [PSYoungGen: 279588K->1148K(272896K)] 593796K->315412K(959872K), 0.0038600 secs] [Times: user=0.02 sys=0.00, real=0.01 secs] 
2014-07-16T14:35:25.847+0000: 1936.034: [GC [PSYoungGen: 272865K->498K(265344K)] 587129K->315001K(952320K), 0.0065020 secs] [Times: user=0.04 sys=0.01, real=0.01 secs] 
2014-07-16T14:35:26.722+0000: 1936.909: [GC [PSYoungGen: 265330K->1332K(259520K)] 579833K->315892K(946496K), 0.0078500 secs] [Times: user=0.04 sys=0.00, real=0.01 secs] 
2014-07-16T14:35:27.569+0000: 1937.756: [GC [PSYoungGen: 259508K->1400K(253184K)] 574068K->316196K(940160K), 0.0062810 secs] [Times: user=0.04 sys=0.00, real=0.01 secs] 
2014-07-16T14:35:28.382+0000: 1938.569: [GC [PSYoungGen: 253176K->818K(246400K)] 567972K->315710K(933376K), 0.0051530 secs] [Times: user=0.02 sys=0.01, real=0.01 secs] 
2014-07-16T14:35:29.213+0000: 1939.401: [GC [PSYoungGen: 246386K->822K(240448K)] 561278K->315794K(927424K), 0.0050080 secs] [Times: user=0.03 sys=0.00, real=0.00 secs] 
2014-07-16T14:35:29.943+0000: 1940.130: [GC [PSYoungGen: 240438K->836K(234752K)] 555410K->315904K(921728K), 0.0065400 secs] [Times: user=0.04 sys=0.00, real=0.00 secs] 
2014-07-16T14:35:30.661+0000: 1940.848: [GC [PSYoungGen: 234661K->808K(229184K)] 549729K->315948K(916160K), 0.0046860 secs] [Times: user=0.03 sys=0.00, real=0.01 secs] 
2014-07-16T14:35:31.348+0000: 1941.536: [GC [PSYoungGen: 229160K->512K(223552K)] 544300K->315724K(910528K), 0.0041190 secs] [Times: user=0.01 sys=0.01, real=0.00 secs] 
2014-07-16T14:35:32.055+0000: 1942.242: [GC [PSYoungGen: 223552K->1446K(269120K)] 538764K->316706K(956096K), 0.0157010 secs] [Times: user=0.09 sys=0.00, real=0.01 secs] 
2014-07-16T14:35:32.894+0000: 1943.081: [GC [PSYoungGen: 269078K->912K(261824K)] 584338K->316244K(948800K), 0.0061080 secs] [Times: user=0.04 sys=0.00, real=0.01 secs] 
2014-07-16T14:35:33.838+0000: 1944.025: [GC [PSYoungGen: 261776K->914K(255296K)] 577108K->316294K(942272K), 0.0100700 secs] [Times: user=0.06 sys=0.00, real=0.01 secs] 
2014-07-16T14:35:34.657+0000: 1944.845: [GC [PSYoungGen: 255250K->1008K(249088K)] 570630K->316460K(936064K), 0.0087790 secs] [Times: user=0.06 sys=0.00, real=0.01 secs] 
2014-07-16T14:35:35.463+0000: 1945.650: [GC [PSYoungGen: 249072K->908K(271360K)] 564524K->316424K(958336K), 0.0092760 secs] [Times: user=0.06 sys=0.00, real=0.01 secs] 
2014-07-16T14:35:36.375+0000: 1946.562: [GC [PSYoungGen: 270860K->1222K(264384K)] 586376K->316810K(951360K), 0.0078950 secs] [Times: user=0.05 sys=0.00, real=0.00 secs] 
2014-07-16T14:35:37.303+0000: 1947.490: [GC [PSYoungGen: 264311K->360K(256896K)] 579899K->316738K(943872K), 0.0038940 secs] [Times: user=0.02 sys=0.00, real=0.01 secs] 
2014-07-16T14:35:38.306+0000: 1948.493: [GC [PSYoungGen: 256872K->1532K(270016K)] 573250K->317950K(956992K), 0.0161590 secs] [Times: user=0.10 sys=0.00, real=0.01 secs] 
2014-07-16T14:35:39.499+0000: 1949.686: [GC [PSYoungGen: 269948K->940K(262592K)] 586366K->317850K(949568K), 0.0086700 secs] [Times: user=0.05 sys=0.00, real=0.01 secs] 
2014-07-16T14:35:40.516+0000: 1950.703: [GC [PSYoungGen: 262571K->1310K(256448K)] 579482K->318284K(943424K), 0.0084860 secs] [Times: user=0.05 sys=0.00, real=0.00 secs] 
2014-07-16T14:35:41.537+0000: 1951.724: [GC [PSYoungGen: 256414K->1132K(249920K)] 573388K->318178K(936896K), 0.0049610 secs] [Times: user=0.02 sys=0.00, real=0.00 secs] 
2014-07-16T14:35:42.469+0000: 1952.656: [GC [PSYoungGen: 249900K->1090K(243840K)] 566946K->318200K(930816K), 0.0037130 secs] [Times: user=0.02 sys=0.00, real=0.00 secs] 
2014-07-16T14:35:43.447+0000: 1953.634: [GC [PSYoungGen: 243775K->798K(237696K)] 560885K->317972K(924672K), 0.0049660 secs] [Times: user=0.03 sys=0.00, real=0.00 secs] 
2014-07-16T14:35:44.460+0000: 1954.648: [GC [PSYoungGen: 237616K->1342K(232576K)] 554791K->318596K(919552K), 0.0066440 secs] [Times: user=0.04 sys=0.00, real=0.01 secs] 
2014-07-16T14:35:45.231+0000: 1955.418: [GC [PSYoungGen: 232574K->1140K(226944K)] 549828K->318458K(913920K), 0.0085500 secs] [Times: user=0.04 sys=0.00, real=0.01 secs] 
2014-07-16T14:35:45.964+0000: 1956.151: [GC [PSYoungGen: 226932K->1200K(221760K)] 544250K->318582K(908736K), 0.0064800 secs] [Times: user=0.03 sys=0.01, real=0.01 secs] 
2014-07-16T14:35:46.663+0000: 1956.850: [GC [PSYoungGen: 221705K->758K(216256K)] 539088K->318188K(903232K), 0.0087740 secs] [Times: user=0.06 sys=0.00, real=0.01 secs] 
2014-07-16T14:35:47.376+0000: 1957.563: [GC [PSYoungGen: 216246K->1076K(211712K)] 533676K->318578K(898688K), 0.0090990 secs] [Times: user=0.05 sys=0.01, real=0.01 secs] 
2014-07-16T14:35:48.073+0000: 1958.261: [GC [PSYoungGen: 211700K->1196K(207104K)] 529202K->318754K(894080K), 0.0046190 secs] [Times: user=0.02 sys=0.00, real=0.01 secs] 
2014-07-16T14:35:48.830+0000: 1959.017: [GC [PSYoungGen: 207084K->1196K(202560K)] 524642K->318826K(889536K), 0.0051090 secs] [Times: user=0.03 sys=0.00, real=0.00 secs] 
2014-07-16T14:35:49.554+0000: 1959.741: [GC [PSYoungGen: 202540K->754K(197760K)] 520170K->318464K(884736K), 0.0096970 secs] [Times: user=0.06 sys=0.00, real=0.01 secs] 
2014-07-16T14:35:50.235+0000: 1960.422: [GC [PSYoungGen: 197724K->758K(193536K)] 515434K->318516K(880512K), 0.0035940 secs] [Times: user=0.01 sys=0.00, real=0.01 secs] 
2014-07-16T14:35:50.840+0000: 1961.027: [GC [PSYoungGen: 193512K->1072K(189760K)] 511271K->318910K(876736K), 0.0092800 secs] [Times: user=0.05 sys=0.01, real=0.01 secs] 
2014-07-16T14:35:51.464+0000: 1961.651: [GC [PSYoungGen: 189744K->1076K(185792K)] 507582K->318978K(872768K), 0.0042640 secs] [Times: user=0.02 sys=0.00, real=0.01 secs] 
2014-07-16T14:35:52.076+0000: 1962.263: [GC [PSYoungGen: 185780K->934K(222656K)] 503682K->318940K(909632K), 0.0102320 secs] [Times: user=0.07 sys=0.00, real=0.01 secs] 
2014-07-16T14:35:52.786+0000: 1962.973: [GC [PSYoungGen: 222582K->776K(266880K)] 540589K->318846K(953856K), 0.0060950 secs] [Times: user=0.03 sys=0.00, real=0.01 secs] 
2014-07-16T14:35:53.647+0000: 1963.834: [GC [PSYoungGen: 266824K->922K(260288K)] 584894K->319064K(947264K), 0.0047990 secs] [Times: user=0.02 sys=0.00, real=0.01 secs] 
2014-07-16T14:35:54.544+0000: 1964.731: [GC [PSYoungGen: 260250K->740K(253632K)] 578392K->318978K(940608K), 0.0051430 secs] [Times: user=0.03 sys=0.00, real=0.01 secs] 
2014-07-16T14:35:55.353+0000: 1965.541: [GC [PSYoungGen: 253604K->672K(247360K)] 571842K->319006K(934336K), 0.0068350 secs] [Times: user=0.04 sys=0.00, real=0.01 secs] 
2014-07-16T14:35:56.190+0000: 1966.377: [GC [PSYoungGen: 247328K->626K(241280K)] 565662K->319008K(928256K), 0.0071120 secs] [Times: user=0.04 sys=0.00, real=0.01 secs] 
2014-07-16T14:35:57.036+0000: 1967.223: [GC [PSYoungGen: 241225K->768K(235648K)] 559607K->319246K(922624K), 0.0053960 secs] [Times: user=0.04 sys=0.00, real=0.01 secs] 
2014-07-16T14:35:57.833+0000: 1968.021: [GC [PSYoungGen: 235642K->1290K(230656K)] 554120K->319824K(917632K), 0.0085300 secs] [Times: user=0.05 sys=0.00, real=0.01 secs] 
2014-07-16T14:35:58.600+0000: 1968.787: [GC [PSYoungGen: 230581K->884K(224832K)] 549116K->320012K(911808K), 0.0071230 secs] [Times: user=0.06 sys=0.00, real=0.00 secs] 
2014-07-16T14:35:59.412+0000: 1969.599: [GC [PSYoungGen: 224820K->562K(219328K)] 543948K->319754K(906304K), 0.0035880 secs] [Times: user=0.02 sys=0.00, real=0.00 secs] 
2014-07-16T14:36:00.131+0000: 1970.318: [GC [PSYoungGen: 219314K->1190K(214976K)] 538506K->320478K(901952K), 0.0065160 secs] [Times: user=0.04 sys=0.00, real=0.00 secs] 
2014-07-16T14:36:00.826+0000: 1971.013: [GC [PSYoungGen: 214950K->1696K(210688K)] 534238K->321064K(897664K), 0.0050620 secs] [Times: user=0.03 sys=0.00, real=0.01 secs] 
2014-07-16T14:36:01.486+0000: 1971.673: [GC [PSYoungGen: 210641K->566K(204864K)] 530010K->320170K(891840K), 0.0072600 secs] [Times: user=0.04 sys=0.00, real=0.01 secs] 
2014-07-16T14:36:02.112+0000: 1972.299: [GC [PSYoungGen: 204854K->1368K(246592K)] 524458K->321068K(933568K), 0.0114480 secs] [Times: user=0.08 sys=0.00, real=0.01 secs] 
2014-07-16T14:36:02.915+0000: 1973.102: [GC [PSYoungGen: 246504K->976K(291968K)] 566205K->320864K(978944K), 0.0065640 secs] [Times: user=0.05 sys=0.00, real=0.01 secs] 
2014-07-16T14:36:03.931+0000: 1974.118: [GC [PSYoungGen: 291152K->1254K(283776K)] 611040K->321238K(970752K), 0.0055550 secs] [Times: user=0.04 sys=0.00, real=0.00 secs] 
2014-07-16T14:36:04.770+0000: 1974.958: [GC [PSYoungGen: 283749K->630K(275776K)] 603734K->320818K(962752K), 0.0061530 secs] [Times: user=0.04 sys=0.00, real=0.00 secs] 
2014-07-16T14:36:05.655+0000: 1975.843: [GC [PSYoungGen: 275766K->748K(268864K)] 595954K->320992K(955840K), 0.0075590 secs] [Times: user=0.05 sys=0.00, real=0.01 secs] 
2014-07-16T14:36:06.494+0000: 1976.681: [GC [PSYoungGen: 268801K->512K(261824K)] 589046K->320812K(948800K), 0.0039250 secs] [Times: user=0.02 sys=0.01, real=0.00 secs] 
2014-07-16T14:36:07.328+0000: 1977.515: [GC [PSYoungGen: 261820K->726K(255552K)] 582121K->321090K(942528K), 0.0060320 secs] [Times: user=0.03 sys=0.00, real=0.01 secs] 
2014-07-16T14:36:08.224+0000: 1978.411: [GC [PSYoungGen: 255510K->1432K(249984K)] 575874K->321868K(936960K), 0.0046440 secs] [Times: user=0.04 sys=0.00, real=0.00 secs] 
2014-07-16T14:36:09.058+0000: 1979.245: [GC [PSYoungGen: 249944K->972K(243456K)] 570380K->321440K(930432K), 0.0124740 secs] [Times: user=0.08 sys=0.00, real=0.02 secs] 
2014-07-16T14:36:09.808+0000: 1979.995: [GC [PSYoungGen: 243403K->972K(286400K)] 563872K->321512K(973376K), 0.0110120 secs] [Times: user=0.07 sys=0.00, real=0.02 secs] 
2014-07-16T14:36:10.840+0000: 1981.027: [GC [PSYoungGen: 286092K->980K(278720K)] 606632K->321584K(965696K), 0.0067660 secs] [Times: user=0.04 sys=0.00, real=0.00 secs] 
2014-07-16T14:36:11.707+0000: 1981.894: [GC [PSYoungGen: 278676K->448K(270976K)] 599280K->321116K(957952K), 0.0038330 secs] [Times: user=0.02 sys=0.00, real=0.01 secs] 
2014-07-16T14:36:12.593+0000: 1982.780: [GC [PSYoungGen: 270976K->872K(264512K)] 591644K->321596K(951488K), 0.0035790 secs] [Times: user=0.01 sys=0.00, real=0.00 secs] 
2014-07-16T14:36:13.451+0000: 1983.638: [GC [PSYoungGen: 264473K->844K(257856K)] 585198K->321656K(944832K), 0.0056280 secs] [Times: user=0.03 sys=0.01, real=0.00 secs] 
2014-07-16T14:36:14.253+0000: 1984.440: [GC [PSYoungGen: 257804K->748K(251328K)] 578616K->321624K(938304K), 0.0122430 secs] [Times: user=0.08 sys=0.00, real=0.01 secs] 
2014-07-16T14:36:15.052+0000: 1985.239: [GC [PSYoungGen: 251308K->1240K(245696K)] 572184K->322180K(932672K), 0.0085100 secs] [Times: user=0.05 sys=0.00, real=0.01 secs] 
2014-07-16T14:36:15.820+0000: 1986.007: [GC [PSYoungGen: 245656K->876K(239424K)] 566596K->321872K(926400K), 0.0081130 secs] [Times: user=0.04 sys=0.00, real=0.00 secs] 
2014-07-16T14:36:16.569+0000: 1986.756: [GC [PSYoungGen: 239404K->736K(281728K)] 560400K->321804K(968704K), 0.0100210 secs] [Times: user=0.06 sys=0.01, real=0.01 secs] 
2014-07-16T14:36:17.453+0000: 1987.640: [GC [PSYoungGen: 281355K->780K(274176K)] 602424K->321944K(961152K), 0.0055160 secs] [Times: user=0.04 sys=0.00, real=0.00 secs] 
2014-07-16T14:36:18.385+0000: 1988.572: [GC [PSYoungGen: 274124K->754K(280704K)] 595288K->322386K(967680K), 0.0139090 secs] [Times: user=0.09 sys=0.00, real=0.01 secs] 
2014-07-16T14:36:19.415+0000: 1989.602: [GC [PSYoungGen: 280690K->1364K(281472K)] 602322K->323069K(968448K), 0.0104320 secs] [Times: user=0.06 sys=0.00, real=0.01 secs] 
2014-07-16T14:36:20.378+0000: 1990.565: [GC [PSYoungGen: 281300K->612K(337600K)] 603005K->322372K(1024576K), 0.0111550 secs] [Times: user=0.08 sys=0.00, real=0.01 secs] 
2014-07-16T14:36:21.508+0000: 1991.695: [GC [PSYoungGen: 336548K->1268K(337600K)] 658308K->323116K(1024576K), 0.0125220 secs] [Times: user=0.07 sys=0.01, real=0.01 secs] 
2014-07-16T14:36:22.530+0000: 1992.717: [GC [PSYoungGen: 337204K->926K(327424K)] 659052K->322870K(1014400K), 0.0075310 secs] [Times: user=0.05 sys=0.00, real=0.01 secs] 
2014-07-16T14:36:23.551+0000: 1993.739: [GC [PSYoungGen: 327390K->922K(318336K)] 649334K->322962K(1005312K), 0.0084710 secs] [Times: user=0.06 sys=0.00, real=0.00 secs] 
2014-07-16T14:36:24.621+0000: 1994.808: [GC [PSYoungGen: 318298K->694K(309376K)] 640338K->322806K(996352K), 0.0100010 secs] [Times: user=0.06 sys=0.00, real=0.01 secs] 
2014-07-16T14:36:25.765+0000: 1995.952: [GC [PSYoungGen: 309366K->608K(300928K)] 631478K->322784K(987904K), 0.0058370 secs] [Times: user=0.04 sys=0.00, real=0.00 secs] 
2014-07-16T14:36:26.933+0000: 1997.120: [GC [PSYoungGen: 300872K->630K(292864K)] 623049K->322862K(979840K), 0.0074830 secs] [Times: user=0.05 sys=0.00, real=0.00 secs] 
2014-07-16T14:36:28.076+0000: 1998.263: [GC [PSYoungGen: 292854K->1254K(285760K)] 615086K->323559K(972736K), 0.0080730 secs] [Times: user=0.05 sys=0.00, real=0.01 secs] 
2014-07-16T14:36:29.249+0000: 1999.437: [GC [PSYoungGen: 285734K->1190K(278272K)] 608039K->323591K(965248K), 0.0063050 secs] [Times: user=0.03 sys=0.00, real=0.01 secs] 
2014-07-16T14:36:30.396+0000: 2000.583: [GC [PSYoungGen: 278246K->990K(270912K)] 600647K->323454K(957888K), 0.0092350 secs] [Times: user=0.04 sys=0.00, real=0.01 secs] 
2014-07-16T14:36:31.509+0000: 2001.696: [GC [PSYoungGen: 270821K->822K(263872K)] 593286K->323358K(950848K), 0.0081030 secs] [Times: user=0.05 sys=0.00, real=0.01 secs] 
2014-07-16T14:36:32.619+0000: 2002.806: [GC [PSYoungGen: 263827K->772K(257280K)] 586364K->323396K(944256K), 0.0053190 secs] [Times: user=0.03 sys=0.00, real=0.01 secs] 
2014-07-16T14:36:33.592+0000: 2003.780: [GC [PSYoungGen: 257220K->1190K(251328K)] 579844K->323871K(938304K), 0.0082050 secs] [Times: user=0.04 sys=0.00, real=0.01 secs] 
2014-07-16T14:36:34.587+0000: 2004.774: [GC [PSYoungGen: 251302K->1014K(244992K)] 573983K->323766K(931968K), 0.0057680 secs] [Times: user=0.02 sys=0.00, real=0.01 secs] 
2014-07-16T14:36:35.492+0000: 2005.679: [GC [PSYoungGen: 244982K->730K(238848K)] 567734K->323522K(925824K), 0.0036200 secs] [Times: user=0.02 sys=0.00, real=0.01 secs] 
2014-07-16T14:36:36.275+0000: 2006.462: [GC [PSYoungGen: 238787K->708K(233152K)] 561579K->323572K(920128K), 0.0041810 secs] [Times: user=0.03 sys=0.00, real=0.00 secs] 
2014-07-16T14:36:37.011+0000: 2007.198: [GC [PSYoungGen: 233092K->1208K(228096K)] 555956K->324161K(915072K), 0.0082280 secs] [Times: user=0.06 sys=0.00, real=0.01 secs] 
2014-07-16T14:36:37.711+0000: 2007.898: [GC [PSYoungGen: 228088K->648K(222336K)] 551041K->323648K(909312K), 0.0079900 secs] [Times: user=0.05 sys=0.00, real=0.01 secs] 
2014-07-16T14:36:38.444+0000: 2008.631: [GC [PSYoungGen: 222280K->416K(216960K)] 545280K->323480K(903936K), 0.0071330 secs] [Times: user=0.05 sys=0.00, real=0.01 secs] 
2014-07-16T14:36:39.226+0000: 2009.414: [GC [PSYoungGen: 216900K->1054K(212672K)] 539965K->324190K(899648K), 0.0073140 secs] [Times: user=0.05 sys=0.00, real=0.00 secs] 
2014-07-16T14:36:39.866+0000: 2010.053: [GC [PSYoungGen: 212589K->1090K(208000K)] 535725K->324306K(894976K), 0.0063120 secs] [Times: user=0.04 sys=0.00, real=0.00 secs] 
2014-07-16T14:36:40.530+0000: 2010.717: [GC [PSYoungGen: 207888K->1322K(203648K)] 531105K->324619K(890624K), 0.0072960 secs] [Times: user=0.05 sys=0.01, real=0.01 secs] 
2014-07-16T14:36:41.174+0000: 2011.361: [GC [PSYoungGen: 203580K->726K(198656K)] 526877K->324218K(885632K), 0.0034950 secs] [Times: user=0.02 sys=0.01, real=0.00 secs] 
2014-07-16T14:36:41.816+0000: 2012.003: [GC [PSYoungGen: 198611K->1618K(239168K)] 522104K->325191K(926144K), 0.0127470 secs] [Times: user=0.09 sys=0.00, real=0.01 secs] 
2014-07-16T14:36:42.640+0000: 2012.827: [GC [PSYoungGen: 239122K->954K(286016K)] 562695K->324805K(972992K), 0.0059320 secs] [Times: user=0.03 sys=0.01, real=0.01 secs] 
2014-07-16T14:36:43.637+0000: 2013.824: [GC [PSYoungGen: 285998K->1058K(278720K)] 609849K->324981K(965696K), 0.0049990 secs] [Times: user=0.02 sys=0.00, real=0.00 secs] 
2014-07-16T14:36:44.606+0000: 2014.793: [GC [PSYoungGen: 278690K->1296K(271808K)] 602613K->325291K(958784K), 0.0045740 secs] [Times: user=0.03 sys=0.01, real=0.00 secs] 
2014-07-16T14:36:45.514+0000: 2015.701: [GC [PSYoungGen: 271732K->1200K(264768K)] 595727K->325283K(951744K), 0.0073300 secs] [Times: user=0.04 sys=0.00, real=0.01 secs] 
2014-07-16T14:36:46.377+0000: 2016.564: [GC [PSYoungGen: 264752K->1058K(257984K)] 588835K->325303K(944960K), 0.0050130 secs] [Times: user=0.03 sys=0.00, real=0.00 secs] 
2014-07-16T14:36:47.295+0000: 2017.482: [GC [PSYoungGen: 257873K->794K(251328K)] 582118K->325087K(938304K), 0.0041200 secs] [Times: user=0.01 sys=0.00, real=0.00 secs] 
2014-07-16T14:36:48.124+0000: 2018.311: [GC [PSYoungGen: 251290K->1214K(245568K)] 575583K->325595K(932544K), 0.0071370 secs] [Times: user=0.05 sys=0.00, real=0.01 secs] 
2014-07-16T14:36:48.936+0000: 2019.123: [GC [PSYoungGen: 245566K->1294K(239808K)] 569947K->325739K(926784K), 0.0110190 secs] [Times: user=0.06 sys=0.00, real=0.01 secs] 
2014-07-16T14:36:49.729+0000: 2019.916: [GC [PSYoungGen: 239714K->794K(233600K)] 564159K->325319K(920576K), 0.0035790 secs] [Times: user=0.03 sys=0.00, real=0.00 secs] 
2014-07-16T14:36:50.473+0000: 2020.661: [GC [PSYoungGen: 233562K->1782K(229056K)] 558087K->326395K(916032K), 0.0075110 secs] [Times: user=0.05 sys=0.00, real=0.01 secs] 
2014-07-16T14:36:51.221+0000: 2021.408: [GC [PSYoungGen: 229032K->804K(222784K)] 553645K->325473K(909760K), 0.0048760 secs] [Times: user=0.01 sys=0.00, real=0.01 secs] 
2014-07-16T14:36:51.973+0000: 2022.160: [GC [PSYoungGen: 222756K->776K(217664K)] 547425K->325517K(904640K), 0.0066470 secs] [Times: user=0.04 sys=0.00, real=0.01 secs] 
2014-07-16T14:36:52.792+0000: 2022.979: [GC [PSYoungGen: 217608K->562K(212480K)] 542349K->325366K(899456K), 0.0049450 secs] [Times: user=0.03 sys=0.00, real=0.01 secs] 
2014-07-16T14:36:53.526+0000: 2023.714: [GC [PSYoungGen: 212466K->1598K(208768K)] 537270K->326491K(895744K), 0.0118730 secs] [Times: user=0.09 sys=0.00, real=0.01 secs] 
2014-07-16T14:36:54.199+0000: 2024.387: [GC [PSYoungGen: 208766K->1160K(203776K)] 533659K->326133K(890752K), 0.0064550 secs] [Times: user=0.04 sys=0.00, real=0.00 secs] 
2014-07-16T14:36:54.897+0000: 2025.084: [GC [PSYoungGen: 203720K->1090K(199296K)] 528693K->326159K(886272K), 0.0047300 secs] [Times: user=0.02 sys=0.00, real=0.00 secs] 
2014-07-16T14:36:55.542+0000: 2025.729: [GC [PSYoungGen: 199234K->740K(238592K)] 524303K->325873K(925568K), 0.0098000 secs] [Times: user=0.05 sys=0.01, real=0.01 secs] 
2014-07-16T14:36:56.372+0000: 2026.559: [GC [PSYoungGen: 238564K->662K(232832K)] 563697K->325843K(919808K), 0.0041890 secs] [Times: user=0.02 sys=0.00, real=0.00 secs] 
2014-07-16T14:36:57.129+0000: 2027.316: [GC [PSYoungGen: 232790K->1646K(280256K)] 557971K->326907K(967232K), 0.0111640 secs] [Times: user=0.08 sys=0.01, real=0.01 secs] 
2014-07-16T14:36:58.119+0000: 2028.306: [GC [PSYoungGen: 280238K->1322K(272704K)] 605499K->326647K(959680K), 0.0091330 secs] [Times: user=0.06 sys=0.00, real=0.01 secs] 
2014-07-16T14:36:59.030+0000: 2029.217: [GC [PSYoungGen: 272682K->1122K(265600K)] 598007K->326519K(952576K), 0.0040450 secs] [Times: user=0.02 sys=0.00, real=0.00 secs] 
2014-07-16T14:36:59.908+0000: 2030.096: [GC [PSYoungGen: 265570K->1118K(258944K)] 590967K->326595K(945920K), 0.0094840 secs] [Times: user=0.07 sys=0.00, real=0.01 secs] 
2014-07-16T14:37:00.747+0000: 2030.934: [GC [PSYoungGen: 258910K->972K(252416K)] 584387K->326529K(939392K), 0.0078120 secs] [Times: user=0.04 sys=0.01, real=0.00 secs] 
2014-07-16T14:37:01.538+0000: 2031.725: [GC [PSYoungGen: 252347K->594K(245888K)] 577904K->326222K(932864K), 0.0054320 secs] [Times: user=0.03 sys=0.00, real=0.00 secs] 
2014-07-16T14:37:02.394+0000: 2032.581: [GC [PSYoungGen: 245842K->850K(240192K)] 571470K->326566K(927168K), 0.0065140 secs] [Times: user=0.04 sys=0.00, real=0.01 secs] 
2014-07-16T14:37:03.149+0000: 2033.336: [GC [PSYoungGen: 240146K->826K(234368K)] 565862K->326591K(921344K), 0.0092300 secs] [Times: user=0.06 sys=0.00, real=0.01 secs] 
2014-07-16T14:37:03.870+0000: 2034.057: [GC [PSYoungGen: 234362K->644K(228736K)] 560127K->326465K(915712K), 0.0058430 secs] [Times: user=0.02 sys=0.00, real=0.00 secs] 
2014-07-16T14:37:04.648+0000: 2034.835: [GC [PSYoungGen: 228676K->1068K(223808K)] 554497K->326953K(910784K), 0.0039950 secs] [Times: user=0.02 sys=0.00, real=0.01 secs] 
2014-07-16T14:37:05.337+0000: 2035.524: [GC [PSYoungGen: 223788K->836K(218496K)] 549673K->326785K(905472K), 0.0034020 secs] [Times: user=0.01 sys=0.00, real=0.01 secs] 
2014-07-16T14:37:06.144+0000: 2036.331: [GC [PSYoungGen: 218436K->1364K(214080K)] 544385K->327353K(901056K), 0.0062330 secs] [Times: user=0.02 sys=0.00, real=0.01 secs] 
2014-07-16T14:37:06.946+0000: 2037.133: [GC [PSYoungGen: 213959K->1086K(208960K)] 539948K->327187K(895936K), 0.0067210 secs] [Times: user=0.04 sys=0.00, real=0.01 secs] 
2014-07-16T14:37:07.755+0000: 2037.942: [GC [PSYoungGen: 208958K->1114K(204416K)] 535059K->327279K(891392K), 0.0054850 secs] [Times: user=0.02 sys=0.00, real=0.01 secs] 
2014-07-16T14:37:08.573+0000: 2038.760: [GC [PSYoungGen: 204378K->1132K(199936K)] 530543K->327385K(886912K), 0.0137170 secs] [Times: user=0.09 sys=0.00, real=0.01 secs] 
2014-07-16T14:37:09.411+0000: 2039.598: [GC [PSYoungGen: 199916K->786K(195328K)] 526169K->327086K(882304K), 0.0053230 secs] [Times: user=0.03 sys=0.00, real=0.00 secs] 
2014-07-16T14:37:10.191+0000: 2040.378: [GC [PSYoungGen: 195221K->1062K(191424K)] 521522K->327427K(878400K), 0.0058050 secs] [Times: user=0.04 sys=0.00, real=0.00 secs] 
2014-07-16T14:37:10.931+0000: 2041.118: [GC [PSYoungGen: 191398K->840K(187200K)] 517763K->327285K(874176K), 0.0076640 secs] [Times: user=0.05 sys=0.00, real=0.00 secs] 
2014-07-16T14:37:11.670+0000: 2041.857: [GC [PSYoungGen: 187144K->900K(183360K)] 513589K->327425K(870336K), 0.0054080 secs] [Times: user=0.02 sys=0.00, real=0.00 secs] 
2014-07-16T14:37:12.382+0000: 2042.570: [GC [PSYoungGen: 183300K->1014K(179648K)] 509825K->327611K(866624K), 0.0055550 secs] [Times: user=0.03 sys=0.00, real=0.00 secs] 
2014-07-16T14:37:13.087+0000: 2043.274: [GC [PSYoungGen: 179638K->1146K(176128K)] 506235K->328031K(863104K), 0.0050990 secs] [Times: user=0.03 sys=0.00, real=0.01 secs] 
2014-07-16T14:37:13.865+0000: 2044.052: [GC [PSYoungGen: 176101K->1136K(172608K)] 502986K->328093K(859584K), 0.0058720 secs] [Times: user=0.03 sys=0.00, real=0.01 secs] 
2014-07-16T14:37:14.560+0000: 2044.747: [GC [PSYoungGen: 172592K->804K(168896K)] 499549K->327833K(855872K), 0.0082860 secs] [Times: user=0.05 sys=0.00, real=0.00 secs] 
2014-07-16T14:37:15.187+0000: 2045.375: [GC [PSYoungGen: 168868K->854K(165696K)] 495897K->327971K(852672K), 0.0035470 secs] [Times: user=0.02 sys=0.00, real=0.01 secs] 
2014-07-16T14:37:15.680+0000: 2045.867: [GC [PSYoungGen: 165620K->986K(162624K)] 492737K->328159K(849600K), 0.0044410 secs] [Times: user=0.02 sys=0.00, real=0.00 secs] 
2014-07-16T14:37:16.193+0000: 2046.380: [GC [PSYoungGen: 162548K->816K(159360K)] 489721K->328045K(846336K), 0.0080660 secs] [Times: user=0.05 sys=0.00, real=0.01 secs] 
2014-07-16T14:37:16.683+0000: 2046.870: [GC [PSYoungGen: 159344K->722K(191040K)] 486573K->327999K(878016K), 0.0082410 secs] [Times: user=0.03 sys=0.01, real=0.01 secs] 
2014-07-16T14:37:17.291+0000: 2047.478: [GC [PSYoungGen: 190958K->708K(229120K)] 518235K->328049K(916096K), 0.0075810 secs] [Times: user=0.04 sys=0.00, real=0.00 secs] 
2014-07-16T14:37:18.046+0000: 2048.233: [GC [PSYoungGen: 229044K->562K(274624K)] 556385K->327967K(961600K), 0.0065790 secs] [Times: user=0.04 sys=0.00, real=0.01 secs] 
2014-07-16T14:37:18.950+0000: 2049.137: [GC [PSYoungGen: 274576K->662K(267712K)] 601981K->328131K(954688K), 0.0036270 secs] [Times: user=0.02 sys=0.01, real=0.00 secs] 
2014-07-16T14:37:19.910+0000: 2050.097: [GC [PSYoungGen: 267670K->1470K(261696K)] 595139K->329435K(948672K), 0.0063000 secs] [Times: user=0.03 sys=0.00, real=0.01 secs] 
2014-07-16T14:37:20.676+0000: 2050.864: [GC [PSYoungGen: 261674K->684K(254400K)] 589639K->328697K(941376K), 0.0045420 secs] [Times: user=0.02 sys=0.00, real=0.01 secs] 
2014-07-16T14:37:21.487+0000: 2051.675: [GC [PSYoungGen: 254352K->848K(248320K)] 582365K->328925K(935296K), 0.0037810 secs] [Times: user=0.02 sys=0.00, real=0.01 secs] 
2014-07-16T14:37:22.269+0000: 2052.456: [GC [PSYoungGen: 248237K->1108K(242560K)] 576314K->329265K(929536K), 0.0126400 secs] [Times: user=0.08 sys=0.01, real=0.02 secs] 
2014-07-16T14:37:23.122+0000: 2053.309: [GC [PSYoungGen: 242429K->1226K(236864K)] 570586K->329439K(923840K), 0.0081470 secs] [Times: user=0.05 sys=0.00, real=0.01 secs] 
2014-07-16T14:37:23.959+0000: 2054.146: [GC [PSYoungGen: 236800K->1700K(231744K)] 565013K->329993K(918720K), 0.0102410 secs] [Times: user=0.06 sys=0.01, real=0.01 secs] 
2014-07-16T14:37:24.832+0000: 2055.019: [GC [PSYoungGen: 231669K->484K(225152K)] 559962K->328913K(912128K), 0.0085020 secs] [Times: user=0.04 sys=0.00, real=0.00 secs] 
2014-07-16T14:37:25.633+0000: 2055.820: [GC [PSYoungGen: 225124K->1086K(220544K)] 553553K->329579K(907520K), 0.0041400 secs] [Times: user=0.03 sys=0.00, real=0.00 secs] 
2014-07-16T14:37:26.419+0000: 2056.606: [GC [PSYoungGen: 220542K->954K(215424K)] 549035K->329561K(902400K), 0.0065660 secs] [Times: user=0.04 sys=0.00, real=0.01 secs] 
2014-07-16T14:37:27.183+0000: 2057.370: [GC [PSYoungGen: 215407K->1050K(210688K)] 544014K->329737K(897664K), 0.0083870 secs] [Times: user=0.04 sys=0.00, real=0.01 secs] 
2014-07-16T14:37:27.874+0000: 2058.061: [GC [PSYoungGen: 210650K->512K(252032K)] 539337K->329271K(939008K), 0.0095960 secs] [Times: user=0.06 sys=0.01, real=0.01 secs] 
2014-07-16T14:37:28.698+0000: 2058.885: [GC [PSYoungGen: 252032K->662K(246016K)] 580791K->329485K(932992K), 0.0039040 secs] [Times: user=0.02 sys=0.01, real=0.01 secs] 
2014-07-16T14:37:29.506+0000: 2059.694: [GC [PSYoungGen: 245955K->1404K(240768K)] 574778K->330307K(927744K), 0.0069510 secs] [Times: user=0.05 sys=0.00, real=0.01 secs] 
2014-07-16T14:37:30.261+0000: 2060.448: [GC [PSYoungGen: 240764K->562K(234176K)] 569667K->329521K(921152K), 0.0045270 secs] [Times: user=0.02 sys=0.00, real=0.01 secs] 
2014-07-16T14:37:31.045+0000: 2061.232: [GC [PSYoungGen: 234162K->908K(229056K)] 563121K->329931K(916032K), 0.0064570 secs] [Times: user=0.04 sys=0.00, real=0.00 secs] 
2014-07-16T14:37:31.774+0000: 2061.961: [GC [PSYoungGen: 229004K->1290K(224128K)] 558027K->330393K(911104K), 0.0080580 secs] [Times: user=0.06 sys=0.00, real=0.01 secs] 
2014-07-16T14:37:32.528+0000: 2062.715: [GC [PSYoungGen: 224074K->1144K(218816K)] 553177K->330311K(905792K), 0.0032780 secs] [Times: user=0.01 sys=0.00, real=0.00 secs] 
2014-07-16T14:37:33.247+0000: 2063.435: [GC [PSYoungGen: 218778K->1100K(213888K)] 547945K->330339K(900864K), 0.0091290 secs] [Times: user=0.06 sys=0.00, real=0.01 secs] 
2014-07-16T14:37:33.993+0000: 2064.180: [GC [PSYoungGen: 213835K->1068K(256384K)] 543074K->330371K(943360K), 0.0110360 secs] [Times: user=0.07 sys=0.00, real=0.01 secs] 
2014-07-16T14:37:34.937+0000: 2065.124: [GC [PSYoungGen: 256364K->726K(249728K)] 585667K->330109K(936704K), 0.0094100 secs] [Times: user=0.06 sys=0.00, real=0.01 secs] 
2014-07-16T14:37:35.724+0000: 2065.911: [GC [PSYoungGen: 249686K->840K(299648K)] 579069K->330311K(986624K), 0.0105910 secs] [Times: user=0.07 sys=0.00, real=0.01 secs] 
2014-07-16T14:37:36.714+0000: 2066.901: [GC [PSYoungGen: 299592K->1004K(291776K)] 629063K->330579K(978752K), 0.0051790 secs] [Times: user=0.03 sys=0.00, real=0.00 secs] 
2014-07-16T14:37:37.628+0000: 2067.815: [GC [PSYoungGen: 291756K->548K(283648K)] 621331K->330179K(970624K), 0.0062570 secs] [Times: user=0.04 sys=0.00, real=0.01 secs] 
2014-07-16T14:37:38.521+0000: 2068.709: [GC [PSYoungGen: 283620K->690K(276416K)] 613251K->330425K(963392K), 0.0084430 secs] [Times: user=0.05 sys=0.00, real=0.01 secs] 
2014-07-16T14:37:39.415+0000: 2069.602: [GC [PSYoungGen: 276402K->926K(269568K)] 606137K->330725K(956544K), 0.0037070 secs] [Times: user=0.02 sys=0.00, real=0.00 secs] 
2014-07-16T14:37:40.297+0000: 2070.484: [GC [PSYoungGen: 269533K->1046K(262848K)] 599332K->330925K(949824K), 0.0057480 secs] [Times: user=0.03 sys=0.00, real=0.01 secs] 
2014-07-16T14:37:41.122+0000: 2071.309: [GC [PSYoungGen: 262806K->890K(256064K)] 592685K->330857K(943040K), 0.0101160 secs] [Times: user=0.06 sys=0.00, real=0.01 secs] 
2014-07-16T14:37:41.972+0000: 2072.159: [GC [PSYoungGen: 256051K->704K(249536K)] 586018K->330759K(936512K), 0.0066660 secs] [Times: user=0.04 sys=0.00, real=0.01 secs] 
2014-07-16T14:37:42.765+0000: 2072.952: [GC [PSYoungGen: 249536K->726K(243520K)] 579591K->330861K(930496K), 0.0037200 secs] [Times: user=0.02 sys=0.00, real=0.00 secs] 
2014-07-16T14:37:43.650+0000: 2073.837: [GC [PSYoungGen: 243478K->908K(237888K)] 573613K->331099K(924864K), 0.0049280 secs] [Times: user=0.03 sys=0.00, real=0.01 secs] 
2014-07-16T14:37:44.432+0000: 2074.619: [GC [PSYoungGen: 237804K->1148K(232448K)] 567995K->331599K(919424K), 0.0079900 secs] [Times: user=0.05 sys=0.00, real=0.01 secs] 
2014-07-16T14:37:45.287+0000: 2075.474: [GC [PSYoungGen: 232444K->812K(226688K)] 562895K->331319K(913664K), 0.0073960 secs] [Times: user=0.04 sys=0.01, real=0.01 secs] 
2014-07-16T14:37:46.147+0000: 2076.334: [GC [PSYoungGen: 226668K->882K(221504K)] 557175K->331477K(908480K), 0.0072630 secs] [Times: user=0.05 sys=0.00, real=0.01 secs] 
2014-07-16T14:37:46.958+0000: 2077.145: [GC [PSYoungGen: 221490K->658K(216256K)] 552085K->331293K(903232K), 0.0040920 secs] [Times: user=0.02 sys=0.01, real=0.00 secs] 
2014-07-16T14:37:47.799+0000: 2077.986: [GC [PSYoungGen: 216210K->918K(211648K)] 546845K->331617K(898624K), 0.0046870 secs] [Times: user=0.02 sys=0.00, real=0.00 secs] 
2014-07-16T14:37:48.636+0000: 2078.824: [GC [PSYoungGen: 211520K->1232K(207232K)] 542219K->332011K(894208K), 0.0069380 secs] [Times: user=0.03 sys=0.00, real=0.00 secs] 
2014-07-16T14:37:49.394+0000: 2079.581: [GC [PSYoungGen: 207140K->612K(202048K)] 537920K->331727K(889024K), 0.0069290 secs] [Times: user=0.04 sys=0.00, real=0.00 secs] 
2014-07-16T14:37:50.276+0000: 2080.463: [GC [PSYoungGen: 202020K->1232K(198272K)] 533135K->332451K(885248K), 0.0082360 secs] [Times: user=0.05 sys=0.01, real=0.00 secs] 
2014-07-16T14:37:51.011+0000: 2081.199: [GC [PSYoungGen: 198224K->658K(193472K)] 529443K->331933K(880448K), 0.0070820 secs] [Times: user=0.05 sys=0.00, real=0.01 secs] 
2014-07-16T14:37:51.700+0000: 2081.887: [GC [PSYoungGen: 193426K->1118K(189824K)] 524701K->332465K(876800K), 0.0058120 secs] [Times: user=0.04 sys=0.00, real=0.01 secs] 
2014-07-16T14:37:52.432+0000: 2082.619: [GC [PSYoungGen: 189780K->694K(185408K)] 521127K->332097K(872384K), 0.0084480 secs] [Times: user=0.05 sys=0.00, real=0.01 secs] 
2014-07-16T14:37:53.204+0000: 2083.391: [GC [PSYoungGen: 185398K->1472K(223232K)] 516801K->332915K(910208K), 0.0107840 secs] [Times: user=0.07 sys=0.00, real=0.02 secs] 
2014-07-16T14:37:54.037+0000: 2084.224: [GC [PSYoungGen: 223168K->872K(217472K)] 554611K->332477K(904448K), 0.0075200 secs] [Times: user=0.05 sys=0.00, real=0.00 secs] 
2014-07-16T14:37:54.861+0000: 2085.049: [GC [PSYoungGen: 217448K->1018K(212672K)] 549053K->332711K(899648K), 0.0047800 secs] [Times: user=0.02 sys=0.00, real=0.01 secs] 
2014-07-16T14:37:55.582+0000: 2085.769: [GC [PSYoungGen: 212642K->890K(207808K)] 544335K->332679K(894784K), 0.0062380 secs] [Times: user=0.03 sys=0.00, real=0.01 secs] 
2014-07-16T14:37:56.343+0000: 2086.530: [GC [PSYoungGen: 207802K->1322K(203712K)] 539591K->333191K(890688K), 0.0043290 secs] [Times: user=0.02 sys=0.01, real=0.01 secs] 
2014-07-16T14:37:57.024+0000: 2087.212: [GC [PSYoungGen: 203690K->832K(198784K)] 535559K->332773K(885760K), 0.0093510 secs] [Times: user=0.06 sys=0.00, real=0.01 secs] 
2014-07-16T14:37:57.672+0000: 2087.859: [GC [PSYoungGen: 198782K->566K(238144K)] 530723K->332547K(925120K), 0.0108320 secs] [Times: user=0.06 sys=0.00, real=0.01 secs] 
2014-07-16T14:37:58.459+0000: 2088.646: [GC [PSYoungGen: 238134K->608K(232512K)] 570115K->332645K(919488K), 0.0045310 secs] [Times: user=0.02 sys=0.00, real=0.00 secs] 
2014-07-16T14:37:59.254+0000: 2089.442: [GC [PSYoungGen: 232480K->818K(227264K)] 564517K->332935K(914240K), 0.0052400 secs] [Times: user=0.02 sys=0.00, real=0.01 secs] 
2014-07-16T14:37:59.991+0000: 2090.178: [GC [PSYoungGen: 227247K->986K(222208K)] 559364K->333183K(909184K), 0.0083630 secs] [Times: user=0.06 sys=0.00, real=0.01 secs] 
2014-07-16T14:38:00.731+0000: 2090.918: [GC [PSYoungGen: 222170K->726K(216896K)] 554367K->332971K(903872K), 0.0074990 secs] [Times: user=0.05 sys=0.00, real=0.01 secs] 
2014-07-16T14:38:01.441+0000: 2091.628: [GC [PSYoungGen: 216854K->922K(212160K)] 549099K->333231K(899136K), 0.0036280 secs] [Times: user=0.02 sys=0.00, real=0.00 secs] 
2014-07-16T14:38:02.147+0000: 2092.334: [GC [PSYoungGen: 212122K->580K(207104K)] 544431K->332945K(894080K), 0.0080410 secs] [Times: user=0.06 sys=0.01, real=0.00 secs] 
2014-07-16T14:38:02.805+0000: 2092.992: [GC [PSYoungGen: 207044K->972K(202944K)] 539409K->333449K(889920K), 0.0051570 secs] [Times: user=0.04 sys=0.00, real=0.01 secs] 
2014-07-16T14:38:03.471+0000: 2093.658: [GC [PSYoungGen: 202892K->1162K(198720K)] 535369K->333711K(885696K), 0.0064220 secs] [Times: user=0.04 sys=0.01, real=0.01 secs] 
2014-07-16T14:38:04.129+0000: 2094.316: [GC [PSYoungGen: 198649K->634K(193920K)] 531198K->333351K(880896K), 0.0037030 secs] [Times: user=0.02 sys=0.00, real=0.00 secs] 
2014-07-16T14:38:04.847+0000: 2095.034: [GC [PSYoungGen: 193914K->1450K(190656K)] 526631K->334599K(877632K), 0.0098230 secs] [Times: user=0.06 sys=0.00, real=0.01 secs] 
2014-07-16T14:38:05.554+0000: 2095.741: [GC [PSYoungGen: 190634K->890K(186112K)] 523783K->334785K(873088K), 0.0080060 secs] [Times: user=0.03 sys=0.00, real=0.01 secs] 
2014-07-16T14:38:06.204+0000: 2096.391: [GC [PSYoungGen: 186106K->1354K(182784K)] 520001K->335361K(869760K), 0.0058870 secs] [Times: user=0.04 sys=0.00, real=0.01 secs] 
2014-07-16T14:38:06.842+0000: 2097.029: [GC [PSYoungGen: 182668K->812K(218496K)] 516676K->334941K(905472K), 0.0105740 secs] [Times: user=0.07 sys=0.00, real=0.01 secs] 
2014-07-16T14:38:07.545+0000: 2097.732: [GC [PSYoungGen: 218464K->1258K(214016K)] 552593K->335475K(900992K), 0.0035040 secs] [Times: user=0.02 sys=0.01, real=0.01 secs] 
2014-07-16T14:38:08.214+0000: 2098.401: [GC [PSYoungGen: 213944K->1504K(209472K)] 548162K->335801K(896448K), 0.0041180 secs] [Times: user=0.02 sys=0.01, real=0.01 secs] 
2014-07-16T14:38:08.881+0000: 2099.068: [GC [PSYoungGen: 209440K->758K(204096K)] 543737K->335119K(891072K), 0.0083730 secs] [Times: user=0.05 sys=0.00, real=0.01 secs] 
2014-07-16T14:38:09.578+0000: 2099.765: [GC [PSYoungGen: 204086K->772K(199680K)] 538447K->335229K(886656K), 0.0067190 secs] [Times: user=0.04 sys=0.00, real=0.00 secs] 
2014-07-16T14:38:10.244+0000: 2100.432: [GC [PSYoungGen: 199620K->908K(195520K)] 534077K->335445K(882496K), 0.0044540 secs] [Times: user=0.03 sys=0.00, real=0.01 secs] 
2014-07-16T14:38:10.874+0000: 2101.061: [GC [PSYoungGen: 195468K->416K(190848K)] 530005K->335017K(877824K), 0.0072980 secs] [Times: user=0.04 sys=0.00, real=0.01 secs] 
2014-07-16T14:38:11.473+0000: 2101.660: [GC [PSYoungGen: 190816K->1026K(229568K)] 525417K->335699K(916544K), 0.0084210 secs] [Times: user=0.05 sys=0.00, real=0.01 secs] 
2014-07-16T14:38:12.237+0000: 2102.425: [GC [PSYoungGen: 229506K->1250K(224448K)] 564179K->335971K(911424K), 0.0056420 secs] [Times: user=0.02 sys=0.00, real=0.01 secs] 
2014-07-16T14:38:12.983+0000: 2103.170: [GC [PSYoungGen: 224418K->754K(218816K)] 559139K->335571K(905792K), 0.0062460 secs] [Times: user=0.04 sys=0.00, real=0.01 secs] 
2014-07-16T14:38:13.688+0000: 2103.875: [GC [PSYoungGen: 218802K->1350K(214464K)] 553619K->336239K(901440K), 0.0040330 secs] [Times: user=0.01 sys=0.00, real=0.00 secs] 
2014-07-16T14:38:14.387+0000: 2104.575: [GC [PSYoungGen: 214406K->1040K(209344K)] 549295K->336009K(896320K), 0.0073160 secs] [Times: user=0.05 sys=0.00, real=0.01 secs] 
2014-07-16T14:38:15.124+0000: 2105.311: [GC [PSYoungGen: 209296K->1028K(251008K)] 544265K->336085K(937984K), 0.0170270 secs] [Times: user=0.12 sys=0.00, real=0.02 secs] 
2014-07-16T14:38:15.951+0000: 2106.138: [GC [PSYoungGen: 250935K->1026K(300992K)] 585993K->336155K(987968K), 0.0093320 secs] [Times: user=0.05 sys=0.00, real=0.01 secs] 
2014-07-16T14:38:16.922+0000: 2107.110: [GC [PSYoungGen: 300930K->844K(309760K)] 636059K->336005K(996736K), 0.0047410 secs] [Times: user=0.02 sys=0.00, real=0.00 secs] 
2014-07-16T14:38:17.956+0000: 2108.144: [GC [PSYoungGen: 309260K->726K(300800K)] 644421K->335927K(987776K), 0.0108120 secs] [Times: user=0.06 sys=0.00, real=0.01 secs] 
2014-07-16T14:38:18.987+0000: 2109.174: [GC [PSYoungGen: 300758K->884K(292864K)] 635959K->336237K(979840K), 0.0063540 secs] [Times: user=0.04 sys=0.01, real=0.01 secs] 
2014-07-16T14:38:19.988+0000: 2110.175: [GC [PSYoungGen: 292849K->1324K(285568K)] 628202K->336749K(972544K), 0.0071840 secs] [Times: user=0.05 sys=0.00, real=0.01 secs] 
2014-07-16T14:38:20.865+0000: 2111.052: [GC [PSYoungGen: 285548K->868K(277696K)] 620973K->336381K(964672K), 0.0084300 secs] [Times: user=0.06 sys=0.00, real=0.01 secs] 
2014-07-16T14:38:21.808+0000: 2111.996: [GC [PSYoungGen: 277668K->1154K(270912K)] 613181K->336715K(957888K), 0.0098460 secs] [Times: user=0.07 sys=0.00, real=0.01 secs] 
2014-07-16T14:38:22.662+0000: 2112.849: [GC [PSYoungGen: 270850K->808K(263680K)] 606411K->336441K(950656K), 0.0064840 secs] [Times: user=0.04 sys=0.00, real=0.00 secs] 
2014-07-16T14:38:23.530+0000: 2113.717: [GC [PSYoungGen: 263656K->912K(257216K)] 599289K->336585K(944192K), 0.0045540 secs] [Times: user=0.02 sys=0.00, real=0.00 secs] 
2014-07-16T14:38:24.480+0000: 2114.668: [GC [PSYoungGen: 257168K->900K(250880K)] 592841K->336661K(937856K), 0.0115950 secs] [Times: user=0.07 sys=0.01, real=0.01 secs] 
2014-07-16T14:38:25.680+0000: 2115.868: [GC [PSYoungGen: 250820K->772K(244608K)] 586581K->336573K(931584K), 0.0087140 secs] [Times: user=0.05 sys=0.00, real=0.00 secs] 
2014-07-16T14:38:26.608+0000: 2116.795: [GC [PSYoungGen: 244548K->1064K(238976K)] 580349K->336969K(925952K), 0.0059010 secs] [Times: user=0.03 sys=0.00, real=0.01 secs] 
2014-07-16T14:38:27.493+0000: 2117.680: [GC [PSYoungGen: 238921K->740K(232960K)] 574826K->336717K(919936K), 0.0141170 secs] [Times: user=0.09 sys=0.00, real=0.01 secs] 
2014-07-16T14:38:28.427+0000: 2118.614: [GC [PSYoungGen: 232932K->1000K(227776K)] 568909K->337049K(914752K), 0.0042490 secs] [Times: user=0.03 sys=0.00, real=0.01 secs] 
2014-07-16T14:38:29.248+0000: 2119.435: [GC [PSYoungGen: 227667K->1104K(222656K)] 563717K->337257K(909632K), 0.0088590 secs] [Times: user=0.06 sys=0.01, real=0.01 secs] 
2014-07-16T14:38:30.160+0000: 2120.348: [GC [PSYoungGen: 222607K->826K(266688K)] 558760K->337211K(953664K), 0.0158450 secs] [Times: user=0.11 sys=0.00, real=0.02 secs] 
2014-07-16T14:38:31.261+0000: 2121.448: [GC [PSYoungGen: 266682K->950K(301952K)] 603067K->337399K(988928K), 0.0098870 secs] [Times: user=0.06 sys=0.00, real=0.01 secs] 
2014-07-16T14:38:32.363+0000: 2122.550: [GC [PSYoungGen: 301430K->1186K(320384K)] 637879K->337813K(1007360K), 0.0105220 secs] [Times: user=0.06 sys=0.00, real=0.01 secs] 
2014-07-16T14:38:33.650+0000: 2123.837: [GC [PSYoungGen: 320162K->972K(311232K)] 656789K->337695K(998208K), 0.0050530 secs] [Times: user=0.02 sys=0.00, real=0.01 secs] 
2014-07-16T14:38:34.807+0000: 2124.994: [GC [PSYoungGen: 311180K->488K(302272K)] 647903K->337619K(989248K), 0.0031650 secs] [Times: user=0.02 sys=0.00, real=0.00 secs] 
2014-07-16T14:38:36.037+0000: 2126.224: [GC [PSYoungGen: 302248K->1214K(294848K)] 639379K->338417K(981824K), 0.0034120 secs] [Times: user=0.02 sys=0.00, real=0.00 secs] 
2014-07-16T14:38:37.015+0000: 2127.202: [GC [PSYoungGen: 294846K->882K(286720K)] 632049K->338489K(973696K), 0.0088340 secs] [Times: user=0.05 sys=0.00, real=0.01 secs] 
2014-07-16T14:38:37.958+0000: 2128.145: [GC [PSYoungGen: 286706K->1022K(279360K)] 624313K->338685K(966336K), 0.0042190 secs] [Times: user=0.02 sys=0.00, real=0.00 secs] 
2014-07-16T14:38:38.830+0000: 2129.018: [GC [PSYoungGen: 279330K->948K(272128K)] 616994K->338883K(959104K), 0.0049190 secs] [Times: user=0.04 sys=0.00, real=0.01 secs] 
2014-07-16T14:38:39.728+0000: 2129.916: [GC [PSYoungGen: 272116K->594K(264896K)] 610051K->338609K(951872K), 0.0045010 secs] [Times: user=0.03 sys=0.00, real=0.01 secs] 
2014-07-16T14:38:40.561+0000: 2130.748: [GC [PSYoungGen: 264826K->862K(258496K)] 602841K->338973K(945472K), 0.0050140 secs] [Times: user=0.03 sys=0.00, real=0.01 secs] 
2014-07-16T14:38:41.401+0000: 2131.588: [GC [PSYoungGen: 258462K->946K(252160K)] 596573K->339129K(939136K), 0.0149750 secs] [Times: user=0.09 sys=0.00, real=0.02 secs] 
2014-07-16T14:38:42.212+0000: 2132.400: [GC [PSYoungGen: 252146K->962K(246080K)] 590329K->339217K(933056K), 0.0081510 secs] [Times: user=0.06 sys=0.00, real=0.00 secs] 
2014-07-16T14:38:43.012+0000: 2133.199: [GC [PSYoungGen: 246018K->1300K(240448K)] 584273K->339659K(927424K), 0.0057170 secs] [Times: user=0.04 sys=0.00, real=0.01 secs] 
2014-07-16T14:38:43.805+0000: 2133.992: [GC [PSYoungGen: 240380K->370K(233792K)] 578739K->339563K(920768K), 0.0058520 secs] [Times: user=0.04 sys=0.00, real=0.00 secs] 
2014-07-16T14:38:44.591+0000: 2134.778: [GC [PSYoungGen: 233778K->936K(228864K)] 572971K->340225K(915840K), 0.0055160 secs] [Times: user=0.03 sys=0.00, real=0.01 secs] 
2014-07-16T14:38:45.398+0000: 2135.585: [GC [PSYoungGen: 228840K->936K(223552K)] 568129K->340363K(910528K), 0.0069710 secs] [Times: user=0.05 sys=0.01, real=0.01 secs] 
2014-07-16T14:38:46.117+0000: 2136.304: [GC [PSYoungGen: 223528K->826K(218304K)] 562955K->340341K(905280K), 0.0069390 secs] [Times: user=0.04 sys=0.00, real=0.01 secs] 
2014-07-16T14:38:46.852+0000: 2137.039: [GC [PSYoungGen: 218298K->786K(213376K)] 557813K->340373K(900352K), 0.0050300 secs] [Times: user=0.03 sys=0.00, real=0.01 secs] 
2014-07-16T14:38:47.607+0000: 2137.795: [GC [PSYoungGen: 213330K->1178K(208960K)] 552917K->340845K(895936K), 0.0112710 secs] [Times: user=0.08 sys=0.00, real=0.01 secs] 
2014-07-16T14:38:48.327+0000: 2138.514: [GC [PSYoungGen: 208922K->768K(203904K)] 548589K->340507K(890880K), 0.0081550 secs] [Times: user=0.04 sys=0.01, real=0.01 secs] 
2014-07-16T14:38:49.038+0000: 2139.225: [GC [PSYoungGen: 203891K->854K(199616K)] 543631K->340681K(886592K), 0.0049060 secs] [Times: user=0.03 sys=0.00, real=0.00 secs] 
2014-07-16T14:38:49.680+0000: 2139.867: [GC [PSYoungGen: 199574K->868K(195328K)] 539401K->340751K(882304K), 0.0042190 secs] [Times: user=0.02 sys=0.00, real=0.01 secs] 
2014-07-16T14:38:50.351+0000: 2140.538: [GC [PSYoungGen: 195299K->1350K(191680K)] 535182K->341297K(878656K), 0.0049260 secs] [Times: user=0.03 sys=0.00, real=0.01 secs] 
2014-07-16T14:38:50.970+0000: 2141.158: [GC [PSYoungGen: 191622K->562K(186816K)] 531569K->340653K(873792K), 0.0061490 secs] [Times: user=0.04 sys=0.00, real=0.01 secs] 
2014-07-16T14:38:51.585+0000: 2141.772: [GC [PSYoungGen: 186802K->1082K(183424K)] 526893K->341261K(870400K), 0.0039510 secs] [Times: user=0.02 sys=0.00, real=0.00 secs] 
2014-07-16T14:38:52.182+0000: 2142.369: [GC [PSYoungGen: 183379K->1182K(179776K)] 523558K->341441K(866752K), 0.0045630 secs] [Times: user=0.02 sys=0.01, real=0.01 secs] 
2014-07-16T14:38:52.763+0000: 2142.950: [GC [PSYoungGen: 179742K->1050K(176000K)] 520001K->341381K(862976K), 0.0057630 secs] [Times: user=0.04 sys=0.00, real=0.01 secs] 
2014-07-16T14:38:53.320+0000: 2143.507: [GC [PSYoungGen: 175932K->830K(210752K)] 516264K->341225K(897728K), 0.0089300 secs] [Times: user=0.06 sys=0.00, real=0.01 secs] 
2014-07-16T14:38:54.021+0000: 2144.208: [GC [PSYoungGen: 210750K->608K(205888K)] 551145K->341035K(892864K), 0.0057850 secs] [Times: user=0.02 sys=0.00, real=0.01 secs] 
2014-07-16T14:38:54.747+0000: 2144.935: [GC [PSYoungGen: 205835K->740K(201472K)] 546262K->341231K(888448K), 0.0041920 secs] [Times: user=0.01 sys=0.01, real=0.00 secs] 
2014-07-16T14:38:55.490+0000: 2145.677: [GC [PSYoungGen: 201444K->1154K(242112K)] 541935K->341709K(929088K), 0.0112970 secs] [Times: user=0.06 sys=0.00, real=0.01 secs] 
2014-07-16T14:38:56.306+0000: 2146.493: [GC [PSYoungGen: 242050K->944K(236096K)] 582605K->341547K(923072K), 0.0053240 secs] [Times: user=0.02 sys=0.00, real=0.00 secs] 
2014-07-16T14:38:57.204+0000: 2147.392: [GC [PSYoungGen: 236040K->1318K(230912K)] 576644K->341977K(917888K), 0.0117810 secs] [Times: user=0.07 sys=0.00, real=0.02 secs] 
2014-07-16T14:38:57.973+0000: 2148.160: [GC [PSYoungGen: 230886K->702K(276224K)] 571545K->341600K(963200K), 0.0093670 secs] [Times: user=0.06 sys=0.00, real=0.01 secs] 
2014-07-16T14:38:58.913+0000: 2149.100: [GC [PSYoungGen: 276184K->1180K(269632K)] 617083K->342126K(956608K), 0.0080420 secs] [Times: user=0.05 sys=0.00, real=0.01 secs] 
2014-07-16T14:38:59.801+0000: 2149.988: [GC [PSYoungGen: 269574K->744K(262400K)] 610520K->341912K(949376K), 0.0065660 secs] [Times: user=0.04 sys=0.00, real=0.01 secs] 
2014-07-16T14:39:00.699+0000: 2150.886: [GC [PSYoungGen: 262332K->1094K(256256K)] 603500K->342310K(943232K), 0.0071050 secs] [Times: user=0.04 sys=0.00, real=0.01 secs] 
2014-07-16T14:39:01.567+0000: 2151.754: [GC [PSYoungGen: 256198K->826K(249600K)] 597414K->342106K(936576K), 0.0037480 secs] [Times: user=0.02 sys=0.00, real=0.00 secs] 
2014-07-16T14:39:02.367+0000: 2152.554: [GC [PSYoungGen: 249591K->940K(243648K)] 590872K->342284K(930624K), 0.0076950 secs] [Times: user=0.04 sys=0.01, real=0.00 secs] 
2014-07-16T14:39:03.201+0000: 2153.388: [GC [PSYoungGen: 243628K->1212K(238080K)] 584972K->342734K(925056K), 0.0086970 secs] [Times: user=0.06 sys=0.00, real=0.01 secs] 
2014-07-16T14:39:04.011+0000: 2154.198: [GC [PSYoungGen: 238048K->1268K(232512K)] 579571K->342902K(919488K), 0.0077390 secs] [Times: user=0.06 sys=0.00, real=0.01 secs] 
2014-07-16T14:39:04.747+0000: 2154.934: [GC [PSYoungGen: 232500K->634K(278144K)] 574134K->342537K(965120K), 0.0113150 secs] [Times: user=0.08 sys=0.00, real=0.01 secs] 
2014-07-16T14:39:05.713+0000: 2155.900: [GC [PSYoungGen: 278138K->1194K(271552K)] 620041K->343138K(958528K), 0.0047930 secs] [Times: user=0.03 sys=0.00, real=0.01 secs] 
2014-07-16T14:39:06.607+0000: 2156.794: [GC [PSYoungGen: 271530K->954K(299968K)] 613474K->343025K(986944K), 0.0132960 secs] [Times: user=0.09 sys=0.00, real=0.01 secs] 
2014-07-16T14:39:07.590+0000: 2157.778: [GC [PSYoungGen: 299514K->1508K(292096K)] 641585K->343832K(979072K), 0.0066400 secs] [Times: user=0.04 sys=0.00, real=0.01 secs] 
2014-07-16T14:39:08.508+0000: 2158.695: [GC [PSYoungGen: 292025K->64K(282944K)] 634349K->343196K(969920K), 0.0039500 secs] [Times: user=0.02 sys=0.00, real=0.00 secs] 
2014-07-16T14:39:09.432+0000: 2159.620: [GC [PSYoungGen: 282936K->1012K(277248K)] 626068K->344184K(964224K), 0.0076880 secs] [Times: user=0.04 sys=0.00, real=0.01 secs] 
2014-07-16T14:39:10.395+0000: 2160.582: [GC [PSYoungGen: 276532K->1010K(269440K)] 619704K->344702K(956416K), 0.0045800 secs] [Times: user=0.02 sys=0.00, real=0.01 secs] 
2014-07-16T14:39:11.211+0000: 2161.398: [GC [PSYoungGen: 269426K->944K(262592K)] 613118K->344716K(949568K), 0.0062530 secs] [Times: user=0.04 sys=0.00, real=0.01 secs] 
2014-07-16T14:39:12.015+0000: 2162.203: [GC [PSYoungGen: 262541K->914K(256064K)] 606313K->344766K(943040K), 0.0067960 secs] [Times: user=0.04 sys=0.00, real=0.01 secs] 
2014-07-16T14:39:12.882+0000: 2163.069: [GC [PSYoungGen: 256006K->1482K(250304K)] 599859K->345414K(937280K), 0.0074770 secs] [Times: user=0.05 sys=0.00, real=0.01 secs] 
2014-07-16T14:39:13.630+0000: 2163.817: [GC [PSYoungGen: 250250K->384K(243072K)] 594182K->344364K(930048K), 0.0069020 secs] [Times: user=0.04 sys=0.00, real=0.00 secs] 
2014-07-16T14:39:14.424+0000: 2164.611: [GC [PSYoungGen: 243072K->736K(237632K)] 587052K->344788K(924608K), 0.0079030 secs] [Times: user=0.05 sys=0.00, real=0.01 secs] 
2014-07-16T14:39:15.199+0000: 2165.386: [GC [PSYoungGen: 237600K->850K(232128K)] 581652K->344966K(919104K), 0.0044390 secs] [Times: user=0.02 sys=0.00, real=0.00 secs] 
2014-07-16T14:39:15.974+0000: 2166.161: [GC [PSYoungGen: 232082K->804K(226624K)] 576198K->345000K(913600K), 0.0122440 secs] [Times: user=0.08 sys=0.01, real=0.01 secs] 
2014-07-16T14:39:16.773+0000: 2166.960: [GC [PSYoungGen: 226596K->908K(221504K)] 570792K->345176K(908480K), 0.0050100 secs] [Times: user=0.02 sys=0.00, real=0.01 secs] 
2014-07-16T14:39:17.586+0000: 2167.774: [GC [PSYoungGen: 221452K->1090K(216640K)] 565720K->345430K(903616K), 0.0069370 secs] [Times: user=0.03 sys=0.00, real=0.01 secs] 
2014-07-16T14:39:18.258+0000: 2168.446: [GC [PSYoungGen: 216578K->594K(211264K)] 560918K->345006K(898240K), 0.0062660 secs] [Times: user=0.03 sys=0.01, real=0.00 secs] 
2014-07-16T14:39:18.941+0000: 2169.128: [GC [PSYoungGen: 211218K->1064K(253888K)] 555630K->345556K(940864K), 0.0105640 secs] [Times: user=0.07 sys=0.00, real=0.01 secs] 
2014-07-16T14:39:19.738+0000: 2169.925: [GC [PSYoungGen: 253864K->886K(247488K)] 598356K->345442K(934464K), 0.0058070 secs] [Times: user=0.03 sys=0.00, real=0.00 secs] 
2014-07-16T14:39:20.554+0000: 2170.741: [GC [PSYoungGen: 247478K->1364K(241984K)] 592034K->345984K(928960K), 0.0047490 secs] [Times: user=0.02 sys=0.01, real=0.01 secs] 
2014-07-16T14:39:21.312+0000: 2171.499: [GC [PSYoungGen: 241940K->830K(235648K)] 586560K->345594K(922624K), 0.0032050 secs] [Times: user=0.02 sys=0.00, real=0.00 secs] 
2014-07-16T14:39:22.091+0000: 2172.278: [GC [PSYoungGen: 235646K->626K(229888K)] 580410K->345454K(916864K), 0.0060610 secs] [Times: user=0.04 sys=0.01, real=0.00 secs] 
2014-07-16T14:39:22.790+0000: 2172.977: [GC [PSYoungGen: 229874K->844K(224768K)] 574702K->345728K(911744K), 0.0081940 secs] [Times: user=0.05 sys=0.00, real=0.00 secs] 
2014-07-16T14:39:23.506+0000: 2173.693: [GC [PSYoungGen: 224659K->1198K(219904K)] 569543K->346130K(906880K), 0.0044220 secs] [Times: user=0.03 sys=0.00, real=0.01 secs] 
2014-07-16T14:39:24.245+0000: 2174.433: [GC [PSYoungGen: 219886K->862K(214592K)] 564818K->345866K(901568K), 0.0094620 secs] [Times: user=0.05 sys=0.00, real=0.01 secs] 
2014-07-16T14:39:24.914+0000: 2175.101: [GC [PSYoungGen: 214512K->758K(209664K)] 559516K->345834K(896640K), 0.0049160 secs] [Times: user=0.02 sys=0.00, real=0.00 secs] 
2014-07-16T14:39:25.618+0000: 2175.805: [GC [PSYoungGen: 209654K->812K(205056K)] 554730K->345944K(892032K), 0.0070650 secs] [Times: user=0.04 sys=0.00, real=0.01 secs] 
2014-07-16T14:39:26.281+0000: 2176.468: [GC [PSYoungGen: 205001K->780K(245952K)] 550133K->345952K(932928K), 0.0117480 secs] [Times: user=0.07 sys=0.00, real=0.01 secs] 
2014-07-16T14:39:27.237+0000: 2177.424: [GC [PSYoungGen: 245900K->946K(284608K)] 591072K->346198K(971584K), 0.0080450 secs] [Times: user=0.04 sys=0.00, real=0.01 secs] 
2014-07-16T14:39:28.143+0000: 2178.330: [GC [PSYoungGen: 284204K->1322K(277248K)] 629457K->346622K(964224K), 0.0052570 secs] [Times: user=0.03 sys=0.00, real=0.00 secs] 
2014-07-16T14:39:29.072+0000: 2179.259: [GC [PSYoungGen: 277226K->128K(268928K)] 622526K->346014K(955904K), 0.0109450 secs] [Times: user=0.07 sys=0.00, real=0.01 secs] 
2014-07-16T14:39:29.934+0000: 2180.121: [GC [PSYoungGen: 268908K->994K(262976K)] 614795K->346928K(949952K), 0.0041930 secs] [Times: user=0.02 sys=0.00, real=0.00 secs] 
2014-07-16T14:39:30.782+0000: 2180.969: [GC [PSYoungGen: 262946K->848K(256256K)] 608880K->347178K(943232K), 0.0066440 secs] [Times: user=0.04 sys=0.01, real=0.00 secs] 
2014-07-16T14:39:31.584+0000: 2181.771: [GC [PSYoungGen: 256164K->876K(249920K)] 602495K->347286K(936896K), 0.0085830 secs] [Times: user=0.05 sys=0.00, real=0.01 secs] 
2014-07-16T14:39:32.363+0000: 2182.550: [GC [PSYoungGen: 249900K->1076K(244032K)] 596310K->347780K(931008K), 0.0083860 secs] [Times: user=0.05 sys=0.00, real=0.01 secs] 
2014-07-16T14:39:33.114+0000: 2183.302: [GC [PSYoungGen: 244020K->1100K(238208K)] 590724K->347892K(925184K), 0.0062560 secs] [Times: user=0.03 sys=0.00, real=0.01 secs] 
2014-07-16T14:39:33.904+0000: 2184.091: [GC [PSYoungGen: 238154K->884K(232320K)] 584947K->347820K(919296K), 0.0060850 secs] [Times: user=0.04 sys=0.00, real=0.01 secs] 
2014-07-16T14:39:34.665+0000: 2184.852: [GC [PSYoungGen: 232308K->1394K(227392K)] 579244K->348378K(914368K), 0.0082500 secs] [Times: user=0.04 sys=0.00, real=0.01 secs] 
2014-07-16T14:39:35.384+0000: 2185.571: [GC [PSYoungGen: 227378K->530K(221312K)] 574362K->347702K(908288K), 0.0042640 secs] [Times: user=0.02 sys=0.00, real=0.00 secs] 
2014-07-16T14:39:36.157+0000: 2186.344: [GC [PSYoungGen: 221266K->1290K(217024K)] 568438K->348550K(904000K), 0.0045930 secs] [Times: user=0.02 sys=0.00, real=0.01 secs] 
2014-07-16T14:39:36.864+0000: 2187.051: [GC [PSYoungGen: 216959K->1022K(211840K)] 564219K->348346K(898816K), 0.0046570 secs] [Times: user=0.02 sys=0.00, real=0.00 secs] 
2014-07-16T14:39:37.524+0000: 2187.711: [GC [PSYoungGen: 211761K->630K(206720K)] 559085K->348026K(893696K), 0.0070520 secs] [Times: user=0.04 sys=0.01, real=0.01 secs] 
2014-07-16T14:39:38.190+0000: 2188.377: [GC [PSYoungGen: 206710K->990K(202560K)] 554106K->348458K(889536K), 0.0037630 secs] [Times: user=0.02 sys=0.00, real=0.01 secs] 
2014-07-16T14:39:38.850+0000: 2189.037: [GC [PSYoungGen: 202526K->1190K(198336K)] 549994K->348738K(885312K), 0.0035530 secs] [Times: user=0.02 sys=0.00, real=0.01 secs] 
2014-07-16T14:39:39.532+0000: 2189.719: [GC [PSYoungGen: 198310K->1014K(193920K)] 545858K->348802K(880896K), 0.0053410 secs] [Times: user=0.02 sys=0.00, real=0.00 secs] 
2014-07-16T14:39:40.174+0000: 2190.361: [GC [PSYoungGen: 193896K->676K(189504K)] 541685K->348552K(876480K), 0.0061150 secs] [Times: user=0.04 sys=0.00, real=0.00 secs] 
2014-07-16T14:39:40.787+0000: 2190.974: [GC [PSYoungGen: 189476K->744K(185600K)] 537352K->348700K(872576K), 0.0036760 secs] [Times: user=0.02 sys=0.00, real=0.00 secs] 
2014-07-16T14:39:41.358+0000: 2191.545: [GC [PSYoungGen: 185532K->872K(181888K)] 533489K->348908K(868864K), 0.0084770 secs] [Times: user=0.05 sys=0.01, real=0.01 secs] 
2014-07-16T14:39:41.908+0000: 2192.095: [GC [PSYoungGen: 181864K->766K(178048K)] 529900K->348858K(865024K), 0.0073290 secs] [Times: user=0.04 sys=0.00, real=0.01 secs] 
2014-07-16T14:39:42.478+0000: 2192.666: [GC [PSYoungGen: 178046K->826K(213568K)] 526138K->348982K(900544K), 0.0069680 secs] [Times: user=0.04 sys=0.00, real=0.01 secs] 
2014-07-16T14:39:43.158+0000: 2193.345: [GC [PSYoungGen: 213562K->1404K(256704K)] 561718K->349832K(943680K), 0.0087050 secs] [Times: user=0.05 sys=0.01, real=0.01 secs] 
2014-07-16T14:39:43.975+0000: 2194.162: [GC [PSYoungGen: 256700K->1640K(272576K)] 605128K->350548K(959552K), 0.0071280 secs] [Times: user=0.04 sys=0.00, real=0.01 secs] 
2014-07-16T14:39:44.850+0000: 2195.037: [GC [PSYoungGen: 272552K->740K(264768K)] 621460K->349744K(951744K), 0.0078820 secs] [Times: user=0.06 sys=0.01, real=0.01 secs] 
2014-07-16T14:39:45.745+0000: 2195.932: [GC [PSYoungGen: 264740K->812K(258176K)] 613744K->349856K(945152K), 0.0045600 secs] [Times: user=0.02 sys=0.01, real=0.00 secs] 
2014-07-16T14:39:46.546+0000: 2196.733: [GC [PSYoungGen: 258156K->726K(251712K)] 607200K->349834K(938688K), 0.0046370 secs] [Times: user=0.02 sys=0.00, real=0.00 secs] 
2014-07-16T14:39:47.393+0000: 2197.580: [GC [PSYoungGen: 251670K->512K(245312K)] 600778K->349700K(932288K), 0.0102290 secs] [Times: user=0.06 sys=0.00, real=0.01 secs] 
2014-07-16T14:39:48.212+0000: 2198.399: [GC [PSYoungGen: 245312K->1608K(240512K)] 594500K->350852K(927488K), 0.0080190 secs] [Times: user=0.05 sys=0.00, real=0.00 secs] 
2014-07-16T14:39:49.011+0000: 2199.199: [GC [PSYoungGen: 240447K->1354K(288064K)] 589692K->350670K(975040K), 0.0146760 secs] [Times: user=0.09 sys=0.01, real=0.02 secs] 
2014-07-16T14:39:49.964+0000: 2200.151: [GC [PSYoungGen: 288010K->822K(280000K)] 637326K->350210K(966976K), 0.0053920 secs] [Times: user=0.03 sys=0.00, real=0.00 secs] 
2014-07-16T14:39:50.939+0000: 2201.126: [GC [PSYoungGen: 279990K->1100K(302976K)] 629378K->350536K(989952K), 0.0131670 secs] [Times: user=0.07 sys=0.01, real=0.01 secs] 
2014-07-16T14:39:51.860+0000: 2202.047: [GC [PSYoungGen: 302156K->1098K(336960K)] 651592K->350614K(1023936K), 0.0078000 secs] [Times: user=0.05 sys=0.00, real=0.01 secs] 
2014-07-16T14:39:52.955+0000: 2203.142: [GC [PSYoungGen: 336202K->926K(326656K)] 685718K->350490K(1013632K), 0.0094820 secs] [Times: user=0.05 sys=0.00, real=0.01 secs] 
2014-07-16T14:39:54.014+0000: 2204.202: [GC [PSYoungGen: 326622K->890K(317504K)] 676186K->350526K(1004480K), 0.0042160 secs] [Times: user=0.01 sys=0.00, real=0.00 secs] 
2014-07-16T14:39:54.993+0000: 2205.180: [GC [PSYoungGen: 317498K->994K(308928K)] 667134K->350702K(995904K), 0.0074820 secs] [Times: user=0.05 sys=0.01, real=0.01 secs] 
2014-07-16T14:39:56.024+0000: 2206.211: [GC [PSYoungGen: 308898K->858K(300480K)] 658606K->350630K(987456K), 0.0106020 secs] [Times: user=0.06 sys=0.00, real=0.02 secs] 
2014-07-16T14:39:57.196+0000: 2207.383: [GC [PSYoungGen: 300396K->722K(292352K)] 650169K->350574K(979328K), 0.0078570 secs] [Times: user=0.05 sys=0.00, real=0.00 secs] 
2014-07-16T14:39:58.334+0000: 2208.521: [GC [PSYoungGen: 292306K->868K(284800K)] 642158K->350776K(971776K), 0.0045490 secs] [Times: user=0.02 sys=0.00, real=0.00 secs] 
2014-07-16T14:39:59.542+0000: 2209.729: [GC [PSYoungGen: 284739K->1182K(277696K)] 634647K->351170K(964672K), 0.0094400 secs] [Times: user=0.06 sys=0.00, real=0.01 secs] 
2014-07-16T14:40:00.718+0000: 2210.905: [GC [PSYoungGen: 277614K->1018K(270400K)] 627603K->351118K(957376K), 0.0102390 secs] [Times: user=0.06 sys=0.00, real=0.01 secs] 
2014-07-16T14:40:01.823+0000: 2212.011: [GC [PSYoungGen: 270394K->530K(263104K)] 620494K->350686K(950080K), 0.0099680 secs] [Times: user=0.06 sys=0.00, real=0.01 secs] 
2014-07-16T14:40:02.815+0000: 2213.002: [GC [PSYoungGen: 263058K->826K(256768K)] 613214K->351038K(943744K), 0.0065670 secs] [Times: user=0.05 sys=0.00, real=0.01 secs] 
2014-07-16T14:40:03.774+0000: 2213.962: [GC [PSYoungGen: 256762K->972K(250624K)] 606974K->351256K(937600K), 0.0090800 secs] [Times: user=0.06 sys=0.00, real=0.01 secs] 
2014-07-16T14:40:04.691+0000: 2214.878: [GC [PSYoungGen: 250571K->726K(244288K)] 600856K->351074K(931264K), 0.0064200 secs] [Times: user=0.04 sys=0.00, real=0.01 secs] 
2014-07-16T14:40:05.589+0000: 2215.776: [GC [PSYoungGen: 244246K->1168K(238848K)] 594594K->351580K(925824K), 0.0072490 secs] [Times: user=0.05 sys=0.00, real=0.01 secs] 
2014-07-16T14:40:06.569+0000: 2216.756: [GC [PSYoungGen: 238783K->1016K(232960K)] 589196K->351628K(919936K), 0.0103600 secs] [Times: user=0.06 sys=0.00, real=0.01 secs] 
2014-07-16T14:40:07.510+0000: 2217.697: [GC [PSYoungGen: 232952K->1526K(228032K)] 583564K->352186K(915008K), 0.0115670 secs] [Times: user=0.07 sys=0.00, real=0.01 secs] 
2014-07-16T14:40:08.399+0000: 2218.587: [GC [PSYoungGen: 228022K->698K(221952K)] 578682K->352000K(908928K), 0.0059580 secs] [Times: user=0.04 sys=0.00, real=0.00 secs] 
2014-07-16T14:40:09.344+0000: 2219.531: [GC [PSYoungGen: 221946K->786K(217024K)] 573248K->352120K(904000K), 0.0104530 secs] [Times: user=0.05 sys=0.00, real=0.01 secs] 
2014-07-16T14:40:10.241+0000: 2220.428: [GC [PSYoungGen: 216978K->1104K(212416K)] 568312K->352502K(899392K), 0.0043940 secs] [Times: user=0.02 sys=0.00, real=0.00 secs] 
2014-07-16T14:40:11.156+0000: 2221.343: [GC [PSYoungGen: 212326K->1154K(207744K)] 563725K->352616K(894720K), 0.0071620 secs] [Times: user=0.02 sys=0.00, real=0.00 secs] 
2014-07-16T14:40:11.976+0000: 2222.163: [GC [PSYoungGen: 207682K->790K(202816K)] 559144K->352316K(889792K), 0.0036650 secs] [Times: user=0.01 sys=0.01, real=0.00 secs] 
2014-07-16T14:40:12.784+0000: 2222.972: [GC [PSYoungGen: 202774K->1432K(199040K)] 554300K->353038K(886016K), 0.0063420 secs] [Times: user=0.04 sys=0.00, real=0.01 secs] 
2014-07-16T14:40:13.517+0000: 2223.704: [GC [PSYoungGen: 199000K->1000K(194368K)] 550606K->352710K(881344K), 0.0069010 secs] [Times: user=0.05 sys=0.00, real=0.00 secs] 
2014-07-16T14:40:14.289+0000: 2224.476: [GC [PSYoungGen: 194344K->1440K(190720K)] 546054K->353198K(877696K), 0.0133080 secs] [Times: user=0.07 sys=0.00, real=0.01 secs] 
2014-07-16T14:40:15.015+0000: 2225.202: [GC [PSYoungGen: 190688K->1004K(186304K)] 542446K->352922K(873280K), 0.0069280 secs] [Times: user=0.05 sys=0.00, real=0.01 secs] 
2014-07-16T14:40:15.692+0000: 2225.880: [GC [PSYoungGen: 186284K->626K(182080K)] 538202K->352616K(869056K), 0.0043650 secs] [Times: user=0.02 sys=0.01, real=0.00 secs] 
2014-07-16T14:40:16.301+0000: 2226.488: [GC [PSYoungGen: 182066K->608K(178368K)] 534056K->352670K(865344K), 0.0062980 secs] [Times: user=0.03 sys=0.00, real=0.01 secs] 
2014-07-16T14:40:16.854+0000: 2227.041: [GC [PSYoungGen: 178336K->480K(174656K)] 530398K->352622K(861632K), 0.0040550 secs] [Times: user=0.02 sys=0.00, real=0.01 secs] 
2014-07-16T14:40:17.413+0000: 2227.601: [GC [PSYoungGen: 174624K->794K(171520K)] 526766K->352976K(858496K), 0.0054880 secs] [Times: user=0.03 sys=0.00, real=0.01 secs] 
2014-07-16T14:40:17.951+0000: 2228.139: [GC [PSYoungGen: 171482K->580K(167936K)] 523664K->352826K(854912K), 0.0060060 secs] [Times: user=0.04 sys=0.00, real=0.01 secs] 
2014-07-16T14:40:18.491+0000: 2228.678: [GC [PSYoungGen: 167876K->1126K(165184K)] 520122K->353436K(852160K), 0.0052600 secs] [Times: user=0.02 sys=0.00, real=0.00 secs] 
2014-07-16T14:40:19.019+0000: 2229.206: [GC [PSYoungGen: 165158K->736K(197632K)] 517468K->353126K(884608K), 0.0081360 secs] [Times: user=0.05 sys=0.01, real=0.01 secs] 
2014-07-16T14:40:19.638+0000: 2229.825: [GC [PSYoungGen: 197577K->840K(193536K)] 549967K->353262K(880512K), 0.0046160 secs] [Times: user=0.02 sys=0.00, real=0.00 secs] 
2014-07-16T14:40:20.264+0000: 2230.451: [GC [PSYoungGen: 193480K->658K(231872K)] 545902K->353160K(918848K), 0.0080680 secs] [Times: user=0.05 sys=0.00, real=0.01 secs] 
2014-07-16T14:40:21.079+0000: 2231.266: [GC [PSYoungGen: 231826K->1372K(227136K)] 584328K->353970K(914112K), 0.0070830 secs] [Times: user=0.04 sys=0.00, real=0.00 secs] 
2014-07-16T14:40:21.857+0000: 2232.044: [GC [PSYoungGen: 227100K->1318K(221824K)] 579698K->354004K(908800K), 0.0051030 secs] [Times: user=0.03 sys=0.00, real=0.01 secs] 
2014-07-16T14:40:22.609+0000: 2232.796: [GC [PSYoungGen: 221793K->744K(216192K)] 574479K->353486K(903168K), 0.0034270 secs] [Times: user=0.02 sys=0.00, real=0.00 secs] 
2014-07-16T14:40:23.331+0000: 2233.518: [GC [PSYoungGen: 216168K->1318K(211904K)] 568910K->354148K(898880K), 0.0039620 secs] [Times: user=0.02 sys=0.00, real=0.00 secs] 
2014-07-16T14:40:24.030+0000: 2234.217: [GC [PSYoungGen: 211878K->1272K(207168K)] 564708K->354174K(894144K), 0.0074650 secs] [Times: user=0.06 sys=0.00, real=0.00 secs] 
2014-07-16T14:40:24.698+0000: 2234.885: [GC [PSYoungGen: 207160K->772K(202176K)] 560062K->353762K(889152K), 0.0059410 secs] [Times: user=0.04 sys=0.00, real=0.01 secs] 
2014-07-16T14:40:25.366+0000: 2235.553: [GC [PSYoungGen: 202116K->1104K(198144K)] 555106K->354150K(885120K), 0.0037870 secs] [Times: user=0.02 sys=0.00, real=0.01 secs] 
2014-07-16T14:40:26.041+0000: 2236.228: [GC [PSYoungGen: 198090K->968K(193792K)] 551137K->354078K(880768K), 0.0087720 secs] [Times: user=0.05 sys=0.00, real=0.01 secs] 
2014-07-16T14:40:26.704+0000: 2236.891: [GC [PSYoungGen: 193736K->1090K(189824K)] 546846K->354272K(876800K), 0.0059840 secs] [Times: user=0.04 sys=0.00, real=0.01 secs] 
2014-07-16T14:40:27.337+0000: 2237.524: [GC [PSYoungGen: 189762K->576K(185280K)] 542944K->353798K(872256K), 0.0090150 secs] [Times: user=0.06 sys=0.00, real=0.01 secs] 
2014-07-16T14:40:27.937+0000: 2238.124: [GC [PSYoungGen: 185280K->1090K(222848K)] 538502K->354376K(909824K), 0.0069720 secs] [Times: user=0.04 sys=0.00, real=0.01 secs] 
2014-07-16T14:40:28.650+0000: 2238.837: [GC [PSYoungGen: 222786K->566K(217152K)] 576072K->353892K(904128K), 0.0041920 secs] [Times: user=0.01 sys=0.00, real=0.00 secs] 
2014-07-16T14:40:29.380+0000: 2239.567: [GC [PSYoungGen: 217142K->962K(212672K)] 570468K->354360K(899648K), 0.0067040 secs] [Times: user=0.03 sys=0.00, real=0.00 secs] 
2014-07-16T14:40:30.080+0000: 2240.267: [GC [PSYoungGen: 212580K->1018K(207936K)] 565978K->354480K(894912K), 0.0057990 secs] [Times: user=0.03 sys=0.01, real=0.00 secs] 
2014-07-16T14:40:30.703+0000: 2240.890: [GC [PSYoungGen: 207930K->480K(202880K)] 561392K->354030K(889856K), 0.0046100 secs] [Times: user=0.02 sys=0.01, real=0.00 secs] 
2014-07-16T14:40:31.387+0000: 2241.575: [GC [PSYoungGen: 202848K->932K(198912K)] 556398K->354546K(885888K), 0.0076970 secs] [Times: user=0.05 sys=0.00, real=0.01 secs] 
2014-07-16T14:40:32.049+0000: 2242.236: [GC [PSYoungGen: 198884K->676K(194368K)] 552498K->354338K(881344K), 0.0080370 secs] [Times: user=0.05 sys=0.00, real=0.01 secs] 
2014-07-16T14:40:32.637+0000: 2242.824: [GC [PSYoungGen: 194291K->694K(190272K)] 547953K->354460K(877248K), 0.0064200 secs] [Times: user=0.04 sys=0.00, real=0.01 secs] 
2014-07-16T14:40:33.269+0000: 2243.457: [GC [PSYoungGen: 190247K->854K(186496K)] 544014K->354692K(873472K), 0.0039110 secs] [Times: user=0.02 sys=0.00, real=0.00 secs] 
2014-07-16T14:40:33.828+0000: 2244.015: [GC [PSYoungGen: 186454K->608K(182400K)] 540292K->354502K(869376K), 0.0069500 secs] [Times: user=0.05 sys=0.00, real=0.01 secs] 
2014-07-16T14:40:34.440+0000: 2244.627: [GC [PSYoungGen: 182368K->804K(218944K)] 536262K->354754K(905920K), 0.0121000 secs] [Times: user=0.06 sys=0.00, real=0.01 secs] 
2014-07-16T14:40:35.129+0000: 2245.316: [GC [PSYoungGen: 218916K->480K(262272K)] 572866K->354494K(949248K), 0.0057020 secs] [Times: user=0.04 sys=0.00, real=0.01 secs] 
2014-07-16T14:40:35.979+0000: 2246.166: [GC [PSYoungGen: 262154K->1050K(256256K)] 616169K->355128K(943232K), 0.0051300 secs] [Times: user=0.03 sys=0.00, real=0.01 secs] 
2014-07-16T14:40:36.818+0000: 2247.005: [GC [PSYoungGen: 256218K->608K(249472K)] 610296K->354790K(936448K), 0.0063740 secs] [Times: user=0.04 sys=0.00, real=0.01 secs] 
2014-07-16T14:40:37.608+0000: 2247.796: [GC [PSYoungGen: 249440K->480K(243264K)] 603622K->354710K(930240K), 0.0040430 secs] [Times: user=0.02 sys=0.00, real=0.01 secs] 
2014-07-16T14:40:38.376+0000: 2248.563: [GC [PSYoungGen: 243230K->858K(237824K)] 597461K->355184K(924800K), 0.0048460 secs] [Times: user=0.02 sys=0.00, real=0.01 secs] 
2014-07-16T14:40:39.170+0000: 2249.357: [GC [PSYoungGen: 237786K->608K(231936K)] 592112K->354998K(918912K), 0.0037370 secs] [Times: user=0.02 sys=0.00, real=0.00 secs] 
2014-07-16T14:40:39.959+0000: 2250.147: [GC [PSYoungGen: 231904K->868K(226752K)] 586294K->355330K(913728K), 0.0109640 secs] [Times: user=0.06 sys=0.00, real=0.02 secs] 
2014-07-16T14:40:40.734+0000: 2250.921: [GC [PSYoungGen: 226689K->882K(221504K)] 581152K->355424K(908480K), 0.0036430 secs] [Times: user=0.02 sys=0.00, real=0.00 secs] 
2014-07-16T14:40:41.622+0000: 2251.810: [GC [PSYoungGen: 221486K->1042K(216640K)] 576029K->355632K(903616K), 0.0056320 secs] [Times: user=0.02 sys=0.00, real=0.00 secs] 
2014-07-16T14:40:42.379+0000: 2252.566: [GC [PSYoungGen: 216594K->754K(211456K)] 571184K->355616K(898432K), 0.0142840 secs] [Times: user=0.07 sys=0.00, real=0.02 secs] 
2014-07-16T14:40:43.065+0000: 2253.252: [GC [PSYoungGen: 211442K->580K(206592K)] 566304K->355498K(893568K), 0.0058110 secs] [Times: user=0.03 sys=0.00, real=0.00 secs] 
2014-07-16T14:40:43.750+0000: 2253.937: [GC [PSYoungGen: 206499K->1228K(202688K)] 561418K->356242K(889664K), 0.0070430 secs] [Times: user=0.04 sys=0.00, real=0.01 secs] 
2014-07-16T14:40:44.377+0000: 2254.564: [GC [PSYoungGen: 202635K->1350K(243136K)] 557650K->356612K(930112K), 0.0120530 secs] [Times: user=0.06 sys=0.01, real=0.01 secs] 
2014-07-16T14:40:45.150+0000: 2255.337: [GC [PSYoungGen: 243078K->192K(290304K)] 598340K->355944K(977280K), 0.0052730 secs] [Times: user=0.03 sys=0.00, real=0.01 secs] 
2014-07-16T14:40:46.195+0000: 2256.383: [GC [PSYoungGen: 290304K->1170K(283648K)] 646056K->356970K(970624K), 0.0080990 secs] [Times: user=0.04 sys=0.00, real=0.01 secs] 
2014-07-16T14:40:47.107+0000: 2257.294: [GC [PSYoungGen: 283602K->1104K(276224K)] 639402K->356977K(963200K), 0.0069220 secs] [Times: user=0.04 sys=0.00, real=0.01 secs] 
2014-07-16T14:40:47.990+0000: 2258.177: [GC [PSYoungGen: 276176K->1344K(269440K)] 632049K->357289K(956416K), 0.0091680 secs] [Times: user=0.06 sys=0.00, real=0.01 secs] 
2014-07-16T14:40:48.926+0000: 2259.113: [GC [PSYoungGen: 269376K->702K(261952K)] 625321K->357163K(948928K), 0.0078470 secs] [Times: user=0.04 sys=0.00, real=0.01 secs] 
2014-07-16T14:40:49.763+0000: 2259.950: [GC [PSYoungGen: 261950K->836K(255616K)] 618411K->357369K(942592K), 0.0087080 secs] [Times: user=0.03 sys=0.00, real=0.00 secs] 
2014-07-16T14:40:50.638+0000: 2260.825: [GC [PSYoungGen: 255556K->1222K(249728K)] 612089K->357901K(936704K), 0.0078450 secs] [Times: user=0.05 sys=0.00, real=0.01 secs] 
2014-07-16T14:40:51.522+0000: 2261.709: [GC [PSYoungGen: 249582K->958K(243328K)] 606261K->357701K(930304K), 0.0062860 secs] [Times: user=0.04 sys=0.00, real=0.01 secs] 
2014-07-16T14:40:52.389+0000: 2262.576: [GC [PSYoungGen: 243326K->1054K(237632K)] 600069K->357837K(924608K), 0.0061810 secs] [Times: user=0.02 sys=0.00, real=0.01 secs] 
2014-07-16T14:40:53.191+0000: 2263.379: [GC [PSYoungGen: 237556K->1372K(232320K)] 594339K->358211K(919296K), 0.0063820 secs] [Times: user=0.02 sys=0.00, real=0.01 secs] 
2014-07-16T14:40:53.918+0000: 2264.105: [GC [PSYoungGen: 232284K->740K(226240K)] 589123K->357635K(913216K), 0.0069950 secs] [Times: user=0.04 sys=0.01, real=0.01 secs] 
2014-07-16T14:40:54.658+0000: 2264.845: [GC [PSYoungGen: 226176K->1086K(221312K)] 583071K->358061K(908288K), 0.0053900 secs] [Times: user=0.03 sys=0.00, real=0.01 secs] 
2014-07-16T14:40:55.348+0000: 2265.535: [GC [PSYoungGen: 221310K->762K(265088K)] 578285K->357785K(952064K), 0.0156750 secs] [Times: user=0.10 sys=0.00, real=0.02 secs] 
2014-07-16T14:40:56.270+0000: 2266.457: [GC [PSYoungGen: 265082K->1210K(286592K)] 622105K->358297K(973568K), 0.0085970 secs] [Times: user=0.05 sys=0.01, real=0.01 secs] 
2014-07-16T14:40:57.169+0000: 2267.356: [GC [PSYoungGen: 286202K->1132K(318912K)] 643289K->358291K(1005888K), 0.0072000 secs] [Times: user=0.04 sys=0.00, real=0.01 secs] 
2014-07-16T14:40:58.182+0000: 2268.369: [GC [PSYoungGen: 318380K->608K(309184K)] 675539K->357839K(996160K), 0.0056360 secs] [Times: user=0.02 sys=0.00, real=0.01 secs] 
2014-07-16T14:40:59.173+0000: 2269.360: [GC [PSYoungGen: 309152K->676K(300864K)] 666383K->357971K(987840K), 0.0077850 secs] [Times: user=0.05 sys=0.00, real=0.00 secs] 
2014-07-16T14:41:00.150+0000: 2270.338: [GC [PSYoungGen: 300835K->672K(292800K)] 658130K->358055K(979776K), 0.0038350 secs] [Times: user=0.02 sys=0.00, real=0.01 secs] 
2014-07-16T14:41:01.196+0000: 2271.384: [GC [PSYoungGen: 292743K->1264K(285632K)] 650126K->358735K(972608K), 0.0059950 secs] [Times: user=0.03 sys=0.00, real=0.00 secs] 
2014-07-16T14:41:02.192+0000: 2272.379: [GC [PSYoungGen: 285530K->1662K(278592K)] 643001K->359405K(965568K), 0.0047660 secs] [Times: user=0.02 sys=0.00, real=0.01 secs] 
2014-07-16T14:41:03.139+0000: 2273.326: [GC [PSYoungGen: 278590K->420K(270208K)] 636333K->358837K(957184K), 0.0054300 secs] [Times: user=0.04 sys=0.00, real=0.01 secs] 
2014-07-16T14:41:04.020+0000: 2274.208: [GC [PSYoungGen: 270178K->1250K(264192K)] 628595K->359731K(951168K), 0.0042980 secs] [Times: user=0.02 sys=0.01, real=0.01 secs] 
2014-07-16T14:41:04.859+0000: 2275.047: [GC [PSYoungGen: 264162K->1126K(257472K)] 622643K->359745K(944448K), 0.0070910 secs] [Times: user=0.04 sys=0.01, real=0.01 secs] 
2014-07-16T14:41:05.720+0000: 2275.907: [GC [PSYoungGen: 257446K->844K(250880K)] 616065K->359519K(937856K), 0.0051130 secs] [Times: user=0.02 sys=0.00, real=0.01 secs] 
2014-07-16T14:41:06.542+0000: 2276.729: [GC [PSYoungGen: 250778K->698K(244544K)] 609453K->359437K(931520K), 0.0073110 secs] [Times: user=0.04 sys=0.00, real=0.01 secs] 
2014-07-16T14:41:07.301+0000: 2277.488: [GC [PSYoungGen: 244538K->480K(238464K)] 603277K->359275K(925440K), 0.0102380 secs] [Times: user=0.06 sys=0.00, real=0.01 secs] 
2014-07-16T14:41:08.070+0000: 2278.257: [GC [PSYoungGen: 238429K->698K(232960K)] 597224K->359541K(919936K), 0.0042660 secs] [Times: user=0.02 sys=0.00, real=0.00 secs] 
2014-07-16T14:41:08.812+0000: 2278.999: [GC [PSYoungGen: 232954K->804K(227584K)] 591797K->359743K(914560K), 0.0130750 secs] [Times: user=0.09 sys=0.00, real=0.01 secs] 
2014-07-16T14:41:09.570+0000: 2279.757: [GC [PSYoungGen: 227556K->1172K(222720K)] 586495K->360175K(909696K), 0.0069520 secs] [Times: user=0.04 sys=0.00, real=0.01 secs] 
2014-07-16T14:41:10.304+0000: 2280.491: [GC [PSYoungGen: 222628K->804K(217280K)] 581631K->359863K(904256K), 0.0043820 secs] [Times: user=0.02 sys=0.00, real=0.01 secs] 
2014-07-16T14:41:11.029+0000: 2281.216: [GC [PSYoungGen: 217252K->544K(212096K)] 576311K->359651K(899072K), 0.0091640 secs] [Times: user=0.05 sys=0.00, real=0.01 secs] 
2014-07-16T14:41:11.804+0000: 2281.991: [GC [PSYoungGen: 212064K->926K(207744K)] 571171K->360089K(894720K), 0.0079160 secs] [Times: user=0.05 sys=0.00, real=0.01 secs] 
2014-07-16T14:41:12.479+0000: 2282.666: [GC [PSYoungGen: 207710K->1408K(249664K)] 566873K->360635K(936640K), 0.0079410 secs] [Times: user=0.05 sys=0.00, real=0.01 secs] 
2014-07-16T14:41:13.315+0000: 2283.502: [GC [PSYoungGen: 249600K->530K(242688K)] 608827K->359805K(929664K), 0.0056790 secs] [Times: user=0.02 sys=0.00, real=0.00 secs] 
2014-07-16T14:41:14.144+0000: 2284.331: [GC [PSYoungGen: 242642K->712K(237056K)] 601917K->360043K(924032K), 0.0038620 secs] [Times: user=0.02 sys=0.00, real=0.01 secs] 
2014-07-16T14:41:14.858+0000: 2285.046: [GC [PSYoungGen: 237000K->844K(231552K)] 596331K->360255K(918528K), 0.0079250 secs] [Times: user=0.05 sys=0.00, real=0.01 secs] 
2014-07-16T14:41:15.585+0000: 2285.772: [GC [PSYoungGen: 231500K->580K(225856K)] 590911K->360055K(912832K), 0.0087850 secs] [Times: user=0.05 sys=0.00, real=0.01 secs] 
2014-07-16T14:41:16.299+0000: 2286.486: [GC [PSYoungGen: 225796K->640K(220608K)] 585271K->360195K(907584K), 0.0076970 secs] [Times: user=0.06 sys=0.00, real=0.01 secs] 
2014-07-16T14:41:17.049+0000: 2287.236: [GC [PSYoungGen: 220578K->1122K(265152K)] 580134K->360717K(952128K), 0.0105630 secs] [Times: user=0.06 sys=0.00, real=0.01 secs] 
2014-07-16T14:41:17.876+0000: 2288.063: [GC [PSYoungGen: 265071K->1262K(301312K)] 624666K->360937K(988288K), 0.0116680 secs] [Times: user=0.07 sys=0.00, real=0.02 secs] 
2014-07-16T14:41:18.857+0000: 2289.045: [GC [PSYoungGen: 300945K->616K(318464K)] 660621K->360347K(1005440K), 0.0091920 secs] [Times: user=0.07 sys=0.00, real=0.01 secs] 
2014-07-16T14:41:19.863+0000: 2290.050: [GC [PSYoungGen: 317416K->876K(318464K)] 677147K->360655K(1005440K), 0.0112650 secs] [Times: user=0.05 sys=0.01, real=0.01 secs] 
2014-07-16T14:41:20.916+0000: 2291.103: [GC [PSYoungGen: 317676K->848K(308992K)] 677455K->360683K(995968K), 0.0055520 secs] [Times: user=0.03 sys=0.00, real=0.01 secs] 
2014-07-16T14:41:21.960+0000: 2292.147: [GC [PSYoungGen: 308944K->1168K(300928K)] 668779K->361083K(987904K), 0.0087780 secs] [Times: user=0.05 sys=0.00, real=0.01 secs] 
2014-07-16T14:41:23.056+0000: 2293.244: [GC [PSYoungGen: 300868K->1008K(292736K)] 660783K->361217K(979712K), 0.0065540 secs] [Times: user=0.03 sys=0.01, real=0.01 secs] 
2014-07-16T14:41:24.055+0000: 2294.242: [GC [PSYoungGen: 292715K->776K(284864K)] 652925K->361057K(971840K), 0.0066470 secs] [Times: user=0.04 sys=0.00, real=0.01 secs] 
2014-07-16T14:41:25.031+0000: 2295.218: [GC [PSYoungGen: 284808K->794K(277440K)] 645089K->361107K(964416K), 0.0145900 secs] [Times: user=0.09 sys=0.00, real=0.01 secs] 
2014-07-16T14:41:25.947+0000: 2296.134: [GC [PSYoungGen: 277399K->708K(270272K)] 637713K->361093K(957248K), 0.0059610 secs] [Times: user=0.03 sys=0.00, real=0.01 secs] 
2014-07-16T14:41:27.012+0000: 2297.199: [GC [PSYoungGen: 270212K->768K(263424K)] 630597K->361233K(950400K), 0.0069330 secs] [Times: user=0.04 sys=0.00, real=0.01 secs] 
2014-07-16T14:41:28.047+0000: 2298.234: [GC [PSYoungGen: 263424K->1010K(257088K)] 623889K->361555K(944064K), 0.0090280 secs] [Times: user=0.05 sys=0.00, real=0.01 secs] 
2014-07-16T14:41:29.013+0000: 2299.200: [GC [PSYoungGen: 257053K->914K(250688K)] 617598K->361563K(937664K), 0.0060740 secs] [Times: user=0.04 sys=0.00, real=0.01 secs] 
2014-07-16T14:41:30.002+0000: 2300.189: [GC [PSYoungGen: 250642K->676K(244288K)] 611291K->361373K(931264K), 0.0090320 secs] [Times: user=0.05 sys=0.00, real=0.01 secs] 
2014-07-16T14:41:30.972+0000: 2301.160: [GC [PSYoungGen: 244225K->826K(293184K)] 604923K->361579K(980160K), 0.0178720 secs] [Times: user=0.12 sys=0.00, real=0.02 secs] 
2014-07-16T14:41:32.255+0000: 2302.442: [GC [PSYoungGen: 293178K->1164K(285824K)] 653931K->362013K(972800K), 0.0065650 secs] [Times: user=0.04 sys=0.00, real=0.01 secs] 
2014-07-16T14:41:33.459+0000: 2303.646: [GC [PSYoungGen: 285772K->804K(278016K)] 646621K->361733K(964992K), 0.0117590 secs] [Times: user=0.07 sys=0.00, real=0.01 secs] 
2014-07-16T14:41:34.611+0000: 2304.798: [GC [PSYoungGen: 277988K->1214K(271232K)] 638917K->362207K(958208K), 0.0092840 secs] [Times: user=0.05 sys=0.00, real=0.01 secs] 
2014-07-16T14:41:35.751+0000: 2305.938: [GC [PSYoungGen: 271230K->722K(263936K)] 632223K->361779K(950912K), 0.0074110 secs] [Times: user=0.02 sys=0.00, real=0.00 secs] 
2014-07-16T14:41:36.819+0000: 2307.006: [GC [PSYoungGen: 263890K->1274K(257856K)] 624947K->362411K(944832K), 0.0099500 secs] [Times: user=0.06 sys=0.00, real=0.01 secs] 
2014-07-16T14:41:37.846+0000: 2308.033: [GC [PSYoungGen: 257850K->958K(251136K)] 618987K->362231K(938112K), 0.0084410 secs] [Times: user=0.04 sys=0.00, real=0.01 secs] 
2014-07-16T14:41:38.785+0000: 2308.973: [GC [PSYoungGen: 251092K->740K(244800K)] 612365K->362077K(931776K), 0.0089090 secs] [Times: user=0.05 sys=0.00, real=0.01 secs] 
2014-07-16T14:41:39.744+0000: 2309.931: [GC [PSYoungGen: 244748K->982K(239168K)] 606085K->362367K(926144K), 0.0073820 secs] [Times: user=0.02 sys=0.00, real=0.01 secs] 
2014-07-16T14:41:40.593+0000: 2310.780: [GC [PSYoungGen: 239126K->612K(233088K)] 600511K->362045K(920064K), 0.0047150 secs] [Times: user=0.02 sys=0.00, real=0.00 secs] 
2014-07-16T14:41:41.490+0000: 2311.677: [GC [PSYoungGen: 233060K->1204K(228160K)] 594493K->362709K(915136K), 0.0065250 secs] [Times: user=0.03 sys=0.00, real=0.00 secs] 
2014-07-16T14:41:42.372+0000: 2312.559: [GC [PSYoungGen: 228148K->708K(222400K)] 589653K->362261K(909376K), 0.0098400 secs] [Times: user=0.06 sys=0.00, real=0.01 secs] 
2014-07-16T14:41:43.218+0000: 2313.405: [GC [PSYoungGen: 222340K->1144K(217664K)] 583893K->363285K(904640K), 0.0074450 secs] [Times: user=0.04 sys=0.00, real=0.01 secs] 
2014-07-16T14:41:44.121+0000: 2314.308: [GC [PSYoungGen: 217626K->1168K(212800K)] 579767K->363389K(899776K), 0.0053230 secs] [Times: user=0.03 sys=0.00, real=0.00 secs] 
2014-07-16T14:41:45.022+0000: 2315.209: [GC [PSYoungGen: 212752K->1222K(208128K)] 574973K->363547K(895104K), 0.0070400 secs] [Times: user=0.04 sys=0.00, real=0.00 secs] 
2014-07-16T14:41:45.882+0000: 2316.069: [GC [PSYoungGen: 208070K->772K(203136K)] 570395K->363145K(890112K), 0.0109340 secs] [Times: user=0.05 sys=0.00, real=0.01 secs] 
2014-07-16T14:41:46.721+0000: 2316.908: [GC [PSYoungGen: 203076K->1524K(199424K)] 565449K->363945K(886400K), 0.0114730 secs] [Times: user=0.05 sys=0.00, real=0.01 secs] 
2014-07-16T14:41:47.363+0000: 2317.550: [GC [PSYoungGen: 199412K->1200K(194816K)] 561833K->363733K(881792K), 0.0062500 secs] [Times: user=0.04 sys=0.00, real=0.00 secs] 
2014-07-16T14:41:48.060+0000: 2318.248: [GC [PSYoungGen: 194800K->812K(190336K)] 557333K->363433K(877312K), 0.0060980 secs] [Times: user=0.04 sys=0.00, real=0.01 secs] 
2014-07-16T14:41:48.688+0000: 2318.875: [GC [PSYoungGen: 190316K->1056K(228544K)] 552937K->363781K(915520K), 0.0110100 secs] [Times: user=0.08 sys=0.00, real=0.01 secs] 
2014-07-16T14:41:49.514+0000: 2319.701: [GC [PSYoungGen: 228512K->1222K(223424K)] 591237K->364011K(910400K), 0.0036660 secs] [Times: user=0.02 sys=0.00, real=0.00 secs] 
2014-07-16T14:41:50.283+0000: 2320.470: [GC [PSYoungGen: 223366K->932K(217984K)] 586155K->363825K(904960K), 0.0041340 secs] [Times: user=0.02 sys=0.00, real=0.00 secs] 
2014-07-16T14:41:51.055+0000: 2321.242: [GC [PSYoungGen: 217956K->840K(212992K)] 580849K->363805K(899968K), 0.0058540 secs] [Times: user=0.04 sys=0.01, real=0.01 secs] 
2014-07-16T14:41:51.801+0000: 2321.989: [GC [PSYoungGen: 212936K->896K(208256K)] 575901K->363941K(895232K), 0.0087340 secs] [Times: user=0.06 sys=0.00, real=0.00 secs] 
2014-07-16T14:41:52.511+0000: 2322.698: [GC [PSYoungGen: 208256K->1358K(204160K)] 571301K->364459K(891136K), 0.0076470 secs] [Times: user=0.05 sys=0.01, real=0.01 secs] 
2014-07-16T14:41:53.234+0000: 2323.421: [GC [PSYoungGen: 204110K->914K(244288K)] 567211K->364111K(931264K), 0.0145070 secs] [Times: user=0.11 sys=0.00, real=0.01 secs] 
2014-07-16T14:41:54.044+0000: 2324.231: [GC [PSYoungGen: 244242K->1040K(293120K)] 607439K->364317K(980096K), 0.0065750 secs] [Times: user=0.04 sys=0.00, real=0.00 secs] 
2014-07-16T14:41:55.048+0000: 2325.235: [GC [PSYoungGen: 293072K->854K(351360K)] 656349K->364187K(1038336K), 0.0113250 secs] [Times: user=0.08 sys=0.00, real=0.01 secs] 
2014-07-16T14:41:56.234+0000: 2326.421: [GC [PSYoungGen: 351318K->1050K(358784K)] 714651K->364471K(1045760K), 0.0111060 secs] [Times: user=0.07 sys=0.00, real=0.01 secs] 
2014-07-16T14:41:57.451+0000: 2327.639: [GC [PSYoungGen: 358554K->562K(347712K)] 721975K->364039K(1034688K), 0.0088630 secs] [Times: user=0.06 sys=0.00, real=0.01 secs] 
2014-07-16T14:41:58.712+0000: 2328.900: [GC [PSYoungGen: 347698K->918K(338176K)] 711175K->364507K(1025152K), 0.0063610 secs] [Times: user=0.04 sys=0.00, real=0.00 secs] 
2014-07-16T14:41:59.839+0000: 2330.026: [GC [PSYoungGen: 338134K->876K(328576K)] 701723K->364537K(1015552K), 0.0083250 secs] [Times: user=0.06 sys=0.00, real=0.01 secs] 
2014-07-16T14:42:00.925+0000: 2331.112: [GC [PSYoungGen: 328540K->626K(319168K)] 692202K->364375K(1006144K), 0.0081380 secs] [Times: user=0.06 sys=0.00, real=0.01 secs] 
2014-07-16T14:42:02.030+0000: 2332.218: [GC [PSYoungGen: 319154K->1464K(311232K)] 682903K->365485K(998208K), 0.0118990 secs] [Times: user=0.08 sys=0.00, real=0.01 secs] 
2014-07-16T14:42:03.006+0000: 2333.193: [GC [PSYoungGen: 311215K->766K(302080K)] 675237K->364835K(989056K), 0.0081330 secs] [Times: user=0.05 sys=0.01, real=0.01 secs] 
2014-07-16T14:42:04.025+0000: 2334.212: [GC [PSYoungGen: 302078K->698K(293952K)] 666147K->364831K(980928K), 0.0066070 secs] [Times: user=0.05 sys=0.00, real=0.00 secs] 
2014-07-16T14:42:04.988+0000: 2335.175: [GC [PSYoungGen: 293914K->1118K(286656K)] 658047K->365355K(973632K), 0.0094410 secs] [Times: user=0.06 sys=0.00, real=0.01 secs] 
2014-07-16T14:42:05.969+0000: 2336.156: [GC [PSYoungGen: 286620K->1222K(279296K)] 650857K->365539K(966272K), 0.0089240 secs] [Times: user=0.06 sys=0.00, real=0.01 secs] 
2014-07-16T14:42:06.873+0000: 2337.060: [GC [PSYoungGen: 279237K->808K(271680K)] 643555K->365433K(958656K), 0.0049450 secs] [Times: user=0.02 sys=0.01, real=0.01 secs] 
2014-07-16T14:42:07.725+0000: 2337.912: [GC [PSYoungGen: 271656K->1476K(265472K)] 636281K->366157K(952448K), 0.0064210 secs] [Times: user=0.04 sys=0.00, real=0.00 secs] 
2014-07-16T14:42:08.543+0000: 2338.730: [GC [PSYoungGen: 265412K->880K(258176K)] 630093K->365773K(945152K), 0.0072170 secs] [Times: user=0.04 sys=0.01, real=0.01 secs] 
2014-07-16T14:42:09.367+0000: 2339.554: [GC [PSYoungGen: 258160K->512K(251392K)] 623053K->365461K(938368K), 0.0082220 secs] [Times: user=0.04 sys=0.00, real=0.01 secs] 
2014-07-16T14:42:10.167+0000: 2340.355: [GC [PSYoungGen: 251392K->640K(245376K)] 616341K->365669K(932352K), 0.0096900 secs] [Times: user=0.06 sys=0.00, real=0.01 secs] 
2014-07-16T14:42:10.962+0000: 2341.149: [GC [PSYoungGen: 245376K->1436K(240256K)] 610405K->366553K(927232K), 0.0071060 secs] [Times: user=0.04 sys=0.00, real=0.01 secs] 
2014-07-16T14:42:11.748+0000: 2341.936: [GC [PSYoungGen: 240220K->740K(233856K)] 605337K->365953K(920832K), 0.0050460 secs] [Times: user=0.03 sys=0.00, real=0.00 secs] 
2014-07-16T14:42:12.566+0000: 2342.754: [GC [PSYoungGen: 233820K->1158K(228800K)] 599033K->366435K(915776K), 0.0094020 secs] [Times: user=0.06 sys=0.00, real=0.01 secs] 
2014-07-16T14:42:13.383+0000: 2343.570: [GC [PSYoungGen: 228742K->1082K(223360K)] 594019K->366423K(910336K), 0.0085250 secs] [Times: user=0.06 sys=0.00, real=0.01 secs] 
2014-07-16T14:42:14.124+0000: 2344.311: [GC [PSYoungGen: 223354K->836K(267648K)] 588695K->366241K(954624K), 0.0101860 secs] [Times: user=0.06 sys=0.00, real=0.01 secs] 
2014-07-16T14:42:15.011+0000: 2345.198: [GC [PSYoungGen: 267588K->862K(260928K)] 632993K->366331K(947904K), 0.0042790 secs] [Times: user=0.02 sys=0.01, real=0.00 secs] 
2014-07-16T14:42:15.884+0000: 2346.072: [GC [PSYoungGen: 260846K->1232K(254784K)] 626315K->366813K(941760K), 0.0052890 secs] [Times: user=0.03 sys=0.01, real=0.01 secs] 
2014-07-16T14:42:16.713+0000: 2346.900: [GC [PSYoungGen: 254732K->908K(248192K)] 620314K->366585K(935168K), 0.0058830 secs] [Times: user=0.04 sys=0.00, real=0.01 secs] 
2014-07-16T14:42:17.513+0000: 2347.700: [GC [PSYoungGen: 248139K->658K(241920K)] 613816K->366399K(928896K), 0.0038130 secs] [Times: user=0.01 sys=0.00, real=0.01 secs] 
2014-07-16T14:42:18.335+0000: 2348.523: [GC [PSYoungGen: 241874K->1068K(236480K)] 607615K->366873K(923456K), 0.0154660 secs] [Times: user=0.10 sys=0.00, real=0.01 secs] 
2014-07-16T14:42:19.082+0000: 2349.270: [GC [PSYoungGen: 236460K->1570K(231424K)] 602265K->367479K(918400K), 0.0054720 secs] [Times: user=0.04 sys=0.00, real=0.01 secs] 
2014-07-16T14:42:19.799+0000: 2349.987: [GC [PSYoungGen: 231358K->570K(225024K)] 597268K->366889K(912000K), 0.0063240 secs] [Times: user=0.03 sys=0.00, real=0.00 secs] 
2014-07-16T14:42:20.530+0000: 2350.717: [GC [PSYoungGen: 225018K->598K(219904K)] 591337K->366973K(906880K), 0.0080000 secs] [Times: user=0.05 sys=0.00, real=0.01 secs] 
2014-07-16T14:42:21.234+0000: 2351.421: [GC [PSYoungGen: 219862K->1408K(264640K)] 586237K->367955K(951616K), 0.0091730 secs] [Times: user=0.06 sys=0.00, real=0.01 secs] 
2014-07-16T14:42:22.139+0000: 2352.326: [GC [PSYoungGen: 264542K->1236K(257856K)] 631090K->367863K(944832K), 0.0038410 secs] [Times: user=0.03 sys=0.00, real=0.00 secs] 
2014-07-16T14:42:22.962+0000: 2353.149: [GC [PSYoungGen: 257810K->658K(250880K)] 624437K->367341K(937856K), 0.0055270 secs] [Times: user=0.04 sys=0.00, real=0.01 secs] 
2014-07-16T14:42:23.786+0000: 2353.973: [GC [PSYoungGen: 250784K->926K(244992K)] 617467K->367681K(931968K), 0.0032320 secs] [Times: user=0.02 sys=0.00, real=0.01 secs] 
2014-07-16T14:42:24.576+0000: 2354.763: [GC [PSYoungGen: 244958K->676K(238848K)] 611713K->367487K(925824K), 0.0035190 secs] [Times: user=0.02 sys=0.01, real=0.01 secs] 
2014-07-16T14:42:25.390+0000: 2355.577: [GC [PSYoungGen: 238820K->708K(233216K)] 605631K->367599K(920192K), 0.0051390 secs] [Times: user=0.03 sys=0.00, real=0.00 secs] 
2014-07-16T14:42:26.123+0000: 2356.310: [GC [PSYoungGen: 233137K->690K(227648K)] 600029K->367645K(914624K), 0.0110070 secs] [Times: user=0.07 sys=0.00, real=0.01 secs] 
2014-07-16T14:42:26.946+0000: 2357.134: [GC [PSYoungGen: 227620K->1410K(223104K)] 594576K->368397K(910080K), 0.0094610 secs] [Times: user=0.04 sys=0.00, real=0.01 secs] 
2014-07-16T14:42:27.695+0000: 2357.882: [GC [PSYoungGen: 223008K->812K(217344K)] 589995K->367871K(904320K), 0.0068390 secs] [Times: user=0.04 sys=0.00, real=0.01 secs] 
2014-07-16T14:42:28.437+0000: 2358.624: [GC [PSYoungGen: 217323K->990K(212608K)] 584383K->368121K(899584K), 0.0041330 secs] [Times: user=0.02 sys=0.00, real=0.01 secs] 
2014-07-16T14:42:29.168+0000: 2359.356: [GC [PSYoungGen: 212574K->1248K(208128K)] 579705K->368451K(895104K), 0.0042040 secs] [Times: user=0.02 sys=0.00, real=0.00 secs] 
2014-07-16T14:42:29.868+0000: 2360.055: [GC [PSYoungGen: 208096K->1278K(203584K)] 575299K->368561K(890560K), 0.0054250 secs] [Times: user=0.02 sys=0.00, real=0.00 secs] 
2014-07-16T14:42:30.543+0000: 2360.730: [GC [PSYoungGen: 203582K->690K(198592K)] 570865K->368029K(885568K), 0.0090750 secs] [Times: user=0.06 sys=0.00, real=0.01 secs] 
2014-07-16T14:42:31.285+0000: 2361.472: [GC [PSYoungGen: 198578K->812K(238336K)] 565917K->368199K(925312K), 0.0112740 secs] [Times: user=0.07 sys=0.00, real=0.01 secs] 
2014-07-16T14:42:32.193+0000: 2362.381: [GC [PSYoungGen: 238316K->1296K(233216K)] 605703K->368755K(920192K), 0.0057320 secs] [Times: user=0.03 sys=0.00, real=0.01 secs] 
2014-07-16T14:42:32.977+0000: 2363.164: [GC [PSYoungGen: 233145K->1314K(227776K)] 600605K->368869K(914752K), 0.0070530 secs] [Times: user=0.05 sys=0.00, real=0.01 secs] 
2014-07-16T14:42:33.724+0000: 2363.911: [GC [PSYoungGen: 227724K->830K(222016K)] 595279K->368465K(908992K), 0.0078800 secs] [Times: user=0.05 sys=0.01, real=0.01 secs] 
2014-07-16T14:42:34.524+0000: 2364.711: [GC [PSYoungGen: 222014K->840K(217024K)] 589649K->368515K(904000K), 0.0061630 secs] [Times: user=0.04 sys=0.00, real=0.01 secs] 
2014-07-16T14:42:38.231+0000: 2368.418: [GC [PSYoungGen: 216945K->972K(212224K)] 584621K->368719K(899200K), 0.0054490 secs] [Times: user=0.03 sys=0.00, real=0.00 secs] 
2014-07-16T14:42:39.033+0000: 2369.220: [GC [PSYoungGen: 212170K->1046K(207552K)] 579918K->368889K(894528K), 0.0050080 secs] [Times: user=0.03 sys=0.00, real=0.01 secs] 
2014-07-16T14:42:39.768+0000: 2369.955: [GC [PSYoungGen: 207510K->562K(202496K)] 575353K->368469K(889472K), 0.0039950 secs] [Times: user=0.02 sys=0.00, real=0.01 secs] 
2014-07-16T14:42:40.519+0000: 2370.706: [GC [PSYoungGen: 202482K->1240K(198784K)] 570389K->369235K(885760K), 0.0082140 secs] [Times: user=0.04 sys=0.00, real=0.00 secs] 
2014-07-16T14:42:41.248+0000: 2371.435: [GC [PSYoungGen: 198744K->1176K(194496K)] 566739K->369243K(881472K), 0.0065580 secs] [Times: user=0.05 sys=0.00, real=0.01 secs] 
2014-07-16T14:42:42.016+0000: 2372.204: [GC [PSYoungGen: 194456K->1004K(190208K)] 562523K->369151K(877184K), 0.0060960 secs] [Times: user=0.04 sys=0.00, real=0.01 secs] 
2014-07-16T14:42:42.843+0000: 2373.030: [GC [PSYoungGen: 190188K->1094K(186368K)] 558335K->369321K(873344K), 0.0056910 secs] [Times: user=0.04 sys=0.00, real=0.00 secs] 
2014-07-16T14:42:43.498+0000: 2373.685: [GC [PSYoungGen: 186310K->740K(182144K)] 554537K->369023K(869120K), 0.0088710 secs] [Times: user=0.06 sys=0.00, real=0.01 secs] 
2014-07-16T14:42:44.200+0000: 2374.387: [GC [PSYoungGen: 182106K->1090K(178816K)] 550390K->369437K(865792K), 0.0038930 secs] [Times: user=0.02 sys=0.00, real=0.00 secs] 
2014-07-16T14:42:44.842+0000: 2375.029: [GC [PSYoungGen: 178726K->908K(175040K)] 547073K->369343K(862016K), 0.0068010 secs] [Times: user=0.05 sys=0.00, real=0.01 secs] 
2014-07-16T14:42:45.408+0000: 2375.595: [GC [PSYoungGen: 174988K->672K(171328K)] 543423K->369187K(858304K), 0.0043520 secs] [Times: user=0.03 sys=0.00, real=0.01 secs] 
2014-07-16T14:42:45.969+0000: 2376.156: [GC [PSYoungGen: 171296K->1190K(168448K)] 539811K->369793K(855424K), 0.0055700 secs] [Times: user=0.04 sys=0.01, real=0.00 secs] 
2014-07-16T14:42:46.545+0000: 2376.732: [GC [PSYoungGen: 168422K->1008K(201728K)] 537025K->369699K(888704K), 0.0092840 secs] [Times: user=0.06 sys=0.00, real=0.01 secs] 
2014-07-16T14:42:47.269+0000: 2377.456: [GC [PSYoungGen: 201712K->964K(241920K)] 570403K->369743K(928896K), 0.0106750 secs] [Times: user=0.07 sys=0.00, real=0.01 secs] 
2014-07-16T14:42:48.083+0000: 2378.270: [GC [PSYoungGen: 241814K->1026K(290176K)] 610594K->369869K(977152K), 0.0054450 secs] [Times: user=0.03 sys=0.01, real=0.00 secs] 
2014-07-16T14:42:49.076+0000: 2379.263: [GC [PSYoungGen: 290114K->544K(321600K)] 658957K->369435K(1008576K), 0.0097650 secs] [Times: user=0.05 sys=0.00, real=0.01 secs] 
2014-07-16T14:42:50.086+0000: 2380.273: [GC [PSYoungGen: 320736K->1218K(312640K)] 689627K->370181K(999616K), 0.0038380 secs] [Times: user=0.02 sys=0.00, real=0.01 secs] 
2014-07-16T14:42:51.076+0000: 2381.263: [GC [PSYoungGen: 312541K->900K(303808K)] 681505K->369943K(990784K), 0.0108310 secs] [Times: user=0.06 sys=0.01, real=0.01 secs] 
2014-07-16T14:42:52.092+0000: 2382.280: [GC [PSYoungGen: 303748K->776K(295552K)] 672791K->369883K(982528K), 0.0045410 secs] [Times: user=0.02 sys=0.01, real=0.00 secs] 
2014-07-16T14:42:53.044+0000: 2383.231: [GC [PSYoungGen: 295419K->976K(287936K)] 664526K->370171K(974912K), 0.0036700 secs] [Times: user=0.02 sys=0.00, real=0.00 secs] 
2014-07-16T14:42:53.986+0000: 2384.174: [GC [PSYoungGen: 287888K->1150K(280512K)] 657083K->370457K(967488K), 0.0092760 secs] [Times: user=0.06 sys=0.00, real=0.01 secs] 
2014-07-16T14:42:54.900+0000: 2385.087: [GC [PSYoungGen: 280474K->1304K(273472K)] 649782K->370683K(960448K), 0.0088770 secs] [Times: user=0.03 sys=0.01, real=0.01 secs] 
2014-07-16T14:42:55.808+0000: 2385.995: [GC [PSYoungGen: 273432K->506K(265664K)] 642811K->370965K(952640K), 0.0067990 secs] [Times: user=0.05 sys=0.00, real=0.01 secs] 
2014-07-16T14:42:56.741+0000: 2386.928: [GC [PSYoungGen: 265655K->1082K(259520K)] 636115K->371597K(946496K), 0.0078610 secs] [Times: user=0.05 sys=0.00, real=0.00 secs] 
2014-07-16T14:42:57.761+0000: 2387.948: [GC [PSYoungGen: 259513K->1524K(253504K)] 630028K->372293K(940480K), 0.0104810 secs] [Times: user=0.06 sys=0.00, real=0.01 secs] 
2014-07-16T14:42:58.703+0000: 2388.890: [GC [PSYoungGen: 253492K->1252K(303680K)] 624261K->372069K(990656K), 0.0200390 secs] [Times: user=0.12 sys=0.01, real=0.02 secs] 
2014-07-16T14:42:59.899+0000: 2390.086: [GC [PSYoungGen: 303652K->798K(295104K)] 674469K->371639K(982080K), 0.0062410 secs] [Times: user=0.02 sys=0.00, real=0.01 secs] 
2014-07-16T14:43:01.080+0000: 2391.267: [GC [PSYoungGen: 295045K->1040K(287552K)] 665887K->371945K(974528K), 0.0064670 secs] [Times: user=0.04 sys=0.00, real=0.01 secs] 
2014-07-16T14:43:02.045+0000: 2392.232: [GC [PSYoungGen: 287504K->1150K(280128K)] 658409K->372151K(967104K), 0.0111210 secs] [Times: user=0.07 sys=0.00, real=0.01 secs] 
2014-07-16T14:43:02.991+0000: 2393.178: [GC [PSYoungGen: 280126K->880K(272640K)] 651127K->371969K(959616K), 0.0041090 secs] [Times: user=0.02 sys=0.00, real=0.01 secs] 
2014-07-16T14:43:03.928+0000: 2394.115: [GC [PSYoungGen: 272624K->940K(265792K)] 643713K->372085K(952768K), 0.0075390 secs] [Times: user=0.04 sys=0.00, real=0.01 secs] 
2014-07-16T14:43:04.852+0000: 2395.039: [GC [PSYoungGen: 265736K->1596K(259776K)] 636882K->372912K(946752K), 0.0072850 secs] [Times: user=0.05 sys=0.00, real=0.00 secs] 
2014-07-16T14:43:05.740+0000: 2395.927: [GC [PSYoungGen: 259772K->690K(252480K)] 631088K->372117K(939456K), 0.0055260 secs] [Times: user=0.03 sys=0.00, real=0.01 secs] 
2014-07-16T14:43:06.632+0000: 2396.819: [GC [PSYoungGen: 252466K->822K(246400K)] 623893K->372329K(933376K), 0.0054850 secs] [Times: user=0.03 sys=0.00, real=0.01 secs] 
2014-07-16T14:43:07.476+0000: 2397.663: [GC [PSYoungGen: 246390K->836K(240512K)] 617897K->372473K(927488K), 0.0048810 secs] [Times: user=0.03 sys=0.00, real=0.00 secs] 
2014-07-16T14:43:08.385+0000: 2398.572: [GC [PSYoungGen: 240452K->990K(234880K)] 612089K->372684K(921856K), 0.0086120 secs] [Times: user=0.05 sys=0.00, real=0.01 secs] 
2014-07-16T14:43:09.196+0000: 2399.383: [GC [PSYoungGen: 234846K->1390K(229760K)] 606540K->373148K(916736K), 0.0039880 secs] [Times: user=0.02 sys=0.00, real=0.00 secs] 
2014-07-16T14:43:09.981+0000: 2400.169: [GC [PSYoungGen: 229742K->1222K(224320K)] 601500K->373052K(911296K), 0.0077200 secs] [Times: user=0.04 sys=0.00, real=0.01 secs] 
2014-07-16T14:43:10.870+0000: 2401.057: [GC [PSYoungGen: 224262K->958K(218880K)] 596092K->372964K(905856K), 0.0075000 secs] [Times: user=0.05 sys=0.00, real=0.01 secs] 
2014-07-16T14:43:11.577+0000: 2401.764: [GC [PSYoungGen: 218878K->1058K(214016K)] 590884K->373128K(900992K), 0.0045760 secs] [Times: user=0.02 sys=0.00, real=0.00 secs] 
2014-07-16T14:43:12.271+0000: 2402.458: [GC [PSYoungGen: 213979K->808K(208960K)] 586049K->373024K(895936K), 0.0058000 secs] [Times: user=0.04 sys=0.00, real=0.01 secs] 
2014-07-16T14:43:12.976+0000: 2403.164: [GC [PSYoungGen: 208936K->1518K(205056K)] 581152K->373814K(892032K), 0.0075800 secs] [Times: user=0.04 sys=0.00, real=0.01 secs] 
2014-07-16T14:43:13.634+0000: 2403.821: [GC [PSYoungGen: 205038K->712K(199808K)] 577334K->373071K(886784K), 0.0064300 secs] [Times: user=0.05 sys=0.00, real=0.00 secs] 
2014-07-16T14:43:14.328+0000: 2404.515: [GC [PSYoungGen: 199752K->1222K(196032K)] 572111K->373654K(883008K), 0.0044380 secs] [Times: user=0.03 sys=0.00, real=0.00 secs] 
2014-07-16T14:43:14.954+0000: 2405.142: [GC [PSYoungGen: 195955K->662K(191296K)] 568387K->373165K(878272K), 0.0074580 secs] [Times: user=0.05 sys=0.00, real=0.00 secs] 
2014-07-16T14:43:15.593+0000: 2405.780: [GC [PSYoungGen: 191212K->790K(187392K)] 563716K->373381K(874368K), 0.0066910 secs] [Times: user=0.04 sys=0.00, real=0.01 secs] 
2014-07-16T14:43:16.224+0000: 2406.411: [GC [PSYoungGen: 187350K->804K(183488K)] 559941K->373475K(870464K), 0.0036680 secs] [Times: user=0.01 sys=0.00, real=0.00 secs] 
2014-07-16T14:43:16.841+0000: 2407.028: [GC [PSYoungGen: 183440K->834K(179776K)] 556112K->373538K(866752K), 0.0044630 secs] [Times: user=0.01 sys=0.00, real=0.01 secs] 
2014-07-16T14:43:17.415+0000: 2407.602: [GC [PSYoungGen: 179714K->1040K(176320K)] 552418K->373808K(863296K), 0.0076020 secs] [Times: user=0.04 sys=0.00, real=0.00 secs] 
2014-07-16T14:43:18.062+0000: 2408.250: [GC [PSYoungGen: 176272K->912K(211264K)] 549040K->373736K(898240K), 0.0101380 secs] [Times: user=0.07 sys=0.01, real=0.01 secs] 
2014-07-16T14:43:18.753+0000: 2408.940: [GC [PSYoungGen: 211216K->712K(253184K)] 584040K->373608K(940160K), 0.0082810 secs] [Times: user=0.05 sys=0.00, real=0.01 secs] 
2014-07-16T14:43:19.626+0000: 2409.813: [GC [PSYoungGen: 253128K->758K(303680K)] 626024K->373725K(990656K), 0.0076130 secs] [Times: user=0.05 sys=0.00, real=0.00 secs] 
2014-07-16T14:43:20.781+0000: 2410.968: [GC [PSYoungGen: 303670K->1150K(326016K)] 676637K->374198K(1012992K), 0.0132080 secs] [Times: user=0.09 sys=0.00, real=0.01 secs] 
2014-07-16T14:43:21.815+0000: 2412.002: [GC [PSYoungGen: 325630K->940K(316416K)] 698678K->374060K(1003392K), 0.0053200 secs] [Times: user=0.02 sys=0.00, real=0.00 secs] 
2014-07-16T14:43:22.913+0000: 2413.100: [GC [PSYoungGen: 316316K->634K(307456K)] 689436K->374294K(994432K), 0.0038060 secs] [Times: user=0.02 sys=0.00, real=0.01 secs] 
2014-07-16T14:43:23.940+0000: 2414.127: [GC [PSYoungGen: 307450K->1532K(300032K)] 681110K->375364K(987008K), 0.0143320 secs] [Times: user=0.09 sys=0.00, real=0.01 secs] 
2014-07-16T14:43:24.932+0000: 2415.119: [GC [PSYoungGen: 299947K->922K(291456K)] 673779K->375404K(978432K), 0.0063990 secs] [Times: user=0.04 sys=0.00, real=0.01 secs] 
2014-07-16T14:43:25.885+0000: 2416.072: [GC [PSYoungGen: 291418K->1022K(283840K)] 665900K->375576K(970816K), 0.0102650 secs] [Times: user=0.07 sys=0.00, real=0.01 secs] 
2014-07-16T14:43:26.826+0000: 2417.013: [GC [PSYoungGen: 283838K->918K(276416K)] 658392K->375568K(963392K), 0.0041850 secs] [Times: user=0.01 sys=0.01, real=0.00 secs] 
2014-07-16T14:43:27.732+0000: 2417.919: [GC [PSYoungGen: 276359K->918K(269312K)] 651009K->375632K(956288K), 0.0046910 secs] [Times: user=0.02 sys=0.00, real=0.01 secs] 
2014-07-16T14:43:28.711+0000: 2418.898: [GC [PSYoungGen: 269177K->1130K(262720K)] 643891K->375892K(949696K), 0.0074160 secs] [Times: user=0.05 sys=0.00, real=0.01 secs] 
2014-07-16T14:43:29.612+0000: 2419.799: [GC [PSYoungGen: 262661K->818K(255872K)] 637423K->375684K(942848K), 0.0074750 secs] [Times: user=0.05 sys=0.00, real=0.01 secs] 
2014-07-16T14:43:30.515+0000: 2420.703: [GC [PSYoungGen: 255858K->1128K(249856K)] 630724K->376166K(936832K), 0.0099860 secs] [Times: user=0.07 sys=0.00, real=0.01 secs] 
2014-07-16T14:43:31.460+0000: 2421.647: [GC [PSYoungGen: 249832K->772K(243456K)] 624870K->375850K(930432K), 0.0099330 secs] [Times: user=0.06 sys=0.00, real=0.01 secs] 
2014-07-16T14:43:32.266+0000: 2422.453: [GC [PSYoungGen: 243396K->608K(237440K)] 618474K->375758K(924416K), 0.0067640 secs] [Times: user=0.05 sys=0.00, real=0.01 secs] 
2014-07-16T14:43:33.059+0000: 2423.246: [GC [PSYoungGen: 237368K->722K(231936K)] 612518K->375944K(918912K), 0.0073850 secs] [Times: user=0.04 sys=0.00, real=0.00 secs] 
2014-07-16T14:43:33.867+0000: 2424.054: [GC [PSYoungGen: 231801K->1044K(226816K)] 607024K->376330K(913792K), 0.0036920 secs] [Times: user=0.02 sys=0.00, real=0.01 secs] 
2014-07-16T14:43:34.633+0000: 2424.820: [GC [PSYoungGen: 226770K->890K(221376K)] 602056K->376248K(908352K), 0.0059020 secs] [Times: user=0.04 sys=0.00, real=0.01 secs] 
2014-07-16T14:43:35.407+0000: 2425.594: [GC [PSYoungGen: 221370K->612K(216064K)] 596728K->376026K(903040K), 0.0056430 secs] [Times: user=0.04 sys=0.00, real=0.00 secs] 
2014-07-16T14:43:36.120+0000: 2426.307: [GC [PSYoungGen: 216036K->926K(211520K)] 591450K->376420K(898496K), 0.0063460 secs] [Times: user=0.04 sys=0.00, real=0.00 secs] 
2014-07-16T14:43:36.814+0000: 2427.001: [GC [PSYoungGen: 211486K->1040K(206976K)] 586980K->376598K(893952K), 0.0065740 secs] [Times: user=0.04 sys=0.00, real=0.01 secs] 
2014-07-16T14:43:37.512+0000: 2427.699: [GC [PSYoungGen: 206928K->1326K(202688K)] 582486K->376948K(889664K), 0.0054870 secs] [Times: user=0.03 sys=0.00, real=0.01 secs] 
2014-07-16T14:43:38.340+0000: 2428.527: [GC [PSYoungGen: 202582K->552K(197568K)] 578204K->376808K(884544K), 0.0083710 secs] [Times: user=0.06 sys=0.00, real=0.01 secs] 
2014-07-16T14:43:38.981+0000: 2429.168: [GC [PSYoungGen: 197544K->1112K(237568K)] 573800K->377416K(924544K), 0.0113840 secs] [Times: user=0.08 sys=0.00, real=0.01 secs] 
2014-07-16T14:43:39.839+0000: 2430.026: [GC [PSYoungGen: 237528K->1004K(231808K)] 613832K->377446K(918784K), 0.0043230 secs] [Times: user=0.02 sys=0.01, real=0.00 secs] 
2014-07-16T14:43:40.606+0000: 2430.794: [GC [PSYoungGen: 231787K->672K(226048K)] 608229K->377170K(913024K), 0.0096930 secs] [Times: user=0.07 sys=0.00, real=0.01 secs] 
2014-07-16T14:43:41.411+0000: 2431.598: [GC [PSYoungGen: 226016K->786K(220928K)] 602514K->377372K(907904K), 0.0039050 secs] [Times: user=0.02 sys=0.00, real=0.00 secs] 
2014-07-16T14:43:42.195+0000: 2432.382: [GC [PSYoungGen: 220882K->1528K(216576K)] 597468K->378202K(903552K), 0.0068790 secs] [Times: user=0.03 sys=0.00, real=0.01 secs] 
2014-07-16T14:43:42.935+0000: 2433.122: [GC [PSYoungGen: 216568K->640K(210816K)] 593242K->377386K(897792K), 0.0047570 secs] [Times: user=0.02 sys=0.00, real=0.01 secs] 
2014-07-16T14:43:43.711+0000: 2433.899: [GC [PSYoungGen: 210784K->994K(206528K)] 587530K->377812K(893504K), 0.0061600 secs] [Times: user=0.04 sys=0.00, real=0.00 secs] 
2014-07-16T14:43:44.413+0000: 2434.600: [GC [PSYoungGen: 206398K->1026K(202048K)] 583216K->377932K(889024K), 0.0050940 secs] [Times: user=0.03 sys=0.00, real=0.00 secs] 
2014-07-16T14:43:45.086+0000: 2435.273: [GC [PSYoungGen: 201986K->1568K(242752K)] 578892K->378546K(929728K), 0.0206950 secs] [Times: user=0.13 sys=0.00, real=0.02 secs] 
2014-07-16T14:43:45.873+0000: 2436.060: [GC [PSYoungGen: 242720K->562K(289984K)] 619698K->377676K(976960K), 0.0075210 secs] [Times: user=0.05 sys=0.00, real=0.01 secs] 
2014-07-16T14:43:46.845+0000: 2437.032: [GC [PSYoungGen: 289953K->1254K(308096K)] 667067K->378432K(995072K), 0.0077670 secs] [Times: user=0.05 sys=0.01, real=0.01 secs] 
2014-07-16T14:43:47.863+0000: 2438.050: [GC [PSYoungGen: 307558K->1350K(349056K)] 684736K->378592K(1036032K), 0.0075930 secs] [Times: user=0.04 sys=0.01, real=0.01 secs] 
2014-07-16T14:43:49.143+0000: 2439.330: [GC [PSYoungGen: 348614K->1814K(339200K)] 725856K->379260K(1026176K), 0.0073680 secs] [Times: user=0.04 sys=0.00, real=0.01 secs] 
2014-07-16T14:43:50.248+0000: 2440.435: [GC [PSYoungGen: 339066K->64K(327872K)] 716513K->378566K(1014848K), 0.0063340 secs] [Times: user=0.04 sys=0.00, real=0.01 secs] 
2014-07-16T14:43:51.405+0000: 2441.592: [GC [PSYoungGen: 327872K->1072K(320576K)] 706374K->379598K(1007552K), 0.0099590 secs] [Times: user=0.06 sys=0.00, real=0.01 secs] 
2014-07-16T14:43:52.544+0000: 2442.731: [GC [PSYoungGen: 319703K->1432K(311360K)] 698229K->380478K(998336K), 0.0127170 secs] [Times: user=0.09 sys=0.00, real=0.01 secs] 
2014-07-16T14:43:53.673+0000: 2443.861: [GC [PSYoungGen: 311272K->1154K(302656K)] 690319K->380272K(989632K), 0.0043030 secs] [Times: user=0.02 sys=0.00, real=0.00 secs] 
2014-07-16T14:43:54.722+0000: 2444.909: [GC [PSYoungGen: 302594K->900K(294336K)] 681712K->380122K(981312K), 0.0067170 secs] [Times: user=0.04 sys=0.00, real=0.00 secs] 
2014-07-16T14:43:55.732+0000: 2445.919: [GC [PSYoungGen: 294274K->1026K(286656K)] 673496K->380320K(973632K), 0.0065680 secs] [Times: user=0.05 sys=0.00, real=0.00 secs] 
2014-07-16T14:43:56.691+0000: 2446.878: [GC [PSYoungGen: 286577K->640K(278720K)] 665871K->379998K(965696K), 0.0068680 secs] [Times: user=0.04 sys=0.00, real=0.00 secs] 
2014-07-16T14:43:57.699+0000: 2447.887: [GC [PSYoungGen: 278720K->946K(271872K)] 658078K->380384K(958848K), 0.0038750 secs] [Times: user=0.02 sys=0.00, real=0.01 secs] 
2014-07-16T14:43:58.765+0000: 2448.952: [GC [PSYoungGen: 271858K->1126K(265152K)] 651296K->380644K(952128K), 0.0107730 secs] [Times: user=0.06 sys=0.00, real=0.01 secs] 
2014-07-16T14:43:59.635+0000: 2449.822: [GC [PSYoungGen: 265090K->630K(257984K)] 644608K->380196K(944960K), 0.0037610 secs] [Times: user=0.01 sys=0.01, real=0.00 secs] 
2014-07-16T14:44:00.565+0000: 2450.753: [GC [PSYoungGen: 257965K->1182K(252160K)] 637532K->380804K(939136K), 0.0074380 secs] [Times: user=0.03 sys=0.00, real=0.01 secs] 
2014-07-16T14:44:01.494+0000: 2451.681: [GC [PSYoungGen: 252126K->1354K(246208K)] 631748K->381048K(933184K), 0.0075700 secs] [Times: user=0.05 sys=0.01, real=0.01 secs] 
2014-07-16T14:44:02.336+0000: 2452.523: [GC [PSYoungGen: 246154K->794K(239680K)] 625848K->380536K(926656K), 0.0043990 secs] [Times: user=0.02 sys=0.00, real=0.00 secs] 
2014-07-16T14:44:03.106+0000: 2453.293: [GC [PSYoungGen: 239621K->1072K(234240K)] 619363K->380854K(921216K), 0.0109040 secs] [Times: user=0.06 sys=0.00, real=0.01 secs] 
2014-07-16T14:44:03.985+0000: 2454.172: [GC [PSYoungGen: 234224K->772K(228480K)] 614006K->380634K(915456K), 0.0090420 secs] [Times: user=0.06 sys=0.00, real=0.01 secs] 
2014-07-16T14:44:04.779+0000: 2454.966: [GC [PSYoungGen: 228420K->986K(223360K)] 608282K->380920K(910336K), 0.0062280 secs] [Times: user=0.04 sys=0.00, real=0.01 secs] 
2014-07-16T14:44:05.505+0000: 2455.693: [GC [PSYoungGen: 223322K->908K(218176K)] 603256K->380914K(905152K), 0.0085830 secs] [Times: user=0.05 sys=0.00, real=0.01 secs] 
2014-07-16T14:44:06.221+0000: 2456.408: [GC [PSYoungGen: 218108K->890K(213184K)] 598115K->380968K(900160K), 0.0083140 secs] [Times: user=0.05 sys=0.00, real=0.01 secs] 
2014-07-16T14:44:06.941+0000: 2457.128: [GC [PSYoungGen: 213156K->1218K(208832K)] 593234K->381368K(895808K), 0.0073400 secs] [Times: user=0.04 sys=0.00, real=0.01 secs] 
2014-07-16T14:44:07.650+0000: 2457.837: [GC [PSYoungGen: 208761K->726K(249856K)] 588911K->380924K(936832K), 0.0115650 secs] [Times: user=0.07 sys=0.00, real=0.01 secs] 
2014-07-16T14:44:08.605+0000: 2458.792: [GC [PSYoungGen: 249814K->1182K(300160K)] 630012K->381444K(987136K), 0.0176800 secs] [Times: user=0.11 sys=0.00, real=0.02 secs] 
2014-07-16T14:44:09.605+0000: 2459.792: [GC [PSYoungGen: 300126K->1304K(334464K)] 680388K->381630K(1021440K), 0.0087430 secs] [Times: user=0.06 sys=0.00, real=0.01 secs] 
2014-07-16T14:44:10.746+0000: 2460.933: [GC [PSYoungGen: 334127K->1244K(360448K)] 714454K->381642K(1047424K), 0.0100480 secs] [Times: user=0.06 sys=0.00, real=0.01 secs] 
2014-07-16T14:44:11.997+0000: 2462.184: [GC [PSYoungGen: 360028K->914K(349312K)] 740426K->381376K(1036288K), 0.0076790 secs] [Times: user=0.04 sys=0.00, real=0.01 secs] 
2014-07-16T14:44:13.235+0000: 2463.423: [GC [PSYoungGen: 349266K->766K(339136K)] 729728K->381396K(1026112K), 0.0061060 secs] [Times: user=0.03 sys=0.01, real=0.00 secs] 
2014-07-16T14:44:14.460+0000: 2464.648: [GC [PSYoungGen: 339134K->1082K(329856K)] 719764K->381752K(1016832K), 0.0096860 secs] [Times: user=0.06 sys=0.00, real=0.01 secs] 
2014-07-16T14:44:15.604+0000: 2465.791: [GC [PSYoungGen: 329850K->772K(320448K)] 710520K->381722K(1007424K), 0.0103090 secs] [Times: user=0.06 sys=0.01, real=0.01 secs] 
2014-07-16T14:44:16.677+0000: 2466.865: [GC [PSYoungGen: 320343K->918K(311744K)] 701293K->381948K(998720K), 0.0065990 secs] [Times: user=0.04 sys=0.00, real=0.01 secs] 
2014-07-16T14:44:17.775+0000: 2467.962: [GC [PSYoungGen: 311702K->886K(303232K)] 692732K->382012K(990208K), 0.0037850 secs] [Times: user=0.02 sys=0.00, real=0.00 secs] 
2014-07-16T14:44:18.884+0000: 2469.071: [GC [PSYoungGen: 303222K->1228K(295488K)] 684348K->382418K(982464K), 0.0048520 secs] [Times: user=0.02 sys=0.00, real=0.01 secs] 
2014-07-16T14:44:19.895+0000: 2470.082: [GC [PSYoungGen: 295415K->816K(287232K)] 676605K->382416K(974208K), 0.0053610 secs] [Times: user=0.02 sys=0.00, real=0.00 secs] 
2014-07-16T14:44:20.870+0000: 2471.057: [GC [PSYoungGen: 287216K->908K(279872K)] 668816K->382596K(966848K), 0.0068670 secs] [Times: user=0.05 sys=0.00, real=0.01 secs] 
2014-07-16T14:44:21.804+0000: 2471.991: [GC [PSYoungGen: 279820K->726K(272448K)] 661508K->382494K(959424K), 0.0038960 secs] [Times: user=0.01 sys=0.00, real=0.01 secs] 
2014-07-16T14:44:22.700+0000: 2472.887: [GC [PSYoungGen: 272406K->876K(265664K)] 654174K->382692K(952640K), 0.0036490 secs] [Times: user=0.02 sys=0.01, real=0.01 secs] 
2014-07-16T14:44:23.784+0000: 2473.971: [GC [PSYoungGen: 265644K->918K(259072K)] 647460K->382782K(946048K), 0.0081930 secs] [Times: user=0.05 sys=0.00, real=0.01 secs] 
2014-07-16T14:44:24.690+0000: 2474.877: [GC [PSYoungGen: 259030K->708K(252480K)] 640894K->382676K(939456K), 0.0060630 secs] [Times: user=0.03 sys=0.00, real=0.01 secs] 
2014-07-16T14:44:25.514+0000: 2475.701: [GC [PSYoungGen: 252418K->964K(246528K)] 634386K->383004K(933504K), 0.0041320 secs] [Times: user=0.02 sys=0.00, real=0.01 secs] 
2014-07-16T14:44:26.305+0000: 2476.492: [GC [PSYoungGen: 246467K->712K(240320K)] 628507K->382816K(927296K), 0.0055370 secs] [Times: user=0.03 sys=0.00, real=0.00 secs] 
2014-07-16T14:44:27.115+0000: 2477.302: [GC [PSYoungGen: 240264K->612K(234432K)] 622368K->382788K(921408K), 0.0061690 secs] [Times: user=0.03 sys=0.01, real=0.00 secs] 
2014-07-16T14:44:27.881+0000: 2478.068: [GC [PSYoungGen: 234385K->1200K(229504K)] 616562K->383432K(916480K), 0.0121610 secs] [Times: user=0.06 sys=0.00, real=0.01 secs] 
2014-07-16T14:44:28.672+0000: 2478.860: [GC [PSYoungGen: 229393K->908K(223936K)] 611625K->383204K(910912K), 0.0058220 secs] [Times: user=0.02 sys=0.00, real=0.01 secs] 
2014-07-16T14:44:29.490+0000: 2479.677: [GC [PSYoungGen: 223884K->958K(268544K)] 606180K->383294K(955520K), 0.0136820 secs] [Times: user=0.06 sys=0.00, real=0.01 secs] 
2014-07-16T14:44:30.391+0000: 2480.578: [GC [PSYoungGen: 268542K->594K(261440K)] 650878K->383010K(948416K), 0.0067410 secs] [Times: user=0.04 sys=0.00, real=0.01 secs] 
2014-07-16T14:44:31.268+0000: 2481.455: [GC [PSYoungGen: 261394K->562K(254848K)] 643810K->383034K(941824K), 0.0067470 secs] [Times: user=0.04 sys=0.01, real=0.00 secs] 
2014-07-16T14:44:32.141+0000: 2482.329: [GC [PSYoungGen: 254833K->726K(248768K)] 637305K->383262K(935744K), 0.0083840 secs] [Times: user=0.05 sys=0.00, real=0.01 secs] 
2014-07-16T14:44:32.965+0000: 2483.152: [GC [PSYoungGen: 248726K->1008K(242944K)] 631262K->383600K(929920K), 0.0045600 secs] [Times: user=0.02 sys=0.00, real=0.01 secs] 
2014-07-16T14:44:33.873+0000: 2484.060: [GC [PSYoungGen: 242928K->1060K(237184K)] 625520K->383822K(924160K), 0.0087350 secs] [Times: user=0.03 sys=0.00, real=0.01 secs] 
2014-07-16T14:44:34.724+0000: 2484.911: [GC [PSYoungGen: 237130K->1150K(231616K)] 619892K->383960K(918592K), 0.0047220 secs] [Times: user=0.02 sys=0.00, real=0.01 secs] 
2014-07-16T14:44:35.494+0000: 2485.681: [GC [PSYoungGen: 231614K->754K(225856K)] 614424K->383742K(912832K), 0.0044910 secs] [Times: user=0.03 sys=0.00, real=0.01 secs] 
2014-07-16T14:44:36.225+0000: 2486.413: [GC [PSYoungGen: 225809K->876K(220800K)] 608797K->383952K(907776K), 0.0036150 secs] [Times: user=0.02 sys=0.00, real=0.01 secs] 
2014-07-16T14:44:36.956+0000: 2487.143: [GC [PSYoungGen: 220780K->658K(215552K)] 603856K->383838K(902528K), 0.0078040 secs] [Times: user=0.05 sys=0.00, real=0.01 secs] 
2014-07-16T14:44:37.693+0000: 2487.881: [GC [PSYoungGen: 215494K->1066K(211072K)] 598675K->384302K(898048K), 0.0074060 secs] [Times: user=0.05 sys=0.01, real=0.01 secs] 
2014-07-16T14:44:38.397+0000: 2488.584: [GC [PSYoungGen: 211050K->694K(206016K)] 594286K->383986K(892992K), 0.0067460 secs] [Times: user=0.05 sys=0.00, real=0.01 secs] 
2014-07-16T14:44:39.237+0000: 2489.424: [GC [PSYoungGen: 205969K->1154K(201984K)] 589261K->384494K(888960K), 0.0072770 secs] [Times: user=0.04 sys=0.00, real=0.00 secs] 
2014-07-16T14:44:39.935+0000: 2490.123: [GC [PSYoungGen: 201922K->844K(241856K)] 585262K->384256K(928832K), 0.0110840 secs] [Times: user=0.08 sys=0.00, real=0.01 secs] 
2014-07-16T14:44:40.696+0000: 2490.883: [GC [PSYoungGen: 241804K->836K(236096K)] 625216K->384312K(923072K), 0.0037980 secs] [Times: user=0.02 sys=0.01, real=0.01 secs] 
2014-07-16T14:44:41.486+0000: 2491.673: [GC [PSYoungGen: 235962K->994K(230656K)] 619439K->384534K(917632K), 0.0062000 secs] [Times: user=0.03 sys=0.00, real=0.01 secs] 
2014-07-16T14:44:42.261+0000: 2492.448: [GC [PSYoungGen: 230624K->854K(225152K)] 614165K->384466K(912128K), 0.0076350 secs] [Times: user=0.04 sys=0.00, real=0.01 secs] 
2014-07-16T14:44:43.004+0000: 2493.191: [GC [PSYoungGen: 225110K->944K(220032K)] 608722K->384858K(907008K), 0.0079420 secs] [Times: user=0.05 sys=0.01, real=0.01 secs] 
2014-07-16T14:44:43.795+0000: 2493.983: [GC [PSYoungGen: 220016K->1018K(215104K)] 603930K->384996K(902080K), 0.0046570 secs] [Times: user=0.03 sys=0.00, real=0.01 secs] 
2014-07-16T14:44:44.638+0000: 2494.825: [GC [PSYoungGen: 215098K->894K(210176K)] 599076K->385034K(897152K), 0.0040000 secs] [Times: user=0.02 sys=0.00, real=0.01 secs] 
2014-07-16T14:44:45.379+0000: 2495.566: [GC [PSYoungGen: 210174K->1330K(205952K)] 594314K->385510K(892928K), 0.0055060 secs] [Times: user=0.04 sys=0.00, real=0.00 secs] 
2014-07-16T14:44:46.036+0000: 2496.223: [GC [PSYoungGen: 205938K->620K(200768K)] 590118K->385308K(887744K), 0.0082800 secs] [Times: user=0.05 sys=0.00, real=0.01 secs] 
2014-07-16T14:44:46.780+0000: 2496.967: [GC [PSYoungGen: 200748K->808K(196608K)] 585436K->385544K(883584K), 0.0088140 secs] [Times: user=0.05 sys=0.00, real=0.01 secs] 
2014-07-16T14:44:47.452+0000: 2497.639: [GC [PSYoungGen: 196555K->648K(235648K)] 581292K->385532K(922624K), 0.0140380 secs] [Times: user=0.07 sys=0.00, real=0.01 secs] 
2014-07-16T14:44:48.265+0000: 2498.452: [GC [PSYoungGen: 235568K->772K(282816K)] 620453K->385728K(969792K), 0.0077880 secs] [Times: user=0.05 sys=0.00, real=0.01 secs] 
2014-07-16T14:44:49.337+0000: 2499.524: [GC [PSYoungGen: 282755K->1114K(275776K)] 667712K->386126K(962752K), 0.0043200 secs] [Times: user=0.02 sys=0.00, real=0.01 secs] 
2014-07-16T14:44:50.274+0000: 2500.461: [GC [PSYoungGen: 275737K->708K(268352K)] 660749K->385776K(955328K), 0.0060840 secs] [Times: user=0.02 sys=0.00, real=0.01 secs] 
2014-07-16T14:44:51.184+0000: 2501.371: [GC [PSYoungGen: 268292K->1044K(261888K)] 653360K->386268K(948864K), 0.0104520 secs] [Times: user=0.07 sys=0.00, real=0.01 secs] 
2014-07-16T14:44:52.042+0000: 2502.229: [GC [PSYoungGen: 261838K->712K(313728K)] 647063K->385968K(1000704K), 0.0164740 secs] [Times: user=0.10 sys=0.00, real=0.01 secs] 
2014-07-16T14:44:53.110+0000: 2503.297: [GC [PSYoungGen: 313672K->1008K(334720K)] 698928K->386312K(1021696K), 0.0078690 secs] [Times: user=0.05 sys=0.00, real=0.00 secs] 
2014-07-16T14:44:54.339+0000: 2504.526: [GC [PSYoungGen: 334576K->1440K(325632K)] 719880K->387090K(1012608K), 0.0059060 secs] [Times: user=0.03 sys=0.00, real=0.00 secs] 
2014-07-16T14:44:55.499+0000: 2505.686: [GC [PSYoungGen: 325600K->64K(315200K)] 711250K->386210K(1002176K), 0.0070320 secs] [Times: user=0.04 sys=0.00, real=0.00 secs] 
2014-07-16T14:44:56.573+0000: 2506.760: [GC [PSYoungGen: 315200K->1358K(307904K)] 701346K->387529K(994880K), 0.0052130 secs] [Times: user=0.02 sys=0.00, real=0.00 secs] 
2014-07-16T14:44:57.652+0000: 2507.839: [GC [PSYoungGen: 307854K->580K(298816K)] 694025K->387318K(985792K), 0.0094840 secs] [Times: user=0.06 sys=0.00, real=0.01 secs] 
2014-07-16T14:44:58.652+0000: 2508.839: [GC [PSYoungGen: 298756K->1036K(291328K)] 685494K->387846K(978304K), 0.0079670 secs] [Times: user=0.05 sys=0.00, real=0.00 secs] 
2014-07-16T14:44:59.684+0000: 2509.872: [GC [PSYoungGen: 291276K->1158K(283776K)] 678086K->388057K(970752K), 0.0041660 secs] [Times: user=0.02 sys=0.00, real=0.00 secs] 
2014-07-16T14:45:00.688+0000: 2510.875: [GC [PSYoungGen: 283718K->1132K(276352K)] 670617K->388135K(963328K), 0.0077920 secs] [Times: user=0.05 sys=0.00, real=0.01 secs] 
2014-07-16T14:45:01.603+0000: 2511.790: [GC [PSYoungGen: 276332K->1036K(269184K)] 663335K->388086K(956160K), 0.0044870 secs] [Times: user=0.03 sys=0.00, real=0.00 secs] 
2014-07-16T14:45:02.507+0000: 2512.694: [GC [PSYoungGen: 269123K->1154K(262528K)] 656174K->388253K(949504K), 0.0078520 secs] [Times: user=0.04 sys=0.00, real=0.01 secs] 
2014-07-16T14:45:03.461+0000: 2513.648: [GC [PSYoungGen: 262466K->896K(255680K)] 649565K->388066K(942656K), 0.0082050 secs] [Times: user=0.06 sys=0.00, real=0.00 secs] 
2014-07-16T14:45:04.450+0000: 2514.637: [GC [PSYoungGen: 255680K->812K(249344K)] 642850K->388030K(936320K), 0.0078980 secs] [Times: user=0.05 sys=0.00, real=0.01 secs] 
2014-07-16T14:45:05.279+0000: 2515.466: [GC [PSYoungGen: 249324K->1036K(243520K)] 636542K->388310K(930496K), 0.0097830 secs] [Times: user=0.05 sys=0.00, real=0.01 secs] 
2014-07-16T14:45:06.159+0000: 2516.346: [GC [PSYoungGen: 243468K->1118K(237760K)] 630742K->388473K(924736K), 0.0079170 secs] [Times: user=0.05 sys=0.00, real=0.01 secs] 
2014-07-16T14:45:06.918+0000: 2517.105: [GC [PSYoungGen: 237726K->884K(231872K)] 625081K->388335K(918848K), 0.0098390 secs] [Times: user=0.06 sys=0.00, real=0.01 secs] 
2014-07-16T14:45:07.673+0000: 2517.860: [GC [PSYoungGen: 231796K->898K(278144K)] 619247K->388421K(965120K), 0.0088200 secs] [Times: user=0.06 sys=0.00, real=0.01 secs] 
2014-07-16T14:45:08.597+0000: 2518.784: [GC [PSYoungGen: 278081K->994K(325888K)] 665604K->388581K(1012864K), 0.0125720 secs] [Times: user=0.07 sys=0.00, real=0.01 secs] 
2014-07-16T14:45:09.742+0000: 2519.929: [GC [PSYoungGen: 325730K->580K(326144K)] 713317K->388222K(1013120K), 0.0108030 secs] [Times: user=0.07 sys=0.00, real=0.01 secs] 
2014-07-16T14:45:10.867+0000: 2521.054: [GC [PSYoungGen: 325316K->1336K(317056K)] 712958K->389051K(1004032K), 0.0079510 secs] [Times: user=0.06 sys=0.00, real=0.01 secs] 
2014-07-16T14:45:11.893+0000: 2522.080: [GC [PSYoungGen: 317047K->794K(307904K)] 704762K->388596K(994880K), 0.0034060 secs] [Times: user=0.02 sys=0.00, real=0.00 secs] 
2014-07-16T14:45:12.931+0000: 2523.118: [GC [PSYoungGen: 307854K->954K(299712K)] 695657K->388812K(986688K), 0.0055970 secs] [Times: user=0.04 sys=0.00, real=0.01 secs] 
2014-07-16T14:45:13.925+0000: 2524.112: [GC [PSYoungGen: 299668K->736K(291520K)] 687527K->388666K(978496K), 0.0043270 secs] [Times: user=0.02 sys=0.00, real=0.00 secs] 
2014-07-16T14:45:15.010+0000: 2525.197: [GC [PSYoungGen: 291488K->844K(283968K)] 679418K->388855K(970944K), 0.0060850 secs] [Times: user=0.03 sys=0.00, real=0.01 secs] 
2014-07-16T14:45:16.006+0000: 2526.193: [GC [PSYoungGen: 283894K->1208K(276928K)] 671904K->389275K(963904K), 0.0054050 secs] [Times: user=0.02 sys=0.01, real=0.00 secs] 
2014-07-16T14:45:16.976+0000: 2527.163: [GC [PSYoungGen: 276911K->880K(269504K)] 664978K->389305K(956480K), 0.0102740 secs] [Times: user=0.06 sys=0.00, real=0.01 secs] 
2014-07-16T14:45:17.808+0000: 2527.996: [GC [PSYoungGen: 269488K->1286K(263104K)] 657913K->389783K(950080K), 0.0087110 secs] [Times: user=0.04 sys=0.00, real=0.01 secs] 
2014-07-16T14:45:18.676+0000: 2528.863: [GC [PSYoungGen: 262999K->884K(256064K)] 651496K->389875K(943040K), 0.0062050 secs] [Times: user=0.03 sys=0.00, real=0.00 secs] 
2014-07-16T14:45:19.605+0000: 2529.792: [GC [PSYoungGen: 256052K->950K(249792K)] 645043K->390029K(936768K), 0.0071830 secs] [Times: user=0.04 sys=0.00, real=0.01 secs] 
2014-07-16T14:45:20.455+0000: 2530.642: [GC [PSYoungGen: 249782K->1204K(243968K)] 638861K->390339K(930944K), 0.0080370 secs] [Times: user=0.05 sys=0.00, real=0.00 secs] 
2014-07-16T14:45:21.287+0000: 2531.474: [GC [PSYoungGen: 243956K->990K(237952K)] 633091K->390173K(924928K), 0.0094940 secs] [Times: user=0.05 sys=0.00, real=0.01 secs] 
2014-07-16T14:45:22.083+0000: 2532.270: [GC [PSYoungGen: 237918K->848K(232192K)] 627101K->390087K(919168K), 0.0063080 secs] [Times: user=0.03 sys=0.00, real=0.00 secs] 
2014-07-16T14:45:22.868+0000: 2533.055: [GC [PSYoungGen: 232144K->690K(226560K)] 621383K->390009K(913536K), 0.0076700 secs] [Times: user=0.05 sys=0.00, real=0.01 secs] 
2014-07-16T14:45:23.628+0000: 2533.815: [GC [PSYoungGen: 226546K->832K(221440K)] 615865K->390239K(908416K), 0.0090630 secs] [Times: user=0.05 sys=0.00, real=0.01 secs] 
2014-07-16T14:45:24.375+0000: 2534.562: [GC [PSYoungGen: 221394K->926K(216512K)] 610801K->390413K(903488K), 0.0088580 secs] [Times: user=0.05 sys=0.00, real=0.00 secs] 
2014-07-16T14:45:25.160+0000: 2535.348: [GC [PSYoungGen: 216478K->708K(211456K)] 605965K->390259K(898432K), 0.0047350 secs] [Times: user=0.02 sys=0.00, real=0.01 secs] 
2014-07-16T14:45:25.886+0000: 2536.074: [GC [PSYoungGen: 211396K->978K(206976K)] 600947K->390625K(893952K), 0.0076370 secs] [Times: user=0.04 sys=0.01, real=0.01 secs] 
2014-07-16T14:45:26.581+0000: 2536.768: [GC [PSYoungGen: 206900K->1326K(202752K)] 596548K->391385K(889728K), 0.0050860 secs] [Times: user=0.04 sys=0.00, real=0.01 secs] 
2014-07-16T14:45:27.382+0000: 2537.569: [GC [PSYoungGen: 202734K->1426K(243200K)] 592793K->391557K(930176K), 0.0144520 secs] [Times: user=0.09 sys=0.00, real=0.02 secs] 
2014-07-16T14:45:28.217+0000: 2538.404: [GC [PSYoungGen: 243154K->698K(236608K)] 633285K->391307K(923584K), 0.0045870 secs] [Times: user=0.02 sys=0.00, real=0.00 secs] 
2014-07-16T14:45:28.966+0000: 2539.153: [GC [PSYoungGen: 236553K->840K(231168K)] 627162K->391537K(918144K), 0.0043640 secs] [Times: user=0.03 sys=0.00, real=0.00 secs] 
2014-07-16T14:45:29.873+0000: 2540.060: [GC [PSYoungGen: 231077K->1304K(226240K)] 621774K->392097K(913216K), 0.0049690 secs] [Times: user=0.03 sys=0.00, real=0.01 secs] 
2014-07-16T14:45:30.620+0000: 2540.807: [GC [PSYoungGen: 226200K->1244K(220992K)] 616993K->392101K(907968K), 0.0076020 secs] [Times: user=0.04 sys=0.00, real=0.01 secs] 
2014-07-16T14:45:31.377+0000: 2541.564: [GC [PSYoungGen: 220918K->880K(215616K)] 611775K->391785K(902592K), 0.0040630 secs] [Times: user=0.02 sys=0.01, real=0.00 secs] 
2014-07-16T14:45:32.118+0000: 2542.306: [GC [PSYoungGen: 215600K->1268K(211136K)] 606505K->392261K(898112K), 0.0073130 secs] [Times: user=0.05 sys=0.00, real=0.01 secs] 
2014-07-16T14:45:32.790+0000: 2542.978: [GC [PSYoungGen: 211124K->1232K(206464K)] 602117K->392329K(893440K), 0.0076090 secs] [Times: user=0.03 sys=0.00, real=0.01 secs] 
2014-07-16T14:45:33.513+0000: 2543.700: [GC [PSYoungGen: 206389K->976K(201664K)] 597486K->392153K(888640K), 0.0085120 secs] [Times: user=0.05 sys=0.00, real=0.01 secs] 
2014-07-16T14:45:34.171+0000: 2544.359: [GC [PSYoungGen: 201616K->758K(241536K)] 592793K->391991K(928512K), 0.0131040 secs] [Times: user=0.08 sys=0.00, real=0.01 secs] 
2014-07-16T14:45:34.992+0000: 2545.179: [GC [PSYoungGen: 241526K->1286K(290304K)] 632759K->392591K(977280K), 0.0063990 secs] [Times: user=0.01 sys=0.01, real=0.01 secs] 
2014-07-16T14:45:35.980+0000: 2546.167: [GC [PSYoungGen: 290246K->882K(347648K)] 681551K->392259K(1034624K), 0.0157080 secs] [Times: user=0.09 sys=0.00, real=0.02 secs] 
2014-07-16T14:45:37.255+0000: 2547.443: [GC [PSYoungGen: 347634K->1260K(373056K)] 739011K->392725K(1060032K), 0.0064780 secs] [Times: user=0.04 sys=0.00, real=0.01 secs] 
2014-07-16T14:45:38.587+0000: 2548.774: [GC [PSYoungGen: 372652K->1328K(361792K)] 764117K->392865K(1048768K), 0.0110480 secs] [Times: user=0.05 sys=0.01, real=0.01 secs] 
2014-07-16T14:45:39.934+0000: 2550.121: [GC [PSYoungGen: 361776K->662K(350656K)] 753313K->392271K(1037632K), 0.0090130 secs] [Times: user=0.05 sys=0.00, real=0.01 secs] 
2014-07-16T14:45:41.054+0000: 2551.242: [GC [PSYoungGen: 350613K->876K(340800K)] 742222K->392541K(1027776K), 0.0117280 secs] [Times: user=0.07 sys=0.00, real=0.02 secs] 
2014-07-16T14:45:42.160+0000: 2552.347: [GC [PSYoungGen: 340780K->712K(331008K)] 732445K->392417K(1017984K), 0.0045750 secs] [Times: user=0.02 sys=0.00, real=0.00 secs] 
2014-07-16T14:45:43.254+0000: 2553.441: [GC [PSYoungGen: 330952K->562K(321600K)] 722657K->392307K(1008576K), 0.0042370 secs] [Times: user=0.02 sys=0.00, real=0.01 secs] 
2014-07-16T14:45:44.328+0000: 2554.515: [GC [PSYoungGen: 321586K->890K(313024K)] 713331K->392699K(1000000K), 0.0036840 secs] [Times: user=0.01 sys=0.01, real=0.00 secs] 
2014-07-16T14:45:45.406+0000: 2555.593: [GC [PSYoungGen: 313018K->1572K(305216K)] 704827K->393569K(992192K), 0.0066400 secs] [Times: user=0.04 sys=0.00, real=0.01 secs] 
2014-07-16T14:45:46.426+0000: 2556.613: [GC [PSYoungGen: 305188K->954K(296384K)] 697185K->393007K(983360K), 0.0065910 secs] [Times: user=0.03 sys=0.00, real=0.01 secs] 
2014-07-16T14:45:47.413+0000: 2557.600: [GC [PSYoungGen: 296378K->1058K(288640K)] 688431K->393283K(975616K), 0.0034240 secs] [Times: user=0.02 sys=0.00, real=0.00 secs] 
2014-07-16T14:45:48.414+0000: 2558.601: [GC [PSYoungGen: 288610K->1588K(281600K)] 680835K->393869K(968576K), 0.0045930 secs] [Times: user=0.02 sys=0.00, real=0.01 secs] 
2014-07-16T14:45:49.438+0000: 2559.626: [GC [PSYoungGen: 281588K->644K(273472K)] 673869K->392965K(960448K), 0.0093570 secs] [Times: user=0.05 sys=0.00, real=0.01 secs] 
2014-07-16T14:45:50.432+0000: 2560.619: [GC [PSYoungGen: 273412K->1522K(267328K)] 665733K->393931K(954304K), 0.0091570 secs] [Times: user=0.04 sys=0.00, real=0.01 secs] 
2014-07-16T14:45:51.323+0000: 2561.510: [GC [PSYoungGen: 267284K->1244K(260352K)] 659693K->393725K(947328K), 0.0074970 secs] [Times: user=0.05 sys=0.00, real=0.01 secs] 
2014-07-16T14:45:52.206+0000: 2562.393: [GC [PSYoungGen: 260316K->498K(253120K)] 652797K->393019K(940096K), 0.0091840 secs] [Times: user=0.04 sys=0.00, real=0.01 secs] 
2014-07-16T14:45:53.052+0000: 2563.239: [GC [PSYoungGen: 253106K->1832K(248256K)] 645627K->394401K(935232K), 0.0085480 secs] [Times: user=0.03 sys=0.00, real=0.01 secs] 
2014-07-16T14:45:53.851+0000: 2564.038: [GC [PSYoungGen: 248232K->658K(241088K)] 640801K->393307K(928064K), 0.0067300 secs] [Times: user=0.04 sys=0.01, real=0.01 secs] 
2014-07-16T14:45:54.641+0000: 2564.828: [GC [PSYoungGen: 241042K->800K(235456K)] 633691K->393513K(922432K), 0.0073680 secs] [Times: user=0.04 sys=0.01, real=0.01 secs] 
2014-07-16T14:45:55.514+0000: 2565.701: [GC [PSYoungGen: 235424K->694K(229760K)] 628137K->393463K(916736K), 0.0047450 secs] [Times: user=0.02 sys=0.00, real=0.01 secs] 
2014-07-16T14:45:56.301+0000: 2566.488: [GC [PSYoungGen: 229750K->896K(224576K)] 622519K->393721K(911552K), 0.0134410 secs] [Times: user=0.08 sys=0.00, real=0.01 secs] 
2014-07-16T14:45:57.070+0000: 2567.257: [GC [PSYoungGen: 224576K->908K(219456K)] 617401K->393805K(906432K), 0.0052220 secs] [Times: user=0.03 sys=0.00, real=0.00 secs] 
2014-07-16T14:45:57.793+0000: 2567.980: [GC [PSYoungGen: 219404K->876K(214400K)] 612301K->393813K(901376K), 0.0085510 secs] [Times: user=0.03 sys=0.01, real=0.01 secs] 
2014-07-16T14:45:58.526+0000: 2568.713: [GC [PSYoungGen: 214380K->676K(256960K)] 607317K->393685K(943936K), 0.0090470 secs] [Times: user=0.05 sys=0.00, real=0.01 secs] 
2014-07-16T14:45:59.424+0000: 2569.611: [GC [PSYoungGen: 256932K->926K(250880K)] 649941K->394007K(937856K), 0.0055530 secs] [Times: user=0.03 sys=0.00, real=0.01 secs] 
2014-07-16T14:46:00.360+0000: 2570.547: [GC [PSYoungGen: 250796K->1132K(244928K)] 643877K->394317K(931904K), 0.0117820 secs] [Times: user=0.07 sys=0.01, real=0.01 secs] 
2014-07-16T14:46:01.178+0000: 2571.365: [GC [PSYoungGen: 244908K->1182K(239104K)] 638093K->394455K(926080K), 0.0050840 secs] [Times: user=0.03 sys=0.00, real=0.01 secs] 
2014-07-16T14:46:02.010+0000: 2572.197: [GC [PSYoungGen: 239068K->1144K(233344K)] 632341K->394489K(920320K), 0.0073200 secs] [Times: user=0.04 sys=0.01, real=0.00 secs] 
2014-07-16T14:46:02.779+0000: 2572.966: [GC [PSYoungGen: 233336K->1122K(227904K)] 626681K->394647K(914880K), 0.0064070 secs] [Times: user=0.04 sys=0.00, real=0.00 secs] 
2014-07-16T14:46:03.559+0000: 2573.746: [GC [PSYoungGen: 227874K->922K(222464K)] 621399K->394495K(909440K), 0.0052280 secs] [Times: user=0.02 sys=0.01, real=0.01 secs] 
2014-07-16T14:46:04.288+0000: 2574.475: [GC [PSYoungGen: 222426K->598K(217088K)] 615999K->394211K(904064K), 0.0095290 secs] [Times: user=0.05 sys=0.00, real=0.01 secs] 
2014-07-16T14:46:05.120+0000: 2575.308: [GC [PSYoungGen: 217033K->1420K(212992K)] 610646K->395113K(899968K), 0.0057880 secs] [Times: user=0.03 sys=0.00, real=0.00 secs] 
2014-07-16T14:46:05.805+0000: 2575.992: [GC [PSYoungGen: 212940K->1130K(207936K)] 606633K->394879K(894912K), 0.0039270 secs] [Times: user=0.02 sys=0.00, real=0.00 secs] 
2014-07-16T14:46:06.532+0000: 2576.719: [GC [PSYoungGen: 207914K->544K(202816K)] 601663K->394357K(889792K), 0.0059110 secs] [Times: user=0.03 sys=0.00, real=0.00 secs] 
2014-07-16T14:46:07.232+0000: 2577.420: [GC [PSYoungGen: 202784K->1722K(199552K)] 596597K->395615K(886528K), 0.0089640 secs] [Times: user=0.03 sys=0.00, real=0.01 secs] 
2014-07-16T14:46:07.877+0000: 2578.064: [GC [PSYoungGen: 199513K->1054K(194624K)] 593406K->395027K(881600K), 0.0075370 secs] [Times: user=0.05 sys=0.00, real=0.01 secs] 
2014-07-16T14:46:08.561+0000: 2578.748: [GC [PSYoungGen: 194573K->1082K(190528K)] 588547K->395151K(877504K), 0.0049460 secs] [Times: user=0.02 sys=0.00, real=0.00 secs] 
2014-07-16T14:46:09.192+0000: 2579.379: [GC [PSYoungGen: 190520K->748K(186240K)] 584589K->394889K(873216K), 0.0066170 secs] [Times: user=0.05 sys=0.00, real=0.00 secs] 
2014-07-16T14:46:09.891+0000: 2580.079: [GC [PSYoungGen: 186220K->626K(182272K)] 580361K->394831K(869248K), 0.0074650 secs] [Times: user=0.05 sys=0.00, real=0.00 secs] 
2014-07-16T14:46:10.622+0000: 2580.809: [GC [PSYoungGen: 182258K->1058K(219072K)] 576463K->395335K(906048K), 0.0089400 secs] [Times: user=0.06 sys=0.00, real=0.01 secs] 
2014-07-16T14:46:11.342+0000: 2581.529: [GC [PSYoungGen: 219039K->594K(262272K)] 613317K->394927K(949248K), 0.0073740 secs] [Times: user=0.05 sys=0.00, real=0.00 secs] 
2014-07-16T14:46:12.211+0000: 2582.398: [GC [PSYoungGen: 262226K->790K(255936K)] 656559K->395235K(942912K), 0.0057810 secs] [Times: user=0.04 sys=0.00, real=0.00 secs] 
2014-07-16T14:46:13.038+0000: 2583.225: [GC [PSYoungGen: 255827K->822K(307008K)] 650272K->395323K(993984K), 0.0114200 secs] [Times: user=0.07 sys=0.01, real=0.01 secs] 
2014-07-16T14:46:14.022+0000: 2584.209: [GC [PSYoungGen: 306998K->722K(368192K)] 701499K->395311K(1055168K), 0.0110570 secs] [Times: user=0.07 sys=0.00, real=0.01 secs] 
2014-07-16T14:46:15.395+0000: 2585.582: [GC [PSYoungGen: 368146K->1594K(358272K)] 762735K->396529K(1045248K), 0.0109440 secs] [Times: user=0.08 sys=0.00, real=0.01 secs] 
2014-07-16T14:46:16.674+0000: 2586.861: [GC [PSYoungGen: 358266K->854K(347264K)] 753201K->395877K(1034240K), 0.0137920 secs] [Times: user=0.10 sys=0.01, real=0.01 secs] 
2014-07-16T14:46:17.878+0000: 2588.065: [GC [PSYoungGen: 347222K->1144K(337600K)] 742245K->396239K(1024576K), 0.0076740 secs] [Times: user=0.05 sys=0.00, real=0.01 secs] 
2014-07-16T14:46:19.050+0000: 2589.238: [GC [PSYoungGen: 337592K->900K(327936K)] 732687K->396075K(1014912K), 0.0075940 secs] [Times: user=0.05 sys=0.00, real=0.01 secs] 
2014-07-16T14:46:20.248+0000: 2590.435: [GC [PSYoungGen: 327876K->1656K(319552K)] 723051K->397185K(1006528K), 0.0097030 secs] [Times: user=0.04 sys=0.01, real=0.01 secs] 
2014-07-16T14:46:21.389+0000: 2591.576: [GC [PSYoungGen: 319544K->704K(309824K)] 715073K->396297K(996800K), 0.0084510 secs] [Times: user=0.03 sys=0.00, real=0.01 secs] 
2014-07-16T14:46:22.438+0000: 2592.626: [GC [PSYoungGen: 309824K->826K(301568K)] 705417K->396483K(988544K), 0.0035340 secs] [Times: user=0.02 sys=0.00, real=0.01 secs] 
2014-07-16T14:46:23.453+0000: 2593.641: [GC [PSYoungGen: 301562K->1740K(294464K)] 697219K->397501K(981440K), 0.0044850 secs] [Times: user=0.03 sys=0.00, real=0.00 secs] 
2014-07-16T14:46:24.437+0000: 2594.624: [GC [PSYoungGen: 294412K->736K(285696K)] 690173K->396617K(972672K), 0.0065570 secs] [Times: user=0.04 sys=0.01, real=0.01 secs] 
2014-07-16T14:46:25.473+0000: 2595.660: [GC [PSYoungGen: 285632K->926K(278464K)] 681513K->396879K(965440K), 0.0083260 secs] [Times: user=0.05 sys=0.01, real=0.01 secs] 
2014-07-16T14:46:26.423+0000: 2596.610: [GC [PSYoungGen: 278430K->890K(271232K)] 674383K->396923K(958208K), 0.0065230 secs] [Times: user=0.04 sys=0.00, real=0.00 secs] 
2014-07-16T14:46:27.368+0000: 2597.556: [GC [PSYoungGen: 271226K->1158K(264640K)] 667259K->397247K(951616K), 0.0043470 secs] [Times: user=0.02 sys=0.00, real=0.00 secs] 
2014-07-16T14:46:28.304+0000: 2598.491: [GC [PSYoungGen: 264582K->840K(257664K)] 660671K->397009K(944640K), 0.0062040 secs] [Times: user=0.04 sys=0.00, real=0.00 secs] 
2014-07-16T14:46:29.221+0000: 2599.409: [GC [PSYoungGen: 257605K->854K(251264K)] 653775K->397095K(938240K), 0.0076410 secs] [Times: user=0.05 sys=0.00, real=0.01 secs] 
2014-07-16T14:46:30.079+0000: 2600.266: [GC [PSYoungGen: 251192K->958K(245184K)] 647434K->397279K(932160K), 0.0089190 secs] [Times: user=0.07 sys=0.00, real=0.01 secs] 
2014-07-16T14:46:30.978+0000: 2601.165: [GC [PSYoungGen: 245182K->708K(239104K)] 641503K->397117K(926080K), 0.0058130 secs] [Times: user=0.04 sys=0.01, real=0.01 secs] 
2014-07-16T14:46:31.798+0000: 2601.985: [GC [PSYoungGen: 239044K->1160K(233856K)] 635453K->397649K(920832K), 0.0111000 secs] [Times: user=0.07 sys=0.00, real=0.01 secs] 
2014-07-16T14:46:32.641+0000: 2602.828: [GC [PSYoungGen: 233800K->886K(280064K)] 630289K->397431K(967040K), 0.0207090 secs] [Times: user=0.14 sys=0.00, real=0.02 secs] 
2014-07-16T14:46:33.604+0000: 2603.791: [GC [PSYoungGen: 280011K->1040K(336128K)] 676557K->397673K(1023104K), 0.0032810 secs] [Times: user=0.01 sys=0.00, real=0.00 secs] 
2014-07-16T14:46:34.848+0000: 2605.035: [GC [PSYoungGen: 336080K->726K(326400K)] 732713K->397431K(1013376K), 0.0075430 secs] [Times: user=0.05 sys=0.00, real=0.01 secs] 
2014-07-16T14:46:36.036+0000: 2606.223: [GC [PSYoungGen: 326353K->690K(317248K)] 723058K->397451K(1004224K), 0.0041590 secs] [Times: user=0.02 sys=0.00, real=0.00 secs] 
2014-07-16T14:46:37.137+0000: 2607.325: [GC [PSYoungGen: 317232K->1424K(309312K)] 713994K->398265K(996288K), 0.0075580 secs] [Times: user=0.05 sys=0.00, real=0.01 secs] 
2014-07-16T14:46:38.187+0000: 2608.374: [GC [PSYoungGen: 309264K->658K(300224K)] 706105K->397571K(987200K), 0.0038890 secs] [Times: user=0.02 sys=0.00, real=0.00 secs] 
2014-07-16T14:46:39.288+0000: 2609.475: [GC [PSYoungGen: 300132K->994K(292544K)] 697045K->397971K(979520K), 0.0067160 secs] [Times: user=0.04 sys=0.00, real=0.00 secs] 
2014-07-16T14:46:40.352+0000: 2610.539: [GC [PSYoungGen: 292505K->1372K(285248K)] 689482K->398389K(972224K), 0.0056030 secs] [Times: user=0.02 sys=0.00, real=0.01 secs] 
2014-07-16T14:46:41.414+0000: 2611.601: [GC [PSYoungGen: 285186K->1232K(277696K)] 682204K->398329K(964672K), 0.0040910 secs] [Times: user=0.02 sys=0.00, real=0.01 secs] 
2014-07-16T14:46:42.419+0000: 2612.606: [GC [PSYoungGen: 277648K->830K(270144K)] 674745K->398527K(957120K), 0.0040110 secs] [Times: user=0.02 sys=0.01, real=0.00 secs] 
2014-07-16T14:46:43.274+0000: 2613.461: [GC [PSYoungGen: 270142K->1058K(263552K)] 667839K->398803K(950528K), 0.0117290 secs] [Times: user=0.08 sys=0.00, real=0.01 secs] 
2014-07-16T14:46:44.153+0000: 2614.340: [GC [PSYoungGen: 263522K->594K(256512K)] 661267K->398545K(943488K), 0.0045380 secs] [Times: user=0.02 sys=0.00, real=0.01 secs] 
2014-07-16T14:46:44.969+0000: 2615.156: [GC [PSYoungGen: 256466K->836K(250432K)] 654417K->398859K(937408K), 0.0126110 secs] [Times: user=0.07 sys=0.01, real=0.01 secs] 
2014-07-16T14:46:45.879+0000: 2616.066: [GC [PSYoungGen: 250323K->1172K(244672K)] 648346K->399283K(931648K), 0.0103180 secs] [Times: user=0.07 sys=0.00, real=0.01 secs] 
2014-07-16T14:46:46.696+0000: 2616.883: [GC [PSYoungGen: 244628K->1440K(239040K)] 642739K->399623K(926016K), 0.0084000 secs] [Times: user=0.06 sys=0.00, real=0.00 secs] 
2014-07-16T14:46:47.487+0000: 2617.675: [GC [PSYoungGen: 239007K->826K(232704K)] 637190K->399179K(919680K), 0.0065970 secs] [Times: user=0.04 sys=0.00, real=0.00 secs] 
2014-07-16T14:46:48.273+0000: 2618.460: [GC [PSYoungGen: 232665K->804K(227264K)] 631018K->399213K(914240K), 0.0053330 secs] [Times: user=0.03 sys=0.00, real=0.01 secs] 
2014-07-16T14:46:48.998+0000: 2619.185: [GC [PSYoungGen: 227218K->1218K(222464K)] 625628K->399691K(909440K), 0.0043940 secs] [Times: user=0.02 sys=0.00, real=0.00 secs] 
2014-07-16T14:46:49.745+0000: 2619.932: [GC [PSYoungGen: 222402K->694K(216832K)] 620875K->399255K(903808K), 0.0092470 secs] [Times: user=0.05 sys=0.00, real=0.01 secs] 
2014-07-16T14:46:50.544+0000: 2620.731: [GC [PSYoungGen: 216789K->1208K(212416K)] 615350K->399841K(899392K), 0.0075830 secs] [Times: user=0.04 sys=0.00, real=0.01 secs] 
2014-07-16T14:46:51.328+0000: 2621.515: [GC [PSYoungGen: 212408K->1710K(208192K)] 611041K->400415K(895168K), 0.0037500 secs] [Times: user=0.02 sys=0.00, real=0.00 secs] 
2014-07-16T14:46:52.000+0000: 2622.187: [GC [PSYoungGen: 208174K->480K(202432K)] 606879K->399281K(889408K), 0.0055490 secs] [Times: user=0.03 sys=0.01, real=0.00 secs] 
2014-07-16T14:46:52.663+0000: 2622.850: [GC [PSYoungGen: 202400K->982K(198528K)] 601201K->399895K(885504K), 0.0072180 secs] [Times: user=0.05 sys=0.00, real=0.01 secs] 
2014-07-16T14:46:53.397+0000: 2623.584: [GC [PSYoungGen: 198486K->658K(237760K)] 597399K->399627K(924736K), 0.0146780 secs] [Times: user=0.09 sys=0.00, real=0.02 secs] 
2014-07-16T14:46:54.238+0000: 2624.426: [GC [PSYoungGen: 237675K->1150K(285632K)] 636645K->400215K(972608K), 0.0063870 secs] [Times: user=0.04 sys=0.00, real=0.00 secs] 
2014-07-16T14:46:55.246+0000: 2625.433: [GC [PSYoungGen: 285630K->1510K(278592K)] 684695K->400647K(965568K), 0.0079690 secs] [Times: user=0.03 sys=0.01, real=0.01 secs] 
2014-07-16T14:46:56.323+0000: 2626.510: [GC [PSYoungGen: 278566K->658K(270592K)] 677703K->399883K(957568K), 0.0056890 secs] [Times: user=0.03 sys=0.00, real=0.01 secs] 
2014-07-16T14:46:57.219+0000: 2627.407: [GC [PSYoungGen: 270546K->740K(263808K)] 669771K->400061K(950784K), 0.0066220 secs] [Times: user=0.04 sys=0.00, real=0.00 secs] 
2014-07-16T14:46:58.200+0000: 2628.387: [GC [PSYoungGen: 263780K->626K(257088K)] 663101K->399995K(944064K), 0.0088810 secs] [Times: user=0.05 sys=0.00, real=0.01 secs] 
2014-07-16T14:46:59.025+0000: 2629.212: [GC [PSYoungGen: 257074K->1262K(251392K)] 656443K->400695K(938368K), 0.0038040 secs] [Times: user=0.02 sys=0.01, real=0.01 secs] 
2014-07-16T14:46:59.869+0000: 2630.057: [GC [PSYoungGen: 251372K->1122K(245120K)] 650805K->400627K(932096K), 0.0080580 secs] [Times: user=0.04 sys=0.00, real=0.00 secs] 
2014-07-16T14:47:00.673+0000: 2630.860: [GC [PSYoungGen: 245060K->448K(238528K)] 644565K->400017K(925504K), 0.0090450 secs] [Times: user=0.06 sys=0.00, real=0.01 secs] 
2014-07-16T14:47:01.527+0000: 2631.714: [GC [PSYoungGen: 238491K->940K(233344K)] 638061K->400605K(920320K), 0.0075040 secs] [Times: user=0.05 sys=0.00, real=0.01 secs] 
2014-07-16T14:47:02.338+0000: 2632.525: [GC [PSYoungGen: 233324K->448K(227328K)] 632989K->400185K(914304K), 0.0059510 secs] [Times: user=0.03 sys=0.00, real=0.00 secs] 
2014-07-16T14:47:03.113+0000: 2633.300: [GC [PSYoungGen: 227328K->566K(222208K)] 627065K->400351K(909184K), 0.0099020 secs] [Times: user=0.07 sys=0.00, real=0.01 secs] 
2014-07-16T14:47:03.921+0000: 2634.108: [GC [PSYoungGen: 222198K->690K(217216K)] 621983K->400571K(904192K), 0.0040960 secs] [Times: user=0.02 sys=0.00, real=0.00 secs] 
2014-07-16T14:47:04.627+0000: 2634.814: [GC [PSYoungGen: 217202K->954K(212544K)] 617083K->400891K(899520K), 0.0048150 secs] [Times: user=0.03 sys=0.00, real=0.01 secs] 
2014-07-16T14:47:05.360+0000: 2635.547: [GC [PSYoungGen: 212538K->1008K(207872K)] 612475K->401033K(894848K), 0.0059860 secs] [Times: user=0.03 sys=0.00, real=0.00 secs] 
2014-07-16T14:47:06.157+0000: 2636.345: [GC [PSYoungGen: 207835K->1040K(203392K)] 607861K->401145K(890368K), 0.0070990 secs] [Times: user=0.03 sys=0.01, real=0.01 secs] 
2014-07-16T14:47:06.821+0000: 2637.008: [GC [PSYoungGen: 203306K->794K(198720K)] 603412K->400971K(885696K), 0.0065790 secs] [Times: user=0.04 sys=0.00, real=0.00 secs] 
2014-07-16T14:47:07.455+0000: 2637.642: [GC [PSYoungGen: 198682K->726K(194368K)] 598859K->400991K(881344K), 0.0071540 secs] [Times: user=0.04 sys=0.00, real=0.01 secs] 
2014-07-16T14:47:08.091+0000: 2638.278: [GC [PSYoungGen: 194326K->1100K(190656K)] 594591K->401461K(877632K), 0.0077160 secs] [Times: user=0.05 sys=0.00, real=0.00 secs] 
2014-07-16T14:47:08.734+0000: 2638.921: [GC [PSYoungGen: 190604K->940K(228416K)] 590965K->401381K(915392K), 0.0085720 secs] [Times: user=0.06 sys=0.00, real=0.01 secs] 
2014-07-16T14:47:09.511+0000: 2639.699: [GC [PSYoungGen: 228367K->1012K(273984K)] 628809K->401773K(960960K), 0.0098180 secs] [Times: user=0.07 sys=0.00, real=0.01 secs] 
2014-07-16T14:47:10.489+0000: 2640.676: [GC [PSYoungGen: 273972K->1344K(328960K)] 674733K->402161K(1015936K), 0.0085300 secs] [Times: user=0.05 sys=0.01, real=0.01 secs] 
2014-07-16T14:47:11.691+0000: 2641.878: [GC [PSYoungGen: 328881K->826K(340928K)] 729699K->402115K(1027904K), 0.0118480 secs] [Times: user=0.07 sys=0.00, real=0.01 secs] 
2014-07-16T14:47:12.925+0000: 2643.113: [GC [PSYoungGen: 340922K->1546K(332032K)] 742211K->402924K(1019008K), 0.0089030 secs] [Times: user=0.05 sys=0.00, real=0.01 secs] 
2014-07-16T14:47:14.163+0000: 2644.350: [GC [PSYoungGen: 331978K->192K(321344K)] 733356K->402419K(1008320K), 0.0048990 secs] [Times: user=0.03 sys=0.01, real=0.00 secs] 
2014-07-16T14:47:15.227+0000: 2645.414: [GC [PSYoungGen: 321344K->882K(313152K)] 723571K->403142K(1000128K), 0.0153070 secs] [Times: user=0.09 sys=0.00, real=0.02 secs] 
2014-07-16T14:47:16.517+0000: 2646.704: [GC [PSYoungGen: 313138K->1610K(305408K)] 715398K->404022K(992384K), 0.0121670 secs] [Times: user=0.08 sys=0.00, real=0.01 secs] 
2014-07-16T14:47:17.567+0000: 2647.754: [GC [PSYoungGen: 305354K->1904K(297472K)] 707766K->404568K(984448K), 0.0042040 secs] [Times: user=0.02 sys=0.00, real=0.00 secs] 
2014-07-16T14:47:18.567+0000: 2648.754: [GC [PSYoungGen: 297455K->310K(288000K)] 700119K->403550K(974976K), 0.0055110 secs] [Times: user=0.03 sys=0.00, real=0.01 secs] 
2014-07-16T14:47:19.533+0000: 2649.720: [GC [PSYoungGen: 287990K->2164K(282304K)] 691230K->405468K(969280K), 0.0073510 secs] [Times: user=0.04 sys=0.00, real=0.00 secs] 
2014-07-16T14:47:20.513+0000: 2650.701: [GC [PSYoungGen: 282292K->800K(273728K)] 685596K->404664K(960704K), 0.0090610 secs] [Times: user=0.06 sys=0.01, real=0.01 secs] 
2014-07-16T14:47:21.587+0000: 2651.775: [GC [PSYoungGen: 273696K->1290K(267264K)] 677560K->405226K(954240K), 0.0096970 secs] [Times: user=0.06 sys=0.00, real=0.01 secs] 
2014-07-16T14:47:22.499+0000: 2652.686: [GC [PSYoungGen: 267210K->1596K(260800K)] 671146K->405588K(947776K), 0.0123990 secs] [Times: user=0.09 sys=0.00, real=0.01 secs] 
2014-07-16T14:47:23.532+0000: 2653.720: [GC [PSYoungGen: 260796K->1104K(253888K)] 664788K->405160K(940864K), 0.0051110 secs] [Times: user=0.03 sys=0.00, real=0.00 secs] 
2014-07-16T14:47:24.458+0000: 2654.645: [GC [PSYoungGen: 253840K->1778K(248320K)] 657896K->405906K(935296K), 0.0073910 secs] [Times: user=0.05 sys=0.00, real=0.01 secs] 
2014-07-16T14:47:25.290+0000: 2655.477: [GC [PSYoungGen: 248290K->890K(241408K)] 652418K->405090K(928384K), 0.0088040 secs] [Times: user=0.06 sys=0.00, real=0.01 secs] 
2014-07-16T14:47:26.266+0000: 2656.454: [GC [PSYoungGen: 241402K->1174K(235968K)] 645602K->405470K(922944K), 0.0085700 secs] [Times: user=0.05 sys=0.00, real=0.01 secs] 
2014-07-16T14:47:27.006+0000: 2657.193: [GC [PSYoungGen: 235925K->712K(229952K)] 640221K->405040K(916928K), 0.0061520 secs] [Times: user=0.03 sys=0.01, real=0.01 secs] 
2014-07-16T14:47:27.778+0000: 2657.965: [GC [PSYoungGen: 229896K->1360K(225216K)] 634224K->405784K(912192K), 0.0086920 secs] [Times: user=0.06 sys=0.00, real=0.01 secs] 
2014-07-16T14:47:28.518+0000: 2658.706: [GC [PSYoungGen: 225168K->448K(219072K)] 629592K->404936K(906048K), 0.0081120 secs] [Times: user=0.05 sys=0.00, real=0.01 secs] 
2014-07-16T14:47:29.223+0000: 2659.410: [GC [PSYoungGen: 219072K->934K(214592K)] 623560K->405462K(901568K), 0.0050460 secs] [Times: user=0.03 sys=0.00, real=0.01 secs] 
2014-07-16T14:47:29.933+0000: 2660.120: [GC [PSYoungGen: 214544K->1116K(209984K)] 619073K->405700K(896960K), 0.0043920 secs] [Times: user=0.02 sys=0.00, real=0.01 secs] 
2014-07-16T14:47:30.638+0000: 2660.825: [GC [PSYoungGen: 209924K->1286K(205504K)] 614508K->405966K(892480K), 0.0055500 secs] [Times: user=0.02 sys=0.00, real=0.01 secs] 
2014-07-16T14:47:31.429+0000: 2661.616: [GC [PSYoungGen: 205446K->1068K(200768K)] 610126K->405860K(887744K), 0.0067480 secs] [Times: user=0.04 sys=0.00, real=0.01 secs] 
2014-07-16T14:47:32.145+0000: 2662.332: [GC [PSYoungGen: 200722K->872K(196224K)] 605514K->405720K(883200K), 0.0054850 secs] [Times: user=0.03 sys=0.00, real=0.00 secs] 
2014-07-16T14:47:32.762+0000: 2662.949: [GC [PSYoungGen: 196200K->1126K(235584K)] 601048K->406062K(922560K), 0.0111290 secs] [Times: user=0.07 sys=0.00, real=0.02 secs] 
2014-07-16T14:47:33.549+0000: 2663.736: [GC [PSYoungGen: 235558K->1168K(282560K)] 640494K->406152K(969536K), 0.0180400 secs] [Times: user=0.11 sys=0.00, real=0.02 secs] 
2014-07-16T14:47:34.604+0000: 2664.792: [GC [PSYoungGen: 282512K->800K(321216K)] 687496K->405848K(1008192K), 0.0096640 secs] [Times: user=0.07 sys=0.00, real=0.01 secs] 
2014-07-16T14:47:35.735+0000: 2665.922: [GC [PSYoungGen: 320224K->1550K(339328K)] 725272K->406694K(1026304K), 0.0090540 secs] [Times: user=0.05 sys=0.00, real=0.01 secs] 
2014-07-16T14:47:36.854+0000: 2667.041: [GC [PSYoungGen: 339086K->512K(328512K)] 744230K->405712K(1015488K), 0.0045240 secs] [Times: user=0.02 sys=0.00, real=0.00 secs] 
2014-07-16T14:47:37.928+0000: 2668.115: [GC [PSYoungGen: 328512K->448K(319296K)] 733712K->405720K(1006272K), 0.0070620 secs] [Times: user=0.05 sys=0.00, real=0.01 secs] 
2014-07-16T14:47:38.964+0000: 2669.151: [GC [PSYoungGen: 319296K->1076K(311168K)] 724568K->406412K(998144K), 0.0079670 secs] [Times: user=0.05 sys=0.00, real=0.01 secs] 
2014-07-16T14:47:39.990+0000: 2670.177: [GC [PSYoungGen: 311118K->726K(302400K)] 716454K->406150K(989376K), 0.0080190 secs] [Times: user=0.05 sys=0.00, real=0.01 secs] 
2014-07-16T14:47:40.971+0000: 2671.159: [GC [PSYoungGen: 302358K->1258K(294784K)] 707782K->406770K(981760K), 0.0070720 secs] [Times: user=0.04 sys=0.00, real=0.01 secs] 
2014-07-16T14:47:42.141+0000: 2672.328: [GC [PSYoungGen: 294762K->904K(286656K)] 700274K->406496K(973632K), 0.0101280 secs] [Times: user=0.06 sys=0.00, real=0.01 secs] 
2014-07-16T14:47:43.148+0000: 2673.335: [GC [PSYoungGen: 286596K->1246K(279488K)] 692188K->406942K(966464K), 0.0074850 secs] [Times: user=0.05 sys=0.00, real=0.01 secs] 
2014-07-16T14:47:44.107+0000: 2674.295: [GC [PSYoungGen: 279454K->1082K(272128K)] 685150K->406866K(959104K), 0.0096830 secs] [Times: user=0.07 sys=0.00, real=0.01 secs] 
2014-07-16T14:47:45.010+0000: 2675.197: [GC [PSYoungGen: 272122K->722K(264896K)] 677906K->406570K(951872K), 0.0055800 secs] [Times: user=0.03 sys=0.00, real=0.01 secs] 
2014-07-16T14:47:45.971+0000: 2676.158: [GC [PSYoungGen: 264850K->972K(258496K)] 670698K->406892K(945472K), 0.0053900 secs] [Times: user=0.03 sys=0.00, real=0.01 secs] 
2014-07-16T14:47:46.968+0000: 2677.155: [GC [PSYoungGen: 258444K->800K(251904K)] 664364K->406784K(938880K), 0.0088190 secs] [Times: user=0.04 sys=0.00, real=0.01 secs] 
2014-07-16T14:47:47.791+0000: 2677.979: [GC [PSYoungGen: 251872K->1464K(246400K)] 657856K->407544K(933376K), 0.0079960 secs] [Times: user=0.05 sys=0.01, real=0.01 secs] 
2014-07-16T14:47:48.654+0000: 2678.841: [GC [PSYoungGen: 246392K->658K(239680K)] 652472K->406818K(926656K), 0.0045580 secs] [Times: user=0.03 sys=0.00, real=0.01 secs] 
2014-07-16T14:47:49.449+0000: 2679.636: [GC [PSYoungGen: 239634K->1228K(234560K)] 645794K->407452K(921536K), 0.0051200 secs] [Times: user=0.03 sys=0.01, real=0.00 secs] 
2014-07-16T14:47:50.239+0000: 2680.426: [GC [PSYoungGen: 234508K->932K(228736K)] 640732K->407212K(915712K), 0.0042250 secs] [Times: user=0.02 sys=0.00, real=0.00 secs] 
2014-07-16T14:47:50.996+0000: 2681.183: [GC [PSYoungGen: 228708K->608K(223104K)] 634988K->406968K(910080K), 0.0058940 secs] [Times: user=0.03 sys=0.00, real=0.00 secs] 
2014-07-16T14:47:51.862+0000: 2682.049: [GC [PSYoungGen: 223066K->804K(218176K)] 629426K->407236K(905152K), 0.0066320 secs] [Times: user=0.04 sys=0.00, real=0.01 secs] 
2014-07-16T14:47:52.552+0000: 2682.739: [GC [PSYoungGen: 218148K->640K(213056K)] 624580K->407144K(900032K), 0.0068060 secs] [Times: user=0.05 sys=0.00, real=0.01 secs] 
2014-07-16T14:47:53.276+0000: 2683.463: [GC [PSYoungGen: 213056K->896K(208576K)] 619560K->407480K(895552K), 0.0110280 secs] [Times: user=0.07 sys=0.00, real=0.02 secs] 
2014-07-16T14:47:53.944+0000: 2684.132: [GC [PSYoungGen: 208576K->1440K(250688K)] 615160K->408112K(937664K), 0.0225270 secs] [Times: user=0.14 sys=0.00, real=0.03 secs] 
2014-07-16T14:47:54.919+0000: 2685.106: [GC [PSYoungGen: 250647K->996K(300096K)] 657319K->407732K(987072K), 0.0091420 secs] [Times: user=0.05 sys=0.00, real=0.01 secs] 
2014-07-16T14:47:56.036+0000: 2686.224: [GC [PSYoungGen: 300068K->998K(322624K)] 706804K->407926K(1009600K), 0.0060240 secs] [Times: user=0.03 sys=0.00, real=0.01 secs] 
2014-07-16T14:47:57.245+0000: 2687.432: [GC [PSYoungGen: 322598K->886K(323264K)] 729526K->407878K(1010240K), 0.0079470 secs] [Times: user=0.05 sys=0.00, real=0.01 secs] 
2014-07-16T14:47:58.436+0000: 2688.624: [GC [PSYoungGen: 322486K->1594K(314304K)] 729478K->408880K(1001280K), 0.0087470 secs] [Times: user=0.06 sys=0.00, real=0.01 secs] 
2014-07-16T14:47:59.531+0000: 2689.718: [GC [PSYoungGen: 314298K->1050K(305280K)] 721584K->408400K(992256K), 0.0057600 secs] [Times: user=0.03 sys=0.00, real=0.01 secs] 
2014-07-16T14:48:00.545+0000: 2690.732: [GC [PSYoungGen: 305242K->912K(296960K)] 712592K->408326K(983936K), 0.0068520 secs] [Times: user=0.05 sys=0.00, real=0.01 secs] 
2014-07-16T14:48:01.616+0000: 2691.804: [GC [PSYoungGen: 296912K->962K(289152K)] 704326K->408432K(976128K), 0.0093820 secs] [Times: user=0.05 sys=0.00, real=0.01 secs] 
2014-07-16T14:48:02.700+0000: 2692.887: [GC [PSYoungGen: 289090K->940K(281536K)] 696560K->408498K(968512K), 0.0076890 secs] [Times: user=0.04 sys=0.00, real=0.00 secs] 
2014-07-16T14:48:03.634+0000: 2693.821: [GC [PSYoungGen: 281470K->794K(274112K)] 689028K->408416K(961088K), 0.0058020 secs] [Times: user=0.03 sys=0.00, real=0.01 secs] 
2014-07-16T14:48:04.622+0000: 2694.809: [GC [PSYoungGen: 274074K->1072K(267392K)] 681696K->408758K(954368K), 0.0037950 secs] [Times: user=0.02 sys=0.00, real=0.00 secs] 
2014-07-16T14:48:05.524+0000: 2695.711: [GC [PSYoungGen: 267315K->1168K(260800K)] 675002K->408926K(947776K), 0.0041420 secs] [Times: user=0.03 sys=0.00, real=0.01 secs] 
2014-07-16T14:48:06.460+0000: 2696.647: [GC [PSYoungGen: 260750K->940K(254080K)] 668508K->409058K(941056K), 0.0094730 secs] [Times: user=0.05 sys=0.00, real=0.01 secs] 
2014-07-16T14:48:07.420+0000: 2697.607: [GC [PSYoungGen: 254060K->1122K(248064K)] 662178K->409312K(935040K), 0.0085700 secs] [Times: user=0.05 sys=0.00, real=0.01 secs] 
2014-07-16T14:48:08.232+0000: 2698.419: [GC [PSYoungGen: 247992K->940K(297280K)] 656182K->409244K(984256K), 0.0172910 secs] [Times: user=0.11 sys=0.00, real=0.02 secs] 
2014-07-16T14:48:09.195+0000: 2699.382: [GC [PSYoungGen: 297260K->958K(289408K)] 705564K->409342K(976384K), 0.0052730 secs] [Times: user=0.02 sys=0.00, real=0.01 secs] 
2014-07-16T14:48:10.155+0000: 2700.342: [GC [PSYoungGen: 289376K->1076K(347264K)] 697761K->409540K(1034240K), 0.0188030 secs] [Times: user=0.13 sys=0.00, real=0.02 secs] 
2014-07-16T14:48:11.311+0000: 2701.498: [GC [PSYoungGen: 347252K->818K(337088K)] 755716K->409362K(1024064K), 0.0054030 secs] [Times: user=0.03 sys=0.00, real=0.00 secs] 
2014-07-16T14:48:12.554+0000: 2702.742: [GC [PSYoungGen: 337073K->940K(327744K)] 745617K->409548K(1014720K), 0.0046210 secs] [Times: user=0.02 sys=0.00, real=0.01 secs] 
2014-07-16T14:48:13.616+0000: 2703.803: [GC [PSYoungGen: 327696K->808K(318528K)] 736304K->409488K(1005504K), 0.0127640 secs] [Times: user=0.09 sys=0.00, real=0.01 secs] 
2014-07-16T14:48:14.700+0000: 2704.887: [GC [PSYoungGen: 318504K->644K(309632K)] 727184K->409396K(996608K), 0.0083830 secs] [Times: user=0.06 sys=0.00, real=0.00 secs] 
2014-07-16T14:48:15.791+0000: 2705.978: [GC [PSYoungGen: 309572K->786K(301376K)] 718324K->409626K(988352K), 0.0072770 secs] [Times: user=0.05 sys=0.00, real=0.00 secs] 
2014-07-16T14:48:17.047+0000: 2707.234: [GC [PSYoungGen: 301330K->964K(293504K)] 710170K->409868K(980480K), 0.0037510 secs] [Times: user=0.02 sys=0.00, real=0.01 secs] 
2014-07-16T14:48:18.054+0000: 2708.241: [GC [PSYoungGen: 293444K->1050K(285824K)] 702348K->410018K(972800K), 0.0163630 secs] [Times: user=0.12 sys=0.01, real=0.02 secs] 
2014-07-16T14:48:19.078+0000: 2709.265: [GC [PSYoungGen: 285786K->740K(278080K)] 694754K->409876K(965056K), 0.0125690 secs] [Times: user=0.05 sys=0.01, real=0.02 secs] 
2014-07-16T14:48:19.994+0000: 2710.181: [GC [PSYoungGen: 278044K->1356K(271552K)] 687181K->410556K(958528K), 0.0062330 secs] [Times: user=0.03 sys=0.00, real=0.01 secs] 
2014-07-16T14:48:20.931+0000: 2711.118: [GC [PSYoungGen: 271500K->698K(324928K)] 680700K->410246K(1011904K), 0.0228540 secs] [Times: user=0.16 sys=0.00, real=0.02 secs] 
2014-07-16T14:48:22.190+0000: 2712.377: [GC [PSYoungGen: 324917K->1200K(374016K)] 734465K->410836K(1060992K), 0.0040500 secs] [Times: user=0.02 sys=0.00, real=0.01 secs] 
2014-07-16T14:48:23.461+0000: 2713.648: [GC [PSYoungGen: 373744K->1458K(363008K)] 783380K->411314K(1049984K), 0.0085740 secs] [Times: user=0.05 sys=0.01, real=0.00 secs] 
2014-07-16T14:48:24.716+0000: 2714.903: [GC [PSYoungGen: 362994K->1174K(352256K)] 772850K->411110K(1039232K), 0.0049700 secs] [Times: user=0.02 sys=0.00, real=0.00 secs] 
2014-07-16T14:48:25.973+0000: 2716.161: [GC [PSYoungGen: 352214K->794K(341760K)] 762150K->410878K(1028736K), 0.0074160 secs] [Times: user=0.05 sys=0.00, real=0.01 secs] 
2014-07-16T14:48:27.360+0000: 2717.547: [GC [PSYoungGen: 341722K->1644K(332928K)] 751806K->412096K(1019904K), 0.0065710 secs] [Times: user=0.03 sys=0.00, real=0.01 secs] 
2014-07-16T14:48:28.623+0000: 2718.810: [GC [PSYoungGen: 332898K->876K(322880K)] 743351K->411424K(1009856K), 0.0082150 secs] [Times: user=0.05 sys=0.00, real=0.00 secs] 
2014-07-16T14:48:29.797+0000: 2719.984: [GC [PSYoungGen: 322860K->768K(313856K)] 733408K->411420K(1000832K), 0.0067570 secs] [Times: user=0.04 sys=0.00, real=0.01 secs] 
2014-07-16T14:48:30.946+0000: 2721.133: [GC [PSYoungGen: 313856K->922K(305472K)] 724508K->411646K(992448K), 0.0038250 secs] [Times: user=0.02 sys=0.00, real=0.00 secs] 
2014-07-16T14:48:32.118+0000: 2722.305: [GC [PSYoungGen: 305409K->1414K(297792K)] 716134K->412210K(984768K), 0.0066320 secs] [Times: user=0.05 sys=0.00, real=0.01 secs] 
2014-07-16T14:48:33.105+0000: 2723.293: [GC [PSYoungGen: 297734K->1314K(289792K)] 708530K->412298K(976768K), 0.0073720 secs] [Times: user=0.05 sys=0.00, real=0.01 secs] 
2014-07-16T14:48:34.075+0000: 2724.263: [GC [PSYoungGen: 289762K->480K(281344K)] 700746K->411512K(968320K), 0.0078330 secs] [Times: user=0.05 sys=0.00, real=0.01 secs] 
2014-07-16T14:48:35.088+0000: 2725.275: [GC [PSYoungGen: 281312K->1072K(274624K)] 692344K->412176K(961600K), 0.0061110 secs] [Times: user=0.04 sys=0.00, real=0.01 secs] 
2014-07-16T14:48:36.053+0000: 2726.240: [GC [PSYoungGen: 274608K->1218K(267776K)] 685712K->412386K(954752K), 0.0085490 secs] [Times: user=0.05 sys=0.00, real=0.01 secs] 
2014-07-16T14:48:36.994+0000: 2727.181: [GC [PSYoungGen: 267714K->1464K(261248K)] 678882K->412720K(948224K), 0.0081160 secs] [Times: user=0.05 sys=0.00, real=0.00 secs] 
2014-07-16T14:48:38.075+0000: 2728.262: [GC [PSYoungGen: 261240K->772K(254144K)] 672496K->412076K(941120K), 0.0087580 secs] [Times: user=0.05 sys=0.00, real=0.01 secs] 
2014-07-16T14:48:38.959+0000: 2729.146: [GC [PSYoungGen: 254084K->1114K(248192K)] 665388K->412498K(935168K), 0.0066530 secs] [Times: user=0.04 sys=0.00, real=0.01 secs] 
2014-07-16T14:48:39.751+0000: 2729.939: [GC [PSYoungGen: 248154K->758K(241792K)] 659538K->412198K(928768K), 0.0060050 secs] [Times: user=0.03 sys=0.00, real=0.01 secs] 
2014-07-16T14:48:40.654+0000: 2730.841: [GC [PSYoungGen: 241782K->548K(235840K)] 653222K->412036K(922816K), 0.0094450 secs] [Times: user=0.06 sys=0.00, real=0.01 secs] 
2014-07-16T14:48:41.543+0000: 2731.730: [GC [PSYoungGen: 235752K->1096K(230848K)] 647240K->412672K(917824K), 0.0046040 secs] [Times: user=0.02 sys=0.00, real=0.01 secs] 
2014-07-16T14:48:42.461+0000: 2732.648: [GC [PSYoungGen: 230777K->1336K(225664K)] 642353K->412960K(912640K), 0.0143410 secs] [Times: user=0.09 sys=0.00, real=0.02 secs] 
2014-07-16T14:48:43.288+0000: 2733.475: [GC [PSYoungGen: 225656K->1054K(220224K)] 637280K->412758K(907200K), 0.0074080 secs] [Times: user=0.04 sys=0.01, real=0.01 secs] 
2014-07-16T14:48:44.096+0000: 2734.283: [GC [PSYoungGen: 220189K->1262K(215424K)] 631893K->413054K(902400K), 0.0067440 secs] [Times: user=0.04 sys=0.00, real=0.00 secs] 
2014-07-16T14:48:44.880+0000: 2735.067: [GC [PSYoungGen: 215406K->662K(210048K)] 627198K->412518K(897024K), 0.0047780 secs] [Times: user=0.02 sys=0.00, real=0.01 secs] 
2014-07-16T14:48:45.655+0000: 2735.842: [GC [PSYoungGen: 209996K->630K(205312K)] 621852K->412550K(892288K), 0.0092970 secs] [Times: user=0.05 sys=0.01, real=0.01 secs] 
2014-07-16T14:48:46.398+0000: 2736.585: [GC [PSYoungGen: 205302K->1230K(201472K)] 617222K->413230K(888448K), 0.0064260 secs] [Times: user=0.05 sys=0.00, real=0.01 secs] 
2014-07-16T14:48:47.165+0000: 2737.352: [GC [PSYoungGen: 201422K->1196K(197056K)] 613422K->413308K(884032K), 0.0107500 secs] [Times: user=0.08 sys=0.00, real=0.01 secs] 
2014-07-16T14:48:47.948+0000: 2738.135: [GC [PSYoungGen: 197036K->466K(192128K)] 609148K->412642K(879104K), 0.0043510 secs] [Times: user=0.01 sys=0.00, real=0.00 secs] 
2014-07-16T14:48:48.643+0000: 2738.830: [GC [PSYoungGen: 192082K->658K(230656K)] 604258K->412898K(917632K), 0.0108870 secs] [Times: user=0.07 sys=0.00, real=0.01 secs] 
2014-07-16T14:48:49.489+0000: 2739.676: [GC [PSYoungGen: 230581K->916K(225536K)] 642821K->413204K(912512K), 0.0042130 secs] [Times: user=0.02 sys=0.00, real=0.00 secs] 
2014-07-16T14:48:50.334+0000: 2740.521: [GC [PSYoungGen: 225492K->544K(219968K)] 637780K->412896K(906944K), 0.0107750 secs] [Times: user=0.07 sys=0.00, real=0.02 secs] 
2014-07-16T14:48:51.128+0000: 2741.316: [GC [PSYoungGen: 219936K->576K(214976K)] 632288K->412992K(901952K), 0.0071850 secs] [Times: user=0.05 sys=0.00, real=0.01 secs] 
2014-07-16T14:48:51.908+0000: 2742.095: [GC [PSYoungGen: 214976K->804K(210368K)] 627392K->413316K(897344K), 0.0073830 secs] [Times: user=0.05 sys=0.00, real=0.01 secs] 
2014-07-16T14:48:52.730+0000: 2742.917: [GC [PSYoungGen: 210326K->1276K(252736K)] 622838K->413876K(939712K), 0.0107950 secs] [Times: user=0.06 sys=0.00, real=0.01 secs] 
2014-07-16T14:48:53.670+0000: 2743.857: [GC [PSYoungGen: 252732K->480K(245760K)] 665332K->413120K(932736K), 0.0038730 secs] [Times: user=0.02 sys=0.00, real=0.00 secs] 
2014-07-16T14:48:54.581+0000: 2744.768: [GC [PSYoungGen: 245678K->1048K(240384K)] 658319K->413760K(927360K), 0.0040650 secs] [Times: user=0.03 sys=0.00, real=0.00 secs] 
2014-07-16T14:48:55.460+0000: 2745.648: [GC [PSYoungGen: 240344K->740K(234304K)] 653056K->413508K(921280K), 0.0121340 secs] [Times: user=0.07 sys=0.00, real=0.01 secs] 
2014-07-16T14:48:56.331+0000: 2746.518: [GC [PSYoungGen: 234274K->1030K(229120K)] 647043K->413846K(916096K), 0.0040170 secs] [Times: user=0.02 sys=0.00, real=0.00 secs] 
2014-07-16T14:48:57.149+0000: 2747.336: [GC [PSYoungGen: 229053K->1376K(224128K)] 641869K->414450K(911104K), 0.0052080 secs] [Times: user=0.02 sys=0.00, real=0.00 secs] 
2014-07-16T14:48:58.117+0000: 2748.304: [GC [PSYoungGen: 224065K->1244K(218880K)] 637139K->414398K(905856K), 0.0080270 secs] [Times: user=0.04 sys=0.00, real=0.00 secs] 
2014-07-16T14:48:58.901+0000: 2749.088: [GC [PSYoungGen: 218844K->926K(213632K)] 631998K->414210K(900608K), 0.0072410 secs] [Times: user=0.05 sys=0.00, real=0.01 secs] 
2014-07-16T14:48:59.698+0000: 2749.886: [GC [PSYoungGen: 213598K->1362K(209280K)] 626882K->414710K(896256K), 0.0040410 secs] [Times: user=0.02 sys=0.00, real=0.00 secs] 
2014-07-16T14:49:00.460+0000: 2750.648: [GC [PSYoungGen: 209234K->762K(204032K)] 622582K->414174K(891008K), 0.0032950 secs] [Times: user=0.02 sys=0.00, real=0.00 secs] 
2014-07-16T14:49:01.193+0000: 2751.381: [GC [PSYoungGen: 204015K->812K(199616K)] 617428K->414296K(886592K), 0.0078820 secs] [Times: user=0.05 sys=0.00, real=0.01 secs] 
2014-07-16T14:49:01.927+0000: 2752.114: [GC [PSYoungGen: 199560K->562K(195072K)] 613045K->414118K(882048K), 0.0064680 secs] [Times: user=0.04 sys=0.00, real=0.01 secs] 
2014-07-16T14:49:02.675+0000: 2752.863: [GC [PSYoungGen: 195058K->694K(234112K)] 608614K->414314K(921088K), 0.0142760 secs] [Times: user=0.07 sys=0.00, real=0.02 secs] 
2014-07-16T14:49:03.545+0000: 2753.732: [GC [PSYoungGen: 234075K->1076K(228992K)] 647696K->414784K(915968K), 0.0056790 secs] [Times: user=0.04 sys=0.01, real=0.01 secs] 
2014-07-16T14:49:04.409+0000: 2754.596: [GC [PSYoungGen: 228980K->690K(223296K)] 642688K->414462K(910272K), 0.0084350 secs] [Times: user=0.05 sys=0.00, real=0.01 secs] 
2014-07-16T14:49:05.240+0000: 2755.427: [GC [PSYoungGen: 223282K->708K(218240K)] 637054K->414536K(905216K), 0.0041160 secs] [Times: user=0.02 sys=0.00, real=0.00 secs] 
2014-07-16T14:49:06.007+0000: 2756.194: [GC [PSYoungGen: 218081K->794K(213376K)] 631909K->414718K(900352K), 0.0051440 secs] [Times: user=0.02 sys=0.00, real=0.00 secs] 
2014-07-16T14:49:06.789+0000: 2756.976: [GC [PSYoungGen: 213338K->1208K(208960K)] 627262K->415196K(895936K), 0.0059230 secs] [Times: user=0.04 sys=0.00, real=0.00 secs] 
2014-07-16T14:49:07.616+0000: 2757.803: [GC [PSYoungGen: 208952K->1032K(204224K)] 622940K->415108K(891200K), 0.0074510 secs] [Times: user=0.05 sys=0.00, real=0.01 secs] 
2014-07-16T14:49:08.362+0000: 2758.549: [GC [PSYoungGen: 204139K->934K(199680K)] 618216K->415350K(886656K), 0.0063470 secs] [Times: user=0.03 sys=0.01, real=0.01 secs] 
2014-07-16T14:49:09.107+0000: 2759.295: [GC [PSYoungGen: 199654K->1076K(195520K)] 614070K->415532K(882496K), 0.0090070 secs] [Times: user=0.05 sys=0.00, real=0.01 secs] 
2014-07-16T14:49:09.875+0000: 2760.062: [GC [PSYoungGen: 195508K->1326K(191616K)] 609964K->416087K(878592K), 0.0086690 secs] [Times: user=0.06 sys=0.00, real=0.01 secs] 
2014-07-16T14:49:10.573+0000: 2760.760: [GC [PSYoungGen: 191598K->998K(229376K)] 606359K->415815K(916352K), 0.0126030 secs] [Times: user=0.08 sys=0.00, real=0.01 secs] 
2014-07-16T14:49:11.416+0000: 2761.603: [GC [PSYoungGen: 229344K->990K(224064K)] 644161K->415911K(911040K), 0.0038340 secs] [Times: user=0.02 sys=0.01, real=0.01 secs] 
2014-07-16T14:49:12.218+0000: 2762.405: [GC [PSYoungGen: 224030K->1150K(219072K)] 638951K->416151K(906048K), 0.0090130 secs] [Times: user=0.06 sys=0.00, real=0.01 secs] 
2014-07-16T14:49:13.066+0000: 2763.253: [GC [PSYoungGen: 219050K->1202K(214144K)] 634051K->416515K(901120K), 0.0060090 secs] [Times: user=0.02 sys=0.00, real=0.01 secs] 
2014-07-16T14:49:13.819+0000: 2764.007: [GC [PSYoungGen: 214053K->976K(209152K)] 629366K->416361K(896128K), 0.0062990 secs] [Times: user=0.03 sys=0.00, real=0.00 secs] 
2014-07-16T14:49:14.570+0000: 2764.758: [GC [PSYoungGen: 209099K->516K(204096K)] 624484K->415999K(891072K), 0.0075060 secs] [Times: user=0.04 sys=0.00, real=0.00 secs] 
2014-07-16T14:49:15.314+0000: 2765.501: [GC [PSYoungGen: 204036K->894K(245120K)] 619519K->416417K(932096K), 0.0192480 secs] [Times: user=0.12 sys=0.00, real=0.02 secs] 
2014-07-16T14:49:16.220+0000: 2766.408: [GC [PSYoungGen: 245118K->986K(294144K)] 660641K->416613K(981120K), 0.0075130 secs] [Times: user=0.05 sys=0.00, real=0.00 secs] 
2014-07-16T14:49:17.280+0000: 2767.468: [GC [PSYoungGen: 294106K->858K(346944K)] 709733K->416589K(1033920K), 0.0065510 secs] [Times: user=0.03 sys=0.00, real=0.00 secs] 
2014-07-16T14:49:18.557+0000: 2768.744: [GC [PSYoungGen: 346138K->544K(336000K)] 761869K->416371K(1022976K), 0.0063270 secs] [Times: user=0.04 sys=0.00, real=0.01 secs] 
2014-07-16T14:49:19.858+0000: 2770.045: [GC [PSYoungGen: 335968K->1350K(327360K)] 751795K->417225K(1014336K), 0.0111550 secs] [Times: user=0.06 sys=0.01, real=0.02 secs] 
2014-07-16T14:49:21.048+0000: 2771.235: [GC [PSYoungGen: 327302K->894K(317760K)] 743177K->416833K(1004736K), 0.0035520 secs] [Times: user=0.02 sys=0.00, real=0.01 secs] 
2014-07-16T14:49:22.199+0000: 2772.387: [GC [PSYoungGen: 317758K->744K(308928K)] 733697K->416747K(995904K), 0.0038750 secs] [Times: user=0.02 sys=0.01, real=0.01 secs] 
2014-07-16T14:49:23.323+0000: 2773.510: [GC [PSYoungGen: 308904K->976K(300800K)] 724907K->417075K(987776K), 0.0060420 secs] [Times: user=0.04 sys=0.00, real=0.00 secs] 
2014-07-16T14:49:24.404+0000: 2774.591: [GC [PSYoungGen: 300752K->958K(292736K)] 716851K->417113K(979712K), 0.0099450 secs] [Times: user=0.06 sys=0.00, real=0.01 secs] 
2014-07-16T14:49:25.491+0000: 2775.678: [GC [PSYoungGen: 292687K->1090K(285184K)] 708842K->417325K(972160K), 0.0039980 secs] [Times: user=0.03 sys=0.00, real=0.00 secs] 
2014-07-16T14:49:26.543+0000: 2776.730: [GC [PSYoungGen: 285122K->1422K(278080K)] 701357K->417729K(965056K), 0.0098580 secs] [Times: user=0.07 sys=0.00, real=0.01 secs] 
2014-07-16T14:49:27.561+0000: 2777.748: [GC [PSYoungGen: 277985K->506K(270016K)] 694292K->417336K(956992K), 0.0034700 secs] [Times: user=0.02 sys=0.00, real=0.01 secs] 
2014-07-16T14:49:28.607+0000: 2778.794: [GC [PSYoungGen: 270010K->840K(263552K)] 686840K->417718K(950528K), 0.0043200 secs] [Times: user=0.02 sys=0.00, real=0.01 secs] 
2014-07-16T14:49:29.587+0000: 2779.775: [GC [PSYoungGen: 263496K->1174K(257280K)] 680374K->418282K(944256K), 0.0055260 secs] [Times: user=0.02 sys=0.00, real=0.01 secs] 
2014-07-16T14:49:30.570+0000: 2780.757: [GC [PSYoungGen: 257205K->708K(250496K)] 674314K->417872K(937472K), 0.0039790 secs] [Times: user=0.02 sys=0.00, real=0.01 secs] 
2014-07-16T14:49:31.514+0000: 2781.702: [GC [PSYoungGen: 250436K->862K(244480K)] 667600K->418082K(931456K), 0.0059750 secs] [Times: user=0.04 sys=0.00, real=0.00 secs] 
2014-07-16T14:49:32.420+0000: 2782.607: [GC [PSYoungGen: 244446K->544K(238272K)] 661666K->417812K(925248K), 0.0098020 secs] [Times: user=0.06 sys=0.00, real=0.01 secs] 
2014-07-16T14:49:33.320+0000: 2783.508: [GC [PSYoungGen: 238240K->812K(232832K)] 655508K->418144K(919808K), 0.0061610 secs] [Times: user=0.03 sys=0.00, real=0.01 secs] 
2014-07-16T14:49:34.142+0000: 2784.329: [GC [PSYoungGen: 232812K->1040K(227648K)] 650144K->418452K(914624K), 0.0081350 secs] [Times: user=0.05 sys=0.00, real=0.01 secs] 
2014-07-16T14:49:34.994+0000: 2785.181: [GC [PSYoungGen: 227600K->812K(222144K)] 645012K->418280K(909120K), 0.0039090 secs] [Times: user=0.02 sys=0.00, real=0.00 secs] 
2014-07-16T14:49:35.785+0000: 2785.972: [GC [PSYoungGen: 222075K->812K(217088K)] 639543K->418384K(904064K), 0.0051680 secs] [Times: user=0.02 sys=0.00, real=0.00 secs] 
2014-07-16T14:49:36.656+0000: 2786.843: [GC [PSYoungGen: 217001K->794K(212160K)] 634573K->418438K(899136K), 0.0097120 secs] [Times: user=0.07 sys=0.00, real=0.01 secs] 
2014-07-16T14:49:37.426+0000: 2787.613: [GC [PSYoungGen: 212122K->516K(207168K)] 629766K->418224K(894144K), 0.0039380 secs] [Times: user=0.02 sys=0.00, real=0.00 secs] 
2014-07-16T14:49:38.173+0000: 2788.360: [GC [PSYoungGen: 207078K->1326K(203392K)] 624787K->419106K(890368K), 0.0141450 secs] [Times: user=0.10 sys=0.00, real=0.01 secs] 
2014-07-16T14:49:38.932+0000: 2789.119: [GC [PSYoungGen: 203374K->948K(198592K)] 621154K->418776K(885568K), 0.0039590 secs] [Times: user=0.02 sys=0.01, real=0.01 secs] 
2014-07-16T14:49:39.636+0000: 2789.823: [GC [PSYoungGen: 198572K->766K(194112K)] 616401K->418666K(881088K), 0.0038080 secs] [Times: user=0.02 sys=0.00, real=0.00 secs] 
2014-07-16T14:49:40.337+0000: 2790.524: [GC [PSYoungGen: 194110K->402K(189696K)] 612010K->418342K(876672K), 0.0102760 secs] [Times: user=0.05 sys=0.00, real=0.01 secs] 
2014-07-16T14:49:41.025+0000: 2791.212: [GC [PSYoungGen: 189617K->648K(185984K)] 607558K->418660K(872960K), 0.0063200 secs] [Times: user=0.05 sys=0.01, real=0.00 secs] 
2014-07-16T14:49:41.728+0000: 2791.916: [GC [PSYoungGen: 185928K->1040K(182528K)] 603940K->419108K(869504K), 0.0049410 secs] [Times: user=0.02 sys=0.00, real=0.01 secs] 
2014-07-16T14:49:42.385+0000: 2792.572: [GC [PSYoungGen: 182480K->790K(178560K)] 600548K->418938K(865536K), 0.0066200 secs] [Times: user=0.04 sys=0.00, real=0.00 secs] 
2014-07-16T14:49:43.140+0000: 2793.328: [GC [PSYoungGen: 178518K->812K(174976K)] 596666K->419000K(861952K), 0.0087770 secs] [Times: user=0.06 sys=0.00, real=0.01 secs] 
2014-07-16T14:49:43.673+0000: 2793.860: [GC [PSYoungGen: 174930K->598K(171328K)] 593118K->418850K(858304K), 0.0035270 secs] [Times: user=0.02 sys=0.00, real=0.01 secs] 
2014-07-16T14:49:44.298+0000: 2794.485: [GC [PSYoungGen: 171286K->644K(205568K)] 589538K->418968K(892544K), 0.0116030 secs] [Times: user=0.08 sys=0.00, real=0.01 secs] 
2014-07-16T14:49:45.044+0000: 2795.231: [GC [PSYoungGen: 205471K->830K(246720K)] 623795K->419218K(933696K), 0.0076170 secs] [Times: user=0.05 sys=0.00, real=0.00 secs] 
2014-07-16T14:49:45.967+0000: 2796.155: [GC [PSYoungGen: 246680K->708K(240704K)] 665069K->419160K(927680K), 0.0032810 secs] [Times: user=0.01 sys=0.01, real=0.00 secs] 
2014-07-16T14:49:46.828+0000: 2797.015: [GC [PSYoungGen: 240644K->708K(234944K)] 659096K->419232K(921920K), 0.0045730 secs] [Times: user=0.02 sys=0.00, real=0.00 secs] 
2014-07-16T14:49:47.702+0000: 2797.889: [GC [PSYoungGen: 234884K->964K(229632K)] 653408K->419568K(916608K), 0.0042230 secs] [Times: user=0.03 sys=0.00, real=0.01 secs] 
2014-07-16T14:49:48.541+0000: 2798.728: [GC [PSYoungGen: 229572K->562K(223872K)] 648176K->419238K(910848K), 0.0071930 secs] [Times: user=0.05 sys=0.00, real=0.01 secs] 
2014-07-16T14:49:49.364+0000: 2799.551: [GC [PSYoungGen: 223858K->626K(218816K)] 642534K->419358K(905792K), 0.0070000 secs] [Times: user=0.05 sys=0.00, real=0.01 secs] 
2014-07-16T14:49:50.159+0000: 2800.346: [GC [PSYoungGen: 218802K->1062K(214272K)] 637534K->419866K(901248K), 0.0048580 secs] [Times: user=0.03 sys=0.00, real=0.00 secs] 
2014-07-16T14:49:50.936+0000: 2801.123: [GC [PSYoungGen: 214246K->708K(209152K)] 633050K->419600K(896128K), 0.0105570 secs] [Times: user=0.06 sys=0.00, real=0.01 secs] 
2014-07-16T14:49:51.708+0000: 2801.895: [GC [PSYoungGen: 209092K->886K(204672K)] 627984K->419954K(891648K), 0.0092610 secs] [Times: user=0.06 sys=0.00, real=0.01 secs] 
2014-07-16T14:49:52.487+0000: 2802.674: [GC [PSYoungGen: 204661K->1076K(200384K)] 623730K->420248K(887360K), 0.0056430 secs] [Times: user=0.04 sys=0.00, real=0.00 secs] 
2014-07-16T14:49:53.269+0000: 2803.456: [GC [PSYoungGen: 200372K->748K(195776K)] 619544K->419976K(882752K), 0.0061180 secs] [Times: user=0.04 sys=0.01, real=0.01 secs] 
2014-07-16T14:49:53.948+0000: 2804.135: [GC [PSYoungGen: 195756K->612K(191488K)] 614984K->419912K(878464K), 0.0048920 secs] [Times: user=0.03 sys=0.00, real=0.00 secs] 
2014-07-16T14:49:54.628+0000: 2804.815: [GC [PSYoungGen: 191460K->576K(187392K)] 610760K->419924K(874368K), 0.0054510 secs] [Times: user=0.02 sys=0.00, real=0.00 secs] 
2014-07-16T14:49:55.314+0000: 2805.501: [GC [PSYoungGen: 187392K->416K(183360K)] 606740K->419836K(870336K), 0.0085490 secs] [Times: user=0.06 sys=0.00, real=0.01 secs] 
2014-07-16T14:49:55.994+0000: 2806.181: [GC [PSYoungGen: 183328K->690K(179840K)] 602748K->420166K(866816K), 0.0046630 secs] [Times: user=0.03 sys=0.00, real=0.01 secs] 
2014-07-16T14:49:56.636+0000: 2806.823: [GC [PSYoungGen: 179826K->948K(176448K)] 599302K->420472K(863424K), 0.0078160 secs] [Times: user=0.05 sys=0.00, real=0.00 secs] 
2014-07-16T14:49:57.270+0000: 2807.457: [GC [PSYoungGen: 176436K->940K(172928K)] 595960K->420584K(859904K), 0.0073680 secs] [Times: user=0.05 sys=0.00, real=0.01 secs] 
2014-07-16T14:49:57.942+0000: 2808.129: [GC [PSYoungGen: 172908K->1100K(207552K)] 592552K->420800K(894528K), 0.0075240 secs] [Times: user=0.05 sys=0.00, real=0.01 secs] 
2014-07-16T14:49:58.710+0000: 2808.897: [GC [PSYoungGen: 207450K->634K(202496K)] 627150K->420544K(889472K), 0.0060900 secs] [Times: user=0.04 sys=0.00, real=0.01 secs] 
2014-07-16T14:49:59.447+0000: 2809.634: [GC [PSYoungGen: 202464K->772K(198272K)] 622375K->420754K(885248K), 0.0054450 secs] [Times: user=0.03 sys=0.00, real=0.00 secs] 
2014-07-16T14:50:00.196+0000: 2810.383: [GC [PSYoungGen: 198211K->982K(194240K)] 618193K->421060K(881216K), 0.0078780 secs] [Times: user=0.05 sys=0.00, real=0.00 secs] 
2014-07-16T14:50:00.871+0000: 2811.058: [GC [PSYoungGen: 194198K->1004K(190144K)] 614276K->421170K(877120K), 0.0077430 secs] [Times: user=0.06 sys=0.00, real=0.01 secs] 
2014-07-16T14:50:01.575+0000: 2811.762: [GC [PSYoungGen: 190124K->684K(227648K)] 610290K->421398K(914624K), 0.0079030 secs] [Times: user=0.05 sys=0.00, real=0.01 secs] 
2014-07-16T14:50:02.379+0000: 2812.567: [GC [PSYoungGen: 227601K->1290K(222976K)] 648316K->422060K(909952K), 0.0046090 secs] [Times: user=0.03 sys=0.00, real=0.00 secs] 
2014-07-16T14:50:03.297+0000: 2813.484: [GC [PSYoungGen: 222922K->946K(266944K)] 643692K->421976K(953920K), 0.0130410 secs] [Times: user=0.09 sys=0.00, real=0.01 secs] 
2014-07-16T14:50:04.270+0000: 2814.457: [GC [PSYoungGen: 266914K->786K(260096K)] 687945K->421920K(947072K), 0.0054620 secs] [Times: user=0.03 sys=0.01, real=0.00 secs] 
2014-07-16T14:50:05.245+0000: 2815.432: [GC [PSYoungGen: 260050K->1442K(254272K)] 681184K->422672K(941248K), 0.0125660 secs] [Times: user=0.08 sys=0.01, real=0.02 secs] 
2014-07-16T14:50:06.176+0000: 2816.363: [GC [PSYoungGen: 254226K->1058K(247680K)] 675457K->422360K(934656K), 0.0069040 secs] [Times: user=0.04 sys=0.00, real=0.01 secs] 
2014-07-16T14:50:07.083+0000: 2817.271: [GC [PSYoungGen: 247649K->776K(241408K)] 668952K->422150K(928384K), 0.0109140 secs] [Times: user=0.06 sys=0.00, real=0.01 secs] 
2014-07-16T14:50:07.968+0000: 2818.155: [GC [PSYoungGen: 241329K->690K(235520K)] 662704K->422120K(922496K), 0.0086830 secs] [Times: user=0.06 sys=0.00, real=0.00 secs] 
2014-07-16T14:50:08.880+0000: 2819.067: [GC [PSYoungGen: 235506K->1130K(230400K)] 656936K->422640K(917376K), 0.0042680 secs] [Times: user=0.02 sys=0.00, real=0.00 secs] 
2014-07-16T14:50:09.724+0000: 2819.911: [GC [PSYoungGen: 230378K->448K(224320K)] 651888K->422054K(911296K), 0.0073730 secs] [Times: user=0.05 sys=0.01, real=0.01 secs] 
2014-07-16T14:50:10.550+0000: 2820.738: [GC [PSYoungGen: 224320K->804K(269504K)] 645926K->422482K(956480K), 0.0133780 secs] [Times: user=0.08 sys=0.00, real=0.01 secs] 
2014-07-16T14:50:11.576+0000: 2821.763: [GC [PSYoungGen: 269469K->1444K(263296K)] 691147K->423194K(950272K), 0.0041810 secs] [Times: user=0.02 sys=0.00, real=0.01 secs] 
2014-07-16T14:50:12.500+0000: 2822.688: [GC [PSYoungGen: 263268K->626K(255872K)] 685018K->422432K(942848K), 0.0097160 secs] [Times: user=0.06 sys=0.00, real=0.01 secs] 
2014-07-16T14:50:13.566+0000: 2823.753: [GC [PSYoungGen: 255858K->1196K(250112K)] 677664K->423074K(937088K), 0.0079710 secs] [Times: user=0.06 sys=0.00, real=0.01 secs] 
2014-07-16T14:50:14.476+0000: 2824.663: [GC [PSYoungGen: 250092K->804K(243648K)] 671970K->422754K(930624K), 0.0094990 secs] [Times: user=0.06 sys=0.00, real=0.01 secs] 
2014-07-16T14:50:15.358+0000: 2825.545: [GC [PSYoungGen: 243615K->844K(237824K)] 665566K->422882K(924800K), 0.0068710 secs] [Times: user=0.04 sys=0.00, real=0.00 secs] 
2014-07-16T14:50:16.230+0000: 2826.418: [GC [PSYoungGen: 237772K->1000K(232320K)] 659810K->423126K(919296K), 0.0083890 secs] [Times: user=0.05 sys=0.00, real=0.01 secs] 
2014-07-16T14:50:17.091+0000: 2827.278: [GC [PSYoungGen: 232294K->1268K(278848K)] 654421K->423458K(965824K), 0.0135640 secs] [Times: user=0.09 sys=0.00, real=0.01 secs] 
2014-07-16T14:50:18.122+0000: 2828.309: [GC [PSYoungGen: 278836K->544K(312704K)] 701026K->422822K(999680K), 0.0111320 secs] [Times: user=0.07 sys=0.00, real=0.01 secs] 
2014-07-16T14:50:19.304+0000: 2829.491: [GC [PSYoungGen: 312189K->1248K(304512K)] 734467K->423582K(991488K), 0.0041460 secs] [Times: user=0.02 sys=0.00, real=0.00 secs] 
2014-07-16T14:50:20.433+0000: 2830.620: [GC [PSYoungGen: 304458K->438K(295488K)] 726792K->423238K(982464K), 0.0042470 secs] [Times: user=0.03 sys=0.00, real=0.00 secs] 
2014-07-16T14:50:21.506+0000: 2831.693: [GC [PSYoungGen: 295451K->1194K(288384K)] 718251K->424058K(975360K), 0.0084870 secs] [Times: user=0.05 sys=0.00, real=0.01 secs] 
2014-07-16T14:50:22.578+0000: 2832.765: [GC [PSYoungGen: 288328K->726K(311424K)] 711193K->423862K(998400K), 0.0193950 secs] [Times: user=0.12 sys=0.00, real=0.02 secs] 
2014-07-16T14:50:23.791+0000: 2833.978: [GC [PSYoungGen: 310486K->986K(302336K)] 733622K->424202K(989312K), 0.0064690 secs] [Times: user=0.04 sys=0.00, real=0.00 secs] 
2014-07-16T14:50:24.983+0000: 2835.170: [GC [PSYoungGen: 302298K->676K(293952K)] 725514K->424188K(980928K), 0.0065330 secs] [Times: user=0.04 sys=0.00, real=0.01 secs] 
2014-07-16T14:50:26.048+0000: 2836.236: [GC [PSYoungGen: 293924K->1358K(286912K)] 717436K->424919K(973888K), 0.0101600 secs] [Times: user=0.06 sys=0.00, real=0.01 secs] 
2014-07-16T14:50:27.086+0000: 2837.273: [GC [PSYoungGen: 286862K->580K(278656K)] 710423K->424238K(965632K), 0.0041410 secs] [Times: user=0.02 sys=0.00, real=0.00 secs] 
2014-07-16T14:50:28.116+0000: 2838.304: [GC [PSYoungGen: 278596K->1266K(272128K)] 702254K->424965K(959104K), 0.0048170 secs] [Times: user=0.02 sys=0.00, real=0.01 secs] 
2014-07-16T14:50:29.155+0000: 2839.342: [GC [PSYoungGen: 272073K->876K(264832K)] 695772K->424646K(951808K), 0.0038770 secs] [Times: user=0.02 sys=0.00, real=0.00 secs] 
2014-07-16T14:50:30.102+0000: 2840.289: [GC [PSYoungGen: 264812K->1194K(258496K)] 688582K->424997K(945472K), 0.0060070 secs] [Times: user=0.02 sys=0.00, real=0.00 secs] 
2014-07-16T14:50:31.054+0000: 2841.241: [GC [PSYoungGen: 258474K->658K(251584K)] 682277K->424500K(938560K), 0.0099300 secs] [Times: user=0.06 sys=0.00, real=0.01 secs] 
2014-07-16T14:50:31.979+0000: 2842.166: [GC [PSYoungGen: 251538K->736K(245504K)] 675380K->424642K(932480K), 0.0108890 secs] [Times: user=0.06 sys=0.00, real=0.01 secs] 
2014-07-16T14:50:32.901+0000: 2843.088: [GC [PSYoungGen: 245472K->1072K(239872K)] 669378K->425035K(926848K), 0.0054170 secs] [Times: user=0.02 sys=0.00, real=0.00 secs] 
2014-07-16T14:50:33.841+0000: 2844.028: [GC [PSYoungGen: 239815K->1080K(234176K)] 663778K->425107K(921152K), 0.0083550 secs] [Times: user=0.05 sys=0.00, real=0.00 secs] 
2014-07-16T14:50:34.665+0000: 2844.852: [GC [PSYoungGen: 234168K->416K(228032K)] 658195K->424474K(915008K), 0.0126070 secs] [Times: user=0.06 sys=0.00, real=0.01 secs] 
2014-07-16T14:50:35.494+0000: 2845.681: [GC [PSYoungGen: 228000K->694K(222976K)] 652058K->424792K(909952K), 0.0048240 secs] [Times: user=0.03 sys=0.00, real=0.00 secs] 
2014-07-16T14:50:36.337+0000: 2846.524: [GC [PSYoungGen: 222923K->680K(217856K)] 647022K->424826K(904832K), 0.0063170 secs] [Times: user=0.03 sys=0.00, real=0.01 secs] 
2014-07-16T14:50:37.179+0000: 2847.366: [GC [PSYoungGen: 217832K->826K(213056K)] 641978K->425044K(900032K), 0.0043590 secs] [Times: user=0.02 sys=0.00, real=0.01 secs] 
2014-07-16T14:50:37.949+0000: 2848.137: [GC [PSYoungGen: 213043K->898K(208448K)] 637262K->425165K(895424K), 0.0073870 secs] [Times: user=0.04 sys=0.00, real=0.01 secs] 
2014-07-16T14:50:38.825+0000: 2849.013: [GC [PSYoungGen: 208375K->1218K(204160K)] 632642K->425581K(891136K), 0.0071220 secs] [Times: user=0.05 sys=0.00, real=0.01 secs] 
2014-07-16T14:50:39.511+0000: 2849.698: [GC [PSYoungGen: 204096K->762K(199232K)] 628459K->425689K(886208K), 0.0099770 secs] [Times: user=0.06 sys=0.00, real=0.01 secs] 
2014-07-16T14:50:40.261+0000: 2850.448: [GC [PSYoungGen: 199226K->630K(194816K)] 624153K->425629K(881792K), 0.0081980 secs] [Times: user=0.04 sys=0.00, real=0.01 secs] 
2014-07-16T14:50:41.035+0000: 2851.222: [GC [PSYoungGen: 194770K->1582K(191616K)] 619769K->426801K(878592K), 0.0057880 secs] [Times: user=0.02 sys=0.00, real=0.00 secs] 
2014-07-16T14:50:41.720+0000: 2851.908: [GC [PSYoungGen: 191563K->1168K(187264K)] 616782K->426483K(874240K), 0.0046700 secs] [Times: user=0.03 sys=0.00, real=0.01 secs] 
2014-07-16T14:50:42.396+0000: 2852.583: [GC [PSYoungGen: 187170K->648K(182912K)] 612485K->426011K(869888K), 0.0043330 secs] [Times: user=0.02 sys=0.00, real=0.00 secs] 
2014-07-16T14:50:43.087+0000: 2853.274: [GC [PSYoungGen: 182829K->804K(179328K)] 608192K->426263K(866304K), 0.0084560 secs] [Times: user=0.05 sys=0.00, real=0.01 secs] 
2014-07-16T14:50:43.832+0000: 2854.019: [GC [PSYoungGen: 179282K->1278K(215488K)] 604741K->426841K(902464K), 0.0117970 secs] [Times: user=0.08 sys=0.00, real=0.01 secs] 
2014-07-16T14:50:44.638+0000: 2854.825: [GC [PSYoungGen: 215443K->998K(258112K)] 641006K->426601K(945088K), 0.0143800 secs] [Times: user=0.07 sys=0.00, real=0.02 secs] 
2014-07-16T14:50:45.595+0000: 2855.782: [GC [PSYoungGen: 258030K->848K(295104K)] 683633K->426507K(982080K), 0.0081410 secs] [Times: user=0.05 sys=0.00, real=0.01 secs] 
2014-07-16T14:50:46.659+0000: 2856.846: [GC [PSYoungGen: 294608K->548K(286528K)] 720267K->426255K(973504K), 0.0044150 secs] [Times: user=0.02 sys=0.00, real=0.01 secs] 
2014-07-16T14:50:47.709+0000: 2857.896: [GC [PSYoungGen: 286500K->512K(278976K)] 712207K->426274K(965952K), 0.0083140 secs] [Times: user=0.05 sys=0.00, real=0.01 secs] 
2014-07-16T14:50:48.806+0000: 2858.993: [GC [PSYoungGen: 278948K->1306K(272640K)] 704711K->427141K(959616K), 0.0134030 secs] [Times: user=0.07 sys=0.00, real=0.01 secs] 
2014-07-16T14:50:49.728+0000: 2859.915: [GC [PSYoungGen: 272559K->502K(264896K)] 698393K->426377K(951872K), 0.0053500 secs] [Times: user=0.02 sys=0.01, real=0.01 secs] 
2014-07-16T14:50:50.693+0000: 2860.880: [GC [PSYoungGen: 264853K->1126K(258880K)] 690728K->427105K(945856K), 0.0073570 secs] [Times: user=0.05 sys=0.01, real=0.01 secs] 
2014-07-16T14:50:51.629+0000: 2861.816: [GC [PSYoungGen: 258854K->754K(252096K)] 684833K->426797K(939072K), 0.0065390 secs] [Times: user=0.03 sys=0.00, real=0.01 secs] 
2014-07-16T14:50:52.568+0000: 2862.755: [GC [PSYoungGen: 252059K->630K(245824K)] 678102K->426729K(932800K), 0.0085790 secs] [Times: user=0.05 sys=0.00, real=0.01 secs] 
2014-07-16T14:50:53.472+0000: 2863.659: [GC [PSYoungGen: 245814K->1066K(240320K)] 671913K->427237K(927296K), 0.0055880 secs] [Times: user=0.04 sys=0.00, real=0.01 secs] 
2014-07-16T14:50:54.406+0000: 2864.593: [GC [PSYoungGen: 240295K->1078K(234624K)] 666466K->427321K(921600K), 0.0109740 secs] [Times: user=0.07 sys=0.00, real=0.01 secs] 
2014-07-16T14:50:55.254+0000: 2865.441: [GC [PSYoungGen: 234592K->1186K(229248K)] 660835K->427517K(916224K), 0.0061440 secs] [Times: user=0.04 sys=0.00, real=0.00 secs] 
2014-07-16T14:50:56.077+0000: 2866.265: [GC [PSYoungGen: 229217K->1292K(224064K)] 655548K->427687K(911040K), 0.0049740 secs] [Times: user=0.02 sys=0.00, real=0.00 secs] 
2014-07-16T14:50:56.983+0000: 2867.171: [GC [PSYoungGen: 224012K->948K(218560K)] 650407K->427431K(905536K), 0.0083470 secs] [Times: user=0.04 sys=0.00, real=0.01 secs] 
2014-07-16T14:50:57.787+0000: 2867.975: [GC [PSYoungGen: 218501K->1230K(213952K)] 644984K->427777K(900928K), 0.0046080 secs] [Times: user=0.02 sys=0.00, real=0.00 secs] 
2014-07-16T14:50:58.564+0000: 2868.751: [GC [PSYoungGen: 213872K->1030K(208960K)] 640419K->427657K(895936K), 0.0062140 secs] [Times: user=0.04 sys=0.00, real=0.00 secs] 
2014-07-16T14:50:59.360+0000: 2869.547: [GC [PSYoungGen: 208902K->994K(204288K)] 635529K->427685K(891264K), 0.0069660 secs] [Times: user=0.05 sys=0.00, real=0.01 secs] 
2014-07-16T14:51:00.082+0000: 2870.270: [GC [PSYoungGen: 204257K->1176K(200000K)] 630948K->427939K(886976K), 0.0071500 secs] [Times: user=0.05 sys=0.00, real=0.01 secs] 
2014-07-16T14:51:00.805+0000: 2870.992: [GC [PSYoungGen: 199930K->598K(195136K)] 626693K->427449K(882112K), 0.0065390 secs] [Times: user=0.04 sys=0.00, real=0.01 secs] 
2014-07-16T14:51:01.521+0000: 2871.708: [GC [PSYoungGen: 195094K->786K(191168K)] 621945K->427725K(878144K), 0.0096350 secs] [Times: user=0.06 sys=0.00, real=0.01 secs] 
2014-07-16T14:51:02.232+0000: 2872.419: [GC [PSYoungGen: 191122K->1198K(187520K)] 618061K->428185K(874496K), 0.0054840 secs] [Times: user=0.03 sys=0.00, real=0.01 secs] 
2014-07-16T14:51:02.903+0000: 2873.090: [GC [PSYoungGen: 187502K->854K(183296K)] 614489K->427937K(870272K), 0.0076620 secs] [Times: user=0.05 sys=0.00, real=0.01 secs] 
2014-07-16T14:51:03.580+0000: 2873.767: [GC [PSYoungGen: 183176K->790K(219712K)] 610259K->427929K(906688K), 0.0091350 secs] [Times: user=0.06 sys=0.00, real=0.01 secs] 
2014-07-16T14:51:04.458+0000: 2874.646: [GC [PSYoungGen: 219632K->1012K(263680K)] 646771K->428215K(950656K), 0.0081010 secs] [Times: user=0.05 sys=0.00, real=0.01 secs] 
2014-07-16T14:51:05.465+0000: 2875.652: [GC [PSYoungGen: 263665K->904K(257024K)] 690868K->428187K(944000K), 0.0042770 secs] [Times: user=0.02 sys=0.00, real=0.00 secs] 
2014-07-16T14:51:06.394+0000: 2876.581: [GC [PSYoungGen: 256922K->944K(250688K)] 684205K->428315K(937664K), 0.0087200 secs] [Times: user=0.06 sys=0.01, real=0.01 secs] 
2014-07-16T14:51:07.321+0000: 2877.508: [GC [PSYoungGen: 250576K->594K(244224K)] 677947K->428037K(931200K), 0.0048240 secs] [Times: user=0.03 sys=0.00, real=0.01 secs] 
2014-07-16T14:51:08.236+0000: 2878.423: [GC [PSYoungGen: 244178K->804K(238528K)] 671621K->428311K(925504K), 0.0096870 secs] [Times: user=0.04 sys=0.01, real=0.01 secs] 
2014-07-16T14:51:09.208+0000: 2879.395: [GC [PSYoungGen: 238495K->1304K(233344K)] 666002K->428851K(920320K), 0.0053640 secs] [Times: user=0.02 sys=0.01, real=0.00 secs] 
2014-07-16T14:51:10.001+0000: 2880.188: [GC [PSYoungGen: 233304K->384K(226944K)] 660851K->427978K(913920K), 0.0047710 secs] [Times: user=0.02 sys=0.00, real=0.01 secs] 
2014-07-16T14:51:10.840+0000: 2881.027: [GC [PSYoungGen: 226898K->1048K(222400K)] 654493K->428707K(909376K), 0.0056360 secs] [Times: user=0.03 sys=0.00, real=0.00 secs] 
2014-07-16T14:51:11.644+0000: 2881.831: [GC [PSYoungGen: 222360K->1222K(217536K)] 650019K->428961K(904512K), 0.0067800 secs] [Times: user=0.05 sys=0.00, real=0.01 secs] 
2014-07-16T14:51:12.467+0000: 2882.654: [GC [PSYoungGen: 217478K->850K(212224K)] 645217K->428645K(899200K), 0.0058270 secs] [Times: user=0.02 sys=0.00, real=0.00 secs] 
2014-07-16T14:51:13.236+0000: 2883.423: [GC [PSYoungGen: 212178K->1086K(207680K)] 639973K->428985K(894656K), 0.0093940 secs] [Times: user=0.06 sys=0.00, real=0.01 secs] 
2014-07-16T14:51:13.988+0000: 2884.175: [GC [PSYoungGen: 207642K->812K(202880K)] 635541K->428799K(889856K), 0.0092840 secs] [Times: user=0.06 sys=0.00, real=0.01 secs] 
2014-07-16T14:51:14.792+0000: 2884.979: [GC [PSYoungGen: 202860K->964K(198656K)] 630847K->429023K(885632K), 0.0060850 secs] [Times: user=0.03 sys=0.01, real=0.01 secs] 
2014-07-16T14:51:15.493+0000: 2885.680: [GC [PSYoungGen: 198596K->794K(194176K)] 626655K->428925K(881152K), 0.0057900 secs] [Times: user=0.03 sys=0.00, real=0.01 secs] 
2014-07-16T14:51:16.198+0000: 2886.385: [GC [PSYoungGen: 194138K->890K(190144K)] 622269K->429069K(877120K), 0.0094580 secs] [Times: user=0.06 sys=0.00, real=0.01 secs] 
2014-07-16T14:51:16.914+0000: 2887.101: [GC [PSYoungGen: 190137K->1162K(186496K)] 618316K->429421K(873472K), 0.0050110 secs] [Times: user=0.03 sys=0.00, real=0.01 secs] 
2014-07-16T14:51:17.557+0000: 2887.744: [GC [PSYoungGen: 186442K->498K(181952K)] 614701K->428821K(868928K), 0.0077610 secs] [Times: user=0.05 sys=0.00, real=0.00 secs] 
2014-07-16T14:51:18.248+0000: 2888.435: [GC [PSYoungGen: 181918K->1122K(178880K)] 610241K->429501K(865856K), 0.0054930 secs] [Times: user=0.02 sys=0.01, real=0.00 secs] 
2014-07-16T14:51:18.918+0000: 2889.105: [GC [PSYoungGen: 178850K->1168K(214528K)] 607229K->429635K(901504K), 0.0089150 secs] [Times: user=0.06 sys=0.00, real=0.01 secs] 
2014-07-16T14:51:19.786+0000: 2889.973: [GC [PSYoungGen: 214480K->1490K(210048K)] 642947K->430045K(897024K), 0.0054980 secs] [Times: user=0.03 sys=0.00, real=0.01 secs] 
2014-07-16T14:51:20.547+0000: 2890.734: [GC [PSYoungGen: 210002K->374K(250624K)] 638557K->429479K(937600K), 0.0143220 secs] [Times: user=0.10 sys=0.01, real=0.02 secs] 
2014-07-16T14:51:21.481+0000: 2891.668: [GC [PSYoungGen: 250614K->1364K(269696K)] 679719K->430557K(956672K), 0.0067130 secs] [Times: user=0.04 sys=0.00, real=0.00 secs] 
2014-07-16T14:51:22.471+0000: 2892.658: [GC [PSYoungGen: 269373K->962K(262272K)] 698567K->430343K(949248K), 0.0057690 secs] [Times: user=0.03 sys=0.01, real=0.00 secs] 
2014-07-16T14:51:23.431+0000: 2893.619: [GC [PSYoungGen: 262210K->690K(255424K)] 691591K->430127K(942400K), 0.0083640 secs] [Times: user=0.03 sys=0.00, real=0.01 secs] 
2014-07-16T14:51:24.446+0000: 2894.633: [GC [PSYoungGen: 255410K->694K(249152K)] 684847K->430179K(936128K), 0.0101250 secs] [Times: user=0.07 sys=0.00, real=0.01 secs] 
2014-07-16T14:51:25.302+0000: 2895.489: [GC [PSYoungGen: 249142K->1162K(243584K)] 678627K->430719K(930560K), 0.0031290 secs] [Times: user=0.01 sys=0.00, real=0.00 secs] 
2014-07-16T14:51:26.196+0000: 2896.383: [GC [PSYoungGen: 243484K->886K(237440K)] 673041K->430531K(924416K), 0.0059320 secs] [Times: user=0.03 sys=0.00, real=0.01 secs] 
2014-07-16T14:51:27.064+0000: 2897.251: [GC [PSYoungGen: 237430K->868K(231808K)] 667075K->430593K(918784K), 0.0054890 secs] [Times: user=0.03 sys=0.00, real=0.01 secs] 
2014-07-16T14:51:27.913+0000: 2898.100: [GC [PSYoungGen: 231770K->666K(226176K)] 661495K->430423K(913152K), 0.0048580 secs] [Times: user=0.02 sys=0.01, real=0.00 secs] 
2014-07-16T14:51:28.749+0000: 2898.936: [GC [PSYoungGen: 226138K->744K(220992K)] 655895K->430581K(907968K), 0.0043070 secs] [Times: user=0.02 sys=0.00, real=0.00 secs] 
2014-07-16T14:51:29.688+0000: 2899.875: [GC [PSYoungGen: 220968K->448K(215616K)] 650805K->430333K(902592K), 0.0175640 secs] [Times: user=0.09 sys=0.00, real=0.02 secs] 
2014-07-16T14:51:30.474+0000: 2900.661: [GC [PSYoungGen: 215616K->1140K(259392K)] 645501K->431105K(946368K), 0.0106060 secs] [Times: user=0.07 sys=0.00, real=0.01 secs] 
2014-07-16T14:51:31.422+0000: 2901.609: [GC [PSYoungGen: 259380K->740K(294656K)] 689345K->430769K(981632K), 0.0111330 secs] [Times: user=0.07 sys=0.00, real=0.01 secs] 
2014-07-16T14:51:32.490+0000: 2902.677: [GC [PSYoungGen: 293842K->1048K(294656K)] 723871K->431149K(981632K), 0.0092010 secs] [Times: user=0.07 sys=0.00, real=0.01 secs] 
2014-07-16T14:51:33.564+0000: 2903.752: [GC [PSYoungGen: 294168K->1132K(286528K)] 724269K->431329K(973504K), 0.0105660 secs] [Times: user=0.08 sys=0.00, real=0.01 secs] 
2014-07-16T14:51:34.667+0000: 2904.854: [GC [PSYoungGen: 286508K->858K(278784K)] 716705K->431111K(965760K), 0.0062800 secs] [Times: user=0.03 sys=0.00, real=0.01 secs] 
2014-07-16T14:51:35.676+0000: 2905.864: [GC [PSYoungGen: 278744K->698K(271424K)] 708997K->431015K(958400K), 0.0073550 secs] [Times: user=0.05 sys=0.00, real=0.01 secs] 
2014-07-16T14:51:36.695+0000: 2906.882: [GC [PSYoungGen: 271418K->940K(264768K)] 701735K->431361K(951744K), 0.0074910 secs] [Times: user=0.04 sys=0.01, real=0.01 secs] 
2014-07-16T14:51:37.670+0000: 2907.857: [GC [PSYoungGen: 264748K->448K(257600K)] 695169K->430925K(944576K), 0.0100690 secs] [Times: user=0.06 sys=0.00, real=0.02 secs] 
2014-07-16T14:51:38.629+0000: 2908.816: [GC [PSYoungGen: 257600K->1044K(251840K)] 688077K->431585K(938816K), 0.0042890 secs] [Times: user=0.02 sys=0.00, real=0.01 secs] 
2014-07-16T14:51:39.627+0000: 2909.814: [GC [PSYoungGen: 251796K->990K(245632K)] 682337K->431603K(932608K), 0.0044770 secs] [Times: user=0.02 sys=0.00, real=0.01 secs] 
2014-07-16T14:51:40.578+0000: 2910.765: [GC [PSYoungGen: 245598K->976K(239680K)] 676211K->431653K(926656K), 0.0039200 secs] [Times: user=0.02 sys=0.01, real=0.01 secs] 
2014-07-16T14:51:41.479+0000: 2911.666: [GC [PSYoungGen: 239632K->676K(233664K)] 670309K->431417K(920640K), 0.0061920 secs] [Times: user=0.04 sys=0.01, real=0.01 secs] 
2014-07-16T14:51:42.343+0000: 2912.530: [GC [PSYoungGen: 233593K->804K(228288K)] 664334K->431641K(915264K), 0.0060420 secs] [Times: user=0.04 sys=0.00, real=0.00 secs] 
2014-07-16T14:51:43.165+0000: 2913.352: [GC [PSYoungGen: 228260K->916K(223104K)] 659097K->431841K(910080K), 0.0074600 secs] [Times: user=0.05 sys=0.00, real=0.01 secs] 
2014-07-16T14:51:44.008+0000: 2914.195: [GC [PSYoungGen: 223060K->1326K(218368K)] 653985K->432571K(905344K), 0.0090650 secs] [Times: user=0.06 sys=0.00, real=0.01 secs] 
2014-07-16T14:51:44.872+0000: 2915.059: [GC [PSYoungGen: 218350K->420K(212544K)] 649595K->431881K(899520K), 0.0066360 secs] [Times: user=0.05 sys=0.00, real=0.00 secs] 
2014-07-16T14:51:45.647+0000: 2915.834: [GC [PSYoungGen: 212516K->676K(208064K)] 643977K->432217K(895040K), 0.0075570 secs] [Times: user=0.04 sys=0.00, real=0.01 secs] 
2014-07-16T14:51:46.396+0000: 2916.583: [GC [PSYoungGen: 208036K->1066K(203840K)] 639577K->432679K(890816K), 0.0069610 secs] [Times: user=0.04 sys=0.01, real=0.01 secs] 
2014-07-16T14:51:47.163+0000: 2917.350: [GC [PSYoungGen: 203817K->762K(199104K)] 635431K->432439K(886080K), 0.0072170 secs] [Times: user=0.05 sys=0.00, real=0.00 secs] 
2014-07-16T14:51:47.895+0000: 2918.082: [GC [PSYoungGen: 199098K->830K(194880K)] 630775K->432571K(881856K), 0.0093600 secs] [Times: user=0.06 sys=0.00, real=0.01 secs] 
2014-07-16T14:51:48.623+0000: 2918.810: [GC [PSYoungGen: 194878K->786K(233728K)] 626619K->432623K(920704K), 0.0123240 secs] [Times: user=0.08 sys=0.00, real=0.01 secs] 
2014-07-16T14:51:49.554+0000: 2919.741: [GC [PSYoungGen: 233682K->1332K(280832K)] 665519K->433297K(967808K), 0.0062750 secs] [Times: user=0.02 sys=0.00, real=0.00 secs] 
2014-07-16T14:51:50.582+0000: 2920.769: [GC [PSYoungGen: 280820K->1028K(273344K)] 712785K->433081K(960320K), 0.0078020 secs] [Times: user=0.05 sys=0.00, real=0.01 secs] 
2014-07-16T14:51:51.622+0000: 2921.809: [GC [PSYoungGen: 273284K->820K(266112K)] 705337K->433289K(953088K), 0.0077860 secs] [Times: user=0.06 sys=0.00, real=0.00 secs] 
2014-07-16T14:51:52.604+0000: 2922.792: [GC [PSYoungGen: 266100K->1440K(260032K)] 698569K->433973K(947008K), 0.0100830 secs] [Times: user=0.05 sys=0.00, real=0.01 secs] 
2014-07-16T14:51:53.555+0000: 2923.742: [GC [PSYoungGen: 260000K->516K(252672K)] 692533K->433221K(939648K), 0.0104460 secs] [Times: user=0.08 sys=0.00, real=0.01 secs] 
2014-07-16T14:51:54.492+0000: 2924.679: [GC [PSYoungGen: 252612K->894K(303424K)] 685317K->433663K(990400K), 0.0167030 secs] [Times: user=0.07 sys=0.00, real=0.02 secs] 
2014-07-16T14:51:55.679+0000: 2925.866: [GC [PSYoungGen: 303422K->1044K(295488K)] 736191K->433869K(982464K), 0.0047010 secs] [Times: user=0.02 sys=0.01, real=0.01 secs] 
2014-07-16T14:51:56.749+0000: 2926.936: [GC [PSYoungGen: 295412K->690K(287296K)] 728237K->433587K(974272K), 0.0098170 secs] [Times: user=0.06 sys=0.01, real=0.01 secs] 
2014-07-16T14:51:57.844+0000: 2928.031: [GC [PSYoungGen: 287278K->1072K(337920K)] 720175K->434025K(1024896K), 0.0135610 secs] [Times: user=0.09 sys=0.01, real=0.01 secs] 
2014-07-16T14:51:59.087+0000: 2929.274: [GC [PSYoungGen: 337392K->972K(327872K)] 770345K->434013K(1014848K), 0.0048700 secs] [Times: user=0.03 sys=0.01, real=0.00 secs] 
2014-07-16T14:52:00.349+0000: 2930.536: [GC [PSYoungGen: 327820K->598K(318400K)] 760861K->433695K(1005376K), 0.0036470 secs] [Times: user=0.02 sys=0.00, real=0.00 secs] 
2014-07-16T14:52:01.496+0000: 2931.683: [GC [PSYoungGen: 318358K->722K(309760K)] 751455K->433883K(996736K), 0.0059000 secs] [Times: user=0.03 sys=0.00, real=0.00 secs] 
2014-07-16T14:52:02.604+0000: 2932.792: [GC [PSYoungGen: 309714K->1012K(301632K)] 742875K->434221K(988608K), 0.0123830 secs] [Times: user=0.08 sys=0.00, real=0.01 secs] 
2014-07-16T14:52:03.737+0000: 2933.924: [GC [PSYoungGen: 301620K->1496K(294080K)] 734829K->434761K(981056K), 0.0087730 secs] [Times: user=0.06 sys=0.00, real=0.01 secs] 
2014-07-16T14:52:04.824+0000: 2935.012: [GC [PSYoungGen: 294040K->556K(285376K)] 727305K->434065K(972352K), 0.0071870 secs] [Times: user=0.05 sys=0.00, real=0.00 secs] 
2014-07-16T14:52:05.844+0000: 2936.031: [GC [PSYoungGen: 285345K->922K(278336K)] 718854K->434479K(965312K), 0.0125520 secs] [Times: user=0.08 sys=0.00, real=0.02 secs] 
2014-07-16T14:52:06.862+0000: 2937.049: [GC [PSYoungGen: 278298K->684K(270912K)] 711855K->434289K(957888K), 0.0073570 secs] [Times: user=0.04 sys=0.00, real=0.01 secs] 
2014-07-16T14:52:07.873+0000: 2938.060: [GC [PSYoungGen: 270892K->908K(264256K)] 704497K->434585K(951232K), 0.0067260 secs] [Times: user=0.04 sys=0.00, real=0.01 secs] 
2014-07-16T14:52:08.849+0000: 2939.036: [GC [PSYoungGen: 264184K->1290K(258048K)] 697862K->435047K(945024K), 0.0066480 secs] [Times: user=0.05 sys=0.00, real=0.01 secs] 
2014-07-16T14:52:09.863+0000: 2940.051: [GC [PSYoungGen: 257994K->940K(251264K)] 691751K->434761K(938240K), 0.0066610 secs] [Times: user=0.04 sys=0.00, real=0.01 secs] 
2014-07-16T14:52:10.733+0000: 2940.920: [GC [PSYoungGen: 251244K->940K(245120K)] 685065K->434849K(932096K), 0.0047960 secs] [Times: user=0.03 sys=0.01, real=0.01 secs] 
2014-07-16T14:52:11.657+0000: 2941.844: [GC [PSYoungGen: 245095K->1394K(239680K)] 679004K->435415K(926656K), 0.0075570 secs] [Times: user=0.05 sys=0.00, real=0.00 secs] 
2014-07-16T14:52:12.523+0000: 2942.710: [GC [PSYoungGen: 239616K->534K(233152K)] 673638K->434595K(920128K), 0.0040440 secs] [Times: user=0.02 sys=0.00, real=0.01 secs] 
2014-07-16T14:52:13.389+0000: 2943.576: [GC [PSYoungGen: 233086K->598K(227712K)] 667148K->434739K(914688K), 0.0049930 secs] [Times: user=0.04 sys=0.00, real=0.00 secs] 
2014-07-16T14:52:14.228+0000: 2944.415: [GC [PSYoungGen: 227597K->748K(222528K)] 661738K->434953K(909504K), 0.0042930 secs] [Times: user=0.02 sys=0.01, real=0.00 secs] 
2014-07-16T14:52:15.066+0000: 2945.253: [GC [PSYoungGen: 222508K->962K(217664K)] 656713K->435239K(904640K), 0.0044800 secs] [Times: user=0.03 sys=0.00, real=0.01 secs] 
2014-07-16T14:52:15.847+0000: 2946.034: [GC [PSYoungGen: 217602K->794K(212544K)] 651879K->435143K(899520K), 0.0076300 secs] [Times: user=0.05 sys=0.00, real=0.00 secs] 
2014-07-16T14:52:16.607+0000: 2946.794: [GC [PSYoungGen: 212506K->1040K(208064K)] 646855K->435453K(895040K), 0.0042610 secs] [Times: user=0.02 sys=0.00, real=0.00 secs] 
2014-07-16T14:52:17.378+0000: 2947.565: [GC [PSYoungGen: 207971K->1080K(203456K)] 642384K->435607K(890432K), 0.0046090 secs] [Times: user=0.02 sys=0.00, real=0.00 secs] 
2014-07-16T14:52:18.130+0000: 2948.318: [GC [PSYoungGen: 203448K->1118K(199104K)] 637975K->435717K(886080K), 0.0079370 secs] [Times: user=0.06 sys=0.00, real=0.01 secs] 
2014-07-16T14:52:18.866+0000: 2949.053: [GC [PSYoungGen: 199070K->884K(194560K)] 633669K->435787K(881536K), 0.0043060 secs] [Times: user=0.01 sys=0.00, real=0.01 secs] 
2014-07-16T14:52:19.572+0000: 2949.759: [GC [PSYoungGen: 194548K->990K(190592K)] 629451K->435973K(877568K), 0.0085960 secs] [Times: user=0.06 sys=0.00, real=0.01 secs] 
2014-07-16T14:52:20.297+0000: 2950.485: [GC [PSYoungGen: 190558K->748K(186368K)] 625541K->435853K(873344K), 0.0040410 secs] [Times: user=0.02 sys=0.00, real=0.00 secs] 
2014-07-16T14:52:20.985+0000: 2951.172: [GC [PSYoungGen: 186348K->626K(182400K)] 621453K->435811K(869376K), 0.0088630 secs] [Times: user=0.06 sys=0.00, real=0.01 secs] 
2014-07-16T14:52:21.675+0000: 2951.862: [GC [PSYoungGen: 182376K->1312K(179392K)] 617562K->436577K(866368K), 0.0047450 secs] [Times: user=0.03 sys=0.00, real=0.01 secs] 
2014-07-16T14:52:22.374+0000: 2952.561: [GC [PSYoungGen: 179360K->1236K(175744K)] 614625K->436565K(862720K), 0.0087870 secs] [Times: user=0.06 sys=0.00, real=0.01 secs] 
2014-07-16T14:52:23.074+0000: 2953.261: [GC [PSYoungGen: 175700K->620K(171584K)] 611029K->436363K(858560K), 0.0052180 secs] [Times: user=0.02 sys=0.00, real=0.01 secs] 
2014-07-16T14:52:23.668+0000: 2953.856: [GC [PSYoungGen: 171564K->708K(168320K)] 607307K->436563K(855296K), 0.0074260 secs] [Times: user=0.04 sys=0.00, real=0.00 secs] 
2014-07-16T14:52:24.302+0000: 2954.489: [GC [PSYoungGen: 168226K->708K(165056K)] 604082K->436693K(852032K), 0.0040980 secs] [Times: user=0.02 sys=0.01, real=0.00 secs] 
2014-07-16T14:52:24.997+0000: 2955.185: [GC [PSYoungGen: 164958K->1196K(198400K)] 600944K->437245K(885376K), 0.0133080 secs] [Times: user=0.08 sys=0.00, real=0.02 secs] 
2014-07-16T14:52:25.654+0000: 2955.841: [GC [PSYoungGen: 198378K->576K(237248K)] 634428K->436681K(924224K), 0.0086770 secs] [Times: user=0.04 sys=0.00, real=0.01 secs] 
2014-07-16T14:52:26.543+0000: 2956.730: [GC [PSYoungGen: 237247K->762K(231808K)] 673353K->436923K(918784K), 0.0050720 secs] [Times: user=0.02 sys=0.01, real=0.01 secs] 
2014-07-16T14:52:27.401+0000: 2957.589: [GC [PSYoungGen: 231802K->1104K(226752K)] 667963K->437345K(913728K), 0.0070840 secs] [Times: user=0.05 sys=0.00, real=0.01 secs] 
2014-07-16T14:52:28.226+0000: 2958.413: [GC [PSYoungGen: 226704K->640K(220992K)] 662945K->436945K(907968K), 0.0056740 secs] [Times: user=0.03 sys=0.01, real=0.01 secs] 
2014-07-16T14:52:29.043+0000: 2959.230: [GC [PSYoungGen: 220980K->922K(216256K)] 657286K->437307K(903232K), 0.0060160 secs] [Times: user=0.04 sys=0.00, real=0.01 secs] 
2014-07-16T14:52:29.847+0000: 2960.034: [GC [PSYoungGen: 216218K->890K(211328K)] 652603K->437347K(898304K), 0.0087060 secs] [Times: user=0.06 sys=0.00, real=0.01 secs] 
2014-07-16T14:52:30.631+0000: 2960.818: [GC [PSYoungGen: 211322K->804K(206592K)] 647779K->437325K(893568K), 0.0046850 secs] [Times: user=0.02 sys=0.00, real=0.00 secs] 
2014-07-16T14:52:31.381+0000: 2961.569: [GC [PSYoungGen: 206546K->940K(202176K)] 643068K->437549K(889152K), 0.0099980 secs] [Times: user=0.07 sys=0.00, real=0.01 secs] 
2014-07-16T14:52:32.129+0000: 2962.316: [GC [PSYoungGen: 202140K->630K(197504K)] 638750K->437295K(884480K), 0.0090950 secs] [Times: user=0.05 sys=0.01, real=0.01 secs] 
2014-07-16T14:52:32.850+0000: 2963.038: [GC [PSYoungGen: 197494K->1014K(193664K)] 634159K->437767K(880640K), 0.0072400 secs] [Times: user=0.04 sys=0.01, real=0.00 secs] 
2014-07-16T14:52:33.567+0000: 2963.754: [GC [PSYoungGen: 193654K->1202K(232384K)] 630407K->438505K(919360K), 0.0096480 secs] [Times: user=0.06 sys=0.00, real=0.01 secs] 
2014-07-16T14:52:34.468+0000: 2964.655: [GC [PSYoungGen: 232370K->964K(226752K)] 669673K->438347K(913728K), 0.0055990 secs] [Times: user=0.03 sys=0.00, real=0.01 secs] 
2014-07-16T14:52:35.324+0000: 2965.511: [GC [PSYoungGen: 226692K->1134K(272064K)] 664075K->439098K(959040K), 0.0129800 secs] [Times: user=0.08 sys=0.00, real=0.01 secs] 
2014-07-16T14:52:36.270+0000: 2966.457: [GC [PSYoungGen: 272046K->826K(312000K)] 710010K->438877K(998976K), 0.0075430 secs] [Times: user=0.06 sys=0.00, real=0.00 secs] 
2014-07-16T14:52:37.430+0000: 2967.617: [GC [PSYoungGen: 311034K->908K(302720K)] 749085K->439023K(989696K), 0.0066390 secs] [Times: user=0.04 sys=0.00, real=0.00 secs] 
2014-07-16T14:52:38.546+0000: 2968.733: [GC [PSYoungGen: 302665K->1272K(294912K)] 740781K->439460K(981888K), 0.0134290 secs] [Times: user=0.08 sys=0.00, real=0.01 secs] 
2014-07-16T14:52:39.637+0000: 2969.824: [GC [PSYoungGen: 294883K->1086K(286912K)] 733071K->439361K(973888K), 0.0064820 secs] [Times: user=0.05 sys=0.00, real=0.01 secs] 
2014-07-16T14:52:40.690+0000: 2970.877: [GC [PSYoungGen: 286835K->594K(278976K)] 725111K->438925K(965952K), 0.0115720 secs] [Times: user=0.08 sys=0.00, real=0.02 secs] 
2014-07-16T14:52:41.717+0000: 2971.904: [GC [PSYoungGen: 278930K->854K(272064K)] 717261K->439281K(959040K), 0.0085820 secs] [Times: user=0.05 sys=0.00, real=0.01 secs] 
2014-07-16T14:52:42.722+0000: 2972.909: [GC [PSYoungGen: 272022K->658K(264960K)] 710449K->439173K(951936K), 0.0039800 secs] [Times: user=0.02 sys=0.00, real=0.00 secs] 
2014-07-16T14:52:43.724+0000: 2973.911: [GC [PSYoungGen: 264863K->712K(258368K)] 703379K->439299K(945344K), 0.0039390 secs] [Times: user=0.02 sys=0.00, real=0.00 secs] 
2014-07-16T14:52:44.646+0000: 2974.834: [GC [PSYoungGen: 258312K->1168K(252416K)] 696899K->439851K(939392K), 0.0072950 secs] [Times: user=0.04 sys=0.00, real=0.01 secs] 
2014-07-16T14:52:45.598+0000: 2975.785: [GC [PSYoungGen: 252368K->662K(245760K)] 691051K->439417K(932736K), 0.0100310 secs] [Times: user=0.06 sys=0.00, real=0.01 secs] 
2014-07-16T14:52:46.482+0000: 2976.669: [GC [PSYoungGen: 245718K->794K(239936K)] 684473K->439605K(926912K), 0.0081040 secs] [Times: user=0.05 sys=0.00, real=0.00 secs] 
2014-07-16T14:52:47.355+0000: 2977.542: [GC [PSYoungGen: 239898K->612K(234048K)] 678709K->439479K(921024K), 0.0053810 secs] [Times: user=0.03 sys=0.00, real=0.00 secs] 
2014-07-16T14:52:48.221+0000: 2978.409: [GC [PSYoungGen: 234020K->1004K(228928K)] 672887K->439959K(915904K), 0.0069150 secs] [Times: user=0.04 sys=0.00, real=0.00 secs] 
2014-07-16T14:52:49.070+0000: 2979.257: [GC [PSYoungGen: 228908K->1050K(223680K)] 667863K->440077K(910656K), 0.0067820 secs] [Times: user=0.04 sys=0.00, real=0.01 secs] 
2014-07-16T14:52:49.934+0000: 2980.122: [GC [PSYoungGen: 223624K->868K(218368K)] 662651K->439999K(905344K), 0.0077310 secs] [Times: user=0.05 sys=0.00, real=0.01 secs] 
2014-07-16T14:52:50.740+0000: 2980.927: [GC [PSYoungGen: 218340K->1136K(213696K)] 657471K->440355K(900672K), 0.0068170 secs] [Times: user=0.05 sys=0.00, real=0.01 secs] 
2014-07-16T14:52:51.531+0000: 2981.718: [GC [PSYoungGen: 213680K->886K(208640K)] 652899K->440193K(895616K), 0.0047480 secs] [Times: user=0.02 sys=0.00, real=0.01 secs] 
2014-07-16T14:52:52.327+0000: 2982.514: [GC [PSYoungGen: 208630K->908K(204096K)] 647937K->440287K(891072K), 0.0039500 secs] [Times: user=0.03 sys=0.00, real=0.00 secs] 
2014-07-16T14:52:53.064+0000: 2983.251: [GC [PSYoungGen: 204009K->1112K(199872K)] 643389K->440579K(886848K), 0.0036370 secs] [Times: user=0.02 sys=0.00, real=0.00 secs] 
2014-07-16T14:52:53.791+0000: 2983.978: [GC [PSYoungGen: 199832K->748K(195200K)] 639299K->440707K(882176K), 0.0095040 secs] [Times: user=0.07 sys=0.00, real=0.01 secs] 
2014-07-16T14:52:54.509+0000: 2984.696: [GC [PSYoungGen: 195147K->1526K(191808K)] 635107K->441598K(878784K), 0.0066910 secs] [Times: user=0.04 sys=0.00, real=0.01 secs] 
2014-07-16T14:52:55.238+0000: 2985.425: [GC [PSYoungGen: 191798K->786K(187072K)] 631870K->440913K(874048K), 0.0059570 secs] [Times: user=0.03 sys=0.00, real=0.01 secs] 
2014-07-16T14:52:56.059+0000: 2986.246: [GC [PSYoungGen: 187025K->466K(182848K)] 627153K->440641K(869824K), 0.0058800 secs] [Times: user=0.01 sys=0.00, real=0.01 secs] 
2014-07-16T14:52:56.699+0000: 2986.886: [GC [PSYoungGen: 182763K->1154K(179776K)] 622939K->441418K(866752K), 0.0081130 secs] [Times: user=0.05 sys=0.00, real=0.01 secs] 
2014-07-16T14:52:57.362+0000: 2987.549: [GC [PSYoungGen: 179714K->1158K(176128K)] 619978K->441534K(863104K), 0.0082480 secs] [Times: user=0.06 sys=0.00, real=0.01 secs] 
2014-07-16T14:52:57.994+0000: 2988.181: [GC [PSYoungGen: 176070K->908K(172352K)] 616446K->441363K(859328K), 0.0048170 secs] [Times: user=0.03 sys=0.00, real=0.00 secs] 
2014-07-16T14:52:58.651+0000: 2988.838: [GC [PSYoungGen: 172300K->704K(168704K)] 612755K->441263K(855680K), 0.0071530 secs] [Times: user=0.04 sys=0.00, real=0.01 secs] 
2014-07-16T14:52:59.248+0000: 2989.435: [GC [PSYoungGen: 168704K->898K(202560K)] 609263K->441538K(889536K), 0.0104190 secs] [Times: user=0.06 sys=0.00, real=0.01 secs] 
2014-07-16T14:52:59.983+0000: 2990.170: [GC [PSYoungGen: 202498K->498K(242432K)] 643138K->441209K(929408K), 0.0094450 secs] [Times: user=0.07 sys=0.00, real=0.00 secs] 
2014-07-16T14:53:00.923+0000: 2991.110: [GC [PSYoungGen: 242418K->676K(291008K)] 683129K->441459K(977984K), 0.0087530 secs] [Times: user=0.04 sys=0.00, real=0.01 secs] 
2014-07-16T14:53:02.042+0000: 2992.230: [GC [PSYoungGen: 290980K->1260K(283904K)] 731763K->442115K(970880K), 0.0054120 secs] [Times: user=0.03 sys=0.00, real=0.01 secs] 
2014-07-16T14:53:03.007+0000: 2993.195: [GC [PSYoungGen: 283884K->794K(276096K)] 724739K->441746K(963072K), 0.0045680 secs] [Times: user=0.02 sys=0.00, real=0.00 secs] 
2014-07-16T14:53:04.026+0000: 2994.213: [GC [PSYoungGen: 276054K->1266K(269440K)] 717006K->442282K(956416K), 0.0054980 secs] [Times: user=0.03 sys=0.00, real=0.00 secs] 
2014-07-16T14:53:05.013+0000: 2995.200: [GC [PSYoungGen: 269426K->1086K(262464K)] 710442K->442174K(949440K), 0.0089830 secs] [Times: user=0.06 sys=0.00, real=0.01 secs] 
2014-07-16T14:53:06.084+0000: 2996.271: [GC [PSYoungGen: 262462K->1274K(256128K)] 703550K->442433K(943104K), 0.0097480 secs] [Times: user=0.07 sys=0.00, real=0.00 secs] 
2014-07-16T14:53:07.053+0000: 2997.240: [GC [PSYoungGen: 256110K->994K(249600K)] 697270K->442550K(936576K), 0.0083610 secs] [Times: user=0.06 sys=0.00, real=0.01 secs] 
2014-07-16T14:53:07.960+0000: 2998.147: [GC [PSYoungGen: 249570K->812K(243328K)] 691126K->442440K(930304K), 0.0046890 secs] [Times: user=0.02 sys=0.00, real=0.01 secs] 
2014-07-16T14:53:08.860+0000: 2999.047: [GC [PSYoungGen: 243308K->712K(237440K)] 684936K->442420K(924416K), 0.0035670 secs] [Times: user=0.01 sys=0.01, real=0.00 secs] 
2014-07-16T14:53:09.716+0000: 2999.903: [GC [PSYoungGen: 237354K->672K(231744K)] 679062K->442427K(918720K), 0.0157810 secs] [Times: user=0.09 sys=0.00, real=0.01 secs] 
2014-07-16T14:53:10.670+0000: 3000.857: [GC [PSYoungGen: 231712K->854K(226496K)] 673467K->442690K(913472K), 0.0065230 secs] [Times: user=0.04 sys=0.00, real=0.01 secs] 
2014-07-16T14:53:11.483+0000: 3001.670: [GC [PSYoungGen: 226454K->544K(220928K)] 668290K->442451K(907904K), 0.0043330 secs] [Times: user=0.02 sys=0.00, real=0.01 secs] 
2014-07-16T14:53:12.308+0000: 3002.496: [GC [PSYoungGen: 220896K->914K(216256K)] 662803K->442910K(903232K), 0.0041430 secs] [Times: user=0.02 sys=0.00, real=0.00 secs] 
2014-07-16T14:53:13.103+0000: 3003.290: [GC [PSYoungGen: 216208K->1280K(211776K)] 658204K->443332K(898752K), 0.0039090 secs] [Times: user=0.02 sys=0.00, real=0.01 secs] 
2014-07-16T14:53:13.878+0000: 3004.065: [GC [PSYoungGen: 211712K->754K(206528K)] 653764K->442894K(893504K), 0.0059520 secs] [Times: user=0.04 sys=0.00, real=0.00 secs] 
2014-07-16T14:53:14.677+0000: 3004.864: [GC [PSYoungGen: 206514K->640K(201856K)] 648654K->442875K(888832K), 0.0109560 secs] [Times: user=0.08 sys=0.00, real=0.01 secs] 
2014-07-16T14:53:15.455+0000: 3005.643: [GC [PSYoungGen: 201774K->1572K(243072K)] 644010K->443956K(930048K), 0.0147420 secs] [Times: user=0.09 sys=0.00, real=0.01 secs] 
2014-07-16T14:53:16.414+0000: 3006.602: [GC [PSYoungGen: 242991K->1176K(291008K)] 685375K->443624K(977984K), 0.0092930 secs] [Times: user=0.06 sys=0.01, real=0.01 secs] 
2014-07-16T14:53:17.496+0000: 3007.683: [GC [PSYoungGen: 290968K->958K(283136K)] 733416K->443554K(970112K), 0.0087290 secs] [Times: user=0.05 sys=0.00, real=0.00 secs] 
2014-07-16T14:53:18.514+0000: 3008.702: [GC [PSYoungGen: 283134K->626K(275456K)] 725730K->443294K(962432K), 0.0096710 secs] [Times: user=0.07 sys=0.00, real=0.01 secs] 
2014-07-16T14:53:19.545+0000: 3009.732: [GC [PSYoungGen: 275423K->880K(268672K)] 718091K->443620K(955648K), 0.0068030 secs] [Times: user=0.05 sys=0.00, real=0.01 secs] 
2014-07-16T14:53:20.537+0000: 3010.724: [GC [PSYoungGen: 268656K->562K(261568K)] 711396K->443366K(948544K), 0.0102080 secs] [Times: user=0.06 sys=0.00, real=0.01 secs] 
2014-07-16T14:53:21.527+0000: 3011.714: [GC [PSYoungGen: 261554K->1248K(255744K)] 704358K->444116K(942720K), 0.0079930 secs] [Times: user=0.05 sys=0.00, real=0.00 secs] 
2014-07-16T14:53:22.473+0000: 3012.660: [GC [PSYoungGen: 255712K->994K(249216K)] 698580K->443942K(936192K), 0.0057540 secs] [Times: user=0.03 sys=0.00, real=0.01 secs] 
2014-07-16T14:53:23.400+0000: 3013.587: [GC [PSYoungGen: 249186K->1022K(243136K)] 692134K->444074K(930112K), 0.0068740 secs] [Times: user=0.04 sys=0.00, real=0.01 secs] 
2014-07-16T14:53:24.268+0000: 3014.455: [GC [PSYoungGen: 243130K->848K(237184K)] 686182K->443948K(924160K), 0.0096470 secs] [Times: user=0.07 sys=0.00, real=0.01 secs] 
2014-07-16T14:53:25.124+0000: 3015.311: [GC [PSYoungGen: 237096K->854K(231552K)] 680196K->444018K(918528K), 0.0069450 secs] [Times: user=0.05 sys=0.00, real=0.01 secs] 
2014-07-16T14:53:26.012+0000: 3016.199: [GC [PSYoungGen: 231510K->1350K(226624K)] 674674K->444594K(913600K), 0.0079440 secs] [Times: user=0.05 sys=0.01, real=0.01 secs] 
2014-07-16T14:53:26.810+0000: 3016.997: [GC [PSYoungGen: 226566K->802K(220800K)] 669810K->444385K(907776K), 0.0102250 secs] [Times: user=0.06 sys=0.00, real=0.01 secs] 
2014-07-16T14:53:27.617+0000: 3017.804: [GC [PSYoungGen: 220741K->812K(215744K)] 664324K->444459K(902720K), 0.0067610 secs] [Times: user=0.03 sys=0.00, real=0.01 secs] 
2014-07-16T14:53:28.423+0000: 3018.610: [GC [PSYoungGen: 215724K->932K(211008K)] 659371K->444791K(897984K), 0.0084970 secs] [Times: user=0.06 sys=0.00, real=0.01 secs] 
2014-07-16T14:53:29.192+0000: 3019.379: [GC [PSYoungGen: 210967K->826K(206208K)] 654827K->444797K(893184K), 0.0033950 secs] [Times: user=0.01 sys=0.01, real=0.00 secs] 
2014-07-16T14:53:29.953+0000: 3020.141: [GC [PSYoungGen: 206166K->758K(201600K)] 650137K->444793K(888576K), 0.0100970 secs] [Times: user=0.07 sys=0.00, real=0.01 secs] 
2014-07-16T14:53:30.707+0000: 3020.894: [GC [PSYoungGen: 201562K->1432K(242496K)] 645597K->445499K(929472K), 0.0185730 secs] [Times: user=0.09 sys=0.00, real=0.02 secs] 
2014-07-16T14:53:31.609+0000: 3021.796: [GC [PSYoungGen: 242456K->890K(286080K)] 686523K->445013K(973056K), 0.0112230 secs] [Times: user=0.06 sys=0.00, real=0.01 secs] 
2014-07-16T14:53:32.666+0000: 3022.853: [GC [PSYoungGen: 286074K->640K(286784K)] 730197K->444827K(973760K), 0.0100830 secs] [Times: user=0.08 sys=0.00, real=0.01 secs] 
2014-07-16T14:53:33.715+0000: 3023.902: [GC [PSYoungGen: 285824K->1044K(343744K)] 730011K->445287K(1030720K), 0.0064090 secs] [Times: user=0.04 sys=0.00, real=0.01 secs] 
2014-07-16T14:53:34.975+0000: 3025.162: [GC [PSYoungGen: 343283K->930K(333504K)] 787526K->445237K(1020480K), 0.0062580 secs] [Times: user=0.04 sys=0.00, real=0.01 secs] 
2014-07-16T14:53:36.292+0000: 3026.479: [GC [PSYoungGen: 333474K->674K(323904K)] 777781K->445743K(1010880K), 0.0098500 secs] [Times: user=0.07 sys=0.00, real=0.01 secs] 
2014-07-16T14:53:37.479+0000: 3027.667: [GC [PSYoungGen: 323874K->708K(315008K)] 768943K->445833K(1001984K), 0.0068230 secs] [Times: user=0.04 sys=0.00, real=0.00 secs] 
2014-07-16T14:53:38.692+0000: 3028.880: [GC [PSYoungGen: 314942K->1190K(306880K)] 760068K->446511K(993856K), 0.0077940 secs] [Times: user=0.05 sys=0.00, real=0.01 secs] 
2014-07-16T14:53:39.842+0000: 3030.029: [GC [PSYoungGen: 306846K->812K(298240K)] 752168K->446189K(985216K), 0.0047770 secs] [Times: user=0.02 sys=0.00, real=0.00 secs] 
2014-07-16T14:53:41.015+0000: 3031.202: [GC [PSYoungGen: 298220K->1340K(290816K)] 743597K->446943K(977792K), 0.0070310 secs] [Times: user=0.03 sys=0.00, real=0.01 secs] 
2014-07-16T14:53:42.063+0000: 3032.250: [GC [PSYoungGen: 290812K->926K(282816K)] 736415K->446593K(969792K), 0.0094160 secs] [Times: user=0.06 sys=0.00, real=0.01 secs] 
2014-07-16T14:53:43.083+0000: 3033.270: [GC [PSYoungGen: 282782K->794K(275328K)] 728449K->446589K(962304K), 0.0047680 secs] [Times: user=0.02 sys=0.00, real=0.00 secs] 
2014-07-16T14:53:44.076+0000: 3034.263: [GC [PSYoungGen: 275290K->730K(268224K)] 721085K->446613K(955200K), 0.0034030 secs] [Times: user=0.03 sys=0.00, real=0.00 secs] 
2014-07-16T14:53:45.068+0000: 3035.255: [GC [PSYoungGen: 268186K->1136K(261824K)] 714069K->447107K(948800K), 0.0117880 secs] [Times: user=0.08 sys=0.00, real=0.01 secs] 
2014-07-16T14:53:46.099+0000: 3036.286: [GC [PSYoungGen: 261800K->1196K(255360K)] 707772K->447255K(942336K), 0.0046330 secs] [Times: user=0.02 sys=0.00, real=0.01 secs] 
2014-07-16T14:53:46.970+0000: 3037.157: [GC [PSYoungGen: 255320K->998K(248896K)] 701379K->447145K(935872K), 0.0134180 secs] [Times: user=0.08 sys=0.00, real=0.02 secs] 
2014-07-16T14:53:47.873+0000: 3038.061: [GC [PSYoungGen: 248870K->690K(242560K)] 695017K->446893K(929536K), 0.0080740 secs] [Times: user=0.05 sys=0.00, real=0.01 secs] 
2014-07-16T14:53:48.774+0000: 3038.961: [GC [PSYoungGen: 242546K->1406K(237440K)] 688749K->447681K(924416K), 0.0071190 secs] [Times: user=0.03 sys=0.00, real=0.01 secs] 
2014-07-16T14:53:49.679+0000: 3039.866: [GC [PSYoungGen: 237438K->944K(231360K)] 683713K->447291K(918336K), 0.0072100 secs] [Times: user=0.05 sys=0.00, real=0.01 secs] 
2014-07-16T14:53:50.526+0000: 3040.713: [GC [PSYoungGen: 231344K->852K(277376K)] 677691K->447231K(964352K), 0.0200460 secs] [Times: user=0.11 sys=0.00, real=0.02 secs] 
2014-07-16T14:53:51.556+0000: 3041.744: [GC [PSYoungGen: 277332K->1196K(333120K)] 723711K->447615K(1020096K), 0.0055850 secs] [Times: user=0.02 sys=0.00, real=0.01 secs] 
2014-07-16T14:53:52.823+0000: 3043.010: [GC [PSYoungGen: 332648K->1262K(323456K)] 779067K->447737K(1010432K), 0.0097280 secs] [Times: user=0.05 sys=0.00, real=0.01 secs] 
2014-07-16T14:53:53.988+0000: 3044.175: [GC [PSYoungGen: 323438K->962K(314304K)] 769913K->447517K(1001280K), 0.0068720 secs] [Times: user=0.04 sys=0.00, real=0.01 secs] 
2014-07-16T14:53:55.143+0000: 3045.330: [GC [PSYoungGen: 314242K->644K(305408K)] 760797K->447239K(992384K), 0.0094130 secs] [Times: user=0.06 sys=0.00, real=0.01 secs] 
2014-07-16T14:53:56.278+0000: 3046.465: [GC [PSYoungGen: 305348K->808K(297344K)] 751943K->447483K(984320K), 0.0073680 secs] [Times: user=0.05 sys=0.01, real=0.01 secs] 
2014-07-16T14:53:57.343+0000: 3047.530: [GC [PSYoungGen: 297320K->1126K(289792K)] 743995K->447873K(976768K), 0.0063300 secs] [Times: user=0.04 sys=0.00, real=0.00 secs] 
2014-07-16T14:53:58.399+0000: 3048.587: [GC [PSYoungGen: 289766K->1212K(282240K)] 736513K->448023K(969216K), 0.0096500 secs] [Times: user=0.06 sys=0.00, real=0.01 secs] 
2014-07-16T14:53:59.431+0000: 3049.618: [GC [PSYoungGen: 282236K->544K(274304K)] 729047K->447411K(961280K), 0.0043140 secs] [Times: user=0.02 sys=0.00, real=0.01 secs] 
2014-07-16T14:54:00.494+0000: 3050.681: [GC [PSYoungGen: 274272K->822K(267520K)] 721139K->447761K(954496K), 0.0072280 secs] [Times: user=0.05 sys=0.00, real=0.00 secs] 
2014-07-16T14:54:01.552+0000: 3051.739: [GC [PSYoungGen: 267509K->1590K(261568K)] 714448K->448726K(948544K), 0.0117660 secs] [Times: user=0.08 sys=0.00, real=0.01 secs] 
2014-07-16T14:54:02.470+0000: 3052.657: [GC [PSYoungGen: 261558K->830K(254336K)] 708694K->448029K(941312K), 0.0078330 secs] [Times: user=0.05 sys=0.00, real=0.01 secs] 
2014-07-16T14:54:03.405+0000: 3053.592: [GC [PSYoungGen: 254320K->944K(248192K)] 701520K->448223K(935168K), 0.0068350 secs] [Times: user=0.05 sys=0.00, real=0.00 secs] 
2014-07-16T14:54:04.325+0000: 3054.512: [GC [PSYoungGen: 248176K->776K(242048K)] 695455K->448135K(929024K), 0.0074060 secs] [Times: user=0.04 sys=0.00, real=0.00 secs] 
2014-07-16T14:54:05.205+0000: 3055.392: [GC [PSYoungGen: 241992K->498K(235904K)] 689351K->447921K(922880K), 0.0096900 secs] [Times: user=0.06 sys=0.00, real=0.01 secs] 
2014-07-16T14:54:06.068+0000: 3056.255: [GC [PSYoungGen: 235890K->1304K(231168K)] 683313K->448799K(918144K), 0.0094950 secs] [Times: user=0.06 sys=0.00, real=0.01 secs] 
2014-07-16T14:54:07.009+0000: 3057.196: [GC [PSYoungGen: 231128K->998K(225472K)] 678623K->448557K(912448K), 0.0037900 secs] [Times: user=0.02 sys=0.00, real=0.00 secs] 
2014-07-16T14:54:07.828+0000: 3058.015: [GC [PSYoungGen: 225446K->894K(220160K)] 673005K->448517K(907136K), 0.0093030 secs] [Times: user=0.06 sys=0.01, real=0.01 secs] 
2014-07-16T14:54:08.625+0000: 3058.812: [GC [PSYoungGen: 220158K->840K(215168K)] 667781K->448559K(902144K), 0.0059980 secs] [Times: user=0.04 sys=0.00, real=0.00 secs] 
2014-07-16T14:54:09.414+0000: 3059.601: [GC [PSYoungGen: 215112K->998K(210496K)] 662831K->448774K(897472K), 0.0042240 secs] [Times: user=0.02 sys=0.00, real=0.00 secs] 
2014-07-16T14:54:10.247+0000: 3060.434: [GC [PSYoungGen: 210468K->1142K(205952K)] 658243K->448989K(892928K), 0.0125360 secs] [Times: user=0.06 sys=0.00, real=0.01 secs] 
2014-07-16T14:54:10.994+0000: 3061.181: [GC [PSYoungGen: 205942K->854K(201216K)] 653789K->448813K(888192K), 0.0086210 secs] [Times: user=0.05 sys=0.00, real=0.00 secs] 
2014-07-16T14:54:11.873+0000: 3062.060: [GC [PSYoungGen: 201174K->836K(241280K)] 649133K->448875K(928256K), 0.0120200 secs] [Times: user=0.09 sys=0.00, real=0.02 secs] 
2014-07-16T14:54:12.750+0000: 3062.937: [GC [PSYoungGen: 241220K->1266K(235904K)] 689259K->449346K(922880K), 0.0044130 secs] [Times: user=0.02 sys=0.00, real=0.01 secs] 
2014-07-16T14:54:13.616+0000: 3063.803: [GC [PSYoungGen: 235890K->530K(229632K)] 683970K->448673K(916608K), 0.0074170 secs] [Times: user=0.05 sys=0.00, real=0.00 secs] 
2014-07-16T14:54:14.467+0000: 3064.655: [GC [PSYoungGen: 229586K->1254K(224960K)] 677729K->449485K(911936K), 0.0079940 secs] [Times: user=0.05 sys=0.00, real=0.01 secs] 
2014-07-16T14:54:15.280+0000: 3065.467: [GC [PSYoungGen: 224901K->694K(219200K)] 673133K->449005K(906176K), 0.0074630 secs] [Times: user=0.05 sys=0.00, real=0.01 secs] 
2014-07-16T14:54:16.085+0000: 3066.272: [GC [PSYoungGen: 219190K->1254K(214784K)] 667501K->449637K(901760K), 0.0071490 secs] [Times: user=0.05 sys=0.00, real=0.00 secs] 
2014-07-16T14:54:16.918+0000: 3067.105: [GC [PSYoungGen: 214745K->1162K(209920K)] 663128K->449617K(896896K), 0.0062870 secs] [Times: user=0.04 sys=0.00, real=0.00 secs] 
2014-07-16T14:54:17.709+0000: 3067.896: [GC [PSYoungGen: 209830K->576K(204672K)] 658286K->449079K(891648K), 0.0036890 secs] [Times: user=0.02 sys=0.00, real=0.00 secs] 
2014-07-16T14:54:18.467+0000: 3068.654: [GC [PSYoungGen: 204657K->844K(200512K)] 653161K->449443K(887488K), 0.0064570 secs] [Times: user=0.03 sys=0.00, real=0.00 secs] 
2014-07-16T14:54:19.180+0000: 3069.367: [GC [PSYoungGen: 200460K->890K(196160K)] 649059K->449561K(883136K), 0.0079890 secs] [Times: user=0.05 sys=0.00, real=0.01 secs] 
2014-07-16T14:54:19.940+0000: 3070.128: [GC [PSYoungGen: 196154K->1586K(192704K)] 644825K->450464K(879680K), 0.0077300 secs] [Times: user=0.04 sys=0.00, real=0.01 secs] 
2014-07-16T14:54:20.604+0000: 3070.791: [GC [PSYoungGen: 192688K->926K(230336K)] 641566K->449891K(917312K), 0.0099940 secs] [Times: user=0.06 sys=0.01, real=0.01 secs] 
2014-07-16T14:54:21.510+0000: 3071.697: [GC [PSYoungGen: 230302K->934K(224960K)] 679267K->450496K(911936K), 0.0074920 secs] [Times: user=0.05 sys=0.01, real=0.01 secs] 
2014-07-16T14:54:22.383+0000: 3072.570: [GC [PSYoungGen: 224934K->1336K(270144K)] 674496K->450946K(957120K), 0.0104570 secs] [Times: user=0.06 sys=0.00, real=0.01 secs] 
2014-07-16T14:54:23.442+0000: 3073.629: [GC [PSYoungGen: 270136K->1128K(263104K)] 719746K->450900K(950080K), 0.0071760 secs] [Times: user=0.03 sys=0.00, real=0.01 secs] 
2014-07-16T14:54:24.463+0000: 3074.650: [GC [PSYoungGen: 263080K->1374K(256768K)] 712852K->451202K(943744K), 0.0052720 secs] [Times: user=0.02 sys=0.00, real=0.01 secs] 
2014-07-16T14:54:25.407+0000: 3075.594: [GC [PSYoungGen: 256734K->1008K(250048K)] 706562K->450892K(937024K), 0.0073720 secs] [Times: user=0.05 sys=0.00, real=0.00 secs] 
2014-07-16T14:54:26.340+0000: 3076.527: [GC [PSYoungGen: 249994K->1326K(244288K)] 699878K->451290K(931264K), 0.0070870 secs] [Times: user=0.05 sys=0.00, real=0.01 secs] 
2014-07-16T14:54:27.301+0000: 3077.488: [GC [PSYoungGen: 244270K->1076K(238144K)] 694234K->451112K(925120K), 0.0062670 secs] [Times: user=0.05 sys=0.01, real=0.01 secs] 
2014-07-16T14:54:28.177+0000: 3078.365: [GC [PSYoungGen: 238132K->1704K(233152K)] 688168K->451812K(920128K), 0.0094730 secs] [Times: user=0.06 sys=0.01, real=0.01 secs] 
2014-07-16T14:54:29.047+0000: 3079.235: [GC [PSYoungGen: 233090K->698K(226688K)] 683198K->451160K(913664K), 0.0038010 secs] [Times: user=0.02 sys=0.00, real=0.00 secs] 
2014-07-16T14:54:29.860+0000: 3080.048: [GC [PSYoungGen: 226676K->1648K(222400K)] 677138K->452166K(909376K), 0.0042940 secs] [Times: user=0.01 sys=0.00, real=0.00 secs] 
2014-07-16T14:54:30.661+0000: 3080.848: [GC [PSYoungGen: 222384K->658K(216384K)] 672902K->451232K(903360K), 0.0114790 secs] [Times: user=0.08 sys=0.00, real=0.01 secs] 
2014-07-16T14:54:31.446+0000: 3081.634: [GC [PSYoungGen: 216334K->1180K(212032K)] 666908K->451834K(899008K), 0.0094170 secs] [Times: user=0.06 sys=0.00, real=0.01 secs] 
2014-07-16T14:54:32.333+0000: 3082.520: [GC [PSYoungGen: 211955K->1162K(207296K)] 662609K->451872K(894272K), 0.0093100 secs] [Times: user=0.06 sys=0.00, real=0.01 secs] 
2014-07-16T14:54:33.040+0000: 3083.227: [GC [PSYoungGen: 207240K->544K(202112K)] 657950K->451350K(889088K), 0.0054200 secs] [Times: user=0.03 sys=0.00, real=0.00 secs] 
2014-07-16T14:54:33.774+0000: 3083.962: [GC [PSYoungGen: 202076K->808K(197952K)] 652882K->451694K(884928K), 0.0042710 secs] [Times: user=0.03 sys=0.00, real=0.01 secs] 
2014-07-16T14:54:34.486+0000: 3084.673: [GC [PSYoungGen: 197891K->762K(193664K)] 648777K->451704K(880640K), 0.0037180 secs] [Times: user=0.02 sys=0.00, real=0.01 secs] 
2014-07-16T14:54:35.185+0000: 3085.372: [GC [PSYoungGen: 193658K->612K(189440K)] 644600K->451602K(876416K), 0.0087110 secs] [Times: user=0.05 sys=0.00, real=0.01 secs] 
2014-07-16T14:54:35.890+0000: 3086.077: [GC [PSYoungGen: 189412K->1068K(185920K)] 640402K->452138K(872896K), 0.0079040 secs] [Times: user=0.05 sys=0.00, real=0.01 secs] 
2014-07-16T14:54:36.718+0000: 3086.905: [GC [PSYoungGen: 185900K->992K(222848K)] 636970K->452134K(909824K), 0.0109510 secs] [Times: user=0.07 sys=0.00, real=0.02 secs] 
2014-07-16T14:54:37.467+0000: 3087.654: [GC [PSYoungGen: 222786K->780K(217536K)] 673928K->451970K(904512K), 0.0053100 secs] [Times: user=0.03 sys=0.00, real=0.01 secs] 
2014-07-16T14:54:38.293+0000: 3088.480: [GC [PSYoungGen: 217484K->1150K(261248K)] 668674K->452388K(948224K), 0.0126190 secs] [Times: user=0.08 sys=0.00, real=0.01 secs] 
2014-07-16T14:54:39.247+0000: 3089.434: [GC [PSYoungGen: 261224K->826K(297472K)] 712462K->452152K(984448K), 0.0091270 secs] [Times: user=0.04 sys=0.00, real=0.01 secs] 
2014-07-16T14:54:40.384+0000: 3090.571: [GC [PSYoungGen: 296631K->726K(288704K)] 747957K->452100K(975680K), 0.0079670 secs] [Times: user=0.05 sys=0.00, real=0.01 secs] 
2014-07-16T14:54:41.436+0000: 3091.623: [GC [PSYoungGen: 288662K->944K(281344K)] 740036K->452414K(968320K), 0.0098990 secs] [Times: user=0.06 sys=0.00, real=0.01 secs] 
2014-07-16T14:54:42.521+0000: 3092.709: [GC [PSYoungGen: 281314K->744K(273856K)] 732784K->452270K(960832K), 0.0122080 secs] [Times: user=0.08 sys=0.00, real=0.01 secs] 
2014-07-16T14:54:43.558+0000: 3093.745: [GC [PSYoungGen: 273832K->890K(267008K)] 725358K->452472K(953984K), 0.0111090 secs] [Times: user=0.06 sys=0.00, real=0.02 secs] 
2014-07-16T14:54:44.528+0000: 3094.716: [GC [PSYoungGen: 266966K->1034K(260480K)] 718548K->452672K(947456K), 0.0042530 secs] [Times: user=0.02 sys=0.00, real=0.01 secs] 
2014-07-16T14:54:45.499+0000: 3095.686: [GC [PSYoungGen: 260426K->754K(253696K)] 712064K->452472K(940672K), 0.0079960 secs] [Times: user=0.05 sys=0.00, real=0.00 secs] 
2014-07-16T14:54:46.415+0000: 3096.602: [GC [PSYoungGen: 253613K->1148K(247872K)] 705331K->453230K(934848K), 0.0104810 secs] [Times: user=0.06 sys=0.00, real=0.01 secs] 
2014-07-16T14:54:47.346+0000: 3097.533: [GC [PSYoungGen: 247868K->1008K(241728K)] 699950K->453138K(928704K), 0.0086110 secs] [Times: user=0.05 sys=0.00, real=0.01 secs] 
2014-07-16T14:54:48.228+0000: 3098.415: [GC [PSYoungGen: 241712K->662K(235648K)] 693842K->452872K(922624K), 0.0089720 secs] [Times: user=0.06 sys=0.00, real=0.01 secs] 
2014-07-16T14:54:49.087+0000: 3099.274: [GC [PSYoungGen: 235556K->950K(230336K)] 687766K->453224K(917312K), 0.0069080 secs] [Times: user=0.03 sys=0.00, real=0.01 secs] 
2014-07-16T14:54:49.934+0000: 3100.121: [GC [PSYoungGen: 230291K->866K(224896K)] 682565K->453196K(911872K), 0.0050280 secs] [Times: user=0.03 sys=0.00, real=0.00 secs] 
2014-07-16T14:54:50.772+0000: 3100.959: [GC [PSYoungGen: 224866K->1126K(219968K)] 677196K->453528K(906944K), 0.0120270 secs] [Times: user=0.08 sys=0.00, real=0.01 secs] 
2014-07-16T14:54:51.585+0000: 3101.772: [GC [PSYoungGen: 219869K->944K(214784K)] 672271K->453466K(901760K), 0.0072530 secs] [Times: user=0.04 sys=0.00, real=0.01 secs] 
2014-07-16T14:54:52.386+0000: 3102.573: [GC [PSYoungGen: 214768K->694K(209728K)] 667290K->453280K(896704K), 0.0095350 secs] [Times: user=0.06 sys=0.01, real=0.01 secs] 
2014-07-16T14:54:53.149+0000: 3103.336: [GC [PSYoungGen: 209715K->690K(251584K)] 662302K->453448K(938560K), 0.0107250 secs] [Times: user=0.06 sys=0.00, real=0.01 secs] 
2014-07-16T14:54:54.076+0000: 3104.263: [GC [PSYoungGen: 251570K->562K(301632K)] 704328K->453360K(988608K), 0.0131440 secs] [Times: user=0.07 sys=0.00, real=0.01 secs] 
2014-07-16T14:54:55.190+0000: 3105.377: [GC [PSYoungGen: 301618K->880K(303808K)] 754416K->453726K(990784K), 0.0124430 secs] [Times: user=0.07 sys=0.01, real=0.01 secs] 
2014-07-16T14:54:56.294+0000: 3106.481: [GC [PSYoungGen: 303194K->580K(303744K)] 756040K->453490K(990720K), 0.0089640 secs] [Times: user=0.06 sys=0.00, real=0.01 secs] 
2014-07-16T14:54:57.446+0000: 3107.633: [GC [PSYoungGen: 302916K->954K(295168K)] 755826K->453976K(982144K), 0.0061940 secs] [Times: user=0.04 sys=0.00, real=0.01 secs] 
2014-07-16T14:54:58.563+0000: 3108.750: [GC [PSYoungGen: 295155K->998K(287424K)] 748177K->454068K(974400K), 0.0040430 secs] [Times: user=0.02 sys=0.00, real=0.00 secs] 
2014-07-16T14:54:59.617+0000: 3109.804: [GC [PSYoungGen: 287382K->512K(279424K)] 740452K->453622K(966400K), 0.0042660 secs] [Times: user=0.01 sys=0.00, real=0.01 secs] 
2014-07-16T14:55:00.641+0000: 3110.828: [GC [PSYoungGen: 279424K->712K(272448K)] 732534K->453894K(959424K), 0.0076310 secs] [Times: user=0.04 sys=0.00, real=0.01 secs] 
2014-07-16T14:55:01.659+0000: 3111.846: [GC [PSYoungGen: 272370K->1392K(266176K)] 725552K->454662K(953152K), 0.0067650 secs] [Times: user=0.04 sys=0.01, real=0.01 secs] 
2014-07-16T14:55:02.637+0000: 3112.824: [GC [PSYoungGen: 266115K->1208K(259328K)] 719385K->454550K(946304K), 0.0083190 secs] [Times: user=0.05 sys=0.00, real=0.01 secs] 
2014-07-16T14:55:03.611+0000: 3113.798: [GC [PSYoungGen: 259320K->612K(252352K)] 712662K->454320K(939328K), 0.0088210 secs] [Times: user=0.04 sys=0.00, real=0.01 secs] 
2014-07-16T14:55:04.581+0000: 3114.768: [GC [PSYoungGen: 252322K->926K(246464K)] 706030K->454682K(933440K), 0.0137750 secs] [Times: user=0.08 sys=0.00, real=0.02 secs] 
2014-07-16T14:55:05.475+0000: 3115.662: [GC [PSYoungGen: 246430K->994K(240576K)] 700186K->454896K(927552K), 0.0070710 secs] [Times: user=0.05 sys=0.00, real=0.01 secs] 
2014-07-16T14:55:06.375+0000: 3116.562: [GC [PSYoungGen: 240533K->926K(234752K)] 694435K->454876K(921728K), 0.0116980 secs] [Times: user=0.07 sys=0.00, real=0.01 secs] 
2014-07-16T14:55:07.269+0000: 3117.456: [GC [PSYoungGen: 234718K->848K(229184K)] 688668K->454854K(916160K), 0.0049570 secs] [Times: user=0.02 sys=0.00, real=0.01 secs] 
2014-07-16T14:55:08.091+0000: 3118.278: [GC [PSYoungGen: 229136K->858K(223872K)] 683142K->454936K(910848K), 0.0043540 secs] [Times: user=0.02 sys=0.00, real=0.01 secs] 
2014-07-16T14:55:08.909+0000: 3119.096: [GC [PSYoungGen: 223834K->716K(218624K)] 677912K->454842K(905600K), 0.0041830 secs] [Times: user=0.02 sys=0.00, real=0.01 secs] 
2014-07-16T14:55:09.712+0000: 3119.899: [GC [PSYoungGen: 218572K->882K(213824K)] 672698K->455064K(900800K), 0.0075640 secs] [Times: user=0.05 sys=0.00, real=0.01 secs] 
2014-07-16T14:55:10.503+0000: 3120.690: [GC [PSYoungGen: 213793K->758K(208896K)] 667975K->455028K(895872K), 0.0071860 secs] [Times: user=0.04 sys=0.00, real=0.01 secs] 
2014-07-16T14:55:11.267+0000: 3121.454: [GC [PSYoungGen: 208880K->1148K(204672K)] 663151K->455490K(891648K), 0.0038360 secs] [Times: user=0.02 sys=0.00, real=0.00 secs] 
2014-07-16T14:55:12.019+0000: 3122.206: [GC [PSYoungGen: 204636K->676K(199744K)] 658978K->455114K(886720K), 0.0055470 secs] [Times: user=0.02 sys=0.00, real=0.01 secs] 
2014-07-16T14:55:12.797+0000: 3122.984: [GC [PSYoungGen: 199716K->1104K(195904K)] 654154K->455664K(882880K), 0.0107280 secs] [Times: user=0.07 sys=0.00, real=0.01 secs] 
2014-07-16T14:55:13.499+0000: 3123.686: [GC [PSYoungGen: 195856K->768K(191360K)] 650416K->455524K(878336K), 0.0066400 secs] [Times: user=0.05 sys=0.00, real=0.01 secs] 
2014-07-16T14:55:14.216+0000: 3124.403: [GC [PSYoungGen: 191360K->958K(187520K)] 646116K->455802K(874496K), 0.0092750 secs] [Times: user=0.06 sys=0.00, real=0.01 secs] 
2014-07-16T14:55:14.958+0000: 3125.145: [GC [PSYoungGen: 187518K->1018K(183680K)] 642362K->456074K(870656K), 0.0070840 secs] [Times: user=0.04 sys=0.00, real=0.01 secs] 
2014-07-16T14:55:15.609+0000: 3125.796: [GC [PSYoungGen: 183674K->812K(179712K)] 638730K->455940K(866688K), 0.0058270 secs] [Times: user=0.04 sys=0.00, real=0.01 secs] 
2014-07-16T14:55:16.267+0000: 3126.454: [GC [PSYoungGen: 179666K->948K(176192K)] 634794K->456156K(863168K), 0.0033480 secs] [Times: user=0.02 sys=0.00, real=0.00 secs] 
2014-07-16T14:55:16.896+0000: 3127.083: [GC [PSYoungGen: 176180K->998K(211328K)] 631388K->456254K(898304K), 0.0139890 secs] [Times: user=0.08 sys=0.01, real=0.01 secs] 
2014-07-16T14:55:17.710+0000: 3127.897: [GC [PSYoungGen: 211302K->730K(206400K)] 666558K->456066K(893376K), 0.0039860 secs] [Times: user=0.03 sys=0.00, real=0.00 secs] 
2014-07-16T14:55:18.472+0000: 3128.659: [GC [PSYoungGen: 206291K->908K(202048K)] 661628K->456332K(889024K), 0.0067730 secs] [Times: user=0.04 sys=0.00, real=0.01 secs] 
2014-07-16T14:55:19.211+0000: 3129.399: [GC [PSYoungGen: 201996K->780K(242176K)] 657420K->456276K(929152K), 0.0172490 secs] [Times: user=0.12 sys=0.00, real=0.02 secs] 
2014-07-16T14:55:20.098+0000: 3130.286: [GC [PSYoungGen: 242118K->794K(290496K)] 697615K->456378K(977472K), 0.0075820 secs] [Times: user=0.04 sys=0.00, real=0.01 secs] 
2014-07-16T14:55:21.173+0000: 3131.361: [GC [PSYoungGen: 290458K->930K(283008K)] 746042K->456694K(969984K), 0.0040760 secs] [Times: user=0.02 sys=0.00, real=0.01 secs] 
2014-07-16T14:55:22.289+0000: 3132.476: [GC [PSYoungGen: 282978K->818K(275520K)] 738742K->456638K(962496K), 0.0048170 secs] [Times: user=0.03 sys=0.00, real=0.00 secs] 
2014-07-16T14:55:23.238+0000: 3133.425: [GC [PSYoungGen: 275506K->930K(268608K)] 731326K->456814K(955584K), 0.0073580 secs] [Times: user=0.05 sys=0.01, real=0.01 secs] 
2014-07-16T14:55:24.253+0000: 3134.440: [GC [PSYoungGen: 268541K->1250K(262144K)] 724425K->457280K(949120K), 0.0082360 secs] [Times: user=0.06 sys=0.00, real=0.01 secs] 
2014-07-16T14:55:25.219+0000: 3135.406: [GC [PSYoungGen: 262104K->384K(254720K)] 718135K->456826K(941696K), 0.0094240 secs] [Times: user=0.06 sys=0.01, real=0.01 secs] 
2014-07-16T14:55:26.278+0000: 3136.465: [GC [PSYoungGen: 254720K->978K(249088K)] 711162K->457500K(936064K), 0.0076120 secs] [Times: user=0.06 sys=0.00, real=0.01 secs] 
2014-07-16T14:55:27.178+0000: 3137.365: [GC [PSYoungGen: 249042K->794K(242816K)] 705564K->457422K(929792K), 0.0054690 secs] [Times: user=0.03 sys=0.00, real=0.00 secs] 
2014-07-16T14:55:28.121+0000: 3138.308: [GC [PSYoungGen: 242778K->698K(236864K)] 699406K->457374K(923840K), 0.0151990 secs] [Times: user=0.10 sys=0.00, real=0.02 secs] 
2014-07-16T14:55:29.006+0000: 3139.193: [GC [PSYoungGen: 236847K->734K(231296K)] 693523K->457482K(918272K), 0.0074390 secs] [Times: user=0.04 sys=0.00, real=0.00 secs] 
2014-07-16T14:55:29.839+0000: 3140.027: [GC [PSYoungGen: 231250K->1194K(226304K)] 687998K->458030K(913280K), 0.0062890 secs] [Times: user=0.04 sys=0.01, real=0.00 secs] 
2014-07-16T14:55:30.648+0000: 3140.835: [GC [PSYoungGen: 226282K->484K(220416K)] 683118K->457360K(907392K), 0.0054940 secs] [Times: user=0.02 sys=0.01, real=0.00 secs] 
2014-07-16T14:55:31.447+0000: 3141.635: [GC [PSYoungGen: 220383K->502K(215360K)] 677259K->457402K(902336K), 0.0063820 secs] [Times: user=0.02 sys=0.00, real=0.00 secs] 
2014-07-16T14:55:32.365+0000: 3142.552: [GC [PSYoungGen: 215350K->1164K(211200K)] 672250K->458120K(898176K), 0.0057240 secs] [Times: user=0.03 sys=0.00, real=0.01 secs] 
2014-07-16T14:55:33.154+0000: 3143.341: [GC [PSYoungGen: 211148K->640K(205952K)] 668104K->457684K(892928K), 0.0040400 secs] [Times: user=0.02 sys=0.00, real=0.01 secs] 
2014-07-16T14:55:33.898+0000: 3144.085: [GC [PSYoungGen: 205904K->1030K(201856K)] 662948K->458162K(888832K), 0.0091650 secs] [Times: user=0.06 sys=0.00, real=0.01 secs] 
2014-07-16T14:55:34.634+0000: 3144.821: [GC [PSYoungGen: 201777K->480K(196928K)] 658909K->457700K(883904K), 0.0097510 secs] [Times: user=0.06 sys=0.00, real=0.01 secs] 
2014-07-16T14:55:35.368+0000: 3145.555: [GC [PSYoungGen: 196896K->608K(192832K)] 654116K->457900K(879808K), 0.0039820 secs] [Times: user=0.03 sys=0.00, real=0.00 secs] 
2014-07-16T14:55:36.094+0000: 3146.281: [GC [PSYoungGen: 192800K->512K(231168K)] 650092K->457860K(918144K), 0.0127050 secs] [Times: user=0.07 sys=0.00, real=0.01 secs] 
2014-07-16T14:55:37.029+0000: 3147.216: [GC [PSYoungGen: 231168K->1028K(226304K)] 688516K->458480K(913280K), 0.0076620 secs] [Times: user=0.06 sys=0.00, real=0.00 secs] 
2014-07-16T14:55:37.864+0000: 3148.051: [GC [PSYoungGen: 226244K->804K(220800K)] 683696K->458336K(907776K), 0.0040500 secs] [Times: user=0.02 sys=0.00, real=0.01 secs] 
2014-07-16T14:55:38.673+0000: 3148.861: [GC [PSYoungGen: 220769K->534K(264576K)] 678301K->458114K(951552K), 0.0121050 secs] [Times: user=0.07 sys=0.00, real=0.01 secs] 
2014-07-16T14:55:39.639+0000: 3149.827: [GC [PSYoungGen: 264534K->1176K(318016K)] 722114K->458852K(1004992K), 0.0120190 secs] [Times: user=0.08 sys=0.00, real=0.01 secs] 
2014-07-16T14:55:40.797+0000: 3150.984: [GC [PSYoungGen: 317976K->466K(308608K)] 775652K->458206K(995584K), 0.0072380 secs] [Times: user=0.04 sys=0.00, real=0.01 secs] 
2014-07-16T14:55:41.931+0000: 3152.118: [GC [PSYoungGen: 308562K->1214K(300928K)] 766302K->459066K(987904K), 0.0085520 secs] [Times: user=0.05 sys=0.00, real=0.01 secs] 
2014-07-16T14:55:43.188+0000: 3153.376: [GC [PSYoungGen: 300893K->708K(292480K)] 758746K->458592K(979456K), 0.0051100 secs] [Times: user=0.02 sys=0.00, real=0.00 secs] 
2014-07-16T14:55:44.228+0000: 3154.416: [GC [PSYoungGen: 292415K->1348K(285440K)] 750299K->459288K(972416K), 0.0070390 secs] [Times: user=0.05 sys=0.00, real=0.00 secs] 
2014-07-16T14:55:45.288+0000: 3155.475: [GC [PSYoungGen: 285380K->930K(277568K)] 743320K->458934K(964544K), 0.0120000 secs] [Times: user=0.07 sys=0.00, real=0.01 secs] 
2014-07-16T14:55:46.322+0000: 3156.509: [GC [PSYoungGen: 277538K->1040K(270592K)] 735542K->459100K(957568K), 0.0103020 secs] [Times: user=0.07 sys=0.00, real=0.01 secs] 
2014-07-16T14:55:47.322+0000: 3157.509: [GC [PSYoungGen: 270544K->854K(263552K)] 728604K->458978K(950528K), 0.0081300 secs] [Times: user=0.05 sys=0.00, real=0.01 secs] 
2014-07-16T14:55:48.353+0000: 3158.540: [GC [PSYoungGen: 263510K->580K(256704K)] 721634K->458752K(943680K), 0.0105290 secs] [Times: user=0.06 sys=0.00, real=0.01 secs] 
2014-07-16T14:55:49.271+0000: 3159.458: [GC [PSYoungGen: 256644K->1144K(250880K)] 714816K->459372K(937856K), 0.0063530 secs] [Times: user=0.03 sys=0.00, real=0.00 secs] 
2014-07-16T14:55:50.201+0000: 3160.388: [GC [PSYoungGen: 250872K->676K(244288K)] 709100K->458984K(931264K), 0.0066860 secs] [Times: user=0.04 sys=0.01, real=0.00 secs] 
2014-07-16T14:55:51.099+0000: 3161.286: [GC [PSYoungGen: 244226K->898K(238656K)] 702535K->459262K(925632K), 0.0078650 secs] [Times: user=0.05 sys=0.00, real=0.01 secs] 
2014-07-16T14:55:51.969+0000: 3162.156: [GC [PSYoungGen: 238545K->844K(232896K)] 696909K->459264K(919872K), 0.0046290 secs] [Times: user=0.03 sys=0.00, real=0.01 secs] 
2014-07-16T14:55:52.863+0000: 3163.050: [GC [PSYoungGen: 232844K->762K(227328K)] 691264K->459254K(914304K), 0.0085490 secs] [Times: user=0.03 sys=0.00, real=0.01 secs] 
2014-07-16T14:55:53.692+0000: 3163.879: [GC [PSYoungGen: 227278K->1198K(222528K)] 685770K->459738K(909504K), 0.0118320 secs] [Times: user=0.08 sys=0.00, real=0.01 secs] 
2014-07-16T14:55:54.506+0000: 3164.694: [GC [PSYoungGen: 222510K->884K(217152K)] 681050K->459552K(904128K), 0.0061300 secs] [Times: user=0.04 sys=0.00, real=0.01 secs] 
2014-07-16T14:55:55.291+0000: 3165.478: [GC [PSYoungGen: 217140K->672K(212032K)] 675808K->459444K(899008K), 0.0094210 secs] [Times: user=0.06 sys=0.00, real=0.01 secs] 
2014-07-16T14:55:56.085+0000: 3166.272: [GC [PSYoungGen: 212000K->1380K(208000K)] 670772K->460448K(894976K), 0.0046630 secs] [Times: user=0.02 sys=0.00, real=0.01 secs] 
2014-07-16T14:55:56.855+0000: 3167.042: [GC [PSYoungGen: 207972K->512K(202560K)] 667040K->459668K(889536K), 0.0062810 secs] [Times: user=0.04 sys=0.00, real=0.01 secs] 
2014-07-16T14:55:57.641+0000: 3167.828: [GC [PSYoungGen: 202560K->1582K(199232K)] 661716K->460786K(886208K), 0.0052020 secs] [Times: user=0.03 sys=0.00, real=0.00 secs] 
2014-07-16T14:55:58.417+0000: 3168.604: [GC [PSYoungGen: 199192K->1190K(194560K)] 658396K->460442K(881536K), 0.0049530 secs] [Times: user=0.03 sys=0.00, real=0.01 secs] 
2014-07-16T14:55:59.169+0000: 3169.356: [GC [PSYoungGen: 194525K->722K(190016K)] 653778K->460054K(876992K), 0.0056140 secs] [Times: user=0.04 sys=0.00, real=0.01 secs] 
2014-07-16T14:55:59.877+0000: 3170.064: [GC [PSYoungGen: 189926K->894K(186176K)] 649259K->460306K(873152K), 0.0059240 secs] [Times: user=0.02 sys=0.00, real=0.01 secs] 
2014-07-16T14:56:00.590+0000: 3170.777: [GC [PSYoungGen: 186085K->1094K(182592K)] 645498K->460594K(869568K), 0.0044940 secs] [Times: user=0.02 sys=0.00, real=0.00 secs] 
2014-07-16T14:56:01.300+0000: 3171.488: [GC [PSYoungGen: 182534K->1472K(179264K)] 642034K->461036K(866240K), 0.0043600 secs] [Times: user=0.03 sys=0.00, real=0.00 secs] 
2014-07-16T14:56:01.915+0000: 3172.102: [GC [PSYoungGen: 179200K->806K(174976K)] 638764K->460632K(861952K), 0.0055770 secs] [Times: user=0.02 sys=0.00, real=0.01 secs] 
2014-07-16T14:56:02.578+0000: 3172.766: [GC [PSYoungGen: 174950K->864K(171584K)] 634776K->460762K(858560K), 0.0087990 secs] [Times: user=0.06 sys=0.00, real=0.01 secs] 
2014-07-16T14:56:03.215+0000: 3173.402: [GC [PSYoungGen: 171552K->986K(168320K)] 631450K->460956K(855296K), 0.0071720 secs] [Times: user=0.05 sys=0.00, real=0.01 secs] 
2014-07-16T14:56:03.816+0000: 3174.003: [GC [PSYoungGen: 168282K->608K(164672K)] 628252K->460682K(851648K), 0.0069900 secs] [Times: user=0.04 sys=0.00, real=0.01 secs] 
2014-07-16T14:56:04.432+0000: 3174.619: [GC [PSYoungGen: 164640K->640K(197504K)] 624714K->460794K(884480K), 0.0078080 secs] [Times: user=0.05 sys=0.00, real=0.00 secs] 
2014-07-16T14:56:05.163+0000: 3175.350: [GC [PSYoungGen: 197503K->1272K(237568K)] 657657K->461522K(924544K), 0.0142380 secs] [Times: user=0.09 sys=0.00, real=0.01 secs] 
2014-07-16T14:56:06.070+0000: 3176.257: [GC [PSYoungGen: 237560K->1150K(284736K)] 697810K->461496K(971712K), 0.0042870 secs] [Times: user=0.02 sys=0.00, real=0.01 secs] 
2014-07-16T14:56:07.121+0000: 3177.308: [GC [PSYoungGen: 284734K->1162K(277376K)] 745080K->461588K(964352K), 0.0041510 secs] [Times: user=0.03 sys=0.00, real=0.00 secs] 
2014-07-16T14:56:08.161+0000: 3178.348: [GC [PSYoungGen: 277322K->882K(269952K)] 737748K->461396K(956928K), 0.0067270 secs] [Times: user=0.04 sys=0.00, real=0.00 secs] 
2014-07-16T14:56:09.155+0000: 3179.343: [GC [PSYoungGen: 269931K->608K(262848K)] 730446K->461178K(949824K), 0.0122280 secs] [Times: user=0.07 sys=0.00, real=0.01 secs] 
2014-07-16T14:56:10.087+0000: 3180.274: [GC [PSYoungGen: 262816K->594K(256256K)] 723386K->461220K(943232K), 0.0060340 secs] [Times: user=0.02 sys=0.00, real=0.01 secs] 
2014-07-16T14:56:11.055+0000: 3181.242: [GC [PSYoungGen: 256210K->758K(250048K)] 716836K->461448K(937024K), 0.0090180 secs] [Times: user=0.04 sys=0.00, real=0.01 secs] 
2014-07-16T14:56:11.971+0000: 3182.158: [GC [PSYoungGen: 250019K->1530K(244736K)] 710709K->462300K(931712K), 0.0131390 secs] [Times: user=0.08 sys=0.00, real=0.02 secs] 
2014-07-16T14:56:12.933+0000: 3183.121: [GC [PSYoungGen: 244730K->758K(292608K)] 705500K->461576K(979584K), 0.0112600 secs] [Times: user=0.06 sys=0.00, real=0.01 secs] 
2014-07-16T14:56:13.942+0000: 3184.129: [GC [PSYoungGen: 292598K->498K(313728K)] 753416K->461364K(1000704K), 0.0100090 secs] [Times: user=0.06 sys=0.00, real=0.01 secs] 
2014-07-16T14:56:15.109+0000: 3185.296: [GC [PSYoungGen: 312820K->890K(314112K)] 773686K->461820K(1001088K), 0.0130110 secs] [Times: user=0.09 sys=0.00, real=0.01 secs] 
2014-07-16T14:56:16.258+0000: 3186.445: [GC [PSYoungGen: 313274K->480K(304384K)] 774204K->461482K(991360K), 0.0077140 secs] [Times: user=0.05 sys=0.00, real=0.01 secs] 
2014-07-16T14:56:17.394+0000: 3187.581: [GC [PSYoungGen: 304352K->912K(296640K)] 765354K->461970K(983616K), 0.0086110 secs] [Times: user=0.05 sys=0.00, real=0.01 secs] 
2014-07-16T14:56:18.556+0000: 3188.744: [GC [PSYoungGen: 296592K->648K(288512K)] 757650K->461762K(975488K), 0.0041300 secs] [Times: user=0.02 sys=0.00, real=0.00 secs] 
2014-07-16T14:56:19.605+0000: 3189.792: [GC [PSYoungGen: 288455K->1182K(281472K)] 749570K->462392K(968448K), 0.0159240 secs] [Times: user=0.10 sys=0.00, real=0.01 secs] 
2014-07-16T14:56:20.655+0000: 3190.842: [GC [PSYoungGen: 281366K->980K(273984K)] 742577K->462270K(960960K), 0.0097370 secs] [Times: user=0.06 sys=0.00, real=0.01 secs] 
2014-07-16T14:56:21.658+0000: 3191.845: [GC [PSYoungGen: 273940K->948K(266944K)] 735230K->462294K(953920K), 0.0047260 secs] [Times: user=0.03 sys=0.00, real=0.00 secs] 
2014-07-16T14:56:22.644+0000: 3192.831: [GC [PSYoungGen: 266932K->676K(259968K)] 728278K->462118K(946944K), 0.0071070 secs] [Times: user=0.05 sys=0.00, real=0.01 secs] 
2014-07-16T14:56:23.620+0000: 3193.807: [GC [PSYoungGen: 259940K->1312K(254144K)] 721382K->462818K(941120K), 0.0067070 secs] [Times: user=0.05 sys=0.00, real=0.01 secs] 
2014-07-16T14:56:24.552+0000: 3194.739: [GC [PSYoungGen: 254112K->676K(247296K)] 715618K->462230K(934272K), 0.0052210 secs] [Times: user=0.02 sys=0.00, real=0.01 secs] 
2014-07-16T14:56:25.459+0000: 3195.646: [GC [PSYoungGen: 247268K->480K(241088K)] 708822K->462074K(928064K), 0.0055870 secs] [Times: user=0.02 sys=0.00, real=0.01 secs] 
2014-07-16T14:56:26.333+0000: 3196.520: [GC [PSYoungGen: 241056K->1068K(235904K)] 702650K->462734K(922880K), 0.0042470 secs] [Times: user=0.03 sys=0.00, real=0.01 secs] 
2014-07-16T14:56:27.192+0000: 3197.379: [GC [PSYoungGen: 235868K->734K(230016K)] 697535K->462448K(916992K), 0.0077870 secs] [Times: user=0.05 sys=0.00, real=0.01 secs] 
2014-07-16T14:56:28.138+0000: 3198.326: [GC [PSYoungGen: 229982K->1056K(224960K)] 691696K->462874K(911936K), 0.0082820 secs] [Times: user=0.05 sys=0.00, real=0.01 secs] 
2014-07-16T14:56:28.931+0000: 3199.118: [GC [PSYoungGen: 224928K->950K(219648K)] 686746K->462848K(906624K), 0.0039570 secs] [Times: user=0.02 sys=0.00, real=0.01 secs] 
2014-07-16T14:56:29.719+0000: 3199.906: [GC [PSYoungGen: 219595K->1084K(214784K)] 681493K->463192K(901760K), 0.0054020 secs] [Times: user=0.02 sys=0.00, real=0.00 secs] 
2014-07-16T14:56:30.528+0000: 3200.716: [GC [PSYoungGen: 214692K->1294K(210240K)] 676801K->463434K(897216K), 0.0067260 secs] [Times: user=0.02 sys=0.00, real=0.01 secs] 
2014-07-16T14:56:31.321+0000: 3201.509: [GC [PSYoungGen: 210190K->830K(205056K)] 672330K->463076K(892032K), 0.0045340 secs] [Times: user=0.02 sys=0.00, real=0.01 secs] 
2014-07-16T14:56:32.066+0000: 3202.253: [GC [PSYoungGen: 205054K->580K(200384K)] 667300K->462874K(887360K), 0.0103030 secs] [Times: user=0.06 sys=0.00, real=0.01 secs] 
2014-07-16T14:56:32.826+0000: 3203.013: [GC [PSYoungGen: 200299K->1104K(196544K)] 662594K->463470K(883520K), 0.0076840 secs] [Times: user=0.04 sys=0.00, real=0.00 secs] 
2014-07-16T14:56:33.562+0000: 3203.749: [GC [PSYoungGen: 196490K->776K(192064K)] 658856K->463230K(879040K), 0.0071770 secs] [Times: user=0.05 sys=0.00, real=0.01 secs] 
2014-07-16T14:56:34.258+0000: 3204.445: [GC [PSYoungGen: 192008K->676K(187904K)] 654462K->463194K(874880K), 0.0046260 secs] [Times: user=0.03 sys=0.00, real=0.00 secs] 
2014-07-16T14:56:34.939+0000: 3205.126: [GC [PSYoungGen: 187875K->894K(184192K)] 650393K->463460K(871168K), 0.0042330 secs] [Times: user=0.02 sys=0.00, real=0.00 secs] 
2014-07-16T14:56:35.631+0000: 3205.818: [GC [PSYoungGen: 184190K->626K(180160K)] 646756K->463248K(867136K), 0.0050850 secs] [Times: user=0.03 sys=0.00, real=0.01 secs] 
2014-07-16T14:56:36.299+0000: 3206.486: [GC [PSYoungGen: 180146K->762K(176640K)] 642768K->463448K(863616K), 0.0036840 secs] [Times: user=0.02 sys=0.00, real=0.00 secs] 
2014-07-16T14:56:36.998+0000: 3207.185: [GC [PSYoungGen: 176634K->512K(172864K)] 639320K->463262K(859840K), 0.0049900 secs] [Times: user=0.02 sys=0.00, real=0.00 secs] 
2014-07-16T14:56:37.625+0000: 3207.812: [GC [PSYoungGen: 172864K->648K(169664K)] 635614K->463446K(856640K), 0.0077500 secs] [Times: user=0.05 sys=0.00, real=0.01 secs] 
2014-07-16T14:56:38.304+0000: 3208.491: [GC [PSYoungGen: 169608K->850K(166528K)] 632406K->463712K(853504K), 0.0091960 secs] [Times: user=0.06 sys=0.00, real=0.01 secs] 
2014-07-16T14:56:38.867+0000: 3209.054: [GC [PSYoungGen: 166482K->530K(163008K)] 629344K->463440K(849984K), 0.0042500 secs] [Times: user=0.02 sys=0.00, real=0.00 secs] 
2014-07-16T14:56:39.494+0000: 3209.681: [GC [PSYoungGen: 162962K->672K(160000K)] 625872K->463662K(846976K), 0.0041380 secs] [Times: user=0.02 sys=0.00, real=0.01 secs] 
2014-07-16T14:56:40.102+0000: 3210.289: [GC [PSYoungGen: 159930K->1208K(157504K)] 622920K->464270K(844480K), 0.0080090 secs] [Times: user=0.05 sys=0.00, real=0.01 secs] 
2014-07-16T14:56:40.636+0000: 3210.824: [GC [PSYoungGen: 157463K->830K(188416K)] 620525K->464053K(875392K), 0.0076870 secs] [Times: user=0.05 sys=0.00, real=0.00 secs] 
2014-07-16T14:56:41.341+0000: 3211.528: [GC [PSYoungGen: 188369K->1008K(184704K)] 651593K->464287K(871680K), 0.0044180 secs] [Times: user=0.02 sys=0.00, real=0.00 secs] 
2014-07-16T14:56:42.068+0000: 3212.255: [GC [PSYoungGen: 184688K->1150K(221568K)] 647967K->464525K(908544K), 0.0098880 secs] [Times: user=0.06 sys=0.00, real=0.01 secs] 
2014-07-16T14:56:42.900+0000: 3213.087: [GC [PSYoungGen: 221566K->1040K(216448K)] 684941K->464519K(903424K), 0.0058260 secs] [Times: user=0.03 sys=0.00, real=0.00 secs] 
2014-07-16T14:56:43.813+0000: 3214.000: [GC [PSYoungGen: 216400K->672K(211200K)] 679879K->464255K(898176K), 0.0036790 secs] [Times: user=0.02 sys=0.00, real=0.00 secs] 
2014-07-16T14:56:44.589+0000: 3214.776: [GC [PSYoungGen: 211142K->1240K(207104K)] 674726K->464887K(894080K), 0.0043110 secs] [Times: user=0.03 sys=0.00, real=0.00 secs] 
2014-07-16T14:56:45.340+0000: 3215.527: [GC [PSYoungGen: 207064K->1126K(202432K)] 670711K->464885K(889408K), 0.0071920 secs] [Times: user=0.05 sys=0.00, real=0.01 secs] 
2014-07-16T14:56:46.078+0000: 3216.265: [GC [PSYoungGen: 202406K->466K(197440K)] 666165K->464281K(884416K), 0.0115150 secs] [Times: user=0.08 sys=0.00, real=0.01 secs] 
2014-07-16T14:56:46.800+0000: 3216.987: [GC [PSYoungGen: 197394K->576K(236928K)] 661209K->464463K(923904K), 0.0095180 secs] [Times: user=0.06 sys=0.00, real=0.01 secs] 
2014-07-16T14:56:47.675+0000: 3217.862: [GC [PSYoungGen: 236915K->1326K(284992K)] 700802K->465285K(971968K), 0.0130790 secs] [Times: user=0.10 sys=0.00, real=0.02 secs] 
2014-07-16T14:56:48.761+0000: 3218.948: [GC [PSYoungGen: 284974K->498K(340928K)] 748933K->464529K(1027904K), 0.0060390 secs] [Times: user=0.03 sys=0.00, real=0.00 secs] 
2014-07-16T14:56:50.064+0000: 3220.251: [GC [PSYoungGen: 340853K->1596K(332352K)] 804885K->465715K(1019328K), 0.0082340 secs] [Times: user=0.06 sys=0.00, real=0.01 secs] 
2014-07-16T14:56:51.310+0000: 3221.497: [GC [PSYoungGen: 332348K->1104K(322624K)] 796467K->465287K(1009600K), 0.0128220 secs] [Times: user=0.08 sys=0.01, real=0.01 secs] 
2014-07-16T14:56:52.496+0000: 3222.683: [GC [PSYoungGen: 322543K->1144K(313728K)] 786726K->465383K(1000704K), 0.0071910 secs] [Times: user=0.05 sys=0.00, real=0.01 secs] 
2014-07-16T14:56:53.690+0000: 3223.877: [GC [PSYoungGen: 313720K->726K(304832K)] 777959K->465053K(991808K), 0.0061130 secs] [Times: user=0.04 sys=0.00, real=0.00 secs] 
2014-07-16T14:56:54.812+0000: 3224.999: [GC [PSYoungGen: 304775K->1036K(296960K)] 769103K->465451K(983936K), 0.0093790 secs] [Times: user=0.07 sys=0.01, real=0.01 secs] 
2014-07-16T14:56:55.901+0000: 3226.088: [GC [PSYoungGen: 296908K->694K(288704K)] 761323K->465197K(975680K), 0.0063540 secs] [Times: user=0.04 sys=0.00, real=0.00 secs] 
2014-07-16T14:56:56.974+0000: 3227.161: [GC [PSYoungGen: 288694K->794K(281280K)] 753197K->465361K(968256K), 0.0124260 secs] [Times: user=0.08 sys=0.00, real=0.01 secs] 
2014-07-16T14:56:58.018+0000: 3228.205: [GC [PSYoungGen: 281236K->1210K(274368K)] 745803K->465873K(961344K), 0.0131710 secs] [Times: user=0.09 sys=0.00, real=0.02 secs] 
2014-07-16T14:56:59.037+0000: 3229.224: [GC [PSYoungGen: 274362K->940K(267136K)] 739025K->465691K(954112K), 0.0059040 secs] [Times: user=0.03 sys=0.00, real=0.01 secs] 
2014-07-16T14:57:00.030+0000: 3230.217: [GC [PSYoungGen: 267116K->762K(260224K)] 731867K->465585K(947200K), 0.0087890 secs] [Times: user=0.06 sys=0.00, real=0.00 secs] 
2014-07-16T14:57:00.989+0000: 3231.177: [GC [PSYoungGen: 260218K->1348K(254400K)] 725041K->466235K(941376K), 0.0043560 secs] [Times: user=0.01 sys=0.00, real=0.00 secs] 
2014-07-16T14:57:02.008+0000: 3232.195: [GC [PSYoungGen: 254340K->954K(247744K)] 719227K->465937K(934720K), 0.0080730 secs] [Times: user=0.05 sys=0.00, real=0.01 secs] 
2014-07-16T14:57:02.913+0000: 3233.100: [GC [PSYoungGen: 247738K->808K(241600K)] 712721K->465855K(928576K), 0.0100250 secs] [Times: user=0.05 sys=0.01, real=0.01 secs] 
2014-07-16T14:57:03.803+0000: 3233.990: [GC [PSYoungGen: 241574K->984K(236032K)] 706622K->466079K(923008K), 0.0055200 secs] [Times: user=0.02 sys=0.01, real=0.00 secs] 
2014-07-16T14:57:04.657+0000: 3234.844: [GC [PSYoungGen: 235985K->1034K(230528K)] 701081K->466185K(917504K), 0.0040420 secs] [Times: user=0.02 sys=0.00, real=0.01 secs] 
2014-07-16T14:57:05.521+0000: 3235.708: [GC [PSYoungGen: 230436K->1022K(225088K)] 695588K->466553K(912064K), 0.0047760 secs] [Times: user=0.03 sys=0.00, real=0.00 secs] 
2014-07-16T14:57:06.311+0000: 3236.499: [GC [PSYoungGen: 225086K->640K(219520K)] 690617K->466235K(906496K), 0.0103110 secs] [Times: user=0.06 sys=0.00, real=0.01 secs] 
2014-07-16T14:57:07.109+0000: 3237.296: [GC [PSYoungGen: 219519K->676K(214592K)] 685115K->466375K(901568K), 0.0059070 secs] [Times: user=0.04 sys=0.00, real=0.01 secs] 
2014-07-16T14:57:07.920+0000: 3238.108: [GC [PSYoungGen: 214554K->1582K(210688K)] 680253K->467525K(897664K), 0.0108180 secs] [Times: user=0.07 sys=0.01, real=0.02 secs] 
2014-07-16T14:57:08.712+0000: 3238.899: [GC [PSYoungGen: 210662K->566K(204992K)] 676606K->466589K(891968K), 0.0076310 secs] [Times: user=0.05 sys=0.01, real=0.00 secs] 
2014-07-16T14:57:09.501+0000: 3239.689: [GC [PSYoungGen: 204905K->1126K(201088K)] 670929K->467205K(888064K), 0.0086390 secs] [Times: user=0.06 sys=0.00, real=0.00 secs] 
2014-07-16T14:57:10.233+0000: 3240.420: [GC [PSYoungGen: 201062K->1368K(196992K)] 667141K->467535K(883968K), 0.0052150 secs] [Times: user=0.03 sys=0.00, real=0.00 secs] 
2014-07-16T14:57:10.932+0000: 3241.119: [GC [PSYoungGen: 196905K->1016K(235776K)] 663072K->467231K(922752K), 0.0127840 secs] [Times: user=0.08 sys=0.00, real=0.01 secs] 
2014-07-16T14:57:11.803+0000: 3241.990: [GC [PSYoungGen: 235761K->990K(230208K)] 701977K->467277K(917184K), 0.0034890 secs] [Times: user=0.02 sys=0.00, real=0.00 secs] 
2014-07-16T14:57:12.657+0000: 3242.844: [GC [PSYoungGen: 230138K->1026K(276160K)] 696425K->467401K(963136K), 0.0151140 secs] [Times: user=0.08 sys=0.00, real=0.02 secs] 
2014-07-16T14:57:13.759+0000: 3243.946: [GC [PSYoungGen: 276036K->812K(330944K)] 742411K->467235K(1017920K), 0.0101810 secs] [Times: user=0.05 sys=0.00, real=0.01 secs] 
2014-07-16T14:57:14.963+0000: 3245.151: [GC [PSYoungGen: 330924K->932K(321856K)] 797347K->467435K(1008832K), 0.0077850 secs] [Times: user=0.05 sys=0.00, real=0.00 secs] 
2014-07-16T14:57:16.163+0000: 3246.350: [GC [PSYoungGen: 321791K->1476K(313536K)] 788295K->468043K(1000512K), 0.0045940 secs] [Times: user=0.03 sys=0.00, real=0.00 secs] 
2014-07-16T14:57:17.313+0000: 3247.500: [GC [PSYoungGen: 313476K->562K(304064K)] 780043K->467185K(991040K), 0.0051600 secs] [Times: user=0.02 sys=0.01, real=0.00 secs] 
2014-07-16T14:57:18.452+0000: 3248.639: [GC [PSYoungGen: 304050K->1012K(296320K)] 770673K->467699K(983296K), 0.0037480 secs] [Times: user=0.02 sys=0.00, real=0.00 secs] 
2014-07-16T14:57:19.550+0000: 3249.737: [GC [PSYoungGen: 296308K->1158K(288640K)] 762995K->467917K(975616K), 0.0074060 secs] [Times: user=0.05 sys=0.00, real=0.01 secs] 
2014-07-16T14:57:20.604+0000: 3250.791: [GC [PSYoungGen: 288582K->1136K(281024K)] 755341K->468183K(968000K), 0.0108690 secs] [Times: user=0.07 sys=0.00, real=0.01 secs] 
2014-07-16T14:57:21.661+0000: 3251.848: [GC [PSYoungGen: 281008K->790K(273472K)] 748055K->467901K(960448K), 0.0099250 secs] [Times: user=0.07 sys=0.00, real=0.01 secs] 
2014-07-16T14:57:22.667+0000: 3252.854: [GC [PSYoungGen: 273430K->544K(266240K)] 740541K->467703K(953216K), 0.0043740 secs] [Times: user=0.02 sys=0.00, real=0.00 secs] 
2014-07-16T14:57:23.626+0000: 3253.813: [GC [PSYoungGen: 266208K->850K(259840K)] 733367K->468065K(946816K), 0.0140990 secs] [Times: user=0.08 sys=0.01, real=0.01 secs] 
2014-07-16T14:57:24.599+0000: 3254.786: [GC [PSYoungGen: 259794K->876K(253376K)] 727009K->468195K(940352K), 0.0077710 secs] [Times: user=0.05 sys=0.00, real=0.01 secs] 
2014-07-16T14:57:25.519+0000: 3255.706: [GC [PSYoungGen: 253356K->544K(246848K)] 720675K->467951K(933824K), 0.0040090 secs] [Times: user=0.02 sys=0.00, real=0.01 secs] 
2014-07-16T14:57:26.429+0000: 3256.616: [GC [PSYoungGen: 246816K->434K(240704K)] 714223K->467897K(927680K), 0.0094860 secs] [Times: user=0.06 sys=0.00, real=0.01 secs] 
2014-07-16T14:57:27.324+0000: 3257.511: [GC [PSYoungGen: 240651K->1084K(235584K)] 708115K->468611K(922560K), 0.0085660 secs] [Times: user=0.06 sys=0.00, real=0.00 secs] 
2014-07-16T14:57:28.213+0000: 3258.400: [GC [PSYoungGen: 235580K->944K(229888K)] 703107K->468535K(916864K), 0.0040630 secs] [Times: user=0.02 sys=0.00, real=0.01 secs] 
2014-07-16T14:57:29.125+0000: 3259.313: [GC [PSYoungGen: 229871K->1062K(224640K)] 697462K->468717K(911616K), 0.0088550 secs] [Times: user=0.06 sys=0.00, real=0.01 secs] 
2014-07-16T14:57:29.899+0000: 3260.086: [GC [PSYoungGen: 224614K->1176K(219584K)] 692269K->468903K(906560K), 0.0064540 secs] [Times: user=0.05 sys=0.00, real=0.01 secs] 
2014-07-16T14:57:30.690+0000: 3260.877: [GC [PSYoungGen: 219544K->944K(214336K)] 687271K->468767K(901312K), 0.0048890 secs] [Times: user=0.03 sys=0.00, real=0.01 secs] 
2014-07-16T14:57:31.505+0000: 3261.692: [GC [PSYoungGen: 214318K->658K(209280K)] 682142K->468545K(896256K), 0.0085970 secs] [Times: user=0.06 sys=0.00, real=0.00 secs] 
2014-07-16T14:57:32.275+0000: 3262.462: [GC [PSYoungGen: 209234K->786K(204800K)] 677121K->468753K(891776K), 0.0065060 secs] [Times: user=0.04 sys=0.00, real=0.00 secs] 
2014-07-16T14:57:33.047+0000: 3263.235: [GC [PSYoungGen: 204754K->690K(200192K)] 672721K->468697K(887168K), 0.0049290 secs] [Times: user=0.03 sys=0.00, real=0.00 secs] 
2014-07-16T14:57:33.789+0000: 3263.976: [GC [PSYoungGen: 200178K->940K(196160K)] 668185K->469011K(883136K), 0.0054990 secs] [Times: user=0.03 sys=0.00, real=0.08 secs] 
2014-07-16T14:57:34.579+0000: 3264.766: [GC [PSYoungGen: 196132K->1236K(192320K)] 664204K->469387K(879296K), 0.0087550 secs] [Times: user=0.06 sys=0.00, real=0.01 secs] 
2014-07-16T14:57:35.316+0000: 3265.504: [GC [PSYoungGen: 192276K->1360K(188416K)] 660427K->469591K(875392K), 0.0049840 secs] [Times: user=0.03 sys=0.00, real=0.00 secs] 
2014-07-16T14:57:35.975+0000: 3266.162: [GC [PSYoungGen: 188368K->424K(183552K)] 656599K->469477K(870528K), 0.0052090 secs] [Times: user=0.03 sys=0.00, real=0.01 secs] 
2014-07-16T14:57:36.638+0000: 3266.825: [GC [PSYoungGen: 183527K->916K(180288K)] 652581K->470026K(867264K), 0.0034740 secs] [Times: user=0.02 sys=0.00, real=0.00 secs] 
2014-07-16T14:57:37.306+0000: 3267.493: [GC [PSYoungGen: 180244K->1008K(176704K)] 649354K->470246K(863680K), 0.0076480 secs] [Times: user=0.05 sys=0.00, real=0.00 secs] 
2014-07-16T14:57:37.955+0000: 3268.142: [GC [PSYoungGen: 176688K->944K(173120K)] 645926K->470262K(860096K), 0.0090800 secs] [Times: user=0.06 sys=0.00, real=0.00 secs] 
2014-07-16T14:57:38.590+0000: 3268.777: [GC [PSYoungGen: 173104K->1146K(207744K)] 642422K->470543K(894720K), 0.0105220 secs] [Times: user=0.07 sys=0.00, real=0.01 secs] 
2014-07-16T14:57:39.363+0000: 3269.550: [GC [PSYoungGen: 207738K->1040K(249024K)] 677135K->470518K(936000K), 0.0112400 secs] [Times: user=0.07 sys=0.00, real=0.01 secs] 
2014-07-16T14:57:40.268+0000: 3270.455: [GC [PSYoungGen: 248961K->752K(298304K)] 718439K->470254K(985280K), 0.0060920 secs] [Times: user=0.02 sys=0.01, real=0.00 secs] 
2014-07-16T14:57:41.371+0000: 3271.558: [GC [PSYoungGen: 298288K->708K(290368K)] 767790K->470265K(977344K), 0.0042900 secs] [Times: user=0.02 sys=0.00, real=0.00 secs] 
2014-07-16T14:57:42.421+0000: 3272.608: [GC [PSYoungGen: 290272K->1214K(312768K)] 759830K->470852K(999744K), 0.0164270 secs] [Times: user=0.11 sys=0.00, real=0.02 secs] 
2014-07-16T14:57:43.617+0000: 3273.805: [GC [PSYoungGen: 312461K->1176K(304000K)] 782099K->470886K(990976K), 0.0034010 secs] [Times: user=0.02 sys=0.00, real=0.00 secs] 
2014-07-16T14:57:44.882+0000: 3275.070: [GC [PSYoungGen: 303960K->356K(295040K)] 773670K->470838K(982016K), 0.0057330 secs] [Times: user=0.03 sys=0.00, real=0.01 secs] 
2014-07-16T14:57:45.993+0000: 3276.180: [GC [PSYoungGen: 295012K->1294K(288192K)] 765494K->471840K(975168K), 0.0041030 secs] [Times: user=0.02 sys=0.00, real=0.01 secs] 
2014-07-16T14:57:47.074+0000: 3277.261: [GC [PSYoungGen: 288070K->1076K(280384K)] 758617K->471810K(967360K), 0.0086960 secs] [Times: user=0.03 sys=0.00, real=0.01 secs] 
2014-07-16T14:57:48.105+0000: 3278.292: [GC [PSYoungGen: 280372K->1550K(273664K)] 751106K->472356K(960640K), 0.0141460 secs] [Times: user=0.09 sys=0.00, real=0.02 secs] 
2014-07-16T14:57:49.172+0000: 3279.359: [GC [PSYoungGen: 273590K->548K(265664K)] 744396K->471556K(952640K), 0.0060850 secs] [Times: user=0.04 sys=0.00, real=0.01 secs] 
2014-07-16T14:57:50.129+0000: 3280.316: [GC [PSYoungGen: 265636K->1418K(259840K)] 736644K->472498K(946816K), 0.0044980 secs] [Times: user=0.02 sys=0.00, real=0.00 secs] 
2014-07-16T14:57:51.051+0000: 3281.238: [GC [PSYoungGen: 259786K->1382K(253312K)] 730866K->472650K(940288K), 0.0124260 secs] [Times: user=0.08 sys=0.00, real=0.01 secs] 
2014-07-16T14:57:51.982+0000: 3282.169: [GC [PSYoungGen: 253286K->1518K(247232K)] 724554K->472866K(934208K), 0.0081790 secs] [Times: user=0.04 sys=0.00, real=0.01 secs] 
2014-07-16T14:57:52.880+0000: 3283.067: [GC [PSYoungGen: 247184K->698K(240448K)] 718532K->472464K(927424K), 0.0047400 secs] [Times: user=0.03 sys=0.01, real=0.00 secs] 
2014-07-16T14:57:53.762+0000: 3283.949: [GC [PSYoungGen: 240442K->1164K(235200K)] 712208K->472970K(922176K), 0.0073470 secs] [Times: user=0.04 sys=0.00, real=0.01 secs] 
2014-07-16T14:57:54.697+0000: 3284.884: [GC [PSYoungGen: 235148K->808K(229312K)] 706954K->472702K(916288K), 0.0074690 secs] [Times: user=0.04 sys=0.00, real=0.01 secs] 
2014-07-16T14:57:55.513+0000: 3285.700: [GC [PSYoungGen: 229288K->790K(224000K)] 701182K->472764K(910976K), 0.0093080 secs] [Times: user=0.06 sys=0.01, real=0.01 secs] 
2014-07-16T14:57:56.327+0000: 3286.515: [GC [PSYoungGen: 223958K->1118K(219200K)] 695932K->473196K(906176K), 0.0086780 secs] [Times: user=0.06 sys=0.00, real=0.01 secs] 
2014-07-16T14:57:57.139+0000: 3287.326: [GC [PSYoungGen: 219166K->1144K(214208K)] 691244K->473278K(901184K), 0.0056880 secs] [Times: user=0.03 sys=0.00, real=0.00 secs] 
2014-07-16T14:57:57.947+0000: 3288.134: [GC [PSYoungGen: 214200K->512K(208768K)] 686334K->472702K(895744K), 0.0063080 secs] [Times: user=0.02 sys=0.01, real=0.01 secs] 
2014-07-16T14:57:58.730+0000: 3288.917: [GC [PSYoungGen: 208755K->762K(204416K)] 680945K->473048K(891392K), 0.0113370 secs] [Times: user=0.07 sys=0.00, real=0.01 secs] 
2014-07-16T14:57:59.503+0000: 3289.690: [GC [PSYoungGen: 204410K->1676K(200896K)] 676696K->474026K(887872K), 0.0040910 secs] [Times: user=0.02 sys=0.00, real=0.00 secs] 
2014-07-16T14:58:00.239+0000: 3290.426: [GC [PSYoungGen: 200844K->1004K(240064K)] 673194K->473426K(927040K), 0.0121330 secs] [Times: user=0.06 sys=0.00, real=0.01 secs] 
2014-07-16T14:58:01.143+0000: 3291.330: [GC [PSYoungGen: 240044K->994K(234368K)] 712466K->473704K(921344K), 0.0079890 secs] [Times: user=0.06 sys=0.01, real=0.01 secs] 
2014-07-16T14:58:01.998+0000: 3292.185: [GC [PSYoungGen: 234338K->1272K(229120K)] 707048K->474062K(916096K), 0.0038820 secs] [Times: user=0.03 sys=0.00, real=0.01 secs] 
2014-07-16T14:58:02.851+0000: 3293.038: [GC [PSYoungGen: 229095K->1440K(274880K)] 701885K->474366K(961856K), 0.0137700 secs] [Times: user=0.10 sys=0.00, real=0.01 secs] 
2014-07-16T14:58:03.900+0000: 3294.087: [GC [PSYoungGen: 274848K->1022K(299520K)] 747774K->473996K(986496K), 0.0105340 secs] [Times: user=0.06 sys=0.00, real=0.01 secs] 
2014-07-16T14:58:05.011+0000: 3295.198: [GC [PSYoungGen: 298622K->1026K(290752K)] 771596K->474064K(977728K), 0.0072900 secs] [Times: user=0.05 sys=0.00, real=0.00 secs] 
2014-07-16T14:58:06.077+0000: 3296.264: [GC [PSYoungGen: 290690K->416K(282496K)] 763728K->473518K(969472K), 0.0079880 secs] [Times: user=0.05 sys=0.00, real=0.01 secs] 
2014-07-16T14:58:07.162+0000: 3297.349: [GC [PSYoungGen: 282464K->918K(275648K)] 755566K->474124K(962624K), 0.0088030 secs] [Times: user=0.05 sys=0.01, real=0.01 secs] 
2014-07-16T14:58:08.166+0000: 3298.353: [GC [PSYoungGen: 275606K->352K(268032K)] 748812K->473614K(955008K), 0.0052010 secs] [Times: user=0.03 sys=0.00, real=0.01 secs] 
2014-07-16T14:58:09.173+0000: 3299.360: [GC [PSYoungGen: 267956K->676K(261568K)] 741219K->474026K(948544K), 0.0061200 secs] [Times: user=0.04 sys=0.01, real=0.00 secs] 
2014-07-16T14:58:10.124+0000: 3300.311: [GC [PSYoungGen: 261540K->1104K(255488K)] 734890K->474550K(942464K), 0.0042270 secs] [Times: user=0.03 sys=0.00, real=0.00 secs] 
2014-07-16T14:58:11.065+0000: 3301.252: [GC [PSYoungGen: 255440K->958K(249024K)] 728886K->474500K(936000K), 0.0072270 secs] [Times: user=0.05 sys=0.00, real=0.01 secs] 
2014-07-16T14:58:12.012+0000: 3302.199: [GC [PSYoungGen: 249022K->1036K(243072K)] 722564K->474642K(930048K), 0.0044180 secs] [Times: user=0.02 sys=0.00, real=0.00 secs] 
2014-07-16T14:58:12.903+0000: 3303.091: [GC [PSYoungGen: 243020K->544K(236736K)] 716626K->474222K(923712K), 0.0136070 secs] [Times: user=0.09 sys=0.00, real=0.01 secs] 
2014-07-16T14:58:13.766+0000: 3303.953: [GC [PSYoungGen: 236657K->916K(231488K)] 710336K->474658K(918464K), 0.0043910 secs] [Times: user=0.03 sys=0.00, real=0.00 secs] 
2014-07-16T14:58:14.745+0000: 3304.932: [GC [PSYoungGen: 231444K->480K(225600K)] 705186K->474278K(912576K), 0.0055240 secs] [Times: user=0.02 sys=0.00, real=0.00 secs] 
2014-07-16T14:58:15.567+0000: 3305.754: [GC [PSYoungGen: 225529K->1426K(221376K)] 699328K->475288K(908352K), 0.0092830 secs] [Times: user=0.06 sys=0.00, real=0.01 secs] 
2014-07-16T14:58:16.387+0000: 3306.574: [GC [PSYoungGen: 221330K->530K(215424K)] 695192K->474464K(902400K), 0.0067660 secs] [Times: user=0.04 sys=0.00, real=0.01 secs] 
2014-07-16T14:58:17.183+0000: 3307.370: [GC [PSYoungGen: 215378K->908K(210944K)] 689312K->474906K(897920K), 0.0105570 secs] [Times: user=0.07 sys=0.00, real=0.01 secs] 
2014-07-16T14:58:17.968+0000: 3308.155: [GC [PSYoungGen: 210889K->580K(205952K)] 684887K->474610K(892928K), 0.0058470 secs] [Times: user=0.02 sys=0.00, real=0.01 secs] 
2014-07-16T14:58:18.710+0000: 3308.897: [GC [PSYoungGen: 205855K->498K(246912K)] 679885K->474576K(933888K), 0.0108490 secs] [Times: user=0.06 sys=0.00, real=0.02 secs] 
2014-07-16T14:58:19.697+0000: 3309.884: [GC [PSYoungGen: 246898K->1072K(241472K)] 720976K->475214K(928448K), 0.0049780 secs] [Times: user=0.02 sys=0.00, real=0.01 secs] 
2014-07-16T14:58:20.592+0000: 3310.779: [GC [PSYoungGen: 241456K->580K(235264K)] 715598K->474794K(922240K), 0.0042700 secs] [Times: user=0.02 sys=0.00, real=0.00 secs] 
2014-07-16T14:58:21.475+0000: 3311.662: [GC [PSYoungGen: 235197K->868K(229952K)] 709412K->475162K(916928K), 0.0096280 secs] [Times: user=0.07 sys=0.01, real=0.01 secs] 
2014-07-16T14:58:22.339+0000: 3312.526: [GC [PSYoungGen: 229840K->1508K(225216K)] 704134K->475922K(912192K), 0.0068620 secs] [Times: user=0.04 sys=0.00, real=0.01 secs] 
2014-07-16T14:58:23.181+0000: 3313.368: [GC [PSYoungGen: 225188K->676K(269120K)] 699602K->475308K(956096K), 0.0198880 secs] [Times: user=0.15 sys=0.00, real=0.02 secs] 
2014-07-16T14:58:24.127+0000: 3314.314: [GC [PSYoungGen: 269092K->480K(314112K)] 743724K->475176K(1001088K), 0.0113220 secs] [Times: user=0.07 sys=0.01, real=0.01 secs] 
2014-07-16T14:58:25.310+0000: 3315.497: [GC [PSYoungGen: 312864K->876K(323968K)] 787560K->475620K(1010944K), 0.0079640 secs] [Times: user=0.05 sys=0.01, real=0.01 secs] 
2014-07-16T14:58:26.500+0000: 3316.687: [GC [PSYoungGen: 323116K->768K(323840K)] 797860K->475568K(1010816K), 0.0135570 secs] [Times: user=0.09 sys=0.00, real=0.02 secs] 
2014-07-16T14:58:27.703+0000: 3317.890: [GC [PSYoungGen: 323008K->576K(388224K)] 797808K->475440K(1075200K), 0.0214010 secs] [Times: user=0.13 sys=0.00, real=0.03 secs] 
2014-07-16T14:58:29.151+0000: 3319.338: [GC [PSYoungGen: 387264K->644K(388224K)] 862128K->475572K(1075200K), 0.0092250 secs] [Times: user=0.06 sys=0.00, real=0.01 secs] 
2014-07-16T14:58:30.608+0000: 3320.795: [GC [PSYoungGen: 387332K->890K(376000K)] 862260K->475882K(1062976K), 0.0046570 secs] [Times: user=0.02 sys=0.01, real=0.00 secs] 
2014-07-16T14:58:32.005+0000: 3322.192: [GC [PSYoungGen: 375994K->480K(364544K)] 850986K->475544K(1051520K), 0.0069520 secs] [Times: user=0.05 sys=0.01, real=0.00 secs] 
2014-07-16T14:58:33.352+0000: 3323.539: [GC [PSYoungGen: 364512K->798K(354240K)] 839576K->475918K(1041216K), 0.0092350 secs] [Times: user=0.06 sys=0.00, real=0.01 secs] 
2014-07-16T14:58:34.733+0000: 3324.920: [GC [PSYoungGen: 354190K->808K(344064K)] 829310K->475976K(1031040K), 0.0132260 secs] [Times: user=0.08 sys=0.00, real=0.02 secs] 
2014-07-16T14:58:35.956+0000: 3326.143: [GC [PSYoungGen: 344040K->1194K(334656K)] 819208K->476532K(1021632K), 0.0048800 secs] [Times: user=0.03 sys=0.00, real=0.00 secs] 
2014-07-16T14:58:37.213+0000: 3327.401: [GC [PSYoungGen: 334614K->1008K(325120K)] 809953K->476426K(1012096K), 0.0108690 secs] [Times: user=0.07 sys=0.00, real=0.02 secs] 
2014-07-16T14:58:38.419+0000: 3328.606: [GC [PSYoungGen: 325104K->890K(315968K)] 800522K->476520K(1002944K), 0.0074540 secs] [Times: user=0.05 sys=0.00, real=0.01 secs] 
2014-07-16T14:58:39.544+0000: 3329.732: [GC [PSYoungGen: 315939K->1044K(307520K)] 791570K->476762K(994496K), 0.0077610 secs] [Times: user=0.05 sys=0.00, real=0.00 secs] 
2014-07-16T14:58:40.692+0000: 3330.880: [GC [PSYoungGen: 307476K->816K(298944K)] 783194K->476590K(985920K), 0.0067740 secs] [Times: user=0.04 sys=0.00, real=0.01 secs] 
2014-07-16T14:58:41.802+0000: 3331.989: [GC [PSYoungGen: 298928K->566K(290752K)] 774702K->476396K(977728K), 0.0065200 secs] [Times: user=0.03 sys=0.00, real=0.01 secs] 
2014-07-16T14:58:42.862+0000: 3333.050: [GC [PSYoungGen: 290742K->690K(283200K)] 766572K->476584K(970176K), 0.0067360 secs] [Times: user=0.05 sys=0.00, real=0.01 secs] 
2014-07-16T14:58:43.907+0000: 3334.094: [GC [PSYoungGen: 283186K->1400K(276544K)] 759080K->477398K(963520K), 0.0092850 secs] [Times: user=0.06 sys=0.00, real=0.01 secs] 
2014-07-16T14:58:45.007+0000: 3335.194: [GC [PSYoungGen: 276536K->862K(268992K)] 752534K->476924K(955968K), 0.0113510 secs] [Times: user=0.08 sys=0.00, real=0.01 secs] 
2014-07-16T14:58:45.988+0000: 3336.175: [GC [PSYoungGen: 268958K->840K(262208K)] 745020K->476974K(949184K), 0.0083200 secs] [Times: user=0.05 sys=0.00, real=0.01 secs] 
2014-07-16T14:58:46.926+0000: 3337.114: [GC [PSYoungGen: 262152K->644K(255488K)] 738286K->476818K(942464K), 0.0046410 secs] [Times: user=0.02 sys=0.00, real=0.00 secs] 
2014-07-16T14:58:47.895+0000: 3338.083: [GC [PSYoungGen: 255411K->804K(249344K)] 731586K->477034K(936320K), 0.0061250 secs] [Times: user=0.03 sys=0.00, real=0.01 secs] 
2014-07-16T14:58:48.820+0000: 3339.007: [GC [PSYoungGen: 249295K->722K(243200K)] 725526K->477048K(930176K), 0.0047310 secs] [Times: user=0.02 sys=0.01, real=0.00 secs] 
2014-07-16T14:58:49.786+0000: 3339.973: [GC [PSYoungGen: 243154K->832K(237440K)] 719480K->477206K(924416K), 0.0089730 secs] [Times: user=0.05 sys=0.00, real=0.01 secs] 
2014-07-16T14:58:50.598+0000: 3340.785: [GC [PSYoungGen: 237419K->898K(231936K)] 713794K->477328K(918912K), 0.0046950 secs] [Times: user=0.02 sys=0.01, real=0.00 secs] 
2014-07-16T14:58:51.438+0000: 3341.625: [GC [PSYoungGen: 231874K->1008K(226560K)] 708304K->477534K(913536K), 0.0106820 secs] [Times: user=0.08 sys=0.00, real=0.01 secs] 
2014-07-16T14:58:52.297+0000: 3342.484: [GC [PSYoungGen: 226544K->748K(221056K)] 703070K->477458K(908032K), 0.0037420 secs] [Times: user=0.02 sys=0.00, real=0.00 secs] 
2014-07-16T14:58:53.085+0000: 3343.273: [GC [PSYoungGen: 221036K->1326K(216576K)] 697746K->478280K(903552K), 0.0058860 secs] [Times: user=0.03 sys=0.00, real=0.01 secs] 
2014-07-16T14:58:53.896+0000: 3344.083: [GC [PSYoungGen: 216544K->616K(211008K)] 693499K->478098K(897984K), 0.0086120 secs] [Times: user=0.06 sys=0.00, real=0.01 secs] 
2014-07-16T14:58:54.660+0000: 3344.847: [GC [PSYoungGen: 210984K->912K(206656K)] 688466K->478466K(893632K), 0.0099720 secs] [Times: user=0.05 sys=0.00, real=0.01 secs] 
2014-07-16T14:58:55.463+0000: 3345.650: [GC [PSYoungGen: 206608K->544K(201728K)] 684162K->478154K(888704K), 0.0073250 secs] [Times: user=0.05 sys=0.00, real=0.01 secs] 
2014-07-16T14:58:56.233+0000: 3346.420: [GC [PSYoungGen: 201696K->890K(197696K)] 679306K->478564K(884672K), 0.0073590 secs] [Times: user=0.05 sys=0.00, real=0.01 secs] 
2014-07-16T14:58:56.991+0000: 3347.178: [GC [PSYoungGen: 197690K->812K(193408K)] 675364K->478567K(880384K), 0.0065850 secs] [Times: user=0.03 sys=0.00, real=0.01 secs] 
2014-07-16T14:58:57.719+0000: 3347.906: [GC [PSYoungGen: 193388K->712K(189248K)] 671143K->478530K(876224K), 0.0049120 secs] [Times: user=0.02 sys=0.01, real=0.00 secs] 
2014-07-16T14:58:58.435+0000: 3348.623: [GC [PSYoungGen: 189192K->980K(185536K)] 667010K->478847K(872512K), 0.0076980 secs] [Times: user=0.05 sys=0.00, real=0.01 secs] 
2014-07-16T14:58:59.149+0000: 3349.337: [GC [PSYoungGen: 185492K->1388K(222848K)] 663359K->479334K(909824K), 0.0111610 secs] [Times: user=0.08 sys=0.00, real=0.01 secs] 
2014-07-16T14:59:00.005+0000: 3350.192: [GC [PSYoungGen: 222828K->434K(216832K)] 700774K->478946K(903808K), 0.0065300 secs] [Times: user=0.04 sys=0.01, real=0.01 secs] 
2014-07-16T14:59:00.732+0000: 3350.920: [GC [PSYoungGen: 216818K->1448K(261184K)] 695330K->480107K(948160K), 0.0097250 secs] [Times: user=0.07 sys=0.01, real=0.01 secs] 
2014-07-16T14:59:01.692+0000: 3351.879: [GC [PSYoungGen: 261148K->798K(312512K)] 739807K->479677K(999488K), 0.0094210 secs] [Times: user=0.06 sys=0.00, real=0.01 secs] 
2014-07-16T14:59:02.862+0000: 3353.049: [GC [PSYoungGen: 312478K->1190K(375232K)] 791357K->480133K(1062208K), 0.0132710 secs] [Times: user=0.09 sys=0.01, real=0.01 secs] 
2014-07-16T14:59:04.219+0000: 3354.406: [GC [PSYoungGen: 375206K->894K(363904K)] 854149K->479925K(1050880K), 0.0075070 secs] [Times: user=0.05 sys=0.00, real=0.00 secs] 
2014-07-16T14:59:05.607+0000: 3355.794: [GC [PSYoungGen: 363902K->630K(353088K)] 842933K->479717K(1040064K), 0.0091890 secs] [Times: user=0.06 sys=0.00, real=0.01 secs] 
2014-07-16T14:59:06.878+0000: 3357.065: [GC [PSYoungGen: 353049K->712K(343040K)] 832136K->479871K(1030016K), 0.0060210 secs] [Times: user=0.04 sys=0.00, real=0.01 secs] 
2014-07-16T14:59:08.147+0000: 3358.334: [GC [PSYoungGen: 342984K->576K(333120K)] 822143K->479790K(1020096K), 0.0094360 secs] [Times: user=0.06 sys=0.00, real=0.01 secs] 
2014-07-16T14:59:09.398+0000: 3359.585: [GC [PSYoungGen: 333111K->894K(324096K)] 812326K->480157K(1011072K), 0.0143160 secs] [Times: user=0.08 sys=0.00, real=0.02 secs] 
2014-07-16T14:59:10.634+0000: 3360.821: [GC [PSYoungGen: 324094K->448K(314688K)] 803357K->479782K(1001664K), 0.0040300 secs] [Times: user=0.02 sys=0.00, real=0.00 secs] 
2014-07-16T14:59:11.802+0000: 3361.989: [GC [PSYoungGen: 314674K->1086K(306752K)] 794009K->480477K(993728K), 0.0042800 secs] [Times: user=0.02 sys=0.00, real=0.00 secs] 
2014-07-16T14:59:12.932+0000: 3363.119: [GC [PSYoungGen: 306669K->926K(298368K)] 786059K->480405K(985344K), 0.0040540 secs] [Times: user=0.02 sys=0.00, real=0.00 secs] 
2014-07-16T14:59:14.030+0000: 3364.217: [GC [PSYoungGen: 298334K->768K(290240K)] 777813K->480318K(977216K), 0.0101180 secs] [Times: user=0.07 sys=0.01, real=0.01 secs] 
2014-07-16T14:59:15.157+0000: 3365.344: [GC [PSYoungGen: 290239K->946K(282816K)] 769790K->480560K(969792K), 0.0156880 secs] [Times: user=0.12 sys=0.00, real=0.02 secs] 
2014-07-16T14:59:16.125+0000: 3366.312: [GC [PSYoungGen: 282802K->786K(275328K)] 762416K->480496K(962304K), 0.0084470 secs] [Times: user=0.06 sys=0.00, real=0.01 secs] 
2014-07-16T14:59:17.139+0000: 3367.326: [GC [PSYoungGen: 275282K->1098K(268608K)] 754992K->480881K(955584K), 0.0042000 secs] [Times: user=0.02 sys=0.00, real=0.01 secs] 
2014-07-16T14:59:18.158+0000: 3368.345: [GC [PSYoungGen: 268533K->890K(261568K)] 748316K->481203K(948544K), 0.0074280 secs] [Times: user=0.02 sys=0.00, real=0.01 secs] 
2014-07-16T14:59:19.093+0000: 3369.280: [GC [PSYoungGen: 261562K->826K(254976K)] 741875K->481219K(941952K), 0.0104500 secs] [Times: user=0.06 sys=0.00, real=0.01 secs] 
2014-07-16T14:59:20.029+0000: 3370.216: [GC [PSYoungGen: 254970K->1122K(249024K)] 735363K->481627K(936000K), 0.0068940 secs] [Times: user=0.04 sys=0.00, real=0.01 secs] 
2014-07-16T14:59:21.026+0000: 3371.213: [GC [PSYoungGen: 248994K->1104K(243008K)] 729499K->481681K(929984K), 0.0068260 secs] [Times: user=0.04 sys=0.00, real=0.01 secs] 
2014-07-16T14:59:21.969+0000: 3372.156: [GC [PSYoungGen: 242959K->802K(236864K)] 723536K->481659K(923840K), 0.0086330 secs] [Times: user=0.05 sys=0.00, real=0.01 secs] 
2014-07-16T14:59:22.824+0000: 3373.012: [GC [PSYoungGen: 236834K->1458K(231872K)] 717691K->482379K(918848K), 0.0065350 secs] [Times: user=0.04 sys=0.00, real=0.01 secs] 
2014-07-16T14:59:23.664+0000: 3373.851: [GC [PSYoungGen: 231858K->484K(276992K)] 712779K->481445K(963968K), 0.0190180 secs] [Times: user=0.11 sys=0.00, real=0.02 secs] 
2014-07-16T14:59:24.680+0000: 3374.867: [GC [PSYoungGen: 276964K->830K(270208K)] 757925K->481863K(957184K), 0.0044850 secs] [Times: user=0.02 sys=0.00, real=0.01 secs] 
2014-07-16T14:59:25.729+0000: 3375.916: [GC [PSYoungGen: 270164K->1176K(263744K)] 751197K->482281K(950720K), 0.0073520 secs] [Times: user=0.05 sys=0.00, real=0.01 secs] 
2014-07-16T14:59:26.699+0000: 3376.886: [GC [PSYoungGen: 263690K->1300K(257280K)] 744795K->482469K(944256K), 0.0056770 secs] [Times: user=0.02 sys=0.00, real=0.01 secs] 
2014-07-16T14:59:27.637+0000: 3377.824: [GC [PSYoungGen: 257191K->802K(250432K)] 738360K->482243K(937408K), 0.0038480 secs] [Times: user=0.01 sys=0.00, real=0.00 secs] 
2014-07-16T14:59:28.569+0000: 3378.756: [GC [PSYoungGen: 250402K->1164K(244736K)] 731843K->482685K(931712K), 0.0070620 secs] [Times: user=0.04 sys=0.01, real=0.01 secs] 
2014-07-16T14:59:29.492+0000: 3379.679: [GC [PSYoungGen: 244684K->926K(238592K)] 726205K->482527K(925568K), 0.0106240 secs] [Times: user=0.08 sys=0.00, real=0.01 secs] 
2014-07-16T14:59:30.443+0000: 3380.631: [GC [PSYoungGen: 238558K->1214K(233152K)] 720159K->482879K(920128K), 0.0037770 secs] [Times: user=0.03 sys=0.00, real=0.00 secs] 
2014-07-16T14:59:31.268+0000: 3381.455: [GC [PSYoungGen: 233067K->1070K(227584K)] 714732K->482875K(914560K), 0.0037910 secs] [Times: user=0.02 sys=0.01, real=0.01 secs] 
2014-07-16T14:59:32.123+0000: 3382.310: [GC [PSYoungGen: 227566K->800K(222080K)] 709371K->482677K(909056K), 0.0098150 secs] [Times: user=0.06 sys=0.00, real=0.01 secs] 
2014-07-16T14:59:32.942+0000: 3383.129: [GC [PSYoungGen: 222048K->1182K(217408K)] 703925K->483131K(904384K), 0.0097600 secs] [Times: user=0.07 sys=0.00, real=0.01 secs] 
2014-07-16T14:59:33.751+0000: 3383.938: [GC [PSYoungGen: 217374K->990K(212288K)] 699323K->483011K(899264K), 0.0102080 secs] [Times: user=0.06 sys=0.00, real=0.01 secs] 
2014-07-16T14:59:34.541+0000: 3384.728: [GC [PSYoungGen: 212254K->762K(254336K)] 694275K->482839K(941312K), 0.0108250 secs] [Times: user=0.07 sys=0.00, real=0.01 secs] 
2014-07-16T14:59:35.563+0000: 3385.750: [GC [PSYoungGen: 254258K->1082K(248384K)] 736335K->483263K(935360K), 0.0074310 secs] [Times: user=0.04 sys=0.00, real=0.00 secs] 
2014-07-16T14:59:36.481+0000: 3386.668: [GC [PSYoungGen: 248378K->872K(242176K)] 730559K->483149K(929152K), 0.0072370 secs] [Times: user=0.05 sys=0.00, real=0.01 secs] 
2014-07-16T14:59:37.367+0000: 3387.555: [GC [PSYoungGen: 242152K->1504K(291072K)] 724429K->483837K(978048K), 0.0117680 secs] [Times: user=0.07 sys=0.00, real=0.01 secs] 
2014-07-16T14:59:38.453+0000: 3388.640: [GC [PSYoungGen: 291040K->692K(282624K)] 773373K->483581K(969600K), 0.0098330 secs] [Times: user=0.07 sys=0.00, real=0.01 secs] 
2014-07-16T14:59:39.523+0000: 3389.711: [GC [PSYoungGen: 282612K->1528K(276096K)] 765501K->484489K(963072K), 0.0084000 secs] [Times: user=0.06 sys=0.00, real=0.01 secs] 
2014-07-16T14:59:40.597+0000: 3390.785: [GC [PSYoungGen: 276043K->1100K(268672K)] 759004K->484273K(955648K), 0.0061380 secs] [Times: user=0.05 sys=0.00, real=0.00 secs] 
2014-07-16T14:59:41.600+0000: 3391.787: [GC [PSYoungGen: 268536K->1112K(261888K)] 751709K->484357K(948864K), 0.0085040 secs] [Times: user=0.05 sys=0.00, real=0.01 secs] 
2014-07-16T14:59:42.545+0000: 3392.733: [GC [PSYoungGen: 261822K->1094K(255360K)] 745067K->484435K(942336K), 0.0090350 secs] [Times: user=0.05 sys=0.00, real=0.01 secs] 
2014-07-16T14:59:43.483+0000: 3393.670: [GC [PSYoungGen: 255302K->384K(248320K)] 738643K->483789K(935296K), 0.0038220 secs] [Times: user=0.02 sys=0.01, real=0.01 secs] 
2014-07-16T14:59:44.387+0000: 3394.575: [GC [PSYoungGen: 248320K->972K(242944K)] 731725K->484465K(929920K), 0.0070160 secs] [Times: user=0.04 sys=0.00, real=0.01 secs] 
2014-07-16T14:59:45.335+0000: 3395.522: [GC [PSYoungGen: 242892K->680K(236800K)] 726385K->484229K(923776K), 0.0036080 secs] [Times: user=0.02 sys=0.01, real=0.00 secs] 
2014-07-16T14:59:46.269+0000: 3396.456: [GC [PSYoungGen: 236754K->784K(231296K)] 720303K->484405K(918272K), 0.0090250 secs] [Times: user=0.06 sys=0.00, real=0.01 secs] 
2014-07-16T14:59:47.156+0000: 3397.343: [GC [PSYoungGen: 231248K->1130K(226240K)] 714869K->484823K(913216K), 0.0092460 secs] [Times: user=0.06 sys=0.00, real=0.01 secs] 
2014-07-16T14:59:47.994+0000: 3398.181: [GC [PSYoungGen: 226218K->576K(220480K)] 709911K->484333K(907456K), 0.0087740 secs] [Times: user=0.07 sys=0.00, real=0.01 secs] 
2014-07-16T14:59:48.840+0000: 3399.027: [GC [PSYoungGen: 220475K->1250K(216128K)] 704232K->485079K(903104K), 0.0084750 secs] [Times: user=0.03 sys=0.01, real=0.01 secs] 
2014-07-16T14:59:49.606+0000: 3399.793: [GC [PSYoungGen: 216096K->768K(210752K)] 699925K->484661K(897728K), 0.0069460 secs] [Times: user=0.04 sys=0.00, real=0.00 secs] 
2014-07-16T14:59:50.412+0000: 3400.599: [GC [PSYoungGen: 210666K->1140K(206464K)] 694560K->485105K(893440K), 0.0044380 secs] [Times: user=0.02 sys=0.01, real=0.01 secs] 
2014-07-16T14:59:51.230+0000: 3401.417: [GC [PSYoungGen: 206452K->926K(201728K)] 690417K->484979K(888704K), 0.0040090 secs] [Times: user=0.02 sys=0.00, real=0.00 secs] 
2014-07-16T14:59:52.023+0000: 3402.211: [GC [PSYoungGen: 201679K->894K(197312K)] 685732K->485027K(884288K), 0.0068740 secs] [Times: user=0.04 sys=0.00, real=0.01 secs] 
2014-07-16T14:59:52.728+0000: 3402.915: [GC [PSYoungGen: 197310K->876K(193088K)] 681443K->485073K(880064K), 0.0103050 secs] [Times: user=0.06 sys=0.00, real=0.01 secs] 
2014-07-16T14:59:53.428+0000: 3403.615: [GC [PSYoungGen: 193068K->516K(188672K)] 677265K->484777K(875648K), 0.0034360 secs] [Times: user=0.02 sys=0.00, real=0.00 secs] 
2014-07-16T14:59:54.123+0000: 3404.310: [GC [PSYoungGen: 188612K->912K(185152K)] 672873K->485221K(872128K), 0.0043440 secs] [Times: user=0.02 sys=0.00, real=0.01 secs] 
2014-07-16T14:59:54.808+0000: 3404.995: [GC [PSYoungGen: 185104K->940K(222016K)] 669413K->485321K(908992K), 0.0146980 secs] [Times: user=0.09 sys=0.00, real=0.01 secs] 
2014-07-16T14:59:55.695+0000: 3405.883: [GC [PSYoungGen: 221995K->1074K(217088K)] 706376K->485619K(904064K), 0.0062350 secs] [Times: user=0.02 sys=0.00, real=0.01 secs] 
2014-07-16T14:59:56.481+0000: 3406.668: [GC [PSYoungGen: 217074K->928K(260160K)] 701619K->485521K(947136K), 0.0124020 secs] [Times: user=0.08 sys=0.00, real=0.01 secs] 
2014-07-16T14:59:57.450+0000: 3407.638: [GC [PSYoungGen: 260104K->862K(311936K)] 744698K->485519K(998912K), 0.0107330 secs] [Times: user=0.07 sys=0.00, real=0.01 secs] 
2014-07-16T14:59:58.597+0000: 3408.784: [GC [PSYoungGen: 311902K->448K(373696K)] 796559K->485201K(1060672K), 0.0080820 secs] [Times: user=0.06 sys=0.00, real=0.00 secs] 
2014-07-16T14:59:59.978+0000: 3410.165: [GC [PSYoungGen: 373626K->698K(362944K)] 858379K->485491K(1049920K), 0.0046880 secs] [Times: user=0.02 sys=0.00, real=0.00 secs] 
2014-07-16T15:00:01.341+0000: 3411.528: [GC [PSYoungGen: 362896K->1394K(353088K)] 847689K->486325K(1040064K), 0.0051900 secs] [Times: user=0.02 sys=0.00, real=0.00 secs] 
2014-07-16T15:00:02.659+0000: 3412.847: [GC [PSYoungGen: 353074K->744K(342336K)] 838005K->485923K(1029312K), 0.0100540 secs] [Times: user=0.04 sys=0.00, real=0.01 secs] 
2014-07-16T15:00:03.928+0000: 3414.115: [GC [PSYoungGen: 342312K->666K(332544K)] 827491K->485893K(1019520K), 0.0050730 secs] [Times: user=0.03 sys=0.00, real=0.00 secs] 
2014-07-16T15:00:05.145+0000: 3415.332: [GC [PSYoungGen: 332506K->708K(323328K)] 817733K->485983K(1010304K), 0.0103840 secs] [Times: user=0.06 sys=0.00, real=0.01 secs] 
2014-07-16T15:00:06.353+0000: 3416.541: [GC [PSYoungGen: 323268K->858K(314496K)] 808543K->486229K(1001472K), 0.0036500 secs] [Times: user=0.02 sys=0.00, real=0.00 secs] 
2014-07-16T15:00:07.471+0000: 3417.658: [GC [PSYoungGen: 314426K->626K(305664K)] 799797K->486061K(992640K), 0.0041680 secs] [Times: user=0.02 sys=0.00, real=0.00 secs] 
2014-07-16T15:00:08.592+0000: 3418.780: [GC [PSYoungGen: 305650K->416K(297216K)] 791085K->485915K(984192K), 0.0051220 secs] [Times: user=0.03 sys=0.00, real=0.00 secs] 
2014-07-16T15:00:09.685+0000: 3419.872: [GC [PSYoungGen: 297184K->1082K(289920K)] 782683K->486653K(976896K), 0.0048380 secs] [Times: user=0.02 sys=0.00, real=0.01 secs] 
2014-07-16T15:00:10.731+0000: 3420.919: [GC [PSYoungGen: 289911K->894K(282112K)] 775483K->486521K(969088K), 0.0054170 secs] [Times: user=0.02 sys=0.00, real=0.00 secs] 
2014-07-16T15:00:11.825+0000: 3422.013: [GC [PSYoungGen: 282110K->1140K(275072K)] 767737K->486831K(962048K), 0.0067040 secs] [Times: user=0.05 sys=0.00, real=0.01 secs] 
2014-07-16T15:00:12.858+0000: 3423.046: [GC [PSYoungGen: 275060K->1530K(268416K)] 760751K->487365K(955392K), 0.0110190 secs] [Times: user=0.07 sys=0.00, real=0.02 secs] 
2014-07-16T15:00:13.877+0000: 3424.064: [GC [PSYoungGen: 268374K->448K(260544K)] 754209K->486371K(947520K), 0.0091870 secs] [Times: user=0.06 sys=0.01, real=0.01 secs] 
2014-07-16T15:00:14.862+0000: 3425.050: [GC [PSYoungGen: 260544K->958K(254528K)] 746467K->486961K(941504K), 0.0074100 secs] [Times: user=0.05 sys=0.01, real=0.01 secs] 
2014-07-16T15:00:15.896+0000: 3426.083: [GC [PSYoungGen: 254505K->1162K(248512K)] 740508K->487221K(935488K), 0.0083960 secs] [Times: user=0.06 sys=0.00, real=0.01 secs] 
2014-07-16T15:00:16.810+0000: 3426.997: [GC [PSYoungGen: 248458K->926K(297728K)] 734517K->487033K(984704K), 0.0194160 secs] [Times: user=0.13 sys=0.00, real=0.02 secs] 
2014-07-16T15:00:17.924+0000: 3428.111: [GC [PSYoungGen: 297694K->512K(356672K)] 783801K->486675K(1043648K), 0.0093780 secs] [Times: user=0.06 sys=0.00, real=0.01 secs] 
2014-07-16T15:00:19.217+0000: 3429.404: [GC [PSYoungGen: 356644K->1254K(347136K)] 842808K->487489K(1034112K), 0.0081170 secs] [Times: user=0.06 sys=0.00, real=0.01 secs] 
2014-07-16T15:00:20.492+0000: 3430.679: [GC [PSYoungGen: 347016K->1210K(337216K)] 833251K->487533K(1024192K), 0.0062520 secs] [Times: user=0.03 sys=0.00, real=0.00 secs] 
2014-07-16T15:00:21.802+0000: 3431.989: [GC [PSYoungGen: 337163K->794K(327360K)] 823486K->487197K(1014336K), 0.0049900 secs] [Times: user=0.03 sys=0.00, real=0.00 secs] 
2014-07-16T15:00:22.993+0000: 3433.180: [GC [PSYoungGen: 327322K->790K(318272K)] 813725K->487273K(1005248K), 0.0119660 secs] [Times: user=0.07 sys=0.00, real=0.01 secs] 
2014-07-16T15:00:24.216+0000: 3434.403: [GC [PSYoungGen: 318230K->1354K(310144K)] 804713K->487901K(997120K), 0.0039200 secs] [Times: user=0.02 sys=0.00, real=0.00 secs] 
2014-07-16T15:00:25.344+0000: 3435.531: [GC [PSYoungGen: 310090K->694K(301056K)] 796637K->487313K(988032K), 0.0100380 secs] [Times: user=0.07 sys=0.00, real=0.01 secs] 
2014-07-16T15:00:26.457+0000: 3436.644: [GC [PSYoungGen: 301042K->1040K(293376K)] 787661K->487739K(980352K), 0.0063950 secs] [Times: user=0.04 sys=0.00, real=0.01 secs] 
2014-07-16T15:00:27.526+0000: 3437.713: [GC [PSYoungGen: 293328K->798K(285376K)] 780027K->487561K(972352K), 0.0034790 secs] [Times: user=0.02 sys=0.00, real=0.00 secs] 
2014-07-16T15:00:28.569+0000: 3438.756: [GC [PSYoungGen: 285342K->562K(277696K)] 772105K->487413K(964672K), 0.0045950 secs] [Times: user=0.03 sys=0.00, real=0.01 secs] 
2014-07-16T15:00:29.580+0000: 3439.767: [GC [PSYoungGen: 277682K->904K(270912K)] 764533K->487827K(957888K), 0.0064990 secs] [Times: user=0.03 sys=0.00, real=0.01 secs] 
2014-07-16T15:00:30.596+0000: 3440.783: [GC [PSYoungGen: 270856K->512K(263616K)] 757779K->487507K(950592K), 0.0069630 secs] [Times: user=0.05 sys=0.00, real=0.01 secs] 
2014-07-16T15:00:31.582+0000: 3441.769: [GC [PSYoungGen: 263612K->726K(257280K)] 750607K->487793K(944256K), 0.0097160 secs] [Times: user=0.06 sys=0.00, real=0.01 secs] 
2014-07-16T15:00:32.548+0000: 3442.735: [GC [PSYoungGen: 257238K->818K(251008K)] 744305K->487957K(937984K), 0.0101710 secs] [Times: user=0.06 sys=0.00, real=0.01 secs] 
2014-07-16T15:00:33.519+0000: 3443.707: [GC [PSYoungGen: 250994K->790K(244864K)] 738133K->487985K(931840K), 0.0099760 secs] [Times: user=0.07 sys=0.00, real=0.01 secs] 
2014-07-16T15:00:34.441+0000: 3444.628: [GC [PSYoungGen: 244822K->1150K(239296K)] 732017K->488425K(926272K), 0.0089160 secs] [Times: user=0.06 sys=0.01, real=0.01 secs] 
2014-07-16T15:00:35.344+0000: 3445.531: [GC [PSYoungGen: 239294K->876K(233344K)] 726569K->488379K(920320K), 0.0091470 secs] [Times: user=0.04 sys=0.01, real=0.01 secs] 
2014-07-16T15:00:36.339+0000: 3446.526: [GC [PSYoungGen: 233324K->1300K(280320K)] 720827K->488867K(967296K), 0.0192130 secs] [Times: user=0.12 sys=0.01, real=0.02 secs] 
2014-07-16T15:00:37.342+0000: 3447.529: [GC [PSYoungGen: 280276K->744K(272512K)] 767843K->488499K(959488K), 0.0044610 secs] [Times: user=0.03 sys=0.00, real=0.00 secs] 
2014-07-16T15:00:38.367+0000: 3448.554: [GC [PSYoungGen: 272488K->1260K(266112K)] 760243K->489079K(953088K), 0.0071720 secs] [Times: user=0.04 sys=0.00, real=0.01 secs] 
2014-07-16T15:00:39.357+0000: 3449.544: [GC [PSYoungGen: 266092K->512K(318336K)] 753911K->488379K(1005312K), 0.0137460 secs] [Times: user=0.09 sys=0.00, real=0.01 secs] 
2014-07-16T15:00:40.550+0000: 3450.737: [GC [PSYoungGen: 318336K->1040K(310144K)] 806203K->488979K(997120K), 0.0072280 secs] [Times: user=0.04 sys=0.01, real=0.01 secs] 
2014-07-16T15:00:41.730+0000: 3451.917: [GC [PSYoungGen: 310096K->694K(301376K)] 798035K->488689K(988352K), 0.0050250 secs] [Times: user=0.02 sys=0.01, real=0.01 secs] 
2014-07-16T15:00:42.838+0000: 3453.025: [GC [PSYoungGen: 301326K->880K(293504K)] 789321K->488939K(980480K), 0.0057780 secs] [Times: user=0.03 sys=0.00, real=0.01 secs] 
2014-07-16T15:00:43.920+0000: 3454.107: [GC [PSYoungGen: 293488K->1094K(286016K)] 781547K->489201K(972992K), 0.0085990 secs] [Times: user=0.05 sys=0.00, real=0.01 secs] 
2014-07-16T15:00:45.013+0000: 3455.200: [GC [PSYoungGen: 285957K->744K(278208K)] 774064K->488915K(965184K), 0.0074710 secs] [Times: user=0.04 sys=0.00, real=0.01 secs] 
2014-07-16T15:00:46.076+0000: 3456.264: [GC [PSYoungGen: 278184K->1194K(271488K)] 766355K->489623K(958464K), 0.0040860 secs] [Times: user=0.02 sys=0.00, real=0.00 secs] 
2014-07-16T15:00:47.103+0000: 3457.290: [GC [PSYoungGen: 271466K->800K(264192K)] 759895K->489333K(951168K), 0.0067330 secs] [Times: user=0.04 sys=0.00, real=0.01 secs] 
2014-07-16T15:00:48.067+0000: 3458.254: [GC [PSYoungGen: 264160K->672K(257472K)] 752693K->489301K(944448K), 0.0065290 secs] [Times: user=0.04 sys=0.00, real=0.00 secs] 
2014-07-16T15:00:49.012+0000: 3459.199: [GC [PSYoungGen: 257440K->626K(251008K)] 746069K->489335K(937984K), 0.0050070 secs] [Times: user=0.02 sys=0.00, real=0.01 secs] 
2014-07-16T15:00:49.933+0000: 3460.120: [GC [PSYoungGen: 250976K->1148K(245376K)] 739686K->489905K(932352K), 0.0116330 secs] [Times: user=0.07 sys=0.00, real=0.02 secs] 
2014-07-16T15:00:50.851+0000: 3461.038: [GC [PSYoungGen: 245372K->914K(239296K)] 734129K->489751K(926272K), 0.0075760 secs] [Times: user=0.03 sys=0.00, real=0.01 secs] 
2014-07-16T15:00:51.785+0000: 3461.973: [GC [PSYoungGen: 239236K->1122K(233792K)] 728074K->490055K(920768K), 0.0095350 secs] [Times: user=0.06 sys=0.00, real=0.01 secs] 
2014-07-16T15:00:52.644+0000: 3462.831: [GC [PSYoungGen: 233762K->872K(228032K)] 722695K->489869K(915008K), 0.0089010 secs] [Times: user=0.05 sys=0.00, real=0.01 secs] 
2014-07-16T15:00:53.500+0000: 3463.687: [GC [PSYoungGen: 227988K->1112K(222976K)] 716985K->490181K(909952K), 0.0043150 secs] [Times: user=0.02 sys=0.00, real=0.00 secs] 
2014-07-16T15:00:54.327+0000: 3464.514: [GC [PSYoungGen: 222936K->858K(217600K)] 712005K->489959K(904576K), 0.0076950 secs] [Times: user=0.02 sys=0.01, real=0.01 secs] 
2014-07-16T15:00:55.190+0000: 3465.377: [GC [PSYoungGen: 217562K->1062K(212864K)] 706663K->490637K(899840K), 0.0109290 secs] [Times: user=0.07 sys=0.00, real=0.01 secs] 
2014-07-16T15:00:55.979+0000: 3466.166: [GC [PSYoungGen: 212838K->762K(207808K)] 702413K->490409K(894784K), 0.0069560 secs] [Times: user=0.05 sys=0.00, real=0.01 secs] 
2014-07-16T15:00:56.801+0000: 3466.989: [GC [PSYoungGen: 207793K->912K(203392K)] 697441K->490863K(890368K), 0.0082640 secs] [Times: user=0.05 sys=0.00, real=0.01 secs] 
2014-07-16T15:00:57.542+0000: 3467.729: [GC [PSYoungGen: 203334K->676K(198720K)] 693285K->490715K(885696K), 0.0037760 secs] [Times: user=0.02 sys=0.00, real=0.01 secs] 
2014-07-16T15:00:58.274+0000: 3468.461: [GC [PSYoungGen: 198692K->794K(194560K)] 688731K->490897K(881536K), 0.0069840 secs] [Times: user=0.04 sys=0.00, real=0.01 secs] 
2014-07-16T15:00:59.000+0000: 3469.187: [GC [PSYoungGen: 194522K->480K(190144K)] 684625K->490639K(877120K), 0.0042010 secs] [Times: user=0.02 sys=0.00, real=0.00 secs] 
2014-07-16T15:00:59.685+0000: 3469.872: [GC [PSYoungGen: 190112K->758K(228352K)] 680271K->490957K(915328K), 0.0146960 secs] [Times: user=0.08 sys=0.00, real=0.02 secs] 
2014-07-16T15:01:00.545+0000: 3470.732: [GC [PSYoungGen: 228342K->566K(273728K)] 718541K->490821K(960704K), 0.0095560 secs] [Times: user=0.06 sys=0.00, real=0.01 secs] 
2014-07-16T15:01:01.618+0000: 3471.805: [GC [PSYoungGen: 273718K->1064K(328896K)] 763973K->491383K(1015872K), 0.0114780 secs] [Times: user=0.07 sys=0.01, real=0.01 secs] 
2014-07-16T15:01:02.828+0000: 3473.016: [GC [PSYoungGen: 328872K->1150K(319808K)] 819191K->491565K(1006784K), 0.0075950 secs] [Times: user=0.04 sys=0.00, real=0.01 secs] 
2014-07-16T15:01:04.024+0000: 3474.212: [GC [PSYoungGen: 319806K->870K(310784K)] 810221K->491673K(997760K), 0.0045320 secs] [Times: user=0.02 sys=0.00, real=0.01 secs] 
2014-07-16T15:01:05.155+0000: 3475.342: [GC [PSYoungGen: 310729K->1530K(302976K)] 801533K->492406K(989952K), 0.0066210 secs] [Times: user=0.04 sys=0.00, real=0.01 secs] 
2014-07-16T15:01:06.272+0000: 3476.459: [GC [PSYoungGen: 302970K->868K(294272K)] 793846K->491889K(981248K), 0.0119680 secs] [Times: user=0.09 sys=0.00, real=0.01 secs] 
2014-07-16T15:01:07.545+0000: 3477.732: [GC [PSYoungGen: 294235K->1144K(286720K)] 785257K->492237K(973696K), 0.0147570 secs] [Times: user=0.10 sys=0.00, real=0.02 secs] 
2014-07-16T15:01:08.609+0000: 3478.796: [GC [PSYoungGen: 286627K->1094K(279232K)] 777721K->492251K(966208K), 0.0066300 secs] [Times: user=0.04 sys=0.00, real=0.00 secs] 
2014-07-16T15:01:09.650+0000: 3479.837: [GC [PSYoungGen: 279174K->1268K(272192K)] 770331K->492473K(959168K), 0.0061550 secs] [Times: user=0.02 sys=0.00, real=0.00 secs] 
2014-07-16T15:01:10.657+0000: 3480.844: [GC [PSYoungGen: 272180K->730K(264768K)] 763385K->491975K(951744K), 0.0150980 secs] [Times: user=0.10 sys=0.00, real=0.02 secs] 
2014-07-16T15:01:11.767+0000: 3481.954: [GC [PSYoungGen: 264721K->1348K(258752K)] 755967K->492673K(945728K), 0.0086900 secs] [Times: user=0.05 sys=0.00, real=0.01 secs] 
2014-07-16T15:01:12.714+0000: 3482.901: [GC [PSYoungGen: 258692K->894K(251840K)] 750017K->492259K(938816K), 0.0092020 secs] [Times: user=0.06 sys=0.00, real=0.01 secs] 
2014-07-16T15:01:13.641+0000: 3483.828: [GC [PSYoungGen: 251838K->1286K(246144K)] 743203K->492707K(933120K), 0.0056210 secs] [Times: user=0.03 sys=0.00, real=0.00 secs] 
2014-07-16T15:01:14.561+0000: 3484.748: [GC [PSYoungGen: 246070K->1030K(239936K)] 737492K->492523K(926912K), 0.0078510 secs] [Times: user=0.05 sys=0.00, real=0.01 secs] 
2014-07-16T15:01:15.502+0000: 3485.689: [GC [PSYoungGen: 239848K->1072K(234240K)] 731342K->492661K(921216K), 0.0080410 secs] [Times: user=0.06 sys=0.00, real=0.01 secs] 
2014-07-16T15:01:16.458+0000: 3486.645: [GC [PSYoungGen: 234200K->1046K(228736K)] 725789K->492715K(915712K), 0.0041850 secs] [Times: user=0.03 sys=0.00, real=0.01 secs] 
2014-07-16T15:01:17.320+0000: 3487.507: [GC [PSYoungGen: 228694K->434K(222784K)] 720363K->492167K(909760K), 0.0037690 secs] [Times: user=0.02 sys=0.00, real=0.00 secs] 
2014-07-16T15:01:18.138+0000: 3488.325: [GC [PSYoungGen: 222770K->1016K(218240K)] 714503K->492805K(905216K), 0.0051120 secs] [Times: user=0.03 sys=0.00, real=0.01 secs] 
2014-07-16T15:01:18.938+0000: 3489.125: [GC [PSYoungGen: 218232K->726K(213056K)] 710021K->492579K(900032K), 0.0077330 secs] [Times: user=0.05 sys=0.00, real=0.01 secs] 
2014-07-16T15:01:19.712+0000: 3489.900: [GC [PSYoungGen: 212965K->1426K(209024K)] 704819K->493376K(896000K), 0.0119330 secs] [Times: user=0.08 sys=0.00, real=0.01 secs] 
2014-07-16T15:01:20.474+0000: 3490.661: [GC [PSYoungGen: 208978K->954K(203904K)] 700928K->492959K(890880K), 0.0070500 secs] [Times: user=0.04 sys=0.00, real=0.01 secs] 
2014-07-16T15:01:21.202+0000: 3491.389: [GC [PSYoungGen: 203898K->772K(199360K)] 695903K->492873K(886336K), 0.0062330 secs] [Times: user=0.04 sys=0.00, real=0.00 secs] 
2014-07-16T15:01:22.005+0000: 3492.192: [GC [PSYoungGen: 199228K->968K(195264K)] 691330K->493157K(882240K), 0.0058980 secs] [Times: user=0.03 sys=0.00, real=0.01 secs] 
2014-07-16T15:01:22.706+0000: 3492.894: [GC [PSYoungGen: 195208K->384K(190464K)] 687397K->492629K(877440K), 0.0066380 secs] [Times: user=0.05 sys=0.00, real=0.01 secs] 
2014-07-16T15:01:23.415+0000: 3493.602: [GC [PSYoungGen: 190463K->1576K(187648K)] 682709K->493885K(874624K), 0.0105520 secs] [Times: user=0.07 sys=0.00, real=0.01 secs] 
2014-07-16T15:01:24.132+0000: 3494.320: [GC [PSYoungGen: 187606K->712K(182976K)] 679915K->493101K(869952K), 0.0056850 secs] [Times: user=0.04 sys=0.00, real=0.00 secs] 
2014-07-16T15:01:24.811+0000: 3494.998: [GC [PSYoungGen: 182920K->644K(179200K)] 675309K->493113K(866176K), 0.0077920 secs] [Times: user=0.06 sys=0.00, real=0.00 secs] 
2014-07-16T15:01:25.466+0000: 3495.654: [GC [PSYoungGen: 179140K->580K(175488K)] 671609K->493097K(862464K), 0.0052030 secs] [Times: user=0.02 sys=0.00, real=0.01 secs] 
2014-07-16T15:01:26.101+0000: 3496.289: [GC [PSYoungGen: 175425K->634K(210496K)] 667943K->493223K(897472K), 0.0115190 secs] [Times: user=0.08 sys=0.01, real=0.01 secs] 
2014-07-16T15:01:26.978+0000: 3497.165: [GC [PSYoungGen: 210490K->1196K(206400K)] 703079K->493873K(893376K), 0.0050160 secs] [Times: user=0.02 sys=0.00, real=0.01 secs] 
2014-07-16T15:01:27.718+0000: 3497.905: [GC [PSYoungGen: 206380K->1336K(247616K)] 699057K->494109K(934592K), 0.0118850 secs] [Times: user=0.07 sys=0.00, real=0.02 secs] 
2014-07-16T15:01:28.605+0000: 3498.792: [GC [PSYoungGen: 247608K->812K(296384K)] 740381K->493625K(983360K), 0.0145000 secs] [Times: user=0.08 sys=0.00, real=0.01 secs] 
2014-07-16T15:01:29.703+0000: 3499.890: [GC [PSYoungGen: 296364K->530K(353344K)] 789177K->493391K(1040320K), 0.0133400 secs] [Times: user=0.08 sys=0.00, real=0.01 secs] 
2014-07-16T15:01:31.025+0000: 3501.213: [GC [PSYoungGen: 352146K->1226K(356352K)] 845007K->494159K(1043328K), 0.0088940 secs] [Times: user=0.06 sys=0.00, real=0.01 secs] 
2014-07-16T15:01:32.358+0000: 3502.545: [GC [PSYoungGen: 355850K->516K(344960K)] 848783K->493513K(1031936K), 0.0064650 secs] [Times: user=0.04 sys=0.00, real=0.01 secs] 
2014-07-16T15:01:33.663+0000: 3503.850: [GC [PSYoungGen: 344881K->672K(335296K)] 837878K->493749K(1022272K), 0.0052280 secs] [Times: user=0.04 sys=0.00, real=0.00 secs] 
2014-07-16T15:01:34.905+0000: 3505.092: [GC [PSYoungGen: 335264K->908K(326144K)] 828341K->494049K(1013120K), 0.0091720 secs] [Times: user=0.06 sys=0.00, real=0.01 secs] 
2014-07-16T15:01:36.149+0000: 3506.336: [GC [PSYoungGen: 326092K->998K(317184K)] 819233K->494219K(1004160K), 0.0046100 secs] [Times: user=0.02 sys=0.01, real=0.01 secs] 
2014-07-16T15:01:37.380+0000: 3507.568: [GC [PSYoungGen: 317158K->946K(308416K)] 810379K->494255K(995392K), 0.0157480 secs] [Times: user=0.12 sys=0.00, real=0.02 secs] 
2014-07-16T15:01:38.528+0000: 3508.715: [GC [PSYoungGen: 308377K->912K(300096K)] 801687K->494285K(987072K), 0.0053380 secs] [Times: user=0.03 sys=0.00, real=0.01 secs] 
2014-07-16T15:01:39.639+0000: 3509.827: [GC [PSYoungGen: 300039K->744K(291904K)] 793413K->494189K(978880K), 0.0146570 secs] [Times: user=0.09 sys=0.00, real=0.02 secs] 
2014-07-16T15:01:40.704+0000: 3510.891: [GC [PSYoungGen: 291880K->672K(284160K)] 785325K->494197K(971136K), 0.0103870 secs] [Times: user=0.05 sys=0.01, real=0.01 secs] 
2014-07-16T15:01:41.764+0000: 3511.952: [GC [PSYoungGen: 284080K->698K(276800K)] 777606K->494271K(963776K), 0.0056220 secs] [Times: user=0.03 sys=0.01, real=0.00 secs] 
2014-07-16T15:01:42.802+0000: 3512.989: [GC [PSYoungGen: 276794K->940K(269952K)] 770367K->494601K(956928K), 0.0038930 secs] [Times: user=0.03 sys=0.00, real=0.01 secs] 
2014-07-16T15:01:43.789+0000: 3513.976: [GC [PSYoungGen: 269932K->1050K(263232K)] 763593K->494775K(950208K), 0.0157260 secs] [Times: user=0.10 sys=0.00, real=0.02 secs] 
2014-07-16T15:01:44.754+0000: 3514.941: [GC [PSYoungGen: 263194K->776K(256384K)] 756919K->494565K(943360K), 0.0117540 secs] [Times: user=0.08 sys=0.00, real=0.01 secs] 
2014-07-16T15:01:45.710+0000: 3515.898: [GC [PSYoungGen: 256291K->998K(250240K)] 750081K->494851K(937216K), 0.0069270 secs] [Times: user=0.04 sys=0.00, real=0.01 secs] 
2014-07-16T15:01:46.626+0000: 3516.813: [GC [PSYoungGen: 250214K->448K(243584K)] 744067K->494341K(930560K), 0.0112440 secs] [Times: user=0.07 sys=0.00, real=0.01 secs] 
2014-07-16T15:01:47.528+0000: 3517.715: [GC [PSYoungGen: 243574K->1398K(238656K)] 737467K->495487K(925632K), 0.0050530 secs] [Times: user=0.02 sys=0.00, real=0.01 secs] 
2014-07-16T15:01:48.436+0000: 3518.623: [GC [PSYoungGen: 238646K->1016K(285760K)] 732735K->495323K(972736K), 0.0133360 secs] [Times: user=0.08 sys=0.00, real=0.01 secs] 
2014-07-16T15:01:49.481+0000: 3519.668: [GC [PSYoungGen: 285750K->736K(278080K)] 780057K->495131K(965056K), 0.0057150 secs] [Times: user=0.03 sys=0.00, real=0.01 secs] 
2014-07-16T15:01:50.500+0000: 3520.687: [GC [PSYoungGen: 278048K->544K(270720K)] 772443K->495003K(957696K), 0.0053090 secs] [Times: user=0.02 sys=0.00, real=0.01 secs] 
2014-07-16T15:01:51.506+0000: 3521.693: [GC [PSYoungGen: 270675K->862K(264128K)] 765135K->495385K(951104K), 0.0068940 secs] [Times: user=0.04 sys=0.00, real=0.00 secs] 
2014-07-16T15:01:52.465+0000: 3522.653: [GC [PSYoungGen: 264091K->448K(257088K)] 758615K->495019K(944064K), 0.0088010 secs] [Times: user=0.05 sys=0.00, real=0.01 secs] 
2014-07-16T15:01:53.411+0000: 3523.598: [GC [PSYoungGen: 257088K->562K(250816K)] 751659K->495213K(937792K), 0.0088880 secs] [Times: user=0.06 sys=0.00, real=0.01 secs] 
2014-07-16T15:01:54.345+0000: 3524.532: [GC [PSYoungGen: 250802K->890K(244992K)] 745453K->495621K(931968K), 0.0089530 secs] [Times: user=0.07 sys=0.00, real=0.01 secs] 
2014-07-16T15:01:55.215+0000: 3525.403: [GC [PSYoungGen: 244986K->876K(239104K)] 739717K->495663K(926080K), 0.0129700 secs] [Times: user=0.09 sys=0.00, real=0.01 secs] 
2014-07-16T15:01:56.092+0000: 3526.279: [GC [PSYoungGen: 239084K->612K(233152K)] 733871K->495463K(920128K), 0.0032540 secs] [Times: user=0.02 sys=0.01, real=0.01 secs] 
2014-07-16T15:01:56.939+0000: 3527.126: [GC [PSYoungGen: 233124K->978K(228032K)] 727975K->495893K(915008K), 0.0068160 secs] [Times: user=0.04 sys=0.01, real=0.01 secs] 
2014-07-16T15:01:57.786+0000: 3527.973: [GC [PSYoungGen: 227971K->1116K(222848K)] 722887K->496096K(909824K), 0.0068630 secs] [Times: user=0.04 sys=0.00, real=0.00 secs] 
2014-07-16T15:01:58.603+0000: 3528.790: [GC [PSYoungGen: 222769K->758K(217344K)] 717749K->495801K(904320K), 0.0037640 secs] [Times: user=0.02 sys=0.00, real=0.01 secs] 
2014-07-16T15:01:59.544+0000: 3529.731: [GC [PSYoungGen: 217334K->736K(212416K)] 712377K->495851K(899392K), 0.0039620 secs] [Times: user=0.02 sys=0.00, real=0.01 secs] 
2014-07-16T15:02:00.378+0000: 3530.565: [GC [PSYoungGen: 212361K->1168K(208128K)] 707477K->496363K(895104K), 0.0101840 secs] [Times: user=0.07 sys=0.00, real=0.01 secs] 
2014-07-16T15:02:01.226+0000: 3531.413: [GC [PSYoungGen: 208080K->722K(203136K)] 703275K->495981K(890112K), 0.0087000 secs] [Times: user=0.05 sys=0.00, real=0.00 secs] 
2014-07-16T15:02:01.970+0000: 3532.157: [GC [PSYoungGen: 203090K->1468K(244352K)] 698349K->497066K(931328K), 0.0157880 secs] [Times: user=0.10 sys=0.00, real=0.02 secs] 
2014-07-16T15:02:02.921+0000: 3533.108: [GC [PSYoungGen: 244348K->758K(292224K)] 739945K->496835K(979200K), 0.0061640 secs] [Times: user=0.04 sys=0.00, real=0.01 secs] 
2014-07-16T15:02:03.999+0000: 3534.186: [GC [PSYoungGen: 292190K->786K(284608K)] 788268K->496951K(971584K), 0.0058730 secs] [Times: user=0.03 sys=0.00, real=0.00 secs] 
2014-07-16T15:02:05.043+0000: 3535.230: [GC [PSYoungGen: 284538K->944K(277312K)] 780704K->497280K(964288K), 0.0064670 secs] [Times: user=0.04 sys=0.00, real=0.01 secs] 
2014-07-16T15:02:06.114+0000: 3536.301: [GC [PSYoungGen: 277296K->1446K(270720K)] 773632K->497846K(957696K), 0.0060600 secs] [Times: user=0.03 sys=0.00, real=0.01 secs] 
2014-07-16T15:02:07.111+0000: 3537.298: [GC [PSYoungGen: 270694K->448K(262848K)] 767094K->496887K(949824K), 0.0046630 secs] [Times: user=0.02 sys=0.00, real=0.00 secs] 
2014-07-16T15:02:08.213+0000: 3538.400: [GC [PSYoungGen: 262824K->1008K(256832K)] 759264K->497528K(943808K), 0.0069400 secs] [Times: user=0.04 sys=0.00, real=0.01 secs] 
2014-07-16T15:02:09.163+0000: 3539.350: [GC [PSYoungGen: 256816K->818K(307840K)] 753336K->497393K(994816K), 0.0257400 secs] [Times: user=0.19 sys=0.00, real=0.03 secs] 
2014-07-16T15:02:10.307+0000: 3540.494: [GC [PSYoungGen: 307826K->1340K(332224K)] 804401K->498004K(1019200K), 0.0085240 secs] [Times: user=0.06 sys=0.00, real=0.00 secs] 
2014-07-16T15:02:11.528+0000: 3541.715: [GC [PSYoungGen: 331872K->744K(322048K)] 828536K->497487K(1009024K), 0.0073810 secs] [Times: user=0.04 sys=0.00, real=0.00 secs] 
2014-07-16T15:02:12.741+0000: 3542.928: [GC [PSYoungGen: 322024K->576K(312960K)] 818767K->497407K(999936K), 0.0044030 secs] [Times: user=0.03 sys=0.00, real=0.00 secs] 
2014-07-16T15:02:13.889+0000: 3544.076: [GC [PSYoungGen: 312960K->626K(304512K)] 809791K->497561K(991488K), 0.0079660 secs] [Times: user=0.03 sys=0.00, real=0.00 secs] 
2014-07-16T15:02:15.026+0000: 3545.213: [GC [PSYoungGen: 304498K->530K(296256K)] 801433K->497537K(983232K), 0.0078420 secs] [Times: user=0.04 sys=0.00, real=0.01 secs] 
2014-07-16T15:02:16.095+0000: 3546.282: [GC [PSYoungGen: 296210K->512K(288320K)] 793217K->497591K(975296K), 0.0066120 secs] [Times: user=0.04 sys=0.00, real=0.01 secs] 
2014-07-16T15:02:17.194+0000: 3547.382: [GC [PSYoungGen: 288296K->976K(281280K)] 785376K->498128K(968256K), 0.0126660 secs] [Times: user=0.09 sys=0.00, real=0.01 secs] 
2014-07-16T15:02:18.303+0000: 3548.490: [GC [PSYoungGen: 281232K->862K(273856K)] 778384K->498126K(960832K), 0.0062470 secs] [Times: user=0.05 sys=0.00, real=0.01 secs] 
2014-07-16T15:02:19.322+0000: 3549.509: [GC [PSYoungGen: 273803K->1240K(267264K)] 771067K->498600K(954240K), 0.0068770 secs] [Times: user=0.04 sys=0.00, real=0.01 secs] 
2014-07-16T15:02:20.359+0000: 3550.546: [GC [PSYoungGen: 267224K->950K(260224K)] 764584K->498397K(947200K), 0.0049020 secs] [Times: user=0.02 sys=0.00, real=0.00 secs] 
2014-07-16T15:02:21.310+0000: 3551.497: [GC [PSYoungGen: 260214K->894K(253696K)] 757661K->498406K(940672K), 0.0079970 secs] [Times: user=0.06 sys=0.00, real=0.00 secs] 
2014-07-16T15:02:22.260+0000: 3552.448: [GC [PSYoungGen: 253694K->1394K(248000K)] 751206K->498970K(934976K), 0.0045860 secs] [Times: user=0.03 sys=0.00, real=0.00 secs] 
2014-07-16T15:02:23.183+0000: 3553.370: [GC [PSYoungGen: 247986K->836K(241472K)] 745562K->498515K(928448K), 0.0133610 secs] [Times: user=0.08 sys=0.00, real=0.01 secs] 
2014-07-16T15:02:24.062+0000: 3554.249: [GC [PSYoungGen: 241412K->904K(235776K)] 739091K->498639K(922752K), 0.0064850 secs] [Times: user=0.03 sys=0.00, real=0.00 secs] 
2014-07-16T15:02:24.942+0000: 3555.130: [GC [PSYoungGen: 235720K->1408K(230720K)] 733455K->499192K(917696K), 0.0056010 secs] [Times: user=0.03 sys=0.01, real=0.00 secs] 
2014-07-16T15:02:25.784+0000: 3555.971: [GC [PSYoungGen: 230656K->812K(224704K)] 728440K->498659K(911680K), 0.0054550 secs] [Times: user=0.03 sys=0.00, real=0.01 secs] 
2014-07-16T15:02:26.602+0000: 3556.789: [GC [PSYoungGen: 224682K->1254K(219968K)] 722530K->499198K(906944K), 0.0085070 secs] [Times: user=0.05 sys=0.00, real=0.01 secs] 
2014-07-16T15:02:27.414+0000: 3557.601: [GC [PSYoungGen: 219880K->908K(214656K)] 717824K->498932K(901632K), 0.0084650 secs] [Times: user=0.03 sys=0.00, real=0.01 secs] 
2014-07-16T15:02:28.214+0000: 3558.401: [GC [PSYoungGen: 214604K->1512K(210432K)] 712628K->499592K(897408K), 0.0088790 secs] [Times: user=0.06 sys=0.01, real=0.01 secs] 
2014-07-16T15:02:28.991+0000: 3559.178: [GC [PSYoungGen: 210408K->866K(205120K)] 708488K->499142K(892096K), 0.0080130 secs] [Times: user=0.05 sys=0.01, real=0.01 secs] 
2014-07-16T15:02:29.762+0000: 3559.949: [GC [PSYoungGen: 205090K->1424K(246592K)] 703366K->499796K(933568K), 0.0151290 secs] [Times: user=0.11 sys=0.00, real=0.01 secs] 
2014-07-16T15:02:30.698+0000: 3560.885: [GC [PSYoungGen: 246544K->818K(294976K)] 744916K->499253K(981952K), 0.0048270 secs] [Times: user=0.03 sys=0.00, real=0.01 secs] 
2014-07-16T15:02:31.899+0000: 3562.086: [GC [PSYoungGen: 294962K->862K(287232K)] 793397K->499346K(974208K), 0.0050540 secs] [Times: user=0.03 sys=0.00, real=0.01 secs] 
2014-07-16T15:02:33.058+0000: 3563.245: [GC [PSYoungGen: 287198K->1176K(280064K)] 785682K->499740K(967040K), 0.0072560 secs] [Times: user=0.05 sys=0.01, real=0.01 secs] 
2014-07-16T15:02:34.088+0000: 3564.276: [GC [PSYoungGen: 280024K->1278K(272896K)] 778588K->499930K(959872K), 0.0057430 secs] [Times: user=0.03 sys=0.00, real=0.01 secs] 
2014-07-16T15:02:35.090+0000: 3565.277: [GC [PSYoungGen: 272894K->898K(265664K)] 771546K->499590K(952640K), 0.0057520 secs] [Times: user=0.02 sys=0.00, real=0.01 secs] 
2014-07-16T15:02:36.070+0000: 3566.257: [GC [PSYoungGen: 265602K->1046K(259136K)] 764294K->499818K(946112K), 0.0067940 secs] [Times: user=0.04 sys=0.01, real=0.01 secs] 
2014-07-16T15:02:37.063+0000: 3567.250: [GC [PSYoungGen: 259094K->722K(252416K)] 757866K->499589K(939392K), 0.0085030 secs] [Times: user=0.05 sys=0.00, real=0.01 secs] 
2014-07-16T15:02:38.076+0000: 3568.263: [GC [PSYoungGen: 252334K->608K(246080K)] 751202K->499515K(933056K), 0.0142720 secs] [Times: user=0.08 sys=0.01, real=0.01 secs] 
2014-07-16T15:02:38.968+0000: 3569.155: [GC [PSYoungGen: 246048K->608K(240128K)] 744955K->499587K(927104K), 0.0086770 secs] [Times: user=0.05 sys=0.00, real=0.01 secs] 
2014-07-16T15:02:39.861+0000: 3570.049: [GC [PSYoungGen: 240067K->880K(234624K)] 739047K->499956K(921600K), 0.0067080 secs] [Times: user=0.05 sys=0.00, real=0.00 secs] 
2014-07-16T15:02:40.747+0000: 3570.934: [GC [PSYoungGen: 234535K->644K(228928K)] 733610K->499791K(915904K), 0.0106950 secs] [Times: user=0.07 sys=0.00, real=0.01 secs] 
2014-07-16T15:02:41.606+0000: 3571.793: [GC [PSYoungGen: 228868K->704K(223616K)] 728015K->499947K(910592K), 0.0081040 secs] [Times: user=0.06 sys=0.00, real=0.01 secs] 
2014-07-16T15:02:42.458+0000: 3572.645: [GC [PSYoungGen: 223616K->762K(218560K)] 722859K->500046K(905536K), 0.0041550 secs] [Times: user=0.02 sys=0.01, real=0.01 secs] 
2014-07-16T15:02:43.271+0000: 3573.458: [GC [PSYoungGen: 218554K->1086K(213952K)] 717838K->500442K(900928K), 0.0109060 secs] [Times: user=0.08 sys=0.00, real=0.02 secs] 
2014-07-16T15:02:44.036+0000: 3574.223: [GC [PSYoungGen: 213950K->480K(256000K)] 713306K->499883K(942976K), 0.0110960 secs] [Times: user=0.07 sys=0.00, real=0.01 secs] 
2014-07-16T15:02:44.961+0000: 3575.148: [GC [PSYoungGen: 255968K->722K(249920K)] 755371K->500229K(936896K), 0.0051600 secs] [Times: user=0.02 sys=0.00, real=0.01 secs] 
2014-07-16T15:02:45.872+0000: 3576.059: [GC [PSYoungGen: 249874K->448K(243520K)] 749381K->500035K(930496K), 0.0073220 secs] [Times: user=0.05 sys=0.00, real=0.00 secs] 
2014-07-16T15:02:46.767+0000: 3576.954: [GC [PSYoungGen: 243520K->876K(238080K)] 743107K->500552K(925056K), 0.0100390 secs] [Times: user=0.08 sys=0.00, real=0.01 secs] 
2014-07-16T15:02:47.646+0000: 3577.833: [GC [PSYoungGen: 238060K->626K(285312K)] 737736K->500373K(972288K), 0.0156630 secs] [Times: user=0.10 sys=0.00, real=0.01 secs] 
2014-07-16T15:02:48.729+0000: 3578.916: [GC [PSYoungGen: 285298K->740K(342400K)] 785045K->500559K(1029376K), 0.0146640 secs] [Times: user=0.09 sys=0.00, real=0.02 secs] 
2014-07-16T15:02:49.992+0000: 3580.180: [GC [PSYoungGen: 342371K->1090K(344128K)] 842191K->500974K(1031104K), 0.0066600 secs] [Times: user=0.03 sys=0.00, real=0.01 secs] 
2014-07-16T15:02:51.288+0000: 3581.475: [GC [PSYoungGen: 343810K->1376K(334400K)] 843694K->501332K(1021376K), 0.0073180 secs] [Times: user=0.05 sys=0.00, real=0.01 secs] 
2014-07-16T15:02:52.523+0000: 3582.710: [GC [PSYoungGen: 334368K->64K(323712K)] 834324K->500403K(1010688K), 0.0086900 secs] [Times: user=0.06 sys=0.00, real=0.00 secs] 
2014-07-16T15:02:53.846+0000: 3584.033: [GC [PSYoungGen: 323667K->1586K(316288K)] 824007K->502178K(1003264K), 0.0108360 secs] [Times: user=0.08 sys=0.00, real=0.01 secs] 
2014-07-16T15:02:54.968+0000: 3585.156: [GC [PSYoungGen: 316273K->616K(306688K)] 816865K->501786K(993664K), 0.0081380 secs] [Times: user=0.05 sys=0.00, real=0.01 secs] 
2014-07-16T15:02:56.111+0000: 3586.298: [GC [PSYoungGen: 306664K->786K(298624K)] 807834K->502102K(985600K), 0.0067410 secs] [Times: user=0.04 sys=0.00, real=0.01 secs] 
2014-07-16T15:02:57.243+0000: 3587.430: [GC [PSYoungGen: 298578K->544K(290432K)] 799894K->501956K(977408K), 0.0036250 secs] [Times: user=0.03 sys=0.00, real=0.01 secs] 
2014-07-16T15:02:58.317+0000: 3588.504: [GC [PSYoungGen: 290400K->480K(282752K)] 791812K->501948K(969728K), 0.0040770 secs] [Times: user=0.02 sys=0.00, real=0.00 secs] 
2014-07-16T15:02:59.365+0000: 3589.552: [GC [PSYoungGen: 282720K->890K(275776K)] 784188K->502438K(962752K), 0.0095820 secs] [Times: user=0.06 sys=0.00, real=0.01 secs] 
2014-07-16T15:03:00.383+0000: 3590.570: [GC [PSYoungGen: 275770K->1122K(268992K)] 777318K->502750K(955968K), 0.0056690 secs] [Times: user=0.02 sys=0.00, real=0.01 secs] 
2014-07-16T15:03:01.410+0000: 3591.597: [GC [PSYoungGen: 268913K->1254K(262336K)] 770542K->502954K(949312K), 0.0051970 secs] [Times: user=0.02 sys=0.00, real=0.01 secs] 
2014-07-16T15:03:02.346+0000: 3592.533: [GC [PSYoungGen: 262310K->708K(255296K)] 764010K->502480K(942272K), 0.0081860 secs] [Times: user=0.05 sys=0.00, real=0.01 secs] 
2014-07-16T15:03:03.357+0000: 3593.544: [GC [PSYoungGen: 255236K->1290K(249600K)] 757008K->503150K(936576K), 0.0068910 secs] [Times: user=0.04 sys=0.00, real=0.00 secs] 
2014-07-16T15:03:04.316+0000: 3594.503: [GC [PSYoungGen: 249546K->962K(243200K)] 751406K->502886K(930176K), 0.0069440 secs] [Times: user=0.05 sys=0.00, real=0.00 secs] 
2014-07-16T15:03:05.215+0000: 3595.402: [GC [PSYoungGen: 243090K->1054K(237440K)] 745014K->503074K(924416K), 0.0061380 secs] [Times: user=0.03 sys=0.00, real=0.00 secs] 
2014-07-16T15:03:06.098+0000: 3596.285: [GC [PSYoungGen: 237406K->1260K(232000K)] 739426K->503360K(918976K), 0.0095070 secs] [Times: user=0.05 sys=0.00, real=0.01 secs] 
2014-07-16T15:03:06.923+0000: 3597.110: [GC [PSYoungGen: 231980K->890K(226176K)] 734080K->503078K(913152K), 0.0106290 secs] [Times: user=0.08 sys=0.00, real=0.01 secs] 
2014-07-16T15:03:07.773+0000: 3597.960: [GC [PSYoungGen: 226170K->1168K(221248K)] 728358K->503412K(908224K), 0.0096950 secs] [Times: user=0.06 sys=0.00, real=0.01 secs] 
2014-07-16T15:03:08.563+0000: 3598.751: [GC [PSYoungGen: 221179K->1048K(216064K)] 723423K->503348K(903040K), 0.0074540 secs] [Times: user=0.05 sys=0.00, real=0.01 secs] 
2014-07-16T15:03:09.356+0000: 3599.543: [GC [PSYoungGen: 216024K->434K(210560K)] 718324K->502774K(897536K), 0.0066780 secs] [Times: user=0.03 sys=0.01, real=0.00 secs] 
2014-07-16T15:03:10.169+0000: 3600.356: [GC [PSYoungGen: 210546K->722K(206208K)] 712886K->503126K(893184K), 0.0073260 secs] [Times: user=0.05 sys=0.00, real=0.01 secs] 
2014-07-16T15:03:10.932+0000: 3601.120: [GC [PSYoungGen: 206156K->1076K(201984K)] 708560K->503544K(888960K), 0.0061770 secs] [Times: user=0.03 sys=0.00, real=0.01 secs] 
2014-07-16T15:03:11.684+0000: 3601.871: [GC [PSYoungGen: 201972K->498K(197056K)] 704440K->503038K(884032K), 0.0075750 secs] [Times: user=0.05 sys=0.00, real=0.01 secs] 
2014-07-16T15:03:12.408+0000: 3602.595: [GC [PSYoungGen: 197032K->1012K(193344K)] 699572K->503632K(880320K), 0.0060170 secs] [Times: user=0.03 sys=0.00, real=0.00 secs] 
2014-07-16T15:03:13.191+0000: 3603.378: [GC [PSYoungGen: 193332K->1246K(189504K)] 695952K->503938K(876480K), 0.0086750 secs] [Times: user=0.06 sys=0.00, real=0.01 secs] 
2014-07-16T15:03:13.828+0000: 3604.015: [GC [PSYoungGen: 189470K->1026K(185344K)] 692162K->503766K(872320K), 0.0050390 secs] [Times: user=0.03 sys=0.00, real=0.00 secs] 
2014-07-16T15:03:14.521+0000: 3604.708: [GC [PSYoungGen: 185282K->416K(180864K)] 688022K->503220K(867840K), 0.0058060 secs] [Times: user=0.04 sys=0.00, real=0.01 secs] 
2014-07-16T15:03:15.228+0000: 3605.415: [GC [PSYoungGen: 180812K->1340K(178048K)] 683616K->504224K(865024K), 0.0091710 secs] [Times: user=0.07 sys=0.00, real=0.01 secs] 
2014-07-16T15:03:15.846+0000: 3606.033: [GC [PSYoungGen: 178014K->1022K(213120K)] 680898K->504010K(900096K), 0.0087760 secs] [Times: user=0.06 sys=0.00, real=0.00 secs] 
2014-07-16T15:03:16.621+0000: 3606.808: [GC [PSYoungGen: 213118K->876K(255424K)] 716106K->503944K(942400K), 0.0076770 secs] [Times: user=0.05 sys=0.00, real=0.01 secs] 
2014-07-16T15:03:17.580+0000: 3607.767: [GC [PSYoungGen: 255402K->880K(249152K)] 758470K->504012K(936128K), 0.0088060 secs] [Times: user=0.05 sys=0.00, real=0.01 secs] 
2014-07-16T15:03:18.506+0000: 3608.693: [GC [PSYoungGen: 249077K->894K(243072K)] 752209K->504090K(930048K), 0.0043870 secs] [Times: user=0.03 sys=0.00, real=0.01 secs] 
2014-07-16T15:03:19.437+0000: 3609.624: [GC [PSYoungGen: 243037K->780K(237184K)] 746233K->504032K(924160K), 0.0035350 secs] [Times: user=0.02 sys=0.00, real=0.00 secs] 
2014-07-16T15:03:20.285+0000: 3610.472: [GC [PSYoungGen: 237084K->1148K(231872K)] 740336K->504480K(918848K), 0.0087460 secs] [Times: user=0.06 sys=0.00, real=0.01 secs] 
2014-07-16T15:03:21.181+0000: 3611.368: [GC [PSYoungGen: 231868K->1024K(226304K)] 735200K->504452K(913280K), 0.0107160 secs] [Times: user=0.07 sys=0.00, real=0.01 secs] 
2014-07-16T15:03:22.023+0000: 3612.210: [GC [PSYoungGen: 226304K->1534K(221568K)] 729732K->505404K(908544K), 0.0049490 secs] [Times: user=0.03 sys=0.00, real=0.01 secs] 
2014-07-16T15:03:22.808+0000: 3612.996: [GC [PSYoungGen: 221566K->512K(215488K)] 725436K->504438K(902464K), 0.0045740 secs] [Times: user=0.02 sys=0.00, real=0.00 secs] 
2014-07-16T15:03:23.683+0000: 3613.870: [GC [PSYoungGen: 215487K->1132K(211264K)] 719414K->505134K(898240K), 0.0044700 secs] [Times: user=0.02 sys=0.00, real=0.00 secs] 
2014-07-16T15:03:24.455+0000: 3614.642: [GC [PSYoungGen: 211244K->826K(206272K)] 715246K->504916K(893248K), 0.0084320 secs] [Times: user=0.05 sys=0.00, real=0.01 secs] 
2014-07-16T15:03:25.212+0000: 3615.399: [GC [PSYoungGen: 206181K->1148K(202048K)] 710271K->505302K(889024K), 0.0050010 secs] [Times: user=0.02 sys=0.01, real=0.00 secs] 
2014-07-16T15:03:25.974+0000: 3616.161: [GC [PSYoungGen: 202044K->594K(197184K)] 706198K->504812K(884160K), 0.0111560 secs] [Times: user=0.06 sys=0.00, real=0.01 secs] 
2014-07-16T15:03:26.667+0000: 3616.854: [GC [PSYoungGen: 197138K->448K(236352K)] 701356K->504706K(923328K), 0.0109700 secs] [Times: user=0.07 sys=0.00, real=0.01 secs] 
2014-07-16T15:03:27.532+0000: 3617.719: [GC [PSYoungGen: 236352K->894K(231168K)] 740610K->505200K(918144K), 0.0047210 secs] [Times: user=0.03 sys=0.00, real=0.00 secs] 
2014-07-16T15:03:28.473+0000: 3618.660: [GC [PSYoungGen: 231165K->980K(225920K)] 735471K->505350K(912896K), 0.0089020 secs] [Times: user=0.05 sys=0.00, real=0.01 secs] 
2014-07-16T15:03:29.259+0000: 3619.446: [GC [PSYoungGen: 225876K->512K(220224K)] 730246K->504970K(907200K), 0.0058230 secs] [Times: user=0.04 sys=0.00, real=0.00 secs] 
2014-07-16T15:03:30.069+0000: 3620.256: [GC [PSYoungGen: 220224K->1204K(215936K)] 724682K->505750K(902912K), 0.0113140 secs] [Times: user=0.08 sys=0.00, real=0.02 secs] 
2014-07-16T15:03:30.865+0000: 3621.052: [GC [PSYoungGen: 215924K->626K(210496K)] 720470K->505236K(897472K), 0.0066550 secs] [Times: user=0.04 sys=0.00, real=0.01 secs] 
2014-07-16T15:03:31.654+0000: 3621.842: [GC [PSYoungGen: 210482K->952K(206144K)] 715092K->505602K(893120K), 0.0068180 secs] [Times: user=0.02 sys=0.01, real=0.01 secs] 
2014-07-16T15:03:32.434+0000: 3622.622: [GC [PSYoungGen: 206136K->994K(247296K)] 710786K->505708K(934272K), 0.0134990 secs] [Times: user=0.09 sys=0.00, real=0.01 secs] 
2014-07-16T15:03:33.405+0000: 3623.592: [GC [PSYoungGen: 247263K->978K(241280K)] 751977K->505756K(928256K), 0.0044610 secs] [Times: user=0.03 sys=0.00, real=0.01 secs] 
2014-07-16T15:03:34.264+0000: 3624.452: [GC [PSYoungGen: 241204K->912K(235456K)] 745983K->505746K(922432K), 0.0037440 secs] [Times: user=0.02 sys=0.00, real=0.00 secs] 
2014-07-16T15:03:35.216+0000: 3625.403: [GC [PSYoungGen: 235408K->1330K(230272K)] 740242K->506260K(917248K), 0.0090630 secs] [Times: user=0.06 sys=0.00, real=0.01 secs] 
2014-07-16T15:03:36.419+0000: 3626.607: [GC [PSYoungGen: 230233K->702K(224256K)] 735163K->505804K(911232K), 0.0103110 secs] [Times: user=0.07 sys=0.00, real=0.01 secs] 
2014-07-16T15:03:37.635+0000: 3627.822: [GC [PSYoungGen: 224200K->784K(219200K)] 729302K->505958K(906176K), 0.0103840 secs] [Times: user=0.07 sys=0.00, real=0.01 secs] 
2014-07-16T15:03:38.897+0000: 3629.084: [GC [PSYoungGen: 219108K->1088K(214528K)] 724282K->506318K(901504K), 0.0096050 secs] [Times: user=0.07 sys=0.00, real=0.01 secs] 
2014-07-16T15:03:40.232+0000: 3630.419: [GC [PSYoungGen: 214380K->934K(209536K)] 719610K->506244K(896512K), 0.0115520 secs] [Times: user=0.08 sys=0.00, real=0.01 secs] 
2014-07-16T15:03:41.672+0000: 3631.859: [GC [PSYoungGen: 209510K->502K(204480K)] 714820K->505868K(891456K), 0.0086950 secs] [Times: user=0.05 sys=0.00, real=0.01 secs] 
Heap
 PSYoungGen      total 204480K, used 150465K [0x0000000755560000, 0x0000000768250000, 0x0000000800000000)
  eden space 203968K, 73% used [0x0000000755560000,0x000000075e7d2f50,0x0000000761c90000)
  from space 512K, 98% used [0x00000007681d0000,0x000000076824d840,0x0000000768250000)
  to   space 1472K, 0% used [0x0000000767f70000,0x0000000767f70000,0x00000007680e0000)
 ParOldGen       total 686976K, used 505366K [0x0000000600000000, 0x0000000629ee0000, 0x0000000755560000)
  object space 686976K, 73% used [0x0000000600000000,0x000000061ed858c0,0x0000000629ee0000)
 PSPermGen       total 21248K, used 11783K [0x00000005f5a00000, 0x00000005f6ec0000, 0x0000000600000000)
  object space 21248K, 55% used [0x00000005f5a00000,0x00000005f6581ff0,0x00000005f6ec0000)
