2014-07-16T15:21:48.425+0000: 22.747: [GC [PSYoungGen: 257728K->14738K(300608K)] 257728K->14746K(987584K), 0.0580020 secs] [Times: user=0.33 sys=0.01, real=0.06 secs] 
2014-07-16T15:21:52.710+0000: 27.031: [GC [PSYoungGen: 272466K->17075K(300608K)] 272474K->17091K(987584K), 0.0337770 secs] [Times: user=0.23 sys=0.02, real=0.03 secs] 
2014-07-16T15:21:54.651+0000: 28.973: [GC [PSYoungGen: 274803K->24375K(300608K)] 274819K->24399K(987584K), 0.0161300 secs] [Times: user=0.09 sys=0.00, real=0.02 secs] 
2014-07-16T15:21:56.836+0000: 31.157: [GC [PSYoungGen: 282103K->29579K(300608K)] 282127K->29611K(987584K), 0.0178590 secs] [Times: user=0.11 sys=0.01, real=0.02 secs] 
2014-07-16T15:21:58.975+0000: 33.296: [GC [PSYoungGen: 287307K->33590K(284928K)] 287339K->33622K(971904K), 0.0178910 secs] [Times: user=0.11 sys=0.01, real=0.02 secs] 
2014-07-16T15:22:00.880+0000: 35.201: [GC [PSYoungGen: 284918K->35775K(282624K)] 284950K->35815K(969600K), 0.0116470 secs] [Times: user=0.05 sys=0.01, real=0.01 secs] 
2014-07-16T15:22:02.661+0000: 36.983: [GC [PSYoungGen: 280959K->22614K(288256K)] 280999K->38005K(975232K), 0.0431190 secs] [Times: user=0.29 sys=0.03, real=0.04 secs] 
2014-07-16T15:22:04.494+0000: 38.815: [GC [PSYoungGen: 267798K->9980K(530624K)] 283189K->38398K(1217600K), 0.0191770 secs] [Times: user=0.12 sys=0.03, real=0.02 secs] 
2014-07-16T15:22:07.615+0000: 41.937: [GC [PSYoungGen: 499260K->5901K(479232K)] 527678K->40915K(1166208K), 0.0058190 secs] [Times: user=0.02 sys=0.01, real=0.01 secs] 
2014-07-16T15:22:10.487+0000: 44.808: [GC [PSYoungGen: 479181K->4389K(487680K)] 514195K->42096K(1174656K), 0.0068780 secs] [Times: user=0.04 sys=0.01, real=0.01 secs] 
2014-07-16T15:22:13.292+0000: 47.613: [GC [PSYoungGen: 462373K->1177K(444608K)] 500080K->42367K(1131584K), 0.0093890 secs] [Times: user=0.06 sys=0.00, real=0.01 secs] 
2014-07-16T15:22:15.714+0000: 50.036: [GC [PSYoungGen: 444569K->996K(460736K)] 485759K->42731K(1147712K), 0.0120950 secs] [Times: user=0.07 sys=0.00, real=0.01 secs] 
2014-07-16T15:22:18.010+0000: 52.331: [GC [PSYoungGen: 430372K->1262K(417280K)] 472107K->43312K(1104256K), 0.0047080 secs] [Times: user=0.02 sys=0.00, real=0.00 secs] 
2014-07-16T15:22:20.235+0000: 54.556: [GC [PSYoungGen: 417262K->634K(434112K)] 459312K->42699K(1121088K), 0.0034980 secs] [Times: user=0.01 sys=0.00, real=0.00 secs] 
2014-07-16T15:22:22.275+0000: 56.596: [GC [PSYoungGen: 403834K->808K(391744K)] 445899K->42905K(1078720K), 0.0073060 secs] [Times: user=0.03 sys=0.01, real=0.01 secs] 
2014-07-16T15:22:24.161+0000: 58.482: [GC [PSYoungGen: 391720K->534K(408384K)] 433817K->42679K(1095360K), 0.0086950 secs] [Times: user=0.05 sys=0.00, real=0.01 secs] 
2014-07-16T15:22:25.979+0000: 60.300: [GC [PSYoungGen: 379670K->694K(368576K)] 421815K->42919K(1055552K), 0.0054610 secs] [Times: user=0.03 sys=0.00, real=0.01 secs] 
2014-07-16T15:22:27.877+0000: 62.199: [GC [PSYoungGen: 368524K->858K(383936K)] 410750K->43115K(1070912K), 0.0080240 secs] [Times: user=0.02 sys=0.00, real=0.01 secs] 
2014-07-16T15:22:29.577+0000: 63.899: [GC [PSYoungGen: 357882K->826K(347520K)] 400140K->43155K(1034496K), 0.0049740 secs] [Times: user=0.01 sys=0.00, real=0.01 secs] 
2014-07-16T15:22:31.239+0000: 65.561: [GC [PSYoungGen: 347514K->858K(361024K)] 389843K->43227K(1048000K), 0.0045200 secs] [Times: user=0.01 sys=0.00, real=0.01 secs] 
2014-07-16T15:22:32.905+0000: 67.227: [GC [PSYoungGen: 337626K->854K(328128K)] 379995K->43279K(1015104K), 0.0033670 secs] [Times: user=0.01 sys=0.00, real=0.00 secs] 
2014-07-16T15:22:34.464+0000: 68.786: [GC [PSYoungGen: 328071K->748K(339776K)] 370497K->43229K(1026752K), 0.0082510 secs] [Times: user=0.04 sys=0.00, real=0.00 secs] 
2014-07-16T15:22:35.917+0000: 70.238: [GC [PSYoungGen: 318828K->630K(309952K)] 361309K->43167K(996928K), 0.0047470 secs] [Times: user=0.02 sys=0.01, real=0.00 secs] 
2014-07-16T15:22:37.232+0000: 71.554: [GC [PSYoungGen: 309942K->698K(320000K)] 352479K->43275K(1006976K), 0.0061030 secs] [Times: user=0.02 sys=0.00, real=0.01 secs] 
2014-07-16T15:22:38.512+0000: 72.833: [GC [PSYoungGen: 301626K->840K(293760K)] 344203K->43473K(980736K), 0.0073240 secs] [Times: user=0.03 sys=0.00, real=0.01 secs] 
2014-07-16T15:22:39.665+0000: 73.986: [GC [PSYoungGen: 293683K->1108K(301504K)] 336316K->43822K(988480K), 0.0045490 secs] [Times: user=0.01 sys=0.01, real=0.00 secs] 
2014-07-16T15:22:40.778+0000: 75.100: [GC [PSYoungGen: 286228K->940K(278656K)] 328942K->43717K(965632K), 0.0055520 secs] [Times: user=0.02 sys=0.00, real=0.01 secs] 
2014-07-16T15:22:41.838+0000: 76.160: [GC [PSYoungGen: 278636K->1040K(284544K)] 321413K->43905K(971520K), 0.0045140 secs] [Times: user=0.02 sys=0.01, real=0.00 secs] 
2014-07-16T15:22:42.860+0000: 77.181: [GC [PSYoungGen: 271562K->726K(264384K)] 314428K->43663K(951360K), 0.0053800 secs] [Times: user=0.02 sys=0.00, real=0.01 secs] 
2014-07-16T15:22:43.828+0000: 78.149: [GC [PSYoungGen: 264333K->844K(268928K)] 307271K->43837K(955904K), 0.0068290 secs] [Times: user=0.02 sys=0.00, real=0.01 secs] 
2014-07-16T15:22:44.789+0000: 79.110: [GC [PSYoungGen: 257804K->966K(251584K)] 300797K->43999K(938560K), 0.0034440 secs] [Times: user=0.01 sys=0.00, real=0.00 secs] 
2014-07-16T15:22:45.715+0000: 80.036: [GC [PSYoungGen: 251526K->1008K(254528K)] 294559K->44113K(941504K), 0.0092330 secs] [Times: user=0.02 sys=0.00, real=0.01 secs] 
2014-07-16T15:22:46.649+0000: 80.970: [GC [PSYoungGen: 245424K->758K(239296K)] 288529K->43935K(926272K), 0.0049640 secs] [Times: user=0.02 sys=0.00, real=0.00 secs] 
2014-07-16T15:22:47.627+0000: 81.949: [GC [PSYoungGen: 239286K->1790K(240896K)] 282463K->45015K(927872K), 0.0098120 secs] [Times: user=0.06 sys=0.00, real=0.01 secs] 
2014-07-16T15:22:48.450+0000: 82.772: [GC [PSYoungGen: 234622K->804K(228160K)] 277847K->44101K(915136K), 0.0044930 secs] [Times: user=0.01 sys=0.00, real=0.00 secs] 
2014-07-16T15:22:49.291+0000: 83.612: [GC [PSYoungGen: 228132K->1318K(228736K)] 271429K->44688K(915712K), 0.0037190 secs] [Times: user=0.02 sys=0.00, real=0.00 secs] 
2014-07-16T15:22:50.089+0000: 84.411: [GC [PSYoungGen: 223334K->972K(217920K)] 266704K->44421K(904896K), 0.0046730 secs] [Times: user=0.02 sys=0.00, real=0.00 secs] 
2014-07-16T15:22:50.860+0000: 85.182: [GC [PSYoungGen: 217868K->972K(217472K)] 261317K->44533K(904448K), 0.0037720 secs] [Times: user=0.02 sys=0.00, real=0.00 secs] 
2014-07-16T15:22:51.606+0000: 85.927: [GC [PSYoungGen: 212940K->1294K(208576K)] 256501K->44944K(895552K), 0.0046690 secs] [Times: user=0.01 sys=0.00, real=0.00 secs] 
2014-07-16T15:22:52.361+0000: 86.682: [GC [PSYoungGen: 208526K->1204K(206080K)] 252176K->44926K(893056K), 0.0048770 secs] [Times: user=0.02 sys=0.00, real=0.01 secs] 
2014-07-16T15:22:53.141+0000: 87.462: [GC [PSYoungGen: 203828K->1180K(199424K)] 247550K->44942K(886400K), 0.0073050 secs] [Times: user=0.04 sys=0.00, real=0.01 secs] 
2014-07-16T15:22:53.806+0000: 88.127: [GC [PSYoungGen: 199387K->740K(195328K)] 243149K->44573K(882304K), 0.0048700 secs] [Times: user=0.02 sys=0.00, real=0.00 secs] 
2014-07-16T15:22:54.491+0000: 88.812: [GC [PSYoungGen: 194660K->822K(190592K)] 238493K->44751K(877568K), 0.0067360 secs] [Times: user=0.03 sys=0.00, real=0.01 secs] 
2014-07-16T15:22:55.178+0000: 89.500: [GC [PSYoungGen: 190562K->812K(186624K)] 234492K->44765K(873600K), 0.0058060 secs] [Times: user=0.01 sys=0.00, real=0.00 secs] 
2014-07-16T15:22:55.834+0000: 90.155: [GC [PSYoungGen: 186604K->844K(182848K)] 230557K->44877K(869824K), 0.0046160 secs] [Times: user=0.03 sys=0.00, real=0.01 secs] 
2014-07-16T15:22:56.486+0000: 90.807: [GC [PSYoungGen: 182760K->962K(179264K)] 226794K->45068K(866240K), 0.0068300 secs] [Times: user=0.02 sys=0.00, real=0.01 secs] 
2014-07-16T15:22:57.128+0000: 91.449: [GC [PSYoungGen: 179202K->766K(175424K)] 223308K->44895K(862400K), 0.0040560 secs] [Times: user=0.02 sys=0.00, real=0.00 secs] 
2014-07-16T15:22:57.844+0000: 92.166: [GC [PSYoungGen: 175422K->1200K(172352K)] 219551K->45377K(859328K), 0.0072640 secs] [Times: user=0.04 sys=0.00, real=0.01 secs] 
2014-07-16T15:22:58.396+0000: 92.718: [GC [PSYoungGen: 172336K->658K(168448K)] 216513K->44899K(855424K), 0.0041430 secs] [Times: user=0.02 sys=0.00, real=0.00 secs] 
2014-07-16T15:22:58.993+0000: 93.315: [GC [PSYoungGen: 168391K->812K(165312K)] 212633K->45117K(852288K), 0.0050860 secs] [Times: user=0.03 sys=0.00, real=0.01 secs] 
2014-07-16T15:22:59.585+0000: 93.906: [GC [PSYoungGen: 165292K->954K(162240K)] 209597K->45315K(849216K), 0.0065240 secs] [Times: user=0.03 sys=0.00, real=0.01 secs] 
2014-07-16T15:23:00.163+0000: 94.484: [GC [PSYoungGen: 162234K->1050K(159296K)] 206595K->45459K(846272K), 0.0048010 secs] [Times: user=0.02 sys=0.00, real=0.01 secs] 
2014-07-16T15:23:00.730+0000: 95.052: [GC [PSYoungGen: 159258K->754K(155968K)] 203667K->45267K(842944K), 0.0048880 secs] [Times: user=0.02 sys=0.01, real=0.00 secs] 
2014-07-16T15:23:01.278+0000: 95.600: [GC [PSYoungGen: 155954K->712K(153088K)] 200467K->45297K(840064K), 0.0047820 secs] [Times: user=0.02 sys=0.01, real=0.00 secs] 
2014-07-16T15:23:01.822+0000: 96.143: [GC [PSYoungGen: 153007K->676K(150208K)] 197593K->45333K(837184K), 0.0039910 secs] [Times: user=0.02 sys=0.00, real=0.00 secs] 
2014-07-16T15:23:02.365+0000: 96.687: [GC [PSYoungGen: 150176K->822K(147648K)] 194834K->45567K(834624K), 0.0040440 secs] [Times: user=0.02 sys=0.00, real=0.01 secs] 
2014-07-16T15:23:02.928+0000: 97.249: [GC [PSYoungGen: 147638K->1036K(145280K)] 192383K->45869K(832256K), 0.0045840 secs] [Times: user=0.03 sys=0.00, real=0.00 secs] 
2014-07-16T15:23:03.410+0000: 97.732: [GC [PSYoungGen: 145228K->1012K(142656K)] 190061K->45894K(829632K), 0.0070920 secs] [Times: user=0.04 sys=0.00, real=0.01 secs] 
2014-07-16T15:23:03.913+0000: 98.235: [GC [PSYoungGen: 142627K->994K(140160K)] 187508K->45932K(827136K), 0.0057700 secs] [Times: user=0.04 sys=0.00, real=0.01 secs] 
2014-07-16T15:23:04.410+0000: 98.732: [GC [PSYoungGen: 140130K->1082K(137792K)] 185068K->46083K(824768K), 0.0040330 secs] [Times: user=0.02 sys=0.00, real=0.00 secs] 
2014-07-16T15:23:04.904+0000: 99.225: [GC [PSYoungGen: 137786K->1122K(135488K)] 182787K->46219K(822464K), 0.0050770 secs] [Times: user=0.03 sys=0.00, real=0.01 secs] 
2014-07-16T15:23:05.384+0000: 99.705: [GC [PSYoungGen: 135427K->830K(132928K)] 180525K->45991K(819904K), 0.0039320 secs] [Times: user=0.02 sys=0.01, real=0.01 secs] 
2014-07-16T15:23:05.862+0000: 100.183: [GC [PSYoungGen: 132926K->850K(130816K)] 178087K->46099K(817792K), 0.0051450 secs] [Times: user=0.02 sys=0.00, real=0.01 secs] 
2014-07-16T15:23:06.327+0000: 100.649: [GC [PSYoungGen: 130724K->712K(128512K)] 175974K->46025K(815488K), 0.0029700 secs] [Times: user=0.01 sys=0.00, real=0.00 secs] 
2014-07-16T15:23:06.786+0000: 101.108: [GC [PSYoungGen: 128456K->1132K(126784K)] 173769K->46525K(813760K), 0.0056760 secs] [Times: user=0.04 sys=0.00, real=0.01 secs] 
2014-07-16T15:23:07.227+0000: 101.548: [GC [PSYoungGen: 126764K->758K(124352K)] 172157K->46263K(811328K), 0.0029920 secs] [Times: user=0.01 sys=0.00, real=0.01 secs] 
2014-07-16T15:23:07.679+0000: 102.000: [GC [PSYoungGen: 124339K->854K(122496K)] 169845K->46447K(809472K), 0.0034980 secs] [Times: user=0.02 sys=0.00, real=0.00 secs] 
2014-07-16T15:23:08.129+0000: 102.450: [GC [PSYoungGen: 122454K->936K(120640K)] 168047K->46609K(807616K), 0.0028470 secs] [Times: user=0.01 sys=0.01, real=0.00 secs] 
2014-07-16T15:23:08.540+0000: 102.861: [GC [PSYoungGen: 120616K->790K(118656K)] 166289K->46551K(805632K), 0.0057180 secs] [Times: user=0.03 sys=0.00, real=0.00 secs] 
2014-07-16T15:23:08.957+0000: 103.279: [GC [PSYoungGen: 118614K->872K(116928K)] 164375K->46705K(803904K), 0.0029090 secs] [Times: user=0.01 sys=0.00, real=0.01 secs] 
2014-07-16T15:23:09.362+0000: 103.684: [GC [PSYoungGen: 116904K->612K(114880K)] 162737K->46493K(801856K), 0.0056130 secs] [Times: user=0.02 sys=0.00, real=0.01 secs] 
2014-07-16T15:23:09.783+0000: 104.104: [GC [PSYoungGen: 114852K->998K(138112K)] 160733K->46920K(825088K), 0.0068530 secs] [Times: user=0.04 sys=0.01, real=0.01 secs] 
2014-07-16T15:23:10.270+0000: 104.592: [GC [PSYoungGen: 138070K->698K(152192K)] 183992K->46659K(839168K), 0.0070160 secs] [Times: user=0.03 sys=0.00, real=0.00 secs] 
2014-07-16T15:23:10.808+0000: 105.130: [GC [PSYoungGen: 151225K->922K(166272K)] 197187K->46955K(853248K), 0.0029490 secs] [Times: user=0.02 sys=0.00, real=0.00 secs] 
2014-07-16T15:23:11.397+0000: 105.718: [GC [PSYoungGen: 165530K->772K(162240K)] 211563K->46901K(849216K), 0.0042130 secs] [Times: user=0.02 sys=0.00, real=0.01 secs] 
2014-07-16T15:23:11.975+0000: 106.297: [GC [PSYoungGen: 162180K->808K(159168K)] 208309K->47049K(846144K), 0.0051990 secs] [Times: user=0.02 sys=0.00, real=0.01 secs] 
2014-07-16T15:23:12.537+0000: 106.859: [GC [PSYoungGen: 159144K->844K(156224K)] 205385K->47141K(843200K), 0.0041980 secs] [Times: user=0.02 sys=0.00, real=0.01 secs] 
2014-07-16T15:23:13.108+0000: 107.429: [GC [PSYoungGen: 156161K->986K(153472K)] 202459K->47379K(840448K), 0.0056670 secs] [Times: user=0.03 sys=0.00, real=0.00 secs] 
2014-07-16T15:23:13.647+0000: 107.968: [GC [PSYoungGen: 153434K->840K(150528K)] 199827K->47329K(837504K), 0.0043340 secs] [Times: user=0.02 sys=0.01, real=0.01 secs] 
2014-07-16T15:23:14.198+0000: 108.519: [GC [PSYoungGen: 150465K->944K(147904K)] 196955K->47859K(834880K), 0.0037250 secs] [Times: user=0.02 sys=0.01, real=0.01 secs] 
2014-07-16T15:23:14.713+0000: 109.034: [GC [PSYoungGen: 147888K->466K(144832K)] 194803K->47397K(831808K), 0.0047350 secs] [Times: user=0.01 sys=0.00, real=0.00 secs] 
2014-07-16T15:23:15.252+0000: 109.573: [GC [PSYoungGen: 144786K->1114K(142912K)] 191717K->48167K(829888K), 0.0079840 secs] [Times: user=0.04 sys=0.00, real=0.01 secs] 
2014-07-16T15:23:15.733+0000: 110.055: [GC [PSYoungGen: 142830K->748K(140032K)] 189883K->47842K(827008K), 0.0050080 secs] [Times: user=0.02 sys=0.00, real=0.00 secs] 
2014-07-16T15:23:16.239+0000: 110.561: [GC [PSYoungGen: 140012K->1330K(138176K)] 187106K->48514K(825152K), 0.0047620 secs] [Times: user=0.02 sys=0.00, real=0.00 secs] 
2014-07-16T15:23:16.719+0000: 111.040: [GC [PSYoungGen: 138162K->980K(160256K)] 185346K->48212K(847232K), 0.0057950 secs] [Times: user=0.03 sys=0.00, real=0.01 secs] 
2014-07-16T15:23:17.284+0000: 111.605: [GC [PSYoungGen: 159572K->1018K(156608K)] 206804K->48305K(843584K), 0.0030230 secs] [Times: user=0.01 sys=0.00, real=0.00 secs] 
2014-07-16T15:23:17.840+0000: 112.161: [GC [PSYoungGen: 156602K->562K(153280K)] 203889K->47897K(840256K), 0.0061770 secs] [Times: user=0.03 sys=0.01, real=0.00 secs] 
2014-07-16T15:23:18.384+0000: 112.705: [GC [PSYoungGen: 153232K->958K(150848K)] 200568K->48366K(837824K), 0.0040280 secs] [Times: user=0.02 sys=0.00, real=0.00 secs] 
2014-07-16T15:23:18.912+0000: 113.234: [GC [PSYoungGen: 150846K->822K(147968K)] 198254K->48293K(834944K), 0.0037150 secs] [Times: user=0.02 sys=0.00, real=0.00 secs] 
2014-07-16T15:23:19.456+0000: 113.777: [GC [PSYoungGen: 147928K->772K(162944K)] 195400K->48283K(849920K), 0.0093320 secs] [Times: user=0.05 sys=0.00, real=0.01 secs] 
2014-07-16T15:23:20.034+0000: 114.355: [GC [PSYoungGen: 162372K->908K(159488K)] 209883K->48524K(846464K), 0.0043730 secs] [Times: user=0.02 sys=0.01, real=0.00 secs] 
2014-07-16T15:23:20.616+0000: 114.937: [GC [PSYoungGen: 159371K->548K(156096K)] 206987K->48503K(843072K), 0.0056210 secs] [Times: user=0.03 sys=0.00, real=0.01 secs] 
2014-07-16T15:23:21.196+0000: 115.517: [GC [PSYoungGen: 156068K->1322K(161792K)] 204023K->49342K(848768K), 0.0076930 secs] [Times: user=0.04 sys=0.01, real=0.01 secs] 
2014-07-16T15:23:21.744+0000: 116.065: [GC [PSYoungGen: 161770K->1086K(158464K)] 209790K->49436K(845440K), 0.0047460 secs] [Times: user=0.03 sys=0.00, real=0.00 secs] 
2014-07-16T15:23:22.311+0000: 116.632: [GC [PSYoungGen: 158427K->1308K(155776K)] 206777K->49722K(842752K), 0.0043510 secs] [Times: user=0.02 sys=0.00, real=0.00 secs] 
2014-07-16T15:23:22.866+0000: 117.187: [GC [PSYoungGen: 155713K->552K(152128K)] 204127K->49022K(839104K), 0.0044960 secs] [Times: user=0.02 sys=0.00, real=0.01 secs] 
2014-07-16T15:23:23.409+0000: 117.730: [GC [PSYoungGen: 152104K->872K(149696K)] 200574K->49430K(836672K), 0.0048570 secs] [Times: user=0.03 sys=0.01, real=0.01 secs] 
2014-07-16T15:23:23.941+0000: 118.262: [GC [PSYoungGen: 149672K->826K(146944K)] 198230K->49546K(833920K), 0.0039580 secs] [Times: user=0.02 sys=0.00, real=0.00 secs] 
2014-07-16T15:23:24.457+0000: 118.779: [GC [PSYoungGen: 146938K->1122K(144640K)] 195658K->49922K(831616K), 0.0030890 secs] [Times: user=0.02 sys=0.00, real=0.01 secs] 
2014-07-16T15:23:24.966+0000: 119.288: [GC [PSYoungGen: 144610K->744K(141696K)] 193410K->49624K(828672K), 0.0033340 secs] [Times: user=0.02 sys=0.00, real=0.00 secs] 
2014-07-16T15:23:25.475+0000: 119.796: [GC [PSYoungGen: 141635K->758K(139264K)] 190515K->49710K(826240K), 0.0037780 secs] [Times: user=0.02 sys=0.00, real=0.00 secs] 
2014-07-16T15:23:25.966+0000: 120.288: [GC [PSYoungGen: 139254K->598K(136768K)] 188206K->49598K(823744K), 0.0080270 secs] [Times: user=0.05 sys=0.00, real=0.01 secs] 
2014-07-16T15:23:26.453+0000: 120.775: [GC [PSYoungGen: 136726K->530K(163968K)] 185726K->49570K(850944K), 0.0109690 secs] [Times: user=0.06 sys=0.01, real=0.01 secs] 
2014-07-16T15:23:27.057+0000: 121.379: [GC [PSYoungGen: 163894K->1458K(182144K)] 212934K->50586K(869120K), 0.0035310 secs] [Times: user=0.02 sys=0.00, real=0.00 secs] 
2014-07-16T15:23:27.705+0000: 122.027: [GC [PSYoungGen: 182130K->1062K(178048K)] 231258K->50254K(865024K), 0.0039580 secs] [Times: user=0.02 sys=0.01, real=0.00 secs] 
2014-07-16T15:23:28.340+0000: 122.661: [GC [PSYoungGen: 178022K->616K(174016K)] 227214K->50082K(860992K), 0.0040220 secs] [Times: user=0.01 sys=0.00, real=0.01 secs] 
2014-07-16T15:23:28.953+0000: 123.275: [GC [PSYoungGen: 173992K->1254K(171200K)] 223458K->50768K(858176K), 0.0038990 secs] [Times: user=0.02 sys=0.00, real=0.00 secs] 
2014-07-16T15:23:29.565+0000: 123.887: [GC [PSYoungGen: 171092K->1246K(167872K)] 220606K->50956K(854848K), 0.0042560 secs] [Times: user=0.02 sys=0.00, real=0.00 secs] 
2014-07-16T15:23:30.189+0000: 124.510: [GC [PSYoungGen: 167838K->1318K(164672K)] 217548K->51124K(851648K), 0.0035540 secs] [Times: user=0.02 sys=0.00, real=0.01 secs] 
2014-07-16T15:23:30.753+0000: 125.075: [GC [PSYoungGen: 164646K->758K(160960K)] 214452K->50660K(847936K), 0.0058220 secs] [Times: user=0.04 sys=0.00, real=0.00 secs] 
2014-07-16T15:23:31.331+0000: 125.653: [GC [PSYoungGen: 160942K->1082K(158272K)] 210844K->51064K(845248K), 0.0068700 secs] [Times: user=0.04 sys=0.00, real=0.00 secs] 
2014-07-16T15:23:31.889+0000: 126.210: [GC [PSYoungGen: 158259K->1090K(155392K)] 208241K->51160K(842368K), 0.0034730 secs] [Times: user=0.02 sys=0.00, real=0.01 secs] 
2014-07-16T15:23:32.455+0000: 126.776: [GC [PSYoungGen: 155330K->1510K(152896K)] 205400K->51676K(839872K), 0.0037230 secs] [Times: user=0.02 sys=0.00, real=0.00 secs] 
2014-07-16T15:23:32.993+0000: 127.315: [GC [PSYoungGen: 152870K->556K(149184K)] 203036K->50986K(836160K), 0.0038820 secs] [Times: user=0.02 sys=0.00, real=0.00 secs] 
2014-07-16T15:23:33.550+0000: 127.871: [GC [PSYoungGen: 149153K->1236K(147200K)] 199583K->51722K(834176K), 0.0042730 secs] [Times: user=0.01 sys=0.00, real=0.01 secs] 
2014-07-16T15:23:34.088+0000: 128.409: [GC [PSYoungGen: 147156K->740K(144064K)] 197642K->51538K(831040K), 0.0055420 secs] [Times: user=0.03 sys=0.00, real=0.01 secs] 
2014-07-16T15:23:34.603+0000: 128.924: [GC [PSYoungGen: 144036K->676K(141440K)] 194834K->51546K(828416K), 0.0053700 secs] [Times: user=0.03 sys=0.00, real=0.00 secs] 
2014-07-16T15:23:35.107+0000: 129.429: [GC [PSYoungGen: 141412K->972K(139328K)] 192282K->51938K(826304K), 0.0036420 secs] [Times: user=0.02 sys=0.00, real=0.00 secs] 
2014-07-16T15:23:35.602+0000: 129.923: [GC [PSYoungGen: 139276K->886K(136832K)] 190242K->51924K(823808K), 0.0051360 secs] [Times: user=0.03 sys=0.00, real=0.01 secs] 
2014-07-16T15:23:36.078+0000: 130.400: [GC [PSYoungGen: 136822K->708K(134400K)] 187860K->51802K(821376K), 0.0053980 secs] [Times: user=0.02 sys=0.00, real=0.01 secs] 
2014-07-16T15:23:36.565+0000: 130.886: [GC [PSYoungGen: 134289K->886K(132288K)] 185384K->52060K(819264K), 0.0058520 secs] [Times: user=0.03 sys=0.00, real=0.00 secs] 
2014-07-16T15:23:37.022+0000: 131.343: [GC [PSYoungGen: 132269K->908K(130176K)] 183443K->52162K(817152K), 0.0026130 secs] [Times: user=0.01 sys=0.00, real=0.01 secs] 
2014-07-16T15:23:37.475+0000: 131.797: [GC [PSYoungGen: 130124K->822K(127936K)] 181378K->52164K(814912K), 0.0064460 secs] [Times: user=0.03 sys=0.00, real=0.01 secs] 
2014-07-16T15:23:37.947+0000: 132.269: [GC [PSYoungGen: 127926K->798K(125888K)] 179268K->52212K(812864K), 0.0032110 secs] [Times: user=0.01 sys=0.00, real=0.00 secs] 
2014-07-16T15:23:38.442+0000: 132.764: [GC [PSYoungGen: 125854K->894K(123968K)] 177268K->52356K(810944K), 0.0048210 secs] [Times: user=0.03 sys=0.00, real=0.00 secs] 
2014-07-16T15:23:38.881+0000: 133.203: [GC [PSYoungGen: 123951K->1130K(122240K)] 175413K->52680K(809216K), 0.0033130 secs] [Times: user=0.02 sys=0.00, real=0.01 secs] 
2014-07-16T15:23:39.325+0000: 133.646: [GC [PSYoungGen: 122218K->854K(146240K)] 173768K->52476K(833216K), 0.0077370 secs] [Times: user=0.04 sys=0.00, real=0.01 secs] 
2014-07-16T15:23:39.850+0000: 134.172: [GC [PSYoungGen: 146182K->930K(167936K)] 197804K->52932K(854912K), 0.0058960 secs] [Times: user=0.03 sys=0.00, real=0.01 secs] 
2014-07-16T15:23:40.440+0000: 134.762: [GC [PSYoungGen: 167906K->758K(164480K)] 219908K->52816K(851456K), 0.0051620 secs] [Times: user=0.02 sys=0.00, real=0.01 secs] 
2014-07-16T15:23:41.035+0000: 135.357: [GC [PSYoungGen: 164470K->816K(161408K)] 216528K->53184K(848384K), 0.0039700 secs] [Times: user=0.02 sys=0.00, real=0.00 secs] 
2014-07-16T15:23:41.611+0000: 135.932: [GC [PSYoungGen: 161358K->1076K(158592K)] 213726K->53508K(845568K), 0.0041750 secs] [Times: user=0.03 sys=0.00, real=0.01 secs] 
2014-07-16T15:23:42.176+0000: 136.497: [GC [PSYoungGen: 158580K->1190K(155776K)] 211012K->54080K(842752K), 0.0045640 secs] [Times: user=0.03 sys=0.00, real=0.00 secs] 
2014-07-16T15:23:42.726+0000: 137.047: [GC [PSYoungGen: 155750K->858K(152576K)] 208640K->53804K(839552K), 0.0055570 secs] [Times: user=0.03 sys=0.01, real=0.00 secs] 
2014-07-16T15:23:43.335+0000: 137.657: [GC [PSYoungGen: 152498K->1406K(150336K)] 205444K->54440K(837312K), 0.0044300 secs] [Times: user=0.03 sys=0.00, real=0.00 secs] 
2014-07-16T15:23:43.836+0000: 138.157: [GC [PSYoungGen: 150334K->822K(147072K)] 203368K->53928K(834048K), 0.0069410 secs] [Times: user=0.04 sys=0.00, real=0.00 secs] 
2014-07-16T15:23:44.356+0000: 138.677: [GC [PSYoungGen: 147062K->858K(144512K)] 200168K->54020K(831488K), 0.0056040 secs] [Times: user=0.02 sys=0.01, real=0.00 secs] 
2014-07-16T15:23:44.872+0000: 139.193: [GC [PSYoungGen: 144474K->598K(141696K)] 197636K->53816K(828672K), 0.0055590 secs] [Times: user=0.03 sys=0.00, real=0.01 secs] 
2014-07-16T15:23:45.383+0000: 139.704: [GC [PSYoungGen: 141623K->1126K(139776K)] 194841K->54424K(826752K), 0.0047790 secs] [Times: user=0.02 sys=0.00, real=0.01 secs] 
2014-07-16T15:23:45.879+0000: 140.200: [GC [PSYoungGen: 139750K->986K(137280K)] 193048K->54356K(824256K), 0.0028290 secs] [Times: user=0.01 sys=0.00, real=0.00 secs] 
2014-07-16T15:23:46.355+0000: 140.677: [GC [PSYoungGen: 137242K->836K(160704K)] 190612K->54286K(847680K), 0.0071800 secs] [Times: user=0.04 sys=0.00, real=0.00 secs] 
2014-07-16T15:23:46.918+0000: 141.240: [GC [PSYoungGen: 160161K->612K(156992K)] 213611K->54110K(843968K), 0.0059420 secs] [Times: user=0.03 sys=0.00, real=0.01 secs] 
2014-07-16T15:23:47.478+0000: 141.799: [GC [PSYoungGen: 156964K->694K(154112K)] 210462K->54272K(841088K), 0.0044520 secs] [Times: user=0.03 sys=0.00, real=0.00 secs] 
2014-07-16T15:23:48.050+0000: 142.371: [GC [PSYoungGen: 154102K->1392K(152000K)] 207680K->55018K(838976K), 0.0038070 secs] [Times: user=0.01 sys=0.01, real=0.00 secs] 
2014-07-16T15:23:48.620+0000: 142.941: [GC [PSYoungGen: 151943K->1018K(148864K)] 205569K->54724K(835840K), 0.0031730 secs] [Times: user=0.02 sys=0.00, real=0.00 secs] 
2014-07-16T15:23:49.155+0000: 143.477: [GC [PSYoungGen: 148858K->1072K(146240K)] 202564K->54850K(833216K), 0.0084180 secs] [Times: user=0.05 sys=0.00, real=0.00 secs] 
2014-07-16T15:23:49.669+0000: 143.990: [GC [PSYoungGen: 146224K->1032K(143680K)] 200002K->54874K(830656K), 0.0037060 secs] [Times: user=0.02 sys=0.00, real=0.00 secs] 
2014-07-16T15:23:50.182+0000: 144.503: [GC [PSYoungGen: 143581K->1586K(141696K)] 197423K->55540K(828672K), 0.0051810 secs] [Times: user=0.04 sys=0.01, real=0.01 secs] 
2014-07-16T15:23:50.691+0000: 145.013: [GC [PSYoungGen: 141682K->566K(156032K)] 195636K->54724K(843008K), 0.0074390 secs] [Times: user=0.04 sys=0.00, real=0.01 secs] 
2014-07-16T15:23:51.245+0000: 145.566: [GC [PSYoungGen: 156022K->976K(153600K)] 210180K->55214K(840576K), 0.0051870 secs] [Times: user=0.03 sys=0.00, real=0.00 secs] 
2014-07-16T15:23:51.809+0000: 146.130: [GC [PSYoungGen: 153542K->752K(150528K)] 207780K->55232K(837504K), 0.0028780 secs] [Times: user=0.01 sys=0.00, real=0.00 secs] 
2014-07-16T15:23:52.347+0000: 146.669: [GC [PSYoungGen: 150489K->922K(148032K)] 204969K->55482K(835008K), 0.0050550 secs] [Times: user=0.03 sys=0.00, real=0.00 secs] 
2014-07-16T15:23:52.894+0000: 147.215: [GC [PSYoungGen: 147994K->1050K(145536K)] 202554K->55782K(832512K), 0.0038120 secs] [Times: user=0.02 sys=0.00, real=0.01 secs] 
2014-07-16T15:23:53.457+0000: 147.778: [GC [PSYoungGen: 145498K->1352K(143296K)] 200230K->56172K(830272K), 0.0042360 secs] [Times: user=0.02 sys=0.00, real=0.00 secs] 
2014-07-16T15:23:53.925+0000: 148.246: [GC [PSYoungGen: 143218K->620K(140032K)] 198038K->55906K(827008K), 0.0031250 secs] [Times: user=0.01 sys=0.00, real=0.01 secs] 
2014-07-16T15:23:54.434+0000: 148.756: [GC [PSYoungGen: 140012K->872K(137856K)] 195298K->56230K(824832K), 0.0040680 secs] [Times: user=0.02 sys=0.00, real=0.01 secs] 
2014-07-16T15:23:54.933+0000: 149.255: [GC [PSYoungGen: 137832K->1272K(135872K)] 193190K->56734K(822848K), 0.0037830 secs] [Times: user=0.03 sys=0.00, real=0.01 secs] 
2014-07-16T15:23:55.417+0000: 149.738: [GC [PSYoungGen: 135864K->954K(133248K)] 191326K->56480K(820224K), 0.0031440 secs] [Times: user=0.01 sys=0.00, real=0.00 secs] 
2014-07-16T15:23:55.896+0000: 150.217: [GC [PSYoungGen: 133237K->1022K(131072K)] 188764K->56744K(818048K), 0.0025700 secs] [Times: user=0.01 sys=0.00, real=0.00 secs] 
2014-07-16T15:23:56.341+0000: 150.663: [GC [PSYoungGen: 131070K->726K(128640K)] 186792K->56512K(815616K), 0.0044900 secs] [Times: user=0.02 sys=0.01, real=0.01 secs] 
2014-07-16T15:23:56.807+0000: 151.128: [GC [PSYoungGen: 128598K->818K(126592K)] 184384K->56676K(813568K), 0.0043870 secs] [Times: user=0.02 sys=0.00, real=0.00 secs] 
2014-07-16T15:23:57.252+0000: 151.573: [GC [PSYoungGen: 126578K->672K(124416K)] 182436K->56610K(811392K), 0.0029420 secs] [Times: user=0.01 sys=0.00, real=0.00 secs] 
2014-07-16T15:23:57.701+0000: 152.022: [GC [PSYoungGen: 124384K->794K(122560K)] 180322K->56804K(809536K), 0.0035220 secs] [Times: user=0.02 sys=0.00, real=0.00 secs] 
2014-07-16T15:23:58.142+0000: 152.463: [GC [PSYoungGen: 122522K->712K(120576K)] 178532K->56786K(807552K), 0.0080800 secs] [Times: user=0.03 sys=0.00, real=0.01 secs] 
2014-07-16T15:23:58.609+0000: 152.930: [GC [PSYoungGen: 120517K->1350K(119360K)] 176592K->57480K(806336K), 0.0034730 secs] [Times: user=0.01 sys=0.00, real=0.00 secs] 
2014-07-16T15:23:59.006+0000: 153.327: [GC [PSYoungGen: 119302K->644K(116864K)] 175432K->56854K(803840K), 0.0040680 secs] [Times: user=0.03 sys=0.00, real=0.00 secs] 
2014-07-16T15:23:59.417+0000: 153.739: [GC [PSYoungGen: 116776K->1076K(115456K)] 172986K->57342K(802432K), 0.0033990 secs] [Times: user=0.01 sys=0.00, real=0.00 secs] 
2014-07-16T15:23:59.829+0000: 154.150: [GC [PSYoungGen: 115442K->1186K(113856K)] 171709K->57532K(800832K), 0.0054330 secs] [Times: user=0.02 sys=0.01, real=0.00 secs] 
2014-07-16T15:24:00.237+0000: 154.559: [GC [PSYoungGen: 113826K->826K(111808K)] 170172K->57276K(798784K), 0.0022840 secs] [Times: user=0.01 sys=0.00, real=0.00 secs] 
2014-07-16T15:24:00.641+0000: 154.962: [GC [PSYoungGen: 111790K->836K(110208K)] 168240K->57374K(797184K), 0.0041250 secs] [Times: user=0.02 sys=0.00, real=0.00 secs] 
2014-07-16T15:24:01.013+0000: 155.334: [GC [PSYoungGen: 110148K->780K(132032K)] 166686K->57342K(819008K), 0.0109280 secs] [Times: user=0.07 sys=0.00, real=0.01 secs] 
2014-07-16T15:24:01.491+0000: 155.813: [GC [PSYoungGen: 131980K->840K(143936K)] 188542K->57466K(830912K), 0.0124430 secs] [Times: user=0.07 sys=0.01, real=0.01 secs] 
2014-07-16T15:24:02.008+0000: 156.329: [GC [PSYoungGen: 143304K->1054K(158912K)] 199930K->57776K(845888K), 0.0059740 secs] [Times: user=0.04 sys=0.00, real=0.00 secs] 
2014-07-16T15:24:02.571+0000: 156.892: [GC [PSYoungGen: 158494K->958K(158912K)] 215216K->57784K(845888K), 0.0041810 secs] [Times: user=0.03 sys=0.01, real=0.00 secs] 
2014-07-16T15:24:03.135+0000: 157.457: [GC [PSYoungGen: 158398K->876K(190336K)] 215224K->57734K(877312K), 0.0077130 secs] [Times: user=0.04 sys=0.00, real=0.01 secs] 
2014-07-16T15:24:03.843+0000: 158.165: [GC [PSYoungGen: 189804K->1350K(190336K)] 246662K->58272K(877312K), 0.0045200 secs] [Times: user=0.02 sys=0.00, real=0.01 secs] 
2014-07-16T15:24:04.497+0000: 158.819: [GC [PSYoungGen: 190278K->840K(185856K)] 247200K->57826K(872832K), 0.0029160 secs] [Times: user=0.02 sys=0.01, real=0.00 secs] 
2014-07-16T15:24:05.175+0000: 159.496: [GC [PSYoungGen: 185707K->1382K(182528K)] 242693K->58440K(869504K), 0.0032380 secs] [Times: user=0.01 sys=0.01, real=0.01 secs] 
2014-07-16T15:24:05.819+0000: 160.140: [GC [PSYoungGen: 182502K->698K(178112K)] 239560K->57992K(865088K), 0.0044660 secs] [Times: user=0.02 sys=0.00, real=0.00 secs] 
2014-07-16T15:24:06.474+0000: 160.795: [GC [PSYoungGen: 178106K->818K(174656K)] 235400K->58192K(861632K), 0.0034650 secs] [Times: user=0.01 sys=0.00, real=0.01 secs] 
2014-07-16T15:24:07.096+0000: 161.417: [GC [PSYoungGen: 174641K->808K(171200K)] 232015K->58304K(858176K), 0.0035360 secs] [Times: user=0.01 sys=0.01, real=0.01 secs] 
2014-07-16T15:24:07.703+0000: 162.024: [GC [PSYoungGen: 171128K->780K(167872K)] 228625K->58364K(854848K), 0.0053230 secs] [Times: user=0.02 sys=0.00, real=0.01 secs] 
2014-07-16T15:24:08.313+0000: 162.634: [GC [PSYoungGen: 167777K->1022K(164800K)] 225361K->58686K(851776K), 0.0040120 secs] [Times: user=0.02 sys=0.00, real=0.01 secs] 
2014-07-16T15:24:08.938+0000: 163.259: [GC [PSYoungGen: 164798K->1136K(161792K)] 222462K->58896K(848768K), 0.0046290 secs] [Times: user=0.02 sys=0.00, real=0.00 secs] 
2014-07-16T15:24:09.481+0000: 163.802: [GC [PSYoungGen: 161776K->826K(158400K)] 219536K->58716K(845376K), 0.0026790 secs] [Times: user=0.02 sys=0.00, real=0.00 secs] 
2014-07-16T15:24:10.032+0000: 164.353: [GC [PSYoungGen: 158394K->844K(155520K)] 216284K->58782K(842496K), 0.0027290 secs] [Times: user=0.01 sys=0.00, real=0.00 secs] 
2014-07-16T15:24:10.597+0000: 164.918: [GC [PSYoungGen: 155468K->1150K(152896K)] 213406K->59268K(839872K), 0.0033650 secs] [Times: user=0.02 sys=0.00, real=0.01 secs] 
2014-07-16T15:24:11.147+0000: 165.468: [GC [PSYoungGen: 152872K->1250K(183424K)] 210991K->59432K(870400K), 0.0145080 secs] [Times: user=0.09 sys=0.00, real=0.01 secs] 
2014-07-16T15:24:11.793+0000: 166.115: [GC [PSYoungGen: 183394K->702K(219328K)] 241576K->59216K(906304K), 0.0055040 secs] [Times: user=0.02 sys=0.00, real=0.01 secs] 
2014-07-16T15:24:12.553+0000: 166.874: [GC [PSYoungGen: 219326K->1518K(221504K)] 277840K->60144K(908480K), 0.0074320 secs] [Times: user=0.05 sys=0.01, real=0.01 secs] 
2014-07-16T15:24:13.336+0000: 167.657: [GC [PSYoungGen: 221486K->1396K(216320K)] 280112K->60242K(903296K), 0.0032680 secs] [Times: user=0.02 sys=0.00, real=0.01 secs] 
2014-07-16T15:24:14.161+0000: 168.483: [GC [PSYoungGen: 216303K->1026K(211136K)] 275149K->59928K(898112K), 0.0065650 secs] [Times: user=0.03 sys=0.01, real=0.00 secs] 
2014-07-16T15:24:14.912+0000: 169.234: [GC [PSYoungGen: 211032K->1000K(206400K)] 269935K->60064K(893376K), 0.0030970 secs] [Times: user=0.01 sys=0.00, real=0.00 secs] 
2014-07-16T15:24:15.644+0000: 169.965: [GC [PSYoungGen: 206364K->634K(201472K)] 265428K->59722K(888448K), 0.0103480 secs] [Times: user=0.06 sys=0.00, real=0.01 secs] 
2014-07-16T15:24:16.359+0000: 170.680: [GC [PSYoungGen: 201466K->990K(197504K)] 260554K->60158K(884480K), 0.0040910 secs] [Times: user=0.02 sys=0.00, real=0.00 secs] 
2014-07-16T15:24:17.049+0000: 171.370: [GC [PSYoungGen: 197470K->1000K(193280K)] 256638K->60280K(880256K), 0.0041890 secs] [Times: user=0.02 sys=0.00, real=0.00 secs] 
2014-07-16T15:24:17.740+0000: 172.061: [GC [PSYoungGen: 193256K->926K(189120K)] 252536K->60278K(876096K), 0.0032950 secs] [Times: user=0.02 sys=0.00, real=0.00 secs] 
2014-07-16T15:24:18.419+0000: 172.740: [GC [PSYoungGen: 189064K->1086K(185280K)] 248416K->60478K(872256K), 0.0043250 secs] [Times: user=0.01 sys=0.00, real=0.00 secs] 
2014-07-16T15:24:19.083+0000: 173.404: [GC [PSYoungGen: 185236K->1076K(181504K)] 244628K->60516K(868480K), 0.0119950 secs] [Times: user=0.07 sys=0.00, real=0.01 secs] 
2014-07-16T15:24:19.733+0000: 174.055: [GC [PSYoungGen: 181492K->854K(177600K)] 240932K->60366K(864576K), 0.0043050 secs] [Times: user=0.02 sys=0.00, real=0.00 secs] 
2014-07-16T15:24:20.368+0000: 174.690: [GC [PSYoungGen: 177558K->930K(174080K)] 237070K->60498K(861056K), 0.0050550 secs] [Times: user=0.03 sys=0.00, real=0.01 secs] 
2014-07-16T15:24:20.987+0000: 175.309: [GC [PSYoungGen: 174046K->626K(170304K)] 233614K->60274K(857280K), 0.0051440 secs] [Times: user=0.03 sys=0.00, real=0.01 secs] 
2014-07-16T15:24:21.587+0000: 175.908: [GC [PSYoungGen: 170290K->1004K(167360K)] 229938K->60724K(854336K), 0.0051920 secs] [Times: user=0.03 sys=0.01, real=0.01 secs] 
2014-07-16T15:24:22.181+0000: 176.502: [GC [PSYoungGen: 167340K->1154K(164352K)] 227060K->60954K(851328K), 0.0034560 secs] [Times: user=0.01 sys=0.00, real=0.00 secs] 
2014-07-16T15:24:22.786+0000: 177.108: [GC [PSYoungGen: 164290K->754K(160768K)] 224090K->60698K(847744K), 0.0065010 secs] [Times: user=0.02 sys=0.00, real=0.01 secs] 
2014-07-16T15:24:23.365+0000: 177.686: [GC [PSYoungGen: 160754K->1090K(158144K)] 220698K->61098K(845120K), 0.0060230 secs] [Times: user=0.04 sys=0.00, real=0.01 secs] 
2014-07-16T15:24:24.057+0000: 178.378: [GC [PSYoungGen: 158082K->1076K(155136K)] 218090K->61404K(842112K), 0.0044010 secs] [Times: user=0.02 sys=0.00, real=0.01 secs] 
2014-07-16T15:24:24.604+0000: 178.925: [GC [PSYoungGen: 155100K->904K(152128K)] 215428K->61288K(839104K), 0.0036520 secs] [Times: user=0.01 sys=0.00, real=0.00 secs] 
2014-07-16T15:24:25.135+0000: 179.456: [GC [PSYoungGen: 152072K->1072K(149504K)] 212456K->61652K(836480K), 0.0029990 secs] [Times: user=0.02 sys=0.00, real=0.00 secs] 
2014-07-16T15:24:25.662+0000: 179.983: [GC [PSYoungGen: 149488K->994K(146752K)] 210068K->61622K(833728K), 0.0047710 secs] [Times: user=0.02 sys=0.01, real=0.00 secs] 
2014-07-16T15:24:26.180+0000: 180.501: [GC [PSYoungGen: 146690K->994K(144128K)] 207318K->61912K(831104K), 0.0034220 secs] [Times: user=0.01 sys=0.00, real=0.00 secs] 
2014-07-16T15:24:26.696+0000: 181.017: [GC [PSYoungGen: 144098K->598K(141248K)] 205016K->61556K(828224K), 0.0036680 secs] [Times: user=0.01 sys=0.00, real=0.00 secs] 
2014-07-16T15:24:27.186+0000: 181.508: [GC [PSYoungGen: 141205K->904K(139136K)] 202163K->61926K(826112K), 0.0028800 secs] [Times: user=0.01 sys=0.00, real=0.00 secs] 
2014-07-16T15:24:27.688+0000: 182.009: [GC [PSYoungGen: 139080K->612K(136448K)] 200102K->61706K(823424K), 0.0057640 secs] [Times: user=0.03 sys=0.00, real=0.01 secs] 
2014-07-16T15:24:28.178+0000: 182.499: [GC [PSYoungGen: 136420K->1154K(134720K)] 197514K->62336K(821696K), 0.0042220 secs] [Times: user=0.02 sys=0.00, real=0.01 secs] 
2014-07-16T15:24:28.646+0000: 182.968: [GC [PSYoungGen: 134658K->930K(132224K)] 195840K->62168K(819200K), 0.0028600 secs] [Times: user=0.02 sys=0.00, real=0.00 secs] 
2014-07-16T15:24:29.136+0000: 183.457: [GC [PSYoungGen: 132194K->1086K(130176K)] 193432K->62414K(817152K), 0.0050080 secs] [Times: user=0.03 sys=0.00, real=0.01 secs] 
2014-07-16T15:24:29.572+0000: 183.893: [GC [PSYoungGen: 130164K->1022K(128000K)] 191493K->62414K(814976K), 0.0035650 secs] [Times: user=0.01 sys=0.00, real=0.00 secs] 
2014-07-16T15:24:30.024+0000: 184.346: [GC [PSYoungGen: 127966K->862K(125824K)] 189359K->62310K(812800K), 0.0054090 secs] [Times: user=0.02 sys=0.00, real=0.00 secs] 
2014-07-16T15:24:30.466+0000: 184.788: [GC [PSYoungGen: 125790K->822K(150784K)] 187238K->62350K(837760K), 0.0079410 secs] [Times: user=0.04 sys=0.00, real=0.01 secs] 
2014-07-16T15:24:31.011+0000: 185.332: [GC [PSYoungGen: 150734K->1232K(148480K)] 212263K->62840K(835456K), 0.0033780 secs] [Times: user=0.02 sys=0.00, real=0.00 secs] 
2014-07-16T15:24:31.538+0000: 185.860: [GC [PSYoungGen: 148432K->648K(145280K)] 210040K->62304K(832256K), 0.0058040 secs] [Times: user=0.03 sys=0.00, real=0.01 secs] 
2014-07-16T15:24:32.064+0000: 186.386: [GC [PSYoungGen: 145189K->822K(174336K)] 206846K->62542K(861312K), 0.0060010 secs] [Times: user=0.03 sys=0.00, real=0.01 secs] 
2014-07-16T15:24:32.674+0000: 186.995: [GC [PSYoungGen: 174326K->530K(170624K)] 236046K->62306K(857600K), 0.0054510 secs] [Times: user=0.02 sys=0.01, real=0.00 secs] 
2014-07-16T15:24:33.291+0000: 187.612: [GC [PSYoungGen: 170534K->1044K(167808K)] 232310K->62868K(854784K), 0.0044560 secs] [Times: user=0.01 sys=0.00, real=0.00 secs] 
2014-07-16T15:24:33.886+0000: 188.207: [GC [PSYoungGen: 167764K->986K(164480K)] 229588K->62882K(851456K), 0.0058410 secs] [Times: user=0.03 sys=0.00, real=0.01 secs] 
2014-07-16T15:24:34.478+0000: 188.799: [GC [PSYoungGen: 164416K->866K(161216K)] 226312K->63240K(848192K), 0.0036570 secs] [Times: user=0.02 sys=0.00, real=0.01 secs] 
2014-07-16T15:24:35.075+0000: 189.397: [GC [PSYoungGen: 161186K->1144K(158400K)] 223560K->63566K(845376K), 0.0034940 secs] [Times: user=0.01 sys=0.00, real=0.00 secs] 
2014-07-16T15:24:35.638+0000: 189.960: [GC [PSYoungGen: 158392K->818K(155136K)] 220814K->63312K(842112K), 0.0032740 secs] [Times: user=0.02 sys=0.00, real=0.01 secs] 
2014-07-16T15:24:36.199+0000: 190.521: [GC [PSYoungGen: 155120K->1232K(152704K)] 217614K->63790K(839680K), 0.0043320 secs] [Times: user=0.02 sys=0.00, real=0.01 secs] 
2014-07-16T15:24:36.737+0000: 191.058: [GC [PSYoungGen: 152656K->926K(149632K)] 215214K->63548K(836608K), 0.0047060 secs] [Times: user=0.02 sys=0.00, real=0.01 secs] 
2014-07-16T15:24:37.268+0000: 191.589: [GC [PSYoungGen: 149598K->708K(146752K)] 212220K->63362K(833728K), 0.0044020 secs] [Times: user=0.01 sys=0.00, real=0.01 secs] 
2014-07-16T15:24:37.788+0000: 192.109: [GC [PSYoungGen: 146692K->872K(144256K)] 209346K->63574K(831232K), 0.0035850 secs] [Times: user=0.02 sys=0.00, real=0.01 secs] 
2014-07-16T15:24:38.307+0000: 192.629: [GC [PSYoungGen: 144232K->704K(141504K)] 206934K->63470K(828480K), 0.0031290 secs] [Times: user=0.01 sys=0.00, real=0.00 secs] 
2014-07-16T15:24:38.802+0000: 193.124: [GC [PSYoungGen: 141504K->662K(139072K)] 204270K->63492K(826048K), 0.0043630 secs] [Times: user=0.03 sys=0.00, real=0.00 secs] 
2014-07-16T15:24:39.325+0000: 193.647: [GC [PSYoungGen: 139022K->1454K(137472K)] 201853K->64486K(824448K), 0.0031150 secs] [Times: user=0.02 sys=0.00, real=0.00 secs] 
2014-07-16T15:24:39.794+0000: 194.115: [GC [PSYoungGen: 137454K->830K(134528K)] 200486K->64112K(821504K), 0.0041910 secs] [Times: user=0.02 sys=0.00, real=0.00 secs] 
2014-07-16T15:24:40.275+0000: 194.596: [GC [PSYoungGen: 134526K->1030K(132544K)] 197808K->64368K(819520K), 0.0039560 secs] [Times: user=0.02 sys=0.01, real=0.00 secs] 
2014-07-16T15:24:40.743+0000: 195.065: [GC [PSYoungGen: 132486K->826K(130112K)] 195824K->64252K(817088K), 0.0035760 secs] [Times: user=0.02 sys=0.00, real=0.00 secs] 
2014-07-16T15:24:41.196+0000: 195.517: [GC [PSYoungGen: 130106K->662K(127872K)] 193532K->64152K(814848K), 0.0064840 secs] [Times: user=0.03 sys=0.00, real=0.01 secs] 
2014-07-16T15:24:41.651+0000: 195.972: [GC [PSYoungGen: 127827K->976K(126144K)] 191317K->64546K(813120K), 0.0045770 secs] [Times: user=0.03 sys=0.00, real=0.01 secs] 
2014-07-16T15:24:42.101+0000: 196.423: [GC [PSYoungGen: 126096K->918K(124096K)] 189666K->64560K(811072K), 0.0032160 secs] [Times: user=0.01 sys=0.00, real=0.01 secs] 
2014-07-16T15:24:42.530+0000: 196.851: [GC [PSYoungGen: 124054K->708K(121920K)] 187696K->64446K(808896K), 0.0039310 secs] [Times: user=0.02 sys=0.00, real=0.01 secs] 
2014-07-16T15:24:42.966+0000: 197.288: [GC [PSYoungGen: 121857K->694K(119936K)] 185595K->64504K(806912K), 0.0030590 secs] [Times: user=0.02 sys=0.00, real=0.00 secs] 
2014-07-16T15:24:43.386+0000: 197.707: [GC [PSYoungGen: 119926K->780K(143936K)] 183736K->64622K(830912K), 0.0106930 secs] [Times: user=0.06 sys=0.00, real=0.01 secs] 
2014-07-16T15:24:43.898+0000: 198.220: [GC [PSYoungGen: 143884K->1136K(172928K)] 207726K->65026K(859904K), 0.0089020 secs] [Times: user=0.05 sys=0.00, real=0.01 secs] 
2014-07-16T15:24:44.514+0000: 198.836: [GC [PSYoungGen: 172889K->872K(207040K)] 236779K->64826K(894016K), 0.0034380 secs] [Times: user=0.01 sys=0.00, real=0.00 secs] 
2014-07-16T15:24:45.259+0000: 199.580: [GC [PSYoungGen: 207016K->844K(202496K)] 270970K->64902K(889472K), 0.0033510 secs] [Times: user=0.02 sys=0.00, real=0.01 secs] 
2014-07-16T15:24:46.002+0000: 200.323: [GC [PSYoungGen: 202444K->830K(198016K)] 266502K->64936K(884992K), 0.0050100 secs] [Times: user=0.02 sys=0.00, real=0.01 secs] 
2014-07-16T15:24:46.722+0000: 201.044: [GC [PSYoungGen: 198014K->1340K(194304K)] 262120K->65718K(881280K), 0.0059570 secs] [Times: user=0.03 sys=0.01, real=0.01 secs] 
2014-07-16T15:24:47.401+0000: 201.722: [GC [PSYoungGen: 194300K->562K(189440K)] 258678K->65154K(876416K), 0.0044180 secs] [Times: user=0.02 sys=0.00, real=0.01 secs] 
2014-07-16T15:24:48.084+0000: 202.406: [GC [PSYoungGen: 189414K->1054K(185984K)] 254006K->65726K(872960K), 0.0068540 secs] [Times: user=0.05 sys=0.00, real=0.00 secs] 
2014-07-16T15:24:48.760+0000: 203.081: [GC [PSYoungGen: 185950K->804K(181888K)] 250622K->65706K(868864K), 0.0080020 secs] [Times: user=0.05 sys=0.00, real=0.01 secs] 
2014-07-16T15:24:49.455+0000: 203.776: [GC [PSYoungGen: 181860K->1154K(178560K)] 246762K->66104K(865536K), 0.0048310 secs] [Times: user=0.03 sys=0.00, real=0.00 secs] 
2014-07-16T15:24:50.081+0000: 204.403: [GC [PSYoungGen: 178498K->1072K(174848K)] 243448K->66402K(861824K), 0.0032420 secs] [Times: user=0.01 sys=0.01, real=0.01 secs] 
2014-07-16T15:24:50.692+0000: 205.013: [GC [PSYoungGen: 174832K->932K(171264K)] 240162K->66278K(858240K), 0.0048050 secs] [Times: user=0.01 sys=0.01, real=0.01 secs] 
2014-07-16T15:24:51.306+0000: 205.627: [GC [PSYoungGen: 171236K->786K(167808K)] 236582K->66278K(854784K), 0.0031350 secs] [Times: user=0.02 sys=0.00, real=0.00 secs] 
2014-07-16T15:24:51.901+0000: 206.222: [GC [PSYoungGen: 167762K->940K(164672K)] 233254K->66504K(851648K), 0.0042640 secs] [Times: user=0.03 sys=0.00, real=0.01 secs] 
2014-07-16T15:24:52.478+0000: 206.799: [GC [PSYoungGen: 164652K->1054K(161664K)] 230216K->66682K(848640K), 0.0054390 secs] [Times: user=0.02 sys=0.00, real=0.00 secs] 
2014-07-16T15:24:53.074+0000: 207.395: [GC [PSYoungGen: 161630K->926K(158464K)] 227258K->66602K(845440K), 0.0093510 secs] [Times: user=0.05 sys=0.00, real=0.00 secs] 
2014-07-16T15:24:53.628+0000: 207.949: [GC [PSYoungGen: 158430K->1066K(155648K)] 224106K->66986K(842624K), 0.0025700 secs] [Times: user=0.02 sys=0.00, real=0.00 secs] 
2014-07-16T15:24:54.205+0000: 208.526: [GC [PSYoungGen: 155626K->1178K(152896K)] 221546K->67218K(839872K), 0.0041810 secs] [Times: user=0.03 sys=0.00, real=0.00 secs] 
2014-07-16T15:24:54.746+0000: 209.068: [GC [PSYoungGen: 152858K->744K(149696K)] 218898K->66974K(836672K), 0.0048550 secs] [Times: user=0.03 sys=0.00, real=0.00 secs] 
2014-07-16T15:24:55.281+0000: 209.602: [GC [PSYoungGen: 149672K->1076K(147328K)] 215902K->67370K(834304K), 0.0052950 secs] [Times: user=0.03 sys=0.00, real=0.01 secs] 
2014-07-16T15:24:55.812+0000: 210.133: [GC [PSYoungGen: 147277K->794K(144448K)] 213572K->67128K(831424K), 0.0067040 secs] [Times: user=0.03 sys=0.00, real=0.01 secs] 
2014-07-16T15:24:56.323+0000: 210.644: [GC [PSYoungGen: 144410K->1354K(142464K)] 210744K->67760K(829440K), 0.0026540 secs] [Times: user=0.01 sys=0.00, real=0.01 secs] 
2014-07-16T15:24:56.849+0000: 211.171: [GC [PSYoungGen: 142410K->886K(139520K)] 208816K->67746K(826496K), 0.0048180 secs] [Times: user=0.02 sys=0.00, real=0.01 secs] 
2014-07-16T15:24:57.343+0000: 211.664: [GC [PSYoungGen: 139510K->744K(137024K)] 206370K->67668K(824000K), 0.0036760 secs] [Times: user=0.02 sys=0.00, real=0.01 secs] 
2014-07-16T15:24:57.829+0000: 212.151: [GC [PSYoungGen: 137000K->794K(134784K)] 203924K->67798K(821760K), 0.0043330 secs] [Times: user=0.02 sys=0.00, real=0.00 secs] 
2014-07-16T15:24:58.312+0000: 212.633: [GC [PSYoungGen: 134717K->836K(132608K)] 201721K->67904K(819584K), 0.0053000 secs] [Times: user=0.02 sys=0.00, real=0.01 secs] 
2014-07-16T15:24:58.802+0000: 213.123: [GC [PSYoungGen: 132548K->900K(130496K)] 199616K->68048K(817472K), 0.0028180 secs] [Times: user=0.01 sys=0.00, real=0.01 secs] 
2014-07-16T15:24:59.328+0000: 213.649: [GC [PSYoungGen: 130436K->1132K(128576K)] 197584K->68320K(815552K), 0.0063040 secs] [Times: user=0.03 sys=0.00, real=0.00 secs] 
2014-07-16T15:24:59.740+0000: 214.061: [GC [PSYoungGen: 128524K->1008K(153984K)] 195712K->68852K(840960K), 0.0061180 secs] [Times: user=0.02 sys=0.00, real=0.01 secs] 
2014-07-16T15:25:00.306+0000: 214.627: [GC [PSYoungGen: 153968K->1586K(151744K)] 221812K->69486K(838720K), 0.0053770 secs] [Times: user=0.03 sys=0.00, real=0.00 secs] 
2014-07-16T15:25:00.843+0000: 215.164: [GC [PSYoungGen: 151730K->1008K(181248K)] 219630K->69448K(868224K), 0.0078980 secs] [Times: user=0.05 sys=0.00, real=0.01 secs] 
2014-07-16T15:25:01.472+0000: 215.793: [GC [PSYoungGen: 181232K->1040K(177664K)] 249672K->69568K(864640K), 0.0046850 secs] [Times: user=0.02 sys=0.00, real=0.01 secs] 
2014-07-16T15:25:02.105+0000: 216.426: [GC [PSYoungGen: 177602K->1104K(174144K)] 246131K->69870K(861120K), 0.0047710 secs] [Times: user=0.03 sys=0.00, real=0.00 secs] 
2014-07-16T15:25:02.733+0000: 217.054: [GC [PSYoungGen: 174096K->890K(170432K)] 242862K->69744K(857408K), 0.0051300 secs] [Times: user=0.03 sys=0.00, real=0.01 secs] 
2014-07-16T15:25:03.341+0000: 217.663: [GC [PSYoungGen: 170426K->890K(167104K)] 239280K->69824K(854080K), 0.0034770 secs] [Times: user=0.02 sys=0.00, real=0.00 secs] 
2014-07-16T15:25:03.944+0000: 218.265: [GC [PSYoungGen: 167098K->1122K(164160K)] 236032K->70136K(851136K), 0.0031100 secs] [Times: user=0.01 sys=0.00, real=0.01 secs] 
2014-07-16T15:25:04.574+0000: 218.896: [GC [PSYoungGen: 164130K->1390K(161280K)] 233144K->70484K(848256K), 0.0028590 secs] [Times: user=0.01 sys=0.00, real=0.01 secs] 
2014-07-16T15:25:05.135+0000: 219.457: [GC [PSYoungGen: 161262K->644K(157568K)] 230356K->69802K(844544K), 0.0052610 secs] [Times: user=0.03 sys=0.00, real=0.00 secs] 
2014-07-16T15:25:05.714+0000: 220.035: [GC [PSYoungGen: 157508K->1510K(155456K)] 226666K->70748K(842432K), 0.0034140 secs] [Times: user=0.02 sys=0.00, real=0.01 secs] 
2014-07-16T15:25:06.273+0000: 220.595: [GC [PSYoungGen: 155430K->726K(151872K)] 224668K->70044K(838848K), 0.0045350 secs] [Times: user=0.03 sys=0.01, real=0.01 secs] 
2014-07-16T15:25:06.823+0000: 221.145: [GC [PSYoungGen: 151830K->708K(149120K)] 221148K->70082K(836096K), 0.0037300 secs] [Times: user=0.02 sys=0.00, real=0.01 secs] 
2014-07-16T15:25:07.347+0000: 221.669: [GC [PSYoungGen: 149060K->1254K(146944K)] 218434K->70684K(833920K), 0.0063170 secs] [Times: user=0.03 sys=0.00, real=0.00 secs] 
2014-07-16T15:25:07.874+0000: 222.196: [GC [PSYoungGen: 146918K->1026K(144128K)] 216348K->70536K(831104K), 0.0031400 secs] [Times: user=0.02 sys=0.00, real=0.01 secs] 
2014-07-16T15:25:08.385+0000: 222.706: [GC [PSYoungGen: 144066K->980K(141568K)] 213576K->70562K(828544K), 0.0043090 secs] [Times: user=0.02 sys=0.00, real=0.01 secs] 
2014-07-16T15:25:08.901+0000: 223.222: [GC [PSYoungGen: 141484K->790K(138944K)] 211066K->70436K(825920K), 0.0054810 secs] [Times: user=0.03 sys=0.00, real=0.01 secs] 
2014-07-16T15:25:09.450+0000: 223.771: [GC [PSYoungGen: 138829K->1492K(137280K)] 208476K->71202K(824256K), 0.0060920 secs] [Times: user=0.03 sys=0.00, real=0.00 secs] 
2014-07-16T15:25:09.906+0000: 224.228: [GC [PSYoungGen: 137236K->816K(134272K)] 206946K->70566K(821248K), 0.0057060 secs] [Times: user=0.03 sys=0.00, real=0.00 secs] 
2014-07-16T15:25:10.391+0000: 224.713: [GC [PSYoungGen: 134256K->886K(132096K)] 204006K->70700K(819072K), 0.0025380 secs] [Times: user=0.01 sys=0.00, real=0.00 secs] 
2014-07-16T15:25:10.868+0000: 225.190: [GC [PSYoungGen: 132086K->826K(129856K)] 201900K->70720K(816832K), 0.0049820 secs] [Times: user=0.03 sys=0.00, real=0.00 secs] 
2014-07-16T15:25:11.333+0000: 225.654: [GC [PSYoungGen: 129850K->1704K(128640K)] 199744K->71744K(815616K), 0.0028620 secs] [Times: user=0.02 sys=0.00, real=0.00 secs] 
2014-07-16T15:25:11.778+0000: 226.099: [GC [PSYoungGen: 128616K->780K(125696K)] 198656K->70892K(812672K), 0.0023640 secs] [Times: user=0.01 sys=0.00, real=0.00 secs] 
2014-07-16T15:25:12.231+0000: 226.552: [GC [PSYoungGen: 125644K->694K(123584K)] 195756K->70854K(810560K), 0.0057220 secs] [Times: user=0.02 sys=0.00, real=0.00 secs] 
2014-07-16T15:25:12.668+0000: 226.990: [GC [PSYoungGen: 123574K->1126K(122112K)] 193734K->71358K(809088K), 0.0045590 secs] [Times: user=0.03 sys=0.00, real=0.00 secs] 
2014-07-16T15:25:13.104+0000: 227.425: [GC [PSYoungGen: 122086K->1036K(120128K)] 192318K->71324K(807104K), 0.0056830 secs] [Times: user=0.03 sys=0.00, real=0.01 secs] 
2014-07-16T15:25:13.525+0000: 227.846: [GC [PSYoungGen: 120075K->844K(143744K)] 190364K->71188K(830720K), 0.0056720 secs] [Times: user=0.03 sys=0.00, real=0.01 secs] 
2014-07-16T15:25:14.032+0000: 228.354: [GC [PSYoungGen: 143673K->1312K(172800K)] 214018K->71720K(859776K), 0.0051570 secs] [Times: user=0.03 sys=0.00, real=0.01 secs] 
2014-07-16T15:25:14.652+0000: 228.973: [GC [PSYoungGen: 172768K->1090K(169216K)] 243176K->71578K(856192K), 0.0036630 secs] [Times: user=0.02 sys=0.00, real=0.00 secs] 
2014-07-16T15:25:15.251+0000: 229.573: [GC [PSYoungGen: 169154K->772K(196224K)] 239642K->71316K(883200K), 0.0096310 secs] [Times: user=0.06 sys=0.00, real=0.01 secs] 
2014-07-16T15:25:15.959+0000: 230.281: [GC [PSYoungGen: 195245K->826K(191168K)] 265790K->71426K(878144K), 0.0031790 secs] [Times: user=0.01 sys=0.00, real=0.00 secs] 
2014-07-16T15:25:16.649+0000: 230.970: [GC [PSYoungGen: 191162K->1186K(187520K)] 261762K->71834K(874496K), 0.0053900 secs] [Times: user=0.03 sys=0.00, real=0.00 secs] 
2014-07-16T15:25:17.312+0000: 231.633: [GC [PSYoungGen: 187490K->808K(183232K)] 258138K->71536K(870208K), 0.0045540 secs] [Times: user=0.02 sys=0.00, real=0.00 secs] 
2014-07-16T15:25:17.969+0000: 232.290: [GC [PSYoungGen: 183208K->822K(179456K)] 253936K->71622K(866432K), 0.0029970 secs] [Times: user=0.01 sys=0.00, real=0.00 secs] 
2014-07-16T15:25:18.626+0000: 232.947: [GC [PSYoungGen: 179446K->1432K(176448K)] 250246K->72280K(863424K), 0.0079230 secs] [Times: user=0.04 sys=0.00, real=0.01 secs] 
2014-07-16T15:25:19.246+0000: 233.567: [GC [PSYoungGen: 176408K->704K(172160K)] 247256K->71664K(859136K), 0.0033410 secs] [Times: user=0.01 sys=0.01, real=0.01 secs] 
2014-07-16T15:25:19.899+0000: 234.221: [GC [PSYoungGen: 172132K->1312K(169408K)] 243093K->72716K(856384K), 0.0060760 secs] [Times: user=0.03 sys=0.00, real=0.00 secs] 
2014-07-16T15:25:20.472+0000: 234.793: [GC [PSYoungGen: 169376K->790K(165632K)] 240780K->72250K(852608K), 0.0056310 secs] [Times: user=0.03 sys=0.00, real=0.00 secs] 
2014-07-16T15:25:21.074+0000: 235.396: [GC [PSYoungGen: 165572K->954K(162560K)] 237033K->72502K(849536K), 0.0055160 secs] [Times: user=0.04 sys=0.00, real=0.01 secs] 
2014-07-16T15:25:21.647+0000: 235.968: [GC [PSYoungGen: 162554K->1254K(159808K)] 234102K->72898K(846784K), 0.0042860 secs] [Times: user=0.03 sys=0.01, real=0.01 secs] 
2014-07-16T15:25:22.216+0000: 236.538: [GC [PSYoungGen: 159780K->1082K(156608K)] 231425K->72798K(843584K), 0.0040360 secs] [Times: user=0.02 sys=0.00, real=0.01 secs] 
2014-07-16T15:25:22.776+0000: 237.097: [GC [PSYoungGen: 156602K->836K(153536K)] 228318K->72624K(840512K), 0.0043810 secs] [Times: user=0.02 sys=0.00, real=0.01 secs] 
2014-07-16T15:25:23.324+0000: 237.646: [GC [PSYoungGen: 153476K->1140K(150976K)] 225264K->72985K(837952K), 0.0028060 secs] [Times: user=0.01 sys=0.00, real=0.00 secs] 
2014-07-16T15:25:23.858+0000: 238.179: [GC [PSYoungGen: 150964K->1130K(148224K)] 222809K->73022K(835200K), 0.0051130 secs] [Times: user=0.03 sys=0.00, real=0.01 secs] 
2014-07-16T15:25:24.409+0000: 238.730: [GC [PSYoungGen: 148202K->868K(145344K)] 220094K->72824K(832320K), 0.0051460 secs] [Times: user=0.03 sys=0.00, real=0.00 secs] 
2014-07-16T15:25:24.941+0000: 239.262: [GC [PSYoungGen: 145316K->1018K(142912K)] 217272K->73070K(829888K), 0.0042740 secs] [Times: user=0.03 sys=0.00, real=0.00 secs] 
2014-07-16T15:25:25.431+0000: 239.752: [GC [PSYoungGen: 142906K->890K(140288K)] 214958K->73006K(827264K), 0.0054710 secs] [Times: user=0.03 sys=0.00, real=0.00 secs] 
2014-07-16T15:25:25.922+0000: 240.243: [GC [PSYoungGen: 140208K->726K(137728K)] 212325K->72914K(824704K), 0.0045710 secs] [Times: user=0.03 sys=0.00, real=0.00 secs] 
2014-07-16T15:25:26.423+0000: 240.744: [GC [PSYoungGen: 137686K->730K(165120K)] 209874K->72950K(852096K), 0.0082180 secs] [Times: user=0.05 sys=0.00, real=0.01 secs] 
2014-07-16T15:25:27.017+0000: 241.339: [GC [PSYoungGen: 165082K->1200K(189888K)] 237302K->73476K(876864K), 0.0072450 secs] [Times: user=0.04 sys=0.01, real=0.01 secs] 
2014-07-16T15:25:27.705+0000: 242.026: [GC [PSYoungGen: 189552K->1186K(198848K)] 261828K->73542K(885824K), 0.0068420 secs] [Times: user=0.02 sys=0.00, real=0.01 secs] 
2014-07-16T15:25:28.392+0000: 242.714: [GC [PSYoungGen: 198434K->944K(193984K)] 270790K->73388K(880960K), 0.0045780 secs] [Times: user=0.03 sys=0.00, real=0.00 secs] 
2014-07-16T15:25:29.078+0000: 243.399: [GC [PSYoungGen: 193946K->694K(189632K)] 266391K->73342K(876608K), 0.0025510 secs] [Times: user=0.01 sys=0.01, real=0.01 secs] 
2014-07-16T15:25:29.797+0000: 244.118: [GC [PSYoungGen: 189622K->836K(185856K)] 262270K->73564K(872832K), 0.0031800 secs] [Times: user=0.01 sys=0.01, real=0.01 secs] 
2014-07-16T15:25:30.428+0000: 244.750: [GC [PSYoungGen: 185755K->776K(181952K)] 258484K->73584K(868928K), 0.0041910 secs] [Times: user=0.02 sys=0.00, real=0.01 secs] 
2014-07-16T15:25:31.088+0000: 245.409: [GC [PSYoungGen: 181896K->826K(178240K)] 254704K->73674K(865216K), 0.0076260 secs] [Times: user=0.04 sys=0.00, real=0.01 secs] 
2014-07-16T15:25:31.720+0000: 246.041: [GC [PSYoungGen: 178234K->794K(174656K)] 251082K->73714K(861632K), 0.0038010 secs] [Times: user=0.02 sys=0.00, real=0.00 secs] 
2014-07-16T15:25:32.340+0000: 246.661: [GC [PSYoungGen: 174618K->744K(171136K)] 247538K->73752K(858112K), 0.0042420 secs] [Times: user=0.03 sys=0.00, real=0.00 secs] 
2014-07-16T15:25:32.965+0000: 247.286: [GC [PSYoungGen: 171112K->1036K(168128K)] 244120K->74108K(855104K), 0.0041710 secs] [Times: user=0.01 sys=0.00, real=0.00 secs] 
2014-07-16T15:25:33.571+0000: 247.892: [GC [PSYoungGen: 167985K->812K(164608K)] 241057K->73940K(851584K), 0.0028940 secs] [Times: user=0.01 sys=0.00, real=0.00 secs] 
2014-07-16T15:25:34.140+0000: 248.462: [GC [PSYoungGen: 164552K->790K(161472K)] 237680K->73990K(848448K), 0.0061600 secs] [Times: user=0.04 sys=0.00, real=0.00 secs] 
2014-07-16T15:25:34.792+0000: 249.113: [GC [PSYoungGen: 161430K->1328K(158912K)] 234630K->74736K(845888K), 0.0078180 secs] [Times: user=0.04 sys=0.00, real=0.01 secs] 
2014-07-16T15:25:35.306+0000: 249.627: [GC [PSYoungGen: 158896K->566K(189696K)] 232304K->74030K(876672K), 0.0101040 secs] [Times: user=0.06 sys=0.00, real=0.01 secs] 
2014-07-16T15:25:35.982+0000: 250.303: [GC [PSYoungGen: 189686K->986K(186176K)] 263150K->74580K(873152K), 0.0025780 secs] [Times: user=0.01 sys=0.01, real=0.00 secs] 
2014-07-16T15:25:36.663+0000: 250.984: [GC [PSYoungGen: 186134K->940K(182272K)] 259728K->74646K(869248K), 0.0040910 secs] [Times: user=0.03 sys=0.00, real=0.00 secs] 
2014-07-16T15:25:37.330+0000: 251.652: [GC [PSYoungGen: 182252K->1460K(179072K)] 255958K->75238K(866048K), 0.0032770 secs] [Times: user=0.02 sys=0.00, real=0.00 secs] 
2014-07-16T15:25:37.963+0000: 252.284: [GC [PSYoungGen: 179060K->556K(174592K)] 252838K->75017K(861568K), 0.0054790 secs] [Times: user=0.04 sys=0.00, real=0.00 secs] 
2014-07-16T15:25:38.578+0000: 252.899: [GC [PSYoungGen: 174570K->944K(171520K)] 249031K->75485K(858496K), 0.0043680 secs] [Times: user=0.02 sys=0.01, real=0.01 secs] 
2014-07-16T15:25:39.181+0000: 253.503: [GC [PSYoungGen: 171504K->1248K(168448K)] 246045K->76169K(855424K), 0.0052970 secs] [Times: user=0.03 sys=0.00, real=0.00 secs] 
2014-07-16T15:25:39.835+0000: 254.156: [GC [PSYoungGen: 168400K->1228K(165184K)] 243321K->76205K(852160K), 0.0056360 secs] [Times: user=0.03 sys=0.00, real=0.00 secs] 
2014-07-16T15:25:40.380+0000: 254.701: [GC [PSYoungGen: 165132K->702K(161472K)] 240109K->75801K(848448K), 0.0059720 secs] [Times: user=0.03 sys=0.00, real=0.01 secs] 
2014-07-16T15:25:40.958+0000: 255.279: [GC [PSYoungGen: 161470K->894K(158592K)] 236569K->76049K(845568K), 0.0055730 secs] [Times: user=0.02 sys=0.00, real=0.01 secs] 
2014-07-16T15:25:41.523+0000: 255.844: [GC [PSYoungGen: 158561K->926K(155712K)] 233716K->76137K(842688K), 0.0045240 secs] [Times: user=0.02 sys=0.00, real=0.00 secs] 
2014-07-16T15:25:42.083+0000: 256.404: [GC [PSYoungGen: 155678K->640K(152512K)] 230889K->75907K(839488K), 0.0042810 secs] [Times: user=0.02 sys=0.00, real=0.00 secs] 
2014-07-16T15:25:42.623+0000: 256.944: [GC [PSYoungGen: 152512K->944K(150080K)] 227779K->76275K(837056K), 0.0057790 secs] [Times: user=0.03 sys=0.00, real=0.00 secs] 
2014-07-16T15:25:43.166+0000: 257.487: [GC [PSYoungGen: 150064K->990K(147456K)] 225395K->76401K(834432K), 0.0063190 secs] [Times: user=0.03 sys=0.00, real=0.01 secs] 
2014-07-16T15:25:43.684+0000: 258.006: [GC [PSYoungGen: 147422K->694K(144512K)] 222833K->76193K(831488K), 0.0050680 secs] [Times: user=0.03 sys=0.01, real=0.00 secs] 
2014-07-16T15:25:44.198+0000: 258.520: [GC [PSYoungGen: 144467K->648K(141952K)] 219966K->76211K(828928K), 0.0034450 secs] [Times: user=0.02 sys=0.00, real=0.01 secs] 
2014-07-16T15:25:44.726+0000: 259.048: [GC [PSYoungGen: 141896K->772K(139584K)] 217459K->76447K(826560K), 0.0051370 secs] [Times: user=0.03 sys=0.00, real=0.01 secs] 
2014-07-16T15:25:45.254+0000: 259.576: [GC [PSYoungGen: 139512K->804K(137216K)] 215187K->76567K(824192K), 0.0046460 secs] [Times: user=0.03 sys=0.00, real=0.00 secs] 
2014-07-16T15:25:45.706+0000: 260.027: [GC [PSYoungGen: 137188K->1044K(135168K)] 212951K->76871K(822144K), 0.0028210 secs] [Times: user=0.02 sys=0.00, real=0.00 secs] 
2014-07-16T15:25:46.191+0000: 260.512: [GC [PSYoungGen: 135124K->1146K(132992K)] 210951K->77037K(819968K), 0.0064890 secs] [Times: user=0.04 sys=0.01, real=0.01 secs] 
2014-07-16T15:25:46.641+0000: 260.963: [GC [PSYoungGen: 132986K->616K(158848K)] 208877K->76983K(845824K), 0.0060400 secs] [Times: user=0.03 sys=0.00, real=0.01 secs] 
2014-07-16T15:25:47.201+0000: 261.522: [GC [PSYoungGen: 158814K->1454K(156672K)] 235181K->77869K(843648K), 0.0028830 secs] [Times: user=0.01 sys=0.01, real=0.01 secs] 
2014-07-16T15:25:47.742+0000: 262.064: [GC [PSYoungGen: 156654K->866K(153216K)] 233069K->77673K(840192K), 0.0045240 secs] [Times: user=0.02 sys=0.00, real=0.00 secs] 
2014-07-16T15:25:48.298+0000: 262.619: [GC [PSYoungGen: 153185K->1372K(150912K)] 229992K->78275K(837888K), 0.0029900 secs] [Times: user=0.02 sys=0.00, real=0.00 secs] 
2014-07-16T15:25:48.850+0000: 263.171: [GC [PSYoungGen: 150876K->840K(147712K)] 227779K->77889K(834688K), 0.0031320 secs] [Times: user=0.01 sys=0.00, real=0.01 secs] 
2014-07-16T15:25:49.372+0000: 263.693: [GC [PSYoungGen: 147656K->790K(145024K)] 224705K->77919K(832000K), 0.0029590 secs] [Times: user=0.02 sys=0.00, real=0.01 secs] 
2014-07-16T15:25:49.963+0000: 264.284: [GC [PSYoungGen: 144982K->1320K(142976K)] 222111K->78521K(829952K), 0.0032180 secs] [Times: user=0.01 sys=0.00, real=0.00 secs] 
2014-07-16T15:25:50.394+0000: 264.716: [GC [PSYoungGen: 142950K->644K(139840K)] 220152K->77933K(826816K), 0.0038240 secs] [Times: user=0.02 sys=0.00, real=0.00 secs] 
2014-07-16T15:25:50.888+0000: 265.209: [GC [PSYoungGen: 139780K->1440K(138176K)] 217069K->78801K(825152K), 0.0030740 secs] [Times: user=0.02 sys=0.00, real=0.00 secs] 
2014-07-16T15:25:51.374+0000: 265.695: [GC [PSYoungGen: 138144K->716K(135104K)] 215505K->78117K(822080K), 0.0036160 secs] [Times: user=0.01 sys=0.00, real=0.00 secs] 
2014-07-16T15:25:51.858+0000: 266.179: [GC [PSYoungGen: 135007K->808K(132928K)] 212408K->78297K(819904K), 0.0044190 secs] [Times: user=0.02 sys=0.00, real=0.00 secs] 
2014-07-16T15:25:52.318+0000: 266.640: [GC [PSYoungGen: 132904K->740K(130688K)] 210393K->78285K(817664K), 0.0034520 secs] [Times: user=0.01 sys=0.00, real=0.00 secs] 
2014-07-16T15:25:52.786+0000: 267.108: [GC [PSYoungGen: 130660K->890K(128640K)] 208205K->78499K(815616K), 0.0027540 secs] [Times: user=0.01 sys=0.00, real=0.00 secs] 
2014-07-16T15:25:53.237+0000: 267.559: [GC [PSYoungGen: 128634K->766K(126400K)] 206243K->78447K(813376K), 0.0056740 secs] [Times: user=0.04 sys=0.00, real=0.01 secs] 
2014-07-16T15:25:53.681+0000: 268.003: [GC [PSYoungGen: 126398K->876K(151680K)] 204079K->78605K(838656K), 0.0087230 secs] [Times: user=0.05 sys=0.00, real=0.01 secs] 
2014-07-16T15:25:54.237+0000: 268.558: [GC [PSYoungGen: 151660K->978K(149056K)] 229389K->78803K(836032K), 0.0035030 secs] [Times: user=0.02 sys=0.00, real=0.00 secs] 
2014-07-16T15:25:54.771+0000: 269.092: [GC [PSYoungGen: 149010K->932K(146304K)] 226835K->78829K(833280K), 0.0028110 secs] [Times: user=0.02 sys=0.00, real=0.01 secs] 
2014-07-16T15:25:55.327+0000: 269.648: [GC [PSYoungGen: 146276K->886K(143680K)] 224173K->78847K(830656K), 0.0083380 secs] [Times: user=0.02 sys=0.01, real=0.01 secs] 
2014-07-16T15:25:55.833+0000: 270.154: [GC [PSYoungGen: 143670K->1044K(141376K)] 221631K->79109K(828352K), 0.0040870 secs] [Times: user=0.02 sys=0.00, real=0.01 secs] 
2014-07-16T15:25:56.333+0000: 270.655: [GC [PSYoungGen: 141332K->940K(138816K)] 219397K->79077K(825792K), 0.0039820 secs] [Times: user=0.01 sys=0.00, real=0.00 secs] 
2014-07-16T15:25:56.835+0000: 271.157: [GC [PSYoungGen: 138781K->830K(136320K)] 216918K->79047K(823296K), 0.0041790 secs] [Times: user=0.02 sys=0.00, real=0.00 secs] 
2014-07-16T15:25:57.341+0000: 271.662: [GC [PSYoungGen: 136318K->772K(134016K)] 214535K->79093K(820992K), 0.0028590 secs] [Times: user=0.02 sys=0.00, real=0.01 secs] 
2014-07-16T15:25:57.826+0000: 272.148: [GC [PSYoungGen: 133956K->1076K(132032K)] 212277K->79583K(819008K), 0.0044870 secs] [Times: user=0.02 sys=0.00, real=0.00 secs] 
2014-07-16T15:25:58.286+0000: 272.607: [GC [PSYoungGen: 132020K->954K(129728K)] 210527K->79557K(816704K), 0.0057390 secs] [Times: user=0.04 sys=0.00, real=0.00 secs] 
2014-07-16T15:25:58.743+0000: 273.064: [GC [PSYoungGen: 129722K->662K(127360K)] 208325K->79337K(814336K), 0.0044820 secs] [Times: user=0.02 sys=0.00, real=0.01 secs] 
2014-07-16T15:25:59.197+0000: 273.518: [GC [PSYoungGen: 127318K->900K(125568K)] 205993K->79639K(812544K), 0.0046810 secs] [Times: user=0.01 sys=0.00, real=0.00 secs] 
2014-07-16T15:25:59.660+0000: 273.981: [GC [PSYoungGen: 125508K->836K(123520K)] 204247K->79671K(810496K), 0.0048050 secs] [Times: user=0.02 sys=0.00, real=0.01 secs] 
2014-07-16T15:26:00.149+0000: 274.471: [GC [PSYoungGen: 123460K->1194K(148416K)] 202295K->80061K(835392K), 0.0086670 secs] [Times: user=0.05 sys=0.00, real=0.01 secs] 
2014-07-16T15:26:00.646+0000: 274.967: [GC [PSYoungGen: 148394K->620K(145216K)] 227261K->79819K(832192K), 0.0025470 secs] [Times: user=0.01 sys=0.00, real=0.00 secs] 
2014-07-16T15:26:01.162+0000: 275.484: [GC [PSYoungGen: 145131K->1154K(143232K)] 224330K->80401K(830208K), 0.0034630 secs] [Times: user=0.02 sys=0.00, real=0.01 secs] 
2014-07-16T15:26:01.677+0000: 275.998: [GC [PSYoungGen: 143170K->862K(140416K)] 222417K->80271K(827392K), 0.0041070 secs] [Times: user=0.02 sys=0.00, real=0.00 secs] 
2014-07-16T15:26:02.180+0000: 276.501: [GC [PSYoungGen: 140368K->1076K(138176K)] 219777K->80541K(825152K), 0.0045690 secs] [Times: user=0.02 sys=0.00, real=0.01 secs] 
2014-07-16T15:26:02.674+0000: 276.996: [GC [PSYoungGen: 138164K->630K(135360K)] 217629K->80143K(822336K), 0.0037300 secs] [Times: user=0.02 sys=0.00, real=0.00 secs] 
2014-07-16T15:26:03.161+0000: 277.483: [GC [PSYoungGen: 135350K->744K(133184K)] 214863K->80337K(820160K), 0.0049180 secs] [Times: user=0.03 sys=0.00, real=0.01 secs] 
2014-07-16T15:26:03.632+0000: 277.953: [GC [PSYoungGen: 133160K->804K(131008K)] 212753K->80461K(817984K), 0.0045610 secs] [Times: user=0.02 sys=0.00, real=0.01 secs] 
2014-07-16T15:26:04.102+0000: 278.423: [GC [PSYoungGen: 130949K->908K(128960K)] 210606K->80613K(815936K), 0.0062320 secs] [Times: user=0.03 sys=0.00, real=0.01 secs] 
2014-07-16T15:26:04.565+0000: 278.886: [GC [PSYoungGen: 128908K->950K(126848K)] 208613K->80927K(813824K), 0.0025160 secs] [Times: user=0.01 sys=0.00, real=0.00 secs] 
2014-07-16T15:26:05.011+0000: 279.332: [GC [PSYoungGen: 126838K->662K(124544K)] 206815K->80695K(811520K), 0.0050550 secs] [Times: user=0.02 sys=0.00, real=0.01 secs] 
2014-07-16T15:26:05.456+0000: 279.777: [GC [PSYoungGen: 124427K->1036K(122944K)] 204461K->81125K(809920K), 0.0044180 secs] [Times: user=0.02 sys=0.00, real=0.00 secs] 
2014-07-16T15:26:05.885+0000: 280.206: [GC [PSYoungGen: 122892K->990K(120960K)] 202981K->81151K(807936K), 0.0042530 secs] [Times: user=0.02 sys=0.00, real=0.01 secs] 
2014-07-16T15:26:06.326+0000: 280.647: [GC [PSYoungGen: 120926K->708K(118848K)] 201087K->80917K(805824K), 0.0050160 secs] [Times: user=0.03 sys=0.00, real=0.00 secs] 
2014-07-16T15:26:06.746+0000: 281.068: [GC [PSYoungGen: 118788K->1054K(117376K)] 198997K->81351K(804352K), 0.0046560 secs] [Times: user=0.02 sys=0.00, real=0.00 secs] 
2014-07-16T15:26:07.179+0000: 281.501: [GC [PSYoungGen: 117342K->726K(140352K)] 197639K->81095K(827328K), 0.0060960 secs] [Times: user=0.02 sys=0.00, real=0.01 secs] 
2014-07-16T15:26:07.682+0000: 282.003: [GC [PSYoungGen: 140310K->804K(157632K)] 220679K->81237K(844608K), 0.0045180 secs] [Times: user=0.02 sys=0.00, real=0.01 secs] 
2014-07-16T15:26:08.242+0000: 282.564: [GC [PSYoungGen: 157028K->958K(154240K)] 237461K->81479K(841216K), 0.0039770 secs] [Times: user=0.02 sys=0.00, real=0.01 secs] 
2014-07-16T15:26:08.794+0000: 283.115: [GC [PSYoungGen: 154238K->1176K(151680K)] 234759K->81761K(838656K), 0.0052060 secs] [Times: user=0.02 sys=0.00, real=0.01 secs] 
2014-07-16T15:26:09.344+0000: 283.665: [GC [PSYoungGen: 151640K->562K(148288K)] 232225K->81219K(835264K), 0.0043550 secs] [Times: user=0.02 sys=0.00, real=0.01 secs] 
2014-07-16T15:26:09.869+0000: 284.191: [GC [PSYoungGen: 148274K->940K(145984K)] 228931K->81693K(832960K), 0.0032350 secs] [Times: user=0.02 sys=0.00, real=0.00 secs] 
2014-07-16T15:26:10.417+0000: 284.739: [GC [PSYoungGen: 145964K->1104K(143616K)] 226717K->81905K(830592K), 0.0073610 secs] [Times: user=0.04 sys=0.00, real=0.00 secs] 
2014-07-16T15:26:10.943+0000: 285.265: [GC [PSYoungGen: 143568K->1394K(141376K)] 224369K->82431K(828352K), 0.0033660 secs] [Times: user=0.01 sys=0.01, real=0.01 secs] 
2014-07-16T15:26:11.428+0000: 285.750: [GC [PSYoungGen: 141362K->292K(137856K)] 222399K->81725K(824832K), 0.0039980 secs] [Times: user=0.02 sys=0.00, real=0.00 secs] 
2014-07-16T15:26:11.924+0000: 286.245: [GC [PSYoungGen: 137813K->790K(136000K)] 219247K->82353K(822976K), 0.0034180 secs] [Times: user=0.02 sys=0.01, real=0.01 secs] 
2014-07-16T15:26:12.407+0000: 286.728: [GC [PSYoungGen: 135958K->894K(133760K)] 217521K->82653K(820736K), 0.0031270 secs] [Times: user=0.01 sys=0.01, real=0.00 secs] 
2014-07-16T15:26:12.878+0000: 287.199: [GC [PSYoungGen: 133758K->1258K(131904K)] 215517K->83089K(818880K), 0.0030880 secs] [Times: user=0.01 sys=0.00, real=0.00 secs] 
2014-07-16T15:26:13.346+0000: 287.667: [GC [PSYoungGen: 131882K->930K(129408K)] 213713K->83145K(816384K), 0.0046650 secs] [Times: user=0.02 sys=0.00, real=0.01 secs] 
2014-07-16T15:26:13.814+0000: 288.136: [GC [PSYoungGen: 129378K->812K(127168K)] 211593K->83099K(814144K), 0.0052950 secs] [Times: user=0.02 sys=0.00, real=0.01 secs] 
2014-07-16T15:26:14.277+0000: 288.598: [GC [PSYoungGen: 127148K->726K(125056K)] 209435K->83159K(812032K), 0.0049500 secs] [Times: user=0.02 sys=0.00, real=0.00 secs] 
2014-07-16T15:26:14.716+0000: 289.037: [GC [PSYoungGen: 124995K->1008K(123328K)] 207429K->83505K(810304K), 0.0030190 secs] [Times: user=0.01 sys=0.00, real=0.00 secs] 
2014-07-16T15:26:15.162+0000: 289.483: [GC [PSYoungGen: 123298K->940K(121344K)] 205796K->83477K(808320K), 0.0060500 secs] [Times: user=0.03 sys=0.01, real=0.01 secs] 
2014-07-16T15:26:15.617+0000: 289.939: [GC [PSYoungGen: 121324K->594K(119168K)] 203861K->83203K(806144K), 0.0049610 secs] [Times: user=0.03 sys=0.00, real=0.00 secs] 
2014-07-16T15:26:16.052+0000: 290.373: [GC [PSYoungGen: 119122K->936K(117632K)] 201731K->83593K(804608K), 0.0041770 secs] [Times: user=0.01 sys=0.00, real=0.01 secs] 
2014-07-16T15:26:16.465+0000: 290.786: [GC [PSYoungGen: 117608K->762K(115648K)] 200265K->83491K(802624K), 0.0043830 secs] [Times: user=0.02 sys=0.01, real=0.01 secs] 
2014-07-16T15:26:16.882+0000: 291.203: [GC [PSYoungGen: 115642K->626K(113792K)] 198371K->83419K(800768K), 0.0043960 secs] [Times: user=0.02 sys=0.00, real=0.01 secs] 
2014-07-16T15:26:17.286+0000: 291.607: [GC [PSYoungGen: 113754K->1182K(112704K)] 196548K->84031K(799680K), 0.0031590 secs] [Times: user=0.02 sys=0.01, real=0.01 secs] 
2014-07-16T15:26:17.684+0000: 292.006: [GC [PSYoungGen: 112670K->1108K(110976K)] 195519K->84013K(797952K), 0.0049090 secs] [Times: user=0.02 sys=0.00, real=0.01 secs] 
2014-07-16T15:26:18.075+0000: 292.397: [GC [PSYoungGen: 110898K->812K(132672K)] 193804K->83773K(819648K), 0.0055800 secs] [Times: user=0.03 sys=0.01, real=0.01 secs] 
2014-07-16T15:26:18.549+0000: 292.871: [GC [PSYoungGen: 132652K->1144K(156032K)] 215613K->84617K(843008K), 0.0053640 secs] [Times: user=0.03 sys=0.00, real=0.00 secs] 
2014-07-16T15:26:19.109+0000: 293.431: [GC [PSYoungGen: 156024K->872K(156608K)] 239497K->84449K(843584K), 0.0048180 secs] [Times: user=0.03 sys=0.00, real=0.00 secs] 
2014-07-16T15:26:19.677+0000: 293.999: [GC [PSYoungGen: 155750K->958K(152960K)] 239328K->84615K(839936K), 0.0047330 secs] [Times: user=0.02 sys=0.01, real=0.00 secs] 
2014-07-16T15:26:20.215+0000: 294.536: [GC [PSYoungGen: 152923K->780K(150016K)] 236581K->84485K(836992K), 0.0039710 secs] [Times: user=0.02 sys=0.00, real=0.01 secs] 
2014-07-16T15:26:20.746+0000: 295.068: [GC [PSYoungGen: 149964K->1444K(147968K)] 233669K->85318K(834944K), 0.0067360 secs] [Times: user=0.04 sys=0.00, real=0.01 secs] 
2014-07-16T15:26:21.282+0000: 295.603: [GC [PSYoungGen: 147940K->844K(144768K)] 231814K->84781K(831744K), 0.0037500 secs] [Times: user=0.01 sys=0.00, real=0.00 secs] 
2014-07-16T15:26:21.809+0000: 296.130: [GC [PSYoungGen: 144686K->1144K(142464K)] 228623K->85180K(829440K), 0.0059410 secs] [Times: user=0.03 sys=0.01, real=0.00 secs] 
2014-07-16T15:26:22.305+0000: 296.626: [GC [PSYoungGen: 142456K->662K(139520K)] 226492K->84753K(826496K), 0.0035250 secs] [Times: user=0.01 sys=0.00, real=0.01 secs] 
2014-07-16T15:26:22.807+0000: 297.129: [GC [PSYoungGen: 139478K->758K(137216K)] 223569K->84905K(824192K), 0.0041110 secs] [Times: user=0.02 sys=0.00, real=0.00 secs] 
2014-07-16T15:26:23.300+0000: 297.622: [GC [PSYoungGen: 137206K->840K(135040K)] 221353K->85051K(822016K), 0.0040870 secs] [Times: user=0.02 sys=0.00, real=0.00 secs] 
2014-07-16T15:26:23.788+0000: 298.110: [GC [PSYoungGen: 134984K->644K(132608K)] 219195K->84935K(819584K), 0.0050310 secs] [Times: user=0.02 sys=0.00, real=0.00 secs] 
2014-07-16T15:26:24.257+0000: 298.578: [GC [PSYoungGen: 132548K->1172K(130944K)] 216839K->85519K(817920K), 0.0032120 secs] [Times: user=0.01 sys=0.00, real=0.01 secs] 
2014-07-16T15:26:24.737+0000: 299.058: [GC [PSYoungGen: 130900K->972K(128640K)] 215247K->85407K(815616K), 0.0040860 secs] [Times: user=0.02 sys=0.00, real=0.01 secs] 
2014-07-16T15:26:25.197+0000: 299.518: [GC [PSYoungGen: 128588K->1278K(126784K)] 213023K->85833K(813760K), 0.0039650 secs] [Times: user=0.02 sys=0.00, real=0.01 secs] 
2014-07-16T15:26:25.686+0000: 300.007: [GC [PSYoungGen: 126782K->950K(124416K)] 211337K->85659K(811392K), 0.0032630 secs] [Times: user=0.02 sys=0.00, real=0.01 secs] 
2014-07-16T15:26:26.127+0000: 300.448: [GC [PSYoungGen: 124406K->1136K(122624K)] 209115K->85917K(809600K), 0.0043620 secs] [Times: user=0.03 sys=0.00, real=0.01 secs] 
2014-07-16T15:26:26.574+0000: 300.895: [GC [PSYoungGen: 122564K->790K(120384K)] 207346K->85701K(807360K), 0.0035310 secs] [Times: user=0.01 sys=0.00, real=0.00 secs] 
2014-07-16T15:26:26.997+0000: 301.319: [GC [PSYoungGen: 120342K->1030K(118784K)] 205253K->85990K(805760K), 0.0036440 secs] [Times: user=0.02 sys=0.00, real=0.01 secs] 
2014-07-16T15:26:27.434+0000: 301.755: [GC [PSYoungGen: 118726K->818K(116736K)] 203686K->85841K(803712K), 0.0035320 secs] [Times: user=0.01 sys=0.01, real=0.00 secs] 
2014-07-16T15:26:27.839+0000: 302.160: [GC [PSYoungGen: 116722K->1350K(115520K)] 201745K->86446K(802496K), 0.0029520 secs] [Times: user=0.01 sys=0.00, real=0.00 secs] 
2014-07-16T15:26:28.255+0000: 302.576: [GC [PSYoungGen: 115462K->876K(137856K)] 200558K->86382K(824832K), 0.0086640 secs] [Times: user=0.04 sys=0.01, real=0.01 secs] 
2014-07-16T15:26:28.745+0000: 303.067: [GC [PSYoungGen: 137836K->776K(165184K)] 223342K->86322K(852160K), 0.0068770 secs] [Times: user=0.04 sys=0.01, real=0.01 secs] 
2014-07-16T15:26:29.327+0000: 303.648: [GC [PSYoungGen: 165127K->976K(174976K)] 250673K->86602K(861952K), 0.0049980 secs] [Times: user=0.02 sys=0.01, real=0.01 secs] 
2014-07-16T15:26:29.952+0000: 304.273: [GC [PSYoungGen: 174284K->1058K(170944K)] 259910K->86724K(857920K), 0.0045190 secs] [Times: user=0.02 sys=0.01, real=0.00 secs] 
2014-07-16T15:26:30.597+0000: 304.919: [GC [PSYoungGen: 170914K->548K(167104K)] 256580K->86531K(854080K), 0.0058060 secs] [Times: user=0.03 sys=0.00, real=0.01 secs] 
2014-07-16T15:26:31.179+0000: 305.501: [GC [PSYoungGen: 167076K->926K(164224K)] 253059K->86974K(851200K), 0.0047700 secs] [Times: user=0.03 sys=0.00, real=0.00 secs] 
2014-07-16T15:26:31.818+0000: 306.140: [GC [PSYoungGen: 164148K->1076K(161216K)] 250196K->87254K(848192K), 0.0056110 secs] [Times: user=0.03 sys=0.00, real=0.01 secs] 
2014-07-16T15:26:32.374+0000: 306.696: [GC [PSYoungGen: 161204K->1072K(158208K)] 247382K->87354K(845184K), 0.0042880 secs] [Times: user=0.02 sys=0.00, real=0.00 secs] 
2014-07-16T15:26:32.937+0000: 307.258: [GC [PSYoungGen: 158192K->758K(154944K)] 244474K->87104K(841920K), 0.0035200 secs] [Times: user=0.01 sys=0.00, real=0.01 secs] 
2014-07-16T15:26:33.489+0000: 307.810: [GC [PSYoungGen: 154934K->822K(152128K)] 241280K->87240K(839104K), 0.0056740 secs] [Times: user=0.03 sys=0.00, real=0.01 secs] 
2014-07-16T15:26:34.041+0000: 308.362: [GC [PSYoungGen: 152118K->808K(149376K)] 238536K->87322K(836352K), 0.0031970 secs] [Times: user=0.01 sys=0.00, real=0.00 secs] 
2014-07-16T15:26:34.570+0000: 308.891: [GC [PSYoungGen: 149352K->1240K(147136K)] 235866K->87850K(834112K), 0.0051340 secs] [Times: user=0.03 sys=0.00, real=0.00 secs] 
2014-07-16T15:26:35.096+0000: 309.417: [GC [PSYoungGen: 147096K->752K(144000K)] 233706K->87636K(830976K), 0.0049980 secs] [Times: user=0.02 sys=0.00, real=0.01 secs] 
2014-07-16T15:26:35.653+0000: 309.975: [GC [PSYoungGen: 143983K->1460K(142208K)] 230867K->88400K(829184K), 0.0066870 secs] [Times: user=0.03 sys=0.00, real=0.01 secs] 
2014-07-16T15:26:36.141+0000: 310.462: [GC [PSYoungGen: 142196K->766K(139072K)] 229136K->88276K(826048K), 0.0037700 secs] [Times: user=0.02 sys=0.00, real=0.00 secs] 
2014-07-16T15:26:36.634+0000: 310.955: [GC [PSYoungGen: 139067K->1222K(137216K)] 226578K->88804K(824192K), 0.0044570 secs] [Times: user=0.02 sys=0.00, real=0.00 secs] 
2014-07-16T15:26:37.114+0000: 311.435: [GC [PSYoungGen: 137158K->780K(134464K)] 224740K->88442K(821440K), 0.0033030 secs] [Times: user=0.02 sys=0.00, real=0.00 secs] 
2014-07-16T15:26:37.594+0000: 311.915: [GC [PSYoungGen: 134411K->940K(132352K)] 222073K->88674K(819328K), 0.0033240 secs] [Times: user=0.01 sys=0.00, real=0.00 secs] 
2014-07-16T15:26:38.059+0000: 312.380: [GC [PSYoungGen: 132311K->1454K(130688K)] 220045K->89252K(817664K), 0.0026790 secs] [Times: user=0.01 sys=0.00, real=0.01 secs] 
2014-07-16T15:26:38.516+0000: 312.837: [GC [PSYoungGen: 130670K->1258K(128384K)] 218468K->89136K(815360K), 0.0046710 secs] [Times: user=0.03 sys=0.00, real=0.01 secs] 
2014-07-16T15:26:38.971+0000: 313.293: [GC [PSYoungGen: 128362K->740K(125824K)] 216240K->88690K(812800K), 0.0053940 secs] [Times: user=0.03 sys=0.00, real=0.00 secs] 
2014-07-16T15:26:39.419+0000: 313.740: [GC [PSYoungGen: 125796K->726K(123840K)] 213746K->88748K(810816K), 0.0041210 secs] [Times: user=0.02 sys=0.01, real=0.01 secs] 
2014-07-16T15:26:39.864+0000: 314.185: [GC [PSYoungGen: 123798K->826K(121920K)] 211820K->88928K(808896K), 0.0035680 secs] [Times: user=0.02 sys=0.00, real=0.00 secs] 
2014-07-16T15:26:40.300+0000: 314.622: [GC [PSYoungGen: 121914K->976K(120192K)] 210016K->89158K(807168K), 0.0045070 secs] [Times: user=0.02 sys=0.00, real=0.00 secs] 
2014-07-16T15:26:40.752+0000: 315.073: [GC [PSYoungGen: 120105K->890K(118208K)] 208288K->89136K(805184K), 0.0048690 secs] [Times: user=0.02 sys=0.00, real=0.00 secs] 
2014-07-16T15:26:41.167+0000: 315.488: [GC [PSYoungGen: 118202K->908K(141760K)] 206448K->89226K(828736K), 0.0059860 secs] [Times: user=0.03 sys=0.00, real=0.01 secs] 
2014-07-16T15:26:41.665+0000: 315.986: [GC [PSYoungGen: 141707K->876K(139264K)] 230025K->89282K(826240K), 0.0044460 secs] [Times: user=0.03 sys=0.00, real=0.00 secs] 
2014-07-16T15:26:42.173+0000: 316.494: [GC [PSYoungGen: 139244K->812K(136832K)] 227650K->89266K(823808K), 0.0049870 secs] [Times: user=0.02 sys=0.00, real=0.00 secs] 
2014-07-16T15:26:42.677+0000: 316.998: [GC [PSYoungGen: 136812K->726K(134464K)] 225266K->89268K(821440K), 0.0053650 secs] [Times: user=0.03 sys=0.00, real=0.01 secs] 
2014-07-16T15:26:43.179+0000: 317.500: [GC [PSYoungGen: 134422K->1100K(132608K)] 222964K->89738K(819584K), 0.0027710 secs] [Times: user=0.01 sys=0.00, real=0.01 secs] 
2014-07-16T15:26:43.642+0000: 317.964: [GC [PSYoungGen: 132556K->1086K(130368K)] 221194K->89812K(817344K), 0.0046120 secs] [Times: user=0.03 sys=0.00, real=0.00 secs] 
2014-07-16T15:26:44.125+0000: 318.446: [GC [PSYoungGen: 130341K->990K(128192K)] 219067K->89796K(815168K), 0.0035770 secs] [Times: user=0.02 sys=0.00, real=0.00 secs] 
2014-07-16T15:26:44.587+0000: 318.908: [GC [PSYoungGen: 128158K->1004K(153664K)] 216964K->89898K(840640K), 0.0082070 secs] [Times: user=0.05 sys=0.00, real=0.01 secs] 
2014-07-16T15:26:45.132+0000: 319.454: [GC [PSYoungGen: 153644K->758K(157696K)] 242538K->89716K(844672K), 0.0064710 secs] [Times: user=0.03 sys=0.00, real=0.00 secs] 
2014-07-16T15:26:45.727+0000: 320.048: [GC [PSYoungGen: 156884K->1362K(154688K)] 245843K->90360K(841664K), 0.0043910 secs] [Times: user=0.02 sys=0.00, real=0.01 secs] 
2014-07-16T15:26:46.276+0000: 320.598: [GC [PSYoungGen: 154642K->1354K(151872K)] 243640K->90392K(838848K), 0.0054860 secs] [Times: user=0.01 sys=0.01, real=0.01 secs] 
2014-07-16T15:26:46.809+0000: 321.131: [GC [PSYoungGen: 151818K->292K(148032K)] 240856K->90068K(835008K), 0.0046890 secs] [Times: user=0.02 sys=0.00, real=0.01 secs] 
2014-07-16T15:26:47.346+0000: 321.667: [GC [PSYoungGen: 148004K->1022K(146048K)] 237780K->90894K(833024K), 0.0042270 secs] [Times: user=0.03 sys=0.00, real=0.00 secs] 
2014-07-16T15:26:47.861+0000: 322.182: [GC [PSYoungGen: 146046K->1008K(143488K)] 235918K->91200K(830464K), 0.0059050 secs] [Times: user=0.04 sys=0.00, real=0.00 secs] 
2014-07-16T15:26:48.376+0000: 322.697: [GC [PSYoungGen: 143453K->862K(140864K)] 233646K->91110K(827840K), 0.0037950 secs] [Times: user=0.02 sys=0.00, real=0.00 secs] 
2014-07-16T15:26:48.879+0000: 323.200: [GC [PSYoungGen: 140830K->790K(138368K)] 231078K->91134K(825344K), 0.0047290 secs] [Times: user=0.03 sys=0.00, real=0.01 secs] 
2014-07-16T15:26:49.372+0000: 323.694: [GC [PSYoungGen: 138304K->840K(136064K)] 228648K->91288K(823040K), 0.0048860 secs] [Times: user=0.03 sys=0.00, real=0.00 secs] 
2014-07-16T15:26:49.864+0000: 324.185: [GC [PSYoungGen: 136008K->726K(133632K)] 226456K->91246K(820608K), 0.0042930 secs] [Times: user=0.02 sys=0.00, real=0.00 secs] 
2014-07-16T15:26:50.331+0000: 324.652: [GC [PSYoungGen: 133590K->1054K(131712K)] 224110K->91662K(818688K), 0.0033270 secs] [Times: user=0.02 sys=0.00, real=0.00 secs] 
2014-07-16T15:26:50.852+0000: 325.173: [GC [PSYoungGen: 131678K->1126K(129600K)] 222286K->91806K(816576K), 0.0050000 secs] [Times: user=0.02 sys=0.00, real=0.01 secs] 
2014-07-16T15:26:51.271+0000: 325.592: [GC [PSYoungGen: 129574K->940K(127296K)] 220254K->91684K(814272K), 0.0036270 secs] [Times: user=0.02 sys=0.00, real=0.01 secs] 
2014-07-16T15:26:51.730+0000: 326.051: [GC [PSYoungGen: 127276K->662K(124992K)] 218020K->91462K(811968K), 0.0030160 secs] [Times: user=0.01 sys=0.00, real=0.01 secs] 
2014-07-16T15:26:52.169+0000: 326.491: [GC [PSYoungGen: 124950K->890K(123200K)] 215750K->91778K(810176K), 0.0032740 secs] [Times: user=0.01 sys=0.00, real=0.01 secs] 
2014-07-16T15:26:52.618+0000: 326.940: [GC [PSYoungGen: 123194K->772K(121216K)] 214082K->91748K(808192K), 0.0043560 secs] [Times: user=0.03 sys=0.00, real=0.01 secs] 
2014-07-16T15:26:53.036+0000: 327.358: [GC [PSYoungGen: 121117K->1066K(119616K)] 212094K->92082K(806592K), 0.0041690 secs] [Times: user=0.02 sys=0.00, real=0.00 secs] 
2014-07-16T15:26:53.464+0000: 327.786: [GC [PSYoungGen: 119508K->936K(117632K)] 210524K->92082K(804608K), 0.0031590 secs] [Times: user=0.01 sys=0.00, real=0.00 secs] 
2014-07-16T15:26:53.888+0000: 328.209: [GC [PSYoungGen: 117608K->1140K(116032K)] 208754K->92334K(803008K), 0.0034590 secs] [Times: user=0.01 sys=0.00, real=0.00 secs] 
2014-07-16T15:26:54.291+0000: 328.612: [GC [PSYoungGen: 116020K->766K(113920K)] 207214K->92296K(800896K), 0.0035980 secs] [Times: user=0.02 sys=0.00, real=0.01 secs] 
2014-07-16T15:26:54.698+0000: 329.020: [GC [PSYoungGen: 113918K->808K(136640K)] 205448K->92354K(823616K), 0.0081040 secs] [Times: user=0.01 sys=0.01, real=0.01 secs] 
2014-07-16T15:26:55.191+0000: 329.513: [GC [PSYoungGen: 136616K->804K(163840K)] 228162K->92470K(850816K), 0.0043450 secs] [Times: user=0.02 sys=0.00, real=0.01 secs] 
2014-07-16T15:26:55.798+0000: 330.120: [GC [PSYoungGen: 163812K->1398K(161280K)] 255478K->93202K(848256K), 0.0049500 secs] [Times: user=0.02 sys=0.01, real=0.01 secs] 
2014-07-16T15:26:56.345+0000: 330.666: [GC [PSYoungGen: 161254K->616K(157504K)] 253059K->92786K(844480K), 0.0044890 secs] [Times: user=0.03 sys=0.00, real=0.00 secs] 
2014-07-16T15:26:56.902+0000: 331.224: [GC [PSYoungGen: 157480K->1176K(173248K)] 249650K->93394K(860224K), 0.0088990 secs] [Times: user=0.06 sys=0.00, real=0.00 secs] 
2014-07-16T15:26:57.509+0000: 331.830: [GC [PSYoungGen: 172888K->776K(169152K)] 265106K->93156K(856128K), 0.0030970 secs] [Times: user=0.02 sys=0.00, real=0.00 secs] 
2014-07-16T15:26:58.121+0000: 332.442: [GC [PSYoungGen: 169096K->744K(189120K)] 261476K->93164K(876096K), 0.0087200 secs] [Times: user=0.05 sys=0.00, real=0.01 secs] 
2014-07-16T15:26:58.820+0000: 333.142: [GC [PSYoungGen: 188328K->986K(184704K)] 280748K->93470K(871680K), 0.0041610 secs] [Times: user=0.01 sys=0.00, real=0.01 secs] 
2014-07-16T15:26:59.476+0000: 333.797: [GC [PSYoungGen: 184666K->1118K(181056K)] 277150K->93706K(868032K), 0.0077400 secs] [Times: user=0.04 sys=0.00, real=0.01 secs] 
2014-07-16T15:27:00.120+0000: 334.442: [GC [PSYoungGen: 181022K->754K(177024K)] 273610K->93430K(864000K), 0.0040790 secs] [Times: user=0.01 sys=0.00, real=0.01 secs] 
2014-07-16T15:27:00.872+0000: 335.194: [GC [PSYoungGen: 176942K->1448K(174208K)] 269619K->94470K(861184K), 0.0033840 secs] [Times: user=0.02 sys=0.00, real=0.01 secs] 
2014-07-16T15:27:01.441+0000: 335.763: [GC [PSYoungGen: 174173K->740K(170048K)] 267196K->93866K(857024K), 0.0079510 secs] [Times: user=0.04 sys=0.00, real=0.01 secs] 
2014-07-16T15:27:02.051+0000: 336.372: [GC [PSYoungGen: 170020K->1272K(167232K)] 263146K->94470K(854208K), 0.0061990 secs] [Times: user=0.03 sys=0.00, real=0.01 secs] 
2014-07-16T15:27:02.667+0000: 336.988: [GC [PSYoungGen: 167224K->1190K(163968K)] 260422K->94510K(850944K), 0.0050680 secs] [Times: user=0.03 sys=0.00, real=0.00 secs] 
2014-07-16T15:27:03.246+0000: 337.568: [GC [PSYoungGen: 163942K->932K(160576K)] 257262K->94332K(847552K), 0.0065550 secs] [Times: user=0.03 sys=0.00, real=0.00 secs] 
2014-07-16T15:27:03.809+0000: 338.130: [GC [PSYoungGen: 160548K->1126K(157760K)] 253948K->94598K(844736K), 0.0043330 secs] [Times: user=0.02 sys=0.00, real=0.01 secs] 
2014-07-16T15:27:04.385+0000: 338.706: [GC [PSYoungGen: 157697K->1040K(154752K)] 251169K->94576K(841728K), 0.0031330 secs] [Times: user=0.01 sys=0.00, real=0.00 secs] 
2014-07-16T15:27:04.937+0000: 339.259: [GC [PSYoungGen: 154704K->986K(151872K)] 248240K->94586K(838848K), 0.0048750 secs] [Times: user=0.02 sys=0.01, real=0.00 secs] 
2014-07-16T15:27:05.456+0000: 339.778: [GC [PSYoungGen: 151834K->780K(148928K)] 245434K->94452K(835904K), 0.0038650 secs] [Times: user=0.02 sys=0.00, real=0.00 secs] 
2014-07-16T15:27:06.048+0000: 340.369: [GC [PSYoungGen: 148876K->1272K(146688K)] 242548K->95016K(833664K), 0.0073990 secs] [Times: user=0.04 sys=0.00, real=0.01 secs] 
2014-07-16T15:27:06.517+0000: 340.838: [GC [PSYoungGen: 146680K->1130K(144000K)] 240424K->94938K(830976K), 0.0026700 secs] [Times: user=0.01 sys=0.00, real=0.00 secs] 
2014-07-16T15:27:07.043+0000: 341.364: [GC [PSYoungGen: 143978K->822K(141184K)] 237786K->94844K(828160K), 0.0082820 secs] [Times: user=0.05 sys=0.00, real=0.01 secs] 
2014-07-16T15:27:07.545+0000: 341.866: [GC [PSYoungGen: 141174K->1210K(139136K)] 235196K->95304K(826112K), 0.0052080 secs] [Times: user=0.03 sys=0.00, real=0.00 secs] 
2014-07-16T15:27:08.033+0000: 342.354: [GC [PSYoungGen: 139102K->1086K(166592K)] 233197K->95352K(853568K), 0.0076310 secs] [Times: user=0.04 sys=0.00, real=0.01 secs] 
2014-07-16T15:27:08.630+0000: 342.951: [GC [PSYoungGen: 166576K->1050K(194752K)] 260843K->95420K(881728K), 0.0046420 secs] [Times: user=0.03 sys=0.00, real=0.01 secs] 
2014-07-16T15:27:09.317+0000: 343.639: [GC [PSYoungGen: 194202K->808K(189888K)] 288572K->95266K(876864K), 0.0030620 secs] [Times: user=0.02 sys=0.00, real=0.00 secs] 
2014-07-16T15:27:09.998+0000: 344.320: [GC [PSYoungGen: 189814K->1026K(186176K)] 284272K->95556K(873152K), 0.0034820 secs] [Times: user=0.02 sys=0.00, real=0.00 secs] 
2014-07-16T15:27:10.660+0000: 344.981: [GC [PSYoungGen: 186114K->990K(182272K)] 280644K->95608K(869248K), 0.0048370 secs] [Times: user=0.02 sys=0.00, real=0.00 secs] 
2014-07-16T15:27:11.350+0000: 345.671: [GC [PSYoungGen: 182238K->886K(178432K)] 276856K->95584K(865408K), 0.0044610 secs] [Times: user=0.02 sys=0.00, real=0.00 secs] 
2014-07-16T15:27:12.011+0000: 346.332: [GC [PSYoungGen: 178422K->1022K(174976K)] 273120K->95792K(861952K), 0.0038430 secs] [Times: user=0.02 sys=0.00, real=0.00 secs] 
2014-07-16T15:27:12.622+0000: 346.943: [GC [PSYoungGen: 174974K->772K(171328K)] 269744K->95646K(858304K), 0.0053160 secs] [Times: user=0.03 sys=0.00, real=0.01 secs] 
2014-07-16T15:27:13.229+0000: 347.550: [GC [PSYoungGen: 171252K->1016K(168128K)] 266127K->96148K(855104K), 0.0024450 secs] [Times: user=0.01 sys=0.00, real=0.00 secs] 
2014-07-16T15:27:13.827+0000: 348.149: [GC [PSYoungGen: 168120K->1018K(164864K)] 263252K->96222K(851840K), 0.0045070 secs] [Times: user=0.02 sys=0.00, real=0.00 secs] 
2014-07-16T15:27:14.410+0000: 348.732: [GC [PSYoungGen: 164856K->626K(161344K)] 260061K->96052K(848320K), 0.0057400 secs] [Times: user=0.03 sys=0.00, real=0.01 secs] 
2014-07-16T15:27:14.988+0000: 349.309: [GC [PSYoungGen: 161329K->562K(158208K)] 256756K->96084K(845184K), 0.0038990 secs] [Times: user=0.02 sys=0.00, real=0.00 secs] 
2014-07-16T15:27:15.545+0000: 349.866: [GC [PSYoungGen: 158160K->580K(155328K)] 253683K->96182K(842304K), 0.0039150 secs] [Times: user=0.02 sys=0.00, real=0.01 secs] 
2014-07-16T15:27:16.146+0000: 350.468: [GC [PSYoungGen: 155268K->1104K(152960K)] 250870K->96771K(839936K), 0.0052270 secs] [Times: user=0.03 sys=0.00, real=0.00 secs] 
2014-07-16T15:27:16.652+0000: 350.974: [GC [PSYoungGen: 152912K->1336K(183552K)] 248579K->97141K(870528K), 0.0097240 secs] [Times: user=0.06 sys=0.00, real=0.01 secs] 
2014-07-16T15:27:17.303+0000: 351.624: [GC [PSYoungGen: 183540K->822K(179328K)] 279345K->96690K(866304K), 0.0038010 secs] [Times: user=0.02 sys=0.00, real=0.01 secs] 
2014-07-16T15:27:17.935+0000: 352.256: [GC [PSYoungGen: 179318K->758K(175616K)] 275186K->96730K(862592K), 0.0032470 secs] [Times: user=0.01 sys=0.00, real=0.01 secs] 
2014-07-16T15:27:18.573+0000: 352.894: [GC [PSYoungGen: 175570K->766K(172096K)] 271543K->96803K(859072K), 0.0054140 secs] [Times: user=0.03 sys=0.00, real=0.01 secs] 
2014-07-16T15:27:19.197+0000: 353.518: [GC [PSYoungGen: 172094K->786K(168768K)] 268131K->96894K(855744K), 0.0030680 secs] [Times: user=0.01 sys=0.00, real=0.00 secs] 
2014-07-16T15:27:19.793+0000: 354.114: [GC [PSYoungGen: 168722K->1530K(166208K)] 264830K->97759K(853184K), 0.0078840 secs] [Times: user=0.06 sys=0.00, real=0.01 secs] 
2014-07-16T15:27:20.389+0000: 354.711: [GC [PSYoungGen: 166201K->762K(162240K)] 262430K->97127K(849216K), 0.0045330 secs] [Times: user=0.01 sys=0.00, real=0.00 secs] 
2014-07-16T15:27:20.968+0000: 355.289: [GC [PSYoungGen: 162232K->1158K(159616K)] 258597K->97579K(846592K), 0.0055560 secs] [Times: user=0.03 sys=0.00, real=0.00 secs] 
2014-07-16T15:27:21.549+0000: 355.871: [GC [PSYoungGen: 159528K->1172K(156608K)] 255949K->97797K(843584K), 0.0072800 secs] [Times: user=0.05 sys=0.00, real=0.01 secs] 
2014-07-16T15:27:22.115+0000: 356.436: [GC [PSYoungGen: 156527K->1358K(188096K)] 253152K->98063K(875072K), 0.0087320 secs] [Times: user=0.05 sys=0.00, real=0.01 secs] 
2014-07-16T15:27:22.791+0000: 357.113: [GC [PSYoungGen: 187782K->840K(183424K)] 284487K->97649K(870400K), 0.0035210 secs] [Times: user=0.02 sys=0.00, real=0.00 secs] 
2014-07-16T15:27:23.444+0000: 357.766: [GC [PSYoungGen: 183368K->1076K(179840K)] 280177K->97957K(866816K), 0.0036440 secs] [Times: user=0.02 sys=0.00, real=0.01 secs] 
2014-07-16T15:27:24.100+0000: 358.422: [GC [PSYoungGen: 179828K->1504K(176640K)] 276709K->98457K(863616K), 0.0054320 secs] [Times: user=0.03 sys=0.00, real=0.00 secs] 
2014-07-16T15:27:24.741+0000: 359.063: [GC [PSYoungGen: 176608K->922K(172544K)] 273561K->97947K(859520K), 0.0057680 secs] [Times: user=0.03 sys=0.00, real=0.01 secs] 
2014-07-16T15:27:25.367+0000: 359.689: [GC [PSYoungGen: 172448K->1130K(169344K)] 269473K->98499K(856320K), 0.0029090 secs] [Times: user=0.02 sys=0.00, real=0.00 secs] 
2014-07-16T15:27:25.979+0000: 360.300: [GC [PSYoungGen: 169321K->1058K(166016K)] 266690K->98499K(852992K), 0.0027400 secs] [Times: user=0.01 sys=0.00, real=0.00 secs] 
2014-07-16T15:27:26.564+0000: 360.886: [GC [PSYoungGen: 165986K->626K(162368K)] 263427K->98247K(849344K), 0.0040320 secs] [Times: user=0.02 sys=0.00, real=0.01 secs] 
2014-07-16T15:27:27.146+0000: 361.468: [GC [PSYoungGen: 162354K->1226K(159936K)] 259975K->98927K(846912K), 0.0041890 secs] [Times: user=0.03 sys=0.00, real=0.01 secs] 
2014-07-16T15:27:27.714+0000: 362.035: [GC [PSYoungGen: 159882K->912K(156608K)] 257583K->98661K(843584K), 0.0048380 secs] [Times: user=0.02 sys=0.00, real=0.01 secs] 
2014-07-16T15:27:28.273+0000: 362.594: [GC [PSYoungGen: 156521K->680K(153472K)] 254270K->98525K(840448K), 0.0042070 secs] [Times: user=0.03 sys=0.00, real=0.01 secs] 
2014-07-16T15:27:28.831+0000: 363.152: [GC [PSYoungGen: 153448K->872K(150848K)] 251293K->98749K(837824K), 0.0049250 secs] [Times: user=0.01 sys=0.00, real=0.00 secs] 
2014-07-16T15:27:29.368+0000: 363.689: [GC [PSYoungGen: 150777K->940K(148160K)] 248654K->98881K(835136K), 0.0029460 secs] [Times: user=0.01 sys=0.00, real=0.00 secs] 
2014-07-16T15:27:29.902+0000: 364.223: [GC [PSYoungGen: 148114K->726K(145344K)] 246055K->98723K(832320K), 0.0045150 secs] [Times: user=0.01 sys=0.00, real=0.00 secs] 
2014-07-16T15:27:30.416+0000: 364.738: [GC [PSYoungGen: 145302K->790K(142848K)] 243299K->98859K(829824K), 0.0038470 secs] [Times: user=0.01 sys=0.00, real=0.01 secs] 
2014-07-16T15:27:30.924+0000: 365.245: [GC [PSYoungGen: 142788K->744K(171200K)] 240857K->98877K(858176K), 0.0102790 secs] [Times: user=0.07 sys=0.00, real=0.01 secs] 
2014-07-16T15:27:31.585+0000: 365.906: [GC [PSYoungGen: 171176K->954K(168000K)] 269309K->99135K(854976K), 0.0063160 secs] [Times: user=0.02 sys=0.00, real=0.01 secs] 
2014-07-16T15:27:32.190+0000: 366.511: [GC [PSYoungGen: 167994K->744K(164544K)] 266175K->99005K(851520K), 0.0038800 secs] [Times: user=0.01 sys=0.00, real=0.00 secs] 
2014-07-16T15:27:32.772+0000: 367.094: [GC [PSYoungGen: 164507K->1044K(161728K)] 262768K->99401K(848704K), 0.0032660 secs] [Times: user=0.01 sys=0.00, real=0.00 secs] 
2014-07-16T15:27:33.365+0000: 367.686: [GC [PSYoungGen: 161683K->698K(174848K)] 260040K->99087K(861824K), 0.0135120 secs] [Times: user=0.09 sys=0.00, real=0.02 secs] 
2014-07-16T15:27:33.993+0000: 368.314: [GC [PSYoungGen: 174394K->1446K(171712K)] 272783K->99899K(858688K), 0.0037200 secs] [Times: user=0.02 sys=0.00, real=0.00 secs] 
2014-07-16T15:27:34.598+0000: 368.919: [GC [PSYoungGen: 171686K->64K(166976K)] 270139K->99001K(853952K), 0.0034180 secs] [Times: user=0.02 sys=0.00, real=0.00 secs] 
2014-07-16T15:27:35.203+0000: 369.525: [GC [PSYoungGen: 166976K->1118K(165312K)] 265913K->100079K(852288K), 0.0038640 secs] [Times: user=0.01 sys=0.00, real=0.00 secs] 
2014-07-16T15:27:35.795+0000: 370.116: [GC [PSYoungGen: 164766K->880K(161408K)] 263727K->100069K(848384K), 0.0057760 secs] [Times: user=0.03 sys=0.00, real=0.01 secs] 
2014-07-16T15:27:36.494+0000: 370.816: [GC [PSYoungGen: 161392K->1516K(158976K)] 260581K->100777K(845952K), 0.0102660 secs] [Times: user=0.05 sys=0.01, real=0.01 secs] 
2014-07-16T15:27:37.040+0000: 371.361: [GC [PSYoungGen: 158956K->830K(155328K)] 258217K->100253K(842304K), 0.0038040 secs] [Times: user=0.02 sys=0.00, real=0.00 secs] 
2014-07-16T15:27:37.595+0000: 371.916: [GC [PSYoungGen: 155302K->954K(152576K)] 254725K->100457K(839552K), 0.0046180 secs] [Times: user=0.02 sys=0.00, real=0.01 secs] 
2014-07-16T15:27:38.145+0000: 372.466: [GC [PSYoungGen: 152520K->1318K(150208K)] 252023K->100917K(837184K), 0.0055450 secs] [Times: user=0.03 sys=0.00, real=0.01 secs] 
2014-07-16T15:27:38.673+0000: 372.994: [GC [PSYoungGen: 150182K->644K(146880K)] 249781K->100315K(833856K), 0.0039690 secs] [Times: user=0.02 sys=0.00, real=0.00 secs] 
2014-07-16T15:27:39.194+0000: 373.516: [GC [PSYoungGen: 146816K->894K(144448K)] 246487K->100629K(831424K), 0.0050980 secs] [Times: user=0.02 sys=0.00, real=0.01 secs] 
2014-07-16T15:27:39.718+0000: 374.039: [GC [PSYoungGen: 144446K->1086K(142080K)] 244181K->100877K(829056K), 0.0063660 secs] [Times: user=0.03 sys=0.00, real=0.01 secs] 
2014-07-16T15:27:40.225+0000: 374.546: [GC [PSYoungGen: 142078K->676K(139264K)] 241869K->100563K(826240K), 0.0031960 secs] [Times: user=0.01 sys=0.00, real=0.00 secs] 
2014-07-16T15:27:40.722+0000: 375.043: [GC [PSYoungGen: 139236K->1144K(137344K)] 239123K->101127K(824320K), 0.0048640 secs] [Times: user=0.02 sys=0.00, real=0.00 secs] 
2014-07-16T15:27:41.202+0000: 375.523: [GC [PSYoungGen: 137336K->1190K(135104K)] 237319K->101277K(822080K), 0.0033000 secs] [Times: user=0.01 sys=0.00, real=0.00 secs] 
2014-07-16T15:27:41.724+0000: 376.046: [GC [PSYoungGen: 135078K->948K(161664K)] 235165K->101075K(848640K), 0.0084910 secs] [Times: user=0.04 sys=0.00, real=0.01 secs] 
2014-07-16T15:27:42.288+0000: 376.609: [GC [PSYoungGen: 161652K->794K(165824K)] 261779K->100977K(852800K), 0.0062640 secs] [Times: user=0.03 sys=0.00, real=0.01 secs] 
2014-07-16T15:27:42.898+0000: 377.219: [GC [PSYoungGen: 165530K->562K(166272K)] 265713K->100801K(853248K), 0.0062340 secs] [Times: user=0.04 sys=0.00, real=0.01 secs] 
2014-07-16T15:27:43.474+0000: 377.796: [GC [PSYoungGen: 165292K->968K(162560K)] 265531K->101319K(849536K), 0.0052300 secs] [Times: user=0.03 sys=0.00, real=0.00 secs] 
2014-07-16T15:27:44.069+0000: 378.391: [GC [PSYoungGen: 162504K->922K(159424K)] 262855K->101353K(846400K), 0.0035920 secs] [Times: user=0.02 sys=0.01, real=0.01 secs] 
2014-07-16T15:27:44.651+0000: 378.972: [GC [PSYoungGen: 159386K->694K(156160K)] 259817K->101205K(843136K), 0.0062470 secs] [Times: user=0.03 sys=0.00, real=0.00 secs] 
2014-07-16T15:27:45.199+0000: 379.520: [GC [PSYoungGen: 156150K->1076K(187648K)] 256661K->101659K(874624K), 0.0081700 secs] [Times: user=0.04 sys=0.01, real=0.01 secs] 
2014-07-16T15:27:45.870+0000: 380.191: [GC [PSYoungGen: 187636K->940K(183616K)] 288219K->101627K(870592K), 0.0047280 secs] [Times: user=0.03 sys=0.00, real=0.01 secs] 
2014-07-16T15:27:46.552+0000: 380.873: [GC [PSYoungGen: 183596K->1222K(180160K)] 284283K->101997K(867136K), 0.0030920 secs] [Times: user=0.01 sys=0.00, real=0.00 secs] 
2014-07-16T15:27:47.195+0000: 381.517: [GC [PSYoungGen: 180102K->612K(175872K)] 280877K->101531K(862848K), 0.0045330 secs] [Times: user=0.03 sys=0.00, real=0.01 secs] 
2014-07-16T15:27:47.853+0000: 382.175: [GC [PSYoungGen: 175844K->976K(172736K)] 276763K->101959K(859712K), 0.0054710 secs] [Times: user=0.02 sys=0.00, real=0.00 secs] 
2014-07-16T15:27:48.442+0000: 382.763: [GC [PSYoungGen: 172651K->1334K(169664K)] 273634K->102471K(856640K), 0.0043470 secs] [Times: user=0.02 sys=0.00, real=0.00 secs] 
2014-07-16T15:27:49.077+0000: 383.398: [GC [PSYoungGen: 169654K->982K(166080K)] 270791K->102175K(853056K), 0.0067980 secs] [Times: user=0.04 sys=0.00, real=0.01 secs] 
2014-07-16T15:27:49.660+0000: 383.982: [GC [PSYoungGen: 166038K->876K(162752K)] 267231K->102443K(849728K), 0.0031320 secs] [Times: user=0.01 sys=0.00, real=0.00 secs] 
2014-07-16T15:27:50.240+0000: 384.561: [GC [PSYoungGen: 162699K->1130K(159936K)] 264267K->102737K(846912K), 0.0032630 secs] [Times: user=0.01 sys=0.00, real=0.01 secs] 
2014-07-16T15:27:50.815+0000: 385.137: [GC [PSYoungGen: 159914K->986K(156800K)] 261521K->102731K(843776K), 0.0038470 secs] [Times: user=0.02 sys=0.00, real=0.00 secs] 
2014-07-16T15:27:51.372+0000: 385.694: [GC [PSYoungGen: 156762K->1300K(154240K)] 258507K->103125K(841216K), 0.0046090 secs] [Times: user=0.03 sys=0.00, real=0.00 secs] 
2014-07-16T15:27:52.001+0000: 386.322: [GC [PSYoungGen: 154196K->756K(150848K)] 256021K->103419K(837824K), 0.0041660 secs] [Times: user=0.02 sys=0.00, real=0.01 secs] 
2014-07-16T15:27:52.505+0000: 386.827: [GC [PSYoungGen: 150836K->1040K(148416K)] 253499K->103791K(835392K), 0.0061840 secs] [Times: user=0.03 sys=0.00, real=0.01 secs] 
2014-07-16T15:27:53.033+0000: 387.354: [GC [PSYoungGen: 148367K->772K(145536K)] 251118K->103851K(832512K), 0.0036800 secs] [Times: user=0.01 sys=0.00, real=0.00 secs] 
2014-07-16T15:27:53.542+0000: 387.863: [GC [PSYoungGen: 145474K->594K(142784K)] 248553K->103769K(829760K), 0.0056220 secs] [Times: user=0.03 sys=0.00, real=0.00 secs] 
2014-07-16T15:27:54.068+0000: 388.389: [GC [PSYoungGen: 142738K->900K(140608K)] 245913K->104147K(827584K), 0.0038460 secs] [Times: user=0.02 sys=0.00, real=0.01 secs] 
2014-07-16T15:27:54.572+0000: 388.894: [GC [PSYoungGen: 140548K->1004K(138240K)] 243795K->104347K(825216K), 0.0028840 secs] [Times: user=0.01 sys=0.00, real=0.00 secs] 
2014-07-16T15:27:55.054+0000: 389.376: [GC [PSYoungGen: 138213K->1122K(136000K)] 241556K->104537K(822976K), 0.0062780 secs] [Times: user=0.03 sys=0.00, real=0.00 secs] 
2014-07-16T15:27:55.529+0000: 389.850: [GC [PSYoungGen: 135970K->1404K(133952K)] 239385K->104867K(820928K), 0.0039520 secs] [Times: user=0.02 sys=0.00, real=0.01 secs] 
2014-07-16T15:27:56.012+0000: 390.334: [GC [PSYoungGen: 133935K->694K(131008K)] 237398K->104563K(817984K), 0.0059510 secs] [Times: user=0.04 sys=0.01, real=0.00 secs] 
2014-07-16T15:27:56.559+0000: 390.881: [GC [PSYoungGen: 130998K->1434K(129600K)] 234867K->105399K(816576K), 0.0038870 secs] [Times: user=0.02 sys=0.00, real=0.01 secs] 
2014-07-16T15:27:57.001+0000: 391.323: [GC [PSYoungGen: 129562K->690K(126720K)] 233527K->104743K(813696K), 0.0056970 secs] [Times: user=0.03 sys=0.00, real=0.01 secs] 
2014-07-16T15:27:57.435+0000: 391.757: [GC [PSYoungGen: 126706K->736K(124736K)] 230759K->104869K(811712K), 0.0034600 secs] [Times: user=0.02 sys=0.00, real=0.00 secs] 
2014-07-16T15:27:57.881+0000: 392.202: [GC [PSYoungGen: 124704K->726K(122752K)] 228837K->104931K(809728K), 0.0050550 secs] [Times: user=0.02 sys=0.00, real=0.01 secs] 
2014-07-16T15:27:58.326+0000: 392.647: [GC [PSYoungGen: 122710K->708K(147200K)] 226915K->104977K(834176K), 0.0066340 secs] [Times: user=0.04 sys=0.00, real=0.01 secs] 
2014-07-16T15:27:58.852+0000: 393.174: [GC [PSYoungGen: 147140K->1254K(177024K)] 251409K->105595K(864000K), 0.0064160 secs] [Times: user=0.02 sys=0.00, real=0.00 secs] 
2014-07-16T15:27:59.454+0000: 393.775: [GC [PSYoungGen: 176998K->658K(182400K)] 281339K->105079K(869376K), 0.0059430 secs] [Times: user=0.03 sys=0.00, real=0.00 secs] 
2014-07-16T15:28:00.103+0000: 394.424: [GC [PSYoungGen: 181330K->854K(177856K)] 285751K->105363K(864832K), 0.0036770 secs] [Times: user=0.02 sys=0.00, real=0.00 secs] 
2014-07-16T15:28:00.746+0000: 395.068: [GC [PSYoungGen: 177814K->836K(174272K)] 282323K->105441K(861248K), 0.0056820 secs] [Times: user=0.03 sys=0.00, real=0.01 secs] 
2014-07-16T15:28:01.403+0000: 395.725: [GC [PSYoungGen: 174212K->1246K(171200K)] 278817K->105947K(858176K), 0.0047940 secs] [Times: user=0.03 sys=0.00, real=0.00 secs] 
2014-07-16T15:28:01.995+0000: 396.317: [GC [PSYoungGen: 171166K->808K(167424K)] 275867K->105597K(854400K), 0.0032030 secs] [Times: user=0.01 sys=0.01, real=0.00 secs] 
2014-07-16T15:28:02.590+0000: 396.912: [GC [PSYoungGen: 167400K->1090K(164480K)] 272189K->105927K(851456K), 0.0041350 secs] [Times: user=0.02 sys=0.00, real=0.01 secs] 
2014-07-16T15:28:03.178+0000: 397.500: [GC [PSYoungGen: 164391K->958K(161152K)] 269229K->105891K(848128K), 0.0044270 secs] [Times: user=0.03 sys=0.01, real=0.01 secs] 
2014-07-16T15:28:03.756+0000: 398.078: [GC [PSYoungGen: 161150K->1136K(158336K)] 266083K->106324K(845312K), 0.0095940 secs] [Times: user=0.05 sys=0.00, real=0.01 secs] 
2014-07-16T15:28:04.315+0000: 398.636: [GC [PSYoungGen: 158320K->940K(155200K)] 263508K->106184K(842176K), 0.0062960 secs] [Times: user=0.01 sys=0.01, real=0.00 secs] 
2014-07-16T15:28:04.864+0000: 399.185: [GC [PSYoungGen: 155180K->958K(186048K)] 260424K->106265K(873024K), 0.0076310 secs] [Times: user=0.04 sys=0.01, real=0.00 secs] 
2014-07-16T15:28:05.567+0000: 399.888: [GC [PSYoungGen: 186046K->1142K(182400K)] 291353K->106521K(869376K), 0.0037260 secs] [Times: user=0.02 sys=0.00, real=0.00 secs] 
2014-07-16T15:28:06.189+0000: 400.510: [GC [PSYoungGen: 182390K->850K(178432K)] 287769K->106301K(865408K), 0.0039720 secs] [Times: user=0.02 sys=0.00, real=0.01 secs] 
2014-07-16T15:28:06.888+0000: 401.209: [GC [PSYoungGen: 178386K->994K(174976K)] 283837K->106485K(861952K), 0.0034780 secs] [Times: user=0.01 sys=0.00, real=0.00 secs] 
2014-07-16T15:28:07.516+0000: 401.837: [GC [PSYoungGen: 174924K->740K(205248K)] 280416K->106287K(892224K), 0.0126800 secs] [Times: user=0.07 sys=0.00, real=0.01 secs] 
2014-07-16T15:28:08.253+0000: 402.575: [GC [PSYoungGen: 204772K->818K(205504K)] 310319K->106405K(892480K), 0.0121720 secs] [Times: user=0.08 sys=0.00, real=0.01 secs] 
2014-07-16T15:28:08.997+0000: 403.319: [GC [PSYoungGen: 204803K->1018K(246208K)] 310391K->106717K(933184K), 0.0030290 secs] [Times: user=0.02 sys=0.01, real=0.00 secs] 
2014-07-16T15:28:09.865+0000: 404.186: [GC [PSYoungGen: 245881K->1196K(240128K)] 351581K->106975K(927104K), 0.0049430 secs] [Times: user=0.03 sys=0.00, real=0.00 secs] 
2014-07-16T15:28:10.714+0000: 405.036: [GC [PSYoungGen: 240108K->292K(233536K)] 345887K->106767K(920512K), 0.0042730 secs] [Times: user=0.02 sys=0.00, real=0.00 secs] 
2014-07-16T15:28:11.560+0000: 405.881: [GC [PSYoungGen: 233508K->1222K(228992K)] 339983K->107762K(915968K), 0.0077310 secs] [Times: user=0.05 sys=0.00, real=0.01 secs] 
2014-07-16T15:28:12.393+0000: 406.714: [GC [PSYoungGen: 228934K->726K(223168K)] 335474K->107646K(910144K), 0.0042560 secs] [Times: user=0.01 sys=0.00, real=0.01 secs] 
2014-07-16T15:28:13.206+0000: 407.527: [GC [PSYoungGen: 223126K->1046K(218368K)] 330046K->108046K(905344K), 0.0049060 secs] [Times: user=0.03 sys=0.00, real=0.00 secs] 
2014-07-16T15:28:13.983+0000: 408.305: [GC [PSYoungGen: 218326K->726K(213120K)] 325326K->107806K(900096K), 0.0042840 secs] [Times: user=0.02 sys=0.01, real=0.01 secs] 
2014-07-16T15:28:14.754+0000: 409.076: [GC [PSYoungGen: 213043K->876K(208512K)] 320123K->108028K(895488K), 0.0046980 secs] [Times: user=0.02 sys=0.00, real=0.00 secs] 
2014-07-16T15:28:15.498+0000: 409.819: [GC [PSYoungGen: 208492K->976K(204032K)] 315644K->108216K(891008K), 0.0034310 secs] [Times: user=0.02 sys=0.00, real=0.00 secs] 
2014-07-16T15:28:16.232+0000: 410.553: [GC [PSYoungGen: 203984K->1272K(199872K)] 311224K->108616K(886848K), 0.0052280 secs] [Times: user=0.03 sys=0.00, real=0.01 secs] 
2014-07-16T15:28:16.966+0000: 411.287: [GC [PSYoungGen: 199864K->566K(194880K)] 307208K->108107K(881856K), 0.0039840 secs] [Times: user=0.02 sys=0.00, real=0.00 secs] 
2014-07-16T15:28:17.643+0000: 411.964: [GC [PSYoungGen: 194870K->1354K(191552K)] 302411K->108975K(878528K), 0.0071930 secs] [Times: user=0.04 sys=0.00, real=0.01 secs] 
2014-07-16T15:28:18.320+0000: 412.641: [GC [PSYoungGen: 191498K->808K(186944K)] 299119K->108633K(873920K), 0.0051010 secs] [Times: user=0.02 sys=0.00, real=0.00 secs] 
2014-07-16T15:28:18.997+0000: 413.318: [GC [PSYoungGen: 186920K->1104K(183424K)] 294745K->109041K(870400K), 0.0034700 secs] [Times: user=0.01 sys=0.00, real=0.00 secs] 
2014-07-16T15:28:19.649+0000: 413.970: [GC [PSYoungGen: 183376K->776K(179392K)] 291313K->108793K(866368K), 0.0054550 secs] [Times: user=0.03 sys=0.00, real=0.00 secs] 
2014-07-16T15:28:20.308+0000: 414.630: [GC [PSYoungGen: 179332K->908K(175872K)] 287350K->108997K(862848K), 0.0064220 secs] [Times: user=0.04 sys=0.00, real=0.01 secs] 
2014-07-16T15:28:20.936+0000: 415.258: [GC [PSYoungGen: 175816K->940K(172352K)] 283905K->109093K(859328K), 0.0072680 secs] [Times: user=0.05 sys=0.01, real=0.00 secs] 
2014-07-16T15:28:21.553+0000: 415.874: [GC [PSYoungGen: 172296K->1014K(169024K)] 280449K->109239K(856000K), 0.0050430 secs] [Times: user=0.01 sys=0.00, real=0.01 secs] 
2014-07-16T15:28:22.162+0000: 416.483: [GC [PSYoungGen: 169014K->740K(165504K)] 277239K->109029K(852480K), 0.0067050 secs] [Times: user=0.03 sys=0.00, real=0.01 secs] 
2014-07-16T15:28:22.750+0000: 417.071: [GC [PSYoungGen: 165416K->1368K(162944K)] 273706K->109721K(849920K), 0.0047740 secs] [Times: user=0.03 sys=0.00, real=0.00 secs] 
2014-07-16T15:28:23.333+0000: 417.655: [GC [PSYoungGen: 162904K->694K(159168K)] 271257K->109217K(846144K), 0.0078260 secs] [Times: user=0.06 sys=0.00, real=0.01 secs] 
2014-07-16T15:28:23.902+0000: 418.223: [GC [PSYoungGen: 159158K->1358K(191616K)] 267681K->109937K(878592K), 0.0079850 secs] [Times: user=0.05 sys=0.00, real=0.01 secs] 
2014-07-16T15:28:24.568+0000: 418.890: [GC [PSYoungGen: 191523K->894K(187072K)] 300103K->109843K(874048K), 0.0039030 secs] [Times: user=0.02 sys=0.00, real=0.00 secs] 
2014-07-16T15:28:25.239+0000: 419.561: [GC [PSYoungGen: 187070K->862K(183168K)] 296019K->109859K(870144K), 0.0052140 secs] [Times: user=0.03 sys=0.00, real=0.00 secs] 
2014-07-16T15:28:25.899+0000: 420.220: [GC [PSYoungGen: 183134K->1082K(179648K)] 292131K->110143K(866624K), 0.0055240 secs] [Times: user=0.03 sys=0.00, real=0.00 secs] 
2014-07-16T15:28:26.541+0000: 420.863: [GC [PSYoungGen: 179642K->900K(175872K)] 288703K->110041K(862848K), 0.0041370 secs] [Times: user=0.02 sys=0.00, real=0.00 secs] 
2014-07-16T15:28:27.161+0000: 421.483: [GC [PSYoungGen: 175812K->1054K(172480K)] 284953K->110359K(859456K), 0.0057320 secs] [Times: user=0.02 sys=0.00, real=0.01 secs] 
2014-07-16T15:28:27.786+0000: 422.107: [GC [PSYoungGen: 172426K->808K(168832K)] 281732K->110185K(855808K), 0.0053440 secs] [Times: user=0.03 sys=0.00, real=0.00 secs] 
2014-07-16T15:28:28.389+0000: 422.711: [GC [PSYoungGen: 168808K->858K(165632K)] 278185K->110299K(852608K), 0.0036910 secs] [Times: user=0.01 sys=0.00, real=0.00 secs] 
2014-07-16T15:28:28.985+0000: 423.306: [GC [PSYoungGen: 165594K->1008K(162560K)] 275035K->110521K(849536K), 0.0049610 secs] [Times: user=0.02 sys=0.01, real=0.01 secs] 
2014-07-16T15:28:29.568+0000: 423.889: [GC [PSYoungGen: 162544K->840K(159360K)] 272057K->110425K(846336K), 0.0058990 secs] [Times: user=0.03 sys=0.00, real=0.00 secs] 
2014-07-16T15:28:30.135+0000: 424.457: [GC [PSYoungGen: 159304K->944K(156416K)] 268889K->110618K(843392K), 0.0043880 secs] [Times: user=0.03 sys=0.00, real=0.01 secs] 
2014-07-16T15:28:30.713+0000: 425.034: [GC [PSYoungGen: 156400K->994K(153600K)] 266074K->110844K(840576K), 0.0035330 secs] [Times: user=0.02 sys=0.00, real=0.00 secs] 
2014-07-16T15:28:31.270+0000: 425.591: [GC [PSYoungGen: 153570K->1374K(151168K)] 263420K->111327K(838144K), 0.0079230 secs] [Times: user=0.04 sys=0.01, real=0.01 secs] 
2014-07-16T15:28:31.804+0000: 426.125: [GC [PSYoungGen: 151134K->420K(147520K)] 261087K->110607K(834496K), 0.0033320 secs] [Times: user=0.02 sys=0.00, real=0.01 secs] 
2014-07-16T15:28:32.408+0000: 426.730: [GC [PSYoungGen: 147477K->1058K(145536K)] 257665K->111294K(832512K), 0.0085390 secs] [Times: user=0.05 sys=0.00, real=0.01 secs] 
2014-07-16T15:28:32.920+0000: 427.242: [GC [PSYoungGen: 145486K->662K(142592K)] 255722K->111019K(829568K), 0.0053230 secs] [Times: user=0.03 sys=0.00, real=0.00 secs] 
2014-07-16T15:28:33.435+0000: 427.756: [GC [PSYoungGen: 142483K->1050K(140480K)] 252841K->111511K(827456K), 0.0046930 secs] [Times: user=0.02 sys=0.00, real=0.01 secs] 
2014-07-16T15:28:33.939+0000: 428.261: [GC [PSYoungGen: 140442K->1004K(137984K)] 250903K->111561K(824960K), 0.0036690 secs] [Times: user=0.02 sys=0.01, real=0.00 secs] 
2014-07-16T15:28:34.409+0000: 428.730: [GC [PSYoungGen: 137964K->962K(165376K)] 248521K->111568K(852352K), 0.0077200 secs] [Times: user=0.05 sys=0.00, real=0.00 secs] 
2014-07-16T15:28:35.008+0000: 429.329: [GC [PSYoungGen: 165314K->916K(198208K)] 275920K->111546K(885184K), 0.0078060 secs] [Times: user=0.03 sys=0.00, real=0.00 secs] 
2014-07-16T15:28:35.710+0000: 430.031: [GC [PSYoungGen: 198164K->918K(226432K)] 308794K->111659K(913408K), 0.0056040 secs] [Times: user=0.04 sys=0.00, real=0.00 secs] 
2014-07-16T15:28:36.538+0000: 430.859: [GC [PSYoungGen: 225940K->936K(220800K)] 336682K->111765K(907776K), 0.0048050 secs] [Times: user=0.03 sys=0.00, real=0.01 secs] 
2014-07-16T15:28:37.352+0000: 431.673: [GC [PSYoungGen: 220776K->1330K(216128K)] 331605K->112384K(903104K), 0.0048340 secs] [Times: user=0.02 sys=0.00, real=0.00 secs] 
2014-07-16T15:28:38.113+0000: 432.434: [GC [PSYoungGen: 216114K->424K(210368K)] 327168K->112116K(897344K), 0.0036210 secs] [Times: user=0.02 sys=0.00, real=0.00 secs] 
2014-07-16T15:28:38.866+0000: 433.187: [GC [PSYoungGen: 210344K->1246K(206528K)] 322036K->113193K(893504K), 0.0066340 secs] [Times: user=0.03 sys=0.00, real=0.01 secs] 
2014-07-16T15:28:39.592+0000: 433.913: [GC [PSYoungGen: 206494K->1258K(201984K)] 318441K->113699K(888960K), 0.0028860 secs] [Times: user=0.01 sys=0.00, real=0.00 secs] 
2014-07-16T15:28:40.322+0000: 434.643: [GC [PSYoungGen: 201962K->826K(197184K)] 314403K->113331K(884160K), 0.0046020 secs] [Times: user=0.03 sys=0.00, real=0.00 secs] 
2014-07-16T15:28:41.032+0000: 435.353: [GC [PSYoungGen: 197172K->1350K(193536K)] 309677K->113935K(880512K), 0.0040050 secs] [Times: user=0.02 sys=0.00, real=0.00 secs] 
2014-07-16T15:28:41.733+0000: 436.055: [GC [PSYoungGen: 193478K->868K(188928K)] 306063K->113509K(875904K), 0.0034500 secs] [Times: user=0.02 sys=0.00, real=0.00 secs] 
2014-07-16T15:28:42.491+0000: 436.812: [GC [PSYoungGen: 188900K->1196K(185344K)] 301541K->113909K(872320K), 0.0036120 secs] [Times: user=0.02 sys=0.00, real=0.00 secs] 
2014-07-16T15:28:43.183+0000: 437.504: [GC [PSYoungGen: 185317K->1336K(181696K)] 298030K->114161K(868672K), 0.0043180 secs] [Times: user=0.02 sys=0.00, real=0.00 secs] 
2014-07-16T15:28:43.799+0000: 438.121: [GC [PSYoungGen: 181688K->808K(177472K)] 294513K->113713K(864448K), 0.0038680 secs] [Times: user=0.03 sys=0.00, real=0.00 secs] 
2014-07-16T15:28:44.402+0000: 438.723: [GC [PSYoungGen: 177448K->958K(174016K)] 290353K->113919K(860992K), 0.0063030 secs] [Times: user=0.03 sys=0.00, real=0.00 secs] 
2014-07-16T15:28:45.045+0000: 439.366: [GC [PSYoungGen: 173990K->904K(170560K)] 286951K->113937K(857536K), 0.0058550 secs] [Times: user=0.02 sys=0.00, real=0.01 secs] 
2014-07-16T15:28:45.642+0000: 439.964: [GC [PSYoungGen: 170419K->1094K(167424K)] 283452K->114191K(854400K), 0.0052200 secs] [Times: user=0.03 sys=0.00, real=0.00 secs] 
2014-07-16T15:28:46.234+0000: 440.555: [GC [PSYoungGen: 167324K->1276K(164352K)] 280421K->114461K(851328K), 0.0055380 secs] [Times: user=0.03 sys=0.00, real=0.01 secs] 
2014-07-16T15:28:46.869+0000: 441.190: [GC [PSYoungGen: 164348K->1132K(161088K)] 277533K->114381K(848064K), 0.0071110 secs] [Times: user=0.03 sys=0.00, real=0.01 secs] 
2014-07-16T15:28:47.442+0000: 441.763: [GC [PSYoungGen: 161068K->940K(157888K)] 274317K->114319K(844864K), 0.0027000 secs] [Times: user=0.02 sys=0.00, real=0.00 secs] 
2014-07-16T15:28:47.988+0000: 442.309: [GC [PSYoungGen: 157838K->962K(155008K)] 271217K->114389K(841984K), 0.0036200 secs] [Times: user=0.01 sys=0.00, real=0.01 secs] 
2014-07-16T15:28:48.553+0000: 442.874: [GC [PSYoungGen: 154897K->1254K(152448K)] 268324K->114877K(839424K), 0.0042510 secs] [Times: user=0.03 sys=0.01, real=0.00 secs] 
2014-07-16T15:28:49.107+0000: 443.429: [GC [PSYoungGen: 152422K->1126K(149568K)] 266045K->114813K(836544K), 0.0062200 secs] [Times: user=0.04 sys=0.00, real=0.01 secs] 
2014-07-16T15:28:49.623+0000: 443.944: [GC [PSYoungGen: 149499K->816K(146560K)] 263186K->115061K(833536K), 0.0032950 secs] [Times: user=0.01 sys=0.00, real=0.00 secs] 
2014-07-16T15:28:50.142+0000: 444.464: [GC [PSYoungGen: 146482K->1090K(144256K)] 260727K->115439K(831232K), 0.0068640 secs] [Times: user=0.04 sys=0.00, real=0.00 secs] 
2014-07-16T15:28:50.677+0000: 444.998: [GC [PSYoungGen: 144194K->1048K(141696K)] 258543K->115569K(828672K), 0.0055430 secs] [Times: user=0.04 sys=0.00, real=0.01 secs] 
2014-07-16T15:28:51.164+0000: 445.486: [GC [PSYoungGen: 141656K->694K(138880K)] 256177K->115287K(825856K), 0.0053990 secs] [Times: user=0.03 sys=0.00, real=0.01 secs] 
2014-07-16T15:28:51.650+0000: 445.972: [GC [PSYoungGen: 138870K->772K(166656K)] 253463K->115469K(853632K), 0.0064170 secs] [Times: user=0.04 sys=0.00, real=0.00 secs] 
2014-07-16T15:28:52.314+0000: 446.635: [GC [PSYoungGen: 166596K->1574K(200640K)] 281293K->116511K(887616K), 0.0080900 secs] [Times: user=0.05 sys=0.00, real=0.01 secs] 
2014-07-16T15:28:52.998+0000: 447.319: [GC [PSYoungGen: 200614K->816K(222976K)] 315551K->115809K(909952K), 0.0096470 secs] [Times: user=0.06 sys=0.01, real=0.01 secs] 
2014-07-16T15:28:53.802+0000: 448.123: [GC [PSYoungGen: 222960K->982K(223936K)] 337953K->116245K(910912K), 0.0067630 secs] [Times: user=0.05 sys=0.00, real=0.00 secs] 
2014-07-16T15:28:54.603+0000: 448.925: [GC [PSYoungGen: 223104K->854K(217920K)] 338368K->116189K(904896K), 0.0033920 secs] [Times: user=0.01 sys=0.00, real=0.00 secs] 
2014-07-16T15:28:55.374+0000: 449.695: [GC [PSYoungGen: 217878K->1326K(213440K)] 333213K->116725K(900416K), 0.0074850 secs] [Times: user=0.04 sys=0.00, real=0.01 secs] 
2014-07-16T15:28:56.134+0000: 450.455: [GC [PSYoungGen: 213422K->840K(255424K)] 328821K->116311K(942400K), 0.0104910 secs] [Times: user=0.06 sys=0.00, real=0.01 secs] 
2014-07-16T15:28:57.051+0000: 451.372: [GC [PSYoungGen: 255368K->1612K(249920K)] 370839K->117155K(936896K), 0.0056190 secs] [Times: user=0.03 sys=0.00, real=0.01 secs] 
2014-07-16T15:28:57.963+0000: 452.285: [GC [PSYoungGen: 249868K->936K(243136K)] 365411K->116583K(930112K), 0.0073070 secs] [Times: user=0.04 sys=0.00, real=0.00 secs] 
2014-07-16T15:28:58.833+0000: 453.154: [GC [PSYoungGen: 243090K->1026K(237440K)] 358738K->116721K(924416K), 0.0070580 secs] [Times: user=0.03 sys=0.01, real=0.00 secs] 
2014-07-16T15:28:59.693+0000: 454.014: [GC [PSYoungGen: 237378K->1194K(231936K)] 353073K->116945K(918912K), 0.0036780 secs] [Times: user=0.02 sys=0.00, real=0.00 secs] 
2014-07-16T15:29:00.518+0000: 454.840: [GC [PSYoungGen: 231914K->1200K(226496K)] 347665K->117007K(913472K), 0.0039810 secs] [Times: user=0.01 sys=0.00, real=0.01 secs] 
2014-07-16T15:29:01.322+0000: 455.644: [GC [PSYoungGen: 226458K->712K(220800K)] 342265K->116607K(907776K), 0.0043570 secs] [Times: user=0.02 sys=0.00, real=0.00 secs] 
2014-07-16T15:29:02.108+0000: 456.429: [GC [PSYoungGen: 220744K->1222K(216256K)] 336639K->117229K(903232K), 0.0031510 secs] [Times: user=0.02 sys=0.01, real=0.01 secs] 
2014-07-16T15:29:02.942+0000: 457.264: [GC [PSYoungGen: 216171K->1072K(211200K)] 332178K->117135K(898176K), 0.0027580 secs] [Times: user=0.01 sys=0.00, real=0.00 secs] 
2014-07-16T15:29:03.701+0000: 458.022: [GC [PSYoungGen: 211099K->834K(206336K)] 327162K->116953K(893312K), 0.0064270 secs] [Times: user=0.04 sys=0.01, real=0.01 secs] 
2014-07-16T15:29:04.441+0000: 458.762: [GC [PSYoungGen: 206193K->1176K(202112K)] 322312K->117335K(889088K), 0.0088460 secs] [Times: user=0.05 sys=0.00, real=0.01 secs] 
2014-07-16T15:29:05.195+0000: 459.516: [GC [PSYoungGen: 202072K->1014K(197568K)] 318231K->117245K(884544K), 0.0077500 secs] [Times: user=0.04 sys=0.00, real=0.01 secs] 
2014-07-16T15:29:05.868+0000: 460.190: [GC [PSYoungGen: 197541K->1144K(193472K)] 313772K->117495K(880448K), 0.0050020 secs] [Times: user=0.03 sys=0.01, real=0.01 secs] 
2014-07-16T15:29:06.551+0000: 460.873: [GC [PSYoungGen: 193433K->886K(189120K)] 309784K->117293K(876096K), 0.0075470 secs] [Times: user=0.04 sys=0.00, real=0.01 secs] 
2014-07-16T15:29:07.231+0000: 461.552: [GC [PSYoungGen: 189110K->922K(185216K)] 305517K->117417K(872192K), 0.0060420 secs] [Times: user=0.03 sys=0.00, real=0.01 secs] 
2014-07-16T15:29:07.902+0000: 462.223: [GC [PSYoungGen: 185132K->798K(181248K)] 301627K->117349K(868224K), 0.0054530 secs] [Times: user=0.02 sys=0.00, real=0.01 secs] 
2014-07-16T15:29:08.553+0000: 462.874: [GC [PSYoungGen: 181160K->1004K(177728K)] 297712K->117651K(864704K), 0.0038260 secs] [Times: user=0.02 sys=0.00, real=0.00 secs] 
2014-07-16T15:29:09.186+0000: 463.508: [GC [PSYoungGen: 177708K->1086K(174208K)] 294355K->117797K(861184K), 0.0044480 secs] [Times: user=0.01 sys=0.00, real=0.00 secs] 
2014-07-16T15:29:09.805+0000: 464.127: [GC [PSYoungGen: 174171K->854K(170560K)] 290882K->117621K(857536K), 0.0034340 secs] [Times: user=0.01 sys=0.00, real=0.00 secs] 
2014-07-16T15:29:10.427+0000: 464.748: [GC [PSYoungGen: 170516K->804K(204480K)] 287283K->117611K(891456K), 0.0213610 secs] [Times: user=0.12 sys=0.00, real=0.02 secs] 
2014-07-16T15:29:11.199+0000: 465.521: [GC [PSYoungGen: 204452K->1068K(245504K)] 321259K->117947K(932480K), 0.0028780 secs] [Times: user=0.02 sys=0.00, real=0.00 secs] 
2014-07-16T15:29:12.079+0000: 466.401: [GC [PSYoungGen: 245484K->954K(239488K)] 362363K->117897K(926464K), 0.0054690 secs] [Times: user=0.02 sys=0.00, real=0.01 secs] 
2014-07-16T15:29:12.948+0000: 467.270: [GC [PSYoungGen: 239482K->612K(233472K)] 356425K->117611K(920448K), 0.0058580 secs] [Times: user=0.03 sys=0.00, real=0.01 secs] 
2014-07-16T15:29:13.809+0000: 468.131: [GC [PSYoungGen: 233444K->1454K(228800K)] 350443K->118591K(915776K), 0.0049840 secs] [Times: user=0.03 sys=0.00, real=0.01 secs] 
2014-07-16T15:29:14.613+0000: 468.934: [GC [PSYoungGen: 228745K->858K(222912K)] 345882K->118099K(909888K), 0.0031830 secs] [Times: user=0.02 sys=0.00, real=0.00 secs] 
2014-07-16T15:29:15.421+0000: 469.742: [GC [PSYoungGen: 222874K->894K(217792K)] 340115K->118191K(904768K), 0.0052950 secs] [Times: user=0.02 sys=0.00, real=0.01 secs] 
2014-07-16T15:29:16.210+0000: 470.531: [GC [PSYoungGen: 217790K->1072K(213056K)] 335087K->118433K(900032K), 0.0026970 secs] [Times: user=0.02 sys=0.00, real=0.00 secs] 
2014-07-16T15:29:16.957+0000: 471.279: [GC [PSYoungGen: 213040K->744K(208000K)] 330401K->118161K(894976K), 0.0048500 secs] [Times: user=0.02 sys=0.00, real=0.00 secs] 
2014-07-16T15:29:17.738+0000: 472.060: [GC [PSYoungGen: 207976K->1094K(203776K)] 325393K->118575K(890752K), 0.0051340 secs] [Times: user=0.03 sys=0.00, real=0.00 secs] 
2014-07-16T15:29:18.427+0000: 472.749: [GC [PSYoungGen: 203718K->748K(198976K)] 321199K->118285K(885952K), 0.0039220 secs] [Times: user=0.02 sys=0.00, real=0.00 secs] 
2014-07-16T15:29:19.148+0000: 473.469: [GC [PSYoungGen: 198956K->1090K(195072K)] 316493K->118683K(882048K), 0.0042450 secs] [Times: user=0.03 sys=0.00, real=0.00 secs] 
2014-07-16T15:29:19.862+0000: 474.183: [GC [PSYoungGen: 195010K->1140K(190912K)] 312603K->118805K(877888K), 0.0058440 secs] [Times: user=0.03 sys=0.00, real=0.01 secs] 
2014-07-16T15:29:20.544+0000: 474.865: [GC [PSYoungGen: 190900K->812K(186624K)] 308565K->118581K(873600K), 0.0026190 secs] [Times: user=0.01 sys=0.00, real=0.01 secs] 
2014-07-16T15:29:21.214+0000: 475.536: [GC [PSYoungGen: 186595K->1240K(183232K)] 304365K->119073K(870208K), 0.0039130 secs] [Times: user=0.02 sys=0.00, real=0.00 secs] 
2014-07-16T15:29:21.867+0000: 476.188: [GC [PSYoungGen: 183191K->890K(179136K)] 301024K->118819K(866112K), 0.0042250 secs] [Times: user=0.02 sys=0.00, real=0.00 secs] 
2014-07-16T15:29:22.511+0000: 476.832: [GC [PSYoungGen: 179130K->1236K(175936K)] 297059K->119237K(862912K), 0.0061720 secs] [Times: user=0.04 sys=0.00, real=0.01 secs] 
2014-07-16T15:29:23.161+0000: 477.483: [GC [PSYoungGen: 175802K->830K(171968K)] 293803K->118929K(858944K), 0.0052890 secs] [Times: user=0.03 sys=0.01, real=0.01 secs] 
2014-07-16T15:29:23.772+0000: 478.094: [GC [PSYoungGen: 171966K->1218K(169024K)] 290065K->119389K(856000K), 0.0046870 secs] [Times: user=0.02 sys=0.00, real=0.01 secs] 
2014-07-16T15:29:24.384+0000: 478.705: [GC [PSYoungGen: 168962K->884K(165376K)] 287133K->119277K(852352K), 0.0110300 secs] [Times: user=0.06 sys=0.00, real=0.02 secs] 
2014-07-16T15:29:24.980+0000: 479.301: [GC [PSYoungGen: 165364K->936K(162240K)] 283757K->119409K(849216K), 0.0058170 secs] [Times: user=0.03 sys=0.00, real=0.01 secs] 
2014-07-16T15:29:25.552+0000: 479.873: [GC [PSYoungGen: 162216K->908K(159168K)] 280689K->119445K(846144K), 0.0039970 secs] [Times: user=0.02 sys=0.00, real=0.01 secs] 
2014-07-16T15:29:26.125+0000: 480.446: [GC [PSYoungGen: 159116K->1340K(156544K)] 277653K->119973K(843520K), 0.0026430 secs] [Times: user=0.01 sys=0.01, real=0.00 secs] 
2014-07-16T15:29:26.687+0000: 481.009: [GC [PSYoungGen: 156529K->688K(153024K)] 275162K->119529K(840000K), 0.0077410 secs] [Times: user=0.05 sys=0.00, real=0.01 secs] 
2014-07-16T15:29:27.241+0000: 481.562: [GC [PSYoungGen: 153008K->1336K(150848K)] 271849K->120273K(837824K), 0.0055430 secs] [Times: user=0.03 sys=0.00, real=0.01 secs] 
2014-07-16T15:29:27.835+0000: 482.156: [GC [PSYoungGen: 150840K->1058K(147904K)] 269777K->120429K(834880K), 0.0054420 secs] [Times: user=0.03 sys=0.00, real=0.01 secs] 
2014-07-16T15:29:28.329+0000: 482.650: [GC [PSYoungGen: 147874K->1354K(145600K)] 267245K->120847K(832576K), 0.0047430 secs] [Times: user=0.02 sys=0.00, real=0.00 secs] 
2014-07-16T15:29:28.856+0000: 483.177: [GC [PSYoungGen: 145520K->822K(142464K)] 265013K->120495K(829440K), 0.0059780 secs] [Times: user=0.03 sys=0.00, real=0.01 secs] 
2014-07-16T15:29:29.335+0000: 483.657: [GC [PSYoungGen: 142410K->726K(139904K)] 262084K->120463K(826880K), 0.0035290 secs] [Times: user=0.02 sys=0.00, real=0.01 secs] 
2014-07-16T15:29:29.864+0000: 484.186: [GC [PSYoungGen: 139862K->964K(137728K)] 259599K->120765K(824704K), 0.0050590 secs] [Times: user=0.03 sys=0.00, real=0.01 secs] 
2014-07-16T15:29:30.354+0000: 484.675: [GC [PSYoungGen: 137661K->1036K(135424K)] 257462K->120909K(822400K), 0.0030380 secs] [Times: user=0.01 sys=0.00, real=0.01 secs] 
2014-07-16T15:29:30.830+0000: 485.151: [GC [PSYoungGen: 135372K->1090K(133248K)] 255245K->120995K(820224K), 0.0049020 secs] [Times: user=0.01 sys=0.00, real=0.00 secs] 
2014-07-16T15:29:31.323+0000: 485.645: [GC [PSYoungGen: 133186K->1236K(131200K)] 253091K->121205K(818176K), 0.0051790 secs] [Times: user=0.02 sys=0.01, real=0.01 secs] 
2014-07-16T15:29:31.772+0000: 486.093: [GC [PSYoungGen: 131156K->786K(128576K)] 251125K->120811K(815552K), 0.0043840 secs] [Times: user=0.02 sys=0.01, real=0.01 secs] 
2014-07-16T15:29:32.222+0000: 486.544: [GC [PSYoungGen: 128530K->990K(126656K)] 248555K->121111K(813632K), 0.0024750 secs] [Times: user=0.01 sys=0.00, real=0.00 secs] 
2014-07-16T15:29:32.682+0000: 487.004: [GC [PSYoungGen: 126603K->548K(124160K)] 246724K->120741K(811136K), 0.0051190 secs] [Times: user=0.03 sys=0.00, real=0.01 secs] 
2014-07-16T15:29:33.128+0000: 487.449: [GC [PSYoungGen: 124132K->1358K(123008K)] 244325K->121623K(809984K), 0.0035180 secs] [Times: user=0.02 sys=0.00, real=0.00 secs] 
2014-07-16T15:29:33.568+0000: 487.890: [GC [PSYoungGen: 122951K->1076K(120768K)] 243217K->121421K(807744K), 0.0030280 secs] [Times: user=0.02 sys=0.00, real=0.00 secs] 
2014-07-16T15:29:33.994+0000: 488.315: [GC [PSYoungGen: 120747K->1040K(118912K)] 241093K->121489K(805888K), 0.0045320 secs] [Times: user=0.02 sys=0.00, real=0.01 secs] 
2014-07-16T15:29:34.439+0000: 488.761: [GC [PSYoungGen: 118851K->1068K(117120K)] 239300K->121739K(804096K), 0.0060590 secs] [Times: user=0.04 sys=0.00, real=0.00 secs] 
2014-07-16T15:29:34.858+0000: 489.179: [GC [PSYoungGen: 117097K->1188K(140480K)] 237769K->121947K(827456K), 0.0054670 secs] [Times: user=0.04 sys=0.00, real=0.00 secs] 
2014-07-16T15:29:35.333+0000: 489.655: [GC [PSYoungGen: 140452K->944K(137792K)] 261211K->121783K(824768K), 0.0040400 secs] [Times: user=0.03 sys=0.00, real=0.01 secs] 
2014-07-16T15:29:35.820+0000: 490.142: [GC [PSYoungGen: 137776K->854K(135360K)] 258615K->121765K(822336K), 0.0036250 secs] [Times: user=0.02 sys=0.00, real=0.00 secs] 
2014-07-16T15:29:36.310+0000: 490.631: [GC [PSYoungGen: 135301K->1254K(133440K)] 256212K->122277K(820416K), 0.0038410 secs] [Times: user=0.02 sys=0.00, real=0.00 secs] 
2014-07-16T15:29:36.778+0000: 491.100: [GC [PSYoungGen: 133413K->794K(159424K)] 254436K->121881K(846400K), 0.0070300 secs] [Times: user=0.04 sys=0.00, real=0.00 secs] 
2014-07-16T15:29:37.353+0000: 491.674: [GC [PSYoungGen: 159386K->1144K(156736K)] 280473K->122353K(843712K), 0.0032040 secs] [Times: user=0.02 sys=0.01, real=0.00 secs] 
2014-07-16T15:29:37.991+0000: 492.312: [GC [PSYoungGen: 156712K->1392K(154112K)] 277921K->122665K(841088K), 0.0046890 secs] [Times: user=0.02 sys=0.00, real=0.00 secs] 
2014-07-16T15:29:38.475+0000: 492.796: [GC [PSYoungGen: 154096K->704K(150592K)] 275369K->122315K(837568K), 0.0033850 secs] [Times: user=0.02 sys=0.00, real=0.01 secs] 
2014-07-16T15:29:39.027+0000: 493.348: [GC [PSYoungGen: 150591K->1232K(148416K)] 272202K->122915K(835392K), 0.0031090 secs] [Times: user=0.01 sys=0.00, real=0.01 secs] 
2014-07-16T15:29:39.540+0000: 493.862: [GC [PSYoungGen: 148368K->1136K(145664K)] 270051K->122891K(832640K), 0.0053620 secs] [Times: user=0.03 sys=0.00, real=0.00 secs] 
2014-07-16T15:29:40.064+0000: 494.385: [GC [PSYoungGen: 145648K->644K(142656K)] 267403K->122463K(829632K), 0.0032300 secs] [Times: user=0.01 sys=0.00, real=0.01 secs] 
2014-07-16T15:29:40.596+0000: 494.918: [GC [PSYoungGen: 142596K->658K(140160K)] 264415K->122533K(827136K), 0.0064400 secs] [Times: user=0.03 sys=0.00, real=0.01 secs] 
2014-07-16T15:29:41.100+0000: 495.421: [GC [PSYoungGen: 140114K->1058K(138112K)] 261989K->122981K(825088K), 0.0031970 secs] [Times: user=0.02 sys=0.00, real=0.00 secs] 
2014-07-16T15:29:41.608+0000: 495.929: [GC [PSYoungGen: 138050K->1254K(135936K)] 259974K->123257K(822912K), 0.0033890 secs] [Times: user=0.02 sys=0.00, real=0.00 secs] 
2014-07-16T15:29:42.132+0000: 496.454: [GC [PSYoungGen: 135910K->1022K(133376K)] 257913K->123065K(820352K), 0.0060760 secs] [Times: user=0.04 sys=0.01, real=0.01 secs] 
2014-07-16T15:29:42.561+0000: 496.882: [GC [PSYoungGen: 133374K->758K(130880K)] 255417K->122865K(817856K), 0.0040270 secs] [Times: user=0.02 sys=0.00, real=0.00 secs] 
2014-07-16T15:29:43.071+0000: 497.392: [GC [PSYoungGen: 130870K->972K(128960K)] 252977K->123143K(815936K), 0.0053890 secs] [Times: user=0.03 sys=0.00, real=0.00 secs] 
2014-07-16T15:29:43.497+0000: 497.818: [GC [PSYoungGen: 128828K->1340K(154880K)] 251000K->123725K(841856K), 0.0064090 secs] [Times: user=0.03 sys=0.00, real=0.01 secs] 
2014-07-16T15:29:44.057+0000: 498.378: [GC [PSYoungGen: 154874K->1004K(185280K)] 277259K->123461K(872256K), 0.0065870 secs] [Times: user=0.04 sys=0.00, real=0.01 secs] 
2014-07-16T15:29:44.719+0000: 499.041: [GC [PSYoungGen: 185260K->844K(222016K)] 307717K->123399K(908992K), 0.0063230 secs] [Times: user=0.02 sys=0.00, real=0.00 secs] 
2014-07-16T15:29:45.518+0000: 499.839: [GC [PSYoungGen: 221964K->1338K(223680K)] 344519K->123941K(910656K), 0.0119870 secs] [Times: user=0.07 sys=0.00, real=0.01 secs] 
2014-07-16T15:29:46.317+0000: 500.638: [GC [PSYoungGen: 223418K->922K(267008K)] 346021K->123589K(953984K), 0.0060390 secs] [Times: user=0.02 sys=0.00, real=0.01 secs] 
2014-07-16T15:29:47.255+0000: 501.576: [GC [PSYoungGen: 266266K->908K(259584K)] 388933K->123639K(946560K), 0.0066930 secs] [Times: user=0.03 sys=0.00, real=0.01 secs] 
2014-07-16T15:29:48.213+0000: 502.534: [GC [PSYoungGen: 259532K->762K(252928K)] 382263K->123656K(939904K), 0.0034500 secs] [Times: user=0.02 sys=0.00, real=0.00 secs] 
2014-07-16T15:29:49.103+0000: 503.424: [GC [PSYoungGen: 252922K->980K(246976K)] 375816K->123930K(933952K), 0.0058100 secs] [Times: user=0.04 sys=0.00, real=0.01 secs] 
2014-07-16T15:29:49.990+0000: 504.311: [GC [PSYoungGen: 246932K->812K(240832K)] 369882K->123834K(927808K), 0.0061930 secs] [Times: user=0.03 sys=0.00, real=0.00 secs] 
2014-07-16T15:29:50.856+0000: 505.177: [GC [PSYoungGen: 240792K->776K(235072K)] 363814K->123918K(922048K), 0.0030530 secs] [Times: user=0.02 sys=0.00, real=0.00 secs] 
2014-07-16T15:29:51.715+0000: 506.037: [GC [PSYoungGen: 235016K->694K(229376K)] 358158K->123892K(916352K), 0.0063730 secs] [Times: user=0.04 sys=0.00, real=0.01 secs] 
2014-07-16T15:29:52.515+0000: 506.837: [GC [PSYoungGen: 229342K->872K(224256K)] 352541K->124150K(911232K), 0.0039700 secs] [Times: user=0.02 sys=0.00, real=0.01 secs] 
2014-07-16T15:29:53.332+0000: 507.653: [GC [PSYoungGen: 224231K->1186K(219392K)] 347509K->124560K(906368K), 0.0041780 secs] [Times: user=0.02 sys=0.00, real=0.00 secs] 
2014-07-16T15:29:54.103+0000: 508.424: [GC [PSYoungGen: 219362K->1026K(214272K)] 342736K->124472K(901248K), 0.0073040 secs] [Times: user=0.05 sys=0.01, real=0.01 secs] 
2014-07-16T15:29:54.858+0000: 509.179: [GC [PSYoungGen: 214210K->712K(209152K)] 337656K->124230K(896128K), 0.0048940 secs] [Times: user=0.02 sys=0.00, real=0.01 secs] 
2014-07-16T15:29:55.609+0000: 509.930: [GC [PSYoungGen: 209096K->976K(204800K)] 332614K->124550K(891776K), 0.0033670 secs] [Times: user=0.02 sys=0.00, real=0.01 secs] 
2014-07-16T15:29:56.346+0000: 510.667: [GC [PSYoungGen: 204719K->804K(200128K)] 328294K->124442K(887104K), 0.0028980 secs] [Times: user=0.01 sys=0.00, real=0.00 secs] 
2014-07-16T15:29:57.067+0000: 511.389: [GC [PSYoungGen: 200100K->886K(195904K)] 323738K->124588K(882880K), 0.0044640 secs] [Times: user=0.02 sys=0.00, real=0.01 secs] 
2014-07-16T15:29:57.770+0000: 512.092: [GC [PSYoungGen: 195894K->1054K(191936K)] 319596K->124836K(878912K), 0.0031560 secs] [Times: user=0.01 sys=0.00, real=0.00 secs] 
2014-07-16T15:29:58.458+0000: 512.779: [GC [PSYoungGen: 191871K->912K(187776K)] 315654K->124734K(874752K), 0.0063360 secs] [Times: user=0.04 sys=0.00, real=0.01 secs] 
2014-07-16T15:29:59.141+0000: 513.462: [GC [PSYoungGen: 187728K->822K(183744K)] 311550K->124910K(870720K), 0.0047530 secs] [Times: user=0.02 sys=0.00, real=0.00 secs] 
2014-07-16T15:29:59.792+0000: 514.114: [GC [PSYoungGen: 183734K->1336K(180480K)] 307822K->125776K(867456K), 0.0053470 secs] [Times: user=0.03 sys=0.01, real=0.00 secs] 
2014-07-16T15:30:00.441+0000: 514.762: [GC [PSYoungGen: 180472K->566K(176064K)] 304912K->125430K(863040K), 0.0049200 secs] [Times: user=0.03 sys=0.00, real=0.00 secs] 
2014-07-16T15:30:01.082+0000: 515.404: [GC [PSYoungGen: 176054K->958K(172928K)] 300918K->125886K(859904K), 0.0045070 secs] [Times: user=0.02 sys=0.00, real=0.00 secs] 
2014-07-16T15:30:01.684+0000: 516.006: [GC [PSYoungGen: 172926K->1140K(169728K)] 297854K->126396K(856704K), 0.0045660 secs] [Times: user=0.03 sys=0.00, real=0.00 secs] 
2014-07-16T15:30:02.302+0000: 516.624: [GC [PSYoungGen: 169716K->872K(166144K)] 294972K->126216K(853120K), 0.0036480 secs] [Times: user=0.02 sys=0.00, real=0.00 secs] 
2014-07-16T15:30:02.917+0000: 517.238: [GC [PSYoungGen: 166094K->882K(162944K)] 291438K->126322K(849920K), 0.0045600 secs] [Times: user=0.02 sys=0.00, real=0.01 secs] 
2014-07-16T15:30:03.493+0000: 517.814: [GC [PSYoungGen: 162893K->1162K(160192K)] 288333K->126650K(847168K), 0.0032420 secs] [Times: user=0.01 sys=0.00, real=0.00 secs] 
2014-07-16T15:30:04.073+0000: 518.394: [GC [PSYoungGen: 160138K->880K(156864K)] 285626K->126568K(843840K), 0.0042410 secs] [Times: user=0.02 sys=0.00, real=0.00 secs] 
2014-07-16T15:30:04.621+0000: 518.942: [GC [PSYoungGen: 156848K->1136K(154240K)] 282536K->126904K(841216K), 0.0030020 secs] [Times: user=0.02 sys=0.00, real=0.01 secs] 
2014-07-16T15:30:05.173+0000: 519.494: [GC [PSYoungGen: 154224K->776K(151104K)] 279992K->126790K(838080K), 0.0065120 secs] [Times: user=0.04 sys=0.00, real=0.00 secs] 
2014-07-16T15:30:05.710+0000: 520.032: [GC [PSYoungGen: 151048K->790K(148352K)] 277062K->126908K(835328K), 0.0044360 secs] [Times: user=0.02 sys=0.00, real=0.01 secs] 
2014-07-16T15:30:06.249+0000: 520.571: [GC [PSYoungGen: 148310K->694K(145600K)] 274428K->126868K(832576K), 0.0038800 secs] [Times: user=0.01 sys=0.00, real=0.01 secs] 
2014-07-16T15:30:06.756+0000: 521.078: [GC [PSYoungGen: 145546K->976K(143360K)] 271721K->127214K(830336K), 0.0055140 secs] [Times: user=0.02 sys=0.00, real=0.01 secs] 
2014-07-16T15:30:07.270+0000: 521.591: [GC [PSYoungGen: 143213K->844K(140736K)] 269452K->127170K(827712K), 0.0032950 secs] [Times: user=0.01 sys=0.00, real=0.01 secs] 
2014-07-16T15:30:07.787+0000: 522.108: [GC [PSYoungGen: 140684K->1226K(138688K)] 267010K->127624K(825664K), 0.0046540 secs] [Times: user=0.03 sys=0.00, real=0.01 secs] 
2014-07-16T15:30:08.333+0000: 522.654: [GC [PSYoungGen: 138634K->684K(135744K)] 265032K->127458K(822720K), 0.0087990 secs] [Times: user=0.06 sys=0.00, real=0.00 secs] 
2014-07-16T15:30:08.796+0000: 523.118: [GC [PSYoungGen: 135724K->1290K(134080K)] 262498K->128121K(821056K), 0.0047720 secs] [Times: user=0.03 sys=0.00, real=0.00 secs] 
2014-07-16T15:30:09.270+0000: 523.591: [GC [PSYoungGen: 134026K->948K(131456K)] 260857K->128329K(818432K), 0.0044930 secs] [Times: user=0.03 sys=0.00, real=0.01 secs] 
2014-07-16T15:30:09.735+0000: 524.057: [GC [PSYoungGen: 131444K->890K(129216K)] 258825K->128343K(816192K), 0.0040780 secs] [Times: user=0.02 sys=0.00, real=0.00 secs] 
2014-07-16T15:30:10.203+0000: 524.525: [GC [PSYoungGen: 129210K->1526K(127744K)] 256663K->129331K(814720K), 0.0041300 secs] [Times: user=0.02 sys=0.01, real=0.00 secs] 
2014-07-16T15:30:10.661+0000: 524.982: [GC [PSYoungGen: 127734K->1226K(125440K)] 255539K->129119K(812416K), 0.0047050 secs] [Times: user=0.02 sys=0.00, real=0.01 secs] 
2014-07-16T15:30:11.112+0000: 525.433: [GC [PSYoungGen: 125386K->944K(149952K)] 253279K->129437K(836928K), 0.0062100 secs] [Times: user=0.03 sys=0.00, real=0.01 secs] 
2014-07-16T15:30:11.628+0000: 525.949: [GC [PSYoungGen: 149936K->980K(179840K)] 278429K->129521K(866816K), 0.0077450 secs] [Times: user=0.03 sys=0.00, real=0.01 secs] 
2014-07-16T15:30:12.285+0000: 526.607: [GC [PSYoungGen: 179796K->854K(215488K)] 308337K->129625K(902464K), 0.0056620 secs] [Times: user=0.03 sys=0.00, real=0.00 secs] 
2014-07-16T15:30:13.074+0000: 527.396: [GC [PSYoungGen: 215446K->1190K(210944K)] 344217K->130057K(897920K), 0.0042060 secs] [Times: user=0.03 sys=0.01, real=0.00 secs] 
2014-07-16T15:30:13.865+0000: 528.187: [GC [PSYoungGen: 210918K->1008K(206080K)] 339785K->129963K(893056K), 0.0039440 secs] [Times: user=0.02 sys=0.01, real=0.00 secs] 
2014-07-16T15:30:14.600+0000: 528.922: [GC [PSYoungGen: 206064K->530K(201152K)] 335019K->129533K(888128K), 0.0064090 secs] [Times: user=0.04 sys=0.00, real=0.01 secs] 
2014-07-16T15:30:15.325+0000: 529.646: [GC [PSYoungGen: 201106K->726K(196992K)] 330109K->129777K(883968K), 0.0089990 secs] [Times: user=0.05 sys=0.00, real=0.01 secs] 
2014-07-16T15:30:16.036+0000: 530.358: [GC [PSYoungGen: 196950K->1696K(193728K)] 326001K->130811K(880704K), 0.0048470 secs] [Times: user=0.03 sys=0.00, real=0.00 secs] 
2014-07-16T15:30:16.725+0000: 531.046: [GC [PSYoungGen: 193696K->1058K(188992K)] 322811K->130269K(875968K), 0.0035720 secs] [Times: user=0.02 sys=0.00, real=0.00 secs] 
2014-07-16T15:30:17.401+0000: 531.723: [GC [PSYoungGen: 188962K->1008K(185024K)] 318173K->130315K(872000K), 0.0031000 secs] [Times: user=0.01 sys=0.00, real=0.01 secs] 
2014-07-16T15:30:18.076+0000: 532.397: [GC [PSYoungGen: 185008K->858K(181120K)] 314315K->130237K(868096K), 0.0051620 secs] [Times: user=0.03 sys=0.00, real=0.00 secs] 
2014-07-16T15:30:18.740+0000: 533.061: [GC [PSYoungGen: 181082K->1098K(177728K)] 310461K->130549K(864704K), 0.0054480 secs] [Times: user=0.03 sys=0.00, real=0.01 secs] 
2014-07-16T15:30:19.372+0000: 533.693: [GC [PSYoungGen: 177674K->1054K(174080K)] 307125K->130593K(861056K), 0.0031340 secs] [Times: user=0.02 sys=0.00, real=0.01 secs] 
2014-07-16T15:30:20.006+0000: 534.328: [GC [PSYoungGen: 174046K->986K(170560K)] 303585K->130613K(857536K), 0.0054350 secs] [Times: user=0.03 sys=0.00, real=0.00 secs] 
2014-07-16T15:30:20.609+0000: 534.931: [GC [PSYoungGen: 170520K->1272K(167488K)] 300148K->130979K(854464K), 0.0047930 secs] [Times: user=0.03 sys=0.00, real=0.01 secs] 
2014-07-16T15:30:21.214+0000: 535.536: [GC [PSYoungGen: 167437K->1122K(164160K)] 297145K->130917K(851136K), 0.0051520 secs] [Times: user=0.02 sys=0.00, real=0.00 secs] 
2014-07-16T15:30:21.798+0000: 536.119: [GC [PSYoungGen: 164130K->698K(160576K)] 293925K->130541K(847552K), 0.0049770 secs] [Times: user=0.03 sys=0.00, real=0.00 secs] 
2014-07-16T15:30:22.384+0000: 536.705: [GC [PSYoungGen: 160570K->1018K(157888K)] 290413K->130941K(844864K), 0.0049010 secs] [Times: user=0.03 sys=0.00, real=0.00 secs] 
2014-07-16T15:30:22.972+0000: 537.294: [GC [PSYoungGen: 157882K->1268K(155200K)] 287805K->131271K(842176K), 0.0058330 secs] [Times: user=0.04 sys=0.00, real=0.01 secs] 
2014-07-16T15:30:23.587+0000: 537.909: [GC [PSYoungGen: 155166K->1178K(152320K)] 285169K->131253K(839296K), 0.0038600 secs] [Times: user=0.02 sys=0.00, real=0.00 secs] 
2014-07-16T15:30:24.147+0000: 538.468: [GC [PSYoungGen: 152282K->888K(149248K)] 282357K->131487K(836224K), 0.0065660 secs] [Times: user=0.04 sys=0.00, real=0.00 secs] 
2014-07-16T15:30:24.662+0000: 538.983: [GC [PSYoungGen: 149240K->1086K(146752K)] 279839K->131749K(833728K), 0.0072110 secs] [Times: user=0.04 sys=0.01, real=0.01 secs] 
2014-07-16T15:30:25.215+0000: 539.536: [GC [PSYoungGen: 146750K->1396K(144448K)] 277413K->132271K(831424K), 0.0032380 secs] [Times: user=0.01 sys=0.00, real=0.00 secs] 
2014-07-16T15:30:25.715+0000: 540.036: [GC [PSYoungGen: 144435K->594K(141184K)] 275310K->131493K(828160K), 0.0046460 secs] [Times: user=0.01 sys=0.00, real=0.00 secs] 
2014-07-16T15:30:26.215+0000: 540.536: [GC [PSYoungGen: 141095K->1222K(139392K)] 271994K->132177K(826368K), 0.0045210 secs] [Times: user=0.01 sys=0.00, real=0.00 secs] 
2014-07-16T15:30:26.737+0000: 541.059: [GC [PSYoungGen: 139334K->1230K(137024K)] 270289K->132209K(824000K), 0.0054630 secs] [Times: user=0.01 sys=0.00, real=0.00 secs] 
2014-07-16T15:30:27.218+0000: 541.540: [GC [PSYoungGen: 136974K->950K(163904K)] 267953K->132307K(850880K), 0.0077990 secs] [Times: user=0.05 sys=0.01, real=0.01 secs] 
2014-07-16T15:30:27.812+0000: 542.133: [GC [PSYoungGen: 163875K->662K(160512K)] 295233K->132083K(847488K), 0.0033660 secs] [Times: user=0.02 sys=0.00, real=0.01 secs] 
2014-07-16T15:30:28.408+0000: 542.729: [GC [PSYoungGen: 160470K->1164K(158016K)] 291891K->132657K(844992K), 0.0029150 secs] [Times: user=0.01 sys=0.00, real=0.00 secs] 
2014-07-16T15:30:28.958+0000: 543.279: [GC [PSYoungGen: 157964K->1236K(155136K)] 289457K->132825K(842112K), 0.0037420 secs] [Times: user=0.02 sys=0.00, real=0.00 secs] 
2014-07-16T15:30:29.524+0000: 543.845: [GC [PSYoungGen: 155051K->1008K(152064K)] 286641K->132785K(839040K), 0.0048840 secs] [Times: user=0.03 sys=0.00, real=0.01 secs] 
2014-07-16T15:30:30.060+0000: 544.382: [GC [PSYoungGen: 152048K->830K(149120K)] 283825K->132679K(836096K), 0.0029850 secs] [Times: user=0.01 sys=0.00, real=0.00 secs] 
2014-07-16T15:30:30.599+0000: 544.920: [GC [PSYoungGen: 149118K->972K(146624K)] 280967K->132893K(833600K), 0.0060310 secs] [Times: user=0.03 sys=0.00, real=0.00 secs] 
2014-07-16T15:30:31.127+0000: 545.449: [GC [PSYoungGen: 146543K->1262K(144256K)] 278465K->133255K(831232K), 0.0037220 secs] [Times: user=0.02 sys=0.00, real=0.00 secs] 
2014-07-16T15:30:31.642+0000: 545.963: [GC [PSYoungGen: 144238K->804K(141312K)] 276231K->132909K(828288K), 0.0054030 secs] [Times: user=0.04 sys=0.00, real=0.01 secs] 
2014-07-16T15:30:32.177+0000: 546.498: [GC [PSYoungGen: 141284K->1360K(139456K)] 273389K->133553K(826432K), 0.0058230 secs] [Times: user=0.03 sys=0.00, real=0.00 secs] 
2014-07-16T15:30:32.641+0000: 546.962: [GC [PSYoungGen: 139400K->1150K(136832K)] 271593K->133661K(823808K), 0.0041150 secs] [Times: user=0.01 sys=0.00, real=0.01 secs] 
2014-07-16T15:30:33.127+0000: 547.448: [GC [PSYoungGen: 136830K->1526K(134912K)] 269341K->134152K(821888K), 0.0046260 secs] [Times: user=0.02 sys=0.00, real=0.00 secs] 
2014-07-16T15:30:33.685+0000: 548.007: [GC [PSYoungGen: 134880K->950K(132096K)] 267506K->133863K(819072K), 0.0033680 secs] [Times: user=0.01 sys=0.00, real=0.00 secs] 
2014-07-16T15:30:34.118+0000: 548.440: [GC [PSYoungGen: 132086K->822K(129792K)] 264999K->133807K(816768K), 0.0041930 secs] [Times: user=0.02 sys=0.01, real=0.00 secs] 
2014-07-16T15:30:34.558+0000: 548.879: [GC [PSYoungGen: 129782K->858K(127744K)] 262767K->133907K(814720K), 0.0053280 secs] [Times: user=0.03 sys=0.00, real=0.00 secs] 
2014-07-16T15:30:35.029+0000: 549.351: [GC [PSYoungGen: 127675K->758K(125568K)] 260725K->133887K(812544K), 0.0034620 secs] [Times: user=0.02 sys=0.00, real=0.00 secs] 
2014-07-16T15:30:35.482+0000: 549.803: [GC [PSYoungGen: 125558K->758K(123584K)] 258687K->133943K(810560K), 0.0067960 secs] [Times: user=0.04 sys=0.00, real=0.01 secs] 
2014-07-16T15:30:35.931+0000: 550.253: [GC [PSYoungGen: 123574K->886K(121792K)] 256759K->134111K(808768K), 0.0035750 secs] [Times: user=0.01 sys=0.00, real=0.00 secs] 
2014-07-16T15:30:36.373+0000: 550.694: [GC [PSYoungGen: 121782K->1076K(120064K)] 255007K->134373K(807040K), 0.0033400 secs] [Times: user=0.02 sys=0.00, real=0.01 secs] 
2014-07-16T15:30:36.808+0000: 551.129: [GC [PSYoungGen: 120052K->1374K(144192K)] 253349K->134743K(831168K), 0.0088830 secs] [Times: user=0.05 sys=0.00, real=0.01 secs] 
2014-07-16T15:30:37.309+0000: 551.630: [GC [PSYoungGen: 144158K->840K(172288K)] 277527K->134449K(859264K), 0.0065880 secs] [Times: user=0.02 sys=0.00, real=0.00 secs] 
2014-07-16T15:30:37.909+0000: 552.231: [GC [PSYoungGen: 172230K->698K(206400K)] 305839K->134387K(893376K), 0.0042120 secs] [Times: user=0.03 sys=0.01, real=0.00 secs] 
2014-07-16T15:30:38.680+0000: 553.002: [GC [PSYoungGen: 206394K->1362K(202560K)] 340083K->135092K(889536K), 0.0064870 secs] [Times: user=0.03 sys=0.01, real=0.01 secs] 
2014-07-16T15:30:39.383+0000: 553.704: [GC [PSYoungGen: 202479K->1412K(198272K)] 336209K->135182K(885248K), 0.0068700 secs] [Times: user=0.04 sys=0.00, real=0.01 secs] 
2014-07-16T15:30:40.096+0000: 554.418: [GC [PSYoungGen: 198212K->766K(193344K)] 331982K->134775K(880320K), 0.0055820 secs] [Times: user=0.04 sys=0.00, real=0.00 secs] 
2014-07-16T15:30:40.790+0000: 555.111: [GC [PSYoungGen: 193342K->1208K(189696K)] 327351K->135274K(876672K), 0.0046870 secs] [Times: user=0.03 sys=0.00, real=0.00 secs] 
2014-07-16T15:30:41.460+0000: 555.782: [GC [PSYoungGen: 189688K->1008K(185536K)] 323754K->135328K(872512K), 0.0069620 secs] [Times: user=0.04 sys=0.00, real=0.01 secs] 
2014-07-16T15:30:42.122+0000: 556.443: [GC [PSYoungGen: 185520K->626K(181312K)] 319840K->135025K(868288K), 0.0048300 secs] [Times: user=0.03 sys=0.00, real=0.00 secs] 
2014-07-16T15:30:42.787+0000: 557.108: [GC [PSYoungGen: 181298K->740K(177728K)] 315697K->135211K(864704K), 0.0081550 secs] [Times: user=0.04 sys=0.00, real=0.00 secs] 
2014-07-16T15:30:43.425+0000: 557.746: [GC [PSYoungGen: 177700K->844K(174272K)] 312171K->135380K(861248K), 0.0048640 secs] [Times: user=0.02 sys=0.00, real=0.01 secs] 
2014-07-16T15:30:44.066+0000: 558.388: [GC [PSYoungGen: 174126K->766K(170688K)] 308662K->135334K(857664K), 0.0082930 secs] [Times: user=0.05 sys=0.00, real=0.01 secs] 
2014-07-16T15:30:44.676+0000: 558.997: [GC [PSYoungGen: 170686K->608K(204544K)] 305254K->135239K(891520K), 0.0083790 secs] [Times: user=0.04 sys=0.00, real=0.01 secs] 
2014-07-16T15:30:45.390+0000: 559.712: [GC [PSYoungGen: 204512K->936K(207616K)] 339143K->135624K(894592K), 0.0071710 secs] [Times: user=0.04 sys=0.00, real=0.01 secs] 
2014-07-16T15:30:46.158+0000: 560.479: [GC [PSYoungGen: 206888K->1150K(202560K)] 341576K->135950K(889536K), 0.0032070 secs] [Times: user=0.02 sys=0.01, real=0.00 secs] 
2014-07-16T15:30:46.877+0000: 561.198: [GC [PSYoungGen: 202549K->484K(197504K)] 337349K->135648K(884480K), 0.0042430 secs] [Times: user=0.02 sys=0.00, real=0.01 secs] 
2014-07-16T15:30:47.587+0000: 561.909: [GC [PSYoungGen: 197476K->1354K(194176K)] 332640K->136632K(881152K), 0.0065650 secs] [Times: user=0.04 sys=0.00, real=0.01 secs] 
2014-07-16T15:30:48.280+0000: 562.601: [GC [PSYoungGen: 194098K->1072K(189760K)] 329376K->136596K(876736K), 0.0069600 secs] [Times: user=0.05 sys=0.00, real=0.00 secs] 
2014-07-16T15:30:48.995+0000: 563.317: [GC [PSYoungGen: 189744K->1004K(185728K)] 325268K->136592K(872704K), 0.0062200 secs] [Times: user=0.03 sys=0.00, real=0.01 secs] 
2014-07-16T15:30:49.639+0000: 563.961: [GC [PSYoungGen: 185708K->676K(181568K)] 321296K->136344K(868544K), 0.0053530 secs] [Times: user=0.03 sys=0.00, real=0.00 secs] 
2014-07-16T15:30:50.315+0000: 564.637: [GC [PSYoungGen: 181540K->872K(178048K)] 317208K->136620K(865024K), 0.0038570 secs] [Times: user=0.02 sys=0.01, real=0.01 secs] 
2014-07-16T15:30:50.922+0000: 565.243: [GC [PSYoungGen: 178024K->730K(174336K)] 313772K->136534K(861312K), 0.0092410 secs] [Times: user=0.06 sys=0.00, real=0.01 secs] 
2014-07-16T15:30:51.552+0000: 565.873: [GC [PSYoungGen: 174298K->894K(171008K)] 310102K->136762K(857984K), 0.0064820 secs] [Times: user=0.04 sys=0.00, real=0.01 secs] 
2014-07-16T15:30:52.165+0000: 566.487: [GC [PSYoungGen: 171006K->676K(167488K)] 306874K->136592K(854464K), 0.0069560 secs] [Times: user=0.04 sys=0.00, real=0.01 secs] 
2014-07-16T15:30:52.771+0000: 567.092: [GC [PSYoungGen: 167460K->1068K(201216K)] 303376K->137072K(888192K), 0.0064290 secs] [Times: user=0.04 sys=0.00, real=0.00 secs] 
2014-07-16T15:30:53.487+0000: 567.808: [GC [PSYoungGen: 200803K->1386K(196800K)] 336807K->137470K(883776K), 0.0046080 secs] [Times: user=0.02 sys=0.00, real=0.01 secs] 
2014-07-16T15:30:54.209+0000: 568.530: [GC [PSYoungGen: 196778K->1264K(192512K)] 332862K->137444K(879488K), 0.0070240 secs] [Times: user=0.04 sys=0.00, real=0.01 secs] 
2014-07-16T15:30:54.902+0000: 569.223: [GC [PSYoungGen: 192490K->548K(187776K)] 328670K->136880K(874752K), 0.0036900 secs] [Times: user=0.02 sys=0.00, real=0.00 secs] 
2014-07-16T15:30:55.580+0000: 569.902: [GC [PSYoungGen: 187748K->1044K(184384K)] 324080K->137472K(871360K), 0.0029720 secs] [Times: user=0.01 sys=0.00, real=0.00 secs] 
2014-07-16T15:30:56.293+0000: 570.614: [GC [PSYoungGen: 184340K->1164K(180736K)] 320768K->137962K(867712K), 0.0055010 secs] [Times: user=0.03 sys=0.00, real=0.00 secs] 
2014-07-16T15:30:56.939+0000: 571.260: [GC [PSYoungGen: 180684K->1018K(176896K)] 317482K->137888K(863872K), 0.0060900 secs] [Times: user=0.03 sys=0.00, real=0.01 secs] 
2014-07-16T15:30:57.550+0000: 571.872: [GC [PSYoungGen: 176880K->794K(173184K)] 313750K->137744K(860160K), 0.0076470 secs] [Times: user=0.05 sys=0.00, real=0.00 secs] 
2014-07-16T15:30:58.178+0000: 572.500: [GC [PSYoungGen: 173133K->1526K(170496K)] 310084K->138524K(857472K), 0.0039010 secs] [Times: user=0.02 sys=0.00, real=0.01 secs] 
2014-07-16T15:30:58.853+0000: 573.174: [GC [PSYoungGen: 170486K->758K(166400K)] 307484K->138198K(853376K), 0.0031490 secs] [Times: user=0.02 sys=0.00, real=0.00 secs] 
2014-07-16T15:30:59.364+0000: 573.685: [GC [PSYoungGen: 166390K->972K(163456K)] 303830K->138500K(850432K), 0.0068770 secs] [Times: user=0.04 sys=0.00, real=0.01 secs] 
2014-07-16T15:30:59.956+0000: 574.277: [GC [PSYoungGen: 163324K->1186K(160512K)] 300852K->139016K(847488K), 0.0036780 secs] [Times: user=0.01 sys=0.00, real=0.01 secs] 
2014-07-16T15:31:00.534+0000: 574.855: [GC [PSYoungGen: 160432K->1090K(157440K)] 298263K->139008K(844416K), 0.0048450 secs] [Times: user=0.03 sys=0.00, real=0.00 secs] 
2014-07-16T15:31:01.129+0000: 575.450: [GC [PSYoungGen: 157293K->1014K(154368K)] 295211K->139264K(841344K), 0.0041320 secs] [Times: user=0.02 sys=0.00, real=0.01 secs] 
2014-07-16T15:31:01.678+0000: 575.999: [GC [PSYoungGen: 154281K->1326K(151872K)] 292531K->139640K(838848K), 0.0063340 secs] [Times: user=0.04 sys=0.00, real=0.01 secs] 
2014-07-16T15:31:02.212+0000: 576.534: [GC [PSYoungGen: 151854K->790K(148608K)] 290168K->139310K(835584K), 0.0048710 secs] [Times: user=0.03 sys=0.00, real=0.00 secs] 
2014-07-16T15:31:02.741+0000: 577.063: [GC [PSYoungGen: 148566K->940K(178304K)] 287086K->139540K(865280K), 0.0108480 secs] [Times: user=0.07 sys=0.00, real=0.01 secs] 
2014-07-16T15:31:03.384+0000: 577.705: [GC [PSYoungGen: 178242K->1172K(192832K)] 316842K->139820K(879808K), 0.0096460 secs] [Times: user=0.05 sys=0.00, real=0.01 secs] 
2014-07-16T15:31:04.114+0000: 578.436: [GC [PSYoungGen: 192404K->1100K(192896K)] 331052K->139812K(879872K), 0.0053530 secs] [Times: user=0.02 sys=0.00, real=0.00 secs] 
2014-07-16T15:31:04.850+0000: 579.171: [GC [PSYoungGen: 192332K->1154K(231104K)] 331044K->139930K(918080K), 0.0055320 secs] [Times: user=0.01 sys=0.00, real=0.00 secs] 
2014-07-16T15:31:05.644+0000: 579.965: [GC [PSYoungGen: 230657K->1012K(225152K)] 369433K->139852K(912128K), 0.0036180 secs] [Times: user=0.01 sys=0.00, real=0.00 secs] 
2014-07-16T15:31:06.438+0000: 580.759: [GC [PSYoungGen: 225140K->634K(219584K)] 363980K->139866K(906560K), 0.0079410 secs] [Times: user=0.05 sys=0.00, real=0.01 secs] 
2014-07-16T15:31:07.229+0000: 581.550: [GC [PSYoungGen: 219577K->1268K(215232K)] 358810K->140548K(902208K), 0.0058270 secs] [Times: user=0.03 sys=0.01, real=0.01 secs] 
2014-07-16T15:31:08.002+0000: 582.323: [GC [PSYoungGen: 215220K->1204K(210368K)] 354500K->140870K(897344K), 0.0056510 secs] [Times: user=0.04 sys=0.00, real=0.00 secs] 
2014-07-16T15:31:08.767+0000: 583.088: [GC [PSYoungGen: 210356K->744K(205248K)] 350022K->140450K(892224K), 0.0090290 secs] [Times: user=0.04 sys=0.00, real=0.01 secs] 
2014-07-16T15:31:09.516+0000: 583.837: [GC [PSYoungGen: 205201K->694K(200704K)] 344908K->140472K(887680K), 0.0060860 secs] [Times: user=0.04 sys=0.00, real=0.01 secs] 
2014-07-16T15:31:10.241+0000: 584.562: [GC [PSYoungGen: 200694K->944K(196608K)] 340472K->140794K(883584K), 0.0067820 secs] [Times: user=0.04 sys=0.00, real=0.00 secs] 
2014-07-16T15:31:10.957+0000: 585.279: [GC [PSYoungGen: 196592K->1018K(192512K)] 336442K->140932K(879488K), 0.0053660 secs] [Times: user=0.02 sys=0.00, real=0.01 secs] 
2014-07-16T15:31:11.662+0000: 585.983: [GC [PSYoungGen: 192505K->922K(188416K)] 332420K->140916K(875392K), 0.0035670 secs] [Times: user=0.02 sys=0.00, real=0.00 secs] 
2014-07-16T15:31:12.328+0000: 586.649: [GC [PSYoungGen: 188378K->594K(184192K)] 328372K->140636K(871168K), 0.0077400 secs] [Times: user=0.05 sys=0.00, real=0.01 secs] 
2014-07-16T15:31:13.003+0000: 587.324: [GC [PSYoungGen: 184146K->1154K(180992K)] 324188K->141276K(867968K), 0.0043740 secs] [Times: user=0.01 sys=0.01, real=0.00 secs] 
2014-07-16T15:31:13.642+0000: 587.963: [GC [PSYoungGen: 180930K->886K(177024K)] 321052K->141088K(864000K), 0.0047880 secs] [Times: user=0.03 sys=0.00, real=0.00 secs] 
2014-07-16T15:31:14.307+0000: 588.628: [GC [PSYoungGen: 177014K->1186K(173824K)] 317216K->141436K(860800K), 0.0072320 secs] [Times: user=0.04 sys=0.00, real=0.01 secs] 
2014-07-16T15:31:14.963+0000: 589.284: [GC [PSYoungGen: 173794K->1126K(170304K)] 314044K->141568K(857280K), 0.0038370 secs] [Times: user=0.02 sys=0.00, real=0.00 secs] 
2014-07-16T15:31:15.583+0000: 589.904: [GC [PSYoungGen: 170244K->894K(166720K)] 310686K->141392K(853696K), 0.0063880 secs] [Times: user=0.03 sys=0.00, real=0.00 secs] 
2014-07-16T15:31:16.177+0000: 590.498: [GC [PSYoungGen: 166718K->922K(163584K)] 307216K->141590K(850560K), 0.0042220 secs] [Times: user=0.02 sys=0.00, real=0.00 secs] 
2014-07-16T15:31:16.760+0000: 591.081: [GC [PSYoungGen: 163545K->1572K(161088K)] 304214K->142528K(848064K), 0.0045830 secs] [Times: user=0.03 sys=0.00, real=0.01 secs] 
2014-07-16T15:31:17.335+0000: 591.656: [GC [PSYoungGen: 161052K->680K(157184K)] 302008K->141716K(844160K), 0.0041630 secs] [Times: user=0.02 sys=0.01, real=0.00 secs] 
2014-07-16T15:31:17.894+0000: 592.216: [GC [PSYoungGen: 157160K->808K(154368K)] 298196K->141956K(841344K), 0.0052310 secs] [Times: user=0.04 sys=0.00, real=0.00 secs] 
2014-07-16T15:31:18.446+0000: 592.767: [GC [PSYoungGen: 154344K->1072K(151808K)] 295492K->142316K(838784K), 0.0033290 secs] [Times: user=0.02 sys=0.00, real=0.00 secs] 
2014-07-16T15:31:18.985+0000: 593.306: [GC [PSYoungGen: 151763K->594K(148608K)] 293008K->141902K(835584K), 0.0038600 secs] [Times: user=0.02 sys=0.00, real=0.00 secs] 
2014-07-16T15:31:19.531+0000: 593.853: [GC [PSYoungGen: 148560K->994K(146304K)] 289868K->142374K(833280K), 0.0069660 secs] [Times: user=0.05 sys=0.00, real=0.01 secs] 
2014-07-16T15:31:20.064+0000: 594.385: [GC [PSYoungGen: 146274K->1060K(143808K)] 287654K->142536K(830784K), 0.0056120 secs] [Times: user=0.03 sys=0.00, real=0.00 secs] 
2014-07-16T15:31:20.566+0000: 594.887: [GC [PSYoungGen: 143779K->626K(140864K)] 285256K->142158K(827840K), 0.0043220 secs] [Times: user=0.02 sys=0.00, real=0.00 secs] 
2014-07-16T15:31:21.082+0000: 595.404: [GC [PSYoungGen: 140850K->972K(138816K)] 282382K->142584K(825792K), 0.0047180 secs] [Times: user=0.02 sys=0.00, real=0.01 secs] 
2014-07-16T15:31:21.559+0000: 595.880: [GC [PSYoungGen: 138764K->1000K(136448K)] 280376K->142676K(823424K), 0.0037670 secs] [Times: user=0.02 sys=0.00, real=0.01 secs] 
2014-07-16T15:31:22.043+0000: 596.365: [GC [PSYoungGen: 136391K->1284K(163904K)] 278068K->143024K(850880K), 0.0092210 secs] [Times: user=0.06 sys=0.00, real=0.00 secs] 
2014-07-16T15:31:22.623+0000: 596.944: [GC [PSYoungGen: 163844K->762K(195840K)] 305584K->142756K(882816K), 0.0056490 secs] [Times: user=0.03 sys=0.00, real=0.01 secs] 
2014-07-16T15:31:23.323+0000: 597.644: [GC [PSYoungGen: 195792K->1168K(213248K)] 337786K->143242K(900224K), 0.0075230 secs] [Times: user=0.05 sys=0.00, real=0.00 secs] 
2014-07-16T15:31:24.078+0000: 598.399: [GC [PSYoungGen: 212880K->744K(235648K)] 354954K->142874K(922624K), 0.0075910 secs] [Times: user=0.04 sys=0.00, real=0.01 secs] 
2014-07-16T15:31:24.923+0000: 599.244: [GC [PSYoungGen: 234856K->1058K(229632K)] 376986K->143268K(916608K), 0.0060820 secs] [Times: user=0.04 sys=0.00, real=0.01 secs] 
2014-07-16T15:31:25.755+0000: 600.077: [GC [PSYoungGen: 229602K->488K(223744K)] 371812K->143106K(910720K), 0.0042380 secs] [Times: user=0.02 sys=0.00, real=0.00 secs] 
2014-07-16T15:31:26.586+0000: 600.907: [GC [PSYoungGen: 223720K->1360K(219520K)] 366338K->144050K(906496K), 0.0037530 secs] [Times: user=0.02 sys=0.00, real=0.00 secs] 
2014-07-16T15:31:27.368+0000: 601.690: [GC [PSYoungGen: 219472K->880K(214016K)] 362162K->143718K(900992K), 0.0056540 secs] [Times: user=0.01 sys=0.01, real=0.01 secs] 
2014-07-16T15:31:28.132+0000: 602.453: [GC [PSYoungGen: 214000K->980K(209344K)] 356838K->143858K(896320K), 0.0089830 secs] [Times: user=0.05 sys=0.00, real=0.01 secs] 
2014-07-16T15:31:28.899+0000: 603.221: [GC [PSYoungGen: 209300K->772K(204544K)] 352178K->143722K(891520K), 0.0047540 secs] [Times: user=0.02 sys=0.00, real=0.01 secs] 
2014-07-16T15:31:29.673+0000: 603.995: [GC [PSYoungGen: 204484K->758K(200000K)] 347434K->143796K(886976K), 0.0039550 secs] [Times: user=0.02 sys=0.00, real=0.01 secs] 
2014-07-16T15:31:30.384+0000: 604.706: [GC [PSYoungGen: 199990K->758K(195712K)] 343028K->143844K(882688K), 0.0043810 secs] [Times: user=0.02 sys=0.01, real=0.00 secs] 
2014-07-16T15:31:31.082+0000: 605.404: [GC [PSYoungGen: 195702K->1268K(192064K)] 338788K->144450K(879040K), 0.0044750 secs] [Times: user=0.02 sys=0.00, real=0.01 secs] 
2014-07-16T15:31:31.767+0000: 606.088: [GC [PSYoungGen: 192051K->934K(187712K)] 335234K->144600K(874688K), 0.0050530 secs] [Times: user=0.03 sys=0.00, real=0.00 secs] 
2014-07-16T15:31:32.435+0000: 606.756: [GC [PSYoungGen: 187686K->1090K(184000K)] 331352K->144812K(870976K), 0.0060850 secs] [Times: user=0.03 sys=0.00, real=0.00 secs] 
2014-07-16T15:31:33.099+0000: 607.421: [GC [PSYoungGen: 183926K->1122K(180224K)] 327649K->145080K(867200K), 0.0035000 secs] [Times: user=0.01 sys=0.00, real=0.00 secs] 
2014-07-16T15:31:33.739+0000: 608.060: [GC [PSYoungGen: 180163K->976K(176448K)] 324122K->145022K(863424K), 0.0030560 secs] [Times: user=0.01 sys=0.00, real=0.00 secs] 
2014-07-16T15:31:34.438+0000: 608.759: [GC [PSYoungGen: 176392K->1076K(172992K)] 320439K->145402K(859968K), 0.0030250 secs] [Times: user=0.02 sys=0.00, real=0.00 secs] 
2014-07-16T15:31:35.056+0000: 609.377: [GC [PSYoungGen: 172980K->1286K(169856K)] 317306K->145676K(856832K), 0.0069700 secs] [Times: user=0.04 sys=0.00, real=0.00 secs] 
2014-07-16T15:31:35.665+0000: 609.987: [GC [PSYoungGen: 169798K->826K(166016K)] 314188K->145486K(852992K), 0.0046540 secs] [Times: user=0.03 sys=0.00, real=0.00 secs] 
2014-07-16T15:31:36.258+0000: 610.579: [GC [PSYoungGen: 166007K->1316K(163328K)] 310668K->146009K(850304K), 0.0049310 secs] [Times: user=0.02 sys=0.00, real=0.00 secs] 
2014-07-16T15:31:36.874+0000: 611.196: [GC [PSYoungGen: 163300K->1040K(160000K)] 307993K->145862K(846976K), 0.0062920 secs] [Times: user=0.04 sys=0.00, real=0.01 secs] 
2014-07-16T15:31:37.452+0000: 611.774: [GC [PSYoungGen: 159952K->1118K(157056K)] 304774K->146020K(844032K), 0.0053370 secs] [Times: user=0.03 sys=0.01, real=0.01 secs] 
2014-07-16T15:31:38.007+0000: 612.328: [GC [PSYoungGen: 156993K->994K(154048K)] 301896K->146075K(841024K), 0.0031970 secs] [Times: user=0.02 sys=0.00, real=0.00 secs] 
2014-07-16T15:31:38.552+0000: 612.873: [GC [PSYoungGen: 154018K->926K(151168K)] 299099K->146110K(838144K), 0.0046740 secs] [Times: user=0.02 sys=0.00, real=0.01 secs] 
2014-07-16T15:31:39.107+0000: 613.428: [GC [PSYoungGen: 151134K->1140K(148608K)] 296318K->146389K(835584K), 0.0056280 secs] [Times: user=0.03 sys=0.00, real=0.00 secs] 
2014-07-16T15:31:39.640+0000: 613.962: [GC [PSYoungGen: 148573K->1244K(146112K)] 293822K->146549K(833088K), 0.0053960 secs] [Times: user=0.03 sys=0.01, real=0.01 secs] 
2014-07-16T15:31:40.160+0000: 614.481: [GC [PSYoungGen: 146074K->680K(142976K)] 291379K->146392K(829952K), 0.0063830 secs] [Times: user=0.03 sys=0.00, real=0.01 secs] 
2014-07-16T15:31:40.663+0000: 614.984: [GC [PSYoungGen: 142918K->908K(140736K)] 288631K->146700K(827712K), 0.0050740 secs] [Times: user=0.02 sys=0.01, real=0.01 secs] 
2014-07-16T15:31:41.167+0000: 615.488: [GC [PSYoungGen: 140684K->840K(138240K)] 286476K->146728K(825216K), 0.0057840 secs] [Times: user=0.03 sys=0.00, real=0.00 secs] 
2014-07-16T15:31:41.676+0000: 615.997: [GC [PSYoungGen: 138184K->608K(135616K)] 284072K->146568K(822592K), 0.0055130 secs] [Times: user=0.03 sys=0.00, real=0.00 secs] 
2014-07-16T15:31:42.161+0000: 616.483: [GC [PSYoungGen: 135584K->840K(133568K)] 281544K->146896K(820544K), 0.0044260 secs] [Times: user=0.03 sys=0.00, real=0.01 secs] 
2014-07-16T15:31:42.643+0000: 616.964: [GC [PSYoungGen: 133512K->868K(131328K)] 279568K->147020K(818304K), 0.0040340 secs] [Times: user=0.03 sys=0.00, real=0.01 secs] 
2014-07-16T15:31:43.103+0000: 617.424: [GC [PSYoungGen: 131300K->754K(129024K)] 277452K->146994K(816000K), 0.0034200 secs] [Times: user=0.02 sys=0.00, real=0.01 secs] 
2014-07-16T15:31:43.575+0000: 617.896: [GC [PSYoungGen: 129010K->858K(127040K)] 275250K->147202K(814016K), 0.0045450 secs] [Times: user=0.02 sys=0.00, real=0.01 secs] 
2014-07-16T15:31:44.028+0000: 618.350: [GC [PSYoungGen: 127002K->822K(124928K)] 273346K->147262K(811904K), 0.0042150 secs] [Times: user=0.02 sys=0.01, real=0.00 secs] 
2014-07-16T15:31:44.543+0000: 618.864: [GC [PSYoungGen: 124918K->1382K(123520K)] 271358K->147894K(810496K), 0.0055260 secs] [Times: user=0.04 sys=0.00, real=0.01 secs] 
2014-07-16T15:31:44.946+0000: 619.267: [GC [PSYoungGen: 123494K->616K(120832K)] 270006K->147542K(807808K), 0.0037120 secs] [Times: user=0.02 sys=0.00, real=0.01 secs] 
2014-07-16T15:31:45.382+0000: 619.703: [GC [PSYoungGen: 120808K->1154K(119552K)] 267734K->148168K(806528K), 0.0047280 secs] [Times: user=0.02 sys=0.00, real=0.01 secs] 
2014-07-16T15:31:45.818+0000: 620.139: [GC [PSYoungGen: 119485K->1044K(143104K)] 266500K->148296K(830080K), 0.0059580 secs] [Times: user=0.03 sys=0.00, real=0.00 secs] 
2014-07-16T15:31:46.341+0000: 620.662: [GC [PSYoungGen: 143060K->1140K(140672K)] 290312K->148512K(827648K), 0.0037830 secs] [Times: user=0.02 sys=0.00, real=0.00 secs] 
2014-07-16T15:31:46.842+0000: 621.163: [GC [PSYoungGen: 140660K->744K(137856K)] 288032K->148172K(824832K), 0.0050490 secs] [Times: user=0.03 sys=0.00, real=0.00 secs] 
2014-07-16T15:31:47.342+0000: 621.663: [GC [PSYoungGen: 137793K->976K(165568K)] 285221K->148452K(852544K), 0.0074750 secs] [Times: user=0.04 sys=0.00, real=0.01 secs] 
2014-07-16T15:31:47.962+0000: 622.283: [GC [PSYoungGen: 165480K->1340K(162688K)] 312957K->149050K(849664K), 0.0045100 secs] [Times: user=0.03 sys=0.00, real=0.00 secs] 
2014-07-16T15:31:48.536+0000: 622.857: [GC [PSYoungGen: 162684K->1054K(194752K)] 310394K->148828K(881728K), 0.0065070 secs] [Times: user=0.03 sys=0.00, real=0.01 secs] 
2014-07-16T15:31:49.263+0000: 623.584: [GC [PSYoungGen: 194718K->822K(190400K)] 342492K->148692K(877376K), 0.0044500 secs] [Times: user=0.03 sys=0.00, real=0.01 secs] 
2014-07-16T15:31:50.007+0000: 624.329: [GC [PSYoungGen: 190390K->1592K(187200K)] 338260K->149642K(874176K), 0.0058430 secs] [Times: user=0.03 sys=0.00, real=0.00 secs] 
2014-07-16T15:31:50.643+0000: 624.964: [GC [PSYoungGen: 187143K->830K(182592K)] 335194K->149257K(869568K), 0.0036900 secs] [Times: user=0.01 sys=0.00, real=0.00 secs] 
2014-07-16T15:31:51.281+0000: 625.602: [GC [PSYoungGen: 182588K->1294K(179392K)] 331014K->149851K(866368K), 0.0050030 secs] [Times: user=0.03 sys=0.00, real=0.00 secs] 
2014-07-16T15:31:51.944+0000: 626.266: [GC [PSYoungGen: 179338K->1004K(175488K)] 327895K->149949K(862464K), 0.0061840 secs] [Times: user=0.04 sys=0.00, real=0.01 secs] 
2014-07-16T15:31:52.585+0000: 626.906: [GC [PSYoungGen: 175449K->922K(171904K)] 324394K->149963K(858880K), 0.0049360 secs] [Times: user=0.03 sys=0.00, real=0.01 secs] 
2014-07-16T15:31:53.191+0000: 627.512: [GC [PSYoungGen: 171866K->990K(168576K)] 320907K->150095K(855552K), 0.0033610 secs] [Times: user=0.02 sys=0.00, real=0.00 secs] 
2014-07-16T15:31:53.795+0000: 628.117: [GC [PSYoungGen: 168533K->1576K(165888K)] 317638K->150737K(852864K), 0.0058930 secs] [Times: user=0.04 sys=0.00, real=0.01 secs] 
2014-07-16T15:31:54.392+0000: 628.714: [GC [PSYoungGen: 165864K->620K(161792K)] 315025K->150337K(848768K), 0.0061860 secs] [Times: user=0.04 sys=0.00, real=0.01 secs] 
2014-07-16T15:31:55.009+0000: 629.330: [GC [PSYoungGen: 161772K->1054K(159168K)] 311489K->150851K(846144K), 0.0052130 secs] [Times: user=0.03 sys=0.00, real=0.00 secs] 
2014-07-16T15:31:55.565+0000: 629.886: [GC [PSYoungGen: 159134K->876K(156032K)] 308931K->150951K(843008K), 0.0032590 secs] [Times: user=0.02 sys=0.00, real=0.01 secs] 
2014-07-16T15:31:56.128+0000: 630.450: [GC [PSYoungGen: 156012K->1358K(153664K)] 306087K->151521K(840640K), 0.0077240 secs] [Times: user=0.05 sys=0.00, real=0.00 secs] 
2014-07-16T15:31:56.671+0000: 630.992: [GC [PSYoungGen: 153614K->1044K(150528K)] 303777K->151279K(837504K), 0.0047400 secs] [Times: user=0.03 sys=0.00, real=0.00 secs] 
2014-07-16T15:31:57.224+0000: 631.546: [GC [PSYoungGen: 150484K->858K(147648K)] 300719K->151173K(834624K), 0.0057990 secs] [Times: user=0.04 sys=0.00, real=0.01 secs] 
2014-07-16T15:31:57.761+0000: 632.083: [GC [PSYoungGen: 147604K->1072K(145216K)] 297919K->151459K(832192K), 0.0035880 secs] [Times: user=0.01 sys=0.00, real=0.00 secs] 
2014-07-16T15:31:58.301+0000: 632.622: [GC [PSYoungGen: 145200K->1128K(142720K)] 295587K->151579K(829696K), 0.0053490 secs] [Times: user=0.02 sys=0.00, real=0.00 secs] 
2014-07-16T15:31:58.867+0000: 633.188: [GC [PSYoungGen: 142671K->1002K(170944K)] 293122K->151950K(857920K), 0.0125310 secs] [Times: user=0.09 sys=0.00, real=0.02 secs] 
2014-07-16T15:31:59.438+0000: 633.760: [GC [PSYoungGen: 170922K->740K(204608K)] 321870K->151802K(891584K), 0.0046440 secs] [Times: user=0.03 sys=0.01, real=0.00 secs] 
2014-07-16T15:32:00.179+0000: 634.500: [GC [PSYoungGen: 203684K->812K(205568K)] 354746K->152004K(892544K), 0.0084610 secs] [Times: user=0.05 sys=0.00, real=0.00 secs] 
2014-07-16T15:32:00.896+0000: 635.217: [GC [PSYoungGen: 204674K->1368K(205568K)] 355867K->152640K(892544K), 0.0088070 secs] [Times: user=0.04 sys=0.00, real=0.01 secs] 
2014-07-16T15:32:01.630+0000: 635.951: [GC [PSYoungGen: 205272K->812K(200256K)] 356544K->152148K(887232K), 0.0033750 secs] [Times: user=0.02 sys=0.00, real=0.00 secs] 
2014-07-16T15:32:02.355+0000: 636.676: [GC [PSYoungGen: 200204K->1108K(196288K)] 351541K->152564K(883264K), 0.0055240 secs] [Times: user=0.03 sys=0.01, real=0.01 secs] 
2014-07-16T15:32:03.062+0000: 637.384: [GC [PSYoungGen: 196244K->1254K(192256K)] 347700K->152750K(879232K), 0.0070020 secs] [Times: user=0.02 sys=0.01, real=0.01 secs] 
2014-07-16T15:32:03.735+0000: 638.057: [GC [PSYoungGen: 192230K->862K(187840K)] 343726K->152438K(874816K), 0.0053830 secs] [Times: user=0.03 sys=0.00, real=0.01 secs] 
2014-07-16T15:32:04.420+0000: 638.742: [GC [PSYoungGen: 187806K->1072K(184128K)] 339382K->152728K(871104K), 0.0045900 secs] [Times: user=0.03 sys=0.00, real=0.00 secs] 
2014-07-16T15:32:05.117+0000: 639.438: [GC [PSYoungGen: 184112K->918K(180224K)] 335768K->152686K(867200K), 0.0044440 secs] [Times: user=0.02 sys=0.00, real=0.01 secs] 
2014-07-16T15:32:05.765+0000: 640.087: [GC [PSYoungGen: 180154K->1160K(176832K)] 331922K->153132K(863808K), 0.0068750 secs] [Times: user=0.04 sys=0.00, real=0.01 secs] 
2014-07-16T15:32:06.383+0000: 640.704: [GC [PSYoungGen: 176755K->990K(173120K)] 328728K->153034K(860096K), 0.0038570 secs] [Times: user=0.01 sys=0.00, real=0.00 secs] 
2014-07-16T15:32:07.002+0000: 641.323: [GC [PSYoungGen: 173086K->904K(169664K)] 325130K->153028K(856640K), 0.0058120 secs] [Times: user=0.04 sys=0.00, real=0.00 secs] 
2014-07-16T15:32:07.628+0000: 641.950: [GC [PSYoungGen: 169569K->1018K(166400K)] 321693K->153222K(853376K), 0.0030880 secs] [Times: user=0.02 sys=0.00, real=0.01 secs] 
2014-07-16T15:32:08.207+0000: 642.528: [GC [PSYoungGen: 166394K->776K(163008K)] 318598K->153068K(849984K), 0.0054430 secs] [Times: user=0.03 sys=0.00, real=0.01 secs] 
2014-07-16T15:32:08.823+0000: 643.144: [GC [PSYoungGen: 162952K->1464K(160576K)] 315244K->153884K(847552K), 0.0034800 secs] [Times: user=0.02 sys=0.00, real=0.00 secs] 
2014-07-16T15:32:09.357+0000: 643.679: [GC [PSYoungGen: 160568K->694K(156800K)] 312988K->153300K(843776K), 0.0040560 secs] [Times: user=0.02 sys=0.01, real=0.01 secs] 
2014-07-16T15:32:09.994+0000: 644.315: [GC [PSYoungGen: 156790K->762K(153920K)] 309396K->153508K(840896K), 0.0065900 secs] [Times: user=0.02 sys=0.00, real=0.01 secs] 
2014-07-16T15:32:10.505+0000: 644.826: [GC [PSYoungGen: 153914K->748K(151104K)] 306660K->153550K(838080K), 0.0047790 secs] [Times: user=0.02 sys=0.00, real=0.00 secs] 
2014-07-16T15:32:11.060+0000: 645.381: [GC [PSYoungGen: 151039K->1008K(148608K)] 303842K->153906K(835584K), 0.0066170 secs] [Times: user=0.05 sys=0.00, real=0.01 secs] 
2014-07-16T15:32:11.582+0000: 645.904: [GC [PSYoungGen: 148592K->858K(178048K)] 301490K->153860K(865024K), 0.0076790 secs] [Times: user=0.04 sys=0.00, real=0.01 secs] 
2014-07-16T15:32:12.213+0000: 646.534: [GC [PSYoungGen: 178010K->658K(213312K)] 331012K->153724K(900288K), 0.0080880 secs] [Times: user=0.02 sys=0.01, real=0.01 secs] 
2014-07-16T15:32:12.973+0000: 647.294: [GC [PSYoungGen: 213265K->1094K(208960K)] 366331K->154232K(895936K), 0.0050010 secs] [Times: user=0.03 sys=0.00, real=0.00 secs] 
2014-07-16T15:32:13.716+0000: 648.038: [GC [PSYoungGen: 208902K->1008K(204224K)] 362040K->154218K(891200K), 0.0076060 secs] [Times: user=0.04 sys=0.00, real=0.01 secs] 
2014-07-16T15:32:14.444+0000: 648.765: [GC [PSYoungGen: 204204K->948K(199744K)] 357414K->154460K(886720K), 0.0059180 secs] [Times: user=0.03 sys=0.00, real=0.00 secs] 
2014-07-16T15:32:15.182+0000: 649.503: [GC [PSYoungGen: 199732K->886K(195392K)] 353244K->154478K(882368K), 0.0039710 secs] [Times: user=0.01 sys=0.00, real=0.00 secs] 
2014-07-16T15:32:15.878+0000: 650.200: [GC [PSYoungGen: 195382K->612K(190976K)] 348974K->154276K(877952K), 0.0038810 secs] [Times: user=0.02 sys=0.00, real=0.01 secs] 
2014-07-16T15:32:16.569+0000: 650.890: [GC [PSYoungGen: 190948K->1136K(187456K)] 344612K->154872K(874432K), 0.0034950 secs] [Times: user=0.02 sys=0.00, real=0.01 secs] 
2014-07-16T15:32:17.237+0000: 651.558: [GC [PSYoungGen: 187440K->790K(183232K)] 341176K->154606K(870208K), 0.0059920 secs] [Times: user=0.04 sys=0.00, real=0.01 secs] 
2014-07-16T15:32:17.894+0000: 652.215: [GC [PSYoungGen: 183190K->936K(179584K)] 337006K->154848K(866560K), 0.0048130 secs] [Times: user=0.03 sys=0.00, real=0.00 secs] 
2014-07-16T15:32:18.554+0000: 652.875: [GC [PSYoungGen: 179560K->1000K(176000K)] 333472K->154984K(862976K), 0.0058520 secs] [Times: user=0.03 sys=0.01, real=0.00 secs] 
2014-07-16T15:32:19.209+0000: 653.531: [GC [PSYoungGen: 175976K->1010K(172480K)] 329960K->155098K(859456K), 0.0042110 secs] [Times: user=0.02 sys=0.01, real=0.01 secs] 
2014-07-16T15:32:19.938+0000: 654.259: [GC [PSYoungGen: 172444K->826K(168896K)] 326532K->155334K(855872K), 0.0048070 secs] [Times: user=0.02 sys=0.00, real=0.01 secs] 
2014-07-16T15:32:20.577+0000: 654.898: [GC [PSYoungGen: 168890K->1200K(166016K)] 323398K->155788K(852992K), 0.0040820 secs] [Times: user=0.02 sys=0.01, real=0.00 secs] 
2014-07-16T15:32:21.176+0000: 655.497: [GC [PSYoungGen: 165998K->940K(162560K)] 320587K->155806K(849536K), 0.0038810 secs] [Times: user=0.02 sys=0.00, real=0.00 secs] 
2014-07-16T15:32:21.746+0000: 656.067: [GC [PSYoungGen: 162540K->922K(159488K)] 317406K->155900K(846464K), 0.0041690 secs] [Times: user=0.03 sys=0.00, real=0.00 secs] 
2014-07-16T15:32:22.309+0000: 656.631: [GC [PSYoungGen: 159450K->762K(156288K)] 314428K->155812K(843264K), 0.0040600 secs] [Times: user=0.02 sys=0.00, real=0.01 secs] 
2014-07-16T15:32:22.868+0000: 657.189: [GC [PSYoungGen: 156244K->1476K(154176K)] 311295K->156599K(841152K), 0.0043190 secs] [Times: user=0.03 sys=0.00, real=0.01 secs] 
2014-07-16T15:32:23.407+0000: 657.728: [GC [PSYoungGen: 154077K->816K(150656K)] 309200K->156256K(837632K), 0.0059380 secs] [Times: user=0.02 sys=0.01, real=0.01 secs] 
2014-07-16T15:32:23.946+0000: 658.267: [GC [PSYoungGen: 150640K->1394K(148480K)] 306080K->156874K(835456K), 0.0042290 secs] [Times: user=0.01 sys=0.00, real=0.00 secs] 
2014-07-16T15:32:24.471+0000: 658.793: [GC [PSYoungGen: 148466K->812K(145280K)] 303946K->156546K(832256K), 0.0089050 secs] [Times: user=0.06 sys=0.00, real=0.01 secs] 
2014-07-16T15:32:25.046+0000: 659.367: [GC [PSYoungGen: 145260K->918K(142848K)] 300994K->156740K(829824K), 0.0056780 secs] [Times: user=0.03 sys=0.00, real=0.00 secs] 
2014-07-16T15:32:25.489+0000: 659.810: [GC [PSYoungGen: 142806K->1286K(140736K)] 298628K->157196K(827712K), 0.0047310 secs] [Times: user=0.03 sys=0.00, real=0.01 secs] 
2014-07-16T15:32:25.994+0000: 660.315: [GC [PSYoungGen: 140678K->694K(168000K)] 296588K->156652K(854976K), 0.0109710 secs] [Times: user=0.06 sys=0.00, real=0.01 secs] 
2014-07-16T15:32:26.597+0000: 660.919: [GC [PSYoungGen: 167976K->1108K(201920K)] 323934K->157138K(888896K), 0.0031260 secs] [Times: user=0.01 sys=0.00, real=0.00 secs] 
2014-07-16T15:32:27.332+0000: 661.654: [GC [PSYoungGen: 201876K->976K(197440K)] 357906K->157070K(884416K), 0.0042980 secs] [Times: user=0.02 sys=0.00, real=0.01 secs] 
2014-07-16T15:32:28.049+0000: 662.370: [GC [PSYoungGen: 197392K->1212K(193408K)] 353486K->157770K(880384K), 0.0038690 secs] [Times: user=0.02 sys=0.00, real=0.00 secs] 
2014-07-16T15:32:28.740+0000: 663.061: [GC [PSYoungGen: 193386K->1608K(189760K)] 349944K->158246K(876736K), 0.0059020 secs] [Times: user=0.03 sys=0.00, real=0.01 secs] 
2014-07-16T15:32:29.432+0000: 663.754: [GC [PSYoungGen: 189704K->762K(184960K)] 346342K->157758K(871936K), 0.0067780 secs] [Times: user=0.04 sys=0.00, real=0.01 secs] 
2014-07-16T15:32:30.141+0000: 664.463: [GC [PSYoungGen: 184954K->1154K(181632K)] 341950K->158214K(868608K), 0.0058940 secs] [Times: user=0.03 sys=0.00, real=0.01 secs] 
2014-07-16T15:32:30.784+0000: 665.105: [GC [PSYoungGen: 181570K->1422K(178176K)] 338630K->158670K(865152K), 0.0052890 secs] [Times: user=0.03 sys=0.00, real=0.00 secs] 
2014-07-16T15:32:31.447+0000: 665.769: [GC [PSYoungGen: 178126K->1264K(174400K)] 335374K->158576K(861376K), 0.0054940 secs] [Times: user=0.03 sys=0.00, real=0.00 secs] 
2014-07-16T15:32:32.070+0000: 666.391: [GC [PSYoungGen: 174358K->876K(170560K)] 331671K->158334K(857536K), 0.0040800 secs] [Times: user=0.02 sys=0.01, real=0.01 secs] 
2014-07-16T15:32:32.698+0000: 667.019: [GC [PSYoungGen: 170540K->1446K(167808K)] 327998K->158976K(854784K), 0.0057530 secs] [Times: user=0.03 sys=0.00, real=0.01 secs] 
2014-07-16T15:32:33.302+0000: 667.623: [GC [PSYoungGen: 167782K->994K(164160K)] 325312K->158654K(851136K), 0.0061720 secs] [Times: user=0.04 sys=0.00, real=0.01 secs] 
2014-07-16T15:32:33.893+0000: 668.214: [GC [PSYoungGen: 164129K->990K(161024K)] 321789K->158746K(848000K), 0.0056850 secs] [Times: user=0.04 sys=0.00, real=0.01 secs] 
2014-07-16T15:32:34.463+0000: 668.785: [GC [PSYoungGen: 160990K->922K(157952K)] 318746K->158750K(844928K), 0.0033970 secs] [Times: user=0.01 sys=0.01, real=0.01 secs] 
2014-07-16T15:32:35.043+0000: 669.364: [GC [PSYoungGen: 157914K->1100K(155200K)] 315742K->159024K(842176K), 0.0063660 secs] [Times: user=0.04 sys=0.00, real=0.01 secs] 
2014-07-16T15:32:35.587+0000: 669.908: [GC [PSYoungGen: 155148K->740K(151936K)] 313072K->158728K(838912K), 0.0065820 secs] [Times: user=0.03 sys=0.00, real=0.00 secs] 
2014-07-16T15:32:36.129+0000: 670.450: [GC [PSYoungGen: 151881K->926K(149376K)] 309869K->158978K(836352K), 0.0059580 secs] [Times: user=0.03 sys=0.01, real=0.01 secs] 
2014-07-16T15:32:36.694+0000: 671.016: [GC [PSYoungGen: 149342K->1104K(146880K)] 307394K->159236K(833856K), 0.0062870 secs] [Times: user=0.04 sys=0.00, real=0.00 secs] 
2014-07-16T15:32:37.205+0000: 671.526: [GC [PSYoungGen: 146832K->1540K(144704K)] 304964K->159744K(831680K), 0.0030080 secs] [Times: user=0.01 sys=0.00, real=0.00 secs] 
2014-07-16T15:32:37.709+0000: 672.030: [GC [PSYoungGen: 144644K->502K(141120K)] 302848K->159172K(828096K), 0.0034780 secs] [Times: user=0.02 sys=0.00, real=0.00 secs] 
2014-07-16T15:32:38.212+0000: 672.534: [GC [PSYoungGen: 141110K->1076K(139264K)] 299780K->159802K(826240K), 0.0071310 secs] [Times: user=0.03 sys=0.01, real=0.01 secs] 
2014-07-16T15:32:38.718+0000: 673.040: [GC [PSYoungGen: 139232K->872K(166720K)] 297959K->159736K(853696K), 0.0061640 secs] [Times: user=0.03 sys=0.00, real=0.01 secs] 
2014-07-16T15:32:39.330+0000: 673.651: [GC [PSYoungGen: 166696K->1040K(200128K)] 325560K->159992K(887104K), 0.0071460 secs] [Times: user=0.04 sys=0.00, real=0.01 secs] 
2014-07-16T15:32:40.128+0000: 674.449: [GC [PSYoungGen: 200080K->1396K(196160K)] 359032K->160508K(883136K), 0.0055690 secs] [Times: user=0.03 sys=0.00, real=0.00 secs] 
2014-07-16T15:32:40.770+0000: 675.092: [GC [PSYoungGen: 196148K->1086K(191680K)] 355260K->160278K(878656K), 0.0045100 secs] [Times: user=0.03 sys=0.00, real=0.01 secs] 
2014-07-16T15:32:41.457+0000: 675.778: [GC [PSYoungGen: 191631K->966K(187584K)] 350823K->160214K(874560K), 0.0030400 secs] [Times: user=0.02 sys=0.00, real=0.00 secs] 
2014-07-16T15:32:42.142+0000: 676.464: [GC [PSYoungGen: 187526K->1022K(183680K)] 346774K->160342K(870656K), 0.0033500 secs] [Times: user=0.02 sys=0.00, real=0.01 secs] 
2014-07-16T15:32:42.794+0000: 677.116: [GC [PSYoungGen: 183678K->876K(179776K)] 342998K->160252K(866752K), 0.0073300 secs] [Times: user=0.04 sys=0.00, real=0.01 secs] 
2014-07-16T15:32:43.438+0000: 677.759: [GC [PSYoungGen: 179756K->772K(176064K)] 339132K->160212K(863040K), 0.0055510 secs] [Times: user=0.02 sys=0.00, real=0.00 secs] 
2014-07-16T15:32:44.075+0000: 678.397: [GC [PSYoungGen: 175960K->1086K(172800K)] 335400K->160606K(859776K), 0.0058170 secs] [Times: user=0.03 sys=0.00, real=0.00 secs] 
2014-07-16T15:32:44.688+0000: 679.010: [GC [PSYoungGen: 172798K->1026K(169408K)] 332318K->160626K(856384K), 0.0032720 secs] [Times: user=0.02 sys=0.00, real=0.00 secs] 
2014-07-16T15:32:45.326+0000: 679.648: [GC [PSYoungGen: 169346K->950K(166016K)] 328946K->160630K(852992K), 0.0063030 secs] [Times: user=0.03 sys=0.00, real=0.00 secs] 
2014-07-16T15:32:45.902+0000: 680.224: [GC [PSYoungGen: 166005K->958K(162816K)] 325686K->160726K(849792K), 0.0052530 secs] [Times: user=0.03 sys=0.00, real=0.01 secs] 
2014-07-16T15:32:46.497+0000: 680.818: [GC [PSYoungGen: 162813K->1058K(159872K)] 322582K->161122K(846848K), 0.0039270 secs] [Times: user=0.02 sys=0.00, real=0.00 secs] 
2014-07-16T15:32:47.076+0000: 681.397: [GC [PSYoungGen: 159842K->1356K(157184K)] 319906K->161500K(844160K), 0.0089130 secs] [Times: user=0.05 sys=0.00, real=0.01 secs] 
2014-07-16T15:32:47.625+0000: 681.946: [GC [PSYoungGen: 157132K->620K(153536K)] 317276K->161230K(840512K), 0.0051450 secs] [Times: user=0.02 sys=0.00, real=0.01 secs] 
2014-07-16T15:32:48.177+0000: 682.499: [GC [PSYoungGen: 153516K->758K(184256K)] 314126K->161408K(871232K), 0.0091500 secs] [Times: user=0.05 sys=0.01, real=0.01 secs] 
2014-07-16T15:32:48.878+0000: 683.200: [GC [PSYoungGen: 184246K->790K(202176K)] 344896K->161570K(889152K), 0.0065100 secs] [Times: user=0.04 sys=0.00, real=0.00 secs] 
2014-07-16T15:32:49.582+0000: 683.903: [GC [PSYoungGen: 201366K->1090K(197376K)] 362146K->161958K(884352K), 0.0048210 secs] [Times: user=0.03 sys=0.01, real=0.01 secs] 
2014-07-16T15:32:50.337+0000: 684.658: [GC [PSYoungGen: 197299K->498K(192512K)] 358167K->161682K(879488K), 0.0045500 secs] [Times: user=0.03 sys=0.00, real=0.00 secs] 
2014-07-16T15:32:50.999+0000: 685.320: [GC [PSYoungGen: 192498K->1254K(189184K)] 353682K->162502K(876160K), 0.0058570 secs] [Times: user=0.04 sys=0.00, real=0.00 secs] 
2014-07-16T15:32:51.721+0000: 686.042: [GC [PSYoungGen: 189158K->1326K(185344K)] 350406K->162810K(872320K), 0.0062290 secs] [Times: user=0.04 sys=0.00, real=0.01 secs] 
2014-07-16T15:32:52.395+0000: 686.716: [GC [PSYoungGen: 185292K->1222K(181504K)] 346777K->162770K(868480K), 0.0053350 secs] [Times: user=0.03 sys=0.00, real=0.01 secs] 
2014-07-16T15:32:53.081+0000: 687.402: [GC [PSYoungGen: 181446K->868K(177472K)] 342994K->162644K(864448K), 0.0034300 secs] [Times: user=0.02 sys=0.00, real=0.00 secs] 
2014-07-16T15:32:53.682+0000: 688.003: [GC [PSYoungGen: 177444K->1144K(174144K)] 339220K->163008K(861120K), 0.0047690 secs] [Times: user=0.03 sys=0.00, real=0.00 secs] 
2014-07-16T15:32:54.310+0000: 688.632: [GC [PSYoungGen: 174136K->1340K(170880K)] 336000K->163308K(857856K), 0.0038930 secs] [Times: user=0.03 sys=0.00, real=0.00 secs] 
2014-07-16T15:32:54.926+0000: 689.247: [GC [PSYoungGen: 170876K->758K(166976K)] 332844K->162782K(853952K), 0.0068980 secs] [Times: user=0.03 sys=0.00, real=0.01 secs] 
2014-07-16T15:32:55.578+0000: 689.900: [GC [PSYoungGen: 166942K->876K(163904K)] 328967K->162964K(850880K), 0.0095320 secs] [Times: user=0.06 sys=0.00, real=0.01 secs] 
2014-07-16T15:32:56.159+0000: 690.481: [GC [PSYoungGen: 163884K->1130K(161024K)] 325972K->163266K(848000K), 0.0061670 secs] [Times: user=0.04 sys=0.00, real=0.00 secs] 
2014-07-16T15:32:56.736+0000: 691.058: [GC [PSYoungGen: 161002K->808K(157696K)] 323138K->163032K(844672K), 0.0040790 secs] [Times: user=0.02 sys=0.00, real=0.01 secs] 
2014-07-16T15:32:57.300+0000: 691.621: [GC [PSYoungGen: 157644K->1294K(155264K)] 319869K->163590K(842240K), 0.0040780 secs] [Times: user=0.02 sys=0.00, real=0.00 secs] 
2014-07-16T15:32:57.868+0000: 692.189: [GC [PSYoungGen: 155214K->918K(152064K)] 317510K->163294K(839040K), 0.0063530 secs] [Times: user=0.02 sys=0.01, real=0.00 secs] 
2014-07-16T15:32:58.406+0000: 692.728: [GC [PSYoungGen: 152022K->958K(149312K)] 314398K->163390K(836288K), 0.0046460 secs] [Times: user=0.02 sys=0.01, real=0.01 secs] 
2014-07-16T15:32:58.947+0000: 693.268: [GC [PSYoungGen: 149310K->630K(146304K)] 311742K->163126K(833280K), 0.0038850 secs] [Times: user=0.02 sys=0.00, real=0.01 secs] 
2014-07-16T15:32:59.481+0000: 693.803: [GC [PSYoungGen: 146294K->968K(144064K)] 308790K->163552K(831040K), 0.0050560 secs] [Times: user=0.03 sys=0.00, real=0.00 secs] 
2014-07-16T15:33:00.006+0000: 694.328: [GC [PSYoungGen: 144008K->1022K(141568K)] 306592K->163694K(828544K), 0.0051740 secs] [Times: user=0.03 sys=0.00, real=0.01 secs] 
2014-07-16T15:33:00.542+0000: 694.864: [GC [PSYoungGen: 141566K->982K(139136K)] 304238K->163734K(826112K), 0.0036870 secs] [Times: user=0.01 sys=0.00, real=0.00 secs] 
2014-07-16T15:33:01.050+0000: 695.372: [GC [PSYoungGen: 139093K->754K(166528K)] 301846K->163546K(853504K), 0.0119160 secs] [Times: user=0.07 sys=0.00, real=0.01 secs] 
2014-07-16T15:33:01.654+0000: 695.976: [GC [PSYoungGen: 166514K->954K(190016K)] 329306K->163818K(876992K), 0.0162550 secs] [Times: user=0.10 sys=0.00, real=0.02 secs] 
2014-07-16T15:33:02.329+0000: 696.650: [GC [PSYoungGen: 189497K->1040K(200448K)] 352362K->163976K(887424K), 0.0071560 secs] [Times: user=0.05 sys=0.00, real=0.00 secs] 
2014-07-16T15:33:03.035+0000: 697.357: [GC [PSYoungGen: 200007K->844K(200384K)] 362943K->163828K(887360K), 0.0097450 secs] [Times: user=0.06 sys=0.00, real=0.01 secs] 
2014-07-16T15:33:03.791+0000: 698.113: [GC [PSYoungGen: 199820K->744K(240192K)] 362804K->163800K(927168K), 0.0062690 secs] [Times: user=0.04 sys=0.00, real=0.00 secs] 
2014-07-16T15:33:04.665+0000: 698.987: [GC [PSYoungGen: 239528K->1022K(240192K)] 402584K->164166K(927168K), 0.0056370 secs] [Times: user=0.04 sys=0.00, real=0.01 secs] 
2014-07-16T15:33:05.563+0000: 699.884: [GC [PSYoungGen: 239806K->994K(234112K)] 402950K->164186K(921088K), 0.0043030 secs] [Times: user=0.02 sys=0.00, real=0.00 secs] 
2014-07-16T15:33:06.373+0000: 700.694: [GC [PSYoungGen: 234082K->936K(228544K)] 397274K->164192K(915520K), 0.0045800 secs] [Times: user=0.02 sys=0.00, real=0.00 secs] 
2014-07-16T15:33:07.209+0000: 701.530: [GC [PSYoungGen: 228520K->740K(223040K)] 391776K->164118K(910016K), 0.0042500 secs] [Times: user=0.02 sys=0.00, real=0.00 secs] 
2014-07-16T15:33:07.991+0000: 702.312: [GC [PSYoungGen: 223012K->1258K(218432K)] 386390K->164780K(905408K), 0.0111870 secs] [Times: user=0.08 sys=0.00, real=0.01 secs] 
2014-07-16T15:33:08.782+0000: 703.104: [GC [PSYoungGen: 218395K->566K(212800K)] 381918K->164314K(899776K), 0.0041680 secs] [Times: user=0.02 sys=0.01, real=0.00 secs] 
2014-07-16T15:33:09.550+0000: 703.871: [GC [PSYoungGen: 212763K->1180K(208704K)] 376512K->164985K(895680K), 0.0072710 secs] [Times: user=0.04 sys=0.00, real=0.00 secs] 
2014-07-16T15:33:10.307+0000: 704.628: [GC [PSYoungGen: 208667K->680K(203584K)] 372472K->164582K(890560K), 0.0104070 secs] [Times: user=0.06 sys=0.00, real=0.01 secs] 
2014-07-16T15:33:11.094+0000: 705.415: [GC [PSYoungGen: 203560K->1054K(199552K)] 367462K->165052K(886528K), 0.0059280 secs] [Times: user=0.04 sys=0.00, real=0.01 secs] 
2014-07-16T15:33:11.788+0000: 706.109: [GC [PSYoungGen: 199460K->1210K(195392K)] 363459K->165280K(882368K), 0.0035160 secs] [Times: user=0.02 sys=0.00, real=0.01 secs] 
2014-07-16T15:33:12.500+0000: 706.821: [GC [PSYoungGen: 195386K->844K(190912K)] 359456K->165010K(877888K), 0.0070690 secs] [Times: user=0.04 sys=0.01, real=0.00 secs] 
2014-07-16T15:33:13.177+0000: 707.498: [GC [PSYoungGen: 190860K->998K(187072K)] 355026K->165390K(874048K), 0.0052500 secs] [Times: user=0.03 sys=0.00, real=0.01 secs] 
2014-07-16T15:33:13.848+0000: 708.169: [GC [PSYoungGen: 187046K->1194K(183424K)] 351438K->165651K(870400K), 0.0053430 secs] [Times: user=0.03 sys=0.00, real=0.01 secs] 
2014-07-16T15:33:14.531+0000: 708.852: [GC [PSYoungGen: 183357K->870K(179392K)] 347814K->166005K(866368K), 0.0055810 secs] [Times: user=0.04 sys=0.00, real=0.00 secs] 
2014-07-16T15:33:15.160+0000: 709.481: [GC [PSYoungGen: 179366K->908K(215168K)] 344501K->166115K(902144K), 0.0153760 secs] [Times: user=0.08 sys=0.00, real=0.02 secs] 
2014-07-16T15:33:15.941+0000: 710.262: [GC [PSYoungGen: 215115K->694K(257792K)] 380322K->166181K(944768K), 0.0041290 secs] [Times: user=0.02 sys=0.01, real=0.00 secs] 
2014-07-16T15:33:16.865+0000: 711.186: [GC [PSYoungGen: 257782K->1336K(280384K)] 423269K->166903K(967360K), 0.0100700 secs] [Times: user=0.06 sys=0.00, real=0.01 secs] 
2014-07-16T15:33:17.883+0000: 712.204: [GC [PSYoungGen: 280056K->908K(310336K)] 445623K->166539K(997312K), 0.0141020 secs] [Times: user=0.09 sys=0.00, real=0.01 secs] 
2014-07-16T15:33:18.992+0000: 713.313: [GC [PSYoungGen: 309506K->1122K(301376K)] 475137K->166841K(988352K), 0.0051910 secs] [Times: user=0.03 sys=0.00, real=0.00 secs] 
2014-07-16T15:33:20.076+0000: 714.397: [GC [PSYoungGen: 301346K->552K(292736K)] 467065K->166523K(979712K), 0.0103250 secs] [Times: user=0.06 sys=0.01, real=0.01 secs] 
2014-07-16T15:33:21.166+0000: 715.487: [GC [PSYoungGen: 292664K->1400K(285824K)] 458635K->167459K(972800K), 0.0053140 secs] [Times: user=0.03 sys=0.00, real=0.01 secs] 
2014-07-16T15:33:22.186+0000: 716.508: [GC [PSYoungGen: 285816K->1158K(278208K)] 451875K->167389K(965184K), 0.0065890 secs] [Times: user=0.04 sys=0.00, real=0.01 secs] 
2014-07-16T15:33:23.160+0000: 717.482: [GC [PSYoungGen: 278150K->858K(270720K)] 444381K->167153K(957696K), 0.0083160 secs] [Times: user=0.05 sys=0.00, real=0.01 secs] 
2014-07-16T15:33:24.164+0000: 718.485: [GC [PSYoungGen: 270668K->1276K(264256K)] 436963K->167763K(951232K), 0.0035500 secs] [Times: user=0.01 sys=0.00, real=0.00 secs] 
2014-07-16T15:33:25.108+0000: 719.430: [GC [PSYoungGen: 264185K->1108K(257536K)] 430672K->167667K(944512K), 0.0060500 secs] [Times: user=0.04 sys=0.00, real=0.01 secs] 
2014-07-16T15:33:26.055+0000: 720.376: [GC [PSYoungGen: 257492K->1186K(251264K)] 424051K->167867K(938240K), 0.0037340 secs] [Times: user=0.02 sys=0.00, real=0.00 secs] 
2014-07-16T15:33:26.943+0000: 721.264: [GC [PSYoungGen: 251225K->1372K(245312K)] 417906K->168117K(932288K), 0.0062440 secs] [Times: user=0.04 sys=0.00, real=0.00 secs] 
2014-07-16T15:33:27.820+0000: 722.141: [GC [PSYoungGen: 245276K->752K(238784K)] 412021K->167657K(925760K), 0.0033780 secs] [Times: user=0.02 sys=0.00, real=0.01 secs] 
2014-07-16T15:33:28.676+0000: 722.997: [GC [PSYoungGen: 238768K->958K(233280K)] 405673K->167943K(920256K), 0.0061850 secs] [Times: user=0.04 sys=0.00, real=0.01 secs] 
2014-07-16T15:33:29.526+0000: 723.847: [GC [PSYoungGen: 233278K->900K(227776K)] 400263K->168015K(914752K), 0.0037100 secs] [Times: user=0.02 sys=0.01, real=0.00 secs] 
2014-07-16T15:33:30.347+0000: 724.668: [GC [PSYoungGen: 227692K->950K(222528K)] 394807K->168153K(909504K), 0.0087160 secs] [Times: user=0.04 sys=0.00, real=0.01 secs] 
2014-07-16T15:33:31.160+0000: 725.482: [GC [PSYoungGen: 222518K->694K(217152K)] 389721K->167953K(904128K), 0.0072370 secs] [Times: user=0.04 sys=0.00, real=0.01 secs] 
2014-07-16T15:33:31.940+0000: 726.261: [GC [PSYoungGen: 217093K->822K(212352K)] 384352K->168161K(899328K), 0.0063560 secs] [Times: user=0.03 sys=0.00, real=0.01 secs] 
2014-07-16T15:33:32.701+0000: 727.023: [GC [PSYoungGen: 212342K->876K(207680K)] 379681K->168311K(894656K), 0.0041560 secs] [Times: user=0.03 sys=0.00, real=0.01 secs] 
2014-07-16T15:33:33.448+0000: 727.769: [GC [PSYoungGen: 207660K->726K(203008K)] 375095K->168281K(889984K), 0.0041970 secs] [Times: user=0.03 sys=0.00, real=0.00 secs] 
2014-07-16T15:33:34.179+0000: 728.500: [GC [PSYoungGen: 202966K->1190K(199040K)] 370521K->168833K(886016K), 0.0034160 secs] [Times: user=0.02 sys=0.00, real=0.00 secs] 
2014-07-16T15:33:34.901+0000: 729.223: [GC [PSYoungGen: 199014K->1350K(194944K)] 366657K->169065K(881920K), 0.0061460 secs] [Times: user=0.03 sys=0.01, real=0.01 secs] 
2014-07-16T15:33:35.651+0000: 729.973: [GC [PSYoungGen: 194886K->630K(190080K)] 362601K->168787K(877056K), 0.0043360 secs] [Times: user=0.03 sys=0.00, real=0.01 secs] 
2014-07-16T15:33:36.355+0000: 730.677: [GC [PSYoungGen: 190070K->1572K(187072K)] 358227K->169809K(874048K), 0.0111390 secs] [Times: user=0.07 sys=0.00, real=0.01 secs] 
2014-07-16T15:33:37.018+0000: 731.339: [GC [PSYoungGen: 187044K->1012K(182656K)] 355281K->169737K(869632K), 0.0086920 secs] [Times: user=0.06 sys=0.00, real=0.01 secs] 
2014-07-16T15:33:37.700+0000: 732.022: [GC [PSYoungGen: 182604K->1086K(179008K)] 351330K->169875K(865984K), 0.0064320 secs] [Times: user=0.02 sys=0.00, real=0.01 secs] 
2014-07-16T15:33:38.321+0000: 732.642: [GC [PSYoungGen: 179006K->776K(175168K)] 347795K->169637K(862144K), 0.0064850 secs] [Times: user=0.04 sys=0.00, real=0.01 secs] 
2014-07-16T15:33:38.961+0000: 733.282: [GC [PSYoungGen: 175112K->812K(171712K)] 343973K->169737K(858688K), 0.0052640 secs] [Times: user=0.02 sys=0.00, real=0.01 secs] 
2014-07-16T15:33:39.573+0000: 733.894: [GC [PSYoungGen: 171691K->776K(168320K)] 340616K->169765K(855296K), 0.0059200 secs] [Times: user=0.04 sys=0.00, real=0.01 secs] 
2014-07-16T15:33:40.158+0000: 734.480: [GC [PSYoungGen: 168264K->1150K(165376K)] 337253K->170227K(852352K), 0.0034200 secs] [Times: user=0.02 sys=0.00, real=0.00 secs] 
2014-07-16T15:33:40.761+0000: 735.082: [GC [PSYoungGen: 165374K->1464K(162560K)] 334451K->170637K(849536K), 0.0062050 secs] [Times: user=0.04 sys=0.00, real=0.01 secs] 
2014-07-16T15:33:41.334+0000: 735.655: [GC [PSYoungGen: 162552K->1286K(159360K)] 331725K->170499K(846336K), 0.0046690 secs] [Times: user=0.02 sys=0.00, real=0.01 secs] 
2014-07-16T15:33:41.905+0000: 736.226: [GC [PSYoungGen: 159302K->758K(155840K)] 328515K->170067K(842816K), 0.0048450 secs] [Times: user=0.02 sys=0.00, real=0.00 secs] 
2014-07-16T15:33:42.454+0000: 736.776: [GC [PSYoungGen: 155803K->922K(153152K)] 325112K->170303K(840128K), 0.0065920 secs] [Times: user=0.04 sys=0.01, real=0.00 secs] 
2014-07-16T15:33:43.024+0000: 737.345: [GC [PSYoungGen: 153094K->1450K(184128K)] 322475K->170911K(871104K), 0.0075840 secs] [Times: user=0.05 sys=0.00, real=0.01 secs] 
2014-07-16T15:33:43.658+0000: 737.980: [GC [PSYoungGen: 184064K->644K(179584K)] 353525K->170169K(866560K), 0.0059090 secs] [Times: user=0.03 sys=0.00, real=0.01 secs] 
2014-07-16T15:33:44.309+0000: 738.630: [GC [PSYoungGen: 179486K->1254K(176512K)] 349011K->170859K(863488K), 0.0044570 secs] [Times: user=0.03 sys=0.00, real=0.00 secs] 
2014-07-16T15:33:44.936+0000: 739.257: [GC [PSYoungGen: 176486K->1180K(172928K)] 346091K->170833K(859904K), 0.0060840 secs] [Times: user=0.04 sys=0.00, real=0.00 secs] 
2014-07-16T15:33:45.582+0000: 739.903: [GC [PSYoungGen: 172892K->1158K(169536K)] 342545K->170875K(856512K), 0.0041000 secs] [Times: user=0.02 sys=0.00, real=0.01 secs] 
2014-07-16T15:33:46.237+0000: 740.558: [GC [PSYoungGen: 169459K->986K(166080K)] 339177K->170791K(853056K), 0.0061050 secs] [Times: user=0.03 sys=0.01, real=0.00 secs] 
2014-07-16T15:33:46.816+0000: 741.138: [GC [PSYoungGen: 166031K->1068K(162944K)] 335836K->170969K(849920K), 0.0037960 secs] [Times: user=0.02 sys=0.00, real=0.00 secs] 
2014-07-16T15:33:47.432+0000: 741.753: [GC [PSYoungGen: 162924K->1660K(160448K)] 332825K->171657K(847424K), 0.0068040 secs] [Times: user=0.03 sys=0.00, real=0.01 secs] 
2014-07-16T15:33:48.007+0000: 742.328: [GC [PSYoungGen: 160415K->616K(156416K)] 330413K->170789K(843392K), 0.0033130 secs] [Times: user=0.02 sys=0.00, real=0.00 secs] 
2014-07-16T15:33:48.565+0000: 742.886: [GC [PSYoungGen: 156392K->1114K(154048K)] 326565K->171367K(841024K), 0.0052890 secs] [Times: user=0.03 sys=0.00, real=0.01 secs] 
2014-07-16T15:33:49.121+0000: 743.442: [GC [PSYoungGen: 154010K->1004K(151104K)] 324263K->171329K(838080K), 0.0073820 secs] [Times: user=0.05 sys=0.00, real=0.01 secs] 
2014-07-16T15:33:49.662+0000: 743.984: [GC [PSYoungGen: 151084K->1304K(148672K)] 321409K->171717K(835648K), 0.0067850 secs] [Times: user=0.04 sys=0.00, real=0.01 secs] 
2014-07-16T15:33:50.186+0000: 744.507: [GC [PSYoungGen: 148632K->1104K(177984K)] 319045K->171681K(864960K), 0.0072420 secs] [Times: user=0.04 sys=0.01, real=0.00 secs] 
2014-07-16T15:33:50.813+0000: 745.135: [GC [PSYoungGen: 177908K->1032K(174336K)] 348486K->171697K(861312K), 0.0047670 secs] [Times: user=0.03 sys=0.00, real=0.01 secs] 
2014-07-16T15:33:51.436+0000: 745.757: [GC [PSYoungGen: 174280K->1022K(208960K)] 344945K->171751K(895936K), 0.0070790 secs] [Times: user=0.04 sys=0.00, real=0.00 secs] 
2014-07-16T15:33:52.189+0000: 746.511: [GC [PSYoungGen: 208958K->1172K(204544K)] 379687K->172005K(891520K), 0.0062500 secs] [Times: user=0.03 sys=0.00, real=0.00 secs] 
2014-07-16T15:33:52.931+0000: 747.252: [GC [PSYoungGen: 204500K->836K(199744K)] 375333K->171757K(886720K), 0.0048170 secs] [Times: user=0.02 sys=0.00, real=0.00 secs] 
2014-07-16T15:33:53.672+0000: 747.993: [GC [PSYoungGen: 199684K->1568K(196160K)] 370605K->172593K(883136K), 0.0046490 secs] [Times: user=0.03 sys=0.01, real=0.01 secs] 
2014-07-16T15:33:54.362+0000: 748.684: [GC [PSYoungGen: 196128K->766K(191168K)] 367153K->172033K(878144K), 0.0043340 secs] [Times: user=0.02 sys=0.00, real=0.01 secs] 
2014-07-16T15:33:55.080+0000: 749.401: [GC [PSYoungGen: 191166K->1018K(187392K)] 362433K->172373K(874368K), 0.0051450 secs] [Times: user=0.03 sys=0.00, real=0.00 secs] 
2014-07-16T15:33:55.754+0000: 750.075: [GC [PSYoungGen: 187386K->1130K(183616K)] 358741K->172649K(870592K), 0.0061050 secs] [Times: user=0.03 sys=0.00, real=0.01 secs] 
2014-07-16T15:33:56.449+0000: 750.770: [GC [PSYoungGen: 183592K->1606K(180352K)] 355112K->173289K(867328K), 0.0040980 secs] [Times: user=0.01 sys=0.00, real=0.00 secs] 
2014-07-16T15:33:57.094+0000: 751.415: [GC [PSYoungGen: 180294K->552K(175616K)] 351977K->173007K(862592K), 0.0059260 secs] [Times: user=0.04 sys=0.00, real=0.01 secs] 
2014-07-16T15:33:57.740+0000: 752.061: [GC [PSYoungGen: 175552K->1090K(172672K)] 348007K->173601K(859648K), 0.0079440 secs] [Times: user=0.05 sys=0.00, real=0.01 secs] 
2014-07-16T15:33:58.367+0000: 752.688: [GC [PSYoungGen: 172610K->1082K(169216K)] 345121K->173847K(856192K), 0.0053300 secs] [Times: user=0.03 sys=0.00, real=0.00 secs] 
2014-07-16T15:33:58.964+0000: 753.285: [GC [PSYoungGen: 169210K->940K(165824K)] 341975K->173761K(852800K), 0.0056310 secs] [Times: user=0.03 sys=0.00, real=0.01 secs] 
2014-07-16T15:33:59.556+0000: 753.878: [GC [PSYoungGen: 165804K->940K(162624K)] 338625K->173809K(849600K), 0.0045230 secs] [Times: user=0.02 sys=0.00, real=0.01 secs] 
2014-07-16T15:34:00.160+0000: 754.481: [GC [PSYoungGen: 162604K->1432K(160064K)] 335473K->174389K(847040K), 0.0076610 secs] [Times: user=0.03 sys=0.00, real=0.01 secs] 
2014-07-16T15:34:00.741+0000: 755.062: [GC [PSYoungGen: 160024K->940K(156544K)] 332981K->174283K(843520K), 0.0062850 secs] [Times: user=0.04 sys=0.00, real=0.01 secs] 
2014-07-16T15:34:01.344+0000: 755.665: [GC [PSYoungGen: 156524K->1104K(153856K)] 329867K->174527K(840832K), 0.0033770 secs] [Times: user=0.01 sys=0.00, real=0.01 secs] 
2014-07-16T15:34:01.863+0000: 756.184: [GC [PSYoungGen: 153801K->1154K(151104K)] 327224K->174741K(838080K), 0.0052270 secs] [Times: user=0.01 sys=0.01, real=0.01 secs] 
2014-07-16T15:34:02.392+0000: 756.713: [GC [PSYoungGen: 151042K->594K(147776K)] 324629K->174245K(834752K), 0.0039230 secs] [Times: user=0.01 sys=0.00, real=0.00 secs] 
2014-07-16T15:34:02.931+0000: 757.252: [GC [PSYoungGen: 147730K->562K(145088K)] 321381K->174277K(832064K), 0.0058870 secs] [Times: user=0.04 sys=0.00, real=0.00 secs] 
2014-07-16T15:34:03.450+0000: 757.772: [GC [PSYoungGen: 145074K->1072K(143040K)] 318789K->174867K(830016K), 0.0041430 secs] [Times: user=0.02 sys=0.00, real=0.00 secs] 
2014-07-16T15:34:03.963+0000: 758.284: [GC [PSYoungGen: 143024K->908K(171328K)] 316819K->174767K(858304K), 0.0079140 secs] [Times: user=0.03 sys=0.00, real=0.01 secs] 
2014-07-16T15:34:04.576+0000: 758.897: [GC [PSYoungGen: 171276K->962K(205504K)] 345135K->174869K(892480K), 0.0077170 secs] [Times: user=0.03 sys=0.00, real=0.01 secs] 
2014-07-16T15:34:05.320+0000: 759.641: [GC [PSYoungGen: 205442K->1018K(201024K)] 379349K->174997K(888000K), 0.0061450 secs] [Times: user=0.03 sys=0.00, real=0.00 secs] 
2014-07-16T15:34:06.028+0000: 760.349: [GC [PSYoungGen: 201018K->1100K(196800K)] 374997K->175159K(883776K), 0.0054740 secs] [Times: user=0.03 sys=0.00, real=0.01 secs] 
2014-07-16T15:34:06.768+0000: 761.089: [GC [PSYoungGen: 196720K->904K(192448K)] 370780K->175059K(879424K), 0.0071540 secs] [Times: user=0.04 sys=0.00, real=0.01 secs] 
2014-07-16T15:34:07.452+0000: 761.773: [GC [PSYoungGen: 192392K->940K(188416K)] 366547K->175199K(875392K), 0.0042540 secs] [Times: user=0.02 sys=0.00, real=0.00 secs] 
2014-07-16T15:34:08.161+0000: 762.482: [GC [PSYoungGen: 188396K->876K(184448K)] 362655K->175183K(871424K), 0.0050460 secs] [Times: user=0.02 sys=0.01, real=0.00 secs] 
2014-07-16T15:34:08.793+0000: 763.114: [GC [PSYoungGen: 184428K->826K(180608K)] 358735K->175197K(867584K), 0.0069930 secs] [Times: user=0.05 sys=0.00, real=0.01 secs] 
2014-07-16T15:34:09.448+0000: 763.770: [GC [PSYoungGen: 180602K->950K(177088K)] 354973K->175401K(864064K), 0.0035430 secs] [Times: user=0.02 sys=0.00, real=0.00 secs] 
2014-07-16T15:34:10.088+0000: 764.410: [GC [PSYoungGen: 177071K->730K(173376K)] 351523K->175245K(860352K), 0.0057830 secs] [Times: user=0.03 sys=0.00, real=0.00 secs] 
2014-07-16T15:34:10.717+0000: 765.039: [GC [PSYoungGen: 173338K->748K(169920K)] 347853K->175327K(856896K), 0.0069630 secs] [Times: user=0.04 sys=0.00, real=0.01 secs] 
2014-07-16T15:34:11.394+0000: 765.715: [GC [PSYoungGen: 169900K->1076K(166912K)] 344479K->175696K(853888K), 0.0048950 secs] [Times: user=0.01 sys=0.00, real=0.01 secs] 
2014-07-16T15:34:11.959+0000: 766.280: [GC [PSYoungGen: 166860K->940K(163584K)] 341480K->175607K(850560K), 0.0053490 secs] [Times: user=0.04 sys=0.00, real=0.01 secs] 
2014-07-16T15:34:12.531+0000: 766.852: [GC [PSYoungGen: 163557K->1022K(160512K)] 338224K->175753K(847488K), 0.0049300 secs] [Times: user=0.02 sys=0.00, real=0.00 secs] 
2014-07-16T15:34:13.111+0000: 767.432: [GC [PSYoungGen: 160465K->752K(157248K)] 335196K->176102K(844224K), 0.0068770 secs] [Times: user=0.03 sys=0.00, real=0.00 secs] 
2014-07-16T15:34:13.652+0000: 767.973: [GC [PSYoungGen: 157232K->1462K(155008K)] 332582K->177100K(841984K), 0.0046030 secs] [Times: user=0.02 sys=0.00, real=0.00 secs] 
2014-07-16T15:34:14.201+0000: 768.522: [GC [PSYoungGen: 154996K->762K(151488K)] 330634K->176722K(838464K), 0.0059250 secs] [Times: user=0.04 sys=0.00, real=0.00 secs] 
2014-07-16T15:34:14.761+0000: 769.082: [GC [PSYoungGen: 151482K->1108K(182016K)] 327442K->177116K(868992K), 0.0083560 secs] [Times: user=0.05 sys=0.00, real=0.01 secs] 
2014-07-16T15:34:15.410+0000: 769.732: [GC [PSYoungGen: 181972K->680K(177856K)] 357980K->176752K(864832K), 0.0037370 secs] [Times: user=0.02 sys=0.00, real=0.00 secs] 
2014-07-16T15:34:16.058+0000: 770.379: [GC [PSYoungGen: 177832K->940K(174528K)] 353904K->177100K(861504K), 0.0045630 secs] [Times: user=0.03 sys=0.00, real=0.01 secs] 
2014-07-16T15:34:16.704+0000: 771.025: [GC [PSYoungGen: 174508K->1122K(171264K)] 350668K->177346K(858240K), 0.0073460 secs] [Times: user=0.05 sys=0.00, real=0.01 secs] 
2014-07-16T15:34:17.330+0000: 771.651: [GC [PSYoungGen: 171234K->972K(167808K)] 347458K->177292K(854784K), 0.0059430 secs] [Times: user=0.04 sys=0.01, real=0.00 secs] 
2014-07-16T15:34:17.950+0000: 772.272: [GC [PSYoungGen: 167756K->1084K(201280K)] 344076K->177588K(888256K), 0.0087690 secs] [Times: user=0.05 sys=0.01, real=0.01 secs] 
2014-07-16T15:34:18.693+0000: 773.014: [GC [PSYoungGen: 201276K->1518K(197376K)] 377780K->178094K(884352K), 0.0054840 secs] [Times: user=0.03 sys=0.00, real=0.00 secs] 
2014-07-16T15:34:19.403+0000: 773.724: [GC [PSYoungGen: 197358K->634K(192256K)] 373934K->177736K(879232K), 0.0057830 secs] [Times: user=0.04 sys=0.00, real=0.00 secs] 
2014-07-16T15:34:20.096+0000: 774.417: [GC [PSYoungGen: 192236K->1172K(188800K)] 369338K->178354K(875776K), 0.0059520 secs] [Times: user=0.03 sys=0.01, real=0.01 secs] 
2014-07-16T15:34:20.774+0000: 775.095: [GC [PSYoungGen: 188756K->894K(184576K)] 365938K->178172K(871552K), 0.0029690 secs] [Times: user=0.02 sys=0.00, real=0.00 secs] 
2014-07-16T15:34:21.484+0000: 775.806: [GC [PSYoungGen: 184574K->1584K(181504K)] 361852K->178976K(868480K), 0.0062630 secs] [Times: user=0.03 sys=0.00, real=0.01 secs] 
2014-07-16T15:34:22.105+0000: 776.427: [GC [PSYoungGen: 181444K->752K(177024K)] 358836K->178614K(864000K), 0.0068790 secs] [Times: user=0.05 sys=0.00, real=0.01 secs] 
2014-07-16T15:34:22.739+0000: 777.060: [GC [PSYoungGen: 177008K->698K(173440K)] 354870K->178600K(860416K), 0.0058060 secs] [Times: user=0.02 sys=0.00, real=0.01 secs] 
2014-07-16T15:34:23.366+0000: 777.688: [GC [PSYoungGen: 173426K->630K(169920K)] 351328K->178638K(856896K), 0.0050030 secs] [Times: user=0.03 sys=0.00, real=0.01 secs] 
2014-07-16T15:34:23.971+0000: 778.292: [GC [PSYoungGen: 169910K->1190K(204352K)] 347918K->179286K(891328K), 0.0135010 secs] [Times: user=0.07 sys=0.00, real=0.01 secs] 
2014-07-16T15:34:24.726+0000: 779.048: [GC [PSYoungGen: 204326K->1210K(244992K)] 382422K->179370K(931968K), 0.0061330 secs] [Times: user=0.03 sys=0.00, real=0.01 secs] 
2014-07-16T15:34:25.604+0000: 779.925: [GC [PSYoungGen: 244986K->644K(251072K)] 423146K->178852K(938048K), 0.0093220 secs] [Times: user=0.06 sys=0.00, real=0.01 secs] 
2014-07-16T15:34:26.551+0000: 780.872: [GC [PSYoungGen: 249988K->1530K(294272K)] 428196K->179818K(981248K), 0.0132080 secs] [Times: user=0.07 sys=0.00, real=0.02 secs] 
2014-07-16T15:34:27.579+0000: 781.900: [GC [PSYoungGen: 294007K->954K(285696K)] 472296K->179290K(972672K), 0.0054870 secs] [Times: user=0.02 sys=0.00, real=0.01 secs] 
2014-07-16T15:34:28.611+0000: 782.932: [GC [PSYoungGen: 285690K->918K(278272K)] 464026K->179326K(965248K), 0.0032440 secs] [Times: user=0.01 sys=0.01, real=0.00 secs] 
2014-07-16T15:34:29.634+0000: 783.956: [GC [PSYoungGen: 278203K->1250K(271424K)] 456612K->179738K(958400K), 0.0034220 secs] [Times: user=0.02 sys=0.00, real=0.00 secs] 
2014-07-16T15:34:30.607+0000: 784.928: [GC [PSYoungGen: 271394K->818K(264064K)] 449882K->179386K(951040K), 0.0071880 secs] [Times: user=0.04 sys=0.01, real=0.01 secs] 
2014-07-16T15:34:31.669+0000: 785.990: [GC [PSYoungGen: 264050K->1550K(258240K)] 442618K->180198K(945216K), 0.0075740 secs] [Times: user=0.04 sys=0.00, real=0.01 secs] 
2014-07-16T15:34:32.548+0000: 786.869: [GC [PSYoungGen: 258190K->1204K(251456K)] 436838K->179940K(938432K), 0.0093670 secs] [Times: user=0.05 sys=0.01, real=0.01 secs] 
2014-07-16T15:34:33.459+0000: 787.780: [GC [PSYoungGen: 251444K->1018K(245120K)] 430180K->179834K(932096K), 0.0073730 secs] [Times: user=0.05 sys=0.00, real=0.01 secs] 
2014-07-16T15:34:34.374+0000: 788.695: [GC [PSYoungGen: 245114K->1350K(239616K)] 423930K->180286K(926592K), 0.0048330 secs] [Times: user=0.03 sys=0.00, real=0.00 secs] 
2014-07-16T15:34:35.244+0000: 789.565: [GC [PSYoungGen: 239544K->1164K(233728K)] 418481K->180164K(920704K), 0.0087740 secs] [Times: user=0.06 sys=0.00, real=0.01 secs] 
2014-07-16T15:34:36.061+0000: 790.383: [GC [PSYoungGen: 233676K->1058K(228096K)] 412676K->180162K(915072K), 0.0061210 secs] [Times: user=0.03 sys=0.00, real=0.01 secs] 
2014-07-16T15:34:36.914+0000: 791.235: [GC [PSYoungGen: 228066K->986K(222720K)] 407170K->180178K(909696K), 0.0031490 secs] [Times: user=0.01 sys=0.00, real=0.00 secs] 
2014-07-16T15:34:37.699+0000: 792.021: [GC [PSYoungGen: 222682K->1404K(217984K)] 401874K->180676K(904960K), 0.0030190 secs] [Times: user=0.01 sys=0.01, real=0.01 secs] 
2014-07-16T15:34:38.494+0000: 792.816: [GC [PSYoungGen: 217952K->712K(212416K)] 397224K->180040K(899392K), 0.0060340 secs] [Times: user=0.03 sys=0.00, real=0.00 secs] 
2014-07-16T15:34:39.252+0000: 793.573: [GC [PSYoungGen: 212335K->1050K(208000K)] 391663K->180466K(894976K), 0.0079500 secs] [Times: user=0.05 sys=0.00, real=0.01 secs] 
2014-07-16T15:34:40.030+0000: 794.352: [GC [PSYoungGen: 207962K->918K(203328K)] 387378K->180390K(890304K), 0.0060170 secs] [Times: user=0.03 sys=0.01, real=0.01 secs] 
2014-07-16T15:34:40.764+0000: 795.085: [GC [PSYoungGen: 203243K->1250K(244160K)] 382715K->180770K(931136K), 0.0138980 secs] [Times: user=0.07 sys=0.00, real=0.01 secs] 
2014-07-16T15:34:41.636+0000: 795.958: [GC [PSYoungGen: 244075K->880K(237888K)] 423596K->180424K(924864K), 0.0050220 secs] [Times: user=0.02 sys=0.00, real=0.00 secs] 
2014-07-16T15:34:42.483+0000: 796.805: [GC [PSYoungGen: 237835K->812K(232192K)] 417380K->180412K(919168K), 0.0065230 secs] [Times: user=0.04 sys=0.00, real=0.00 secs] 
2014-07-16T15:34:43.311+0000: 797.632: [GC [PSYoungGen: 232140K->1240K(227200K)] 411741K->180920K(914176K), 0.0060290 secs] [Times: user=0.04 sys=0.00, real=0.01 secs] 
2014-07-16T15:34:44.124+0000: 798.445: [GC [PSYoungGen: 227160K->1258K(221952K)] 406840K->181058K(908928K), 0.0047060 secs] [Times: user=0.03 sys=0.00, real=0.00 secs] 
2014-07-16T15:34:44.920+0000: 799.241: [GC [PSYoungGen: 221930K->708K(216384K)] 401730K->180572K(903360K), 0.0055580 secs] [Times: user=0.03 sys=0.00, real=0.01 secs] 
2014-07-16T15:34:45.711+0000: 800.032: [GC [PSYoungGen: 216324K->1118K(211904K)] 396188K->181070K(898880K), 0.0050990 secs] [Times: user=0.03 sys=0.00, real=0.01 secs] 
2014-07-16T15:34:46.484+0000: 800.805: [GC [PSYoungGen: 211821K->944K(206976K)] 391773K->180984K(893952K), 0.0052500 secs] [Times: user=0.03 sys=0.01, real=0.00 secs] 
2014-07-16T15:34:47.348+0000: 801.670: [GC [PSYoungGen: 206960K->1354K(202880K)] 387000K->181490K(889856K), 0.0047010 secs] [Times: user=0.02 sys=0.00, real=0.00 secs] 
2014-07-16T15:34:48.060+0000: 802.382: [GC [PSYoungGen: 202826K->808K(197888K)] 382962K->181000K(884864K), 0.0046580 secs] [Times: user=0.03 sys=0.00, real=0.01 secs] 
2014-07-16T15:34:48.773+0000: 803.094: [GC [PSYoungGen: 197864K->908K(193792K)] 378056K->181164K(880768K), 0.0064420 secs] [Times: user=0.03 sys=0.01, real=0.01 secs] 
2014-07-16T15:34:49.487+0000: 803.809: [GC [PSYoungGen: 193740K->936K(189696K)] 373996K->181288K(876672K), 0.0049140 secs] [Times: user=0.03 sys=0.00, real=0.00 secs] 
2014-07-16T15:34:50.155+0000: 804.477: [GC [PSYoungGen: 189636K->644K(185472K)] 369988K->181044K(872448K), 0.0113570 secs] [Times: user=0.08 sys=0.00, real=0.01 secs] 
2014-07-16T15:34:50.797+0000: 805.119: [GC [PSYoungGen: 185410K->1358K(182336K)] 365811K->181854K(869312K), 0.0031140 secs] [Times: user=0.02 sys=0.00, real=0.00 secs] 
2014-07-16T15:34:51.462+0000: 805.784: [GC [PSYoungGen: 182286K->890K(178112K)] 362782K->181434K(865088K), 0.0059270 secs] [Times: user=0.02 sys=0.00, real=0.01 secs] 
2014-07-16T15:34:52.108+0000: 806.429: [GC [PSYoungGen: 178065K->808K(174464K)] 358610K->181416K(861440K), 0.0089070 secs] [Times: user=0.05 sys=0.00, real=0.01 secs] 
2014-07-16T15:34:52.725+0000: 807.046: [GC [PSYoungGen: 174440K->940K(171136K)] 355048K->181668K(858112K), 0.0051580 secs] [Times: user=0.03 sys=0.00, real=0.00 secs] 
2014-07-16T15:34:53.345+0000: 807.666: [GC [PSYoungGen: 171116K->890K(167744K)] 351844K->181722K(854720K), 0.0063710 secs] [Times: user=0.04 sys=0.00, real=0.01 secs] 
2014-07-16T15:34:53.939+0000: 808.260: [GC [PSYoungGen: 167704K->1340K(201600K)] 348537K->182344K(888576K), 0.0141330 secs] [Times: user=0.09 sys=0.00, real=0.01 secs] 
2014-07-16T15:34:54.665+0000: 808.986: [GC [PSYoungGen: 201591K->630K(240960K)] 382595K->181698K(927936K), 0.0036370 secs] [Times: user=0.01 sys=0.01, real=0.01 secs] 
2014-07-16T15:34:55.538+0000: 809.859: [GC [PSYoungGen: 240950K->612K(235200K)] 422018K->181760K(922176K), 0.0054200 secs] [Times: user=0.03 sys=0.00, real=0.00 secs] 
2014-07-16T15:34:56.398+0000: 810.719: [GC [PSYoungGen: 235172K->562K(229568K)] 416320K->181766K(916544K), 0.0058400 secs] [Times: user=0.03 sys=0.00, real=0.00 secs] 
2014-07-16T15:34:57.237+0000: 811.558: [GC [PSYoungGen: 229476K->872K(224512K)] 410680K->182172K(911488K), 0.0050170 secs] [Times: user=0.03 sys=0.00, real=0.00 secs] 
2014-07-16T15:34:58.073+0000: 812.394: [GC [PSYoungGen: 224488K->1136K(219584K)] 405788K->182484K(906560K), 0.0104960 secs] [Times: user=0.06 sys=0.00, real=0.01 secs] 
2014-07-16T15:34:58.836+0000: 813.158: [GC [PSYoungGen: 219522K->762K(262912K)] 400871K->182174K(949888K), 0.0133770 secs] [Times: user=0.08 sys=0.00, real=0.01 secs] 
2014-07-16T15:34:59.797+0000: 814.118: [GC [PSYoungGen: 262898K->1510K(267456K)] 444311K->183060K(954432K), 0.0079290 secs] [Times: user=0.04 sys=0.00, real=0.00 secs] 
2014-07-16T15:35:00.747+0000: 815.069: [GC [PSYoungGen: 267429K->972K(260224K)] 448979K->182602K(947200K), 0.0068750 secs] [Times: user=0.04 sys=0.00, real=0.00 secs] 
2014-07-16T15:35:01.684+0000: 816.005: [GC [PSYoungGen: 260171K->1122K(253888K)] 441802K->182816K(940864K), 0.0042340 secs] [Times: user=0.02 sys=0.01, real=0.01 secs] 
2014-07-16T15:35:02.619+0000: 816.940: [GC [PSYoungGen: 253858K->936K(247488K)] 435552K->182686K(934464K), 0.0044860 secs] [Times: user=0.02 sys=0.00, real=0.00 secs] 
2014-07-16T15:35:03.511+0000: 817.832: [GC [PSYoungGen: 247435K->804K(241344K)] 429186K->182666K(928320K), 0.0060470 secs] [Times: user=0.04 sys=0.00, real=0.01 secs] 
2014-07-16T15:35:04.371+0000: 818.693: [GC [PSYoungGen: 241316K->748K(235520K)] 423178K->182666K(922496K), 0.0036440 secs] [Times: user=0.01 sys=0.00, real=0.00 secs] 
2014-07-16T15:35:05.223+0000: 819.545: [GC [PSYoungGen: 235476K->1062K(230272K)] 417395K->183036K(917248K), 0.0059720 secs] [Times: user=0.04 sys=0.00, real=0.01 secs] 
2014-07-16T15:35:06.053+0000: 820.374: [GC [PSYoungGen: 230246K->1276K(225088K)] 412220K->183322K(912064K), 0.0058260 secs] [Times: user=0.04 sys=0.01, real=0.02 secs] 
2014-07-16T15:35:06.851+0000: 821.173: [GC [PSYoungGen: 225084K->904K(219584K)] 407130K->183022K(906560K), 0.0033880 secs] [Times: user=0.02 sys=0.00, real=0.00 secs] 
2014-07-16T15:35:07.669+0000: 821.991: [GC [PSYoungGen: 219528K->1016K(214656K)] 401646K->183306K(901632K), 0.0046770 secs] [Times: user=0.03 sys=0.01, real=0.00 secs] 
2014-07-16T15:35:08.462+0000: 822.783: [GC [PSYoungGen: 214591K->1208K(210048K)] 396881K->183562K(897024K), 0.0084420 secs] [Times: user=0.05 sys=0.00, real=0.01 secs] 
2014-07-16T15:35:09.227+0000: 823.548: [GC [PSYoungGen: 210040K->1022K(205184K)] 392394K->183498K(892160K), 0.0034060 secs] [Times: user=0.02 sys=0.00, real=0.00 secs] 
2014-07-16T15:35:09.978+0000: 824.299: [GC [PSYoungGen: 205182K->744K(200448K)] 387658K->183276K(887424K), 0.0036400 secs] [Times: user=0.02 sys=0.00, real=0.00 secs] 
2014-07-16T15:35:10.736+0000: 825.057: [GC [PSYoungGen: 200424K->1290K(196672K)] 382956K->183902K(883648K), 0.0035630 secs] [Times: user=0.02 sys=0.00, real=0.01 secs] 
2014-07-16T15:35:11.449+0000: 825.770: [GC [PSYoungGen: 196617K->964K(192192K)] 379230K->183664K(879168K), 0.0034070 secs] [Times: user=0.02 sys=0.00, real=0.00 secs] 
2014-07-16T15:35:12.187+0000: 826.509: [GC [PSYoungGen: 192132K->998K(188160K)] 374832K->184176K(875136K), 0.0070440 secs] [Times: user=0.04 sys=0.00, real=0.01 secs] 
2014-07-16T15:35:12.813+0000: 827.135: [GC [PSYoungGen: 188119K->644K(183936K)] 371298K->183910K(870912K), 0.0048790 secs] [Times: user=0.03 sys=0.00, real=0.01 secs] 
2014-07-16T15:35:13.474+0000: 827.795: [GC [PSYoungGen: 183876K->876K(180352K)] 367142K->184214K(867328K), 0.0060540 secs] [Times: user=0.04 sys=0.01, real=0.01 secs] 
2014-07-16T15:35:14.138+0000: 828.459: [GC [PSYoungGen: 180332K->1492K(177344K)] 363670K->184886K(864320K), 0.0093200 secs] [Times: user=0.06 sys=0.00, real=0.01 secs] 
2014-07-16T15:35:14.763+0000: 829.085: [GC [PSYoungGen: 177288K->602K(172928K)] 360683K->184036K(859904K), 0.0027810 secs] [Times: user=0.01 sys=0.01, real=0.00 secs] 
2014-07-16T15:35:15.377+0000: 829.698: [GC [PSYoungGen: 172890K->776K(169728K)] 356324K->184282K(856704K), 0.0060900 secs] [Times: user=0.04 sys=0.00, real=0.01 secs] 
2014-07-16T15:35:15.982+0000: 830.303: [GC [PSYoungGen: 169672K->862K(166464K)] 353178K->184432K(853440K), 0.0031010 secs] [Times: user=0.01 sys=0.00, real=0.00 secs] 
2014-07-16T15:35:16.589+0000: 830.910: [GC [PSYoungGen: 166430K->868K(163264K)] 350000K->184502K(850240K), 0.0062060 secs] [Times: user=0.03 sys=0.01, real=0.00 secs] 
2014-07-16T15:35:17.245+0000: 831.567: [GC [PSYoungGen: 163233K->1296K(160576K)] 346867K->185042K(847552K), 0.0042150 secs] [Times: user=0.03 sys=0.00, real=0.01 secs] 
2014-07-16T15:35:17.790+0000: 832.111: [GC [PSYoungGen: 160467K->1008K(157248K)] 344214K->184834K(844224K), 0.0045170 secs] [Times: user=0.02 sys=0.00, real=0.00 secs] 
2014-07-16T15:35:18.349+0000: 832.670: [GC [PSYoungGen: 157232K->1076K(154368K)] 341058K->184974K(841344K), 0.0048670 secs] [Times: user=0.03 sys=0.01, real=0.00 secs] 
2014-07-16T15:35:18.894+0000: 833.216: [GC [PSYoungGen: 154356K->644K(151168K)] 338254K->184622K(838144K), 0.0040410 secs] [Times: user=0.03 sys=0.00, real=0.00 secs] 
2014-07-16T15:35:19.447+0000: 833.769: [GC [PSYoungGen: 151108K->858K(148608K)] 335086K->184924K(835584K), 0.0051190 secs] [Times: user=0.03 sys=0.01, real=0.01 secs] 
2014-07-16T15:35:19.978+0000: 834.299: [GC [PSYoungGen: 148498K->922K(145984K)] 332565K->185060K(832960K), 0.0058930 secs] [Times: user=0.03 sys=0.00, real=0.01 secs] 
2014-07-16T15:35:20.522+0000: 834.843: [GC [PSYoungGen: 145946K->1386K(175488K)] 330084K->185630K(862464K), 0.0101490 secs] [Times: user=0.06 sys=0.00, real=0.01 secs] 
2014-07-16T15:35:21.133+0000: 835.454: [GC [PSYoungGen: 175438K->886K(209792K)] 359682K->185186K(896768K), 0.0062190 secs] [Times: user=0.03 sys=0.00, real=0.00 secs] 
2014-07-16T15:35:21.929+0000: 836.251: [GC [PSYoungGen: 209716K->890K(205120K)] 394017K->185270K(892096K), 0.0054790 secs] [Times: user=0.03 sys=0.01, real=0.00 secs] 
2014-07-16T15:35:22.696+0000: 837.017: [GC [PSYoungGen: 205083K->1086K(200832K)] 389464K->185562K(887808K), 0.0038310 secs] [Times: user=0.03 sys=0.00, real=0.01 secs] 
2014-07-16T15:35:23.404+0000: 837.726: [GC [PSYoungGen: 200830K->1122K(196544K)] 385306K->185686K(883520K), 0.0060860 secs] [Times: user=0.04 sys=0.00, real=0.01 secs] 
2014-07-16T15:35:24.136+0000: 838.458: [GC [PSYoungGen: 196514K->1024K(192256K)] 381078K->185652K(879232K), 0.0053190 secs] [Times: user=0.02 sys=0.00, real=0.01 secs] 
2014-07-16T15:35:24.854+0000: 839.175: [GC [PSYoungGen: 192212K->1072K(188288K)] 376841K->185844K(875264K), 0.0047830 secs] [Times: user=0.02 sys=0.00, real=0.00 secs] 
2014-07-16T15:35:25.507+0000: 839.828: [GC [PSYoungGen: 188237K->912K(184256K)] 373009K->185732K(871232K), 0.0058390 secs] [Times: user=0.03 sys=0.00, real=0.01 secs] 
2014-07-16T15:35:26.168+0000: 840.490: [GC [PSYoungGen: 184208K->826K(180352K)] 369028K->185834K(867328K), 0.0049190 secs] [Times: user=0.03 sys=0.00, real=0.01 secs] 
2014-07-16T15:35:26.822+0000: 841.143: [GC [PSYoungGen: 180341K->1004K(176896K)] 365349K->186084K(863872K), 0.0077950 secs] [Times: user=0.04 sys=0.00, real=0.00 secs] 
2014-07-16T15:35:27.521+0000: 841.843: [GC [PSYoungGen: 176819K->976K(173376K)] 361900K->186128K(860352K), 0.0036490 secs] [Times: user=0.02 sys=0.00, real=0.00 secs] 
2014-07-16T15:35:28.107+0000: 842.428: [GC [PSYoungGen: 173299K->926K(169920K)] 358452K->186142K(856896K), 0.0063180 secs] [Times: user=0.04 sys=0.00, real=0.01 secs] 
2014-07-16T15:35:28.720+0000: 843.042: [GC [PSYoungGen: 169869K->870K(166528K)] 355086K->186420K(853504K), 0.0034840 secs] [Times: user=0.02 sys=0.00, real=0.00 secs] 
2014-07-16T15:35:29.321+0000: 843.643: [GC [PSYoungGen: 166502K->1404K(163840K)] 352052K->187068K(850816K), 0.0075450 secs] [Times: user=0.04 sys=0.00, real=0.00 secs] 
2014-07-16T15:35:29.906+0000: 844.227: [GC [PSYoungGen: 163836K->548K(195520K)] 349500K->186844K(882496K), 0.0091680 secs] [Times: user=0.05 sys=0.00, real=0.01 secs] 
2014-07-16T15:35:30.603+0000: 844.925: [GC [PSYoungGen: 195492K->840K(191680K)] 381788K->187232K(878656K), 0.0035510 secs] [Times: user=0.01 sys=0.00, real=0.00 secs] 
2014-07-16T15:35:31.293+0000: 845.614: [GC [PSYoungGen: 191624K->890K(187648K)] 378016K->187552K(874624K), 0.0049720 secs] [Times: user=0.03 sys=0.01, real=0.00 secs] 
2014-07-16T15:35:31.966+0000: 846.287: [GC [PSYoungGen: 187642K->740K(183616K)] 374304K->187458K(870592K), 0.0078560 secs] [Times: user=0.05 sys=0.00, real=0.01 secs] 
2014-07-16T15:35:32.659+0000: 846.981: [GC [PSYoungGen: 183585K->626K(179712K)] 370304K->187400K(866688K), 0.0050080 secs] [Times: user=0.02 sys=0.00, real=0.01 secs] 
2014-07-16T15:35:33.290+0000: 847.612: [GC [PSYoungGen: 179698K->1022K(176448K)] 366472K->187884K(863424K), 0.0061250 secs] [Times: user=0.04 sys=0.01, real=0.01 secs] 
2014-07-16T15:35:33.937+0000: 848.259: [GC [PSYoungGen: 176354K->1012K(172928K)] 363217K->187923K(859904K), 0.0075610 secs] [Times: user=0.04 sys=0.00, real=0.01 secs] 
2014-07-16T15:35:34.568+0000: 848.889: [GC [PSYoungGen: 172916K->890K(169408K)] 359827K->187864K(856384K), 0.0036340 secs] [Times: user=0.02 sys=0.00, real=0.01 secs] 
2014-07-16T15:35:35.171+0000: 849.492: [GC [PSYoungGen: 169365K->726K(165952K)] 356340K->187788K(852928K), 0.0048690 secs] [Times: user=0.03 sys=0.01, real=0.01 secs] 
2014-07-16T15:35:35.774+0000: 850.095: [GC [PSYoungGen: 165910K->1086K(163072K)] 352972K->188252K(850048K), 0.0045740 secs] [Times: user=0.03 sys=0.01, real=0.00 secs] 
2014-07-16T15:35:36.362+0000: 850.683: [GC [PSYoungGen: 163070K->998K(159936K)] 350236K->188423K(846912K), 0.0052170 secs] [Times: user=0.03 sys=0.00, real=0.00 secs] 
2014-07-16T15:35:36.931+0000: 851.252: [GC [PSYoungGen: 159896K->762K(156672K)] 347321K->188243K(843648K), 0.0053250 secs] [Times: user=0.03 sys=0.00, real=0.01 secs] 
2014-07-16T15:35:37.551+0000: 851.872: [GC [PSYoungGen: 156666K->1330K(154368K)] 344147K->189047K(841344K), 0.0050300 secs] [Times: user=0.03 sys=0.00, real=0.01 secs] 
2014-07-16T15:35:38.064+0000: 852.386: [GC [PSYoungGen: 154354K->1160K(151424K)] 342071K->188925K(838400K), 0.0063530 secs] [Times: user=0.02 sys=0.00, real=0.00 secs] 
2014-07-16T15:35:38.590+0000: 852.911: [GC [PSYoungGen: 151368K->816K(148288K)] 339133K->188839K(835264K), 0.0027540 secs] [Times: user=0.01 sys=0.00, real=0.01 secs] 
2014-07-16T15:35:39.129+0000: 853.450: [GC [PSYoungGen: 148272K->740K(145600K)] 336295K->188835K(832576K), 0.0048060 secs] [Times: user=0.03 sys=0.00, real=0.01 secs] 
2014-07-16T15:35:39.647+0000: 853.969: [GC [PSYoungGen: 145572K->1012K(143296K)] 333667K->189195K(830272K), 0.0043240 secs] [Times: user=0.03 sys=0.00, real=0.00 secs] 
2014-07-16T15:35:40.185+0000: 854.506: [GC [PSYoungGen: 143284K->1054K(140864K)] 331467K->189317K(827840K), 0.0063800 secs] [Times: user=0.04 sys=0.00, real=0.00 secs] 
2014-07-16T15:35:40.681+0000: 855.002: [GC [PSYoungGen: 140830K->858K(168640K)] 329093K->189185K(855616K), 0.0074300 secs] [Times: user=0.05 sys=0.00, real=0.01 secs] 
2014-07-16T15:35:41.295+0000: 855.616: [GC [PSYoungGen: 168602K->1358K(165888K)] 356929K->189773K(852864K), 0.0054670 secs] [Times: user=0.03 sys=0.00, real=0.00 secs] 
2014-07-16T15:35:41.912+0000: 856.233: [GC [PSYoungGen: 165838K->680K(161984K)] 354253K->189279K(848960K), 0.0042420 secs] [Times: user=0.02 sys=0.00, real=0.01 secs] 
2014-07-16T15:35:42.552+0000: 856.873: [GC [PSYoungGen: 161960K->1106K(159360K)] 350559K->189777K(846336K), 0.0068800 secs] [Times: user=0.04 sys=0.00, real=0.01 secs] 
2014-07-16T15:35:43.092+0000: 857.413: [GC [PSYoungGen: 159314K->1122K(191040K)] 347985K->189873K(878016K), 0.0075950 secs] [Times: user=0.05 sys=0.00, real=0.01 secs] 
2014-07-16T15:35:43.800+0000: 858.121: [GC [PSYoungGen: 191010K->840K(228800K)] 379761K->189647K(915776K), 0.0071540 secs] [Times: user=0.04 sys=0.01, real=0.01 secs] 
2014-07-16T15:35:44.621+0000: 858.942: [GC [PSYoungGen: 228744K->780K(223424K)] 417551K->189651K(910400K), 0.0063050 secs] [Times: user=0.03 sys=0.00, real=0.01 secs] 
2014-07-16T15:35:45.407+0000: 859.729: [GC [PSYoungGen: 223372K->1044K(218560K)] 412243K->189979K(905536K), 0.0066530 secs] [Times: user=0.04 sys=0.00, real=0.01 secs] 
2014-07-16T15:35:46.192+0000: 860.513: [GC [PSYoungGen: 218516K->712K(213312K)] 407451K->189743K(900288K), 0.0057300 secs] [Times: user=0.03 sys=0.00, real=0.01 secs] 
2014-07-16T15:35:46.937+0000: 861.259: [GC [PSYoungGen: 213256K->1044K(208832K)] 402287K->190131K(895808K), 0.0080840 secs] [Times: user=0.04 sys=0.00, real=0.01 secs] 
2014-07-16T15:35:47.719+0000: 862.040: [GC [PSYoungGen: 208781K->1144K(204288K)] 397868K->190495K(891264K), 0.0054920 secs] [Times: user=0.03 sys=0.00, real=0.01 secs] 
2014-07-16T15:35:48.441+0000: 862.763: [GC [PSYoungGen: 204280K->1180K(199936K)] 393631K->190611K(886912K), 0.0038970 secs] [Times: user=0.02 sys=0.00, real=0.01 secs] 
2014-07-16T15:35:49.164+0000: 863.485: [GC [PSYoungGen: 199900K->684K(195136K)] 389331K->190147K(882112K), 0.0046460 secs] [Times: user=0.02 sys=0.00, real=0.00 secs] 
2014-07-16T15:35:49.865+0000: 864.186: [GC [PSYoungGen: 195116K->1050K(191360K)] 384579K->190585K(878336K), 0.0034530 secs] [Times: user=0.02 sys=0.00, real=0.00 secs] 
2014-07-16T15:35:50.567+0000: 864.889: [GC [PSYoungGen: 191321K->1464K(187712K)] 380857K->191207K(874688K), 0.0044890 secs] [Times: user=0.02 sys=0.00, real=0.00 secs] 
2014-07-16T15:35:51.237+0000: 865.559: [GC [PSYoungGen: 187678K->1372K(183744K)] 377421K->191187K(870720K), 0.0062800 secs] [Times: user=0.04 sys=0.01, real=0.00 secs] 
2014-07-16T15:35:51.915+0000: 866.236: [GC [PSYoungGen: 183708K->626K(179200K)] 373523K->190621K(866176K), 0.0049170 secs] [Times: user=0.04 sys=0.00, real=0.00 secs] 
2014-07-16T15:35:52.623+0000: 866.944: [GC [PSYoungGen: 179186K->1416K(176384K)] 369181K->191515K(863360K), 0.0065560 secs] [Times: user=0.04 sys=0.00, real=0.01 secs] 
2014-07-16T15:35:53.183+0000: 867.504: [GC [PSYoungGen: 176308K->912K(172352K)] 366408K->191091K(859328K), 0.0063450 secs] [Times: user=0.04 sys=0.00, real=0.01 secs] 
2014-07-16T15:35:53.810+0000: 868.131: [GC [PSYoungGen: 172304K->862K(168896K)] 362483K->191089K(855872K), 0.0061330 secs] [Times: user=0.03 sys=0.00, real=0.01 secs] 
2014-07-16T15:35:54.413+0000: 868.734: [GC [PSYoungGen: 168862K->886K(165632K)] 359089K->191201K(852608K), 0.0036470 secs] [Times: user=0.02 sys=0.00, real=0.01 secs] 
2014-07-16T15:35:55.013+0000: 869.334: [GC [PSYoungGen: 165598K->922K(162496K)] 355913K->191309K(849472K), 0.0040140 secs] [Times: user=0.02 sys=0.00, real=0.01 secs] 
2014-07-16T15:35:55.600+0000: 869.922: [GC [PSYoungGen: 162458K->740K(194624K)] 352845K->191207K(881600K), 0.0117900 secs] [Times: user=0.08 sys=0.00, real=0.01 secs] 
2014-07-16T15:35:56.305+0000: 870.627: [GC [PSYoungGen: 194596K->972K(190720K)] 385063K->191511K(877696K), 0.0060720 secs] [Times: user=0.03 sys=0.00, real=0.00 secs] 
2014-07-16T15:35:56.993+0000: 871.314: [GC [PSYoungGen: 190668K->1090K(228800K)] 381207K->191669K(915776K), 0.0118060 secs] [Times: user=0.07 sys=0.00, real=0.01 secs] 
2014-07-16T15:35:57.849+0000: 872.170: [GC [PSYoungGen: 228738K->1218K(223616K)] 419317K->191877K(910592K), 0.0047230 secs] [Times: user=0.02 sys=0.00, real=0.00 secs] 
2014-07-16T15:35:58.672+0000: 872.993: [GC [PSYoungGen: 223554K->830K(218048K)] 414213K->191729K(905024K), 0.0049010 secs] [Times: user=0.02 sys=0.00, real=0.01 secs] 
2014-07-16T15:35:59.429+0000: 873.750: [GC [PSYoungGen: 218027K->844K(213184K)] 408927K->191807K(900160K), 0.0063800 secs] [Times: user=0.03 sys=0.00, real=0.01 secs] 
2014-07-16T15:36:00.213+0000: 874.534: [GC [PSYoungGen: 213132K->1168K(208768K)] 404095K->192353K(895744K), 0.0065990 secs] [Times: user=0.03 sys=0.00, real=0.01 secs] 
2014-07-16T15:36:00.957+0000: 875.278: [GC [PSYoungGen: 208720K->1218K(204224K)] 399905K->192483K(891200K), 0.0051610 secs] [Times: user=0.03 sys=0.01, real=0.00 secs] 
2014-07-16T15:36:01.680+0000: 876.002: [GC [PSYoungGen: 204162K->634K(199168K)] 395427K->192469K(886144K), 0.0061000 secs] [Times: user=0.04 sys=0.00, real=0.01 secs] 
2014-07-16T15:36:02.407+0000: 876.729: [GC [PSYoungGen: 199162K->1382K(195648K)] 390997K->193297K(882624K), 0.0069530 secs] [Times: user=0.05 sys=0.00, real=0.00 secs] 
2014-07-16T15:36:03.142+0000: 877.463: [GC [PSYoungGen: 195622K->1090K(191232K)] 387537K->193101K(878208K), 0.0057610 secs] [Times: user=0.03 sys=0.00, real=0.01 secs] 
2014-07-16T15:36:03.828+0000: 878.149: [GC [PSYoungGen: 191170K->1008K(187072K)] 383181K->193091K(874048K), 0.0045840 secs] [Times: user=0.02 sys=0.00, real=0.00 secs] 
2014-07-16T15:36:04.506+0000: 878.828: [GC [PSYoungGen: 187056K->804K(183040K)] 379139K->192967K(870016K), 0.0074410 secs] [Times: user=0.04 sys=0.00, real=0.00 secs] 
2014-07-16T15:36:05.171+0000: 879.492: [GC [PSYoungGen: 183011K->936K(179456K)] 375175K->193187K(866432K), 0.0037030 secs] [Times: user=0.02 sys=0.00, real=0.00 secs] 
2014-07-16T15:36:05.817+0000: 880.138: [GC [PSYoungGen: 179432K->940K(175808K)] 371683K->193295K(862784K), 0.0060480 secs] [Times: user=0.03 sys=0.00, real=0.00 secs] 
2014-07-16T15:36:06.436+0000: 880.757: [GC [PSYoungGen: 175784K->762K(172096K)] 368140K->193197K(859072K), 0.0076320 secs] [Times: user=0.04 sys=0.00, real=0.00 secs] 
2014-07-16T15:36:07.055+0000: 881.376: [GC [PSYoungGen: 172090K->1136K(206784K)] 364525K->193627K(893760K), 0.0118100 secs] [Times: user=0.07 sys=0.00, real=0.02 secs] 
2014-07-16T15:36:07.836+0000: 882.157: [GC [PSYoungGen: 206752K->1514K(248320K)] 399243K->194350K(935296K), 0.0056350 secs] [Times: user=0.03 sys=0.00, real=0.01 secs] 
2014-07-16T15:36:08.678+0000: 883.000: [GC [PSYoungGen: 248225K->424K(241216K)] 441061K->194110K(928192K), 0.0075300 secs] [Times: user=0.04 sys=0.00, real=0.00 secs] 
2014-07-16T15:36:09.549+0000: 883.870: [GC [PSYoungGen: 241192K->894K(235904K)] 434878K->194660K(922880K), 0.0065430 secs] [Times: user=0.03 sys=0.00, real=0.00 secs] 
2014-07-16T15:36:10.377+0000: 884.698: [GC [PSYoungGen: 235812K->1208K(230656K)] 429578K->195228K(917632K), 0.0038270 secs] [Times: user=0.02 sys=0.00, real=0.00 secs] 
2014-07-16T15:36:11.207+0000: 885.529: [GC [PSYoungGen: 230648K->1272K(225344K)] 424668K->195356K(912320K), 0.0044930 secs] [Times: user=0.02 sys=0.00, real=0.00 secs] 
2014-07-16T15:36:12.005+0000: 886.326: [GC [PSYoungGen: 225336K->626K(219520K)] 419420K->194790K(906496K), 0.0057720 secs] [Times: user=0.03 sys=0.00, real=0.01 secs] 
2014-07-16T15:36:12.869+0000: 887.190: [GC [PSYoungGen: 219506K->1420K(215360K)] 413670K->195640K(902336K), 0.0094270 secs] [Times: user=0.05 sys=0.00, real=0.01 secs] 
2014-07-16T15:36:13.592+0000: 887.913: [GC [PSYoungGen: 215308K->662K(209792K)] 409528K->194946K(896768K), 0.0060740 secs] [Times: user=0.03 sys=0.00, real=0.01 secs] 
2014-07-16T15:36:14.348+0000: 888.669: [GC [PSYoungGen: 209750K->1574K(206016K)] 404034K->195946K(892992K), 0.0038740 secs] [Times: user=0.01 sys=0.00, real=0.00 secs] 
2014-07-16T15:36:15.090+0000: 889.411: [GC [PSYoungGen: 205965K->694K(200640K)] 400337K->195130K(887616K), 0.0038890 secs] [Times: user=0.02 sys=0.00, real=0.00 secs] 
2014-07-16T15:36:15.802+0000: 890.124: [GC [PSYoungGen: 200630K->1796K(197440K)] 395066K->196312K(884416K), 0.0090750 secs] [Times: user=0.05 sys=0.00, real=0.01 secs] 
2014-07-16T15:36:16.541+0000: 890.862: [GC [PSYoungGen: 197372K->1322K(192768K)] 391888K->196030K(879744K), 0.0037960 secs] [Times: user=0.01 sys=0.01, real=0.00 secs] 
2014-07-16T15:36:17.211+0000: 891.532: [GC [PSYoungGen: 192746K->594K(188032K)] 387454K->195366K(875008K), 0.0040690 secs] [Times: user=0.02 sys=0.00, real=0.00 secs] 
2014-07-16T15:36:17.943+0000: 892.264: [GC [PSYoungGen: 187986K->1170K(184704K)] 382758K->196038K(871680K), 0.0058130 secs] [Times: user=0.03 sys=0.00, real=0.01 secs] 
2014-07-16T15:36:18.540+0000: 892.862: [GC [PSYoungGen: 184658K->1672K(181440K)] 379526K->196612K(868416K), 0.0034780 secs] [Times: user=0.01 sys=0.00, real=0.00 secs] 
2014-07-16T15:36:19.191+0000: 893.512: [GC [PSYoungGen: 181357K->830K(176896K)] 376297K->195818K(863872K), 0.0056210 secs] [Times: user=0.03 sys=0.00, real=0.00 secs] 
2014-07-16T15:36:19.841+0000: 894.162: [GC [PSYoungGen: 176894K->758K(173312K)] 371882K->195818K(860288K), 0.0032170 secs] [Times: user=0.01 sys=0.01, real=0.00 secs] 
2014-07-16T15:36:20.465+0000: 894.787: [GC [PSYoungGen: 173302K->980K(170112K)] 368362K->196128K(857088K), 0.0032720 secs] [Times: user=0.02 sys=0.00, real=0.01 secs] 
2014-07-16T15:36:21.086+0000: 895.407: [GC [PSYoungGen: 170008K->1620K(167424K)] 365156K->196832K(854400K), 0.0112110 secs] [Times: user=0.06 sys=0.01, real=0.01 secs] 
2014-07-16T15:36:21.677+0000: 895.998: [GC [PSYoungGen: 167376K->1036K(163648K)] 362588K->196296K(850624K), 0.0044980 secs] [Times: user=0.02 sys=0.00, real=0.01 secs] 
2014-07-16T15:36:22.270+0000: 896.592: [GC [PSYoungGen: 163596K->690K(160128K)] 358856K->196014K(847104K), 0.0064570 secs] [Times: user=0.03 sys=0.00, real=0.00 secs] 
2014-07-16T15:36:22.849+0000: 897.170: [GC [PSYoungGen: 160065K->1090K(157568K)] 355389K->196470K(844544K), 0.0055330 secs] [Times: user=0.03 sys=0.01, real=0.00 secs] 
2014-07-16T15:36:23.426+0000: 897.747: [GC [PSYoungGen: 157506K->1158K(154688K)] 352886K->196586K(841664K), 0.0065080 secs] [Times: user=0.04 sys=0.01, real=0.01 secs] 
2014-07-16T15:36:23.975+0000: 898.297: [GC [PSYoungGen: 154600K->776K(151488K)] 350028K->196260K(838464K), 0.0062750 secs] [Times: user=0.03 sys=0.00, real=0.01 secs] 
2014-07-16T15:36:24.517+0000: 898.839: [GC [PSYoungGen: 151432K->762K(148672K)] 346916K->196294K(835648K), 0.0054270 secs] [Times: user=0.03 sys=0.00, real=0.01 secs] 
2014-07-16T15:36:25.051+0000: 899.372: [GC [PSYoungGen: 148620K->1504K(146752K)] 344152K->197124K(833728K), 0.0038600 secs] [Times: user=0.02 sys=0.00, real=0.00 secs] 
2014-07-16T15:36:25.571+0000: 899.893: [GC [PSYoungGen: 146720K->980K(143680K)] 342340K->196648K(830656K), 0.0050520 secs] [Times: user=0.02 sys=0.00, real=0.00 secs] 
2014-07-16T15:36:26.085+0000: 900.406: [GC [PSYoungGen: 143610K->1264K(141440K)] 339278K->196988K(828416K), 0.0033200 secs] [Times: user=0.01 sys=0.00, real=0.00 secs] 
2014-07-16T15:36:26.605+0000: 900.927: [GC [PSYoungGen: 141424K->1308K(139072K)] 337148K->197112K(826048K), 0.0066640 secs] [Times: user=0.05 sys=0.00, real=0.01 secs] 
2014-07-16T15:36:27.123+0000: 901.445: [GC [PSYoungGen: 139036K->1044K(166400K)] 334840K->196928K(853376K), 0.0087180 secs] [Times: user=0.05 sys=0.01, real=0.01 secs] 
2014-07-16T15:36:27.692+0000: 902.013: [GC [PSYoungGen: 166356K->1272K(199680K)] 362240K->197260K(886656K), 0.0050740 secs] [Times: user=0.02 sys=0.00, real=0.00 secs] 
2014-07-16T15:36:28.433+0000: 902.755: [GC [PSYoungGen: 199666K->822K(194944K)] 395654K->196850K(881920K), 0.0053400 secs] [Times: user=0.02 sys=0.00, real=0.01 secs] 
2014-07-16T15:36:29.142+0000: 903.463: [GC [PSYoungGen: 194934K->1426K(191424K)] 390962K->197502K(878400K), 0.0064970 secs] [Times: user=0.04 sys=0.00, real=0.00 secs] 
2014-07-16T15:36:29.825+0000: 904.147: [GC [PSYoungGen: 191378K->1140K(187136K)] 387454K->197296K(874112K), 0.0034540 secs] [Times: user=0.02 sys=0.00, real=0.00 secs] 
2014-07-16T15:36:30.508+0000: 904.829: [GC [PSYoungGen: 187124K->1126K(183296K)] 383280K->197354K(870272K), 0.0033990 secs] [Times: user=0.02 sys=0.00, real=0.01 secs] 
2014-07-16T15:36:31.152+0000: 905.474: [GC [PSYoungGen: 183270K->1086K(219712K)] 379498K->197386K(906688K), 0.0171720 secs] [Times: user=0.12 sys=0.00, real=0.01 secs] 
2014-07-16T15:36:31.947+0000: 906.268: [GC [PSYoungGen: 219710K->730K(232832K)] 416010K->197102K(919808K), 0.0065420 secs] [Times: user=0.05 sys=0.00, real=0.01 secs] 
2014-07-16T15:36:32.789+0000: 907.111: [GC [PSYoungGen: 231898K->1004K(226752K)] 428270K->197448K(913728K), 0.0044090 secs] [Times: user=0.02 sys=0.00, real=0.01 secs] 
2014-07-16T15:36:33.605+0000: 907.926: [GC [PSYoungGen: 226732K->1040K(221568K)] 423176K->197532K(908544K), 0.0054630 secs] [Times: user=0.02 sys=0.00, real=0.01 secs] 
2014-07-16T15:36:34.399+0000: 908.720: [GC [PSYoungGen: 221520K->1272K(216704K)] 418012K->198116K(903680K), 0.0066500 secs] [Times: user=0.04 sys=0.00, real=0.01 secs] 
2014-07-16T15:36:35.181+0000: 909.503: [GC [PSYoungGen: 216696K->1258K(211840K)] 413540K->198198K(898816K), 0.0061780 secs] [Times: user=0.02 sys=0.00, real=0.00 secs] 
2014-07-16T15:36:35.936+0000: 910.257: [GC [PSYoungGen: 211817K->690K(206592K)] 408757K->197702K(893568K), 0.0047510 secs] [Times: user=0.02 sys=0.00, real=0.01 secs] 
2014-07-16T15:36:36.699+0000: 911.020: [GC [PSYoungGen: 206578K->1364K(202752K)] 403590K->198480K(889728K), 0.0069360 secs] [Times: user=0.04 sys=0.00, real=0.01 secs] 
2014-07-16T15:36:37.450+0000: 911.771: [GC [PSYoungGen: 202708K->1178K(198208K)] 399824K->198366K(885184K), 0.0083890 secs] [Times: user=0.04 sys=0.00, real=0.01 secs] 
2014-07-16T15:36:38.242+0000: 912.563: [GC [PSYoungGen: 198170K->1260K(194048K)] 395358K->198528K(881024K), 0.0088880 secs] [Times: user=0.05 sys=0.00, real=0.01 secs] 
2014-07-16T15:36:38.887+0000: 913.209: [GC [PSYoungGen: 194024K->726K(189440K)] 391292K->198066K(876416K), 0.0059240 secs] [Times: user=0.03 sys=0.00, real=0.01 secs] 
2014-07-16T15:36:39.568+0000: 913.889: [GC [PSYoungGen: 189323K->1218K(185984K)] 386663K->198646K(872960K), 0.0074420 secs] [Times: user=0.04 sys=0.01, real=0.01 secs] 
2014-07-16T15:36:40.214+0000: 914.535: [GC [PSYoungGen: 185922K->972K(222720K)] 383350K->198504K(909696K), 0.0080930 secs] [Times: user=0.05 sys=0.00, real=0.01 secs] 
2014-07-16T15:36:41.069+0000: 915.390: [GC [PSYoungGen: 222668K->1696K(218304K)] 420200K->199316K(905280K), 0.0049040 secs] [Times: user=0.02 sys=0.00, real=0.01 secs] 
2014-07-16T15:36:41.804+0000: 916.126: [GC [PSYoungGen: 218272K->756K(212416K)] 415892K->198648K(899392K), 0.0082810 secs] [Times: user=0.05 sys=0.00, real=0.01 secs] 
2014-07-16T15:36:42.578+0000: 916.899: [GC [PSYoungGen: 212392K->886K(207808K)] 410284K->198858K(894784K), 0.0056000 secs] [Times: user=0.04 sys=0.00, real=0.01 secs] 
2014-07-16T15:36:43.357+0000: 917.678: [GC [PSYoungGen: 207798K->1268K(203648K)] 405770K->199320K(890624K), 0.0103430 secs] [Times: user=0.06 sys=0.00, real=0.01 secs] 
2014-07-16T15:36:44.076+0000: 918.397: [GC [PSYoungGen: 203636K->854K(198848K)] 401688K->199002K(885824K), 0.0052720 secs] [Times: user=0.02 sys=0.01, real=0.00 secs] 
2014-07-16T15:36:44.791+0000: 919.112: [GC [PSYoungGen: 198806K->890K(194560K)] 396954K->199134K(881536K), 0.0039530 secs] [Times: user=0.03 sys=0.01, real=0.01 secs] 
2014-07-16T15:36:45.475+0000: 919.796: [GC [PSYoungGen: 194554K->972K(190592K)] 392798K->199304K(877568K), 0.0059230 secs] [Times: user=0.03 sys=0.00, real=0.00 secs] 
2014-07-16T15:36:46.166+0000: 920.487: [GC [PSYoungGen: 190539K->812K(186432K)] 388871K->199240K(873408K), 0.0055190 secs] [Times: user=0.03 sys=0.00, real=0.00 secs] 
2014-07-16T15:36:46.839+0000: 921.161: [GC [PSYoungGen: 186412K->1168K(182976K)] 384840K->199708K(869952K), 0.0063330 secs] [Times: user=0.03 sys=0.00, real=0.01 secs] 
2014-07-16T15:36:47.487+0000: 921.808: [GC [PSYoungGen: 182898K->1322K(179392K)] 381438K->200388K(866368K), 0.0035000 secs] [Times: user=0.02 sys=0.00, real=0.00 secs] 
2014-07-16T15:36:48.142+0000: 922.463: [GC [PSYoungGen: 179370K->1646K(176128K)] 378436K->200800K(863104K), 0.0048540 secs] [Times: user=0.03 sys=0.00, real=0.01 secs] 
2014-07-16T15:36:48.768+0000: 923.089: [GC [PSYoungGen: 176110K->876K(171840K)] 375264K->200354K(858816K), 0.0049580 secs] [Times: user=0.03 sys=0.00, real=0.01 secs] 
2014-07-16T15:36:49.401+0000: 923.722: [GC [PSYoungGen: 171820K->1022K(168576K)] 371298K->200596K(855552K), 0.0057480 secs] [Times: user=0.04 sys=0.00, real=0.01 secs] 
2014-07-16T15:36:50.015+0000: 924.337: [GC [PSYoungGen: 168574K->758K(165056K)] 368148K->200396K(852032K), 0.0044770 secs] [Times: user=0.02 sys=0.00, real=0.00 secs] 
2014-07-16T15:36:50.595+0000: 924.916: [GC [PSYoungGen: 165046K->680K(161856K)] 364684K->200382K(848832K), 0.0060570 secs] [Times: user=0.03 sys=0.00, real=0.00 secs] 
2014-07-16T15:36:51.177+0000: 925.498: [GC [PSYoungGen: 161832K->954K(159040K)] 361534K->200768K(846016K), 0.0057000 secs] [Times: user=0.04 sys=0.00, real=0.00 secs] 
2014-07-16T15:36:51.767+0000: 926.088: [GC [PSYoungGen: 158996K->1314K(156480K)] 358810K->201208K(843456K), 0.0059100 secs] [Times: user=0.03 sys=0.00, real=0.00 secs] 
2014-07-16T15:36:52.353+0000: 926.675: [GC [PSYoungGen: 156450K->1172K(153472K)] 356344K->201154K(840448K), 0.0052290 secs] [Times: user=0.03 sys=0.00, real=0.00 secs] 
2014-07-16T15:36:52.905+0000: 927.226: [GC [PSYoungGen: 153387K->1640K(151104K)] 353369K->201702K(838080K), 0.0072290 secs] [Times: user=0.04 sys=0.00, real=0.00 secs] 
2014-07-16T15:36:53.592+0000: 927.914: [GC [PSYoungGen: 150988K->762K(147520K)] 351050K->201140K(834496K), 0.0048330 secs] [Times: user=0.03 sys=0.00, real=0.01 secs] 
2014-07-16T15:36:54.067+0000: 928.388: [GC [PSYoungGen: 147514K->1744K(145920K)] 347892K->202202K(832896K), 0.0027890 secs] [Times: user=0.02 sys=0.00, real=0.00 secs] 
2014-07-16T15:36:54.584+0000: 928.905: [GC [PSYoungGen: 145872K->922K(142528K)] 346330K->202126K(829504K), 0.0035410 secs] [Times: user=0.01 sys=0.00, real=0.00 secs] 
2014-07-16T15:36:55.107+0000: 929.429: [GC [PSYoungGen: 142490K->1176K(140288K)] 343694K->202484K(827264K), 0.0041660 secs] [Times: user=0.03 sys=0.00, real=0.00 secs] 
2014-07-16T15:36:55.634+0000: 929.956: [GC [PSYoungGen: 140248K->1182K(168128K)] 341556K->202570K(855104K), 0.0097710 secs] [Times: user=0.06 sys=0.00, real=0.01 secs] 
2014-07-16T15:36:56.221+0000: 930.542: [GC [PSYoungGen: 168094K->972K(201344K)] 369482K->202448K(888320K), 0.0068900 secs] [Times: user=0.04 sys=0.00, real=0.01 secs] 
2014-07-16T15:36:56.943+0000: 931.264: [GC [PSYoungGen: 201292K->1172K(197184K)] 402768K->202760K(884160K), 0.0027070 secs] [Times: user=0.02 sys=0.00, real=0.01 secs] 
2014-07-16T15:36:57.654+0000: 931.975: [GC [PSYoungGen: 197140K->990K(192768K)] 398728K->202658K(879744K), 0.0049060 secs] [Times: user=0.03 sys=0.00, real=0.00 secs] 
2014-07-16T15:36:58.382+0000: 932.703: [GC [PSYoungGen: 192734K->1118K(188864K)] 394402K->202874K(875840K), 0.0069570 secs] [Times: user=0.04 sys=0.00, real=0.01 secs] 
2014-07-16T15:36:59.087+0000: 933.408: [GC [PSYoungGen: 188830K->1082K(184896K)] 390586K->202894K(871872K), 0.0078390 secs] [Times: user=0.04 sys=0.00, real=0.01 secs] 
2014-07-16T15:36:59.735+0000: 934.057: [GC [PSYoungGen: 184890K->1108K(181184K)] 386702K->202992K(868160K), 0.0067580 secs] [Times: user=0.05 sys=0.00, real=0.00 secs] 
2014-07-16T15:37:00.386+0000: 934.707: [GC [PSYoungGen: 181121K->844K(177280K)] 383006K->202760K(864256K), 0.0062570 secs] [Times: user=0.02 sys=0.00, real=0.00 secs] 
2014-07-16T15:37:01.034+0000: 935.356: [GC [PSYoungGen: 177224K->1208K(212928K)] 379140K->203238K(899904K), 0.0091580 secs] [Times: user=0.06 sys=0.00, real=0.00 secs] 
2014-07-16T15:37:01.800+0000: 936.122: [GC [PSYoungGen: 212901K->1272K(208256K)] 414931K->203374K(895232K), 0.0059630 secs] [Times: user=0.03 sys=0.00, real=0.01 secs] 
2014-07-16T15:37:02.543+0000: 936.865: [GC [PSYoungGen: 208248K->766K(203136K)] 410350K->202996K(890112K), 0.0053470 secs] [Times: user=0.02 sys=0.00, real=0.01 secs] 
2014-07-16T15:37:03.275+0000: 937.596: [GC [PSYoungGen: 203102K->840K(198848K)] 405332K->203166K(885824K), 0.0037420 secs] [Times: user=0.02 sys=0.00, real=0.01 secs] 
2014-07-16T15:37:03.999+0000: 938.320: [GC [PSYoungGen: 198792K->1482K(195200K)] 401118K->203944K(882176K), 0.0052270 secs] [Times: user=0.03 sys=0.00, real=0.00 secs] 
2014-07-16T15:37:04.699+0000: 939.020: [GC [PSYoungGen: 195146K->1062K(190656K)] 397608K->203588K(877632K), 0.0055910 secs] [Times: user=0.03 sys=0.00, real=0.00 secs] 
2014-07-16T15:37:05.400+0000: 939.722: [GC [PSYoungGen: 190623K->866K(186496K)] 393149K->203643K(873472K), 0.0105050 secs] [Times: user=0.07 sys=0.00, real=0.01 secs] 
2014-07-16T15:37:06.095+0000: 940.416: [GC [PSYoungGen: 186451K->1576K(183360K)] 389228K->204547K(870336K), 0.0077820 secs] [Times: user=0.04 sys=0.00, real=0.01 secs] 
2014-07-16T15:37:06.722+0000: 941.043: [GC [PSYoungGen: 183336K->752K(218880K)] 386307K->204537K(905856K), 0.0080050 secs] [Times: user=0.05 sys=0.00, real=0.01 secs] 
2014-07-16T15:37:07.518+0000: 941.839: [GC [PSYoungGen: 218864K->1468K(214592K)] 422649K->205349K(901568K), 0.0043640 secs] [Times: user=0.03 sys=0.00, real=0.00 secs] 
2014-07-16T15:37:08.288+0000: 942.610: [GC [PSYoungGen: 214588K->722K(209088K)] 418469K->204857K(896064K), 0.0073400 secs] [Times: user=0.04 sys=0.00, real=0.01 secs] 
2014-07-16T15:37:09.073+0000: 943.395: [GC [PSYoungGen: 209041K->876K(204608K)] 413176K->205059K(891584K), 0.0095610 secs] [Times: user=0.06 sys=0.00, real=0.01 secs] 
2014-07-16T15:37:09.806+0000: 944.128: [GC [PSYoungGen: 204549K->940K(200192K)] 408732K->205203K(887168K), 0.0060380 secs] [Times: user=0.04 sys=0.00, real=0.00 secs] 
2014-07-16T15:37:10.545+0000: 944.866: [GC [PSYoungGen: 200134K->1000K(195968K)] 404397K->205351K(882944K), 0.0049880 secs] [Times: user=0.02 sys=0.00, real=0.01 secs] 
2014-07-16T15:37:11.231+0000: 945.552: [GC [PSYoungGen: 195944K->994K(191808K)] 400295K->205449K(878784K), 0.0074530 secs] [Times: user=0.05 sys=0.01, real=0.01 secs] 
2014-07-16T15:37:11.925+0000: 946.246: [GC [PSYoungGen: 191761K->1236K(188032K)] 396216K->205763K(875008K), 0.0029730 secs] [Times: user=0.01 sys=0.00, real=0.01 secs] 
2014-07-16T15:37:12.611+0000: 946.932: [GC [PSYoungGen: 187988K->812K(183680K)] 392515K->205387K(870656K), 0.0071700 secs] [Times: user=0.04 sys=0.00, real=0.01 secs] 
2014-07-16T15:37:13.276+0000: 947.597: [GC [PSYoungGen: 183660K->822K(179904K)] 388235K->205445K(866880K), 0.0094720 secs] [Times: user=0.06 sys=0.00, real=0.00 secs] 
2014-07-16T15:37:14.008+0000: 948.329: [GC [PSYoungGen: 179878K->1436K(176896K)] 384501K->206147K(863872K), 0.0050150 secs] [Times: user=0.03 sys=0.01, real=0.00 secs] 
2014-07-16T15:37:14.613+0000: 948.934: [GC [PSYoungGen: 176860K->1010K(211584K)] 381571K->205777K(898560K), 0.0138910 secs] [Times: user=0.09 sys=0.00, real=0.02 secs] 
2014-07-16T15:37:15.386+0000: 949.708: [GC [PSYoungGen: 211554K->1140K(223168K)] 416321K->206005K(910144K), 0.0034920 secs] [Times: user=0.02 sys=0.00, real=0.00 secs] 
2014-07-16T15:37:16.201+0000: 950.522: [GC [PSYoungGen: 223156K->1154K(218112K)] 428021K->206115K(905088K), 0.0060530 secs] [Times: user=0.04 sys=0.00, real=0.01 secs] 
2014-07-16T15:37:16.982+0000: 951.303: [GC [PSYoungGen: 218050K->552K(212544K)] 423011K->205886K(899520K), 0.0048240 secs] [Times: user=0.03 sys=0.00, real=0.00 secs] 
2014-07-16T15:37:17.733+0000: 952.055: [GC [PSYoungGen: 212505K->1186K(208448K)] 417840K->206592K(895424K), 0.0038210 secs] [Times: user=0.01 sys=0.00, real=0.01 secs] 
2014-07-16T15:37:18.522+0000: 952.844: [GC [PSYoungGen: 208418K->1196K(203840K)] 413824K->206764K(890816K), 0.0118600 secs] [Times: user=0.08 sys=0.01, real=0.01 secs] 
2014-07-16T15:37:19.285+0000: 953.606: [GC [PSYoungGen: 203820K->894K(199104K)] 409388K->206534K(886080K), 0.0081100 secs] [Times: user=0.06 sys=0.00, real=0.01 secs] 
2014-07-16T15:37:19.984+0000: 954.305: [GC [PSYoungGen: 199102K->730K(194688K)] 404742K->206434K(881664K), 0.0079950 secs] [Times: user=0.04 sys=0.01, real=0.01 secs] 
2014-07-16T15:37:20.712+0000: 955.034: [GC [PSYoungGen: 194650K->1432K(191232K)] 400354K->207216K(878208K), 0.0053890 secs] [Times: user=0.03 sys=0.01, real=0.01 secs] 
2014-07-16T15:37:21.392+0000: 955.713: [GC [PSYoungGen: 191168K->758K(186560K)] 396953K->206606K(873536K), 0.0041930 secs] [Times: user=0.02 sys=0.00, real=0.00 secs] 
2014-07-16T15:37:22.066+0000: 956.387: [GC [PSYoungGen: 186502K->1026K(183040K)] 392351K->206946K(870016K), 0.0082730 secs] [Times: user=0.04 sys=0.00, real=0.01 secs] 
2014-07-16T15:37:22.791+0000: 957.113: [GC [PSYoungGen: 182978K->1154K(179456K)] 388898K->207162K(866432K), 0.0042280 secs] [Times: user=0.03 sys=0.00, real=0.00 secs] 
2014-07-16T15:37:23.435+0000: 957.757: [GC [PSYoungGen: 179394K->1610K(215552K)] 385402K->207782K(902528K), 0.0141220 secs] [Times: user=0.09 sys=0.00, real=0.02 secs] 
2014-07-16T15:37:24.225+0000: 958.547: [GC [PSYoungGen: 215498K->506K(209600K)] 421670K->207410K(896576K), 0.0038670 secs] [Times: user=0.01 sys=0.01, real=0.01 secs] 
2014-07-16T15:37:24.981+0000: 959.302: [GC [PSYoungGen: 209587K->858K(205312K)] 416491K->207826K(892288K), 0.0061980 secs] [Times: user=0.04 sys=0.00, real=0.00 secs] 
2014-07-16T15:37:25.739+0000: 960.060: [GC [PSYoungGen: 205274K->1022K(200960K)] 412242K->208094K(887936K), 0.0075730 secs] [Times: user=0.05 sys=0.00, real=0.00 secs] 
2014-07-16T15:37:26.456+0000: 960.778: [GC [PSYoungGen: 200958K->868K(196480K)] 408030K->208028K(883456K), 0.0040760 secs] [Times: user=0.02 sys=0.00, real=0.01 secs] 
2014-07-16T15:37:27.159+0000: 961.480: [GC [PSYoungGen: 196452K->762K(192192K)] 403612K->207978K(879168K), 0.0030180 secs] [Times: user=0.02 sys=0.00, real=0.00 secs] 
2014-07-16T15:37:27.849+0000: 962.170: [GC [PSYoungGen: 192186K->630K(188032K)] 399402K->207902K(875008K), 0.0034880 secs] [Times: user=0.02 sys=0.00, real=0.00 secs] 
2014-07-16T15:37:28.519+0000: 962.841: [GC [PSYoungGen: 188020K->962K(184512K)] 395292K->208282K(871488K), 0.0068290 secs] [Times: user=0.04 sys=0.00, real=0.00 secs] 
2014-07-16T15:37:29.207+0000: 963.529: [GC [PSYoungGen: 184449K->990K(180736K)] 391770K->208358K(867712K), 0.0089800 secs] [Times: user=0.05 sys=0.01, real=0.01 secs] 
2014-07-16T15:37:29.858+0000: 964.180: [GC [PSYoungGen: 180702K->918K(177024K)] 388070K->208342K(864000K), 0.0060880 secs] [Times: user=0.03 sys=0.00, real=0.01 secs] 
2014-07-16T15:37:30.497+0000: 964.818: [GC [PSYoungGen: 176982K->1258K(173824K)] 384406K->208770K(860800K), 0.0067730 secs] [Times: user=0.04 sys=0.00, real=0.01 secs] 
2014-07-16T15:37:31.126+0000: 965.448: [GC [PSYoungGen: 173802K->726K(169856K)] 381314K->208302K(856832K), 0.0061600 secs] [Times: user=0.03 sys=0.00, real=0.01 secs] 
2014-07-16T15:37:31.736+0000: 966.057: [GC [PSYoungGen: 169814K->1208K(166976K)] 377390K->208880K(853952K), 0.0055680 secs] [Times: user=0.04 sys=0.00, real=0.01 secs] 
2014-07-16T15:37:32.355+0000: 966.676: [GC [PSYoungGen: 166924K->1118K(163712K)] 374597K->208862K(850688K), 0.0065090 secs] [Times: user=0.04 sys=0.00, real=0.01 secs] 
2014-07-16T15:37:32.941+0000: 967.262: [GC [PSYoungGen: 163678K->912K(160384K)] 371422K->208712K(847360K), 0.0061130 secs] [Times: user=0.04 sys=0.00, real=0.00 secs] 
2014-07-16T15:37:33.513+0000: 967.834: [GC [PSYoungGen: 160306K->922K(192320K)] 368106K->208794K(879296K), 0.0078060 secs] [Times: user=0.04 sys=0.00, real=0.01 secs] 
2014-07-16T15:37:34.216+0000: 968.537: [GC [PSYoungGen: 192254K->990K(188352K)] 400126K->208934K(875328K), 0.0037340 secs] [Times: user=0.01 sys=0.00, real=0.01 secs] 
2014-07-16T15:37:34.905+0000: 969.227: [GC [PSYoungGen: 188316K->1022K(184448K)] 396261K->209038K(871424K), 0.0046130 secs] [Times: user=0.03 sys=0.00, real=0.01 secs] 
2014-07-16T15:37:35.578+0000: 969.899: [GC [PSYoungGen: 184421K->1140K(180800K)] 392437K->209244K(867776K), 0.0067650 secs] [Times: user=0.03 sys=0.00, real=0.01 secs] 
2014-07-16T15:37:36.233+0000: 970.554: [GC [PSYoungGen: 180788K->684K(176704K)] 388892K->209514K(863680K), 0.0067550 secs] [Times: user=0.04 sys=0.00, real=0.01 secs] 
2014-07-16T15:37:36.867+0000: 971.188: [GC [PSYoungGen: 176682K->1072K(173568K)] 385513K->209998K(860544K), 0.0038810 secs] [Times: user=0.02 sys=0.00, real=0.01 secs] 
2014-07-16T15:37:37.493+0000: 971.814: [GC [PSYoungGen: 173552K->986K(170048K)] 382478K->210034K(857024K), 0.0059490 secs] [Times: user=0.02 sys=0.00, real=0.00 secs] 
2014-07-16T15:37:38.112+0000: 972.434: [GC [PSYoungGen: 170010K->972K(166720K)] 379058K->210100K(853696K), 0.0074320 secs] [Times: user=0.05 sys=0.00, real=0.00 secs] 
2014-07-16T15:37:38.710+0000: 973.031: [GC [PSYoungGen: 166668K->676K(163200K)] 375796K->209884K(850176K), 0.0051860 secs] [Times: user=0.04 sys=0.00, real=0.01 secs] 
2014-07-16T15:37:39.329+0000: 973.650: [GC [PSYoungGen: 163172K->1168K(160576K)] 372380K->210456K(847552K), 0.0062200 secs] [Times: user=0.04 sys=0.00, real=0.01 secs] 
2014-07-16T15:37:39.884+0000: 974.205: [GC [PSYoungGen: 160490K->1084K(157440K)] 369778K->210914K(844416K), 0.0047760 secs] [Times: user=0.02 sys=0.00, real=0.00 secs] 
2014-07-16T15:37:40.462+0000: 974.783: [GC [PSYoungGen: 157436K->1176K(154624K)] 367266K->211094K(841600K), 0.0037950 secs] [Times: user=0.02 sys=0.00, real=0.00 secs] 
2014-07-16T15:37:41.047+0000: 975.369: [GC [PSYoungGen: 154584K->1066K(151680K)] 364502K->211904K(838656K), 0.0076240 secs] [Times: user=0.04 sys=0.00, real=0.01 secs] 
2014-07-16T15:37:41.579+0000: 975.900: [GC [PSYoungGen: 151658K->1414K(149312K)] 362496K->212316K(836288K), 0.0034040 secs] [Times: user=0.02 sys=0.00, real=0.01 secs] 
2014-07-16T15:37:42.099+0000: 976.420: [GC [PSYoungGen: 149254K->662K(178112K)] 360156K->212032K(865088K), 0.0081340 secs] [Times: user=0.05 sys=0.01, real=0.01 secs] 
2014-07-16T15:37:42.735+0000: 977.056: [GC [PSYoungGen: 178069K->1026K(174912K)] 389440K->212484K(861888K), 0.0051840 secs] [Times: user=0.04 sys=0.00, real=0.00 secs] 
2014-07-16T15:37:43.365+0000: 977.687: [GC [PSYoungGen: 174850K->1254K(199104K)] 386308K->212784K(886080K), 0.0079820 secs] [Times: user=0.05 sys=0.01, real=0.01 secs] 
2014-07-16T15:37:44.150+0000: 978.471: [GC [PSYoungGen: 198438K->1650K(194624K)] 409968K->213245K(881600K), 0.0073180 secs] [Times: user=0.04 sys=0.00, real=0.01 secs] 
2014-07-16T15:37:44.790+0000: 979.112: [GC [PSYoungGen: 194587K->242K(189120K)] 406182K->212372K(876096K), 0.0051440 secs] [Times: user=0.03 sys=0.00, real=0.01 secs] 
2014-07-16T15:37:45.463+0000: 979.785: [GC [PSYoungGen: 189057K->1240K(186176K)] 401188K->213451K(873152K), 0.0054010 secs] [Times: user=0.03 sys=0.00, real=0.00 secs] 
2014-07-16T15:37:46.130+0000: 980.451: [GC [PSYoungGen: 186136K->1290K(182400K)] 398347K->213929K(869376K), 0.0062980 secs] [Times: user=0.04 sys=0.00, real=0.01 secs] 
2014-07-16T15:37:46.791+0000: 981.113: [GC [PSYoungGen: 182346K->794K(178176K)] 394985K->213497K(865152K), 0.0056650 secs] [Times: user=0.03 sys=0.00, real=0.00 secs] 
2014-07-16T15:37:47.456+0000: 981.778: [GC [PSYoungGen: 178128K->940K(174720K)] 390831K->213747K(861696K), 0.0091290 secs] [Times: user=0.06 sys=0.00, real=0.01 secs] 
2014-07-16T15:37:48.093+0000: 982.414: [GC [PSYoungGen: 174700K->1050K(194432K)] 387507K->213953K(881408K), 0.0111190 secs] [Times: user=0.07 sys=0.00, real=0.01 secs] 
2014-07-16T15:37:48.785+0000: 983.106: [GC [PSYoungGen: 193626K->694K(210304K)] 406529K->213645K(897280K), 0.0077160 secs] [Times: user=0.04 sys=0.01, real=0.01 secs] 
2014-07-16T15:37:49.568+0000: 983.889: [GC [PSYoungGen: 209206K->1354K(205312K)] 422157K->214377K(892288K), 0.0029940 secs] [Times: user=0.02 sys=0.00, real=0.00 secs] 
2014-07-16T15:37:50.302+0000: 984.623: [GC [PSYoungGen: 205258K->448K(199872K)] 418281K->213779K(886848K), 0.0044670 secs] [Times: user=0.02 sys=0.00, real=0.01 secs] 
2014-07-16T15:37:51.033+0000: 985.354: [GC [PSYoungGen: 199872K->1222K(196416K)] 413203K->214625K(883392K), 0.0031810 secs] [Times: user=0.02 sys=0.00, real=0.00 secs] 
2014-07-16T15:37:51.745+0000: 986.066: [GC [PSYoungGen: 196348K->858K(191872K)] 409751K->214433K(878848K), 0.0087260 secs] [Times: user=0.06 sys=0.00, real=0.01 secs] 
2014-07-16T15:37:52.448+0000: 986.770: [GC [PSYoungGen: 191834K->872K(187840K)] 405409K->214503K(874816K), 0.0063560 secs] [Times: user=0.04 sys=0.00, real=0.01 secs] 
2014-07-16T15:37:53.120+0000: 987.441: [GC [PSYoungGen: 187816K->1000K(184064K)] 401447K->214663K(871040K), 0.0070400 secs] [Times: user=0.02 sys=0.00, real=0.01 secs] 
2014-07-16T15:37:53.777+0000: 988.098: [GC [PSYoungGen: 184040K->1204K(180480K)] 397703K->214963K(867456K), 0.0052000 secs] [Times: user=0.03 sys=0.00, real=0.01 secs] 
2014-07-16T15:37:54.471+0000: 988.792: [GC [PSYoungGen: 180468K->1140K(204864K)] 394227K->215095K(891840K), 0.0121150 secs] [Times: user=0.07 sys=0.00, real=0.02 secs] 
2014-07-16T15:37:55.210+0000: 989.532: [GC [PSYoungGen: 204846K->1704K(205440K)] 418801K->215739K(892416K), 0.0078780 secs] [Times: user=0.05 sys=0.00, real=0.01 secs] 
2014-07-16T15:37:55.947+0000: 990.268: [GC [PSYoungGen: 205416K->976K(246272K)] 419451K->215099K(933248K), 0.0061470 secs] [Times: user=0.03 sys=0.00, real=0.01 secs] 
2014-07-16T15:37:56.845+0000: 991.166: [GC [PSYoungGen: 245456K->1540K(240192K)] 459579K->215735K(927168K), 0.0042350 secs] [Times: user=0.02 sys=0.00, real=0.00 secs] 
2014-07-16T15:37:57.695+0000: 992.016: [GC [PSYoungGen: 240132K->370K(233280K)] 454327K->214871K(920256K), 0.0064520 secs] [Times: user=0.04 sys=0.00, real=0.00 secs] 
2014-07-16T15:37:58.536+0000: 992.857: [GC [PSYoungGen: 233266K->1500K(228928K)] 447767K->216033K(915904K), 0.0067470 secs] [Times: user=0.02 sys=0.00, real=0.00 secs] 
2014-07-16T15:37:59.406+0000: 993.727: [GC [PSYoungGen: 228889K->772K(222912K)] 443422K->215525K(909888K), 0.0040470 secs] [Times: user=0.03 sys=0.00, real=0.00 secs] 
2014-07-16T15:38:00.195+0000: 994.516: [GC [PSYoungGen: 222852K->1054K(218048K)] 437605K->215919K(905024K), 0.0053630 secs] [Times: user=0.03 sys=0.00, real=0.00 secs] 
2014-07-16T15:38:00.967+0000: 995.289: [GC [PSYoungGen: 218014K->890K(212928K)] 432879K->215835K(899904K), 0.0056050 secs] [Times: user=0.03 sys=0.00, real=0.00 secs] 
2014-07-16T15:38:01.721+0000: 996.042: [GC [PSYoungGen: 212922K->890K(208192K)] 427867K->215931K(895168K), 0.0064200 secs] [Times: user=0.04 sys=0.00, real=0.01 secs] 
2014-07-16T15:38:02.502+0000: 996.823: [GC [PSYoungGen: 208160K->1836K(204544K)] 423201K->217015K(891520K), 0.0044570 secs] [Times: user=0.03 sys=0.00, real=0.01 secs] 
2014-07-16T15:38:03.226+0000: 997.548: [GC [PSYoungGen: 204524K->1800K(200128K)] 419703K->217059K(887104K), 0.0095030 secs] [Times: user=0.04 sys=0.00, real=0.01 secs] 
2014-07-16T15:38:03.932+0000: 998.254: [GC [PSYoungGen: 200072K->548K(194560K)] 415331K->216059K(881536K), 0.0054860 secs] [Times: user=0.04 sys=0.00, real=0.01 secs] 
2014-07-16T15:38:04.637+0000: 998.958: [GC [PSYoungGen: 194532K->890K(190720K)] 410043K->216505K(877696K), 0.0031970 secs] [Times: user=0.01 sys=0.00, real=0.00 secs] 
2014-07-16T15:38:05.354+0000: 999.676: [GC [PSYoungGen: 190700K->1322K(187200K)] 406315K->216985K(874176K), 0.0033500 secs] [Times: user=0.02 sys=0.00, real=0.00 secs] 
2014-07-16T15:38:06.000+0000: 1000.321: [GC [PSYoungGen: 187178K->1126K(183168K)] 402841K->216869K(870144K), 0.0033430 secs] [Times: user=0.01 sys=0.00, real=0.00 secs] 
2014-07-16T15:38:06.683+0000: 1001.005: [GC [PSYoungGen: 183142K->986K(179328K)] 398885K->216809K(866304K), 0.0028620 secs] [Times: user=0.02 sys=0.00, real=0.01 secs] 
2014-07-16T15:38:07.309+0000: 1001.630: [GC [PSYoungGen: 179290K->758K(175488K)] 395113K->216637K(862464K), 0.0049380 secs] [Times: user=0.02 sys=0.00, real=0.00 secs] 
2014-07-16T15:38:07.935+0000: 1002.257: [GC [PSYoungGen: 175478K->744K(171968K)] 391357K->216727K(858944K), 0.0066080 secs] [Times: user=0.05 sys=0.00, real=0.00 secs] 
2014-07-16T15:38:08.558+0000: 1002.880: [GC [PSYoungGen: 171915K->648K(168512K)] 387899K->216679K(855488K), 0.0090890 secs] [Times: user=0.06 sys=0.00, real=0.01 secs] 
2014-07-16T15:38:09.165+0000: 1003.487: [GC [PSYoungGen: 168425K->730K(165312K)] 384456K->216825K(852288K), 0.0048220 secs] [Times: user=0.02 sys=0.01, real=0.00 secs] 
2014-07-16T15:38:09.815+0000: 1004.137: [GC [PSYoungGen: 165274K->1336K(162688K)] 381369K->217495K(849664K), 0.0046530 secs] [Times: user=0.01 sys=0.00, real=0.00 secs] 
2014-07-16T15:38:10.383+0000: 1004.704: [GC [PSYoungGen: 162660K->922K(194624K)] 378819K->217169K(881600K), 0.0105880 secs] [Times: user=0.06 sys=0.00, real=0.01 secs] 
2014-07-16T15:38:11.113+0000: 1005.435: [GC [PSYoungGen: 194586K->1182K(190784K)] 410833K->217525K(877760K), 0.0045370 secs] [Times: user=0.01 sys=0.00, real=0.01 secs] 
2014-07-16T15:38:11.819+0000: 1006.141: [GC [PSYoungGen: 190723K->1274K(186880K)] 407067K->217697K(873856K), 0.0044140 secs] [Times: user=0.02 sys=0.00, real=0.00 secs] 
2014-07-16T15:38:12.468+0000: 1006.789: [GC [PSYoungGen: 186874K->662K(182464K)] 403297K->217141K(869440K), 0.0063340 secs] [Times: user=0.04 sys=0.00, real=0.00 secs] 
2014-07-16T15:38:13.239+0000: 1007.560: [GC [PSYoungGen: 182422K->708K(178816K)] 398901K->217259K(865792K), 0.0051270 secs] [Times: user=0.03 sys=0.00, real=0.00 secs] 
2014-07-16T15:38:13.851+0000: 1008.173: [GC [PSYoungGen: 178730K->804K(175296K)] 395281K->217451K(862272K), 0.0049160 secs] [Times: user=0.03 sys=0.01, real=0.01 secs] 
2014-07-16T15:38:14.526+0000: 1008.847: [GC [PSYoungGen: 175265K->1578K(172544K)] 391912K->218321K(859520K), 0.0048100 secs] [Times: user=0.02 sys=0.00, real=0.00 secs] 
2014-07-16T15:38:15.137+0000: 1009.459: [GC [PSYoungGen: 172494K->794K(168384K)] 389237K->217601K(855360K), 0.0064270 secs] [Times: user=0.03 sys=0.00, real=0.00 secs] 
2014-07-16T15:38:15.754+0000: 1010.075: [GC [PSYoungGen: 168346K->962K(165312K)] 385153K->217833K(852288K), 0.0075030 secs] [Times: user=0.05 sys=0.01, real=0.01 secs] 
2014-07-16T15:38:16.348+0000: 1010.670: [GC [PSYoungGen: 165250K->1012K(162176K)] 382121K->217947K(849152K), 0.0075960 secs] [Times: user=0.04 sys=0.00, real=0.01 secs] 
2014-07-16T15:38:16.950+0000: 1011.271: [GC [PSYoungGen: 162164K->658K(194112K)] 379099K->217633K(881088K), 0.0168950 secs] [Times: user=0.08 sys=0.00, real=0.02 secs] 
2014-07-16T15:38:17.640+0000: 1011.961: [GC [PSYoungGen: 193999K->1000K(221696K)] 410974K->218055K(908672K), 0.0101250 secs] [Times: user=0.07 sys=0.00, real=0.01 secs] 
2014-07-16T15:38:18.437+0000: 1012.758: [GC [PSYoungGen: 220935K->1104K(233792K)] 437990K->218255K(920768K), 0.0030010 secs] [Times: user=0.02 sys=0.00, real=0.00 secs] 
2014-07-16T15:38:19.288+0000: 1013.609: [GC [PSYoungGen: 233232K->1114K(233792K)] 450383K->218345K(920768K), 0.0070040 secs] [Times: user=0.03 sys=0.00, real=0.00 secs] 
2014-07-16T15:38:20.136+0000: 1014.458: [GC [PSYoungGen: 233219K->730K(227456K)] 450450K->218033K(914432K), 0.0032200 secs] [Times: user=0.02 sys=0.00, real=0.00 secs] 
2014-07-16T15:38:20.972+0000: 1015.294: [GC [PSYoungGen: 227418K->772K(222272K)] 444721K->218163K(909248K), 0.0032080 secs] [Times: user=0.02 sys=0.00, real=0.00 secs] 
2014-07-16T15:38:21.780+0000: 1016.101: [GC [PSYoungGen: 222210K->1290K(217728K)] 439601K->218737K(904704K), 0.0050880 secs] [Times: user=0.02 sys=0.00, real=0.00 secs] 
2014-07-16T15:38:22.559+0000: 1016.880: [GC [PSYoungGen: 217652K->1040K(212544K)] 435100K->218551K(899520K), 0.0063220 secs] [Times: user=0.03 sys=0.00, real=0.00 secs] 
2014-07-16T15:38:23.364+0000: 1017.686: [GC [PSYoungGen: 212496K->940K(207680K)] 430007K->218987K(894656K), 0.0044230 secs] [Times: user=0.03 sys=0.00, real=0.01 secs] 
2014-07-16T15:38:24.117+0000: 1018.438: [GC [PSYoungGen: 207660K->1096K(203328K)] 425707K->219247K(890304K), 0.0047520 secs] [Times: user=0.03 sys=0.00, real=0.01 secs] 
2014-07-16T15:38:24.868+0000: 1019.190: [GC [PSYoungGen: 203223K->1140K(198912K)] 421374K->219413K(885888K), 0.0039270 secs] [Times: user=0.01 sys=0.01, real=0.00 secs] 
2014-07-16T15:38:25.578+0000: 1019.899: [GC [PSYoungGen: 198900K->1378K(194880K)] 417173K->219731K(881856K), 0.0049550 secs] [Times: user=0.03 sys=0.01, real=0.00 secs] 
2014-07-16T15:38:26.282+0000: 1020.603: [GC [PSYoungGen: 194808K->822K(190208K)] 413162K->219263K(877184K), 0.0037380 secs] [Times: user=0.02 sys=0.00, real=0.00 secs] 
2014-07-16T15:38:26.991+0000: 1021.312: [GC [PSYoungGen: 190198K->1132K(186560K)] 408639K->219629K(873536K), 0.0088580 secs] [Times: user=0.05 sys=0.00, real=0.01 secs] 
2014-07-16T15:38:27.650+0000: 1021.972: [GC [PSYoungGen: 186540K->776K(182400K)] 405037K->219361K(869376K), 0.0036370 secs] [Times: user=0.02 sys=0.00, real=0.00 secs] 
2014-07-16T15:38:28.304+0000: 1022.625: [GC [PSYoungGen: 182344K->840K(178752K)] 400929K->219513K(865728K), 0.0052840 secs] [Times: user=0.03 sys=0.00, real=0.01 secs] 
2014-07-16T15:38:28.953+0000: 1023.274: [GC [PSYoungGen: 178696K->790K(175104K)] 397369K->219551K(862080K), 0.0058670 secs] [Times: user=0.04 sys=0.00, real=0.01 secs] 
2014-07-16T15:38:29.655+0000: 1023.977: [GC [PSYoungGen: 175062K->1488K(172352K)] 393823K->220337K(859328K), 0.0079680 secs] [Times: user=0.06 sys=0.00, real=0.01 secs] 
2014-07-16T15:38:30.217+0000: 1024.539: [GC [PSYoungGen: 172304K->894K(168320K)] 391153K->220017K(855296K), 0.0050340 secs] [Times: user=0.02 sys=0.00, real=0.01 secs] 
2014-07-16T15:38:30.803+0000: 1025.124: [GC [PSYoungGen: 168306K->876K(165056K)] 387430K->220079K(852032K), 0.0034470 secs] [Times: user=0.01 sys=0.00, real=0.00 secs] 
2014-07-16T15:38:31.397+0000: 1025.718: [GC [PSYoungGen: 165036K->576K(161600K)] 384239K->220025K(848576K), 0.0040290 secs] [Times: user=0.02 sys=0.00, real=0.01 secs] 
2014-07-16T15:38:31.969+0000: 1026.291: [GC [PSYoungGen: 161600K->1318K(159296K)] 381049K->220847K(846272K), 0.0055890 secs] [Times: user=0.03 sys=0.00, real=0.00 secs] 
2014-07-16T15:38:32.554+0000: 1026.875: [GC [PSYoungGen: 159258K->1094K(156160K)] 378788K->220679K(843136K), 0.0060730 secs] [Times: user=0.04 sys=0.00, real=0.01 secs] 
2014-07-16T15:38:33.097+0000: 1027.418: [GC [PSYoungGen: 156102K->790K(152960K)] 375687K->220455K(839936K), 0.0065420 secs] [Times: user=0.04 sys=0.01, real=0.01 secs] 
2014-07-16T15:38:33.679+0000: 1028.000: [GC [PSYoungGen: 152903K->1212K(150528K)] 372569K->220909K(837504K), 0.0039800 secs] [Times: user=0.01 sys=0.00, real=0.00 secs] 
2014-07-16T15:38:34.203+0000: 1028.524: [GC [PSYoungGen: 150524K->1450K(148096K)] 370221K->221243K(835072K), 0.0068080 secs] [Times: user=0.03 sys=0.00, real=0.01 secs] 
2014-07-16T15:38:34.792+0000: 1029.114: [GC [PSYoungGen: 148033K->694K(176704K)] 367827K->221035K(863680K), 0.0102600 secs] [Times: user=0.06 sys=0.01, real=0.01 secs] 
2014-07-16T15:38:35.381+0000: 1029.702: [GC [PSYoungGen: 176694K->1090K(212352K)] 397035K->221495K(899328K), 0.0102190 secs] [Times: user=0.07 sys=0.00, real=0.01 secs] 
2014-07-16T15:38:36.163+0000: 1030.485: [GC [PSYoungGen: 212290K->1018K(254464K)] 432695K->221909K(941440K), 0.0047360 secs] [Times: user=0.02 sys=0.01, real=0.00 secs] 
2014-07-16T15:38:37.097+0000: 1031.419: [GC [PSYoungGen: 254458K->1382K(248576K)] 475349K->222361K(935552K), 0.0051540 secs] [Times: user=0.04 sys=0.00, real=0.01 secs] 
2014-07-16T15:38:37.990+0000: 1032.312: [GC [PSYoungGen: 248550K->722K(263360K)] 469529K->221757K(950336K), 0.0133400 secs] [Times: user=0.07 sys=0.01, real=0.01 secs] 
2014-07-16T15:38:38.956+0000: 1033.277: [GC [PSYoungGen: 263122K->1004K(256832K)] 484157K->222127K(943808K), 0.0074910 secs] [Times: user=0.04 sys=0.00, real=0.01 secs] 
2014-07-16T15:38:39.930+0000: 1034.251: [GC [PSYoungGen: 256812K->738K(250240K)] 477935K->222373K(937216K), 0.0076030 secs] [Times: user=0.05 sys=0.00, real=0.00 secs] 
2014-07-16T15:38:40.793+0000: 1035.114: [GC [PSYoungGen: 250210K->1394K(244800K)] 471845K->223086K(931776K), 0.0034960 secs] [Times: user=0.02 sys=0.00, real=0.00 secs] 
2014-07-16T15:38:41.669+0000: 1035.990: [GC [PSYoungGen: 244721K->880K(238400K)] 466413K->223000K(925376K), 0.0072000 secs] [Times: user=0.05 sys=0.00, real=0.01 secs] 
2014-07-16T15:38:42.533+0000: 1036.854: [GC [PSYoungGen: 238384K->712K(232640K)] 460504K->222920K(919616K), 0.0039640 secs] [Times: user=0.02 sys=0.00, real=0.00 secs] 
2014-07-16T15:38:43.374+0000: 1037.695: [GC [PSYoungGen: 232547K->1190K(227648K)] 454755K->223486K(914624K), 0.0076620 secs] [Times: user=0.05 sys=0.00, real=0.01 secs] 
2014-07-16T15:38:44.174+0000: 1038.495: [GC [PSYoungGen: 227622K->808K(222016K)] 449918K->223184K(908992K), 0.0061890 secs] [Times: user=0.03 sys=0.00, real=0.01 secs] 
2014-07-16T15:38:44.995+0000: 1039.317: [GC [PSYoungGen: 221992K->1440K(217600K)] 444368K->223962K(904576K), 0.0046200 secs] [Times: user=0.02 sys=0.00, real=0.01 secs] 
2014-07-16T15:38:45.773+0000: 1040.094: [GC [PSYoungGen: 217568K->980K(212224K)] 440090K->223550K(899200K), 0.0064330 secs] [Times: user=0.04 sys=0.00, real=0.00 secs] 
2014-07-16T15:38:46.542+0000: 1040.863: [GC [PSYoungGen: 212180K->936K(207424K)] 434750K->223562K(894400K), 0.0045150 secs] [Times: user=0.01 sys=0.00, real=0.00 secs] 
2014-07-16T15:38:47.298+0000: 1041.619: [GC [PSYoungGen: 207300K->1722K(203648K)] 429926K->224476K(890624K), 0.0037740 secs] [Times: user=0.02 sys=0.00, real=0.01 secs] 
2014-07-16T15:38:48.014+0000: 1042.335: [GC [PSYoungGen: 203617K->816K(198336K)] 426371K->223756K(885312K), 0.0052200 secs] [Times: user=0.03 sys=0.00, real=0.00 secs] 
2014-07-16T15:38:48.721+0000: 1043.042: [GC [PSYoungGen: 198287K->680K(193984K)] 421227K->223684K(880960K), 0.0044420 secs] [Times: user=0.02 sys=0.01, real=0.00 secs] 
2014-07-16T15:38:49.466+0000: 1043.787: [GC [PSYoungGen: 193957K->1086K(190272K)] 416961K->224170K(877248K), 0.0065480 secs] [Times: user=0.03 sys=0.00, real=0.01 secs] 
2014-07-16T15:38:50.145+0000: 1044.467: [GC [PSYoungGen: 190214K->1182K(186432K)] 413298K->224378K(873408K), 0.0054730 secs] [Times: user=0.03 sys=0.00, real=0.00 secs] 
2014-07-16T15:38:50.804+0000: 1045.125: [GC [PSYoungGen: 186398K->908K(182336K)] 409594K->224168K(869312K), 0.0114060 secs] [Times: user=0.06 sys=0.00, real=0.01 secs] 
2014-07-16T15:38:51.458+0000: 1045.779: [GC [PSYoungGen: 182284K->994K(178688K)] 405544K->224326K(865664K), 0.0074050 secs] [Times: user=0.04 sys=0.00, real=0.01 secs] 
2014-07-16T15:38:52.111+0000: 1046.432: [GC [PSYoungGen: 178658K->872K(174976K)] 401990K->224268K(861952K), 0.0037510 secs] [Times: user=0.02 sys=0.00, real=0.01 secs] 
2014-07-16T15:38:52.751+0000: 1047.072: [GC [PSYoungGen: 174952K->1032K(171712K)] 398348K->224524K(858688K), 0.0080290 secs] [Times: user=0.03 sys=0.01, real=0.00 secs] 
2014-07-16T15:38:53.400+0000: 1047.722: [GC [PSYoungGen: 171655K->1222K(168512K)] 395147K->224778K(855488K), 0.0046040 secs] [Times: user=0.02 sys=0.00, real=0.01 secs] 
2014-07-16T15:38:54.006+0000: 1048.327: [GC [PSYoungGen: 168454K->1214K(201920K)] 392010K->224842K(888896K), 0.0124010 secs] [Times: user=0.07 sys=0.00, real=0.01 secs] 
2014-07-16T15:38:54.701+0000: 1049.022: [GC [PSYoungGen: 201889K->890K(197248K)] 425517K->224614K(884224K), 0.0036700 secs] [Times: user=0.02 sys=0.00, real=0.01 secs] 
2014-07-16T15:38:55.439+0000: 1049.760: [GC [PSYoungGen: 197240K->1576K(193728K)] 420964K->225736K(880704K), 0.0038550 secs] [Times: user=0.02 sys=0.00, real=0.01 secs] 
2014-07-16T15:38:56.144+0000: 1050.465: [GC [PSYoungGen: 193703K->748K(188800K)] 417863K->225164K(875776K), 0.0034150 secs] [Times: user=0.01 sys=0.01, real=0.00 secs] 
2014-07-16T15:38:56.809+0000: 1051.130: [GC [PSYoungGen: 188780K->962K(185152K)] 413196K->225450K(872128K), 0.0059410 secs] [Times: user=0.04 sys=0.01, real=0.01 secs] 
2014-07-16T15:38:57.463+0000: 1051.784: [GC [PSYoungGen: 185090K->826K(181184K)] 409578K->225410K(868160K), 0.0053530 secs] [Times: user=0.04 sys=0.00, real=0.00 secs] 
2014-07-16T15:38:58.116+0000: 1052.438: [GC [PSYoungGen: 181178K->950K(177600K)] 405762K->225606K(864576K), 0.0052570 secs] [Times: user=0.03 sys=0.00, real=0.00 secs] 
2014-07-16T15:38:58.755+0000: 1053.076: [GC [PSYoungGen: 177556K->758K(173824K)] 402212K->225486K(860800K), 0.0064920 secs] [Times: user=0.04 sys=0.00, real=0.00 secs] 
2014-07-16T15:38:59.382+0000: 1053.703: [GC [PSYoungGen: 173814K->630K(170240K)] 398542K->225454K(857216K), 0.0070320 secs] [Times: user=0.04 sys=0.00, real=0.01 secs] 
2014-07-16T15:39:00.115+0000: 1054.437: [GC [PSYoungGen: 170230K->1206K(167488K)] 395054K->226094K(854464K), 0.0038470 secs] [Times: user=0.01 sys=0.00, real=0.00 secs] 
2014-07-16T15:39:00.642+0000: 1054.963: [GC [PSYoungGen: 167455K->772K(163904K)] 392344K->225740K(850880K), 0.0067080 secs] [Times: user=0.04 sys=0.00, real=0.01 secs] 
2014-07-16T15:39:01.230+0000: 1055.552: [GC [PSYoungGen: 163844K->990K(160960K)] 388812K->226078K(847936K), 0.0038420 secs] [Times: user=0.02 sys=0.01, real=0.01 secs] 
2014-07-16T15:39:01.804+0000: 1056.125: [GC [PSYoungGen: 160926K->1200K(158144K)] 386014K->226368K(845120K), 0.0037330 secs] [Times: user=0.01 sys=0.01, real=0.00 secs] 
2014-07-16T15:39:02.365+0000: 1056.687: [GC [PSYoungGen: 158110K->876K(154880K)] 383279K->226100K(841856K), 0.0090240 secs] [Times: user=0.06 sys=0.00, real=0.01 secs] 
2014-07-16T15:39:02.933+0000: 1057.254: [GC [PSYoungGen: 154860K->1268K(152448K)] 380084K->226572K(839424K), 0.0047820 secs] [Times: user=0.02 sys=0.00, real=0.00 secs] 
2014-07-16T15:39:03.495+0000: 1057.816: [GC [PSYoungGen: 152436K->762K(182208K)] 377740K->226122K(869184K), 0.0098790 secs] [Times: user=0.06 sys=0.00, real=0.01 secs] 
2014-07-16T15:39:04.179+0000: 1058.500: [GC [PSYoungGen: 182202K->1660K(219392K)] 407562K->227068K(906368K), 0.0120510 secs] [Times: user=0.08 sys=0.00, real=0.01 secs] 
2014-07-16T15:39:04.956+0000: 1059.278: [GC [PSYoungGen: 219387K->948K(238784K)] 444795K->226568K(925760K), 0.0083410 secs] [Times: user=0.04 sys=0.01, real=0.01 secs] 
2014-07-16T15:39:05.851+0000: 1060.173: [GC [PSYoungGen: 238772K->1228K(239616K)] 464392K->226952K(926592K), 0.0040260 secs] [Times: user=0.02 sys=0.00, real=0.01 secs] 
2014-07-16T15:39:06.792+0000: 1061.113: [GC [PSYoungGen: 239052K->940K(233088K)] 464776K->226770K(920064K), 0.0069090 secs] [Times: user=0.04 sys=0.00, real=0.01 secs] 
2014-07-16T15:39:07.619+0000: 1061.941: [GC [PSYoungGen: 233022K->1282K(228032K)] 458852K->227224K(915008K), 0.0063680 secs] [Times: user=0.04 sys=0.01, real=0.01 secs] 
2014-07-16T15:39:08.438+0000: 1062.759: [GC [PSYoungGen: 227970K->1190K(222656K)] 453912K->227296K(909632K), 0.0053210 secs] [Times: user=0.03 sys=0.00, real=0.00 secs] 
2014-07-16T15:39:09.239+0000: 1063.560: [GC [PSYoungGen: 222630K->1004K(217408K)] 448736K->227230K(904384K), 0.0035690 secs] [Times: user=0.02 sys=0.00, real=0.00 secs] 
2014-07-16T15:39:10.054+0000: 1064.376: [GC [PSYoungGen: 217388K->854K(212352K)] 443614K->227120K(899328K), 0.0116280 secs] [Times: user=0.06 sys=0.00, real=0.01 secs] 
2014-07-16T15:39:10.825+0000: 1065.147: [GC [PSYoungGen: 212250K->1482K(208256K)] 438516K->227820K(895232K), 0.0044020 secs] [Times: user=0.02 sys=0.00, real=0.00 secs] 
2014-07-16T15:39:11.573+0000: 1065.894: [GC [PSYoungGen: 208163K->1072K(203264K)] 434501K->227482K(890240K), 0.0046540 secs] [Times: user=0.03 sys=0.00, real=0.01 secs] 
2014-07-16T15:39:12.316+0000: 1066.638: [GC [PSYoungGen: 203248K->762K(198528K)] 429658K->227212K(885504K), 0.0043860 secs] [Times: user=0.01 sys=0.00, real=0.00 secs] 
2014-07-16T15:39:13.037+0000: 1067.359: [GC [PSYoungGen: 198522K->1122K(194624K)] 424972K->227620K(881600K), 0.0114540 secs] [Times: user=0.06 sys=0.00, real=0.01 secs] 
2014-07-16T15:39:13.723+0000: 1068.045: [GC [PSYoungGen: 194594K->1058K(233280K)] 421092K->227588K(920256K), 0.0091370 secs] [Times: user=0.04 sys=0.00, real=0.01 secs] 
2014-07-16T15:39:14.562+0000: 1068.883: [GC [PSYoungGen: 233250K->804K(227584K)] 459780K->227398K(914560K), 0.0053780 secs] [Times: user=0.03 sys=0.00, real=0.01 secs] 
2014-07-16T15:39:15.381+0000: 1069.702: [GC [PSYoungGen: 227556K->876K(222400K)] 454150K->227534K(909376K), 0.0040040 secs] [Times: user=0.01 sys=0.00, real=0.00 secs] 
2014-07-16T15:39:16.180+0000: 1070.501: [GC [PSYoungGen: 222380K->1204K(217664K)] 449038K->227958K(904640K), 0.0048690 secs] [Times: user=0.04 sys=0.00, real=0.00 secs] 
2014-07-16T15:39:16.963+0000: 1071.285: [GC [PSYoungGen: 217630K->808K(212352K)] 444385K->227634K(899328K), 0.0090390 secs] [Times: user=0.06 sys=0.00, real=0.01 secs] 
2014-07-16T15:39:17.751+0000: 1072.072: [GC [PSYoungGen: 212328K->1332K(208128K)] 439154K->228354K(895104K), 0.0028410 secs] [Times: user=0.01 sys=0.01, real=0.00 secs] 
2014-07-16T15:39:18.486+0000: 1072.807: [GC [PSYoungGen: 208116K->830K(203072K)] 435138K->227932K(890048K), 0.0034480 secs] [Times: user=0.02 sys=0.00, real=0.00 secs] 
2014-07-16T15:39:19.223+0000: 1073.545: [GC [PSYoungGen: 203070K->1076K(198912K)] 430172K->228242K(885888K), 0.0053690 secs] [Times: user=0.04 sys=0.00, real=0.01 secs] 
2014-07-16T15:39:19.959+0000: 1074.280: [GC [PSYoungGen: 198900K->1592K(195136K)] 426066K->228920K(882112K), 0.0059220 secs] [Times: user=0.03 sys=0.00, real=0.00 secs] 
2014-07-16T15:39:20.715+0000: 1075.037: [GC [PSYoungGen: 195128K->566K(190016K)] 422456K->228520K(876992K), 0.0055200 secs] [Times: user=0.02 sys=0.00, real=0.01 secs] 
2014-07-16T15:39:21.404+0000: 1075.725: [GC [PSYoungGen: 190006K->1186K(186688K)] 417960K->229228K(873664K), 0.0037060 secs] [Times: user=0.02 sys=0.01, real=0.01 secs] 
2014-07-16T15:39:22.073+0000: 1076.394: [GC [PSYoungGen: 186658K->1168K(182848K)] 414700K->229456K(869824K), 0.0033580 secs] [Times: user=0.02 sys=0.00, real=0.01 secs] 
2014-07-16T15:39:22.718+0000: 1077.040: [GC [PSYoungGen: 182800K->786K(178752K)] 411088K->229138K(865728K), 0.0073610 secs] [Times: user=0.04 sys=0.00, real=0.00 secs] 
2014-07-16T15:39:23.372+0000: 1077.694: [GC [PSYoungGen: 178634K->1058K(175424K)] 406986K->229466K(862400K), 0.0073750 secs] [Times: user=0.04 sys=0.00, real=0.01 secs] 
2014-07-16T15:39:24.017+0000: 1078.339: [GC [PSYoungGen: 175393K->726K(171648K)] 403802K->229166K(858624K), 0.0045370 secs] [Times: user=0.02 sys=0.00, real=0.00 secs] 
2014-07-16T15:39:24.637+0000: 1078.958: [GC [PSYoungGen: 171606K->990K(206080K)] 400046K->229478K(893056K), 0.0123240 secs] [Times: user=0.07 sys=0.00, real=0.01 secs] 
2014-07-16T15:39:25.431+0000: 1079.753: [GC [PSYoungGen: 206046K->1222K(201856K)] 434534K->229798K(888832K), 0.0040870 secs] [Times: user=0.01 sys=0.01, real=0.00 secs] 
2014-07-16T15:39:26.145+0000: 1080.467: [GC [PSYoungGen: 201797K->858K(197120K)] 430374K->229482K(884096K), 0.0051040 secs] [Times: user=0.02 sys=0.00, real=0.01 secs] 
2014-07-16T15:39:26.885+0000: 1081.207: [GC [PSYoungGen: 197082K->1386K(193408K)] 425706K->230082K(880384K), 0.0042280 secs] [Times: user=0.02 sys=0.00, real=0.01 secs] 
2014-07-16T15:39:27.576+0000: 1081.897: [GC [PSYoungGen: 193386K->790K(188736K)] 422082K->229566K(875712K), 0.0048340 secs] [Times: user=0.02 sys=0.00, real=0.01 secs] 
2014-07-16T15:39:28.237+0000: 1082.559: [GC [PSYoungGen: 188692K->1094K(185152K)] 417469K->229942K(872128K), 0.0077020 secs] [Times: user=0.06 sys=0.00, real=0.00 secs] 
2014-07-16T15:39:28.896+0000: 1083.217: [GC [PSYoungGen: 185094K->840K(181120K)] 413942K->229736K(868096K), 0.0070940 secs] [Times: user=0.03 sys=0.00, real=0.01 secs] 
2014-07-16T15:39:29.542+0000: 1083.863: [GC [PSYoungGen: 181064K->794K(177408K)] 409960K->229754K(864384K), 0.0078890 secs] [Times: user=0.05 sys=0.00, real=0.01 secs] 
2014-07-16T15:39:30.173+0000: 1084.494: [GC [PSYoungGen: 177370K->480K(173504K)] 406330K->229480K(860480K), 0.0039060 secs] [Times: user=0.02 sys=0.00, real=0.00 secs] 
2014-07-16T15:39:30.813+0000: 1085.134: [GC [PSYoungGen: 173469K->1108K(170688K)] 402469K->230164K(857664K), 0.0040980 secs] [Times: user=0.02 sys=0.00, real=0.01 secs] 
2014-07-16T15:39:31.434+0000: 1085.755: [GC [PSYoungGen: 170644K->758K(166976K)] 399700K->229894K(853952K), 0.0053360 secs] [Times: user=0.04 sys=0.00, real=0.01 secs] 
2014-07-16T15:39:32.035+0000: 1086.357: [GC [PSYoungGen: 166966K->1582K(164608K)] 396102K->230890K(851584K), 0.0061180 secs] [Times: user=0.03 sys=0.00, real=0.01 secs] 
2014-07-16T15:39:32.624+0000: 1086.945: [GC [PSYoungGen: 164590K->862K(196544K)] 393898K->230210K(883520K), 0.0093880 secs] [Times: user=0.06 sys=0.00, real=0.01 secs] 
2014-07-16T15:39:33.327+0000: 1087.648: [GC [PSYoungGen: 196510K->740K(192256K)] 425858K->230168K(879232K), 0.0036160 secs] [Times: user=0.02 sys=0.00, real=0.01 secs] 
2014-07-16T15:39:34.031+0000: 1088.352: [GC [PSYoungGen: 192206K->1000K(188480K)] 421635K->230492K(875456K), 0.0073330 secs] [Times: user=0.05 sys=0.00, real=0.01 secs] 
2014-07-16T15:39:34.720+0000: 1089.041: [GC [PSYoungGen: 188456K->890K(184448K)] 417948K->230446K(871424K), 0.0039710 secs] [Times: user=0.01 sys=0.00, real=0.00 secs] 
2014-07-16T15:39:35.480+0000: 1089.801: [GC [PSYoungGen: 184442K->1160K(180992K)] 413998K->230804K(867968K), 0.0050520 secs] [Times: user=0.03 sys=0.00, real=0.00 secs] 
2014-07-16T15:39:36.098+0000: 1090.420: [GC [PSYoungGen: 180936K->726K(176896K)] 410580K->230466K(863872K), 0.0095780 secs] [Times: user=0.05 sys=0.00, real=0.00 secs] 
2014-07-16T15:39:36.758+0000: 1091.079: [GC [PSYoungGen: 176854K->804K(173440K)] 406594K->230600K(860416K), 0.0041050 secs] [Times: user=0.02 sys=0.00, real=0.01 secs] 
2014-07-16T15:39:37.381+0000: 1091.703: [GC [PSYoungGen: 173412K->1358K(170560K)] 403208K->231202K(857536K), 0.0039540 secs] [Times: user=0.02 sys=0.00, real=0.00 secs] 
2014-07-16T15:39:38.000+0000: 1092.321: [GC [PSYoungGen: 170510K->882K(166720K)] 400354K->230846K(853696K), 0.0074120 secs] [Times: user=0.05 sys=0.00, real=0.00 secs] 
2014-07-16T15:39:38.602+0000: 1092.923: [GC [PSYoungGen: 166706K->1000K(163648K)] 396670K->231044K(850624K), 0.0057360 secs] [Times: user=0.04 sys=0.00, real=0.01 secs] 
2014-07-16T15:39:39.182+0000: 1093.503: [GC [PSYoungGen: 163624K->990K(160512K)] 393668K->231122K(847488K), 0.0051220 secs] [Times: user=0.03 sys=0.00, real=0.00 secs] 
2014-07-16T15:39:39.763+0000: 1094.084: [GC [PSYoungGen: 160478K->1090K(157632K)] 390610K->231270K(844608K), 0.0069220 secs] [Times: user=0.04 sys=0.00, real=0.01 secs] 
2014-07-16T15:39:40.316+0000: 1094.637: [GC [PSYoungGen: 157570K->802K(154368K)] 387750K->231176K(841344K), 0.0036740 secs] [Times: user=0.02 sys=0.01, real=0.01 secs] 
2014-07-16T15:39:40.883+0000: 1095.204: [GC [PSYoungGen: 154304K->694K(151424K)] 384679K->231132K(838400K), 0.0054920 secs] [Times: user=0.02 sys=0.00, real=0.00 secs] 
2014-07-16T15:39:41.442+0000: 1095.763: [GC [PSYoungGen: 151414K->748K(148736K)] 381852K->231292K(835712K), 0.0060640 secs] [Times: user=0.04 sys=0.00, real=0.00 secs] 
2014-07-16T15:39:41.993+0000: 1096.314: [GC [PSYoungGen: 148716K->1400K(179008K)] 379260K->232108K(865984K), 0.0085110 secs] [Times: user=0.03 sys=0.00, real=0.01 secs] 
2014-07-16T15:39:42.637+0000: 1096.959: [GC [PSYoungGen: 178904K->702K(213824K)] 409613K->231752K(900800K), 0.0112360 secs] [Times: user=0.07 sys=0.00, real=0.01 secs] 
2014-07-16T15:39:43.413+0000: 1097.735: [GC [PSYoungGen: 213822K->1240K(254784K)] 444872K->232362K(941760K), 0.0028730 secs] [Times: user=0.02 sys=0.00, real=0.00 secs] 
2014-07-16T15:39:44.303+0000: 1098.625: [GC [PSYoungGen: 254407K->876K(247808K)] 485529K->232320K(934784K), 0.0083240 secs] [Times: user=0.05 sys=0.01, real=0.01 secs] 
2014-07-16T15:39:45.214+0000: 1099.535: [GC [PSYoungGen: 247788K->854K(241792K)] 479232K->232354K(928768K), 0.0075720 secs] [Times: user=0.04 sys=0.00, real=0.01 secs] 
2014-07-16T15:39:46.085+0000: 1100.407: [GC [PSYoungGen: 241722K->872K(236032K)] 473222K->232460K(923008K), 0.0047670 secs] [Times: user=0.03 sys=0.00, real=0.01 secs] 
2014-07-16T15:39:46.925+0000: 1101.246: [GC [PSYoungGen: 236008K->1326K(230912K)] 467596K->232978K(917888K), 0.0054890 secs] [Times: user=0.04 sys=0.00, real=0.01 secs] 
2014-07-16T15:39:47.754+0000: 1102.075: [GC [PSYoungGen: 230894K->866K(225088K)] 462546K->232774K(912064K), 0.0038450 secs] [Times: user=0.02 sys=0.01, real=0.00 secs] 
2014-07-16T15:39:48.550+0000: 1102.871: [GC [PSYoungGen: 225033K->1444K(220480K)] 456941K->233393K(907456K), 0.0069300 secs] [Times: user=0.03 sys=0.00, real=0.00 secs] 
2014-07-16T15:39:49.337+0000: 1103.658: [GC [PSYoungGen: 220385K->870K(214912K)] 452334K->233517K(901888K), 0.0107620 secs] [Times: user=0.06 sys=0.00, real=0.01 secs] 
2014-07-16T15:39:50.108+0000: 1104.430: [GC [PSYoungGen: 214837K->958K(210176K)] 447484K->233677K(897152K), 0.0063460 secs] [Times: user=0.04 sys=0.00, real=0.01 secs] 
2014-07-16T15:39:50.905+0000: 1105.227: [GC [PSYoungGen: 210174K->1094K(205696K)] 442893K->233977K(892672K), 0.0101020 secs] [Times: user=0.06 sys=0.00, real=0.01 secs] 
2014-07-16T15:39:51.630+0000: 1105.952: [GC [PSYoungGen: 205628K->1082K(201152K)] 438511K->234052K(888128K), 0.0033350 secs] [Times: user=0.02 sys=0.00, real=0.00 secs] 
2014-07-16T15:39:52.346+0000: 1106.667: [GC [PSYoungGen: 201146K->890K(196608K)] 434116K->233941K(883584K), 0.0078470 secs] [Times: user=0.06 sys=0.00, real=0.01 secs] 
2014-07-16T15:39:53.063+0000: 1107.384: [GC [PSYoungGen: 196601K->1244K(192832K)] 429652K->234367K(879808K), 0.0065900 secs] [Times: user=0.04 sys=0.00, real=0.00 secs] 
2014-07-16T15:39:53.770+0000: 1108.091: [GC [PSYoungGen: 192755K->786K(188352K)] 425878K->233980K(875328K), 0.0031550 secs] [Times: user=0.02 sys=0.00, real=0.01 secs] 
2014-07-16T15:39:54.453+0000: 1108.774: [GC [PSYoungGen: 188306K->1172K(184832K)] 421500K->234463K(871808K), 0.0053830 secs] [Times: user=0.04 sys=0.00, real=0.00 secs] 
2014-07-16T15:39:55.125+0000: 1109.446: [GC [PSYoungGen: 184788K->1326K(181184K)] 418079K->234913K(868160K), 0.0056900 secs] [Times: user=0.03 sys=0.00, real=0.00 secs] 
2014-07-16T15:39:55.828+0000: 1110.149: [GC [PSYoungGen: 181166K->1244K(177472K)] 414753K->234871K(864448K), 0.0068430 secs] [Times: user=0.04 sys=0.00, real=0.01 secs] 
2014-07-16T15:39:56.444+0000: 1110.765: [GC [PSYoungGen: 177436K->804K(173504K)] 411063K->234534K(860480K), 0.0080000 secs] [Times: user=0.06 sys=0.00, real=0.01 secs] 
2014-07-16T15:39:57.082+0000: 1111.403: [GC [PSYoungGen: 173455K->658K(169920K)] 407186K->234492K(856896K), 0.0067090 secs] [Times: user=0.04 sys=0.00, real=0.00 secs] 
2014-07-16T15:39:57.686+0000: 1112.007: [GC [PSYoungGen: 169874K->830K(166720K)] 403708K->234721K(853696K), 0.0045050 secs] [Times: user=0.02 sys=0.00, real=0.00 secs] 
2014-07-16T15:39:58.296+0000: 1112.618: [GC [PSYoungGen: 166718K->1082K(163776K)] 400609K->235053K(850752K), 0.0067310 secs] [Times: user=0.04 sys=0.00, real=0.01 secs] 
2014-07-16T15:39:58.930+0000: 1113.252: [GC [PSYoungGen: 163770K->1200K(160768K)] 397741K->235251K(847744K), 0.0071810 secs] [Times: user=0.05 sys=0.00, real=0.01 secs] 
2014-07-16T15:39:59.468+0000: 1113.789: [GC [PSYoungGen: 160752K->776K(192320K)] 394803K->234883K(879296K), 0.0068850 secs] [Times: user=0.04 sys=0.00, real=0.01 secs] 
2014-07-16T15:40:00.165+0000: 1114.487: [GC [PSYoungGen: 192262K->794K(188288K)] 426369K->234981K(875264K), 0.0049820 secs] [Times: user=0.03 sys=0.00, real=0.00 secs] 
2014-07-16T15:40:00.893+0000: 1115.214: [GC [PSYoungGen: 188245K->1150K(184704K)] 422432K->235425K(871680K), 0.0032270 secs] [Times: user=0.02 sys=0.00, real=0.00 secs] 
2014-07-16T15:40:01.507+0000: 1115.828: [GC [PSYoungGen: 184702K->1218K(181056K)] 418977K->235589K(868032K), 0.0067350 secs] [Times: user=0.04 sys=0.00, real=0.01 secs] 
2014-07-16T15:40:02.152+0000: 1116.473: [GC [PSYoungGen: 180994K->1172K(177344K)] 415365K->235615K(864320K), 0.0050700 secs] [Times: user=0.03 sys=0.00, real=0.01 secs] 
2014-07-16T15:40:02.774+0000: 1117.095: [GC [PSYoungGen: 177300K->890K(173504K)] 411743K->235721K(860480K), 0.0071430 secs] [Times: user=0.05 sys=0.00, real=0.00 secs] 
2014-07-16T15:40:03.400+0000: 1117.722: [GC [PSYoungGen: 173498K->694K(169856K)] 408329K->235581K(856832K), 0.0055240 secs] [Times: user=0.02 sys=0.00, real=0.01 secs] 
2014-07-16T15:40:03.995+0000: 1118.317: [GC [PSYoungGen: 169846K->1222K(204288K)] 404733K->236181K(891264K), 0.0080310 secs] [Times: user=0.05 sys=0.00, real=0.01 secs] 
2014-07-16T15:40:04.729+0000: 1119.051: [GC [PSYoungGen: 204230K->694K(199296K)] 439189K->235717K(886272K), 0.0032370 secs] [Times: user=0.02 sys=0.00, real=0.01 secs] 
2014-07-16T15:40:05.458+0000: 1119.780: [GC [PSYoungGen: 199286K->1390K(195712K)] 434309K->236509K(882688K), 0.0064590 secs] [Times: user=0.04 sys=0.00, real=0.01 secs] 
2014-07-16T15:40:06.228+0000: 1120.550: [GC [PSYoungGen: 195653K->1132K(191296K)] 430772K->236323K(878272K), 0.0040900 secs] [Times: user=0.02 sys=0.00, real=0.01 secs] 
2014-07-16T15:40:06.906+0000: 1121.228: [GC [PSYoungGen: 191276K->1064K(187200K)] 426467K->236335K(874176K), 0.0048650 secs] [Times: user=0.02 sys=0.00, real=0.00 secs] 
2014-07-16T15:40:07.588+0000: 1121.910: [GC [PSYoungGen: 187176K->1114K(183424K)] 422447K->236449K(870400K), 0.0063220 secs] [Times: user=0.04 sys=0.00, real=0.01 secs] 
2014-07-16T15:40:08.242+0000: 1122.564: [GC [PSYoungGen: 183386K->922K(179520K)] 418721K->236337K(866496K), 0.0084710 secs] [Times: user=0.05 sys=0.00, real=0.01 secs] 
2014-07-16T15:40:08.882+0000: 1123.203: [GC [PSYoungGen: 179482K->1250K(176192K)] 414897K->236721K(863168K), 0.0042480 secs] [Times: user=0.02 sys=0.00, real=0.01 secs] 
2014-07-16T15:40:09.530+0000: 1123.851: [GC [PSYoungGen: 176162K->1004K(172416K)] 411633K->236547K(859392K), 0.0066090 secs] [Times: user=0.05 sys=0.00, real=0.01 secs] 
2014-07-16T15:40:10.140+0000: 1124.462: [GC [PSYoungGen: 172359K->1518K(169536K)] 407902K->237101K(856512K), 0.0086690 secs] [Times: user=0.04 sys=0.00, real=0.01 secs] 
2014-07-16T15:40:10.740+0000: 1125.061: [GC [PSYoungGen: 169518K->702K(202304K)] 405101K->236891K(889280K), 0.0065460 secs] [Times: user=0.04 sys=0.00, real=0.01 secs] 
2014-07-16T15:40:11.469+0000: 1125.790: [GC [PSYoungGen: 202302K->1072K(233600K)] 438491K->237309K(920576K), 0.0114250 secs] [Times: user=0.06 sys=0.00, real=0.01 secs] 
2014-07-16T15:40:12.320+0000: 1126.642: [GC [PSYoungGen: 232944K->1596K(243456K)] 469181K->238037K(930432K), 0.0059910 secs] [Times: user=0.04 sys=0.00, real=0.01 secs] 
2014-07-16T15:40:13.215+0000: 1127.536: [GC [PSYoungGen: 243388K->790K(236800K)] 479829K->237327K(923776K), 0.0058900 secs] [Times: user=0.04 sys=0.00, real=0.00 secs] 
2014-07-16T15:40:14.068+0000: 1128.389: [GC [PSYoungGen: 236758K->1004K(231360K)] 473295K->237803K(918336K), 0.0029560 secs] [Times: user=0.02 sys=0.00, real=0.00 secs] 
2014-07-16T15:40:14.889+0000: 1129.210: [GC [PSYoungGen: 231340K->712K(225728K)] 468139K->237591K(912704K), 0.0053830 secs] [Times: user=0.04 sys=0.00, real=0.01 secs] 
2014-07-16T15:40:15.708+0000: 1130.030: [GC [PSYoungGen: 225672K->1008K(220800K)] 462551K->237975K(907776K), 0.0049320 secs] [Times: user=0.02 sys=0.00, real=0.00 secs] 
2014-07-16T15:40:16.510+0000: 1130.831: [GC [PSYoungGen: 220784K->580K(215360K)] 457751K->237595K(902336K), 0.0033480 secs] [Times: user=0.02 sys=0.00, real=0.00 secs] 
2014-07-16T15:40:17.293+0000: 1131.615: [GC [PSYoungGen: 215254K->908K(210816K)] 452269K->238019K(897792K), 0.0041480 secs] [Times: user=0.02 sys=0.00, real=0.01 secs] 
2014-07-16T15:40:18.047+0000: 1132.368: [GC [PSYoungGen: 210764K->904K(206144K)] 447875K->238079K(893120K), 0.0077430 secs] [Times: user=0.04 sys=0.00, real=0.01 secs] 
2014-07-16T15:40:18.787+0000: 1133.108: [GC [PSYoungGen: 206088K->804K(201472K)] 443263K->238051K(888448K), 0.0041320 secs] [Times: user=0.02 sys=0.00, real=0.00 secs] 
2014-07-16T15:40:19.521+0000: 1133.843: [GC [PSYoungGen: 201438K->958K(197248K)] 438685K->238285K(884224K), 0.0065100 secs] [Times: user=0.04 sys=0.00, real=0.01 secs] 
2014-07-16T15:40:20.248+0000: 1134.569: [GC [PSYoungGen: 197233K->1382K(193472K)] 434560K->238773K(880448K), 0.0070450 secs] [Times: user=0.02 sys=0.00, real=0.01 secs] 
2014-07-16T15:40:20.924+0000: 1135.246: [GC [PSYoungGen: 193446K->858K(188864K)] 430837K->238305K(875840K), 0.0056360 secs] [Times: user=0.03 sys=0.00, real=0.01 secs] 
2014-07-16T15:40:21.636+0000: 1135.957: [GC [PSYoungGen: 188826K->580K(184704K)] 426273K->238067K(871680K), 0.0102380 secs] [Times: user=0.05 sys=0.01, real=0.01 secs] 
2014-07-16T15:40:22.310+0000: 1136.631: [GC [PSYoungGen: 184644K->712K(181056K)] 422131K->238255K(868032K), 0.0055240 secs] [Times: user=0.03 sys=0.00, real=0.01 secs] 
2014-07-16T15:40:22.973+0000: 1137.294: [GC [PSYoungGen: 181000K->932K(177600K)] 418543K->238523K(864576K), 0.0059980 secs] [Times: user=0.03 sys=0.01, real=0.01 secs] 
2014-07-16T15:40:23.619+0000: 1137.941: [GC [PSYoungGen: 177572K->762K(173824K)] 415163K->238377K(860800K), 0.0052870 secs] [Times: user=0.01 sys=0.00, real=0.00 secs] 
2014-07-16T15:40:24.230+0000: 1138.552: [GC [PSYoungGen: 173818K->808K(170432K)] 411433K->238487K(857408K), 0.0040950 secs] [Times: user=0.02 sys=0.00, real=0.00 secs] 
2014-07-16T15:40:24.852+0000: 1139.173: [GC [PSYoungGen: 170408K->658K(166976K)] 408087K->238393K(853952K), 0.0075500 secs] [Times: user=0.04 sys=0.00, real=0.01 secs] 
2014-07-16T15:40:25.450+0000: 1139.771: [GC [PSYoungGen: 166930K->844K(163968K)] 404665K->238651K(850944K), 0.0042360 secs] [Times: user=0.02 sys=0.00, real=0.00 secs] 
2014-07-16T15:40:26.122+0000: 1140.443: [GC [PSYoungGen: 163916K->1316K(161280K)] 401723K->239219K(848256K), 0.0064460 secs] [Times: user=0.04 sys=0.00, real=0.01 secs] 
2014-07-16T15:40:26.642+0000: 1140.963: [GC [PSYoungGen: 161206K->762K(157696K)] 399109K->238949K(844672K), 0.0062500 secs] [Times: user=0.04 sys=0.00, real=0.01 secs] 
2014-07-16T15:40:27.202+0000: 1141.523: [GC [PSYoungGen: 157690K->1294K(189696K)] 395877K->239537K(876672K), 0.0068150 secs] [Times: user=0.04 sys=0.00, real=0.01 secs] 
2014-07-16T15:40:27.895+0000: 1142.216: [GC [PSYoungGen: 189646K->516K(184960K)] 427889K->238865K(871936K), 0.0032950 secs] [Times: user=0.02 sys=0.00, real=0.01 secs] 
2014-07-16T15:40:28.564+0000: 1142.885: [GC [PSYoungGen: 184900K->712K(181312K)] 423249K->239125K(868288K), 0.0061880 secs] [Times: user=0.03 sys=0.00, real=0.01 secs] 
2014-07-16T15:40:29.201+0000: 1143.522: [GC [PSYoungGen: 181256K->1172K(217920K)] 419669K->239649K(904896K), 0.0099610 secs] [Times: user=0.06 sys=0.00, real=0.01 secs] 
2014-07-16T15:40:29.965+0000: 1144.286: [GC [PSYoungGen: 217874K->808K(212608K)] 456351K->239365K(899584K), 0.0051690 secs] [Times: user=0.03 sys=0.00, real=0.01 secs] 
2014-07-16T15:40:30.752+0000: 1145.074: [GC [PSYoungGen: 212584K->1204K(225728K)] 451141K->239963K(912704K), 0.0146660 secs] [Times: user=0.08 sys=0.00, real=0.02 secs] 
2014-07-16T15:40:31.564+0000: 1145.885: [GC [PSYoungGen: 225716K->840K(220224K)] 464475K->239639K(907200K), 0.0044910 secs] [Times: user=0.02 sys=0.01, real=0.01 secs] 
2014-07-16T15:40:32.360+0000: 1146.681: [GC [PSYoungGen: 220168K->694K(215040K)] 458967K->239591K(902016K), 0.0037660 secs] [Times: user=0.03 sys=0.00, real=0.00 secs] 
2014-07-16T15:40:33.121+0000: 1147.443: [GC [PSYoungGen: 214990K->1022K(210496K)] 453887K->240031K(897472K), 0.0056330 secs] [Times: user=0.04 sys=0.01, real=0.01 secs] 
2014-07-16T15:40:33.901+0000: 1148.222: [GC [PSYoungGen: 210463K->1122K(205952K)] 449472K->240219K(892928K), 0.0080280 secs] [Times: user=0.05 sys=0.00, real=0.01 secs] 
2014-07-16T15:40:34.651+0000: 1148.972: [GC [PSYoungGen: 205866K->1158K(201536K)] 444963K->240343K(888512K), 0.0058420 secs] [Times: user=0.02 sys=0.00, real=0.00 secs] 
2014-07-16T15:40:35.401+0000: 1149.722: [GC [PSYoungGen: 201478K->758K(196736K)] 440663K->239999K(883712K), 0.0063110 secs] [Times: user=0.03 sys=0.00, real=0.01 secs] 
2014-07-16T15:40:36.099+0000: 1150.421: [GC [PSYoungGen: 196726K->630K(192384K)] 435967K->239935K(879360K), 0.0058780 secs] [Times: user=0.04 sys=0.00, real=0.00 secs] 
2014-07-16T15:40:36.836+0000: 1151.157: [GC [PSYoungGen: 192362K->1154K(188928K)] 431667K->240531K(875904K), 0.0040390 secs] [Times: user=0.02 sys=0.00, real=0.01 secs] 
2014-07-16T15:40:37.520+0000: 1151.841: [GC [PSYoungGen: 188866K->854K(184704K)] 428243K->240287K(871680K), 0.0039360 secs] [Times: user=0.02 sys=0.00, real=0.00 secs] 
2014-07-16T15:40:38.187+0000: 1152.508: [GC [PSYoungGen: 184662K->780K(180864K)] 424095K->240277K(867840K), 0.0055610 secs] [Times: user=0.03 sys=0.00, real=0.01 secs] 
2014-07-16T15:40:38.845+0000: 1153.166: [GC [PSYoungGen: 180812K->836K(177280K)] 420309K->240413K(864256K), 0.0038630 secs] [Times: user=0.02 sys=0.00, real=0.01 secs] 
2014-07-16T15:40:39.480+0000: 1153.801: [GC [PSYoungGen: 177220K->980K(173888K)] 416797K->240613K(860864K), 0.0050540 secs] [Times: user=0.04 sys=0.00, real=0.00 secs] 
2014-07-16T15:40:40.104+0000: 1154.425: [GC [PSYoungGen: 173844K->876K(170304K)] 413477K->240573K(857280K), 0.0053730 secs] [Times: user=0.03 sys=0.00, real=0.01 secs] 
2014-07-16T15:40:40.753+0000: 1155.075: [GC [PSYoungGen: 170282K->1060K(167168K)] 409979K->240845K(854144K), 0.0037250 secs] [Times: user=0.02 sys=0.00, real=0.00 secs] 
2014-07-16T15:40:41.430+0000: 1155.751: [GC [PSYoungGen: 167140K->1414K(164352K)] 406925K->241279K(851328K), 0.0052410 secs] [Times: user=0.03 sys=0.00, real=0.00 secs] 
2014-07-16T15:40:41.983+0000: 1156.305: [GC [PSYoungGen: 164293K->420K(160192K)] 404158K->240611K(847168K), 0.0051380 secs] [Times: user=0.02 sys=0.00, real=0.01 secs] 
2014-07-16T15:40:42.550+0000: 1156.871: [GC [PSYoungGen: 160090K->1062K(157824K)] 400282K->241309K(844800K), 0.0061640 secs] [Times: user=0.04 sys=0.00, real=0.00 secs] 
2014-07-16T15:40:43.123+0000: 1157.444: [GC [PSYoungGen: 157798K->886K(154688K)] 398045K->241303K(841664K), 0.0037360 secs] [Times: user=0.02 sys=0.00, real=0.00 secs] 
2014-07-16T15:40:43.659+0000: 1157.980: [GC [PSYoungGen: 154678K->972K(152000K)] 395095K->241445K(838976K), 0.0067020 secs] [Times: user=0.04 sys=0.00, real=0.00 secs] 
2014-07-16T15:40:44.197+0000: 1158.518: [GC [PSYoungGen: 151862K->680K(148928K)] 392335K->241209K(835904K), 0.0057130 secs] [Times: user=0.03 sys=0.00, real=0.01 secs] 
2014-07-16T15:40:44.733+0000: 1159.054: [GC [PSYoungGen: 148853K->758K(146304K)] 389382K->241367K(833280K), 0.0044580 secs] [Times: user=0.02 sys=0.00, real=0.00 secs] 
2014-07-16T15:40:45.249+0000: 1159.571: [GC [PSYoungGen: 146261K->1272K(144192K)] 386870K->241969K(831168K), 0.0068890 secs] [Times: user=0.05 sys=0.00, real=0.00 secs] 
2014-07-16T15:40:45.756+0000: 1160.077: [GC [PSYoungGen: 144184K->730K(141184K)] 384881K->241475K(828160K), 0.0038810 secs] [Times: user=0.02 sys=0.00, real=0.01 secs] 
2014-07-16T15:40:46.270+0000: 1160.592: [GC [PSYoungGen: 141146K->972K(139008K)] 381891K->241757K(825984K), 0.0047290 secs] [Times: user=0.01 sys=0.00, real=0.00 secs] 
2014-07-16T15:40:46.810+0000: 1161.131: [GC [PSYoungGen: 138956K->730K(136384K)] 379741K->241571K(823360K), 0.0066320 secs] [Times: user=0.05 sys=0.00, real=0.00 secs] 
2014-07-16T15:40:47.304+0000: 1161.626: [GC [PSYoungGen: 136320K->1212K(163968K)] 377161K->242109K(850944K), 0.0071400 secs] [Times: user=0.05 sys=0.00, real=0.01 secs] 
2014-07-16T15:40:47.894+0000: 1162.216: [GC [PSYoungGen: 163964K->986K(160640K)] 404861K->241947K(847616K), 0.0042840 secs] [Times: user=0.02 sys=0.01, real=0.00 secs] 
2014-07-16T15:40:48.470+0000: 1162.791: [GC [PSYoungGen: 160602K->880K(192448K)] 401563K->242061K(879424K), 0.0112070 secs] [Times: user=0.07 sys=0.00, real=0.01 secs] 
2014-07-16T15:40:49.182+0000: 1163.503: [GC [PSYoungGen: 192415K->1282K(210112K)] 433596K->242543K(897088K), 0.0036980 secs] [Times: user=0.01 sys=0.00, real=0.00 secs] 
2014-07-16T15:40:49.931+0000: 1164.252: [GC [PSYoungGen: 209922K->976K(231488K)] 451183K->242293K(918464K), 0.0139030 secs] [Times: user=0.09 sys=0.00, real=0.01 secs] 
2014-07-16T15:40:50.781+0000: 1165.102: [GC [PSYoungGen: 230909K->822K(231424K)] 472227K->242235K(918400K), 0.0064810 secs] [Times: user=0.04 sys=0.00, real=0.00 secs] 
2014-07-16T15:40:51.715+0000: 1166.036: [GC [PSYoungGen: 230766K->1444K(276864K)] 472179K->244044K(963840K), 0.0095350 secs] [Times: user=0.05 sys=0.00, real=0.01 secs] 
2014-07-16T15:40:52.681+0000: 1167.003: [GC [PSYoungGen: 276836K->1080K(269376K)] 519436K->243736K(956352K), 0.0068470 secs] [Times: user=0.04 sys=0.00, real=0.00 secs] 
2014-07-16T15:40:53.640+0000: 1167.961: [GC [PSYoungGen: 269358K->812K(262336K)] 512015K->243640K(949312K), 0.0082090 secs] [Times: user=0.05 sys=0.00, real=0.01 secs] 
2014-07-16T15:40:54.585+0000: 1168.906: [GC [PSYoungGen: 262316K->958K(255936K)] 505144K->243898K(942912K), 0.0054920 secs] [Times: user=0.03 sys=0.00, real=0.01 secs] 
2014-07-16T15:40:55.507+0000: 1169.829: [GC [PSYoungGen: 255934K->658K(249344K)] 498874K->243678K(936320K), 0.0058180 secs] [Times: user=0.03 sys=0.01, real=0.01 secs] 
2014-07-16T15:40:56.413+0000: 1170.734: [GC [PSYoungGen: 249298K->1086K(243648K)] 492318K->244178K(930624K), 0.0033240 secs] [Times: user=0.02 sys=0.00, real=0.00 secs] 
2014-07-16T15:40:57.308+0000: 1171.629: [GC [PSYoungGen: 243617K->1040K(237824K)] 486709K->244212K(924800K), 0.0071420 secs] [Times: user=0.05 sys=0.00, real=0.01 secs] 
2014-07-16T15:40:58.163+0000: 1172.485: [GC [PSYoungGen: 237776K->1158K(232320K)] 480948K->244370K(919296K), 0.0077280 secs] [Times: user=0.04 sys=0.00, real=0.01 secs] 
2014-07-16T15:40:59.005+0000: 1173.327: [GC [PSYoungGen: 232262K->608K(226304K)] 475474K->243876K(913280K), 0.0049310 secs] [Times: user=0.02 sys=0.00, real=0.01 secs] 
2014-07-16T15:40:59.834+0000: 1174.155: [GC [PSYoungGen: 226272K->1050K(221504K)] 469540K->244406K(908480K), 0.0070660 secs] [Times: user=0.03 sys=0.00, real=0.01 secs] 
2014-07-16T15:41:00.613+0000: 1174.935: [GC [PSYoungGen: 221466K->790K(216192K)] 464822K->244226K(903168K), 0.0041280 secs] [Times: user=0.02 sys=0.00, real=0.00 secs] 
2014-07-16T15:41:01.406+0000: 1175.727: [GC [PSYoungGen: 216150K->850K(211392K)] 459586K->244342K(898368K), 0.0042190 secs] [Times: user=0.02 sys=0.00, real=0.00 secs] 
2014-07-16T15:41:02.240+0000: 1176.561: [GC [PSYoungGen: 211346K->1022K(206848K)] 454838K->244594K(893824K), 0.0051240 secs] [Times: user=0.03 sys=0.00, real=0.01 secs] 
2014-07-16T15:41:02.999+0000: 1177.321: [GC [PSYoungGen: 206836K->926K(202240K)] 450408K->244554K(889216K), 0.0094870 secs] [Times: user=0.07 sys=0.00, real=0.01 secs] 
2014-07-16T15:41:03.752+0000: 1178.073: [GC [PSYoungGen: 202206K->722K(242304K)] 445834K->244398K(929280K), 0.0179230 secs] [Times: user=0.11 sys=0.01, real=0.01 secs] 
2014-07-16T15:41:04.629+0000: 1178.950: [GC [PSYoungGen: 242244K->854K(266624K)] 485920K->244602K(953600K), 0.0046480 secs] [Times: user=0.02 sys=0.00, real=0.01 secs] 
2014-07-16T15:41:05.599+0000: 1179.920: [GC [PSYoungGen: 265942K->626K(259008K)] 509690K->244446K(945984K), 0.0087420 secs] [Times: user=0.06 sys=0.00, real=0.01 secs] 
2014-07-16T15:41:06.542+0000: 1180.864: [GC [PSYoungGen: 258964K->1212K(290496K)] 502784K->245080K(977472K), 0.0179280 secs] [Times: user=0.08 sys=0.00, real=0.01 secs] 
2014-07-16T15:41:07.615+0000: 1181.936: [GC [PSYoungGen: 290236K->816K(311616K)] 534104K->244724K(998592K), 0.0081490 secs] [Times: user=0.04 sys=0.00, real=0.01 secs] 
2014-07-16T15:41:08.710+0000: 1183.031: [GC [PSYoungGen: 310895K->1446K(303104K)] 554803K->245434K(990080K), 0.0043450 secs] [Times: user=0.02 sys=0.00, real=0.01 secs] 
2014-07-16T15:41:09.802+0000: 1184.123: [GC [PSYoungGen: 303078K->128K(293632K)] 547066K->244626K(980608K), 0.0034570 secs] [Times: user=0.01 sys=0.00, real=0.01 secs] 
2014-07-16T15:41:10.870+0000: 1185.192: [GC [PSYoungGen: 293632K->1496K(287232K)] 538130K->246074K(974208K), 0.0034460 secs] [Times: user=0.02 sys=0.01, real=0.01 secs] 
2014-07-16T15:41:11.978+0000: 1186.299: [GC [PSYoungGen: 287192K->1340K(279552K)] 531770K->246238K(966528K), 0.0077960 secs] [Times: user=0.04 sys=0.00, real=0.01 secs] 
2014-07-16T15:41:12.966+0000: 1187.287: [GC [PSYoungGen: 279522K->976K(272064K)] 524420K->245922K(959040K), 0.0066300 secs] [Times: user=0.04 sys=0.00, real=0.00 secs] 
2014-07-16T15:41:13.934+0000: 1188.255: [GC [PSYoungGen: 272016K->972K(265152K)] 516962K->245998K(952128K), 0.0036480 secs] [Times: user=0.01 sys=0.00, real=0.00 secs] 
2014-07-16T15:41:14.902+0000: 1189.223: [GC [PSYoungGen: 265100K->762K(258240K)] 510126K->245852K(945216K), 0.0036340 secs] [Times: user=0.02 sys=0.00, real=0.01 secs] 
2014-07-16T15:41:15.848+0000: 1190.169: [GC [PSYoungGen: 258206K->786K(251904K)] 503297K->245948K(938880K), 0.0058170 secs] [Times: user=0.03 sys=0.00, real=0.01 secs] 
2014-07-16T15:41:16.833+0000: 1191.154: [GC [PSYoungGen: 251858K->1648K(246592K)] 497020K->246882K(933568K), 0.0050790 secs] [Times: user=0.02 sys=0.00, real=0.00 secs] 
2014-07-16T15:41:17.668+0000: 1191.989: [GC [PSYoungGen: 246533K->894K(239872K)] 491767K->246208K(926848K), 0.0052970 secs] [Times: user=0.04 sys=0.00, real=0.01 secs] 
2014-07-16T15:41:18.519+0000: 1192.840: [GC [PSYoungGen: 239870K->1030K(234368K)] 485184K->246400K(921344K), 0.0060490 secs] [Times: user=0.03 sys=0.00, real=0.01 secs] 
2014-07-16T15:41:19.347+0000: 1193.668: [GC [PSYoungGen: 234310K->1368K(229184K)] 479680K->246850K(916160K), 0.0083360 secs] [Times: user=0.05 sys=0.00, real=0.01 secs] 
2014-07-16T15:41:20.195+0000: 1194.516: [GC [PSYoungGen: 229125K->694K(223168K)] 474607K->246224K(910144K), 0.0099320 secs] [Times: user=0.07 sys=0.00, real=0.01 secs] 
2014-07-16T15:41:21.025+0000: 1195.347: [GC [PSYoungGen: 223158K->726K(218112K)] 468688K->246320K(905088K), 0.0058760 secs] [Times: user=0.03 sys=0.00, real=0.00 secs] 
2014-07-16T15:41:21.883+0000: 1196.205: [GC [PSYoungGen: 218063K->1610K(214080K)] 463657K->247292K(901056K), 0.0063450 secs] [Times: user=0.04 sys=0.00, real=0.01 secs] 
2014-07-16T15:41:22.609+0000: 1196.931: [GC [PSYoungGen: 213994K->976K(208704K)] 459676K->246762K(895680K), 0.0087410 secs] [Times: user=0.06 sys=0.00, real=0.01 secs] 
2014-07-16T15:41:23.372+0000: 1197.693: [GC [PSYoungGen: 208656K->1186K(204288K)] 454442K->247044K(891264K), 0.0057790 secs] [Times: user=0.03 sys=0.00, real=0.01 secs] 
2014-07-16T15:41:24.105+0000: 1198.426: [GC [PSYoungGen: 204258K->1286K(200000K)] 450116K->247208K(886976K), 0.0087780 secs] [Times: user=0.06 sys=0.00, real=0.00 secs] 
2014-07-16T15:41:24.821+0000: 1199.142: [GC [PSYoungGen: 199942K->822K(195200K)] 445864K->246848K(882176K), 0.0072850 secs] [Times: user=0.05 sys=0.00, real=0.01 secs] 
2014-07-16T15:41:25.529+0000: 1199.851: [GC [PSYoungGen: 195190K->1272K(191488K)] 441216K->247370K(878464K), 0.0057740 secs] [Times: user=0.03 sys=0.00, real=0.01 secs] 
2014-07-16T15:41:26.216+0000: 1200.537: [GC [PSYoungGen: 191480K->1400K(229696K)] 437578K->247586K(916672K), 0.0124180 secs] [Times: user=0.07 sys=0.01, real=0.01 secs] 
2014-07-16T15:41:27.126+0000: 1201.447: [GC [PSYoungGen: 229688K->950K(223936K)] 475874K->247308K(910912K), 0.0039120 secs] [Times: user=0.02 sys=0.01, real=0.00 secs] 
2014-07-16T15:41:27.863+0000: 1202.184: [GC [PSYoungGen: 223895K->948K(218816K)] 470254K->247362K(905792K), 0.0034580 secs] [Times: user=0.02 sys=0.00, real=0.01 secs] 
2014-07-16T15:41:28.654+0000: 1202.975: [GC [PSYoungGen: 218794K->872K(213824K)] 465208K->247350K(900800K), 0.0032440 secs] [Times: user=0.01 sys=0.00, real=0.01 secs] 
2014-07-16T15:41:29.427+0000: 1203.748: [GC [PSYoungGen: 213800K->1390K(209536K)] 460278K->247940K(896512K), 0.0060240 secs] [Times: user=0.04 sys=0.01, real=0.00 secs] 
2014-07-16T15:41:30.194+0000: 1204.516: [GC [PSYoungGen: 209518K->964K(204544K)] 456068K->247610K(891520K), 0.0040590 secs] [Times: user=0.02 sys=0.00, real=0.01 secs] 
2014-07-16T15:41:30.933+0000: 1205.254: [GC [PSYoungGen: 204484K->626K(199680K)] 451130K->247336K(886656K), 0.0037190 secs] [Times: user=0.02 sys=0.00, real=0.01 secs] 
2014-07-16T15:41:31.684+0000: 1206.005: [GC [PSYoungGen: 199666K->886K(195648K)] 446376K->247644K(882624K), 0.0044220 secs] [Times: user=0.01 sys=0.00, real=0.01 secs] 
2014-07-16T15:41:32.409+0000: 1206.731: [GC [PSYoungGen: 195638K->922K(191552K)] 442396K->247760K(878528K), 0.0050540 secs] [Times: user=0.03 sys=0.01, real=0.00 secs] 
2014-07-16T15:41:33.116+0000: 1207.438: [GC [PSYoungGen: 191495K->1576K(188160K)] 438333K->248478K(875136K), 0.0044720 secs] [Times: user=0.02 sys=0.01, real=0.00 secs] 
2014-07-16T15:41:33.792+0000: 1208.113: [GC [PSYoungGen: 188136K->1614K(184320K)] 435038K->248596K(871296K), 0.0060990 secs] [Times: user=0.02 sys=0.01, real=0.01 secs] 
2014-07-16T15:41:34.545+0000: 1208.866: [GC [PSYoungGen: 184270K->356K(179264K)] 431252K->248332K(866240K), 0.0087090 secs] [Times: user=0.05 sys=0.00, real=0.01 secs] 
2014-07-16T15:41:35.191+0000: 1209.512: [GC [PSYoungGen: 179223K->1504K(176768K)] 427199K->249610K(863744K), 0.0037580 secs] [Times: user=0.02 sys=0.00, real=0.00 secs] 
2014-07-16T15:41:35.824+0000: 1210.145: [GC [PSYoungGen: 176735K->1018K(172736K)] 424841K->249802K(859712K), 0.0104350 secs] [Times: user=0.07 sys=0.00, real=0.01 secs] 
2014-07-16T15:41:36.458+0000: 1210.780: [GC [PSYoungGen: 172728K->918K(169280K)] 421513K->249782K(856256K), 0.0047620 secs] [Times: user=0.03 sys=0.00, real=0.00 secs] 
2014-07-16T15:41:37.143+0000: 1211.464: [GC [PSYoungGen: 169238K->1650K(203648K)] 418102K->250595K(890624K), 0.0102720 secs] [Times: user=0.06 sys=0.00, real=0.01 secs] 
2014-07-16T15:41:37.824+0000: 1212.145: [GC [PSYoungGen: 203634K->630K(243072K)] 452579K->249622K(930048K), 0.0070650 secs] [Times: user=0.04 sys=0.01, real=0.01 secs] 
2014-07-16T15:41:38.690+0000: 1213.012: [GC [PSYoungGen: 243062K->868K(237504K)] 492054K->249964K(924480K), 0.0039400 secs] [Times: user=0.03 sys=0.00, real=0.00 secs] 
2014-07-16T15:41:39.550+0000: 1213.872: [GC [PSYoungGen: 237449K->926K(231936K)] 486546K->250118K(918912K), 0.0066560 secs] [Times: user=0.04 sys=0.00, real=0.01 secs] 
2014-07-16T15:41:40.404+0000: 1214.726: [GC [PSYoungGen: 231901K->758K(226304K)] 481094K->250014K(913280K), 0.0074310 secs] [Times: user=0.04 sys=0.00, real=0.01 secs] 
2014-07-16T15:41:41.220+0000: 1215.541: [GC [PSYoungGen: 226275K->1026K(221376K)] 475532K->250371K(908352K), 0.0052150 secs] [Times: user=0.02 sys=0.00, real=0.00 secs] 
2014-07-16T15:41:42.111+0000: 1216.433: [GC [PSYoungGen: 221293K->1538K(216832K)] 470638K->250963K(903808K), 0.0034930 secs] [Times: user=0.02 sys=0.00, real=0.00 secs] 
2014-07-16T15:41:42.847+0000: 1217.168: [GC [PSYoungGen: 216770K->886K(211264K)] 466194K->250390K(898240K), 0.0075790 secs] [Times: user=0.04 sys=0.00, real=0.00 secs] 
2014-07-16T15:41:43.606+0000: 1217.927: [GC [PSYoungGen: 211254K->822K(206528K)] 460758K->250422K(893504K), 0.0057190 secs] [Times: user=0.04 sys=0.00, real=0.01 secs] 
2014-07-16T15:41:44.343+0000: 1218.664: [GC [PSYoungGen: 206501K->926K(202112K)] 456102K->250598K(889088K), 0.0033270 secs] [Times: user=0.02 sys=0.01, real=0.00 secs] 
2014-07-16T15:41:45.106+0000: 1219.428: [GC [PSYoungGen: 202032K->1072K(197888K)] 451705K->250809K(884864K), 0.0074210 secs] [Times: user=0.04 sys=0.00, real=0.01 secs] 
2014-07-16T15:41:45.867+0000: 1220.189: [GC [PSYoungGen: 197872K->1422K(194048K)] 447609K->251247K(881024K), 0.0056250 secs] [Times: user=0.03 sys=0.00, real=0.01 secs] 
2014-07-16T15:41:46.520+0000: 1220.842: [GC [PSYoungGen: 193998K->948K(189440K)] 443823K->251107K(876416K), 0.0035420 secs] [Times: user=0.02 sys=0.00, real=0.00 secs] 
2014-07-16T15:41:47.249+0000: 1221.571: [GC [PSYoungGen: 189428K->1172K(185728K)] 439587K->251419K(872704K), 0.0033060 secs] [Times: user=0.01 sys=0.00, real=0.00 secs] 
2014-07-16T15:41:47.892+0000: 1222.213: [GC [PSYoungGen: 185684K->612K(181312K)] 435931K->251004K(868288K), 0.0097780 secs] [Times: user=0.06 sys=0.01, real=0.01 secs] 
2014-07-16T15:41:48.550+0000: 1222.872: [GC [PSYoungGen: 181284K->1108K(178112K)] 431676K->251589K(865088K), 0.0062250 secs] [Times: user=0.04 sys=0.00, real=0.00 secs] 
2014-07-16T15:41:49.200+0000: 1223.521: [GC [PSYoungGen: 178066K->1208K(174592K)] 428547K->251753K(861568K), 0.0046090 secs] [Times: user=0.02 sys=0.00, real=0.00 secs] 
2014-07-16T15:41:49.826+0000: 1224.147: [GC [PSYoungGen: 174584K->1374K(209472K)] 425129K->251999K(896448K), 0.0116010 secs] [Times: user=0.06 sys=0.00, real=0.01 secs] 
2014-07-16T15:41:50.565+0000: 1224.886: [GC [PSYoungGen: 209438K->658K(250432K)] 460063K->251346K(937408K), 0.0128190 secs] [Times: user=0.09 sys=0.00, real=0.01 secs] 
2014-07-16T15:41:51.475+0000: 1225.796: [GC [PSYoungGen: 250377K->930K(273152K)] 501066K->251667K(960128K), 0.0062280 secs] [Times: user=0.03 sys=0.00, real=0.01 secs] 
2014-07-16T15:41:52.477+0000: 1226.799: [GC [PSYoungGen: 272285K->930K(265408K)] 523022K->251707K(952384K), 0.0048270 secs] [Times: user=0.02 sys=0.00, real=0.01 secs] 
2014-07-16T15:41:53.451+0000: 1227.773: [GC [PSYoungGen: 265378K->1108K(258944K)] 516155K->251965K(945920K), 0.0041730 secs] [Times: user=0.02 sys=0.01, real=0.00 secs] 
2014-07-16T15:41:54.377+0000: 1228.699: [GC [PSYoungGen: 258900K->822K(252224K)] 509757K->251759K(939200K), 0.0097520 secs] [Times: user=0.05 sys=0.00, real=0.01 secs] 
2014-07-16T15:41:55.300+0000: 1229.621: [GC [PSYoungGen: 252214K->940K(246208K)] 503151K->251981K(933184K), 0.0062200 secs] [Times: user=0.04 sys=0.00, real=0.00 secs] 
2014-07-16T15:41:56.197+0000: 1230.519: [GC [PSYoungGen: 246178K->1000K(240320K)] 497219K->252121K(927296K), 0.0080880 secs] [Times: user=0.05 sys=0.00, real=0.01 secs] 
2014-07-16T15:41:57.135+0000: 1231.457: [GC [PSYoungGen: 240296K->1032K(234624K)] 491417K->252241K(921600K), 0.0039670 secs] [Times: user=0.02 sys=0.00, real=0.01 secs] 
2014-07-16T15:41:58.017+0000: 1232.338: [GC [PSYoungGen: 234568K->1020K(229056K)] 485777K->252539K(916032K), 0.0077930 secs] [Times: user=0.05 sys=0.00, real=0.01 secs] 
2014-07-16T15:41:58.840+0000: 1233.161: [GC [PSYoungGen: 229052K->936K(223680K)] 480571K->252511K(910656K), 0.0117030 secs] [Times: user=0.07 sys=0.00, real=0.01 secs] 
2014-07-16T15:41:59.646+0000: 1233.967: [GC [PSYoungGen: 223613K->1194K(218816K)] 475188K->252857K(905792K), 0.0087210 secs] [Times: user=0.06 sys=0.00, real=0.01 secs] 
2014-07-16T15:42:00.447+0000: 1234.768: [GC [PSYoungGen: 218794K->840K(213568K)] 470457K->252575K(900544K), 0.0043700 secs] [Times: user=0.02 sys=0.00, real=0.01 secs] 
2014-07-16T15:42:01.232+0000: 1235.554: [GC [PSYoungGen: 213512K->876K(208768K)] 465247K->252691K(895744K), 0.0049900 secs] [Times: user=0.03 sys=0.00, real=0.00 secs] 
2014-07-16T15:42:01.968+0000: 1236.290: [GC [PSYoungGen: 208748K->744K(204032K)] 460563K->252655K(891008K), 0.0047590 secs] [Times: user=0.02 sys=0.00, real=0.01 secs] 
2014-07-16T15:42:02.745+0000: 1237.067: [GC [PSYoungGen: 204008K->1454K(200256K)] 455919K->253503K(887232K), 0.0036350 secs] [Times: user=0.02 sys=0.01, real=0.00 secs] 
2014-07-16T15:42:03.453+0000: 1237.775: [GC [PSYoungGen: 200238K->836K(195392K)] 452287K->252965K(882368K), 0.0041830 secs] [Times: user=0.02 sys=0.00, real=0.00 secs] 
2014-07-16T15:42:04.156+0000: 1238.477: [GC [PSYoungGen: 195332K->826K(191168K)] 447461K->253019K(878144K), 0.0055950 secs] [Times: user=0.04 sys=0.00, real=0.01 secs] 
2014-07-16T15:42:04.854+0000: 1239.175: [GC [PSYoungGen: 191162K->1136K(187456K)] 443355K->253401K(874432K), 0.0074190 secs] [Times: user=0.03 sys=0.00, real=0.01 secs] 
2014-07-16T15:42:05.521+0000: 1239.843: [GC [PSYoungGen: 187440K->544K(182976K)] 439705K->252889K(869952K), 0.0055930 secs] [Times: user=0.04 sys=0.00, real=0.00 secs] 
2014-07-16T15:42:06.191+0000: 1240.512: [GC [PSYoungGen: 182944K->1046K(179712K)] 435289K->253463K(866688K), 0.0036320 secs] [Times: user=0.01 sys=0.01, real=0.00 secs] 
2014-07-16T15:42:06.846+0000: 1241.167: [GC [PSYoungGen: 179670K->722K(175744K)] 432087K->253195K(862720K), 0.0042320 secs] [Times: user=0.02 sys=0.00, real=0.00 secs] 
2014-07-16T15:42:07.638+0000: 1241.959: [GC [PSYoungGen: 175697K->1224K(172736K)] 428170K->253777K(859712K), 0.0033440 secs] [Times: user=0.02 sys=0.00, real=0.01 secs] 
2014-07-16T15:42:08.265+0000: 1242.586: [GC [PSYoungGen: 172680K->822K(168896K)] 425233K->253455K(855872K), 0.0042270 secs] [Times: user=0.03 sys=0.01, real=0.00 secs] 
2014-07-16T15:42:08.860+0000: 1243.181: [GC [PSYoungGen: 168868K->840K(165696K)] 421501K->253553K(852672K), 0.0060760 secs] [Times: user=0.03 sys=0.00, real=0.01 secs] 
2014-07-16T15:42:09.462+0000: 1243.783: [GC [PSYoungGen: 165640K->840K(162496K)] 418353K->253657K(849472K), 0.0043570 secs] [Times: user=0.02 sys=0.00, real=0.00 secs] 
2014-07-16T15:42:10.060+0000: 1244.382: [GC [PSYoungGen: 162440K->722K(159296K)] 415257K->253643K(846272K), 0.0056610 secs] [Times: user=0.03 sys=0.00, real=0.01 secs] 
2014-07-16T15:42:10.653+0000: 1244.975: [GC [PSYoungGen: 159250K->1436K(156992K)] 412171K->254421K(843968K), 0.0065830 secs] [Times: user=0.04 sys=0.00, real=0.00 secs] 
2014-07-16T15:42:11.219+0000: 1245.541: [GC [PSYoungGen: 156956K->954K(153600K)] 409941K->254011K(840576K), 0.0062880 secs] [Times: user=0.04 sys=0.01, real=0.01 secs] 
2014-07-16T15:42:11.761+0000: 1246.082: [GC [PSYoungGen: 153594K->958K(184128K)] 406651K->254159K(871104K), 0.0131360 secs] [Times: user=0.09 sys=0.00, real=0.02 secs] 
2014-07-16T15:42:12.420+0000: 1246.742: [GC [PSYoungGen: 184126K->744K(220608K)] 437327K->253993K(907584K), 0.0094830 secs] [Times: user=0.04 sys=0.00, real=0.01 secs] 
2014-07-16T15:42:13.229+0000: 1247.551: [GC [PSYoungGen: 220584K->926K(264768K)] 473833K->254255K(951744K), 0.0056900 secs] [Times: user=0.03 sys=0.00, real=0.01 secs] 
2014-07-16T15:42:14.220+0000: 1248.541: [GC [PSYoungGen: 264734K->1022K(283200K)] 518063K->254407K(970176K), 0.0069640 secs] [Times: user=0.03 sys=0.00, real=0.01 secs] 
2014-07-16T15:42:15.253+0000: 1249.574: [GC [PSYoungGen: 282674K->1200K(275584K)] 536060K->254649K(962560K), 0.0054390 secs] [Times: user=0.03 sys=0.00, real=0.00 secs] 
2014-07-16T15:42:16.246+0000: 1250.567: [GC [PSYoungGen: 275568K->1518K(268864K)] 529017K->255063K(955840K), 0.0055610 secs] [Times: user=0.04 sys=0.00, real=0.00 secs] 
2014-07-16T15:42:17.245+0000: 1251.566: [GC [PSYoungGen: 268846K->370K(260928K)] 522391K->254434K(947904K), 0.0078930 secs] [Times: user=0.05 sys=0.00, real=0.01 secs] 
2014-07-16T15:42:18.255+0000: 1252.577: [GC [PSYoungGen: 260914K->1654K(255680K)] 514978K->255782K(942656K), 0.0082030 secs] [Times: user=0.06 sys=0.00, real=0.01 secs] 
2014-07-16T15:42:19.208+0000: 1253.530: [GC [PSYoungGen: 255597K->1036K(248832K)] 509725K->255708K(935808K), 0.0105700 secs] [Times: user=0.07 sys=0.00, real=0.01 secs] 
2014-07-16T15:42:20.080+0000: 1254.401: [GC [PSYoungGen: 248780K->1318K(243072K)] 503452K->256062K(930048K), 0.0071470 secs] [Times: user=0.04 sys=0.00, real=0.01 secs] 
2014-07-16T15:42:20.958+0000: 1255.280: [GC [PSYoungGen: 243046K->1064K(236992K)] 497790K->255904K(923968K), 0.0041980 secs] [Times: user=0.02 sys=0.01, real=0.00 secs] 
2014-07-16T15:42:21.806+0000: 1256.128: [GC [PSYoungGen: 236968K->1104K(231424K)] 491808K->256024K(918400K), 0.0067180 secs] [Times: user=0.03 sys=0.00, real=0.01 secs] 
2014-07-16T15:42:22.692+0000: 1257.013: [GC [PSYoungGen: 231376K->1264K(226176K)] 486296K->256322K(913152K), 0.0068130 secs] [Times: user=0.04 sys=0.00, real=0.01 secs] 
2014-07-16T15:42:23.447+0000: 1257.768: [GC [PSYoungGen: 226160K->812K(220544K)] 481218K->255918K(907520K), 0.0040510 secs] [Times: user=0.02 sys=0.00, real=0.00 secs] 
2014-07-16T15:42:24.241+0000: 1258.562: [GC [PSYoungGen: 220524K->1004K(215744K)] 475630K->256182K(902720K), 0.0059530 secs] [Times: user=0.04 sys=0.00, real=0.01 secs] 
2014-07-16T15:42:25.032+0000: 1259.354: [GC [PSYoungGen: 215724K->626K(210496K)] 470902K->255900K(897472K), 0.0086220 secs] [Times: user=0.06 sys=0.00, real=0.01 secs] 
2014-07-16T15:42:25.789+0000: 1260.110: [GC [PSYoungGen: 210482K->1358K(206592K)] 465756K->256704K(893568K), 0.0051220 secs] [Times: user=0.02 sys=0.00, real=0.00 secs] 
2014-07-16T15:42:26.536+0000: 1260.858: [GC [PSYoungGen: 206542K->762K(201408K)] 461888K->256188K(888384K), 0.0094590 secs] [Times: user=0.06 sys=0.00, real=0.01 secs] 
2014-07-16T15:42:27.271+0000: 1261.593: [GC [PSYoungGen: 201368K->1086K(197376K)] 456794K->256600K(884352K), 0.0087480 secs] [Times: user=0.06 sys=0.00, real=0.01 secs] 
2014-07-16T15:42:28.026+0000: 1262.347: [GC [PSYoungGen: 197374K->886K(192960K)] 452888K->256472K(879936K), 0.0065680 secs] [Times: user=0.04 sys=0.00, real=0.00 secs] 
2014-07-16T15:42:28.722+0000: 1263.044: [GC [PSYoungGen: 192950K->1358K(189376K)] 448536K->257032K(876352K), 0.0051940 secs] [Times: user=0.03 sys=0.00, real=0.01 secs] 
2014-07-16T15:42:29.386+0000: 1263.707: [GC [PSYoungGen: 189326K->812K(226432K)] 445000K->256534K(913408K), 0.0097090 secs] [Times: user=0.05 sys=0.00, real=0.01 secs] 
2014-07-16T15:42:30.229+0000: 1264.551: [GC [PSYoungGen: 226412K->1272K(272000K)] 482134K->257214K(958976K), 0.0101500 secs] [Times: user=0.06 sys=0.00, real=0.01 secs] 
2014-07-16T15:42:31.214+0000: 1265.535: [GC [PSYoungGen: 271990K->580K(264448K)] 527932K->256594K(951424K), 0.0039930 secs] [Times: user=0.02 sys=0.00, real=0.01 secs] 
2014-07-16T15:42:32.166+0000: 1266.487: [GC [PSYoungGen: 264370K->1404K(258560K)] 520385K->257482K(945536K), 0.0049330 secs] [Times: user=0.03 sys=0.00, real=0.00 secs] 
2014-07-16T15:42:33.128+0000: 1267.449: [GC [PSYoungGen: 258556K->1164K(251968K)] 514634K->257314K(938944K), 0.0037530 secs] [Times: user=0.02 sys=0.00, real=0.00 secs] 
2014-07-16T15:42:34.014+0000: 1268.336: [GC [PSYoungGen: 251916K->1254K(245888K)] 508066K->257552K(932864K), 0.0078640 secs] [Times: user=0.02 sys=0.00, real=0.01 secs] 
2014-07-16T15:42:34.904+0000: 1269.226: [GC [PSYoungGen: 245862K->908K(239616K)] 502160K->257262K(926592K), 0.0045200 secs] [Times: user=0.01 sys=0.01, real=0.01 secs] 
2014-07-16T15:42:35.760+0000: 1270.081: [GC [PSYoungGen: 239564K->900K(233920K)] 495918K->257334K(920896K), 0.0054410 secs] [Times: user=0.02 sys=0.00, real=0.01 secs] 
2014-07-16T15:42:36.619+0000: 1270.941: [GC [PSYoungGen: 233860K->808K(228288K)] 490294K->257322K(915264K), 0.0061860 secs] [Times: user=0.04 sys=0.00, real=0.01 secs] 
2014-07-16T15:42:37.417+0000: 1271.739: [GC [PSYoungGen: 228263K->694K(222848K)] 484777K->257272K(909824K), 0.0059770 secs] [Times: user=0.03 sys=0.00, real=0.00 secs] 
2014-07-16T15:42:38.233+0000: 1272.554: [GC [PSYoungGen: 222812K->936K(217984K)] 479390K->257586K(904960K), 0.0074260 secs] [Times: user=0.03 sys=0.00, real=0.01 secs] 
2014-07-16T15:42:39.020+0000: 1273.341: [GC [PSYoungGen: 217960K->986K(213120K)] 474610K->257708K(900096K), 0.0063880 secs] [Times: user=0.02 sys=0.00, real=0.01 secs] 
2014-07-16T15:42:39.802+0000: 1274.124: [GC [PSYoungGen: 213082K->1246K(208640K)] 469804K->258072K(895616K), 0.0059840 secs] [Times: user=0.03 sys=0.00, real=0.01 secs] 
2014-07-16T15:42:40.609+0000: 1274.931: [GC [PSYoungGen: 208606K->946K(203712K)] 465432K->257860K(890688K), 0.0090460 secs] [Times: user=0.06 sys=0.00, real=0.01 secs] 
2014-07-16T15:42:41.327+0000: 1275.649: [GC [PSYoungGen: 203698K->1054K(199424K)] 460612K->258048K(886400K), 0.0093230 secs] [Times: user=0.05 sys=0.00, real=0.01 secs] 
2014-07-16T15:42:42.058+0000: 1276.379: [GC [PSYoungGen: 199390K->808K(194880K)] 456384K->257914K(881856K), 0.0074070 secs] [Times: user=0.05 sys=0.00, real=0.00 secs] 
2014-07-16T15:42:42.768+0000: 1277.090: [GC [PSYoungGen: 194856K->990K(233920K)] 451962K->258184K(920896K), 0.0085150 secs] [Times: user=0.05 sys=0.01, real=0.01 secs] 
2014-07-16T15:42:43.636+0000: 1277.958: [GC [PSYoungGen: 233886K->976K(228416K)] 491080K->258250K(915392K), 0.0039750 secs] [Times: user=0.02 sys=0.00, real=0.00 secs] 
2014-07-16T15:42:44.471+0000: 1278.792: [GC [PSYoungGen: 228351K->904K(223040K)] 485625K->258250K(910016K), 0.0088650 secs] [Times: user=0.06 sys=0.00, real=0.01 secs] 
2014-07-16T15:42:45.286+0000: 1279.608: [GC [PSYoungGen: 222984K->1008K(217984K)] 480330K->258516K(904960K), 0.0032820 secs] [Times: user=0.01 sys=0.00, real=0.01 secs] 
2014-07-16T15:42:46.073+0000: 1280.394: [GC [PSYoungGen: 217968K->980K(213056K)] 475476K->258536K(900032K), 0.0085740 secs] [Times: user=0.05 sys=0.01, real=0.01 secs] 
2014-07-16T15:42:46.826+0000: 1281.147: [GC [PSYoungGen: 213012K->930K(255424K)] 470568K->258664K(942400K), 0.0126890 secs] [Times: user=0.07 sys=0.00, real=0.02 secs] 
2014-07-16T15:42:47.741+0000: 1282.062: [GC [PSYoungGen: 255394K->1168K(249408K)] 513128K->259064K(936384K), 0.0035580 secs] [Times: user=0.02 sys=0.00, real=0.00 secs] 
2014-07-16T15:42:48.675+0000: 1282.997: [GC [PSYoungGen: 249360K->698K(242816K)] 507256K->258840K(929792K), 0.0063900 secs] [Times: user=0.04 sys=0.00, real=0.01 secs] 
2014-07-16T15:42:49.543+0000: 1283.865: [GC [PSYoungGen: 242810K->858K(237184K)] 500952K->259072K(924160K), 0.0068550 secs] [Times: user=0.04 sys=0.00, real=0.01 secs] 
2014-07-16T15:42:50.418+0000: 1284.740: [GC [PSYoungGen: 237146K->1142K(231808K)] 495360K->259436K(918784K), 0.0059050 secs] [Times: user=0.03 sys=0.00, real=0.00 secs] 
2014-07-16T15:42:51.249+0000: 1285.570: [GC [PSYoungGen: 231790K->1222K(226496K)] 490085K->259580K(913472K), 0.0037670 secs] [Times: user=0.02 sys=0.00, real=0.00 secs] 
2014-07-16T15:42:52.062+0000: 1286.383: [GC [PSYoungGen: 226438K->420K(220416K)] 484796K->259257K(907392K), 0.0044550 secs] [Times: user=0.02 sys=0.01, real=0.00 secs] 
2014-07-16T15:42:52.853+0000: 1287.175: [GC [PSYoungGen: 220385K->826K(215744K)] 479222K->259719K(902720K), 0.0066960 secs] [Times: user=0.05 sys=0.00, real=0.01 secs] 
2014-07-16T15:42:53.624+0000: 1287.946: [GC [PSYoungGen: 215695K->1176K(211264K)] 474589K->260255K(898240K), 0.0053990 secs] [Times: user=0.03 sys=0.00, real=0.01 secs] 
2014-07-16T15:42:54.383+0000: 1288.704: [GC [PSYoungGen: 211165K->944K(206336K)] 470245K->260087K(893312K), 0.0060290 secs] [Times: user=0.04 sys=0.00, real=0.01 secs] 
2014-07-16T15:42:55.118+0000: 1289.439: [GC [PSYoungGen: 206320K->822K(201664K)] 465463K->260276K(888640K), 0.0083230 secs] [Times: user=0.04 sys=0.01, real=0.01 secs] 
2014-07-16T15:42:55.830+0000: 1290.152: [GC [PSYoungGen: 201654K->894K(197376K)] 461108K->260420K(884352K), 0.0075990 secs] [Times: user=0.05 sys=0.00, real=0.00 secs] 
2014-07-16T15:42:56.550+0000: 1290.872: [GC [PSYoungGen: 197373K->926K(193216K)] 456900K->260632K(880192K), 0.0081040 secs] [Times: user=0.06 sys=0.01, real=0.01 secs] 
2014-07-16T15:42:57.271+0000: 1291.592: [GC [PSYoungGen: 193182K->772K(188992K)] 452888K->260550K(875968K), 0.0087630 secs] [Times: user=0.05 sys=0.01, real=0.01 secs] 
2014-07-16T15:42:57.938+0000: 1292.260: [GC [PSYoungGen: 188932K->858K(185088K)] 448710K->260692K(872064K), 0.0066850 secs] [Times: user=0.03 sys=0.00, real=0.01 secs] 
2014-07-16T15:42:58.623+0000: 1292.944: [GC [PSYoungGen: 185034K->1068K(181504K)] 444868K->260982K(868480K), 0.0067150 secs] [Times: user=0.04 sys=0.01, real=0.01 secs] 
2014-07-16T15:42:59.272+0000: 1293.593: [GC [PSYoungGen: 181445K->880K(177600K)] 441360K->261106K(864576K), 0.0066920 secs] [Times: user=0.04 sys=0.00, real=0.00 secs] 
2014-07-16T15:42:59.932+0000: 1294.254: [GC [PSYoungGen: 177584K->904K(174080K)] 437810K->261202K(861056K), 0.0046340 secs] [Times: user=0.01 sys=0.00, real=0.00 secs] 
2014-07-16T15:43:00.558+0000: 1294.880: [GC [PSYoungGen: 174016K->680K(170368K)] 434315K->261150K(857344K), 0.0054230 secs] [Times: user=0.03 sys=0.00, real=0.01 secs] 
2014-07-16T15:43:01.203+0000: 1295.524: [GC [PSYoungGen: 170322K->1208K(167552K)] 430793K->261766K(854528K), 0.0065540 secs] [Times: user=0.04 sys=0.00, real=0.01 secs] 
2014-07-16T15:43:01.827+0000: 1296.148: [GC [PSYoungGen: 167544K->886K(164032K)] 428102K->261500K(851008K), 0.0048090 secs] [Times: user=0.03 sys=0.00, real=0.01 secs] 
2014-07-16T15:43:02.420+0000: 1296.741: [GC [PSYoungGen: 163972K->936K(160960K)] 424586K->261654K(847936K), 0.0071540 secs] [Times: user=0.04 sys=0.00, real=0.00 secs] 
2014-07-16T15:43:03.013+0000: 1297.334: [GC [PSYoungGen: 160936K->772K(192832K)] 421654K->261554K(879808K), 0.0080970 secs] [Times: user=0.05 sys=0.00, real=0.01 secs] 
2014-07-16T15:43:03.721+0000: 1298.042: [GC [PSYoungGen: 192772K->876K(188800K)] 453554K->261746K(875776K), 0.0060520 secs] [Times: user=0.04 sys=0.00, real=0.00 secs] 
2014-07-16T15:43:04.406+0000: 1298.727: [GC [PSYoungGen: 188762K->1104K(185152K)] 449633K->262046K(872128K), 0.0042710 secs] [Times: user=0.02 sys=0.00, real=0.01 secs] 
2014-07-16T15:43:05.093+0000: 1299.414: [GC [PSYoungGen: 185097K->1090K(181376K)] 446040K->262104K(868352K), 0.0043500 secs] [Times: user=0.02 sys=0.00, real=0.00 secs] 
2014-07-16T15:43:05.748+0000: 1300.070: [GC [PSYoungGen: 181225K->570K(177152K)] 442239K->262748K(864128K), 0.0092000 secs] [Times: user=0.05 sys=0.01, real=0.01 secs] 
2014-07-16T15:43:06.361+0000: 1300.682: [GC [PSYoungGen: 177108K->1658K(213568K)] 439287K->264083K(900544K), 0.0123870 secs] [Times: user=0.09 sys=0.00, real=0.01 secs] 
2014-07-16T15:43:07.130+0000: 1301.452: [GC [PSYoungGen: 213562K->1140K(255488K)] 475987K->264515K(942464K), 0.0141940 secs] [Times: user=0.10 sys=0.00, real=0.01 secs] 
2014-07-16T15:43:08.100+0000: 1302.421: [GC [PSYoungGen: 255476K->1372K(280448K)] 518851K->264861K(967424K), 0.0075090 secs] [Times: user=0.05 sys=0.00, real=0.01 secs] 
2014-07-16T15:43:09.147+0000: 1303.469: [GC [PSYoungGen: 279626K->1240K(307392K)] 543115K->264809K(994368K), 0.0081450 secs] [Times: user=0.04 sys=0.00, real=0.01 secs] 
2014-07-16T15:43:10.271+0000: 1304.593: [GC [PSYoungGen: 306498K->1118K(307328K)] 570067K->264799K(994304K), 0.0086210 secs] [Times: user=0.05 sys=0.00, real=0.01 secs] 
2014-07-16T15:43:11.414+0000: 1305.735: [GC [PSYoungGen: 306398K->962K(298048K)] 570079K->264675K(985024K), 0.0040600 secs] [Times: user=0.02 sys=0.00, real=0.00 secs] 
2014-07-16T15:43:12.512+0000: 1306.833: [GC [PSYoungGen: 297986K->1300K(290432K)] 561699K->265093K(977408K), 0.0063890 secs] [Times: user=0.04 sys=0.00, real=0.00 secs] 
2014-07-16T15:43:13.655+0000: 1307.977: [GC [PSYoungGen: 290388K->1494K(283008K)] 554181K->265343K(969984K), 0.0102610 secs] [Times: user=0.06 sys=0.00, real=0.01 secs] 
2014-07-16T15:43:14.688+0000: 1309.009: [GC [PSYoungGen: 282916K->1332K(275520K)] 546765K->265285K(962496K), 0.0104970 secs] [Times: user=0.07 sys=0.00, real=0.01 secs] 
2014-07-16T15:43:15.694+0000: 1310.015: [GC [PSYoungGen: 275508K->854K(268032K)] 539461K->264855K(955008K), 0.0112190 secs] [Times: user=0.06 sys=0.00, real=0.01 secs] 
2014-07-16T15:43:16.666+0000: 1310.987: [GC [PSYoungGen: 267940K->1236K(261632K)] 531941K->265309K(948608K), 0.0043030 secs] [Times: user=0.02 sys=0.00, real=0.00 secs] 
2014-07-16T15:43:17.628+0000: 1311.949: [GC [PSYoungGen: 261540K->904K(254784K)] 525613K->265049K(941760K), 0.0039260 secs] [Times: user=0.02 sys=0.00, real=0.01 secs] 
2014-07-16T15:43:18.554+0000: 1312.876: [GC [PSYoungGen: 254728K->1026K(248640K)] 518873K->265251K(935616K), 0.0156960 secs] [Times: user=0.11 sys=0.00, real=0.01 secs] 
2014-07-16T15:43:19.458+0000: 1313.779: [GC [PSYoungGen: 248578K->1258K(242816K)] 512803K->265555K(929792K), 0.0107380 secs] [Times: user=0.06 sys=0.00, real=0.01 secs] 
2014-07-16T15:43:20.335+0000: 1314.657: [GC [PSYoungGen: 242772K->1408K(291328K)] 507069K->265769K(978304K), 0.0097000 secs] [Times: user=0.06 sys=0.00, real=0.01 secs] 
2014-07-16T15:43:21.385+0000: 1315.706: [GC [PSYoungGen: 291259K->862K(283136K)] 555620K->265371K(970112K), 0.0082090 secs] [Times: user=0.03 sys=0.00, real=0.01 secs] 
2014-07-16T15:43:22.450+0000: 1316.771: [GC [PSYoungGen: 283102K->1000K(275904K)] 547611K->265613K(962880K), 0.0030060 secs] [Times: user=0.01 sys=0.00, real=0.01 secs] 
2014-07-16T15:43:23.502+0000: 1317.823: [GC [PSYoungGen: 275868K->1724K(269568K)] 540481K->266441K(956544K), 0.0039470 secs] [Times: user=0.02 sys=0.00, real=0.01 secs] 
2014-07-16T15:43:24.450+0000: 1318.771: [GC [PSYoungGen: 269564K->954K(262016K)] 534281K->265743K(948992K), 0.0081200 secs] [Times: user=0.05 sys=0.00, real=0.01 secs] 
2014-07-16T15:43:25.404+0000: 1319.726: [GC [PSYoungGen: 261986K->1240K(255808K)] 526775K->266117K(942784K), 0.0092490 secs] [Times: user=0.06 sys=0.00, real=0.01 secs] 
2014-07-16T15:43:26.341+0000: 1320.663: [GC [PSYoungGen: 255768K->1322K(249600K)] 520645K->266255K(936576K), 0.0053310 secs] [Times: user=0.02 sys=0.01, real=0.01 secs] 
2014-07-16T15:43:27.235+0000: 1321.556: [GC [PSYoungGen: 249548K->1208K(243392K)] 514481K->266205K(930368K), 0.0045780 secs] [Times: user=0.02 sys=0.01, real=0.00 secs] 
2014-07-16T15:43:28.110+0000: 1322.431: [GC [PSYoungGen: 243313K->926K(237312K)] 508310K->265987K(924288K), 0.0051440 secs] [Times: user=0.03 sys=0.00, real=0.01 secs] 
2014-07-16T15:43:28.993+0000: 1323.315: [GC [PSYoungGen: 237278K->1140K(231872K)] 502339K->266305K(918848K), 0.0065300 secs] [Times: user=0.04 sys=0.00, real=0.00 secs] 
2014-07-16T15:43:29.831+0000: 1324.152: [GC [PSYoungGen: 231860K->1136K(226432K)] 497025K->266373K(913408K), 0.0079740 secs] [Times: user=0.05 sys=0.00, real=0.01 secs] 
2014-07-16T15:43:30.629+0000: 1324.951: [GC [PSYoungGen: 226416K->882K(220928K)] 491653K->266191K(907904K), 0.0090230 secs] [Times: user=0.06 sys=0.01, real=0.01 secs] 
2014-07-16T15:43:31.415+0000: 1325.736: [GC [PSYoungGen: 220870K->948K(215936K)] 486179K->266297K(902912K), 0.0122290 secs] [Times: user=0.08 sys=0.01, real=0.01 secs] 
2014-07-16T15:43:32.222+0000: 1326.543: [GC [PSYoungGen: 215884K->932K(211072K)] 481233K->266361K(898048K), 0.0052860 secs] [Times: user=0.03 sys=0.00, real=0.01 secs] 
2014-07-16T15:43:32.962+0000: 1327.284: [GC [PSYoungGen: 211044K->658K(206144K)] 476473K->266167K(893120K), 0.0097520 secs] [Times: user=0.07 sys=0.01, real=0.01 secs] 
2014-07-16T15:43:33.795+0000: 1328.116: [GC [PSYoungGen: 206071K->1532K(202432K)] 471580K->267137K(889408K), 0.0065430 secs] [Times: user=0.04 sys=0.00, real=0.00 secs] 
2014-07-16T15:43:34.514+0000: 1328.835: [GC [PSYoungGen: 202418K->1176K(197760K)] 468023K->266837K(884736K), 0.0064220 secs] [Times: user=0.03 sys=0.00, real=0.00 secs] 
2014-07-16T15:43:35.234+0000: 1329.556: [GC [PSYoungGen: 197720K->758K(193088K)] 463381K->266523K(880064K), 0.0090580 secs] [Times: user=0.06 sys=0.00, real=0.00 secs] 
2014-07-16T15:43:35.919+0000: 1330.240: [GC [PSYoungGen: 193050K->1008K(231808K)] 458815K->266845K(918784K), 0.0105170 secs] [Times: user=0.06 sys=0.01, real=0.01 secs] 
2014-07-16T15:43:36.747+0000: 1331.069: [GC [PSYoungGen: 231792K->786K(226176K)] 497629K->266703K(913152K), 0.0035650 secs] [Times: user=0.02 sys=0.00, real=0.00 secs] 
2014-07-16T15:43:37.567+0000: 1331.888: [GC [PSYoungGen: 226130K->862K(220992K)] 492047K->266835K(907968K), 0.0039770 secs] [Times: user=0.02 sys=0.00, real=0.00 secs] 
2014-07-16T15:43:38.366+0000: 1332.688: [GC [PSYoungGen: 220934K->944K(216000K)] 486907K->266981K(902976K), 0.0069730 secs] [Times: user=0.04 sys=0.00, real=0.00 secs] 
2014-07-16T15:43:39.160+0000: 1333.482: [GC [PSYoungGen: 215984K->1586K(211776K)] 482021K->267761K(898752K), 0.0059370 secs] [Times: user=0.04 sys=0.00, real=0.01 secs] 
2014-07-16T15:43:39.916+0000: 1334.237: [GC [PSYoungGen: 211762K->676K(206208K)] 477937K->266963K(893184K), 0.0034790 secs] [Times: user=0.01 sys=0.00, real=0.00 secs] 
2014-07-16T15:43:40.662+0000: 1334.984: [GC [PSYoungGen: 206180K->1340K(202304K)] 472467K->267731K(889280K), 0.0057750 secs] [Times: user=0.02 sys=0.01, real=0.01 secs] 
2014-07-16T15:43:41.386+0000: 1335.707: [GC [PSYoungGen: 202300K->1158K(197824K)] 468691K->267621K(884800K), 0.0096100 secs] [Times: user=0.06 sys=0.00, real=0.01 secs] 
2014-07-16T15:43:42.137+0000: 1336.459: [GC [PSYoungGen: 197766K->1118K(193536K)] 464229K->267645K(880512K), 0.0085370 secs] [Times: user=0.05 sys=0.00, real=0.01 secs] 
2014-07-16T15:43:42.839+0000: 1337.161: [GC [PSYoungGen: 193502K->1240K(189568K)] 460029K->267847K(876544K), 0.0068730 secs] [Times: user=0.04 sys=0.00, real=0.01 secs] 
2014-07-16T15:43:43.526+0000: 1337.847: [GC [PSYoungGen: 189522K->712K(226752K)] 456129K->267367K(913728K), 0.0093470 secs] [Times: user=0.06 sys=0.00, real=0.01 secs] 
2014-07-16T15:43:44.437+0000: 1338.759: [GC [PSYoungGen: 226696K->986K(272256K)] 493351K->267705K(959232K), 0.0100180 secs] [Times: user=0.06 sys=0.00, real=0.01 secs] 
2014-07-16T15:43:45.432+0000: 1339.753: [GC [PSYoungGen: 272218K->1436K(265792K)] 538937K->268211K(952768K), 0.0038800 secs] [Times: user=0.01 sys=0.00, real=0.00 secs] 
2014-07-16T15:43:46.402+0000: 1340.724: [GC [PSYoungGen: 265718K->1008K(258688K)] 532493K->268227K(945664K), 0.0044430 secs] [Times: user=0.03 sys=0.00, real=0.01 secs] 
2014-07-16T15:43:47.344+0000: 1341.666: [GC [PSYoungGen: 258668K->790K(252096K)] 525888K->268057K(939072K), 0.0043390 secs] [Times: user=0.02 sys=0.00, real=0.01 secs] 
2014-07-16T15:43:48.241+0000: 1342.563: [GC [PSYoungGen: 252054K->1194K(246336K)] 519321K->268541K(933312K), 0.0057340 secs] [Times: user=0.04 sys=0.00, real=0.01 secs] 
2014-07-16T15:43:49.164+0000: 1343.486: [GC [PSYoungGen: 246294K->1372K(240576K)] 513641K->268783K(927552K), 0.0058720 secs] [Times: user=0.03 sys=0.00, real=0.01 secs] 
2014-07-16T15:43:50.000+0000: 1344.322: [GC [PSYoungGen: 240540K->998K(234496K)] 507951K->268827K(921472K), 0.0040650 secs] [Times: user=0.02 sys=0.00, real=0.00 secs] 
2014-07-16T15:43:50.847+0000: 1345.168: [GC [PSYoungGen: 234446K->1026K(229056K)] 502275K->268927K(916032K), 0.0064760 secs] [Times: user=0.04 sys=0.00, real=0.00 secs] 
2014-07-16T15:43:51.680+0000: 1346.001: [GC [PSYoungGen: 228994K->1082K(223744K)] 496895K->269147K(910720K), 0.0038010 secs] [Times: user=0.02 sys=0.00, real=0.00 secs] 
2014-07-16T15:43:52.487+0000: 1346.808: [GC [PSYoungGen: 223738K->754K(218304K)] 491803K->268883K(905280K), 0.0048350 secs] [Times: user=0.02 sys=0.00, real=0.00 secs] 
2014-07-16T15:43:53.264+0000: 1347.585: [GC [PSYoungGen: 218290K->930K(213568K)] 486419K->269107K(900544K), 0.0037370 secs] [Times: user=0.02 sys=0.00, real=0.01 secs] 
2014-07-16T15:43:54.069+0000: 1348.390: [GC [PSYoungGen: 213538K->594K(208448K)] 481715K->268819K(895424K), 0.0068650 secs] [Times: user=0.04 sys=0.00, real=0.00 secs] 
2014-07-16T15:43:54.834+0000: 1349.155: [GC [PSYoungGen: 208402K->1354K(204608K)] 476627K->269667K(891584K), 0.0063260 secs] [Times: user=0.04 sys=0.00, real=0.01 secs] 
2014-07-16T15:43:55.579+0000: 1349.900: [GC [PSYoungGen: 204553K->858K(199680K)] 472866K->269267K(886656K), 0.0115660 secs] [Times: user=0.08 sys=0.00, real=0.01 secs] 
2014-07-16T15:43:56.307+0000: 1350.628: [GC [PSYoungGen: 199605K->1090K(195648K)] 468014K->269555K(882624K), 0.0097070 secs] [Times: user=0.05 sys=0.00, real=0.00 secs] 
2014-07-16T15:43:57.010+0000: 1351.332: [GC [PSYoungGen: 195586K->1710K(192064K)] 464051K->270305K(879040K), 0.0062480 secs] [Times: user=0.02 sys=0.00, real=0.00 secs] 
2014-07-16T15:43:57.697+0000: 1352.019: [GC [PSYoungGen: 192046K->626K(229056K)] 460641K->269317K(916032K), 0.0127140 secs] [Times: user=0.08 sys=0.00, real=0.02 secs] 
2014-07-16T15:43:58.525+0000: 1352.847: [GC [PSYoungGen: 229011K->1180K(275328K)] 497702K->269911K(962304K), 0.0076800 secs] [Times: user=0.04 sys=0.00, real=0.01 secs] 
2014-07-16T15:43:59.504+0000: 1353.825: [GC [PSYoungGen: 275292K->1218K(268352K)] 544023K->270071K(955328K), 0.0044040 secs] [Times: user=0.03 sys=0.01, real=0.01 secs] 
2014-07-16T15:44:00.459+0000: 1354.781: [GC [PSYoungGen: 268290K->794K(261120K)] 537143K->269703K(948096K), 0.0057240 secs] [Times: user=0.03 sys=0.00, real=0.00 secs] 
2014-07-16T15:44:01.407+0000: 1355.729: [GC [PSYoungGen: 261082K->1082K(254848K)] 529991K->270047K(941824K), 0.0048220 secs] [Times: user=0.02 sys=0.00, real=0.01 secs] 
2014-07-16T15:44:02.343+0000: 1356.665: [GC [PSYoungGen: 254793K->858K(248384K)] 523758K->269887K(935360K), 0.0054950 secs] [Times: user=0.03 sys=0.00, real=0.01 secs] 
2014-07-16T15:44:03.233+0000: 1357.554: [GC [PSYoungGen: 248300K->836K(242368K)] 517330K->269969K(929344K), 0.0058350 secs] [Times: user=0.04 sys=0.00, real=0.01 secs] 
2014-07-16T15:44:04.156+0000: 1358.478: [GC [PSYoungGen: 242293K->1240K(236928K)] 511427K->270477K(923904K), 0.0044820 secs] [Times: user=0.02 sys=0.00, real=0.01 secs] 
2014-07-16T15:44:04.981+0000: 1359.302: [GC [PSYoungGen: 236888K->1176K(231296K)] 506125K->270469K(918272K), 0.0041600 secs] [Times: user=0.02 sys=0.00, real=0.00 secs] 
2014-07-16T15:44:05.816+0000: 1360.137: [GC [PSYoungGen: 231166K->994K(225728K)] 500459K->270351K(912704K), 0.0073560 secs] [Times: user=0.05 sys=0.00, real=0.01 secs] 
2014-07-16T15:44:06.608+0000: 1360.929: [GC [PSYoungGen: 225647K->1062K(220608K)] 495004K->270475K(907584K), 0.0055330 secs] [Times: user=0.04 sys=0.00, real=0.01 secs] 
2014-07-16T15:44:07.389+0000: 1361.711: [GC [PSYoungGen: 220536K->1090K(215680K)] 489949K->270575K(902656K), 0.0037660 secs] [Times: user=0.02 sys=0.00, real=0.00 secs] 
2014-07-16T15:44:08.168+0000: 1362.489: [GC [PSYoungGen: 215618K->1008K(210688K)] 485103K->270661K(897664K), 0.0043980 secs] [Times: user=0.02 sys=0.00, real=0.01 secs] 
2014-07-16T15:44:09.009+0000: 1363.331: [GC [PSYoungGen: 210672K->1348K(206400K)] 480325K->271105K(893376K), 0.0077490 secs] [Times: user=0.03 sys=0.00, real=0.00 secs] 
2014-07-16T15:44:09.692+0000: 1364.013: [GC [PSYoungGen: 206340K->694K(201216K)] 476097K->270555K(888192K), 0.0056780 secs] [Times: user=0.04 sys=0.00, real=0.00 secs] 
2014-07-16T15:44:10.406+0000: 1364.727: [GC [PSYoungGen: 201206K->1112K(197312K)] 471067K->271013K(884288K), 0.0088800 secs] [Times: user=0.05 sys=0.00, real=0.01 secs] 
2014-07-16T15:44:11.104+0000: 1365.425: [GC [PSYoungGen: 197272K->940K(192896K)] 467173K->270897K(879872K), 0.0096030 secs] [Times: user=0.06 sys=0.01, real=0.01 secs] 
2014-07-16T15:44:11.793+0000: 1366.114: [GC [PSYoungGen: 192876K->958K(231296K)] 462833K->270971K(918272K), 0.0083110 secs] [Times: user=0.04 sys=0.00, real=0.01 secs] 
2014-07-16T15:44:12.619+0000: 1366.940: [GC [PSYoungGen: 231289K->894K(225856K)] 501302K->271003K(912832K), 0.0047370 secs] [Times: user=0.03 sys=0.00, real=0.01 secs] 
2014-07-16T15:44:13.432+0000: 1367.753: [GC [PSYoungGen: 225854K->722K(220544K)] 495963K->270903K(907520K), 0.0038820 secs] [Times: user=0.02 sys=0.00, real=0.00 secs] 
2014-07-16T15:44:14.272+0000: 1368.594: [GC [PSYoungGen: 220487K->1340K(216064K)] 490668K->271625K(903040K), 0.0047790 secs] [Times: user=0.02 sys=0.00, real=0.00 secs] 
2014-07-16T15:44:15.012+0000: 1369.334: [GC [PSYoungGen: 216032K->1158K(211072K)] 486317K->271507K(898048K), 0.0076100 secs] [Times: user=0.04 sys=0.00, real=0.01 secs] 
2014-07-16T15:44:15.771+0000: 1370.093: [GC [PSYoungGen: 211014K->698K(252544K)] 481363K->271185K(939520K), 0.0169910 secs] [Times: user=0.12 sys=0.00, real=0.01 secs] 
2014-07-16T15:44:16.695+0000: 1371.017: [GC [PSYoungGen: 252538K->790K(303040K)] 523025K->271365K(990016K), 0.0060210 secs] [Times: user=0.04 sys=0.00, real=0.01 secs] 
2014-07-16T15:44:17.811+0000: 1372.133: [GC [PSYoungGen: 302998K->1032K(295168K)] 573573K->271671K(982144K), 0.0047560 secs] [Times: user=0.01 sys=0.00, real=0.00 secs] 
2014-07-16T15:44:18.892+0000: 1373.213: [GC [PSYoungGen: 295109K->1026K(287360K)] 565749K->271713K(974336K), 0.0044960 secs] [Times: user=0.02 sys=0.00, real=0.00 secs] 
2014-07-16T15:44:20.033+0000: 1374.355: [GC [PSYoungGen: 287298K->930K(279744K)] 557985K->271801K(966720K), 0.0073150 secs] [Times: user=0.03 sys=0.00, real=0.00 secs] 
2014-07-16T15:44:21.042+0000: 1375.363: [GC [PSYoungGen: 279713K->1008K(272576K)] 550584K->271943K(959552K), 0.0072210 secs] [Times: user=0.04 sys=0.00, real=0.00 secs] 
2014-07-16T15:44:22.035+0000: 1376.356: [GC [PSYoungGen: 272507K->994K(265664K)] 543443K->272159K(952640K), 0.0107060 secs] [Times: user=0.06 sys=0.00, real=0.01 secs] 
2014-07-16T15:44:22.970+0000: 1377.291: [GC [PSYoungGen: 265634K->872K(258880K)] 536799K->272109K(945856K), 0.0048090 secs] [Times: user=0.02 sys=0.00, real=0.01 secs] 
2014-07-16T15:44:23.910+0000: 1378.231: [GC [PSYoungGen: 258827K->948K(252544K)] 530065K->272561K(939520K), 0.0067020 secs] [Times: user=0.04 sys=0.00, real=0.01 secs] 
2014-07-16T15:44:24.865+0000: 1379.186: [GC [PSYoungGen: 252499K->858K(246272K)] 524112K->272551K(933248K), 0.0058910 secs] [Times: user=0.04 sys=0.00, real=0.00 secs] 
2014-07-16T15:44:25.744+0000: 1380.066: [GC [PSYoungGen: 246234K->840K(240320K)] 517927K->272629K(927296K), 0.0045490 secs] [Times: user=0.02 sys=0.00, real=0.00 secs] 
2014-07-16T15:44:26.630+0000: 1380.951: [GC [PSYoungGen: 240264K->1336K(235008K)] 512053K->273181K(921984K), 0.0050550 secs] [Times: user=0.02 sys=0.01, real=0.01 secs] 
2014-07-16T15:44:27.470+0000: 1381.791: [GC [PSYoungGen: 235000K->672K(228864K)] 506845K->272597K(915840K), 0.0029670 secs] [Times: user=0.02 sys=0.00, real=0.01 secs] 
2014-07-16T15:44:28.306+0000: 1382.627: [GC [PSYoungGen: 228788K->662K(223552K)] 500714K->272635K(910528K), 0.0034610 secs] [Times: user=0.01 sys=0.01, real=0.00 secs] 
2014-07-16T15:44:29.126+0000: 1383.448: [GC [PSYoungGen: 223508K->1350K(219136K)] 495482K->273419K(906112K), 0.0065320 secs] [Times: user=0.03 sys=0.00, real=0.01 secs] 
2014-07-16T15:44:29.943+0000: 1384.265: [GC [PSYoungGen: 219078K->662K(213504K)] 491147K->272795K(900480K), 0.0045820 secs] [Times: user=0.03 sys=0.01, real=0.00 secs] 
2014-07-16T15:44:30.702+0000: 1385.023: [GC [PSYoungGen: 213437K->748K(208768K)] 485570K->272945K(895744K), 0.0037110 secs] [Times: user=0.02 sys=0.00, real=0.01 secs] 
2014-07-16T15:44:31.440+0000: 1385.761: [GC [PSYoungGen: 208748K->762K(204160K)] 480945K->273031K(891136K), 0.0057060 secs] [Times: user=0.04 sys=0.00, real=0.01 secs] 
2014-07-16T15:44:32.164+0000: 1386.485: [GC [PSYoungGen: 204154K->1244K(200192K)] 476423K->273577K(887168K), 0.0054450 secs] [Times: user=0.03 sys=0.01, real=0.00 secs] 
2014-07-16T15:44:32.903+0000: 1387.224: [GC [PSYoungGen: 200156K->1108K(195776K)] 472489K->273513K(882752K), 0.0051070 secs] [Times: user=0.03 sys=0.00, real=0.01 secs] 
2014-07-16T15:44:33.605+0000: 1387.926: [GC [PSYoungGen: 195732K->948K(191424K)] 468137K->273691K(878400K), 0.0074350 secs] [Times: user=0.04 sys=0.00, real=0.00 secs] 
2014-07-16T15:44:34.350+0000: 1388.671: [GC [PSYoungGen: 191412K->1646K(230272K)] 464155K->274791K(917248K), 0.0139440 secs] [Times: user=0.08 sys=0.00, real=0.02 secs] 
2014-07-16T15:44:35.149+0000: 1389.470: [GC [PSYoungGen: 230254K->762K(224064K)] 503399K->274085K(911040K), 0.0053930 secs] [Times: user=0.02 sys=0.01, real=0.01 secs] 
2014-07-16T15:44:35.974+0000: 1390.296: [GC [PSYoungGen: 224057K->1086K(219264K)] 497380K->274547K(906240K), 0.0067980 secs] [Times: user=0.04 sys=0.01, real=0.00 secs] 
2014-07-16T15:44:36.765+0000: 1391.086: [GC [PSYoungGen: 219262K->772K(214016K)] 492723K->274331K(900992K), 0.0100280 secs] [Times: user=0.06 sys=0.00, real=0.01 secs] 
2014-07-16T15:44:37.548+0000: 1391.869: [GC [PSYoungGen: 213956K->1226K(209664K)] 487515K->274809K(896640K), 0.0062670 secs] [Times: user=0.02 sys=0.00, real=0.01 secs] 
2014-07-16T15:44:38.302+0000: 1392.623: [GC [PSYoungGen: 209610K->1232K(205056K)] 483193K->274919K(892032K), 0.0038170 secs] [Times: user=0.03 sys=0.00, real=0.01 secs] 
2014-07-16T15:44:39.051+0000: 1393.372: [GC [PSYoungGen: 204975K->1410K(200768K)] 478663K->275209K(887744K), 0.0104410 secs] [Times: user=0.06 sys=0.00, real=0.01 secs] 
2014-07-16T15:44:39.786+0000: 1394.107: [GC [PSYoungGen: 200677K->594K(195648K)] 474477K->274465K(882624K), 0.0035640 secs] [Times: user=0.02 sys=0.00, real=0.00 secs] 
2014-07-16T15:44:40.483+0000: 1394.804: [GC [PSYoungGen: 195601K->1190K(192064K)] 469473K->275149K(879040K), 0.0054640 secs] [Times: user=0.03 sys=0.00, real=0.01 secs] 
2014-07-16T15:44:41.174+0000: 1395.495: [GC [PSYoungGen: 192038K->708K(187584K)] 465997K->274771K(874560K), 0.0047410 secs] [Times: user=0.03 sys=0.00, real=0.00 secs] 
2014-07-16T15:44:41.852+0000: 1396.173: [GC [PSYoungGen: 187524K->858K(183808K)] 461587K->275017K(870784K), 0.0065710 secs] [Times: user=0.04 sys=0.00, real=0.01 secs] 
2014-07-16T15:44:42.512+0000: 1396.833: [GC [PSYoungGen: 183770K->1136K(180288K)] 457929K->275343K(867264K), 0.0041030 secs] [Times: user=0.02 sys=0.00, real=0.01 secs] 
2014-07-16T15:44:43.162+0000: 1397.483: [GC [PSYoungGen: 180272K->1586K(177088K)] 454479K->275857K(864064K), 0.0074560 secs] [Times: user=0.04 sys=0.00, real=0.01 secs] 
2014-07-16T15:44:43.811+0000: 1398.132: [GC [PSYoungGen: 177074K->884K(172864K)] 451345K->275381K(859840K), 0.0079390 secs] [Times: user=0.04 sys=0.00, real=0.01 secs] 
2014-07-16T15:44:44.496+0000: 1398.817: [GC [PSYoungGen: 172818K->1464K(207872K)] 447316K->276009K(894848K), 0.0084790 secs] [Times: user=0.05 sys=0.00, real=0.00 secs] 
2014-07-16T15:44:45.199+0000: 1399.520: [GC [PSYoungGen: 207864K->826K(202688K)] 482409K->275567K(889664K), 0.0047250 secs] [Times: user=0.03 sys=0.00, real=0.00 secs] 
2014-07-16T15:44:45.949+0000: 1400.271: [GC [PSYoungGen: 202682K->844K(198336K)] 477423K->275657K(885312K), 0.0068710 secs] [Times: user=0.04 sys=0.00, real=0.01 secs] 
2014-07-16T15:44:46.678+0000: 1400.999: [GC [PSYoungGen: 198284K->748K(237696K)] 473097K->275593K(924672K), 0.0141120 secs] [Times: user=0.09 sys=0.01, real=0.01 secs] 
2014-07-16T15:44:47.532+0000: 1401.854: [GC [PSYoungGen: 237676K->1054K(285440K)] 512521K->275995K(972416K), 0.0064210 secs] [Times: user=0.04 sys=0.00, real=0.01 secs] 
2014-07-16T15:44:48.627+0000: 1402.948: [GC [PSYoungGen: 285406K->1450K(278400K)] 560347K->276495K(965376K), 0.0058480 secs] [Times: user=0.04 sys=0.01, real=0.00 secs] 
2014-07-16T15:44:49.698+0000: 1404.019: [GC [PSYoungGen: 278378K->1318K(271104K)] 553423K->276403K(958080K), 0.0081500 secs] [Times: user=0.05 sys=0.00, real=0.01 secs] 
2014-07-16T15:44:50.628+0000: 1404.949: [GC [PSYoungGen: 271078K->932K(263872K)] 546163K->276213K(950848K), 0.0050670 secs] [Times: user=0.03 sys=0.00, real=0.00 secs] 
2014-07-16T15:44:51.574+0000: 1405.895: [GC [PSYoungGen: 263844K->1154K(257536K)] 539125K->276499K(944512K), 0.0045650 secs] [Times: user=0.02 sys=0.00, real=0.01 secs] 
2014-07-16T15:44:52.478+0000: 1406.799: [GC [PSYoungGen: 257445K->1036K(251072K)] 532791K->276461K(938048K), 0.0111430 secs] [Times: user=0.06 sys=0.01, real=0.01 secs] 
2014-07-16T15:44:53.382+0000: 1407.703: [GC [PSYoungGen: 251020K->1026K(244928K)] 526445K->276523K(931904K), 0.0098680 secs] [Times: user=0.06 sys=0.00, real=0.01 secs] 
2014-07-16T15:44:54.290+0000: 1408.611: [GC [PSYoungGen: 244866K->1200K(239168K)] 520363K->276877K(926144K), 0.0057210 secs] [Times: user=0.03 sys=0.00, real=0.00 secs] 
2014-07-16T15:44:55.177+0000: 1409.498: [GC [PSYoungGen: 239152K->1446K(233728K)] 514829K->277219K(920704K), 0.0060040 secs] [Times: user=0.03 sys=0.00, real=0.00 secs] 
2014-07-16T15:44:56.010+0000: 1410.332: [GC [PSYoungGen: 233666K->694K(227456K)] 509440K->276531K(914432K), 0.0104430 secs] [Times: user=0.06 sys=0.00, real=0.01 secs] 
2014-07-16T15:44:56.842+0000: 1411.163: [GC [PSYoungGen: 227424K->694K(222208K)] 503262K->276579K(909184K), 0.0067430 secs] [Times: user=0.04 sys=0.00, real=0.01 secs] 
2014-07-16T15:44:57.674+0000: 1411.995: [GC [PSYoungGen: 222198K->1104K(217600K)] 498083K->277069K(904576K), 0.0083690 secs] [Times: user=0.05 sys=0.00, real=0.01 secs] 
2014-07-16T15:44:58.442+0000: 1412.763: [GC [PSYoungGen: 217552K->630K(212160K)] 493517K->276651K(899136K), 0.0033040 secs] [Times: user=0.01 sys=0.01, real=0.00 secs] 
2014-07-16T15:44:59.196+0000: 1413.518: [GC [PSYoungGen: 212133K->726K(207552K)] 488155K->276795K(894528K), 0.0060150 secs] [Times: user=0.03 sys=0.00, real=0.01 secs] 
2014-07-16T15:44:59.965+0000: 1414.286: [GC [PSYoungGen: 207510K->1050K(203328K)] 483579K->277207K(890304K), 0.0072040 secs] [Times: user=0.05 sys=0.00, real=0.01 secs] 
2014-07-16T15:45:00.697+0000: 1415.019: [GC [PSYoungGen: 203273K->840K(198720K)] 479431K->277045K(885696K), 0.0076540 secs] [Times: user=0.04 sys=0.00, real=0.00 secs] 
2014-07-16T15:45:01.410+0000: 1415.731: [GC [PSYoungGen: 198664K->1154K(194752K)] 474869K->277447K(881728K), 0.0055120 secs] [Times: user=0.03 sys=0.00, real=0.00 secs] 
2014-07-16T15:45:02.110+0000: 1416.432: [GC [PSYoungGen: 194690K->1254K(190720K)] 470983K->277661K(877696K), 0.0095150 secs] [Times: user=0.05 sys=0.00, real=0.01 secs] 
2014-07-16T15:45:02.786+0000: 1417.107: [GC [PSYoungGen: 190694K->630K(186112K)] 467101K->277077K(873088K), 0.0054270 secs] [Times: user=0.02 sys=0.00, real=0.01 secs] 
2014-07-16T15:45:03.456+0000: 1417.777: [GC [PSYoungGen: 186102K->1208K(182848K)] 462549K->277695K(869824K), 0.0049720 secs] [Times: user=0.02 sys=0.00, real=0.01 secs] 
2014-07-16T15:45:04.155+0000: 1418.476: [GC [PSYoungGen: 182840K->1004K(178944K)] 459327K->277595K(865920K), 0.0060260 secs] [Times: user=0.03 sys=0.00, real=0.01 secs] 
2014-07-16T15:45:04.838+0000: 1419.160: [GC [PSYoungGen: 178924K->1262K(175616K)] 455515K->278192K(862592K), 0.0095760 secs] [Times: user=0.05 sys=0.00, real=0.01 secs] 
2014-07-16T15:45:05.414+0000: 1419.735: [GC [PSYoungGen: 175598K->1022K(210240K)] 452528K->278015K(897216K), 0.0107580 secs] [Times: user=0.07 sys=0.00, real=0.01 secs] 
2014-07-16T15:45:06.175+0000: 1420.496: [GC [PSYoungGen: 210238K->708K(251840K)] 487231K->277765K(938816K), 0.0068310 secs] [Times: user=0.04 sys=0.01, real=0.01 secs] 
2014-07-16T15:45:07.072+0000: 1421.394: [GC [PSYoungGen: 251764K->776K(245760K)] 528821K->277921K(932736K), 0.0053850 secs] [Times: user=0.03 sys=0.00, real=0.00 secs] 
2014-07-16T15:45:07.965+0000: 1422.286: [GC [PSYoungGen: 245704K->926K(239936K)] 522849K->278135K(926912K), 0.0070330 secs] [Times: user=0.04 sys=0.00, real=0.01 secs] 
2014-07-16T15:45:08.876+0000: 1423.197: [GC [PSYoungGen: 239902K->758K(234048K)] 517111K->278023K(921024K), 0.0065830 secs] [Times: user=0.04 sys=0.00, real=0.01 secs] 
2014-07-16T15:45:09.806+0000: 1424.127: [GC [PSYoungGen: 234037K->676K(228480K)] 511303K->277997K(915456K), 0.0036550 secs] [Times: user=0.02 sys=0.00, real=0.01 secs] 
2014-07-16T15:45:10.610+0000: 1424.932: [GC [PSYoungGen: 228452K->958K(223424K)] 505773K->278367K(910400K), 0.0072510 secs] [Times: user=0.05 sys=0.00, real=0.00 secs] 
2014-07-16T15:45:11.424+0000: 1425.745: [GC [PSYoungGen: 223422K->868K(218240K)] 500831K->278349K(905216K), 0.0061630 secs] [Times: user=0.04 sys=0.00, real=0.01 secs] 
2014-07-16T15:45:12.227+0000: 1426.549: [GC [PSYoungGen: 218212K->1008K(213440K)] 495693K->278569K(900416K), 0.0076570 secs] [Times: user=0.05 sys=0.00, real=0.01 secs] 
2014-07-16T15:45:12.984+0000: 1427.305: [GC [PSYoungGen: 213424K->644K(208384K)] 490985K->278253K(895360K), 0.0089620 secs] [Times: user=0.06 sys=0.00, real=0.01 secs] 
2014-07-16T15:45:13.751+0000: 1428.073: [GC [PSYoungGen: 208324K->1462K(204544K)] 485933K->279508K(891520K), 0.0062270 secs] [Times: user=0.04 sys=0.00, real=0.00 secs] 
2014-07-16T15:45:14.475+0000: 1428.796: [GC [PSYoungGen: 204528K->826K(199488K)] 482574K->279066K(886464K), 0.0053090 secs] [Times: user=0.03 sys=0.01, real=0.01 secs] 
2014-07-16T15:45:15.237+0000: 1429.559: [GC [PSYoungGen: 199471K->1112K(195520K)] 477711K->279416K(882496K), 0.0039650 secs] [Times: user=0.02 sys=0.00, real=0.01 secs] 
2014-07-16T15:45:15.931+0000: 1430.253: [GC [PSYoungGen: 195477K->982K(191232K)] 473781K->279358K(878208K), 0.0042800 secs] [Times: user=0.01 sys=0.00, real=0.00 secs] 
2014-07-16T15:45:16.618+0000: 1430.939: [GC [PSYoungGen: 191190K->830K(187008K)] 469566K->279262K(873984K), 0.0062290 secs] [Times: user=0.04 sys=0.00, real=0.01 secs] 
2014-07-16T15:45:17.309+0000: 1431.630: [GC [PSYoungGen: 186971K->1522K(183808K)] 465403K->280026K(870784K), 0.0059380 secs] [Times: user=0.04 sys=0.00, real=0.01 secs] 
2014-07-16T15:45:17.949+0000: 1432.270: [GC [PSYoungGen: 183794K->808K(179392K)] 462298K->279408K(866368K), 0.0054880 secs] [Times: user=0.03 sys=0.00, real=0.01 secs] 
2014-07-16T15:45:18.625+0000: 1432.947: [GC [PSYoungGen: 179368K->726K(175680K)] 457968K->279398K(862656K), 0.0071250 secs] [Times: user=0.05 sys=0.01, real=0.01 secs] 
2014-07-16T15:45:19.286+0000: 1433.607: [GC [PSYoungGen: 175638K->1096K(172544K)] 454310K->279856K(859520K), 0.0054230 secs] [Times: user=0.04 sys=0.00, real=0.01 secs] 
2014-07-16T15:45:20.000+0000: 1434.321: [GC [PSYoungGen: 172488K->1330K(169344K)] 451248K->280185K(856320K), 0.0048180 secs] [Times: user=0.02 sys=0.01, real=0.01 secs] 
2014-07-16T15:45:20.610+0000: 1434.931: [GC [PSYoungGen: 169330K->1336K(166080K)] 448185K->280264K(853056K), 0.0040240 secs] [Times: user=0.02 sys=0.00, real=0.01 secs] 
2014-07-16T15:45:21.199+0000: 1435.520: [GC [PSYoungGen: 166072K->830K(162368K)] 445000K->279952K(849344K), 0.0046430 secs] [Times: user=0.03 sys=0.00, real=0.01 secs] 
2014-07-16T15:45:21.817+0000: 1436.138: [GC [PSYoungGen: 162366K->1700K(160192K)] 441488K->281010K(847168K), 0.0070750 secs] [Times: user=0.04 sys=0.01, real=0.01 secs] 
2014-07-16T15:45:22.398+0000: 1436.719: [GC [PSYoungGen: 160164K->958K(156416K)] 439474K->280506K(843392K), 0.0077160 secs] [Times: user=0.05 sys=0.00, real=0.01 secs] 
2014-07-16T15:45:22.967+0000: 1437.289: [GC [PSYoungGen: 156414K->808K(153408K)] 435962K->280420K(840384K), 0.0042750 secs] [Times: user=0.02 sys=0.00, real=0.01 secs] 
2014-07-16T15:45:23.525+0000: 1437.847: [GC [PSYoungGen: 153384K->954K(150720K)] 432996K->280638K(837696K), 0.0041650 secs] [Times: user=0.02 sys=0.01, real=0.00 secs] 
2014-07-16T15:45:24.082+0000: 1438.403: [GC [PSYoungGen: 150714K->1432K(181184K)] 430398K->281220K(868160K), 0.0103100 secs] [Times: user=0.07 sys=0.01, real=0.01 secs] 
2014-07-16T15:45:24.732+0000: 1439.054: [GC [PSYoungGen: 181144K->1186K(216896K)] 460932K->281038K(903872K), 0.0080120 secs] [Times: user=0.05 sys=0.00, real=0.00 secs] 
2014-07-16T15:45:25.564+0000: 1439.886: [GC [PSYoungGen: 216866K->1546K(260416K)] 496718K->281486K(947392K), 0.0065930 secs] [Times: user=0.04 sys=0.00, real=0.01 secs] 
2014-07-16T15:45:26.475+0000: 1440.796: [GC [PSYoungGen: 260362K->726K(253120K)] 540302K->280730K(940096K), 0.0062420 secs] [Times: user=0.03 sys=0.00, real=0.01 secs] 
2014-07-16T15:45:27.401+0000: 1441.722: [GC [PSYoungGen: 253078K->1244K(247424K)] 533082K->281296K(934400K), 0.0067440 secs] [Times: user=0.03 sys=0.01, real=0.01 secs] 
2014-07-16T15:45:28.297+0000: 1442.619: [GC [PSYoungGen: 247388K->826K(241024K)] 527440K->280942K(928000K), 0.0042940 secs] [Times: user=0.02 sys=0.00, real=0.01 secs] 
2014-07-16T15:45:29.171+0000: 1443.492: [GC [PSYoungGen: 241018K->826K(235264K)] 521134K->281014K(922240K), 0.0051560 secs] [Times: user=0.02 sys=0.00, real=0.01 secs] 
2014-07-16T15:45:30.077+0000: 1444.399: [GC [PSYoungGen: 235258K->1832K(230720K)] 515446K->282214K(917696K), 0.0082800 secs] [Times: user=0.05 sys=0.00, real=0.01 secs] 
2014-07-16T15:45:30.920+0000: 1445.242: [GC [PSYoungGen: 230696K->776K(224320K)] 511078K->281222K(911296K), 0.0063380 secs] [Times: user=0.03 sys=0.00, real=0.01 secs] 
2014-07-16T15:45:31.690+0000: 1446.011: [GC [PSYoungGen: 224264K->662K(219008K)] 504710K->281172K(905984K), 0.0069480 secs] [Times: user=0.04 sys=0.00, real=0.01 secs] 
2014-07-16T15:45:32.493+0000: 1446.814: [GC [PSYoungGen: 218881K->1236K(214592K)] 499391K->281842K(901568K), 0.0064110 secs] [Times: user=0.04 sys=0.00, real=0.00 secs] 
2014-07-16T15:45:33.262+0000: 1447.583: [GC [PSYoungGen: 214538K->726K(209280K)] 495144K->281412K(896256K), 0.0061220 secs] [Times: user=0.04 sys=0.00, real=0.01 secs] 
2014-07-16T15:45:34.020+0000: 1448.342: [GC [PSYoungGen: 209204K->726K(204672K)] 489890K->281476K(891648K), 0.0040160 secs] [Times: user=0.02 sys=0.00, real=0.01 secs] 
2014-07-16T15:45:34.771+0000: 1449.093: [GC [PSYoungGen: 204630K->868K(200320K)] 485380K->281682K(887296K), 0.0047000 secs] [Times: user=0.02 sys=0.00, real=0.01 secs] 
2014-07-16T15:45:35.525+0000: 1449.846: [GC [PSYoungGen: 200292K->858K(196032K)] 481106K->281744K(883008K), 0.0066320 secs] [Times: user=0.03 sys=0.00, real=0.00 secs] 
2014-07-16T15:45:36.231+0000: 1450.552: [GC [PSYoungGen: 195994K->982K(192000K)] 476880K->281948K(878976K), 0.0035080 secs] [Times: user=0.02 sys=0.00, real=0.01 secs] 
2014-07-16T15:45:36.946+0000: 1451.267: [GC [PSYoungGen: 191958K->844K(187840K)] 472924K->281858K(874816K), 0.0072010 secs] [Times: user=0.04 sys=0.01, real=0.01 secs] 
2014-07-16T15:45:37.618+0000: 1451.940: [GC [PSYoungGen: 187788K->694K(183744K)] 468802K->281772K(870720K), 0.0064200 secs] [Times: user=0.03 sys=0.00, real=0.01 secs] 
2014-07-16T15:45:38.289+0000: 1452.611: [GC [PSYoungGen: 183734K->908K(180224K)] 464812K->282042K(867200K), 0.0065230 secs] [Times: user=0.03 sys=0.00, real=0.01 secs] 
2014-07-16T15:45:38.923+0000: 1453.244: [GC [PSYoungGen: 180128K->1540K(216768K)] 461262K->282722K(903744K), 0.0104170 secs] [Times: user=0.06 sys=0.00, real=0.02 secs] 
2014-07-16T15:45:39.705+0000: 1454.027: [GC [PSYoungGen: 216708K->1442K(246720K)] 497890K->282688K(933696K), 0.0116990 secs] [Times: user=0.06 sys=0.00, real=0.01 secs] 
2014-07-16T15:45:40.677+0000: 1454.999: [GC [PSYoungGen: 246370K->1236K(240256K)] 527616K->282562K(927232K), 0.0033780 secs] [Times: user=0.01 sys=0.00, real=0.00 secs] 
2014-07-16T15:45:41.534+0000: 1455.856: [GC [PSYoungGen: 240212K->822K(259520K)] 521538K->282188K(946496K), 0.0138170 secs] [Times: user=0.09 sys=0.00, real=0.01 secs] 
2014-07-16T15:45:42.460+0000: 1456.782: [GC [PSYoungGen: 258486K->1158K(252480K)] 539852K->282596K(939456K), 0.0051550 secs] [Times: user=0.02 sys=0.00, real=0.01 secs] 
2014-07-16T15:45:43.396+0000: 1457.717: [GC [PSYoungGen: 252422K->946K(246080K)] 533860K->282448K(933056K), 0.0077380 secs] [Times: user=0.04 sys=0.00, real=0.00 secs] 
2014-07-16T15:45:44.269+0000: 1458.590: [GC [PSYoungGen: 246066K->644K(286976K)] 527568K->282186K(973952K), 0.0128320 secs] [Times: user=0.08 sys=0.00, real=0.01 secs] 
2014-07-16T15:45:45.343+0000: 1459.664: [GC [PSYoungGen: 286148K->1012K(287232K)] 567690K->282586K(974208K), 0.0130740 secs] [Times: user=0.08 sys=0.00, real=0.02 secs] 
2014-07-16T15:45:46.347+0000: 1460.668: [GC [PSYoungGen: 286495K->1550K(279616K)] 568069K->283220K(966592K), 0.0062410 secs] [Times: user=0.04 sys=0.00, real=0.00 secs] 
2014-07-16T15:45:47.371+0000: 1461.693: [GC [PSYoungGen: 279542K->864K(334528K)] 561212K->282590K(1021504K), 0.0115340 secs] [Times: user=0.06 sys=0.00, real=0.01 secs] 
2014-07-16T15:45:48.565+0000: 1462.886: [GC [PSYoungGen: 334481K->990K(325248K)] 616207K->282780K(1012224K), 0.0074790 secs] [Times: user=0.05 sys=0.00, real=0.00 secs] 
2014-07-16T15:45:49.741+0000: 1464.063: [GC [PSYoungGen: 325214K->1368K(316608K)] 607004K->283238K(1003584K), 0.0063950 secs] [Times: user=0.04 sys=0.00, real=0.01 secs] 
2014-07-16T15:45:50.909+0000: 1465.230: [GC [PSYoungGen: 316568K->726K(307328K)] 598438K->282660K(994304K), 0.0097660 secs] [Times: user=0.06 sys=0.00, real=0.01 secs] 
2014-07-16T15:45:52.086+0000: 1466.408: [GC [PSYoungGen: 307273K->1392K(299648K)] 589207K->283406K(986624K), 0.0109160 secs] [Times: user=0.07 sys=0.00, real=0.01 secs] 
2014-07-16T15:45:53.156+0000: 1467.478: [GC [PSYoungGen: 299632K->900K(340480K)] 581646K->282978K(1027456K), 0.0179500 secs] [Times: user=0.11 sys=0.00, real=0.01 secs] 
2014-07-16T15:45:54.387+0000: 1468.708: [GC [PSYoungGen: 339908K->726K(330176K)] 621986K->282876K(1017152K), 0.0071510 secs] [Times: user=0.04 sys=0.00, real=0.00 secs] 
2014-07-16T15:45:55.597+0000: 1469.918: [GC [PSYoungGen: 330134K->1058K(321280K)] 612284K->283372K(1008256K), 0.0089660 secs] [Times: user=0.06 sys=0.00, real=0.00 secs] 
2014-07-16T15:45:56.751+0000: 1471.073: [GC [PSYoungGen: 321231K->772K(312192K)] 603545K->283174K(999168K), 0.0037630 secs] [Times: user=0.02 sys=0.00, real=0.00 secs] 
2014-07-16T15:45:57.879+0000: 1472.200: [GC [PSYoungGen: 312132K->930K(303808K)] 594534K->283380K(990784K), 0.0051280 secs] [Times: user=0.03 sys=0.00, real=0.00 secs] 
2014-07-16T15:45:58.968+0000: 1473.290: [GC [PSYoungGen: 303778K->1022K(295744K)] 586228K->283536K(982720K), 0.0043740 secs] [Times: user=0.02 sys=0.00, real=0.00 secs] 
2014-07-16T15:46:00.039+0000: 1474.360: [GC [PSYoungGen: 295714K->776K(287744K)] 578228K->283378K(974720K), 0.0048790 secs] [Times: user=0.03 sys=0.00, real=0.00 secs] 
2014-07-16T15:46:01.132+0000: 1475.453: [GC [PSYoungGen: 287688K->1262K(280640K)] 570290K->283920K(967616K), 0.0075880 secs] [Times: user=0.06 sys=0.00, real=0.01 secs] 
2014-07-16T15:46:02.191+0000: 1476.513: [GC [PSYoungGen: 280622K->840K(273024K)] 563280K->283546K(960000K), 0.0072410 secs] [Times: user=0.05 sys=0.00, real=0.01 secs] 
2014-07-16T15:46:03.203+0000: 1477.525: [GC [PSYoungGen: 272968K->1568K(266752K)] 555674K->284452K(953728K), 0.0056680 secs] [Times: user=0.04 sys=0.00, real=0.01 secs] 
2014-07-16T15:46:04.181+0000: 1478.502: [GC [PSYoungGen: 266691K->766K(259200K)] 549576K->283995K(946176K), 0.0075270 secs] [Times: user=0.05 sys=0.00, real=0.01 secs] 
2014-07-16T15:46:05.113+0000: 1479.435: [GC [PSYoungGen: 259198K->758K(252736K)] 542427K->284083K(939712K), 0.0052490 secs] [Times: user=0.03 sys=0.01, real=0.01 secs] 
2014-07-16T15:46:06.069+0000: 1480.390: [GC [PSYoungGen: 252726K->832K(246592K)] 536051K->284252K(933568K), 0.0060160 secs] [Times: user=0.04 sys=0.00, real=0.00 secs] 
2014-07-16T15:46:06.945+0000: 1481.266: [GC [PSYoungGen: 246592K->1104K(240960K)] 530012K->284605K(927936K), 0.0051590 secs] [Times: user=0.03 sys=0.00, real=0.01 secs] 
2014-07-16T15:46:07.818+0000: 1482.139: [GC [PSYoungGen: 240912K->580K(234688K)] 524413K->284145K(921664K), 0.0079460 secs] [Times: user=0.03 sys=0.00, real=0.00 secs] 
2014-07-16T15:46:08.662+0000: 1482.983: [GC [PSYoungGen: 234617K->1390K(229888K)] 518182K->285003K(916864K), 0.0044710 secs] [Times: user=0.02 sys=0.00, real=0.00 secs] 
2014-07-16T15:46:09.480+0000: 1483.802: [GC [PSYoungGen: 229870K->954K(224128K)] 513483K->284631K(911104K), 0.0062300 secs] [Times: user=0.04 sys=0.00, real=0.00 secs] 
2014-07-16T15:46:10.303+0000: 1484.625: [GC [PSYoungGen: 224122K->1050K(219136K)] 507799K->284815K(906112K), 0.0038950 secs] [Times: user=0.02 sys=0.01, real=0.00 secs] 
2014-07-16T15:46:11.171+0000: 1485.492: [GC [PSYoungGen: 219098K->1246K(214336K)] 502863K->285083K(901312K), 0.0046860 secs] [Times: user=0.01 sys=0.00, real=0.00 secs] 
2014-07-16T15:46:11.963+0000: 1486.285: [GC [PSYoungGen: 214302K->996K(209280K)] 498139K->284929K(896256K), 0.0063670 secs] [Times: user=0.04 sys=0.00, real=0.01 secs] 
2014-07-16T15:46:12.710+0000: 1487.032: [GC [PSYoungGen: 209252K->986K(204672K)] 493185K->284991K(891648K), 0.0041530 secs] [Times: user=0.02 sys=0.00, real=0.00 secs] 
2014-07-16T15:46:13.459+0000: 1487.780: [GC [PSYoungGen: 204613K->1386K(200576K)] 488618K->285495K(887552K), 0.0063010 secs] [Times: user=0.04 sys=0.00, real=0.00 secs] 
2014-07-16T15:46:14.196+0000: 1488.517: [GC [PSYoungGen: 200554K->808K(195712K)] 484663K->285021K(882688K), 0.0072720 secs] [Times: user=0.05 sys=0.00, real=0.01 secs] 
2014-07-16T15:46:14.904+0000: 1489.225: [GC [PSYoungGen: 195688K->1000K(191744K)] 479901K->285269K(878720K), 0.0044190 secs] [Times: user=0.02 sys=0.00, real=0.01 secs] 
2014-07-16T15:46:15.636+0000: 1489.957: [GC [PSYoungGen: 191720K->900K(187648K)] 475989K->285241K(874624K), 0.0034080 secs] [Times: user=0.02 sys=0.00, real=0.01 secs] 
2014-07-16T15:46:16.271+0000: 1490.593: [GC [PSYoungGen: 187588K->512K(183296K)] 471929K->284908K(870272K), 0.0067570 secs] [Times: user=0.04 sys=0.00, real=0.00 secs] 
2014-07-16T15:46:16.944+0000: 1491.265: [GC [PSYoungGen: 183296K->962K(180032K)] 467692K->285423K(867008K), 0.0094510 secs] [Times: user=0.06 sys=0.00, real=0.01 secs] 
2014-07-16T15:46:17.602+0000: 1491.923: [GC [PSYoungGen: 179970K->1112K(176512K)] 464431K->285629K(863488K), 0.0042590 secs] [Times: user=0.02 sys=0.00, real=0.00 secs] 
2014-07-16T15:46:18.233+0000: 1492.555: [GC [PSYoungGen: 176472K->744K(172608K)] 460989K->285325K(859584K), 0.0074170 secs] [Times: user=0.05 sys=0.01, real=0.01 secs] 
2014-07-16T15:46:18.874+0000: 1493.195: [GC [PSYoungGen: 172584K->982K(169472K)] 457165K->285635K(856448K), 0.0038540 secs] [Times: user=0.02 sys=0.00, real=0.00 secs] 
2014-07-16T15:46:19.475+0000: 1493.797: [GC [PSYoungGen: 169393K->1322K(203520K)] 454046K->286155K(890496K), 0.0102620 secs] [Times: user=0.06 sys=0.00, real=0.01 secs] 
2014-07-16T15:46:20.206+0000: 1494.527: [GC [PSYoungGen: 203485K->1036K(198848K)] 488318K->285957K(885824K), 0.0061290 secs] [Times: user=0.03 sys=0.00, real=0.01 secs] 
2014-07-16T15:46:20.994+0000: 1495.315: [GC [PSYoungGen: 198786K->926K(238272K)] 483707K->285927K(925248K), 0.0142950 secs] [Times: user=0.10 sys=0.00, real=0.01 secs] 
2014-07-16T15:46:21.821+0000: 1496.142: [GC [PSYoungGen: 238238K->972K(285824K)] 523239K->286045K(972800K), 0.0059710 secs] [Times: user=0.03 sys=0.01, real=0.00 secs] 
2014-07-16T15:46:22.852+0000: 1497.173: [GC [PSYoungGen: 285751K->1148K(278528K)] 570824K->286375K(965504K), 0.0080730 secs] [Times: user=0.05 sys=0.00, real=0.01 secs] 
2014-07-16T15:46:23.892+0000: 1498.213: [GC [PSYoungGen: 278524K->1322K(271552K)] 563751K->286621K(958528K), 0.0031280 secs] [Times: user=0.02 sys=0.00, real=0.00 secs] 
2014-07-16T15:46:24.868+0000: 1499.189: [GC [PSYoungGen: 271488K->610K(318464K)] 556787K->286365K(1005440K), 0.0187450 secs] [Times: user=0.13 sys=0.00, real=0.02 secs] 
2014-07-16T15:46:26.058+0000: 1500.380: [GC [PSYoungGen: 318434K->1126K(310208K)] 604189K->286937K(997184K), 0.0052530 secs] [Times: user=0.04 sys=0.00, real=0.01 secs] 
2014-07-16T15:46:27.174+0000: 1501.495: [GC [PSYoungGen: 310182K->488K(301184K)] 595993K->286905K(988160K), 0.0069490 secs] [Times: user=0.04 sys=0.00, real=0.01 secs] 
2014-07-16T15:46:28.262+0000: 1502.583: [GC [PSYoungGen: 301159K->844K(293504K)] 587576K->287301K(980480K), 0.0078300 secs] [Times: user=0.04 sys=0.00, real=0.00 secs] 
2014-07-16T15:46:29.340+0000: 1503.662: [GC [PSYoungGen: 293452K->626K(285504K)] 579909K->287237K(972480K), 0.0063070 secs] [Times: user=0.04 sys=0.00, real=0.01 secs] 
2014-07-16T15:46:30.387+0000: 1504.708: [GC [PSYoungGen: 285490K->986K(278464K)] 572101K->287709K(965440K), 0.0055180 secs] [Times: user=0.04 sys=0.00, real=0.01 secs] 
2014-07-16T15:46:31.390+0000: 1505.711: [GC [PSYoungGen: 278426K->1226K(271552K)] 565149K->288037K(958528K), 0.0053890 secs] [Times: user=0.04 sys=0.00, real=0.01 secs] 
2014-07-16T15:46:32.385+0000: 1506.707: [GC [PSYoungGen: 271498K->904K(264320K)] 558309K->287787K(951296K), 0.0141900 secs] [Times: user=0.09 sys=0.00, real=0.01 secs] 
2014-07-16T15:46:33.355+0000: 1507.676: [GC [PSYoungGen: 264171K->894K(257664K)] 551054K->288095K(944640K), 0.0054530 secs] [Times: user=0.03 sys=0.00, real=0.00 secs] 
2014-07-16T15:46:34.293+0000: 1508.614: [GC [PSYoungGen: 257655K->908K(251328K)] 544856K->288197K(938304K), 0.0043410 secs] [Times: user=0.02 sys=0.00, real=0.00 secs] 
2014-07-16T15:46:35.188+0000: 1509.510: [GC [PSYoungGen: 251276K->1168K(245440K)] 538565K->288553K(932416K), 0.0049950 secs] [Times: user=0.04 sys=0.00, real=0.01 secs] 
2014-07-16T15:46:36.126+0000: 1510.447: [GC [PSYoungGen: 245392K->1072K(239424K)] 532777K->288545K(926400K), 0.0062840 secs] [Times: user=0.04 sys=0.00, real=0.01 secs] 
2014-07-16T15:46:36.955+0000: 1511.277: [GC [PSYoungGen: 239408K->712K(233408K)] 526881K->288241K(920384K), 0.0090150 secs] [Times: user=0.05 sys=0.00, real=0.01 secs] 
2014-07-16T15:46:37.828+0000: 1512.149: [GC [PSYoungGen: 233331K->1464K(228608K)] 520860K->289303K(915584K), 0.0083590 secs] [Times: user=0.06 sys=0.00, real=0.01 secs] 
2014-07-16T15:46:38.625+0000: 1512.946: [GC [PSYoungGen: 228600K->752K(222592K)] 516439K->289143K(909568K), 0.0086850 secs] [Times: user=0.05 sys=0.00, real=0.01 secs] 
2014-07-16T15:46:39.422+0000: 1513.743: [GC [PSYoungGen: 222575K->1100K(217856K)] 510966K->289611K(904832K), 0.0060530 secs] [Times: user=0.04 sys=0.00, real=0.01 secs] 
2014-07-16T15:46:40.222+0000: 1514.543: [GC [PSYoungGen: 217804K->1100K(212928K)] 506315K->290013K(899904K), 0.0069000 secs] [Times: user=0.04 sys=0.00, real=0.01 secs] 
2014-07-16T15:46:41.049+0000: 1515.370: [GC [PSYoungGen: 212876K->1642K(208704K)] 501789K->290909K(895680K), 0.0068560 secs] [Times: user=0.02 sys=0.00, real=0.01 secs] 
2014-07-16T15:46:41.797+0000: 1516.119: [GC [PSYoungGen: 208682K->576K(203008K)] 497949K->290215K(889984K), 0.0073850 secs] [Times: user=0.04 sys=0.00, real=0.01 secs] 
2014-07-16T15:46:42.509+0000: 1516.830: [GC [PSYoungGen: 203008K->958K(243904K)] 492647K->290645K(930880K), 0.0126840 secs] [Times: user=0.08 sys=0.00, real=0.01 secs] 
2014-07-16T15:46:43.378+0000: 1517.699: [GC [PSYoungGen: 243902K->780K(237888K)] 533589K->290563K(924864K), 0.0068590 secs] [Times: user=0.04 sys=0.00, real=0.01 secs] 
2014-07-16T15:46:44.249+0000: 1518.570: [GC [PSYoungGen: 237836K->708K(232192K)] 527619K->290555K(919168K), 0.0087850 secs] [Times: user=0.05 sys=0.00, real=0.01 secs] 
2014-07-16T15:46:45.101+0000: 1519.423: [GC [PSYoungGen: 232102K->1318K(227328K)] 521949K->291277K(914304K), 0.0046670 secs] [Times: user=0.03 sys=0.00, real=0.01 secs] 
2014-07-16T15:46:46.010+0000: 1520.331: [GC [PSYoungGen: 227302K->1526K(222272K)] 517261K->291557K(909248K), 0.0066650 secs] [Times: user=0.04 sys=0.00, real=0.01 secs] 
2014-07-16T15:46:46.776+0000: 1521.097: [GC [PSYoungGen: 222262K->880K(216576K)] 512293K->291115K(903552K), 0.0062020 secs] [Times: user=0.03 sys=0.00, real=0.00 secs] 
2014-07-16T15:46:47.609+0000: 1521.930: [GC [PSYoungGen: 216560K->1112K(211968K)] 506795K->291395K(898944K), 0.0102880 secs] [Times: user=0.07 sys=0.00, real=0.01 secs] 
2014-07-16T15:46:48.364+0000: 1522.685: [GC [PSYoungGen: 211928K->1228K(254272K)] 502211K->291641K(941248K), 0.0123700 secs] [Times: user=0.08 sys=0.01, real=0.01 secs] 
2014-07-16T15:46:49.299+0000: 1523.621: [GC [PSYoungGen: 254220K->1374K(248192K)] 544633K->291867K(935168K), 0.0068840 secs] [Times: user=0.03 sys=0.00, real=0.01 secs] 
2014-07-16T15:46:50.178+0000: 1524.500: [GC [PSYoungGen: 248158K->722K(241536K)] 538651K->291311K(928512K), 0.0034080 secs] [Times: user=0.02 sys=0.00, real=0.00 secs] 
2014-07-16T15:46:51.103+0000: 1525.424: [GC [PSYoungGen: 241490K->1696K(236736K)] 532079K->292349K(923712K), 0.0068090 secs] [Times: user=0.05 sys=0.00, real=0.01 secs] 
2014-07-16T15:46:51.915+0000: 1526.236: [GC [PSYoungGen: 236704K->1190K(230656K)] 527357K->291939K(917632K), 0.0062910 secs] [Times: user=0.04 sys=0.00, real=0.00 secs] 
2014-07-16T15:46:52.731+0000: 1527.052: [GC [PSYoungGen: 230630K->648K(224768K)] 521379K->291437K(911744K), 0.0048250 secs] [Times: user=0.02 sys=0.00, real=0.01 secs] 
2014-07-16T15:46:53.541+0000: 1527.863: [GC [PSYoungGen: 224712K->858K(219776K)] 515501K->291743K(906752K), 0.0054360 secs] [Times: user=0.03 sys=0.00, real=0.01 secs] 
2014-07-16T15:46:54.348+0000: 1528.669: [GC [PSYoungGen: 219703K->690K(214592K)] 510588K->291655K(901568K), 0.0092010 secs] [Times: user=0.06 sys=0.00, real=0.01 secs] 
2014-07-16T15:46:55.111+0000: 1529.432: [GC [PSYoungGen: 214577K->1008K(210112K)] 505543K->292069K(897088K), 0.0058250 secs] [Times: user=0.03 sys=0.01, real=0.01 secs] 
2014-07-16T15:46:55.891+0000: 1530.212: [GC [PSYoungGen: 210096K->1390K(205824K)] 501157K->292507K(892800K), 0.0050320 secs] [Times: user=0.03 sys=0.00, real=0.01 secs] 
2014-07-16T15:46:56.652+0000: 1530.973: [GC [PSYoungGen: 205806K->1022K(200960K)] 496923K->292219K(887936K), 0.0040290 secs] [Times: user=0.02 sys=0.00, real=0.01 secs] 
2014-07-16T15:46:57.378+0000: 1531.700: [GC [PSYoungGen: 200958K->662K(196288K)] 492155K->291963K(883264K), 0.0081660 secs] [Times: user=0.06 sys=0.01, real=0.01 secs] 
2014-07-16T15:46:58.103+0000: 1532.424: [GC [PSYoungGen: 196164K->1250K(192704K)] 487465K->292615K(879680K), 0.0058880 secs] [Times: user=0.04 sys=0.00, real=0.01 secs] 
2014-07-16T15:46:58.797+0000: 1533.118: [GC [PSYoungGen: 192674K->1186K(188608K)] 484039K->292631K(875584K), 0.0061000 secs] [Times: user=0.03 sys=0.00, real=0.00 secs] 
2014-07-16T15:46:59.491+0000: 1533.813: [GC [PSYoungGen: 188578K->772K(184320K)] 480023K->292297K(871296K), 0.0061500 secs] [Times: user=0.04 sys=0.01, real=0.01 secs] 
2014-07-16T15:47:00.150+0000: 1534.472: [GC [PSYoungGen: 184260K->908K(180672K)] 475785K->292513K(867648K), 0.0037100 secs] [Times: user=0.02 sys=0.00, real=0.00 secs] 
2014-07-16T15:47:00.801+0000: 1535.122: [GC [PSYoungGen: 180620K->644K(176768K)] 472225K->292337K(863744K), 0.0066970 secs] [Times: user=0.04 sys=0.01, real=0.01 secs] 
2014-07-16T15:47:01.451+0000: 1535.772: [GC [PSYoungGen: 176708K->1714K(174272K)] 468401K->293579K(861248K), 0.0059730 secs] [Times: user=0.04 sys=0.00, real=0.01 secs] 
2014-07-16T15:47:02.078+0000: 1536.399: [GC [PSYoungGen: 174258K->1072K(170176K)] 466123K->293091K(857152K), 0.0035570 secs] [Times: user=0.02 sys=0.00, real=0.00 secs] 
2014-07-16T15:47:02.708+0000: 1537.029: [GC [PSYoungGen: 170125K->1082K(166848K)] 462144K->293173K(853824K), 0.0046370 secs] [Times: user=0.03 sys=0.01, real=0.00 secs] 
2014-07-16T15:47:03.286+0000: 1537.608: [GC [PSYoungGen: 166842K->690K(163264K)] 458933K->292869K(850240K), 0.0067080 secs] [Times: user=0.04 sys=0.00, real=0.00 secs] 
2014-07-16T15:47:03.887+0000: 1538.208: [GC [PSYoungGen: 163250K->1372K(160832K)] 455429K->293639K(847808K), 0.0089480 secs] [Times: user=0.05 sys=0.01, real=0.01 secs] 
2014-07-16T15:47:04.459+0000: 1538.780: [GC [PSYoungGen: 160751K->1072K(157504K)] 453019K->293411K(844480K), 0.0047800 secs] [Times: user=0.02 sys=0.00, real=0.00 secs] 
2014-07-16T15:47:05.049+0000: 1539.371: [GC [PSYoungGen: 157488K->1200K(154688K)] 449827K->293611K(841664K), 0.0042920 secs] [Times: user=0.02 sys=0.00, real=0.00 secs] 
2014-07-16T15:47:05.604+0000: 1539.926: [GC [PSYoungGen: 154672K->1036K(151744K)] 447083K->293519K(838720K), 0.0046340 secs] [Times: user=0.02 sys=0.00, real=0.01 secs] 
2014-07-16T15:47:06.262+0000: 1540.584: [GC [PSYoungGen: 151692K->1370K(149312K)] 444175K->293933K(836288K), 0.0078310 secs] [Times: user=0.04 sys=0.00, real=0.01 secs] 
2014-07-16T15:47:06.777+0000: 1541.098: [GC [PSYoungGen: 149274K->772K(146048K)] 441837K->293407K(833024K), 0.0057060 secs] [Times: user=0.04 sys=0.00, real=0.00 secs] 
2014-07-16T15:47:07.283+0000: 1541.604: [GC [PSYoungGen: 145988K->1040K(143744K)] 438623K->293763K(830720K), 0.0037160 secs] [Times: user=0.02 sys=0.00, real=0.01 secs] 
2014-07-16T15:47:07.800+0000: 1542.122: [GC [PSYoungGen: 143695K->1076K(172288K)] 436419K->293863K(859264K), 0.0073370 secs] [Times: user=0.05 sys=0.00, real=0.01 secs] 
2014-07-16T15:47:08.429+0000: 1542.750: [GC [PSYoungGen: 172272K->880K(206336K)] 465060K->293731K(893312K), 0.0112390 secs] [Times: user=0.08 sys=0.00, real=0.01 secs] 
2014-07-16T15:47:09.184+0000: 1543.506: [GC [PSYoungGen: 206320K->1312K(247872K)] 499171K->294203K(934848K), 0.0085810 secs] [Times: user=0.05 sys=0.01, real=0.01 secs] 
2014-07-16T15:47:10.086+0000: 1544.408: [GC [PSYoungGen: 247840K->1418K(241984K)] 540731K->294421K(928960K), 0.0043490 secs] [Times: user=0.02 sys=0.00, real=0.01 secs] 
2014-07-16T15:47:10.960+0000: 1545.281: [GC [PSYoungGen: 241930K->570K(235328K)] 534933K->293849K(922304K), 0.0058710 secs] [Times: user=0.03 sys=0.00, real=0.00 secs] 
2014-07-16T15:47:11.822+0000: 1546.143: [GC [PSYoungGen: 235322K->972K(230208K)] 528601K->294339K(917184K), 0.0051250 secs] [Times: user=0.03 sys=0.00, real=0.01 secs] 
2014-07-16T15:47:12.652+0000: 1546.973: [GC [PSYoungGen: 230156K->1108K(224960K)] 523523K->294771K(911936K), 0.0078610 secs] [Times: user=0.04 sys=0.00, real=0.01 secs] 
2014-07-16T15:47:13.472+0000: 1547.793: [GC [PSYoungGen: 224916K->744K(219392K)] 518579K->294503K(906368K), 0.0065070 secs] [Times: user=0.04 sys=0.00, real=0.01 secs] 
2014-07-16T15:47:14.356+0000: 1548.677: [GC [PSYoungGen: 219368K->740K(214400K)] 513127K->294555K(901376K), 0.0037610 secs] [Times: user=0.01 sys=0.00, real=0.01 secs] 
2014-07-16T15:47:15.073+0000: 1549.394: [GC [PSYoungGen: 214371K->1372K(210240K)] 508187K->295268K(897216K), 0.0061280 secs] [Times: user=0.04 sys=0.00, real=0.01 secs] 
2014-07-16T15:47:15.819+0000: 1550.140: [GC [PSYoungGen: 210204K->648K(204864K)] 504100K->294599K(891840K), 0.0057130 secs] [Times: user=0.03 sys=0.00, real=0.00 secs] 
2014-07-16T15:47:16.563+0000: 1550.884: [GC [PSYoungGen: 204710K->1712K(201408K)] 498662K->295752K(888384K), 0.0073670 secs] [Times: user=0.04 sys=0.00, real=0.01 secs] 
2014-07-16T15:47:17.335+0000: 1551.656: [GC [PSYoungGen: 201392K->1080K(196416K)] 495432K->295352K(883392K), 0.0076850 secs] [Times: user=0.05 sys=0.00, real=0.01 secs] 
2014-07-16T15:47:18.049+0000: 1552.370: [GC [PSYoungGen: 196384K->1286K(192512K)] 490655K->295629K(879488K), 0.0077970 secs] [Times: user=0.04 sys=0.00, real=0.00 secs] 
2014-07-16T15:47:18.790+0000: 1553.112: [GC [PSYoungGen: 192454K->1242K(188416K)] 486797K->295681K(875392K), 0.0083000 secs] [Times: user=0.04 sys=0.00, real=0.01 secs] 
2014-07-16T15:47:19.437+0000: 1553.758: [GC [PSYoungGen: 188338K->862K(225472K)] 482778K->295349K(912448K), 0.0096890 secs] [Times: user=0.06 sys=0.00, real=0.01 secs] 
2014-07-16T15:47:20.258+0000: 1554.579: [GC [PSYoungGen: 225403K->826K(220224K)] 519891K->295401K(907200K), 0.0059450 secs] [Times: user=0.04 sys=0.00, real=0.00 secs] 
2014-07-16T15:47:21.068+0000: 1555.389: [GC [PSYoungGen: 220218K->940K(215360K)] 514793K->295571K(902336K), 0.0059570 secs] [Times: user=0.03 sys=0.00, real=0.01 secs] 
2014-07-16T15:47:21.934+0000: 1556.256: [GC [PSYoungGen: 215292K->958K(210496K)] 509924K->295661K(897472K), 0.0054110 secs] [Times: user=0.02 sys=0.00, real=0.01 secs] 
2014-07-16T15:47:22.676+0000: 1556.997: [GC [PSYoungGen: 210494K->726K(205632K)] 505197K->295493K(892608K), 0.0042570 secs] [Times: user=0.02 sys=0.00, real=0.01 secs] 
2014-07-16T15:47:23.403+0000: 1557.724: [GC [PSYoungGen: 205559K->1698K(202112K)] 500327K->297054K(889088K), 0.0058900 secs] [Times: user=0.04 sys=0.00, real=0.01 secs] 
2014-07-16T15:47:24.125+0000: 1558.446: [GC [PSYoungGen: 202053K->1112K(197184K)] 497409K->296524K(884160K), 0.0120910 secs] [Times: user=0.09 sys=0.00, real=0.01 secs] 
2014-07-16T15:47:24.837+0000: 1559.159: [GC [PSYoungGen: 197144K->1058K(192896K)] 492556K->296550K(879872K), 0.0031870 secs] [Times: user=0.02 sys=0.01, real=0.01 secs] 
2014-07-16T15:47:25.556+0000: 1559.877: [GC [PSYoungGen: 192866K->1350K(231616K)] 488358K->296906K(918592K), 0.0139610 secs] [Times: user=0.09 sys=0.00, real=0.02 secs] 
2014-07-16T15:47:26.393+0000: 1560.714: [GC [PSYoungGen: 231540K->1068K(268544K)] 527096K->296728K(955520K), 0.0127050 secs] [Times: user=0.07 sys=0.01, real=0.01 secs] 
2014-07-16T15:47:27.378+0000: 1561.699: [GC [PSYoungGen: 268076K->990K(268928K)] 563736K->296682K(955904K), 0.0148330 secs] [Times: user=0.09 sys=0.00, real=0.02 secs] 
2014-07-16T15:47:28.371+0000: 1562.692: [GC [PSYoungGen: 267998K->1228K(322304K)] 563690K->296984K(1009280K), 0.0042080 secs] [Times: user=0.02 sys=0.00, real=0.00 secs] 
2014-07-16T15:47:29.542+0000: 1563.863: [GC [PSYoungGen: 321676K->1336K(312960K)] 617432K->297164K(999936K), 0.0046650 secs] [Times: user=0.03 sys=0.00, real=0.00 secs] 
2014-07-16T15:47:30.654+0000: 1564.975: [GC [PSYoungGen: 312952K->566K(303680K)] 608780K->296670K(990656K), 0.0049990 secs] [Times: user=0.03 sys=0.00, real=0.00 secs] 
2014-07-16T15:47:31.816+0000: 1566.138: [GC [PSYoungGen: 303639K->1490K(296512K)] 599743K->297650K(983488K), 0.0055100 secs] [Times: user=0.04 sys=0.00, real=0.01 secs] 
2014-07-16T15:47:32.895+0000: 1567.217: [GC [PSYoungGen: 296466K->1140K(288320K)] 592626K->297396K(975296K), 0.0037020 secs] [Times: user=0.02 sys=0.00, real=0.00 secs] 
2014-07-16T15:47:33.957+0000: 1568.278: [GC [PSYoungGen: 288301K->1654K(281280K)] 584557K->297974K(968256K), 0.0126710 secs] [Times: user=0.08 sys=0.01, real=0.01 secs] 
2014-07-16T15:47:34.963+0000: 1569.285: [GC [PSYoungGen: 281270K->940K(273344K)] 577590K->297356K(960320K), 0.0107970 secs] [Times: user=0.07 sys=0.00, real=0.01 secs] 
2014-07-16T15:47:35.988+0000: 1570.309: [GC [PSYoungGen: 273324K->1022K(266432K)] 569740K->297486K(953408K), 0.0067470 secs] [Times: user=0.04 sys=0.00, real=0.01 secs] 
2014-07-16T15:47:36.955+0000: 1571.276: [GC [PSYoungGen: 266430K->744K(259456K)] 562894K->297296K(946432K), 0.0077970 secs] [Times: user=0.04 sys=0.00, real=0.01 secs] 
2014-07-16T15:47:37.898+0000: 1572.220: [GC [PSYoungGen: 259432K->708K(252992K)] 555984K->297324K(939968K), 0.0052470 secs] [Times: user=0.02 sys=0.00, real=0.01 secs] 
2014-07-16T15:47:38.817+0000: 1573.139: [GC [PSYoungGen: 252907K->950K(246976K)] 549523K->297630K(933952K), 0.0082080 secs] [Times: user=0.06 sys=0.00, real=0.01 secs] 
2014-07-16T15:47:39.755+0000: 1574.077: [GC [PSYoungGen: 246966K->1402K(241472K)] 543646K->298154K(928448K), 0.0058930 secs] [Times: user=0.03 sys=0.00, real=0.01 secs] 
2014-07-16T15:47:40.605+0000: 1574.926: [GC [PSYoungGen: 241438K->1258K(235584K)] 538190K->298074K(922560K), 0.0072760 secs] [Times: user=0.04 sys=0.00, real=0.01 secs] 
2014-07-16T15:47:41.460+0000: 1575.782: [GC [PSYoungGen: 235562K->1600K(230400K)] 532378K->298488K(917376K), 0.0039190 secs] [Times: user=0.02 sys=0.00, real=0.01 secs] 
2014-07-16T15:47:42.316+0000: 1576.638: [GC [PSYoungGen: 230336K->808K(224192K)] 527224K->297844K(911168K), 0.0069300 secs] [Times: user=0.04 sys=0.00, real=0.01 secs] 
2014-07-16T15:47:43.134+0000: 1577.455: [GC [PSYoungGen: 224168K->1018K(219200K)] 521204K->298134K(906176K), 0.0043200 secs] [Times: user=0.02 sys=0.00, real=0.00 secs] 
2014-07-16T15:47:43.938+0000: 1578.260: [GC [PSYoungGen: 219193K->1154K(214400K)] 516309K->298350K(901376K), 0.0050630 secs] [Times: user=0.04 sys=0.00, real=0.01 secs] 
2014-07-16T15:47:44.710+0000: 1579.031: [GC [PSYoungGen: 214338K->1012K(209408K)] 511534K->298272K(896384K), 0.0041340 secs] [Times: user=0.02 sys=0.00, real=0.01 secs] 
2014-07-16T15:47:45.467+0000: 1579.789: [GC [PSYoungGen: 209396K->794K(204608K)] 506656K->298118K(891584K), 0.0055030 secs] [Times: user=0.03 sys=0.00, real=0.01 secs] 
2014-07-16T15:47:46.214+0000: 1580.535: [GC [PSYoungGen: 204546K->594K(199936K)] 501870K->297990K(886912K), 0.0096430 secs] [Times: user=0.06 sys=0.00, real=0.01 secs] 
2014-07-16T15:47:47.010+0000: 1581.331: [GC [PSYoungGen: 199890K->1608K(196672K)] 497286K->299052K(883648K), 0.0123920 secs] [Times: user=0.09 sys=0.00, real=0.02 secs] 
2014-07-16T15:47:47.685+0000: 1582.006: [GC [PSYoungGen: 196616K->1422K(235520K)] 494060K->298938K(922496K), 0.0110670 secs] [Times: user=0.07 sys=0.00, real=0.01 secs] 
2014-07-16T15:47:48.532+0000: 1582.853: [GC [PSYoungGen: 235470K->758K(281664K)] 532986K->298354K(968640K), 0.0071720 secs] [Times: user=0.05 sys=0.00, real=0.01 secs] 
2014-07-16T15:47:49.550+0000: 1583.871: [GC [PSYoungGen: 281619K->894K(274496K)] 579215K->298546K(961472K), 0.0081310 secs] [Times: user=0.05 sys=0.00, real=0.01 secs] 
2014-07-16T15:47:50.537+0000: 1584.858: [GC [PSYoungGen: 274479K->890K(267456K)] 572131K->298662K(954432K), 0.0065590 secs] [Times: user=0.05 sys=0.00, real=0.01 secs] 
2014-07-16T15:47:51.487+0000: 1585.808: [GC [PSYoungGen: 267450K->1190K(261056K)] 565222K->299042K(948032K), 0.0046210 secs] [Times: user=0.03 sys=0.01, real=0.00 secs] 
2014-07-16T15:47:52.450+0000: 1586.772: [GC [PSYoungGen: 261016K->1642K(255040K)] 558868K->299590K(942016K), 0.0061550 secs] [Times: user=0.04 sys=0.00, real=0.01 secs] 
2014-07-16T15:47:53.368+0000: 1587.689: [GC [PSYoungGen: 255018K->812K(247936K)] 552966K->298824K(934912K), 0.0042850 secs] [Times: user=0.02 sys=0.00, real=0.00 secs] 
2014-07-16T15:47:54.271+0000: 1588.593: [GC [PSYoungGen: 247866K->1144K(242240K)] 545878K->299220K(929216K), 0.0051510 secs] [Times: user=0.03 sys=0.00, real=0.01 secs] 
2014-07-16T15:47:55.179+0000: 1589.500: [GC [PSYoungGen: 242232K->1354K(236672K)] 540308K->299526K(923648K), 0.0063830 secs] [Times: user=0.04 sys=0.00, real=0.01 secs] 
2014-07-16T15:47:56.049+0000: 1590.370: [GC [PSYoungGen: 236618K->908K(230656K)] 534790K->299128K(917632K), 0.0084750 secs] [Times: user=0.06 sys=0.00, real=0.01 secs] 
2014-07-16T15:47:56.950+0000: 1591.272: [GC [PSYoungGen: 230604K->1260K(225600K)] 528824K->299584K(912576K), 0.0056520 secs] [Times: user=0.03 sys=0.00, real=0.01 secs] 
2014-07-16T15:47:57.721+0000: 1592.043: [GC [PSYoungGen: 225580K->1286K(220480K)] 523904K->299706K(907456K), 0.0052330 secs] [Times: user=0.04 sys=0.00, real=0.01 secs] 
2014-07-16T15:47:58.563+0000: 1592.884: [GC [PSYoungGen: 220396K->744K(214912K)] 518816K->299220K(901888K), 0.0038410 secs] [Times: user=0.01 sys=0.01, real=0.01 secs] 
2014-07-16T15:47:59.340+0000: 1593.661: [GC [PSYoungGen: 214888K->726K(210112K)] 513364K->299274K(897088K), 0.0069350 secs] [Times: user=0.04 sys=0.00, real=0.01 secs] 
2014-07-16T15:48:00.091+0000: 1594.413: [GC [PSYoungGen: 210070K->976K(205696K)] 508618K->299612K(892672K), 0.0041530 secs] [Times: user=0.02 sys=0.00, real=0.01 secs] 
2014-07-16T15:48:00.830+0000: 1595.151: [GC [PSYoungGen: 205610K->1150K(201344K)] 504246K->299874K(888320K), 0.0036420 secs] [Times: user=0.02 sys=0.00, real=0.00 secs] 
2014-07-16T15:48:01.566+0000: 1595.887: [GC [PSYoungGen: 201342K->608K(196480K)] 500066K->299388K(883456K), 0.0079830 secs] [Times: user=0.04 sys=0.00, real=0.00 secs] 
2014-07-16T15:48:02.274+0000: 1596.596: [GC [PSYoungGen: 196406K->1340K(192960K)] 495186K->300184K(879936K), 0.0042870 secs] [Times: user=0.02 sys=0.00, real=0.01 secs] 
2014-07-16T15:48:02.983+0000: 1597.305: [GC [PSYoungGen: 192956K->776K(188416K)] 491800K->299700K(875392K), 0.0076390 secs] [Times: user=0.05 sys=0.00, real=0.01 secs] 
2014-07-16T15:48:03.668+0000: 1597.989: [GC [PSYoungGen: 188342K->876K(184576K)] 487266K->299880K(871552K), 0.0056480 secs] [Times: user=0.03 sys=0.00, real=0.00 secs] 
2014-07-16T15:48:04.327+0000: 1598.649: [GC [PSYoungGen: 184503K->1090K(221568K)] 483507K->300150K(908544K), 0.0133170 secs] [Times: user=0.08 sys=0.01, real=0.01 secs] 
2014-07-16T15:48:05.139+0000: 1599.460: [GC [PSYoungGen: 221506K->1118K(216512K)] 520566K->300274K(903488K), 0.0062500 secs] [Times: user=0.05 sys=0.00, real=0.01 secs] 
2014-07-16T15:48:05.928+0000: 1600.249: [GC [PSYoungGen: 216478K->1136K(211648K)] 515634K->300364K(898624K), 0.0035260 secs] [Times: user=0.01 sys=0.00, real=0.00 secs] 
2014-07-16T15:48:06.699+0000: 1601.020: [GC [PSYoungGen: 211632K->1062K(206912K)] 510860K->300678K(893888K), 0.0062100 secs] [Times: user=0.04 sys=0.00, real=0.01 secs] 
2014-07-16T15:48:07.536+0000: 1601.858: [GC [PSYoungGen: 206837K->744K(202048K)] 506454K->300416K(889024K), 0.0091240 secs] [Times: user=0.05 sys=0.00, real=0.00 secs] 
2014-07-16T15:48:08.297+0000: 1602.618: [GC [PSYoungGen: 202024K->1300K(198272K)] 501696K->301060K(885248K), 0.0075980 secs] [Times: user=0.05 sys=0.00, real=0.00 secs] 
2014-07-16T15:48:09.017+0000: 1603.338: [GC [PSYoungGen: 198214K->1222K(193984K)] 497974K->301046K(880960K), 0.0068030 secs] [Times: user=0.05 sys=0.00, real=0.00 secs] 
2014-07-16T15:48:09.717+0000: 1604.039: [GC [PSYoungGen: 193926K->916K(189568K)] 493750K->300764K(876544K), 0.0059090 secs] [Times: user=0.02 sys=0.00, real=0.00 secs] 
2014-07-16T15:48:10.405+0000: 1604.726: [GC [PSYoungGen: 189503K->898K(185600K)] 489351K->300802K(872576K), 0.0036150 secs] [Times: user=0.01 sys=0.00, real=0.01 secs] 
2014-07-16T15:48:11.089+0000: 1605.411: [GC [PSYoungGen: 185538K->958K(181760K)] 485442K->300918K(868736K), 0.0067840 secs] [Times: user=0.05 sys=0.00, real=0.01 secs] 
2014-07-16T15:48:11.774+0000: 1606.095: [GC [PSYoungGen: 181758K->1650K(178752K)] 481718K->301682K(865728K), 0.0083150 secs] [Times: user=0.05 sys=0.01, real=0.01 secs] 
2014-07-16T15:48:12.459+0000: 1606.780: [GC [PSYoungGen: 178738K->752K(174272K)] 478770K->301295K(861248K), 0.0046190 secs] [Times: user=0.02 sys=0.00, real=0.00 secs] 
2014-07-16T15:48:13.083+0000: 1607.404: [GC [PSYoungGen: 174256K->1058K(171136K)] 474799K->301681K(858112K), 0.0036840 secs] [Times: user=0.02 sys=0.00, real=0.01 secs] 
2014-07-16T15:48:13.704+0000: 1608.026: [GC [PSYoungGen: 171106K->850K(167616K)] 471729K->301669K(854592K), 0.0067730 secs] [Times: user=0.05 sys=0.00, real=0.01 secs] 
2014-07-16T15:48:14.295+0000: 1608.617: [GC [PSYoungGen: 167570K->1354K(164864K)] 468389K->302237K(851840K), 0.0048440 secs] [Times: user=0.02 sys=0.00, real=0.01 secs] 
2014-07-16T15:48:14.884+0000: 1609.205: [GC [PSYoungGen: 164781K->990K(161344K)] 465665K->301969K(848320K), 0.0086180 secs] [Times: user=0.05 sys=0.00, real=0.01 secs] 
2014-07-16T15:48:15.460+0000: 1609.781: [GC [PSYoungGen: 161310K->1386K(193792K)] 462289K->302413K(880768K), 0.0066070 secs] [Times: user=0.03 sys=0.00, real=0.00 secs] 
2014-07-16T15:48:16.182+0000: 1610.504: [GC [PSYoungGen: 193770K->922K(231872K)] 494797K->302037K(918848K), 0.0107180 secs] [Times: user=0.06 sys=0.00, real=0.01 secs] 
2014-07-16T15:48:17.029+0000: 1611.351: [GC [PSYoungGen: 231789K->968K(226496K)] 532904K->302155K(913472K), 0.0045430 secs] [Times: user=0.03 sys=0.00, real=0.00 secs] 
2014-07-16T15:48:17.862+0000: 1612.184: [GC [PSYoungGen: 226440K->950K(221184K)] 527627K->302209K(908160K), 0.0071390 secs] [Times: user=0.04 sys=0.01, real=0.01 secs] 
2014-07-16T15:48:18.645+0000: 1612.967: [GC [PSYoungGen: 221145K->730K(215936K)] 522404K->302021K(902912K), 0.0078750 secs] [Times: user=0.03 sys=0.01, real=0.01 secs] 
2014-07-16T15:48:19.429+0000: 1613.750: [GC [PSYoungGen: 215898K->1090K(211456K)] 517189K->302493K(898432K), 0.0046210 secs] [Times: user=0.03 sys=0.00, real=0.00 secs] 
2014-07-16T15:48:20.211+0000: 1614.532: [GC [PSYoungGen: 211394K->1050K(206720K)] 512797K->302549K(893696K), 0.0120310 secs] [Times: user=0.07 sys=0.00, real=0.01 secs] 
2014-07-16T15:48:20.959+0000: 1615.281: [GC [PSYoungGen: 206682K->912K(247744K)] 508181K->302467K(934720K), 0.0077640 secs] [Times: user=0.05 sys=0.00, real=0.00 secs] 
2014-07-16T15:48:21.870+0000: 1616.192: [GC [PSYoungGen: 247657K->858K(241664K)] 549212K->302477K(928640K), 0.0044710 secs] [Times: user=0.02 sys=0.01, real=0.00 secs] 
2014-07-16T15:48:22.762+0000: 1617.084: [GC [PSYoungGen: 241626K->1108K(236160K)] 543245K->302775K(923136K), 0.0052850 secs] [Times: user=0.02 sys=0.00, real=0.00 secs] 
2014-07-16T15:48:23.613+0000: 1617.934: [GC [PSYoungGen: 236090K->1104K(230592K)] 537758K->302851K(917568K), 0.0054180 secs] [Times: user=0.03 sys=0.00, real=0.01 secs] 
2014-07-16T15:48:24.438+0000: 1618.760: [GC [PSYoungGen: 230544K->812K(224896K)] 532291K->302855K(911872K), 0.0076990 secs] [Times: user=0.05 sys=0.00, real=0.00 secs] 
2014-07-16T15:48:25.262+0000: 1619.583: [GC [PSYoungGen: 224846K->890K(219776K)] 526890K->303013K(906752K), 0.0072880 secs] [Times: user=0.04 sys=0.00, real=0.01 secs] 
2014-07-16T15:48:26.066+0000: 1620.387: [GC [PSYoungGen: 219770K->868K(214784K)] 521893K->303087K(901760K), 0.0073700 secs] [Times: user=0.05 sys=0.00, real=0.01 secs] 
2014-07-16T15:48:26.828+0000: 1621.150: [GC [PSYoungGen: 214751K->648K(209792K)] 516971K->302923K(896768K), 0.0062040 secs] [Times: user=0.04 sys=0.00, real=0.01 secs] 
2014-07-16T15:48:27.645+0000: 1621.966: [GC [PSYoungGen: 209736K->1388K(205824K)] 512011K->303759K(892800K), 0.0049360 secs] [Times: user=0.02 sys=0.00, real=0.01 secs] 
2014-07-16T15:48:28.352+0000: 1622.673: [GC [PSYoungGen: 205804K->1008K(200960K)] 508175K->303475K(887936K), 0.0069070 secs] [Times: user=0.04 sys=0.00, real=0.01 secs] 
2014-07-16T15:48:29.101+0000: 1623.422: [GC [PSYoungGen: 200935K->808K(196416K)] 503403K->303459K(883392K), 0.0054010 secs] [Times: user=0.02 sys=0.00, real=0.00 secs] 
2014-07-16T15:48:29.821+0000: 1624.142: [GC [PSYoungGen: 196390K->1278K(192704K)] 499042K->303969K(879680K), 0.0100720 secs] [Times: user=0.06 sys=0.00, real=0.01 secs] 
2014-07-16T15:48:30.505+0000: 1624.826: [GC [PSYoungGen: 192702K->982K(230784K)] 495393K->303785K(917760K), 0.0103760 secs] [Times: user=0.07 sys=0.00, real=0.01 secs] 
2014-07-16T15:48:31.340+0000: 1625.661: [GC [PSYoungGen: 230683K->1508K(225920K)] 533486K->304489K(912896K), 0.0058530 secs] [Times: user=0.04 sys=0.00, real=0.00 secs] 
2014-07-16T15:48:32.151+0000: 1626.472: [GC [PSYoungGen: 225892K->552K(219776K)] 528873K->303793K(906752K), 0.0066520 secs] [Times: user=0.05 sys=0.00, real=0.00 secs] 
2014-07-16T15:48:33.067+0000: 1627.388: [GC [PSYoungGen: 219737K->1468K(215680K)] 522979K->304781K(902656K), 0.0104560 secs] [Times: user=0.07 sys=0.00, real=0.01 secs] 
2014-07-16T15:48:33.809+0000: 1628.131: [GC [PSYoungGen: 215676K->900K(258048K)] 518989K->304409K(945024K), 0.0089150 secs] [Times: user=0.06 sys=0.01, real=0.01 secs] 
2014-07-16T15:48:34.749+0000: 1629.070: [GC [PSYoungGen: 257988K->900K(269504K)] 561497K->304489K(956480K), 0.0112950 secs] [Times: user=0.08 sys=0.00, real=0.02 secs] 
2014-07-16T15:48:35.737+0000: 1630.058: [GC [PSYoungGen: 268612K->826K(261760K)] 572201K->304455K(948736K), 0.0077620 secs] [Times: user=0.03 sys=0.00, real=0.01 secs] 
2014-07-16T15:48:36.700+0000: 1631.021: [GC [PSYoungGen: 261754K->968K(255424K)] 565383K->304669K(942400K), 0.0084060 secs] [Times: user=0.03 sys=0.00, real=0.01 secs] 
2014-07-16T15:48:37.660+0000: 1631.981: [GC [PSYoungGen: 255368K->1646K(249792K)] 559069K->305493K(936768K), 0.0098250 secs] [Times: user=0.05 sys=0.00, real=0.01 secs] 
2014-07-16T15:48:38.536+0000: 1632.857: [GC [PSYoungGen: 249736K->1176K(243264K)] 553583K->305095K(930240K), 0.0065060 secs] [Times: user=0.04 sys=0.00, real=0.01 secs] 
2014-07-16T15:48:39.419+0000: 1633.740: [GC [PSYoungGen: 243224K->726K(236992K)] 547143K->304709K(923968K), 0.0069600 secs] [Times: user=0.04 sys=0.00, real=0.01 secs] 
2014-07-16T15:48:40.290+0000: 1634.611: [GC [PSYoungGen: 236950K->658K(231296K)] 540933K->304705K(918272K), 0.0056920 secs] [Times: user=0.02 sys=0.00, real=0.01 secs] 
2014-07-16T15:48:41.218+0000: 1635.539: [GC [PSYoungGen: 231221K->1764K(226944K)] 535269K->305899K(913920K), 0.0086820 secs] [Times: user=0.06 sys=0.01, real=0.01 secs] 
2014-07-16T15:48:42.023+0000: 1636.344: [GC [PSYoungGen: 226916K->854K(220800K)] 531051K->305069K(907776K), 0.0058340 secs] [Times: user=0.03 sys=0.00, real=0.00 secs] 
2014-07-16T15:48:42.894+0000: 1637.216: [GC [PSYoungGen: 220686K->972K(215872K)] 524902K->305259K(902848K), 0.0093250 secs] [Times: user=0.06 sys=0.00, real=0.01 secs] 
2014-07-16T15:48:43.656+0000: 1637.977: [GC [PSYoungGen: 215793K->1026K(211072K)] 520081K->305393K(898048K), 0.0068400 secs] [Times: user=0.05 sys=0.00, real=0.01 secs] 
2014-07-16T15:48:44.406+0000: 1638.727: [GC [PSYoungGen: 211010K->758K(206080K)] 515377K->305189K(893056K), 0.0039070 secs] [Times: user=0.02 sys=0.00, real=0.00 secs] 
2014-07-16T15:48:45.183+0000: 1639.504: [GC [PSYoungGen: 206069K->1150K(201920K)] 510501K->305669K(888896K), 0.0059480 secs] [Times: user=0.03 sys=0.01, real=0.00 secs] 
2014-07-16T15:48:45.922+0000: 1640.243: [GC [PSYoungGen: 201918K->1118K(242112K)] 506437K->305717K(929088K), 0.0138140 secs] [Times: user=0.09 sys=0.00, real=0.01 secs] 
2014-07-16T15:48:46.803+0000: 1641.125: [GC [PSYoungGen: 242078K->740K(235968K)] 546677K->305419K(922944K), 0.0063850 secs] [Times: user=0.04 sys=0.00, real=0.00 secs] 
2014-07-16T15:48:47.715+0000: 1642.037: [GC [PSYoungGen: 235940K->1586K(231232K)] 540619K->306715K(918208K), 0.0069020 secs] [Times: user=0.03 sys=0.01, real=0.01 secs] 
2014-07-16T15:48:48.565+0000: 1642.886: [GC [PSYoungGen: 231218K->840K(276480K)] 536347K->306017K(963456K), 0.0143670 secs] [Times: user=0.08 sys=0.00, real=0.01 secs] 
2014-07-16T15:48:49.562+0000: 1643.883: [GC [PSYoungGen: 276424K->562K(269056K)] 581601K->305869K(956032K), 0.0035730 secs] [Times: user=0.02 sys=0.00, real=0.01 secs] 
2014-07-16T15:48:50.545+0000: 1644.867: [GC [PSYoungGen: 269042K->1572K(263232K)] 574349K->306967K(950208K), 0.0065310 secs] [Times: user=0.05 sys=0.00, real=0.01 secs] 
2014-07-16T15:48:51.489+0000: 1645.810: [GC [PSYoungGen: 263204K->918K(256064K)] 568599K->306425K(943040K), 0.0083490 secs] [Times: user=0.05 sys=0.00, real=0.01 secs] 
2014-07-16T15:48:52.428+0000: 1646.750: [GC [PSYoungGen: 256001K->1008K(249792K)] 561508K->306563K(936768K), 0.0125560 secs] [Times: user=0.08 sys=0.00, real=0.01 secs] 
2014-07-16T15:48:53.358+0000: 1647.679: [GC [PSYoungGen: 249775K->676K(294464K)] 555331K->306295K(981440K), 0.0110910 secs] [Times: user=0.07 sys=0.00, real=0.01 secs] 
2014-07-16T15:48:54.432+0000: 1648.753: [GC [PSYoungGen: 293156K->908K(285696K)] 598775K->306615K(972672K), 0.0068610 secs] [Times: user=0.04 sys=0.00, real=0.01 secs] 
2014-07-16T15:48:55.476+0000: 1649.798: [GC [PSYoungGen: 285644K->994K(278336K)] 591351K->306921K(965312K), 0.0073850 secs] [Times: user=0.04 sys=0.00, real=0.01 secs] 
2014-07-16T15:48:56.490+0000: 1650.811: [GC [PSYoungGen: 278306K->1022K(271168K)] 584233K->307037K(958144K), 0.0060100 secs] [Times: user=0.03 sys=0.00, real=0.01 secs] 
2014-07-16T15:48:57.479+0000: 1651.800: [GC [PSYoungGen: 271166K->944K(264192K)] 577181K->307039K(951168K), 0.0070370 secs] [Times: user=0.04 sys=0.00, real=0.01 secs] 
2014-07-16T15:48:58.441+0000: 1652.762: [GC [PSYoungGen: 264130K->862K(257536K)] 570226K->307029K(944512K), 0.0085840 secs] [Times: user=0.06 sys=0.00, real=0.01 secs] 
2014-07-16T15:48:59.382+0000: 1653.703: [GC [PSYoungGen: 257502K->1372K(251648K)] 563669K->307611K(938624K), 0.0042610 secs] [Times: user=0.02 sys=0.01, real=0.01 secs] 
2014-07-16T15:49:00.318+0000: 1654.639: [GC [PSYoungGen: 251585K->922K(245056K)] 557824K->307257K(932032K), 0.0047900 secs] [Times: user=0.03 sys=0.00, real=0.00 secs] 
2014-07-16T15:49:01.202+0000: 1655.523: [GC [PSYoungGen: 244972K->1126K(239360K)] 551308K->307541K(926336K), 0.0044730 secs] [Times: user=0.01 sys=0.00, real=0.01 secs] 
2014-07-16T15:49:02.059+0000: 1656.380: [GC [PSYoungGen: 239334K->1614K(234176K)] 545749K->308109K(921152K), 0.0058040 secs] [Times: user=0.02 sys=0.00, real=0.01 secs] 
2014-07-16T15:49:02.947+0000: 1657.268: [GC [PSYoungGen: 234092K->548K(227584K)] 540588K->307533K(914560K), 0.0081040 secs] [Times: user=0.05 sys=0.00, real=0.01 secs] 
2014-07-16T15:49:03.761+0000: 1658.083: [GC [PSYoungGen: 227515K->1468K(223168K)] 534501K->308542K(910144K), 0.0107220 secs] [Times: user=0.07 sys=0.00, real=0.01 secs] 
2014-07-16T15:49:04.574+0000: 1658.895: [GC [PSYoungGen: 223164K->1380K(217984K)] 530238K->308726K(904960K), 0.0034840 secs] [Times: user=0.02 sys=0.00, real=0.01 secs] 
2014-07-16T15:49:05.342+0000: 1659.663: [GC [PSYoungGen: 217956K->594K(212288K)] 525301K->308011K(899264K), 0.0070190 secs] [Times: user=0.04 sys=0.00, real=0.01 secs] 
2014-07-16T15:49:06.122+0000: 1660.443: [GC [PSYoungGen: 212242K->854K(207808K)] 519659K->308367K(894784K), 0.0067840 secs] [Times: user=0.04 sys=0.00, real=0.01 secs] 
2014-07-16T15:49:06.880+0000: 1661.201: [GC [PSYoungGen: 207766K->1018K(203392K)] 515279K->308627K(890368K), 0.0065880 secs] [Times: user=0.04 sys=0.00, real=0.01 secs] 
2014-07-16T15:49:07.605+0000: 1661.926: [GC [PSYoungGen: 203384K->1140K(199104K)] 510994K->308797K(886080K), 0.0070760 secs] [Times: user=0.03 sys=0.00, real=0.00 secs] 
2014-07-16T15:49:08.348+0000: 1662.669: [GC [PSYoungGen: 199092K->748K(194432K)] 506749K->308454K(881408K), 0.0088590 secs] [Times: user=0.05 sys=0.00, real=0.01 secs] 
2014-07-16T15:49:09.061+0000: 1663.382: [GC [PSYoungGen: 194412K->1296K(190912K)] 502118K->309058K(877888K), 0.0079320 secs] [Times: user=0.05 sys=0.01, real=0.01 secs] 
2014-07-16T15:49:09.740+0000: 1664.062: [GC [PSYoungGen: 190864K->780K(186432K)] 498626K->308590K(873408K), 0.0065060 secs] [Times: user=0.04 sys=0.00, real=0.01 secs] 
2014-07-16T15:49:10.443+0000: 1664.764: [GC [PSYoungGen: 186380K->1464K(224192K)] 494190K->309486K(911168K), 0.0084290 secs] [Times: user=0.05 sys=0.00, real=0.01 secs] 
2014-07-16T15:49:11.259+0000: 1665.580: [GC [PSYoungGen: 224182K->1772K(219392K)] 532204K->309874K(906368K), 0.0061990 secs] [Times: user=0.03 sys=0.00, real=0.01 secs] 
2014-07-16T15:49:12.075+0000: 1666.397: [GC [PSYoungGen: 219357K->620K(261760K)] 527459K->309872K(948736K), 0.0188640 secs] [Times: user=0.12 sys=0.01, real=0.01 secs] 
2014-07-16T15:49:13.028+0000: 1667.349: [GC [PSYoungGen: 261740K->1360K(278400K)] 570992K->310700K(965376K), 0.0062180 secs] [Times: user=0.04 sys=0.00, real=0.00 secs] 
2014-07-16T15:49:14.029+0000: 1668.350: [GC [PSYoungGen: 277448K->990K(270080K)] 586788K->310748K(957056K), 0.0054740 secs] [Times: user=0.01 sys=0.00, real=0.00 secs] 
2014-07-16T15:49:15.017+0000: 1669.339: [GC [PSYoungGen: 269955K->1286K(263552K)] 579713K->311132K(950528K), 0.0069870 secs] [Times: user=0.04 sys=0.00, real=0.00 secs] 
2014-07-16T15:49:15.966+0000: 1670.287: [GC [PSYoungGen: 263479K->990K(256640K)] 573325K->310908K(943616K), 0.0061720 secs] [Times: user=0.03 sys=0.01, real=0.00 secs] 
2014-07-16T15:49:16.912+0000: 1671.233: [GC [PSYoungGen: 256606K->808K(250112K)] 566524K->310798K(937088K), 0.0083630 secs] [Times: user=0.06 sys=0.00, real=0.01 secs] 
2014-07-16T15:49:17.826+0000: 1672.147: [GC [PSYoungGen: 250088K->804K(244032K)] 560078K->310858K(931008K), 0.0080170 secs] [Times: user=0.04 sys=0.00, real=0.00 secs] 
2014-07-16T15:49:18.733+0000: 1673.054: [GC [PSYoungGen: 244004K->1086K(292928K)] 554058K->311204K(979904K), 0.0168340 secs] [Times: user=0.11 sys=0.00, real=0.02 secs] 
2014-07-16T15:49:19.779+0000: 1674.100: [GC [PSYoungGen: 292876K->1308K(309888K)] 602994K->311466K(996864K), 0.0136350 secs] [Times: user=0.09 sys=0.01, real=0.01 secs] 
2014-07-16T15:49:20.968+0000: 1675.290: [GC [PSYoungGen: 309267K->1264K(309888K)] 619426K->311526K(996864K), 0.0140520 secs] [Times: user=0.09 sys=0.00, real=0.01 secs] 
2014-07-16T15:49:22.088+0000: 1676.409: [GC [PSYoungGen: 309171K->1574K(371328K)] 619433K->311908K(1058304K), 0.0098540 secs] [Times: user=0.06 sys=0.00, real=0.01 secs] 
2014-07-16T15:49:23.429+0000: 1677.751: [GC [PSYoungGen: 371046K->694K(359296K)] 681380K->311076K(1046272K), 0.0061120 secs] [Times: user=0.03 sys=0.00, real=0.00 secs] 
2014-07-16T15:49:24.747+0000: 1679.068: [GC [PSYoungGen: 359286K->954K(349184K)] 669668K->311408K(1036160K), 0.0110570 secs] [Times: user=0.07 sys=0.00, real=0.02 secs] 
2014-07-16T15:49:26.006+0000: 1680.328: [GC [PSYoungGen: 349178K->448K(338688K)] 659632K->310942K(1025664K), 0.0103770 secs] [Times: user=0.07 sys=0.00, real=0.01 secs] 
2014-07-16T15:49:27.234+0000: 1681.555: [GC [PSYoungGen: 338688K->996K(329728K)] 649182K->311562K(1016704K), 0.0057530 secs] [Times: user=0.03 sys=0.00, real=0.01 secs] 
2014-07-16T15:49:28.484+0000: 1682.806: [GC [PSYoungGen: 329700K->908K(320512K)] 640266K->311530K(1007488K), 0.0066430 secs] [Times: user=0.04 sys=0.00, real=0.01 secs] 
2014-07-16T15:49:29.638+0000: 1683.960: [GC [PSYoungGen: 320460K->1486K(312256K)] 631082K->312172K(999232K), 0.0031390 secs] [Times: user=0.02 sys=0.00, real=0.00 secs] 
2014-07-16T15:49:30.776+0000: 1685.098: [GC [PSYoungGen: 312172K->1254K(303552K)] 622858K->312028K(990528K), 0.0070470 secs] [Times: user=0.04 sys=0.00, real=0.01 secs] 
2014-07-16T15:49:31.868+0000: 1686.189: [GC [PSYoungGen: 303494K->1084K(295232K)] 614268K->312256K(982208K), 0.0059260 secs] [Times: user=0.04 sys=0.00, real=0.00 secs] 
2014-07-16T15:49:32.954+0000: 1687.275: [GC [PSYoungGen: 295228K->904K(287296K)] 606400K->312164K(974272K), 0.0054880 secs] [Times: user=0.04 sys=0.00, real=0.01 secs] 
2014-07-16T15:49:34.023+0000: 1688.344: [GC [PSYoungGen: 287240K->598K(279488K)] 598500K->311972K(966464K), 0.0082750 secs] [Times: user=0.05 sys=0.00, real=0.01 secs] 
2014-07-16T15:49:35.025+0000: 1689.346: [GC [PSYoungGen: 279446K->840K(272512K)] 590820K->312326K(959488K), 0.0055410 secs] [Times: user=0.04 sys=0.00, real=0.01 secs] 
2014-07-16T15:49:36.024+0000: 1690.345: [GC [PSYoungGen: 272456K->1358K(266112K)] 583942K->312924K(953088K), 0.0032820 secs] [Times: user=0.02 sys=0.00, real=0.00 secs] 
2014-07-16T15:49:36.988+0000: 1691.309: [GC [PSYoungGen: 266062K->836K(258944K)] 577628K->312474K(945920K), 0.0039810 secs] [Times: user=0.02 sys=0.00, real=0.01 secs] 
2014-07-16T15:49:37.922+0000: 1692.243: [GC [PSYoungGen: 258848K->1314K(252992K)] 570486K->313056K(939968K), 0.0071560 secs] [Times: user=0.05 sys=0.00, real=0.00 secs] 
2014-07-16T15:49:38.902+0000: 1693.223: [GC [PSYoungGen: 252962K->912K(246400K)] 564704K->312702K(933376K), 0.0034490 secs] [Times: user=0.02 sys=0.00, real=0.00 secs] 
2014-07-16T15:49:39.808+0000: 1694.129: [GC [PSYoungGen: 246352K->786K(240320K)] 558142K->312656K(927296K), 0.0108380 secs] [Times: user=0.06 sys=0.00, real=0.01 secs] 
2014-07-16T15:49:40.666+0000: 1694.987: [GC [PSYoungGen: 240274K->730K(234496K)] 552144K->312656K(921472K), 0.0062990 secs] [Times: user=0.04 sys=0.00, real=0.01 secs] 
2014-07-16T15:49:41.507+0000: 1695.829: [GC [PSYoungGen: 234446K->972K(229248K)] 546372K->312994K(916224K), 0.0054550 secs] [Times: user=0.04 sys=0.00, real=0.01 secs] 
2014-07-16T15:49:42.358+0000: 1696.679: [GC [PSYoungGen: 229194K->1252K(275200K)] 541216K->313346K(962176K), 0.0205810 secs] [Times: user=0.14 sys=0.00, real=0.02 secs] 
2014-07-16T15:49:43.380+0000: 1697.701: [GC [PSYoungGen: 275115K->1076K(267968K)] 587209K->313226K(954944K), 0.0070670 secs] [Times: user=0.05 sys=0.00, real=0.00 secs] 
2014-07-16T15:49:44.348+0000: 1698.670: [GC [PSYoungGen: 267956K->1218K(261376K)] 580106K->313432K(948352K), 0.0059090 secs] [Times: user=0.03 sys=0.00, real=0.01 secs] 
2014-07-16T15:49:45.288+0000: 1699.610: [GC [PSYoungGen: 261314K->880K(254464K)] 573528K->313142K(941440K), 0.0074480 secs] [Times: user=0.05 sys=0.00, real=0.01 secs] 
2014-07-16T15:49:46.207+0000: 1700.529: [GC [PSYoungGen: 254448K->662K(248000K)] 566710K->312996K(934976K), 0.0078050 secs] [Times: user=0.05 sys=0.00, real=0.01 secs] 
2014-07-16T15:49:47.098+0000: 1701.419: [GC [PSYoungGen: 247958K->926K(242240K)] 560292K->313332K(929216K), 0.0047840 secs] [Times: user=0.03 sys=0.00, real=0.01 secs] 
2014-07-16T15:49:47.987+0000: 1702.308: [GC [PSYoungGen: 242206K->904K(236416K)] 554612K->313398K(923392K), 0.0079270 secs] [Times: user=0.05 sys=0.00, real=0.01 secs] 
2014-07-16T15:49:48.870+0000: 1703.192: [GC [PSYoungGen: 236360K->980K(230912K)] 548854K->313514K(917888K), 0.0080740 secs] [Times: user=0.04 sys=0.01, real=0.01 secs] 
2014-07-16T15:49:49.700+0000: 1704.021: [GC [PSYoungGen: 230852K->1072K(225600K)] 543386K->313694K(912576K), 0.0058840 secs] [Times: user=0.03 sys=0.00, real=0.01 secs] 
2014-07-16T15:49:50.511+0000: 1704.832: [GC [PSYoungGen: 225584K->908K(220288K)] 538206K->313578K(907264K), 0.0095720 secs] [Times: user=0.05 sys=0.00, real=0.01 secs] 
2014-07-16T15:49:51.327+0000: 1705.649: [GC [PSYoungGen: 220236K->1400K(215744K)] 532906K->314166K(902720K), 0.0047240 secs] [Times: user=0.02 sys=0.00, real=0.01 secs] 
2014-07-16T15:49:52.118+0000: 1706.439: [GC [PSYoungGen: 215731K->616K(210112K)] 528497K->313634K(897088K), 0.0039730 secs] [Times: user=0.02 sys=0.00, real=0.01 secs] 
2014-07-16T15:49:52.900+0000: 1707.221: [GC [PSYoungGen: 210052K->1154K(206016K)] 523070K->314236K(892992K), 0.0072810 secs] [Times: user=0.04 sys=0.00, real=0.01 secs] 
2014-07-16T15:49:53.703+0000: 1708.025: [GC [PSYoungGen: 205954K->1264K(201600K)] 519036K->314806K(888576K), 0.0044480 secs] [Times: user=0.02 sys=0.00, real=0.00 secs] 
2014-07-16T15:49:54.432+0000: 1708.753: [GC [PSYoungGen: 201584K->1308K(197312K)] 515126K->314930K(884288K), 0.0033210 secs] [Times: user=0.02 sys=0.00, real=0.01 secs] 
2014-07-16T15:49:55.181+0000: 1709.503: [GC [PSYoungGen: 197276K->976K(192768K)] 510898K->314736K(879744K), 0.0035200 secs] [Times: user=0.02 sys=0.00, real=0.01 secs] 
2014-07-16T15:49:55.857+0000: 1710.178: [GC [PSYoungGen: 192720K->762K(188480K)] 506480K->314570K(875456K), 0.0048740 secs] [Times: user=0.02 sys=0.00, real=0.01 secs] 
2014-07-16T15:49:56.538+0000: 1710.859: [GC [PSYoungGen: 188474K->1004K(184832K)] 502282K->314876K(871808K), 0.0072030 secs] [Times: user=0.04 sys=0.00, real=0.01 secs] 
2014-07-16T15:49:57.234+0000: 1711.555: [GC [PSYoungGen: 184812K->936K(180992K)] 498684K->314848K(867968K), 0.0081530 secs] [Times: user=0.05 sys=0.00, real=0.01 secs] 
2014-07-16T15:49:57.867+0000: 1712.189: [GC [PSYoungGen: 180890K->762K(177152K)] 494803K->314738K(864128K), 0.0037450 secs] [Times: user=0.02 sys=0.00, real=0.00 secs] 
2014-07-16T15:49:58.544+0000: 1712.866: [GC [PSYoungGen: 177146K->662K(173568K)] 491122K->314686K(860544K), 0.0036340 secs] [Times: user=0.01 sys=0.00, real=0.00 secs] 
2014-07-16T15:49:59.177+0000: 1713.498: [GC [PSYoungGen: 173526K->730K(170176K)] 487550K->314818K(857152K), 0.0068390 secs] [Times: user=0.04 sys=0.00, real=0.01 secs] 
2014-07-16T15:49:59.794+0000: 1714.115: [GC [PSYoungGen: 170079K->998K(167104K)] 484167K->315118K(854080K), 0.0051770 secs] [Times: user=0.02 sys=0.00, real=0.00 secs] 
2014-07-16T15:50:00.401+0000: 1714.722: [GC [PSYoungGen: 167078K->1468K(164352K)] 481198K->315702K(851328K), 0.0073010 secs] [Times: user=0.05 sys=0.00, real=0.01 secs] 
2014-07-16T15:50:00.992+0000: 1715.313: [GC [PSYoungGen: 164348K->818K(160576K)] 478582K->315148K(847552K), 0.0059090 secs] [Times: user=0.04 sys=0.00, real=0.01 secs] 
2014-07-16T15:50:01.581+0000: 1715.902: [GC [PSYoungGen: 160562K->930K(192704K)] 474892K->315316K(879680K), 0.0083270 secs] [Times: user=0.06 sys=0.00, real=0.01 secs] 
2014-07-16T15:50:02.276+0000: 1716.598: [GC [PSYoungGen: 192655K->1586K(231744K)] 507041K->316028K(918720K), 0.0147720 secs] [Times: user=0.09 sys=0.00, real=0.01 secs] 
2014-07-16T15:50:03.130+0000: 1717.451: [GC [PSYoungGen: 231730K->694K(276928K)] 546172K->315498K(963904K), 0.0080780 secs] [Times: user=0.05 sys=0.00, real=0.01 secs] 
2014-07-16T15:50:04.162+0000: 1718.483: [GC [PSYoungGen: 276918K->1162K(332736K)] 591722K->316022K(1019712K), 0.0088350 secs] [Times: user=0.06 sys=0.00, real=0.01 secs] 
2014-07-16T15:50:05.432+0000: 1719.753: [GC [PSYoungGen: 332682K->1576K(323840K)] 647542K->316866K(1010816K), 0.0073690 secs] [Times: user=0.03 sys=0.00, real=0.01 secs] 
2014-07-16T15:50:06.590+0000: 1720.911: [GC [PSYoungGen: 323804K->1494K(314880K)] 639095K->316848K(1001856K), 0.0054590 secs] [Times: user=0.02 sys=0.00, real=0.01 secs] 
2014-07-16T15:50:07.731+0000: 1722.053: [GC [PSYoungGen: 314838K->794K(305600K)] 630192K->316246K(992576K), 0.0063880 secs] [Times: user=0.04 sys=0.01, real=0.01 secs] 
2014-07-16T15:50:08.869+0000: 1723.190: [GC [PSYoungGen: 305540K->1222K(297792K)] 620993K->316754K(984768K), 0.0076260 secs] [Times: user=0.05 sys=0.00, real=0.01 secs] 
2014-07-16T15:50:09.932+0000: 1724.253: [GC [PSYoungGen: 297733K->1172K(289856K)] 613266K->316784K(976832K), 0.0086910 secs] [Times: user=0.05 sys=0.01, real=0.01 secs] 
2014-07-16T15:50:10.992+0000: 1725.313: [GC [PSYoungGen: 289786K->740K(281792K)] 605399K->316416K(968768K), 0.0068060 secs] [Times: user=0.05 sys=0.01, real=0.01 secs] 
2014-07-16T15:50:12.028+0000: 1726.350: [GC [PSYoungGen: 281762K->708K(274496K)] 597439K->316464K(961472K), 0.0070430 secs] [Times: user=0.04 sys=0.00, real=0.01 secs] 
2014-07-16T15:50:13.025+0000: 1727.346: [GC [PSYoungGen: 274436K->1100K(267840K)] 590192K->316904K(954816K), 0.0048610 secs] [Times: user=0.02 sys=0.00, real=0.01 secs] 
2014-07-16T15:50:13.989+0000: 1728.310: [GC [PSYoungGen: 267788K->1114K(261120K)] 583592K->316998K(948096K), 0.0109290 secs] [Times: user=0.07 sys=0.00, real=0.01 secs] 
2014-07-16T15:50:14.936+0000: 1729.257: [GC [PSYoungGen: 261065K->1464K(254976K)] 576949K->317420K(941952K), 0.0041890 secs] [Times: user=0.02 sys=0.00, real=0.00 secs] 
2014-07-16T15:50:15.869+0000: 1730.191: [GC [PSYoungGen: 254958K->880K(248128K)] 570915K->317204K(935104K), 0.0089950 secs] [Times: user=0.05 sys=0.01, real=0.01 secs] 
2014-07-16T15:50:16.775+0000: 1731.096: [GC [PSYoungGen: 248112K->1072K(242304K)] 564436K->317460K(929280K), 0.0075040 secs] [Times: user=0.04 sys=0.01, real=0.01 secs] 
2014-07-16T15:50:17.677+0000: 1731.999: [GC [PSYoungGen: 242266K->1390K(236800K)] 558655K->317874K(923776K), 0.0064930 secs] [Times: user=0.05 sys=0.00, real=0.00 secs] 
2014-07-16T15:50:18.535+0000: 1732.857: [GC [PSYoungGen: 236782K->1772K(231616K)] 553266K->318360K(918592K), 0.0053700 secs] [Times: user=0.03 sys=0.00, real=0.00 secs] 
2014-07-16T15:50:19.513+0000: 1733.835: [GC [PSYoungGen: 231596K->448K(224896K)] 548184K->317750K(911872K), 0.0075360 secs] [Times: user=0.05 sys=0.00, real=0.01 secs] 
2014-07-16T15:50:20.298+0000: 1734.619: [GC [PSYoungGen: 224896K->1482K(220800K)] 542198K->318896K(907776K), 0.0039570 secs] [Times: user=0.03 sys=0.00, real=0.00 secs] 
2014-07-16T15:50:21.095+0000: 1735.416: [GC [PSYoungGen: 220725K->1586K(215872K)] 538140K->319625K(902848K), 0.0068350 secs] [Times: user=0.04 sys=0.00, real=0.01 secs] 
2014-07-16T15:50:21.866+0000: 1736.187: [GC [PSYoungGen: 215858K->712K(210240K)] 533897K->318798K(897216K), 0.0038490 secs] [Times: user=0.02 sys=0.00, real=0.01 secs] 
2014-07-16T15:50:22.618+0000: 1736.939: [GC [PSYoungGen: 210184K->1044K(205888K)] 528270K->319195K(892864K), 0.0063860 secs] [Times: user=0.04 sys=0.00, real=0.00 secs] 
2014-07-16T15:50:23.366+0000: 1737.688: [GC [PSYoungGen: 205844K->1808K(202176K)] 523995K->320031K(889152K), 0.0093180 secs] [Times: user=0.07 sys=0.00, real=0.00 secs] 
2014-07-16T15:50:24.129+0000: 1738.450: [GC [PSYoungGen: 202128K->1076K(197056K)] 520351K->319495K(884032K), 0.0055070 secs] [Times: user=0.03 sys=0.00, real=0.00 secs] 
2014-07-16T15:50:24.846+0000: 1739.168: [GC [PSYoungGen: 197044K->812K(192576K)] 515463K->319295K(879552K), 0.0074700 secs] [Times: user=0.04 sys=0.00, real=0.00 secs] 
2014-07-16T15:50:25.547+0000: 1739.869: [GC [PSYoungGen: 192525K->872K(188608K)] 511008K->319458K(875584K), 0.0075990 secs] [Times: user=0.04 sys=0.00, real=0.00 secs] 
2014-07-16T15:50:26.252+0000: 1740.573: [GC [PSYoungGen: 188515K->1018K(184832K)] 507102K->319717K(871808K), 0.0078130 secs] [Times: user=0.05 sys=0.00, real=0.01 secs] 
2014-07-16T15:50:26.916+0000: 1741.238: [GC [PSYoungGen: 184824K->1282K(181376K)] 503523K->320053K(868352K), 0.0046800 secs] [Times: user=0.02 sys=0.00, real=0.01 secs] 
2014-07-16T15:50:27.584+0000: 1741.905: [GC [PSYoungGen: 181314K->1008K(177408K)] 500085K->319835K(864384K), 0.0040300 secs] [Times: user=0.01 sys=0.01, real=0.01 secs] 
2014-07-16T15:50:28.234+0000: 1742.555: [GC [PSYoungGen: 177383K->1318K(174208K)] 496210K->320201K(861184K), 0.0054970 secs] [Times: user=0.02 sys=0.00, real=0.01 secs] 
2014-07-16T15:50:28.911+0000: 1743.232: [GC [PSYoungGen: 174149K->976K(170432K)] 493032K->319923K(857408K), 0.0055050 secs] [Times: user=0.04 sys=0.00, real=0.00 secs] 
2014-07-16T15:50:29.477+0000: 1743.798: [GC [PSYoungGen: 170364K->1140K(167232K)] 489311K->320159K(854208K), 0.0065880 secs] [Times: user=0.04 sys=0.00, real=0.01 secs] 
2014-07-16T15:50:30.081+0000: 1744.403: [GC [PSYoungGen: 167220K->598K(163520K)] 486239K->319672K(850496K), 0.0051330 secs] [Times: user=0.03 sys=0.00, real=0.00 secs] 
2014-07-16T15:50:30.678+0000: 1745.000: [GC [PSYoungGen: 163478K->690K(160448K)] 482552K->319860K(847424K), 0.0065480 secs] [Times: user=0.04 sys=0.01, real=0.00 secs] 
2014-07-16T15:50:31.258+0000: 1745.580: [GC [PSYoungGen: 160411K->1008K(157760K)] 479582K->320251K(844736K), 0.0066230 secs] [Times: user=0.04 sys=0.00, real=0.00 secs] 
2014-07-16T15:50:31.844+0000: 1746.166: [GC [PSYoungGen: 157721K->1768K(155584K)] 476964K->321247K(842560K), 0.0044920 secs] [Times: user=0.02 sys=0.00, real=0.01 secs] 
2014-07-16T15:50:32.400+0000: 1746.722: [GC [PSYoungGen: 155560K->594K(151616K)] 475039K->320104K(838592K), 0.0055620 secs] [Times: user=0.01 sys=0.00, real=0.00 secs] 
2014-07-16T15:50:32.970+0000: 1747.292: [GC [PSYoungGen: 151570K->1464K(182656K)] 471080K->321047K(869632K), 0.0096890 secs] [Times: user=0.06 sys=0.00, real=0.01 secs] 
2014-07-16T15:50:33.642+0000: 1747.963: [GC [PSYoungGen: 182646K->1058K(178560K)] 502229K->320713K(865536K), 0.0049900 secs] [Times: user=0.02 sys=0.00, real=0.00 secs] 
2014-07-16T15:50:34.354+0000: 1748.676: [GC [PSYoungGen: 178530K->940K(174848K)] 498185K->320691K(861824K), 0.0058240 secs] [Times: user=0.04 sys=0.00, real=0.01 secs] 
2014-07-16T15:50:35.027+0000: 1749.349: [GC [PSYoungGen: 174828K->1692K(210432K)] 494579K->321547K(897408K), 0.0095000 secs] [Times: user=0.06 sys=0.00, real=0.01 secs] 
2014-07-16T15:50:35.760+0000: 1750.082: [GC [PSYoungGen: 210392K->1108K(251648K)] 530247K->321027K(938624K), 0.0080570 secs] [Times: user=0.05 sys=0.00, real=0.01 secs] 
2014-07-16T15:50:36.690+0000: 1751.011: [GC [PSYoungGen: 251604K->594K(301248K)] 571523K->320584K(988224K), 0.0088920 secs] [Times: user=0.06 sys=0.00, real=0.01 secs] 
2014-07-16T15:50:37.791+0000: 1752.112: [GC [PSYoungGen: 301188K->1046K(293632K)] 621179K->321125K(980608K), 0.0044800 secs] [Times: user=0.02 sys=0.00, real=0.00 secs] 
2014-07-16T15:50:38.917+0000: 1753.239: [GC [PSYoungGen: 293590K->1092K(285952K)] 613669K->321251K(972928K), 0.0069110 secs] [Times: user=0.05 sys=0.00, real=0.01 secs] 
2014-07-16T15:50:39.901+0000: 1754.223: [GC [PSYoungGen: 285884K->794K(278208K)] 606043K->321001K(965184K), 0.0064300 secs] [Times: user=0.03 sys=0.00, real=0.00 secs] 
2014-07-16T15:50:40.910+0000: 1755.231: [GC [PSYoungGen: 278170K->680K(270912K)] 598377K->320935K(957888K), 0.0088870 secs] [Times: user=0.05 sys=0.00, real=0.00 secs] 
2014-07-16T15:50:41.895+0000: 1756.217: [GC [PSYoungGen: 270888K->680K(264000K)] 591143K->320991K(950976K), 0.0035510 secs] [Times: user=0.02 sys=0.01, real=0.00 secs] 
2014-07-16T15:50:42.829+0000: 1757.151: [GC [PSYoungGen: 263976K->1022K(257728K)] 584287K->321429K(944704K), 0.0051130 secs] [Times: user=0.03 sys=0.00, real=0.00 secs] 
2014-07-16T15:50:43.749+0000: 1758.070: [GC [PSYoungGen: 257726K->630K(250944K)] 578133K->321117K(937920K), 0.0044640 secs] [Times: user=0.03 sys=0.00, real=0.01 secs] 
2014-07-16T15:50:44.695+0000: 1759.017: [GC [PSYoungGen: 250934K->854K(245056K)] 571421K->321437K(932032K), 0.0037720 secs] [Times: user=0.02 sys=0.00, real=0.01 secs] 
2014-07-16T15:50:45.589+0000: 1759.910: [GC [PSYoungGen: 244993K->1536K(239872K)] 565576K->322167K(926848K), 0.0101450 secs] [Times: user=0.05 sys=0.01, real=0.01 secs] 
2014-07-16T15:50:46.442+0000: 1760.763: [GC [PSYoungGen: 239768K->1614K(234240K)] 560399K->322285K(921216K), 0.0057120 secs] [Times: user=0.02 sys=0.00, real=0.00 secs] 
2014-07-16T15:50:47.359+0000: 1761.680: [GC [PSYoungGen: 234190K->488K(227584K)] 554861K->321889K(914560K), 0.0076650 secs] [Times: user=0.04 sys=0.01, real=0.01 secs] 
2014-07-16T15:50:48.268+0000: 1762.590: [GC [PSYoungGen: 227549K->1040K(222848K)] 548950K->322489K(909824K), 0.0173270 secs] [Times: user=0.12 sys=0.00, real=0.02 secs] 
2014-07-16T15:50:49.110+0000: 1763.431: [GC [PSYoungGen: 222774K->1268K(217920K)] 544223K->323045K(904896K), 0.0069360 secs] [Times: user=0.04 sys=0.00, real=0.01 secs] 
2014-07-16T15:50:49.855+0000: 1764.176: [GC [PSYoungGen: 217908K->794K(212544K)] 539685K->322643K(899520K), 0.0067880 secs] [Times: user=0.04 sys=0.00, real=0.01 secs] 
2014-07-16T15:50:50.619+0000: 1764.940: [GC [PSYoungGen: 212506K->1222K(208256K)] 534355K->323135K(895232K), 0.0040570 secs] [Times: user=0.02 sys=0.00, real=0.01 secs] 
2014-07-16T15:50:51.376+0000: 1765.697: [GC [PSYoungGen: 208198K->858K(203264K)] 530111K->322835K(890240K), 0.0058560 secs] [Times: user=0.03 sys=0.00, real=0.01 secs] 
2014-07-16T15:50:52.104+0000: 1766.425: [GC [PSYoungGen: 203226K->948K(198912K)] 525203K->322981K(885888K), 0.0075690 secs] [Times: user=0.04 sys=0.00, real=0.01 secs] 
2014-07-16T15:50:52.822+0000: 1767.144: [GC [PSYoungGen: 198897K->662K(194368K)] 520930K->322743K(881344K), 0.0063450 secs] [Times: user=0.04 sys=0.00, real=0.00 secs] 
2014-07-16T15:50:53.524+0000: 1767.845: [GC [PSYoungGen: 194326K->808K(190400K)] 516407K->322969K(877376K), 0.0043760 secs] [Times: user=0.02 sys=0.00, real=0.00 secs] 
2014-07-16T15:50:54.301+0000: 1768.622: [GC [PSYoungGen: 190376K->1236K(186880K)] 512537K->323445K(873856K), 0.0114700 secs] [Times: user=0.06 sys=0.00, real=0.02 secs] 
2014-07-16T15:50:54.916+0000: 1769.237: [GC [PSYoungGen: 186836K->958K(182720K)] 509045K->323239K(869696K), 0.0061120 secs] [Times: user=0.04 sys=0.00, real=0.01 secs] 
2014-07-16T15:50:55.587+0000: 1769.908: [GC [PSYoungGen: 182718K->1008K(179072K)] 504999K->323361K(866048K), 0.0063400 secs] [Times: user=0.03 sys=0.00, real=0.01 secs] 
2014-07-16T15:50:56.230+0000: 1770.551: [GC [PSYoungGen: 179056K->840K(175360K)] 501409K->323265K(862336K), 0.0033850 secs] [Times: user=0.02 sys=0.00, real=0.01 secs] 
2014-07-16T15:50:56.879+0000: 1771.200: [GC [PSYoungGen: 175304K->872K(171840K)] 497729K->323361K(858816K), 0.0049810 secs] [Times: user=0.03 sys=0.00, real=0.01 secs] 
2014-07-16T15:50:57.483+0000: 1771.804: [GC [PSYoungGen: 171816K->912K(168512K)] 494305K->323497K(855488K), 0.0085390 secs] [Times: user=0.05 sys=0.01, real=0.01 secs] 
2014-07-16T15:50:58.089+0000: 1772.411: [GC [PSYoungGen: 168418K->976K(202112K)] 491003K->323617K(889088K), 0.0074460 secs] [Times: user=0.05 sys=0.00, real=0.01 secs] 
2014-07-16T15:50:58.839+0000: 1773.161: [GC [PSYoungGen: 202064K->1014K(197760K)] 524705K->323785K(884736K), 0.0036860 secs] [Times: user=0.02 sys=0.00, real=0.01 secs] 
2014-07-16T15:50:59.605+0000: 1773.926: [GC [PSYoungGen: 197750K->1176K(193728K)] 520521K->324011K(880704K), 0.0080410 secs] [Times: user=0.04 sys=0.00, real=0.01 secs] 
2014-07-16T15:51:00.309+0000: 1774.630: [GC [PSYoungGen: 193652K->754K(189184K)] 516487K->323741K(876160K), 0.0090110 secs] [Times: user=0.04 sys=0.00, real=0.01 secs] 
2014-07-16T15:51:01.029+0000: 1775.350: [GC [PSYoungGen: 189170K->886K(227008K)] 512157K->323929K(913984K), 0.0082160 secs] [Times: user=0.05 sys=0.00, real=0.01 secs] 
2014-07-16T15:51:01.862+0000: 1776.183: [GC [PSYoungGen: 226998K->612K(221504K)] 550041K->323719K(908480K), 0.0067720 secs] [Times: user=0.04 sys=0.00, real=0.00 secs] 
2014-07-16T15:51:02.711+0000: 1777.032: [GC [PSYoungGen: 221445K->868K(216704K)] 544553K->324047K(903680K), 0.0042290 secs] [Times: user=0.03 sys=0.00, real=0.01 secs] 
2014-07-16T15:51:03.473+0000: 1777.794: [GC [PSYoungGen: 216657K->1404K(212352K)] 539836K->324788K(899328K), 0.0054270 secs] [Times: user=0.03 sys=0.01, real=0.00 secs] 
2014-07-16T15:51:04.303+0000: 1778.624: [GC [PSYoungGen: 212348K->1260K(207488K)] 535732K->324723K(894464K), 0.0048470 secs] [Times: user=0.03 sys=0.00, real=0.00 secs] 
2014-07-16T15:51:05.012+0000: 1779.333: [GC [PSYoungGen: 207424K->552K(202240K)] 530888K->324325K(889216K), 0.0053600 secs] [Times: user=0.03 sys=0.00, real=0.01 secs] 
2014-07-16T15:51:05.741+0000: 1780.063: [GC [PSYoungGen: 202216K->1132K(198400K)] 525989K->325001K(885376K), 0.0065880 secs] [Times: user=0.04 sys=0.00, real=0.01 secs] 
2014-07-16T15:51:06.461+0000: 1780.782: [GC [PSYoungGen: 198363K->1030K(194112K)] 522233K->324956K(881088K), 0.0040390 secs] [Times: user=0.02 sys=0.00, real=0.01 secs] 
2014-07-16T15:51:07.183+0000: 1781.505: [GC [PSYoungGen: 194054K->1350K(190336K)] 517980K->325340K(877312K), 0.0046430 secs] [Times: user=0.02 sys=0.00, real=0.00 secs] 
2014-07-16T15:51:07.877+0000: 1782.198: [GC [PSYoungGen: 190278K->634K(185600K)] 514268K->325102K(872576K), 0.0069610 secs] [Times: user=0.05 sys=0.01, real=0.01 secs] 
2014-07-16T15:51:08.557+0000: 1782.878: [GC [PSYoungGen: 185594K->922K(182080K)] 510062K->325446K(869056K), 0.0041590 secs] [Times: user=0.02 sys=0.00, real=0.00 secs] 
2014-07-16T15:51:09.265+0000: 1783.586: [GC [PSYoungGen: 182041K->1174K(178624K)] 506565K->325836K(865600K), 0.0090690 secs] [Times: user=0.06 sys=0.00, real=0.01 secs] 
2014-07-16T15:51:09.914+0000: 1784.236: [GC [PSYoungGen: 178582K->708K(174592K)] 503244K->325450K(861568K), 0.0073440 secs] [Times: user=0.05 sys=0.00, real=0.00 secs] 
2014-07-16T15:51:10.549+0000: 1784.870: [GC [PSYoungGen: 174524K->1256K(209920K)] 499266K->326472K(896896K), 0.0091250 secs] [Times: user=0.05 sys=0.00, real=0.01 secs] 
2014-07-16T15:51:11.307+0000: 1785.629: [GC [PSYoungGen: 209835K->1358K(251776K)] 535051K->326654K(938752K), 0.0074950 secs] [Times: user=0.05 sys=0.00, real=0.01 secs] 
2014-07-16T15:51:12.214+0000: 1786.536: [GC [PSYoungGen: 251726K->930K(245184K)] 577022K->326738K(932160K), 0.0074260 secs] [Times: user=0.05 sys=0.00, real=0.00 secs] 
2014-07-16T15:51:13.092+0000: 1787.413: [GC [PSYoungGen: 245118K->1126K(239488K)] 570926K->326998K(926464K), 0.0087810 secs] [Times: user=0.05 sys=0.00, real=0.01 secs] 
2014-07-16T15:51:13.958+0000: 1788.279: [GC [PSYoungGen: 239448K->1308K(233984K)] 565320K->327268K(920960K), 0.0059130 secs] [Times: user=0.04 sys=0.00, real=0.00 secs] 
2014-07-16T15:51:14.874+0000: 1789.195: [GC [PSYoungGen: 233948K->744K(227904K)] 559908K->326776K(914880K), 0.0079290 secs] [Times: user=0.05 sys=0.00, real=0.01 secs] 
2014-07-16T15:51:15.676+0000: 1789.997: [GC [PSYoungGen: 227880K->690K(222528K)] 553912K->326794K(909504K), 0.0086480 secs] [Times: user=0.03 sys=0.01, real=0.01 secs] 
2014-07-16T15:51:16.483+0000: 1790.804: [GC [PSYoungGen: 222514K->804K(217536K)] 548618K->326996K(904512K), 0.0087180 secs] [Times: user=0.05 sys=0.00, real=0.01 secs] 
2014-07-16T15:51:17.285+0000: 1791.606: [GC [PSYoungGen: 217507K->890K(212672K)] 543699K->327178K(899648K), 0.0082790 secs] [Times: user=0.04 sys=0.00, real=0.00 secs] 
2014-07-16T15:51:18.091+0000: 1792.413: [GC [PSYoungGen: 212650K->976K(208064K)] 538938K->327328K(895040K), 0.0082860 secs] [Times: user=0.05 sys=0.00, real=0.01 secs] 
2014-07-16T15:51:18.858+0000: 1793.179: [GC [PSYoungGen: 208016K->972K(203456K)] 534368K->327380K(890432K), 0.0073620 secs] [Times: user=0.04 sys=0.00, real=0.01 secs] 
2014-07-16T15:51:19.663+0000: 1793.984: [GC [PSYoungGen: 203389K->1232K(199296K)] 529797K->327752K(886272K), 0.0061050 secs] [Times: user=0.04 sys=0.00, real=0.01 secs] 
2014-07-16T15:51:20.417+0000: 1794.739: [GC [PSYoungGen: 199205K->972K(194752K)] 525725K->327532K(881728K), 0.0081950 secs] [Times: user=0.05 sys=0.00, real=0.01 secs] 
2014-07-16T15:51:21.108+0000: 1795.429: [GC [PSYoungGen: 194700K->826K(190464K)] 521260K->327466K(877440K), 0.0061520 secs] [Times: user=0.04 sys=0.00, real=0.00 secs] 
2014-07-16T15:51:21.796+0000: 1796.118: [GC [PSYoungGen: 190458K->812K(186496K)] 517098K->327524K(873472K), 0.0059660 secs] [Times: user=0.03 sys=0.00, real=0.00 secs] 
2014-07-16T15:51:22.473+0000: 1796.795: [GC [PSYoungGen: 186476K->712K(182592K)] 513188K->327488K(869568K), 0.0067970 secs] [Times: user=0.04 sys=0.00, real=0.01 secs] 
2014-07-16T15:51:23.136+0000: 1797.458: [GC [PSYoungGen: 182529K->1590K(179712K)] 509305K->328438K(866688K), 0.0060040 secs] [Times: user=0.04 sys=0.00, real=0.00 secs] 
2014-07-16T15:51:23.797+0000: 1798.118: [GC [PSYoungGen: 179701K->940K(214720K)] 506549K->327844K(901696K), 0.0092360 secs] [Times: user=0.05 sys=0.00, real=0.01 secs] 
2014-07-16T15:51:24.630+0000: 1798.951: [GC [PSYoungGen: 214700K->1058K(210048K)] 541604K->328140K(897024K), 0.0061810 secs] [Times: user=0.03 sys=0.00, real=0.01 secs] 
2014-07-16T15:51:25.370+0000: 1799.692: [GC [PSYoungGen: 210018K->926K(251712K)] 537100K->328056K(938688K), 0.0140520 secs] [Times: user=0.10 sys=0.00, real=0.01 secs] 
2014-07-16T15:51:26.289+0000: 1800.611: [GC [PSYoungGen: 251620K->1086K(245696K)] 578750K->328304K(932672K), 0.0042760 secs] [Times: user=0.02 sys=0.01, real=0.00 secs] 
2014-07-16T15:51:27.194+0000: 1801.516: [GC [PSYoungGen: 245694K->640K(239296K)] 572912K->327962K(926272K), 0.0075980 secs] [Times: user=0.05 sys=0.00, real=0.01 secs] 
2014-07-16T15:51:28.085+0000: 1802.406: [GC [PSYoungGen: 239295K->900K(233920K)] 566617K->328294K(920896K), 0.0072710 secs] [Times: user=0.05 sys=0.00, real=0.01 secs] 
2014-07-16T15:51:28.956+0000: 1803.277: [GC [PSYoungGen: 233822K->1346K(228864K)] 561216K->328820K(915840K), 0.0057820 secs] [Times: user=0.02 sys=0.00, real=0.00 secs] 
2014-07-16T15:51:29.768+0000: 1804.090: [GC [PSYoungGen: 228802K->890K(223040K)] 556276K->328444K(910016K), 0.0092520 secs] [Times: user=0.06 sys=0.00, real=0.01 secs] 
2014-07-16T15:51:30.586+0000: 1804.908: [GC [PSYoungGen: 223026K->844K(217920K)] 550580K->328462K(904896K), 0.0069700 secs] [Times: user=0.04 sys=0.00, real=0.00 secs] 
2014-07-16T15:51:31.463+0000: 1805.784: [GC [PSYoungGen: 217868K->1460K(261952K)] 545486K->329158K(948928K), 0.0198810 secs] [Times: user=0.14 sys=0.00, real=0.02 secs] 
2014-07-16T15:51:32.380+0000: 1806.702: [GC [PSYoungGen: 261940K->1068K(262976K)] 589638K->328846K(949952K), 0.0058870 secs] [Times: user=0.04 sys=0.00, real=0.00 secs] 
2014-07-16T15:51:33.327+0000: 1807.649: [GC [PSYoungGen: 262316K->922K(314304K)] 590094K->328796K(1001280K), 0.0078770 secs] [Times: user=0.05 sys=0.00, real=0.00 secs] 
2014-07-16T15:51:34.484+0000: 1808.805: [GC [PSYoungGen: 313562K->1568K(314240K)] 641436K->329506K(1001216K), 0.0190440 secs] [Times: user=0.11 sys=0.00, real=0.02 secs] 
2014-07-16T15:51:35.725+0000: 1810.047: [GC [PSYoungGen: 314208K->1126K(305280K)] 642146K->329128K(992256K), 0.0037350 secs] [Times: user=0.02 sys=0.00, real=0.01 secs] 
2014-07-16T15:51:36.828+0000: 1811.149: [GC [PSYoungGen: 305223K->780K(296768K)] 633225K->328830K(983744K), 0.0090070 secs] [Times: user=0.06 sys=0.01, real=0.01 secs] 
2014-07-16T15:51:37.922+0000: 1812.243: [GC [PSYoungGen: 296699K->972K(356160K)] 624749K->329094K(1043136K), 0.0199610 secs] [Times: user=0.12 sys=0.00, real=0.02 secs] 
2014-07-16T15:51:39.201+0000: 1813.522: [GC [PSYoungGen: 356086K->1054K(345984K)] 684208K->329264K(1032960K), 0.0070260 secs] [Times: user=0.04 sys=0.00, real=0.01 secs] 
2014-07-16T15:51:40.497+0000: 1814.818: [GC [PSYoungGen: 345950K->1100K(336192K)] 674160K->329382K(1023168K), 0.0051400 secs] [Times: user=0.02 sys=0.01, real=0.01 secs] 
2014-07-16T15:51:41.779+0000: 1816.100: [GC [PSYoungGen: 336100K->1226K(326912K)] 664383K->329564K(1013888K), 0.0048450 secs] [Times: user=0.02 sys=0.00, real=0.00 secs] 
2014-07-16T15:51:42.959+0000: 1817.280: [GC [PSYoungGen: 326858K->816K(317376K)] 655196K->330132K(1004352K), 0.0080160 secs] [Times: user=0.05 sys=0.00, real=0.00 secs] 
2014-07-16T15:51:44.105+0000: 1818.426: [GC [PSYoungGen: 317360K->918K(308800K)] 646676K->330322K(995776K), 0.0071830 secs] [Times: user=0.05 sys=0.00, real=0.01 secs] 
2014-07-16T15:51:45.248+0000: 1819.569: [GC [PSYoungGen: 308758K->968K(300544K)] 638162K->330460K(987520K), 0.0040170 secs] [Times: user=0.01 sys=0.00, real=0.01 secs] 
2014-07-16T15:51:46.329+0000: 1820.650: [GC [PSYoungGen: 300488K->530K(292096K)] 629980K->330070K(979072K), 0.0090700 secs] [Times: user=0.06 sys=0.00, real=0.00 secs] 
2014-07-16T15:51:47.400+0000: 1821.721: [GC [PSYoungGen: 292038K->576K(284416K)] 621578K->330172K(971392K), 0.0068870 secs] [Times: user=0.05 sys=0.00, real=0.00 secs] 
2014-07-16T15:51:48.422+0000: 1822.743: [GC [PSYoungGen: 284416K->872K(277312K)] 614012K->330524K(964288K), 0.0036910 secs] [Times: user=0.02 sys=0.00, real=0.00 secs] 
2014-07-16T15:51:49.433+0000: 1823.754: [GC [PSYoungGen: 277203K->836K(270208K)] 606855K->330568K(957184K), 0.0035300 secs] [Times: user=0.02 sys=0.00, real=0.00 secs] 
2014-07-16T15:51:50.439+0000: 1824.761: [GC [PSYoungGen: 270148K->1282K(263808K)] 599880K->331086K(950784K), 0.0095160 secs] [Times: user=0.07 sys=0.00, real=0.00 secs] 
2014-07-16T15:51:51.399+0000: 1825.721: [GC [PSYoungGen: 263746K->1262K(257152K)] 593550K->331348K(944128K), 0.0043360 secs] [Times: user=0.02 sys=0.00, real=0.01 secs] 
2014-07-16T15:51:52.348+0000: 1826.669: [GC [PSYoungGen: 257126K->1636K(251200K)] 587213K->331786K(938176K), 0.0070900 secs] [Times: user=0.05 sys=0.00, real=0.01 secs] 
2014-07-16T15:51:53.225+0000: 1827.546: [GC [PSYoungGen: 251172K->830K(244288K)] 581322K->331338K(931264K), 0.0052900 secs] [Times: user=0.03 sys=0.00, real=0.01 secs] 
2014-07-16T15:51:54.028+0000: 1828.349: [GC [PSYoungGen: 244286K->1204K(238784K)] 574794K->331768K(925760K), 0.0073090 secs] [Times: user=0.05 sys=0.00, real=0.01 secs] 
2014-07-16T15:51:54.869+0000: 1829.190: [GC [PSYoungGen: 238772K->1124K(233024K)] 569336K->331810K(920000K), 0.0116400 secs] [Times: user=0.08 sys=0.00, real=0.02 secs] 
2014-07-16T15:51:55.643+0000: 1829.964: [GC [PSYoungGen: 232994K->1004K(227456K)] 563681K->331786K(914432K), 0.0084640 secs] [Times: user=0.05 sys=0.00, real=0.01 secs] 
2014-07-16T15:51:56.382+0000: 1830.703: [GC [PSYoungGen: 227436K->900K(272704K)] 558218K->331754K(959680K), 0.0102690 secs] [Times: user=0.07 sys=0.01, real=0.01 secs] 
2014-07-16T15:51:57.265+0000: 1831.587: [GC [PSYoungGen: 272636K->876K(327040K)] 603491K->331786K(1014016K), 0.0135560 secs] [Times: user=0.09 sys=0.01, real=0.01 secs] 
2014-07-16T15:51:58.341+0000: 1832.663: [GC [PSYoungGen: 327020K->922K(318016K)] 657930K->331904K(1004992K), 0.0065680 secs] [Times: user=0.04 sys=0.00, real=0.00 secs] 
2014-07-16T15:51:59.403+0000: 1833.724: [GC [PSYoungGen: 317978K->1014K(309376K)] 648960K->332076K(996352K), 0.0036890 secs] [Times: user=0.02 sys=0.00, real=0.00 secs] 
2014-07-16T15:52:00.507+0000: 1834.829: [GC [PSYoungGen: 309366K->1406K(301376K)] 640428K->332548K(988352K), 0.0157580 secs] [Times: user=0.10 sys=0.00, real=0.02 secs] 
2014-07-16T15:52:01.478+0000: 1835.800: [GC [PSYoungGen: 301306K->1186K(293120K)] 632448K->332400K(980096K), 0.0045850 secs] [Times: user=0.03 sys=0.00, real=0.01 secs] 
2014-07-16T15:52:02.536+0000: 1836.857: [GC [PSYoungGen: 293020K->880K(285056K)] 624235K->332718K(972032K), 0.0082660 secs] [Times: user=0.04 sys=0.00, real=0.01 secs] 
2014-07-16T15:52:03.505+0000: 1837.827: [GC [PSYoungGen: 285040K->1100K(277888K)] 616878K->333018K(964864K), 0.0051120 secs] [Times: user=0.03 sys=0.00, real=0.00 secs] 
2014-07-16T15:52:04.473+0000: 1838.795: [GC [PSYoungGen: 277809K->1082K(270720K)] 609728K->333288K(957696K), 0.0083140 secs] [Times: user=0.05 sys=0.00, real=0.00 secs] 
2014-07-16T15:52:05.418+0000: 1839.739: [GC [PSYoungGen: 270714K->918K(263744K)] 602920K->333188K(950720K), 0.0073940 secs] [Times: user=0.05 sys=0.00, real=0.01 secs] 
2014-07-16T15:52:06.290+0000: 1840.611: [GC [PSYoungGen: 263702K->608K(256832K)] 595972K->332958K(943808K), 0.0070090 secs] [Times: user=0.05 sys=0.00, real=0.01 secs] 
2014-07-16T15:52:07.136+0000: 1841.457: [GC [PSYoungGen: 256800K->790K(250688K)] 589150K->333212K(937664K), 0.0053450 secs] [Times: user=0.04 sys=0.00, real=0.00 secs] 
2014-07-16T15:52:07.986+0000: 1842.307: [GC [PSYoungGen: 250646K->886K(244608K)] 583068K->333372K(931584K), 0.0065580 secs] [Times: user=0.04 sys=0.00, real=0.01 secs] 
2014-07-16T15:52:08.841+0000: 1843.162: [GC [PSYoungGen: 244566K->1524K(239360K)] 577053K->334066K(926336K), 0.0053750 secs] [Times: user=0.02 sys=0.00, real=0.01 secs] 
2014-07-16T15:52:09.641+0000: 1843.962: [GC [PSYoungGen: 239348K->930K(233088K)] 571890K->334114K(920064K), 0.0060100 secs] [Times: user=0.03 sys=0.00, real=0.01 secs] 
2014-07-16T15:52:10.462+0000: 1844.783: [GC [PSYoungGen: 233033K->1304K(228032K)] 566217K->334552K(915008K), 0.0036840 secs] [Times: user=0.03 sys=0.00, real=0.01 secs] 
2014-07-16T15:52:11.181+0000: 1845.503: [GC [PSYoungGen: 227972K->958K(222400K)] 561221K->334402K(909376K), 0.0080050 secs] [Times: user=0.05 sys=0.00, real=0.01 secs] 
2014-07-16T15:52:11.963+0000: 1846.285: [GC [PSYoungGen: 222335K->1704K(218112K)] 555780K->335212K(905088K), 0.0039980 secs] [Times: user=0.03 sys=0.00, real=0.00 secs] 
2014-07-16T15:52:12.678+0000: 1847.000: [GC [PSYoungGen: 218048K->1068K(212544K)] 551556K->334688K(899520K), 0.0056590 secs] [Times: user=0.03 sys=0.00, real=0.01 secs] 
2014-07-16T15:52:13.380+0000: 1847.701: [GC [PSYoungGen: 212524K->800K(207552K)] 546144K->334476K(894528K), 0.0053190 secs] [Times: user=0.02 sys=0.00, real=0.01 secs] 
2014-07-16T15:52:14.080+0000: 1848.401: [GC [PSYoungGen: 207520K->1074K(203264K)] 541196K->334838K(890240K), 0.0034750 secs] [Times: user=0.01 sys=0.00, real=0.01 secs] 
2014-07-16T15:52:14.739+0000: 1849.060: [GC [PSYoungGen: 203250K->808K(198592K)] 537014K->334652K(885568K), 0.0056490 secs] [Times: user=0.03 sys=0.00, real=0.01 secs] 
2014-07-16T15:52:15.446+0000: 1849.767: [GC [PSYoungGen: 198568K->1018K(194496K)] 532412K->334950K(881472K), 0.0054890 secs] [Times: user=0.02 sys=0.00, real=0.00 secs] 
2014-07-16T15:52:16.105+0000: 1850.426: [GC [PSYoungGen: 194490K->1004K(190400K)] 528422K->335000K(877376K), 0.0042220 secs] [Times: user=0.02 sys=0.00, real=0.00 secs] 
2014-07-16T15:52:16.715+0000: 1851.037: [GC [PSYoungGen: 190343K->1050K(186496K)] 524340K->335142K(873472K), 0.0084370 secs] [Times: user=0.06 sys=0.00, real=0.01 secs] 
2014-07-16T15:52:17.313+0000: 1851.635: [GC [PSYoungGen: 186435K->1654K(183232K)] 520528K->336141K(870208K), 0.0049440 secs] [Times: user=0.03 sys=0.00, real=0.01 secs] 
2014-07-16T15:52:17.908+0000: 1852.229: [GC [PSYoungGen: 183222K->634K(218560K)] 517709K->336031K(905536K), 0.0098050 secs] [Times: user=0.06 sys=0.00, real=0.01 secs] 
2014-07-16T15:52:18.613+0000: 1852.934: [GC [PSYoungGen: 218554K->1418K(214400K)] 553951K->336887K(901376K), 0.0044600 secs] [Times: user=0.01 sys=0.01, real=0.01 secs] 
2014-07-16T15:52:19.337+0000: 1853.658: [GC [PSYoungGen: 214312K->1060K(209216K)] 549782K->336973K(896192K), 0.0072200 secs] [Times: user=0.04 sys=0.00, real=0.01 secs] 
2014-07-16T15:52:20.033+0000: 1854.354: [GC [PSYoungGen: 209185K->1432K(204992K)] 545099K->337401K(891968K), 0.0068950 secs] [Times: user=0.04 sys=0.00, real=0.01 secs] 
2014-07-16T15:52:20.763+0000: 1855.085: [GC [PSYoungGen: 204952K->1278K(200320K)] 540921K->337327K(887296K), 0.0064730 secs] [Times: user=0.04 sys=0.01, real=0.01 secs] 
2014-07-16T15:52:21.437+0000: 1855.759: [GC [PSYoungGen: 200306K->1304K(196096K)] 536356K->337433K(883072K), 0.0038580 secs] [Times: user=0.02 sys=0.00, real=0.00 secs] 
2014-07-16T15:52:22.091+0000: 1856.412: [GC [PSYoungGen: 196050K->1264K(191872K)] 532180K->337465K(878848K), 0.0048900 secs] [Times: user=0.01 sys=0.00, real=0.01 secs] 
2014-07-16T15:52:22.825+0000: 1857.147: [GC [PSYoungGen: 191856K->1610K(188224K)] 528057K->337875K(875200K), 0.0096770 secs] [Times: user=0.04 sys=0.00, real=0.01 secs] 
2014-07-16T15:52:23.471+0000: 1857.792: [GC [PSYoungGen: 188170K->820K(183488K)] 524435K->337756K(870464K), 0.0077540 secs] [Times: user=0.04 sys=0.00, real=0.01 secs] 
2014-07-16T15:52:24.100+0000: 1858.422: [GC [PSYoungGen: 183476K->1132K(220352K)] 520412K->338156K(907328K), 0.0073670 secs] [Times: user=0.05 sys=0.00, real=0.01 secs] 
2014-07-16T15:52:24.804+0000: 1859.125: [GC [PSYoungGen: 220332K->1472K(215744K)] 557356K->338766K(902720K), 0.0037990 secs] [Times: user=0.02 sys=0.01, real=0.01 secs] 
2014-07-16T15:52:25.513+0000: 1859.834: [GC [PSYoungGen: 215680K->1304K(210752K)] 552974K->338670K(897728K), 0.0072540 secs] [Times: user=0.05 sys=0.00, real=0.01 secs] 
2014-07-16T15:52:26.217+0000: 1860.538: [GC [PSYoungGen: 210712K->826K(252160K)] 548078K->338256K(939136K), 0.0095010 secs] [Times: user=0.06 sys=0.00, real=0.01 secs] 
2014-07-16T15:52:27.027+0000: 1861.348: [GC [PSYoungGen: 252154K->1072K(246272K)] 589584K->338558K(933248K), 0.0074300 secs] [Times: user=0.04 sys=0.00, real=0.00 secs] 
2014-07-16T15:52:27.823+0000: 1862.144: [GC [PSYoungGen: 246250K->1242K(240512K)] 583736K->338808K(927488K), 0.0066700 secs] [Times: user=0.03 sys=0.01, real=0.01 secs] 
2014-07-16T15:52:28.615+0000: 1862.936: [GC [PSYoungGen: 240474K->900K(288064K)] 578040K->338530K(975040K), 0.0100060 secs] [Times: user=0.07 sys=0.00, real=0.02 secs] 
2014-07-16T15:52:29.570+0000: 1863.892: [GC [PSYoungGen: 288004K->1138K(280704K)] 625634K->338863K(967680K), 0.0072480 secs] [Times: user=0.04 sys=0.00, real=0.01 secs] 
2014-07-16T15:52:30.553+0000: 1864.874: [GC [PSYoungGen: 280690K->1768K(274112K)] 618415K->339682K(961088K), 0.0091280 secs] [Times: user=0.07 sys=0.00, real=0.01 secs] 
2014-07-16T15:52:31.421+0000: 1865.742: [GC [PSYoungGen: 274064K->676K(266048K)] 611977K->338710K(953024K), 0.0102370 secs] [Times: user=0.07 sys=0.00, real=0.01 secs] 
2014-07-16T15:52:32.299+0000: 1866.620: [GC [PSYoungGen: 265988K->908K(259584K)] 604022K->338998K(946560K), 0.0043970 secs] [Times: user=0.02 sys=0.00, real=0.00 secs] 
2014-07-16T15:52:33.164+0000: 1867.486: [GC [PSYoungGen: 259508K->1664K(253888K)] 597598K->339892K(940864K), 0.0069220 secs] [Times: user=0.04 sys=0.00, real=0.01 secs] 
2014-07-16T15:52:33.967+0000: 1868.288: [GC [PSYoungGen: 253824K->894K(246848K)] 592052K->339154K(933824K), 0.0047220 secs] [Times: user=0.02 sys=0.00, real=0.00 secs] 
2014-07-16T15:52:34.807+0000: 1869.128: [GC [PSYoungGen: 246846K->690K(240704K)] 585106K->339014K(927680K), 0.0089410 secs] [Times: user=0.05 sys=0.00, real=0.01 secs] 
2014-07-16T15:52:35.637+0000: 1869.958: [GC [PSYoungGen: 240690K->1196K(235456K)] 579014K->339608K(922432K), 0.0053660 secs] [Times: user=0.03 sys=0.00, real=0.00 secs] 
2014-07-16T15:52:36.417+0000: 1870.738: [GC [PSYoungGen: 235371K->1132K(229824K)] 573783K->339608K(916800K), 0.0044330 secs] [Times: user=0.03 sys=0.00, real=0.00 secs] 
2014-07-16T15:52:37.227+0000: 1871.548: [GC [PSYoungGen: 229758K->1514K(224896K)] 568234K->340078K(911872K), 0.0040340 secs] [Times: user=0.02 sys=0.00, real=0.01 secs] 
2014-07-16T15:52:37.899+0000: 1872.220: [GC [PSYoungGen: 224874K->758K(218944K)] 563438K->339378K(905920K), 0.0074050 secs] [Times: user=0.05 sys=0.00, real=0.00 secs] 
2014-07-16T15:52:38.587+0000: 1872.908: [GC [PSYoungGen: 218934K->790K(214016K)] 557554K->339474K(900992K), 0.0061600 secs] [Times: user=0.03 sys=0.00, real=0.00 secs] 
2014-07-16T15:52:39.301+0000: 1873.622: [GC [PSYoungGen: 213974K->1204K(209600K)] 552658K->339960K(896576K), 0.0063900 secs] [Times: user=0.04 sys=0.00, real=0.01 secs] 
2014-07-16T15:52:39.964+0000: 1874.285: [GC [PSYoungGen: 209588K->908K(204736K)] 548344K->339728K(891712K), 0.0064060 secs] [Times: user=0.04 sys=0.00, real=0.01 secs] 
2014-07-16T15:52:40.734+0000: 1875.055: [GC [PSYoungGen: 204684K->1504K(200832K)] 543504K->340396K(887808K), 0.0053760 secs] [Times: user=0.01 sys=0.01, real=0.01 secs] 
2014-07-16T15:52:41.416+0000: 1875.738: [GC [PSYoungGen: 200800K->1532K(196544K)] 539692K->340488K(883520K), 0.0098880 secs] [Times: user=0.06 sys=0.00, real=0.01 secs] 
2014-07-16T15:52:42.063+0000: 1876.385: [GC [PSYoungGen: 196540K->826K(191680K)] 535496K->340236K(878656K), 0.0061200 secs] [Times: user=0.04 sys=0.00, real=0.01 secs] 
2014-07-16T15:52:42.705+0000: 1877.026: [GC [PSYoungGen: 191639K->1400K(230464K)] 531049K->340866K(917440K), 0.0095630 secs] [Times: user=0.06 sys=0.01, real=0.01 secs] 
2014-07-16T15:52:43.532+0000: 1877.854: [GC [PSYoungGen: 230424K->886K(275776K)] 569890K->340432K(962752K), 0.0086270 secs] [Times: user=0.05 sys=0.01, real=0.01 secs] 
2014-07-16T15:52:44.459+0000: 1878.781: [GC [PSYoungGen: 275766K->1336K(269184K)] 615312K->340986K(956160K), 0.0050800 secs] [Times: user=0.02 sys=0.00, real=0.00 secs] 
2014-07-16T15:52:45.385+0000: 1879.706: [GC [PSYoungGen: 269176K->1658K(262720K)] 608826K->341546K(949696K), 0.0060440 secs] [Times: user=0.04 sys=0.00, real=0.01 secs] 
2014-07-16T15:52:46.308+0000: 1880.630: [GC [PSYoungGen: 262714K->1486K(256064K)] 602602K->341494K(943040K), 0.0054630 secs] [Times: user=0.03 sys=0.00, real=0.00 secs] 
2014-07-16T15:52:47.115+0000: 1881.436: [GC [PSYoungGen: 255978K->772K(249088K)] 595986K->340868K(936064K), 0.0038300 secs] [Times: user=0.02 sys=0.00, real=0.01 secs] 
2014-07-16T15:52:47.889+0000: 1882.210: [GC [PSYoungGen: 249028K->1304K(243520K)] 589124K->341496K(930496K), 0.0037840 secs] [Times: user=0.02 sys=0.00, real=0.00 secs] 
2014-07-16T15:52:48.680+0000: 1883.001: [GC [PSYoungGen: 243480K->794K(237184K)] 583672K->341050K(924160K), 0.0055920 secs] [Times: user=0.04 sys=0.00, real=0.00 secs] 
2014-07-16T15:52:49.438+0000: 1883.760: [GC [PSYoungGen: 237146K->1450K(232192K)] 577402K->341786K(919168K), 0.0035950 secs] [Times: user=0.02 sys=0.00, real=0.00 secs] 
2014-07-16T15:52:50.162+0000: 1884.483: [GC [PSYoungGen: 232154K->1350K(226688K)] 572490K->341782K(913664K), 0.0063040 secs] [Times: user=0.04 sys=0.00, real=0.00 secs] 
2014-07-16T15:52:51.029+0000: 1885.350: [GC [PSYoungGen: 226630K->868K(220928K)] 567062K->341356K(907904K), 0.0043860 secs] [Times: user=0.02 sys=0.00, real=0.01 secs] 
2014-07-16T15:52:51.773+0000: 1886.094: [GC [PSYoungGen: 220900K->1004K(216000K)] 561388K->341588K(902976K), 0.0067160 secs] [Times: user=0.05 sys=0.00, real=0.01 secs] 
2014-07-16T15:52:52.445+0000: 1886.766: [GC [PSYoungGen: 215978K->840K(211008K)] 556562K->341504K(897984K), 0.0057860 secs] [Times: user=0.04 sys=0.00, real=0.01 secs] 
2014-07-16T15:52:53.115+0000: 1887.437: [GC [PSYoungGen: 210952K->1218K(206720K)] 551616K->341938K(893696K), 0.0058660 secs] [Times: user=0.03 sys=0.00, real=0.01 secs] 
2014-07-16T15:52:53.799+0000: 1888.120: [GC [PSYoungGen: 206658K->1168K(202112K)] 547378K->341968K(889088K), 0.0061440 secs] [Times: user=0.04 sys=0.01, real=0.00 secs] 
2014-07-16T15:52:54.521+0000: 1888.842: [GC [PSYoungGen: 202064K->804K(197376K)] 542864K->341692K(884352K), 0.0045500 secs] [Times: user=0.03 sys=0.00, real=0.00 secs] 
2014-07-16T15:52:55.178+0000: 1889.500: [GC [PSYoungGen: 197348K->1054K(193408K)] 538236K->342006K(880384K), 0.0038660 secs] [Times: user=0.02 sys=0.01, real=0.01 secs] 
2014-07-16T15:52:55.946+0000: 1890.268: [GC [PSYoungGen: 193374K->1332K(189568K)] 534326K->342348K(876544K), 0.0107600 secs] [Times: user=0.07 sys=0.00, real=0.01 secs] 
2014-07-16T15:52:56.548+0000: 1890.869: [GC [PSYoungGen: 189556K->1026K(227008K)] 530572K->342082K(913984K), 0.0105190 secs] [Times: user=0.06 sys=0.00, real=0.01 secs] 
2014-07-16T15:52:57.267+0000: 1891.589: [GC [PSYoungGen: 226946K->1118K(272256K)] 568002K->342238K(959232K), 0.0067170 secs] [Times: user=0.04 sys=0.00, real=0.01 secs] 
2014-07-16T15:52:58.132+0000: 1892.453: [GC [PSYoungGen: 272222K->1128K(265344K)] 613342K->342320K(952320K), 0.0072770 secs] [Times: user=0.05 sys=0.00, real=0.00 secs] 
2014-07-16T15:52:58.978+0000: 1893.299: [GC [PSYoungGen: 265320K->712K(258304K)] 606512K->341960K(945280K), 0.0037370 secs] [Times: user=0.02 sys=0.00, real=0.01 secs] 
2014-07-16T15:52:59.800+0000: 1894.121: [GC [PSYoungGen: 258248K->1008K(252160K)] 599496K->342312K(939136K), 0.0086310 secs] [Times: user=0.06 sys=0.00, real=0.01 secs] 
2014-07-16T15:53:00.640+0000: 1894.961: [GC [PSYoungGen: 252144K->1136K(246144K)] 593448K->342512K(933120K), 0.0045150 secs] [Times: user=0.02 sys=0.00, real=0.01 secs] 
2014-07-16T15:53:01.474+0000: 1895.795: [GC [PSYoungGen: 246113K->840K(239936K)] 587489K->342264K(926912K), 0.0123840 secs] [Times: user=0.08 sys=0.00, real=0.01 secs] 
2014-07-16T15:53:02.270+0000: 1896.592: [GC [PSYoungGen: 239880K->1168K(288064K)] 581304K->342688K(975040K), 0.0092610 secs] [Times: user=0.06 sys=0.00, real=0.00 secs] 
2014-07-16T15:53:03.219+0000: 1897.541: [GC [PSYoungGen: 288016K->1400K(280704K)] 629536K->342984K(967680K), 0.0057130 secs] [Times: user=0.03 sys=0.00, real=0.01 secs] 
2014-07-16T15:53:04.159+0000: 1898.480: [GC [PSYoungGen: 280696K->620K(272704K)] 622280K->343394K(959680K), 0.0084770 secs] [Times: user=0.06 sys=0.01, real=0.01 secs] 
2014-07-16T15:53:05.064+0000: 1899.385: [GC [PSYoungGen: 272684K->1368K(266496K)] 615458K->344230K(953472K), 0.0063630 secs] [Times: user=0.04 sys=0.01, real=0.00 secs] 
2014-07-16T15:53:06.090+0000: 1900.411: [GC [PSYoungGen: 266456K->1322K(259712K)] 609318K->344314K(946688K), 0.0061340 secs] [Times: user=0.04 sys=0.00, real=0.01 secs] 
2014-07-16T15:53:06.977+0000: 1901.298: [GC [PSYoungGen: 259690K->1054K(252992K)] 602682K->344118K(939968K), 0.0100220 secs] [Times: user=0.06 sys=0.00, real=0.01 secs] 
2014-07-16T15:53:07.843+0000: 1902.164: [GC [PSYoungGen: 252924K->1050K(246784K)] 595988K->344170K(933760K), 0.0062050 secs] [Times: user=0.03 sys=0.00, real=0.00 secs] 
2014-07-16T15:53:08.616+0000: 1902.937: [GC [PSYoungGen: 246746K->936K(240704K)] 589866K->344152K(927680K), 0.0040160 secs] [Times: user=0.02 sys=0.01, real=0.00 secs] 
2014-07-16T15:53:09.382+0000: 1903.703: [GC [PSYoungGen: 240680K->1214K(235200K)] 583896K->344518K(922176K), 0.0090290 secs] [Times: user=0.06 sys=0.01, real=0.00 secs] 
2014-07-16T15:53:10.149+0000: 1904.470: [GC [PSYoungGen: 235198K->922K(229440K)] 578502K->344282K(916416K), 0.0098200 secs] [Times: user=0.05 sys=0.00, real=0.01 secs] 
2014-07-16T15:53:11.046+0000: 1905.367: [GC [PSYoungGen: 229378K->962K(224192K)] 572738K->344362K(911168K), 0.0054640 secs] [Times: user=0.03 sys=0.00, real=0.00 secs] 
2014-07-16T15:53:11.736+0000: 1906.057: [GC [PSYoungGen: 224130K->954K(268800K)] 567530K->344410K(955776K), 0.0109490 secs] [Times: user=0.06 sys=0.00, real=0.01 secs] 
2014-07-16T15:53:12.606+0000: 1906.928: [GC [PSYoungGen: 268794K->1000K(262080K)] 612250K->344552K(949056K), 0.0056360 secs] [Times: user=0.04 sys=0.01, real=0.01 secs] 
2014-07-16T15:53:13.469+0000: 1907.790: [GC [PSYoungGen: 262056K->858K(295040K)] 605608K->344482K(982016K), 0.0108720 secs] [Times: user=0.08 sys=0.00, real=0.01 secs] 
2014-07-16T15:53:14.469+0000: 1908.790: [GC [PSYoungGen: 294292K->1278K(286912K)] 637917K->344982K(973888K), 0.0049410 secs] [Times: user=0.02 sys=0.00, real=0.01 secs] 
2014-07-16T15:53:15.410+0000: 1909.732: [GC [PSYoungGen: 286910K->1554K(279744K)] 630614K->345338K(966720K), 0.0066340 secs] [Times: user=0.02 sys=0.00, real=0.01 secs] 
2014-07-16T15:53:16.482+0000: 1910.803: [GC [PSYoungGen: 279698K->498K(271488K)] 623482K->344953K(958464K), 0.0146400 secs] [Times: user=0.10 sys=0.00, real=0.02 secs] 
2014-07-16T15:53:17.457+0000: 1911.778: [GC [PSYoungGen: 271474K->1524K(265600K)] 615929K->346035K(952576K), 0.0040470 secs] [Times: user=0.02 sys=0.00, real=0.00 secs] 
2014-07-16T15:53:18.305+0000: 1912.626: [GC [PSYoungGen: 265564K->1290K(258752K)] 610075K->346105K(945728K), 0.0069440 secs] [Times: user=0.05 sys=0.00, real=0.00 secs] 
2014-07-16T15:53:19.198+0000: 1913.519: [GC [PSYoungGen: 258698K->854K(251904K)] 603513K->345725K(938880K), 0.0047940 secs] [Times: user=0.03 sys=0.00, real=0.00 secs] 
2014-07-16T15:53:20.030+0000: 1914.351: [GC [PSYoungGen: 251862K->996K(245888K)] 596733K->345955K(932864K), 0.0062720 secs] [Times: user=0.04 sys=0.00, real=0.01 secs] 
2014-07-16T15:53:20.854+0000: 1915.175: [GC [PSYoungGen: 245860K->1272K(240192K)] 590819K->346295K(927168K), 0.0076710 secs] [Times: user=0.04 sys=0.01, real=0.00 secs] 
2014-07-16T15:53:21.681+0000: 1916.002: [GC [PSYoungGen: 240184K->1208K(234432K)] 585207K->346303K(921408K), 0.0076510 secs] [Times: user=0.05 sys=0.00, real=0.01 secs] 
2014-07-16T15:53:22.498+0000: 1916.819: [GC [PSYoungGen: 234424K->1222K(228992K)] 579519K->346373K(915968K), 0.0070520 secs] [Times: user=0.05 sys=0.00, real=0.01 secs] 
2014-07-16T15:53:23.244+0000: 1917.565: [GC [PSYoungGen: 228934K->694K(223104K)] 574085K->345917K(910080K), 0.0048320 secs] [Times: user=0.03 sys=0.00, real=0.01 secs] 
2014-07-16T15:53:23.948+0000: 1918.270: [GC [PSYoungGen: 223094K->658K(217984K)] 568317K->345969K(904960K), 0.0064970 secs] [Times: user=0.04 sys=0.00, real=0.01 secs] 
2014-07-16T15:53:24.730+0000: 1919.052: [GC [PSYoungGen: 217919K->1176K(213568K)] 563231K->346543K(900544K), 0.0082750 secs] [Times: user=0.05 sys=0.00, real=0.01 secs] 
2014-07-16T15:53:25.417+0000: 1919.739: [GC [PSYoungGen: 213475K->1022K(208640K)] 558842K->346461K(895616K), 0.0066070 secs] [Times: user=0.03 sys=0.00, real=0.01 secs] 
2014-07-16T15:53:26.207+0000: 1920.528: [GC [PSYoungGen: 208638K->1178K(204224K)] 554077K->346681K(891200K), 0.0059770 secs] [Times: user=0.04 sys=0.01, real=0.00 secs] 
2014-07-16T15:53:26.831+0000: 1921.152: [GC [PSYoungGen: 204182K->1054K(199680K)] 549686K->346637K(886656K), 0.0072760 secs] [Times: user=0.04 sys=0.01, real=0.01 secs] 
2014-07-16T15:53:27.581+0000: 1921.902: [GC [PSYoungGen: 199622K->1068K(195392K)] 545205K->347009K(882368K), 0.0072400 secs] [Times: user=0.04 sys=0.00, real=0.01 secs] 
2014-07-16T15:53:28.230+0000: 1922.551: [GC [PSYoungGen: 195372K->1482K(191680K)] 541313K->347520K(878656K), 0.0077000 secs] [Times: user=0.05 sys=0.01, real=0.01 secs] 
2014-07-16T15:53:28.856+0000: 1923.177: [GC [PSYoungGen: 191626K->766K(228992K)] 537664K->347183K(915968K), 0.0097610 secs] [Times: user=0.06 sys=0.00, real=0.01 secs] 
2014-07-16T15:53:29.626+0000: 1923.948: [GC [PSYoungGen: 228990K->1220K(275200K)] 575407K->347717K(962176K), 0.0093580 secs] [Times: user=0.06 sys=0.00, real=0.01 secs] 
2014-07-16T15:53:30.512+0000: 1924.833: [GC [PSYoungGen: 275140K->1068K(303360K)] 621637K->347703K(990336K), 0.0092230 secs] [Times: user=0.06 sys=0.00, real=0.01 secs] 
2014-07-16T15:53:31.537+0000: 1925.858: [GC [PSYoungGen: 302952K->1350K(295168K)] 649588K->348041K(982144K), 0.0046970 secs] [Times: user=0.01 sys=0.00, real=0.00 secs] 
2014-07-16T15:53:32.518+0000: 1926.840: [GC [PSYoungGen: 295110K->320K(286272K)] 641801K->347756K(973248K), 0.0080930 secs] [Times: user=0.05 sys=0.01, real=0.01 secs] 
2014-07-16T15:53:33.414+0000: 1927.736: [GC [PSYoungGen: 286272K->1214K(279680K)] 633708K->348722K(966656K), 0.0056210 secs] [Times: user=0.04 sys=0.00, real=0.01 secs] 
2014-07-16T15:53:34.353+0000: 1928.674: [GC [PSYoungGen: 279662K->1074K(272384K)] 627170K->349010K(959360K), 0.0055600 secs] [Times: user=0.03 sys=0.00, real=0.01 secs] 
2014-07-16T15:53:35.283+0000: 1929.604: [GC [PSYoungGen: 272370K->1538K(265984K)] 620306K->349554K(952960K), 0.0060840 secs] [Times: user=0.04 sys=0.01, real=0.01 secs] 
2014-07-16T15:53:36.330+0000: 1930.651: [GC [PSYoungGen: 265862K->562K(258304K)] 613879K->349173K(945280K), 0.0098600 secs] [Times: user=0.05 sys=0.00, real=0.01 secs] 
2014-07-16T15:53:37.118+0000: 1931.440: [GC [PSYoungGen: 258290K->1500K(252864K)] 606901K->350167K(939840K), 0.0063970 secs] [Times: user=0.04 sys=0.00, real=0.00 secs] 
2014-07-16T15:53:37.974+0000: 1932.296: [GC [PSYoungGen: 252828K->1068K(246272K)] 601495K->350377K(933248K), 0.0096310 secs] [Times: user=0.05 sys=0.00, real=0.01 secs] 
2014-07-16T15:53:38.818+0000: 1933.139: [GC [PSYoungGen: 246233K->1250K(240512K)] 595542K->350663K(927488K), 0.0065190 secs] [Times: user=0.03 sys=0.01, real=0.00 secs] 
2014-07-16T15:53:39.597+0000: 1933.918: [GC [PSYoungGen: 240482K->1136K(234688K)] 589895K->350653K(921664K), 0.0097490 secs] [Times: user=0.06 sys=0.00, real=0.01 secs] 
2014-07-16T15:53:40.351+0000: 1934.673: [GC [PSYoungGen: 234672K->908K(228992K)] 584189K->350505K(915968K), 0.0054610 secs] [Times: user=0.04 sys=0.00, real=0.01 secs] 
2014-07-16T15:53:41.100+0000: 1935.422: [GC [PSYoungGen: 228940K->1266K(224000K)] 578537K->350991K(910976K), 0.0064870 secs] [Times: user=0.04 sys=0.00, real=0.01 secs] 
2014-07-16T15:53:41.932+0000: 1936.253: [GC [PSYoungGen: 223986K->1032K(218688K)] 573711K->350845K(905664K), 0.0052680 secs] [Times: user=0.03 sys=0.00, real=0.01 secs] 
2014-07-16T15:53:42.680+0000: 1937.001: [GC [PSYoungGen: 218597K->826K(213504K)] 568411K->350753K(900480K), 0.0069260 secs] [Times: user=0.04 sys=0.00, real=0.00 secs] 
2014-07-16T15:53:43.385+0000: 1937.707: [GC [PSYoungGen: 213498K->1482K(209408K)] 563425K->351481K(896384K), 0.0086570 secs] [Times: user=0.05 sys=0.00, real=0.01 secs] 
2014-07-16T15:53:44.102+0000: 1938.423: [GC [PSYoungGen: 209354K->794K(204096K)] 559353K->350841K(891072K), 0.0048570 secs] [Times: user=0.02 sys=0.00, real=0.01 secs] 
2014-07-16T15:53:44.761+0000: 1939.083: [GC [PSYoungGen: 204054K->754K(199552K)] 554102K->350881K(886528K), 0.0071410 secs] [Times: user=0.04 sys=0.00, real=0.01 secs] 
2014-07-16T15:53:45.429+0000: 1939.750: [GC [PSYoungGen: 199538K->1328K(195840K)] 549665K->351567K(882816K), 0.0050470 secs] [Times: user=0.03 sys=0.00, real=0.00 secs] 
2014-07-16T15:53:46.097+0000: 1940.419: [GC [PSYoungGen: 195824K->1068K(191424K)] 546063K->351379K(878400K), 0.0084830 secs] [Times: user=0.05 sys=0.00, real=0.00 secs] 
2014-07-16T15:53:46.851+0000: 1941.173: [GC [PSYoungGen: 191366K->986K(187328K)] 541678K->351353K(874304K), 0.0045690 secs] [Times: user=0.02 sys=0.00, real=0.00 secs] 
2014-07-16T15:53:47.511+0000: 1941.833: [GC [PSYoungGen: 187290K->1022K(183424K)] 537657K->351445K(870400K), 0.0054880 secs] [Times: user=0.02 sys=0.01, real=0.00 secs] 
2014-07-16T15:53:48.103+0000: 1942.424: [GC [PSYoungGen: 183420K->1304K(220224K)] 533844K->351767K(907200K), 0.0109000 secs] [Times: user=0.05 sys=0.00, real=0.01 secs] 
2014-07-16T15:53:48.844+0000: 1943.166: [GC [PSYoungGen: 220116K->1072K(263744K)] 570580K->351607K(950720K), 0.0098600 secs] [Times: user=0.07 sys=0.00, real=0.01 secs] 
2014-07-16T15:53:49.697+0000: 1944.019: [GC [PSYoungGen: 263728K->626K(289920K)] 614263K->351217K(976896K), 0.0058920 secs] [Times: user=0.04 sys=0.00, real=0.01 secs] 
2014-07-16T15:53:50.620+0000: 1944.942: [GC [PSYoungGen: 289584K->626K(281984K)] 640175K->351273K(968960K), 0.0061910 secs] [Times: user=0.04 sys=0.00, real=0.00 secs] 
2014-07-16T15:53:51.642+0000: 1945.964: [GC [PSYoungGen: 281970K->1008K(275072K)] 632617K->351719K(962048K), 0.0063790 secs] [Times: user=0.04 sys=0.00, real=0.01 secs] 
2014-07-16T15:53:52.489+0000: 1946.810: [GC [PSYoungGen: 274982K->1310K(268352K)] 625693K->352077K(955328K), 0.0052090 secs] [Times: user=0.02 sys=0.01, real=0.00 secs] 
2014-07-16T15:53:53.346+0000: 1947.668: [GC [PSYoungGen: 268318K->894K(261120K)] 619085K->351877K(948096K), 0.0070680 secs] [Times: user=0.04 sys=0.00, real=0.01 secs] 
2014-07-16T15:53:54.162+0000: 1948.484: [GC [PSYoungGen: 261118K->1622K(255360K)] 612101K->352701K(942336K), 0.0058420 secs] [Times: user=0.04 sys=0.00, real=0.01 secs] 
2014-07-16T15:53:54.989+0000: 1949.310: [GC [PSYoungGen: 255262K->818K(248256K)] 606341K->352329K(935232K), 0.0060080 secs] [Times: user=0.04 sys=0.00, real=0.00 secs] 
2014-07-16T15:53:55.820+0000: 1950.142: [GC [PSYoungGen: 248242K->986K(242432K)] 599753K->352545K(929408K), 0.0073030 secs] [Times: user=0.05 sys=0.00, real=0.00 secs] 
2014-07-16T15:53:56.748+0000: 1951.069: [GC [PSYoungGen: 242371K->1700K(237312K)] 593931K->353495K(924288K), 0.0066960 secs] [Times: user=0.04 sys=0.00, real=0.01 secs] 
2014-07-16T15:53:57.577+0000: 1951.899: [GC [PSYoungGen: 237284K->904K(230976K)] 589079K->352771K(917952K), 0.0090900 secs] [Times: user=0.04 sys=0.00, real=0.01 secs] 
2014-07-16T15:53:58.342+0000: 1952.664: [GC [PSYoungGen: 230920K->1314K(225984K)] 582787K->353269K(912960K), 0.0040470 secs] [Times: user=0.02 sys=0.00, real=0.00 secs] 
2014-07-16T15:53:59.112+0000: 1953.434: [GC [PSYoungGen: 225954K->968K(220480K)] 577909K->352995K(907456K), 0.0087690 secs] [Times: user=0.05 sys=0.00, real=0.01 secs] 
2014-07-16T15:53:59.874+0000: 1954.195: [GC [PSYoungGen: 220424K->1658K(216128K)] 572451K->353789K(903104K), 0.0070220 secs] [Times: user=0.04 sys=0.00, real=0.01 secs] 
2014-07-16T15:54:00.628+0000: 1954.949: [GC [PSYoungGen: 216122K->1328K(210944K)] 568253K->353547K(897920K), 0.0037790 secs] [Times: user=0.02 sys=0.00, real=0.01 secs] 
2014-07-16T15:54:01.307+0000: 1955.629: [GC [PSYoungGen: 210928K->1122K(206080K)] 563147K->353421K(893056K), 0.0067640 secs] [Times: user=0.05 sys=0.00, real=0.01 secs] 
2014-07-16T15:54:02.038+0000: 1956.359: [GC [PSYoungGen: 206050K->1214K(201664K)] 558349K->353569K(888640K), 0.0067150 secs] [Times: user=0.03 sys=0.00, real=0.01 secs] 
2014-07-16T15:54:02.673+0000: 1956.994: [GC [PSYoungGen: 201662K->944K(197056K)] 554017K->353347K(884032K), 0.0052460 secs] [Times: user=0.02 sys=0.00, real=0.00 secs] 
2014-07-16T15:54:03.325+0000: 1957.647: [GC [PSYoungGen: 197040K->1450K(193344K)] 549443K->353909K(880320K), 0.0045410 secs] [Times: user=0.02 sys=0.00, real=0.00 secs] 
2014-07-16T15:54:03.936+0000: 1958.257: [GC [PSYoungGen: 193322K->576K(188416K)] 545781K->353107K(875392K), 0.0088760 secs] [Times: user=0.04 sys=0.01, real=0.01 secs] 
2014-07-16T15:54:04.556+0000: 1958.878: [GC [PSYoungGen: 188416K->918K(184896K)] 540947K->353537K(871872K), 0.0050510 secs] [Times: user=0.03 sys=0.00, real=0.01 secs] 
2014-07-16T15:54:05.178+0000: 1959.499: [GC [PSYoungGen: 184854K->1068K(181248K)] 537473K->353783K(868224K), 0.0082330 secs] [Times: user=0.06 sys=0.00, real=0.01 secs] 
2014-07-16T15:54:05.782+0000: 1960.103: [GC [PSYoungGen: 181228K->1000K(177536K)] 533943K->353787K(864512K), 0.0054670 secs] [Times: user=0.03 sys=0.00, real=0.00 secs] 
2014-07-16T15:54:06.387+0000: 1960.708: [GC [PSYoungGen: 177512K->1254K(174208K)] 530299K->354113K(861184K), 0.0070080 secs] [Times: user=0.05 sys=0.00, real=0.01 secs] 
2014-07-16T15:54:07.028+0000: 1961.350: [GC [PSYoungGen: 174182K->1264K(170752K)] 527041K->354203K(857728K), 0.0065610 secs] [Times: user=0.04 sys=0.00, real=0.01 secs] 
2014-07-16T15:54:07.639+0000: 1961.961: [GC [PSYoungGen: 170736K->1086K(204480K)] 523675K->354239K(891456K), 0.0087460 secs] [Times: user=0.06 sys=0.00, real=0.01 secs] 
2014-07-16T15:54:08.333+0000: 1962.654: [GC [PSYoungGen: 204478K->1332K(245440K)] 557631K->354565K(932416K), 0.0060630 secs] [Times: user=0.04 sys=0.00, real=0.00 secs] 
2014-07-16T15:54:09.160+0000: 1963.482: [GC [PSYoungGen: 245428K->1204K(239424K)] 598661K->354517K(926400K), 0.0043980 secs] [Times: user=0.02 sys=0.01, real=0.01 secs] 
2014-07-16T15:54:09.974+0000: 1964.296: [GC [PSYoungGen: 239412K->1150K(233664K)] 592725K->354511K(920640K), 0.0042710 secs] [Times: user=0.02 sys=0.00, real=0.00 secs] 
2014-07-16T15:54:10.689+0000: 1965.010: [GC [PSYoungGen: 233661K->1136K(228160K)] 587022K->354561K(915136K), 0.0050800 secs] [Times: user=0.02 sys=0.00, real=0.01 secs] 
2014-07-16T15:54:11.474+0000: 1965.795: [GC [PSYoungGen: 228144K->1410K(223168K)] 581569K->354907K(910144K), 0.0037710 secs] [Times: user=0.02 sys=0.00, real=0.00 secs] 
2014-07-16T15:54:12.248+0000: 1966.570: [GC [PSYoungGen: 223106K->762K(217344K)] 576603K->354805K(904320K), 0.0040750 secs] [Times: user=0.02 sys=0.00, real=0.01 secs] 
2014-07-16T15:54:12.943+0000: 1967.265: [GC [PSYoungGen: 217320K->1322K(212992K)] 571364K->355445K(899968K), 0.0081860 secs] [Times: user=0.04 sys=0.00, real=0.01 secs] 
2014-07-16T15:54:13.673+0000: 1967.994: [GC [PSYoungGen: 212936K->1264K(208192K)] 567060K->355591K(895168K), 0.0063040 secs] [Times: user=0.04 sys=0.00, real=0.00 secs] 
2014-07-16T15:54:14.358+0000: 1968.679: [GC [PSYoungGen: 208176K->1222K(203648K)] 562503K->355613K(890624K), 0.0065390 secs] [Times: user=0.04 sys=0.01, real=0.01 secs] 
2014-07-16T15:54:15.017+0000: 1969.339: [GC [PSYoungGen: 203586K->958K(198912K)] 557978K->355881K(885888K), 0.0083070 secs] [Times: user=0.04 sys=0.01, real=0.01 secs] 
2014-07-16T15:54:15.662+0000: 1969.984: [GC [PSYoungGen: 198910K->872K(194560K)] 553833K->355859K(881536K), 0.0054820 secs] [Times: user=0.04 sys=0.00, real=0.00 secs] 
2014-07-16T15:54:16.290+0000: 1970.611: [GC [PSYoungGen: 194536K->818K(190400K)] 549523K->355985K(877376K), 0.0038380 secs] [Times: user=0.02 sys=0.00, real=0.01 secs] 
2014-07-16T15:54:17.030+0000: 1971.351: [GC [PSYoungGen: 190386K->1774K(187392K)] 545553K->357014K(874368K), 0.0098970 secs] [Times: user=0.06 sys=0.00, real=0.01 secs] 
2014-07-16T15:54:17.647+0000: 1971.968: [GC [PSYoungGen: 187374K->740K(223488K)] 542614K->356051K(910464K), 0.0081250 secs] [Times: user=0.06 sys=0.00, real=0.01 secs] 
2014-07-16T15:54:18.436+0000: 1972.757: [GC [PSYoungGen: 223460K->1514K(265920K)] 578771K->356898K(952896K), 0.0079580 secs] [Times: user=0.06 sys=0.00, real=0.01 secs] 
2014-07-16T15:54:19.370+0000: 1973.691: [GC [PSYoungGen: 265421K->1254K(258560K)] 620805K->356726K(945536K), 0.0062280 secs] [Times: user=0.03 sys=0.00, real=0.01 secs] 
2014-07-16T15:54:20.219+0000: 1974.540: [GC [PSYoungGen: 258534K->872K(251776K)] 614006K->356415K(938752K), 0.0035030 secs] [Times: user=0.02 sys=0.00, real=0.01 secs] 
2014-07-16T15:54:21.015+0000: 1975.337: [GC [PSYoungGen: 251752K->1040K(245824K)] 607295K->356656K(932800K), 0.0080180 secs] [Times: user=0.04 sys=0.01, real=0.01 secs] 
2014-07-16T15:54:21.828+0000: 1976.149: [GC [PSYoungGen: 245776K->690K(239488K)] 601392K->356361K(926464K), 0.0040010 secs] [Times: user=0.03 sys=0.00, real=0.00 secs] 
2014-07-16T15:54:22.670+0000: 1976.991: [GC [PSYoungGen: 239446K->1080K(265792K)] 595118K->356800K(952768K), 0.0168330 secs] [Times: user=0.11 sys=0.00, real=0.02 secs] 
2014-07-16T15:54:23.514+0000: 1977.836: [GC [PSYoungGen: 264952K->758K(265728K)] 620672K->356525K(952704K), 0.0098810 secs] [Times: user=0.05 sys=0.00, real=0.01 secs] 
2014-07-16T15:54:24.378+0000: 1978.699: [GC [PSYoungGen: 264630K->994K(258240K)] 620397K->356786K(945216K), 0.0063050 secs] [Times: user=0.02 sys=0.00, real=0.01 secs] 
2014-07-16T15:54:25.236+0000: 1979.558: [GC [PSYoungGen: 258195K->1322K(252160K)] 613987K->357210K(939136K), 0.0056420 secs] [Times: user=0.04 sys=0.00, real=0.00 secs] 
2014-07-16T15:54:26.052+0000: 1980.373: [GC [PSYoungGen: 252138K->772K(245504K)] 608026K->356707K(932480K), 0.0096590 secs] [Times: user=0.05 sys=0.00, real=0.01 secs] 
2014-07-16T15:54:26.830+0000: 1981.151: [GC [PSYoungGen: 245444K->926K(239680K)] 601379K->356917K(926656K), 0.0075920 secs] [Times: user=0.05 sys=0.00, real=0.01 secs] 
2014-07-16T15:54:27.715+0000: 1982.037: [GC [PSYoungGen: 239646K->1264K(234304K)] 595637K->357328K(921280K), 0.0044040 secs] [Times: user=0.02 sys=0.00, real=0.00 secs] 
2014-07-16T15:54:28.491+0000: 1982.813: [GC [PSYoungGen: 234268K->1506K(229056K)] 590332K->357618K(916032K), 0.0050020 secs] [Times: user=0.02 sys=0.01, real=0.01 secs] 
2014-07-16T15:54:29.275+0000: 1983.597: [GC [PSYoungGen: 229026K->702K(273728K)] 585138K->357148K(960704K), 0.0142750 secs] [Times: user=0.08 sys=0.00, real=0.01 secs] 
2014-07-16T15:54:30.333+0000: 1984.655: [GC [PSYoungGen: 273726K->1782K(267840K)] 630172K->358512K(954816K), 0.0073380 secs] [Times: user=0.04 sys=0.01, real=0.01 secs] 
2014-07-16T15:54:31.199+0000: 1985.520: [GC [PSYoungGen: 267828K->804K(260160K)] 624558K->358072K(947136K), 0.0037580 secs] [Times: user=0.02 sys=0.00, real=0.00 secs] 
2014-07-16T15:54:32.129+0000: 1986.450: [GC [PSYoungGen: 260132K->1284K(312704K)] 617400K->358616K(999680K), 0.0165090 secs] [Times: user=0.11 sys=0.00, real=0.02 secs] 
2014-07-16T15:54:33.185+0000: 1987.506: [GC [PSYoungGen: 311940K->1954K(304192K)] 669272K->359350K(991168K), 0.0090960 secs] [Times: user=0.05 sys=0.00, real=0.01 secs] 
2014-07-16T15:54:34.170+0000: 1988.491: [GC [PSYoungGen: 304162K->1150K(295232K)] 661558K->358578K(982208K), 0.0050100 secs] [Times: user=0.02 sys=0.00, real=0.01 secs] 
2014-07-16T15:54:35.127+0000: 1989.448: [GC [PSYoungGen: 295230K->840K(287168K)] 652658K->358316K(974144K), 0.0082520 secs] [Times: user=0.05 sys=0.00, real=0.01 secs] 
2014-07-16T15:54:36.063+0000: 1990.384: [GC [PSYoungGen: 287112K->1646K(280448K)] 644588K->359210K(967424K), 0.0036350 secs] [Times: user=0.02 sys=0.00, real=0.01 secs] 
2014-07-16T15:54:36.966+0000: 1991.288: [GC [PSYoungGen: 280430K->722K(309824K)] 637994K->358334K(996800K), 0.0167540 secs] [Times: user=0.10 sys=0.00, real=0.01 secs] 
2014-07-16T15:54:38.009+0000: 1992.331: [GC [PSYoungGen: 308818K->1368K(310272K)] 666430K->359060K(997248K), 0.0155050 secs] [Times: user=0.06 sys=0.00, real=0.01 secs] 
2014-07-16T15:54:39.092+0000: 1993.414: [GC [PSYoungGen: 309457K->1122K(300864K)] 667150K->358886K(987840K), 0.0057790 secs] [Times: user=0.03 sys=0.00, real=0.01 secs] 
2014-07-16T15:54:40.219+0000: 1994.541: [GC [PSYoungGen: 300834K->1200K(292928K)] 658598K->359020K(979904K), 0.0107640 secs] [Times: user=0.06 sys=0.00, real=0.01 secs] 
2014-07-16T15:54:41.255+0000: 1995.577: [GC [PSYoungGen: 292912K->990K(285056K)] 650732K->358882K(972032K), 0.0083530 secs] [Times: user=0.05 sys=0.00, real=0.00 secs] 
2014-07-16T15:54:42.309+0000: 1996.630: [GC [PSYoungGen: 285022K->1342K(277952K)] 642914K->359298K(964928K), 0.0036060 secs] [Times: user=0.02 sys=0.00, real=0.00 secs] 
2014-07-16T15:54:43.172+0000: 1997.494: [GC [PSYoungGen: 277950K->812K(270336K)] 635906K->358816K(957312K), 0.0089310 secs] [Times: user=0.06 sys=0.00, real=0.01 secs] 
2014-07-16T15:54:44.041+0000: 1998.362: [GC [PSYoungGen: 270316K->740K(263424K)] 628320K->358808K(950400K), 0.0037190 secs] [Times: user=0.02 sys=0.00, real=0.00 secs] 
2014-07-16T15:54:44.900+0000: 1999.221: [GC [PSYoungGen: 263395K->1318K(257408K)] 621463K->359450K(944384K), 0.0061620 secs] [Times: user=0.04 sys=0.00, real=0.00 secs] 
2014-07-16T15:54:45.773+0000: 2000.094: [GC [PSYoungGen: 257382K->854K(250624K)] 615514K->359066K(937600K), 0.0055050 secs] [Times: user=0.03 sys=0.00, real=0.01 secs] 
2014-07-16T15:54:46.605+0000: 2000.926: [GC [PSYoungGen: 250498K->1264K(244864K)] 608710K->359548K(931840K), 0.0078230 secs] [Times: user=0.04 sys=0.00, real=0.01 secs] 
2014-07-16T15:54:47.526+0000: 2001.847: [GC [PSYoungGen: 244837K->1128K(238848K)] 603121K->359484K(925824K), 0.0048650 secs] [Times: user=0.02 sys=0.00, real=0.01 secs] 
2014-07-16T15:54:48.258+0000: 2002.580: [GC [PSYoungGen: 238824K->1246K(233280K)] 597180K->359658K(920256K), 0.0053020 secs] [Times: user=0.02 sys=0.00, real=0.00 secs] 
2014-07-16T15:54:49.027+0000: 2003.348: [GC [PSYoungGen: 233244K->1440K(228032K)] 591656K->359924K(915008K), 0.0077320 secs] [Times: user=0.05 sys=0.00, real=0.00 secs] 
2014-07-16T15:54:49.781+0000: 2004.103: [GC [PSYoungGen: 228000K->884K(222208K)] 586484K->359912K(909184K), 0.0061290 secs] [Times: user=0.02 sys=0.00, real=0.01 secs] 
2014-07-16T15:54:50.535+0000: 2004.856: [GC [PSYoungGen: 222196K->1122K(217408K)] 581224K->360230K(904384K), 0.0036750 secs] [Times: user=0.02 sys=0.00, real=0.01 secs] 
2014-07-16T15:54:51.333+0000: 2005.654: [GC [PSYoungGen: 217337K->1140K(212480K)] 576446K->360507K(899456K), 0.0031810 secs] [Times: user=0.02 sys=0.00, real=0.00 secs] 
2014-07-16T15:54:52.098+0000: 2006.420: [GC [PSYoungGen: 212468K->1320K(207936K)] 571835K->360743K(894912K), 0.0042790 secs] [Times: user=0.01 sys=0.00, real=0.00 secs] 
2014-07-16T15:54:52.843+0000: 2007.165: [GC [PSYoungGen: 207912K->1146K(203200K)] 567335K->360723K(890176K), 0.0051880 secs] [Times: user=0.03 sys=0.00, real=0.01 secs] 
2014-07-16T15:54:53.499+0000: 2007.821: [GC [PSYoungGen: 203166K->1554K(199232K)] 562743K->361211K(886208K), 0.0046470 secs] [Times: user=0.02 sys=0.00, real=0.00 secs] 
2014-07-16T15:54:54.162+0000: 2008.483: [GC [PSYoungGen: 199186K->752K(194112K)] 558843K->360825K(881088K), 0.0102780 secs] [Times: user=0.07 sys=0.00, real=0.01 secs] 
2014-07-16T15:54:54.873+0000: 2009.195: [GC [PSYoungGen: 194096K->1760K(191040K)] 554169K->361955K(878016K), 0.0101400 secs] [Times: user=0.05 sys=0.00, real=0.01 secs] 
2014-07-16T15:54:55.456+0000: 2009.778: [GC [PSYoungGen: 191008K->608K(227776K)] 551203K->360967K(914752K), 0.0137170 secs] [Times: user=0.08 sys=0.00, real=0.02 secs] 
2014-07-16T15:54:56.193+0000: 2010.514: [GC [PSYoungGen: 227744K->1240K(273856K)] 588103K->361687K(960832K), 0.0037930 secs] [Times: user=0.02 sys=0.00, real=0.00 secs] 
2014-07-16T15:54:57.066+0000: 2011.387: [GC [PSYoungGen: 273816K->1440K(328576K)] 634263K->361935K(1015552K), 0.0107470 secs] [Times: user=0.07 sys=0.00, real=0.01 secs] 
2014-07-16T15:54:58.174+0000: 2012.496: [GC [PSYoungGen: 328544K->1522K(355840K)] 689039K->362097K(1042816K), 0.0069000 secs] [Times: user=0.05 sys=0.00, real=0.01 secs] 
2014-07-16T15:54:59.303+0000: 2013.625: [GC [PSYoungGen: 355345K->1154K(344896K)] 715920K->361809K(1031872K), 0.0070270 secs] [Times: user=0.05 sys=0.00, real=0.01 secs] 
2014-07-16T15:55:00.460+0000: 2014.781: [GC [PSYoungGen: 344834K->1154K(335104K)] 705489K->361881K(1022080K), 0.0084460 secs] [Times: user=0.05 sys=0.00, real=0.01 secs] 
2014-07-16T15:55:01.581+0000: 2015.902: [GC [PSYoungGen: 335042K->740K(325248K)] 695769K->361539K(1012224K), 0.0039810 secs] [Times: user=0.02 sys=0.00, real=0.00 secs] 
2014-07-16T15:55:02.757+0000: 2017.078: [GC [PSYoungGen: 325220K->914K(316416K)] 686019K->361825K(1003392K), 0.0063810 secs] [Times: user=0.04 sys=0.00, real=0.01 secs] 
2014-07-16T15:55:03.764+0000: 2018.086: [GC [PSYoungGen: 316337K->858K(307712K)] 677248K->361809K(994688K), 0.0130220 secs] [Times: user=0.09 sys=0.00, real=0.01 secs] 
2014-07-16T15:55:04.758+0000: 2019.079: [GC [PSYoungGen: 307674K->908K(299456K)] 668625K->361939K(986432K), 0.0048370 secs] [Times: user=0.02 sys=0.00, real=0.01 secs] 
2014-07-16T15:55:05.733+0000: 2020.054: [GC [PSYoungGen: 299404K->1368K(291904K)] 660435K->362471K(978880K), 0.0075390 secs] [Times: user=0.05 sys=0.01, real=0.01 secs] 
2014-07-16T15:55:06.664+0000: 2020.985: [GC [PSYoungGen: 291864K->1194K(284032K)] 652967K->362345K(971008K), 0.0133220 secs] [Times: user=0.09 sys=0.00, real=0.01 secs] 
2014-07-16T15:55:07.709+0000: 2022.031: [GC [PSYoungGen: 284010K->1148K(276608K)] 645161K->362517K(963584K), 0.0061830 secs] [Times: user=0.04 sys=0.00, real=0.00 secs] 
2014-07-16T15:55:08.562+0000: 2022.883: [GC [PSYoungGen: 276603K->1240K(269632K)] 637973K->362665K(956608K), 0.0095410 secs] [Times: user=0.06 sys=0.00, real=0.01 secs] 
2014-07-16T15:55:09.460+0000: 2023.782: [GC [PSYoungGen: 269592K->1058K(262656K)] 631017K->362576K(949632K), 0.0060470 secs] [Times: user=0.04 sys=0.00, real=0.00 secs] 
2014-07-16T15:55:10.344+0000: 2024.665: [GC [PSYoungGen: 262601K->754K(255808K)] 624120K->362344K(942784K), 0.0114060 secs] [Times: user=0.07 sys=0.00, real=0.01 secs] 
2014-07-16T15:55:11.155+0000: 2025.477: [GC [PSYoungGen: 255794K->836K(306944K)] 617384K->362466K(993920K), 0.0208310 secs] [Times: user=0.10 sys=0.00, real=0.02 secs] 
2014-07-16T15:55:12.168+0000: 2026.490: [GC [PSYoungGen: 306884K->1040K(368384K)] 668514K->362734K(1055360K), 0.0088020 secs] [Times: user=0.05 sys=0.00, real=0.01 secs] 
2014-07-16T15:55:13.548+0000: 2027.869: [GC [PSYoungGen: 368336K->1648K(383552K)] 730030K->363438K(1070528K), 0.0068690 secs] [Times: user=0.04 sys=0.00, real=0.01 secs] 
2014-07-16T15:55:14.806+0000: 2029.128: [GC [PSYoungGen: 383536K->914K(371456K)] 745326K->362792K(1058432K), 0.0045320 secs] [Times: user=0.02 sys=0.00, real=0.01 secs] 
2014-07-16T15:55:16.013+0000: 2030.335: [GC [PSYoungGen: 371410K->1018K(360640K)] 733288K->363050K(1047616K), 0.0096680 secs] [Times: user=0.07 sys=0.00, real=0.01 secs] 
2014-07-16T15:55:17.146+0000: 2031.467: [GC [PSYoungGen: 360596K->876K(350080K)] 722629K->362964K(1037056K), 0.0073790 secs] [Times: user=0.04 sys=0.00, real=0.01 secs] 
2014-07-16T15:55:18.341+0000: 2032.662: [GC [PSYoungGen: 350060K->972K(340224K)] 712148K->363116K(1027200K), 0.0080090 secs] [Times: user=0.05 sys=0.00, real=0.01 secs] 
2014-07-16T15:55:19.487+0000: 2033.809: [GC [PSYoungGen: 340172K->1336K(330944K)] 702316K->363536K(1017920K), 0.0074460 secs] [Times: user=0.05 sys=0.01, real=0.01 secs] 
2014-07-16T15:55:20.600+0000: 2034.921: [GC [PSYoungGen: 330935K->932K(321344K)] 693136K->363204K(1008320K), 0.0061950 secs] [Times: user=0.04 sys=0.00, real=0.01 secs] 
2014-07-16T15:55:21.718+0000: 2036.039: [GC [PSYoungGen: 321316K->1514K(313088K)] 683588K->363866K(1000064K), 0.0047640 secs] [Times: user=0.03 sys=0.00, real=0.01 secs] 
2014-07-16T15:55:22.882+0000: 2037.204: [GC [PSYoungGen: 313027K->1000K(304064K)] 675380K->363674K(991040K), 0.0056090 secs] [Times: user=0.03 sys=0.00, real=0.00 secs] 
2014-07-16T15:55:23.908+0000: 2038.230: [GC [PSYoungGen: 304040K->1632K(296576K)] 666714K->364402K(983552K), 0.0098190 secs] [Times: user=0.06 sys=0.00, real=0.01 secs] 
2014-07-16T15:55:24.910+0000: 2039.231: [GC [PSYoungGen: 296544K->1086K(288192K)] 659314K->364060K(975168K), 0.0070920 secs] [Times: user=0.05 sys=0.00, real=0.01 secs] 
2014-07-16T15:55:25.908+0000: 2040.230: [GC [PSYoungGen: 288190K->1254K(280832K)] 651164K->364300K(967808K), 0.0042760 secs] [Times: user=0.02 sys=0.00, real=0.01 secs] 
2014-07-16T15:55:26.864+0000: 2041.185: [GC [PSYoungGen: 280806K->1422K(273792K)] 643852K->364532K(960768K), 0.0063300 secs] [Times: user=0.04 sys=0.00, real=0.00 secs] 
2014-07-16T15:55:27.738+0000: 2042.060: [GC [PSYoungGen: 273742K->894K(327680K)] 636852K->364036K(1014656K), 0.0244450 secs] [Times: user=0.16 sys=0.00, real=0.03 secs] 
2014-07-16T15:55:28.845+0000: 2043.166: [GC [PSYoungGen: 327678K->1232K(318976K)] 690820K->364478K(1005952K), 0.0044960 secs] [Times: user=0.03 sys=0.00, real=0.00 secs] 
2014-07-16T15:55:29.855+0000: 2044.176: [GC [PSYoungGen: 318928K->1596K(310528K)] 682174K->364906K(997504K), 0.0044620 secs] [Times: user=0.03 sys=0.00, real=0.00 secs] 
2014-07-16T15:55:30.920+0000: 2045.241: [GC [PSYoungGen: 310524K->744K(301312K)] 673834K->364296K(988288K), 0.0065720 secs] [Times: user=0.04 sys=0.00, real=0.01 secs] 
2014-07-16T15:55:31.925+0000: 2046.246: [GC [PSYoungGen: 301288K->1154K(293696K)] 664840K->364762K(980672K), 0.0037900 secs] [Times: user=0.02 sys=0.00, real=0.00 secs] 
2014-07-16T15:55:33.069+0000: 2047.391: [GC [PSYoungGen: 293634K->1684K(286464K)] 657242K->365372K(973440K), 0.0056500 secs] [Times: user=0.04 sys=0.00, real=0.01 secs] 
2014-07-16T15:55:34.175+0000: 2048.497: [GC [PSYoungGen: 286420K->1714K(279040K)] 650108K->365474K(966016K), 0.0080890 secs] [Times: user=0.05 sys=0.00, real=0.01 secs] 
2014-07-16T15:55:35.060+0000: 2049.381: [GC [PSYoungGen: 279026K->420K(270592K)] 642786K->364886K(957568K), 0.0070280 secs] [Times: user=0.04 sys=0.00, real=0.01 secs] 
2014-07-16T15:55:35.908+0000: 2050.229: [GC [PSYoungGen: 270564K->1550K(264832K)] 635030K->366088K(951808K), 0.0056760 secs] [Times: user=0.02 sys=0.01, real=0.00 secs] 
2014-07-16T15:55:36.736+0000: 2051.058: [GC [PSYoungGen: 264782K->1144K(257792K)] 629320K->365828K(944768K), 0.0099740 secs] [Times: user=0.06 sys=0.00, real=0.01 secs] 
2014-07-16T15:55:37.572+0000: 2051.893: [GC [PSYoungGen: 257784K->644K(250944K)] 622468K->365376K(937920K), 0.0043760 secs] [Times: user=0.02 sys=0.00, real=0.01 secs] 
2014-07-16T15:55:38.448+0000: 2052.770: [GC [PSYoungGen: 250884K->1464K(245568K)] 615616K->366276K(932544K), 0.0098610 secs] [Times: user=0.06 sys=0.00, real=0.01 secs] 
2014-07-16T15:55:39.228+0000: 2053.550: [GC [PSYoungGen: 245560K->1158K(239424K)] 610372K->366018K(926400K), 0.0035030 secs] [Times: user=0.02 sys=0.00, real=0.00 secs] 
2014-07-16T15:55:40.065+0000: 2054.387: [GC [PSYoungGen: 239366K->1028K(233600K)] 604226K->365952K(920576K), 0.0075590 secs] [Times: user=0.06 sys=0.00, real=0.00 secs] 
2014-07-16T15:55:40.799+0000: 2055.120: [GC [PSYoungGen: 233540K->904K(227968K)] 598464K->365884K(914944K), 0.0090210 secs] [Times: user=0.06 sys=0.00, real=0.01 secs] 
2014-07-16T15:55:41.569+0000: 2055.890: [GC [PSYoungGen: 227887K->740K(222464K)] 592868K->365792K(909440K), 0.0037140 secs] [Times: user=0.02 sys=0.00, real=0.00 secs] 
2014-07-16T15:55:42.272+0000: 2056.594: [GC [PSYoungGen: 222414K->808K(217408K)] 587467K->365964K(904384K), 0.0037860 secs] [Times: user=0.02 sys=0.00, real=0.01 secs] 
2014-07-16T15:55:42.997+0000: 2057.318: [GC [PSYoungGen: 217384K->840K(212544K)] 582540K->366060K(899520K), 0.0094660 secs] [Times: user=0.06 sys=0.00, real=0.01 secs] 
2014-07-16T15:55:43.763+0000: 2058.084: [GC [PSYoungGen: 212459K->940K(207872K)] 577679K->366200K(894848K), 0.0095150 secs] [Times: user=0.05 sys=0.00, real=0.01 secs] 
2014-07-16T15:55:44.467+0000: 2058.789: [GC [PSYoungGen: 207852K->1358K(203776K)] 573112K->366674K(890752K), 0.0049400 secs] [Times: user=0.02 sys=0.01, real=0.00 secs] 
2014-07-16T15:55:45.189+0000: 2059.510: [GC [PSYoungGen: 203726K->976K(198976K)] 569042K->366340K(885952K), 0.0040260 secs] [Times: user=0.02 sys=0.00, real=0.00 secs] 
2014-07-16T15:55:45.834+0000: 2060.156: [GC [PSYoungGen: 198928K->1136K(194816K)] 564292K->366556K(881792K), 0.0102050 secs] [Times: user=0.07 sys=0.00, real=0.01 secs] 
2014-07-16T15:55:46.475+0000: 2060.797: [GC [PSYoungGen: 194760K->1304K(233792K)] 560181K->366788K(920768K), 0.0083470 secs] [Times: user=0.05 sys=0.01, real=0.00 secs] 
2014-07-16T15:55:47.262+0000: 2061.583: [GC [PSYoungGen: 233752K->1104K(280128K)] 599236K->366660K(967104K), 0.0083730 secs] [Times: user=0.05 sys=0.00, real=0.01 secs] 
2014-07-16T15:55:48.279+0000: 2062.600: [GC [PSYoungGen: 280080K->1696K(273472K)] 645636K->367316K(960448K), 0.0036110 secs] [Times: user=0.02 sys=0.00, real=0.00 secs] 
2014-07-16T15:55:49.128+0000: 2063.450: [GC [PSYoungGen: 273440K->626K(265472K)] 639060K->366422K(952448K), 0.0061060 secs] [Times: user=0.04 sys=0.00, real=0.00 secs] 
2014-07-16T15:55:50.008+0000: 2064.329: [GC [PSYoungGen: 265458K->1036K(259264K)] 631254K->366888K(946240K), 0.0081880 secs] [Times: user=0.06 sys=0.00, real=0.01 secs] 
2014-07-16T15:55:50.833+0000: 2065.154: [GC [PSYoungGen: 259212K->1590K(311424K)] 625064K->367514K(998400K), 0.0131950 secs] [Times: user=0.08 sys=0.00, real=0.01 secs] 
2014-07-16T15:55:51.864+0000: 2066.186: [GC [PSYoungGen: 311336K->1318K(356672K)] 677261K->367306K(1043648K), 0.0150910 secs] [Times: user=0.08 sys=0.00, real=0.02 secs] 
2014-07-16T15:55:53.016+0000: 2067.337: [GC [PSYoungGen: 356030K->1100K(373824K)] 722018K->367128K(1060800K), 0.0097100 secs] [Times: user=0.06 sys=0.01, real=0.00 secs] 
2014-07-16T15:55:54.388+0000: 2068.710: [GC [PSYoungGen: 373004K->1014K(361984K)] 739032K->367106K(1048960K), 0.0069530 secs] [Times: user=0.05 sys=0.00, real=0.00 secs] 
2014-07-16T15:55:55.639+0000: 2069.961: [GC [PSYoungGen: 361974K->880K(351360K)] 728066K->367636K(1038336K), 0.0077390 secs] [Times: user=0.05 sys=0.00, real=0.01 secs] 
2014-07-16T15:55:56.786+0000: 2071.108: [GC [PSYoungGen: 351344K->1214K(341632K)] 718100K->368042K(1028608K), 0.0055800 secs] [Times: user=0.02 sys=0.01, real=0.01 secs] 
2014-07-16T15:55:57.920+0000: 2072.242: [GC [PSYoungGen: 341613K->912K(331712K)] 708442K->367997K(1018688K), 0.0094070 secs] [Times: user=0.05 sys=0.01, real=0.01 secs] 
2014-07-16T15:55:59.093+0000: 2073.414: [GC [PSYoungGen: 331629K->1228K(322752K)] 698714K->368384K(1009728K), 0.0047380 secs] [Times: user=0.03 sys=0.00, real=0.01 secs] 
2014-07-16T15:56:00.186+0000: 2074.508: [GC [PSYoungGen: 322700K->854K(313472K)] 689856K->368066K(1000448K), 0.0089000 secs] [Times: user=0.05 sys=0.00, real=0.01 secs] 
2014-07-16T15:56:01.206+0000: 2075.528: [GC [PSYoungGen: 313430K->1272K(305344K)] 680642K->368557K(992320K), 0.0047900 secs] [Times: user=0.03 sys=0.00, real=0.01 secs] 
2014-07-16T15:56:02.175+0000: 2076.496: [GC [PSYoungGen: 305336K->480K(296384K)] 672621K->367828K(983360K), 0.0033290 secs] [Times: user=0.02 sys=0.00, real=0.01 secs] 
2014-07-16T15:56:03.161+0000: 2077.483: [GC [PSYoungGen: 296331K->1342K(289344K)] 663680K->368762K(976320K), 0.0049840 secs] [Times: user=0.02 sys=0.00, real=0.00 secs] 
2014-07-16T15:56:04.208+0000: 2078.530: [GC [PSYoungGen: 289342K->1064K(281536K)] 656762K->368548K(968512K), 0.0068600 secs] [Times: user=0.04 sys=0.00, real=0.00 secs] 
2014-07-16T15:56:05.176+0000: 2079.497: [GC [PSYoungGen: 281500K->1036K(274240K)] 648984K->368609K(961216K), 0.0085540 secs] [Times: user=0.06 sys=0.00, real=0.01 secs] 
2014-07-16T15:56:06.150+0000: 2080.471: [GC [PSYoungGen: 274188K->1454K(267648K)] 641761K->369179K(954624K), 0.0109510 secs] [Times: user=0.06 sys=0.00, real=0.01 secs] 
2014-07-16T15:56:06.992+0000: 2081.313: [GC [PSYoungGen: 267630K->876K(260352K)] 635355K->368640K(947328K), 0.0077870 secs] [Times: user=0.05 sys=0.00, real=0.01 secs] 
2014-07-16T15:56:07.841+0000: 2082.162: [GC [PSYoungGen: 260332K->1004K(254016K)] 628096K->368872K(940992K), 0.0053760 secs] [Times: user=0.04 sys=0.00, real=0.00 secs] 
2014-07-16T15:56:08.760+0000: 2083.081: [GC [PSYoungGen: 253996K->1214K(248000K)] 621864K->369155K(934976K), 0.0045430 secs] [Times: user=0.03 sys=0.00, real=0.00 secs] 
2014-07-16T15:56:09.550+0000: 2083.872: [GC [PSYoungGen: 247998K->800K(241600K)] 615939K->368804K(928576K), 0.0096590 secs] [Times: user=0.05 sys=0.00, real=0.01 secs] 
2014-07-16T15:56:10.363+0000: 2084.684: [GC [PSYoungGen: 241533K->1214K(236224K)] 609538K->369283K(923200K), 0.0040170 secs] [Times: user=0.02 sys=0.00, real=0.00 secs] 
2014-07-16T15:56:11.112+0000: 2085.434: [GC [PSYoungGen: 236222K->1122K(230592K)] 604291K->369247K(917568K), 0.0038620 secs] [Times: user=0.03 sys=0.00, real=0.00 secs] 
2014-07-16T15:56:11.861+0000: 2086.182: [GC [PSYoungGen: 230562K->1322K(225408K)] 598687K->369559K(912384K), 0.0064200 secs] [Times: user=0.04 sys=0.00, real=0.00 secs] 
2014-07-16T15:56:12.619+0000: 2086.941: [GC [PSYoungGen: 225364K->872K(219776K)] 593600K->369220K(906752K), 0.0072520 secs] [Times: user=0.05 sys=0.00, real=0.00 secs] 
2014-07-16T15:56:13.342+0000: 2087.663: [GC [PSYoungGen: 219752K->1232K(215168K)] 588100K->369629K(902144K), 0.0056600 secs] [Times: user=0.02 sys=0.00, real=0.00 secs] 
2014-07-16T15:56:14.100+0000: 2088.421: [GC [PSYoungGen: 215120K->1190K(210304K)] 583517K->369815K(897280K), 0.0061310 secs] [Times: user=0.04 sys=0.00, real=0.01 secs] 
2014-07-16T15:56:14.783+0000: 2089.104: [GC [PSYoungGen: 210278K->922K(205376K)] 578903K->369619K(892352K), 0.0078790 secs] [Times: user=0.05 sys=0.00, real=0.01 secs] 
2014-07-16T15:56:15.509+0000: 2089.830: [GC [PSYoungGen: 205338K->1190K(201152K)] 574035K->369959K(888128K), 0.0059380 secs] [Times: user=0.04 sys=0.00, real=0.01 secs] 
2014-07-16T15:56:16.184+0000: 2090.505: [GC [PSYoungGen: 201083K->1458K(197056K)] 569852K->370283K(884032K), 0.0059610 secs] [Times: user=0.03 sys=0.00, real=0.00 secs] 
2014-07-16T15:56:16.882+0000: 2091.203: [GC [PSYoungGen: 197042K->702K(192128K)] 565867K->370299K(879104K), 0.0074260 secs] [Times: user=0.05 sys=0.00, real=0.00 secs] 
2014-07-16T15:56:17.504+0000: 2091.825: [GC [PSYoungGen: 192126K->1140K(188544K)] 561723K->370809K(875520K), 0.0056430 secs] [Times: user=0.04 sys=0.00, real=0.00 secs] 
2014-07-16T15:56:18.140+0000: 2092.461: [GC [PSYoungGen: 188532K->1044K(225984K)] 558201K->371035K(912960K), 0.0135970 secs] [Times: user=0.08 sys=0.00, real=0.02 secs] 
2014-07-16T15:56:18.987+0000: 2093.308: [GC [PSYoungGen: 225938K->1568K(271488K)] 595929K->371639K(958464K), 0.0058740 secs] [Times: user=0.04 sys=0.00, real=0.01 secs] 
2014-07-16T15:56:19.898+0000: 2094.219: [GC [PSYoungGen: 271456K->830K(324736K)] 641527K->371079K(1011712K), 0.0096400 secs] [Times: user=0.06 sys=0.00, real=0.01 secs] 
2014-07-16T15:56:21.005+0000: 2095.326: [GC [PSYoungGen: 324734K->1650K(316608K)] 694983K->371955K(1003584K), 0.0078140 secs] [Times: user=0.05 sys=0.00, real=0.01 secs] 
2014-07-16T15:56:22.089+0000: 2096.410: [GC [PSYoungGen: 316594K->1078K(307392K)] 686899K->371505K(994368K), 0.0077730 secs] [Times: user=0.05 sys=0.00, real=0.01 secs] 
2014-07-16T15:56:23.119+0000: 2097.440: [GC [PSYoungGen: 307364K->1344K(299456K)] 677791K->371827K(986432K), 0.0077820 secs] [Times: user=0.04 sys=0.00, real=0.01 secs] 
2014-07-16T15:56:24.228+0000: 2098.550: [GC [PSYoungGen: 299355K->1036K(291200K)] 669838K->371583K(978176K), 0.0113290 secs] [Times: user=0.06 sys=0.00, real=0.01 secs] 
2014-07-16T15:56:25.165+0000: 2099.486: [GC [PSYoungGen: 291148K->1076K(283520K)] 661695K->371687K(970496K), 0.0094580 secs] [Times: user=0.06 sys=0.00, real=0.01 secs] 
2014-07-16T15:56:26.150+0000: 2100.471: [GC [PSYoungGen: 283508K->1582K(276672K)] 654119K->372361K(963648K), 0.0104020 secs] [Times: user=0.05 sys=0.00, real=0.01 secs] 
2014-07-16T15:56:27.058+0000: 2101.380: [GC [PSYoungGen: 276654K->1022K(269056K)] 647433K->371873K(956032K), 0.0044320 secs] [Times: user=0.03 sys=0.00, real=0.01 secs] 
2014-07-16T15:56:27.907+0000: 2102.228: [GC [PSYoungGen: 269054K->994K(262272K)] 639905K->372001K(949248K), 0.0082240 secs] [Times: user=0.05 sys=0.00, real=0.01 secs] 
2014-07-16T15:56:28.863+0000: 2103.184: [GC [PSYoungGen: 262242K->914K(255680K)] 633249K->371985K(942656K), 0.0060660 secs] [Times: user=0.03 sys=0.00, real=0.00 secs] 
2014-07-16T15:56:29.704+0000: 2104.025: [GC [PSYoungGen: 255623K->1022K(249472K)] 626695K->372173K(936448K), 0.0064730 secs] [Times: user=0.03 sys=0.00, real=0.00 secs] 
2014-07-16T15:56:30.499+0000: 2104.820: [GC [PSYoungGen: 249470K->1386K(243776K)] 620621K->372625K(930752K), 0.0047780 secs] [Times: user=0.03 sys=0.00, real=0.01 secs] 
2014-07-16T15:56:31.335+0000: 2105.657: [GC [PSYoungGen: 243732K->1318K(237888K)] 614972K->372653K(924864K), 0.0058690 secs] [Times: user=0.03 sys=0.00, real=0.00 secs] 
2014-07-16T15:56:32.129+0000: 2106.450: [GC [PSYoungGen: 237861K->1374K(232320K)] 609197K->372781K(919296K), 0.0066150 secs] [Times: user=0.05 sys=0.00, real=0.01 secs] 
2014-07-16T15:56:32.917+0000: 2107.238: [GC [PSYoungGen: 232286K->1022K(226496K)] 603693K->372597K(913472K), 0.0065010 secs] [Times: user=0.05 sys=0.00, real=0.01 secs] 
2014-07-16T15:56:33.671+0000: 2107.993: [GC [PSYoungGen: 226491K->826K(221056K)] 598066K->372457K(908032K), 0.0044270 secs] [Times: user=0.03 sys=0.01, real=0.01 secs] 
2014-07-16T15:56:34.433+0000: 2108.755: [GC [PSYoungGen: 221050K->1422K(265792K)] 592681K->373101K(952768K), 0.0154620 secs] [Times: user=0.09 sys=0.00, real=0.01 secs] 
2014-07-16T15:56:35.333+0000: 2109.654: [GC [PSYoungGen: 265742K->1358K(259072K)] 637421K->373093K(946048K), 0.0072750 secs] [Times: user=0.04 sys=0.00, real=0.00 secs] 
2014-07-16T15:56:36.233+0000: 2110.554: [GC [PSYoungGen: 259022K->872K(252160K)] 630757K->372811K(939136K), 0.0078780 secs] [Times: user=0.05 sys=0.00, real=0.01 secs] 
2014-07-16T15:56:37.066+0000: 2111.388: [GC [PSYoungGen: 252053K->1004K(246144K)] 623993K->373031K(933120K), 0.0069370 secs] [Times: user=0.05 sys=0.01, real=0.01 secs] 
2014-07-16T15:56:37.855+0000: 2112.176: [GC [PSYoungGen: 246124K->1396K(295552K)] 618151K->373527K(982528K), 0.0120790 secs] [Times: user=0.08 sys=0.00, real=0.01 secs] 
2014-07-16T15:56:38.944+0000: 2113.266: [GC [PSYoungGen: 295540K->1202K(287552K)] 667671K->373421K(974528K), 0.0072020 secs] [Times: user=0.05 sys=0.01, real=0.00 secs] 
2014-07-16T15:56:39.868+0000: 2114.189: [GC [PSYoungGen: 287538K->1004K(339840K)] 659757K->373311K(1026816K), 0.0153340 secs] [Times: user=0.10 sys=0.00, real=0.02 secs] 
2014-07-16T15:56:41.090+0000: 2115.412: [GC [PSYoungGen: 339793K->826K(330048K)] 712100K->373189K(1017024K), 0.0062250 secs] [Times: user=0.04 sys=0.00, real=0.01 secs] 
2014-07-16T15:56:42.176+0000: 2116.498: [GC [PSYoungGen: 330042K->930K(320960K)] 702405K->373527K(1007936K), 0.0103280 secs] [Times: user=0.07 sys=0.00, real=0.01 secs] 
2014-07-16T15:56:43.245+0000: 2117.566: [GC [PSYoungGen: 320899K->1372K(312576K)] 693496K->374025K(999552K), 0.0107820 secs] [Times: user=0.08 sys=0.00, real=0.01 secs] 
2014-07-16T15:56:44.345+0000: 2118.667: [GC [PSYoungGen: 312540K->1012K(337984K)] 685193K->373991K(1024960K), 0.0148230 secs] [Times: user=0.09 sys=0.00, real=0.01 secs] 
2014-07-16T15:56:45.526+0000: 2119.847: [GC [PSYoungGen: 337972K->1350K(328832K)] 710951K->374433K(1015808K), 0.0086870 secs] [Times: user=0.05 sys=0.00, real=0.01 secs] 
2014-07-16T15:56:46.730+0000: 2121.051: [GC [PSYoungGen: 328774K->374K(318656K)] 701857K->374363K(1005632K), 0.0064640 secs] [Times: user=0.02 sys=0.01, real=0.01 secs] 
2014-07-16T15:56:47.776+0000: 2122.097: [GC [PSYoungGen: 318646K->1504K(311040K)] 692635K->375549K(998016K), 0.0096260 secs] [Times: user=0.07 sys=0.00, real=0.01 secs] 
2014-07-16T15:56:48.786+0000: 2123.107: [GC [PSYoungGen: 311008K->1108K(302272K)] 685053K->375805K(989248K), 0.0103450 secs] [Times: user=0.06 sys=0.00, real=0.01 secs] 
2014-07-16T15:56:49.798+0000: 2124.119: [GC [PSYoungGen: 302228K->1304K(294400K)] 676925K->376097K(981376K), 0.0067350 secs] [Times: user=0.04 sys=0.00, real=0.00 secs] 
2014-07-16T15:56:50.730+0000: 2125.052: [GC [PSYoungGen: 294360K->694K(286016K)] 669153K->375519K(972992K), 0.0109980 secs] [Times: user=0.07 sys=0.00, real=0.01 secs] 
2014-07-16T15:56:51.672+0000: 2125.993: [GC [PSYoungGen: 285999K->840K(278720K)] 660824K->375729K(965696K), 0.0087380 secs] [Times: user=0.06 sys=0.00, real=0.01 secs] 
2014-07-16T15:56:52.589+0000: 2126.910: [GC [PSYoungGen: 278653K->1282K(334144K)] 653543K->376235K(1021120K), 0.0150270 secs] [Times: user=0.10 sys=0.00, real=0.01 secs] 
2014-07-16T15:56:53.679+0000: 2128.000: [GC [PSYoungGen: 333634K->872K(334144K)] 708587K->375873K(1021120K), 0.0105680 secs] [Times: user=0.06 sys=0.00, real=0.01 secs] 
2014-07-16T15:56:54.833+0000: 2129.154: [GC [PSYoungGen: 333224K->944K(323968K)] 708225K->375993K(1010944K), 0.0095550 secs] [Times: user=0.06 sys=0.00, real=0.01 secs] 
2014-07-16T15:56:55.951+0000: 2130.272: [GC [PSYoungGen: 323952K->972K(315072K)] 699001K->376101K(1002048K), 0.0062310 secs] [Times: user=0.04 sys=0.00, real=0.01 secs] 
2014-07-16T15:56:57.030+0000: 2131.352: [GC [PSYoungGen: 315020K->1090K(306624K)] 690149K->376291K(993600K), 0.0052970 secs] [Times: user=0.03 sys=0.00, real=0.00 secs] 
2014-07-16T15:56:58.075+0000: 2132.396: [GC [PSYoungGen: 306562K->1418K(298688K)] 681763K->376707K(985664K), 0.0049900 secs] [Times: user=0.02 sys=0.01, real=0.01 secs] 
2014-07-16T15:56:59.081+0000: 2133.402: [GC [PSYoungGen: 298634K->766K(290048K)] 673923K->376471K(977024K), 0.0075580 secs] [Times: user=0.05 sys=0.00, real=0.01 secs] 
2014-07-16T15:57:00.130+0000: 2134.452: [GC [PSYoungGen: 290046K->932K(282624K)] 665751K->376733K(969600K), 0.0040050 secs] [Times: user=0.02 sys=0.00, real=0.00 secs] 
2014-07-16T15:57:01.051+0000: 2135.373: [GC [PSYoungGen: 282596K->1662K(276032K)] 658397K->377601K(963008K), 0.0061620 secs] [Times: user=0.04 sys=0.00, real=0.01 secs] 
2014-07-16T15:57:01.928+0000: 2136.250: [GC [PSYoungGen: 276030K->982K(268352K)] 651969K->377009K(955328K), 0.0058130 secs] [Times: user=0.03 sys=0.00, real=0.00 secs] 
2014-07-16T15:57:02.852+0000: 2137.173: [GC [PSYoungGen: 268310K->948K(261504K)] 644337K->377493K(948480K), 0.0054840 secs] [Times: user=0.03 sys=0.00, real=0.01 secs] 
2014-07-16T15:57:03.686+0000: 2138.008: [GC [PSYoungGen: 261492K->808K(254848K)] 638037K->377401K(941824K), 0.0085490 secs] [Times: user=0.05 sys=0.01, real=0.01 secs] 
2014-07-16T15:57:04.646+0000: 2138.967: [GC [PSYoungGen: 254809K->1350K(249152K)] 631403K->378097K(936128K), 0.0059700 secs] [Times: user=0.04 sys=0.00, real=0.01 secs] 
2014-07-16T15:57:05.556+0000: 2139.877: [GC [PSYoungGen: 249094K->1558K(243328K)] 625841K->378362K(930304K), 0.0043000 secs] [Times: user=0.03 sys=0.01, real=0.01 secs] 
2014-07-16T15:57:06.347+0000: 2140.668: [GC [PSYoungGen: 243286K->766K(236672K)] 620090K->378003K(923648K), 0.0061150 secs] [Times: user=0.04 sys=0.00, real=0.01 secs] 
2014-07-16T15:57:07.188+0000: 2141.510: [GC [PSYoungGen: 236670K->1046K(231360K)] 613907K->378371K(918336K), 0.0083210 secs] [Times: user=0.05 sys=0.01, real=0.00 secs] 
2014-07-16T15:57:08.039+0000: 2142.361: [GC [PSYoungGen: 231318K->1654K(226560K)] 608643K->379052K(913536K), 0.0083060 secs] [Times: user=0.05 sys=0.00, real=0.00 secs] 
2014-07-16T15:57:08.891+0000: 2143.213: [GC [PSYoungGen: 226550K->1650K(221376K)] 603948K->379144K(908352K), 0.0087450 secs] [Times: user=0.06 sys=0.00, real=0.01 secs] 
2014-07-16T15:57:09.744+0000: 2144.065: [GC [PSYoungGen: 221350K->566K(215296K)] 598843K->378748K(902272K), 0.0066920 secs] [Times: user=0.04 sys=0.00, real=0.01 secs] 
2014-07-16T15:57:10.526+0000: 2144.848: [GC [PSYoungGen: 215257K->1086K(210944K)] 593439K->379340K(897920K), 0.0071700 secs] [Times: user=0.05 sys=0.01, real=0.01 secs] 
2014-07-16T15:57:11.185+0000: 2145.506: [GC [PSYoungGen: 210942K->1100K(206336K)] 589196K->379590K(893312K), 0.0097940 secs] [Times: user=0.07 sys=0.00, real=0.01 secs] 
2014-07-16T15:57:11.870+0000: 2146.191: [GC [PSYoungGen: 206284K->940K(201600K)] 584774K->379486K(888576K), 0.0051320 secs] [Times: user=0.03 sys=0.00, real=0.00 secs] 
2014-07-16T15:57:12.572+0000: 2146.894: [GC [PSYoungGen: 201580K->1054K(241856K)] 580126K->379672K(928832K), 0.0149920 secs] [Times: user=0.09 sys=0.00, real=0.01 secs] 
2014-07-16T15:57:13.355+0000: 2147.676: [GC [PSYoungGen: 241788K->1276K(290240K)] 620406K->379950K(977216K), 0.0148630 secs] [Times: user=0.10 sys=0.00, real=0.02 secs] 
2014-07-16T15:57:14.297+0000: 2148.618: [GC [PSYoungGen: 290236K->1386K(348160K)] 668910K->380224K(1035136K), 0.0090850 secs] [Times: user=0.05 sys=0.00, real=0.01 secs] 
2014-07-16T15:57:15.505+0000: 2149.827: [GC [PSYoungGen: 348138K->790K(385856K)] 726976K->379716K(1072832K), 0.0098290 secs] [Times: user=0.06 sys=0.00, real=0.01 secs] 
2014-07-16T15:57:16.829+0000: 2151.150: [GC [PSYoungGen: 384790K->1022K(418112K)] 763716K->380028K(1105088K), 0.0081530 secs] [Times: user=0.05 sys=0.00, real=0.00 secs] 
2014-07-16T15:57:18.257+0000: 2152.578: [GC [PSYoungGen: 417214K->1404K(404800K)] 796220K->380506K(1091776K), 0.0085590 secs] [Times: user=0.05 sys=0.00, real=0.01 secs] 
2014-07-16T15:57:19.743+0000: 2154.064: [GC [PSYoungGen: 404796K->506K(391616K)] 783898K->380824K(1078592K), 0.0064640 secs] [Times: user=0.04 sys=0.00, real=0.00 secs] 
2014-07-16T15:57:20.981+0000: 2155.302: [GC [PSYoungGen: 391610K->1618K(380992K)] 771928K->382000K(1067968K), 0.0060520 secs] [Times: user=0.04 sys=0.00, real=0.00 secs] 
2014-07-16T15:57:22.219+0000: 2156.540: [GC [PSYoungGen: 380898K->1086K(369152K)] 761281K->382062K(1056128K), 0.0046760 secs] [Times: user=0.02 sys=0.00, real=0.01 secs] 
2014-07-16T15:57:23.366+0000: 2157.687: [GC [PSYoungGen: 369130K->1126K(358400K)] 750107K->382174K(1045376K), 0.0038230 secs] [Times: user=0.02 sys=0.00, real=0.01 secs] 
2014-07-16T15:57:24.597+0000: 2158.919: [GC [PSYoungGen: 358374K->690K(347584K)] 739422K->381802K(1034560K), 0.0058000 secs] [Times: user=0.04 sys=0.00, real=0.01 secs] 
2014-07-16T15:57:25.768+0000: 2160.089: [GC [PSYoungGen: 347526K->1114K(338112K)] 728638K->382314K(1025088K), 0.0090670 secs] [Times: user=0.06 sys=0.00, real=0.01 secs] 
2014-07-16T15:57:26.886+0000: 2161.207: [GC [PSYoungGen: 338074K->1362K(328832K)] 719274K->382618K(1015808K), 0.0057560 secs] [Times: user=0.03 sys=0.00, real=0.01 secs] 
2014-07-16T15:57:27.982+0000: 2162.303: [GC [PSYoungGen: 328786K->1068K(319360K)] 710042K->382412K(1006336K), 0.0072310 secs] [Times: user=0.04 sys=0.00, real=0.00 secs] 
2014-07-16T15:57:29.032+0000: 2163.353: [GC [PSYoungGen: 319340K->1224K(310784K)] 700684K->382680K(997760K), 0.0070840 secs] [Times: user=0.04 sys=0.00, real=0.00 secs] 
2014-07-16T15:57:30.141+0000: 2164.463: [GC [PSYoungGen: 310719K->946K(302080K)] 692175K->382490K(989056K), 0.0053850 secs] [Times: user=0.04 sys=0.00, real=0.00 secs] 
2014-07-16T15:57:31.119+0000: 2165.441: [GC [PSYoungGen: 302023K->1154K(294272K)] 683567K->382762K(981248K), 0.0087650 secs] [Times: user=0.05 sys=0.00, real=0.01 secs] 
2014-07-16T15:57:32.047+0000: 2166.368: [GC [PSYoungGen: 294209K->832K(286144K)] 675818K->382512K(973120K), 0.0046560 secs] [Times: user=0.02 sys=0.00, real=0.01 secs] 
2014-07-16T15:57:32.980+0000: 2167.301: [GC [PSYoungGen: 286144K->1086K(278912K)] 667824K->382846K(965888K), 0.0041610 secs] [Times: user=0.02 sys=0.01, real=0.01 secs] 
2014-07-16T15:57:33.862+0000: 2168.184: [GC [PSYoungGen: 278910K->972K(271680K)] 660670K->382828K(958656K), 0.0047460 secs] [Times: user=0.02 sys=0.00, real=0.00 secs] 
2014-07-16T15:57:34.869+0000: 2169.190: [GC [PSYoungGen: 271628K->1394K(265152K)] 653484K->383470K(952128K), 0.0032900 secs] [Times: user=0.02 sys=0.00, real=0.01 secs] 
2014-07-16T15:57:35.747+0000: 2170.068: [GC [PSYoungGen: 265138K->1760K(258880K)] 647214K->383908K(945856K), 0.0078770 secs] [Times: user=0.04 sys=0.00, real=0.01 secs] 
2014-07-16T15:57:36.576+0000: 2170.897: [GC [PSYoungGen: 258848K->424K(251136K)] 640996K->383422K(938112K), 0.0077170 secs] [Times: user=0.05 sys=0.00, real=0.01 secs] 
2014-07-16T15:57:37.439+0000: 2171.760: [GC [PSYoungGen: 251083K->1914K(246464K)] 634081K->384968K(933440K), 0.0038700 secs] [Times: user=0.02 sys=0.00, real=0.01 secs] 
2014-07-16T15:57:38.367+0000: 2172.688: [GC [PSYoungGen: 246458K->1292K(239936K)] 629512K->384622K(926912K), 0.0097390 secs] [Times: user=0.07 sys=0.01, real=0.01 secs] 
2014-07-16T15:57:39.134+0000: 2173.456: [GC [PSYoungGen: 239856K->958K(233856K)] 623187K->384368K(920832K), 0.0089820 secs] [Times: user=0.05 sys=0.01, real=0.01 secs] 
2014-07-16T15:57:39.996+0000: 2174.317: [GC [PSYoungGen: 233852K->972K(228416K)] 617263K->384478K(915392K), 0.0058360 secs] [Times: user=0.03 sys=0.01, real=0.00 secs] 
2014-07-16T15:57:40.792+0000: 2175.114: [GC [PSYoungGen: 228364K->1336K(223424K)] 611870K->384906K(910400K), 0.0039640 secs] [Times: user=0.02 sys=0.00, real=0.01 secs] 
2014-07-16T15:57:41.568+0000: 2175.889: [GC [PSYoungGen: 223415K->1054K(218048K)] 606986K->384696K(905024K), 0.0080960 secs] [Times: user=0.05 sys=0.00, real=0.01 secs] 
2014-07-16T15:57:42.310+0000: 2176.632: [GC [PSYoungGen: 218014K->790K(212864K)] 601656K->384472K(899840K), 0.0055170 secs] [Times: user=0.02 sys=0.00, real=0.01 secs] 
2014-07-16T15:57:42.992+0000: 2177.313: [GC [PSYoungGen: 212793K->1118K(208448K)] 596475K->384872K(895424K), 0.0049680 secs] [Times: user=0.03 sys=0.00, real=0.01 secs] 
2014-07-16T15:57:43.700+0000: 2178.021: [GC [PSYoungGen: 208414K->990K(203712K)] 592168K->384816K(890688K), 0.0088880 secs] [Times: user=0.05 sys=0.00, real=0.01 secs] 
2014-07-16T15:57:44.360+0000: 2178.681: [GC [PSYoungGen: 203631K->1582K(199872K)] 587458K->385704K(886848K), 0.0061190 secs] [Times: user=0.05 sys=0.00, real=0.01 secs] 
2014-07-16T15:57:45.127+0000: 2179.448: [GC [PSYoungGen: 199854K->1836K(195840K)] 583976K->386015K(882816K), 0.0072330 secs] [Times: user=0.03 sys=0.00, real=0.01 secs] 
2014-07-16T15:57:45.715+0000: 2180.036: [GC [PSYoungGen: 195770K->684K(190528K)] 579949K->385318K(877504K), 0.0038280 secs] [Times: user=0.02 sys=0.00, real=0.00 secs] 
2014-07-16T15:57:46.360+0000: 2180.681: [GC [PSYoungGen: 190508K->1150K(228992K)] 575142K->385832K(915968K), 0.0104470 secs] [Times: user=0.07 sys=0.00, real=0.01 secs] 
2014-07-16T15:57:47.101+0000: 2181.422: [GC [PSYoungGen: 228990K->804K(274240K)] 613672K->385640K(961216K), 0.0093180 secs] [Times: user=0.07 sys=0.00, real=0.01 secs] 
2014-07-16T15:57:48.053+0000: 2182.375: [GC [PSYoungGen: 274212K->1422K(267904K)] 659048K->386307K(954880K), 0.0068730 secs] [Times: user=0.03 sys=0.00, real=0.01 secs] 
2014-07-16T15:57:48.991+0000: 2183.312: [GC [PSYoungGen: 267854K->1626K(261376K)] 652739K->386567K(948352K), 0.0036520 secs] [Times: user=0.02 sys=0.00, real=0.01 secs] 
2014-07-16T15:57:50.006+0000: 2184.327: [GC [PSYoungGen: 261338K->1342K(254592K)] 646279K->386386K(941568K), 0.0049700 secs] [Times: user=0.03 sys=0.00, real=0.00 secs] 
2014-07-16T15:57:50.766+0000: 2185.088: [GC [PSYoungGen: 254541K->1222K(248256K)] 639586K->386346K(935232K), 0.0056990 secs] [Times: user=0.03 sys=0.00, real=0.00 secs] 
2014-07-16T15:57:51.619+0000: 2185.940: [GC [PSYoungGen: 248198K->840K(241856K)] 633322K->386060K(928832K), 0.0060660 secs] [Times: user=0.04 sys=0.00, real=0.01 secs] 
2014-07-16T15:57:52.458+0000: 2186.780: [GC [PSYoungGen: 241800K->1706K(236928K)] 627020K->386998K(923904K), 0.0118640 secs] [Times: user=0.08 sys=0.00, real=0.01 secs] 
2014-07-16T15:57:53.250+0000: 2187.572: [GC [PSYoungGen: 236870K->1118K(283392K)] 622163K->386458K(970368K), 0.0126070 secs] [Times: user=0.07 sys=0.00, real=0.01 secs] 
2014-07-16T15:57:54.190+0000: 2188.512: [GC [PSYoungGen: 283358K->690K(339392K)] 668698K->386086K(1026368K), 0.0088780 secs] [Times: user=0.04 sys=0.00, real=0.01 secs] 
2014-07-16T15:57:55.449+0000: 2189.771: [GC [PSYoungGen: 339378K->1468K(330560K)] 724774K->386961K(1017536K), 0.0057460 secs] [Times: user=0.03 sys=0.00, real=0.01 secs] 
2014-07-16T15:57:56.524+0000: 2190.846: [GC [PSYoungGen: 330556K->1236K(321152K)] 716049K->386816K(1008128K), 0.0063770 secs] [Times: user=0.04 sys=0.00, real=0.01 secs] 
2014-07-16T15:57:57.536+0000: 2191.857: [GC [PSYoungGen: 321108K->1162K(312256K)] 706688K->386782K(999232K), 0.0155510 secs] [Times: user=0.08 sys=0.01, real=0.01 secs] 
2014-07-16T15:57:58.600+0000: 2192.922: [GC [PSYoungGen: 312202K->986K(303616K)] 697822K->386654K(990592K), 0.0066070 secs] [Times: user=0.04 sys=0.00, real=0.01 secs] 
2014-07-16T15:57:59.653+0000: 2193.974: [GC [PSYoungGen: 303578K->922K(295424K)] 689246K->386654K(982400K), 0.0068940 secs] [Times: user=0.04 sys=0.00, real=0.01 secs] 
2014-07-16T15:58:00.734+0000: 2195.055: [GC [PSYoungGen: 295386K->1146K(287808K)] 681118K->386934K(974784K), 0.0059760 secs] [Times: user=0.01 sys=0.00, real=0.01 secs] 
2014-07-16T15:58:01.714+0000: 2196.035: [GC [PSYoungGen: 287793K->1104K(280320K)] 673582K->386964K(967296K), 0.0110300 secs] [Times: user=0.08 sys=0.00, real=0.01 secs] 
2014-07-16T15:58:02.583+0000: 2196.904: [GC [PSYoungGen: 280272K->708K(272704K)] 666132K->386632K(959680K), 0.0075730 secs] [Times: user=0.04 sys=0.00, real=0.01 secs] 
2014-07-16T15:58:03.464+0000: 2197.785: [GC [PSYoungGen: 272601K->1068K(266048K)] 658525K->387104K(953024K), 0.0069340 secs] [Times: user=0.05 sys=0.01, real=0.01 secs] 
2014-07-16T15:58:04.325+0000: 2198.646: [GC [PSYoungGen: 266028K->1022K(259328K)] 652064K->387130K(946304K), 0.0080680 secs] [Times: user=0.04 sys=0.00, real=0.01 secs] 
2014-07-16T15:58:05.241+0000: 2199.562: [GC [PSYoungGen: 259326K->1708K(253568K)] 645434K->388051K(940544K), 0.0120000 secs] [Times: user=0.08 sys=0.00, real=0.01 secs] 
2014-07-16T15:58:06.055+0000: 2200.376: [GC [PSYoungGen: 253472K->748K(302976K)] 639815K->387358K(989952K), 0.0132660 secs] [Times: user=0.08 sys=0.00, real=0.02 secs] 
2014-07-16T15:58:07.086+0000: 2201.407: [GC [PSYoungGen: 302956K->1746K(364480K)] 689566K->388437K(1051456K), 0.0085350 secs] [Times: user=0.03 sys=0.00, real=0.01 secs] 
2014-07-16T15:58:08.305+0000: 2202.626: [GC [PSYoungGen: 364434K->1096K(353280K)] 751125K->388025K(1040256K), 0.0082710 secs] [Times: user=0.06 sys=0.00, real=0.01 secs] 
2014-07-16T15:58:09.597+0000: 2203.919: [GC [PSYoungGen: 353224K->1068K(343104K)] 740153K->388061K(1030080K), 0.0062940 secs] [Times: user=0.04 sys=0.00, real=0.00 secs] 
2014-07-16T15:58:10.839+0000: 2205.160: [GC [PSYoungGen: 343084K->1718K(334016K)] 730077K->388799K(1020992K), 0.0051200 secs] [Times: user=0.02 sys=0.00, real=0.00 secs] 
2014-07-16T15:58:11.871+0000: 2206.192: [GC [PSYoungGen: 334006K->1168K(324160K)] 721087K->388337K(1011136K), 0.0061590 secs] [Times: user=0.04 sys=0.00, real=0.01 secs] 
2014-07-16T15:58:12.884+0000: 2207.205: [GC [PSYoungGen: 324112K->1004K(315008K)] 711281K->388269K(1001984K), 0.0108870 secs] [Times: user=0.07 sys=0.00, real=0.01 secs] 
2014-07-16T15:58:13.920+0000: 2208.241: [GC [PSYoungGen: 314988K->976K(306432K)] 702253K->388297K(993408K), 0.0088880 secs] [Times: user=0.05 sys=0.00, real=0.01 secs] 
2014-07-16T15:58:14.921+0000: 2209.243: [GC [PSYoungGen: 306380K->1432K(298624K)] 693701K->388809K(985600K), 0.0053630 secs] [Times: user=0.02 sys=0.00, real=0.00 secs] 
2014-07-16T15:58:16.033+0000: 2210.355: [GC [PSYoungGen: 298584K->1308K(290560K)] 685961K->388749K(977536K), 0.0044200 secs] [Times: user=0.02 sys=0.01, real=0.01 secs] 
2014-07-16T15:58:16.984+0000: 2211.305: [GC [PSYoungGen: 290524K->1140K(282752K)] 677965K->388645K(969728K), 0.0047450 secs] [Times: user=0.02 sys=0.01, real=0.01 secs] 
2014-07-16T15:58:17.950+0000: 2212.272: [GC [PSYoungGen: 282740K->1714K(276032K)] 670245K->389299K(963008K), 0.0065970 secs] [Times: user=0.02 sys=0.01, real=0.00 secs] 
2014-07-16T15:58:18.896+0000: 2213.217: [GC [PSYoungGen: 276018K->872K(268160K)] 663603K->388778K(955136K), 0.0105460 secs] [Times: user=0.06 sys=0.00, real=0.01 secs] 
2014-07-16T15:58:19.802+0000: 2214.123: [GC [PSYoungGen: 268136K->1350K(261888K)] 656042K->389321K(948864K), 0.0088950 secs] [Times: user=0.06 sys=0.00, real=0.01 secs] 
2014-07-16T15:58:20.820+0000: 2215.141: [GC [PSYoungGen: 261812K->986K(254976K)] 649783K->389195K(941952K), 0.0072250 secs] [Times: user=0.04 sys=0.00, real=0.00 secs] 
2014-07-16T15:58:21.684+0000: 2216.006: [GC [PSYoungGen: 254893K->990K(248704K)] 643102K->389247K(935680K), 0.0113460 secs] [Times: user=0.07 sys=0.00, real=0.01 secs] 
2014-07-16T15:58:22.499+0000: 2216.820: [GC [PSYoungGen: 248651K->1126K(242816K)] 636908K->389455K(929792K), 0.0070510 secs] [Times: user=0.05 sys=0.00, real=0.01 secs] 
2014-07-16T15:58:23.275+0000: 2217.597: [GC [PSYoungGen: 242790K->858K(236736K)] 631119K->389259K(923712K), 0.0086320 secs] [Times: user=0.06 sys=0.00, real=0.01 secs] 
2014-07-16T15:58:24.066+0000: 2218.387: [GC [PSYoungGen: 236698K->1170K(231424K)] 625099K->389619K(918400K), 0.0098360 secs] [Times: user=0.06 sys=0.00, real=0.01 secs] 
2014-07-16T15:58:24.817+0000: 2219.139: [GC [PSYoungGen: 231370K->808K(225664K)] 619819K->389337K(912640K), 0.0071240 secs] [Times: user=0.04 sys=0.00, real=0.01 secs] 
2014-07-16T15:58:25.612+0000: 2219.933: [GC [PSYoungGen: 225640K->1036K(270912K)] 614169K->389637K(957888K), 0.0119830 secs] [Times: user=0.08 sys=0.01, real=0.01 secs] 
2014-07-16T15:58:26.495+0000: 2220.816: [GC [PSYoungGen: 270860K->908K(324800K)] 659461K->389557K(1011776K), 0.0069060 secs] [Times: user=0.04 sys=0.00, real=0.01 secs] 
2014-07-16T15:58:27.545+0000: 2221.866: [GC [PSYoungGen: 324748K->498K(315392K)] 713397K->389187K(1002368K), 0.0048550 secs] [Times: user=0.02 sys=0.00, real=0.01 secs] 
2014-07-16T15:58:28.645+0000: 2222.966: [GC [PSYoungGen: 315335K->1090K(307392K)] 704024K->389859K(994368K), 0.0068010 secs] [Times: user=0.05 sys=0.00, real=0.01 secs] 
2014-07-16T15:58:29.699+0000: 2224.021: [GC [PSYoungGen: 307315K->1346K(299392K)] 696084K->390227K(986368K), 0.0065250 secs] [Times: user=0.04 sys=0.00, real=0.01 secs] 
2014-07-16T15:58:30.724+0000: 2225.045: [GC [PSYoungGen: 299330K->1250K(291328K)] 688211K->390211K(978304K), 0.0107050 secs] [Times: user=0.07 sys=0.00, real=0.01 secs] 
2014-07-16T15:58:31.666+0000: 2225.987: [GC [PSYoungGen: 291298K->826K(283264K)] 680259K->389991K(970240K), 0.0059160 secs] [Times: user=0.03 sys=0.00, real=0.01 secs] 
2014-07-16T15:58:32.648+0000: 2226.970: [GC [PSYoungGen: 283189K->1208K(276288K)] 672354K->390413K(963264K), 0.0092120 secs] [Times: user=0.06 sys=0.00, real=0.01 secs] 
2014-07-16T15:58:33.535+0000: 2227.856: [GC [PSYoungGen: 276280K->1386K(269440K)] 665485K->390647K(956416K), 0.0094580 secs] [Times: user=0.06 sys=0.00, real=0.01 secs] 
2014-07-16T15:58:34.387+0000: 2228.708: [GC [PSYoungGen: 269418K->940K(262208K)] 658679K->390281K(949184K), 0.0065400 secs] [Times: user=0.04 sys=0.00, real=0.01 secs] 
2014-07-16T15:58:35.205+0000: 2229.526: [GC [PSYoungGen: 262188K->772K(255552K)] 651529K->390185K(942528K), 0.0075530 secs] [Times: user=0.05 sys=0.00, real=0.01 secs] 
2014-07-16T15:58:36.088+0000: 2230.409: [GC [PSYoungGen: 255492K->1132K(249600K)] 644905K->390641K(936576K), 0.0058530 secs] [Times: user=0.03 sys=0.01, real=0.01 secs] 
2014-07-16T15:58:36.890+0000: 2231.211: [GC [PSYoungGen: 249580K->968K(243392K)] 639089K->390573K(930368K), 0.0040760 secs] [Times: user=0.02 sys=0.00, real=0.01 secs] 
2014-07-16T15:58:37.686+0000: 2232.008: [GC [PSYoungGen: 243336K->1032K(237632K)] 632941K->390725K(924608K), 0.0068360 secs] [Times: user=0.03 sys=0.00, real=0.01 secs] 
2014-07-16T15:58:38.446+0000: 2232.767: [GC [PSYoungGen: 237576K->986K(231936K)] 627269K->390767K(918912K), 0.0084080 secs] [Times: user=0.05 sys=0.00, real=0.01 secs] 
2014-07-16T15:58:39.213+0000: 2233.535: [GC [PSYoungGen: 231898K->1478K(227008K)] 621679K->391339K(913984K), 0.0044420 secs] [Times: user=0.02 sys=0.00, real=0.00 secs] 
2014-07-16T15:58:39.937+0000: 2234.258: [GC [PSYoungGen: 226950K->548K(220800K)] 616811K->390643K(907776K), 0.0055380 secs] [Times: user=0.02 sys=0.00, real=0.01 secs] 
2014-07-16T15:58:40.732+0000: 2235.053: [GC [PSYoungGen: 220772K->1514K(216704K)] 610867K->391697K(903680K), 0.0043270 secs] [Times: user=0.03 sys=0.00, real=0.01 secs] 
2014-07-16T15:58:41.491+0000: 2235.813: [GC [PSYoungGen: 216682K->836K(211200K)] 606865K->391199K(898176K), 0.0064620 secs] [Times: user=0.04 sys=0.00, real=0.01 secs] 
2014-07-16T15:58:42.167+0000: 2236.489: [GC [PSYoungGen: 211127K->954K(206592K)] 601490K->391413K(893568K), 0.0061030 secs] [Times: user=0.04 sys=0.01, real=0.01 secs] 
2014-07-16T15:58:42.846+0000: 2237.167: [GC [PSYoungGen: 206585K->836K(201984K)] 597044K->391359K(888960K), 0.0076050 secs] [Times: user=0.04 sys=0.00, real=0.01 secs] 
2014-07-16T15:58:43.591+0000: 2237.913: [GC [PSYoungGen: 201884K->1618K(198400K)] 592407K->392305K(885376K), 0.0071250 secs] [Times: user=0.03 sys=0.00, real=0.01 secs] 
2014-07-16T15:58:44.207+0000: 2238.528: [GC [PSYoungGen: 198354K->826K(193344K)] 589041K->392047K(880320K), 0.0064990 secs] [Times: user=0.04 sys=0.00, real=0.01 secs] 
2014-07-16T15:58:44.868+0000: 2239.189: [GC [PSYoungGen: 193338K->908K(232000K)] 584559K->392209K(918976K), 0.0091100 secs] [Times: user=0.06 sys=0.00, real=0.01 secs] 
2014-07-16T15:58:45.606+0000: 2239.927: [GC [PSYoungGen: 231947K->1274K(278528K)] 623249K->392755K(965504K), 0.0145370 secs] [Times: user=0.09 sys=0.01, real=0.01 secs] 
2014-07-16T15:58:46.543+0000: 2240.864: [GC [PSYoungGen: 278476K->922K(333696K)] 669957K->392475K(1020672K), 0.0063500 secs] [Times: user=0.04 sys=0.00, real=0.00 secs] 
2014-07-16T15:58:47.623+0000: 2241.944: [GC [PSYoungGen: 333641K->790K(348800K)] 725194K->392407K(1035776K), 0.0085070 secs] [Times: user=0.06 sys=0.00, real=0.01 secs] 
2014-07-16T15:58:48.762+0000: 2243.083: [GC [PSYoungGen: 348054K->790K(338176K)] 739671K->392479K(1025152K), 0.0052410 secs] [Times: user=0.03 sys=0.00, real=0.01 secs] 
2014-07-16T15:58:49.920+0000: 2244.241: [GC [PSYoungGen: 338134K->1012K(328832K)] 729823K->393150K(1015808K), 0.0041370 secs] [Times: user=0.02 sys=0.00, real=0.01 secs] 
2014-07-16T15:58:51.126+0000: 2245.447: [GC [PSYoungGen: 328776K->1436K(320128K)] 720914K->393614K(1007104K), 0.0099790 secs] [Times: user=0.05 sys=0.00, real=0.01 secs] 
2014-07-16T15:58:52.159+0000: 2246.480: [GC [PSYoungGen: 320092K->1276K(311168K)] 712270K->393990K(998144K), 0.0087090 secs] [Times: user=0.06 sys=0.00, real=0.01 secs] 
2014-07-16T15:58:53.309+0000: 2247.631: [GC [PSYoungGen: 311164K->1518K(302976K)] 703878K->394328K(989952K), 0.0063600 secs] [Times: user=0.04 sys=0.00, real=0.01 secs] 
2014-07-16T15:58:54.389+0000: 2248.710: [GC [PSYoungGen: 302958K->1400K(294784K)] 695768K->394282K(981760K), 0.0063590 secs] [Times: user=0.05 sys=0.00, real=0.01 secs] 
2014-07-16T15:58:55.325+0000: 2249.646: [GC [PSYoungGen: 294776K->1254K(286848K)] 687658K->394208K(973824K), 0.0104110 secs] [Times: user=0.05 sys=0.00, real=0.01 secs] 
2014-07-16T15:58:56.362+0000: 2250.683: [GC [PSYoungGen: 286822K->1446K(279552K)] 679776K->394456K(966528K), 0.0121550 secs] [Times: user=0.08 sys=0.00, real=0.02 secs] 
2014-07-16T15:58:57.255+0000: 2251.577: [GC [PSYoungGen: 279526K->1108K(272064K)] 672536K->394174K(959040K), 0.0040170 secs] [Times: user=0.02 sys=0.00, real=0.00 secs] 
2014-07-16T15:58:58.122+0000: 2252.443: [GC [PSYoungGen: 272020K->704K(264704K)] 665086K->393826K(951680K), 0.0116120 secs] [Times: user=0.07 sys=0.00, real=0.01 secs] 
2014-07-16T15:58:58.997+0000: 2253.319: [GC [PSYoungGen: 264704K->1072K(258432K)] 657826K->394250K(945408K), 0.0040510 secs] [Times: user=0.02 sys=0.00, real=0.00 secs] 
2014-07-16T15:58:59.840+0000: 2254.161: [GC [PSYoungGen: 258416K->1342K(252288K)] 651594K->394608K(939264K), 0.0064730 secs] [Times: user=0.04 sys=0.00, real=0.01 secs] 
2014-07-16T15:59:00.642+0000: 2254.964: [GC [PSYoungGen: 252251K->1186K(246016K)] 645518K->394532K(932992K), 0.0063950 secs] [Times: user=0.03 sys=0.00, real=0.01 secs] 
2014-07-16T15:59:01.523+0000: 2255.845: [GC [PSYoungGen: 245986K->1086K(239936K)] 639332K->394504K(926912K), 0.0040990 secs] [Times: user=0.02 sys=0.00, real=0.01 secs] 
2014-07-16T15:59:02.296+0000: 2256.617: [GC [PSYoungGen: 239934K->794K(233984K)] 633352K->394268K(920960K), 0.0088470 secs] [Times: user=0.05 sys=0.00, real=0.01 secs] 
2014-07-16T15:59:03.052+0000: 2257.373: [GC [PSYoungGen: 233946K->1396K(229056K)] 627420K->394942K(916032K), 0.0067450 secs] [Times: user=0.04 sys=0.00, real=0.01 secs] 
2014-07-16T15:59:03.834+0000: 2258.155: [GC [PSYoungGen: 229044K->1026K(223424K)] 622590K->394636K(910400K), 0.0109970 secs] [Times: user=0.07 sys=0.00, real=0.02 secs] 
2014-07-16T15:59:04.587+0000: 2258.908: [GC [PSYoungGen: 223362K->1228K(218496K)] 616972K->394902K(905472K), 0.0080590 secs] [Times: user=0.05 sys=0.00, real=0.01 secs] 
2014-07-16T15:59:05.372+0000: 2259.694: [GC [PSYoungGen: 218444K->1368K(213696K)] 612118K->395146K(900672K), 0.0085410 secs] [Times: user=0.06 sys=0.00, real=0.01 secs] 
2014-07-16T15:59:06.094+0000: 2260.416: [GC [PSYoungGen: 213656K->950K(255744K)] 607434K->394808K(942720K), 0.0081810 secs] [Times: user=0.04 sys=0.01, real=0.01 secs] 
2014-07-16T15:59:06.889+0000: 2261.210: [GC [PSYoungGen: 255734K->1008K(249536K)] 649592K->394914K(936512K), 0.0042750 secs] [Times: user=0.02 sys=0.00, real=0.00 secs] 
2014-07-16T15:59:07.692+0000: 2262.014: [GC [PSYoungGen: 249520K->786K(243264K)] 643426K->394772K(930240K), 0.0083980 secs] [Times: user=0.06 sys=0.01, real=0.01 secs] 
2014-07-16T15:59:08.479+0000: 2262.800: [GC [PSYoungGen: 243186K->1058K(237696K)] 637172K->395116K(924672K), 0.0045480 secs] [Times: user=0.02 sys=0.00, real=0.00 secs] 
2014-07-16T15:59:09.271+0000: 2263.592: [GC [PSYoungGen: 237595K->1588K(232576K)] 631653K->396014K(919552K), 0.0106570 secs] [Times: user=0.07 sys=0.00, real=0.01 secs] 
2014-07-16T15:59:10.080+0000: 2264.402: [GC [PSYoungGen: 232564K->872K(226432K)] 626990K->395354K(913408K), 0.0074420 secs] [Times: user=0.05 sys=0.00, real=0.01 secs] 
2014-07-16T15:59:10.849+0000: 2265.170: [GC [PSYoungGen: 226385K->1000K(221312K)] 620867K->395562K(908288K), 0.0040030 secs] [Times: user=0.03 sys=0.00, real=0.00 secs] 
2014-07-16T15:59:11.632+0000: 2265.954: [GC [PSYoungGen: 221288K->968K(216256K)] 615850K->395578K(903232K), 0.0072660 secs] [Times: user=0.02 sys=0.00, real=0.01 secs] 
2014-07-16T15:59:12.329+0000: 2266.650: [GC [PSYoungGen: 216200K->758K(211136K)] 610810K->395408K(898112K), 0.0066080 secs] [Times: user=0.03 sys=0.00, real=0.00 secs] 
2014-07-16T15:59:13.027+0000: 2267.349: [GC [PSYoungGen: 211126K->982K(206720K)] 605776K->395696K(893696K), 0.0042470 secs] [Times: user=0.02 sys=0.00, real=0.00 secs] 
2014-07-16T15:59:13.752+0000: 2268.074: [GC [PSYoungGen: 206678K->1246K(202432K)] 601392K->396032K(889408K), 0.0088450 secs] [Times: user=0.05 sys=0.00, real=0.01 secs] 
2014-07-16T15:59:14.417+0000: 2268.739: [GC [PSYoungGen: 202398K->1592K(198400K)] 597184K->396442K(885376K), 0.0062770 secs] [Times: user=0.02 sys=0.00, real=0.00 secs] 
2014-07-16T15:59:15.079+0000: 2269.400: [GC [PSYoungGen: 198392K->748K(236928K)] 593242K->395948K(923904K), 0.0094790 secs] [Times: user=0.07 sys=0.00, real=0.01 secs] 
2014-07-16T15:59:15.946+0000: 2270.267: [GC [PSYoungGen: 236908K->1378K(284800K)] 632108K->396658K(971776K), 0.0088120 secs] [Times: user=0.05 sys=0.00, real=0.01 secs] 
2014-07-16T15:59:16.945+0000: 2271.267: [GC [PSYoungGen: 284770K->804K(276864K)] 680050K->396346K(963840K), 0.0064860 secs] [Times: user=0.04 sys=0.00, real=0.01 secs] 
2014-07-16T15:59:17.842+0000: 2272.164: [GC [PSYoungGen: 276836K->922K(269888K)] 672378K->396536K(956864K), 0.0091850 secs] [Times: user=0.06 sys=0.00, real=0.01 secs] 
2014-07-16T15:59:18.704+0000: 2273.025: [GC [PSYoungGen: 269850K->840K(262976K)] 665464K->396518K(949952K), 0.0078090 secs] [Times: user=0.05 sys=0.00, real=0.01 secs] 
2014-07-16T15:59:19.536+0000: 2273.857: [GC [PSYoungGen: 262920K->1232K(256768K)] 658598K->396982K(943744K), 0.0054560 secs] [Times: user=0.02 sys=0.00, real=0.01 secs] 
2014-07-16T15:59:20.354+0000: 2274.676: [GC [PSYoungGen: 256695K->1022K(250176K)] 652445K->396868K(937152K), 0.0073180 secs] [Times: user=0.05 sys=0.00, real=0.01 secs] 
2014-07-16T15:59:21.242+0000: 2275.564: [GC [PSYoungGen: 250097K->886K(299904K)] 645944K->396804K(986880K), 0.0172310 secs] [Times: user=0.11 sys=0.00, real=0.02 secs] 
2014-07-16T15:59:22.191+0000: 2276.512: [GC [PSYoungGen: 299894K->1596K(320512K)] 695812K->397610K(1007488K), 0.0064740 secs] [Times: user=0.03 sys=0.01, real=0.00 secs] 
2014-07-16T15:59:23.306+0000: 2277.627: [GC [PSYoungGen: 320508K->1046K(311232K)] 716522K->397116K(998208K), 0.0101190 secs] [Times: user=0.06 sys=0.01, real=0.01 secs] 
2014-07-16T15:59:24.376+0000: 2278.698: [GC [PSYoungGen: 311188K->804K(302528K)] 707259K->397347K(989504K), 0.0095470 secs] [Times: user=0.07 sys=0.00, real=0.01 secs] 
2014-07-16T15:59:25.374+0000: 2279.695: [GC [PSYoungGen: 302500K->1484K(319040K)] 699043K->398083K(1006016K), 0.0142630 secs] [Times: user=0.09 sys=0.00, real=0.01 secs] 
2014-07-16T15:59:26.541+0000: 2280.862: [GC [PSYoungGen: 318704K->1408K(310016K)] 715304K->398146K(996992K), 0.0057260 secs] [Times: user=0.04 sys=0.00, real=0.00 secs] 
2014-07-16T15:59:27.533+0000: 2281.855: [GC [PSYoungGen: 309952K->914K(301120K)] 706690K->397747K(988096K), 0.0071520 secs] [Times: user=0.04 sys=0.00, real=0.01 secs] 
2014-07-16T15:59:28.524+0000: 2282.845: [GC [PSYoungGen: 301074K->1068K(293184K)] 697907K->397973K(980160K), 0.0089690 secs] [Times: user=0.05 sys=0.00, real=0.01 secs] 
2014-07-16T15:59:29.481+0000: 2283.803: [GC [PSYoungGen: 293164K->1702K(286080K)] 690069K->398663K(973056K), 0.0059510 secs] [Times: user=0.02 sys=0.00, real=0.00 secs] 
2014-07-16T15:59:30.404+0000: 2284.726: [GC [PSYoungGen: 286030K->808K(277760K)] 682992K->397945K(964736K), 0.0064020 secs] [Times: user=0.05 sys=0.00, real=0.01 secs] 
2014-07-16T15:59:31.404+0000: 2285.725: [GC [PSYoungGen: 277722K->1300K(271104K)] 674860K->398486K(958080K), 0.0121940 secs] [Times: user=0.08 sys=0.01, real=0.01 secs] 
2014-07-16T15:59:32.319+0000: 2286.641: [GC [PSYoungGen: 271055K->1136K(264064K)] 668241K->398417K(951040K), 0.0065440 secs] [Times: user=0.05 sys=0.00, real=0.01 secs] 
2014-07-16T15:59:33.203+0000: 2287.525: [GC [PSYoungGen: 264044K->982K(257344K)] 661326K->398327K(944320K), 0.0047940 secs] [Times: user=0.02 sys=0.00, real=0.00 secs] 
2014-07-16T15:59:34.033+0000: 2288.355: [GC [PSYoungGen: 257302K->1158K(251200K)] 654647K->398552K(938176K), 0.0035270 secs] [Times: user=0.02 sys=0.00, real=0.00 secs] 
2014-07-16T15:59:34.889+0000: 2289.210: [GC [PSYoungGen: 251142K->1090K(301184K)] 648536K->398515K(988160K), 0.0178460 secs] [Times: user=0.11 sys=0.00, real=0.02 secs] 
2014-07-16T15:59:36.019+0000: 2290.341: [GC [PSYoungGen: 301122K->1140K(357056K)] 698547K->398654K(1044032K), 0.0130840 secs] [Times: user=0.07 sys=0.00, real=0.02 secs] 
2014-07-16T15:59:37.287+0000: 2291.608: [GC [PSYoungGen: 357044K->928K(346560K)] 754558K->398505K(1033536K), 0.0039820 secs] [Times: user=0.02 sys=0.00, real=0.01 secs] 
2014-07-16T15:59:38.441+0000: 2292.763: [GC [PSYoungGen: 346523K->766K(336512K)] 744101K->398910K(1023488K), 0.0074390 secs] [Times: user=0.04 sys=0.00, real=0.00 secs] 
2014-07-16T15:59:39.569+0000: 2293.890: [GC [PSYoungGen: 336488K->1508K(327808K)] 734632K->399708K(1014784K), 0.0113050 secs] [Times: user=0.05 sys=0.01, real=0.01 secs] 
2014-07-16T15:59:40.658+0000: 2294.979: [GC [PSYoungGen: 327769K->790K(318016K)] 725969K->399220K(1004992K), 0.0064080 secs] [Times: user=0.05 sys=0.00, real=0.01 secs] 
2014-07-16T15:59:41.806+0000: 2296.127: [GC [PSYoungGen: 317912K->1200K(309696K)] 716342K->399710K(996672K), 0.0101310 secs] [Times: user=0.06 sys=0.00, real=0.01 secs] 
2014-07-16T15:59:42.876+0000: 2297.197: [GC [PSYoungGen: 309680K->1594K(301696K)] 708190K->400176K(988672K), 0.0109060 secs] [Times: user=0.06 sys=0.00, real=0.01 secs] 
2014-07-16T15:59:43.859+0000: 2298.181: [GC [PSYoungGen: 301663K->1774K(293824K)] 700245K->400428K(980800K), 0.0076940 secs] [Times: user=0.02 sys=0.00, real=0.01 secs] 
2014-07-16T15:59:44.810+0000: 2299.131: [GC [PSYoungGen: 293760K->374K(284672K)] 692414K->399605K(971648K), 0.0036050 secs] [Times: user=0.02 sys=0.00, real=0.01 secs] 
2014-07-16T15:59:45.760+0000: 2300.081: [GC [PSYoungGen: 284662K->1942K(278848K)] 683893K->401271K(965824K), 0.0045500 secs] [Times: user=0.02 sys=0.00, real=0.01 secs] 
2014-07-16T15:59:46.751+0000: 2301.072: [GC [PSYoungGen: 278806K->950K(270656K)] 678135K->400723K(957632K), 0.0072850 secs] [Times: user=0.05 sys=0.00, real=0.01 secs] 
2014-07-16T15:59:47.648+0000: 2301.970: [GC [PSYoungGen: 270646K->1068K(263936K)] 670419K->400897K(950912K), 0.0041490 secs] [Times: user=0.02 sys=0.01, real=0.01 secs] 
2014-07-16T15:59:48.494+0000: 2302.815: [GC [PSYoungGen: 263902K->1154K(257472K)] 663731K->401063K(944448K), 0.0057370 secs] [Times: user=0.03 sys=0.01, real=0.00 secs] 
2014-07-16T15:59:49.342+0000: 2303.663: [GC [PSYoungGen: 257410K->918K(250880K)] 657319K->400923K(937856K), 0.0062160 secs] [Times: user=0.04 sys=0.00, real=0.01 secs] 
2014-07-16T15:59:50.163+0000: 2304.484: [GC [PSYoungGen: 250838K->1372K(245184K)] 650843K->401465K(932160K), 0.0073550 secs] [Times: user=0.05 sys=0.00, real=0.00 secs] 
2014-07-16T15:59:50.926+0000: 2305.248: [GC [PSYoungGen: 245148K->858K(238784K)] 645241K->401015K(925760K), 0.0071710 secs] [Times: user=0.05 sys=0.00, real=0.01 secs] 
2014-07-16T15:59:51.761+0000: 2306.082: [GC [PSYoungGen: 238746K->1368K(233600K)] 638903K->401589K(920576K), 0.0082360 secs] [Times: user=0.05 sys=0.00, real=0.01 secs] 
2014-07-16T15:59:52.502+0000: 2306.823: [GC [PSYoungGen: 233490K->1468K(228224K)] 633711K->401769K(915200K), 0.0069000 secs] [Times: user=0.03 sys=0.01, real=0.01 secs] 
2014-07-16T15:59:53.222+0000: 2307.544: [GC [PSYoungGen: 228220K->1126K(222656K)] 628521K->401571K(909632K), 0.0069870 secs] [Times: user=0.05 sys=0.01, real=0.01 secs] 
2014-07-16T15:59:53.958+0000: 2308.279: [GC [PSYoungGen: 222630K->1090K(217600K)] 623075K->401599K(904576K), 0.0078650 secs] [Times: user=0.05 sys=0.00, real=0.01 secs] 
2014-07-16T15:59:54.673+0000: 2308.994: [GC [PSYoungGen: 217490K->954K(212480K)] 618000K->401609K(899456K), 0.0042450 secs] [Times: user=0.02 sys=0.00, real=0.01 secs] 
2014-07-16T15:59:55.434+0000: 2309.756: [GC [PSYoungGen: 212474K->1218K(208064K)] 613129K->401953K(895040K), 0.0068280 secs] [Times: user=0.04 sys=0.01, real=0.00 secs] 
2014-07-16T15:59:56.140+0000: 2310.461: [GC [PSYoungGen: 207973K->1218K(203520K)] 608708K->402033K(890496K), 0.0044210 secs] [Times: user=0.02 sys=0.00, real=0.01 secs] 
2014-07-16T15:59:56.892+0000: 2311.213: [GC [PSYoungGen: 203458K->1022K(198848K)] 604273K->401893K(885824K), 0.0084190 secs] [Times: user=0.03 sys=0.00, real=0.01 secs] 
2014-07-16T15:59:57.603+0000: 2311.925: [GC [PSYoungGen: 198845K->1318K(238784K)] 599717K->402369K(925760K), 0.0118010 secs] [Times: user=0.07 sys=0.00, real=0.02 secs] 
2014-07-16T15:59:58.430+0000: 2312.751: [GC [PSYoungGen: 238758K->1246K(286208K)] 639809K->402345K(973184K), 0.0106730 secs] [Times: user=0.07 sys=0.00, real=0.01 secs] 
2014-07-16T15:59:59.344+0000: 2313.665: [GC [PSYoungGen: 286174K->804K(339648K)] 687273K->401983K(1026624K), 0.0112320 secs] [Times: user=0.06 sys=0.00, real=0.02 secs] 
2014-07-16T16:00:00.425+0000: 2314.746: [GC [PSYoungGen: 339428K->1368K(330432K)] 740607K->402659K(1017408K), 0.0060130 secs] [Times: user=0.04 sys=0.00, real=0.00 secs] 
2014-07-16T16:00:01.471+0000: 2315.792: [GC [PSYoungGen: 330392K->448K(320256K)] 731683K->401939K(1007232K), 0.0048030 secs] [Times: user=0.02 sys=0.01, real=0.01 secs] 
2014-07-16T16:00:02.585+0000: 2316.907: [GC [PSYoungGen: 320256K->886K(311872K)] 721747K->402465K(998848K), 0.0073670 secs] [Times: user=0.05 sys=0.00, real=0.00 secs] 
2014-07-16T16:00:03.591+0000: 2317.912: [GC [PSYoungGen: 311862K->940K(303488K)] 713441K->402599K(990464K), 0.0077720 secs] [Times: user=0.05 sys=0.00, real=0.01 secs] 
2014-07-16T16:00:04.599+0000: 2318.920: [GC [PSYoungGen: 303468K->932K(295360K)] 705127K->402647K(982336K), 0.0101170 secs] [Times: user=0.05 sys=0.00, real=0.01 secs] 
2014-07-16T16:00:05.590+0000: 2319.912: [GC [PSYoungGen: 295308K->990K(287616K)] 697024K->402769K(974592K), 0.0063920 secs] [Times: user=0.03 sys=0.00, real=0.01 secs] 
2014-07-16T16:00:06.545+0000: 2320.867: [GC [PSYoungGen: 287582K->1104K(280256K)] 689361K->402915K(967232K), 0.0065240 secs] [Times: user=0.02 sys=0.00, real=0.00 secs] 
2014-07-16T16:00:07.629+0000: 2321.950: [GC [PSYoungGen: 280208K->1194K(273088K)] 682019K->403592K(960064K), 0.0100050 secs] [Times: user=0.07 sys=0.00, real=0.01 secs] 
2014-07-16T16:00:08.589+0000: 2322.910: [GC [PSYoungGen: 273057K->1050K(265984K)] 675455K->403528K(952960K), 0.0057950 secs] [Times: user=0.04 sys=0.00, real=0.00 secs] 
2014-07-16T16:00:09.463+0000: 2323.784: [GC [PSYoungGen: 265946K->1140K(259392K)] 668424K->403690K(946368K), 0.0070750 secs] [Times: user=0.04 sys=0.00, real=0.01 secs] 
2014-07-16T16:00:10.301+0000: 2324.623: [GC [PSYoungGen: 259380K->1008K(252864K)] 661930K->403622K(939840K), 0.0067620 secs] [Times: user=0.04 sys=0.00, real=0.01 secs] 
2014-07-16T16:00:11.132+0000: 2325.454: [GC [PSYoungGen: 252848K->1314K(246976K)] 655462K->404116K(933952K), 0.0072050 secs] [Times: user=0.04 sys=0.00, real=0.01 secs] 
2014-07-16T16:00:11.970+0000: 2326.292: [GC [PSYoungGen: 246916K->1264K(240960K)] 649718K->404130K(927936K), 0.0110100 secs] [Times: user=0.06 sys=0.00, real=0.01 secs] 
2014-07-16T16:00:12.804+0000: 2327.125: [GC [PSYoungGen: 240944K->1016K(234944K)] 643810K->404226K(921920K), 0.0077610 secs] [Times: user=0.05 sys=0.00, real=0.01 secs] 
2014-07-16T16:00:13.553+0000: 2327.875: [GC [PSYoungGen: 234936K->904K(229376K)] 638146K->404194K(916352K), 0.0068790 secs] [Times: user=0.04 sys=0.00, real=0.01 secs] 
2014-07-16T16:00:14.321+0000: 2328.643: [GC [PSYoungGen: 229320K->932K(224064K)] 632610K->404442K(911040K), 0.0052350 secs] [Times: user=0.02 sys=0.01, real=0.01 secs] 
2014-07-16T16:00:15.047+0000: 2329.368: [GC [PSYoungGen: 224036K->908K(268736K)] 627546K->404490K(955712K), 0.0117490 secs] [Times: user=0.07 sys=0.00, real=0.01 secs] 
2014-07-16T16:00:15.925+0000: 2330.246: [GC [PSYoungGen: 268684K->812K(261824K)] 672266K->404458K(948800K), 0.0039950 secs] [Times: user=0.02 sys=0.00, real=0.01 secs] 
2014-07-16T16:00:16.864+0000: 2331.185: [GC [PSYoungGen: 261804K->1720K(256192K)] 665450K->405520K(943168K), 0.0037770 secs] [Times: user=0.02 sys=0.00, real=0.01 secs] 
2014-07-16T16:00:17.637+0000: 2331.958: [GC [PSYoungGen: 256184K->944K(249152K)] 659984K->405002K(936128K), 0.0105920 secs] [Times: user=0.06 sys=0.00, real=0.01 secs] 
2014-07-16T16:00:18.452+0000: 2332.773: [GC [PSYoungGen: 249128K->1036K(243200K)] 653186K->405142K(930176K), 0.0044150 secs] [Times: user=0.02 sys=0.00, real=0.00 secs] 
2014-07-16T16:00:19.279+0000: 2333.600: [GC [PSYoungGen: 243148K->1850K(238144K)] 647254K->406280K(925120K), 0.0084640 secs] [Times: user=0.05 sys=0.00, real=0.01 secs] 
2014-07-16T16:00:20.103+0000: 2334.424: [GC [PSYoungGen: 238114K->1468K(232128K)] 642545K->405954K(919104K), 0.0082730 secs] [Times: user=0.05 sys=0.00, real=0.01 secs] 
2014-07-16T16:00:20.851+0000: 2335.173: [GC [PSYoungGen: 232124K->790K(226048K)] 636610K->405464K(913024K), 0.0073070 secs] [Times: user=0.02 sys=0.00, real=0.01 secs] 
2014-07-16T16:00:21.596+0000: 2335.917: [GC [PSYoungGen: 225973K->1194K(221184K)] 630647K->405924K(908160K), 0.0067360 secs] [Times: user=0.05 sys=0.00, real=0.01 secs] 
2014-07-16T16:00:22.409+0000: 2336.730: [GC [PSYoungGen: 221162K->1072K(216000K)] 625892K->405834K(902976K), 0.0055030 secs] [Times: user=0.02 sys=0.00, real=0.00 secs] 
2014-07-16T16:00:23.084+0000: 2337.405: [GC [PSYoungGen: 215984K->818K(258752K)] 620746K->405644K(945728K), 0.0108150 secs] [Times: user=0.06 sys=0.00, real=0.01 secs] 
2014-07-16T16:00:23.918+0000: 2338.239: [GC [PSYoungGen: 258738K->1346K(252928K)] 663564K->406236K(939904K), 0.0043870 secs] [Times: user=0.02 sys=0.01, real=0.00 secs] 
2014-07-16T16:00:24.734+0000: 2339.056: [GC [PSYoungGen: 252866K->1046K(246400K)] 657756K->406016K(933376K), 0.0096900 secs] [Times: user=0.03 sys=0.00, real=0.01 secs] 
2014-07-16T16:00:25.556+0000: 2339.878: [GC [PSYoungGen: 246358K->1258K(240640K)] 651328K->406284K(927616K), 0.0078640 secs] [Times: user=0.04 sys=0.00, real=0.01 secs] 
2014-07-16T16:00:26.341+0000: 2340.662: [GC [PSYoungGen: 240618K->864K(288128K)] 645644K->405970K(975104K), 0.0102360 secs] [Times: user=0.06 sys=0.00, real=0.01 secs] 
2014-07-16T16:00:27.314+0000: 2341.635: [GC [PSYoungGen: 288096K->986K(280704K)] 693202K->406164K(967680K), 0.0077790 secs] [Times: user=0.04 sys=0.00, real=0.01 secs] 
2014-07-16T16:00:28.230+0000: 2342.551: [GC [PSYoungGen: 280666K->1568K(274048K)] 685844K->406826K(961024K), 0.0043370 secs] [Times: user=0.02 sys=0.00, real=0.00 secs] 
2014-07-16T16:00:29.108+0000: 2343.430: [GC [PSYoungGen: 274016K->1122K(266624K)] 679274K->406436K(953600K), 0.0048780 secs] [Times: user=0.02 sys=0.00, real=0.00 secs] 
2014-07-16T16:00:29.977+0000: 2344.298: [GC [PSYoungGen: 266594K->1236K(260032K)] 671908K->406638K(947008K), 0.0048320 secs] [Times: user=0.03 sys=0.00, real=0.01 secs] 
2014-07-16T16:00:30.872+0000: 2345.193: [GC [PSYoungGen: 259986K->1322K(253632K)] 665388K->407020K(940608K), 0.0076980 secs] [Times: user=0.04 sys=0.00, real=0.01 secs] 
2014-07-16T16:00:31.698+0000: 2346.020: [GC [PSYoungGen: 253605K->1318K(247424K)] 659303K->407080K(934400K), 0.0054650 secs] [Times: user=0.02 sys=0.00, real=0.01 secs] 
2014-07-16T16:00:32.597+0000: 2346.919: [GC [PSYoungGen: 247398K->726K(240896K)] 653160K->406536K(927872K), 0.0065430 secs] [Times: user=0.04 sys=0.00, real=0.01 secs] 
2014-07-16T16:00:33.373+0000: 2347.694: [GC [PSYoungGen: 240854K->1086K(235456K)] 646664K->406976K(922432K), 0.0063500 secs] [Times: user=0.05 sys=0.00, real=0.01 secs] 
2014-07-16T16:00:34.188+0000: 2348.509: [GC [PSYoungGen: 235454K->1496K(230336K)] 641344K->407434K(917312K), 0.0128870 secs] [Times: user=0.06 sys=0.00, real=0.02 secs] 
2014-07-16T16:00:34.966+0000: 2349.288: [GC [PSYoungGen: 230296K->1720K(276288K)] 636234K->407730K(963264K), 0.0131030 secs] [Times: user=0.08 sys=0.00, real=0.02 secs] 
2014-07-16T16:00:35.944+0000: 2350.266: [GC [PSYoungGen: 276280K->612K(310656K)] 682290K->406798K(997632K), 0.0073320 secs] [Times: user=0.05 sys=0.01, real=0.01 secs] 
2014-07-16T16:00:37.003+0000: 2351.324: [GC [PSYoungGen: 310628K->1318K(302912K)] 716814K->407584K(989888K), 0.0081860 secs] [Times: user=0.05 sys=0.00, real=0.01 secs] 
2014-07-16T16:00:38.089+0000: 2352.411: [GC [PSYoungGen: 302886K->766K(294208K)] 709152K->407324K(981184K), 0.0068610 secs] [Times: user=0.04 sys=0.00, real=0.01 secs] 
2014-07-16T16:00:39.054+0000: 2353.375: [GC [PSYoungGen: 294206K->1282K(286976K)] 700764K->407928K(973952K), 0.0040320 secs] [Times: user=0.03 sys=0.00, real=0.00 secs] 
2014-07-16T16:00:40.039+0000: 2354.361: [GC [PSYoungGen: 286827K->1282K(279488K)] 693473K->408008K(966464K), 0.0053670 secs] [Times: user=0.02 sys=0.00, real=0.01 secs] 
2014-07-16T16:00:40.996+0000: 2355.317: [GC [PSYoungGen: 279426K->1368K(272384K)] 686152K->408150K(959360K), 0.0076220 secs] [Times: user=0.05 sys=0.00, real=0.01 secs] 
2014-07-16T16:00:41.939+0000: 2356.260: [GC [PSYoungGen: 272344K->964K(265088K)] 679126K->407850K(952064K), 0.0078510 secs] [Times: user=0.05 sys=0.00, real=0.01 secs] 
2014-07-16T16:00:42.893+0000: 2357.214: [GC [PSYoungGen: 265028K->790K(258240K)] 671914K->407716K(945216K), 0.0052900 secs] [Times: user=0.03 sys=0.00, real=0.00 secs] 
2014-07-16T16:00:43.777+0000: 2358.099: [GC [PSYoungGen: 258198K->840K(251904K)] 665124K->407830K(938880K), 0.0041600 secs] [Times: user=0.02 sys=0.00, real=0.01 secs] 
2014-07-16T16:00:44.634+0000: 2358.956: [GC [PSYoungGen: 251848K->1286K(246208K)] 658838K->408340K(933184K), 0.0086010 secs] [Times: user=0.06 sys=0.01, real=0.01 secs] 
2014-07-16T16:00:45.483+0000: 2359.805: [GC [PSYoungGen: 246150K->1382K(240320K)] 653204K->408524K(927296K), 0.0084410 secs] [Times: user=0.06 sys=0.00, real=0.01 secs] 
2014-07-16T16:00:46.316+0000: 2360.637: [GC [PSYoungGen: 240294K->1168K(234432K)] 647436K->408382K(921408K), 0.0112230 secs] [Times: user=0.06 sys=0.00, real=0.01 secs] 
2014-07-16T16:00:47.106+0000: 2361.428: [GC [PSYoungGen: 234383K->1122K(281024K)] 641598K->408506K(968000K), 0.0133890 secs] [Times: user=0.09 sys=0.00, real=0.01 secs] 
2014-07-16T16:00:48.098+0000: 2362.419: [GC [PSYoungGen: 280994K->1050K(303552K)] 688378K->408522K(990528K), 0.0085370 secs] [Times: user=0.05 sys=0.00, real=0.01 secs] 
2014-07-16T16:00:49.164+0000: 2363.485: [GC [PSYoungGen: 302810K->1514K(295168K)] 710282K->409074K(982144K), 0.0051370 secs] [Times: user=0.03 sys=0.00, real=0.00 secs] 
2014-07-16T16:00:50.195+0000: 2364.516: [GC [PSYoungGen: 295128K->1396K(287232K)] 702689K->409020K(974208K), 0.0063150 secs] [Times: user=0.03 sys=0.00, real=0.00 secs] 
2014-07-16T16:00:51.223+0000: 2365.544: [GC [PSYoungGen: 287220K->676K(279040K)] 694844K->408492K(966016K), 0.0047940 secs] [Times: user=0.03 sys=0.00, real=0.00 secs] 
2014-07-16T16:00:52.128+0000: 2366.449: [GC [PSYoungGen: 279012K->1072K(272256K)] 686828K->408976K(959232K), 0.0066150 secs] [Times: user=0.04 sys=0.00, real=0.01 secs] 
2014-07-16T16:00:53.112+0000: 2367.434: [GC [PSYoungGen: 272240K->1132K(265408K)] 680144K->409158K(952384K), 0.0048730 secs] [Times: user=0.02 sys=0.01, real=0.00 secs] 
2014-07-16T16:00:53.963+0000: 2368.285: [GC [PSYoungGen: 265388K->1090K(258752K)] 673414K->409164K(945728K), 0.0112220 secs] [Times: user=0.07 sys=0.00, real=0.01 secs] 
2014-07-16T16:00:54.819+0000: 2369.140: [GC [PSYoungGen: 258690K->598K(251840K)] 666764K->408720K(938816K), 0.0059280 secs] [Times: user=0.03 sys=0.00, real=0.01 secs] 
2014-07-16T16:00:55.649+0000: 2369.971: [GC [PSYoungGen: 251798K->1232K(246336K)] 659920K->409442K(933312K), 0.0065680 secs] [Times: user=0.04 sys=0.00, real=0.01 secs] 
2014-07-16T16:00:56.466+0000: 2370.788: [GC [PSYoungGen: 246238K->954K(240064K)] 654448K->409244K(927040K), 0.0072720 secs] [Times: user=0.05 sys=0.01, real=0.01 secs] 
2014-07-16T16:00:57.223+0000: 2371.544: [GC [PSYoungGen: 240058K->804K(234240K)] 648348K->409142K(921216K), 0.0097640 secs] [Times: user=0.06 sys=0.00, real=0.01 secs] 
2014-07-16T16:00:58.103+0000: 2372.424: [GC [PSYoungGen: 234212K->1032K(281216K)] 642550K->409450K(968192K), 0.0123130 secs] [Times: user=0.08 sys=0.00, real=0.02 secs] 
2014-07-16T16:00:59.015+0000: 2373.337: [GC [PSYoungGen: 281160K->1578K(274496K)] 689578K->410076K(961472K), 0.0082660 secs] [Times: user=0.06 sys=0.00, real=0.01 secs] 
2014-07-16T16:00:59.875+0000: 2374.197: [GC [PSYoungGen: 274474K->680K(328192K)] 682972K->409266K(1015168K), 0.0130400 secs] [Times: user=0.09 sys=0.00, real=0.01 secs] 
2014-07-16T16:01:00.978+0000: 2375.299: [GC [PSYoungGen: 328168K->1118K(319488K)] 736754K->409800K(1006464K), 0.0069850 secs] [Times: user=0.04 sys=0.00, real=0.01 secs] 
2014-07-16T16:01:02.055+0000: 2376.377: [GC [PSYoungGen: 319454K->936K(310528K)] 728136K->409682K(997504K), 0.0042620 secs] [Times: user=0.02 sys=0.00, real=0.00 secs] 
2014-07-16T16:01:03.132+0000: 2377.454: [GC [PSYoungGen: 310504K->722K(301952K)] 719250K->409540K(988928K), 0.0071520 secs] [Times: user=0.05 sys=0.00, real=0.01 secs] 
2014-07-16T16:01:04.121+0000: 2378.442: [GC [PSYoungGen: 301906K->1574K(294720K)] 710724K->410472K(981696K), 0.0035170 secs] [Times: user=0.02 sys=0.00, real=0.01 secs] 
2014-07-16T16:01:05.126+0000: 2379.447: [GC [PSYoungGen: 294684K->1736K(287168K)] 703583K->410714K(974144K), 0.0086820 secs] [Times: user=0.04 sys=0.00, real=0.01 secs] 
2014-07-16T16:01:06.045+0000: 2380.367: [GC [PSYoungGen: 287112K->356K(278272K)] 696090K->410796K(965248K), 0.0069150 secs] [Times: user=0.03 sys=0.00, real=0.00 secs] 
2014-07-16T16:01:06.948+0000: 2381.269: [GC [PSYoungGen: 278214K->1710K(272448K)] 688654K->412238K(959424K), 0.0068240 secs] [Times: user=0.05 sys=0.00, real=0.01 secs] 
2014-07-16T16:01:07.939+0000: 2382.261: [GC [PSYoungGen: 272409K->1404K(265216K)] 682937K->412458K(952192K), 0.0097980 secs] [Times: user=0.06 sys=0.00, real=0.01 secs] 
2014-07-16T16:01:08.765+0000: 2383.086: [GC [PSYoungGen: 265212K->644K(257856K)] 676266K->411762K(944832K), 0.0110700 secs] [Times: user=0.07 sys=0.00, real=0.01 secs] 
2014-07-16T16:01:09.611+0000: 2383.933: [GC [PSYoungGen: 257796K->1364K(252160K)] 668914K->412546K(939136K), 0.0080470 secs] [Times: user=0.05 sys=0.00, real=0.01 secs] 
2014-07-16T16:01:10.479+0000: 2384.801: [GC [PSYoungGen: 252116K->922K(245568K)] 663298K->412152K(932544K), 0.0107890 secs] [Times: user=0.06 sys=0.01, real=0.01 secs] 
2014-07-16T16:01:11.402+0000: 2385.724: [GC [PSYoungGen: 245530K->1204K(239872K)] 656760K->412530K(926848K), 0.0083380 secs] [Times: user=0.06 sys=0.00, real=0.01 secs] 
2014-07-16T16:01:12.190+0000: 2386.511: [GC [PSYoungGen: 239860K->1564K(234560K)] 651186K->412986K(921536K), 0.0074520 secs] [Times: user=0.05 sys=0.00, real=0.01 secs] 
2014-07-16T16:01:13.214+0000: 2387.535: [GC [PSYoungGen: 234524K->964K(228480K)] 645946K->412466K(915456K), 0.0077290 secs] [Times: user=0.05 sys=0.01, real=0.01 secs] 
2014-07-16T16:01:13.957+0000: 2388.278: [GC [PSYoungGen: 228420K->958K(223104K)] 639922K->412508K(910080K), 0.0044240 secs] [Times: user=0.02 sys=0.00, real=0.00 secs] 
2014-07-16T16:01:14.681+0000: 2389.003: [GC [PSYoungGen: 223102K->1118K(218176K)] 634652K->412732K(905152K), 0.0068670 secs] [Times: user=0.04 sys=0.00, real=0.01 secs] 
2014-07-16T16:01:15.370+0000: 2389.692: [GC [PSYoungGen: 218142K->1118K(213248K)] 629756K->412820K(900224K), 0.0059610 secs] [Times: user=0.02 sys=0.00, real=0.01 secs] 
2014-07-16T16:01:16.064+0000: 2390.386: [GC [PSYoungGen: 213188K->968K(208384K)] 624890K->412742K(895360K), 0.0084260 secs] [Times: user=0.05 sys=0.00, real=0.01 secs] 
2014-07-16T16:01:16.758+0000: 2391.080: [GC [PSYoungGen: 208328K->1818K(204608K)] 620102K->413680K(891584K), 0.0058420 secs] [Times: user=0.03 sys=0.00, real=0.00 secs] 
2014-07-16T16:01:17.421+0000: 2391.742: [GC [PSYoungGen: 204570K->880K(199232K)] 616432K->413348K(886208K), 0.0063050 secs] [Times: user=0.04 sys=0.00, real=0.01 secs] 
2014-07-16T16:01:18.118+0000: 2392.439: [GC [PSYoungGen: 199191K->1486K(195584K)] 611660K->414026K(882560K), 0.0086840 secs] [Times: user=0.05 sys=0.00, real=0.01 secs] 
2014-07-16T16:01:18.737+0000: 2393.059: [GC [PSYoungGen: 195528K->1154K(191104K)] 608068K->414032K(878080K), 0.0052840 secs] [Times: user=0.02 sys=0.00, real=0.00 secs] 
2014-07-16T16:01:19.382+0000: 2393.703: [GC [PSYoungGen: 191013K->1468K(187392K)] 603892K->414418K(874368K), 0.0078730 secs] [Times: user=0.05 sys=0.01, real=0.01 secs] 
2014-07-16T16:01:19.989+0000: 2394.310: [GC [PSYoungGen: 187388K->794K(182912K)] 600338K->413808K(869888K), 0.0050330 secs] [Times: user=0.02 sys=0.00, real=0.00 secs] 
2014-07-16T16:01:20.605+0000: 2394.926: [GC [PSYoungGen: 182874K->1770K(220288K)] 595888K->414856K(907264K), 0.0125060 secs] [Times: user=0.08 sys=0.00, real=0.02 secs] 
2014-07-16T16:01:21.408+0000: 2395.729: [GC [PSYoungGen: 220266K->1436K(263680K)] 633352K->414586K(950656K), 0.0090510 secs] [Times: user=0.06 sys=0.00, real=0.01 secs] 
2014-07-16T16:01:22.259+0000: 2396.580: [GC [PSYoungGen: 263640K->1650K(309568K)] 676791K->414880K(996544K), 0.0068240 secs] [Times: user=0.03 sys=0.00, real=0.00 secs] 
2014-07-16T16:01:23.331+0000: 2397.653: [GC [PSYoungGen: 309106K->1468K(300608K)] 722336K->414794K(987584K), 0.0060450 secs] [Times: user=0.04 sys=0.00, real=0.01 secs] 
2014-07-16T16:01:24.346+0000: 2398.667: [GC [PSYoungGen: 300604K->1332K(292480K)] 713930K->414762K(979456K), 0.0071630 secs] [Times: user=0.05 sys=0.01, real=0.01 secs] 
2014-07-16T16:01:25.257+0000: 2399.578: [GC [PSYoungGen: 292436K->1068K(284544K)] 705866K->414610K(971520K), 0.0078190 secs] [Times: user=0.05 sys=0.00, real=0.01 secs] 
2014-07-16T16:01:26.170+0000: 2400.491: [GC [PSYoungGen: 284476K->990K(277120K)] 698018K->414604K(964096K), 0.0061940 secs] [Times: user=0.04 sys=0.00, real=0.00 secs] 
2014-07-16T16:01:27.076+0000: 2401.397: [GC [PSYoungGen: 277086K->1314K(270336K)] 690700K->415008K(957312K), 0.0070060 secs] [Times: user=0.04 sys=0.00, real=0.01 secs] 
2014-07-16T16:01:28.125+0000: 2402.446: [GC [PSYoungGen: 270306K->1958K(264128K)] 684000K->415732K(951104K), 0.0060770 secs] [Times: user=0.03 sys=0.00, real=0.01 secs] 
2014-07-16T16:01:28.921+0000: 2403.242: [GC [PSYoungGen: 264102K->698K(256256K)] 677876K->415028K(943232K), 0.0111660 secs] [Times: user=0.07 sys=0.00, real=0.01 secs] 
2014-07-16T16:01:29.746+0000: 2404.068: [GC [PSYoungGen: 256250K->822K(250048K)] 670580K->415266K(937024K), 0.0066620 secs] [Times: user=0.03 sys=0.01, real=0.01 secs] 
2014-07-16T16:01:30.570+0000: 2404.891: [GC [PSYoungGen: 250006K->858K(244032K)] 664451K->415432K(931008K), 0.0051830 secs] [Times: user=0.02 sys=0.00, real=0.00 secs] 
2014-07-16T16:01:31.359+0000: 2405.681: [GC [PSYoungGen: 243994K->1278K(238528K)] 658568K->415932K(925504K), 0.0047790 secs] [Times: user=0.02 sys=0.00, real=0.00 secs] 
2014-07-16T16:01:32.134+0000: 2406.455: [GC [PSYoungGen: 238526K->772K(232448K)] 653180K->415522K(919424K), 0.0067400 secs] [Times: user=0.04 sys=0.00, real=0.01 secs] 
2014-07-16T16:01:33.004+0000: 2407.325: [GC [PSYoungGen: 232388K->1810K(228032K)] 647138K->416632K(915008K), 0.0069150 secs] [Times: user=0.03 sys=0.01, real=0.01 secs] 
2014-07-16T16:01:33.771+0000: 2408.092: [GC [PSYoungGen: 227986K->1318K(222272K)] 642808K->416252K(909248K), 0.0063910 secs] [Times: user=0.05 sys=0.00, real=0.00 secs] 
2014-07-16T16:01:34.531+0000: 2408.852: [GC [PSYoungGen: 222246K->1086K(216960K)] 637180K->416084K(903936K), 0.0067530 secs] [Times: user=0.03 sys=0.01, real=0.01 secs] 
2014-07-16T16:01:35.370+0000: 2409.691: [GC [PSYoungGen: 216958K->1254K(212288K)] 631956K->416316K(899264K), 0.0067920 secs] [Times: user=0.02 sys=0.00, real=0.00 secs] 
2014-07-16T16:01:36.067+0000: 2410.388: [GC [PSYoungGen: 212262K->1576K(207872K)] 627324K->416678K(894848K), 0.0041540 secs] [Times: user=0.01 sys=0.01, real=0.01 secs] 
2014-07-16T16:01:36.749+0000: 2411.070: [GC [PSYoungGen: 207818K->1000K(202752K)] 622921K->416174K(889728K), 0.0053260 secs] [Times: user=0.02 sys=0.01, real=0.01 secs] 
2014-07-16T16:01:37.429+0000: 2411.751: [GC [PSYoungGen: 202687K->722K(198080K)] 617862K->415960K(885056K), 0.0049810 secs] [Times: user=0.03 sys=0.00, real=0.00 secs] 
2014-07-16T16:01:38.174+0000: 2412.495: [GC [PSYoungGen: 198034K->1122K(194240K)] 613272K->416416K(881216K), 0.0103780 secs] [Times: user=0.06 sys=0.00, real=0.01 secs] 
2014-07-16T16:01:38.841+0000: 2413.162: [GC [PSYoungGen: 194165K->1082K(190080K)] 609459K->416448K(877056K), 0.0044230 secs] [Times: user=0.02 sys=0.00, real=0.00 secs] 
2014-07-16T16:01:39.468+0000: 2413.789: [GC [PSYoungGen: 190074K->1386K(186432K)] 605440K->416824K(873408K), 0.0087820 secs] [Times: user=0.05 sys=0.00, real=0.01 secs] 
2014-07-16T16:01:40.080+0000: 2414.402: [GC [PSYoungGen: 186410K->772K(182016K)] 601848K->416274K(868992K), 0.0060990 secs] [Times: user=0.04 sys=0.00, real=0.00 secs] 
2014-07-16T16:01:40.672+0000: 2414.993: [GC [PSYoungGen: 181956K->858K(218368K)] 597458K->416432K(905344K), 0.0102410 secs] [Times: user=0.07 sys=0.00, real=0.01 secs] 
2014-07-16T16:01:41.395+0000: 2415.716: [GC [PSYoungGen: 218330K->1026K(262080K)] 633904K->416672K(949056K), 0.0076640 secs] [Times: user=0.05 sys=0.00, real=0.01 secs] 
2014-07-16T16:01:42.287+0000: 2416.609: [GC [PSYoungGen: 262018K->804K(297408K)] 677664K->416514K(984384K), 0.0068710 secs] [Times: user=0.04 sys=0.00, real=0.01 secs] 
2014-07-16T16:01:43.328+0000: 2417.649: [GC [PSYoungGen: 296356K->950K(297408K)] 712066K->416724K(984384K), 0.0139860 secs] [Times: user=0.09 sys=0.00, real=0.02 secs] 
2014-07-16T16:01:44.340+0000: 2418.661: [GC [PSYoungGen: 296502K->1574K(356352K)] 712276K->417404K(1043328K), 0.0157020 secs] [Times: user=0.09 sys=0.00, real=0.02 secs] 
2014-07-16T16:01:45.675+0000: 2419.996: [GC [PSYoungGen: 356134K->1806K(356480K)] 771964K->417716K(1043456K), 0.0202540 secs] [Times: user=0.14 sys=0.00, real=0.02 secs] 
2014-07-16T16:01:46.836+0000: 2421.158: [GC [PSYoungGen: 356366K->1040K(427456K)] 772276K->417006K(1114432K), 0.0047800 secs] [Times: user=0.02 sys=0.00, real=0.01 secs] 
2014-07-16T16:01:48.345+0000: 2422.666: [GC [PSYoungGen: 426512K->1086K(413312K)] 842478K->417108K(1100288K), 0.0076030 secs] [Times: user=0.04 sys=0.00, real=0.01 secs] 
2014-07-16T16:01:49.751+0000: 2424.073: [GC [PSYoungGen: 413293K->972K(400576K)] 829316K->417034K(1087552K), 0.0051970 secs] [Times: user=0.03 sys=0.00, real=0.00 secs] 
2014-07-16T16:01:51.116+0000: 2425.438: [GC [PSYoungGen: 400524K->1382K(388864K)] 816586K->417500K(1075840K), 0.0072540 secs] [Times: user=0.03 sys=0.01, real=0.01 secs] 
2014-07-16T16:01:52.424+0000: 2426.746: [GC [PSYoungGen: 388838K->1264K(377152K)] 804956K->417478K(1064128K), 0.0063330 secs] [Times: user=0.04 sys=0.01, real=0.00 secs] 
2014-07-16T16:01:53.711+0000: 2428.033: [GC [PSYoungGen: 377092K->1118K(365888K)] 793307K->417428K(1052864K), 0.0062490 secs] [Times: user=0.03 sys=0.01, real=0.00 secs] 
2014-07-16T16:01:55.028+0000: 2429.350: [GC [PSYoungGen: 365802K->1440K(355584K)] 782112K->417906K(1042560K), 0.0038620 secs] [Times: user=0.02 sys=0.00, real=0.01 secs] 
2014-07-16T16:01:56.186+0000: 2430.508: [GC [PSYoungGen: 355552K->1100K(345024K)] 772018K->417614K(1032000K), 0.0070020 secs] [Times: user=0.03 sys=0.00, real=0.01 secs] 
2014-07-16T16:01:57.310+0000: 2431.632: [GC [PSYoungGen: 344972K->1250K(335360K)] 761486K->417836K(1022336K), 0.0033840 secs] [Times: user=0.02 sys=0.00, real=0.01 secs] 
2014-07-16T16:01:58.469+0000: 2432.791: [GC [PSYoungGen: 335330K->1222K(325952K)] 751916K->417872K(1012928K), 0.0070250 secs] [Times: user=0.05 sys=0.00, real=0.01 secs] 
2014-07-16T16:01:59.560+0000: 2433.881: [GC [PSYoungGen: 325894K->1210K(316864K)] 742544K->417990K(1003840K), 0.0118510 secs] [Times: user=0.07 sys=0.00, real=0.01 secs] 
2014-07-16T16:02:00.578+0000: 2434.900: [GC [PSYoungGen: 316835K->758K(307776K)] 733616K->417610K(994752K), 0.0106910 secs] [Times: user=0.07 sys=0.00, real=0.01 secs] 
2014-07-16T16:02:01.617+0000: 2435.938: [GC [PSYoungGen: 307766K->1662K(300352K)] 724618K->418764K(987328K), 0.0077470 secs] [Times: user=0.06 sys=0.00, real=0.01 secs] 
2014-07-16T16:02:02.606+0000: 2436.927: [GC [PSYoungGen: 300350K->1304K(292032K)] 717452K->418470K(979008K), 0.0090020 secs] [Times: user=0.06 sys=0.00, real=0.01 secs] 
2014-07-16T16:02:03.698+0000: 2438.019: [GC [PSYoungGen: 291992K->1148K(284160K)] 709158K->418670K(971136K), 0.0085040 secs] [Times: user=0.05 sys=0.00, real=0.01 secs] 
2014-07-16T16:02:04.696+0000: 2439.017: [GC [PSYoungGen: 284156K->1478K(277184K)] 701678K->419104K(964160K), 0.0096160 secs] [Times: user=0.06 sys=0.00, real=0.01 secs] 
2014-07-16T16:02:05.699+0000: 2440.020: [GC [PSYoungGen: 277081K->1340K(269888K)] 694708K->419351K(956864K), 0.0084430 secs] [Times: user=0.06 sys=0.00, real=0.01 secs] 
2014-07-16T16:02:06.591+0000: 2440.913: [GC [PSYoungGen: 269884K->1268K(262976K)] 687895K->419342K(949952K), 0.0131960 secs] [Times: user=0.08 sys=0.01, real=0.02 secs] 
2014-07-16T16:02:07.481+0000: 2441.802: [GC [PSYoungGen: 262964K->1022K(256128K)] 681038K->419210K(943104K), 0.0062260 secs] [Times: user=0.04 sys=0.00, real=0.01 secs] 
2014-07-16T16:02:08.436+0000: 2442.757: [GC [PSYoungGen: 256126K->1406K(250176K)] 674314K->419674K(937152K), 0.0078130 secs] [Times: user=0.05 sys=0.00, real=0.01 secs] 
2014-07-16T16:02:09.251+0000: 2443.573: [GC [PSYoungGen: 250172K->1468K(244160K)] 668441K->419809K(931136K), 0.0072630 secs] [Times: user=0.04 sys=0.01, real=0.01 secs] 
2014-07-16T16:02:10.076+0000: 2444.397: [GC [PSYoungGen: 244090K->1290K(238208K)] 662431K->419687K(925184K), 0.0054700 secs] [Times: user=0.02 sys=0.01, real=0.00 secs] 
2014-07-16T16:02:10.879+0000: 2445.200: [GC [PSYoungGen: 238152K->758K(232000K)] 656549K->419218K(918976K), 0.0092300 secs] [Times: user=0.05 sys=0.00, real=0.01 secs] 
2014-07-16T16:02:11.648+0000: 2445.969: [GC [PSYoungGen: 231990K->844K(226688K)] 650450K->419368K(913664K), 0.0039810 secs] [Times: user=0.01 sys=0.00, real=0.00 secs] 
2014-07-16T16:02:12.419+0000: 2446.740: [GC [PSYoungGen: 226636K->1786K(222336K)] 645160K->420367K(909312K), 0.0114400 secs] [Times: user=0.07 sys=0.00, real=0.01 secs] 
2014-07-16T16:02:13.238+0000: 2447.559: [GC [PSYoungGen: 222330K->1382K(216896K)] 640911K->420018K(903872K), 0.0086930 secs] [Times: user=0.06 sys=0.00, real=0.01 secs] 
2014-07-16T16:02:14.025+0000: 2448.346: [GC [PSYoungGen: 216870K->1072K(211712K)] 635506K->420095K(898688K), 0.0051450 secs] [Times: user=0.02 sys=0.00, real=0.00 secs] 
2014-07-16T16:02:14.768+0000: 2449.089: [GC [PSYoungGen: 211696K->1884K(207808K)] 630719K->421003K(894784K), 0.0074260 secs] [Times: user=0.04 sys=0.01, real=0.01 secs] 
2014-07-16T16:02:15.533+0000: 2449.854: [GC [PSYoungGen: 207772K->1122K(248256K)] 626891K->420535K(935232K), 0.0120440 secs] [Times: user=0.08 sys=0.00, real=0.02 secs] 
2014-07-16T16:02:16.376+0000: 2450.697: [GC [PSYoungGen: 248226K->1932K(298560K)] 667639K->421369K(985536K), 0.0147640 secs] [Times: user=0.08 sys=0.00, real=0.01 secs] 
2014-07-16T16:02:17.433+0000: 2451.754: [GC [PSYoungGen: 298508K->986K(356928K)] 717945K->420545K(1043904K), 0.0051730 secs] [Times: user=0.03 sys=0.01, real=0.01 secs] 
2014-07-16T16:02:18.700+0000: 2453.022: [GC [PSYoungGen: 356887K->1550K(347200K)] 776446K->421189K(1034176K), 0.0047480 secs] [Times: user=0.02 sys=0.00, real=0.01 secs] 
2014-07-16T16:02:19.805+0000: 2454.126: [GC [PSYoungGen: 347126K->736K(336512K)] 766765K->420446K(1023488K), 0.0043610 secs] [Times: user=0.02 sys=0.01, real=0.01 secs] 
2014-07-16T16:02:20.959+0000: 2455.281: [GC [PSYoungGen: 336480K->1000K(327296K)] 756190K->420799K(1014272K), 0.0151720 secs] [Times: user=0.10 sys=0.00, real=0.01 secs] 
2014-07-16T16:02:22.122+0000: 2456.443: [GC [PSYoungGen: 327272K->1510K(318720K)] 747071K->421365K(1005696K), 0.0137550 secs] [Times: user=0.09 sys=0.00, real=0.02 secs] 
2014-07-16T16:02:23.284+0000: 2457.605: [GC [PSYoungGen: 318694K->990K(309504K)] 738549K->420909K(996480K), 0.0072260 secs] [Times: user=0.05 sys=0.01, real=0.01 secs] 
2014-07-16T16:02:24.354+0000: 2458.675: [GC [PSYoungGen: 309470K->1490K(301632K)] 729389K->421473K(988608K), 0.0097220 secs] [Times: user=0.06 sys=0.00, real=0.01 secs] 
2014-07-16T16:02:25.361+0000: 2459.683: [GC [PSYoungGen: 301586K->804K(292864K)] 721569K->420859K(979840K), 0.0070930 secs] [Times: user=0.04 sys=0.00, real=0.01 secs] 
2014-07-16T16:02:26.445+0000: 2460.766: [GC [PSYoungGen: 292836K->1408K(285760K)] 712891K->421511K(972736K), 0.0045630 secs] [Times: user=0.02 sys=0.01, real=0.01 secs] 
2014-07-16T16:02:27.387+0000: 2461.709: [GC [PSYoungGen: 285696K->1022K(277888K)] 705799K->421205K(964864K), 0.0039130 secs] [Times: user=0.02 sys=0.00, real=0.00 secs] 
2014-07-16T16:02:28.269+0000: 2462.591: [GC [PSYoungGen: 277886K->722K(270464K)] 698069K->420984K(957440K), 0.0077930 secs] [Times: user=0.06 sys=0.00, real=0.01 secs] 
2014-07-16T16:02:29.214+0000: 2463.535: [GC [PSYoungGen: 270397K->1376K(264256K)] 690660K->421687K(951232K), 0.0090330 secs] [Times: user=0.06 sys=0.00, real=0.01 secs] 
2014-07-16T16:02:30.082+0000: 2464.404: [GC [PSYoungGen: 264224K->1478K(257792K)] 684535K->421877K(944768K), 0.0062620 secs] [Times: user=0.04 sys=0.00, real=0.01 secs] 
2014-07-16T16:02:30.946+0000: 2465.267: [GC [PSYoungGen: 257705K->958K(250880K)] 678104K->421405K(937856K), 0.0049110 secs] [Times: user=0.03 sys=0.00, real=0.01 secs] 
2014-07-16T16:02:31.794+0000: 2466.116: [GC [PSYoungGen: 250852K->944K(244736K)] 671299K->421447K(931712K), 0.0043250 secs] [Times: user=0.02 sys=0.00, real=0.01 secs] 
2014-07-16T16:02:32.563+0000: 2466.885: [GC [PSYoungGen: 244720K->1418K(239360K)] 665223K->422001K(926336K), 0.0043390 secs] [Times: user=0.02 sys=0.00, real=0.01 secs] 
2014-07-16T16:02:33.392+0000: 2467.713: [GC [PSYoungGen: 239306K->1472K(233728K)] 659889K->422127K(920704K), 0.0054700 secs] [Times: user=0.04 sys=0.01, real=0.01 secs] 
2014-07-16T16:02:34.264+0000: 2468.586: [GC [PSYoungGen: 233664K->1814K(228608K)] 654319K->422581K(915584K), 0.0064560 secs] [Times: user=0.04 sys=0.00, real=0.01 secs] 
2014-07-16T16:02:35.037+0000: 2469.358: [GC [PSYoungGen: 228566K->752K(222272K)] 649333K->421899K(909248K), 0.0039910 secs] [Times: user=0.02 sys=0.00, real=0.01 secs] 
2014-07-16T16:02:35.801+0000: 2470.123: [GC [PSYoungGen: 222238K->1754K(218240K)] 643385K->422999K(905216K), 0.0047540 secs] [Times: user=0.03 sys=0.00, real=0.00 secs] 
2014-07-16T16:02:36.574+0000: 2470.895: [GC [PSYoungGen: 218202K->1478K(213056K)] 639447K->422969K(900032K), 0.0139310 secs] [Times: user=0.10 sys=0.00, real=0.01 secs] 
2014-07-16T16:02:37.287+0000: 2471.609: [GC [PSYoungGen: 212998K->1472K(208320K)] 634489K->423035K(895296K), 0.0046110 secs] [Times: user=0.02 sys=0.00, real=0.01 secs] 
2014-07-16T16:02:37.962+0000: 2472.283: [GC [PSYoungGen: 208213K->868K(203136K)] 629777K->422535K(890112K), 0.0064370 secs] [Times: user=0.05 sys=0.00, real=0.01 secs] 
2014-07-16T16:02:38.666+0000: 2472.988: [GC [PSYoungGen: 203108K->1424K(199296K)] 624775K->423163K(886272K), 0.0064800 secs] [Times: user=0.04 sys=0.00, real=0.01 secs] 
2014-07-16T16:02:39.344+0000: 2473.665: [GC [PSYoungGen: 199232K->1354K(194944K)] 620971K->423149K(881920K), 0.0042190 secs] [Times: user=0.02 sys=0.00, real=0.01 secs] 
2014-07-16T16:02:39.970+0000: 2474.292: [GC [PSYoungGen: 194890K->1050K(190528K)] 616685K->422941K(877504K), 0.0077650 secs] [Times: user=0.05 sys=0.01, real=0.01 secs] 
2014-07-16T16:02:40.580+0000: 2474.901: [GC [PSYoungGen: 190490K->954K(228288K)] 612381K->422925K(915264K), 0.0086800 secs] [Times: user=0.06 sys=0.00, real=0.01 secs] 
2014-07-16T16:02:41.401+0000: 2475.722: [GC [PSYoungGen: 228282K->1464K(274304K)] 650253K->423483K(961280K), 0.0102420 secs] [Times: user=0.06 sys=0.00, real=0.01 secs] 
2014-07-16T16:02:42.269+0000: 2476.590: [GC [PSYoungGen: 274296K->1032K(328512K)] 696315K->423131K(1015488K), 0.0140380 secs] [Times: user=0.08 sys=0.00, real=0.02 secs] 
2014-07-16T16:02:43.404+0000: 2477.726: [GC [PSYoungGen: 328441K->1068K(382848K)] 750540K->423255K(1069824K), 0.0083270 secs] [Times: user=0.05 sys=0.00, real=0.01 secs] 
2014-07-16T16:02:44.803+0000: 2479.125: [GC [PSYoungGen: 381932K->1368K(370944K)] 804119K->423619K(1057920K), 0.0082400 secs] [Times: user=0.05 sys=0.00, real=0.01 secs] 
2014-07-16T16:02:46.085+0000: 2480.407: [GC [PSYoungGen: 370904K->1546K(360256K)] 793155K->423861K(1047232K), 0.0060940 secs] [Times: user=0.02 sys=0.00, real=0.01 secs] 
2014-07-16T16:02:47.331+0000: 2481.653: [GC [PSYoungGen: 360202K->870K(349120K)] 782517K->423771K(1036096K), 0.0065950 secs] [Times: user=0.04 sys=0.00, real=0.00 secs] 
2014-07-16T16:02:48.469+0000: 2482.791: [GC [PSYoungGen: 349094K->908K(339200K)] 771995K->423849K(1026176K), 0.0098600 secs] [Times: user=0.06 sys=0.01, real=0.01 secs] 
2014-07-16T16:02:49.712+0000: 2484.033: [GC [PSYoungGen: 339138K->940K(329664K)] 762080K->424111K(1016640K), 0.0081310 secs] [Times: user=0.05 sys=0.00, real=0.01 secs] 
2014-07-16T16:02:50.805+0000: 2485.126: [GC [PSYoungGen: 329644K->990K(320576K)] 752815K->424217K(1007552K), 0.0085180 secs] [Times: user=0.05 sys=0.00, real=0.01 secs] 
2014-07-16T16:02:51.881+0000: 2486.202: [GC [PSYoungGen: 320542K->1572K(312320K)] 743769K->424855K(999296K), 0.0069810 secs] [Times: user=0.04 sys=0.00, real=0.00 secs] 
2014-07-16T16:02:52.931+0000: 2487.253: [GC [PSYoungGen: 312292K->1632K(303936K)] 735575K->425019K(990912K), 0.0084230 secs] [Times: user=0.04 sys=0.00, real=0.00 secs] 
2014-07-16T16:02:54.037+0000: 2488.359: [GC [PSYoungGen: 303904K->768K(294912K)] 727291K->424419K(981888K), 0.0081250 secs] [Times: user=0.06 sys=0.00, real=0.01 secs] 
2014-07-16T16:02:55.014+0000: 2489.335: [GC [PSYoungGen: 294912K->1528K(287872K)] 718563K->425267K(974848K), 0.0121320 secs] [Times: user=0.08 sys=0.00, real=0.01 secs] 
2014-07-16T16:02:55.968+0000: 2490.289: [GC [PSYoungGen: 287864K->1318K(280192K)] 711603K->425217K(967168K), 0.0071940 secs] [Times: user=0.05 sys=0.00, real=0.01 secs] 
2014-07-16T16:02:56.926+0000: 2491.247: [GC [PSYoungGen: 280131K->1164K(335872K)] 704030K->425119K(1022848K), 0.0208130 secs] [Times: user=0.12 sys=0.00, real=0.02 secs] 
2014-07-16T16:02:58.062+0000: 2492.383: [GC [PSYoungGen: 335820K->736K(326016K)] 759775K->424771K(1012992K), 0.0061370 secs] [Times: user=0.04 sys=0.00, real=0.00 secs] 
2014-07-16T16:02:59.240+0000: 2493.562: [GC [PSYoungGen: 325984K->1964K(318208K)] 750019K->426135K(1005184K), 0.0038390 secs] [Times: user=0.02 sys=0.00, real=0.01 secs] 
2014-07-16T16:03:00.268+0000: 2494.590: [GC [PSYoungGen: 318188K->1064K(308608K)] 742359K->425331K(995584K), 0.0061920 secs] [Times: user=0.04 sys=0.00, real=0.01 secs] 
2014-07-16T16:03:01.277+0000: 2495.598: [GC [PSYoungGen: 308584K->662K(299904K)] 732851K->425027K(986880K), 0.0125930 secs] [Times: user=0.08 sys=0.00, real=0.01 secs] 
2014-07-16T16:03:02.275+0000: 2496.596: [GC [PSYoungGen: 299832K->826K(292032K)] 724197K->425263K(979008K), 0.0057090 secs] [Times: user=0.03 sys=0.00, real=0.00 secs] 
2014-07-16T16:03:03.245+0000: 2497.566: [GC [PSYoungGen: 292016K->936K(284480K)] 716453K->425453K(971456K), 0.0067020 secs] [Times: user=0.04 sys=0.00, real=0.00 secs] 
2014-07-16T16:03:04.346+0000: 2498.667: [GC [PSYoungGen: 284452K->1214K(277312K)] 708970K->425811K(964288K), 0.0123640 secs] [Times: user=0.08 sys=0.00, real=0.01 secs] 
2014-07-16T16:03:05.271+0000: 2499.593: [GC [PSYoungGen: 277301K->1296K(270336K)] 701898K->425973K(957312K), 0.0058420 secs] [Times: user=0.03 sys=0.00, real=0.01 secs] 
2014-07-16T16:03:06.192+0000: 2500.513: [GC [PSYoungGen: 270288K->982K(263168K)] 694965K->425715K(950144K), 0.0112070 secs] [Times: user=0.08 sys=0.00, real=0.02 secs] 
2014-07-16T16:03:07.187+0000: 2501.508: [GC [PSYoungGen: 263126K->1282K(256896K)] 687859K->426079K(943872K), 0.0037270 secs] [Times: user=0.02 sys=0.00, real=0.00 secs] 
2014-07-16T16:03:08.078+0000: 2502.399: [GC [PSYoungGen: 256834K->1182K(250432K)] 681631K->426059K(937408K), 0.0082350 secs] [Times: user=0.05 sys=0.01, real=0.01 secs] 
2014-07-16T16:03:08.893+0000: 2503.214: [GC [PSYoungGen: 250398K->1528K(244672K)] 675275K->426461K(931648K), 0.0053610 secs] [Times: user=0.03 sys=0.00, real=0.01 secs] 
2014-07-16T16:03:09.738+0000: 2504.060: [GC [PSYoungGen: 244664K->950K(238208K)] 669597K->425939K(925184K), 0.0075900 secs] [Times: user=0.04 sys=0.00, real=0.01 secs] 
2014-07-16T16:03:10.543+0000: 2504.864: [GC [PSYoungGen: 238198K->1264K(232896K)] 663187K->426333K(919872K), 0.0123570 secs] [Times: user=0.07 sys=0.00, real=0.02 secs] 
2014-07-16T16:03:11.368+0000: 2505.689: [GC [PSYoungGen: 232880K->1422K(227648K)] 657949K->426547K(914624K), 0.0076510 secs] [Times: user=0.04 sys=0.01, real=0.01 secs] 
2014-07-16T16:03:12.180+0000: 2506.501: [GC [PSYoungGen: 227598K->1250K(222208K)] 652723K->426447K(909184K), 0.0065090 secs] [Times: user=0.04 sys=0.00, real=0.01 secs] 
2014-07-16T16:03:12.892+0000: 2507.214: [GC [PSYoungGen: 222178K->1132K(266304K)] 647375K->426465K(953280K), 0.0127890 secs] [Times: user=0.09 sys=0.01, real=0.02 secs] 
2014-07-16T16:03:13.799+0000: 2508.120: [GC [PSYoungGen: 266284K->1132K(259584K)] 691617K->426537K(946560K), 0.0040280 secs] [Times: user=0.02 sys=0.00, real=0.01 secs] 
2014-07-16T16:03:14.730+0000: 2509.051: [GC [PSYoungGen: 259541K->1340K(253312K)] 684946K->427145K(940288K), 0.0096210 secs] [Times: user=0.06 sys=0.00, real=0.01 secs] 
2014-07-16T16:03:15.611+0000: 2509.932: [GC [PSYoungGen: 253308K->1604K(247424K)] 679113K->427465K(934400K), 0.0095140 secs] [Times: user=0.06 sys=0.01, real=0.01 secs] 
2014-07-16T16:03:16.403+0000: 2510.724: [GC [PSYoungGen: 247364K->890K(240704K)] 673225K->426823K(927680K), 0.0050130 secs] [Times: user=0.02 sys=0.00, real=0.01 secs] 
2014-07-16T16:03:17.259+0000: 2511.580: [GC [PSYoungGen: 240698K->1624K(235712K)] 666631K->427613K(922688K), 0.0043700 secs] [Times: user=0.02 sys=0.00, real=0.00 secs] 
2014-07-16T16:03:18.045+0000: 2512.366: [GC [PSYoungGen: 235671K->994K(229504K)] 661660K->427031K(916480K), 0.0117060 secs] [Times: user=0.08 sys=0.00, real=0.01 secs] 
2014-07-16T16:03:18.824+0000: 2513.146: [GC [PSYoungGen: 229474K->1748K(275968K)] 655511K->427857K(962944K), 0.0136500 secs] [Times: user=0.09 sys=0.00, real=0.01 secs] 
2014-07-16T16:03:19.768+0000: 2514.090: [GC [PSYoungGen: 275893K->932K(329984K)] 702002K->427129K(1016960K), 0.0101180 secs] [Times: user=0.07 sys=0.00, real=0.01 secs] 
2014-07-16T16:03:20.840+0000: 2515.161: [GC [PSYoungGen: 329956K->968K(320832K)] 756153K->427253K(1007808K), 0.0046550 secs] [Times: user=0.03 sys=0.00, real=0.01 secs] 
2014-07-16T16:03:21.895+0000: 2516.216: [GC [PSYoungGen: 320760K->1346K(312384K)] 747046K->427703K(999360K), 0.0061510 secs] [Times: user=0.04 sys=0.00, real=0.01 secs] 
2014-07-16T16:03:22.997+0000: 2517.318: [GC [PSYoungGen: 312322K->1018K(303552K)] 738679K->427463K(990528K), 0.0116370 secs] [Times: user=0.07 sys=0.00, real=0.01 secs] 
2014-07-16T16:03:24.038+0000: 2518.359: [GC [PSYoungGen: 303531K->1082K(295488K)] 729977K->427639K(982464K), 0.0088760 secs] [Times: user=0.07 sys=0.00, real=0.01 secs] 
2014-07-16T16:03:25.061+0000: 2519.382: [GC [PSYoungGen: 295479K->1132K(287744K)] 722036K->427769K(974720K), 0.0060890 secs] [Times: user=0.03 sys=0.00, real=0.01 secs] 
2014-07-16T16:03:25.990+0000: 2520.311: [GC [PSYoungGen: 287724K->1300K(280448K)] 714361K->428033K(967424K), 0.0045630 secs] [Times: user=0.02 sys=0.00, real=0.00 secs] 
2014-07-16T16:03:26.929+0000: 2521.251: [GC [PSYoungGen: 280402K->868K(272768K)] 707135K->427665K(959744K), 0.0124430 secs] [Times: user=0.08 sys=0.00, real=0.01 secs] 
2014-07-16T16:03:27.914+0000: 2522.236: [GC [PSYoungGen: 272740K->1150K(266048K)] 699537K->428027K(953024K), 0.0104180 secs] [Times: user=0.06 sys=0.00, real=0.01 secs] 
2014-07-16T16:03:28.889+0000: 2523.210: [GC [PSYoungGen: 266046K->886K(259136K)] 692923K->427843K(946112K), 0.0077660 secs] [Times: user=0.05 sys=0.01, real=0.01 secs] 
2014-07-16T16:03:29.879+0000: 2524.200: [GC [PSYoungGen: 259126K->1346K(253248K)] 686083K->428383K(940224K), 0.0061320 secs] [Times: user=0.03 sys=0.00, real=0.00 secs] 
2014-07-16T16:03:30.726+0000: 2525.047: [GC [PSYoungGen: 253186K->758K(246400K)] 680223K->427867K(933376K), 0.0073130 secs] [Times: user=0.04 sys=0.00, real=0.01 secs] 
2014-07-16T16:03:31.528+0000: 2525.850: [GC [PSYoungGen: 246390K->986K(240704K)] 673499K->428175K(927680K), 0.0042900 secs] [Times: user=0.02 sys=0.00, real=0.00 secs] 
2014-07-16T16:03:32.310+0000: 2526.631: [GC [PSYoungGen: 240621K->1104K(235072K)] 667810K->428357K(922048K), 0.0039330 secs] [Times: user=0.02 sys=0.00, real=0.00 secs] 
2014-07-16T16:03:33.066+0000: 2527.388: [GC [PSYoungGen: 235024K->1074K(229504K)] 662277K->428399K(916480K), 0.0045020 secs] [Times: user=0.02 sys=0.00, real=0.00 secs] 
2014-07-16T16:03:33.815+0000: 2528.136: [GC [PSYoungGen: 229490K->1218K(224384K)] 656815K->428615K(911360K), 0.0053530 secs] [Times: user=0.03 sys=0.00, real=0.01 secs] 
2014-07-16T16:03:34.630+0000: 2528.951: [GC [PSYoungGen: 224322K->1000K(219008K)] 651719K->428657K(905984K), 0.0107050 secs] [Times: user=0.07 sys=0.00, real=0.01 secs] 
2014-07-16T16:03:35.353+0000: 2529.674: [GC [PSYoungGen: 218984K->1474K(214528K)] 646641K->429195K(901504K), 0.0116940 secs] [Times: user=0.07 sys=0.00, real=0.01 secs] 
2014-07-16T16:03:36.034+0000: 2530.356: [GC [PSYoungGen: 214463K->812K(256448K)] 642184K->428767K(943424K), 0.0114350 secs] [Times: user=0.07 sys=0.00, real=0.01 secs] 
2014-07-16T16:03:36.911+0000: 2531.232: [GC [PSYoungGen: 256428K->836K(250176K)] 684383K->428855K(937152K), 0.0046190 secs] [Times: user=0.03 sys=0.00, real=0.00 secs] 
2014-07-16T16:03:37.766+0000: 2532.087: [GC [PSYoungGen: 250075K->1706K(300864K)] 678095K->429929K(987840K), 0.0165760 secs] [Times: user=0.11 sys=0.00, real=0.02 secs] 
2014-07-16T16:03:38.794+0000: 2533.115: [GC [PSYoungGen: 300842K->1146K(354816K)] 729065K->429449K(1041792K), 0.0082540 secs] [Times: user=0.05 sys=0.00, real=0.01 secs] 
2014-07-16T16:03:40.110+0000: 2534.432: [GC [PSYoungGen: 354009K->1136K(343872K)] 782313K->429495K(1030848K), 0.0044980 secs] [Times: user=0.02 sys=0.01, real=0.00 secs] 
2014-07-16T16:03:41.221+0000: 2535.542: [GC [PSYoungGen: 343820K->1318K(334336K)] 772180K->429757K(1021312K), 0.0062960 secs] [Times: user=0.04 sys=0.00, real=0.01 secs] 
2014-07-16T16:03:42.364+0000: 2536.686: [GC [PSYoungGen: 334310K->1126K(324800K)] 762749K->430019K(1011776K), 0.0047790 secs] [Times: user=0.02 sys=0.00, real=0.01 secs] 
2014-07-16T16:03:43.482+0000: 2537.803: [GC [PSYoungGen: 324740K->1104K(315840K)] 753634K->430077K(1002816K), 0.0042660 secs] [Times: user=0.02 sys=0.00, real=0.00 secs] 
2014-07-16T16:03:44.529+0000: 2538.850: [GC [PSYoungGen: 315779K->1572K(307648K)] 744753K->431021K(994624K), 0.0087240 secs] [Times: user=0.06 sys=0.00, real=0.00 secs] 
2014-07-16T16:03:45.654+0000: 2539.975: [GC [PSYoungGen: 307620K->1054K(298880K)] 737069K->430599K(985856K), 0.0069740 secs] [Times: user=0.04 sys=0.00, real=0.01 secs] 
2014-07-16T16:03:46.630+0000: 2540.952: [GC [PSYoungGen: 298846K->990K(290880K)] 728391K->430599K(977856K), 0.0063290 secs] [Times: user=0.04 sys=0.00, real=0.00 secs] 
2014-07-16T16:03:47.596+0000: 2541.917: [GC [PSYoungGen: 290846K->932K(283200K)] 720455K->430621K(970176K), 0.0094520 secs] [Times: user=0.06 sys=0.00, real=0.01 secs] 
2014-07-16T16:03:48.531+0000: 2542.853: [GC [PSYoungGen: 283172K->1172K(276096K)] 712861K->430941K(963072K), 0.0057800 secs] [Times: user=0.04 sys=0.00, real=0.00 secs] 
2014-07-16T16:03:49.503+0000: 2543.824: [GC [PSYoungGen: 276052K->1400K(269248K)] 705821K->431249K(956224K), 0.0089710 secs] [Times: user=0.06 sys=0.00, real=0.01 secs] 
2014-07-16T16:03:50.486+0000: 2544.807: [GC [PSYoungGen: 269240K->936K(262016K)] 699089K->430849K(948992K), 0.0107210 secs] [Times: user=0.07 sys=0.00, real=0.01 secs] 
2014-07-16T16:03:51.356+0000: 2545.678: [GC [PSYoungGen: 261990K->1654K(256192K)] 691904K->431615K(943168K), 0.0046390 secs] [Times: user=0.03 sys=0.00, real=0.01 secs] 
2014-07-16T16:03:52.232+0000: 2546.553: [GC [PSYoungGen: 256180K->1028K(249344K)] 686142K->431077K(936320K), 0.0128700 secs] [Times: user=0.09 sys=0.00, real=0.01 secs] 
2014-07-16T16:03:53.031+0000: 2547.353: [GC [PSYoungGen: 249284K->1432K(243648K)] 679333K->431553K(930624K), 0.0070260 secs] [Times: user=0.04 sys=0.00, real=0.00 secs] 
2014-07-16T16:03:53.919+0000: 2548.241: [GC [PSYoungGen: 243608K->1378K(237760K)] 673729K->431647K(924736K), 0.0096830 secs] [Times: user=0.02 sys=0.00, real=0.01 secs] 
2014-07-16T16:03:54.710+0000: 2549.031: [GC [PSYoungGen: 237730K->1086K(284736K)] 667999K->431419K(971712K), 0.0109770 secs] [Times: user=0.07 sys=0.00, real=0.02 secs] 
2014-07-16T16:03:55.701+0000: 2550.022: [GC [PSYoungGen: 284734K->1068K(277312K)] 715067K->431489K(964288K), 0.0070390 secs] [Times: user=0.04 sys=0.00, real=0.00 secs] 
2014-07-16T16:03:56.663+0000: 2550.985: [GC [PSYoungGen: 277292K->1090K(270272K)] 707713K->431583K(957248K), 0.0051860 secs] [Times: user=0.03 sys=0.00, real=0.00 secs] 
2014-07-16T16:03:57.554+0000: 2551.875: [GC [PSYoungGen: 270210K->776K(263104K)] 700703K->431325K(950080K), 0.0043570 secs] [Times: user=0.02 sys=0.00, real=0.00 secs] 
2014-07-16T16:03:58.427+0000: 2552.748: [GC [PSYoungGen: 263048K->1264K(256960K)] 693597K->431893K(943936K), 0.0144240 secs] [Times: user=0.09 sys=0.00, real=0.02 secs] 
2014-07-16T16:03:59.295+0000: 2553.617: [GC [PSYoungGen: 256944K->1204K(250560K)] 687573K->431913K(937536K), 0.0064960 secs] [Times: user=0.03 sys=0.00, real=0.01 secs] 
2014-07-16T16:04:00.229+0000: 2554.550: [GC [PSYoungGen: 250548K->1614K(300928K)] 681257K->432395K(987904K), 0.0171140 secs] [Times: user=0.09 sys=0.01, real=0.02 secs] 
2014-07-16T16:04:01.268+0000: 2555.590: [GC [PSYoungGen: 300878K->766K(344256K)] 731659K->432164K(1031232K), 0.0095820 secs] [Times: user=0.06 sys=0.00, real=0.01 secs] 
2014-07-16T16:04:02.482+0000: 2556.804: [GC [PSYoungGen: 344215K->1314K(335040K)] 775614K->432784K(1022016K), 0.0068580 secs] [Times: user=0.04 sys=0.00, real=0.00 secs] 
2014-07-16T16:04:03.602+0000: 2557.923: [GC [PSYoungGen: 335010K->548K(324864K)] 766480K->432520K(1011840K), 0.0098710 secs] [Times: user=0.07 sys=0.00, real=0.01 secs] 
2014-07-16T16:04:04.657+0000: 2558.978: [GC [PSYoungGen: 324836K->1382K(316672K)] 756808K->433442K(1003648K), 0.0052730 secs] [Times: user=0.04 sys=0.00, real=0.01 secs] 
2014-07-16T16:04:05.817+0000: 2560.139: [GC [PSYoungGen: 316646K->1436K(308096K)] 748706K->433732K(995072K), 0.0058340 secs] [Times: user=0.04 sys=0.00, real=0.01 secs] 
2014-07-16T16:04:06.835+0000: 2561.157: [GC [PSYoungGen: 308042K->1008K(299328K)] 740338K->433376K(986304K), 0.0081300 secs] [Times: user=0.06 sys=0.00, real=0.01 secs] 
2014-07-16T16:04:07.926+0000: 2562.248: [GC [PSYoungGen: 299312K->1268K(291584K)] 731680K->433766K(978560K), 0.0039890 secs] [Times: user=0.02 sys=0.00, real=0.00 secs] 
2014-07-16T16:04:08.917+0000: 2563.238: [GC [PSYoungGen: 291572K->914K(283584K)] 724070K->433492K(970560K), 0.0095240 secs] [Times: user=0.07 sys=0.00, real=0.01 secs] 
2014-07-16T16:04:09.882+0000: 2564.204: [GC [PSYoungGen: 283538K->768K(276032K)] 716116K->433450K(963008K), 0.0073030 secs] [Times: user=0.04 sys=0.00, real=0.00 secs] 
2014-07-16T16:04:10.797+0000: 2565.119: [GC [PSYoungGen: 276032K->726K(268928K)] 708714K->433464K(955904K), 0.0074750 secs] [Times: user=0.04 sys=0.00, real=0.01 secs] 
2014-07-16T16:04:11.704+0000: 2566.025: [GC [PSYoungGen: 268885K->1622K(263040K)] 701624K->434424K(950016K), 0.0063640 secs] [Times: user=0.04 sys=0.00, real=0.00 secs] 
2014-07-16T16:04:12.568+0000: 2566.889: [GC [PSYoungGen: 262998K->1504K(256384K)] 695800K->434378K(943360K), 0.0074560 secs] [Times: user=0.04 sys=0.00, real=0.01 secs] 
2014-07-16T16:04:13.413+0000: 2567.734: [GC [PSYoungGen: 256352K->704K(249280K)] 689226K->433674K(936256K), 0.0064180 secs] [Times: user=0.04 sys=0.00, real=0.00 secs] 
2014-07-16T16:04:14.198+0000: 2568.519: [GC [PSYoungGen: 249280K->2046K(244544K)] 682250K->435196K(931520K), 0.0061980 secs] [Times: user=0.02 sys=0.00, real=0.01 secs] 
2014-07-16T16:04:14.983+0000: 2569.304: [GC [PSYoungGen: 244541K->1394K(238080K)] 677692K->434826K(925056K), 0.0082790 secs] [Times: user=0.05 sys=0.00, real=0.01 secs] 
2014-07-16T16:04:15.819+0000: 2570.140: [GC [PSYoungGen: 238066K->872K(231936K)] 671498K->434376K(918912K), 0.0069690 secs] [Times: user=0.04 sys=0.00, real=0.01 secs] 
2014-07-16T16:04:16.552+0000: 2570.874: [GC [PSYoungGen: 231912K->2192K(227840K)] 665416K->435777K(914816K), 0.0080240 secs] [Times: user=0.05 sys=0.00, real=0.01 secs] 
2014-07-16T16:04:17.308+0000: 2571.629: [GC [PSYoungGen: 227792K->786K(221184K)] 661377K->434434K(908160K), 0.0085010 secs] [Times: user=0.05 sys=0.00, real=0.01 secs] 
2014-07-16T16:04:18.034+0000: 2572.355: [GC [PSYoungGen: 221138K->1276K(265728K)] 654786K->434972K(952704K), 0.0109370 secs] [Times: user=0.07 sys=0.00, real=0.01 secs] 
2014-07-16T16:04:18.973+0000: 2573.294: [GC [PSYoungGen: 265724K->1104K(258944K)] 699420K->434848K(945920K), 0.0063720 secs] [Times: user=0.03 sys=0.00, real=0.00 secs] 
2014-07-16T16:04:19.810+0000: 2574.132: [GC [PSYoungGen: 258896K->954K(252352K)] 692640K->434786K(939328K), 0.0083940 secs] [Times: user=0.06 sys=0.00, real=0.01 secs] 
2014-07-16T16:04:20.821+0000: 2575.142: [GC [PSYoungGen: 252346K->1054K(246336K)] 686178K->434958K(933312K), 0.0038300 secs] [Times: user=0.02 sys=0.00, real=0.01 secs] 
2014-07-16T16:04:21.591+0000: 2575.913: [GC [PSYoungGen: 246298K->1204K(240512K)] 680203K->435204K(927488K), 0.0063960 secs] [Times: user=0.04 sys=0.00, real=0.01 secs] 
2014-07-16T16:04:22.384+0000: 2576.705: [GC [PSYoungGen: 240500K->1386K(234944K)] 674500K->435450K(921920K), 0.0080960 secs] [Times: user=0.05 sys=0.00, real=0.00 secs] 
2014-07-16T16:04:23.141+0000: 2577.462: [GC [PSYoungGen: 234922K->960K(281216K)] 668986K->435096K(968192K), 0.0127400 secs] [Times: user=0.08 sys=0.00, real=0.02 secs] 
2014-07-16T16:04:24.060+0000: 2578.382: [GC [PSYoungGen: 281216K->1040K(274048K)] 715352K->435216K(961024K), 0.0040140 secs] [Times: user=0.02 sys=0.01, real=0.01 secs] 
2014-07-16T16:04:24.950+0000: 2579.271: [GC [PSYoungGen: 274000K->936K(266944K)] 708176K->435184K(953920K), 0.0073150 secs] [Times: user=0.05 sys=0.00, real=0.01 secs] 
2014-07-16T16:04:25.943+0000: 2580.264: [GC [PSYoungGen: 266920K->1090K(260416K)] 701168K->435394K(947392K), 0.0122980 secs] [Times: user=0.07 sys=0.00, real=0.02 secs] 
2014-07-16T16:04:26.759+0000: 2581.081: [GC [PSYoungGen: 260354K->1100K(253952K)] 694658K->435500K(940928K), 0.0058850 secs] [Times: user=0.04 sys=0.00, real=0.01 secs] 
2014-07-16T16:04:27.624+0000: 2581.945: [GC [PSYoungGen: 253900K->1276K(247872K)] 688300K->435732K(934848K), 0.0044400 secs] [Times: user=0.03 sys=0.00, real=0.01 secs] 
2014-07-16T16:04:28.440+0000: 2582.761: [GC [PSYoungGen: 247868K->1072K(241664K)] 682324K->435632K(928640K), 0.0064770 secs] [Times: user=0.04 sys=0.01, real=0.01 secs] 
2014-07-16T16:04:29.234+0000: 2583.556: [GC [PSYoungGen: 241648K->790K(235648K)] 676208K->435398K(922624K), 0.0083790 secs] [Times: user=0.05 sys=0.00, real=0.01 secs] 
2014-07-16T16:04:30.050+0000: 2584.371: [GC [PSYoungGen: 235606K->1386K(230656K)] 670214K->436034K(917632K), 0.0112380 secs] [Times: user=0.06 sys=0.00, real=0.01 secs] 
2014-07-16T16:04:31.007+0000: 2585.329: [GC [PSYoungGen: 230592K->1232K(225152K)] 665241K->435952K(912128K), 0.0063680 secs] [Times: user=0.03 sys=0.00, real=0.00 secs] 
2014-07-16T16:04:31.830+0000: 2586.152: [GC [PSYoungGen: 225104K->958K(269632K)] 659824K->436138K(956608K), 0.0152080 secs] [Times: user=0.09 sys=0.00, real=0.02 secs] 
2014-07-16T16:04:32.702+0000: 2587.024: [GC [PSYoungGen: 269630K->1768K(317760K)] 704810K->437229K(1004736K), 0.0069540 secs] [Times: user=0.05 sys=0.00, real=0.01 secs] 
2014-07-16T16:04:33.819+0000: 2588.140: [GC [PSYoungGen: 317736K->790K(308160K)] 753197K->436422K(995136K), 0.0073520 secs] [Times: user=0.05 sys=0.00, real=0.01 secs] 
2014-07-16T16:04:34.792+0000: 2589.114: [GC [PSYoungGen: 308108K->972K(300032K)] 743741K->436668K(987008K), 0.0043180 secs] [Times: user=0.02 sys=0.00, real=0.01 secs] 
2014-07-16T16:04:35.860+0000: 2590.181: [GC [PSYoungGen: 299979K->740K(291776K)] 735676K->436492K(978752K), 0.0054350 secs] [Times: user=0.02 sys=0.01, real=0.00 secs] 
2014-07-16T16:04:36.815+0000: 2591.136: [GC [PSYoungGen: 291748K->1404K(284736K)] 727500K->437213K(971712K), 0.0084470 secs] [Times: user=0.05 sys=0.00, real=0.01 secs] 
2014-07-16T16:04:37.768+0000: 2592.090: [GC [PSYoungGen: 284732K->722K(276736K)] 720541K->436586K(963712K), 0.0060240 secs] [Times: user=0.02 sys=0.00, real=0.00 secs] 
2014-07-16T16:04:38.676+0000: 2592.998: [GC [PSYoungGen: 276690K->790K(269696K)] 712554K->436718K(956672K), 0.0096320 secs] [Times: user=0.06 sys=0.00, real=0.01 secs] 
2014-07-16T16:04:39.549+0000: 2593.870: [GC [PSYoungGen: 269654K->850K(262912K)] 705582K->436842K(949888K), 0.0062010 secs] [Times: user=0.02 sys=0.00, real=0.00 secs] 
2014-07-16T16:04:40.439+0000: 2594.761: [GC [PSYoungGen: 262842K->1014K(256448K)] 698835K->437062K(943424K), 0.0075910 secs] [Times: user=0.04 sys=0.00, real=0.01 secs] 
2014-07-16T16:04:41.382+0000: 2595.703: [GC [PSYoungGen: 256438K->1574K(250688K)] 692486K->437663K(937664K), 0.0067750 secs] [Times: user=0.03 sys=0.00, real=0.01 secs] 
2014-07-16T16:04:42.258+0000: 2596.579: [GC [PSYoungGen: 250660K->1118K(244160K)] 686749K->437278K(931136K), 0.0105640 secs] [Times: user=0.06 sys=0.01, real=0.01 secs] 
2014-07-16T16:04:43.038+0000: 2597.360: [GC [PSYoungGen: 244126K->950K(238080K)] 680286K->437158K(925056K), 0.0101360 secs] [Times: user=0.06 sys=0.00, real=0.01 secs] 
2014-07-16T16:04:43.789+0000: 2598.111: [GC [PSYoungGen: 238009K->826K(285376K)] 674217K->437074K(972352K), 0.0091860 secs] [Times: user=0.05 sys=0.00, real=0.01 secs] 
2014-07-16T16:04:44.720+0000: 2599.041: [GC [PSYoungGen: 285279K->968K(278144K)] 721528K->437280K(965120K), 0.0067600 secs] [Times: user=0.05 sys=0.01, real=0.00 secs] 
2014-07-16T16:04:45.726+0000: 2600.047: [GC [PSYoungGen: 278088K->1000K(270976K)] 714400K->437376K(957952K), 0.0051590 secs] [Times: user=0.02 sys=0.00, real=0.01 secs] 
2014-07-16T16:04:46.612+0000: 2600.933: [GC [PSYoungGen: 270952K->1218K(264384K)] 707328K->437683K(951360K), 0.0049990 secs] [Times: user=0.03 sys=0.00, real=0.01 secs] 
2014-07-16T16:04:47.490+0000: 2601.811: [GC [PSYoungGen: 264322K->1140K(257664K)] 700787K->437676K(944640K), 0.0109570 secs] [Times: user=0.06 sys=0.00, real=0.01 secs] 
2014-07-16T16:04:48.357+0000: 2602.678: [GC [PSYoungGen: 257652K->1072K(251264K)] 694188K->437656K(938240K), 0.0100150 secs] [Times: user=0.07 sys=0.00, real=0.01 secs] 
2014-07-16T16:04:49.230+0000: 2603.551: [GC [PSYoungGen: 251248K->1650K(301888K)] 687832K->438445K(988864K), 0.0114620 secs] [Times: user=0.08 sys=0.00, real=0.01 secs] 
2014-07-16T16:04:50.288+0000: 2604.610: [GC [PSYoungGen: 301874K->620K(292800K)] 738669K->438517K(979776K), 0.0085560 secs] [Times: user=0.06 sys=0.00, real=0.00 secs] 
2014-07-16T16:04:51.322+0000: 2605.644: [GC [PSYoungGen: 292780K->1182K(285632K)] 730677K->439185K(972608K), 0.0043000 secs] [Times: user=0.02 sys=0.00, real=0.00 secs] 
2014-07-16T16:04:52.328+0000: 2606.650: [GC [PSYoungGen: 285598K->1150K(278144K)] 723601K->439523K(965120K), 0.0051690 secs] [Times: user=0.03 sys=0.00, real=0.00 secs] 
2014-07-16T16:04:53.259+0000: 2607.580: [GC [PSYoungGen: 278142K->1318K(271168K)] 716515K->439771K(958144K), 0.0087180 secs] [Times: user=0.06 sys=0.00, real=0.00 secs] 
2014-07-16T16:04:54.240+0000: 2608.562: [GC [PSYoungGen: 271134K->990K(264000K)] 709587K->439515K(950976K), 0.0069250 secs] [Times: user=0.05 sys=0.00, real=0.00 secs] 
2014-07-16T16:04:55.116+0000: 2609.438: [GC [PSYoungGen: 263966K->872K(257280K)] 702491K->439445K(944256K), 0.0084380 secs] [Times: user=0.05 sys=0.00, real=0.01 secs] 
2014-07-16T16:04:55.999+0000: 2610.320: [GC [PSYoungGen: 257230K->1654K(251712K)] 695803K->440323K(938688K), 0.0073110 secs] [Times: user=0.05 sys=0.00, real=0.01 secs] 
2014-07-16T16:04:56.839+0000: 2611.161: [GC [PSYoungGen: 251667K->658K(244608K)] 690336K->439415K(931584K), 0.0058220 secs] [Times: user=0.03 sys=0.00, real=0.00 secs] 
2014-07-16T16:04:57.632+0000: 2611.953: [GC [PSYoungGen: 244562K->958K(238976K)] 683319K->439787K(925952K), 0.0072750 secs] [Times: user=0.04 sys=0.00, real=0.01 secs] 
2014-07-16T16:04:58.448+0000: 2612.769: [GC [PSYoungGen: 238974K->1164K(233536K)] 677803K->440073K(920512K), 0.0086470 secs] [Times: user=0.06 sys=0.00, real=0.01 secs] 
2014-07-16T16:04:59.233+0000: 2613.555: [GC [PSYoungGen: 233484K->868K(227712K)] 672393K->439833K(914688K), 0.0053630 secs] [Times: user=0.02 sys=0.01, real=0.00 secs] 
2014-07-16T16:04:59.971+0000: 2614.292: [GC [PSYoungGen: 227684K->658K(222272K)] 666649K->439663K(909248K), 0.0116080 secs] [Times: user=0.06 sys=0.00, real=0.01 secs] 
2014-07-16T16:05:00.717+0000: 2615.038: [GC [PSYoungGen: 222226K->1114K(267072K)] 661231K->440159K(954048K), 0.0153710 secs] [Times: user=0.09 sys=0.00, real=0.03 secs] 
2014-07-16T16:05:01.829+0000: 2616.151: [GC [PSYoungGen: 267034K->1054K(300352K)] 706079K->440139K(987328K), 0.0118540 secs] [Times: user=0.07 sys=0.00, real=0.02 secs] 
2014-07-16T16:05:02.834+0000: 2617.155: [GC [PSYoungGen: 299614K->1004K(320896K)] 738699K->440169K(1007872K), 0.0057680 secs] [Times: user=0.03 sys=0.00, real=0.00 secs] 
2014-07-16T16:05:04.005+0000: 2618.326: [GC [PSYoungGen: 320172K->818K(311232K)] 759337K->440079K(998208K), 0.0078810 secs] [Times: user=0.05 sys=0.01, real=0.01 secs] 
2014-07-16T16:05:05.034+0000: 2619.355: [GC [PSYoungGen: 311218K->866K(302848K)] 750479K->440661K(989824K), 0.0047660 secs] [Times: user=0.02 sys=0.00, real=0.00 secs] 
2014-07-16T16:05:06.110+0000: 2620.431: [GC [PSYoungGen: 302818K->1418K(295296K)] 742613K->441253K(982272K), 0.0064600 secs] [Times: user=0.03 sys=0.00, real=0.01 secs] 
2014-07-16T16:05:07.035+0000: 2621.356: [GC [PSYoungGen: 295242K->1140K(287168K)] 735077K->441791K(974144K), 0.0079130 secs] [Times: user=0.05 sys=0.00, real=0.01 secs] 
2014-07-16T16:05:07.964+0000: 2622.285: [GC [PSYoungGen: 287111K->1342K(279872K)] 727762K->442041K(966848K), 0.0108130 secs] [Times: user=0.07 sys=0.00, real=0.01 secs] 
2014-07-16T16:05:08.854+0000: 2623.175: [GC [PSYoungGen: 279858K->840K(272192K)] 720557K->441751K(959168K), 0.0101850 secs] [Times: user=0.06 sys=0.00, real=0.01 secs] 
2014-07-16T16:05:09.732+0000: 2624.053: [GC [PSYoungGen: 272136K->708K(265152K)] 713047K->441675K(952128K), 0.0056520 secs] [Times: user=0.02 sys=0.00, real=0.00 secs] 
2014-07-16T16:05:10.610+0000: 2624.932: [GC [PSYoungGen: 265092K->1054K(258816K)] 706059K->442101K(945792K), 0.0078600 secs] [Times: user=0.05 sys=0.00, real=0.01 secs] 
2014-07-16T16:05:11.558+0000: 2625.879: [GC [PSYoungGen: 258723K->1290K(252672K)] 699770K->442401K(939648K), 0.0080080 secs] [Times: user=0.05 sys=0.00, real=0.01 secs] 
2014-07-16T16:05:12.403+0000: 2626.724: [GC [PSYoungGen: 252581K->740K(245952K)] 693692K->441915K(932928K), 0.0073540 secs] [Times: user=0.04 sys=0.00, real=0.00 secs] 
2014-07-16T16:05:13.280+0000: 2627.601: [GC [PSYoungGen: 245924K->1200K(240448K)] 687099K->442439K(927424K), 0.0087460 secs] [Times: user=0.04 sys=0.01, real=0.01 secs] 
2014-07-16T16:05:14.128+0000: 2628.449: [GC [PSYoungGen: 240333K->1550K(235136K)] 681572K->442861K(922112K), 0.0093690 secs] [Times: user=0.06 sys=0.00, real=0.01 secs] 
2014-07-16T16:05:14.897+0000: 2629.219: [GC [PSYoungGen: 235075K->836K(228928K)] 676386K->442219K(915904K), 0.0092630 secs] [Times: user=0.05 sys=0.01, real=0.01 secs] 
2014-07-16T16:05:15.640+0000: 2629.961: [GC [PSYoungGen: 228868K->1104K(223872K)] 670251K->442567K(910848K), 0.0071280 secs] [Times: user=0.05 sys=0.00, real=0.01 secs] 
2014-07-16T16:05:16.402+0000: 2630.724: [GC [PSYoungGen: 223794K->972K(218624K)] 665257K->442507K(905600K), 0.0042900 secs] [Times: user=0.03 sys=0.00, real=0.00 secs] 
2014-07-16T16:05:17.089+0000: 2631.410: [GC [PSYoungGen: 218571K->1010K(213696K)] 660106K->442616K(900672K), 0.0040880 secs] [Times: user=0.02 sys=0.00, real=0.01 secs] 
2014-07-16T16:05:17.769+0000: 2632.091: [GC [PSYoungGen: 213682K->1304K(209216K)] 655288K->442975K(896192K), 0.0084900 secs] [Times: user=0.05 sys=0.00, real=0.01 secs] 
2014-07-16T16:05:18.454+0000: 2632.775: [GC [PSYoungGen: 209176K->868K(204160K)] 650847K->442579K(891136K), 0.0083540 secs] [Times: user=0.05 sys=0.00, real=0.01 secs] 
2014-07-16T16:05:19.159+0000: 2633.480: [GC [PSYoungGen: 204132K->640K(244608K)] 645843K->442390K(931584K), 0.0102650 secs] [Times: user=0.05 sys=0.01, real=0.01 secs] 
2014-07-16T16:05:19.962+0000: 2634.284: [GC [PSYoungGen: 244608K->1438K(294272K)] 686358K->443261K(981248K), 0.0130460 secs] [Times: user=0.08 sys=0.00, real=0.02 secs] 
2014-07-16T16:05:20.924+0000: 2635.245: [GC [PSYoungGen: 294238K->1472K(305856K)] 736061K->443375K(992832K), 0.0152120 secs] [Times: user=0.09 sys=0.00, real=0.01 secs] 
2014-07-16T16:05:21.918+0000: 2636.239: [GC [PSYoungGen: 305472K->936K(353344K)] 747375K->442919K(1040320K), 0.0046950 secs] [Times: user=0.02 sys=0.00, real=0.00 secs] 
2014-07-16T16:05:23.083+0000: 2637.404: [GC [PSYoungGen: 352359K->982K(353280K)] 794342K->443029K(1040256K), 0.0126670 secs] [Times: user=0.08 sys=0.00, real=0.01 secs] 
2014-07-16T16:05:24.336+0000: 2638.658: [GC [PSYoungGen: 352406K->1682K(423360K)] 794453K->443809K(1110336K), 0.0108250 secs] [Times: user=0.07 sys=0.01, real=0.01 secs] 
2014-07-16T16:05:25.766+0000: 2640.088: [GC [PSYoungGen: 423250K->1438K(409984K)] 865377K->443661K(1096960K), 0.0078100 secs] [Times: user=0.05 sys=0.00, real=0.01 secs] 
2014-07-16T16:05:27.198+0000: 2641.519: [GC [PSYoungGen: 409950K->548K(396608K)] 852173K->442869K(1083584K), 0.0052510 secs] [Times: user=0.01 sys=0.00, real=0.00 secs] 
2014-07-16T16:05:28.523+0000: 2642.844: [GC [PSYoungGen: 396580K->1504K(385600K)] 838901K->443881K(1072576K), 0.0067660 secs] [Times: user=0.04 sys=0.00, real=0.01 secs] 
2014-07-16T16:05:29.786+0000: 2644.108: [GC [PSYoungGen: 385566K->722K(373376K)] 827943K->443171K(1060352K), 0.0103970 secs] [Times: user=0.07 sys=0.01, real=0.01 secs] 
2014-07-16T16:05:31.026+0000: 2645.347: [GC [PSYoungGen: 373330K->1218K(362880K)] 815779K->443739K(1049856K), 0.0038620 secs] [Times: user=0.02 sys=0.00, real=0.00 secs] 
2014-07-16T16:05:32.330+0000: 2646.651: [GC [PSYoungGen: 362786K->1072K(352192K)] 805307K->443689K(1039168K), 0.0035530 secs] [Times: user=0.02 sys=0.00, real=0.00 secs] 
2014-07-16T16:05:33.492+0000: 2647.814: [GC [PSYoungGen: 352176K->1914K(342912K)] 794793K->444571K(1029888K), 0.0057620 secs] [Times: user=0.03 sys=0.00, real=0.01 secs] 
2014-07-16T16:05:34.763+0000: 2649.085: [GC [PSYoungGen: 342906K->880K(332224K)] 785563K->444227K(1019200K), 0.0062190 secs] [Times: user=0.04 sys=0.01, real=0.01 secs] 
2014-07-16T16:05:35.927+0000: 2650.248: [GC [PSYoungGen: 332208K->808K(322880K)] 775555K->444195K(1009856K), 0.0142770 secs] [Times: user=0.08 sys=0.00, real=0.01 secs] 
2014-07-16T16:05:37.008+0000: 2651.329: [GC [PSYoungGen: 322856K->1108K(314304K)] 766243K->444609K(1001280K), 0.0126930 secs] [Times: user=0.08 sys=0.00, real=0.01 secs] 
2014-07-16T16:05:38.011+0000: 2652.332: [GC [PSYoungGen: 314260K->1172K(305792K)] 757761K->444769K(992768K), 0.0099300 secs] [Times: user=0.05 sys=0.00, real=0.01 secs] 
2014-07-16T16:05:38.992+0000: 2653.314: [GC [PSYoungGen: 305743K->886K(297280K)] 749340K->444563K(984256K), 0.0128780 secs] [Times: user=0.08 sys=0.01, real=0.02 secs] 
2014-07-16T16:05:39.943+0000: 2654.264: [GC [PSYoungGen: 297270K->1844K(290368K)] 740947K->445577K(977344K), 0.0078020 secs] [Times: user=0.05 sys=0.00, real=0.01 secs] 
2014-07-16T16:05:40.907+0000: 2655.228: [GC [PSYoungGen: 290356K->1272K(282176K)] 734089K->445177K(969152K), 0.0060920 secs] [Times: user=0.03 sys=0.00, real=0.00 secs] 
2014-07-16T16:05:41.885+0000: 2656.207: [GC [PSYoungGen: 282168K->1136K(274752K)] 726073K->445121K(961728K), 0.0061720 secs] [Times: user=0.04 sys=0.00, real=0.01 secs] 
2014-07-16T16:05:42.835+0000: 2657.156: [GC [PSYoungGen: 274728K->722K(267328K)] 718713K->444747K(954304K), 0.0072790 secs] [Times: user=0.02 sys=0.00, real=0.01 secs] 
2014-07-16T16:05:43.779+0000: 2658.100: [GC [PSYoungGen: 267282K->1032K(260928K)] 711307K->445137K(947904K), 0.0108020 secs] [Times: user=0.06 sys=0.00, real=0.01 secs] 
2014-07-16T16:05:44.753+0000: 2659.075: [GC [PSYoungGen: 260872K->1118K(254528K)] 704977K->445287K(941504K), 0.0102660 secs] [Times: user=0.06 sys=0.01, real=0.01 secs] 
2014-07-16T16:05:45.631+0000: 2659.952: [GC [PSYoungGen: 254494K->836K(248000K)] 698663K->445069K(934976K), 0.0062130 secs] [Times: user=0.04 sys=0.00, real=0.01 secs] 
2014-07-16T16:05:46.607+0000: 2660.929: [GC [PSYoungGen: 247940K->904K(242048K)] 692173K->445201K(929024K), 0.0068720 secs] [Times: user=0.05 sys=0.00, real=0.00 secs] 
2014-07-16T16:05:47.403+0000: 2661.724: [GC [PSYoungGen: 241992K->1578K(236864K)] 686289K->445939K(923840K), 0.0101940 secs] [Times: user=0.07 sys=0.00, real=0.01 secs] 
2014-07-16T16:05:48.202+0000: 2662.523: [GC [PSYoungGen: 236842K->950K(230656K)] 681203K->445399K(917632K), 0.0063400 secs] [Times: user=0.04 sys=0.01, real=0.01 secs] 
2014-07-16T16:05:48.921+0000: 2663.242: [GC [PSYoungGen: 230624K->1518K(225856K)] 675073K->446047K(912832K), 0.0046590 secs] [Times: user=0.02 sys=0.00, real=0.00 secs] 
2014-07-16T16:05:49.638+0000: 2663.959: [GC [PSYoungGen: 225838K->762K(269952K)] 670367K->445339K(956928K), 0.0119000 secs] [Times: user=0.08 sys=0.00, real=0.01 secs] 
2014-07-16T16:05:50.529+0000: 2664.850: [GC [PSYoungGen: 269946K->708K(263104K)] 714523K->445357K(950080K), 0.0073930 secs] [Times: user=0.05 sys=0.00, real=0.00 secs] 
2014-07-16T16:05:51.385+0000: 2665.707: [GC [PSYoungGen: 263009K->1254K(257024K)] 707658K->445975K(944000K), 0.0066410 secs] [Times: user=0.04 sys=0.00, real=0.01 secs] 
2014-07-16T16:05:52.265+0000: 2666.586: [GC [PSYoungGen: 256998K->850K(250304K)] 701719K->445659K(937280K), 0.0041120 secs] [Times: user=0.02 sys=0.00, real=0.01 secs] 
2014-07-16T16:05:53.072+0000: 2667.393: [GC [PSYoungGen: 250236K->912K(300288K)] 695045K->445777K(987264K), 0.0146060 secs] [Times: user=0.08 sys=0.00, real=0.01 secs] 
2014-07-16T16:05:54.085+0000: 2668.407: [GC [PSYoungGen: 300240K->800K(292160K)] 745105K->445737K(979136K), 0.0067630 secs] [Times: user=0.05 sys=0.00, real=0.01 secs] 
2014-07-16T16:05:55.078+0000: 2669.400: [GC [PSYoungGen: 292128K->1000K(284672K)] 737065K->446001K(971648K), 0.0112500 secs] [Times: user=0.07 sys=0.00, real=0.01 secs] 
2014-07-16T16:05:56.044+0000: 2670.366: [GC [PSYoungGen: 284613K->1186K(341632K)] 729614K->446259K(1028608K), 0.0108860 secs] [Times: user=0.07 sys=0.00, real=0.01 secs] 
2014-07-16T16:05:57.259+0000: 2671.580: [GC [PSYoungGen: 341602K->1350K(332160K)] 786675K->446511K(1019136K), 0.0091380 secs] [Times: user=0.07 sys=0.00, real=0.01 secs] 
2014-07-16T16:05:58.336+0000: 2672.657: [GC [PSYoungGen: 332066K->1304K(322816K)] 777228K->446545K(1009792K), 0.0104960 secs] [Times: user=0.07 sys=0.00, real=0.01 secs] 
2014-07-16T16:05:59.378+0000: 2673.699: [GC [PSYoungGen: 322773K->772K(313408K)] 768014K->446085K(1000384K), 0.0034880 secs] [Times: user=0.02 sys=0.00, real=0.01 secs] 
2014-07-16T16:06:00.417+0000: 2674.739: [GC [PSYoungGen: 313348K->1464K(305536K)] 758661K->446865K(992512K), 0.0037480 secs] [Times: user=0.02 sys=0.00, real=0.01 secs] 
2014-07-16T16:06:01.417+0000: 2675.738: [GC [PSYoungGen: 305528K->626K(296512K)] 750929K->446083K(983488K), 0.0039780 secs] [Times: user=0.03 sys=0.00, real=0.01 secs] 
2014-07-16T16:06:02.447+0000: 2676.769: [GC [PSYoungGen: 296498K->1218K(289280K)] 741955K->446755K(976256K), 0.0088360 secs] [Times: user=0.05 sys=0.00, real=0.01 secs] 
2014-07-16T16:06:03.382+0000: 2677.703: [GC [PSYoungGen: 289218K->826K(281280K)] 734755K->446419K(968256K), 0.0093450 secs] [Times: user=0.06 sys=0.00, real=0.01 secs] 
2014-07-16T16:06:04.329+0000: 2678.651: [GC [PSYoungGen: 281257K->1542K(274752K)] 726850K->447191K(961728K), 0.0062230 secs] [Times: user=0.02 sys=0.01, real=0.00 secs] 
2014-07-16T16:06:05.248+0000: 2679.569: [GC [PSYoungGen: 274694K->1340K(267520K)] 720343K->447175K(954496K), 0.0099610 secs] [Times: user=0.07 sys=0.00, real=0.01 secs] 
2014-07-16T16:06:06.130+0000: 2680.451: [GC [PSYoungGen: 267514K->1678K(261184K)] 713350K->447569K(948160K), 0.0043770 secs] [Times: user=0.03 sys=0.00, real=0.01 secs] 
2014-07-16T16:06:07.186+0000: 2681.508: [GC [PSYoungGen: 261134K->940K(253952K)] 707025K->447025K(940928K), 0.0108120 secs] [Times: user=0.06 sys=0.00, real=0.01 secs] 
2014-07-16T16:06:08.065+0000: 2682.386: [GC [PSYoungGen: 253932K->1040K(247872K)] 700017K->447165K(934848K), 0.0088740 secs] [Times: user=0.03 sys=0.00, real=0.01 secs] 
2014-07-16T16:06:08.880+0000: 2683.201: [GC [PSYoungGen: 247824K->1178K(241984K)] 693949K->447343K(928960K), 0.0115720 secs] [Times: user=0.06 sys=0.00, real=0.02 secs] 
2014-07-16T16:06:09.709+0000: 2684.031: [GC [PSYoungGen: 241911K->1196K(290176K)] 688076K->447457K(977152K), 0.0100980 secs] [Times: user=0.07 sys=0.00, real=0.01 secs] 
2014-07-16T16:06:10.690+0000: 2685.011: [GC [PSYoungGen: 290156K->1464K(282816K)] 736417K->447829K(969792K), 0.0057020 secs] [Times: user=0.02 sys=0.00, real=0.01 secs] 
2014-07-16T16:06:11.634+0000: 2685.955: [GC [PSYoungGen: 282808K->808K(274880K)] 729173K->447229K(961856K), 0.0110760 secs] [Times: user=0.07 sys=0.00, real=0.01 secs] 
2014-07-16T16:06:12.585+0000: 2686.907: [GC [PSYoungGen: 274856K->904K(267968K)] 721277K->447397K(954944K), 0.0072390 secs] [Times: user=0.05 sys=0.00, real=0.01 secs] 
2014-07-16T16:06:13.503+0000: 2687.825: [GC [PSYoungGen: 267878K->808K(261056K)] 714371K->447365K(948032K), 0.0084020 secs] [Times: user=0.06 sys=0.00, real=0.01 secs] 
2014-07-16T16:06:14.359+0000: 2688.680: [GC [PSYoungGen: 261032K->1246K(254976K)] 707589K->447875K(941952K), 0.0055660 secs] [Times: user=0.03 sys=0.01, real=0.01 secs] 
2014-07-16T16:06:15.216+0000: 2689.537: [GC [PSYoungGen: 254942K->1250K(248704K)] 701571K->447943K(935680K), 0.0059820 secs] [Times: user=0.03 sys=0.00, real=0.01 secs] 
2014-07-16T16:06:16.104+0000: 2690.425: [GC [PSYoungGen: 248674K->1196K(242624K)] 695367K->448017K(929600K), 0.0062400 secs] [Times: user=0.02 sys=0.00, real=0.00 secs] 
2014-07-16T16:06:17.039+0000: 2691.361: [GC [PSYoungGen: 242604K->1688K(237312K)] 689425K->448565K(924288K), 0.0102740 secs] [Times: user=0.06 sys=0.00, real=0.01 secs] 
2014-07-16T16:06:17.829+0000: 2692.151: [GC [PSYoungGen: 237194K->812K(230848K)] 684071K->448359K(917824K), 0.0053280 secs] [Times: user=0.03 sys=0.00, real=0.01 secs] 
2014-07-16T16:06:18.650+0000: 2692.972: [GC [PSYoungGen: 230793K->1118K(225792K)] 678341K->448745K(912768K), 0.0057330 secs] [Times: user=0.03 sys=0.00, real=0.01 secs] 
2014-07-16T16:06:19.389+0000: 2693.710: [GC [PSYoungGen: 225729K->1286K(220800K)] 673356K->449167K(907776K), 0.0082640 secs] [Times: user=0.05 sys=0.01, real=0.01 secs] 
2014-07-16T16:06:20.137+0000: 2694.458: [GC [PSYoungGen: 220742K->1300K(215808K)] 668623K->449261K(902784K), 0.0056370 secs] [Times: user=0.02 sys=0.00, real=0.01 secs] 
2014-07-16T16:06:20.877+0000: 2695.199: [GC [PSYoungGen: 215748K->840K(210496K)] 663710K->448849K(897472K), 0.0052340 secs] [Times: user=0.02 sys=0.00, real=0.01 secs] 
2014-07-16T16:06:21.587+0000: 2695.908: [GC [PSYoungGen: 210424K->1104K(206080K)] 658434K->449177K(893056K), 0.0097780 secs] [Times: user=0.06 sys=0.00, real=0.01 secs] 
2014-07-16T16:06:22.369+0000: 2696.691: [GC [PSYoungGen: 205982K->1708K(247680K)] 654055K->449901K(934656K), 0.0112120 secs] [Times: user=0.07 sys=0.00, real=0.01 secs] 
2014-07-16T16:06:23.200+0000: 2697.521: [GC [PSYoungGen: 247660K->1136K(296320K)] 695853K->449393K(983296K), 0.0100750 secs] [Times: user=0.07 sys=0.00, real=0.01 secs] 
2014-07-16T16:06:24.162+0000: 2698.483: [GC [PSYoungGen: 296271K->772K(288128K)] 744529K->449101K(975104K), 0.0069370 secs] [Times: user=0.04 sys=0.01, real=0.00 secs] 
2014-07-16T16:06:25.191+0000: 2699.512: [GC [PSYoungGen: 288068K->1172K(280960K)] 736397K->449549K(967936K), 0.0084080 secs] [Times: user=0.05 sys=0.01, real=0.01 secs] 
2014-07-16T16:06:26.174+0000: 2700.496: [GC [PSYoungGen: 280914K->1250K(273792K)] 729291K->449707K(960768K), 0.0078890 secs] [Times: user=0.05 sys=0.00, real=0.00 secs] 
2014-07-16T16:06:27.154+0000: 2701.475: [GC [PSYoungGen: 273762K->1104K(266688K)] 722219K->449633K(953664K), 0.0080880 secs] [Times: user=0.05 sys=0.00, real=0.00 secs] 
2014-07-16T16:06:28.170+0000: 2702.492: [GC [PSYoungGen: 266640K->994K(259840K)] 715169K->449579K(946816K), 0.0073560 secs] [Times: user=0.04 sys=0.00, real=0.01 secs] 
2014-07-16T16:06:29.043+0000: 2703.364: [GC [PSYoungGen: 259810K->1524K(253888K)] 708395K->450197K(940864K), 0.0065590 secs] [Times: user=0.04 sys=0.00, real=0.00 secs] 
2014-07-16T16:06:29.832+0000: 2704.153: [GC [PSYoungGen: 253876K->1012K(247168K)] 702549K->449765K(934144K), 0.0072360 secs] [Times: user=0.05 sys=0.00, real=0.01 secs] 
2014-07-16T16:06:30.643+0000: 2704.964: [GC [PSYoungGen: 247156K->1022K(241216K)] 695909K->449855K(928192K), 0.0094050 secs] [Times: user=0.06 sys=0.00, real=0.01 secs] 
2014-07-16T16:06:31.417+0000: 2705.739: [GC [PSYoungGen: 241211K->690K(235136K)] 690045K->449619K(922112K), 0.0067160 secs] [Times: user=0.04 sys=0.00, real=0.01 secs] 
2014-07-16T16:06:32.321+0000: 2706.642: [GC [PSYoungGen: 235122K->904K(229824K)] 684051K->449921K(916800K), 0.0036540 secs] [Times: user=0.03 sys=0.00, real=0.01 secs] 
2014-07-16T16:06:33.031+0000: 2707.352: [GC [PSYoungGen: 229767K->1336K(224832K)] 678784K->450417K(911808K), 0.0047600 secs] [Times: user=0.02 sys=0.00, real=0.01 secs] 
2014-07-16T16:06:33.743+0000: 2708.065: [GC [PSYoungGen: 224793K->1050K(219392K)] 673875K->450219K(906368K), 0.0048890 secs] [Times: user=0.02 sys=0.00, real=0.01 secs] 
2014-07-16T16:06:34.462+0000: 2708.784: [GC [PSYoungGen: 219332K->1208K(214528K)] 668502K->450449K(901504K), 0.0094490 secs] [Times: user=0.06 sys=0.00, real=0.01 secs] 
2014-07-16T16:06:35.240+0000: 2709.561: [GC [PSYoungGen: 214520K->1454K(209984K)] 663761K->450767K(896960K), 0.0072240 secs] [Times: user=0.05 sys=0.01, real=0.01 secs] 
2014-07-16T16:06:35.976+0000: 2710.298: [GC [PSYoungGen: 209966K->804K(251072K)] 659279K->450261K(938048K), 0.0137230 secs] [Times: user=0.09 sys=0.00, real=0.01 secs] 
2014-07-16T16:06:36.819+0000: 2711.140: [GC [PSYoungGen: 251044K->918K(301248K)] 700501K->450447K(988224K), 0.0060430 secs] [Times: user=0.03 sys=0.00, real=0.01 secs] 
2014-07-16T16:06:37.871+0000: 2712.192: [GC [PSYoungGen: 301206K->1136K(293376K)] 750735K->450753K(980352K), 0.0086160 secs] [Times: user=0.04 sys=0.00, real=0.01 secs] 
2014-07-16T16:06:38.967+0000: 2713.288: [GC [PSYoungGen: 293360K->1592K(286080K)] 742977K->451297K(973056K), 0.0114190 secs] [Times: user=0.07 sys=0.00, real=0.01 secs] 
2014-07-16T16:06:39.914+0000: 2714.236: [GC [PSYoungGen: 286072K->766K(277824K)] 735777K->450737K(964800K), 0.0077860 secs] [Times: user=0.05 sys=0.00, real=0.01 secs] 
2014-07-16T16:06:40.874+0000: 2715.196: [GC [PSYoungGen: 277820K->1300K(271232K)] 727791K->451351K(958208K), 0.0094580 secs] [Times: user=0.06 sys=0.01, real=0.01 secs] 
2014-07-16T16:06:41.798+0000: 2716.119: [GC [PSYoungGen: 271188K->1086K(264128K)] 721239K->451359K(951104K), 0.0063400 secs] [Times: user=0.04 sys=0.00, real=0.00 secs] 
2014-07-16T16:06:42.750+0000: 2717.072: [GC [PSYoungGen: 264126K->1214K(257664K)] 714399K->451551K(944640K), 0.0087860 secs] [Times: user=0.05 sys=0.00, real=0.01 secs] 
2014-07-16T16:06:43.595+0000: 2717.916: [GC [PSYoungGen: 257662K->1190K(251328K)] 707999K->451789K(938304K), 0.0063630 secs] [Times: user=0.04 sys=0.00, real=0.00 secs] 
2014-07-16T16:06:44.502+0000: 2718.823: [GC [PSYoungGen: 251302K->1040K(245056K)] 701901K->451695K(932032K), 0.0048360 secs] [Times: user=0.03 sys=0.00, real=0.01 secs] 
2014-07-16T16:06:45.298+0000: 2719.619: [GC [PSYoungGen: 245008K->1214K(239296K)] 695663K->452187K(926272K), 0.0072480 secs] [Times: user=0.04 sys=0.00, real=0.01 secs] 
2014-07-16T16:06:46.124+0000: 2720.446: [GC [PSYoungGen: 239294K->886K(233280K)] 690267K->451963K(920256K), 0.0082450 secs] [Times: user=0.04 sys=0.00, real=0.01 secs] 
2014-07-16T16:06:46.918+0000: 2721.240: [GC [PSYoungGen: 233212K->968K(227904K)] 684289K->452125K(914880K), 0.0106330 secs] [Times: user=0.08 sys=0.00, real=0.01 secs] 
2014-07-16T16:06:47.785+0000: 2722.107: [GC [PSYoungGen: 227848K->1028K(273344K)] 679005K->452265K(960320K), 0.0141580 secs] [Times: user=0.10 sys=0.00, real=0.02 secs] 
2014-07-16T16:06:48.779+0000: 2723.100: [GC [PSYoungGen: 273284K->1232K(266560K)] 724521K->452557K(953536K), 0.0041950 secs] [Times: user=0.02 sys=0.00, real=0.00 secs] 
2014-07-16T16:06:49.728+0000: 2724.050: [GC [PSYoungGen: 266512K->1710K(260288K)] 717837K->453189K(947264K), 0.0084790 secs] [Times: user=0.05 sys=0.00, real=0.01 secs] 
2014-07-16T16:06:50.578+0000: 2724.900: [GC [PSYoungGen: 260270K->502K(252608K)] 711749K->452589K(939584K), 0.0082580 secs] [Times: user=0.05 sys=0.00, real=0.01 secs] 
2014-07-16T16:06:51.406+0000: 2725.727: [GC [PSYoungGen: 252598K->1154K(247104K)] 704685K->453298K(934080K), 0.0089650 secs] [Times: user=0.05 sys=0.00, real=0.00 secs] 
2014-07-16T16:06:52.347+0000: 2726.668: [GC [PSYoungGen: 247042K->1830K(241792K)] 699186K->454402K(928768K), 0.0057530 secs] [Times: user=0.02 sys=0.00, real=0.01 secs] 
2014-07-16T16:06:53.189+0000: 2727.510: [GC [PSYoungGen: 241756K->1156K(235392K)] 694328K->453824K(922368K), 0.0093550 secs] [Times: user=0.06 sys=0.00, real=0.01 secs] 
2014-07-16T16:06:54.044+0000: 2728.365: [GC [PSYoungGen: 235332K->594K(229248K)] 688000K->453350K(916224K), 0.0070960 secs] [Times: user=0.04 sys=0.00, real=0.01 secs] 
2014-07-16T16:06:54.882+0000: 2729.203: [GC [PSYoungGen: 229202K->1140K(224448K)] 681958K->453968K(911424K), 0.0086970 secs] [Times: user=0.06 sys=0.00, real=0.01 secs] 
2014-07-16T16:06:55.717+0000: 2730.039: [GC [PSYoungGen: 224404K->744K(218944K)] 677232K->453636K(905920K), 0.0040350 secs] [Times: user=0.02 sys=0.00, real=0.00 secs] 
2014-07-16T16:06:56.525+0000: 2730.846: [GC [PSYoungGen: 218920K->1486K(214720K)] 671812K->454458K(901696K), 0.0084540 secs] [Times: user=0.05 sys=0.00, real=0.01 secs] 
2014-07-16T16:06:57.308+0000: 2731.629: [GC [PSYoungGen: 214644K->1154K(209600K)] 667617K->454158K(896576K), 0.0054350 secs] [Times: user=0.02 sys=0.00, real=0.00 secs] 
2014-07-16T16:06:58.121+0000: 2732.442: [GC [PSYoungGen: 209538K->850K(204672K)] 662542K->453910K(891648K), 0.0113250 secs] [Times: user=0.05 sys=0.00, real=0.01 secs] 
2014-07-16T16:06:58.917+0000: 2733.238: [GC [PSYoungGen: 204626K->1610K(200960K)] 657686K->454734K(887936K), 0.0061910 secs] [Times: user=0.03 sys=0.00, real=0.01 secs] 
2014-07-16T16:06:59.644+0000: 2733.965: [GC [PSYoungGen: 200906K->844K(195904K)] 654030K->454024K(882880K), 0.0042810 secs] [Times: user=0.02 sys=0.00, real=0.00 secs] 
2014-07-16T16:07:00.334+0000: 2734.655: [GC [PSYoungGen: 195851K->990K(191872K)] 649031K->454258K(878848K), 0.0080150 secs] [Times: user=0.05 sys=0.00, real=0.01 secs] 
2014-07-16T16:07:01.044+0000: 2735.365: [GC [PSYoungGen: 191838K->690K(187520K)] 645106K->454022K(874496K), 0.0073760 secs] [Times: user=0.04 sys=0.00, real=0.01 secs] 
2014-07-16T16:07:01.713+0000: 2736.035: [GC [PSYoungGen: 187506K->1254K(225472K)] 640838K->454642K(912448K), 0.0147190 secs] [Times: user=0.09 sys=0.00, real=0.02 secs] 
2014-07-16T16:07:02.604+0000: 2736.926: [GC [PSYoungGen: 225410K->1964K(271040K)] 678798K->455540K(958016K), 0.0071110 secs] [Times: user=0.05 sys=0.00, real=0.01 secs] 
2014-07-16T16:07:03.544+0000: 2737.865: [GC [PSYoungGen: 271020K->744K(262976K)] 724596K->454392K(949952K), 0.0039410 secs] [Times: user=0.02 sys=0.01, real=0.00 secs] 
2014-07-16T16:07:04.508+0000: 2738.829: [GC [PSYoungGen: 262952K->626K(256256K)] 716600K->454370K(943232K), 0.0072260 secs] [Times: user=0.04 sys=0.00, real=0.01 secs] 
2014-07-16T16:07:05.461+0000: 2739.783: [GC [PSYoungGen: 256242K->1286K(250624K)] 709986K->455118K(937600K), 0.0057610 secs] [Times: user=0.03 sys=0.00, real=0.00 secs] 
2014-07-16T16:07:06.381+0000: 2740.703: [GC [PSYoungGen: 250566K->958K(244160K)] 704398K->454870K(931136K), 0.0068120 secs] [Times: user=0.04 sys=0.00, real=0.00 secs] 
2014-07-16T16:07:07.315+0000: 2741.637: [GC [PSYoungGen: 244158K->1814K(239168K)] 698070K->455806K(926144K), 0.0083740 secs] [Times: user=0.04 sys=0.00, real=0.01 secs] 
2014-07-16T16:07:08.210+0000: 2742.531: [GC [PSYoungGen: 239084K->936K(232640K)] 693076K->455000K(919616K), 0.0079690 secs] [Times: user=0.05 sys=0.01, real=0.00 secs] 
2014-07-16T16:07:09.111+0000: 2743.433: [GC [PSYoungGen: 232616K->1282K(227584K)] 686680K->455466K(914560K), 0.0101850 secs] [Times: user=0.07 sys=0.00, real=0.01 secs] 
2014-07-16T16:07:09.982+0000: 2744.304: [GC [PSYoungGen: 227522K->840K(221888K)] 681706K->455104K(908864K), 0.0101120 secs] [Times: user=0.07 sys=0.00, real=0.01 secs] 
2014-07-16T16:07:10.746+0000: 2745.067: [GC [PSYoungGen: 221832K->872K(266112K)] 676096K->455208K(953088K), 0.0103800 secs] [Times: user=0.06 sys=0.00, real=0.01 secs] 
2014-07-16T16:07:11.715+0000: 2746.036: [GC [PSYoungGen: 266088K->1404K(259904K)] 720424K->455812K(946880K), 0.0045570 secs] [Times: user=0.02 sys=0.00, real=0.01 secs] 
2014-07-16T16:07:12.711+0000: 2747.033: [GC [PSYoungGen: 259853K->986K(253056K)] 714261K->455466K(940032K), 0.0127460 secs] [Times: user=0.08 sys=0.00, real=0.01 secs] 
2014-07-16T16:07:13.622+0000: 2747.944: [GC [PSYoungGen: 253018K->562K(246400K)] 707498K->455098K(933376K), 0.0057430 secs] [Times: user=0.02 sys=0.00, real=0.00 secs] 
2014-07-16T16:07:14.522+0000: 2748.843: [GC [PSYoungGen: 246386K->886K(240768K)] 700922K->455494K(927744K), 0.0042720 secs] [Times: user=0.02 sys=0.00, real=0.00 secs] 
2014-07-16T16:07:15.398+0000: 2749.720: [GC [PSYoungGen: 240743K->986K(235136K)] 695351K->455698K(922112K), 0.0087870 secs] [Times: user=0.05 sys=0.00, real=0.01 secs] 
2014-07-16T16:07:16.270+0000: 2750.591: [GC [PSYoungGen: 235077K->976K(229568K)] 689789K->455760K(916544K), 0.0063150 secs] [Times: user=0.03 sys=0.00, real=0.00 secs] 
2014-07-16T16:07:17.106+0000: 2751.427: [GC [PSYoungGen: 229499K->1194K(224448K)] 684283K->456026K(911424K), 0.0078280 secs] [Times: user=0.04 sys=0.00, real=0.01 secs] 
2014-07-16T16:07:17.960+0000: 2752.282: [GC [PSYoungGen: 224425K->958K(219072K)] 679257K->455862K(906048K), 0.0105060 secs] [Times: user=0.08 sys=0.00, real=0.01 secs] 
2014-07-16T16:07:18.745+0000: 2753.066: [GC [PSYoungGen: 219070K->1618K(214784K)] 673974K->456602K(901760K), 0.0060040 secs] [Times: user=0.04 sys=0.00, real=0.00 secs] 
2014-07-16T16:07:19.513+0000: 2753.835: [GC [PSYoungGen: 214738K->880K(256640K)] 669722K->456108K(943616K), 0.0177300 secs] [Times: user=0.13 sys=0.01, real=0.02 secs] 
2014-07-16T16:07:20.459+0000: 2754.781: [GC [PSYoungGen: 256596K->926K(307904K)] 711824K->456218K(994880K), 0.0041910 secs] [Times: user=0.02 sys=0.00, real=0.01 secs] 
2014-07-16T16:07:21.586+0000: 2755.908: [GC [PSYoungGen: 307870K->1004K(299648K)] 763162K->456392K(986624K), 0.0070960 secs] [Times: user=0.04 sys=0.01, real=0.01 secs] 
2014-07-16T16:07:22.695+0000: 2757.016: [GC [PSYoungGen: 299628K->1228K(291904K)] 755016K->456704K(978880K), 0.0052150 secs] [Times: user=0.03 sys=0.00, real=0.00 secs] 
2014-07-16T16:07:23.751+0000: 2758.072: [GC [PSYoungGen: 291852K->940K(283904K)] 747328K->456472K(970880K), 0.0042210 secs] [Times: user=0.02 sys=0.00, real=0.01 secs] 
2014-07-16T16:07:24.800+0000: 2759.121: [GC [PSYoungGen: 283884K->1126K(276736K)] 739416K->456730K(963712K), 0.0074940 secs] [Times: user=0.05 sys=0.01, real=0.01 secs] 
2014-07-16T16:07:25.805+0000: 2760.126: [GC [PSYoungGen: 276685K->1268K(269760K)] 732290K->457026K(956736K), 0.0077980 secs] [Times: user=0.05 sys=0.00, real=0.01 secs] 
2014-07-16T16:07:26.791+0000: 2761.112: [GC [PSYoungGen: 269720K->862K(262528K)] 725478K->456676K(949504K), 0.0164280 secs] [Times: user=0.12 sys=0.00, real=0.02 secs] 
2014-07-16T16:07:27.866+0000: 2762.187: [GC [PSYoungGen: 262494K->1238K(256384K)] 718308K->457140K(943360K), 0.0079850 secs] [Times: user=0.05 sys=0.00, real=0.01 secs] 
2014-07-16T16:07:28.720+0000: 2763.041: [GC [PSYoungGen: 256304K->922K(249728K)] 712206K->456904K(936704K), 0.0045580 secs] [Times: user=0.02 sys=0.00, real=0.01 secs] 
2014-07-16T16:07:29.627+0000: 2763.949: [GC [PSYoungGen: 249674K->840K(243584K)] 705656K->456902K(930560K), 0.0082610 secs] [Times: user=0.06 sys=0.01, real=0.01 secs] 
2014-07-16T16:07:30.557+0000: 2764.878: [GC [PSYoungGen: 243528K->1028K(237952K)] 699590K->457162K(924928K), 0.0075010 secs] [Times: user=0.05 sys=0.00, real=0.01 secs] 
2014-07-16T16:07:31.486+0000: 2765.808: [GC [PSYoungGen: 237873K->1118K(232384K)] 694007K->457316K(919360K), 0.0088540 secs] [Times: user=0.06 sys=0.00, real=0.01 secs] 
2014-07-16T16:07:32.318+0000: 2766.640: [GC [PSYoungGen: 232350K->944K(226752K)] 688548K->457222K(913728K), 0.0055750 secs] [Times: user=0.03 sys=0.00, real=0.01 secs] 
2014-07-16T16:07:33.161+0000: 2767.483: [GC [PSYoungGen: 226736K->1140K(221696K)] 683014K->457946K(908672K), 0.0040970 secs] [Times: user=0.02 sys=0.00, real=0.01 secs] 
2014-07-16T16:07:33.955+0000: 2768.276: [GC [PSYoungGen: 221654K->912K(216448K)] 678460K->457782K(903424K), 0.0074760 secs] [Times: user=0.05 sys=0.01, real=0.00 secs] 
2014-07-16T16:07:34.751+0000: 2769.072: [GC [PSYoungGen: 216400K->932K(211584K)] 673270K->457898K(898560K), 0.0066350 secs] [Times: user=0.04 sys=0.00, real=0.01 secs] 
2014-07-16T16:07:35.525+0000: 2769.846: [GC [PSYoungGen: 211514K->840K(206784K)] 668480K->457878K(893760K), 0.0050630 secs] [Times: user=0.02 sys=0.00, real=0.00 secs] 
2014-07-16T16:07:36.274+0000: 2770.595: [GC [PSYoungGen: 206719K->940K(202304K)] 663758K->458066K(889280K), 0.0039060 secs] [Times: user=0.02 sys=0.00, real=0.00 secs] 
2014-07-16T16:07:37.017+0000: 2771.339: [GC [PSYoungGen: 202263K->1308K(198336K)] 659389K->458490K(885312K), 0.0089010 secs] [Times: user=0.05 sys=0.00, real=0.01 secs] 
2014-07-16T16:07:37.769+0000: 2772.091: [GC [PSYoungGen: 198300K->690K(193472K)] 655482K->457944K(880448K), 0.0092220 secs] [Times: user=0.06 sys=0.00, real=0.01 secs] 
2014-07-16T16:07:38.469+0000: 2772.791: [GC [PSYoungGen: 193458K->744K(189440K)] 650712K->458062K(876416K), 0.0080220 secs] [Times: user=0.06 sys=0.00, real=0.01 secs] 
2014-07-16T16:07:39.172+0000: 2773.493: [GC [PSYoungGen: 189416K->1030K(227520K)] 646734K->458396K(914496K), 0.0115220 secs] [Times: user=0.07 sys=0.00, real=0.01 secs] 
2014-07-16T16:07:40.012+0000: 2774.334: [GC [PSYoungGen: 227462K->944K(222144K)] 684828K->458374K(909120K), 0.0048510 secs] [Times: user=0.02 sys=0.01, real=0.01 secs] 
2014-07-16T16:07:40.842+0000: 2775.164: [GC [PSYoungGen: 222128K->1122K(217280K)] 679558K->458656K(904256K), 0.0094420 secs] [Times: user=0.07 sys=0.00, real=0.01 secs] 
2014-07-16T16:07:41.646+0000: 2775.967: [GC [PSYoungGen: 217243K->1504K(212736K)] 674777K->459118K(899712K), 0.0047090 secs] [Times: user=0.02 sys=0.00, real=0.00 secs] 
2014-07-16T16:07:42.461+0000: 2776.782: [GC [PSYoungGen: 212704K->434K(206912K)] 670318K->458650K(893888K), 0.0060510 secs] [Times: user=0.04 sys=0.00, real=0.01 secs] 
2014-07-16T16:07:43.279+0000: 2777.601: [GC [PSYoungGen: 206898K->844K(202816K)] 665114K->459108K(889792K), 0.0092760 secs] [Times: user=0.06 sys=0.00, real=0.01 secs] 
2014-07-16T16:07:44.013+0000: 2778.334: [GC [PSYoungGen: 202758K->990K(243328K)] 661022K->459408K(930304K), 0.0136560 secs] [Times: user=0.09 sys=0.01, real=0.02 secs] 
2014-07-16T16:07:44.928+0000: 2779.250: [GC [PSYoungGen: 243264K->1194K(292032K)] 701682K->459668K(979008K), 0.0087920 secs] [Times: user=0.06 sys=0.00, real=0.01 secs] 
2014-07-16T16:07:46.046+0000: 2780.367: [GC [PSYoungGen: 292002K->1008K(310720K)] 750477K->459712K(997696K), 0.0095430 secs] [Times: user=0.06 sys=0.00, real=0.01 secs] 
2014-07-16T16:07:47.176+0000: 2781.497: [GC [PSYoungGen: 310704K->1128K(311296K)] 769408K->459936K(998272K), 0.0149390 secs] [Times: user=0.10 sys=0.00, real=0.01 secs] 
2014-07-16T16:07:48.327+0000: 2782.649: [GC [PSYoungGen: 310824K->1286K(373248K)] 769632K->460166K(1060224K), 0.0189300 secs] [Times: user=0.13 sys=0.00, real=0.02 secs] 
2014-07-16T16:07:49.732+0000: 2784.053: [GC [PSYoungGen: 372934K->662K(373248K)] 831814K->459598K(1060224K), 0.0114680 secs] [Times: user=0.08 sys=0.00, real=0.01 secs] 
2014-07-16T16:07:51.106+0000: 2785.428: [GC [PSYoungGen: 372310K->1172K(361920K)] 831246K->460172K(1048896K), 0.0083850 secs] [Times: user=0.05 sys=0.00, real=0.00 secs] 
2014-07-16T16:07:52.466+0000: 2786.787: [GC [PSYoungGen: 361860K->1594K(351808K)] 820860K->460972K(1038784K), 0.0067730 secs] [Times: user=0.02 sys=0.00, real=0.01 secs] 
2014-07-16T16:07:53.776+0000: 2788.098: [GC [PSYoungGen: 351754K->438K(340608K)] 811132K->460459K(1027584K), 0.0046640 secs] [Times: user=0.02 sys=0.01, real=0.00 secs] 
2014-07-16T16:07:55.014+0000: 2789.335: [GC [PSYoungGen: 340598K->1522K(332032K)] 800619K->461575K(1019008K), 0.0208360 secs] [Times: user=0.12 sys=0.00, real=0.02 secs] 
2014-07-16T16:07:56.240+0000: 2790.561: [GC [PSYoungGen: 332018K->1040K(322304K)] 792071K->461181K(1009280K), 0.0070440 secs] [Times: user=0.03 sys=0.00, real=0.01 secs] 
2014-07-16T16:07:57.437+0000: 2791.759: [GC [PSYoungGen: 322256K->1136K(313472K)] 782397K->461349K(1000448K), 0.0086430 secs] [Times: user=0.06 sys=0.00, real=0.01 secs] 
2014-07-16T16:07:58.595+0000: 2792.917: [GC [PSYoungGen: 313456K->630K(304448K)] 773669K->460915K(991424K), 0.0075650 secs] [Times: user=0.04 sys=0.00, real=0.01 secs] 
2014-07-16T16:07:59.733+0000: 2794.054: [GC [PSYoungGen: 304427K->708K(296384K)] 764712K->461049K(983360K), 0.0108790 secs] [Times: user=0.07 sys=0.00, real=0.01 secs] 
2014-07-16T16:08:00.805+0000: 2795.126: [GC [PSYoungGen: 296292K->876K(288640K)] 756634K->461297K(975616K), 0.0070690 secs] [Times: user=0.05 sys=0.01, real=0.01 secs] 
2014-07-16T16:08:01.891+0000: 2796.213: [GC [PSYoungGen: 288620K->1682K(281920K)] 749041K->462175K(968896K), 0.0111850 secs] [Times: user=0.08 sys=0.00, real=0.01 secs] 
2014-07-16T16:08:02.917+0000: 2797.238: [GC [PSYoungGen: 281874K->822K(273728K)] 742367K->461403K(960704K), 0.0051990 secs] [Times: user=0.04 sys=0.00, real=0.00 secs] 
2014-07-16T16:08:03.957+0000: 2798.279: [GC [PSYoungGen: 273718K->1172K(267136K)] 734299K->461809K(954112K), 0.0099160 secs] [Times: user=0.06 sys=0.00, real=0.01 secs] 
2014-07-16T16:08:04.938+0000: 2799.259: [GC [PSYoungGen: 267092K->908K(260160K)] 727729K->461585K(947136K), 0.0048550 secs] [Times: user=0.02 sys=0.00, real=0.01 secs] 
2014-07-16T16:08:05.893+0000: 2800.215: [GC [PSYoungGen: 260108K->1450K(254208K)] 720785K->462231K(941184K), 0.0056140 secs] [Times: user=0.03 sys=0.00, real=0.01 secs] 
2014-07-16T16:08:06.811+0000: 2801.133: [GC [PSYoungGen: 254186K->1090K(247680K)] 714967K->461967K(934656K), 0.0067260 secs] [Times: user=0.05 sys=0.00, real=0.01 secs] 
2014-07-16T16:08:07.717+0000: 2802.039: [GC [PSYoungGen: 247618K->1136K(241664K)] 708495K->462109K(928640K), 0.0068960 secs] [Times: user=0.05 sys=0.00, real=0.01 secs] 
2014-07-16T16:08:08.658+0000: 2802.979: [GC [PSYoungGen: 241648K->648K(235456K)] 702621K->461693K(922432K), 0.0064920 secs] [Times: user=0.03 sys=0.00, real=0.01 secs] 
2014-07-16T16:08:09.552+0000: 2803.873: [GC [PSYoungGen: 235369K->848K(230080K)] 696414K->461933K(917056K), 0.0137320 secs] [Times: user=0.08 sys=0.00, real=0.01 secs] 
2014-07-16T16:08:10.391+0000: 2804.713: [GC [PSYoungGen: 230032K->1136K(224960K)] 691117K->462341K(911936K), 0.0043580 secs] [Times: user=0.03 sys=0.00, real=0.00 secs] 
2014-07-16T16:08:11.194+0000: 2805.515: [GC [PSYoungGen: 224944K->808K(219456K)] 686149K->462077K(906432K), 0.0050980 secs] [Times: user=0.02 sys=0.01, real=0.01 secs] 
2014-07-16T16:08:12.030+0000: 2806.351: [GC [PSYoungGen: 219432K->1446K(215104K)] 680701K->462787K(902080K), 0.0047160 secs] [Times: user=0.03 sys=0.00, real=0.00 secs] 
2014-07-16T16:08:12.829+0000: 2807.151: [GC [PSYoungGen: 215078K->958K(209792K)] 676419K->462347K(896768K), 0.0081660 secs] [Times: user=0.06 sys=0.00, real=0.00 secs] 
2014-07-16T16:08:13.674+0000: 2807.995: [GC [PSYoungGen: 209790K->1204K(205376K)] 671179K->462905K(892352K), 0.0058880 secs] [Times: user=0.04 sys=0.00, real=0.01 secs] 
2014-07-16T16:08:14.461+0000: 2808.782: [GC [PSYoungGen: 205364K->972K(200704K)] 667065K->462745K(887680K), 0.0054880 secs] [Times: user=0.03 sys=0.00, real=0.00 secs] 
2014-07-16T16:08:15.200+0000: 2809.521: [GC [PSYoungGen: 200652K->1272K(196608K)] 662425K->463133K(883584K), 0.0068790 secs] [Times: user=0.05 sys=0.00, real=0.00 secs] 
2014-07-16T16:08:15.912+0000: 2810.233: [GC [PSYoungGen: 196600K->898K(192128K)] 658461K->462823K(879104K), 0.0117390 secs] [Times: user=0.08 sys=0.00, real=0.01 secs] 
2014-07-16T16:08:16.613+0000: 2810.934: [GC [PSYoungGen: 192066K->1240K(188416K)] 653991K->463245K(875392K), 0.0075780 secs] [Times: user=0.05 sys=0.00, real=0.01 secs] 
2014-07-16T16:08:17.290+0000: 2811.611: [GC [PSYoungGen: 188376K->1158K(225792K)] 650381K->463243K(912768K), 0.0083880 secs] [Times: user=0.06 sys=0.01, real=0.00 secs] 
2014-07-16T16:08:18.118+0000: 2812.439: [GC [PSYoungGen: 225734K->1012K(220416K)] 687819K->463363K(907392K), 0.0066620 secs] [Times: user=0.04 sys=0.01, real=0.01 secs] 
2014-07-16T16:08:18.944+0000: 2813.266: [GC [PSYoungGen: 220404K->1276K(264576K)] 682755K->463667K(951552K), 0.0100280 secs] [Times: user=0.07 sys=0.00, real=0.01 secs] 
2014-07-16T16:08:19.930+0000: 2814.251: [GC [PSYoungGen: 264572K->1190K(257920K)] 726963K->463743K(944896K), 0.0068430 secs] [Times: user=0.04 sys=0.01, real=0.00 secs] 
2014-07-16T16:08:20.867+0000: 2815.189: [GC [PSYoungGen: 257872K->1054K(251392K)] 720425K->463687K(938368K), 0.0081640 secs] [Times: user=0.05 sys=0.01, real=0.01 secs] 
2014-07-16T16:08:21.813+0000: 2816.134: [GC [PSYoungGen: 251335K->1150K(245312K)] 713969K->463871K(932288K), 0.0078020 secs] [Times: user=0.05 sys=0.00, real=0.01 secs] 
2014-07-16T16:08:22.715+0000: 2817.036: [GC [PSYoungGen: 245310K->1222K(239552K)] 708031K->464007K(926528K), 0.0118330 secs] [Times: user=0.07 sys=0.00, real=0.01 secs] 
2014-07-16T16:08:23.656+0000: 2817.977: [GC [PSYoungGen: 239494K->950K(286912K)] 702279K->463955K(973888K), 0.0174070 secs] [Times: user=0.11 sys=0.00, real=0.02 secs] 
2014-07-16T16:08:24.697+0000: 2819.018: [GC [PSYoungGen: 286902K->1144K(344320K)] 749907K->464205K(1031296K), 0.0088980 secs] [Times: user=0.06 sys=0.00, real=0.01 secs] 
2014-07-16T16:08:25.954+0000: 2820.275: [GC [PSYoungGen: 344292K->1140K(334528K)] 807353K->464515K(1021504K), 0.0049610 secs] [Times: user=0.02 sys=0.00, real=0.00 secs] 
2014-07-16T16:08:27.163+0000: 2821.484: [GC [PSYoungGen: 334505K->1254K(325312K)] 797880K->464701K(1012288K), 0.0061700 secs] [Times: user=0.04 sys=0.01, real=0.00 secs] 
2014-07-16T16:08:28.351+0000: 2822.672: [GC [PSYoungGen: 325286K->816K(315840K)] 788733K->464439K(1002816K), 0.0063830 secs] [Times: user=0.04 sys=0.01, real=0.01 secs] 
2014-07-16T16:08:29.553+0000: 2823.875: [GC [PSYoungGen: 315823K->1036K(307456K)] 779447K->464763K(994432K), 0.0070160 secs] [Times: user=0.05 sys=0.00, real=0.00 secs] 
2014-07-16T16:08:30.651+0000: 2824.972: [GC [PSYoungGen: 307404K->1158K(299328K)] 771131K->465073K(986304K), 0.0067570 secs] [Times: user=0.04 sys=0.00, real=0.01 secs] 
2014-07-16T16:08:31.755+0000: 2826.077: [GC [PSYoungGen: 299233K->1464K(291648K)] 763148K->465451K(978624K), 0.0091250 secs] [Times: user=0.06 sys=0.01, real=0.01 secs] 
2014-07-16T16:08:32.821+0000: 2827.142: [GC [PSYoungGen: 291640K->424K(282944K)] 755627K->464796K(969920K), 0.0073200 secs] [Times: user=0.04 sys=0.01, real=0.01 secs] 
2014-07-16T16:08:33.900+0000: 2828.222: [GC [PSYoungGen: 282920K->1654K(276800K)] 747292K->466520K(963776K), 0.0171220 secs] [Times: user=0.12 sys=0.00, real=0.02 secs] 
2014-07-16T16:08:34.911+0000: 2829.233: [GC [PSYoungGen: 276790K->1248K(269376K)] 741656K->466380K(956352K), 0.0045800 secs] [Times: user=0.03 sys=0.00, real=0.01 secs] 
2014-07-16T16:08:35.974+0000: 2830.295: [GC [PSYoungGen: 269344K->1568K(262912K)] 734476K->466756K(949888K), 0.0064820 secs] [Times: user=0.03 sys=0.00, real=0.00 secs] 
2014-07-16T16:08:36.945+0000: 2831.266: [GC [PSYoungGen: 262878K->1130K(255936K)] 728067K->466638K(942912K), 0.0088460 secs] [Times: user=0.06 sys=0.00, real=0.01 secs] 
2014-07-16T16:08:37.894+0000: 2832.216: [GC [PSYoungGen: 255887K->972K(249536K)] 721395K->466552K(936512K), 0.0068400 secs] [Times: user=0.05 sys=0.00, real=0.00 secs] 
2014-07-16T16:08:38.870+0000: 2833.191: [GC [PSYoungGen: 249484K->1258K(243712K)] 715064K->466894K(930688K), 0.0085200 secs] [Times: user=0.06 sys=0.00, real=0.01 secs] 
2014-07-16T16:08:39.720+0000: 2834.041: [GC [PSYoungGen: 243660K->1008K(237632K)] 709297K->466724K(924608K), 0.0063670 secs] [Times: user=0.04 sys=0.00, real=0.01 secs] 
2014-07-16T16:08:40.583+0000: 2834.905: [GC [PSYoungGen: 237616K->808K(231808K)] 703332K->466588K(918784K), 0.0085930 secs] [Times: user=0.05 sys=0.00, real=0.00 secs] 
2014-07-16T16:08:41.442+0000: 2835.763: [GC [PSYoungGen: 231784K->708K(226304K)] 697564K->466568K(913280K), 0.0051790 secs] [Times: user=0.02 sys=0.00, real=0.01 secs] 
2014-07-16T16:08:42.264+0000: 2836.585: [GC [PSYoungGen: 226244K->958K(271616K)] 692104K->466898K(958592K), 0.0154880 secs] [Times: user=0.10 sys=0.00, real=0.01 secs] 
2014-07-16T16:08:43.248+0000: 2837.569: [GC [PSYoungGen: 271614K->1590K(326400K)] 737554K->467594K(1013376K), 0.0155300 secs] [Times: user=0.11 sys=0.00, real=0.02 secs] 
2014-07-16T16:08:44.480+0000: 2838.801: [GC [PSYoungGen: 326390K->850K(390656K)] 792394K->466934K(1077632K), 0.0157130 secs] [Times: user=0.11 sys=0.00, real=0.02 secs] 
2014-07-16T16:08:45.923+0000: 2840.244: [GC [PSYoungGen: 390610K->808K(412032K)] 856694K->466964K(1099008K), 0.0135180 secs] [Times: user=0.09 sys=0.00, real=0.02 secs] 
2014-07-16T16:08:47.436+0000: 2841.758: [GC [PSYoungGen: 410856K->922K(398464K)] 877012K->467182K(1085440K), 0.0062220 secs] [Times: user=0.04 sys=0.00, real=0.00 secs] 
2014-07-16T16:08:49.009+0000: 2843.330: [GC [PSYoungGen: 398407K->1410K(386944K)] 864668K->467726K(1073920K), 0.0097290 secs] [Times: user=0.06 sys=0.00, real=0.01 secs] 
2014-07-16T16:08:50.314+0000: 2844.635: [GC [PSYoungGen: 386882K->1040K(375040K)] 853198K->467428K(1062016K), 0.0062050 secs] [Times: user=0.03 sys=0.01, real=0.01 secs] 
2014-07-16T16:08:51.707+0000: 2846.029: [GC [PSYoungGen: 374992K->740K(363712K)] 841380K->467192K(1050688K), 0.0060800 secs] [Times: user=0.03 sys=0.00, real=0.00 secs] 
2014-07-16T16:08:53.037+0000: 2847.358: [GC [PSYoungGen: 363684K->1508K(353920K)] 830136K->468064K(1040896K), 0.0064520 secs] [Times: user=0.05 sys=0.00, real=0.00 secs] 
2014-07-16T16:08:54.340+0000: 2848.661: [GC [PSYoungGen: 353857K->954K(343168K)] 820414K->467598K(1030144K), 0.0115130 secs] [Times: user=0.07 sys=0.01, real=0.01 secs] 
2014-07-16T16:08:55.611+0000: 2849.933: [GC [PSYoungGen: 343162K->1458K(333952K)] 809806K->468174K(1020928K), 0.0096050 secs] [Times: user=0.06 sys=0.00, real=0.01 secs] 
2014-07-16T16:08:56.857+0000: 2851.178: [GC [PSYoungGen: 333938K->1550K(324736K)] 800654K->468362K(1011712K), 0.0103570 secs] [Times: user=0.06 sys=0.00, real=0.01 secs] 
2014-07-16T16:08:58.037+0000: 2852.358: [GC [PSYoungGen: 324686K->940K(315136K)] 791498K->467890K(1002112K), 0.0073830 secs] [Times: user=0.04 sys=0.00, real=0.00 secs] 
2014-07-16T16:08:59.198+0000: 2853.520: [GC [PSYoungGen: 315116K->1426K(307072K)] 782066K->468424K(994048K), 0.0141800 secs] [Times: user=0.10 sys=0.00, real=0.01 secs] 
2014-07-16T16:09:00.296+0000: 2854.618: [GC [PSYoungGen: 307016K->1144K(298496K)] 774015K->468206K(985472K), 0.0111170 secs] [Times: user=0.07 sys=0.00, real=0.01 secs] 
2014-07-16T16:09:01.402+0000: 2855.723: [GC [PSYoungGen: 298470K->658K(290112K)] 765533K->467808K(977088K), 0.0055400 secs] [Times: user=0.04 sys=0.00, real=0.01 secs] 
2014-07-16T16:09:02.468+0000: 2856.789: [GC [PSYoungGen: 290066K->826K(282624K)] 757216K->468016K(969600K), 0.0175740 secs] [Times: user=0.11 sys=0.00, real=0.01 secs] 
2014-07-16T16:09:03.518+0000: 2857.840: [GC [PSYoungGen: 282618K->986K(275520K)] 749808K->468248K(962496K), 0.0080500 secs] [Times: user=0.04 sys=0.00, real=0.01 secs] 
2014-07-16T16:09:04.538+0000: 2858.859: [GC [PSYoungGen: 275482K->1140K(268608K)] 742744K->468458K(955584K), 0.0043870 secs] [Times: user=0.02 sys=0.00, real=0.00 secs] 
2014-07-16T16:09:05.532+0000: 2859.854: [GC [PSYoungGen: 268596K->926K(261632K)] 735914K->468292K(948608K), 0.0120050 secs] [Times: user=0.06 sys=0.00, real=0.01 secs] 
2014-07-16T16:09:06.484+0000: 2860.806: [GC [PSYoungGen: 261596K->994K(255168K)] 728963K->468400K(942144K), 0.0057150 secs] [Times: user=0.03 sys=0.00, real=0.01 secs] 
2014-07-16T16:09:07.405+0000: 2861.726: [GC [PSYoungGen: 255138K->1176K(249088K)] 722544K->468630K(936064K), 0.0092560 secs] [Times: user=0.05 sys=0.00, real=0.01 secs] 
2014-07-16T16:09:08.359+0000: 2862.680: [GC [PSYoungGen: 249005K->1268K(243136K)] 716460K->469084K(930112K), 0.0037470 secs] [Times: user=0.01 sys=0.01, real=0.00 secs] 
2014-07-16T16:09:09.285+0000: 2863.606: [GC [PSYoungGen: 243078K->1190K(237248K)] 710895K->469105K(924224K), 0.0076040 secs] [Times: user=0.05 sys=0.01, real=0.01 secs] 
2014-07-16T16:09:10.142+0000: 2864.463: [GC [PSYoungGen: 237179K->826K(231232K)] 705093K->468788K(918208K), 0.0102070 secs] [Times: user=0.07 sys=0.00, real=0.01 secs] 
2014-07-16T16:09:11.000+0000: 2865.321: [GC [PSYoungGen: 231226K->1100K(226176K)] 699188K->469150K(913152K), 0.0073320 secs] [Times: user=0.05 sys=0.00, real=0.00 secs] 
2014-07-16T16:09:11.823+0000: 2866.145: [GC [PSYoungGen: 226124K->1496K(221376K)] 694174K->469650K(908352K), 0.0084300 secs] [Times: user=0.06 sys=0.00, real=0.01 secs] 
2014-07-16T16:09:12.613+0000: 2866.935: [GC [PSYoungGen: 221336K->962K(215808K)] 689490K->469188K(902784K), 0.0094070 secs] [Times: user=0.06 sys=0.00, real=0.01 secs] 
2014-07-16T16:09:13.412+0000: 2867.733: [GC [PSYoungGen: 215746K->1068K(211008K)] 683972K->469382K(897984K), 0.0043000 secs] [Times: user=0.02 sys=0.00, real=0.00 secs] 
2014-07-16T16:09:14.262+0000: 2868.583: [GC [PSYoungGen: 210988K->922K(206208K)] 679302K->469316K(893184K), 0.0068360 secs] [Times: user=0.05 sys=0.01, real=0.01 secs] 
2014-07-16T16:09:14.986+0000: 2869.308: [GC [PSYoungGen: 206170K->954K(201664K)] 674564K->469436K(888640K), 0.0035710 secs] [Times: user=0.02 sys=0.00, real=0.01 secs] 
2014-07-16T16:09:15.737+0000: 2870.058: [GC [PSYoungGen: 201658K->946K(241856K)] 670140K->469484K(928832K), 0.0215900 secs] [Times: user=0.13 sys=0.01, real=0.03 secs] 
2014-07-16T16:09:16.622+0000: 2870.944: [GC [PSYoungGen: 241762K->1390K(290496K)] 710301K->470001K(977472K), 0.0091940 secs] [Times: user=0.06 sys=0.00, real=0.01 secs] 
2014-07-16T16:09:17.696+0000: 2872.017: [GC [PSYoungGen: 290477K->612K(347584K)] 759088K->469254K(1034560K), 0.0047490 secs] [Times: user=0.02 sys=0.00, real=0.01 secs] 
2014-07-16T16:09:18.977+0000: 2873.298: [GC [PSYoungGen: 347556K->1076K(417472K)] 816198K->469759K(1104448K), 0.0145710 secs] [Times: user=0.08 sys=0.00, real=0.02 secs] 
2014-07-16T16:09:20.566+0000: 2874.887: [GC [PSYoungGen: 417416K->812K(404416K)] 886099K->469534K(1091392K), 0.0054620 secs] [Times: user=0.03 sys=0.00, real=0.01 secs] 
2014-07-16T16:09:22.052+0000: 2876.373: [GC [PSYoungGen: 404396K->662K(392000K)] 873118K->469440K(1078976K), 0.0090530 secs] [Times: user=0.06 sys=0.00, real=0.01 secs] 
2014-07-16T16:09:23.483+0000: 2877.804: [GC [PSYoungGen: 391958K->598K(380160K)] 860736K->469440K(1067136K), 0.0039200 secs] [Times: user=0.02 sys=0.00, real=0.00 secs] 
2014-07-16T16:09:24.878+0000: 2879.199: [GC [PSYoungGen: 380118K->698K(368960K)] 848960K->469588K(1055936K), 0.0121580 secs] [Times: user=0.07 sys=0.00, real=0.01 secs] 
2014-07-16T16:09:26.259+0000: 2880.581: [GC [PSYoungGen: 368954K->1008K(358464K)] 837844K->469962K(1045440K), 0.0077330 secs] [Times: user=0.04 sys=0.00, real=0.01 secs] 
2014-07-16T16:09:27.590+0000: 2881.911: [GC [PSYoungGen: 358448K->1112K(348224K)] 827402K->470139K(1035200K), 0.0082330 secs] [Times: user=0.05 sys=0.00, real=0.01 secs] 
2014-07-16T16:09:28.885+0000: 2883.206: [GC [PSYoungGen: 348180K->912K(338112K)] 817207K->469986K(1025088K), 0.0047230 secs] [Times: user=0.02 sys=0.00, real=0.00 secs] 
2014-07-16T16:09:30.134+0000: 2884.455: [GC [PSYoungGen: 338064K->1134K(328768K)] 807138K->470411K(1015744K), 0.0083220 secs] [Times: user=0.02 sys=0.00, real=0.01 secs] 
2014-07-16T16:09:31.355+0000: 2885.677: [GC [PSYoungGen: 328704K->958K(319424K)] 797981K->470298K(1006400K), 0.0035380 secs] [Times: user=0.02 sys=0.00, real=0.00 secs] 
2014-07-16T16:09:32.514+0000: 2886.835: [GC [PSYoungGen: 319422K->944K(310656K)] 788762K->470589K(997632K), 0.0140480 secs] [Times: user=0.10 sys=0.00, real=0.01 secs] 
2014-07-16T16:09:33.650+0000: 2887.971: [GC [PSYoungGen: 310640K->1522K(302784K)] 780285K->471247K(989760K), 0.0088160 secs] [Times: user=0.05 sys=0.01, real=0.01 secs] 
2014-07-16T16:09:34.786+0000: 2889.108: [GC [PSYoungGen: 302770K->616K(293824K)] 772495K->470413K(980800K), 0.0045830 secs] [Times: user=0.02 sys=0.00, real=0.01 secs] 
2014-07-16T16:09:35.855+0000: 2890.177: [GC [PSYoungGen: 293800K->708K(286208K)] 763597K->470592K(973184K), 0.0101790 secs] [Times: user=0.07 sys=0.00, real=0.01 secs] 
2014-07-16T16:09:36.906+0000: 2891.227: [GC [PSYoungGen: 286148K->712K(278720K)] 756032K->470661K(965696K), 0.0104860 secs] [Times: user=0.07 sys=0.00, real=0.01 secs] 
2014-07-16T16:09:37.953+0000: 2892.274: [GC [PSYoungGen: 278664K->794K(271616K)] 748613K->470799K(958592K), 0.0105280 secs] [Times: user=0.07 sys=0.00, real=0.01 secs] 
2014-07-16T16:09:38.944+0000: 2893.265: [GC [PSYoungGen: 271578K->1254K(265152K)] 741583K->471323K(952128K), 0.0118680 secs] [Times: user=0.07 sys=0.00, real=0.01 secs] 
2014-07-16T16:09:39.950+0000: 2894.271: [GC [PSYoungGen: 265126K->1240K(258496K)] 735195K->471397K(945472K), 0.0094970 secs] [Times: user=0.05 sys=0.00, real=0.01 secs] 
2014-07-16T16:09:40.980+0000: 2895.302: [GC [PSYoungGen: 258443K->808K(251648K)] 728600K->471021K(938624K), 0.0071190 secs] [Times: user=0.04 sys=0.00, real=0.01 secs] 
2014-07-16T16:09:41.873+0000: 2896.194: [GC [PSYoungGen: 251611K->876K(245568K)] 721824K->471137K(932544K), 0.0108960 secs] [Times: user=0.07 sys=0.00, real=0.01 secs] 
2014-07-16T16:09:42.786+0000: 2897.108: [GC [PSYoungGen: 245548K->1376K(240128K)] 715809K->471709K(927104K), 0.0061170 secs] [Times: user=0.04 sys=0.00, real=0.01 secs] 
2014-07-16T16:09:43.660+0000: 2897.981: [GC [PSYoungGen: 240067K->794K(233856K)] 710400K->471183K(920832K), 0.0089440 secs] [Times: user=0.05 sys=0.01, real=0.01 secs] 
2014-07-16T16:09:44.540+0000: 2898.862: [GC [PSYoungGen: 233818K->890K(228416K)] 704207K->471359K(915392K), 0.0094690 secs] [Times: user=0.07 sys=0.00, real=0.01 secs] 
2014-07-16T16:09:45.367+0000: 2899.688: [GC [PSYoungGen: 228410K->580K(222848K)] 698879K->471104K(909824K), 0.0059400 secs] [Times: user=0.04 sys=0.00, real=0.01 secs] 
2014-07-16T16:09:46.197+0000: 2900.519: [GC [PSYoungGen: 222733K->922K(218048K)] 693258K->471519K(905024K), 0.0093640 secs] [Times: user=0.06 sys=0.00, real=0.01 secs] 
2014-07-16T16:09:46.998+0000: 2901.320: [GC [PSYoungGen: 218003K->1140K(213312K)] 688600K->471809K(900288K), 0.0062060 secs] [Times: user=0.03 sys=0.00, real=0.01 secs] 
2014-07-16T16:09:47.761+0000: 2902.082: [GC [PSYoungGen: 213300K->1044K(208512K)] 683969K->471769K(895488K), 0.0043630 secs] [Times: user=0.02 sys=0.01, real=0.01 secs] 
2014-07-16T16:09:48.515+0000: 2902.837: [GC [PSYoungGen: 208468K->876K(203712K)] 679193K->471697K(890688K), 0.0055420 secs] [Times: user=0.03 sys=0.00, real=0.00 secs] 
2014-07-16T16:09:49.277+0000: 2903.598: [GC [PSYoungGen: 203692K->1134K(199552K)] 674513K->472375K(886528K), 0.0038930 secs] [Times: user=0.02 sys=0.00, real=0.00 secs] 
2014-07-16T16:09:50.068+0000: 2904.389: [GC [PSYoungGen: 199531K->958K(195072K)] 670773K->472255K(882048K), 0.0097720 secs] [Times: user=0.05 sys=0.01, real=0.01 secs] 
2014-07-16T16:09:50.767+0000: 2905.089: [GC [PSYoungGen: 195070K->1254K(191232K)] 666367K->472825K(878208K), 0.0063230 secs] [Times: user=0.03 sys=0.01, real=0.00 secs] 
2014-07-16T16:09:51.461+0000: 2905.783: [GC [PSYoungGen: 191190K->1422K(187456K)] 662761K->473057K(874432K), 0.0079810 secs] [Times: user=0.05 sys=0.00, real=0.01 secs] 
2014-07-16T16:09:52.148+0000: 2906.469: [GC [PSYoungGen: 187405K->866K(183040K)] 659040K->472943K(870016K), 0.0044420 secs] [Times: user=0.02 sys=0.00, real=0.00 secs] 
2014-07-16T16:09:52.842+0000: 2907.164: [GC [PSYoungGen: 182961K->1090K(179584K)] 655038K->473223K(866560K), 0.0050550 secs] [Times: user=0.02 sys=0.00, real=0.01 secs] 
2014-07-16T16:09:53.502+0000: 2907.824: [GC [PSYoungGen: 179522K->1350K(176192K)] 651655K->473563K(863168K), 0.0065360 secs] [Times: user=0.04 sys=0.00, real=0.01 secs] 
2014-07-16T16:09:54.121+0000: 2908.442: [GC [PSYoungGen: 176134K->1122K(172416K)] 648347K->473415K(859392K), 0.0049900 secs] [Times: user=0.02 sys=0.01, real=0.01 secs] 
2014-07-16T16:09:54.871+0000: 2909.193: [GC [PSYoungGen: 172321K->1066K(168960K)] 644614K->473605K(855936K), 0.0068710 secs] [Times: user=0.04 sys=0.00, real=0.01 secs] 
2014-07-16T16:09:55.429+0000: 2909.751: [GC [PSYoungGen: 168938K->990K(165632K)] 641477K->473609K(852608K), 0.0069710 secs] [Times: user=0.05 sys=0.00, real=0.01 secs] 
2014-07-16T16:09:56.026+0000: 2910.347: [GC [PSYoungGen: 165598K->1144K(198720K)] 638217K->473819K(885696K), 0.0077460 secs] [Times: user=0.05 sys=0.00, real=0.00 secs] 
2014-07-16T16:09:56.760+0000: 2911.081: [GC [PSYoungGen: 198712K->1622K(238784K)] 671387K->474345K(925760K), 0.0151160 secs] [Times: user=0.10 sys=0.00, real=0.01 secs] 
2014-07-16T16:09:57.679+0000: 2912.001: [GC [PSYoungGen: 238742K->570K(285120K)] 711465K->474285K(972096K), 0.0067330 secs] [Times: user=0.05 sys=0.01, real=0.01 secs] 
2014-07-16T16:09:58.760+0000: 2913.081: [GC [PSYoungGen: 285114K->1816K(343360K)] 758829K->475596K(1030336K), 0.0074130 secs] [Times: user=0.05 sys=0.00, real=0.01 secs] 
2014-07-16T16:09:59.994+0000: 2914.315: [GC [PSYoungGen: 343320K->1340K(333120K)] 817100K->475406K(1020096K), 0.0091390 secs] [Times: user=0.06 sys=0.00, real=0.01 secs] 
2014-07-16T16:10:01.219+0000: 2915.540: [GC [PSYoungGen: 333076K->1076K(323584K)] 807142K->475206K(1010560K), 0.0062400 secs] [Times: user=0.04 sys=0.01, real=0.01 secs] 
2014-07-16T16:10:02.427+0000: 2916.749: [GC [PSYoungGen: 323572K->982K(314560K)] 797702K->475191K(1001536K), 0.0115900 secs] [Times: user=0.06 sys=0.00, real=0.01 secs] 
2014-07-16T16:10:03.581+0000: 2917.903: [GC [PSYoungGen: 314502K->912K(305920K)] 788712K->475178K(992896K), 0.0067900 secs] [Times: user=0.04 sys=0.00, real=0.01 secs] 
2014-07-16T16:10:04.812+0000: 2919.133: [GC [PSYoungGen: 305872K->2020K(298752K)] 780138K->476350K(985728K), 0.0056270 secs] [Times: user=0.03 sys=0.00, real=0.01 secs] 
2014-07-16T16:10:05.849+0000: 2920.171: [GC [PSYoungGen: 298689K->826K(289600K)] 773018K->475204K(976576K), 0.0107350 secs] [Times: user=0.06 sys=0.00, real=0.01 secs] 
2014-07-16T16:10:06.939+0000: 2921.260: [GC [PSYoungGen: 289594K->808K(281984K)] 763972K->475241K(968960K), 0.0052940 secs] [Times: user=0.03 sys=0.00, real=0.00 secs] 
2014-07-16T16:10:08.027+0000: 2922.348: [GC [PSYoungGen: 281928K->926K(274816K)] 756362K->475408K(961792K), 0.0067590 secs] [Times: user=0.03 sys=0.00, real=0.00 secs] 
2014-07-16T16:10:09.062+0000: 2923.384: [GC [PSYoungGen: 274782K->1000K(267840K)] 749264K->475601K(954816K), 0.0076280 secs] [Times: user=0.05 sys=0.00, real=0.01 secs] 
2014-07-16T16:10:10.143+0000: 2924.465: [GC [PSYoungGen: 267796K->1568K(261632K)] 742398K->476226K(948608K), 0.0186880 secs] [Times: user=0.12 sys=0.00, real=0.02 secs] 
2014-07-16T16:10:11.027+0000: 2925.349: [GC [PSYoungGen: 261600K->712K(254272K)] 736258K->475433K(941248K), 0.0083380 secs] [Times: user=0.06 sys=0.00, real=0.00 secs] 
2014-07-16T16:10:11.957+0000: 2926.278: [GC [PSYoungGen: 254216K->822K(248064K)] 728937K->475607K(935040K), 0.0069210 secs] [Times: user=0.05 sys=0.00, real=0.01 secs] 
2014-07-16T16:10:12.860+0000: 2927.181: [GC [PSYoungGen: 248053K->912K(242176K)] 722839K->475746K(929152K), 0.0047920 secs] [Times: user=0.02 sys=0.00, real=0.00 secs] 
2014-07-16T16:10:13.735+0000: 2928.056: [GC [PSYoungGen: 242123K->1172K(236608K)] 716957K->476094K(923584K), 0.0067060 secs] [Times: user=0.05 sys=0.00, real=0.01 secs] 
2014-07-16T16:10:14.605+0000: 2928.926: [GC [PSYoungGen: 236529K->858K(230720K)] 711451K->475852K(917696K), 0.0075900 secs] [Times: user=0.04 sys=0.00, real=0.01 secs] 
2014-07-16T16:10:15.477+0000: 2929.798: [GC [PSYoungGen: 230682K->1072K(225536K)] 705676K->476130K(912512K), 0.0036250 secs] [Times: user=0.02 sys=0.00, real=0.01 secs] 
2014-07-16T16:10:16.296+0000: 2930.618: [GC [PSYoungGen: 225520K->872K(220160K)] 700578K->476017K(907136K), 0.0089150 secs] [Times: user=0.05 sys=0.00, real=0.01 secs] 
2014-07-16T16:10:17.124+0000: 2931.445: [GC [PSYoungGen: 220136K->1578K(215872K)] 695281K->476764K(902848K), 0.0126650 secs] [Times: user=0.08 sys=0.00, real=0.01 secs] 
2014-07-16T16:10:17.897+0000: 2932.218: [GC [PSYoungGen: 215850K->1204K(258368K)] 691036K->476438K(945344K), 0.0126390 secs] [Times: user=0.08 sys=0.00, real=0.02 secs] 
2014-07-16T16:10:18.859+0000: 2933.180: [GC [PSYoungGen: 258356K->840K(251648K)] 733590K->476153K(938624K), 0.0062550 secs] [Times: user=0.04 sys=0.00, real=0.00 secs] 
2014-07-16T16:10:19.811+0000: 2934.133: [GC [PSYoungGen: 251587K->894K(301824K)] 726901K->476264K(988800K), 0.0115790 secs] [Times: user=0.06 sys=0.00, real=0.01 secs] 
2014-07-16T16:10:20.949+0000: 2935.271: [GC [PSYoungGen: 301795K->990K(362176K)] 777165K->476440K(1049152K), 0.0146390 secs] [Times: user=0.09 sys=0.00, real=0.01 secs] 
2014-07-16T16:10:22.285+0000: 2936.607: [GC [PSYoungGen: 362142K->708K(402880K)] 837592K->476197K(1089856K), 0.0184000 secs] [Times: user=0.11 sys=0.00, real=0.02 secs] 
2014-07-16T16:10:23.802+0000: 2938.123: [GC [PSYoungGen: 401759K->1072K(390016K)] 877248K->476642K(1076992K), 0.0045750 secs] [Times: user=0.02 sys=0.00, real=0.00 secs] 
2014-07-16T16:10:25.234+0000: 2939.556: [GC [PSYoungGen: 389988K->712K(378048K)] 865558K->476329K(1065024K), 0.0100640 secs] [Times: user=0.07 sys=0.00, real=0.01 secs] 
2014-07-16T16:10:26.627+0000: 2940.949: [GC [PSYoungGen: 377992K->926K(367040K)] 853609K->476607K(1054016K), 0.0085980 secs] [Times: user=0.06 sys=0.00, real=0.01 secs] 
2014-07-16T16:10:28.001+0000: 2942.322: [GC [PSYoungGen: 367006K->954K(356352K)] 842687K->476708K(1043328K), 0.0045420 secs] [Times: user=0.03 sys=0.00, real=0.00 secs] 
2014-07-16T16:10:29.338+0000: 2943.659: [GC [PSYoungGen: 356345K->776K(345984K)] 832099K->476593K(1032960K), 0.0068490 secs] [Times: user=0.05 sys=0.00, real=0.01 secs] 
2014-07-16T16:10:30.648+0000: 2944.969: [GC [PSYoungGen: 345927K->1350K(336704K)] 821744K->477232K(1023680K), 0.0115350 secs] [Times: user=0.07 sys=0.01, real=0.01 secs] 
2014-07-16T16:10:31.870+0000: 2946.191: [GC [PSYoungGen: 336622K->1136K(326976K)] 812504K->477106K(1013952K), 0.0067050 secs] [Times: user=0.04 sys=0.00, real=0.00 secs] 
2014-07-16T16:10:33.116+0000: 2947.437: [GC [PSYoungGen: 326960K->812K(317568K)] 802930K->476975K(1004544K), 0.0155840 secs] [Times: user=0.10 sys=0.00, real=0.02 secs] 
2014-07-16T16:10:34.296+0000: 2948.617: [GC [PSYoungGen: 317465K->1496K(309568K)] 793629K->477764K(996544K), 0.0076860 secs] [Times: user=0.05 sys=0.00, real=0.01 secs] 
2014-07-16T16:10:35.469+0000: 2949.790: [GC [PSYoungGen: 309528K->894K(300544K)] 785796K->478120K(987520K), 0.0071390 secs] [Times: user=0.04 sys=0.00, real=0.01 secs] 
2014-07-16T16:10:36.525+0000: 2950.846: [GC [PSYoungGen: 300542K->1018K(292672K)] 777768K->478324K(979648K), 0.0058740 secs] [Times: user=0.04 sys=0.00, real=0.00 secs] 
2014-07-16T16:10:37.607+0000: 2951.928: [GC [PSYoungGen: 292666K->776K(284800K)] 769972K->478270K(971776K), 0.0073280 secs] [Times: user=0.05 sys=0.01, real=0.01 secs] 
2014-07-16T16:10:38.640+0000: 2952.962: [GC [PSYoungGen: 284744K->676K(277248K)] 762238K->478218K(964224K), 0.0107390 secs] [Times: user=0.07 sys=0.00, real=0.02 secs] 
2014-07-16T16:10:39.669+0000: 2953.990: [GC [PSYoungGen: 277220K->776K(270272K)] 754762K->478406K(957248K), 0.0052210 secs] [Times: user=0.02 sys=0.00, real=0.01 secs] 
2014-07-16T16:10:40.693+0000: 2955.015: [GC [PSYoungGen: 270198K->726K(263360K)] 747829K->478412K(950336K), 0.0097120 secs] [Times: user=0.06 sys=0.00, real=0.01 secs] 
2014-07-16T16:10:41.663+0000: 2955.985: [GC [PSYoungGen: 263313K->644K(256704K)] 741000K->478386K(943680K), 0.0174220 secs] [Times: user=0.12 sys=0.00, real=0.01 secs] 
2014-07-16T16:10:42.596+0000: 2956.917: [GC [PSYoungGen: 256629K->1168K(250880K)] 734371K->479006K(937856K), 0.0088290 secs] [Times: user=0.06 sys=0.00, real=0.01 secs] 
2014-07-16T16:10:43.519+0000: 2957.840: [GC [PSYoungGen: 250832K->1154K(244800K)] 728670K->479072K(931776K), 0.0062460 secs] [Times: user=0.02 sys=0.00, real=0.01 secs] 
2014-07-16T16:10:44.443+0000: 2958.764: [GC [PSYoungGen: 244673K->1726K(239424K)] 722591K->479708K(926400K), 0.0038810 secs] [Times: user=0.02 sys=0.00, real=0.00 secs] 
2014-07-16T16:10:45.410+0000: 2959.732: [GC [PSYoungGen: 239421K->684K(232704K)] 717403K->479620K(919680K), 0.0080770 secs] [Times: user=0.05 sys=0.01, real=0.01 secs] 
2014-07-16T16:10:46.221+0000: 2960.542: [GC [PSYoungGen: 232679K->1408K(228032K)] 711616K->480432K(915008K), 0.0083380 secs] [Times: user=0.06 sys=0.00, real=0.01 secs] 
2014-07-16T16:10:47.061+0000: 2961.383: [GC [PSYoungGen: 227968K->918K(222272K)] 706992K->480338K(909248K), 0.0042190 secs] [Times: user=0.02 sys=0.01, real=0.01 secs] 
2014-07-16T16:10:47.857+0000: 2962.178: [GC [PSYoungGen: 222230K->1150K(217408K)] 701650K->480658K(904384K), 0.0055680 secs] [Times: user=0.04 sys=0.00, real=0.01 secs] 
2014-07-16T16:10:48.646+0000: 2962.967: [GC [PSYoungGen: 217398K->1040K(212416K)] 696907K->480620K(899392K), 0.0055300 secs] [Times: user=0.03 sys=0.00, real=0.00 secs] 
2014-07-16T16:10:49.430+0000: 2963.751: [GC [PSYoungGen: 212368K->1218K(207872K)] 691948K->480870K(894848K), 0.0039980 secs] [Times: user=0.02 sys=0.00, real=0.01 secs] 
2014-07-16T16:10:50.199+0000: 2964.521: [GC [PSYoungGen: 207805K->1182K(203264K)] 687458K->480914K(890240K), 0.0090640 secs] [Times: user=0.05 sys=0.00, real=0.01 secs] 
2014-07-16T16:10:51.028+0000: 2965.349: [GC [PSYoungGen: 203230K->1678K(199360K)] 682962K->481490K(886336K), 0.0111730 secs] [Times: user=0.07 sys=0.00, real=0.01 secs] 
2014-07-16T16:10:51.754+0000: 2966.076: [GC [PSYoungGen: 199286K->694K(194048K)] 679099K->480570K(881024K), 0.0031320 secs] [Times: user=0.02 sys=0.00, real=0.00 secs] 
2014-07-16T16:10:52.459+0000: 2966.780: [GC [PSYoungGen: 194038K->1568K(233664K)] 673914K->481500K(920640K), 0.0141680 secs] [Times: user=0.09 sys=0.00, real=0.01 secs] 
2014-07-16T16:10:53.302+0000: 2967.623: [GC [PSYoungGen: 233632K->676K(227328K)] 713564K->480672K(914304K), 0.0048040 secs] [Times: user=0.03 sys=0.00, real=0.01 secs] 
2014-07-16T16:10:54.132+0000: 2968.453: [GC [PSYoungGen: 227229K->1058K(222464K)] 707226K->481118K(909440K), 0.0080810 secs] [Times: user=0.05 sys=0.00, real=0.01 secs] 
2014-07-16T16:10:54.973+0000: 2969.294: [GC [PSYoungGen: 222420K->694K(217024K)] 702481K->480818K(904000K), 0.0082830 secs] [Times: user=0.06 sys=0.00, real=0.01 secs] 
2014-07-16T16:10:55.912+0000: 2970.233: [GC [PSYoungGen: 216986K->1376K(212800K)] 697110K->481580K(899776K), 0.0040600 secs] [Times: user=0.02 sys=0.00, real=0.01 secs] 
2014-07-16T16:10:56.644+0000: 2970.965: [GC [PSYoungGen: 212761K->694K(207360K)] 692966K->480962K(894336K), 0.0082720 secs] [Times: user=0.05 sys=0.00, real=0.00 secs] 
2014-07-16T16:10:57.396+0000: 2971.717: [GC [PSYoungGen: 207350K->708K(202880K)] 687618K->481056K(889856K), 0.0091480 secs] [Times: user=0.06 sys=0.00, real=0.01 secs] 
2014-07-16T16:10:58.136+0000: 2972.457: [GC [PSYoungGen: 202820K->836K(198592K)] 683168K->481256K(885568K), 0.0068110 secs] [Times: user=0.05 sys=0.00, real=0.00 secs] 
2014-07-16T16:10:58.858+0000: 2973.179: [GC [PSYoungGen: 198532K->1240K(238528K)] 678952K->481708K(925504K), 0.0137290 secs] [Times: user=0.08 sys=0.00, real=0.01 secs] 
2014-07-16T16:10:59.736+0000: 2974.057: [GC [PSYoungGen: 238488K->994K(285760K)] 718956K->481534K(972736K), 0.0069160 secs] [Times: user=0.04 sys=0.00, real=0.00 secs] 
2014-07-16T16:11:00.804+0000: 2975.126: [GC [PSYoungGen: 285730K->676K(278016K)] 766270K->481280K(964992K), 0.0040450 secs] [Times: user=0.02 sys=0.00, real=0.00 secs] 
2014-07-16T16:11:01.826+0000: 2976.147: [GC [PSYoungGen: 277988K->840K(271040K)] 758592K->481500K(958016K), 0.0047430 secs] [Times: user=0.02 sys=0.00, real=0.00 secs] 
2014-07-16T16:11:02.805+0000: 2977.127: [GC [PSYoungGen: 270971K->968K(264256K)] 751632K->481716K(951232K), 0.0038590 secs] [Times: user=0.02 sys=0.00, real=0.00 secs] 
2014-07-16T16:11:03.793+0000: 2978.114: [GC [PSYoungGen: 264169K->1390K(258048K)] 744917K->482218K(945024K), 0.0057840 secs] [Times: user=0.04 sys=0.00, real=0.01 secs] 
2014-07-16T16:11:04.707+0000: 2979.029: [GC [PSYoungGen: 258030K->1014K(251264K)] 738858K->481914K(938240K), 0.0060970 secs] [Times: user=0.03 sys=0.01, real=0.00 secs] 
2014-07-16T16:11:05.691+0000: 2980.013: [GC [PSYoungGen: 251206K->1198K(245312K)] 732107K->482854K(932288K), 0.0064540 secs] [Times: user=0.04 sys=0.00, real=0.01 secs] 
2014-07-16T16:11:06.603+0000: 2980.924: [GC [PSYoungGen: 245294K->1054K(239296K)] 726950K->482782K(926272K), 0.0079210 secs] [Times: user=0.05 sys=0.00, real=0.01 secs] 
2014-07-16T16:11:07.464+0000: 2981.786: [GC [PSYoungGen: 239262K->790K(233344K)] 720990K->482680K(920320K), 0.0069670 secs] [Times: user=0.05 sys=0.00, real=0.01 secs] 
2014-07-16T16:11:08.313+0000: 2982.634: [GC [PSYoungGen: 233302K->1112K(228160K)] 715192K->483058K(915136K), 0.0136490 secs] [Times: user=0.09 sys=0.00, real=0.02 secs] 
2014-07-16T16:11:09.181+0000: 2983.503: [GC [PSYoungGen: 228107K->990K(222720K)] 710053K->482992K(909696K), 0.0063060 secs] [Times: user=0.04 sys=0.01, real=0.01 secs] 
2014-07-16T16:11:09.977+0000: 2984.299: [GC [PSYoungGen: 222686K->662K(217280K)] 704688K->482712K(904256K), 0.0101450 secs] [Times: user=0.07 sys=0.01, real=0.01 secs] 
2014-07-16T16:11:10.833+0000: 2985.154: [GC [PSYoungGen: 217235K->1176K(212864K)] 699285K->483322K(899840K), 0.0069360 secs] [Times: user=0.05 sys=0.00, real=0.01 secs] 
2014-07-16T16:11:11.607+0000: 2985.928: [GC [PSYoungGen: 212824K->1574K(208512K)] 694970K->483800K(895488K), 0.0099120 secs] [Times: user=0.07 sys=0.00, real=0.01 secs] 
2014-07-16T16:11:12.334+0000: 2986.656: [GC [PSYoungGen: 208486K->690K(203072K)] 690712K->482988K(890048K), 0.0046780 secs] [Times: user=0.02 sys=0.00, real=0.01 secs] 
2014-07-16T16:11:13.084+0000: 2987.405: [GC [PSYoungGen: 203058K->1304K(199296K)] 685356K->483674K(886272K), 0.0077790 secs] [Times: user=0.05 sys=0.00, real=0.01 secs] 
2014-07-16T16:11:13.857+0000: 2988.178: [GC [PSYoungGen: 199231K->1232K(194944K)] 681602K->483658K(881920K), 0.0065650 secs] [Times: user=0.03 sys=0.00, real=0.00 secs] 
2014-07-16T16:11:14.536+0000: 2988.858: [GC [PSYoungGen: 194883K->1554K(234048K)] 677309K->484068K(921024K), 0.0103900 secs] [Times: user=0.07 sys=0.00, real=0.01 secs] 
2014-07-16T16:11:15.395+0000: 2989.717: [GC [PSYoungGen: 233989K->894K(227840K)] 716504K->483790K(914816K), 0.0053840 secs] [Times: user=0.04 sys=0.00, real=0.01 secs] 
2014-07-16T16:11:16.316+0000: 2990.637: [GC [PSYoungGen: 227837K->1796K(223488K)] 710734K->484806K(910464K), 0.0056370 secs] [Times: user=0.03 sys=0.00, real=0.01 secs] 
2014-07-16T16:11:17.172+0000: 2991.493: [GC [PSYoungGen: 223426K->840K(217408K)] 706437K->484106K(904384K), 0.0060390 secs] [Times: user=0.04 sys=0.00, real=0.01 secs] 
2014-07-16T16:11:17.977+0000: 2992.298: [GC [PSYoungGen: 217352K->680K(212288K)] 700618K->484018K(899264K), 0.0066420 secs] [Times: user=0.05 sys=0.00, real=0.01 secs] 
2014-07-16T16:11:18.750+0000: 2993.072: [GC [PSYoungGen: 212264K->608K(207488K)] 695602K->484002K(894464K), 0.0121920 secs] [Times: user=0.08 sys=0.00, real=0.01 secs] 
2014-07-16T16:11:19.528+0000: 2993.850: [GC [PSYoungGen: 207456K->1418K(249728K)] 690850K->484900K(936704K), 0.0093310 secs] [Times: user=0.04 sys=0.00, real=0.01 secs] 
2014-07-16T16:11:20.432+0000: 2994.754: [GC [PSYoungGen: 249674K->1236K(243456K)] 733156K->484782K(930432K), 0.0050380 secs] [Times: user=0.04 sys=0.00, real=0.01 secs] 
2014-07-16T16:11:21.339+0000: 2995.660: [GC [PSYoungGen: 243412K->708K(237120K)] 726958K->484334K(924096K), 0.0041230 secs] [Times: user=0.02 sys=0.00, real=0.00 secs] 
2014-07-16T16:11:22.208+0000: 2996.529: [GC [PSYoungGen: 237060K->1236K(232000K)] 720686K->484942K(918976K), 0.0073570 secs] [Times: user=0.05 sys=0.00, real=0.01 secs] 
2014-07-16T16:11:23.042+0000: 2997.363: [GC [PSYoungGen: 231956K->1328K(226624K)] 715662K->485098K(913600K), 0.0089500 secs] [Times: user=0.06 sys=0.00, real=0.01 secs] 
2014-07-16T16:11:23.857+0000: 2998.178: [GC [PSYoungGen: 226608K->936K(220992K)] 710378K->484778K(907968K), 0.0076360 secs] [Times: user=0.04 sys=0.00, real=0.01 secs] 
2014-07-16T16:11:24.674+0000: 2998.996: [GC [PSYoungGen: 220968K->1008K(265088K)] 704810K->484922K(952064K), 0.0130580 secs] [Times: user=0.10 sys=0.00, real=0.01 secs] 
2014-07-16T16:11:25.624+0000: 2999.946: [GC [PSYoungGen: 265072K->1086K(258496K)] 748986K->485056K(945472K), 0.0055900 secs] [Times: user=0.02 sys=0.00, real=0.01 secs] 
2014-07-16T16:11:26.609+0000: 3000.931: [GC [PSYoungGen: 258456K->1004K(252032K)] 742427K->485078K(939008K), 0.0053700 secs] [Times: user=0.03 sys=0.00, real=0.00 secs] 
2014-07-16T16:11:27.536+0000: 3001.857: [GC [PSYoungGen: 252012K->908K(245824K)] 736086K->485046K(932800K), 0.0051400 secs] [Times: user=0.02 sys=0.00, real=0.01 secs] 
2014-07-16T16:11:28.487+0000: 3002.808: [GC [PSYoungGen: 245772K->1470K(240384K)] 729910K->485688K(927360K), 0.0048170 secs] [Times: user=0.03 sys=0.00, real=0.01 secs] 
2014-07-16T16:11:29.347+0000: 3003.668: [GC [PSYoungGen: 240382K->1060K(234304K)] 724600K->485350K(921280K), 0.0061600 secs] [Times: user=0.03 sys=0.00, real=0.01 secs] 
2014-07-16T16:11:30.207+0000: 3004.528: [GC [PSYoungGen: 234249K->1090K(228864K)] 718540K->485460K(915840K), 0.0106580 secs] [Times: user=0.07 sys=0.01, real=0.01 secs] 
2014-07-16T16:11:31.141+0000: 3005.462: [GC [PSYoungGen: 228789K->1276K(223680K)] 713160K->486093K(910656K), 0.0060500 secs] [Times: user=0.04 sys=0.00, real=0.00 secs] 
2014-07-16T16:11:31.962+0000: 3006.283: [GC [PSYoungGen: 223676K->1210K(218496K)] 708493K->486091K(905472K), 0.0060700 secs] [Times: user=0.02 sys=0.00, real=0.00 secs] 
2014-07-16T16:11:32.836+0000: 3007.157: [GC [PSYoungGen: 218490K->940K(213312K)] 703371K->485893K(900288K), 0.0052150 secs] [Times: user=0.03 sys=0.00, real=0.01 secs] 
2014-07-16T16:11:33.610+0000: 3007.931: [GC [PSYoungGen: 213250K->890K(208512K)] 698203K->485899K(895488K), 0.0062190 secs] [Times: user=0.04 sys=0.00, real=0.00 secs] 
2014-07-16T16:11:34.380+0000: 3008.701: [GC [PSYoungGen: 208506K->868K(203904K)] 693515K->485972K(890880K), 0.0070100 secs] [Times: user=0.04 sys=0.00, real=0.00 secs] 
2014-07-16T16:11:35.111+0000: 3009.432: [GC [PSYoungGen: 203876K->744K(199360K)] 688980K->485936K(886336K), 0.0042660 secs] [Times: user=0.03 sys=0.01, real=0.00 secs] 
2014-07-16T16:11:35.940+0000: 3010.262: [GC [PSYoungGen: 199336K->1238K(195584K)] 684528K->486510K(882560K), 0.0098420 secs] [Times: user=0.04 sys=0.00, real=0.01 secs] 
2014-07-16T16:11:36.604+0000: 3010.925: [GC [PSYoungGen: 195542K->1336K(191488K)] 680814K->486657K(878464K), 0.0065760 secs] [Times: user=0.02 sys=0.00, real=0.01 secs] 
2014-07-16T16:11:37.310+0000: 3011.632: [GC [PSYoungGen: 191480K->874K(229120K)] 676801K->486719K(916096K), 0.0118160 secs] [Times: user=0.08 sys=0.00, real=0.01 secs] 
2014-07-16T16:11:38.148+0000: 3012.469: [GC [PSYoungGen: 229098K->1340K(275264K)] 714943K->487241K(962240K), 0.0084230 secs] [Times: user=0.06 sys=0.00, real=0.01 secs] 
2014-07-16T16:11:39.178+0000: 3013.499: [GC [PSYoungGen: 275260K->1054K(267968K)] 761161K->487151K(954944K), 0.0049820 secs] [Times: user=0.02 sys=0.00, real=0.01 secs] 
2014-07-16T16:11:40.178+0000: 3014.500: [GC [PSYoungGen: 267913K->1326K(261440K)] 754010K->487463K(948416K), 0.0138180 secs] [Times: user=0.08 sys=0.00, real=0.02 secs] 
2014-07-16T16:11:41.110+0000: 3015.431: [GC [PSYoungGen: 261409K->1194K(254784K)] 747546K->487731K(941760K), 0.0044130 secs] [Times: user=0.03 sys=0.00, real=0.01 secs] 
2014-07-16T16:11:42.041+0000: 3016.363: [GC [PSYoungGen: 254762K->1760K(249088K)] 741299K->488393K(936064K), 0.0058420 secs] [Times: user=0.04 sys=0.00, real=0.00 secs] 
2014-07-16T16:11:42.937+0000: 3017.259: [GC [PSYoungGen: 249056K->880K(242176K)] 735689K->487767K(929152K), 0.0047250 secs] [Times: user=0.02 sys=0.01, real=0.01 secs] 
2014-07-16T16:11:43.828+0000: 3018.149: [GC [PSYoungGen: 242160K->818K(236288K)] 729047K->487817K(923264K), 0.0044790 secs] [Times: user=0.02 sys=0.00, real=0.01 secs] 
2014-07-16T16:11:44.708+0000: 3019.029: [GC [PSYoungGen: 236274K->830K(230720K)] 723273K->487893K(917696K), 0.0106280 secs] [Times: user=0.07 sys=0.00, real=0.01 secs] 
2014-07-16T16:11:45.560+0000: 3019.881: [GC [PSYoungGen: 230718K->982K(225536K)] 717781K->488125K(912512K), 0.0061600 secs] [Times: user=0.03 sys=0.00, real=0.01 secs] 
2014-07-16T16:11:46.475+0000: 3020.796: [GC [PSYoungGen: 225466K->1214K(220544K)] 712609K->488429K(907520K), 0.0037950 secs] [Times: user=0.02 sys=0.00, real=0.00 secs] 
2014-07-16T16:11:47.278+0000: 3021.599: [GC [PSYoungGen: 220542K->822K(215168K)] 707757K->488133K(902144K), 0.0034540 secs] [Times: user=0.02 sys=0.00, real=0.01 secs] 
2014-07-16T16:11:48.074+0000: 3022.396: [GC [PSYoungGen: 215158K->1272K(210752K)] 702469K->488655K(897728K), 0.0118410 secs] [Times: user=0.08 sys=0.01, real=0.01 secs] 
2014-07-16T16:11:48.864+0000: 3023.185: [GC [PSYoungGen: 210716K->708K(205568K)] 698099K->488179K(892544K), 0.0107220 secs] [Times: user=0.07 sys=0.00, real=0.01 secs] 
2014-07-16T16:11:49.620+0000: 3023.941: [GC [PSYoungGen: 205508K->790K(201152K)] 692979K->488365K(888128K), 0.0068470 secs] [Times: user=0.04 sys=0.00, real=0.01 secs] 
2014-07-16T16:11:50.370+0000: 3024.691: [GC [PSYoungGen: 201110K->1542K(197568K)] 688685K->489197K(884544K), 0.0095100 secs] [Times: user=0.05 sys=0.01, real=0.01 secs] 
2014-07-16T16:11:51.155+0000: 3025.477: [GC [PSYoungGen: 197510K->1140K(192896K)] 685165K->488867K(879872K), 0.0042070 secs] [Times: user=0.02 sys=0.00, real=0.00 secs] 
2014-07-16T16:11:51.833+0000: 3026.154: [GC [PSYoungGen: 192881K->1414K(231616K)] 680608K->489229K(918592K), 0.0132870 secs] [Times: user=0.09 sys=0.00, real=0.01 secs] 
2014-07-16T16:11:52.681+0000: 3027.002: [GC [PSYoungGen: 231558K->990K(225792K)] 719373K->488885K(912768K), 0.0051550 secs] [Times: user=0.02 sys=0.00, real=0.01 secs] 
2014-07-16T16:11:53.507+0000: 3027.829: [GC [PSYoungGen: 225756K->644K(270464K)] 713651K->488587K(957440K), 0.0122320 secs] [Times: user=0.07 sys=0.00, real=0.01 secs] 
2014-07-16T16:11:54.475+0000: 3028.796: [GC [PSYoungGen: 270387K->822K(263744K)] 758330K->488821K(950720K), 0.0056840 secs] [Times: user=0.03 sys=0.00, real=0.00 secs] 
2014-07-16T16:11:55.425+0000: 3029.746: [GC [PSYoungGen: 263734K->1130K(257472K)] 751733K->489177K(944448K), 0.0039450 secs] [Times: user=0.02 sys=0.00, real=0.00 secs] 
2014-07-16T16:11:56.387+0000: 3030.708: [GC [PSYoungGen: 257403K->976K(251008K)] 745450K->489079K(937984K), 0.0087660 secs] [Times: user=0.04 sys=0.00, real=0.01 secs] 
2014-07-16T16:11:57.311+0000: 3031.632: [GC [PSYoungGen: 250935K->980K(244864K)] 739038K->489131K(931840K), 0.0048330 secs] [Times: user=0.02 sys=0.00, real=0.01 secs] 
2014-07-16T16:11:58.208+0000: 3032.529: [GC [PSYoungGen: 244820K->926K(238912K)] 732971K->489133K(925888K), 0.0082900 secs] [Times: user=0.05 sys=0.00, real=0.01 secs] 
2014-07-16T16:11:59.098+0000: 3033.419: [GC [PSYoungGen: 238878K->1618K(233920K)] 727085K->489881K(920896K), 0.0094580 secs] [Times: user=0.06 sys=0.00, real=0.01 secs] 
2014-07-16T16:12:00.019+0000: 3034.341: [GC [PSYoungGen: 233874K->762K(227520K)] 722137K->489375K(914496K), 0.0050300 secs] [Times: user=0.03 sys=0.01, real=0.01 secs] 
2014-07-16T16:12:00.921+0000: 3035.243: [GC [PSYoungGen: 227514K->1708K(223232K)] 716127K->490427K(910208K), 0.0091320 secs] [Times: user=0.06 sys=0.00, real=0.01 secs] 
2014-07-16T16:12:01.757+0000: 3036.078: [GC [PSYoungGen: 223201K->1016K(217472K)] 711920K->489939K(904448K), 0.0082400 secs] [Times: user=0.05 sys=0.00, real=0.01 secs] 
2014-07-16T16:12:02.558+0000: 3036.880: [GC [PSYoungGen: 217460K->826K(212352K)] 706383K->489821K(899328K), 0.0073580 secs] [Times: user=0.04 sys=0.00, real=0.01 secs] 
2014-07-16T16:12:03.336+0000: 3037.658: [GC [PSYoungGen: 212346K->822K(207616K)] 701341K->489937K(894592K), 0.0096220 secs] [Times: user=0.06 sys=0.00, real=0.01 secs] 
2014-07-16T16:12:04.092+0000: 3038.413: [GC [PSYoungGen: 207598K->1090K(249344K)] 696713K->490277K(936320K), 0.0095640 secs] [Times: user=0.07 sys=0.00, real=0.01 secs] 
2014-07-16T16:12:05.025+0000: 3039.347: [GC [PSYoungGen: 249282K->980K(243136K)] 738469K->490231K(930112K), 0.0081970 secs] [Times: user=0.06 sys=0.00, real=0.00 secs] 
2014-07-16T16:12:05.914+0000: 3040.235: [GC [PSYoungGen: 243092K->826K(237120K)] 732343K->490133K(924096K), 0.0054840 secs] [Times: user=0.03 sys=0.00, real=0.00 secs] 
2014-07-16T16:12:06.834+0000: 3041.156: [GC [PSYoungGen: 237109K->694K(231360K)] 726416K->490073K(918336K), 0.0056310 secs] [Times: user=0.04 sys=0.01, real=0.00 secs] 
2014-07-16T16:12:07.702+0000: 3042.024: [GC [PSYoungGen: 231350K->780K(226048K)] 720729K->490223K(913024K), 0.0062800 secs] [Times: user=0.04 sys=0.00, real=0.01 secs] 
2014-07-16T16:12:08.573+0000: 3042.894: [GC [PSYoungGen: 225996K->1264K(221248K)] 715439K->490779K(908224K), 0.0057920 secs] [Times: user=0.03 sys=0.00, real=0.01 secs] 
2014-07-16T16:12:09.362+0000: 3043.684: [GC [PSYoungGen: 221232K->672K(215616K)] 710747K->490267K(902592K), 0.0099930 secs] [Times: user=0.06 sys=0.00, real=0.01 secs] 
2014-07-16T16:12:10.156+0000: 3044.478: [GC [PSYoungGen: 215571K->694K(210752K)] 705166K->490377K(897728K), 0.0076670 secs] [Times: user=0.05 sys=0.00, real=0.00 secs] 
2014-07-16T16:12:10.944+0000: 3045.266: [GC [PSYoungGen: 210742K->990K(206400K)] 700425K->490745K(893376K), 0.0098370 secs] [Times: user=0.06 sys=0.00, real=0.01 secs] 
2014-07-16T16:12:11.761+0000: 3046.083: [GC [PSYoungGen: 206366K->1086K(247552K)] 696121K->490921K(934528K), 0.0118910 secs] [Times: user=0.07 sys=0.00, real=0.01 secs] 
2014-07-16T16:12:12.655+0000: 3046.977: [GC [PSYoungGen: 247466K->862K(296704K)] 737301K->490761K(983680K), 0.0072500 secs] [Times: user=0.04 sys=0.00, real=0.00 secs] 
2014-07-16T16:12:13.743+0000: 3048.064: [GC [PSYoungGen: 296638K->1262K(311808K)] 786537K->491639K(998784K), 0.0170910 secs] [Times: user=0.12 sys=0.00, real=0.02 secs] 
2014-07-16T16:12:14.919+0000: 3049.241: [GC [PSYoungGen: 311790K->790K(312320K)] 802167K->491239K(999296K), 0.0133370 secs] [Times: user=0.09 sys=0.00, real=0.01 secs] 
2014-07-16T16:12:16.055+0000: 3050.376: [GC [PSYoungGen: 311318K->1176K(303296K)] 801767K->491697K(990272K), 0.0035740 secs] [Times: user=0.02 sys=0.00, real=0.01 secs] 
2014-07-16T16:12:17.187+0000: 3051.509: [GC [PSYoungGen: 303256K->1004K(294976K)] 793777K->491597K(981952K), 0.0091670 secs] [Times: user=0.05 sys=0.00, real=0.01 secs] 
2014-07-16T16:12:18.296+0000: 3052.617: [GC [PSYoungGen: 294956K->1382K(287552K)] 785549K->492063K(974528K), 0.0063400 secs] [Times: user=0.03 sys=0.00, real=0.01 secs] 
2014-07-16T16:12:19.375+0000: 3053.696: [GC [PSYoungGen: 287519K->1000K(279680K)] 778200K->491753K(966656K), 0.0111920 secs] [Times: user=0.07 sys=0.00, real=0.02 secs] 
2014-07-16T16:12:20.413+0000: 3054.734: [GC [PSYoungGen: 279656K->1112K(272576K)] 770409K->491913K(959552K), 0.0108680 secs] [Times: user=0.07 sys=0.00, real=0.01 secs] 
2014-07-16T16:12:21.400+0000: 3055.722: [GC [PSYoungGen: 272536K->612K(265152K)] 763337K->491485K(952128K), 0.0047940 secs] [Times: user=0.02 sys=0.00, real=0.00 secs] 
2014-07-16T16:12:22.387+0000: 3056.708: [GC [PSYoungGen: 265092K->1176K(259072K)] 755965K->492137K(946048K), 0.0081740 secs] [Times: user=0.05 sys=0.01, real=0.01 secs] 
2014-07-16T16:12:23.337+0000: 3057.658: [GC [PSYoungGen: 259032K->1208K(252672K)] 749993K->492233K(939648K), 0.0112980 secs] [Times: user=0.07 sys=0.00, real=0.02 secs] 
2014-07-16T16:12:24.267+0000: 3058.589: [GC [PSYoungGen: 252664K->826K(302592K)] 743689K->491915K(989568K), 0.0130180 secs] [Times: user=0.08 sys=0.01, real=0.01 secs] 
2014-07-16T16:12:25.378+0000: 3059.699: [GC [PSYoungGen: 302585K->908K(294592K)] 793674K->492053K(981568K), 0.0040330 secs] [Times: user=0.02 sys=0.00, real=0.00 secs] 
2014-07-16T16:12:26.457+0000: 3060.778: [GC [PSYoungGen: 294514K->994K(286848K)] 785660K->492195K(973824K), 0.0122370 secs] [Times: user=0.08 sys=0.00, real=0.02 secs] 
2014-07-16T16:12:27.560+0000: 3061.881: [GC [PSYoungGen: 286818K->1172K(279552K)] 778019K->492445K(966528K), 0.0045950 secs] [Times: user=0.02 sys=0.01, real=0.00 secs] 
2014-07-16T16:12:28.563+0000: 3062.884: [GC [PSYoungGen: 279508K->894K(272064K)] 770781K->492239K(959040K), 0.0111530 secs] [Times: user=0.07 sys=0.00, real=0.01 secs] 
2014-07-16T16:12:29.576+0000: 3063.897: [GC [PSYoungGen: 272062K->840K(265152K)] 763407K->492265K(952128K), 0.0094300 secs] [Times: user=0.05 sys=0.01, real=0.01 secs] 
2014-07-16T16:12:30.556+0000: 3064.877: [GC [PSYoungGen: 265096K->1004K(258624K)] 756521K->492517K(945600K), 0.0045280 secs] [Times: user=0.03 sys=0.00, real=0.01 secs] 
2014-07-16T16:12:31.543+0000: 3065.864: [GC [PSYoungGen: 258579K->830K(252032K)] 750092K->492383K(939008K), 0.0059160 secs] [Times: user=0.02 sys=0.00, real=0.01 secs] 
2014-07-16T16:12:32.481+0000: 3066.802: [GC [PSYoungGen: 252030K->908K(246016K)] 743583K->492533K(932992K), 0.0058560 secs] [Times: user=0.03 sys=0.00, real=0.00 secs] 
2014-07-16T16:12:33.384+0000: 3067.706: [GC [PSYoungGen: 245926K->1390K(240512K)] 737552K->493087K(927488K), 0.0094240 secs] [Times: user=0.05 sys=0.00, real=0.01 secs] 
2014-07-16T16:12:34.264+0000: 3068.585: [GC [PSYoungGen: 240494K->616K(234048K)] 732191K->492625K(921024K), 0.0093480 secs] [Times: user=0.06 sys=0.00, real=0.01 secs] 
2014-07-16T16:12:35.144+0000: 3069.466: [GC [PSYoungGen: 234024K->1100K(229056K)] 726033K->493173K(916032K), 0.0088620 secs] [Times: user=0.05 sys=0.01, real=0.01 secs] 
2014-07-16T16:12:35.978+0000: 3070.299: [GC [PSYoungGen: 229004K->926K(223552K)] 721077K->493055K(910528K), 0.0054360 secs] [Times: user=0.03 sys=0.00, real=0.01 secs] 
2014-07-16T16:12:36.900+0000: 3071.221: [GC [PSYoungGen: 223518K->1454K(218944K)] 715647K->493655K(905920K), 0.0042260 secs] [Times: user=0.01 sys=0.00, real=0.00 secs] 
2014-07-16T16:12:37.655+0000: 3071.976: [GC [PSYoungGen: 218902K->552K(213120K)] 711104K->493213K(900096K), 0.0085260 secs] [Times: user=0.05 sys=0.00, real=0.01 secs] 
2014-07-16T16:12:38.442+0000: 3072.764: [GC [PSYoungGen: 213073K->1276K(209024K)] 705735K->494009K(896000K), 0.0065120 secs] [Times: user=0.03 sys=0.00, real=0.00 secs] 
2014-07-16T16:12:39.237+0000: 3073.558: [GC [PSYoungGen: 209008K->722K(203904K)] 701742K->493561K(890880K), 0.0043690 secs] [Times: user=0.03 sys=0.00, real=0.01 secs] 
2014-07-16T16:12:39.983+0000: 3074.304: [GC [PSYoungGen: 203858K->1094K(199872K)] 696697K->493989K(886848K), 0.0077030 secs] [Times: user=0.04 sys=0.01, real=0.01 secs] 
2014-07-16T16:12:40.721+0000: 3075.042: [GC [PSYoungGen: 199768K->1312K(195776K)] 692664K->494337K(882752K), 0.0055280 secs] [Times: user=0.02 sys=0.01, real=0.00 secs] 
2014-07-16T16:12:41.478+0000: 3075.799: [GC [PSYoungGen: 195687K->1278K(191552K)] 688712K->494367K(878528K), 0.0093260 secs] [Times: user=0.07 sys=0.00, real=0.01 secs] 
2014-07-16T16:12:42.258+0000: 3076.579: [GC [PSYoungGen: 191550K->738K(229120K)] 684639K->494981K(916096K), 0.0119050 secs] [Times: user=0.08 sys=0.00, real=0.01 secs] 
2014-07-16T16:12:43.091+0000: 3077.412: [GC [PSYoungGen: 229063K->1782K(224832K)] 723306K->496066K(911808K), 0.0049910 secs] [Times: user=0.02 sys=0.00, real=0.00 secs] 
2014-07-16T16:12:43.901+0000: 3078.223: [GC [PSYoungGen: 224822K->626K(268288K)] 719106K->495237K(955264K), 0.0188690 secs] [Times: user=0.14 sys=0.00, real=0.02 secs] 
2014-07-16T16:12:44.879+0000: 3079.200: [GC [PSYoungGen: 268238K->776K(322048K)] 762850K->495444K(1009024K), 0.0077310 secs] [Times: user=0.05 sys=0.01, real=0.01 secs] 
2014-07-16T16:12:46.067+0000: 3080.388: [GC [PSYoungGen: 321962K->1018K(313344K)] 816630K->495766K(1000320K), 0.0068500 secs] [Times: user=0.05 sys=0.00, real=0.01 secs] 
2014-07-16T16:12:47.220+0000: 3081.542: [GC [PSYoungGen: 313303K->1790K(305600K)] 808051K->496618K(992576K), 0.0071750 secs] [Times: user=0.04 sys=0.01, real=0.00 secs] 
2014-07-16T16:12:48.341+0000: 3082.663: [GC [PSYoungGen: 305598K->744K(296384K)] 800426K->495644K(983360K), 0.0040990 secs] [Times: user=0.02 sys=0.00, real=0.00 secs] 
2014-07-16T16:12:49.466+0000: 3083.788: [GC [PSYoungGen: 296360K->1296K(289088K)] 791260K->496284K(976064K), 0.0057960 secs] [Times: user=0.03 sys=0.00, real=0.01 secs] 
2014-07-16T16:12:50.535+0000: 3084.856: [GC [PSYoungGen: 289030K->808K(281024K)] 784018K->495836K(968000K), 0.0147880 secs] [Times: user=0.09 sys=0.00, real=0.01 secs] 
2014-07-16T16:12:51.567+0000: 3085.889: [GC [PSYoungGen: 281000K->730K(273664K)] 776028K->495822K(960640K), 0.0077440 secs] [Times: user=0.05 sys=0.00, real=0.01 secs] 
2014-07-16T16:12:52.628+0000: 3086.949: [GC [PSYoungGen: 273626K->1522K(267456K)] 768718K->496718K(954432K), 0.0039570 secs] [Times: user=0.03 sys=0.00, real=0.01 secs] 
2014-07-16T16:12:53.610+0000: 3087.931: [GC [PSYoungGen: 267442K->922K(260160K)] 762638K->496206K(947136K), 0.0038140 secs] [Times: user=0.02 sys=0.00, real=0.01 secs] 
2014-07-16T16:12:54.570+0000: 3088.891: [GC [PSYoungGen: 260105K->940K(253696K)] 755389K->496312K(940672K), 0.0079820 secs] [Times: user=0.06 sys=0.01, real=0.01 secs] 
2014-07-16T16:12:55.527+0000: 3089.848: [GC [PSYoungGen: 253676K->1040K(247616K)] 749048K->496476K(934592K), 0.0083860 secs] [Times: user=0.04 sys=0.00, real=0.01 secs] 
2014-07-16T16:12:56.406+0000: 3090.727: [GC [PSYoungGen: 247557K->1126K(297024K)] 742993K->496626K(984000K), 0.0205800 secs] [Times: user=0.13 sys=0.00, real=0.02 secs] 
2014-07-16T16:12:57.526+0000: 3091.847: [GC [PSYoungGen: 296998K->612K(288640K)] 792498K->496191K(975616K), 0.0045800 secs] [Times: user=0.03 sys=0.00, real=0.00 secs] 
2014-07-16T16:12:58.587+0000: 3092.909: [GC [PSYoungGen: 288612K->1054K(281536K)] 784191K->496738K(968512K), 0.0053950 secs] [Times: user=0.04 sys=0.00, real=0.01 secs] 
2014-07-16T16:12:59.616+0000: 3093.938: [GC [PSYoungGen: 281502K->908K(274112K)] 777186K->496656K(961088K), 0.0134080 secs] [Times: user=0.08 sys=0.01, real=0.01 secs] 
2014-07-16T16:13:00.624+0000: 3094.946: [GC [PSYoungGen: 274031K->1326K(329152K)] 769779K->497122K(1016128K), 0.0140520 secs] [Times: user=0.09 sys=0.00, real=0.01 secs] 
2014-07-16T16:13:01.860+0000: 3096.181: [GC [PSYoungGen: 329131K->876K(342848K)] 824927K->496736K(1029824K), 0.0117650 secs] [Times: user=0.07 sys=0.00, real=0.01 secs] 
2014-07-16T16:13:03.138+0000: 3097.459: [GC [PSYoungGen: 341932K->722K(332160K)] 837792K->496669K(1019136K), 0.0090910 secs] [Times: user=0.06 sys=0.00, real=0.01 secs] 
2014-07-16T16:13:04.345+0000: 3098.666: [GC [PSYoungGen: 332074K->958K(323072K)] 828022K->496970K(1010048K), 0.0038410 secs] [Times: user=0.01 sys=0.01, real=0.00 secs] 
2014-07-16T16:13:05.557+0000: 3099.879: [GC [PSYoungGen: 322990K->894K(314112K)] 819002K->496954K(1001088K), 0.0041890 secs] [Times: user=0.02 sys=0.00, real=0.00 secs] 
2014-07-16T16:13:06.699+0000: 3101.020: [GC [PSYoungGen: 314110K->1208K(305856K)] 810170K->497332K(992832K), 0.0084120 secs] [Times: user=0.06 sys=0.00, real=0.01 secs] 
2014-07-16T16:13:07.869+0000: 3102.190: [GC [PSYoungGen: 305846K->922K(297408K)] 801970K->497134K(984384K), 0.0109640 secs] [Times: user=0.06 sys=0.00, real=0.01 secs] 
2014-07-16T16:13:08.961+0000: 3103.282: [GC [PSYoungGen: 297291K->1140K(289728K)] 793503K->497424K(976704K), 0.0052480 secs] [Times: user=0.02 sys=0.00, real=0.01 secs] 
2014-07-16T16:13:10.022+0000: 3104.343: [GC [PSYoungGen: 289716K->1122K(282112K)] 786000K->497636K(969088K), 0.0110650 secs] [Times: user=0.07 sys=0.01, real=0.01 secs] 
2014-07-16T16:13:11.064+0000: 3105.385: [GC [PSYoungGen: 282082K->1204K(274880K)] 778596K->497814K(961856K), 0.0071050 secs] [Times: user=0.05 sys=0.01, real=0.01 secs] 
2014-07-16T16:13:12.066+0000: 3106.387: [GC [PSYoungGen: 274829K->1008K(267648K)] 771439K->497976K(954624K), 0.0118250 secs] [Times: user=0.08 sys=0.00, real=0.01 secs] 
2014-07-16T16:13:13.064+0000: 3107.385: [GC [PSYoungGen: 267632K->1026K(260992K)] 764600K->498074K(947968K), 0.0064370 secs] [Times: user=0.04 sys=0.00, real=0.01 secs] 
2014-07-16T16:13:14.031+0000: 3108.352: [GC [PSYoungGen: 260930K->744K(312704K)] 757978K->498130K(999680K), 0.0199560 secs] [Times: user=0.12 sys=0.00, real=0.02 secs] 
2014-07-16T16:13:15.294+0000: 3109.615: [GC [PSYoungGen: 312593K->968K(304448K)] 809979K->498402K(991424K), 0.0088710 secs] [Times: user=0.05 sys=0.01, real=0.01 secs] 
2014-07-16T16:13:16.450+0000: 3110.772: [GC [PSYoungGen: 304392K->1278K(296512K)] 801826K->498768K(983488K), 0.0108120 secs] [Times: user=0.07 sys=0.00, real=0.01 secs] 
2014-07-16T16:13:17.570+0000: 3111.891: [GC [PSYoungGen: 296510K->1082K(288448K)] 794000K->498676K(975424K), 0.0088040 secs] [Times: user=0.06 sys=0.01, real=0.01 secs] 
2014-07-16T16:13:18.640+0000: 3112.961: [GC [PSYoungGen: 288442K->722K(280576K)] 786036K->498372K(967552K), 0.0113790 secs] [Times: user=0.07 sys=0.00, real=0.01 secs] 
2014-07-16T16:13:19.677+0000: 3113.998: [GC [PSYoungGen: 280530K->836K(273472K)] 778180K->498550K(960448K), 0.0071970 secs] [Times: user=0.04 sys=0.01, real=0.00 secs] 
2014-07-16T16:13:20.732+0000: 3115.054: [GC [PSYoungGen: 273412K->1572K(267200K)] 771126K->499458K(954176K), 0.0092030 secs] [Times: user=0.06 sys=0.01, real=0.01 secs] 
2014-07-16T16:13:21.708+0000: 3116.029: [GC [PSYoungGen: 267172K->1000K(319744K)] 765058K->498974K(1006720K), 0.0176730 secs] [Times: user=0.12 sys=0.00, real=0.01 secs] 
2014-07-16T16:13:22.922+0000: 3117.244: [GC [PSYoungGen: 319720K->840K(310848K)] 817694K->498976K(997824K), 0.0043610 secs] [Times: user=0.02 sys=0.00, real=0.01 secs] 
2014-07-16T16:13:24.061+0000: 3118.383: [GC [PSYoungGen: 310789K->1540K(303104K)] 808925K->499740K(990080K), 0.0052980 secs] [Times: user=0.03 sys=0.00, real=0.01 secs] 
2014-07-16T16:13:25.193+0000: 3119.515: [GC [PSYoungGen: 303044K->958K(294400K)] 801244K->499198K(981376K), 0.0111330 secs] [Times: user=0.06 sys=0.00, real=0.01 secs] 
2014-07-16T16:13:26.263+0000: 3120.584: [GC [PSYoungGen: 294398K->1026K(286720K)] 792638K->499370K(973696K), 0.0072930 secs] [Times: user=0.04 sys=0.00, real=0.01 secs] 
2014-07-16T16:13:27.385+0000: 3121.706: [GC [PSYoungGen: 286658K->1348K(279552K)] 785002K->499756K(966528K), 0.0121420 secs] [Times: user=0.08 sys=0.00, real=0.01 secs] 
2014-07-16T16:13:28.365+0000: 3122.687: [GC [PSYoungGen: 279485K->1086K(272064K)] 777893K->499558K(959040K), 0.0083480 secs] [Times: user=0.05 sys=0.00, real=0.01 secs] 
2014-07-16T16:13:29.367+0000: 3123.689: [GC [PSYoungGen: 272061K->1122K(265216K)] 770533K->499748K(952192K), 0.0075580 secs] [Times: user=0.05 sys=0.00, real=0.00 secs] 
2014-07-16T16:13:30.352+0000: 3124.674: [GC [PSYoungGen: 265186K->1468K(258880K)] 763812K->500198K(945856K), 0.0076020 secs] [Times: user=0.05 sys=0.01, real=0.01 secs] 
2014-07-16T16:13:31.300+0000: 3125.621: [GC [PSYoungGen: 258876K->562K(251584K)] 757606K->499348K(938560K), 0.0045340 secs] [Times: user=0.02 sys=0.01, real=0.00 secs] 
2014-07-16T16:13:32.222+0000: 3126.543: [GC [PSYoungGen: 251570K->1026K(245952K)] 750356K->499884K(932928K), 0.0081800 secs] [Times: user=0.05 sys=0.00, real=0.01 secs] 
2014-07-16T16:13:33.142+0000: 3127.463: [GC [PSYoungGen: 245890K->1158K(240128K)] 744748K->500088K(927104K), 0.0054850 secs] [Times: user=0.04 sys=0.00, real=0.01 secs] 
2014-07-16T16:13:34.047+0000: 3128.369: [GC [PSYoungGen: 240031K->1618K(234880K)] 738962K->500620K(921856K), 0.0052590 secs] [Times: user=0.03 sys=0.01, real=0.01 secs] 
2014-07-16T16:13:34.884+0000: 3129.205: [GC [PSYoungGen: 234834K->620K(228352K)] 733836K->500086K(915328K), 0.0048180 secs] [Times: user=0.03 sys=0.00, real=0.01 secs] 
2014-07-16T16:13:35.735+0000: 3130.056: [GC [PSYoungGen: 228332K->1768K(224192K)] 727798K->501290K(911168K), 0.0082920 secs] [Times: user=0.05 sys=0.00, real=0.01 secs] 
2014-07-16T16:13:36.566+0000: 3130.887: [GC [PSYoungGen: 224168K->1072K(218368K)] 723690K->500922K(905344K), 0.0095700 secs] [Times: user=0.07 sys=0.00, real=0.01 secs] 
2014-07-16T16:13:37.349+0000: 3131.671: [GC [PSYoungGen: 218310K->862K(213248K)] 718160K->500776K(900224K), 0.0041140 secs] [Times: user=0.02 sys=0.00, real=0.00 secs] 
2014-07-16T16:13:38.146+0000: 3132.467: [GC [PSYoungGen: 213214K->776K(208448K)] 713128K->500754K(895424K), 0.0117780 secs] [Times: user=0.08 sys=0.00, real=0.01 secs] 
2014-07-16T16:13:38.925+0000: 3133.247: [GC [PSYoungGen: 208392K->790K(249984K)] 708370K->500824K(936960K), 0.0145630 secs] [Times: user=0.09 sys=0.00, real=0.02 secs] 
2014-07-16T16:13:39.826+0000: 3134.147: [GC [PSYoungGen: 249941K->962K(300032K)] 749976K->501068K(987008K), 0.0063960 secs] [Times: user=0.04 sys=0.00, real=0.01 secs] 
2014-07-16T16:13:40.942+0000: 3135.263: [GC [PSYoungGen: 299970K->1044K(292096K)] 800076K->501206K(979072K), 0.0043580 secs] [Times: user=0.02 sys=0.01, real=0.00 secs] 
2014-07-16T16:13:42.003+0000: 3136.325: [GC [PSYoungGen: 292052K->840K(284224K)] 792214K->501082K(971200K), 0.0108280 secs] [Times: user=0.07 sys=0.00, real=0.01 secs] 
2014-07-16T16:13:43.051+0000: 3137.372: [GC [PSYoungGen: 284168K->1050K(277056K)] 784410K->501356K(964032K), 0.0052890 secs] [Times: user=0.02 sys=0.00, real=0.00 secs] 
2014-07-16T16:13:44.095+0000: 3138.416: [GC [PSYoungGen: 277018K->944K(269824K)] 777324K->501314K(956800K), 0.0099440 secs] [Times: user=0.06 sys=0.00, real=0.01 secs] 
2014-07-16T16:13:45.083+0000: 3139.404: [GC [PSYoungGen: 269765K->1382K(263424K)] 770136K->501816K(950400K), 0.0085170 secs] [Times: user=0.03 sys=0.00, real=0.01 secs] 
2014-07-16T16:13:46.213+0000: 3140.534: [GC [PSYoungGen: 263398K->894K(256320K)] 763832K->501648K(943296K), 0.0093690 secs] [Times: user=0.05 sys=0.00, real=0.01 secs] 
2014-07-16T16:13:47.174+0000: 3141.496: [GC [PSYoungGen: 256318K->1136K(250240K)] 757072K->501954K(937216K), 0.0068630 secs] [Times: user=0.03 sys=0.00, real=0.01 secs] 
2014-07-16T16:13:48.105+0000: 3142.426: [GC [PSYoungGen: 250224K->1144K(244160K)] 751042K->502126K(931136K), 0.0055470 secs] [Times: user=0.02 sys=0.01, real=0.01 secs] 
2014-07-16T16:13:48.991+0000: 3143.312: [GC [PSYoungGen: 244132K->544K(237696K)] 745115K->501582K(924672K), 0.0110510 secs] [Times: user=0.06 sys=0.00, real=0.01 secs] 
2014-07-16T16:13:49.886+0000: 3144.207: [GC [PSYoungGen: 237664K->1336K(232832K)] 738702K->502470K(919808K), 0.0086060 secs] [Times: user=0.06 sys=0.00, real=0.01 secs] 
2014-07-16T16:13:50.778+0000: 3145.100: [GC [PSYoungGen: 232824K->1372K(227456K)] 733958K->502594K(914432K), 0.0056660 secs] [Times: user=0.03 sys=0.00, real=0.01 secs] 
2014-07-16T16:13:51.623+0000: 3145.944: [GC [PSYoungGen: 227420K->740K(221568K)] 728642K->502100K(908544K), 0.0063840 secs] [Times: user=0.04 sys=0.01, real=0.00 secs] 
2014-07-16T16:13:52.433+0000: 3146.754: [GC [PSYoungGen: 221540K->708K(216512K)] 722900K->502156K(903488K), 0.0087440 secs] [Times: user=0.06 sys=0.00, real=0.01 secs] 
2014-07-16T16:13:53.257+0000: 3147.579: [GC [PSYoungGen: 216402K->912K(211840K)] 717851K->502408K(898816K), 0.0088080 secs] [Times: user=0.05 sys=0.01, real=0.01 secs] 
2014-07-16T16:13:54.029+0000: 3148.350: [GC [PSYoungGen: 211760K->1626K(207808K)] 713257K->503270K(894784K), 0.0047140 secs] [Times: user=0.02 sys=0.00, real=0.01 secs] 
2014-07-16T16:13:54.788+0000: 3149.109: [GC [PSYoungGen: 207770K->748K(202368K)] 709414K->502488K(889344K), 0.0046130 secs] [Times: user=0.02 sys=0.01, real=0.01 secs] 
2014-07-16T16:13:55.542+0000: 3149.864: [GC [PSYoungGen: 202348K->726K(197952K)] 704088K->502522K(884928K), 0.0124670 secs] [Times: user=0.09 sys=0.01, real=0.01 secs] 
2014-07-16T16:13:56.261+0000: 3150.582: [GC [PSYoungGen: 197889K->1750K(238464K)] 699685K->503708K(925440K), 0.0114180 secs] [Times: user=0.08 sys=0.00, real=0.02 secs] 
2014-07-16T16:13:57.213+0000: 3151.534: [GC [PSYoungGen: 238422K->976K(232064K)] 740380K->502982K(919040K), 0.0046710 secs] [Times: user=0.03 sys=0.00, real=0.00 secs] 
2014-07-16T16:13:58.069+0000: 3152.390: [GC [PSYoungGen: 232016K->1200K(226816K)] 734022K->503294K(913792K), 0.0077130 secs] [Times: user=0.05 sys=0.00, real=0.01 secs] 
2014-07-16T16:13:58.917+0000: 3153.239: [GC [PSYoungGen: 226762K->594K(220992K)] 728857K->502744K(907968K), 0.0085950 secs] [Times: user=0.05 sys=0.01, real=0.01 secs] 
2014-07-16T16:13:59.753+0000: 3154.074: [GC [PSYoungGen: 220946K->758K(216064K)] 723096K->502956K(903040K), 0.0062200 secs] [Times: user=0.02 sys=0.01, real=0.00 secs] 
2014-07-16T16:14:00.540+0000: 3154.861: [GC [PSYoungGen: 216052K->1208K(211648K)] 718250K->503494K(898624K), 0.0055040 secs] [Times: user=0.03 sys=0.00, real=0.01 secs] 
2014-07-16T16:14:01.326+0000: 3155.647: [GC [PSYoungGen: 211599K->822K(206592K)] 713886K->503172K(893568K), 0.0102080 secs] [Times: user=0.06 sys=0.00, real=0.01 secs] 
2014-07-16T16:14:02.072+0000: 3156.393: [GC [PSYoungGen: 206545K->1108K(202368K)] 708895K->503530K(889344K), 0.0083260 secs] [Times: user=0.05 sys=0.00, real=0.01 secs] 
2014-07-16T16:14:02.885+0000: 3157.206: [GC [PSYoungGen: 202324K->1510K(243008K)] 704746K->504004K(929984K), 0.0107040 secs] [Times: user=0.07 sys=0.00, real=0.01 secs] 
2014-07-16T16:14:03.698+0000: 3158.020: [GC [PSYoungGen: 242966K->708K(290560K)] 745461K->503274K(977536K), 0.0115240 secs] [Times: user=0.07 sys=0.01, real=0.01 secs] 
2014-07-16T16:14:04.760+0000: 3159.082: [GC [PSYoungGen: 290483K->1336K(349120K)] 793050K->503974K(1036096K), 0.0085300 secs] [Times: user=0.06 sys=0.00, real=0.01 secs] 
2014-07-16T16:14:06.045+0000: 3160.367: [GC [PSYoungGen: 349112K->1076K(352960K)] 851750K->503746K(1039936K), 0.0171440 secs] [Times: user=0.11 sys=0.00, real=0.02 secs] 
2014-07-16T16:14:07.381+0000: 3161.702: [GC [PSYoungGen: 352070K->1186K(342144K)] 854740K->503960K(1029120K), 0.0082380 secs] [Times: user=0.06 sys=0.00, real=0.01 secs] 
2014-07-16T16:14:08.718+0000: 3163.039: [GC [PSYoungGen: 342113K->1108K(332416K)] 844888K->503962K(1019392K), 0.0098650 secs] [Times: user=0.07 sys=0.00, real=0.01 secs] 
2014-07-16T16:14:09.949+0000: 3164.270: [GC [PSYoungGen: 332372K->812K(322816K)] 835226K->503714K(1009792K), 0.0119280 secs] [Times: user=0.06 sys=0.00, real=0.01 secs] 
2014-07-16T16:14:11.174+0000: 3165.496: [GC [PSYoungGen: 322796K->972K(314112K)] 825698K->503954K(1001088K), 0.0065520 secs] [Times: user=0.04 sys=0.00, real=0.00 secs] 
2014-07-16T16:14:12.309+0000: 3166.631: [GC [PSYoungGen: 314060K->944K(305472K)] 817042K->503982K(992448K), 0.0088480 secs] [Times: user=0.06 sys=0.00, real=0.01 secs] 
2014-07-16T16:14:13.443+0000: 3167.764: [GC [PSYoungGen: 305456K->1122K(297472K)] 808494K->504256K(984448K), 0.0067430 secs] [Times: user=0.04 sys=0.00, real=0.01 secs] 
2014-07-16T16:14:14.554+0000: 3168.875: [GC [PSYoungGen: 297442K->1140K(289600K)] 800576K->504430K(976576K), 0.0078990 secs] [Times: user=0.04 sys=0.00, real=0.01 secs] 
2014-07-16T16:14:15.644+0000: 3169.965: [GC [PSYoungGen: 289588K->1496K(282368K)] 792878K->504858K(969344K), 0.0093680 secs] [Times: user=0.06 sys=0.00, real=0.00 secs] 
2014-07-16T16:14:16.654+0000: 3170.976: [GC [PSYoungGen: 282281K->694K(274240K)] 785644K->504184K(961216K), 0.0042940 secs] [Times: user=0.02 sys=0.00, real=0.00 secs] 
2014-07-16T16:14:17.679+0000: 3172.000: [GC [PSYoungGen: 274230K->1086K(267584K)] 777720K->504632K(954560K), 0.0053120 secs] [Times: user=0.03 sys=0.00, real=0.01 secs] 
2014-07-16T16:14:18.791+0000: 3173.112: [GC [PSYoungGen: 267582K->1588K(261376K)] 771128K->505190K(948352K), 0.0068590 secs] [Times: user=0.03 sys=0.01, real=0.01 secs] 
2014-07-16T16:14:19.748+0000: 3174.070: [GC [PSYoungGen: 261364K->876K(254208K)] 764966K->504550K(941184K), 0.0117790 secs] [Times: user=0.05 sys=0.01, real=0.01 secs] 
2014-07-16T16:14:20.691+0000: 3175.013: [GC [PSYoungGen: 254188K->740K(247808K)] 757862K->504502K(934784K), 0.0036170 secs] [Times: user=0.02 sys=0.00, real=0.01 secs] 
2014-07-16T16:14:21.591+0000: 3175.912: [GC [PSYoungGen: 247780K->1772K(242816K)] 751542K->505622K(929792K), 0.0103390 secs] [Times: user=0.04 sys=0.00, real=0.01 secs] 
2014-07-16T16:14:22.474+0000: 3176.796: [GC [PSYoungGen: 242769K->1022K(236288K)] 746620K->504952K(923264K), 0.0139660 secs] [Times: user=0.10 sys=0.00, real=0.02 secs] 
2014-07-16T16:14:23.373+0000: 3177.694: [GC [PSYoungGen: 236286K->826K(230528K)] 740216K->504820K(917504K), 0.0047440 secs] [Times: user=0.03 sys=0.00, real=0.01 secs] 
2014-07-16T16:14:24.215+0000: 3178.537: [GC [PSYoungGen: 230522K->822K(225152K)] 734516K->504904K(912128K), 0.0074290 secs] [Times: user=0.04 sys=0.00, real=0.00 secs] 
2014-07-16T16:14:25.070+0000: 3179.392: [GC [PSYoungGen: 225141K->1736K(220928K)] 729224K->505890K(907904K), 0.0088430 secs] [Times: user=0.06 sys=0.00, real=0.01 secs] 
2014-07-16T16:14:25.865+0000: 3180.186: [GC [PSYoungGen: 220872K->776K(263808K)] 725026K->504994K(950784K), 0.0119690 secs] [Times: user=0.07 sys=0.00, real=0.01 secs] 
2014-07-16T16:14:26.853+0000: 3181.174: [GC [PSYoungGen: 263741K->1212K(257600K)] 767959K->505486K(944576K), 0.0041250 secs] [Times: user=0.03 sys=0.00, real=0.01 secs] 
2014-07-16T16:14:27.785+0000: 3182.107: [GC [PSYoungGen: 257596K->822K(250880K)] 761870K->505160K(937856K), 0.0058280 secs] [Times: user=0.03 sys=0.00, real=0.01 secs] 
2014-07-16T16:14:28.722+0000: 3183.044: [GC [PSYoungGen: 250870K->826K(244736K)] 755208K->505252K(931712K), 0.0053930 secs] [Times: user=0.03 sys=0.00, real=0.01 secs] 
2014-07-16T16:14:29.625+0000: 3183.946: [GC [PSYoungGen: 244730K->1650K(239680K)] 749156K->506172K(926656K), 0.0085950 secs] [Times: user=0.05 sys=0.00, real=0.01 secs] 
2014-07-16T16:14:30.510+0000: 3184.831: [GC [PSYoungGen: 239666K->1214K(233536K)] 744188K->505792K(920512K), 0.0118040 secs] [Times: user=0.07 sys=0.01, real=0.01 secs] 
2014-07-16T16:14:31.385+0000: 3185.706: [GC [PSYoungGen: 233531K->1176K(228032K)] 738110K->505818K(915008K), 0.0079220 secs] [Times: user=0.05 sys=0.00, real=0.01 secs] 
2014-07-16T16:14:32.226+0000: 3186.547: [GC [PSYoungGen: 227972K->1222K(273472K)] 732615K->505936K(960448K), 0.0143150 secs] [Times: user=0.10 sys=0.00, real=0.02 secs] 
2014-07-16T16:14:33.341+0000: 3187.662: [GC [PSYoungGen: 273412K->1406K(328064K)] 778127K->506232K(1015040K), 0.0082070 secs] [Times: user=0.06 sys=0.00, real=0.01 secs] 
2014-07-16T16:14:34.537+0000: 3188.858: [GC [PSYoungGen: 328028K->1308K(318912K)] 832855K->506206K(1005888K), 0.0117140 secs] [Times: user=0.07 sys=0.00, real=0.01 secs] 
2014-07-16T16:14:35.707+0000: 3190.028: [GC [PSYoungGen: 318874K->1122K(310016K)] 823773K->506124K(996992K), 0.0057520 secs] [Times: user=0.04 sys=0.00, real=0.01 secs] 
2014-07-16T16:14:36.832+0000: 3191.154: [GC [PSYoungGen: 309933K->1508K(302016K)] 814935K->506566K(988992K), 0.0132070 secs] [Times: user=0.08 sys=0.01, real=0.01 secs] 
2014-07-16T16:14:37.952+0000: 3192.273: [GC [PSYoungGen: 301988K->726K(361344K)] 807046K->505840K(1048320K), 0.0141140 secs] [Times: user=0.08 sys=0.00, real=0.01 secs] 
2014-07-16T16:14:39.318+0000: 3193.639: [GC [PSYoungGen: 361302K->1254K(351360K)] 866416K->506448K(1038336K), 0.0053020 secs] [Times: user=0.02 sys=0.00, real=0.00 secs] 
2014-07-16T16:14:40.613+0000: 3194.935: [GC [PSYoungGen: 351334K->880K(340928K)] 856528K->506122K(1027904K), 0.0067730 secs] [Times: user=0.04 sys=0.00, real=0.01 secs] 
2014-07-16T16:14:41.869+0000: 3196.191: [GC [PSYoungGen: 340912K->1062K(331456K)] 846154K->506344K(1018432K), 0.0142740 secs] [Times: user=0.09 sys=0.01, real=0.01 secs] 
2014-07-16T16:14:43.086+0000: 3197.407: [GC [PSYoungGen: 331430K->1354K(322560K)] 836712K->506692K(1009536K), 0.0077400 secs] [Times: user=0.04 sys=0.00, real=0.01 secs] 
2014-07-16T16:14:44.306+0000: 3198.627: [GC [PSYoungGen: 322506K->1100K(313408K)] 827844K->506510K(1000384K), 0.0073300 secs] [Times: user=0.04 sys=0.01, real=0.01 secs] 
2014-07-16T16:14:45.449+0000: 3199.770: [GC [PSYoungGen: 313336K->1186K(304960K)] 818746K->506750K(991936K), 0.0109590 secs] [Times: user=0.07 sys=0.00, real=0.01 secs] 
2014-07-16T16:14:46.543+0000: 3200.864: [GC [PSYoungGen: 304930K->1008K(296576K)] 810494K->506628K(983552K), 0.0043530 secs] [Times: user=0.02 sys=0.00, real=0.00 secs] 
2014-07-16T16:14:47.664+0000: 3201.986: [GC [PSYoungGen: 296522K->1286K(289024K)] 802143K->506994K(976000K), 0.0093030 secs] [Times: user=0.06 sys=0.01, real=0.01 secs] 
2014-07-16T16:14:48.864+0000: 3203.185: [GC [PSYoungGen: 288966K->1282K(281472K)] 794674K->507062K(968448K), 0.0061190 secs] [Times: user=0.04 sys=0.00, real=0.01 secs] 
2014-07-16T16:14:49.875+0000: 3204.197: [GC [PSYoungGen: 281410K->830K(273728K)] 787190K->506996K(960704K), 0.0144160 secs] [Times: user=0.09 sys=0.01, real=0.02 secs] 
2014-07-16T16:14:50.903+0000: 3205.224: [GC [PSYoungGen: 273726K->1454K(267392K)] 779892K->507725K(954368K), 0.0065740 secs] [Times: user=0.04 sys=0.00, real=0.01 secs] 
2014-07-16T16:14:51.898+0000: 3206.220: [GC [PSYoungGen: 267374K->1194K(260416K)] 773645K->507798K(947392K), 0.0114570 secs] [Times: user=0.08 sys=0.00, real=0.02 secs] 
2014-07-16T16:14:52.841+0000: 3207.163: [GC [PSYoungGen: 260394K->1018K(253760K)] 766998K->507702K(940736K), 0.0077070 secs] [Times: user=0.05 sys=0.00, real=0.00 secs] 
2014-07-16T16:14:53.791+0000: 3208.113: [GC [PSYoungGen: 253745K->612K(247168K)] 760430K->507360K(934144K), 0.0109610 secs] [Times: user=0.08 sys=0.00, real=0.01 secs] 
2014-07-16T16:14:54.715+0000: 3209.037: [GC [PSYoungGen: 247140K->762K(296640K)] 753888K->507550K(983616K), 0.0125310 secs] [Times: user=0.08 sys=0.00, real=0.01 secs] 
2014-07-16T16:14:55.807+0000: 3210.128: [GC [PSYoungGen: 296632K->872K(288896K)] 803421K->507764K(975872K), 0.0093050 secs] [Times: user=0.07 sys=0.00, real=0.01 secs] 
2014-07-16T16:14:56.886+0000: 3211.208: [GC [PSYoungGen: 288872K->1546K(347200K)] 795764K->508511K(1034176K), 0.0142700 secs] [Times: user=0.10 sys=0.00, real=0.02 secs] 
2014-07-16T16:14:58.168+0000: 3212.490: [GC [PSYoungGen: 347146K->1068K(336832K)] 854111K->508104K(1023808K), 0.0061030 secs] [Times: user=0.03 sys=0.00, real=0.01 secs] 
2014-07-16T16:14:59.424+0000: 3213.745: [GC [PSYoungGen: 336812K->1408K(327744K)] 843848K->508509K(1014720K), 0.0041330 secs] [Times: user=0.02 sys=0.00, real=0.00 secs] 
2014-07-16T16:15:00.636+0000: 3214.957: [GC [PSYoungGen: 327647K->1198K(318400K)] 834748K->508427K(1005376K), 0.0034830 secs] [Times: user=0.02 sys=0.00, real=0.00 secs] 
2014-07-16T16:15:01.863+0000: 3216.184: [GC [PSYoungGen: 318382K->1574K(310080K)] 825611K->508890K(997056K), 0.0062040 secs] [Times: user=0.03 sys=0.01, real=0.00 secs] 
2014-07-16T16:15:03.045+0000: 3217.367: [GC [PSYoungGen: 310054K->786K(300928K)] 817370K->508224K(987904K), 0.0051960 secs] [Times: user=0.03 sys=0.00, real=0.00 secs] 
2014-07-16T16:15:04.137+0000: 3218.458: [GC [PSYoungGen: 300882K->1154K(293248K)] 808320K->508656K(980224K), 0.0121510 secs] [Times: user=0.07 sys=0.00, real=0.01 secs] 
2014-07-16T16:15:05.200+0000: 3219.522: [GC [PSYoungGen: 293186K->776K(285120K)] 800688K->508366K(972096K), 0.0067350 secs] [Times: user=0.04 sys=0.00, real=0.01 secs] 
2014-07-16T16:15:06.240+0000: 3220.561: [GC [PSYoungGen: 285064K->762K(277632K)] 792654K->508440K(964608K), 0.0090180 secs] [Times: user=0.05 sys=0.00, real=0.01 secs] 
2014-07-16T16:15:07.266+0000: 3221.588: [GC [PSYoungGen: 277626K->950K(270656K)] 785304K->508700K(957632K), 0.0100520 secs] [Times: user=0.07 sys=0.00, real=0.01 secs] 
2014-07-16T16:15:08.266+0000: 3222.588: [GC [PSYoungGen: 270645K->776K(263680K)] 778396K->508590K(950656K), 0.0072300 secs] [Times: user=0.04 sys=0.01, real=0.01 secs] 
2014-07-16T16:15:09.255+0000: 3223.576: [GC [PSYoungGen: 263624K->1162K(257472K)] 771438K->509033K(944448K), 0.0053660 secs] [Times: user=0.03 sys=0.00, real=0.00 secs] 
2014-07-16T16:15:10.226+0000: 3224.547: [GC [PSYoungGen: 257418K->872K(250816K)] 765289K->508822K(937792K), 0.0112180 secs] [Times: user=0.07 sys=0.00, real=0.01 secs] 
2014-07-16T16:15:11.130+0000: 3225.451: [GC [PSYoungGen: 250792K->1200K(244992K)] 758742K->509238K(931968K), 0.0065270 secs] [Times: user=0.05 sys=0.00, real=0.01 secs] 
2014-07-16T16:15:12.085+0000: 3226.406: [GC [PSYoungGen: 244968K->1068K(238976K)] 753007K->509170K(925952K), 0.0070070 secs] [Times: user=0.03 sys=0.00, real=0.00 secs] 
2014-07-16T16:15:12.988+0000: 3227.310: [GC [PSYoungGen: 238956K->1204K(233408K)] 747058K->509354K(920384K), 0.0075670 secs] [Times: user=0.05 sys=0.00, real=0.01 secs] 
2014-07-16T16:15:13.921+0000: 3228.243: [GC [PSYoungGen: 233373K->1472K(228288K)] 741524K->509711K(915264K), 0.0088110 secs] [Times: user=0.06 sys=0.00, real=0.01 secs] 
2014-07-16T16:15:14.720+0000: 3229.041: [GC [PSYoungGen: 228224K->612K(222144K)] 736463K->509046K(909120K), 0.0071030 secs] [Times: user=0.05 sys=0.00, real=0.01 secs] 
2014-07-16T16:15:15.544+0000: 3229.865: [GC [PSYoungGen: 222116K->904K(266816K)] 730550K->509394K(953792K), 0.0177510 secs] [Times: user=0.12 sys=0.00, real=0.01 secs] 
2014-07-16T16:15:16.515+0000: 3230.836: [GC [PSYoungGen: 266760K->662K(319744K)] 775250K->509208K(1006720K), 0.0108040 secs] [Times: user=0.07 sys=0.00, real=0.01 secs] 
2014-07-16T16:15:17.699+0000: 3232.021: [GC [PSYoungGen: 319702K->826K(373888K)] 828248K->509444K(1060864K), 0.0097150 secs] [Times: user=0.06 sys=0.00, real=0.01 secs] 
2014-07-16T16:15:19.138+0000: 3233.459: [GC [PSYoungGen: 372986K->1050K(362304K)] 881604K->509756K(1049280K), 0.0071650 secs] [Times: user=0.05 sys=0.00, real=0.01 secs] 
2014-07-16T16:15:20.418+0000: 3234.739: [GC [PSYoungGen: 362235K->958K(351680K)] 870942K->509744K(1038656K), 0.0065310 secs] [Times: user=0.05 sys=0.00, real=0.01 secs] 
2014-07-16T16:15:21.726+0000: 3236.048: [GC [PSYoungGen: 351606K->986K(341696K)] 860393K->509884K(1028672K), 0.0095170 secs] [Times: user=0.06 sys=0.00, real=0.01 secs] 
2014-07-16T16:15:22.976+0000: 3237.297: [GC [PSYoungGen: 341649K->1368K(332416K)] 850548K->510307K(1019392K), 0.0078520 secs] [Times: user=0.04 sys=0.00, real=0.01 secs] 
2014-07-16T16:15:24.307+0000: 3238.628: [GC [PSYoungGen: 332376K->702K(322432K)] 841315K->510411K(1009408K), 0.0132030 secs] [Times: user=0.08 sys=0.00, real=0.01 secs] 
2014-07-16T16:15:25.459+0000: 3239.780: [GC [PSYoungGen: 322430K->1282K(314176K)] 832139K->511071K(1001152K), 0.0060480 secs] [Times: user=0.03 sys=0.00, real=0.00 secs] 
2014-07-16T16:15:26.649+0000: 3240.970: [GC [PSYoungGen: 314114K->1236K(305536K)] 823903K->511361K(992512K), 0.0078990 secs] [Times: user=0.06 sys=0.00, real=0.01 secs] 
2014-07-16T16:15:27.768+0000: 3242.090: [GC [PSYoungGen: 305492K->1258K(297344K)] 815617K->511431K(984320K), 0.0124210 secs] [Times: user=0.07 sys=0.00, real=0.01 secs] 
2014-07-16T16:15:28.930+0000: 3243.251: [GC [PSYoungGen: 297278K->936K(289152K)] 807451K->511525K(976128K), 0.0131050 secs] [Times: user=0.08 sys=0.00, real=0.01 secs] 
2014-07-16T16:15:29.956+0000: 3244.277: [GC [PSYoungGen: 289128K->1714K(282368K)] 799717K->512433K(969344K), 0.0089540 secs] [Times: user=0.06 sys=0.00, real=0.00 secs] 
2014-07-16T16:15:31.009+0000: 3245.331: [GC [PSYoungGen: 282342K->812K(274176K)] 793061K->511907K(961152K), 0.0106710 secs] [Times: user=0.07 sys=0.01, real=0.01 secs] 
2014-07-16T16:15:32.005+0000: 3246.326: [GC [PSYoungGen: 274156K->1468K(267840K)] 785251K->512643K(954816K), 0.0082350 secs] [Times: user=0.05 sys=0.00, real=0.01 secs] 
2014-07-16T16:15:32.987+0000: 3247.309: [GC [PSYoungGen: 267836K->790K(260480K)] 779011K->512145K(947456K), 0.0089090 secs] [Times: user=0.06 sys=0.00, real=0.01 secs] 
2014-07-16T16:15:34.039+0000: 3248.361: [GC [PSYoungGen: 260438K->1582K(313216K)] 771793K->512969K(1000192K), 0.0181690 secs] [Times: user=0.12 sys=0.00, real=0.02 secs] 
2014-07-16T16:15:35.212+0000: 3249.533: [GC [PSYoungGen: 313195K->1446K(375424K)] 824583K->513037K(1062400K), 0.0128010 secs] [Times: user=0.09 sys=0.00, real=0.01 secs] 
2014-07-16T16:15:36.593+0000: 3250.915: [GC [PSYoungGen: 375398K->1208K(376064K)] 886989K->512863K(1063040K), 0.0111540 secs] [Times: user=0.06 sys=0.00, real=0.01 secs] 
2014-07-16T16:15:37.974+0000: 3252.295: [GC [PSYoungGen: 375104K->776K(363776K)] 886759K->512503K(1050752K), 0.0072320 secs] [Times: user=0.04 sys=0.00, real=0.01 secs] 
2014-07-16T16:15:39.358+0000: 3253.679: [GC [PSYoungGen: 363720K->1058K(353472K)] 875447K->512841K(1040448K), 0.0066380 secs] [Times: user=0.03 sys=0.01, real=0.00 secs] 
2014-07-16T16:15:40.648+0000: 3254.969: [GC [PSYoungGen: 353442K->940K(343168K)] 865225K->512811K(1030144K), 0.0039870 secs] [Times: user=0.02 sys=0.00, real=0.00 secs] 
2014-07-16T16:15:41.916+0000: 3256.237: [GC [PSYoungGen: 343148K->690K(333184K)] 855019K->512641K(1020160K), 0.0086060 secs] [Times: user=0.06 sys=0.00, real=0.01 secs] 
2014-07-16T16:15:43.128+0000: 3257.449: [GC [PSYoungGen: 333170K->776K(323968K)] 845121K->512767K(1010944K), 0.0067750 secs] [Times: user=0.02 sys=0.00, real=0.00 secs] 
2014-07-16T16:15:44.377+0000: 3258.699: [GC [PSYoungGen: 323912K->944K(315136K)] 835903K->512975K(1002112K), 0.0047440 secs] [Times: user=0.02 sys=0.00, real=0.00 secs] 
2014-07-16T16:15:45.550+0000: 3259.872: [GC [PSYoungGen: 315120K->844K(306496K)] 827151K->512931K(993472K), 0.0053750 secs] [Times: user=0.03 sys=0.00, real=0.00 secs] 
2014-07-16T16:15:46.685+0000: 3261.006: [GC [PSYoungGen: 306444K->1226K(298624K)] 818531K->513369K(985600K), 0.0080570 secs] [Times: user=0.05 sys=0.00, real=0.01 secs] 
2014-07-16T16:15:47.827+0000: 3262.149: [GC [PSYoungGen: 298570K->880K(290304K)] 810713K->513071K(977280K), 0.0082990 secs] [Times: user=0.05 sys=0.00, real=0.01 secs] 
2014-07-16T16:15:48.889+0000: 3263.211: [GC [PSYoungGen: 290288K->986K(282816K)] 802479K->513257K(969792K), 0.0103920 secs] [Times: user=0.06 sys=0.00, real=0.01 secs] 
2014-07-16T16:15:49.940+0000: 3264.261: [GC [PSYoungGen: 282778K->1468K(275968K)] 795049K->513827K(962944K), 0.0091370 secs] [Times: user=0.04 sys=0.00, real=0.01 secs] 
2014-07-16T16:15:50.973+0000: 3265.294: [GC [PSYoungGen: 275964K->794K(268288K)] 788323K->513201K(955264K), 0.0120020 secs] [Times: user=0.05 sys=0.00, real=0.01 secs] 
2014-07-16T16:15:51.973+0000: 3266.294: [GC [PSYoungGen: 268250K->918K(261632K)] 780657K->513405K(948608K), 0.0120150 secs] [Times: user=0.08 sys=0.00, real=0.01 secs] 
2014-07-16T16:15:52.933+0000: 3267.254: [GC [PSYoungGen: 261590K->840K(255040K)] 774077K->513399K(942016K), 0.0094400 secs] [Times: user=0.05 sys=0.00, real=0.01 secs] 
2014-07-16T16:15:53.915+0000: 3268.237: [GC [PSYoungGen: 254984K->840K(248768K)] 767543K->513439K(935744K), 0.0053820 secs] [Times: user=0.03 sys=0.00, real=0.01 secs] 
2014-07-16T16:15:54.823+0000: 3269.145: [GC [PSYoungGen: 248712K->722K(242624K)] 761311K->513393K(929600K), 0.0041790 secs] [Times: user=0.02 sys=0.00, real=0.00 secs] 
2014-07-16T16:15:55.718+0000: 3270.039: [GC [PSYoungGen: 242578K->1076K(237120K)] 755249K->513835K(924096K), 0.0090390 secs] [Times: user=0.06 sys=0.01, real=0.01 secs] 
2014-07-16T16:15:56.603+0000: 3270.925: [GC [PSYoungGen: 237108K->1064K(231488K)] 749867K->513919K(918464K), 0.0079910 secs] [Times: user=0.05 sys=0.00, real=0.01 secs] 
2014-07-16T16:15:57.459+0000: 3271.780: [GC [PSYoungGen: 231464K->704K(225728K)] 744319K->513631K(912704K), 0.0078220 secs] [Times: user=0.05 sys=0.00, real=0.00 secs] 
2014-07-16T16:15:58.275+0000: 3272.597: [GC [PSYoungGen: 225688K->808K(220672K)] 738616K->513799K(907648K), 0.0118420 secs] [Times: user=0.07 sys=0.00, real=0.01 secs] 
2014-07-16T16:15:59.105+0000: 3273.426: [GC [PSYoungGen: 220640K->1144K(264960K)] 733631K->514183K(951936K), 0.0119330 secs] [Times: user=0.07 sys=0.00, real=0.01 secs] 
2014-07-16T16:16:00.125+0000: 3274.446: [GC [PSYoungGen: 264952K->1586K(318208K)] 777991K->514713K(1005184K), 0.0119800 secs] [Times: user=0.07 sys=0.00, real=0.01 secs] 
2014-07-16T16:16:01.240+0000: 3275.561: [GC [PSYoungGen: 318194K->502K(308416K)] 831321K->513871K(995392K), 0.0072070 secs] [Times: user=0.05 sys=0.00, real=0.00 secs] 
2014-07-16T16:16:02.381+0000: 3276.702: [GC [PSYoungGen: 308406K->1136K(300736K)] 821775K->514569K(987712K), 0.0079530 secs] [Times: user=0.05 sys=0.01, real=0.00 secs] 
2014-07-16T16:16:03.468+0000: 3277.789: [GC [PSYoungGen: 300720K->1086K(292672K)] 814153K->514623K(979648K), 0.0094880 secs] [Times: user=0.06 sys=0.00, real=0.01 secs] 
2014-07-16T16:16:04.601+0000: 3278.922: [GC [PSYoungGen: 292670K->958K(284864K)] 806207K->514575K(971840K), 0.0041280 secs] [Times: user=0.02 sys=0.00, real=0.00 secs] 
2014-07-16T16:16:05.658+0000: 3279.979: [GC [PSYoungGen: 284862K->1268K(277760K)] 798479K->514949K(964736K), 0.0050050 secs] [Times: user=0.02 sys=0.00, real=0.01 secs] 
2014-07-16T16:16:06.703+0000: 3281.025: [GC [PSYoungGen: 277748K->958K(270336K)] 791429K->514695K(957312K), 0.0050650 secs] [Times: user=0.03 sys=0.00, real=0.00 secs] 
2014-07-16T16:16:07.731+0000: 3282.053: [GC [PSYoungGen: 270334K->744K(263296K)] 784071K->514545K(950272K), 0.0058930 secs] [Times: user=0.03 sys=0.00, real=0.00 secs] 
2014-07-16T16:16:08.693+0000: 3283.014: [GC [PSYoungGen: 263272K->1036K(257024K)] 777073K->514957K(944000K), 0.0104850 secs] [Times: user=0.06 sys=0.00, real=0.01 secs] 
2014-07-16T16:16:09.688+0000: 3284.010: [GC [PSYoungGen: 256972K->744K(250368K)] 770893K->514729K(937344K), 0.0049720 secs] [Times: user=0.02 sys=0.00, real=0.01 secs] 
2014-07-16T16:16:10.642+0000: 3284.963: [GC [PSYoungGen: 250344K->1522K(245056K)] 764329K->515587K(932032K), 0.0098420 secs] [Times: user=0.05 sys=0.00, real=0.01 secs] 
2014-07-16T16:16:11.518+0000: 3285.839: [GC [PSYoungGen: 244996K->830K(238464K)] 759062K->515149K(925440K), 0.0082300 secs] [Times: user=0.06 sys=0.00, real=0.01 secs] 
2014-07-16T16:16:12.392+0000: 3286.713: [GC [PSYoungGen: 238462K->958K(286144K)] 752781K->515333K(973120K), 0.0146470 secs] [Times: user=0.08 sys=0.01, real=0.02 secs] 
2014-07-16T16:16:13.451+0000: 3287.773: [GC [PSYoungGen: 286142K->862K(278592K)] 800517K->515285K(965568K), 0.0056480 secs] [Times: user=0.02 sys=0.00, real=0.01 secs] 
2014-07-16T16:16:14.572+0000: 3288.894: [GC [PSYoungGen: 278558K->1068K(271616K)] 792981K->515547K(958592K), 0.0083300 secs] [Times: user=0.05 sys=0.00, real=0.00 secs] 
2014-07-16T16:16:15.512+0000: 3289.833: [GC [PSYoungGen: 271596K->1018K(264640K)] 786075K->515561K(951616K), 0.0045540 secs] [Times: user=0.02 sys=0.00, real=0.01 secs] 
2014-07-16T16:16:16.476+0000: 3290.798: [GC [PSYoungGen: 264607K->1290K(258304K)] 779150K->515889K(945280K), 0.0096300 secs] [Times: user=0.07 sys=0.00, real=0.01 secs] 
2014-07-16T16:16:17.478+0000: 3291.799: [GC [PSYoungGen: 258250K->748K(251328K)] 772849K->516033K(938304K), 0.0094840 secs] [Times: user=0.06 sys=0.00, real=0.01 secs] 
2014-07-16T16:16:18.467+0000: 3292.788: [GC [PSYoungGen: 251308K->1632K(246080K)] 766593K->516989K(933056K), 0.0067170 secs] [Times: user=0.03 sys=0.00, real=0.01 secs] 
2014-07-16T16:16:19.368+0000: 3293.690: [GC [PSYoungGen: 246048K->958K(239488K)] 761405K->516743K(926464K), 0.0088110 secs] [Times: user=0.04 sys=0.00, real=0.01 secs] 
2014-07-16T16:16:20.293+0000: 3294.615: [GC [PSYoungGen: 239486K->1358K(234240K)] 755271K->517199K(921216K), 0.0074890 secs] [Times: user=0.04 sys=0.01, real=0.00 secs] 
2014-07-16T16:16:21.155+0000: 3295.476: [GC [PSYoungGen: 234190K->804K(228160K)] 750031K->516709K(915136K), 0.0050870 secs] [Times: user=0.03 sys=0.00, real=0.00 secs] 
2014-07-16T16:16:22.000+0000: 3296.322: [GC [PSYoungGen: 228132K->1390K(223424K)] 744037K->517399K(910400K), 0.0086550 secs] [Times: user=0.05 sys=0.00, real=0.01 secs] 
2014-07-16T16:16:22.847+0000: 3297.168: [GC [PSYoungGen: 223406K->1068K(217984K)] 739415K->517125K(904960K), 0.0112990 secs] [Times: user=0.07 sys=0.00, real=0.01 secs] 
2014-07-16T16:16:23.634+0000: 3297.956: [GC [PSYoungGen: 217964K->926K(212928K)] 734021K->517047K(899904K), 0.0045290 secs] [Times: user=0.02 sys=0.00, real=0.00 secs] 
2014-07-16T16:16:24.398+0000: 3298.719: [GC [PSYoungGen: 212894K->954K(208192K)] 729015K->517163K(895168K), 0.0076950 secs] [Times: user=0.06 sys=0.00, real=0.01 secs] 
2014-07-16T16:16:25.221+0000: 3299.542: [GC [PSYoungGen: 208184K->1422K(204096K)] 724393K->517719K(891072K), 0.0084140 secs] [Times: user=0.06 sys=0.00, real=0.01 secs] 
2014-07-16T16:16:25.960+0000: 3300.281: [GC [PSYoungGen: 204020K->1072K(199296K)] 720318K->517505K(886272K), 0.0039380 secs] [Times: user=0.03 sys=0.00, real=0.00 secs] 
2014-07-16T16:16:26.678+0000: 3300.999: [GC [PSYoungGen: 199280K->1058K(195008K)] 715713K->517571K(881984K), 0.0039730 secs] [Times: user=0.03 sys=0.00, real=0.00 secs] 
2014-07-16T16:16:27.390+0000: 3301.711: [GC [PSYoungGen: 194978K->708K(190528K)] 711491K->517269K(877504K), 0.0040490 secs] [Times: user=0.03 sys=0.00, real=0.00 secs] 
2014-07-16T16:16:28.097+0000: 3302.419: [GC [PSYoungGen: 190442K->932K(186752K)] 707004K->517605K(873728K), 0.0078870 secs] [Times: user=0.05 sys=0.00, real=0.01 secs] 
2014-07-16T16:16:28.790+0000: 3303.111: [GC [PSYoungGen: 186716K->1172K(183168K)] 703389K->517925K(870144K), 0.0051280 secs] [Times: user=0.03 sys=0.00, real=0.01 secs] 
2014-07-16T16:16:29.442+0000: 3303.764: [GC [PSYoungGen: 183124K->762K(179008K)] 699877K->517579K(865984K), 0.0073990 secs] [Times: user=0.05 sys=0.00, real=0.01 secs] 
2014-07-16T16:16:30.108+0000: 3304.429: [GC [PSYoungGen: 179002K->862K(175552K)] 695819K->517743K(862528K), 0.0085960 secs] [Times: user=0.06 sys=0.01, real=0.01 secs] 
2014-07-16T16:16:30.756+0000: 3305.077: [GC [PSYoungGen: 175498K->1168K(172352K)] 692379K->518105K(859328K), 0.0075170 secs] [Times: user=0.03 sys=0.00, real=0.00 secs] 
2014-07-16T16:16:31.380+0000: 3305.702: [GC [PSYoungGen: 172304K->990K(206400K)] 689241K->518015K(893376K), 0.0084940 secs] [Times: user=0.06 sys=0.00, real=0.01 secs] 
2014-07-16T16:16:32.133+0000: 3306.455: [GC [PSYoungGen: 206366K->1344K(247872K)] 723391K->518433K(934848K), 0.0106810 secs] [Times: user=0.07 sys=0.00, real=0.01 secs] 
2014-07-16T16:16:33.021+0000: 3307.343: [GC [PSYoungGen: 247808K->776K(296640K)] 764897K->517937K(983616K), 0.0095830 secs] [Times: user=0.06 sys=0.00, real=0.01 secs] 
2014-07-16T16:16:34.132+0000: 3308.453: [GC [PSYoungGen: 296584K->1100K(356160K)] 813745K->518333K(1043136K), 0.0132630 secs] [Times: user=0.09 sys=0.00, real=0.02 secs] 
2014-07-16T16:16:35.485+0000: 3309.807: [GC [PSYoungGen: 356108K->990K(411008K)] 873341K->518287K(1097984K), 0.0104500 secs] [Times: user=0.07 sys=0.00, real=0.01 secs] 
2014-07-16T16:16:36.996+0000: 3311.317: [GC [PSYoungGen: 410590K->790K(397888K)] 927887K->518135K(1084864K), 0.0043320 secs] [Times: user=0.03 sys=0.00, real=0.00 secs] 
2014-07-16T16:16:38.491+0000: 3312.813: [GC [PSYoungGen: 397803K->766K(385792K)] 915148K->518597K(1072768K), 0.0042480 secs] [Times: user=0.02 sys=0.00, real=0.00 secs] 
2014-07-16T16:16:39.974+0000: 3314.295: [GC [PSYoungGen: 385790K->772K(374336K)] 903621K->518651K(1061312K), 0.0110190 secs] [Times: user=0.07 sys=0.00, real=0.01 secs] 
2014-07-16T16:16:41.344+0000: 3315.665: [GC [PSYoungGen: 374276K->850K(363392K)] 892155K->518793K(1050368K), 0.0167370 secs] [Times: user=0.10 sys=0.00, real=0.02 secs] 
2014-07-16T16:16:42.697+0000: 3317.019: [GC [PSYoungGen: 363346K->926K(352896K)] 881289K->518925K(1039872K), 0.0042800 secs] [Times: user=0.02 sys=0.00, real=0.00 secs] 
2014-07-16T16:16:43.994+0000: 3318.315: [GC [PSYoungGen: 352862K->1072K(342912K)] 870861K->519151K(1029888K), 0.0069680 secs] [Times: user=0.04 sys=0.00, real=0.01 secs] 
2014-07-16T16:16:45.261+0000: 3319.583: [GC [PSYoungGen: 342895K->926K(333056K)] 860975K->519053K(1020032K), 0.0094370 secs] [Times: user=0.05 sys=0.01, real=0.01 secs] 
2014-07-16T16:16:46.498+0000: 3320.819: [GC [PSYoungGen: 333022K->776K(323584K)] 851149K->518983K(1010560K), 0.0114850 secs] [Times: user=0.07 sys=0.00, real=0.01 secs] 
2014-07-16T16:16:47.703+0000: 3322.024: [GC [PSYoungGen: 323528K->1240K(315072K)] 841735K->519511K(1002048K), 0.0054880 secs] [Times: user=0.02 sys=0.00, real=0.01 secs] 
2014-07-16T16:16:48.861+0000: 3323.182: [GC [PSYoungGen: 315031K->880K(306112K)] 833302K->519297K(993088K), 0.0059190 secs] [Times: user=0.02 sys=0.01, real=0.01 secs] 
2014-07-16T16:16:50.066+0000: 3324.387: [GC [PSYoungGen: 306096K->1468K(298432K)] 824513K->519949K(985408K), 0.0189210 secs] [Times: user=0.11 sys=0.00, real=0.02 secs] 
2014-07-16T16:16:51.156+0000: 3325.477: [GC [PSYoungGen: 298428K->630K(289664K)] 816909K->519241K(976640K), 0.0050530 secs] [Times: user=0.02 sys=0.00, real=0.01 secs] 
2014-07-16T16:16:52.215+0000: 3326.536: [GC [PSYoungGen: 289654K->594K(282048K)] 808265K->519269K(969024K), 0.0089060 secs] [Times: user=0.05 sys=0.00, real=0.01 secs] 
2014-07-16T16:16:53.339+0000: 3327.660: [GC [PSYoungGen: 281999K->1658K(275776K)] 800674K->520596K(962752K), 0.0070440 secs] [Times: user=0.05 sys=0.00, real=0.00 secs] 
2014-07-16T16:16:54.341+0000: 3328.663: [GC [PSYoungGen: 275770K->594K(267712K)] 794708K->519579K(954688K), 0.0095990 secs] [Times: user=0.06 sys=0.00, real=0.01 secs] 
2014-07-16T16:16:55.356+0000: 3329.677: [GC [PSYoungGen: 267666K->954K(261248K)] 786651K->520027K(948224K), 0.0057960 secs] [Times: user=0.05 sys=0.00, real=0.01 secs] 
2014-07-16T16:16:56.326+0000: 3330.647: [GC [PSYoungGen: 261242K->790K(254592K)] 780315K->519951K(941568K), 0.0078800 secs] [Times: user=0.06 sys=0.00, real=0.01 secs] 
2014-07-16T16:16:57.314+0000: 3331.635: [GC [PSYoungGen: 254550K->1232K(248768K)] 773711K->520473K(935744K), 0.0083170 secs] [Times: user=0.04 sys=0.00, real=0.01 secs] 
2014-07-16T16:16:58.233+0000: 3332.554: [GC [PSYoungGen: 248720K->990K(242496K)] 767961K->520303K(929472K), 0.0040880 secs] [Times: user=0.03 sys=0.00, real=0.00 secs] 
2014-07-16T16:16:59.129+0000: 3333.450: [GC [PSYoungGen: 242462K->1118K(236800K)] 761775K->520479K(923776K), 0.0106190 secs] [Times: user=0.07 sys=0.00, real=0.02 secs] 
2014-07-16T16:17:00.066+0000: 3334.387: [GC [PSYoungGen: 236766K->1356K(231488K)] 756127K->520781K(918464K), 0.0076340 secs] [Times: user=0.04 sys=0.00, real=0.01 secs] 
2014-07-16T16:17:00.924+0000: 3335.245: [GC [PSYoungGen: 231436K->958K(225664K)] 750861K->520487K(912640K), 0.0081440 secs] [Times: user=0.05 sys=0.00, real=0.01 secs] 
2014-07-16T16:17:01.751+0000: 3336.073: [GC [PSYoungGen: 225662K->982K(220544K)] 745191K->520615K(907520K), 0.0085280 secs] [Times: user=0.05 sys=0.01, real=0.01 secs] 
2014-07-16T16:17:02.545+0000: 3336.866: [GC [PSYoungGen: 220474K->562K(215104K)] 740108K->520283K(902080K), 0.0072790 secs] [Times: user=0.05 sys=0.00, real=0.01 secs] 
2014-07-16T16:17:03.322+0000: 3337.643: [GC [PSYoungGen: 215090K->922K(258432K)] 734811K->520723K(945408K), 0.0116960 secs] [Times: user=0.07 sys=0.00, real=0.01 secs] 
2014-07-16T16:17:04.270+0000: 3338.592: [GC [PSYoungGen: 258394K->1068K(252160K)] 778195K->520957K(939136K), 0.0075090 secs] [Times: user=0.05 sys=0.00, real=0.00 secs] 
2014-07-16T16:17:05.259+0000: 3339.580: [GC [PSYoungGen: 252140K->1108K(246080K)] 772029K->521046K(933056K), 0.0051550 secs] [Times: user=0.02 sys=0.00, real=0.01 secs] 
2014-07-16T16:17:06.080+0000: 3340.401: [GC [PSYoungGen: 246036K->976K(240000K)] 765974K->520969K(926976K), 0.0050250 secs] [Times: user=0.03 sys=0.00, real=0.00 secs] 
2014-07-16T16:17:06.972+0000: 3341.294: [GC [PSYoungGen: 239952K->890K(234176K)] 759945K->520939K(921152K), 0.0150510 secs] [Times: user=0.10 sys=0.00, real=0.01 secs] 
2014-07-16T16:17:07.827+0000: 3342.148: [GC [PSYoungGen: 234131K->848K(228672K)] 754181K->520921K(915648K), 0.0059690 secs] [Times: user=0.02 sys=0.00, real=0.01 secs] 
2014-07-16T16:17:08.668+0000: 3342.989: [GC [PSYoungGen: 228624K->1122K(223616K)] 748697K->521227K(910592K), 0.0055520 secs] [Times: user=0.02 sys=0.00, real=0.01 secs] 
2014-07-16T16:17:09.485+0000: 3343.806: [GC [PSYoungGen: 223586K->694K(218048K)] 743691K->520847K(905024K), 0.0087450 secs] [Times: user=0.05 sys=0.00, real=0.01 secs] 
2014-07-16T16:17:10.396+0000: 3344.718: [GC [PSYoungGen: 218038K->1164K(262080K)] 738191K->521397K(949056K), 0.0147440 secs] [Times: user=0.11 sys=0.00, real=0.02 secs] 
2014-07-16T16:17:11.336+0000: 3345.657: [GC [PSYoungGen: 262028K->1062K(314176K)] 782261K->521630K(1001152K), 0.0187350 secs] [Times: user=0.12 sys=0.01, real=0.02 secs] 
2014-07-16T16:17:12.486+0000: 3346.807: [GC [PSYoungGen: 314127K->1594K(377344K)] 834694K->522292K(1064320K), 0.0040000 secs] [Times: user=0.03 sys=0.00, real=0.00 secs] 
2014-07-16T16:17:13.874+0000: 3348.196: [GC [PSYoungGen: 377338K->566K(365184K)] 898036K->521776K(1052160K), 0.0090300 secs] [Times: user=0.05 sys=0.00, real=0.01 secs] 
2014-07-16T16:17:15.286+0000: 3349.608: [GC [PSYoungGen: 365173K->1670K(389632K)] 886383K->522928K(1076608K), 0.0183030 secs] [Times: user=0.12 sys=0.00, real=0.02 secs] 
2014-07-16T16:17:16.696+0000: 3351.018: [GC [PSYoungGen: 389565K->794K(377088K)] 910823K->522200K(1064064K), 0.0045580 secs] [Times: user=0.03 sys=0.00, real=0.00 secs] 
2014-07-16T16:17:18.108+0000: 3352.430: [GC [PSYoungGen: 377050K->786K(365952K)] 898456K->522264K(1052928K), 0.0039090 secs] [Times: user=0.02 sys=0.00, real=0.01 secs] 
2014-07-16T16:17:19.440+0000: 3353.761: [GC [PSYoungGen: 365906K->1168K(355648K)] 887384K->522750K(1042624K), 0.0046340 secs] [Times: user=0.03 sys=0.00, real=0.01 secs] 
2014-07-16T16:17:20.811+0000: 3355.132: [GC [PSYoungGen: 355600K->1264K(345472K)] 877182K->522926K(1032448K), 0.0134340 secs] [Times: user=0.09 sys=0.00, real=0.02 secs] 
2014-07-16T16:17:22.194+0000: 3356.515: [GC [PSYoungGen: 345456K->1238K(335680K)] 867118K->522972K(1022656K), 0.0067030 secs] [Times: user=0.03 sys=0.00, real=0.00 secs] 
2014-07-16T16:17:23.439+0000: 3357.760: [GC [PSYoungGen: 335638K->1324K(326336K)] 857372K->523138K(1013312K), 0.0144870 secs] [Times: user=0.10 sys=0.00, real=0.02 secs] 
2014-07-16T16:17:24.640+0000: 3358.961: [GC [PSYoungGen: 326305K->1014K(316992K)] 848119K->522916K(1003968K), 0.0079830 secs] [Times: user=0.06 sys=0.00, real=0.01 secs] 
2014-07-16T16:17:25.909+0000: 3360.230: [GC [PSYoungGen: 316982K->1014K(308352K)] 838884K->522988K(995328K), 0.0081990 secs] [Times: user=0.04 sys=0.00, real=0.01 secs] 
2014-07-16T16:17:27.048+0000: 3361.369: [GC [PSYoungGen: 308342K->1014K(300032K)] 830316K->523044K(987008K), 0.0105920 secs] [Times: user=0.07 sys=0.00, real=0.01 secs] 
2014-07-16T16:17:28.168+0000: 3362.489: [GC [PSYoungGen: 300022K->1064K(292096K)] 822052K->523182K(979072K), 0.0078160 secs] [Times: user=0.04 sys=0.00, real=0.01 secs] 
2014-07-16T16:17:29.254+0000: 3363.576: [GC [PSYoungGen: 292072K->1266K(284608K)] 814190K->523946K(971584K), 0.0073170 secs] [Times: user=0.04 sys=0.00, real=0.00 secs] 
2014-07-16T16:17:30.326+0000: 3364.647: [GC [PSYoungGen: 284594K->912K(276928K)] 807274K->523648K(963904K), 0.0100290 secs] [Times: user=0.07 sys=0.00, real=0.01 secs] 
2014-07-16T16:17:31.378+0000: 3365.699: [GC [PSYoungGen: 276879K->1164K(270080K)] 799616K->523996K(957056K), 0.0053190 secs] [Times: user=0.02 sys=0.00, real=0.00 secs] 
2014-07-16T16:17:32.392+0000: 3366.714: [GC [PSYoungGen: 270028K->926K(262976K)] 792860K->523830K(949952K), 0.0056600 secs] [Times: user=0.03 sys=0.00, real=0.01 secs] 
2014-07-16T16:17:33.376+0000: 3367.697: [GC [PSYoungGen: 262942K->644K(256128K)] 785846K->523612K(943104K), 0.0073830 secs] [Times: user=0.05 sys=0.00, real=0.00 secs] 
2014-07-16T16:17:34.347+0000: 3368.668: [GC [PSYoungGen: 256068K->994K(250112K)] 779036K->524018K(937088K), 0.0099710 secs] [Times: user=0.06 sys=0.00, real=0.01 secs] 
2014-07-16T16:17:35.270+0000: 3369.591: [GC [PSYoungGen: 250069K->926K(243968K)] 773093K->523998K(930944K), 0.0047010 secs] [Times: user=0.03 sys=0.00, real=0.01 secs] 
2014-07-16T16:17:36.184+0000: 3370.506: [GC [PSYoungGen: 243934K->762K(237888K)] 767006K->523906K(924864K), 0.0076540 secs] [Times: user=0.06 sys=0.00, real=0.00 secs] 
2014-07-16T16:17:37.063+0000: 3371.385: [GC [PSYoungGen: 237882K->1086K(232576K)] 761026K->524310K(919552K), 0.0071890 secs] [Times: user=0.05 sys=0.00, real=0.02 secs] 
2014-07-16T16:17:37.918+0000: 3372.239: [GC [PSYoungGen: 232574K->1400K(227456K)] 755798K->524688K(914432K), 0.0057470 secs] [Times: user=0.02 sys=0.00, real=0.00 secs] 
2014-07-16T16:17:38.748+0000: 3373.070: [GC [PSYoungGen: 227448K->894K(221696K)] 750736K->524438K(908672K), 0.0101830 secs] [Times: user=0.06 sys=0.00, real=0.01 secs] 
2014-07-16T16:17:39.568+0000: 3373.889: [GC [PSYoungGen: 221694K->1018K(216768K)] 745238K->524626K(903744K), 0.0079540 secs] [Times: user=0.04 sys=0.00, real=0.01 secs] 
2014-07-16T16:17:40.373+0000: 3374.694: [GC [PSYoungGen: 216762K->1272K(212160K)] 740370K->524952K(899136K), 0.0087650 secs] [Times: user=0.06 sys=0.01, real=0.01 secs] 
2014-07-16T16:17:41.207+0000: 3375.528: [GC [PSYoungGen: 212135K->1108K(254208K)] 735815K->524844K(941184K), 0.0133950 secs] [Times: user=0.08 sys=0.00, real=0.01 secs] 
2014-07-16T16:17:42.163+0000: 3376.484: [GC [PSYoungGen: 254164K->936K(304640K)] 777900K->525278K(991616K), 0.0086320 secs] [Times: user=0.05 sys=0.00, real=0.01 secs] 
2014-07-16T16:17:43.248+0000: 3377.569: [GC [PSYoungGen: 304616K->1418K(296960K)] 828958K->525856K(983936K), 0.0089730 secs] [Times: user=0.06 sys=0.00, real=0.01 secs] 
2014-07-16T16:17:44.329+0000: 3378.650: [GC [PSYoungGen: 296906K->1072K(288704K)] 821344K->526080K(975680K), 0.0088920 secs] [Times: user=0.06 sys=0.00, real=0.01 secs] 
2014-07-16T16:17:45.391+0000: 3379.712: [GC [PSYoungGen: 288686K->868K(280960K)] 813695K->525996K(967936K), 0.0126960 secs] [Times: user=0.09 sys=0.01, real=0.01 secs] 
2014-07-16T16:17:46.436+0000: 3380.757: [GC [PSYoungGen: 280882K->708K(273600K)] 806011K->525908K(960576K), 0.0093040 secs] [Times: user=0.06 sys=0.01, real=0.00 secs] 
2014-07-16T16:17:47.445+0000: 3381.767: [GC [PSYoungGen: 273520K->1022K(328448K)] 798720K->526278K(1015424K), 0.0146350 secs] [Times: user=0.08 sys=0.00, real=0.02 secs] 
2014-07-16T16:17:48.655+0000: 3382.976: [GC [PSYoungGen: 328446K->836K(319168K)] 853702K->526196K(1006144K), 0.0095230 secs] [Times: user=0.06 sys=0.01, real=0.01 secs] 
2014-07-16T16:17:49.861+0000: 3384.182: [GC [PSYoungGen: 319108K->826K(310336K)] 844468K->526226K(997312K), 0.0066720 secs] [Times: user=0.03 sys=0.00, real=0.01 secs] 
2014-07-16T16:17:51.024+0000: 3385.345: [GC [PSYoungGen: 310330K->630K(301760K)] 835730K->526086K(988736K), 0.0095740 secs] [Times: user=0.07 sys=0.01, real=0.01 secs] 
2014-07-16T16:17:52.172+0000: 3386.493: [GC [PSYoungGen: 301750K->1018K(294080K)] 827206K->526546K(981056K), 0.0056730 secs] [Times: user=0.02 sys=0.00, real=0.01 secs] 
2014-07-16T16:17:53.270+0000: 3387.591: [GC [PSYoungGen: 294074K->1214K(286528K)] 819602K->526822K(973504K), 0.0053870 secs] [Times: user=0.02 sys=0.00, real=0.00 secs] 
2014-07-16T16:17:54.399+0000: 3388.720: [GC [PSYoungGen: 286526K->1608K(279488K)] 812134K->527272K(966464K), 0.0171160 secs] [Times: user=0.12 sys=0.00, real=0.01 secs] 
2014-07-16T16:17:55.412+0000: 3389.733: [GC [PSYoungGen: 279432K->638K(271296K)] 805096K->526816K(958272K), 0.0104600 secs] [Times: user=0.07 sys=0.00, real=0.01 secs] 
2014-07-16T16:17:56.402+0000: 3390.723: [GC [PSYoungGen: 271294K->1186K(264960K)] 797472K->527444K(951936K), 0.0117160 secs] [Times: user=0.08 sys=0.00, real=0.01 secs] 
2014-07-16T16:17:57.363+0000: 3391.684: [GC [PSYoungGen: 264930K->1200K(258304K)] 791188K->527636K(945280K), 0.0042370 secs] [Times: user=0.02 sys=0.00, real=0.00 secs] 
2014-07-16T16:17:58.310+0000: 3392.631: [GC [PSYoungGen: 258288K->1044K(251776K)] 784724K->527544K(938752K), 0.0047850 secs] [Times: user=0.03 sys=0.00, real=0.00 secs] 
2014-07-16T16:17:59.242+0000: 3393.564: [GC [PSYoungGen: 251732K->744K(245312K)] 778232K->527332K(932288K), 0.0066990 secs] [Times: user=0.04 sys=0.00, real=0.01 secs] 
2014-07-16T16:18:00.173+0000: 3394.494: [GC [PSYoungGen: 245288K->608K(239232K)] 771876K->527260K(926208K), 0.0113860 secs] [Times: user=0.08 sys=0.00, real=0.01 secs] 
2014-07-16T16:18:01.099+0000: 3395.420: [GC [PSYoungGen: 239199K->1726K(234624K)] 765851K->528844K(921600K), 0.0113680 secs] [Times: user=0.08 sys=0.00, real=0.01 secs] 
2014-07-16T16:18:01.932+0000: 3396.253: [GC [PSYoungGen: 234622K->726K(228160K)] 761740K->527916K(915136K), 0.0068840 secs] [Times: user=0.05 sys=0.00, real=0.01 secs] 
2014-07-16T16:18:02.792+0000: 3397.114: [GC [PSYoungGen: 228118K->1186K(223296K)] 755308K->528448K(910272K), 0.0089970 secs] [Times: user=0.05 sys=0.00, real=0.01 secs] 
2014-07-16T16:18:03.617+0000: 3397.938: [GC [PSYoungGen: 223236K->1190K(218176K)] 750499K->528508K(905152K), 0.0051440 secs] [Times: user=0.02 sys=0.01, real=0.01 secs] 
2014-07-16T16:18:04.418+0000: 3398.740: [GC [PSYoungGen: 218150K->922K(212992K)] 745468K->528288K(899968K), 0.0098870 secs] [Times: user=0.07 sys=0.00, real=0.01 secs] 
2014-07-16T16:18:05.219+0000: 3399.540: [GC [PSYoungGen: 212954K->1214K(255680K)] 740320K->528692K(942656K), 0.0100760 secs] [Times: user=0.06 sys=0.00, real=0.02 secs] 
2014-07-16T16:18:06.164+0000: 3400.486: [GC [PSYoungGen: 255581K->1026K(249280K)] 783060K->528568K(936256K), 0.0057130 secs] [Times: user=0.03 sys=0.00, real=0.01 secs] 
2014-07-16T16:18:07.156+0000: 3401.477: [GC [PSYoungGen: 249184K->1486K(243648K)] 776726K->529092K(930624K), 0.0089890 secs] [Times: user=0.07 sys=0.00, real=0.01 secs] 
2014-07-16T16:18:08.019+0000: 3402.340: [GC [PSYoungGen: 243598K->1012K(237312K)] 771204K->528786K(924288K), 0.0083730 secs] [Times: user=0.06 sys=0.00, real=0.01 secs] 
2014-07-16T16:18:08.886+0000: 3403.207: [GC [PSYoungGen: 237299K->858K(231552K)] 765074K->528696K(918528K), 0.0045290 secs] [Times: user=0.03 sys=0.00, real=0.01 secs] 
2014-07-16T16:18:09.756+0000: 3404.078: [GC [PSYoungGen: 231514K->1108K(226368K)] 759352K->529018K(913344K), 0.0046470 secs] [Times: user=0.02 sys=0.00, real=0.01 secs] 
2014-07-16T16:18:10.615+0000: 3404.937: [GC [PSYoungGen: 226324K->1296K(221312K)] 754234K->529278K(908288K), 0.0145970 secs] [Times: user=0.10 sys=0.00, real=0.02 secs] 
2014-07-16T16:18:11.529+0000: 3405.851: [GC [PSYoungGen: 221194K->1022K(215936K)] 749177K->529214K(902912K), 0.0061660 secs] [Times: user=0.04 sys=0.00, real=0.01 secs] 
2014-07-16T16:18:12.297+0000: 3406.618: [GC [PSYoungGen: 215934K->926K(211008K)] 744126K->529174K(897984K), 0.0043890 secs] [Times: user=0.03 sys=0.00, real=0.01 secs] 
2014-07-16T16:18:13.084+0000: 3407.405: [GC [PSYoungGen: 210968K->822K(206208K)] 739217K->529174K(893184K), 0.0041150 secs] [Times: user=0.02 sys=0.00, real=0.00 secs] 
2014-07-16T16:18:13.823+0000: 3408.145: [GC [PSYoungGen: 206189K->808K(201664K)] 734541K->529256K(888640K), 0.0077460 secs] [Times: user=0.05 sys=0.00, real=0.01 secs] 
2014-07-16T16:18:14.572+0000: 3408.893: [GC [PSYoungGen: 201592K->812K(197312K)] 730040K->529300K(884288K), 0.0060110 secs] [Times: user=0.03 sys=0.00, real=0.00 secs] 
2014-07-16T16:18:15.308+0000: 3409.629: [GC [PSYoungGen: 197289K->744K(193024K)] 725777K->529296K(880000K), 0.0080660 secs] [Times: user=0.05 sys=0.01, real=0.01 secs] 
2014-07-16T16:18:16.112+0000: 3410.434: [GC [PSYoungGen: 192969K->1226K(189440K)] 721522K->529842K(876416K), 0.0076830 secs] [Times: user=0.06 sys=0.00, real=0.01 secs] 
2014-07-16T16:18:16.815+0000: 3411.137: [GC [PSYoungGen: 189346K->1126K(185344K)] 717963K->529814K(872320K), 0.0075770 secs] [Times: user=0.05 sys=0.00, real=0.01 secs] 
2014-07-16T16:18:17.473+0000: 3411.795: [GC [PSYoungGen: 185318K->812K(181248K)] 714006K->529556K(868224K), 0.0075080 secs] [Times: user=0.05 sys=0.00, real=0.01 secs] 
2014-07-16T16:18:18.143+0000: 3412.465: [GC [PSYoungGen: 181228K->762K(177472K)] 709972K->529578K(864448K), 0.0048250 secs] [Times: user=0.02 sys=0.00, real=0.00 secs] 
2014-07-16T16:18:18.804+0000: 3413.126: [GC [PSYoungGen: 177466K->1582K(213696K)] 706282K->530536K(900672K), 0.0132880 secs] [Times: user=0.09 sys=0.00, real=0.01 secs] 
2014-07-16T16:18:19.603+0000: 3413.924: [GC [PSYoungGen: 213665K->1244K(255808K)] 742619K->530270K(942784K), 0.0082010 secs] [Times: user=0.06 sys=0.00, real=0.01 secs] 
2014-07-16T16:18:20.548+0000: 3414.869: [GC [PSYoungGen: 255772K->890K(306368K)] 784798K->530420K(993344K), 0.0089060 secs] [Times: user=0.06 sys=0.00, real=0.01 secs] 
2014-07-16T16:18:21.691+0000: 3416.013: [GC [PSYoungGen: 306362K->1022K(298240K)] 835892K->530608K(985216K), 0.0069350 secs] [Times: user=0.04 sys=0.00, real=0.00 secs] 
2014-07-16T16:18:22.776+0000: 3417.097: [GC [PSYoungGen: 298189K->1208K(290496K)] 827776K->530859K(977472K), 0.0074270 secs] [Times: user=0.04 sys=0.00, real=0.01 secs] 
2014-07-16T16:18:23.850+0000: 3418.171: [GC [PSYoungGen: 290488K->1140K(282816K)] 820139K->530863K(969792K), 0.0113150 secs] [Times: user=0.08 sys=0.01, real=0.01 secs] 
2014-07-16T16:18:24.902+0000: 3419.224: [GC [PSYoungGen: 282791K->1278K(275648K)] 812514K->531072K(962624K), 0.0039690 secs] [Times: user=0.02 sys=0.00, real=0.00 secs] 
2014-07-16T16:18:25.897+0000: 3420.218: [GC [PSYoungGen: 275646K->690K(268032K)] 805440K->530580K(955008K), 0.0061940 secs] [Times: user=0.03 sys=0.00, real=0.01 secs] 
2014-07-16T16:18:26.903+0000: 3421.225: [GC [PSYoungGen: 267990K->1514K(262080K)] 797881K->531501K(949056K), 0.0057120 secs] [Times: user=0.03 sys=0.00, real=0.00 secs] 
2014-07-16T16:18:27.855+0000: 3422.176: [GC [PSYoungGen: 262058K->762K(254784K)] 792045K->530796K(941760K), 0.0093090 secs] [Times: user=0.05 sys=0.00, real=0.01 secs] 
2014-07-16T16:18:28.793+0000: 3423.115: [GC [PSYoungGen: 254765K->976K(248768K)] 784800K->531066K(935744K), 0.0127680 secs] [Times: user=0.08 sys=0.01, real=0.01 secs] 
2014-07-16T16:18:29.713+0000: 3424.035: [GC [PSYoungGen: 248720K->822K(242560K)] 778810K->530976K(929536K), 0.0109810 secs] [Times: user=0.07 sys=0.01, real=0.01 secs] 
2014-07-16T16:18:30.616+0000: 3424.937: [GC [PSYoungGen: 242550K->1226K(237184K)] 772704K->531461K(924160K), 0.0097180 secs] [Times: user=0.06 sys=0.01, real=0.01 secs] 
2014-07-16T16:18:31.569+0000: 3425.891: [GC [PSYoungGen: 237130K->1332K(231616K)] 767365K->531655K(918592K), 0.0068310 secs] [Times: user=0.04 sys=0.00, real=0.01 secs] 
2014-07-16T16:18:32.414+0000: 3426.735: [GC [PSYoungGen: 231602K->996K(277376K)] 761925K->531430K(964352K), 0.0152210 secs] [Times: user=0.10 sys=0.00, real=0.01 secs] 
2014-07-16T16:18:33.440+0000: 3427.762: [GC [PSYoungGen: 277328K->1450K(270720K)] 807763K->531957K(957696K), 0.0052620 secs] [Times: user=0.03 sys=0.00, real=0.01 secs] 
2014-07-16T16:18:34.455+0000: 3428.776: [GC [PSYoungGen: 270623K->694K(263104K)] 801129K->531264K(950080K), 0.0067340 secs] [Times: user=0.04 sys=0.00, real=0.00 secs] 
2014-07-16T16:18:35.437+0000: 3429.758: [GC [PSYoungGen: 263094K->1276K(257088K)] 793664K->531911K(944064K), 0.0115480 secs] [Times: user=0.08 sys=0.00, real=0.01 secs] 
2014-07-16T16:18:36.506+0000: 3430.827: [GC [PSYoungGen: 257034K->1282K(250816K)] 787669K->531972K(937792K), 0.0054010 secs] [Times: user=0.02 sys=0.00, real=0.00 secs] 
2014-07-16T16:18:37.446+0000: 3431.767: [GC [PSYoungGen: 250754K->914K(244352K)] 781444K->531684K(931328K), 0.0054060 secs] [Times: user=0.02 sys=0.00, real=0.00 secs] 
2014-07-16T16:18:38.368+0000: 3432.689: [GC [PSYoungGen: 244306K->1222K(238784K)] 775076K->532056K(925760K), 0.0132000 secs] [Times: user=0.08 sys=0.00, real=0.01 secs] 
2014-07-16T16:18:39.265+0000: 3433.586: [GC [PSYoungGen: 238726K->1286K(233216K)] 769560K->532184K(920192K), 0.0076400 secs] [Times: user=0.04 sys=0.00, real=0.00 secs] 
2014-07-16T16:18:40.176+0000: 3434.497: [GC [PSYoungGen: 233158K->1012K(227456K)] 764056K->532279K(914432K), 0.0082370 secs] [Times: user=0.06 sys=0.00, real=0.00 secs] 
2014-07-16T16:18:41.031+0000: 3435.352: [GC [PSYoungGen: 227444K->1518K(273280K)] 758711K->532841K(960256K), 0.0171190 secs] [Times: user=0.11 sys=0.00, real=0.02 secs] 
2014-07-16T16:18:42.115+0000: 3436.436: [GC [PSYoungGen: 273262K->1058K(327232K)] 804585K->532511K(1014208K), 0.0101700 secs] [Times: user=0.08 sys=0.00, real=0.01 secs] 
2014-07-16T16:18:43.321+0000: 3437.642: [GC [PSYoungGen: 327202K->958K(318016K)] 858655K->532467K(1004992K), 0.0040680 secs] [Times: user=0.02 sys=0.00, real=0.01 secs] 
2014-07-16T16:18:44.503+0000: 3438.824: [GC [PSYoungGen: 318011K->1300K(309696K)] 849520K->532889K(996672K), 0.0064050 secs] [Times: user=0.04 sys=0.00, real=0.01 secs] 
2014-07-16T16:18:45.663+0000: 3439.984: [GC [PSYoungGen: 309652K->972K(300992K)] 841241K->532641K(987968K), 0.0077240 secs] [Times: user=0.06 sys=0.00, real=0.01 secs] 
2014-07-16T16:18:46.819+0000: 3441.140: [GC [PSYoungGen: 300939K->808K(292736K)] 832608K->532565K(979712K), 0.0046520 secs] [Times: user=0.03 sys=0.00, real=0.00 secs] 
2014-07-16T16:18:47.945+0000: 3442.266: [GC [PSYoungGen: 292684K->1240K(285440K)] 824441K->533061K(972416K), 0.0088840 secs] [Times: user=0.06 sys=0.00, real=0.00 secs] 
2014-07-16T16:18:48.974+0000: 3443.295: [GC [PSYoungGen: 285400K->822K(277568K)] 817221K->532747K(964544K), 0.0054180 secs] [Times: user=0.04 sys=0.01, real=0.01 secs] 
2014-07-16T16:18:49.974+0000: 3444.295: [GC [PSYoungGen: 277558K->1154K(270848K)] 809483K->533191K(957824K), 0.0063670 secs] [Times: user=0.04 sys=0.01, real=0.01 secs] 
2014-07-16T16:18:50.972+0000: 3445.293: [GC [PSYoungGen: 270786K->854K(263680K)] 802823K->532987K(950656K), 0.0056130 secs] [Times: user=0.03 sys=0.00, real=0.01 secs] 
2014-07-16T16:18:52.011+0000: 3446.333: [GC [PSYoungGen: 263629K->986K(257216K)] 795762K->533191K(944192K), 0.0069380 secs] [Times: user=0.05 sys=0.00, real=0.01 secs] 
2014-07-16T16:18:52.954+0000: 3447.276: [GC [PSYoungGen: 257178K->904K(250816K)] 789383K->533181K(937792K), 0.0073070 secs] [Times: user=0.05 sys=0.00, real=0.01 secs] 
2014-07-16T16:18:53.871+0000: 3448.192: [GC [PSYoungGen: 250760K->780K(244544K)] 783037K->533129K(931520K), 0.0045920 secs] [Times: user=0.02 sys=0.00, real=0.00 secs] 
2014-07-16T16:18:54.774+0000: 3449.095: [GC [PSYoungGen: 244480K->1136K(238976K)] 776829K->533589K(925952K), 0.0124510 secs] [Times: user=0.08 sys=0.01, real=0.02 secs] 
2014-07-16T16:18:55.676+0000: 3449.998: [GC [PSYoungGen: 238960K->708K(232896K)] 771413K->533232K(919872K), 0.0047780 secs] [Times: user=0.03 sys=0.00, real=0.00 secs] 
2014-07-16T16:18:56.594+0000: 3450.915: [GC [PSYoungGen: 232836K->1264K(227968K)] 765360K->533853K(914944K), 0.0090850 secs] [Times: user=0.06 sys=0.00, real=0.01 secs] 
2014-07-16T16:18:57.386+0000: 3451.708: [GC [PSYoungGen: 227952K->1278K(222720K)] 760541K->533963K(909696K), 0.0098030 secs] [Times: user=0.06 sys=0.00, real=0.01 secs] 
2014-07-16T16:18:58.240+0000: 3452.561: [GC [PSYoungGen: 222718K->816K(217216K)] 755403K->533745K(904192K), 0.0075110 secs] [Times: user=0.05 sys=0.01, real=0.01 secs] 
2014-07-16T16:18:59.095+0000: 3453.417: [GC [PSYoungGen: 217199K->894K(212352K)] 750128K->533879K(899328K), 0.0042970 secs] [Times: user=0.02 sys=0.00, real=0.01 secs] 
2014-07-16T16:18:59.827+0000: 3454.149: [GC [PSYoungGen: 212269K->922K(207680K)] 745254K->533995K(894656K), 0.0080280 secs] [Times: user=0.05 sys=0.01, real=0.00 secs] 
2014-07-16T16:19:00.598+0000: 3454.920: [GC [PSYoungGen: 207642K->1104K(203328K)] 740715K->534257K(890304K), 0.0110720 secs] [Times: user=0.08 sys=0.00, real=0.01 secs] 
2014-07-16T16:19:01.359+0000: 3455.681: [GC [PSYoungGen: 203240K->954K(243584K)] 736392K->534171K(930560K), 0.0085890 secs] [Times: user=0.04 sys=0.00, real=0.01 secs] 
2014-07-16T16:19:02.289+0000: 3456.610: [GC [PSYoungGen: 243551K->1000K(237824K)] 776768K->534289K(924800K), 0.0069970 secs] [Times: user=0.04 sys=0.00, real=0.00 secs] 
2014-07-16T16:19:03.156+0000: 3457.477: [GC [PSYoungGen: 237800K->1150K(232320K)] 771089K->534527K(919296K), 0.0052790 secs] [Times: user=0.03 sys=0.00, real=0.01 secs] 
2014-07-16T16:19:03.997+0000: 3458.318: [GC [PSYoungGen: 232318K->762K(226496K)] 765695K->534195K(913472K), 0.0082750 secs] [Times: user=0.05 sys=0.00, real=0.01 secs] 
2014-07-16T16:19:04.826+0000: 3459.148: [GC [PSYoungGen: 226490K->818K(271744K)] 759923K->534323K(958720K), 0.0147420 secs] [Times: user=0.08 sys=0.00, real=0.02 secs] 
2014-07-16T16:19:05.814+0000: 3460.136: [GC [PSYoungGen: 271730K->1154K(326336K)] 805235K->534715K(1013312K), 0.0155840 secs] [Times: user=0.09 sys=0.00, real=0.02 secs] 
2014-07-16T16:19:07.094+0000: 3461.415: [GC [PSYoungGen: 326274K->944K(362496K)] 859835K->534789K(1049472K), 0.0081350 secs] [Times: user=0.05 sys=0.00, real=0.01 secs] 
2014-07-16T16:19:08.452+0000: 3462.773: [GC [PSYoungGen: 362480K->1428K(352512K)] 896325K->535337K(1039488K), 0.0044800 secs] [Times: user=0.03 sys=0.00, real=0.00 secs] 
2014-07-16T16:19:09.834+0000: 3464.155: [GC [PSYoungGen: 352468K->128K(341056K)] 886377K->535115K(1028032K), 0.0065490 secs] [Times: user=0.04 sys=0.00, real=0.01 secs] 
2014-07-16T16:19:11.056+0000: 3465.378: [GC [PSYoungGen: 341056K->1650K(332928K)] 876043K->536785K(1019904K), 0.0063960 secs] [Times: user=0.04 sys=0.00, real=0.01 secs] 
2014-07-16T16:19:12.321+0000: 3466.643: [GC [PSYoungGen: 332914K->1040K(323072K)] 868049K->536561K(1010048K), 0.0125520 secs] [Times: user=0.08 sys=0.00, real=0.01 secs] 
2014-07-16T16:19:13.553+0000: 3467.874: [GC [PSYoungGen: 323003K->1440K(314560K)] 858524K->537025K(1001536K), 0.0094470 secs] [Times: user=0.07 sys=0.00, real=0.01 secs] 
2014-07-16T16:19:14.683+0000: 3469.005: [GC [PSYoungGen: 314466K->948K(305472K)] 850051K->536803K(992448K), 0.0056150 secs] [Times: user=0.03 sys=0.01, real=0.01 secs] 
2014-07-16T16:19:15.866+0000: 3470.187: [GC [PSYoungGen: 305460K->954K(297280K)] 841315K->536881K(984256K), 0.0193660 secs] [Times: user=0.14 sys=0.00, real=0.02 secs] 
2014-07-16T16:19:16.997+0000: 3471.318: [GC [PSYoungGen: 297274K->1640K(290112K)] 833201K->537607K(977088K), 0.0044650 secs] [Times: user=0.02 sys=0.00, real=0.01 secs] 
2014-07-16T16:19:18.022+0000: 3472.343: [GC [PSYoungGen: 290062K->712K(281600K)] 826029K->536759K(968576K), 0.0061140 secs] [Times: user=0.04 sys=0.00, real=0.00 secs] 
2014-07-16T16:19:19.062+0000: 3473.383: [GC [PSYoungGen: 281544K->722K(274304K)] 817591K->536833K(961280K), 0.0113600 secs] [Times: user=0.07 sys=0.00, real=0.01 secs] 
2014-07-16T16:19:20.127+0000: 3474.449: [GC [PSYoungGen: 274234K->1546K(268096K)] 810345K->537761K(955072K), 0.0084890 secs] [Times: user=0.05 sys=0.00, real=0.01 secs] 
2014-07-16T16:19:21.159+0000: 3475.480: [GC [PSYoungGen: 268042K->1154K(260992K)] 804257K->537481K(947968K), 0.0052930 secs] [Times: user=0.03 sys=0.00, real=0.01 secs] 
2014-07-16T16:19:22.177+0000: 3476.499: [GC [PSYoungGen: 260893K->1208K(254528K)] 797220K->537607K(941504K), 0.0083840 secs] [Times: user=0.06 sys=0.00, real=0.01 secs] 
2014-07-16T16:19:23.119+0000: 3477.440: [GC [PSYoungGen: 254520K->1068K(248128K)] 790919K->537547K(935104K), 0.0137880 secs] [Times: user=0.09 sys=0.00, real=0.02 secs] 
2014-07-16T16:19:24.047+0000: 3478.368: [GC [PSYoungGen: 248108K->1154K(242240K)] 784587K->537753K(929216K), 0.0091720 secs] [Times: user=0.06 sys=0.00, real=0.01 secs] 
2014-07-16T16:19:24.930+0000: 3479.251: [GC [PSYoungGen: 242137K->812K(236096K)] 778736K->537467K(923072K), 0.0079680 secs] [Times: user=0.06 sys=0.00, real=0.01 secs] 
2014-07-16T16:19:25.805+0000: 3480.127: [GC [PSYoungGen: 236076K->1050K(230784K)] 772731K->537785K(917760K), 0.0062450 secs] [Times: user=0.04 sys=0.00, real=0.01 secs] 
2014-07-16T16:19:26.652+0000: 3480.974: [GC [PSYoungGen: 230746K->1450K(225792K)] 767481K->538281K(912768K), 0.0063040 secs] [Times: user=0.04 sys=0.01, real=0.00 secs] 
2014-07-16T16:19:27.515+0000: 3481.836: [GC [PSYoungGen: 225770K->772K(219968K)] 762601K->537659K(906944K), 0.0087650 secs] [Times: user=0.06 sys=0.00, real=0.01 secs] 
2014-07-16T16:19:28.319+0000: 3482.641: [GC [PSYoungGen: 219908K->1290K(215488K)] 756795K->538249K(902464K), 0.0043080 secs] [Times: user=0.03 sys=0.00, real=0.01 secs] 
2014-07-16T16:19:29.116+0000: 3483.437: [GC [PSYoungGen: 215434K->1086K(210432K)] 752393K->538133K(897408K), 0.0085170 secs] [Times: user=0.06 sys=0.00, real=0.01 secs] 
2014-07-16T16:19:29.896+0000: 3484.218: [GC [PSYoungGen: 210404K->1190K(205888K)] 747452K->538367K(892864K), 0.0044410 secs] [Times: user=0.02 sys=0.00, real=0.00 secs] 
2014-07-16T16:19:30.658+0000: 3484.979: [GC [PSYoungGen: 205829K->676K(200896K)] 743007K->537901K(887872K), 0.0070920 secs] [Times: user=0.03 sys=0.00, real=0.01 secs] 
2014-07-16T16:19:31.398+0000: 3485.720: [GC [PSYoungGen: 200868K->1572K(241856K)] 738093K->539051K(928832K), 0.0159050 secs] [Times: user=0.11 sys=0.00, real=0.02 secs] 
2014-07-16T16:19:32.407+0000: 3486.728: [GC [PSYoungGen: 241825K->1076K(235584K)] 779305K->538587K(922560K), 0.0060720 secs] [Times: user=0.03 sys=0.00, real=0.01 secs] 
2014-07-16T16:19:33.225+0000: 3487.547: [GC [PSYoungGen: 235492K->1076K(282496K)] 773004K->538659K(969472K), 0.0112520 secs] [Times: user=0.08 sys=0.01, real=0.01 secs] 
2014-07-16T16:19:34.284+0000: 3488.605: [GC [PSYoungGen: 282443K->854K(275008K)] 820026K->538501K(961984K), 0.0040030 secs] [Times: user=0.03 sys=0.01, real=0.00 secs] 
2014-07-16T16:19:35.275+0000: 3489.597: [GC [PSYoungGen: 274966K->908K(268032K)] 812613K->538635K(955008K), 0.0049410 secs] [Times: user=0.03 sys=0.00, real=0.00 secs] 
2014-07-16T16:19:36.258+0000: 3490.579: [GC [PSYoungGen: 267980K->926K(261248K)] 805707K->538701K(948224K), 0.0042060 secs] [Times: user=0.02 sys=0.00, real=0.00 secs] 
2014-07-16T16:19:37.282+0000: 3491.603: [GC [PSYoungGen: 261214K->1704K(255488K)] 798989K->539599K(942464K), 0.0069720 secs] [Times: user=0.05 sys=0.00, real=0.01 secs] 
2014-07-16T16:19:38.221+0000: 3492.542: [GC [PSYoungGen: 255430K->1564K(249088K)] 793326K->539563K(936064K), 0.0066320 secs] [Times: user=0.05 sys=0.00, real=0.01 secs] 
2014-07-16T16:19:39.130+0000: 3493.451: [GC [PSYoungGen: 249052K->566K(242048K)] 787051K->538877K(929024K), 0.0070850 secs] [Times: user=0.05 sys=0.00, real=0.01 secs] 
2014-07-16T16:19:40.062+0000: 3494.384: [GC [PSYoungGen: 242038K->776K(236480K)] 780349K->539175K(923456K), 0.0085070 secs] [Times: user=0.06 sys=0.00, real=0.01 secs] 
2014-07-16T16:19:40.942+0000: 3495.263: [GC [PSYoungGen: 236419K->1554K(231680K)] 774819K->540049K(918656K), 0.0088420 secs] [Times: user=0.06 sys=0.00, real=0.01 secs] 
2014-07-16T16:19:41.788+0000: 3496.109: [GC [PSYoungGen: 231634K->968K(225728K)] 770129K->539543K(912704K), 0.0045470 secs] [Times: user=0.02 sys=0.00, real=0.00 secs] 
2014-07-16T16:19:42.613+0000: 3496.934: [GC [PSYoungGen: 225672K->1126K(220672K)] 764247K->539773K(907648K), 0.0103410 secs] [Times: user=0.07 sys=0.00, real=0.01 secs] 
2014-07-16T16:19:43.423+0000: 3497.744: [GC [PSYoungGen: 220645K->1336K(215872K)] 759293K->540095K(902848K), 0.0037670 secs] [Times: user=0.01 sys=0.00, real=0.01 secs] 
2014-07-16T16:19:44.203+0000: 3498.525: [GC [PSYoungGen: 215864K->726K(210432K)] 754623K->539565K(897408K), 0.0092990 secs] [Times: user=0.06 sys=0.00, real=0.01 secs] 
2014-07-16T16:19:44.981+0000: 3499.303: [GC [PSYoungGen: 210390K->908K(205952K)] 749229K->539859K(892928K), 0.0108050 secs] [Times: user=0.07 sys=0.00, real=0.01 secs] 
2014-07-16T16:19:45.713+0000: 3500.034: [GC [PSYoungGen: 205900K->944K(246976K)] 744851K->539959K(933952K), 0.0081340 secs] [Times: user=0.05 sys=0.00, real=0.01 secs] 
2014-07-16T16:19:46.621+0000: 3500.942: [GC [PSYoungGen: 246960K->982K(241088K)] 785975K->540085K(928064K), 0.0086240 secs] [Times: user=0.06 sys=0.01, real=0.01 secs] 
2014-07-16T16:19:47.549+0000: 3501.870: [GC [PSYoungGen: 241046K->772K(235136K)] 780149K->539939K(922112K), 0.0096770 secs] [Times: user=0.06 sys=0.00, real=0.01 secs] 
2014-07-16T16:19:48.401+0000: 3502.722: [GC [PSYoungGen: 235076K->1076K(282304K)] 774243K->540291K(969280K), 0.0133160 secs] [Times: user=0.09 sys=0.00, real=0.01 secs] 
2014-07-16T16:19:49.454+0000: 3503.776: [GC [PSYoungGen: 282292K->1594K(332736K)] 821507K->541127K(1019712K), 0.0084520 secs] [Times: user=0.05 sys=0.00, real=0.01 secs] 
2014-07-16T16:19:50.677+0000: 3504.998: [GC [PSYoungGen: 332730K->1644K(333120K)] 872263K->541209K(1020096K), 0.0156740 secs] [Times: user=0.11 sys=0.00, real=0.01 secs] 
2014-07-16T16:19:51.939+0000: 3506.260: [GC [PSYoungGen: 332780K->1328K(323200K)] 872345K->541073K(1010176K), 0.0060820 secs] [Times: user=0.04 sys=0.00, real=0.01 secs] 
2014-07-16T16:19:53.128+0000: 3507.449: [GC [PSYoungGen: 323160K->990K(313984K)] 862905K->540823K(1000960K), 0.0073680 secs] [Times: user=0.04 sys=0.00, real=0.01 secs] 
2014-07-16T16:19:54.292+0000: 3508.613: [GC [PSYoungGen: 313896K->1208K(305600K)] 853729K->541105K(992576K), 0.0038540 secs] [Times: user=0.03 sys=0.00, real=0.01 secs] 
2014-07-16T16:19:55.411+0000: 3509.733: [GC [PSYoungGen: 305592K->1058K(297280K)] 845489K->541043K(984256K), 0.0083410 secs] [Times: user=0.06 sys=0.01, real=0.01 secs] 
2014-07-16T16:19:56.525+0000: 3510.846: [GC [PSYoungGen: 297250K->1278K(289600K)] 837235K->541319K(976576K), 0.0142760 secs] [Times: user=0.09 sys=0.01, real=0.02 secs] 
2014-07-16T16:19:57.629+0000: 3511.950: [GC [PSYoungGen: 289598K->940K(281728K)] 829639K->541037K(968704K), 0.0038400 secs] [Times: user=0.02 sys=0.00, real=0.00 secs] 
2014-07-16T16:19:58.713+0000: 3513.035: [GC [PSYoungGen: 281708K->758K(274240K)] 821805K->540919K(961216K), 0.0050240 secs] [Times: user=0.02 sys=0.00, real=0.01 secs] 
2014-07-16T16:19:59.743+0000: 3514.064: [GC [PSYoungGen: 274230K->1096K(267648K)] 814391K->541337K(954624K), 0.0041240 secs] [Times: user=0.02 sys=0.00, real=0.01 secs] 
2014-07-16T16:20:00.722+0000: 3515.044: [GC [PSYoungGen: 267592K->1468K(261248K)] 807833K->541773K(948224K), 0.0070410 secs] [Times: user=0.04 sys=0.00, real=0.01 secs] 
2014-07-16T16:20:01.679+0000: 3516.000: [GC [PSYoungGen: 261244K->1244K(254592K)] 801549K->541589K(941568K), 0.0132010 secs] [Times: user=0.08 sys=0.00, real=0.01 secs] 
2014-07-16T16:20:02.680+0000: 3517.002: [GC [PSYoungGen: 254536K->994K(248064K)] 794881K->541395K(935040K), 0.0036000 secs] [Times: user=0.02 sys=0.00, real=0.00 secs] 
2014-07-16T16:20:03.564+0000: 3517.885: [GC [PSYoungGen: 248034K->694K(241728K)] 788435K->541151K(928704K), 0.0071490 secs] [Times: user=0.04 sys=0.00, real=0.01 secs] 
2014-07-16T16:20:04.460+0000: 3518.781: [GC [PSYoungGen: 241691K->790K(236096K)] 782148K->541295K(923072K), 0.0088870 secs] [Times: user=0.05 sys=0.00, real=0.01 secs] 
2014-07-16T16:20:05.336+0000: 3519.657: [GC [PSYoungGen: 236034K->890K(230592K)] 776540K->541459K(917568K), 0.0150130 secs] [Times: user=0.10 sys=0.00, real=0.02 secs] 
2014-07-16T16:20:06.180+0000: 3520.502: [GC [PSYoungGen: 230571K->994K(225344K)] 771141K->541659K(912320K), 0.0065640 secs] [Times: user=0.05 sys=0.00, real=0.01 secs] 
2014-07-16T16:20:07.009+0000: 3521.331: [GC [PSYoungGen: 225314K->630K(269824K)] 765979K->541343K(956800K), 0.0108020 secs] [Times: user=0.06 sys=0.01, real=0.01 secs] 
2014-07-16T16:20:08.049+0000: 3522.370: [GC [PSYoungGen: 269814K->808K(323904K)] 810527K->541569K(1010880K), 0.0129670 secs] [Times: user=0.07 sys=0.01, real=0.01 secs] 
2014-07-16T16:20:09.263+0000: 3523.584: [GC [PSYoungGen: 323880K->1050K(386176K)] 864641K->541883K(1073152K), 0.0111350 secs] [Times: user=0.05 sys=0.00, real=0.01 secs] 
2014-07-16T16:20:10.682+0000: 3525.003: [GC [PSYoungGen: 385492K->954K(374016K)] 926325K->541859K(1060992K), 0.0087130 secs] [Times: user=0.06 sys=0.00, real=0.01 secs] 
2014-07-16T16:20:12.066+0000: 3526.387: [GC [PSYoungGen: 374010K->694K(362752K)] 914915K->541647K(1049728K), 0.0053240 secs] [Times: user=0.03 sys=0.00, real=0.01 secs] 
2014-07-16T16:20:13.434+0000: 3527.756: [GC [PSYoungGen: 362742K->1236K(352768K)] 903695K->542261K(1039744K), 0.0084220 secs] [Times: user=0.06 sys=0.00, real=0.01 secs] 
2014-07-16T16:20:14.716+0000: 3529.038: [GC [PSYoungGen: 352724K->1250K(342656K)] 893749K->542371K(1029632K), 0.0040010 secs] [Times: user=0.03 sys=0.00, real=0.01 secs] 
2014-07-16T16:20:15.977+0000: 3530.298: [GC [PSYoungGen: 342626K->676K(332416K)] 883747K->541957K(1019392K), 0.0072890 secs] [Times: user=0.04 sys=0.00, real=0.01 secs] 
2014-07-16T16:20:17.195+0000: 3531.516: [GC [PSYoungGen: 332388K->1268K(323712K)] 873669K->542605K(1010688K), 0.0051870 secs] [Times: user=0.03 sys=0.00, real=0.01 secs] 
2014-07-16T16:20:18.401+0000: 3532.723: [GC [PSYoungGen: 323700K->790K(314368K)] 865037K->542291K(1001344K), 0.0045870 secs] [Times: user=0.02 sys=0.00, real=0.00 secs] 
2014-07-16T16:20:19.547+0000: 3533.868: [GC [PSYoungGen: 314323K->498K(305472K)] 855824K->542047K(992448K), 0.0042860 secs] [Times: user=0.02 sys=0.00, real=0.01 secs] 
2014-07-16T16:20:20.665+0000: 3534.987: [GC [PSYoungGen: 305458K->808K(297536K)] 847007K->542437K(984512K), 0.0081550 secs] [Times: user=0.06 sys=0.00, real=0.01 secs] 
2014-07-16T16:20:21.743+0000: 3536.064: [GC [PSYoungGen: 297472K->1332K(290112K)] 839102K->543033K(977088K), 0.0041360 secs] [Times: user=0.02 sys=0.00, real=0.00 secs] 
2014-07-16T16:20:22.865+0000: 3537.187: [GC [PSYoungGen: 290100K->1054K(282240K)] 831801K->542827K(969216K), 0.0087920 secs] [Times: user=0.05 sys=0.00, real=0.01 secs] 
2014-07-16T16:20:23.984+0000: 3538.305: [GC [PSYoungGen: 282206K->990K(274880K)] 823979K->542843K(961856K), 0.0071920 secs] [Times: user=0.04 sys=0.00, real=0.01 secs] 
2014-07-16T16:20:24.992+0000: 3539.313: [GC [PSYoungGen: 274809K->1154K(268032K)] 816663K->543071K(955008K), 0.0085030 secs] [Times: user=0.05 sys=0.00, real=0.01 secs] 
2014-07-16T16:20:25.990+0000: 3540.311: [GC [PSYoungGen: 267970K->1140K(261184K)] 809887K->543153K(948160K), 0.0053580 secs] [Times: user=0.03 sys=0.00, real=0.00 secs] 
2014-07-16T16:20:27.006+0000: 3541.328: [GC [PSYoungGen: 261172K->870K(254400K)] 803185K->543307K(941376K), 0.0072930 secs] [Times: user=0.05 sys=0.01, real=0.01 secs] 
2014-07-16T16:20:27.952+0000: 3542.273: [GC [PSYoungGen: 254374K->1642K(248896K)] 796811K->544225K(935872K), 0.0063650 secs] [Times: user=0.02 sys=0.00, real=0.00 secs] 
2014-07-16T16:20:28.848+0000: 3543.170: [GC [PSYoungGen: 248874K->744K(241984K)] 791457K->543581K(928960K), 0.0070350 secs] [Times: user=0.04 sys=0.00, real=0.01 secs] 
2014-07-16T16:20:29.762+0000: 3544.083: [GC [PSYoungGen: 241960K->1290K(236736K)] 784797K->544207K(923712K), 0.0087830 secs] [Times: user=0.06 sys=0.00, real=0.00 secs] 
2014-07-16T16:20:30.619+0000: 3544.941: [GC [PSYoungGen: 236682K->768K(230592K)] 779599K->543781K(917568K), 0.0073110 secs] [Times: user=0.04 sys=0.00, real=0.01 secs] 
2014-07-16T16:20:31.475+0000: 3545.797: [GC [PSYoungGen: 230592K->986K(225472K)] 773605K->544071K(912448K), 0.0051870 secs] [Times: user=0.03 sys=0.00, real=0.00 secs] 
2014-07-16T16:20:32.293+0000: 3546.615: [GC [PSYoungGen: 225433K->1658K(220928K)] 768519K->544808K(907904K), 0.0037980 secs] [Times: user=0.02 sys=0.00, real=0.00 secs] 
2014-07-16T16:20:33.161+0000: 3547.483: [GC [PSYoungGen: 220922K->1696K(216000K)] 764072K->544886K(902976K), 0.0099770 secs] [Times: user=0.04 sys=0.00, real=0.01 secs] 
2014-07-16T16:20:33.956+0000: 3548.277: [GC [PSYoungGen: 215968K->498K(257664K)] 759158K->543897K(944640K), 0.0150940 secs] [Times: user=0.09 sys=0.00, real=0.01 secs] 
2014-07-16T16:20:34.925+0000: 3549.246: [GC [PSYoungGen: 257648K->1822K(252608K)] 801048K->545310K(939584K), 0.0043370 secs] [Times: user=0.02 sys=0.00, real=0.00 secs] 
2014-07-16T16:20:35.843+0000: 3550.165: [GC [PSYoungGen: 252574K->626K(245248K)] 796062K->544509K(932224K), 0.0078340 secs] [Times: user=0.06 sys=0.00, real=0.00 secs] 
2014-07-16T16:20:36.752+0000: 3551.073: [GC [PSYoungGen: 245234K->1144K(239808K)] 789117K->545068K(926784K), 0.0068990 secs] [Times: user=0.03 sys=0.01, real=0.01 secs] 
2014-07-16T16:20:37.656+0000: 3551.977: [GC [PSYoungGen: 239780K->1258K(287680K)] 783704K->545238K(974656K), 0.0146530 secs] [Times: user=0.08 sys=0.00, real=0.01 secs] 
2014-07-16T16:20:38.723+0000: 3553.044: [GC [PSYoungGen: 287658K->1040K(344768K)] 831638K->545100K(1031744K), 0.0126990 secs] [Times: user=0.09 sys=0.00, real=0.01 secs] 
2014-07-16T16:20:39.990+0000: 3554.311: [GC [PSYoungGen: 344720K->958K(334848K)] 888780K->545113K(1021824K), 0.0077020 secs] [Times: user=0.04 sys=0.00, real=0.01 secs] 
2014-07-16T16:20:41.230+0000: 3555.551: [GC [PSYoungGen: 334846K->818K(325312K)] 879001K->545053K(1012288K), 0.0083030 secs] [Times: user=0.05 sys=0.00, real=0.01 secs] 
2014-07-16T16:20:42.412+0000: 3556.734: [GC [PSYoungGen: 325298K->936K(316416K)] 869533K->545275K(1003392K), 0.0103330 secs] [Times: user=0.06 sys=0.00, real=0.01 secs] 
2014-07-16T16:20:43.615+0000: 3557.937: [GC [PSYoungGen: 316391K->772K(307648K)] 860731K->545199K(994624K), 0.0063190 secs] [Times: user=0.02 sys=0.01, real=0.00 secs] 
2014-07-16T16:20:44.739+0000: 3559.061: [GC [PSYoungGen: 307573K->1176K(299712K)] 852001K->545660K(986688K), 0.0063170 secs] [Times: user=0.04 sys=0.00, real=0.01 secs] 
2014-07-16T16:20:45.884+0000: 3560.205: [GC [PSYoungGen: 299672K->1282K(291840K)] 844156K->545822K(978816K), 0.0103770 secs] [Times: user=0.07 sys=0.00, real=0.01 secs] 
2014-07-16T16:20:46.972+0000: 3561.294: [GC [PSYoungGen: 291778K->1076K(283904K)] 836318K->545706K(970880K), 0.0071930 secs] [Times: user=0.02 sys=0.00, real=0.01 secs] 
2014-07-16T16:20:48.076+0000: 3562.398: [GC [PSYoungGen: 283892K->1714K(277184K)] 828522K->546416K(964160K), 0.0103260 secs] [Times: user=0.05 sys=0.00, real=0.01 secs] 
2014-07-16T16:20:49.100+0000: 3563.421: [GC [PSYoungGen: 277170K->676K(269056K)] 821872K->546056K(956032K), 0.0152930 secs] [Times: user=0.11 sys=0.00, real=0.02 secs] 
2014-07-16T16:20:50.053+0000: 3564.374: [GC [PSYoungGen: 269005K->1104K(262720K)] 814385K->546572K(949696K), 0.0060120 secs] [Times: user=0.05 sys=0.00, real=0.01 secs] 
2014-07-16T16:20:51.022+0000: 3565.344: [GC [PSYoungGen: 262672K->1582K(256640K)] 808140K->547286K(943616K), 0.0088560 secs] [Times: user=0.06 sys=0.00, real=0.01 secs] 
2014-07-16T16:20:51.954+0000: 3566.275: [GC [PSYoungGen: 256621K->744K(306816K)] 802325K->546480K(993792K), 0.0133520 secs] [Times: user=0.06 sys=0.00, real=0.02 secs] 
2014-07-16T16:20:53.169+0000: 3567.491: [GC [PSYoungGen: 306761K->1036K(298880K)] 852497K->546836K(985856K), 0.0060780 secs] [Times: user=0.02 sys=0.00, real=0.01 secs] 
2014-07-16T16:20:54.242+0000: 3568.563: [GC [PSYoungGen: 298826K->1004K(290880K)] 844626K->546868K(977856K), 0.0055360 secs] [Times: user=0.03 sys=0.00, real=0.01 secs] 
2014-07-16T16:20:55.332+0000: 3569.653: [GC [PSYoungGen: 290834K->926K(283200K)] 836698K->546870K(970176K), 0.0075720 secs] [Times: user=0.05 sys=0.00, real=0.01 secs] 
2014-07-16T16:20:56.369+0000: 3570.691: [GC [PSYoungGen: 283166K->762K(275648K)] 829110K->546770K(962624K), 0.0047030 secs] [Times: user=0.02 sys=0.00, real=0.00 secs] 
2014-07-16T16:20:57.363+0000: 3571.684: [GC [PSYoungGen: 275642K->1162K(269056K)] 821650K->547210K(956032K), 0.0051490 secs] [Times: user=0.02 sys=0.00, real=0.01 secs] 
2014-07-16T16:20:58.434+0000: 3572.755: [GC [PSYoungGen: 268999K->1536K(262656K)] 815047K->547672K(949632K), 0.0060030 secs] [Times: user=0.03 sys=0.00, real=0.01 secs] 
2014-07-16T16:20:59.417+0000: 3573.738: [GC [PSYoungGen: 262592K->818K(255360K)] 808728K->547034K(942336K), 0.0088720 secs] [Times: user=0.06 sys=0.00, real=0.01 secs] 
2014-07-16T16:21:00.343+0000: 3574.664: [GC [PSYoungGen: 255265K->1140K(249408K)] 801481K->547468K(936384K), 0.0070350 secs] [Times: user=0.04 sys=0.00, real=0.01 secs] 
2014-07-16T16:21:01.270+0000: 3575.591: [GC [PSYoungGen: 249396K->762K(242944K)] 795724K->547138K(929920K), 0.0105580 secs] [Times: user=0.07 sys=0.00, real=0.01 secs] 
2014-07-16T16:21:02.168+0000: 3576.489: [GC [PSYoungGen: 242938K->1050K(237440K)] 789314K->547498K(924416K), 0.0110140 secs] [Times: user=0.07 sys=0.00, real=0.01 secs] 
2014-07-16T16:21:03.147+0000: 3577.469: [GC [PSYoungGen: 237381K->1630K(285312K)] 783829K->548258K(972288K), 0.0171180 secs] [Times: user=0.11 sys=0.00, real=0.01 secs] 
2014-07-16T16:21:04.132+0000: 3578.453: [GC [PSYoungGen: 285278K->840K(341312K)] 831906K->547548K(1028288K), 0.0119540 secs] [Times: user=0.08 sys=0.00, real=0.01 secs] 
2014-07-16T16:21:05.419+0000: 3579.741: [GC [PSYoungGen: 341256K->1190K(353152K)] 887964K->548042K(1040128K), 0.0116190 secs] [Times: user=0.08 sys=0.01, real=0.01 secs] 
2014-07-16T16:21:06.721+0000: 3581.042: [GC [PSYoungGen: 353126K->962K(342848K)] 899978K->547886K(1029824K), 0.0056950 secs] [Times: user=0.03 sys=0.00, real=0.01 secs] 
2014-07-16T16:21:07.994+0000: 3582.316: [GC [PSYoungGen: 342786K->880K(332992K)] 889710K->547926K(1019968K), 0.0093230 secs] [Times: user=0.07 sys=0.00, real=0.01 secs] 
2014-07-16T16:21:09.265+0000: 3583.586: [GC [PSYoungGen: 332976K->976K(323776K)] 880022K->548078K(1010752K), 0.0075950 secs] [Times: user=0.05 sys=0.00, real=0.01 secs] 
2014-07-16T16:21:10.431+0000: 3584.752: [GC [PSYoungGen: 323728K->630K(314432K)] 870830K->547796K(1001408K), 0.0082430 secs] [Times: user=0.05 sys=0.00, real=0.01 secs] 
2014-07-16T16:21:11.600+0000: 3585.922: [GC [PSYoungGen: 314422K->982K(306240K)] 861588K->548236K(993216K), 0.0092230 secs] [Times: user=0.06 sys=0.00, real=0.01 secs] 
2014-07-16T16:21:12.716+0000: 3587.037: [GC [PSYoungGen: 306175K->758K(349696K)] 853429K->548068K(1036672K), 0.0218950 secs] [Times: user=0.14 sys=0.00, real=0.03 secs] 
2014-07-16T16:21:14.041+0000: 3588.362: [GC [PSYoungGen: 348790K->1044K(339136K)] 896100K->548410K(1026112K), 0.0050330 secs] [Times: user=0.03 sys=0.00, real=0.00 secs] 
2014-07-16T16:21:15.332+0000: 3589.654: [GC [PSYoungGen: 339092K->630K(329152K)] 886458K->548530K(1016128K), 0.0117640 secs] [Times: user=0.07 sys=0.00, real=0.01 secs] 
2014-07-16T16:21:16.586+0000: 3590.908: [GC [PSYoungGen: 329112K->1526K(320896K)] 877012K->549466K(1007872K), 0.0051280 secs] [Times: user=0.02 sys=0.00, real=0.01 secs] 
2014-07-16T16:21:17.773+0000: 3592.095: [GC [PSYoungGen: 320870K->962K(311552K)] 868810K->548966K(998528K), 0.0082680 secs] [Times: user=0.05 sys=0.00, real=0.01 secs] 
2014-07-16T16:21:18.936+0000: 3593.257: [GC [PSYoungGen: 311490K->1268K(303360K)] 859494K->549352K(990336K), 0.0133770 secs] [Times: user=0.08 sys=0.00, real=0.02 secs] 
2014-07-16T16:21:20.071+0000: 3594.392: [GC [PSYoungGen: 303299K->1208K(295168K)] 851383K->549628K(982144K), 0.0137280 secs] [Times: user=0.08 sys=0.00, real=0.01 secs] 
2014-07-16T16:21:21.136+0000: 3595.457: [GC [PSYoungGen: 295060K->1108K(287296K)] 843480K->549650K(974272K), 0.0104670 secs] [Times: user=0.07 sys=0.00, real=0.01 secs] 
2014-07-16T16:21:22.289+0000: 3596.611: [GC [PSYoungGen: 287230K->1090K(344704K)] 835773K->549754K(1031680K), 0.0142620 secs] [Times: user=0.08 sys=0.00, real=0.01 secs] 
2014-07-16T16:21:23.670+0000: 3597.991: [GC [PSYoungGen: 344514K->1058K(334720K)] 893178K->549770K(1021696K), 0.0111080 secs] [Times: user=0.08 sys=0.00, real=0.01 secs] 
2014-07-16T16:21:24.885+0000: 3599.206: [GC [PSYoungGen: 334690K->1146K(325376K)] 883402K->549922K(1012352K), 0.0059800 secs] [Times: user=0.02 sys=0.00, real=0.01 secs] 
2014-07-16T16:21:26.077+0000: 3600.399: [GC [PSYoungGen: 325357K->1122K(316352K)] 874134K->549954K(1003328K), 0.0051750 secs] [Times: user=0.02 sys=0.00, real=0.01 secs] 
2014-07-16T16:21:27.286+0000: 3601.607: [GC [PSYoungGen: 316322K->958K(307520K)] 865154K->550446K(994496K), 0.0045420 secs] [Times: user=0.02 sys=0.00, real=0.01 secs] 
2014-07-16T16:21:28.490+0000: 3602.811: [GC [PSYoungGen: 307518K->790K(299072K)] 857006K->550366K(986048K), 0.0076910 secs] [Times: user=0.04 sys=0.00, real=0.01 secs] 
2014-07-16T16:21:29.574+0000: 3603.895: [GC [PSYoungGen: 298995K->922K(291264K)] 848572K->550578K(978240K), 0.0044470 secs] [Times: user=0.03 sys=0.00, real=0.00 secs] 
2014-07-16T16:21:30.644+0000: 3604.965: [GC [PSYoungGen: 291226K->1222K(283904K)] 840882K->550942K(970880K), 0.0124280 secs] [Times: user=0.08 sys=0.00, real=0.01 secs] 
2014-07-16T16:21:31.684+0000: 3606.005: [GC [PSYoungGen: 283846K->762K(276032K)] 833566K->550538K(963008K), 0.0059720 secs] [Times: user=0.04 sys=0.00, real=0.00 secs] 
2014-07-16T16:21:32.695+0000: 3607.016: [GC [PSYoungGen: 276024K->868K(269056K)] 825801K->550708K(956032K), 0.0096250 secs] [Times: user=0.05 sys=0.01, real=0.01 secs] 
2014-07-16T16:21:33.765+0000: 3608.087: [GC [PSYoungGen: 269028K->1424K(262848K)] 818868K->551304K(949824K), 0.0182660 secs] [Times: user=0.10 sys=0.00, real=0.02 secs] 
2014-07-16T16:21:34.703+0000: 3609.025: [GC [PSYoungGen: 262800K->1004K(255872K)] 812680K->550956K(942848K), 0.0062390 secs] [Times: user=0.04 sys=0.00, real=0.00 secs] 
2014-07-16T16:21:35.656+0000: 3609.978: [GC [PSYoungGen: 255852K->1016K(249600K)] 805804K->551577K(936576K), 0.0062680 secs] [Times: user=0.04 sys=0.00, real=0.01 secs] 
2014-07-16T16:21:36.587+0000: 3610.909: [GC [PSYoungGen: 249592K->886K(243392K)] 800153K->551518K(930368K), 0.0075900 secs] [Times: user=0.04 sys=0.00, real=0.01 secs] 
2014-07-16T16:21:37.505+0000: 3611.826: [GC [PSYoungGen: 243382K->1036K(237760K)] 794014K->551814K(924736K), 0.0049290 secs] [Times: user=0.03 sys=0.00, real=0.00 secs] 
2014-07-16T16:21:38.428+0000: 3612.749: [GC [PSYoungGen: 237708K->1542K(232640K)] 788486K->552369K(919616K), 0.0090570 secs] [Times: user=0.05 sys=0.00, real=0.01 secs] 
2014-07-16T16:21:39.322+0000: 3613.643: [GC [PSYoungGen: 232582K->954K(226560K)] 783409K->551948K(913536K), 0.0106870 secs] [Times: user=0.07 sys=0.00, real=0.01 secs] 
2014-07-16T16:21:40.159+0000: 3614.480: [GC [PSYoungGen: 226517K->1108K(221504K)] 777512K->552167K(908480K), 0.0095370 secs] [Times: user=0.06 sys=0.00, real=0.01 secs] 
2014-07-16T16:21:40.961+0000: 3615.283: [GC [PSYoungGen: 221456K->1086K(216384K)] 772515K->552209K(903360K), 0.0087600 secs] [Times: user=0.06 sys=0.00, real=0.01 secs] 
2014-07-16T16:21:41.767+0000: 3616.088: [GC [PSYoungGen: 216382K->1186K(259584K)] 767505K->552373K(946560K), 0.0095530 secs] [Times: user=0.06 sys=0.00, real=0.01 secs] 
2014-07-16T16:21:42.711+0000: 3617.032: [GC [PSYoungGen: 259554K->1014K(311104K)] 810741K->552256K(998080K), 0.0144700 secs] [Times: user=0.08 sys=0.01, real=0.02 secs] 
2014-07-16T16:21:43.904+0000: 3618.225: [GC [PSYoungGen: 311094K->926K(332224K)] 862336K->552257K(1019200K), 0.0095160 secs] [Times: user=0.06 sys=0.00, real=0.01 secs] 
2014-07-16T16:21:45.098+0000: 3619.420: [GC [PSYoungGen: 331485K->1510K(322816K)] 882816K->552913K(1009792K), 0.0092480 secs] [Times: user=0.06 sys=0.01, real=0.01 secs] 
2014-07-16T16:21:46.286+0000: 3620.608: [GC [PSYoungGen: 322790K->1336K(313728K)] 874193K->552819K(1000704K), 0.0119850 secs] [Times: user=0.08 sys=0.01, real=0.01 secs] 
2014-07-16T16:21:47.426+0000: 3621.747: [GC [PSYoungGen: 313720K->616K(304512K)] 865203K->552331K(991488K), 0.0067490 secs] [Times: user=0.04 sys=0.01, real=0.00 secs] 
2014-07-16T16:21:48.584+0000: 3622.905: [GC [PSYoungGen: 304488K->1114K(296832K)] 856203K->552893K(983808K), 0.0127470 secs] [Times: user=0.07 sys=0.00, real=0.01 secs] 
2014-07-16T16:21:49.759+0000: 3624.080: [GC [PSYoungGen: 296794K->930K(288768K)] 848573K->552789K(975744K), 0.0055130 secs] [Times: user=0.03 sys=0.00, real=0.01 secs] 
2014-07-16T16:21:50.842+0000: 3625.164: [GC [PSYoungGen: 288738K->1250K(346688K)] 840597K->553157K(1033664K), 0.0199830 secs] [Times: user=0.13 sys=0.00, real=0.02 secs] 
2014-07-16T16:21:52.699+0000: 3627.021: [GC [PSYoungGen: 346658K->944K(336512K)] 898565K->552923K(1023488K), 0.0071110 secs] [Times: user=0.05 sys=0.00, real=0.01 secs] 
Heap
 PSYoungGen      total 336512K, used 89648K [0x0000000755560000, 0x000000076c010000, 0x0000000800000000)
  eden space 335552K, 26% used [0x0000000755560000,0x000000075ac00158,0x0000000769d10000)
  from space 960K, 98% used [0x000000076bf20000,0x000000076c00c0c0,0x000000076c010000)
  to   space 1664K, 0% used [0x000000076bcd0000,0x000000076bcd0000,0x000000076be70000)
 ParOldGen       total 686976K, used 551978K [0x0000000600000000, 0x0000000629ee0000, 0x0000000755560000)
  object space 686976K, 80% used [0x0000000600000000,0x0000000621b0aba0,0x0000000629ee0000)
 PSPermGen       total 21248K, used 11795K [0x00000005f5a00000, 0x00000005f6ec0000, 0x0000000600000000)
  object space 21248K, 55% used [0x00000005f5a00000,0x00000005f6584e00,0x00000005f6ec0000)
