2014-07-28T18:16:39.040+0000: 32.727: [GC [PSYoungGen: 257728K->5050K(300608K)] 257728K->5058K(987584K), 0.0140350 secs] [Times: user=0.04 sys=0.00, real=0.02 secs] 
2014-07-28T18:16:43.428+0000: 37.115: [GC [PSYoungGen: 262778K->6668K(300608K)] 262786K->6684K(987584K), 0.0084320 secs] [Times: user=0.03 sys=0.01, real=0.01 secs] 
2014-07-28T18:16:45.669+0000: 39.356: [GC [PSYoungGen: 264389K->5680K(300608K)] 264405K->5704K(987584K), 0.0050910 secs] [Times: user=0.03 sys=0.00, real=0.00 secs] 
2014-07-28T18:16:47.470+0000: 41.157: [GC [PSYoungGen: 263408K->5874K(300608K)] 263432K->5906K(987584K), 0.0204490 secs] [Times: user=0.13 sys=0.00, real=0.02 secs] 
2014-07-28T18:16:49.298+0000: 42.985: [GC [PSYoungGen: 263602K->5744K(257088K)] 263634K->5784K(944064K), 0.0117840 secs] [Times: user=0.06 sys=0.00, real=0.01 secs] 
2014-07-28T18:16:50.934+0000: 44.620: [GC [PSYoungGen: 257072K->5664K(250880K)] 257112K->5712K(937856K), 0.0068810 secs] [Times: user=0.03 sys=0.01, real=0.01 secs] 
2014-07-28T18:16:52.649+0000: 46.336: [GC [PSYoungGen: 250848K->320K(239552K)] 250896K->5715K(926528K), 0.0129070 secs] [Times: user=0.08 sys=0.00, real=0.01 secs] 
2014-07-28T18:16:54.268+0000: 47.954: [GC [PSYoungGen: 239552K->416K(233984K)] 244947K->5867K(920960K), 0.0036810 secs] [Times: user=0.02 sys=0.00, real=0.00 secs] 
2014-07-28T18:16:55.842+0000: 49.528: [GC [PSYoungGen: 233952K->448K(228480K)] 239403K->5899K(915456K), 0.0043260 secs] [Times: user=0.03 sys=0.00, real=0.01 secs] 
2014-07-28T18:16:57.395+0000: 51.082: [GC [PSYoungGen: 228480K->512K(223232K)] 233931K->5963K(910208K), 0.0036180 secs] [Times: user=0.02 sys=0.00, real=0.01 secs] 
2014-07-28T18:16:58.918+0000: 52.605: [GC [PSYoungGen: 223232K->416K(218048K)] 228683K->5931K(905024K), 0.0056950 secs] [Times: user=0.03 sys=0.00, real=0.00 secs] 
2014-07-28T18:17:00.405+0000: 54.092: [GC [PSYoungGen: 218016K->256K(212928K)] 223531K->5811K(899904K), 0.0069960 secs] [Times: user=0.04 sys=0.00, real=0.01 secs] 
2014-07-28T18:17:01.863+0000: 55.550: [GC [PSYoungGen: 212928K->448K(208320K)] 218483K->6075K(895296K), 0.0041840 secs] [Times: user=0.02 sys=0.00, real=0.01 secs] 
2014-07-28T18:17:03.289+0000: 56.976: [GC [PSYoungGen: 208320K->480K(203776K)] 213947K->6171K(890752K), 0.0035710 secs] [Times: user=0.02 sys=0.01, real=0.00 secs] 
2014-07-28T18:17:04.680+0000: 58.367: [GC [PSYoungGen: 203744K->384K(199168K)] 209435K->6171K(886144K), 0.0042970 secs] [Times: user=0.03 sys=0.00, real=0.00 secs] 
2014-07-28T18:17:06.040+0000: 59.727: [GC [PSYoungGen: 199168K->320K(194816K)] 204955K->6179K(881792K), 0.0057740 secs] [Times: user=0.02 sys=0.00, real=0.00 secs] 
2014-07-28T18:17:07.371+0000: 61.058: [GC [PSYoungGen: 194816K->352K(198272K)] 200675K->6259K(885248K), 0.0027250 secs] [Times: user=0.01 sys=0.00, real=0.00 secs] 
2014-07-28T18:17:08.683+0000: 62.370: [GC [PSYoungGen: 190687K->320K(186624K)] 196595K->6283K(873600K), 0.0057760 secs] [Times: user=0.02 sys=0.01, real=0.01 secs] 
2014-07-28T18:17:09.960+0000: 63.647: [GC [PSYoungGen: 186624K->256K(189760K)] 192587K->6275K(876736K), 0.0025330 secs] [Times: user=0.02 sys=0.00, real=0.00 secs] 
2014-07-28T18:17:11.217+0000: 64.904: [GC [PSYoungGen: 182649K->512K(179136K)] 188668K->6611K(866112K), 0.0049280 secs] [Times: user=0.02 sys=0.00, real=0.01 secs] 
2014-07-28T18:17:12.442+0000: 66.129: [GC [PSYoungGen: 179136K->320K(175296K)] 185235K->6483K(862272K), 0.0042040 secs] [Times: user=0.02 sys=0.00, real=0.00 secs] 
2014-07-28T18:17:13.644+0000: 67.331: [GC [PSYoungGen: 175296K->388K(171904K)] 181459K->6607K(858880K), 0.0078020 secs] [Times: user=0.04 sys=0.01, real=0.01 secs] 
2014-07-28T18:17:14.821+0000: 68.507: [GC [PSYoungGen: 171844K->448K(168512K)] 178063K->6747K(855488K), 0.0045330 secs] [Times: user=0.02 sys=0.00, real=0.00 secs] 
2014-07-28T18:17:15.978+0000: 69.665: [GC [PSYoungGen: 168512K->320K(165120K)] 174811K->6699K(852096K), 0.0042230 secs] [Times: user=0.01 sys=0.01, real=0.01 secs] 
2014-07-28T18:17:17.111+0000: 70.798: [GC [PSYoungGen: 165120K->416K(167040K)] 171499K->6875K(854016K), 0.0033390 secs] [Times: user=0.01 sys=0.00, real=0.00 secs] 
2014-07-28T18:17:18.225+0000: 71.912: [GC [PSYoungGen: 162016K->320K(158848K)] 168475K->6827K(845824K), 0.0049510 secs] [Times: user=0.02 sys=0.00, real=0.01 secs] 
2014-07-28T18:17:19.314+0000: 73.001: [GC [PSYoungGen: 158848K->480K(160384K)] 165355K->7067K(847360K), 0.0042640 secs] [Times: user=0.02 sys=0.00, real=0.00 secs] 
2014-07-28T18:17:20.381+0000: 74.068: [GC [PSYoungGen: 156000K->320K(152960K)] 162587K->6963K(839936K), 0.0050360 secs] [Times: user=0.02 sys=0.00, real=0.00 secs] 
2014-07-28T18:17:21.431+0000: 75.118: [GC [PSYoungGen: 152960K->384K(154112K)] 159603K->7099K(841088K), 0.0050990 secs] [Times: user=0.03 sys=0.00, real=0.00 secs] 
2014-07-28T18:17:22.458+0000: 76.145: [GC [PSYoungGen: 150208K->320K(147392K)] 156923K->7107K(834368K), 0.0044440 secs] [Times: user=0.02 sys=0.00, real=0.01 secs] 
2014-07-28T18:17:23.471+0000: 77.157: [GC [PSYoungGen: 147392K->384K(148288K)] 154179K->7243K(835264K), 0.0032350 secs] [Times: user=0.01 sys=0.00, real=0.00 secs] 
2014-07-28T18:17:24.462+0000: 78.149: [GC [PSYoungGen: 144832K->320K(142208K)] 151691K->7251K(829184K), 0.0040630 secs] [Times: user=0.02 sys=0.00, real=0.00 secs] 
2014-07-28T18:17:25.438+0000: 79.124: [GC [PSYoungGen: 142189K->416K(142784K)] 149120K->7427K(829760K), 0.0040000 secs] [Times: user=0.02 sys=0.00, real=0.01 secs] 
2014-07-28T18:17:26.396+0000: 80.083: [GC [PSYoungGen: 139808K->256K(137216K)] 146819K->7331K(824192K), 0.0036550 secs] [Times: user=0.02 sys=0.00, real=0.00 secs] 
2014-07-28T18:17:27.333+0000: 81.020: [GC [PSYoungGen: 137216K->288K(137600K)] 144291K->7427K(824576K), 0.0032130 secs] [Times: user=0.02 sys=0.00, real=0.00 secs] 
2014-07-28T18:17:28.257+0000: 81.944: [GC [PSYoungGen: 134880K->320K(132608K)] 142019K->7531K(819584K), 0.0026500 secs] [Times: user=0.01 sys=0.01, real=0.00 secs] 
2014-07-28T18:17:29.168+0000: 82.854: [GC [PSYoungGen: 132608K->224K(130304K)] 139819K->7459K(817280K), 0.0022170 secs] [Times: user=0.02 sys=0.00, real=0.00 secs] 
2014-07-28T18:17:30.059+0000: 83.746: [GC [PSYoungGen: 130272K->160K(128064K)] 137507K->7419K(815040K), 0.0025550 secs] [Times: user=0.01 sys=0.00, real=0.01 secs] 
2014-07-28T18:17:30.939+0000: 84.626: [GC [PSYoungGen: 128030K->274K(128128K)] 135289K->7565K(815104K), 0.0049170 secs] [Times: user=0.03 sys=0.01, real=0.01 secs] 
2014-07-28T18:17:31.802+0000: 85.489: [GC [PSYoungGen: 126034K->224K(123968K)] 133325K->7547K(810944K), 0.0049740 secs] [Times: user=0.03 sys=0.01, real=0.00 secs] 
2014-07-28T18:17:32.657+0000: 86.344: [GC [PSYoungGen: 123936K->224K(121984K)] 131259K->7587K(808960K), 0.0051950 secs] [Times: user=0.03 sys=0.01, real=0.01 secs] 
2014-07-28T18:17:33.490+0000: 87.177: [GC [PSYoungGen: 121952K->192K(120000K)] 129315K->7579K(806976K), 0.0057440 secs] [Times: user=0.03 sys=0.01, real=0.01 secs] 
2014-07-28T18:17:34.354+0000: 88.041: [GC [PSYoungGen: 120000K->256K(119808K)] 127387K->7659K(806784K), 0.0038420 secs] [Times: user=0.02 sys=0.01, real=0.00 secs] 
2014-07-28T18:17:35.250+0000: 88.937: [GC [PSYoungGen: 118208K->402K(116608K)] 125611K->7837K(803584K), 0.0050370 secs] [Times: user=0.02 sys=0.01, real=0.01 secs] 
2014-07-28T18:17:36.141+0000: 89.828: [GC [PSYoungGen: 116562K->356K(114752K)] 123997K->7807K(801728K), 0.0038650 secs] [Times: user=0.02 sys=0.00, real=0.01 secs] 
2014-07-28T18:17:37.037+0000: 90.724: [GC [PSYoungGen: 114724K->370K(113024K)] 122175K->7877K(800000K), 0.0031130 secs] [Times: user=0.03 sys=0.00, real=0.00 secs] 
2014-07-28T18:17:37.932+0000: 91.619: [GC [PSYoungGen: 113010K->384K(111360K)] 120517K->7923K(798336K), 0.0073990 secs] [Times: user=0.04 sys=0.01, real=0.01 secs] 
2014-07-28T18:17:38.772+0000: 92.459: [GC [PSYoungGen: 111360K->256K(109568K)] 118899K->7827K(796544K), 0.0028750 secs] [Times: user=0.02 sys=0.00, real=0.01 secs] 
2014-07-28T18:17:39.606+0000: 93.292: [GC [PSYoungGen: 109568K->288K(108032K)] 117139K->7891K(795008K), 0.0027550 secs] [Times: user=0.02 sys=0.00, real=0.00 secs] 
2014-07-28T18:17:40.411+0000: 94.098: [GC [PSYoungGen: 108000K->434K(106624K)] 115603K->8093K(793600K), 0.0033500 secs] [Times: user=0.02 sys=0.00, real=0.01 secs] 
2014-07-28T18:17:41.227+0000: 94.914: [GC [PSYoungGen: 106610K->288K(104960K)] 114269K->8011K(791936K), 0.0030210 secs] [Times: user=0.02 sys=0.01, real=0.00 secs] 
2014-07-28T18:17:41.947+0000: 95.634: [GC [PSYoungGen: 104928K->384K(103552K)] 112651K->8179K(790528K), 0.0026060 secs] [Times: user=0.02 sys=0.00, real=0.00 secs] 
2014-07-28T18:17:42.656+0000: 96.343: [GC [PSYoungGen: 103552K->256K(101952K)] 111347K->8091K(788928K), 0.0019110 secs] [Times: user=0.01 sys=0.00, real=0.00 secs] 
2014-07-28T18:17:43.357+0000: 97.043: [GC [PSYoungGen: 101952K->256K(100544K)] 109787K->8139K(787520K), 0.0036460 secs] [Times: user=0.02 sys=0.00, real=0.00 secs] 
2014-07-28T18:17:44.044+0000: 97.731: [GC [PSYoungGen: 100544K->160K(99136K)] 108427K->8083K(786112K), 0.0017870 secs] [Times: user=0.01 sys=0.00, real=0.01 secs] 
2014-07-28T18:17:44.789+0000: 98.476: [GC [PSYoungGen: 99104K->288K(97920K)] 107027K->8251K(784896K), 0.0026700 secs] [Times: user=0.01 sys=0.01, real=0.00 secs] 
2014-07-28T18:17:45.521+0000: 99.208: [GC [PSYoungGen: 97888K->256K(96576K)] 105851K->8227K(783552K), 0.0058480 secs] [Times: user=0.02 sys=0.01, real=0.01 secs] 
2014-07-28T18:17:46.227+0000: 99.913: [GC [PSYoungGen: 96576K->320K(95360K)] 104547K->8331K(782336K), 0.0048110 secs] [Times: user=0.02 sys=0.00, real=0.00 secs] 
2014-07-28T18:17:46.929+0000: 100.616: [GC [PSYoungGen: 95360K->352K(94144K)] 103371K->8427K(781120K), 0.0029190 secs] [Times: user=0.01 sys=0.00, real=0.00 secs] 
2014-07-28T18:17:47.627+0000: 101.314: [GC [PSYoungGen: 94112K->384K(92928K)] 102187K->8523K(779904K), 0.0019600 secs] [Times: user=0.01 sys=0.00, real=0.00 secs] 
2014-07-28T18:17:48.316+0000: 102.003: [GC [PSYoungGen: 92928K->256K(91584K)] 101067K->8419K(778560K), 0.0031590 secs] [Times: user=0.02 sys=0.01, real=0.00 secs] 
2014-07-28T18:17:48.990+0000: 102.677: [GC [PSYoungGen: 91584K->384K(90560K)] 99747K->8595K(777536K), 0.0041570 secs] [Times: user=0.03 sys=0.00, real=0.01 secs] 
2014-07-28T18:17:49.659+0000: 103.346: [GC [PSYoungGen: 90560K->448K(89472K)] 98771K->8731K(776448K), 0.0027560 secs] [Times: user=0.01 sys=0.01, real=0.00 secs] 
2014-07-28T18:17:50.315+0000: 104.002: [GC [PSYoungGen: 89472K->608K(88576K)] 97755K->8971K(775552K), 0.0041610 secs] [Times: user=0.03 sys=0.01, real=0.01 secs] 
2014-07-28T18:17:50.974+0000: 104.660: [GC [PSYoungGen: 88544K->608K(87488K)] 96907K->9051K(774464K), 0.0028600 secs] [Times: user=0.02 sys=0.01, real=0.01 secs] 
2014-07-28T18:17:51.612+0000: 105.299: [GC [PSYoungGen: 87456K->320K(86080K)] 95899K->8827K(773056K), 0.0020230 secs] [Times: user=0.01 sys=0.00, real=0.00 secs] 
2014-07-28T18:17:52.252+0000: 105.939: [GC [PSYoungGen: 86080K->320K(85056K)] 94587K->8851K(772032K), 0.0048680 secs] [Times: user=0.03 sys=0.00, real=0.01 secs] 
2014-07-28T18:17:52.876+0000: 106.562: [GC [PSYoungGen: 85056K->288K(84032K)] 93587K->8875K(771008K), 0.0022210 secs] [Times: user=0.01 sys=0.00, real=0.00 secs] 
2014-07-28T18:17:53.502+0000: 107.189: [GC [PSYoungGen: 84000K->448K(83136K)] 92587K->9115K(770112K), 0.0029980 secs] [Times: user=0.02 sys=0.01, real=0.01 secs] 
2014-07-28T18:17:54.116+0000: 107.803: [GC [PSYoungGen: 83136K->320K(82048K)] 91803K->9043K(769024K), 0.0031800 secs] [Times: user=0.02 sys=0.01, real=0.00 secs] 
2014-07-28T18:17:54.711+0000: 108.398: [GC [PSYoungGen: 82048K->256K(81024K)] 90771K->9019K(768000K), 0.0042330 secs] [Times: user=0.03 sys=0.01, real=0.01 secs] 
2014-07-28T18:17:55.315+0000: 109.002: [GC [PSYoungGen: 81024K->256K(80064K)] 89787K->9035K(767040K), 0.0035310 secs] [Times: user=0.02 sys=0.01, real=0.00 secs] 
2014-07-28T18:17:55.844+0000: 109.530: [GC [PSYoungGen: 80064K->192K(79104K)] 88843K->8995K(766080K), 0.0027800 secs] [Times: user=0.01 sys=0.01, real=0.01 secs] 
2014-07-28T18:17:56.384+0000: 110.070: [GC [PSYoungGen: 79104K->416K(78464K)] 87907K->9299K(765440K), 0.0019230 secs] [Times: user=0.01 sys=0.00, real=0.01 secs] 
2014-07-28T18:17:56.920+0000: 110.607: [GC [PSYoungGen: 78382K->370K(77504K)] 87265K->9301K(764480K), 0.0033750 secs] [Times: user=0.02 sys=0.01, real=0.00 secs] 
2014-07-28T18:17:57.446+0000: 111.133: [GC [PSYoungGen: 77490K->224K(76544K)] 86421K->9195K(763520K), 0.0019610 secs] [Times: user=0.00 sys=0.00, real=0.00 secs] 
2014-07-28T18:17:57.974+0000: 111.660: [GC [PSYoungGen: 76512K->320K(75776K)] 85483K->9363K(762752K), 0.0025560 secs] [Times: user=0.02 sys=0.01, real=0.01 secs] 
2014-07-28T18:17:58.490+0000: 112.177: [GC [PSYoungGen: 75776K->256K(74880K)] 84819K->9355K(761856K), 0.0036310 secs] [Times: user=0.02 sys=0.01, real=0.00 secs] 
2014-07-28T18:17:59.004+0000: 112.691: [GC [PSYoungGen: 74880K->352K(74176K)] 83979K->9539K(761152K), 0.0022300 secs] [Times: user=0.02 sys=0.00, real=0.01 secs] 
2014-07-28T18:17:59.515+0000: 113.202: [GC [PSYoungGen: 74144K->434K(73472K)] 83331K->9677K(760448K), 0.0049970 secs] [Times: user=0.03 sys=0.01, real=0.01 secs] 
2014-07-28T18:18:00.051+0000: 113.738: [GC [PSYoungGen: 73458K->530K(72832K)] 82701K->9797K(759808K), 0.0058440 secs] [Times: user=0.03 sys=0.02, real=0.01 secs] 
2014-07-28T18:18:00.586+0000: 114.273: [GC [PSYoungGen: 72786K->288K(71808K)] 82053K->9587K(758784K), 0.0034170 secs] [Times: user=0.02 sys=0.01, real=0.00 secs] 
2014-07-28T18:18:01.121+0000: 114.808: [GC [PSYoungGen: 71776K->544K(71296K)] 81075K->9907K(758272K), 0.0048950 secs] [Times: user=0.03 sys=0.01, real=0.01 secs] 
2014-07-28T18:18:01.645+0000: 115.332: [GC [PSYoungGen: 71264K->320K(70336K)] 80627K->9723K(757312K), 0.0054910 secs] [Times: user=0.02 sys=0.01, real=0.01 secs] 
2014-07-28T18:18:02.172+0000: 115.859: [GC [PSYoungGen: 70336K->288K(69632K)] 79739K->9699K(756608K), 0.0050690 secs] [Times: user=0.01 sys=0.01, real=0.01 secs] 
2014-07-28T18:18:02.697+0000: 116.383: [GC [PSYoungGen: 69600K->352K(68992K)] 79011K->9811K(755968K), 0.0061720 secs] [Times: user=0.03 sys=0.00, real=0.00 secs] 
2014-07-28T18:18:03.215+0000: 116.902: [GC [PSYoungGen: 68960K->288K(68224K)] 78419K->9779K(755200K), 0.0050170 secs] [Times: user=0.03 sys=0.01, real=0.01 secs] 
2014-07-28T18:18:03.718+0000: 117.405: [GC [PSYoungGen: 68192K->338K(67584K)] 77683K->9877K(754560K), 0.0037280 secs] [Times: user=0.03 sys=0.01, real=0.00 secs] 
2014-07-28T18:18:04.226+0000: 117.913: [GC [PSYoungGen: 67538K->256K(66816K)] 77077K->9803K(753792K), 0.0046580 secs] [Times: user=0.01 sys=0.00, real=0.01 secs] 
2014-07-28T18:18:04.726+0000: 118.413: [GC [PSYoungGen: 66816K->448K(66368K)] 76363K->10051K(753344K), 0.0054790 secs] [Times: user=0.03 sys=0.01, real=0.01 secs] 
2014-07-28T18:18:05.219+0000: 118.906: [GC [PSYoungGen: 66368K->306K(65600K)] 75971K->9917K(752576K), 0.0054700 secs] [Times: user=0.07 sys=0.04, real=0.10 secs] 
2014-07-28T18:18:05.643+0000: 119.330: [GC [PSYoungGen: 65586K->288K(78656K)] 75197K->9955K(765632K), 0.0061300 secs] [Times: user=0.03 sys=0.01, real=0.01 secs] 
2014-07-28T18:18:06.181+0000: 119.868: [GC [PSYoungGen: 78603K->544K(94592K)] 88271K->10299K(781568K), 0.0038810 secs] [Times: user=0.02 sys=0.00, real=0.00 secs] 
2014-07-28T18:18:06.826+0000: 120.513: [GC [PSYoungGen: 94549K->320K(93120K)] 104305K->10187K(780096K), 0.0034270 secs] [Times: user=0.03 sys=0.00, real=0.01 secs] 
2014-07-28T18:18:07.460+0000: 121.147: [GC [PSYoungGen: 93082K->288K(91904K)] 102949K->10203K(778880K), 0.0071220 secs] [Times: user=0.05 sys=0.01, real=0.01 secs] 
2014-07-28T18:18:08.091+0000: 121.777: [GC [PSYoungGen: 91872K->256K(90688K)] 101787K->10227K(777664K), 0.0031850 secs] [Times: user=0.02 sys=0.00, real=0.00 secs] 
2014-07-28T18:18:08.712+0000: 122.399: [GC [PSYoungGen: 90688K->320K(89600K)] 100659K->10363K(776576K), 0.0021830 secs] [Times: user=0.01 sys=0.00, real=0.00 secs] 
2014-07-28T18:18:09.327+0000: 123.014: [GC [PSYoungGen: 89556K->288K(88512K)] 99599K->10395K(775488K), 0.0030020 secs] [Times: user=0.02 sys=0.01, real=0.00 secs] 
2014-07-28T18:18:09.934+0000: 123.621: [GC [PSYoungGen: 88480K->256K(87360K)] 98587K->10411K(774336K), 0.0025900 secs] [Times: user=0.02 sys=0.00, real=0.00 secs] 
2014-07-28T18:18:10.552+0000: 124.239: [GC [PSYoungGen: 87360K->370K(86400K)] 97515K->10581K(773376K), 0.0028050 secs] [Times: user=0.01 sys=0.00, real=0.00 secs] 
2014-07-28T18:18:11.195+0000: 124.882: [GC [PSYoungGen: 86386K->352K(85376K)] 96597K->10611K(772352K), 0.0046700 secs] [Times: user=0.02 sys=0.00, real=0.01 secs] 
2014-07-28T18:18:11.819+0000: 125.506: [GC [PSYoungGen: 85344K->288K(84288K)] 95603K->10595K(771264K), 0.0026620 secs] [Times: user=0.02 sys=0.00, real=0.00 secs] 
2014-07-28T18:18:12.344+0000: 126.031: [GC [PSYoungGen: 84256K->320K(83264K)] 94563K->10707K(770240K), 0.0019760 secs] [Times: user=0.01 sys=0.00, real=0.00 secs] 
2014-07-28T18:18:12.911+0000: 126.597: [GC [PSYoungGen: 83264K->224K(82240K)] 93651K->10659K(769216K), 0.0035330 secs] [Times: user=0.02 sys=0.00, real=0.00 secs] 
2014-07-28T18:18:13.472+0000: 127.159: [GC [PSYoungGen: 82208K->320K(81344K)] 92643K->10819K(768320K), 0.0045850 secs] [Times: user=0.02 sys=0.01, real=0.00 secs] 
2014-07-28T18:18:14.030+0000: 127.717: [GC [PSYoungGen: 81344K->416K(80512K)] 91843K->11011K(767488K), 0.0047360 secs] [Times: user=0.02 sys=0.01, real=0.00 secs] 
2014-07-28T18:18:14.577+0000: 128.264: [GC [PSYoungGen: 80480K->384K(79552K)] 91075K->11067K(766528K), 0.0049850 secs] [Times: user=0.03 sys=0.00, real=0.01 secs] 
2014-07-28T18:18:15.119+0000: 128.806: [GC [PSYoungGen: 79552K->256K(78528K)] 90235K->11035K(765504K), 0.0039860 secs] [Times: user=0.03 sys=0.00, real=0.00 secs] 
2014-07-28T18:18:15.659+0000: 129.346: [GC [PSYoungGen: 78528K->448K(77824K)] 89307K->11299K(764800K), 0.0037880 secs] [Times: user=0.02 sys=0.00, real=0.00 secs] 
2014-07-28T18:18:16.187+0000: 129.874: [GC [PSYoungGen: 77824K->384K(76928K)] 88675K->11323K(763904K), 0.0044980 secs] [Times: user=0.03 sys=0.01, real=0.01 secs] 
2014-07-28T18:18:16.714+0000: 130.401: [GC [PSYoungGen: 76928K->352K(76096K)] 87867K->11355K(763072K), 0.0024470 secs] [Times: user=0.01 sys=0.00, real=0.00 secs] 
2014-07-28T18:18:17.276+0000: 130.962: [GC [PSYoungGen: 76064K->274K(75200K)] 87067K->11285K(762176K), 0.0046770 secs] [Times: user=0.01 sys=0.00, real=0.01 secs] 
2014-07-28T18:18:17.827+0000: 131.514: [GC [PSYoungGen: 75154K->338K(74432K)] 86165K->11389K(761408K), 0.0044760 secs] [Times: user=0.02 sys=0.00, real=0.01 secs] 
2014-07-28T18:18:18.390+0000: 132.077: [GC [PSYoungGen: 74386K->338K(73664K)] 85437K->11421K(760640K), 0.0030040 secs] [Times: user=0.01 sys=0.00, real=0.00 secs] 
2014-07-28T18:18:18.857+0000: 132.544: [GC [PSYoungGen: 73618K->480K(73024K)] 84701K->11651K(760000K), 0.0046270 secs] [Times: user=0.02 sys=0.00, real=0.01 secs] 
2014-07-28T18:18:19.357+0000: 133.044: [GC [PSYoungGen: 72992K->192K(71936K)] 84163K->11483K(758912K), 0.0036400 secs] [Times: user=0.02 sys=0.00, real=0.01 secs] 
2014-07-28T18:18:19.849+0000: 133.536: [GC [PSYoungGen: 71925K->352K(71360K)] 83217K->11731K(758336K), 0.0046200 secs] [Times: user=0.03 sys=0.00, real=0.01 secs] 
2014-07-28T18:18:20.338+0000: 134.025: [GC [PSYoungGen: 71328K->224K(70528K)] 82707K->11643K(757504K), 0.0065290 secs] [Times: user=0.04 sys=0.00, real=0.01 secs] 
2014-07-28T18:18:20.819+0000: 134.506: [GC [PSYoungGen: 70496K->448K(70016K)] 81915K->11947K(756992K), 0.0034060 secs] [Times: user=0.02 sys=0.00, real=0.00 secs] 
2014-07-28T18:18:21.295+0000: 134.982: [GC [PSYoungGen: 70016K->370K(69248K)] 81515K->11949K(756224K), 0.0040920 secs] [Times: user=0.02 sys=0.01, real=0.01 secs] 
2014-07-28T18:18:21.767+0000: 135.454: [GC [PSYoungGen: 69234K->288K(68480K)] 80813K->11931K(755456K), 0.0035030 secs] [Times: user=0.02 sys=0.00, real=0.01 secs] 
2014-07-28T18:18:22.236+0000: 135.923: [GC [PSYoungGen: 68399K->224K(67712K)] 80042K->11907K(754688K), 0.0023290 secs] [Times: user=0.01 sys=0.00, real=0.00 secs] 
2014-07-28T18:18:22.699+0000: 136.386: [GC [PSYoungGen: 67680K->320K(67136K)] 79363K->12067K(754112K), 0.0043380 secs] [Times: user=0.02 sys=0.00, real=0.00 secs] 
2014-07-28T18:18:23.157+0000: 136.844: [GC [PSYoungGen: 67136K->288K(66496K)] 78883K->12091K(753472K), 0.0049900 secs] [Times: user=0.02 sys=0.00, real=0.01 secs] 
2014-07-28T18:18:23.612+0000: 137.299: [GC [PSYoungGen: 66464K->416K(65984K)] 78267K->12275K(752960K), 0.0033070 secs] [Times: user=0.02 sys=0.00, real=0.00 secs] 
2014-07-28T18:18:24.106+0000: 137.793: [GC [PSYoungGen: 65952K->306K(65216K)] 77811K->12317K(752192K), 0.0035150 secs] [Times: user=0.02 sys=0.00, real=0.01 secs] 
2014-07-28T18:18:24.591+0000: 138.278: [GC [PSYoungGen: 65158K->544K(64832K)] 77169K->12635K(751808K), 0.0028770 secs] [Times: user=0.02 sys=0.00, real=0.00 secs] 
2014-07-28T18:18:25.071+0000: 138.758: [GC [PSYoungGen: 64800K->306K(63936K)] 76891K->12525K(750912K), 0.0020300 secs] [Times: user=0.01 sys=0.01, real=0.00 secs] 
2014-07-28T18:18:25.528+0000: 139.215: [GC [PSYoungGen: 63922K->288K(63360K)] 76141K->12571K(750336K), 0.0023450 secs] [Times: user=0.01 sys=0.00, real=0.01 secs] 
2014-07-28T18:18:25.937+0000: 139.623: [GC [PSYoungGen: 63328K->288K(62784K)] 75611K->12635K(749760K), 0.0052780 secs] [Times: user=0.03 sys=0.00, real=0.01 secs] 
2014-07-28T18:18:26.364+0000: 140.050: [GC [PSYoungGen: 62752K->384K(62272K)] 75099K->12819K(749248K), 0.0046740 secs] [Times: user=0.03 sys=0.00, real=0.00 secs] 
2014-07-28T18:18:26.785+0000: 140.472: [GC [PSYoungGen: 62272K->416K(61760K)] 74707K->12907K(748736K), 0.0042300 secs] [Times: user=0.03 sys=0.00, real=0.00 secs] 
2014-07-28T18:18:27.204+0000: 140.891: [GC [PSYoungGen: 61728K->416K(74048K)] 74219K->12955K(761024K), 0.0078330 secs] [Times: user=0.04 sys=0.01, real=0.01 secs] 
2014-07-28T18:18:27.710+0000: 141.397: [GC [PSYoungGen: 74016K->320K(88640K)] 86555K->12947K(775616K), 0.0055000 secs] [Times: user=0.04 sys=0.00, real=0.01 secs] 
2014-07-28T18:18:28.315+0000: 142.002: [GC [PSYoungGen: 88640K->192K(87424K)] 101267K->12859K(774400K), 0.0039510 secs] [Times: user=0.02 sys=0.00, real=0.00 secs] 
2014-07-28T18:18:28.912+0000: 142.598: [GC [PSYoungGen: 87424K->288K(86464K)] 100091K->13019K(773440K), 0.0021250 secs] [Times: user=0.01 sys=0.00, real=0.00 secs] 
2014-07-28T18:18:29.506+0000: 143.193: [GC [PSYoungGen: 86432K->320K(85440K)] 99163K->13123K(772416K), 0.0021970 secs] [Times: user=0.01 sys=0.00, real=0.00 secs] 
2014-07-28T18:18:30.092+0000: 143.779: [GC [PSYoungGen: 85440K->288K(84416K)] 98243K->13155K(771392K), 0.0038520 secs] [Times: user=0.02 sys=0.00, real=0.00 secs] 
2014-07-28T18:18:30.686+0000: 144.373: [GC [PSYoungGen: 84367K->434K(83520K)] 97234K->13373K(770496K), 0.0026390 secs] [Times: user=0.01 sys=0.00, real=0.00 secs] 
2014-07-28T18:18:31.309+0000: 144.996: [GC [PSYoungGen: 83506K->256K(82368K)] 96445K->13211K(769344K), 0.0032680 secs] [Times: user=0.01 sys=0.00, real=0.01 secs] 
2014-07-28T18:18:31.928+0000: 145.614: [GC [PSYoungGen: 82368K->256K(81408K)] 95323K->13227K(768384K), 0.0037900 secs] [Times: user=0.02 sys=0.00, real=0.01 secs] 
2014-07-28T18:18:32.494+0000: 146.181: [GC [PSYoungGen: 81360K->288K(80512K)] 94332K->13323K(767488K), 0.0029280 secs] [Times: user=0.01 sys=0.01, real=0.00 secs] 
2014-07-28T18:18:33.044+0000: 146.731: [GC [PSYoungGen: 80480K->160K(79488K)] 93515K->13211K(766464K), 0.0069410 secs] [Times: user=0.03 sys=0.00, real=0.01 secs] 
2014-07-28T18:18:33.590+0000: 147.277: [GC [PSYoungGen: 79456K->256K(78656K)] 92507K->13355K(765632K), 0.0036130 secs] [Times: user=0.02 sys=0.01, real=0.01 secs] 
2014-07-28T18:18:34.127+0000: 147.814: [GC [PSYoungGen: 78656K->128K(77632K)] 91755K->13235K(764608K), 0.0072090 secs] [Times: user=0.02 sys=0.00, real=0.01 secs] 
2014-07-28T18:18:34.663+0000: 148.350: [GC [PSYoungGen: 77600K->352K(77056K)] 90708K->13539K(764032K), 0.0027460 secs] [Times: user=0.01 sys=0.00, real=0.00 secs] 
2014-07-28T18:18:35.187+0000: 148.874: [GC [PSYoungGen: 77024K->320K(76160K)] 90211K->13579K(763136K), 0.0022410 secs] [Times: user=0.01 sys=0.00, real=0.00 secs] 
2014-07-28T18:18:35.710+0000: 149.396: [GC [PSYoungGen: 76160K->224K(75264K)] 89419K->13515K(762240K), 0.0062290 secs] [Times: user=0.04 sys=0.01, real=0.01 secs] 
2014-07-28T18:18:36.224+0000: 149.911: [GC [PSYoungGen: 75232K->352K(74560K)] 88523K->13715K(761536K), 0.0030610 secs] [Times: user=0.02 sys=0.00, real=0.00 secs] 
2014-07-28T18:18:36.730+0000: 150.416: [GC [PSYoungGen: 74528K->256K(73664K)] 87891K->13683K(760640K), 0.0072970 secs] [Times: user=0.05 sys=0.00, real=0.01 secs] 
2014-07-28T18:18:37.235+0000: 150.922: [GC [PSYoungGen: 73624K->352K(73024K)] 87052K->13843K(760000K), 0.0020260 secs] [Times: user=0.01 sys=0.00, real=0.00 secs] 
2014-07-28T18:18:37.769+0000: 151.456: [GC [PSYoungGen: 72992K->384K(72256K)] 86483K->13947K(759232K), 0.0024560 secs] [Times: user=0.01 sys=0.01, real=0.00 secs] 
2014-07-28T18:18:38.307+0000: 151.994: [GC [PSYoungGen: 72256K->416K(71552K)] 85819K->14035K(758528K), 0.0035490 secs] [Times: user=0.02 sys=0.00, real=0.00 secs] 
2014-07-28T18:18:38.826+0000: 152.513: [GC [PSYoungGen: 71520K->256K(70592K)] 85139K->14035K(757568K), 0.0033630 secs] [Times: user=0.02 sys=0.00, real=0.00 secs] 
2014-07-28T18:18:39.321+0000: 153.007: [GC [PSYoungGen: 70592K->512K(70144K)] 84371K->14371K(757120K), 0.0023070 secs] [Times: user=0.01 sys=0.00, real=0.01 secs] 
2014-07-28T18:18:39.795+0000: 153.482: [GC [PSYoungGen: 70144K->448K(69376K)] 84003K->14395K(756352K), 0.0033300 secs] [Times: user=0.02 sys=0.00, real=0.00 secs] 
2014-07-28T18:18:40.269+0000: 153.956: [GC [PSYoungGen: 69376K->288K(83072K)] 83323K->14275K(770048K), 0.0128310 secs] [Times: user=0.08 sys=0.01, real=0.02 secs] 
2014-07-28T18:18:40.831+0000: 154.518: [GC [PSYoungGen: 83040K->352K(99712K)] 97027K->14427K(786688K), 0.0038290 secs] [Times: user=0.02 sys=0.00, real=0.01 secs] 
2014-07-28T18:18:41.520+0000: 155.206: [GC [PSYoungGen: 99680K->352K(98368K)] 113755K->14499K(785344K), 0.0042880 secs] [Times: user=0.02 sys=0.01, real=0.01 secs] 
2014-07-28T18:18:42.197+0000: 155.884: [GC [PSYoungGen: 98335K->288K(96960K)] 112482K->14491K(783936K), 0.0022130 secs] [Times: user=0.01 sys=0.00, real=0.00 secs] 
2014-07-28T18:18:42.858+0000: 156.545: [GC [PSYoungGen: 96928K->288K(95680K)] 111131K->14555K(782656K), 0.0059730 secs] [Times: user=0.03 sys=0.00, real=0.01 secs] 
2014-07-28T18:18:43.514+0000: 157.201: [GC [PSYoungGen: 95616K->288K(94400K)] 109884K->14611K(781376K), 0.0024510 secs] [Times: user=0.01 sys=0.00, real=0.00 secs] 
2014-07-28T18:18:44.168+0000: 157.855: [GC [PSYoungGen: 94368K->288K(93184K)] 108691K->14635K(780160K), 0.0080960 secs] [Times: user=0.04 sys=0.00, real=0.01 secs] 
2014-07-28T18:18:44.852+0000: 158.539: [GC [PSYoungGen: 93146K->466K(92160K)] 107494K->14861K(779136K), 0.0035140 secs] [Times: user=0.02 sys=0.00, real=0.01 secs] 
2014-07-28T18:18:45.535+0000: 159.221: [GC [PSYoungGen: 92114K->256K(90752K)] 106509K->14675K(777728K), 0.0042770 secs] [Times: user=0.02 sys=0.01, real=0.00 secs] 
2014-07-28T18:18:46.114+0000: 159.801: [GC [PSYoungGen: 90752K->384K(89728K)] 105171K->14899K(776704K), 0.0022100 secs] [Times: user=0.01 sys=0.00, real=0.00 secs] 
2014-07-28T18:18:46.731+0000: 160.418: [GC [PSYoungGen: 89728K->288K(88576K)] 104243K->14851K(775552K), 0.0050480 secs] [Times: user=0.03 sys=0.00, real=0.01 secs] 
2014-07-28T18:18:47.336+0000: 161.023: [GC [PSYoungGen: 88544K->320K(87488K)] 103107K->14947K(774464K), 0.0037510 secs] [Times: user=0.02 sys=0.00, real=0.00 secs] 
2014-07-28T18:18:47.939+0000: 161.626: [GC [PSYoungGen: 87488K->384K(86464K)] 102115K->15099K(773440K), 0.0037860 secs] [Times: user=0.02 sys=0.00, real=0.00 secs] 
2014-07-28T18:18:48.529+0000: 162.216: [GC [PSYoungGen: 86464K->352K(85440K)] 101179K->15123K(772416K), 0.0049590 secs] [Times: user=0.03 sys=0.00, real=0.01 secs] 
2014-07-28T18:18:49.111+0000: 162.798: [GC [PSYoungGen: 85408K->384K(84416K)] 100179K->15243K(771392K), 0.0021910 secs] [Times: user=0.01 sys=0.00, real=0.01 secs] 
2014-07-28T18:18:49.689+0000: 163.376: [GC [PSYoungGen: 84416K->320K(83328K)] 99275K->15243K(770304K), 0.0023840 secs] [Times: user=0.02 sys=0.00, real=0.00 secs] 
2014-07-28T18:18:50.258+0000: 163.945: [GC [PSYoungGen: 83328K->160K(82240K)] 98251K->15115K(769216K), 0.0030490 secs] [Times: user=0.01 sys=0.00, real=0.00 secs] 
2014-07-28T18:18:50.821+0000: 164.508: [GC [PSYoungGen: 82208K->288K(81408K)] 97163K->15315K(768384K), 0.0027640 secs] [Times: user=0.01 sys=0.00, real=0.01 secs] 
2014-07-28T18:18:51.416+0000: 165.103: [GC [PSYoungGen: 81376K->288K(80448K)] 96403K->15355K(767424K), 0.0025910 secs] [Times: user=0.02 sys=0.00, real=0.00 secs] 
2014-07-28T18:18:52.017+0000: 165.704: [GC [PSYoungGen: 80416K->370K(79616K)] 95483K->15469K(766592K), 0.0036710 secs] [Times: user=0.02 sys=0.00, real=0.00 secs] 
2014-07-28T18:18:52.607+0000: 166.294: [GC [PSYoungGen: 79602K->384K(78720K)] 94701K->15555K(765696K), 0.0022620 secs] [Times: user=0.18 sys=0.13, real=0.29 secs] 
2014-07-28T18:18:53.206+0000: 166.893: [GC [PSYoungGen: 78720K->160K(77632K)] 93891K->15347K(764608K), 0.0026220 secs] [Times: user=0.01 sys=0.00, real=0.00 secs] 
2014-07-28T18:18:53.746+0000: 167.432: [GC [PSYoungGen: 77595K->224K(76864K)] 92783K->15419K(763840K), 0.0049700 secs] [Times: user=0.02 sys=0.01, real=0.00 secs] 
2014-07-28T18:18:54.280+0000: 167.967: [GC [PSYoungGen: 76832K->224K(76032K)] 92027K->15459K(763008K), 0.0020540 secs] [Times: user=0.01 sys=0.01, real=0.00 secs] 
2014-07-28T18:18:54.799+0000: 168.486: [GC [PSYoungGen: 76000K->288K(75264K)] 91235K->15579K(762240K), 0.0021250 secs] [Times: user=0.01 sys=0.01, real=0.00 secs] 
2014-07-28T18:18:55.329+0000: 169.016: [GC [PSYoungGen: 75232K->512K(74624K)] 90523K->15891K(761600K), 0.0029940 secs] [Times: user=0.01 sys=0.01, real=0.00 secs] 
2014-07-28T18:18:55.824+0000: 169.511: [GC [PSYoungGen: 74624K->192K(73536K)] 90003K->15611K(760512K), 0.0035390 secs] [Times: user=0.02 sys=0.00, real=0.01 secs] 
2014-07-28T18:18:56.329+0000: 170.016: [GC [PSYoungGen: 73536K->352K(72960K)] 88955K->15835K(759936K), 0.0037330 secs] [Times: user=0.02 sys=0.00, real=0.00 secs] 
2014-07-28T18:18:56.824+0000: 170.511: [GC [PSYoungGen: 72928K->352K(72192K)] 88411K->15915K(759168K), 0.0040650 secs] [Times: user=0.03 sys=0.00, real=0.01 secs] 
2014-07-28T18:18:57.318+0000: 171.005: [GC [PSYoungGen: 72160K->320K(71360K)] 87723K->15947K(758336K), 0.0056230 secs] [Times: user=0.03 sys=0.01, real=0.00 secs] 
2014-07-28T18:18:57.805+0000: 171.491: [GC [PSYoungGen: 71360K->320K(70656K)] 86987K->16019K(757632K), 0.0041860 secs] [Times: user=0.03 sys=0.01, real=0.01 secs] 
2014-07-28T18:18:58.328+0000: 172.015: [GC [PSYoungGen: 70656K->466K(70144K)] 86355K->16213K(757120K), 0.0045570 secs] [Times: user=0.02 sys=0.00, real=0.00 secs] 
2014-07-28T18:18:58.832+0000: 172.519: [GC [PSYoungGen: 70098K->562K(69504K)] 85845K->16365K(756480K), 0.0051930 secs] [Times: user=0.03 sys=0.00, real=0.01 secs] 
2014-07-28T18:18:59.343+0000: 173.030: [GC [PSYoungGen: 69490K->128K(68352K)] 85293K->16059K(755328K), 0.0036070 secs] [Times: user=0.01 sys=0.00, real=0.01 secs] 
2014-07-28T18:18:59.852+0000: 173.539: [GC [PSYoungGen: 68352K->352K(67904K)] 84283K->16339K(754880K), 0.0034750 secs] [Times: user=0.02 sys=0.00, real=0.01 secs] 
2014-07-28T18:19:00.326+0000: 174.013: [GC [PSYoungGen: 67872K->320K(67200K)] 83859K->16395K(754176K), 0.0032270 secs] [Times: user=0.02 sys=0.00, real=0.00 secs] 
2014-07-28T18:19:00.780+0000: 174.466: [GC [PSYoungGen: 67200K->384K(66624K)] 83275K->16515K(753600K), 0.0030060 secs] [Times: user=0.02 sys=0.00, real=0.00 secs] 
2014-07-28T18:19:01.235+0000: 174.922: [GC [PSYoungGen: 66588K->416K(66048K)] 82720K->16643K(753024K), 0.0020420 secs] [Times: user=0.01 sys=0.00, real=0.01 secs] 
2014-07-28T18:19:01.683+0000: 175.370: [GC [PSYoungGen: 66016K->306K(65280K)] 82243K->16573K(752256K), 0.0027350 secs] [Times: user=0.01 sys=0.00, real=0.01 secs] 
2014-07-28T18:19:02.132+0000: 175.819: [GC [PSYoungGen: 65266K->416K(64768K)] 81533K->16763K(751744K), 0.0037740 secs] [Times: user=0.02 sys=0.00, real=0.01 secs] 
2014-07-28T18:19:02.573+0000: 176.260: [GC [PSYoungGen: 64736K->448K(64128K)] 81083K->16859K(751104K), 0.0036610 secs] [Times: user=0.02 sys=0.00, real=0.01 secs] 
2014-07-28T18:19:03.012+0000: 176.699: [GC [PSYoungGen: 64128K->320K(63424K)] 80539K->16803K(750400K), 0.0043170 secs] [Times: user=0.02 sys=0.00, real=0.01 secs] 
2014-07-28T18:19:03.444+0000: 177.131: [GC [PSYoungGen: 63424K->416K(62976K)] 79907K->16963K(749952K), 0.0037430 secs] [Times: user=0.02 sys=0.00, real=0.01 secs] 
2014-07-28T18:19:03.871+0000: 177.558: [GC [PSYoungGen: 62944K->288K(62272K)] 79491K->16907K(749248K), 0.0037570 secs] [Times: user=0.02 sys=0.01, real=0.00 secs] 
2014-07-28T18:19:04.300+0000: 177.986: [GC [PSYoungGen: 62240K->320K(61696K)] 78859K->16987K(748672K), 0.0043070 secs] [Times: user=0.03 sys=0.01, real=0.00 secs] 
2014-07-28T18:19:04.714+0000: 178.401: [GC [PSYoungGen: 61696K->384K(61184K)] 78363K->17147K(748160K), 0.0018650 secs] [Times: user=0.01 sys=0.00, real=0.00 secs] 
2014-07-28T18:19:05.132+0000: 178.819: [GC [PSYoungGen: 61184K->416K(60672K)] 77947K->17275K(747648K), 0.0038430 secs] [Times: user=0.02 sys=0.00, real=0.01 secs] 
2014-07-28T18:19:05.569+0000: 179.256: [GC [PSYoungGen: 60602K->352K(60096K)] 77461K->17259K(747072K), 0.0024980 secs] [Times: user=0.01 sys=0.00, real=0.00 secs] 
2014-07-28T18:19:05.998+0000: 179.685: [GC [PSYoungGen: 60064K->498K(59712K)] 76971K->17469K(746688K), 0.0030750 secs] [Times: user=0.03 sys=0.01, real=0.02 secs] 
2014-07-28T18:19:06.427+0000: 180.114: [GC [PSYoungGen: 59698K->320K(59008K)] 76669K->17437K(745984K), 0.0028060 secs] [Times: user=0.02 sys=0.00, real=0.00 secs] 
2014-07-28T18:19:06.865+0000: 180.552: [GC [PSYoungGen: 59008K->576K(58752K)] 76125K->17781K(745728K), 0.0033040 secs] [Times: user=0.02 sys=0.00, real=0.01 secs] 
2014-07-28T18:19:07.290+0000: 180.976: [GC [PSYoungGen: 58716K->288K(57984K)] 75921K->17525K(744960K), 0.0023740 secs] [Times: user=0.01 sys=0.00, real=0.00 secs] 
2014-07-28T18:19:07.681+0000: 181.367: [GC [PSYoungGen: 57952K->256K(57408K)] 75189K->17549K(744384K), 0.0035430 secs] [Times: user=0.02 sys=0.00, real=0.00 secs] 
2014-07-28T18:19:08.063+0000: 181.749: [GC [PSYoungGen: 57372K->384K(57024K)] 74666K->17749K(744000K), 0.0024270 secs] [Times: user=0.02 sys=0.00, real=0.00 secs] 
2014-07-28T18:19:08.450+0000: 182.137: [GC [PSYoungGen: 57024K->256K(56448K)] 74389K->17669K(743424K), 0.0050550 secs] [Times: user=0.03 sys=0.00, real=0.00 secs] 
2014-07-28T18:19:08.836+0000: 182.522: [GC [PSYoungGen: 56448K->320K(56064K)] 73861K->17797K(743040K), 0.0019570 secs] [Times: user=0.01 sys=0.00, real=0.01 secs] 
2014-07-28T18:19:09.217+0000: 182.904: [GC [PSYoungGen: 56064K->338K(55680K)] 73541K->17871K(742656K), 0.0036400 secs] [Times: user=0.02 sys=0.01, real=0.01 secs] 
2014-07-28T18:19:09.595+0000: 183.282: [GC [PSYoungGen: 55634K->352K(55232K)] 73167K->17957K(742208K), 0.0036140 secs] [Times: user=0.02 sys=0.00, real=0.01 secs] 
2014-07-28T18:19:09.972+0000: 183.659: [GC [PSYoungGen: 55200K->288K(54720K)] 72805K->17949K(741696K), 0.0046150 secs] [Times: user=0.03 sys=0.00, real=0.00 secs] 
2014-07-28T18:19:10.352+0000: 184.039: [GC [PSYoungGen: 54688K->498K(54464K)] 72349K->18231K(741440K), 0.0041380 secs] [Times: user=0.02 sys=0.01, real=0.00 secs] 
2014-07-28T18:19:10.717+0000: 184.404: [GC [PSYoungGen: 54450K->242K(53760K)] 72183K->18007K(740736K), 0.0043700 secs] [Times: user=0.02 sys=0.01, real=0.00 secs] 
2014-07-28T18:19:11.083+0000: 184.770: [GC [PSYoungGen: 53746K->352K(64640K)] 71511K->18173K(751616K), 0.0038320 secs] [Times: user=0.02 sys=0.00, real=0.00 secs] 
2014-07-28T18:19:11.521+0000: 185.208: [GC [PSYoungGen: 64608K->416K(64064K)] 82429K->18293K(751040K), 0.0041140 secs] [Times: user=0.02 sys=0.00, real=0.00 secs] 
2014-07-28T18:19:11.959+0000: 185.646: [GC [PSYoungGen: 64032K->384K(63424K)] 81909K->18349K(750400K), 0.0035400 secs] [Times: user=0.02 sys=0.00, real=0.00 secs] 
2014-07-28T18:19:12.391+0000: 186.078: [GC [PSYoungGen: 63424K->256K(62720K)] 81389K->18277K(749696K), 0.0028620 secs] [Times: user=0.02 sys=0.00, real=0.00 secs] 
2014-07-28T18:19:12.838+0000: 186.525: [GC [PSYoungGen: 62720K->352K(62272K)] 80741K->18429K(749248K), 0.0036940 secs] [Times: user=0.02 sys=0.00, real=0.00 secs] 
2014-07-28T18:19:13.285+0000: 186.972: [GC [PSYoungGen: 62240K->224K(74560K)] 80317K->18317K(761536K), 0.0069900 secs] [Times: user=0.03 sys=0.01, real=0.01 secs] 
2014-07-28T18:19:13.810+0000: 187.497: [GC [PSYoungGen: 74528K->402K(73984K)] 92621K->18551K(760960K), 0.0028760 secs] [Times: user=0.01 sys=0.00, real=0.00 secs] 
2014-07-28T18:19:14.348+0000: 188.035: [GC [PSYoungGen: 73938K->370K(73152K)] 92087K->18567K(760128K), 0.0027670 secs] [Times: user=0.01 sys=0.01, real=0.00 secs] 
2014-07-28T18:19:14.829+0000: 188.515: [GC [PSYoungGen: 73138K->338K(72384K)] 91335K->18591K(759360K), 0.0076520 secs] [Times: user=0.04 sys=0.01, real=0.00 secs] 
2014-07-28T18:19:15.322+0000: 189.009: [GC [PSYoungGen: 72338K->384K(71616K)] 90591K->18701K(758592K), 0.0043480 secs] [Times: user=0.03 sys=0.00, real=0.00 secs] 
2014-07-28T18:19:15.811+0000: 189.498: [GC [PSYoungGen: 71616K->320K(70784K)] 89933K->18749K(757760K), 0.0042790 secs] [Times: user=0.03 sys=0.01, real=0.00 secs] 
2014-07-28T18:19:16.294+0000: 189.981: [GC [PSYoungGen: 70784K->288K(70080K)] 89213K->18781K(757056K), 0.0025100 secs] [Times: user=0.01 sys=0.00, real=0.00 secs] 
2014-07-28T18:19:16.772+0000: 190.459: [GC [PSYoungGen: 70048K->274K(69376K)] 88541K->18815K(756352K), 0.0025900 secs] [Times: user=0.01 sys=0.00, real=0.00 secs] 
2014-07-28T18:19:17.252+0000: 190.939: [GC [PSYoungGen: 69330K->352K(68736K)] 87871K->18965K(755712K), 0.0041740 secs] [Times: user=0.02 sys=0.01, real=0.00 secs] 
2014-07-28T18:19:17.719+0000: 191.406: [GC [PSYoungGen: 68704K->320K(67968K)] 87317K->19013K(754944K), 0.0022010 secs] [Times: user=0.01 sys=0.00, real=0.00 secs] 
2014-07-28T18:19:18.187+0000: 191.873: [GC [PSYoungGen: 67968K->224K(67264K)] 86661K->18957K(754240K), 0.0019510 secs] [Times: user=0.02 sys=0.00, real=0.01 secs] 
2014-07-28T18:19:18.649+0000: 192.336: [GC [PSYoungGen: 67231K->288K(66688K)] 85964K->19061K(753664K), 0.0030380 secs] [Times: user=0.02 sys=0.01, real=0.00 secs] 
2014-07-28T18:19:19.103+0000: 192.789: [GC [PSYoungGen: 66656K->128K(65856K)] 85429K->18917K(752832K), 0.0032090 secs] [Times: user=0.01 sys=0.00, real=0.00 secs] 
2014-07-28T18:19:19.554+0000: 193.240: [GC [PSYoungGen: 65856K->288K(65408K)] 84645K->19141K(752384K), 0.0025800 secs] [Times: user=0.01 sys=0.00, real=0.00 secs] 
2014-07-28T18:19:20.025+0000: 193.712: [GC [PSYoungGen: 65376K->352K(64832K)] 84229K->19237K(751808K), 0.0048710 secs] [Times: user=0.03 sys=0.00, real=0.01 secs] 
2014-07-28T18:19:20.486+0000: 194.173: [GC [PSYoungGen: 64800K->288K(64128K)] 83685K->19197K(751104K), 0.0028000 secs] [Times: user=0.05 sys=0.03, real=0.07 secs] 
2014-07-28T18:19:20.961+0000: 194.648: [GC [PSYoungGen: 64096K->512K(63744K)] 83005K->19477K(750720K), 0.0050610 secs] [Times: user=0.03 sys=0.00, real=0.00 secs] 
2014-07-28T18:19:21.418+0000: 195.105: [GC [PSYoungGen: 63744K->256K(62912K)] 82709K->19285K(749888K), 0.0071420 secs] [Times: user=0.04 sys=0.00, real=0.00 secs] 
2014-07-28T18:19:21.825+0000: 195.512: [GC [PSYoungGen: 62912K->352K(62464K)] 81941K->19469K(749440K), 0.0023790 secs] [Times: user=0.01 sys=0.00, real=0.00 secs] 
2014-07-28T18:19:22.250+0000: 195.937: [GC [PSYoungGen: 62431K->288K(61824K)] 81549K->19461K(748800K), 0.0021890 secs] [Times: user=0.02 sys=0.00, real=0.00 secs] 
2014-07-28T18:19:22.674+0000: 196.361: [GC [PSYoungGen: 61792K->160K(61120K)] 80965K->19365K(748096K), 0.0024060 secs] [Times: user=0.01 sys=0.00, real=0.00 secs] 
2014-07-28T18:19:23.092+0000: 196.779: [GC [PSYoungGen: 61088K->256K(60608K)] 80293K->19509K(747584K), 0.0022460 secs] [Times: user=0.02 sys=0.00, real=0.00 secs] 
2014-07-28T18:19:23.510+0000: 197.197: [GC [PSYoungGen: 60608K->288K(60160K)] 79861K->19597K(747136K), 0.0026220 secs] [Times: user=0.02 sys=0.00, real=0.00 secs] 
2014-07-28T18:19:23.922+0000: 197.609: [GC [PSYoungGen: 60128K->320K(59648K)] 79437K->19701K(746624K), 0.0025560 secs] [Times: user=0.01 sys=0.00, real=0.00 secs] 
2014-07-28T18:19:24.328+0000: 198.015: [GC [PSYoungGen: 59633K->320K(59136K)] 79014K->19765K(746112K), 0.0046800 secs] [Times: user=0.02 sys=0.00, real=0.01 secs] 
2014-07-28T18:19:24.731+0000: 198.418: [GC [PSYoungGen: 59136K->384K(58688K)] 78581K->19901K(745664K), 0.0027950 secs] [Times: user=0.01 sys=0.01, real=0.00 secs] 
2014-07-28T18:19:25.130+0000: 198.817: [GC [PSYoungGen: 58688K->256K(58048K)] 78205K->19837K(745024K), 0.0022530 secs] [Times: user=0.01 sys=0.00, real=0.00 secs] 
2014-07-28T18:19:25.529+0000: 199.216: [GC [PSYoungGen: 58005K->192K(57472K)] 77587K->19813K(744448K), 0.0028840 secs] [Times: user=0.01 sys=0.00, real=0.00 secs] 
2014-07-28T18:19:25.923+0000: 199.609: [GC [PSYoungGen: 57472K->352K(57152K)] 77093K->20037K(744128K), 0.0024410 secs] [Times: user=0.01 sys=0.00, real=0.00 secs] 
2014-07-28T18:19:26.314+0000: 200.001: [GC [PSYoungGen: 57120K->288K(56576K)] 76805K->20037K(743552K), 0.0029860 secs] [Times: user=0.01 sys=0.00, real=0.00 secs] 
2014-07-28T18:19:26.699+0000: 200.386: [GC [PSYoungGen: 56544K->256K(56064K)] 76293K->20061K(743040K), 0.0029940 secs] [Times: user=0.02 sys=0.00, real=0.00 secs] 
2014-07-28T18:19:27.108+0000: 200.795: [GC [PSYoungGen: 56064K->320K(55680K)] 75869K->20181K(742656K), 0.0028160 secs] [Times: user=0.01 sys=0.00, real=0.01 secs] 
2014-07-28T18:19:27.490+0000: 201.177: [GC [PSYoungGen: 55680K->448K(55360K)] 75541K->20437K(742336K), 0.0029590 secs] [Times: user=0.02 sys=0.00, real=0.00 secs] 
2014-07-28T18:19:27.887+0000: 201.574: [GC [PSYoungGen: 55360K->178K(54656K)] 75349K->20279K(741632K), 0.0029270 secs] [Times: user=0.01 sys=0.00, real=0.01 secs] 
2014-07-28T18:19:28.277+0000: 201.964: [GC [PSYoungGen: 54642K->384K(54400K)] 74743K->20493K(741376K), 0.0035670 secs] [Times: user=0.02 sys=0.00, real=0.01 secs] 
2014-07-28T18:19:28.671+0000: 202.358: [GC [PSYoungGen: 54400K->288K(53888K)] 74509K->20469K(740864K), 0.0033810 secs] [Times: user=0.02 sys=0.00, real=0.00 secs] 
2014-07-28T18:19:29.038+0000: 202.725: [GC [PSYoungGen: 53856K->384K(53504K)] 74037K->20605K(740480K), 0.0050290 secs] [Times: user=0.03 sys=0.00, real=0.01 secs] 
2014-07-28T18:19:29.401+0000: 203.088: [GC [PSYoungGen: 53463K->384K(53056K)] 73685K->20685K(740032K), 0.0030180 secs] [Times: user=0.01 sys=0.00, real=0.00 secs] 
2014-07-28T18:19:29.760+0000: 203.447: [GC [PSYoungGen: 53056K->352K(63616K)] 73357K->20709K(750592K), 0.0053350 secs] [Times: user=0.03 sys=0.00, real=0.01 secs] 
2014-07-28T18:19:30.195+0000: 203.882: [GC [PSYoungGen: 63584K->320K(62976K)] 83941K->20725K(749952K), 0.0035320 secs] [Times: user=0.03 sys=0.00, real=0.00 secs] 
2014-07-28T18:19:30.627+0000: 204.314: [GC [PSYoungGen: 62976K->224K(62336K)] 83381K->20661K(749312K), 0.0028680 secs] [Times: user=0.01 sys=0.01, real=0.01 secs] 
2014-07-28T18:19:31.054+0000: 204.740: [GC [PSYoungGen: 62304K->224K(61760K)] 82741K->20701K(748736K), 0.0024630 secs] [Times: user=0.02 sys=0.00, real=0.00 secs] 
2014-07-28T18:19:31.475+0000: 205.162: [GC [PSYoungGen: 61728K->388K(61376K)] 82205K->20921K(748352K), 0.0030510 secs] [Times: user=0.01 sys=0.01, real=0.00 secs] 
2014-07-28T18:19:31.894+0000: 205.581: [GC [PSYoungGen: 61316K->224K(60608K)] 81849K->20797K(747584K), 0.0028720 secs] [Times: user=0.01 sys=0.01, real=0.00 secs] 
2014-07-28T18:19:32.307+0000: 205.994: [GC [PSYoungGen: 60546K->320K(60160K)] 81120K->20949K(747136K), 0.0024280 secs] [Times: user=0.01 sys=0.00, real=0.01 secs] 
2014-07-28T18:19:32.716+0000: 206.403: [GC [PSYoungGen: 60160K->256K(59584K)] 80789K->20933K(746560K), 0.0020350 secs] [Times: user=0.01 sys=0.00, real=0.00 secs] 
2014-07-28T18:19:33.124+0000: 206.811: [GC [PSYoungGen: 59579K->256K(59072K)] 80256K->20989K(746048K), 0.0023340 secs] [Times: user=0.00 sys=0.01, real=0.00 secs] 
2014-07-28T18:19:33.524+0000: 207.211: [GC [PSYoungGen: 59072K->192K(58496K)] 79805K->20949K(745472K), 0.0022530 secs] [Times: user=0.01 sys=0.00, real=0.00 secs] 
2014-07-28T18:19:33.924+0000: 207.610: [GC [PSYoungGen: 58496K->352K(58176K)] 79253K->21173K(745152K), 0.0031020 secs] [Times: user=0.01 sys=0.00, real=0.00 secs] 
2014-07-28T18:19:34.341+0000: 208.028: [GC [PSYoungGen: 58144K->352K(57664K)] 78965K->21213K(744640K), 0.0046550 secs] [Times: user=0.03 sys=0.00, real=0.00 secs] 
2014-07-28T18:19:34.751+0000: 208.438: [GC [PSYoungGen: 57632K->288K(57088K)] 78493K->21181K(744064K), 0.0049080 secs] [Times: user=0.03 sys=0.00, real=0.00 secs] 
2014-07-28T18:19:35.160+0000: 208.847: [GC [PSYoungGen: 57056K->384K(56640K)] 77949K->21341K(743616K), 0.0035550 secs] [Times: user=0.02 sys=0.01, real=0.00 secs] 
2014-07-28T18:19:35.564+0000: 209.250: [GC [PSYoungGen: 56640K->352K(56192K)] 77597K->21357K(743168K), 0.0052490 secs] [Times: user=0.03 sys=0.01, real=0.00 secs] 
2014-07-28T18:19:35.931+0000: 209.618: [GC [PSYoungGen: 56160K->256K(55616K)] 77165K->21301K(742592K), 0.0036600 secs] [Times: user=0.02 sys=0.00, real=0.01 secs] 
2014-07-28T18:19:36.301+0000: 209.988: [GC [PSYoungGen: 55616K->224K(55168K)] 76661K->21325K(742144K), 0.0021510 secs] [Times: user=0.01 sys=0.00, real=0.00 secs] 
2014-07-28T18:19:36.678+0000: 210.365: [GC [PSYoungGen: 55136K->320K(54784K)] 76237K->21501K(741760K), 0.0027290 secs] [Times: user=0.02 sys=0.00, real=0.00 secs] 
2014-07-28T18:19:37.053+0000: 210.740: [GC [PSYoungGen: 54784K->356K(54400K)] 75965K->21561K(741376K), 0.0054170 secs] [Times: user=0.03 sys=0.00, real=0.00 secs] 
2014-07-28T18:19:37.422+0000: 211.108: [GC [PSYoungGen: 54372K->224K(53824K)] 75577K->21469K(740800K), 0.0023770 secs] [Times: user=0.01 sys=0.00, real=0.00 secs] 
2014-07-28T18:19:37.788+0000: 211.475: [GC [PSYoungGen: 53792K->384K(53504K)] 75037K->21685K(740480K), 0.0030540 secs] [Times: user=0.01 sys=0.00, real=0.01 secs] 
2014-07-28T18:19:38.152+0000: 211.838: [GC [PSYoungGen: 53504K->224K(52928K)] 74805K->21557K(739904K), 0.0041630 secs] [Times: user=0.02 sys=0.00, real=0.00 secs] 
2014-07-28T18:19:38.512+0000: 212.199: [GC [PSYoungGen: 52893K->338K(52672K)] 74227K->21743K(739648K), 0.0028020 secs] [Times: user=0.01 sys=0.00, real=0.00 secs] 
2014-07-28T18:19:38.870+0000: 212.556: [GC [PSYoungGen: 52625K->256K(52160K)] 74031K->21709K(739136K), 0.0027030 secs] [Times: user=0.01 sys=0.01, real=0.01 secs] 
2014-07-28T18:19:39.229+0000: 212.916: [GC [PSYoungGen: 52160K->224K(51776K)] 73613K->21701K(738752K), 0.0022580 secs] [Times: user=0.02 sys=0.00, real=0.01 secs] 
2014-07-28T18:19:39.582+0000: 213.269: [GC [PSYoungGen: 51744K->224K(51392K)] 73221K->21749K(738368K), 0.0030070 secs] [Times: user=0.02 sys=0.00, real=0.00 secs] 
2014-07-28T18:19:39.932+0000: 213.619: [GC [PSYoungGen: 51360K->320K(51072K)] 72885K->21893K(738048K), 0.0042050 secs] [Times: user=0.02 sys=0.01, real=0.00 secs] 
2014-07-28T18:19:40.280+0000: 213.967: [GC [PSYoungGen: 51072K->416K(50816K)] 72645K->22045K(737792K), 0.0019870 secs] [Times: user=0.01 sys=0.00, real=0.01 secs] 
2014-07-28T18:19:40.625+0000: 214.312: [GC [PSYoungGen: 50744K->224K(50240K)] 72374K->21909K(737216K), 0.0025660 secs] [Times: user=0.02 sys=0.00, real=0.00 secs] 
2014-07-28T18:19:40.984+0000: 214.671: [GC [PSYoungGen: 50194K->384K(49984K)] 71879K->22173K(736960K), 0.0031650 secs] [Times: user=0.03 sys=0.00, real=0.01 secs] 
2014-07-28T18:19:41.339+0000: 215.026: [GC [PSYoungGen: 49963K->288K(49536K)] 71753K->22109K(736512K), 0.0053050 secs] [Times: user=0.02 sys=0.01, real=0.01 secs] 
2014-07-28T18:19:41.700+0000: 215.386: [GC [PSYoungGen: 49483K->498K(49344K)] 71305K->22391K(736320K), 0.0026530 secs] [Times: user=0.02 sys=0.00, real=0.01 secs] 
2014-07-28T18:19:42.053+0000: 215.740: [GC [PSYoungGen: 49330K->274K(48768K)] 71223K->22175K(735744K), 0.0044560 secs] [Times: user=0.01 sys=0.00, real=0.00 secs] 
2014-07-28T18:19:42.415+0000: 216.102: [GC [PSYoungGen: 48722K->288K(48448K)] 70623K->22205K(735424K), 0.0030100 secs] [Times: user=0.19 sys=0.13, real=0.31 secs] 
2014-07-28T18:19:42.851+0000: 216.537: [GC [PSYoungGen: 48416K->256K(58048K)] 70333K->22213K(745024K), 0.0043790 secs] [Times: user=0.03 sys=0.00, real=0.01 secs] 
2014-07-28T18:19:43.111+0000: 216.798: [GC [PSYoungGen: 58048K->352K(69760K)] 80005K->22389K(756736K), 0.0028250 secs] [Times: user=0.02 sys=0.00, real=0.01 secs] 
2014-07-28T18:19:43.588+0000: 217.275: [GC [PSYoungGen: 69686K->256K(83520K)] 91723K->22349K(770496K), 0.0026520 secs] [Times: user=0.01 sys=0.00, real=0.00 secs] 
2014-07-28T18:19:44.159+0000: 217.846: [GC [PSYoungGen: 83520K->288K(100288K)] 105613K->22437K(787264K), 0.0037060 secs] [Times: user=0.02 sys=0.01, real=0.01 secs] 
2014-07-28T18:19:44.843+0000: 218.530: [GC [PSYoungGen: 100256K->320K(98944K)] 122405K->22525K(785920K), 0.0022710 secs] [Times: user=0.01 sys=0.00, real=0.00 secs] 
2014-07-28T18:19:45.517+0000: 219.204: [GC [PSYoungGen: 98944K->448K(97728K)] 121149K->22733K(784704K), 0.0062760 secs] [Times: user=0.04 sys=0.01, real=0.01 secs] 
2014-07-28T18:19:46.182+0000: 219.869: [GC [PSYoungGen: 97728K->224K(96256K)] 120013K->22557K(783232K), 0.0029420 secs] [Times: user=0.01 sys=0.00, real=0.00 secs] 
2014-07-28T18:19:46.842+0000: 220.529: [GC [PSYoungGen: 96224K->320K(95040K)] 118557K->22725K(782016K), 0.0028610 secs] [Times: user=0.02 sys=0.00, real=0.00 secs] 
2014-07-28T18:19:47.495+0000: 221.182: [GC [PSYoungGen: 95040K->448K(93952K)] 117445K->22917K(780928K), 0.0045900 secs] [Times: user=0.03 sys=0.00, real=0.00 secs] 
2014-07-28T18:19:48.166+0000: 221.853: [GC [PSYoungGen: 93952K->320K(92608K)] 116421K->22861K(779584K), 0.0027670 secs] [Times: user=0.01 sys=0.00, real=0.00 secs] 
2014-07-28T18:19:48.828+0000: 222.515: [GC [PSYoungGen: 92560K->306K(91392K)] 115101K->22863K(778368K), 0.0036740 secs] [Times: user=0.01 sys=0.01, real=0.00 secs] 
2014-07-28T18:19:49.481+0000: 223.168: [GC [PSYoungGen: 91370K->352K(90304K)] 113928K->22957K(777280K), 0.0038170 secs] [Times: user=0.02 sys=0.00, real=0.01 secs] 
2014-07-28T18:19:50.082+0000: 223.769: [GC [PSYoungGen: 90272K->320K(89088K)] 112877K->22997K(776064K), 0.0032970 secs] [Times: user=0.01 sys=0.00, real=0.01 secs] 
2014-07-28T18:19:50.693+0000: 224.380: [GC [PSYoungGen: 89088K->320K(88000K)] 111765K->23037K(774976K), 0.0045380 secs] [Times: user=0.02 sys=0.00, real=0.00 secs] 
2014-07-28T18:19:51.293+0000: 224.980: [GC [PSYoungGen: 88000K->192K(86784K)] 110717K->22957K(773760K), 0.0025810 secs] [Times: user=0.01 sys=0.00, real=0.00 secs] 
2014-07-28T18:19:51.888+0000: 225.575: [GC [PSYoungGen: 86784K->320K(85824K)] 109549K->23157K(772800K), 0.0041080 secs] [Times: user=0.02 sys=0.00, real=0.00 secs] 
2014-07-28T18:19:52.477+0000: 226.164: [GC [PSYoungGen: 85822K->352K(84864K)] 108659K->23261K(771840K), 0.0022220 secs] [Times: user=0.00 sys=0.00, real=0.00 secs] 
2014-07-28T18:19:53.058+0000: 226.745: [GC [PSYoungGen: 84832K->320K(83776K)] 107741K->23301K(770752K), 0.0027300 secs] [Times: user=0.01 sys=0.00, real=0.00 secs] 
2014-07-28T18:19:53.631+0000: 227.318: [GC [PSYoungGen: 83775K->224K(82752K)] 106757K->23253K(769728K), 0.0021910 secs] [Times: user=0.01 sys=0.01, real=0.01 secs] 
2014-07-28T18:19:54.199+0000: 227.886: [GC [PSYoungGen: 82720K->320K(81856K)] 105749K->23405K(768832K), 0.0060430 secs] [Times: user=0.04 sys=0.01, real=0.01 secs] 
2014-07-28T18:19:54.759+0000: 228.446: [GC [PSYoungGen: 81856K->288K(80896K)] 104941K->23405K(767872K), 0.0063570 secs] [Times: user=0.02 sys=0.00, real=0.01 secs] 
2014-07-28T18:19:55.345+0000: 229.032: [GC [PSYoungGen: 80864K->320K(80000K)] 103981K->23469K(766976K), 0.0101050 secs] [Times: user=0.06 sys=0.00, real=0.01 secs] 
2014-07-28T18:19:55.926+0000: 229.613: [GC [PSYoungGen: 80000K->434K(79232K)] 103149K->23663K(766208K), 0.0055150 secs] [Times: user=0.02 sys=0.00, real=0.00 secs] 
2014-07-28T18:19:56.494+0000: 230.181: [GC [PSYoungGen: 79218K->192K(78080K)] 102447K->23525K(765056K), 0.0038930 secs] [Times: user=0.02 sys=0.00, real=0.01 secs] 
2014-07-28T18:19:57.007+0000: 230.694: [GC [PSYoungGen: 78080K->384K(77376K)] 101413K->23773K(764352K), 0.0032850 secs] [Times: user=0.02 sys=0.01, real=0.00 secs] 
2014-07-28T18:19:57.532+0000: 231.219: [GC [PSYoungGen: 77369K->352K(76544K)] 100758K->23781K(763520K), 0.0034680 secs] [Times: user=0.01 sys=0.00, real=0.01 secs] 
2014-07-28T18:19:58.054+0000: 231.740: [GC [PSYoungGen: 76512K->288K(75648K)] 99941K->23781K(762624K), 0.0023710 secs] [Times: user=0.01 sys=0.00, real=0.01 secs] 
2014-07-28T18:19:58.570+0000: 232.257: [GC [PSYoungGen: 75616K->384K(74880K)] 99109K->23957K(761856K), 0.0019740 secs] [Times: user=0.01 sys=0.00, real=0.00 secs] 
2014-07-28T18:19:59.082+0000: 232.769: [GC [PSYoungGen: 74880K->288K(73984K)] 98453K->23909K(760960K), 0.0054670 secs] [Times: user=0.03 sys=0.00, real=0.01 secs] 
2014-07-28T18:19:59.588+0000: 233.275: [GC [PSYoungGen: 73938K->256K(73152K)] 97560K->23917K(760128K), 0.0021130 secs] [Times: user=0.01 sys=0.00, real=0.00 secs] 
2014-07-28T18:20:00.087+0000: 233.774: [GC [PSYoungGen: 73152K->402K(72576K)] 96813K->24111K(759552K), 0.0033060 secs] [Times: user=0.01 sys=0.00, real=0.00 secs] 
2014-07-28T18:20:00.586+0000: 234.273: [GC [PSYoungGen: 72530K->352K(71744K)] 96239K->24125K(758720K), 0.0046900 secs] [Times: user=0.02 sys=0.00, real=0.00 secs] 
2014-07-28T18:20:01.075+0000: 234.762: [GC [PSYoungGen: 71712K->288K(70912K)] 95485K->24117K(757888K), 0.0031210 secs] [Times: user=0.01 sys=0.00, real=0.00 secs] 
2014-07-28T18:20:01.567+0000: 235.254: [GC [PSYoungGen: 70879K->384K(70272K)] 94709K->24253K(757248K), 0.0039860 secs] [Times: user=0.01 sys=0.00, real=0.00 secs] 
2014-07-28T18:20:02.069+0000: 235.756: [GC [PSYoungGen: 70272K->356K(69568K)] 94141K->24233K(756544K), 0.0051350 secs] [Times: user=0.02 sys=0.00, real=0.00 secs] 
2014-07-28T18:20:02.567+0000: 236.254: [GC [PSYoungGen: 69540K->320K(68800K)] 93417K->24293K(755776K), 0.0040750 secs] [Times: user=0.45 sys=0.28, real=0.72 secs] 
2014-07-28T18:20:03.485+0000: 237.171: [GC [PSYoungGen: 68800K->370K(68160K)] 92773K->24415K(755136K), 0.0027730 secs] [Times: user=0.01 sys=0.00, real=0.01 secs] 
2014-07-28T18:20:03.916+0000: 237.603: [GC [PSYoungGen: 68146K->192K(67264K)] 92191K->24269K(754240K), 0.0044430 secs] [Times: user=0.03 sys=0.00, real=0.00 secs] 
2014-07-28T18:20:04.377+0000: 238.064: [GC [PSYoungGen: 67264K->320K(80832K)] 91341K->24405K(767808K), 0.0073510 secs] [Times: user=0.04 sys=0.00, real=0.00 secs] 
2014-07-28T18:20:04.930+0000: 238.617: [GC [PSYoungGen: 80832K->288K(96960K)] 104917K->24413K(783936K), 0.0086260 secs] [Times: user=0.04 sys=0.00, real=0.01 secs] 
2014-07-28T18:20:05.596+0000: 239.283: [GC [PSYoungGen: 96928K->160K(116160K)] 121053K->24317K(803136K), 0.0048700 secs] [Times: user=0.02 sys=0.00, real=0.00 secs] 
2014-07-28T18:20:06.392+0000: 240.079: [GC [PSYoungGen: 116128K->256K(114432K)] 140285K->24461K(801408K), 0.0044150 secs] [Times: user=0.03 sys=0.00, real=0.01 secs] 
2014-07-28T18:20:07.179+0000: 240.866: [GC [PSYoungGen: 114405K->256K(112704K)] 138611K->24517K(799680K), 0.0026900 secs] [Times: user=0.01 sys=0.00, real=0.00 secs] 
2014-07-28T18:20:07.957+0000: 241.644: [GC [PSYoungGen: 112692K->416K(111232K)] 136954K->24717K(798208K), 0.0023930 secs] [Times: user=0.02 sys=0.00, real=0.00 secs] 
2014-07-28T18:20:08.747+0000: 242.434: [GC [PSYoungGen: 111199K->224K(109376K)] 135501K->24533K(796352K), 0.0051170 secs] [Times: user=0.02 sys=0.00, real=0.00 secs] 
2014-07-28T18:20:09.532+0000: 243.219: [GC [PSYoungGen: 109344K->356K(107904K)] 133653K->24753K(794880K), 0.0081850 secs] [Times: user=0.04 sys=0.01, real=0.01 secs] 
2014-07-28T18:20:10.301+0000: 243.988: [GC [PSYoungGen: 107876K->352K(106368K)] 132273K->24821K(793344K), 0.0024190 secs] [Times: user=0.01 sys=0.00, real=0.00 secs] 
2014-07-28T18:20:11.031+0000: 244.717: [GC [PSYoungGen: 106296K->416K(104896K)] 130766K->24989K(791872K), 0.0036880 secs] [Times: user=0.02 sys=0.00, real=0.00 secs] 
2014-07-28T18:20:11.752+0000: 245.438: [GC [PSYoungGen: 104864K->448K(103424K)] 129437K->25085K(790400K), 0.0047630 secs] [Times: user=0.03 sys=0.01, real=0.01 secs] 
2014-07-28T18:20:12.459+0000: 246.146: [GC [PSYoungGen: 103396K->256K(101824K)] 128033K->24949K(788800K), 0.0024350 secs] [Times: user=0.01 sys=0.00, real=0.00 secs] 
2014-07-28T18:20:13.164+0000: 246.851: [GC [PSYoungGen: 101824K->320K(100480K)] 126517K->25077K(787456K), 0.0028430 secs] [Times: user=0.01 sys=0.00, real=0.01 secs] 
2014-07-28T18:20:13.855+0000: 247.542: [GC [PSYoungGen: 100480K->256K(99072K)] 125237K->25021K(786048K), 0.0051030 secs] [Times: user=0.03 sys=0.01, real=0.01 secs] 
2014-07-28T18:20:14.535+0000: 248.222: [GC [PSYoungGen: 99072K->480K(97984K)] 123837K->25341K(784960K), 0.0025590 secs] [Times: user=0.02 sys=0.00, real=0.01 secs] 
2014-07-28T18:20:15.224+0000: 248.910: [GC [PSYoungGen: 97951K->434K(96640K)] 122813K->25447K(783616K), 0.0031040 secs] [Times: user=0.01 sys=0.00, real=0.00 secs] 
2014-07-28T18:20:15.905+0000: 249.592: [GC [PSYoungGen: 96626K->466K(95424K)] 121639K->25495K(782400K), 0.0041960 secs] [Times: user=0.53 sys=0.44, real=0.97 secs] 
2014-07-28T18:20:17.264+0000: 250.951: [GC [PSYoungGen: 95378K->384K(94080K)] 120407K->25509K(781056K), 0.0025910 secs] [Times: user=0.02 sys=0.00, real=0.00 secs] 
2014-07-28T18:20:17.906+0000: 251.593: [GC [PSYoungGen: 94080K->160K(92672K)] 119205K->25301K(779648K), 0.0033360 secs] [Times: user=0.02 sys=0.01, real=0.01 secs] 
2014-07-28T18:20:18.551+0000: 252.238: [GC [PSYoungGen: 92640K->274K(91584K)] 117781K->25439K(778560K), 0.0078750 secs] [Times: user=0.05 sys=0.01, real=0.01 secs] 
2014-07-28T18:20:19.173+0000: 252.860: [GC [PSYoungGen: 91538K->192K(90304K)] 116703K->25373K(777280K), 0.0037860 secs] [Times: user=0.02 sys=0.00, real=0.01 secs] 
2014-07-28T18:20:19.793+0000: 253.480: [GC [PSYoungGen: 90304K->416K(89408K)] 115485K->25677K(776384K), 0.0055460 secs] [Times: user=0.04 sys=0.00, real=0.01 secs] 
2014-07-28T18:20:20.407+0000: 254.094: [GC [PSYoungGen: 89376K->384K(88256K)] 114637K->25669K(775232K), 0.0034970 secs] [Times: user=0.02 sys=0.01, real=0.00 secs] 
2014-07-28T18:20:21.013+0000: 254.700: [GC [PSYoungGen: 88208K->320K(87104K)] 113494K->25645K(774080K), 0.0047330 secs] [Times: user=0.01 sys=0.00, real=0.01 secs] 
2014-07-28T18:20:21.612+0000: 255.299: [GC [PSYoungGen: 87104K->160K(85888K)] 112429K->25509K(772864K), 0.0049660 secs] [Times: user=0.03 sys=0.00, real=0.00 secs] 
2014-07-28T18:20:22.215+0000: 255.902: [GC [PSYoungGen: 85856K->288K(84992K)] 111205K->25653K(771968K), 0.0038960 secs] [Times: user=0.02 sys=0.00, real=0.01 secs] 
2014-07-28T18:20:22.818+0000: 256.505: [GC [PSYoungGen: 84960K->306K(83968K)] 110325K->25679K(770944K), 0.0056020 secs] [Times: user=0.01 sys=0.01, real=0.00 secs] 
2014-07-28T18:20:23.411+0000: 257.098: [GC [PSYoungGen: 83912K->256K(82880K)] 109286K->25637K(769856K), 0.0058730 secs] [Times: user=0.02 sys=0.00, real=0.00 secs] 
2014-07-28T18:20:24.010+0000: 257.697: [GC [PSYoungGen: 82880K->288K(81984K)] 108261K->25693K(768960K), 0.0056360 secs] [Times: user=0.02 sys=0.01, real=0.00 secs] 
2014-07-28T18:20:24.573+0000: 258.260: [GC [PSYoungGen: 81952K->288K(81024K)] 107357K->25741K(768000K), 0.0033590 secs] [Times: user=0.01 sys=0.01, real=0.00 secs] 
2014-07-28T18:20:25.126+0000: 258.813: [GC [PSYoungGen: 80992K->320K(80064K)] 106445K->25805K(767040K), 0.0025780 secs] [Times: user=0.01 sys=0.00, real=0.01 secs] 
2014-07-28T18:20:25.675+0000: 259.362: [GC [PSYoungGen: 80064K->416K(79296K)] 105549K->25973K(766272K), 0.0054900 secs] [Times: user=0.03 sys=0.00, real=0.01 secs] 
2014-07-28T18:20:26.215+0000: 259.902: [GC [PSYoungGen: 79225K->224K(78208K)] 104783K->25789K(765184K), 0.0046880 secs] [Times: user=0.03 sys=0.00, real=0.01 secs] 
2014-07-28T18:20:26.747+0000: 260.434: [GC [PSYoungGen: 78176K->192K(77248K)] 103741K->25797K(764224K), 0.0033180 secs] [Times: user=0.02 sys=0.01, real=0.01 secs] 
2014-07-28T18:20:27.276+0000: 260.963: [GC [PSYoungGen: 77248K->288K(76544K)] 102853K->25933K(763520K), 0.0052320 secs] [Times: user=0.03 sys=0.00, real=0.01 secs] 
2014-07-28T18:20:27.797+0000: 261.483: [GC [PSYoungGen: 76512K->384K(75776K)] 102157K->26101K(762752K), 0.0022730 secs] [Times: user=0.01 sys=0.00, real=0.01 secs] 
2014-07-28T18:20:28.315+0000: 262.002: [GC [PSYoungGen: 75776K->224K(74816K)] 101493K->25973K(761792K), 0.0031740 secs] [Times: user=0.01 sys=0.01, real=0.00 secs] 
2014-07-28T18:20:28.828+0000: 262.515: [GC [PSYoungGen: 74763K->306K(74048K)] 100513K->26103K(761024K), 0.0033830 secs] [Times: user=0.02 sys=0.00, real=0.01 secs] 
2014-07-28T18:20:29.348+0000: 263.035: [GC [PSYoungGen: 74034K->384K(73344K)] 99831K->26229K(760320K), 0.0063100 secs] [Times: user=0.03 sys=0.01, real=0.01 secs] 
2014-07-28T18:20:29.872+0000: 263.559: [GC [PSYoungGen: 73344K->370K(72576K)] 99189K->26303K(759552K), 0.0054300 secs] [Times: user=0.02 sys=0.01, real=0.00 secs] 
2014-07-28T18:20:30.395+0000: 264.081: [GC [PSYoungGen: 72562K->256K(71680K)] 98495K->26213K(758656K), 0.0076180 secs] [Times: user=0.04 sys=0.01, real=0.01 secs] 
2014-07-28T18:20:30.869+0000: 264.555: [GC [PSYoungGen: 71680K->438K(71104K)] 97637K->26443K(758080K), 0.0034900 secs] [Times: user=0.02 sys=0.01, real=0.01 secs] 
2014-07-28T18:20:31.352+0000: 265.039: [GC [PSYoungGen: 71094K->448K(70400K)] 97099K->26485K(757376K), 0.0023550 secs] [Times: user=0.01 sys=0.00, real=0.00 secs] 
2014-07-28T18:20:31.834+0000: 265.521: [GC [PSYoungGen: 70400K->320K(69568K)] 96437K->26437K(756544K), 0.0021700 secs] [Times: user=0.01 sys=0.01, real=0.00 secs] 
2014-07-28T18:20:32.310+0000: 265.997: [GC [PSYoungGen: 69568K->320K(68864K)] 95685K->26485K(755840K), 0.0029970 secs] [Times: user=0.02 sys=0.01, real=0.00 secs] 
2014-07-28T18:20:32.777+0000: 266.464: [GC [PSYoungGen: 68864K->192K(68032K)] 95029K->26389K(755008K), 0.0066620 secs] [Times: user=0.03 sys=0.00, real=0.01 secs] 
2014-07-28T18:20:33.246+0000: 266.933: [GC [PSYoungGen: 68032K->320K(67456K)] 94229K->26541K(754432K), 0.0019230 secs] [Times: user=0.01 sys=0.00, real=0.00 secs] 
2014-07-28T18:20:33.709+0000: 267.396: [GC [PSYoungGen: 67456K->352K(66880K)] 93677K->26645K(753856K), 0.0023850 secs] [Times: user=0.02 sys=0.00, real=0.00 secs] 
2014-07-28T18:20:34.165+0000: 267.852: [GC [PSYoungGen: 66848K->288K(66176K)] 93141K->26629K(753152K), 0.0035400 secs] [Times: user=0.03 sys=0.00, real=0.00 secs] 
2014-07-28T18:20:34.615+0000: 268.302: [GC [PSYoungGen: 66144K->256K(65472K)] 92485K->26645K(752448K), 0.0056380 secs] [Times: user=0.02 sys=0.00, real=0.01 secs] 
2014-07-28T18:20:35.063+0000: 268.750: [GC [PSYoungGen: 65472K->256K(64832K)] 91861K->26645K(751808K), 0.0035000 secs] [Times: user=0.01 sys=0.00, real=0.00 secs] 
2014-07-28T18:20:35.507+0000: 269.194: [GC [PSYoungGen: 64832K->352K(64320K)] 91221K->26829K(751296K), 0.0035830 secs] [Times: user=0.02 sys=0.00, real=0.01 secs] 
2014-07-28T18:20:35.963+0000: 269.650: [GC [PSYoungGen: 64288K->352K(63744K)] 90765K->26861K(750720K), 0.0049940 secs] [Times: user=0.02 sys=0.01, real=0.00 secs] 
2014-07-28T18:20:36.410+0000: 270.097: [GC [PSYoungGen: 63691K->320K(63104K)] 90200K->26909K(750080K), 0.0031370 secs] [Times: user=0.02 sys=0.00, real=0.01 secs] 
2014-07-28T18:20:36.858+0000: 270.544: [GC [PSYoungGen: 63104K->384K(75776K)] 89693K->26997K(762752K), 0.0110910 secs] [Times: user=0.05 sys=0.01, real=0.01 secs] 
2014-07-28T18:20:37.386+0000: 271.073: [GC [PSYoungGen: 75776K->288K(90816K)] 102389K->26901K(777792K), 0.0029460 secs] [Times: user=0.02 sys=0.00, real=0.00 secs] 
2014-07-28T18:20:38.014+0000: 271.701: [GC [PSYoungGen: 90784K->192K(89536K)] 117397K->26829K(776512K), 0.0028290 secs] [Times: user=0.01 sys=0.01, real=0.00 secs] 
2014-07-28T18:20:38.629+0000: 272.316: [GC [PSYoungGen: 89536K->352K(88640K)] 116173K->27045K(775616K), 0.0078610 secs] [Times: user=0.05 sys=0.00, real=0.01 secs] 
2014-07-28T18:20:39.235+0000: 272.921: [GC [PSYoungGen: 88564K->338K(87552K)] 115258K->27047K(774528K), 0.0043540 secs] [Times: user=0.02 sys=0.00, real=0.00 secs] 
2014-07-28T18:20:39.837+0000: 273.524: [GC [PSYoungGen: 87506K->160K(86272K)] 114215K->26901K(773248K), 0.0038730 secs] [Times: user=0.02 sys=0.00, real=0.01 secs] 
2014-07-28T18:20:40.425+0000: 274.112: [GC [PSYoungGen: 86240K->288K(85376K)] 112981K->27053K(772352K), 0.0029540 secs] [Times: user=0.01 sys=0.00, real=0.00 secs] 
2014-07-28T18:20:41.010+0000: 274.697: [GC [PSYoungGen: 85322K->320K(84352K)] 112088K->27149K(771328K), 0.0041340 secs] [Times: user=0.02 sys=0.00, real=0.01 secs] 
2014-07-28T18:20:41.587+0000: 275.273: [GC [PSYoungGen: 84352K->306K(83328K)] 111181K->27191K(770304K), 0.0024900 secs] [Times: user=0.01 sys=0.01, real=0.00 secs] 
2014-07-28T18:20:42.161+0000: 275.847: [GC [PSYoungGen: 83314K->224K(82304K)] 110199K->27133K(769280K), 0.0040610 secs] [Times: user=0.01 sys=0.00, real=0.01 secs] 
2014-07-28T18:20:42.746+0000: 276.433: [GC [PSYoungGen: 82272K->352K(81472K)] 109181K->27309K(768448K), 0.0039460 secs] [Times: user=0.02 sys=0.00, real=0.00 secs] 
2014-07-28T18:20:43.328+0000: 277.015: [GC [PSYoungGen: 81403K->448K(80576K)] 108360K->27445K(767552K), 0.0038830 secs] [Times: user=0.02 sys=0.01, real=0.01 secs] 
2014-07-28T18:20:43.864+0000: 277.551: [GC [PSYoungGen: 80557K->466K(79744K)] 107555K->27559K(766720K), 0.0031770 secs] [Times: user=0.02 sys=0.00, real=0.00 secs] 
2014-07-28T18:20:44.408+0000: 278.095: [GC [PSYoungGen: 79698K->128K(78464K)] 106791K->27253K(765440K), 0.0025240 secs] [Times: user=0.01 sys=0.00, real=0.00 secs] 
2014-07-28T18:20:44.946+0000: 278.633: [GC [PSYoungGen: 78464K->192K(77632K)] 105589K->27341K(764608K), 0.0033470 secs] [Times: user=0.02 sys=0.00, real=0.00 secs] 
2014-07-28T18:20:45.482+0000: 279.169: [GC [PSYoungGen: 77632K->352K(76992K)] 104781K->27581K(763968K), 0.0022820 secs] [Times: user=0.01 sys=0.00, real=0.00 secs] 
2014-07-28T18:20:46.010+0000: 279.697: [GC [PSYoungGen: 76960K->416K(76224K)] 104189K->27693K(763200K), 0.0029820 secs] [Times: user=0.02 sys=0.00, real=0.01 secs] 
2014-07-28T18:20:46.530+0000: 280.217: [GC [PSYoungGen: 76192K->288K(75264K)] 103469K->27613K(762240K), 0.0026920 secs] [Times: user=0.01 sys=0.00, real=0.01 secs] 
2014-07-28T18:20:47.041+0000: 280.728: [GC [PSYoungGen: 75232K->384K(74496K)] 102557K->27757K(761472K), 0.0021300 secs] [Times: user=0.01 sys=0.00, real=0.00 secs] 
2014-07-28T18:20:47.551+0000: 281.238: [GC [PSYoungGen: 74496K->434K(73792K)] 101869K->27879K(760768K), 0.0054030 secs] [Times: user=0.04 sys=0.00, real=0.01 secs] 
2014-07-28T18:20:48.055+0000: 281.741: [GC [PSYoungGen: 73778K->256K(72832K)] 101223K->27709K(759808K), 0.0036930 secs] [Times: user=0.02 sys=0.00, real=0.00 secs] 
2014-07-28T18:20:48.555+0000: 282.242: [GC [PSYoungGen: 72830K->160K(72000K)] 100284K->27645K(758976K), 0.0047880 secs] [Times: user=0.03 sys=0.00, real=0.00 secs] 
2014-07-28T18:20:49.069+0000: 282.756: [GC [PSYoungGen: 71968K->548K(71616K)] 99453K->28041K(758592K), 0.0075710 secs] [Times: user=0.04 sys=0.00, real=0.01 secs] 
2014-07-28T18:20:49.579+0000: 283.266: [GC [PSYoungGen: 71575K->448K(70784K)] 99068K->28061K(757760K), 0.0051390 secs] [Times: user=0.52 sys=0.29, real=0.79 secs] 
2014-07-28T18:20:50.529+0000: 284.216: [GC [PSYoungGen: 70784K->288K(69952K)] 98397K->27917K(756928K), 0.0028440 secs] [Times: user=0.02 sys=0.00, real=0.00 secs] 
2014-07-28T18:20:50.939+0000: 284.626: [GC [PSYoungGen: 69882K->434K(69376K)] 97512K->28135K(756352K), 0.0028710 secs] [Times: user=0.02 sys=0.00, real=0.01 secs] 
2014-07-28T18:20:51.412+0000: 285.099: [GC [PSYoungGen: 69362K->288K(68544K)] 97063K->27997K(755520K), 0.0021950 secs] [Times: user=0.01 sys=0.00, real=0.00 secs] 
2014-07-28T18:20:51.881+0000: 285.568: [GC [PSYoungGen: 68511K->448K(67968K)] 96220K->28253K(754944K), 0.0024660 secs] [Times: user=0.01 sys=0.00, real=0.01 secs] 
2014-07-28T18:20:52.347+0000: 286.034: [GC [PSYoungGen: 67933K->192K(67072K)] 95739K->28021K(754048K), 0.0035680 secs] [Times: user=0.02 sys=0.00, real=0.00 secs] 
2014-07-28T18:20:52.808+0000: 286.495: [GC [PSYoungGen: 67072K->288K(66560K)] 94901K->28141K(753536K), 0.0054030 secs] [Times: user=0.03 sys=0.00, real=0.01 secs] 
2014-07-28T18:20:53.261+0000: 286.948: [GC [PSYoungGen: 66528K->224K(65856K)] 94381K->28109K(752832K), 0.0043250 secs] [Times: user=0.02 sys=0.01, real=0.01 secs] 
2014-07-28T18:20:53.712+0000: 287.399: [GC [PSYoungGen: 65824K->192K(65152K)] 93709K->28101K(752128K), 0.0046390 secs] [Times: user=0.02 sys=0.01, real=0.00 secs] 
2014-07-28T18:20:54.160+0000: 287.847: [GC [PSYoungGen: 65149K->256K(64576K)] 93059K->28213K(751552K), 0.0040910 secs] [Times: user=0.02 sys=0.00, real=0.01 secs] 
2014-07-28T18:20:54.604+0000: 288.291: [GC [PSYoungGen: 64541K->320K(64000K)] 92498K->28301K(750976K), 0.0049660 secs] [Times: user=0.03 sys=0.00, real=0.00 secs] 
2014-07-28T18:20:55.040+0000: 288.727: [GC [PSYoungGen: 64000K->352K(63488K)] 91981K->28413K(750464K), 0.0042830 secs] [Times: user=0.02 sys=0.00, real=0.01 secs] 
2014-07-28T18:20:55.473+0000: 289.160: [GC [PSYoungGen: 63456K->320K(76096K)] 91517K->28405K(763072K), 0.0054350 secs] [Times: user=0.03 sys=0.00, real=0.00 secs] 
2014-07-28T18:20:55.993+0000: 289.680: [GC [PSYoungGen: 76073K->512K(75456K)] 104158K->28693K(762432K), 0.0041720 secs] [Times: user=0.03 sys=0.01, real=0.00 secs] 
2014-07-28T18:20:56.506+0000: 290.193: [GC [PSYoungGen: 75456K->384K(74496K)] 103637K->28597K(761472K), 0.0028970 secs] [Times: user=0.02 sys=0.00, real=0.00 secs] 
2014-07-28T18:20:57.015+0000: 290.702: [GC [PSYoungGen: 74496K->352K(73728K)] 102709K->28613K(760704K), 0.0059360 secs] [Times: user=0.03 sys=0.00, real=0.00 secs] 
2014-07-28T18:20:57.518+0000: 291.205: [GC [PSYoungGen: 73696K->352K(72960K)] 101957K->28637K(759936K), 0.0034680 secs] [Times: user=0.02 sys=0.00, real=0.00 secs] 
2014-07-28T18:20:58.019+0000: 291.706: [GC [PSYoungGen: 72928K->384K(72192K)] 101213K->28749K(759168K), 0.0040800 secs] [Times: user=0.02 sys=0.01, real=0.01 secs] 
2014-07-28T18:20:58.513+0000: 292.199: [GC [PSYoungGen: 72178K->448K(71488K)] 100544K->28829K(758464K), 0.0040330 secs] [Times: user=0.02 sys=0.00, real=0.01 secs] 
2014-07-28T18:20:59.001+0000: 292.688: [GC [PSYoungGen: 71488K->480K(70848K)] 99869K->28941K(757824K), 0.0025460 secs] [Times: user=0.01 sys=0.00, real=0.01 secs] 
2014-07-28T18:20:59.481+0000: 293.168: [GC [PSYoungGen: 70816K->256K(69888K)] 99277K->28757K(756864K), 0.0059190 secs] [Times: user=0.04 sys=0.00, real=0.01 secs] 
2014-07-28T18:20:59.960+0000: 293.646: [GC [PSYoungGen: 69877K->480K(69440K)] 98378K->29085K(756416K), 0.0030480 secs] [Times: user=0.02 sys=0.01, real=0.00 secs] 
2014-07-28T18:21:00.432+0000: 294.119: [GC [PSYoungGen: 69408K->320K(68544K)] 98013K->28957K(755520K), 0.0050430 secs] [Times: user=0.03 sys=0.00, real=0.01 secs] 
2014-07-28T18:21:00.903+0000: 294.590: [GC [PSYoungGen: 68544K->352K(67904K)] 97181K->29053K(754880K), 0.0032870 secs] [Times: user=0.02 sys=0.00, real=0.01 secs] 
2014-07-28T18:21:01.369+0000: 295.056: [GC [PSYoungGen: 67872K->288K(67200K)] 96573K->28997K(754176K), 0.0031390 secs] [Times: user=0.01 sys=0.01, real=0.00 secs] 
2014-07-28T18:21:01.830+0000: 295.517: [GC [PSYoungGen: 67155K->384K(66624K)] 95865K->29141K(753600K), 0.0036780 secs] [Times: user=0.02 sys=0.00, real=0.01 secs] 
2014-07-28T18:21:02.285+0000: 295.972: [GC [PSYoungGen: 66624K->448K(66048K)] 95381K->29285K(753024K), 0.0036960 secs] [Times: user=0.02 sys=0.00, real=0.00 secs] 
2014-07-28T18:21:02.735+0000: 296.422: [GC [PSYoungGen: 66011K->320K(65280K)] 94849K->29165K(752256K), 0.0076250 secs] [Times: user=0.05 sys=0.00, real=0.00 secs] 
2014-07-28T18:21:03.181+0000: 296.867: [GC [PSYoungGen: 65239K->416K(64768K)] 94085K->29349K(751744K), 0.0027790 secs] [Times: user=0.01 sys=0.00, real=0.00 secs] 
2014-07-28T18:21:03.623+0000: 297.310: [GC [PSYoungGen: 64736K->384K(64064K)] 93669K->29341K(751040K), 0.0037240 secs] [Times: user=0.02 sys=0.00, real=0.01 secs] 
2014-07-28T18:21:04.055+0000: 297.742: [GC [PSYoungGen: 64064K->320K(63424K)] 93021K->29341K(750400K), 0.0045360 secs] [Times: user=0.03 sys=0.00, real=0.00 secs] 
2014-07-28T18:21:04.491+0000: 298.178: [GC [PSYoungGen: 63424K->384K(62912K)] 92445K->29461K(749888K), 0.0051710 secs] [Times: user=0.03 sys=0.00, real=0.01 secs] 
2014-07-28T18:21:04.921+0000: 298.608: [GC [PSYoungGen: 62912K->288K(62272K)] 91989K->29421K(749248K), 0.0023000 secs] [Times: user=0.01 sys=0.00, real=0.00 secs] 
2014-07-28T18:21:05.347+0000: 299.034: [GC [PSYoungGen: 62240K->384K(61760K)] 91373K->29557K(748736K), 0.0042800 secs] [Times: user=0.02 sys=0.00, real=0.00 secs] 
2014-07-28T18:21:05.771+0000: 299.457: [GC [PSYoungGen: 61731K->352K(61184K)] 90904K->29541K(748160K), 0.0037420 secs] [Times: user=0.02 sys=0.00, real=0.01 secs] 
2014-07-28T18:21:06.186+0000: 299.873: [GC [PSYoungGen: 61152K->512K(60736K)] 90341K->29813K(747712K), 0.0035990 secs] [Times: user=0.02 sys=0.01, real=0.00 secs] 
2014-07-28T18:21:06.601+0000: 300.288: [GC [PSYoungGen: 60736K->192K(59904K)] 90037K->29581K(746880K), 0.0047950 secs] [Times: user=0.03 sys=0.00, real=0.01 secs] 
2014-07-28T18:21:07.007+0000: 300.694: [GC [PSYoungGen: 59904K->384K(59584K)] 89293K->29829K(746560K), 0.0040270 secs] [Times: user=0.01 sys=0.00, real=0.00 secs] 
2014-07-28T18:21:07.412+0000: 301.099: [GC [PSYoungGen: 59584K->448K(59136K)] 89029K->29917K(746112K), 0.0032350 secs] [Times: user=0.02 sys=0.00, real=0.01 secs] 
2014-07-28T18:21:07.816+0000: 301.503: [GC [PSYoungGen: 59136K->352K(58560K)] 88605K->29901K(745536K), 0.0049990 secs] [Times: user=0.03 sys=0.00, real=0.00 secs] 
2014-07-28T18:21:08.218+0000: 301.905: [GC [PSYoungGen: 58528K->320K(57984K)] 88077K->29901K(744960K), 0.0038930 secs] [Times: user=0.02 sys=0.00, real=0.00 secs] 
2014-07-28T18:21:08.613+0000: 302.300: [GC [PSYoungGen: 57984K->256K(69504K)] 87565K->29869K(756480K), 0.0051500 secs] [Times: user=0.03 sys=0.00, real=0.01 secs] 
2014-07-28T18:21:09.088+0000: 302.775: [GC [PSYoungGen: 69474K->402K(68992K)] 99088K->30087K(755968K), 0.0043310 secs] [Times: user=0.02 sys=0.01, real=0.00 secs] 
2014-07-28T18:21:09.559+0000: 303.245: [GC [PSYoungGen: 68946K->320K(68160K)] 98631K->30045K(755136K), 0.0040210 secs] [Times: user=0.02 sys=0.00, real=0.00 secs] 
2014-07-28T18:21:10.025+0000: 303.712: [GC [PSYoungGen: 68160K->448K(67584K)] 97885K->30269K(754560K), 0.0046920 secs] [Times: user=0.03 sys=0.00, real=0.00 secs] 
2014-07-28T18:21:10.483+0000: 304.170: [GC [PSYoungGen: 67584K->416K(66944K)] 97405K->30253K(753920K), 0.0042730 secs] [Times: user=0.02 sys=0.00, real=0.01 secs] 
2014-07-28T18:21:10.941+0000: 304.628: [GC [PSYoungGen: 66912K->320K(66176K)] 96749K->30261K(753152K), 0.0029000 secs] [Times: user=0.02 sys=0.00, real=0.00 secs] 
2014-07-28T18:21:11.397+0000: 305.083: [GC [PSYoungGen: 66176K->320K(65536K)] 96117K->30269K(752512K), 0.0051300 secs] [Times: user=0.03 sys=0.01, real=0.00 secs] 
2014-07-28T18:21:11.847+0000: 305.534: [GC [PSYoungGen: 65533K->338K(64960K)] 95483K->30351K(751936K), 0.0050850 secs] [Times: user=0.02 sys=0.00, real=0.00 secs] 
2014-07-28T18:21:12.290+0000: 305.977: [GC [PSYoungGen: 64914K->448K(64384K)] 94927K->30509K(751360K), 0.0033170 secs] [Times: user=0.02 sys=0.00, real=0.00 secs] 
2014-07-28T18:21:12.727+0000: 306.414: [GC [PSYoungGen: 64384K->352K(77120K)] 94445K->30413K(764096K), 0.0124040 secs] [Times: user=0.06 sys=0.00, real=0.01 secs] 
2014-07-28T18:21:13.255+0000: 306.942: [GC [PSYoungGen: 77088K->384K(92480K)] 107149K->30525K(779456K), 0.0047130 secs] [Times: user=0.03 sys=0.00, real=0.00 secs] 
2014-07-28T18:21:13.889+0000: 307.576: [GC [PSYoungGen: 92480K->352K(105152K)] 122621K->30509K(792128K), 0.0041400 secs] [Times: user=0.02 sys=0.00, real=0.00 secs] 
2014-07-28T18:21:14.607+0000: 308.294: [GC [PSYoungGen: 105026K->288K(103552K)] 135183K->30509K(790528K), 0.0040470 secs] [Times: user=0.01 sys=0.00, real=0.00 secs] 
2014-07-28T18:21:15.317+0000: 309.004: [GC [PSYoungGen: 103520K->256K(102016K)] 133741K->30565K(788992K), 0.0033940 secs] [Times: user=0.02 sys=0.00, real=0.00 secs] 
2014-07-28T18:21:16.017+0000: 309.703: [GC [PSYoungGen: 102016K->256K(100608K)] 132325K->30581K(787584K), 0.0051020 secs] [Times: user=0.02 sys=0.00, real=0.00 secs] 
2014-07-28T18:21:16.706+0000: 310.392: [GC [PSYoungGen: 100608K->288K(99328K)] 130933K->30677K(786304K), 0.0054420 secs] [Times: user=0.03 sys=0.01, real=0.01 secs] 
2014-07-28T18:21:17.385+0000: 311.072: [GC [PSYoungGen: 99296K->452K(98176K)] 129685K->30921K(785152K), 0.0033210 secs] [Times: user=0.02 sys=0.00, real=0.01 secs] 
2014-07-28T18:21:18.054+0000: 311.741: [GC [PSYoungGen: 98116K->256K(96640K)] 128585K->30813K(783616K), 0.0045930 secs] [Times: user=0.03 sys=0.00, real=0.01 secs] 
2014-07-28T18:21:18.718+0000: 312.404: [GC [PSYoungGen: 96635K->384K(95488K)] 127193K->30989K(782464K), 0.0040490 secs] [Times: user=0.03 sys=0.00, real=0.00 secs] 
2014-07-28T18:21:19.377+0000: 313.064: [GC [PSYoungGen: 95488K->320K(94144K)] 126093K->30989K(781120K), 0.0039660 secs] [Times: user=0.02 sys=0.00, real=0.00 secs] 
2014-07-28T18:21:20.019+0000: 313.706: [GC [PSYoungGen: 94144K->320K(92928K)] 124813K->31021K(779904K), 0.0052790 secs] [Times: user=0.03 sys=0.00, real=0.00 secs] 
2014-07-28T18:21:20.656+0000: 314.343: [GC [PSYoungGen: 92928K->320K(91712K)] 123629K->31061K(778688K), 0.0066060 secs] [Times: user=0.03 sys=0.00, real=0.01 secs] 
2014-07-28T18:21:21.281+0000: 314.968: [GC [PSYoungGen: 91712K->416K(90688K)] 122453K->31253K(777664K), 0.0043360 secs] [Times: user=0.02 sys=0.01, real=0.00 secs] 
2014-07-28T18:21:21.903+0000: 315.590: [GC [PSYoungGen: 90656K->320K(89408K)] 121493K->31229K(776384K), 0.0051270 secs] [Times: user=0.04 sys=0.00, real=0.01 secs] 
2014-07-28T18:21:22.515+0000: 316.202: [GC [PSYoungGen: 89387K->416K(88448K)] 120297K->31389K(775424K), 0.0038200 secs] [Times: user=0.02 sys=0.00, real=0.01 secs] 
2014-07-28T18:21:23.123+0000: 316.810: [GC [PSYoungGen: 88405K->320K(87232K)] 119379K->31365K(774208K), 0.0045270 secs] [Times: user=0.02 sys=0.00, real=0.01 secs] 
2014-07-28T18:21:23.722+0000: 317.409: [GC [PSYoungGen: 87232K->384K(86208K)] 118277K->31445K(773184K), 0.0071250 secs] [Times: user=0.04 sys=0.00, real=0.01 secs] 
2014-07-28T18:21:24.314+0000: 318.001: [GC [PSYoungGen: 86207K->320K(85120K)] 117269K->31461K(772096K), 0.0060800 secs] [Times: user=0.04 sys=0.00, real=0.01 secs] 
2014-07-28T18:21:24.894+0000: 318.581: [GC [PSYoungGen: 85120K->448K(84224K)] 116261K->31597K(771200K), 0.0035290 secs] [Times: user=0.02 sys=0.00, real=0.01 secs] 
2014-07-28T18:21:25.471+0000: 319.157: [GC [PSYoungGen: 84224K->320K(83072K)] 115373K->31589K(770048K), 0.0024570 secs] [Times: user=0.01 sys=0.00, real=0.00 secs] 
2014-07-28T18:21:26.037+0000: 319.724: [GC [PSYoungGen: 83072K->352K(82176K)] 114341K->31701K(769152K), 0.0040370 secs] [Times: user=0.02 sys=0.00, real=0.01 secs] 
2014-07-28T18:21:26.598+0000: 320.285: [GC [PSYoungGen: 82144K->256K(81088K)] 113493K->31637K(768064K), 0.0043900 secs] [Times: user=0.03 sys=0.00, real=0.00 secs] 
2014-07-28T18:21:27.154+0000: 320.841: [GC [PSYoungGen: 81088K->384K(80256K)] 112469K->31853K(767232K), 0.0043300 secs] [Times: user=0.03 sys=0.00, real=0.01 secs] 
2014-07-28T18:21:27.702+0000: 321.389: [GC [PSYoungGen: 80256K->480K(79488K)] 111725K->31965K(766464K), 0.0038840 secs] [Times: user=0.02 sys=0.00, real=0.00 secs] 
2014-07-28T18:21:28.249+0000: 321.935: [GC [PSYoungGen: 79456K->256K(78336K)] 110941K->31805K(765312K), 0.0040240 secs] [Times: user=0.02 sys=0.00, real=0.00 secs] 
2014-07-28T18:21:28.784+0000: 322.471: [GC [PSYoungGen: 78336K->384K(77568K)] 109885K->31941K(764544K), 0.0045620 secs] [Times: user=0.03 sys=0.00, real=0.01 secs] 
2014-07-28T18:21:29.314+0000: 323.001: [GC [PSYoungGen: 77568K->416K(76800K)] 109125K->32069K(763776K), 0.0039250 secs] [Times: user=0.02 sys=0.00, real=0.00 secs] 
2014-07-28T18:21:29.839+0000: 323.526: [GC [PSYoungGen: 76768K->352K(75904K)] 108421K->32005K(762880K), 0.0043990 secs] [Times: user=0.03 sys=0.00, real=0.00 secs] 
2014-07-28T18:21:30.358+0000: 324.045: [GC [PSYoungGen: 75872K->256K(74944K)] 107525K->31965K(761920K), 0.0037520 secs] [Times: user=0.02 sys=0.00, real=0.01 secs] 
2014-07-28T18:21:30.873+0000: 324.560: [GC [PSYoungGen: 74944K->160K(74048K)] 106653K->31885K(761024K), 0.0047230 secs] [Times: user=0.02 sys=0.00, real=0.00 secs] 
2014-07-28T18:21:31.379+0000: 325.065: [GC [PSYoungGen: 74016K->480K(73600K)] 105741K->32301K(760576K), 0.0036540 secs] [Times: user=0.02 sys=0.00, real=0.00 secs] 
2014-07-28T18:21:31.883+0000: 325.569: [GC [PSYoungGen: 73568K->256K(72576K)] 105389K->32109K(759552K), 0.0073910 secs] [Times: user=0.04 sys=0.00, real=0.01 secs] 
2014-07-28T18:21:32.378+0000: 326.065: [GC [PSYoungGen: 72576K->480K(72064K)] 104429K->32421K(759040K), 0.0029920 secs] [Times: user=0.01 sys=0.00, real=0.00 secs] 
2014-07-28T18:21:32.870+0000: 326.557: [GC [PSYoungGen: 72032K->288K(71104K)] 103973K->32253K(758080K), 0.0034440 secs] [Times: user=0.02 sys=0.00, real=0.00 secs] 
2014-07-28T18:21:33.359+0000: 327.046: [GC [PSYoungGen: 71072K->320K(70400K)] 103037K->32357K(757376K), 0.0048580 secs] [Times: user=0.03 sys=0.00, real=0.00 secs] 
2014-07-28T18:21:33.840+0000: 327.527: [GC [PSYoungGen: 70400K->416K(69824K)] 102437K->32469K(756800K), 0.0036820 secs] [Times: user=0.02 sys=0.00, real=0.00 secs] 
2014-07-28T18:21:34.318+0000: 328.005: [GC [PSYoungGen: 69792K->288K(68992K)] 101845K->32405K(755968K), 0.0041430 secs] [Times: user=0.02 sys=0.00, real=0.01 secs] 
2014-07-28T18:21:34.791+0000: 328.478: [GC [PSYoungGen: 68938K->434K(68416K)] 101055K->32615K(755392K), 0.0036010 secs] [Times: user=0.02 sys=0.00, real=0.00 secs] 
2014-07-28T18:21:35.258+0000: 328.944: [GC [PSYoungGen: 68402K->256K(67520K)] 100583K->32477K(754496K), 0.0060400 secs] [Times: user=0.04 sys=0.00, real=0.01 secs] 
2014-07-28T18:21:35.720+0000: 329.407: [GC [PSYoungGen: 67498K->256K(66880K)] 99720K->32485K(753856K), 0.0054430 secs] [Times: user=0.03 sys=0.00, real=0.00 secs] 
2014-07-28T18:21:36.180+0000: 329.867: [GC [PSYoungGen: 66848K->466K(66496K)] 99078K->32775K(753472K), 0.0048110 secs] [Times: user=0.02 sys=0.00, real=0.00 secs] 
2014-07-28T18:21:36.630+0000: 330.317: [GC [PSYoungGen: 66450K->448K(65792K)] 98759K->32789K(752768K), 0.0037540 secs] [Times: user=0.02 sys=0.00, real=0.00 secs] 
2014-07-28T18:21:37.077+0000: 330.764: [GC [PSYoungGen: 65792K->480K(65216K)] 98133K->32941K(752192K), 0.0032530 secs] [Times: user=0.01 sys=0.00, real=0.01 secs] 
2014-07-28T18:21:37.523+0000: 331.210: [GC [PSYoungGen: 65184K->224K(64320K)] 97645K->32733K(751296K), 0.0055880 secs] [Times: user=0.02 sys=0.01, real=0.00 secs] 
2014-07-28T18:21:37.964+0000: 331.651: [GC [PSYoungGen: 64288K->416K(63936K)] 96797K->33021K(750912K), 0.0046740 secs] [Times: user=0.02 sys=0.00, real=0.00 secs] 
2014-07-28T18:21:38.402+0000: 332.089: [GC [PSYoungGen: 63904K->256K(76480K)] 96509K->32877K(763456K), 0.0054900 secs] [Times: user=0.03 sys=0.00, real=0.00 secs] 
2014-07-28T18:21:38.923+0000: 332.610: [GC [PSYoungGen: 76435K->352K(75776K)] 109056K->33037K(762752K), 0.0034730 secs] [Times: user=0.01 sys=0.01, real=0.00 secs] 
2014-07-28T18:21:39.440+0000: 333.127: [GC [PSYoungGen: 75744K->320K(74880K)] 108429K->33029K(761856K), 0.0031760 secs] [Times: user=0.01 sys=0.00, real=0.00 secs] 
2014-07-28T18:21:39.957+0000: 333.644: [GC [PSYoungGen: 74880K->466K(74240K)] 107589K->33263K(761216K), 0.0025170 secs] [Times: user=0.02 sys=0.00, real=0.01 secs] 
2014-07-28T18:21:40.461+0000: 334.147: [GC [PSYoungGen: 74163K->384K(73344K)] 106961K->33269K(760320K), 0.0030550 secs] [Times: user=0.01 sys=0.00, real=0.00 secs] 
2014-07-28T18:21:40.963+0000: 334.650: [GC [PSYoungGen: 73344K->416K(72640K)] 106229K->33373K(759616K), 0.0042910 secs] [Times: user=0.02 sys=0.00, real=0.00 secs] 
2014-07-28T18:21:41.460+0000: 335.147: [GC [PSYoungGen: 72608K->352K(71808K)] 105565K->33325K(758784K), 0.0032060 secs] [Times: user=0.02 sys=0.00, real=0.01 secs] 
2014-07-28T18:21:41.950+0000: 335.637: [GC [PSYoungGen: 71776K->256K(70912K)] 104749K->33285K(757888K), 0.0042880 secs] [Times: user=0.03 sys=0.00, real=0.01 secs] 
2014-07-28T18:21:42.439+0000: 336.126: [GC [PSYoungGen: 70912K->434K(70400K)] 103941K->33471K(757376K), 0.0032760 secs] [Times: user=0.02 sys=0.00, real=0.01 secs] 
2014-07-28T18:21:42.920+0000: 336.607: [GC [PSYoungGen: 70386K->288K(69568K)] 103423K->33381K(756544K), 0.0025860 secs] [Times: user=0.01 sys=0.00, real=0.00 secs] 
2014-07-28T18:21:43.398+0000: 337.085: [GC [PSYoungGen: 69536K->320K(68864K)] 102629K->33421K(755840K), 0.0039720 secs] [Times: user=0.02 sys=0.00, real=0.01 secs] 
2014-07-28T18:21:43.868+0000: 337.555: [GC [PSYoungGen: 68864K->448K(68288K)] 101965K->33645K(755264K), 0.0036540 secs] [Times: user=0.02 sys=0.00, real=0.01 secs] 
2014-07-28T18:21:44.336+0000: 338.023: [GC [PSYoungGen: 68288K->384K(67520K)] 101485K->33629K(754496K), 0.0031750 secs] [Times: user=0.02 sys=0.00, real=0.00 secs] 
2014-07-28T18:21:44.800+0000: 338.487: [GC [PSYoungGen: 67520K->384K(66880K)] 100765K->33669K(753856K), 0.0050570 secs] [Times: user=0.03 sys=0.00, real=0.00 secs] 
2014-07-28T18:21:45.257+0000: 338.943: [GC [PSYoungGen: 66880K->384K(66240K)] 100165K->33749K(753216K), 0.0039200 secs] [Times: user=0.02 sys=0.01, real=0.01 secs] 
2014-07-28T18:21:45.707+0000: 339.394: [GC [PSYoungGen: 66240K->352K(65600K)] 99605K->33765K(752576K), 0.0044310 secs] [Times: user=0.02 sys=0.01, real=0.01 secs] 
2014-07-28T18:21:46.158+0000: 339.845: [GC [PSYoungGen: 65568K->448K(65024K)] 98981K->33965K(752000K), 0.0031330 secs] [Times: user=0.02 sys=0.00, real=0.01 secs] 
2014-07-28T18:21:46.600+0000: 340.287: [GC [PSYoungGen: 65024K->384K(64320K)] 98541K->33941K(751296K), 0.0043670 secs] [Times: user=0.03 sys=0.00, real=0.00 secs] 
2014-07-28T18:21:47.041+0000: 340.728: [GC [PSYoungGen: 64320K->384K(63744K)] 97877K->34021K(750720K), 0.0048830 secs] [Times: user=0.03 sys=0.00, real=0.00 secs] 
2014-07-28T18:21:47.476+0000: 341.163: [GC [PSYoungGen: 63734K->402K(63232K)] 97371K->34063K(750208K), 0.0035300 secs] [Times: user=0.02 sys=0.00, real=0.00 secs] 
2014-07-28T18:21:47.906+0000: 341.593: [GC [PSYoungGen: 63186K->256K(62464K)] 96847K->34037K(749440K), 0.0032170 secs] [Times: user=0.02 sys=0.00, real=0.00 secs] 
2014-07-28T18:21:48.332+0000: 342.019: [GC [PSYoungGen: 62464K->384K(62016K)] 96245K->34221K(748992K), 0.0024700 secs] [Times: user=0.00 sys=0.00, real=0.00 secs] 
2014-07-28T18:21:48.754+0000: 342.441: [GC [PSYoungGen: 61981K->434K(61504K)] 95818K->34327K(748480K), 0.0040170 secs] [Times: user=0.02 sys=0.00, real=0.00 secs] 
2014-07-28T18:21:49.174+0000: 342.861: [GC [PSYoungGen: 61490K->352K(60864K)] 95383K->34325K(747840K), 0.0042390 secs] [Times: user=0.02 sys=0.01, real=0.00 secs] 
2014-07-28T18:21:49.591+0000: 343.277: [GC [PSYoungGen: 60832K->352K(60352K)] 94805K->34357K(747328K), 0.0039610 secs] [Times: user=0.02 sys=0.00, real=0.01 secs] 
2014-07-28T18:21:50.001+0000: 343.688: [GC [PSYoungGen: 60320K->320K(59776K)] 94325K->34397K(746752K), 0.0041350 secs] [Times: user=0.02 sys=0.00, real=0.00 secs] 
2014-07-28T18:21:50.406+0000: 344.093: [GC [PSYoungGen: 59776K->320K(59264K)] 93853K->34413K(746240K), 0.0042510 secs] [Times: user=0.02 sys=0.00, real=0.00 secs] 
2014-07-28T18:21:50.809+0000: 344.496: [GC [PSYoungGen: 59264K->224K(71040K)] 93357K->34357K(758016K), 0.0052660 secs] [Times: user=0.03 sys=0.00, real=0.01 secs] 
2014-07-28T18:21:51.294+0000: 344.981: [GC [PSYoungGen: 71008K->320K(70400K)] 105141K->34509K(757376K), 0.0046990 secs] [Times: user=0.03 sys=0.00, real=0.00 secs] 
2014-07-28T18:21:51.776+0000: 345.463: [GC [PSYoungGen: 70394K->320K(84416K)] 104584K->34533K(771392K), 0.0060730 secs] [Times: user=0.03 sys=0.00, real=0.01 secs] 
2014-07-28T18:21:52.355+0000: 346.042: [GC [PSYoungGen: 84416K->384K(83456K)] 118629K->34669K(770432K), 0.0041130 secs] [Times: user=0.02 sys=0.00, real=0.00 secs] 
2014-07-28T18:21:52.928+0000: 346.614: [GC [PSYoungGen: 83456K->352K(82496K)] 117741K->34661K(769472K), 0.0020480 secs] [Times: user=0.02 sys=0.00, real=0.00 secs] 
2014-07-28T18:21:53.494+0000: 347.181: [GC [PSYoungGen: 82449K->320K(81472K)] 116759K->34749K(768448K), 0.0037720 secs] [Times: user=0.02 sys=0.00, real=0.00 secs] 
2014-07-28T18:21:54.051+0000: 347.738: [GC [PSYoungGen: 81455K->384K(80576K)] 115884K->34869K(767552K), 0.0037620 secs] [Times: user=0.02 sys=0.00, real=0.01 secs] 
2014-07-28T18:21:54.603+0000: 348.290: [GC [PSYoungGen: 80576K->384K(79680K)] 115061K->34965K(766656K), 0.0032540 secs] [Times: user=0.02 sys=0.00, real=0.00 secs] 
2014-07-28T18:21:55.146+0000: 348.833: [GC [PSYoungGen: 79680K->320K(78720K)] 114261K->34965K(765696K), 0.0037960 secs] [Times: user=0.02 sys=0.00, real=0.00 secs] 
2014-07-28T18:21:55.685+0000: 349.372: [GC [PSYoungGen: 78720K->448K(77952K)] 113365K->35141K(764928K), 0.0033180 secs] [Times: user=0.02 sys=0.00, real=0.00 secs] 
2014-07-28T18:21:56.218+0000: 349.905: [GC [PSYoungGen: 77921K->416K(77120K)] 112615K->35213K(764096K), 0.0037820 secs] [Times: user=0.02 sys=0.00, real=0.01 secs] 
2014-07-28T18:21:56.743+0000: 350.430: [GC [PSYoungGen: 77088K->256K(76096K)] 111885K->35077K(763072K), 0.0056790 secs] [Times: user=0.04 sys=0.00, real=0.00 secs] 
2014-07-28T18:21:57.263+0000: 350.950: [GC [PSYoungGen: 76096K->384K(75392K)] 110917K->35285K(762368K), 0.0056030 secs] [Times: user=0.03 sys=0.00, real=0.00 secs] 
2014-07-28T18:21:57.778+0000: 351.465: [GC [PSYoungGen: 75392K->352K(74560K)] 110293K->35261K(761536K), 0.0043970 secs] [Times: user=0.02 sys=0.01, real=0.01 secs] 
2014-07-28T18:21:58.290+0000: 351.976: [GC [PSYoungGen: 74528K->448K(73856K)] 109437K->35461K(760832K), 0.0036300 secs] [Times: user=0.02 sys=0.00, real=0.01 secs] 
2014-07-28T18:21:58.794+0000: 352.481: [GC [PSYoungGen: 73856K->384K(73024K)] 108869K->35421K(760000K), 0.0040930 secs] [Times: user=0.02 sys=0.00, real=0.00 secs] 
2014-07-28T18:21:59.295+0000: 352.982: [GC [PSYoungGen: 73024K->448K(72320K)] 108061K->35581K(759296K), 0.0044290 secs] [Times: user=0.02 sys=0.00, real=0.00 secs] 
2014-07-28T18:21:59.790+0000: 353.477: [GC [PSYoungGen: 72320K->352K(71488K)] 107453K->35501K(758464K), 0.0038390 secs] [Times: user=0.02 sys=0.01, real=0.01 secs] 
2014-07-28T18:22:00.282+0000: 353.969: [GC [PSYoungGen: 71456K->416K(70784K)] 106605K->35653K(757760K), 0.0026190 secs] [Times: user=0.01 sys=0.01, real=0.01 secs] 
2014-07-28T18:22:00.762+0000: 354.449: [GC [PSYoungGen: 70752K->384K(70016K)] 105989K->35669K(756992K), 0.0036600 secs] [Times: user=0.02 sys=0.00, real=0.01 secs] 
2014-07-28T18:22:01.242+0000: 354.929: [GC [PSYoungGen: 70016K->352K(69312K)] 105301K->35725K(756288K), 0.0051210 secs] [Times: user=0.03 sys=0.00, real=0.01 secs] 
2014-07-28T18:22:01.718+0000: 355.405: [GC [PSYoungGen: 69280K->256K(68480K)] 104653K->35645K(755456K), 0.0038880 secs] [Times: user=0.02 sys=0.00, real=0.00 secs] 
2014-07-28T18:22:02.187+0000: 355.874: [GC [PSYoungGen: 68480K->416K(67968K)] 103869K->35893K(754944K), 0.0044040 secs] [Times: user=0.02 sys=0.00, real=0.00 secs] 
2014-07-28T18:22:02.653+0000: 356.340: [GC [PSYoungGen: 67936K->416K(67328K)] 103413K->35933K(754304K), 0.0039320 secs] [Times: user=0.02 sys=0.00, real=0.00 secs] 
2014-07-28T18:22:03.112+0000: 356.799: [GC [PSYoungGen: 67296K->320K(66560K)] 102813K->35885K(753536K), 0.0060140 secs] [Times: user=0.02 sys=0.00, real=0.01 secs] 
2014-07-28T18:22:03.570+0000: 357.256: [GC [PSYoungGen: 66525K->352K(65984K)] 102090K->35933K(752960K), 0.0053830 secs] [Times: user=0.04 sys=0.00, real=0.01 secs] 
2014-07-28T18:22:04.021+0000: 357.708: [GC [PSYoungGen: 65952K->384K(65344K)] 101533K->36053K(752320K), 0.0042540 secs] [Times: user=0.02 sys=0.00, real=0.01 secs] 
2014-07-28T18:22:04.468+0000: 358.154: [GC [PSYoungGen: 65344K->224K(64576K)] 101013K->35893K(751552K), 0.0043910 secs] [Times: user=0.02 sys=0.00, real=0.00 secs] 
2014-07-28T18:22:04.909+0000: 358.596: [GC [PSYoungGen: 64544K->480K(64192K)] 100213K->36237K(751168K), 0.0047620 secs] [Times: user=0.03 sys=0.01, real=0.01 secs] 
2014-07-28T18:22:05.349+0000: 359.036: [GC [PSYoungGen: 64160K->448K(63552K)] 99917K->36229K(750528K), 0.0041750 secs] [Times: user=0.03 sys=0.00, real=0.01 secs] 
2014-07-28T18:22:05.783+0000: 359.470: [GC [PSYoungGen: 63552K->320K(76096K)] 99333K->36109K(763072K), 0.0055160 secs] [Times: user=0.04 sys=0.00, real=0.00 secs] 
2014-07-28T18:22:06.308+0000: 359.995: [GC [PSYoungGen: 76096K->448K(75392K)] 111885K->36317K(762368K), 0.0040090 secs] [Times: user=0.02 sys=0.00, real=0.00 secs] 
2014-07-28T18:22:06.819+0000: 360.506: [GC [PSYoungGen: 75392K->320K(74432K)] 111261K->36205K(761408K), 0.0040850 secs] [Times: user=0.02 sys=0.00, real=0.00 secs] 
2014-07-28T18:22:07.328+0000: 361.014: [GC [PSYoungGen: 74401K->416K(85248K)] 110287K->36381K(772224K), 0.0092410 secs] [Times: user=0.06 sys=0.00, real=0.01 secs] 
2014-07-28T18:22:07.908+0000: 361.595: [GC [PSYoungGen: 85216K->448K(85376K)] 121181K->36413K(772352K), 0.0050080 secs] [Times: user=0.03 sys=0.00, real=0.00 secs] 
2014-07-28T18:22:08.489+0000: 362.175: [GC [PSYoungGen: 85248K->288K(84096K)] 121213K->36325K(771072K), 0.0033600 secs] [Times: user=0.01 sys=0.01, real=0.00 secs] 
2014-07-28T18:22:09.063+0000: 362.750: [GC [PSYoungGen: 84064K->448K(83200K)] 120101K->36581K(770176K), 0.0038740 secs] [Times: user=0.02 sys=0.00, real=0.01 secs] 
2014-07-28T18:22:09.631+0000: 363.318: [GC [PSYoungGen: 83200K->448K(82240K)] 119333K->36645K(769216K), 0.0049310 secs] [Times: user=0.03 sys=0.00, real=0.01 secs] 
2014-07-28T18:22:10.192+0000: 363.879: [GC [PSYoungGen: 82240K->320K(81152K)] 118437K->36565K(768128K), 0.0045240 secs] [Times: user=0.02 sys=0.00, real=0.01 secs] 
2014-07-28T18:22:10.749+0000: 364.435: [GC [PSYoungGen: 81152K->352K(80256K)] 117397K->36621K(767232K), 0.0049340 secs] [Times: user=0.03 sys=0.00, real=0.00 secs] 
2014-07-28T18:22:11.298+0000: 364.985: [GC [PSYoungGen: 80224K->384K(79360K)] 116493K->36749K(766336K), 0.0052280 secs] [Times: user=0.03 sys=0.00, real=0.00 secs] 
2014-07-28T18:22:11.841+0000: 365.527: [GC [PSYoungGen: 79360K->320K(78400K)] 115725K->36701K(765376K), 0.0059180 secs] [Times: user=0.04 sys=0.00, real=0.01 secs] 
2014-07-28T18:22:12.378+0000: 366.065: [GC [PSYoungGen: 78400K->416K(77632K)] 114781K->36893K(764608K), 0.0046690 secs] [Times: user=0.03 sys=0.00, real=0.00 secs] 
2014-07-28T18:22:12.909+0000: 366.596: [GC [PSYoungGen: 77600K->384K(76736K)] 114077K->36885K(763712K), 0.0047310 secs] [Times: user=0.03 sys=0.00, real=0.00 secs] 
2014-07-28T18:22:13.436+0000: 367.123: [GC [PSYoungGen: 76736K->448K(75968K)] 113237K->37053K(762944K), 0.0038090 secs] [Times: user=0.02 sys=0.01, real=0.00 secs] 
2014-07-28T18:22:13.957+0000: 367.644: [GC [PSYoungGen: 75933K->384K(75072K)] 112539K->37085K(762048K), 0.0039280 secs] [Times: user=0.03 sys=0.00, real=0.00 secs] 
2014-07-28T18:22:14.466+0000: 368.153: [GC [PSYoungGen: 75072K->352K(74240K)] 111773K->37077K(761216K), 0.0073470 secs] [Times: user=0.04 sys=0.01, real=0.00 secs] 
2014-07-28T18:22:14.974+0000: 368.661: [GC [PSYoungGen: 74208K->416K(73536K)] 110933K->37221K(760512K), 0.0041370 secs] [Times: user=0.02 sys=0.00, real=0.01 secs] 
2014-07-28T18:22:15.475+0000: 369.162: [GC [PSYoungGen: 73493K->480K(72832K)] 110299K->37301K(759808K), 0.0045800 secs] [Times: user=0.02 sys=0.00, real=0.00 secs] 
2014-07-28T18:22:15.971+0000: 369.658: [GC [PSYoungGen: 72800K->256K(71808K)] 109621K->37237K(758784K), 0.0027840 secs] [Times: user=0.01 sys=0.00, real=0.00 secs] 
2014-07-28T18:22:16.462+0000: 370.149: [GC [PSYoungGen: 71808K->288K(71104K)] 108789K->37317K(758080K), 0.0066050 secs] [Times: user=0.04 sys=0.00, real=0.01 secs] 
2014-07-28T18:22:16.947+0000: 370.634: [GC [PSYoungGen: 71072K->384K(70464K)] 108101K->37501K(757440K), 0.0025320 secs] [Times: user=0.01 sys=0.00, real=0.00 secs] 
2014-07-28T18:22:17.427+0000: 371.114: [GC [PSYoungGen: 70464K->320K(69696K)] 107581K->37453K(756672K), 0.0042190 secs] [Times: user=0.02 sys=0.00, real=0.00 secs] 
2014-07-28T18:22:17.907+0000: 371.594: [GC [PSYoungGen: 69696K->352K(69056K)] 106829K->37557K(756032K), 0.0044960 secs] [Times: user=0.03 sys=0.00, real=0.00 secs] 
2014-07-28T18:22:18.381+0000: 372.068: [GC [PSYoungGen: 69024K->384K(68352K)] 106229K->37621K(755328K), 0.0035930 secs] [Times: user=0.02 sys=0.00, real=0.01 secs] 
2014-07-28T18:22:18.846+0000: 372.533: [GC [PSYoungGen: 68346K->320K(67584K)] 105584K->37597K(754560K), 0.0028560 secs] [Times: user=0.01 sys=0.00, real=0.00 secs] 
2014-07-28T18:22:19.311+0000: 372.998: [GC [PSYoungGen: 67584K->434K(67072K)] 104861K->37775K(754048K), 0.0027730 secs] [Times: user=0.01 sys=0.00, real=0.00 secs] 
2014-07-28T18:22:19.761+0000: 373.448: [GC [PSYoungGen: 67058K->320K(66304K)] 104399K->37701K(753280K), 0.0049820 secs] [Times: user=0.03 sys=0.00, real=0.01 secs] 
2014-07-28T18:22:20.230+0000: 373.917: [GC [PSYoungGen: 66304K->352K(65728K)] 103685K->37805K(752704K), 0.0024060 secs] [Times: user=0.02 sys=0.00, real=0.00 secs] 
2014-07-28T18:22:20.667+0000: 374.354: [GC [PSYoungGen: 65696K->352K(65088K)] 103149K->37837K(752064K), 0.0039620 secs] [Times: user=0.02 sys=0.00, real=0.00 secs] 
2014-07-28T18:22:21.109+0000: 374.796: [GC [PSYoungGen: 65056K->480K(64576K)] 102541K->38077K(751552K), 0.0030090 secs] [Times: user=0.02 sys=0.00, real=0.00 secs] 
2014-07-28T18:22:21.552+0000: 375.238: [GC [PSYoungGen: 64544K->192K(63680K)] 102141K->37941K(750656K), 0.0035340 secs] [Times: user=0.02 sys=0.00, real=0.00 secs] 
2014-07-28T18:22:21.992+0000: 375.679: [GC [PSYoungGen: 63680K->352K(63296K)] 101429K->38165K(750272K), 0.0053240 secs] [Times: user=0.03 sys=0.00, real=0.01 secs] 
2014-07-28T18:22:22.420+0000: 376.107: [GC [PSYoungGen: 63264K->448K(62784K)] 101077K->38317K(749760K), 0.0026190 secs] [Times: user=0.01 sys=0.00, real=0.00 secs] 
2014-07-28T18:22:22.849+0000: 376.536: [GC [PSYoungGen: 62784K->224K(62016K)] 100653K->38141K(748992K), 0.0055250 secs] [Times: user=0.03 sys=0.00, real=0.00 secs] 
2014-07-28T18:22:23.273+0000: 376.960: [GC [PSYoungGen: 61974K->402K(61632K)] 99891K->38367K(748608K), 0.0035780 secs] [Times: user=0.01 sys=0.01, real=0.01 secs] 
2014-07-28T18:22:23.694+0000: 377.381: [GC [PSYoungGen: 61586K->192K(60800K)] 99551K->38173K(747776K), 0.0052360 secs] [Times: user=0.03 sys=0.01, real=0.01 secs] 
2014-07-28T18:22:24.108+0000: 377.795: [GC [PSYoungGen: 60800K->320K(60352K)] 98781K->38373K(747328K), 0.0033360 secs] [Times: user=0.02 sys=0.00, real=0.00 secs] 
2014-07-28T18:22:24.521+0000: 378.208: [GC [PSYoungGen: 60342K->192K(59712K)] 98396K->38261K(746688K), 0.0042020 secs] [Times: user=0.02 sys=0.01, real=0.00 secs] 
2014-07-28T18:22:24.929+0000: 378.615: [GC [PSYoungGen: 59712K->256K(59264K)] 97781K->38357K(746240K), 0.0045920 secs] [Times: user=0.02 sys=0.01, real=0.00 secs] 
2014-07-28T18:22:25.331+0000: 379.018: [GC [PSYoungGen: 59264K->384K(58880K)] 97365K->38525K(745856K), 0.0034200 secs] [Times: user=0.02 sys=0.00, real=0.00 secs] 
2014-07-28T18:22:25.735+0000: 379.422: [GC [PSYoungGen: 58880K->516K(58560K)] 97021K->38673K(745536K), 0.0039640 secs] [Times: user=0.02 sys=0.00, real=0.01 secs] 
2014-07-28T18:22:26.131+0000: 379.818: [GC [PSYoungGen: 58500K->256K(69888K)] 96657K->38469K(756864K), 0.0091870 secs] [Times: user=0.05 sys=0.00, real=0.01 secs] 
2014-07-28T18:22:26.610+0000: 380.297: [GC [PSYoungGen: 69888K->288K(83904K)] 108101K->38549K(770880K), 0.0045590 secs] [Times: user=0.02 sys=0.00, real=0.00 secs] 
2014-07-28T18:22:27.182+0000: 380.869: [GC [PSYoungGen: 83872K->288K(94592K)] 122133K->38621K(781568K), 0.0041760 secs] [Times: user=0.02 sys=0.00, real=0.00 secs] 
2014-07-28T18:22:27.831+0000: 381.518: [GC [PSYoungGen: 94304K->448K(93248K)] 132637K->38797K(780224K), 0.0038880 secs] [Times: user=0.02 sys=0.00, real=0.00 secs] 
2014-07-28T18:22:28.474+0000: 382.161: [GC [PSYoungGen: 93248K->352K(91968K)] 131597K->38781K(778944K), 0.0042720 secs] [Times: user=0.03 sys=0.00, real=0.01 secs] 
2014-07-28T18:22:29.105+0000: 382.792: [GC [PSYoungGen: 91918K->384K(90816K)] 130348K->38941K(777792K), 0.0031660 secs] [Times: user=0.02 sys=0.00, real=0.01 secs] 
2014-07-28T18:22:29.723+0000: 383.410: [GC [PSYoungGen: 90816K->448K(89728K)] 129373K->39069K(776704K), 0.0052440 secs] [Times: user=0.04 sys=0.00, real=0.01 secs] 
2014-07-28T18:22:30.339+0000: 384.026: [GC [PSYoungGen: 89728K->352K(88576K)] 128349K->39053K(775552K), 0.0033900 secs] [Times: user=0.01 sys=0.00, real=0.00 secs] 
2014-07-28T18:22:30.945+0000: 384.632: [GC [PSYoungGen: 88544K->416K(87552K)] 127245K->39125K(774528K), 0.0038620 secs] [Times: user=0.03 sys=0.00, real=0.01 secs] 
2014-07-28T18:22:31.545+0000: 385.232: [GC [PSYoungGen: 87520K->384K(86400K)] 126229K->39141K(773376K), 0.0067500 secs] [Times: user=0.04 sys=0.00, real=0.01 secs] 
2014-07-28T18:22:32.137+0000: 385.824: [GC [PSYoungGen: 86400K->320K(85312K)] 125157K->39157K(772288K), 0.0041380 secs] [Times: user=0.02 sys=0.00, real=0.01 secs] 
2014-07-28T18:22:32.719+0000: 386.406: [GC [PSYoungGen: 85312K->384K(84352K)] 124149K->39261K(771328K), 0.0036730 secs] [Times: user=0.02 sys=0.00, real=0.00 secs] 
2014-07-28T18:22:33.298+0000: 386.985: [GC [PSYoungGen: 84352K->448K(83392K)] 123229K->39437K(770368K), 0.0044760 secs] [Times: user=0.02 sys=0.00, real=0.00 secs] 
2014-07-28T18:22:33.870+0000: 387.556: [GC [PSYoungGen: 83392K->384K(82368K)] 122381K->39437K(769344K), 0.0036720 secs] [Times: user=0.02 sys=0.00, real=0.00 secs] 
2014-07-28T18:22:34.431+0000: 388.118: [GC [PSYoungGen: 82368K->320K(81344K)] 121421K->39437K(768320K), 0.0034610 secs] [Times: user=0.02 sys=0.00, real=0.00 secs] 
2014-07-28T18:22:34.993+0000: 388.680: [GC [PSYoungGen: 81344K->480K(80576K)] 120461K->39709K(767552K), 0.0036110 secs] [Times: user=0.03 sys=0.00, real=0.00 secs] 
2014-07-28T18:22:35.542+0000: 389.229: [GC [PSYoungGen: 80544K->384K(79552K)] 119773K->39661K(766528K), 0.0048930 secs] [Times: user=0.03 sys=0.00, real=0.00 secs] 
2014-07-28T18:22:36.085+0000: 389.772: [GC [PSYoungGen: 79552K->320K(78592K)] 118829K->39693K(765568K), 0.0039960 secs] [Times: user=0.02 sys=0.00, real=0.01 secs] 
2014-07-28T18:22:36.623+0000: 390.310: [GC [PSYoungGen: 78550K->498K(77888K)] 117924K->39919K(764864K), 0.0043100 secs] [Times: user=0.02 sys=0.00, real=0.00 secs] 
2014-07-28T18:22:37.151+0000: 390.838: [GC [PSYoungGen: 77874K->384K(76928K)] 117295K->39909K(763904K), 0.0052820 secs] [Times: user=0.03 sys=0.00, real=0.00 secs] 
2014-07-28T18:22:37.680+0000: 391.367: [GC [PSYoungGen: 76928K->416K(76160K)] 116453K->40013K(763136K), 0.0040410 secs] [Times: user=0.03 sys=0.00, real=0.00 secs] 
2014-07-28T18:22:38.203+0000: 391.890: [GC [PSYoungGen: 76128K->224K(75136K)] 115725K->39853K(762112K), 0.0038670 secs] [Times: user=0.02 sys=0.00, real=0.00 secs] 
2014-07-28T18:22:38.720+0000: 392.407: [GC [PSYoungGen: 75104K->416K(74496K)] 114733K->40085K(761472K), 0.0050460 secs] [Times: user=0.03 sys=0.01, real=0.00 secs] 
2014-07-28T18:22:39.231+0000: 392.918: [GC [PSYoungGen: 74464K->384K(73664K)] 114133K->40117K(760640K), 0.0034890 secs] [Times: user=0.02 sys=0.00, real=0.00 secs] 
2014-07-28T18:22:39.736+0000: 393.423: [GC [PSYoungGen: 73664K->448K(72960K)] 113397K->40189K(759936K), 0.0056150 secs] [Times: user=0.03 sys=0.00, real=0.01 secs] 
2014-07-28T18:22:40.236+0000: 393.923: [GC [PSYoungGen: 72959K->370K(72128K)] 112701K->40247K(759104K), 0.0052250 secs] [Times: user=0.04 sys=0.00, real=0.01 secs] 
2014-07-28T18:22:40.731+0000: 394.418: [GC [PSYoungGen: 72114K->224K(71232K)] 111991K->40133K(758208K), 0.0048860 secs] [Times: user=0.03 sys=0.00, real=0.00 secs] 
2014-07-28T18:22:41.220+0000: 394.907: [GC [PSYoungGen: 71200K->512K(70784K)] 111109K->40549K(757760K), 0.0035260 secs] [Times: user=0.02 sys=0.01, real=0.00 secs] 
2014-07-28T18:22:41.702+0000: 395.389: [GC [PSYoungGen: 70784K->480K(70080K)] 110821K->40533K(757056K), 0.0041380 secs] [Times: user=0.02 sys=0.00, real=0.00 secs] 
2014-07-28T18:22:42.180+0000: 395.867: [GC [PSYoungGen: 70048K->320K(69184K)] 110101K->40493K(756160K), 0.0043310 secs] [Times: user=0.02 sys=0.00, real=0.00 secs] 
2014-07-28T18:22:42.654+0000: 396.341: [GC [PSYoungGen: 69184K->448K(68608K)] 109357K->40661K(755584K), 0.0040430 secs] [Times: user=0.03 sys=0.00, real=0.00 secs] 
2014-07-28T18:22:43.122+0000: 396.809: [GC [PSYoungGen: 68608K->384K(67840K)] 108821K->40677K(754816K), 0.0050760 secs] [Times: user=0.03 sys=0.00, real=0.00 secs] 
2014-07-28T18:22:43.585+0000: 397.272: [GC [PSYoungGen: 67840K->384K(67200K)] 108133K->40733K(754176K), 0.0042860 secs] [Times: user=0.02 sys=0.01, real=0.01 secs] 
2014-07-28T18:22:44.042+0000: 397.729: [GC [PSYoungGen: 67200K->224K(66432K)] 107549K->40613K(753408K), 0.0042030 secs] [Times: user=0.02 sys=0.00, real=0.00 secs] 
2014-07-28T18:22:44.497+0000: 398.184: [GC [PSYoungGen: 66400K->320K(65856K)] 106789K->40741K(752832K), 0.0048010 secs] [Times: user=0.03 sys=0.00, real=0.01 secs] 
2014-07-28T18:22:44.948+0000: 398.635: [GC [PSYoungGen: 65856K->384K(65280K)] 106277K->40885K(752256K), 0.0050070 secs] [Times: user=0.01 sys=0.01, real=0.01 secs] 
2014-07-28T18:22:45.392+0000: 399.079: [GC [PSYoungGen: 65280K->288K(64576K)] 105781K->40797K(751552K), 0.0043400 secs] [Times: user=0.03 sys=0.00, real=0.00 secs] 
2014-07-28T18:22:45.832+0000: 399.519: [GC [PSYoungGen: 64544K->352K(64000K)] 105053K->40893K(750976K), 0.0038620 secs] [Times: user=0.02 sys=0.00, real=0.00 secs] 
2014-07-28T18:22:46.272+0000: 399.959: [GC [PSYoungGen: 63920K->480K(63552K)] 104462K->41125K(750528K), 0.0034560 secs] [Times: user=0.02 sys=0.00, real=0.00 secs] 
2014-07-28T18:22:46.702+0000: 400.389: [GC [PSYoungGen: 63520K->288K(62784K)] 104165K->40949K(749760K), 0.0043080 secs] [Times: user=0.02 sys=0.00, real=0.00 secs] 
2014-07-28T18:22:47.131+0000: 400.818: [GC [PSYoungGen: 62752K->384K(75392K)] 103413K->41101K(762368K), 0.0083370 secs] [Times: user=0.04 sys=0.00, real=0.00 secs] 
2014-07-28T18:22:47.644+0000: 401.331: [GC [PSYoungGen: 75392K->160K(90240K)] 116109K->40885K(777216K), 0.0050230 secs] [Times: user=0.01 sys=0.01, real=0.00 secs] 
2014-07-28T18:22:48.267+0000: 401.954: [GC [PSYoungGen: 90208K->480K(92928K)] 130933K->41325K(779904K), 0.0065660 secs] [Times: user=0.04 sys=0.00, real=0.01 secs] 
2014-07-28T18:22:48.900+0000: 402.587: [GC [PSYoungGen: 92832K->434K(91584K)] 133677K->41295K(778560K), 0.0021930 secs] [Times: user=0.01 sys=0.00, real=0.00 secs] 
2014-07-28T18:22:49.529+0000: 403.216: [GC [PSYoungGen: 91570K->384K(90368K)] 132431K->41317K(777344K), 0.0075500 secs] [Times: user=0.05 sys=0.00, real=0.01 secs] 
2014-07-28T18:22:50.147+0000: 403.834: [GC [PSYoungGen: 90368K->370K(89216K)] 131301K->41367K(776192K), 0.0038160 secs] [Times: user=0.02 sys=0.00, real=0.01 secs] 
2014-07-28T18:22:50.757+0000: 404.444: [GC [PSYoungGen: 89202K->416K(88192K)] 130199K->41461K(775168K), 0.0058340 secs] [Times: user=0.03 sys=0.00, real=0.01 secs] 
2014-07-28T18:22:51.361+0000: 405.048: [GC [PSYoungGen: 88160K->384K(87040K)] 129205K->41525K(774016K), 0.0031530 secs] [Times: user=0.02 sys=0.01, real=0.00 secs] 
2014-07-28T18:22:51.957+0000: 405.644: [GC [PSYoungGen: 87031K->352K(85952K)] 128173K->41533K(772928K), 0.0042970 secs] [Times: user=0.03 sys=0.00, real=0.01 secs] 
2014-07-28T18:22:52.545+0000: 406.231: [GC [PSYoungGen: 85920K->416K(84992K)] 127101K->41701K(771968K), 0.0059840 secs] [Times: user=0.04 sys=0.00, real=0.00 secs] 
2014-07-28T18:22:53.126+0000: 406.813: [GC [PSYoungGen: 84951K->480K(84032K)] 126237K->41861K(771008K), 0.0044470 secs] [Times: user=0.02 sys=0.00, real=0.00 secs] 
2014-07-28T18:22:53.704+0000: 407.391: [GC [PSYoungGen: 84000K->256K(82816K)] 125381K->41709K(769792K), 0.0048290 secs] [Times: user=0.03 sys=0.00, real=0.00 secs] 
2014-07-28T18:22:54.273+0000: 407.960: [GC [PSYoungGen: 82816K->448K(82048K)] 124269K->41997K(769024K), 0.0039540 secs] [Times: user=0.02 sys=0.00, real=0.00 secs] 
2014-07-28T18:22:54.832+0000: 408.519: [GC [PSYoungGen: 82048K->384K(81024K)] 123597K->41949K(768000K), 0.0048750 secs] [Times: user=0.03 sys=0.00, real=0.00 secs] 
2014-07-28T18:22:55.385+0000: 409.072: [GC [PSYoungGen: 81024K->288K(80000K)] 122589K->41917K(766976K), 0.0035450 secs] [Times: user=0.02 sys=0.00, real=0.00 secs] 
2014-07-28T18:22:55.936+0000: 409.623: [GC [PSYoungGen: 79968K->320K(79104K)] 121597K->41981K(766080K), 0.0043280 secs] [Times: user=0.01 sys=0.00, real=0.00 secs] 
2014-07-28T18:22:56.477+0000: 410.164: [GC [PSYoungGen: 79092K->448K(78336K)] 120753K->42165K(765312K), 0.0057810 secs] [Times: user=0.03 sys=0.00, real=0.01 secs] 
2014-07-28T18:22:57.016+0000: 410.703: [GC [PSYoungGen: 78336K->224K(77248K)] 120053K->41981K(764224K), 0.0075990 secs] [Times: user=0.04 sys=0.00, real=0.01 secs] 
2014-07-28T18:22:57.546+0000: 411.233: [GC [PSYoungGen: 77216K->320K(76480K)] 118973K->42093K(763456K), 0.0034790 secs] [Times: user=0.02 sys=0.00, real=0.00 secs] 
2014-07-28T18:22:58.070+0000: 411.756: [GC [PSYoungGen: 76480K->530K(75904K)] 118253K->42415K(762880K), 0.0040450 secs] [Times: user=0.03 sys=0.00, real=0.01 secs] 
2014-07-28T18:22:58.587+0000: 412.274: [GC [PSYoungGen: 75858K->288K(74816K)] 117743K->42197K(761792K), 0.0055790 secs] [Times: user=0.03 sys=0.01, real=0.01 secs] 
2014-07-28T18:22:59.099+0000: 412.785: [GC [PSYoungGen: 74784K->448K(74112K)] 116693K->42453K(761088K), 0.0032040 secs] [Times: user=0.02 sys=0.00, real=0.01 secs] 
2014-07-28T18:22:59.607+0000: 413.294: [GC [PSYoungGen: 74108K->416K(73344K)] 116113K->42477K(760320K), 0.0042580 secs] [Times: user=0.02 sys=0.00, real=0.00 secs] 
2014-07-28T18:23:00.104+0000: 413.791: [GC [PSYoungGen: 73312K->416K(72576K)] 115373K->42573K(759552K), 0.0022460 secs] [Times: user=0.02 sys=0.00, real=0.00 secs] 
2014-07-28T18:23:00.599+0000: 414.286: [GC [PSYoungGen: 72544K->448K(71808K)] 114701K->42661K(758784K), 0.0048380 secs] [Times: user=0.03 sys=0.00, real=0.01 secs] 
2014-07-28T18:23:01.090+0000: 414.777: [GC [PSYoungGen: 71808K->352K(70976K)] 114021K->42653K(757952K), 0.0034970 secs] [Times: user=0.02 sys=0.00, real=0.01 secs] 
2014-07-28T18:23:01.580+0000: 415.266: [GC [PSYoungGen: 70944K->320K(70208K)] 113245K->42653K(757184K), 0.0039210 secs] [Times: user=0.02 sys=0.00, real=0.01 secs] 
2014-07-28T18:23:02.066+0000: 415.753: [GC [PSYoungGen: 70208K->384K(69568K)] 112541K->42789K(756544K), 0.0065620 secs] [Times: user=0.04 sys=0.00, real=0.01 secs] 
2014-07-28T18:23:02.540+0000: 416.227: [GC [PSYoungGen: 69568K->384K(68864K)] 111973K->42845K(755840K), 0.0046200 secs] [Times: user=0.03 sys=0.00, real=0.01 secs] 
2014-07-28T18:23:03.013+0000: 416.700: [GC [PSYoungGen: 68856K->434K(68224K)] 111317K->42983K(755200K), 0.0039960 secs] [Times: user=0.02 sys=0.00, real=0.00 secs] 
2014-07-28T18:23:03.475+0000: 417.162: [GC [PSYoungGen: 68210K->484K(67584K)] 110759K->43041K(754560K), 0.0046620 secs] [Times: user=0.02 sys=0.01, real=0.00 secs] 
2014-07-28T18:23:03.935+0000: 417.622: [GC [PSYoungGen: 67556K->256K(66688K)] 110113K->42869K(753664K), 0.0049150 secs] [Times: user=0.02 sys=0.00, real=0.00 secs] 
2014-07-28T18:23:04.388+0000: 418.075: [GC [PSYoungGen: 66688K->320K(80064K)] 109301K->42949K(767040K), 0.0056340 secs] [Times: user=0.03 sys=0.01, real=0.01 secs] 
2014-07-28T18:23:04.940+0000: 418.627: [GC [PSYoungGen: 80024K->448K(79296K)] 122654K->43117K(766272K), 0.0045820 secs] [Times: user=0.02 sys=0.00, real=0.01 secs] 
2014-07-28T18:23:05.478+0000: 419.164: [GC [PSYoungGen: 79264K->434K(78400K)] 121934K->43183K(765376K), 0.0050960 secs] [Times: user=0.03 sys=0.01, real=0.01 secs] 
2014-07-28T18:23:06.012+0000: 419.699: [GC [PSYoungGen: 78386K->320K(77376K)] 121135K->43189K(764352K), 0.0035960 secs] [Times: user=0.02 sys=0.00, real=0.01 secs] 
2014-07-28T18:23:06.539+0000: 420.225: [GC [PSYoungGen: 77376K->448K(76672K)] 120245K->43381K(763648K), 0.0048980 secs] [Times: user=0.03 sys=0.00, real=0.01 secs] 
2014-07-28T18:23:07.063+0000: 420.750: [GC [PSYoungGen: 76672K->416K(75840K)] 119605K->43429K(762816K), 0.0038590 secs] [Times: user=0.02 sys=0.00, real=0.01 secs] 
2014-07-28T18:23:07.583+0000: 421.270: [GC [PSYoungGen: 75808K->416K(75008K)] 118821K->43493K(761984K), 0.0030350 secs] [Times: user=0.02 sys=0.00, real=0.00 secs] 
2014-07-28T18:23:08.091+0000: 421.778: [GC [PSYoungGen: 74976K->320K(74048K)] 118053K->43469K(761024K), 0.0047270 secs] [Times: user=0.03 sys=0.00, real=0.01 secs] 
2014-07-28T18:23:08.610+0000: 422.297: [GC [PSYoungGen: 74048K->352K(73344K)] 117197K->43533K(760320K), 0.0025180 secs] [Times: user=0.01 sys=0.00, real=0.01 secs] 
2014-07-28T18:23:09.105+0000: 422.792: [GC [PSYoungGen: 73312K->466K(72704K)] 116493K->43835K(759680K), 0.0044350 secs] [Times: user=0.02 sys=0.00, real=0.00 secs] 
2014-07-28T18:23:09.605+0000: 423.291: [GC [PSYoungGen: 72637K->416K(71872K)] 116006K->43825K(758848K), 0.0053060 secs] [Times: user=0.04 sys=0.00, real=0.00 secs] 
2014-07-28T18:23:10.093+0000: 423.779: [GC [PSYoungGen: 71840K->256K(70912K)] 115249K->43817K(757888K), 0.0046310 secs] [Times: user=0.03 sys=0.00, real=0.01 secs] 
2014-07-28T18:23:10.578+0000: 424.265: [GC [PSYoungGen: 70912K->320K(85120K)] 114473K->43905K(772096K), 0.0077670 secs] [Times: user=0.05 sys=0.00, real=0.01 secs] 
2014-07-28T18:23:11.162+0000: 424.849: [GC [PSYoungGen: 85113K->484K(84288K)] 128699K->44157K(771264K), 0.0045730 secs] [Times: user=0.02 sys=0.00, real=0.01 secs] 
2014-07-28T18:23:11.739+0000: 425.426: [GC [PSYoungGen: 84260K->498K(83264K)] 127933K->44171K(770240K), 0.0039770 secs] [Times: user=0.02 sys=0.00, real=0.00 secs] 
2014-07-28T18:23:12.319+0000: 426.006: [GC [PSYoungGen: 83219K->192K(81984K)] 126893K->43961K(768960K), 0.0036660 secs] [Times: user=0.02 sys=0.00, real=0.00 secs] 
2014-07-28T18:23:12.876+0000: 426.562: [GC [PSYoungGen: 81984K->288K(81152K)] 125753K->44081K(768128K), 0.0066550 secs] [Times: user=0.04 sys=0.00, real=0.00 secs] 
2014-07-28T18:23:13.432+0000: 427.119: [GC [PSYoungGen: 81120K->416K(80320K)] 124913K->44281K(767296K), 0.0042270 secs] [Times: user=0.02 sys=0.00, real=0.01 secs] 
2014-07-28T18:23:13.983+0000: 427.670: [GC [PSYoungGen: 80288K->320K(79296K)] 124153K->44249K(766272K), 0.0039180 secs] [Times: user=0.02 sys=0.01, real=0.01 secs] 
2014-07-28T18:23:14.522+0000: 428.209: [GC [PSYoungGen: 79296K->288K(78400K)] 123225K->44241K(765376K), 0.0034830 secs] [Times: user=0.02 sys=0.00, real=0.01 secs] 
2014-07-28T18:23:15.059+0000: 428.746: [GC [PSYoungGen: 78368K->192K(77376K)] 122321K->44169K(764352K), 0.0059890 secs] [Times: user=0.03 sys=0.01, real=0.01 secs] 
2014-07-28T18:23:15.591+0000: 429.278: [GC [PSYoungGen: 77376K->320K(76672K)] 121353K->44329K(763648K), 0.0041030 secs] [Times: user=0.02 sys=0.00, real=0.01 secs] 
2014-07-28T18:23:16.115+0000: 429.802: [GC [PSYoungGen: 76672K->320K(75840K)] 120681K->44393K(762816K), 0.0034870 secs] [Times: user=0.02 sys=0.00, real=0.00 secs] 
2014-07-28T18:23:16.639+0000: 430.326: [GC [PSYoungGen: 75840K->352K(75072K)] 119913K->44473K(762048K), 0.0037210 secs] [Times: user=0.02 sys=0.00, real=0.00 secs] 
2014-07-28T18:23:17.149+0000: 430.836: [GC [PSYoungGen: 75040K->370K(74240K)] 119161K->44539K(761216K), 0.0074050 secs] [Times: user=0.05 sys=0.00, real=0.01 secs] 
2014-07-28T18:23:17.659+0000: 431.346: [GC [PSYoungGen: 74226K->288K(73408K)] 118395K->44489K(760384K), 0.0044100 secs] [Times: user=0.02 sys=0.00, real=0.00 secs] 
2014-07-28T18:23:18.160+0000: 431.847: [GC [PSYoungGen: 73340K->288K(72640K)] 117542K->44561K(759616K), 0.0027860 secs] [Times: user=0.02 sys=0.00, real=0.00 secs] 
2014-07-28T18:23:18.658+0000: 432.345: [GC [PSYoungGen: 72608K->288K(71872K)] 116881K->44601K(758848K), 0.0036840 secs] [Times: user=0.02 sys=0.00, real=0.00 secs] 
2014-07-28T18:23:19.147+0000: 432.834: [GC [PSYoungGen: 71840K->192K(70976K)] 116153K->44545K(757952K), 0.0029660 secs] [Times: user=0.01 sys=0.00, real=0.00 secs] 
2014-07-28T18:23:19.633+0000: 433.320: [GC [PSYoungGen: 70976K->192K(70272K)] 115329K->44569K(757248K), 0.0027760 secs] [Times: user=0.01 sys=0.01, real=0.01 secs] 
2014-07-28T18:23:20.117+0000: 433.804: [GC [PSYoungGen: 70272K->384K(69760K)] 114649K->44857K(756736K), 0.0041800 secs] [Times: user=0.03 sys=0.01, real=0.00 secs] 
2014-07-28T18:23:20.594+0000: 434.281: [GC [PSYoungGen: 69760K->352K(69056K)] 114233K->44857K(756032K), 0.0035860 secs] [Times: user=0.02 sys=0.00, real=0.01 secs] 
2014-07-28T18:23:21.071+0000: 434.758: [GC [PSYoungGen: 69024K->352K(68352K)] 113529K->44937K(755328K), 0.0037440 secs] [Times: user=0.02 sys=0.00, real=0.01 secs] 
2014-07-28T18:23:21.541+0000: 435.228: [GC [PSYoungGen: 68320K->256K(81856K)] 112905K->44849K(768832K), 0.0213150 secs] [Times: user=0.11 sys=0.00, real=0.02 secs] 
2014-07-28T18:23:22.105+0000: 435.791: [GC [PSYoungGen: 81856K->512K(96640K)] 126449K->45185K(783616K), 0.0021170 secs] [Times: user=0.01 sys=0.00, real=0.01 secs] 
2014-07-28T18:23:22.766+0000: 436.453: [GC [PSYoungGen: 96640K->352K(98624K)] 141313K->45041K(785600K), 0.0027840 secs] [Times: user=0.11 sys=0.07, real=0.17 secs] 
2014-07-28T18:23:23.458+0000: 437.145: [GC [PSYoungGen: 98330K->288K(96960K)] 143020K->45049K(783936K), 0.0041250 secs] [Times: user=0.02 sys=0.00, real=0.00 secs] 
2014-07-28T18:23:24.125+0000: 437.812: [GC [PSYoungGen: 96928K->306K(95680K)] 141689K->45123K(782656K), 0.0043980 secs] [Times: user=0.03 sys=0.01, real=0.01 secs] 
2014-07-28T18:23:24.780+0000: 438.466: [GC [PSYoungGen: 95666K->224K(94336K)] 140483K->45057K(781312K), 0.0058560 secs] [Times: user=0.04 sys=0.01, real=0.01 secs] 
2014-07-28T18:23:25.429+0000: 439.116: [GC [PSYoungGen: 94304K->416K(93312K)] 139137K->45337K(780288K), 0.0031140 secs] [Times: user=0.02 sys=0.00, real=0.00 secs] 
2014-07-28T18:23:26.069+0000: 439.756: [GC [PSYoungGen: 93280K->288K(91968K)] 138201K->45273K(778944K), 0.0044830 secs] [Times: user=0.02 sys=0.00, real=0.00 secs] 
2014-07-28T18:23:26.700+0000: 440.387: [GC [PSYoungGen: 91932K->320K(90816K)] 136918K->45345K(777792K), 0.0027680 secs] [Times: user=0.02 sys=0.00, real=0.00 secs] 
2014-07-28T18:23:27.324+0000: 441.011: [GC [PSYoungGen: 90816K->256K(89600K)] 135841K->45337K(776576K), 0.0053520 secs] [Times: user=0.04 sys=0.00, real=0.01 secs] 
2014-07-28T18:23:27.940+0000: 441.627: [GC [PSYoungGen: 89555K->384K(88640K)] 134637K->45481K(775616K), 0.0057340 secs] [Times: user=0.03 sys=0.00, real=0.00 secs] 
2014-07-28T18:23:28.547+0000: 442.234: [GC [PSYoungGen: 88640K->384K(87552K)] 133737K->45529K(774528K), 0.0043010 secs] [Times: user=0.02 sys=0.00, real=0.00 secs] 
2014-07-28T18:23:29.150+0000: 442.837: [GC [PSYoungGen: 87551K->320K(86400K)] 132696K->45601K(773376K), 0.0050560 secs] [Times: user=0.02 sys=0.00, real=0.00 secs] 
2014-07-28T18:23:29.741+0000: 443.428: [GC [PSYoungGen: 86400K->402K(85504K)] 131681K->45699K(772480K), 0.0028680 secs] [Times: user=0.02 sys=0.00, real=0.00 secs] 
2014-07-28T18:23:30.325+0000: 444.012: [GC [PSYoungGen: 85458K->224K(84288K)] 130755K->45561K(771264K), 0.0036410 secs] [Times: user=0.02 sys=0.00, real=0.01 secs] 
2014-07-28T18:23:30.903+0000: 444.590: [GC [PSYoungGen: 84256K->320K(83328K)] 129593K->45665K(770304K), 0.0022040 secs] [Times: user=0.02 sys=0.00, real=0.00 secs] 
2014-07-28T18:23:31.475+0000: 445.162: [GC [PSYoungGen: 83296K->352K(82432K)] 128642K->45769K(769408K), 0.0032490 secs] [Times: user=0.02 sys=0.01, real=0.01 secs] 
2014-07-28T18:23:32.038+0000: 445.725: [GC [PSYoungGen: 82400K->224K(81344K)] 127817K->45673K(768320K), 0.0065660 secs] [Times: user=0.04 sys=0.00, real=0.00 secs] 
2014-07-28T18:23:32.599+0000: 446.285: [GC [PSYoungGen: 81312K->384K(80512K)] 126761K->45873K(767488K), 0.0024540 secs] [Times: user=0.01 sys=0.00, real=0.00 secs] 
2014-07-28T18:23:33.154+0000: 446.840: [GC [PSYoungGen: 80512K->256K(79488K)] 126001K->45769K(766464K), 0.0056500 secs] [Times: user=0.03 sys=0.00, real=0.01 secs] 
2014-07-28T18:23:33.701+0000: 447.387: [GC [PSYoungGen: 79440K->288K(78656K)] 124954K->45817K(765632K), 0.0037180 secs] [Times: user=0.02 sys=0.00, real=0.00 secs] 
2014-07-28T18:23:34.238+0000: 447.925: [GC [PSYoungGen: 78624K->384K(77824K)] 124153K->46001K(764800K), 0.0029480 secs] [Times: user=0.02 sys=0.01, real=0.00 secs] 
2014-07-28T18:23:34.771+0000: 448.458: [GC [PSYoungGen: 77824K->352K(76992K)] 123441K->45977K(763968K), 0.0051160 secs] [Times: user=0.03 sys=0.00, real=0.00 secs] 
2014-07-28T18:23:35.295+0000: 448.982: [GC [PSYoungGen: 76960K->224K(76032K)] 122585K->45897K(763008K), 0.0033690 secs] [Times: user=0.01 sys=0.00, real=0.01 secs] 
2014-07-28T18:23:35.822+0000: 449.508: [GC [PSYoungGen: 76000K->448K(75392K)] 121673K->46161K(762368K), 0.0027740 secs] [Times: user=0.01 sys=0.01, real=0.00 secs] 
2014-07-28T18:23:36.340+0000: 450.027: [GC [PSYoungGen: 75392K->224K(74368K)] 121105K->45961K(761344K), 0.0054270 secs] [Times: user=0.03 sys=0.00, real=0.00 secs] 
2014-07-28T18:23:36.846+0000: 450.533: [GC [PSYoungGen: 74331K->434K(73792K)] 120069K->46187K(760768K), 0.0037900 secs] [Times: user=0.02 sys=0.00, real=0.01 secs] 
2014-07-28T18:23:37.351+0000: 451.038: [GC [PSYoungGen: 73777K->384K(72960K)] 119531K->46225K(759936K), 0.0061430 secs] [Times: user=0.04 sys=0.01, real=0.01 secs] 
2014-07-28T18:23:37.852+0000: 451.538: [GC [PSYoungGen: 72960K->352K(72192K)] 118801K->46201K(759168K), 0.0035930 secs] [Times: user=0.02 sys=0.00, real=0.00 secs] 
2014-07-28T18:23:38.348+0000: 452.035: [GC [PSYoungGen: 72160K->384K(71424K)] 118009K->46313K(758400K), 0.0036060 secs] [Times: user=0.02 sys=0.00, real=0.00 secs] 
2014-07-28T18:23:38.837+0000: 452.523: [GC [PSYoungGen: 71423K->320K(70656K)] 117353K->46265K(757632K), 0.0033260 secs] [Times: user=0.02 sys=0.00, real=0.01 secs] 
2014-07-28T18:23:39.320+0000: 453.007: [GC [PSYoungGen: 70656K->448K(70080K)] 116601K->46465K(757056K), 0.0045970 secs] [Times: user=0.03 sys=0.00, real=0.00 secs] 
2014-07-28T18:23:39.797+0000: 453.484: [GC [PSYoungGen: 70080K->352K(69312K)] 116097K->46385K(756288K), 0.0043900 secs] [Times: user=0.02 sys=0.01, real=0.01 secs] 
2014-07-28T18:23:40.271+0000: 453.958: [GC [PSYoungGen: 69280K->480K(68736K)] 115313K->46609K(755712K), 0.0021300 secs] [Times: user=0.01 sys=0.00, real=0.00 secs] 
2014-07-28T18:23:40.737+0000: 454.424: [GC [PSYoungGen: 68704K->320K(67840K)] 114833K->46457K(754816K), 0.0028620 secs] [Times: user=0.01 sys=0.00, real=0.01 secs] 
2014-07-28T18:23:41.202+0000: 454.889: [GC [PSYoungGen: 67840K->192K(67072K)] 113977K->46369K(754048K), 0.0027230 secs] [Times: user=0.01 sys=0.00, real=0.00 secs] 
2014-07-28T18:23:41.665+0000: 455.352: [GC [PSYoungGen: 67072K->192K(66432K)] 113249K->46377K(753408K), 0.0052070 secs] [Times: user=0.01 sys=0.01, real=0.01 secs] 
2014-07-28T18:23:42.116+0000: 455.802: [GC [PSYoungGen: 66432K->288K(65920K)] 112617K->46529K(752896K), 0.0039680 secs] [Times: user=0.02 sys=0.00, real=0.01 secs] 
2014-07-28T18:23:42.567+0000: 456.254: [GC [PSYoungGen: 65888K->224K(65216K)] 112129K->46489K(752192K), 0.0030550 secs] [Times: user=0.02 sys=0.00, real=0.01 secs] 
2014-07-28T18:23:43.013+0000: 456.699: [GC [PSYoungGen: 65184K->338K(64704K)] 111449K->46667K(751680K), 0.0020700 secs] [Times: user=0.02 sys=0.00, real=0.00 secs] 
2014-07-28T18:23:43.455+0000: 457.142: [GC [PSYoungGen: 64658K->384K(64064K)] 110987K->46729K(751040K), 0.0038730 secs] [Times: user=0.03 sys=0.00, real=0.01 secs] 
2014-07-28T18:23:43.891+0000: 457.578: [GC [PSYoungGen: 64064K->288K(63424K)] 110409K->46697K(750400K), 0.0033240 secs] [Times: user=0.02 sys=0.00, real=0.00 secs] 
2014-07-28T18:23:44.327+0000: 458.014: [GC [PSYoungGen: 63392K->370K(62912K)] 109801K->46819K(749888K), 0.0030400 secs] [Times: user=0.02 sys=0.00, real=0.01 secs] 
2014-07-28T18:23:44.754+0000: 458.441: [GC [PSYoungGen: 62871K->256K(62208K)] 109320K->46705K(749184K), 0.0036220 secs] [Times: user=0.02 sys=0.00, real=0.00 secs] 
2014-07-28T18:23:45.181+0000: 458.868: [GC [PSYoungGen: 62208K->224K(61632K)] 108657K->46721K(748608K), 0.0035630 secs] [Times: user=0.02 sys=0.00, real=0.00 secs] 
2014-07-28T18:23:45.605+0000: 459.292: [GC [PSYoungGen: 61600K->320K(61120K)] 108097K->46849K(748096K), 0.0030920 secs] [Times: user=0.01 sys=0.01, real=0.00 secs] 
2014-07-28T18:23:46.020+0000: 459.707: [GC [PSYoungGen: 61120K->320K(60544K)] 107649K->46913K(747520K), 0.0030060 secs] [Times: user=0.01 sys=0.00, real=0.00 secs] 
2014-07-28T18:23:46.436+0000: 460.123: [GC [PSYoungGen: 60544K->352K(60096K)] 107137K->46953K(747072K), 0.0031240 secs] [Times: user=0.02 sys=0.00, real=0.01 secs] 
2014-07-28T18:23:46.845+0000: 460.532: [GC [PSYoungGen: 60064K->384K(59584K)] 106665K->47049K(746560K), 0.0032530 secs] [Times: user=0.02 sys=0.00, real=0.00 secs] 
2014-07-28T18:23:47.253+0000: 460.940: [GC [PSYoungGen: 59584K->384K(59072K)] 106249K->47105K(746048K), 0.0041090 secs] [Times: user=0.03 sys=0.00, real=0.00 secs] 
2014-07-28T18:23:47.654+0000: 461.341: [GC [PSYoungGen: 59072K->256K(58432K)] 105793K->47009K(745408K), 0.0038970 secs] [Times: user=0.02 sys=0.00, real=0.00 secs] 
2014-07-28T18:23:48.058+0000: 461.745: [GC [PSYoungGen: 58406K->384K(58048K)] 105160K->47193K(745024K), 0.0038620 secs] [Times: user=0.01 sys=0.00, real=0.01 secs] 
2014-07-28T18:23:48.452+0000: 462.139: [GC [PSYoungGen: 58048K->288K(57472K)] 104857K->47129K(744448K), 0.0028200 secs] [Times: user=0.01 sys=0.00, real=0.00 secs] 
2014-07-28T18:23:48.847+0000: 462.534: [GC [PSYoungGen: 57440K->370K(57024K)] 104281K->47251K(744000K), 0.0030680 secs] [Times: user=0.01 sys=0.00, real=0.01 secs] 
2014-07-28T18:23:49.237+0000: 462.924: [GC [PSYoungGen: 57010K->306K(56512K)] 103891K->47235K(743488K), 0.0045590 secs] [Times: user=0.02 sys=0.00, real=0.01 secs] 
2014-07-28T18:23:49.623+0000: 463.309: [GC [PSYoungGen: 56498K->352K(56128K)] 103427K->47313K(743104K), 0.0023560 secs] [Times: user=0.02 sys=0.00, real=0.00 secs] 
2014-07-28T18:23:50.002+0000: 463.689: [GC [PSYoungGen: 56096K->288K(55616K)] 103057K->47321K(742592K), 0.0025520 secs] [Times: user=0.01 sys=0.00, real=0.00 secs] 
2014-07-28T18:23:50.382+0000: 464.069: [GC [PSYoungGen: 55583K->320K(55168K)] 102616K->47361K(742144K), 0.0031020 secs] [Times: user=0.02 sys=0.01, real=0.00 secs] 
2014-07-28T18:23:50.758+0000: 464.444: [GC [PSYoungGen: 55168K->288K(54720K)] 102209K->47377K(741696K), 0.0024180 secs] [Times: user=0.01 sys=0.00, real=0.01 secs] 
2014-07-28T18:23:51.133+0000: 464.819: [GC [PSYoungGen: 54688K->384K(54336K)] 101777K->47529K(741312K), 0.0047280 secs] [Times: user=0.03 sys=0.01, real=0.00 secs] 
2014-07-28T18:23:51.504+0000: 465.191: [GC [PSYoungGen: 54336K->192K(53696K)] 101481K->47361K(740672K), 0.0025890 secs] [Times: user=0.01 sys=0.00, real=0.00 secs] 
2014-07-28T18:23:51.873+0000: 465.560: [GC [PSYoungGen: 53696K->288K(53376K)] 100865K->47513K(740352K), 0.0024330 secs] [Times: user=0.02 sys=0.00, real=0.00 secs] 
2014-07-28T18:23:52.238+0000: 465.925: [GC [PSYoungGen: 53344K->256K(52864K)] 100569K->47513K(739840K), 0.0023480 secs] [Times: user=0.02 sys=0.00, real=0.01 secs] 
2014-07-28T18:23:52.602+0000: 466.289: [GC [PSYoungGen: 52864K->416K(52672K)] 100121K->47737K(739648K), 0.0031650 secs] [Times: user=0.02 sys=0.01, real=0.00 secs] 
2014-07-28T18:23:52.960+0000: 466.647: [GC [PSYoungGen: 52640K->256K(52096K)] 99961K->47697K(739072K), 0.0034800 secs] [Times: user=0.01 sys=0.00, real=0.00 secs] 
2014-07-28T18:23:53.316+0000: 467.003: [GC [PSYoungGen: 52096K->224K(51712K)] 99537K->47681K(738688K), 0.0035330 secs] [Times: user=0.03 sys=0.01, real=0.00 secs] 
2014-07-28T18:23:53.672+0000: 467.359: [GC [PSYoungGen: 51680K->256K(51328K)] 99137K->47729K(738304K), 0.0030370 secs] [Times: user=0.02 sys=0.00, real=0.00 secs] 
2014-07-28T18:23:54.024+0000: 467.711: [GC [PSYoungGen: 51328K->512K(51200K)] 98801K->48097K(738176K), 0.0021900 secs] [Times: user=0.02 sys=0.00, real=0.00 secs] 
2014-07-28T18:23:54.371+0000: 468.057: [GC [PSYoungGen: 51200K->256K(50560K)] 98785K->47873K(737536K), 0.0035320 secs] [Times: user=0.02 sys=0.00, real=0.00 secs] 
2014-07-28T18:23:54.721+0000: 468.408: [GC [PSYoungGen: 50560K->448K(60864K)] 98177K->48081K(747840K), 0.0080240 secs] [Times: user=0.04 sys=0.01, real=0.01 secs] 
2014-07-28T18:23:55.136+0000: 468.823: [GC [PSYoungGen: 60864K->416K(72960K)] 108497K->48113K(759936K), 0.0054280 secs] [Times: user=0.03 sys=0.00, real=0.01 secs] 
2014-07-28T18:23:55.634+0000: 469.321: [GC [PSYoungGen: 72928K->576K(85248K)] 120625K->48305K(772224K), 0.0064370 secs] [Times: user=0.03 sys=0.00, real=0.01 secs] 
2014-07-28T18:23:56.217+0000: 469.904: [GC [PSYoungGen: 85184K->256K(87744K)] 132913K->48017K(774720K), 0.0032760 secs] [Times: user=0.02 sys=0.01, real=0.01 secs] 
2014-07-28T18:23:56.813+0000: 470.499: [GC [PSYoungGen: 87271K->274K(87744K)] 135032K->48043K(774720K), 0.0051270 secs] [Times: user=0.01 sys=0.01, real=0.00 secs] 
2014-07-28T18:23:57.408+0000: 471.095: [GC [PSYoungGen: 87314K->352K(86336K)] 135083K->48177K(773312K), 0.0039840 secs] [Times: user=0.02 sys=0.00, real=0.01 secs] 
2014-07-28T18:23:57.999+0000: 471.686: [GC [PSYoungGen: 86304K->384K(85312K)] 134129K->48249K(772288K), 0.0037340 secs] [Times: user=0.02 sys=0.00, real=0.01 secs] 
2014-07-28T18:23:58.586+0000: 472.273: [GC [PSYoungGen: 85312K->320K(102272K)] 133177K->48241K(789248K), 0.0100170 secs] [Times: user=0.06 sys=0.00, real=0.01 secs] 
2014-07-28T18:23:59.288+0000: 472.975: [GC [PSYoungGen: 102272K->352K(100928K)] 150193K->48345K(787904K), 0.0059380 secs] [Times: user=0.03 sys=0.00, real=0.01 secs] 
2014-07-28T18:23:59.981+0000: 473.668: [GC [PSYoungGen: 100896K->352K(99520K)] 148889K->48369K(786496K), 0.0038290 secs] [Times: user=0.01 sys=0.01, real=0.00 secs] 
2014-07-28T18:24:00.662+0000: 474.349: [GC [PSYoungGen: 99488K->352K(98176K)] 147505K->48457K(785152K), 0.0028670 secs] [Times: user=0.02 sys=0.00, real=0.00 secs] 
2014-07-28T18:24:01.339+0000: 475.026: [GC [PSYoungGen: 98144K->448K(96896K)] 146249K->48617K(783872K), 0.0044450 secs] [Times: user=0.02 sys=0.01, real=0.01 secs] 
2014-07-28T18:24:01.999+0000: 475.686: [GC [PSYoungGen: 96896K->192K(95360K)] 145065K->48369K(782336K), 0.0060630 secs] [Times: user=0.01 sys=0.00, real=0.01 secs] 
2014-07-28T18:24:02.693+0000: 476.380: [GC [PSYoungGen: 95360K->466K(94400K)] 143537K->48691K(781376K), 0.0114480 secs] [Times: user=0.06 sys=0.01, real=0.01 secs] 
2014-07-28T18:24:03.318+0000: 477.004: [GC [PSYoungGen: 94354K->384K(93056K)] 142579K->48697K(780032K), 0.0044140 secs] [Times: user=0.03 sys=0.00, real=0.01 secs] 
2014-07-28T18:24:03.956+0000: 477.643: [GC [PSYoungGen: 93044K->288K(91776K)] 141358K->48625K(778752K), 0.0030870 secs] [Times: user=0.01 sys=0.00, real=0.00 secs] 
2014-07-28T18:24:04.584+0000: 478.271: [GC [PSYoungGen: 91744K->320K(90624K)] 140081K->48729K(777600K), 0.0036060 secs] [Times: user=0.03 sys=0.00, real=0.00 secs] 
2014-07-28T18:24:05.203+0000: 478.890: [GC [PSYoungGen: 90624K->352K(89536K)] 139033K->48825K(776512K), 0.0022980 secs] [Times: user=0.01 sys=0.00, real=0.00 secs] 
2014-07-28T18:24:05.816+0000: 479.503: [GC [PSYoungGen: 89504K->256K(88320K)] 137977K->48753K(775296K), 0.0032340 secs] [Times: user=0.02 sys=0.00, real=0.00 secs] 
2014-07-28T18:24:06.421+0000: 480.108: [GC [PSYoungGen: 88301K->288K(87296K)] 136798K->48841K(774272K), 0.0044290 secs] [Times: user=0.03 sys=0.01, real=0.01 secs] 
2014-07-28T18:24:07.021+0000: 480.708: [GC [PSYoungGen: 87264K->288K(86208K)] 135817K->48889K(773184K), 0.0037150 secs] [Times: user=0.02 sys=0.00, real=0.01 secs] 
2014-07-28T18:24:07.613+0000: 481.300: [GC [PSYoungGen: 86176K->192K(85056K)] 134777K->48817K(772032K), 0.0025330 secs] [Times: user=0.01 sys=0.00, real=0.00 secs] 
2014-07-28T18:24:08.202+0000: 481.889: [GC [PSYoungGen: 85056K->256K(84096K)] 133681K->48913K(771072K), 0.0030780 secs] [Times: user=0.02 sys=0.00, real=0.00 secs] 
2014-07-28T18:24:08.778+0000: 482.464: [GC [PSYoungGen: 84096K->274K(83136K)] 132753K->48939K(770112K), 0.0060470 secs] [Times: user=0.01 sys=0.00, real=0.01 secs] 
2014-07-28T18:24:09.352+0000: 483.039: [GC [PSYoungGen: 83090K->320K(82176K)] 131755K->49033K(769152K), 0.0022300 secs] [Times: user=0.00 sys=0.00, real=0.00 secs] 
2014-07-28T18:24:09.909+0000: 483.595: [GC [PSYoungGen: 82176K->224K(81152K)] 130889K->48961K(768128K), 0.0051870 secs] [Times: user=0.03 sys=0.00, real=0.01 secs] 
2014-07-28T18:24:10.467+0000: 484.153: [GC [PSYoungGen: 81120K->224K(80192K)] 129857K->49001K(767168K), 0.0043250 secs] [Times: user=0.03 sys=0.00, real=0.00 secs] 
2014-07-28T18:24:11.017+0000: 484.704: [GC [PSYoungGen: 80160K->192K(79232K)] 128937K->49017K(766208K), 0.0023340 secs] [Times: user=0.01 sys=0.01, real=0.00 secs] 
2014-07-28T18:24:11.565+0000: 485.252: [GC [PSYoungGen: 79232K->256K(78400K)] 128057K->49113K(765376K), 0.0037860 secs] [Times: user=0.02 sys=0.00, real=0.00 secs] 
2014-07-28T18:24:12.101+0000: 485.787: [GC [PSYoungGen: 78400K->256K(94080K)] 127257K->49153K(781056K), 0.0169850 secs] [Times: user=0.09 sys=0.01, real=0.02 secs] 
2014-07-28T18:24:12.749+0000: 486.435: [GC [PSYoungGen: 94080K->256K(99456K)] 142977K->49177K(786432K), 0.0059520 secs] [Times: user=0.03 sys=0.00, real=0.01 secs] 
2014-07-28T18:24:13.429+0000: 487.116: [GC [PSYoungGen: 99264K->288K(97984K)] 148185K->49265K(784960K), 0.0035020 secs] [Times: user=0.02 sys=0.01, real=0.00 secs] 
2014-07-28T18:24:14.104+0000: 487.791: [GC [PSYoungGen: 97903K->370K(96768K)] 146881K->49411K(783744K), 0.0037910 secs] [Times: user=0.02 sys=0.00, real=0.00 secs] 
2014-07-28T18:24:14.771+0000: 488.457: [GC [PSYoungGen: 96754K->160K(95296K)] 145795K->49217K(782272K), 0.0035200 secs] [Times: user=0.01 sys=0.00, real=0.01 secs] 
2014-07-28T18:24:15.426+0000: 489.113: [GC [PSYoungGen: 95264K->256K(94080K)] 144321K->49329K(781056K), 0.0049670 secs] [Times: user=0.02 sys=0.01, real=0.00 secs] 
2014-07-28T18:24:16.073+0000: 489.760: [GC [PSYoungGen: 94080K->256K(92864K)] 143153K->49337K(779840K), 0.0049300 secs] [Times: user=0.01 sys=0.00, real=0.01 secs] 
2014-07-28T18:24:16.709+0000: 490.396: [GC [PSYoungGen: 92864K->416K(91840K)] 141945K->49577K(778816K), 0.0019490 secs] [Times: user=0.00 sys=0.00, real=0.00 secs] 
2014-07-28T18:24:17.335+0000: 491.022: [GC [PSYoungGen: 91808K->256K(90496K)] 140969K->49489K(777472K), 0.0027980 secs] [Times: user=0.01 sys=0.00, real=0.00 secs] 
2014-07-28T18:24:17.960+0000: 491.647: [GC [PSYoungGen: 90496K->192K(89280K)] 139729K->49441K(776256K), 0.0057130 secs] [Times: user=0.03 sys=0.01, real=0.01 secs] 
2014-07-28T18:24:18.577+0000: 492.264: [GC [PSYoungGen: 89280K->224K(88256K)] 138529K->49513K(775232K), 0.0044820 secs] [Times: user=0.03 sys=0.00, real=0.00 secs] 
2014-07-28T18:24:19.185+0000: 492.872: [GC [PSYoungGen: 88224K->224K(87168K)] 137513K->49561K(774144K), 0.0040380 secs] [Times: user=0.02 sys=0.01, real=0.00 secs] 
2014-07-28T18:24:19.790+0000: 493.477: [GC [PSYoungGen: 87118K->402K(86272K)] 136456K->49755K(773248K), 0.0027880 secs] [Times: user=0.01 sys=0.00, real=0.00 secs] 
2014-07-28T18:24:20.373+0000: 494.060: [GC [PSYoungGen: 86226K->480K(85312K)] 135579K->49945K(772288K), 0.0018420 secs] [Times: user=0.01 sys=0.00, real=0.01 secs] 
2014-07-28T18:24:20.961+0000: 494.648: [GC [PSYoungGen: 85280K->128K(83904K)] 134745K->49649K(770880K), 0.0040350 secs] [Times: user=0.02 sys=0.01, real=0.01 secs] 
2014-07-28T18:24:21.541+0000: 495.227: [GC [PSYoungGen: 83904K->288K(83328K)] 133425K->49849K(770304K), 0.0040020 secs] [Times: user=0.02 sys=0.00, real=0.01 secs] 
2014-07-28T18:24:22.110+0000: 495.797: [GC [PSYoungGen: 83040K->338K(82176K)] 132601K->49939K(769152K), 0.0061410 secs] [Times: user=0.42 sys=0.35, real=0.75 secs] 
2014-07-28T18:24:23.133+0000: 496.820: [GC [PSYoungGen: 82122K->416K(81280K)] 131724K->50025K(768256K), 0.0023470 secs] [Times: user=0.01 sys=0.00, real=0.01 secs] 
2014-07-28T18:24:23.685+0000: 497.372: [GC [PSYoungGen: 81248K->256K(80128K)] 130857K->49969K(767104K), 0.0028220 secs] [Times: user=0.01 sys=0.00, real=0.00 secs] 
2014-07-28T18:24:24.236+0000: 497.923: [GC [PSYoungGen: 80081K->370K(79360K)] 129795K->50107K(766336K), 0.0030960 secs] [Times: user=0.02 sys=0.00, real=0.00 secs] 
2014-07-28T18:24:24.778+0000: 498.465: [GC [PSYoungGen: 79346K->352K(78464K)] 129083K->50153K(765440K), 0.0081540 secs] [Times: user=0.05 sys=0.00, real=0.01 secs] 
2014-07-28T18:24:25.317+0000: 499.004: [GC [PSYoungGen: 78432K->320K(77504K)] 128233K->50161K(764480K), 0.0026580 secs] [Times: user=0.01 sys=0.01, real=0.00 secs] 
2014-07-28T18:24:25.849+0000: 499.536: [GC [PSYoungGen: 77504K->320K(76672K)] 127345K->50241K(763648K), 0.0038270 secs] [Times: user=0.02 sys=0.00, real=0.00 secs] 
2014-07-28T18:24:26.371+0000: 500.058: [GC [PSYoungGen: 76672K->192K(75712K)] 126593K->50145K(762688K), 0.0017250 secs] [Times: user=0.01 sys=0.00, real=0.00 secs] 
2014-07-28T18:24:26.897+0000: 500.584: [GC [PSYoungGen: 75712K->352K(75072K)] 125665K->50393K(762048K), 0.0027190 secs] [Times: user=0.01 sys=0.01, real=0.00 secs] 
2014-07-28T18:24:27.409+0000: 501.096: [GC [PSYoungGen: 75040K->384K(74240K)] 125081K->50497K(761216K), 0.0027740 secs] [Times: user=0.02 sys=0.00, real=0.00 secs] 
2014-07-28T18:24:27.923+0000: 501.610: [GC [PSYoungGen: 74240K->306K(73408K)] 124353K->50451K(760384K), 0.0067050 secs] [Times: user=0.03 sys=0.01, real=0.01 secs] 
2014-07-28T18:24:28.432+0000: 502.119: [GC [PSYoungGen: 73394K->256K(72576K)] 123539K->50441K(759552K), 0.0069540 secs] [Times: user=0.02 sys=0.01, real=0.01 secs] 
2014-07-28T18:24:28.930+0000: 502.617: [GC [PSYoungGen: 72575K->466K(72064K)] 122761K->50691K(759040K), 0.0040250 secs] [Times: user=0.02 sys=0.01, real=0.00 secs] 
2014-07-28T18:24:29.421+0000: 503.108: [GC [PSYoungGen: 71998K->320K(71104K)] 122224K->50593K(758080K), 0.0051010 secs] [Times: user=0.10 sys=0.08, real=0.16 secs] 
2014-07-28T18:24:29.905+0000: 503.592: [GC [PSYoungGen: 71061K->210K(85248K)] 121334K->50499K(772224K), 0.0060310 secs] [Times: user=0.03 sys=0.00, real=0.01 secs] 
2014-07-28T18:24:30.492+0000: 504.179: [GC [PSYoungGen: 85202K->256K(102272K)] 135491K->50585K(789248K), 0.0050320 secs] [Times: user=0.03 sys=0.01, real=0.01 secs] 
2014-07-28T18:24:31.192+0000: 504.879: [GC [PSYoungGen: 102272K->320K(100928K)] 152601K->50657K(787904K), 0.0027620 secs] [Times: user=0.02 sys=0.00, real=0.00 secs] 
2014-07-28T18:24:31.885+0000: 505.572: [GC [PSYoungGen: 100885K->256K(99456K)] 151223K->50657K(786432K), 0.0025580 secs] [Times: user=0.01 sys=0.01, real=0.01 secs] 
2014-07-28T18:24:32.567+0000: 506.254: [GC [PSYoungGen: 99430K->320K(98176K)] 149831K->50785K(785152K), 0.0031110 secs] [Times: user=0.02 sys=0.00, real=0.00 secs] 
2014-07-28T18:24:33.239+0000: 506.926: [GC [PSYoungGen: 98175K->192K(96704K)] 148641K->50681K(783680K), 0.0022260 secs] [Times: user=0.01 sys=0.00, real=0.00 secs] 
2014-07-28T18:24:33.902+0000: 507.589: [GC [PSYoungGen: 96704K->480K(95744K)] 147193K->51081K(782720K), 0.0030810 secs] [Times: user=0.02 sys=0.00, real=0.00 secs] 
2014-07-28T18:24:34.562+0000: 508.249: [GC [PSYoungGen: 95712K->544K(94528K)] 146313K->51193K(781504K), 0.0061850 secs] [Times: user=0.03 sys=0.01, real=0.01 secs] 
2014-07-28T18:24:35.219+0000: 508.906: [GC [PSYoungGen: 94496K->128K(92864K)] 145145K->50939K(779840K), 0.0035010 secs] [Times: user=0.02 sys=0.00, real=0.00 secs] 
2014-07-28T18:24:35.861+0000: 509.548: [GC [PSYoungGen: 92864K->274K(91840K)] 143675K->51093K(778816K), 0.0058240 secs] [Times: user=0.17 sys=0.15, real=0.32 secs] 
2014-07-28T18:24:36.617+0000: 510.304: [GC [PSYoungGen: 91794K->224K(90624K)] 142613K->51125K(777600K), 0.0038390 secs] [Times: user=0.03 sys=0.00, real=0.00 secs] 
2014-07-28T18:24:37.240+0000: 510.927: [GC [PSYoungGen: 90561K->352K(89600K)] 141462K->51325K(776576K), 0.0031760 secs] [Times: user=0.03 sys=0.00, real=0.00 secs] 
2014-07-28T18:24:37.853+0000: 511.540: [GC [PSYoungGen: 89568K->256K(88384K)] 140541K->51285K(775360K), 0.0034840 secs] [Times: user=0.02 sys=0.00, real=0.00 secs] 
2014-07-28T18:24:38.460+0000: 512.147: [GC [PSYoungGen: 88384K->512K(87552K)] 139413K->51565K(774528K), 0.0026700 secs] [Times: user=0.01 sys=0.00, real=0.00 secs] 
2014-07-28T18:24:39.060+0000: 512.747: [GC [PSYoungGen: 87552K->224K(86208K)] 138605K->51317K(773184K), 0.0025070 secs] [Times: user=0.01 sys=0.00, real=0.00 secs] 
2014-07-28T18:24:39.650+0000: 513.337: [GC [PSYoungGen: 86176K->416K(85376K)] 137269K->51565K(772352K), 0.0026500 secs] [Times: user=0.02 sys=0.00, real=0.00 secs] 
2014-07-28T18:24:40.238+0000: 513.925: [GC [PSYoungGen: 85344K->384K(84288K)] 136493K->51597K(771264K), 0.0023240 secs] [Times: user=0.01 sys=0.00, real=0.00 secs] 
2014-07-28T18:24:40.810+0000: 514.497: [GC [PSYoungGen: 84288K->384K(83264K)] 135501K->51653K(770240K), 0.0042020 secs] [Times: user=0.02 sys=0.00, real=0.00 secs] 
2014-07-28T18:24:41.385+0000: 515.072: [GC [PSYoungGen: 83247K->274K(82240K)] 134516K->51551K(769216K), 0.0044350 secs] [Times: user=0.01 sys=0.00, real=0.01 secs] 
2014-07-28T18:24:41.949+0000: 515.636: [GC [PSYoungGen: 82194K->288K(81280K)] 133471K->51597K(768256K), 0.0026260 secs] [Times: user=0.01 sys=0.00, real=0.00 secs] 
2014-07-28T18:24:42.508+0000: 516.195: [GC [PSYoungGen: 81247K->320K(80320K)] 132557K->51653K(767296K), 0.0045840 secs] [Times: user=0.02 sys=0.00, real=0.00 secs] 
2014-07-28T18:24:43.050+0000: 516.737: [GC [PSYoungGen: 80320K->320K(79424K)] 131653K->51685K(766400K), 0.0059310 secs] [Times: user=0.03 sys=0.01, real=0.00 secs] 
2014-07-28T18:24:43.594+0000: 517.281: [GC [PSYoungGen: 79424K->256K(78464K)] 130789K->51661K(765440K), 0.0030340 secs] [Times: user=0.02 sys=0.00, real=0.01 secs] 
2014-07-28T18:24:44.131+0000: 517.818: [GC [PSYoungGen: 78464K->256K(77568K)] 129869K->51693K(764544K), 0.0048680 secs] [Times: user=0.02 sys=0.00, real=0.00 secs] 
2014-07-28T18:24:44.664+0000: 518.350: [GC [PSYoungGen: 77568K->160K(76672K)] 129005K->51605K(763648K), 0.0052070 secs] [Times: user=0.02 sys=0.00, real=0.01 secs] 
2014-07-28T18:24:45.189+0000: 518.875: [GC [PSYoungGen: 76640K->288K(75968K)] 128085K->51781K(762944K), 0.0052360 secs] [Times: user=0.03 sys=0.00, real=0.00 secs] 
2014-07-28T18:24:45.707+0000: 519.393: [GC [PSYoungGen: 75936K->320K(75136K)] 127429K->51893K(762112K), 0.0027830 secs] [Times: user=0.02 sys=0.00, real=0.01 secs] 
2014-07-28T18:24:46.224+0000: 519.911: [GC [PSYoungGen: 75136K->416K(74432K)] 126709K->52077K(761408K), 0.0021730 secs] [Times: user=0.02 sys=0.00, real=0.00 secs] 
2014-07-28T18:24:46.734+0000: 520.420: [GC [PSYoungGen: 74370K->320K(73536K)] 126032K->52093K(760512K), 0.0032000 secs] [Times: user=0.02 sys=0.00, real=0.00 secs] 
2014-07-28T18:24:47.236+0000: 520.923: [GC [PSYoungGen: 73536K->192K(72640K)] 125309K->51989K(759616K), 0.0028330 secs] [Times: user=0.02 sys=0.01, real=0.01 secs] 
2014-07-28T18:24:47.737+0000: 521.424: [GC [PSYoungGen: 72640K->338K(72064K)] 124437K->52175K(759040K), 0.0030570 secs] [Times: user=0.01 sys=0.00, real=0.01 secs] 
2014-07-28T18:24:48.229+0000: 521.916: [GC [PSYoungGen: 72011K->402K(71360K)] 123849K->52263K(758336K), 0.0028400 secs] [Times: user=0.01 sys=0.01, real=0.00 secs] 
2014-07-28T18:24:48.717+0000: 522.404: [GC [PSYoungGen: 71287K->384K(70592K)] 123149K->52381K(757568K), 0.0037580 secs] [Times: user=0.03 sys=0.00, real=0.01 secs] 
2014-07-28T18:24:49.200+0000: 522.887: [GC [PSYoungGen: 70567K->288K(69824K)] 122564K->52309K(756800K), 0.0071320 secs] [Times: user=0.04 sys=0.00, real=0.00 secs] 
2014-07-28T18:24:49.679+0000: 523.365: [GC [PSYoungGen: 69792K->320K(69120K)] 121813K->52421K(756096K), 0.0033110 secs] [Times: user=0.02 sys=0.00, real=0.00 secs] 
2014-07-28T18:24:50.145+0000: 523.832: [GC [PSYoungGen: 69120K->288K(68416K)] 121221K->52445K(755392K), 0.0025500 secs] [Times: user=0.02 sys=0.01, real=0.01 secs] 
2014-07-28T18:24:50.614+0000: 524.301: [GC [PSYoungGen: 68384K->448K(67840K)] 120541K->52645K(754816K), 0.0039450 secs] [Times: user=0.02 sys=0.00, real=0.00 secs] 
2014-07-28T18:24:51.078+0000: 524.765: [GC [PSYoungGen: 67840K->256K(67008K)] 120037K->52509K(753984K), 0.0025190 secs] [Times: user=0.01 sys=0.00, real=0.01 secs] 
2014-07-28T18:24:51.538+0000: 525.225: [GC [PSYoungGen: 67008K->288K(66432K)] 119261K->52597K(753408K), 0.0026440 secs] [Times: user=0.01 sys=0.00, real=0.01 secs] 
2014-07-28T18:24:51.995+0000: 525.682: [GC [PSYoungGen: 66400K->370K(65856K)] 118709K->52751K(752832K), 0.0027270 secs] [Times: user=0.02 sys=0.00, real=0.00 secs] 
2014-07-28T18:24:52.446+0000: 526.133: [GC [PSYoungGen: 65842K->192K(65024K)] 118223K->52597K(752000K), 0.0031260 secs] [Times: user=0.02 sys=0.01, real=0.01 secs] 
2014-07-28T18:24:52.893+0000: 526.580: [GC [PSYoungGen: 65024K->256K(64448K)] 117429K->52725K(751424K), 0.0065000 secs] [Times: user=0.03 sys=0.00, real=0.01 secs] 
2014-07-28T18:24:53.336+0000: 527.023: [GC [PSYoungGen: 64448K->320K(63872K)] 116917K->52853K(750848K), 0.0038190 secs] [Times: user=0.02 sys=0.00, real=0.01 secs] 
2014-07-28T18:24:53.773+0000: 527.460: [GC [PSYoungGen: 63854K->320K(63296K)] 116387K->52909K(750272K), 0.0055750 secs] [Times: user=0.03 sys=0.01, real=0.00 secs] 
2014-07-28T18:24:54.207+0000: 527.894: [GC [PSYoungGen: 63296K->288K(62720K)] 115885K->52909K(749696K), 0.0022490 secs] [Times: user=0.02 sys=0.00, real=0.01 secs] 
2014-07-28T18:24:54.638+0000: 528.325: [GC [PSYoungGen: 62688K->288K(62144K)] 115309K->52949K(749120K), 0.0028140 secs] [Times: user=0.01 sys=0.00, real=0.01 secs] 
2014-07-28T18:24:55.063+0000: 528.750: [GC [PSYoungGen: 62112K->224K(61504K)] 114773K->52901K(748480K), 0.0042600 secs] [Times: user=0.01 sys=0.00, real=0.00 secs] 
2014-07-28T18:24:55.500+0000: 529.187: [GC [PSYoungGen: 61472K->224K(60928K)] 114149K->52949K(747904K), 0.0049870 secs] [Times: user=0.01 sys=0.00, real=0.00 secs] 
2014-07-28T18:24:55.910+0000: 529.597: [GC [PSYoungGen: 60880K->288K(60416K)] 113606K->53053K(747392K), 0.0035540 secs] [Times: user=0.01 sys=0.00, real=0.00 secs] 
2014-07-28T18:24:56.313+0000: 530.000: [GC [PSYoungGen: 60366K->288K(59904K)] 113132K->53109K(746880K), 0.0032060 secs] [Times: user=0.02 sys=0.00, real=0.00 secs] 
2014-07-28T18:24:56.721+0000: 530.408: [GC [PSYoungGen: 59872K->256K(59328K)] 112693K->53133K(746304K), 0.0037020 secs] [Times: user=0.02 sys=0.00, real=0.00 secs] 
2014-07-28T18:24:57.128+0000: 530.815: [GC [PSYoungGen: 59328K->224K(58816K)] 112205K->53141K(745792K), 0.0041120 secs] [Times: user=0.02 sys=0.01, real=0.01 secs] 
2014-07-28T18:24:57.531+0000: 531.218: [GC [PSYoungGen: 58780K->224K(58304K)] 111697K->53165K(745280K), 0.0045700 secs] [Times: user=0.02 sys=0.00, real=0.00 secs] 
2014-07-28T18:24:57.929+0000: 531.616: [GC [PSYoungGen: 58272K->224K(69952K)] 111213K->53213K(756928K), 0.0047270 secs] [Times: user=0.03 sys=0.00, real=0.01 secs] 
2014-07-28T18:24:58.408+0000: 532.095: [GC [PSYoungGen: 69920K->256K(69248K)] 122909K->53285K(756224K), 0.0041000 secs] [Times: user=0.02 sys=0.00, real=0.01 secs] 
2014-07-28T18:24:58.887+0000: 532.574: [GC [PSYoungGen: 69248K->224K(68544K)] 122277K->53301K(755520K), 0.0037090 secs] [Times: user=0.03 sys=0.00, real=0.01 secs] 
2014-07-28T18:24:59.359+0000: 533.046: [GC [PSYoungGen: 68512K->384K(67968K)] 121589K->53517K(754944K), 0.0036920 secs] [Times: user=0.02 sys=0.00, real=0.01 secs] 
2014-07-28T18:24:59.827+0000: 533.514: [GC [PSYoungGen: 67968K->210K(81408K)] 121101K->53367K(768384K), 0.0067760 secs] [Times: user=0.04 sys=0.00, real=0.01 secs] 
2014-07-28T18:25:00.387+0000: 534.073: [GC [PSYoungGen: 81362K->320K(80512K)] 134519K->53557K(767488K), 0.0021750 secs] [Times: user=0.02 sys=0.00, real=0.00 secs] 
2014-07-28T18:25:00.939+0000: 534.626: [GC [PSYoungGen: 80512K->512K(79808K)] 133749K->53845K(766784K), 0.0036480 secs] [Times: user=0.02 sys=0.01, real=0.01 secs] 
2014-07-28T18:25:01.482+0000: 535.169: [GC [PSYoungGen: 79808K->256K(78656K)] 133141K->53637K(765632K), 0.0058530 secs] [Times: user=0.03 sys=0.00, real=0.00 secs] 
2014-07-28T18:25:02.022+0000: 535.709: [GC [PSYoungGen: 78656K->352K(77888K)] 132037K->53781K(764864K), 0.0039000 secs] [Times: user=0.01 sys=0.01, real=0.00 secs] 
2014-07-28T18:25:02.556+0000: 536.243: [GC [PSYoungGen: 77856K->306K(76992K)] 131285K->53751K(763968K), 0.0033800 secs] [Times: user=0.01 sys=0.00, real=0.00 secs] 
2014-07-28T18:25:03.080+0000: 536.767: [GC [PSYoungGen: 76978K->192K(76032K)] 130423K->53685K(763008K), 0.0054780 secs] [Times: user=0.03 sys=0.01, real=0.00 secs] 
2014-07-28T18:25:03.603+0000: 537.290: [GC [PSYoungGen: 76032K->160K(75200K)] 129525K->53669K(762176K), 0.0026750 secs] [Times: user=0.01 sys=0.01, real=0.00 secs] 
2014-07-28T18:25:04.118+0000: 537.805: [GC [PSYoungGen: 75168K->256K(74432K)] 128677K->53813K(761408K), 0.0023820 secs] [Times: user=0.01 sys=0.00, real=0.01 secs] 
2014-07-28T18:25:04.629+0000: 538.316: [GC [PSYoungGen: 74432K->256K(73664K)] 127989K->53837K(760640K), 0.0048550 secs] [Times: user=0.03 sys=0.01, real=0.01 secs] 
2014-07-28T18:25:05.131+0000: 538.818: [GC [PSYoungGen: 73664K->320K(72960K)] 127245K->53973K(759936K), 0.0031080 secs] [Times: user=0.02 sys=0.01, real=0.01 secs] 
2014-07-28T18:25:05.630+0000: 539.317: [GC [PSYoungGen: 72960K->384K(72256K)] 126613K->54101K(759232K), 0.0039360 secs] [Times: user=0.02 sys=0.00, real=0.01 secs] 
2014-07-28T18:25:06.126+0000: 539.813: [GC [PSYoungGen: 72256K->224K(71360K)] 125973K->53981K(758336K), 0.0062030 secs] [Times: user=0.04 sys=0.00, real=0.01 secs] 
2014-07-28T18:25:06.617+0000: 540.304: [GC [PSYoungGen: 71328K->448K(70784K)] 125085K->54261K(757760K), 0.0052080 secs] [Times: user=0.02 sys=0.00, real=0.01 secs] 
2014-07-28T18:25:07.108+0000: 540.795: [GC [PSYoungGen: 70784K->416K(70080K)] 124597K->54309K(757056K), 0.0041250 secs] [Times: user=0.02 sys=0.00, real=0.01 secs] 
2014-07-28T18:25:07.582+0000: 541.269: [GC [PSYoungGen: 70048K->224K(69184K)] 123941K->54149K(756160K), 0.0060100 secs] [Times: user=0.03 sys=0.00, real=0.00 secs] 
2014-07-28T18:25:08.054+0000: 541.741: [GC [PSYoungGen: 69152K->288K(68544K)] 123077K->54245K(755520K), 0.0038490 secs] [Times: user=0.02 sys=0.00, real=0.00 secs] 
2014-07-28T18:25:08.523+0000: 542.210: [GC [PSYoungGen: 68512K->416K(67968K)] 122469K->54413K(754944K), 0.0048180 secs] [Times: user=0.02 sys=0.00, real=0.00 secs] 
2014-07-28T18:25:08.989+0000: 542.676: [GC [PSYoungGen: 67899K->288K(67200K)] 121897K->54333K(754176K), 0.0036750 secs] [Times: user=0.02 sys=0.00, real=0.01 secs] 
2014-07-28T18:25:09.441+0000: 543.128: [GC [PSYoungGen: 67168K->224K(66496K)] 121213K->54309K(753472K), 0.0016480 secs] [Times: user=0.01 sys=0.00, real=0.01 secs] 
2014-07-28T18:25:09.900+0000: 543.587: [GC [PSYoungGen: 66416K->224K(65856K)] 120502K->54365K(752832K), 0.0043250 secs] [Times: user=0.02 sys=0.00, real=0.01 secs] 
2014-07-28T18:25:10.352+0000: 544.039: [GC [PSYoungGen: 65824K->224K(65216K)] 119965K->54397K(752192K), 0.0049110 secs] [Times: user=0.02 sys=0.01, real=0.00 secs] 
2014-07-28T18:25:10.801+0000: 544.488: [GC [PSYoungGen: 65184K->448K(64768K)] 119357K->54717K(751744K), 0.0026560 secs] [Times: user=0.01 sys=0.00, real=0.01 secs] 
2014-07-28T18:25:11.244+0000: 544.930: [GC [PSYoungGen: 64768K->192K(63872K)] 119037K->54493K(750848K), 0.0036000 secs] [Times: user=0.02 sys=0.00, real=0.00 secs] 
2014-07-28T18:25:11.682+0000: 545.369: [GC [PSYoungGen: 63872K->224K(63360K)] 118173K->54565K(750336K), 0.0031180 secs] [Times: user=0.01 sys=0.00, real=0.01 secs] 
2014-07-28T18:25:12.111+0000: 545.797: [GC [PSYoungGen: 63328K->256K(62784K)] 117669K->54605K(749760K), 0.0032050 secs] [Times: user=0.02 sys=0.00, real=0.01 secs] 
2014-07-28T18:25:12.541+0000: 546.228: [GC [PSYoungGen: 62784K->288K(75392K)] 117133K->54677K(762368K), 0.0097590 secs] [Times: user=0.05 sys=0.00, real=0.01 secs] 
2014-07-28T18:25:13.059+0000: 546.746: [GC [PSYoungGen: 75360K->224K(90368K)] 129749K->54661K(777344K), 0.0037710 secs] [Times: user=0.01 sys=0.00, real=0.01 secs] 
2014-07-28T18:25:13.682+0000: 547.369: [GC [PSYoungGen: 90336K->288K(89280K)] 144773K->54773K(776256K), 0.0031430 secs] [Times: user=0.01 sys=0.00, real=0.00 secs] 
2014-07-28T18:25:14.297+0000: 547.984: [GC [PSYoungGen: 89248K->288K(88192K)] 143733K->54805K(775168K), 0.0031930 secs] [Times: user=0.01 sys=0.01, real=0.00 secs] 
2014-07-28T18:25:14.906+0000: 548.593: [GC [PSYoungGen: 88132K->306K(87104K)] 142650K->54871K(774080K), 0.0078800 secs] [Times: user=0.04 sys=0.01, real=0.01 secs] 
2014-07-28T18:25:15.506+0000: 549.193: [GC [PSYoungGen: 87090K->256K(85952K)] 141655K->54853K(772928K), 0.0029390 secs] [Times: user=0.01 sys=0.01, real=0.00 secs] 
2014-07-28T18:25:16.092+0000: 549.779: [GC [PSYoungGen: 85952K->320K(84992K)] 140549K->54981K(771968K), 0.0035380 secs] [Times: user=0.02 sys=0.01, real=0.01 secs] 
2014-07-28T18:25:16.678+0000: 550.365: [GC [PSYoungGen: 84992K->352K(84032K)] 139653K->55061K(771008K), 0.0026800 secs] [Times: user=0.02 sys=0.00, real=0.00 secs] 
2014-07-28T18:25:17.249+0000: 550.936: [GC [PSYoungGen: 84000K->352K(83008K)] 138709K->55133K(769984K), 0.0025280 secs] [Times: user=0.01 sys=0.00, real=0.00 secs] 
2014-07-28T18:25:17.817+0000: 551.504: [GC [PSYoungGen: 82976K->192K(81856K)] 137757K->55069K(768832K), 0.0028140 secs] [Times: user=0.02 sys=0.00, real=0.00 secs] 
2014-07-28T18:25:18.382+0000: 552.069: [GC [PSYoungGen: 81815K->320K(81024K)] 136693K->55229K(768000K), 0.0025540 secs] [Times: user=0.01 sys=0.01, real=0.01 secs] 
2014-07-28T18:25:18.939+0000: 552.626: [GC [PSYoungGen: 81024K->384K(80128K)] 135933K->55373K(767104K), 0.0033140 secs] [Times: user=0.01 sys=0.00, real=0.00 secs] 
2014-07-28T18:25:19.487+0000: 553.174: [GC [PSYoungGen: 80128K->416K(79296K)] 135117K->55461K(766272K), 0.0042330 secs] [Times: user=0.02 sys=0.00, real=0.00 secs] 
2014-07-28T18:25:20.030+0000: 553.717: [GC [PSYoungGen: 79264K->128K(78080K)] 134309K->55325K(765056K), 0.0045630 secs] [Times: user=0.02 sys=0.01, real=0.01 secs] 
2014-07-28T18:25:20.568+0000: 554.255: [GC [PSYoungGen: 78035K->370K(77440K)] 133233K->55599K(764416K), 0.0026940 secs] [Times: user=0.01 sys=0.00, real=0.00 secs] 
2014-07-28T18:25:21.098+0000: 554.785: [GC [PSYoungGen: 77426K->320K(76544K)] 132655K->55597K(763520K), 0.0053390 secs] [Times: user=0.04 sys=0.02, real=0.03 secs] 
2014-07-28T18:25:21.629+0000: 555.316: [GC [PSYoungGen: 76508K->224K(75648K)] 131786K->55525K(762624K), 0.0091350 secs] [Times: user=0.04 sys=0.01, real=0.01 secs] 
2014-07-28T18:25:22.148+0000: 555.835: [GC [PSYoungGen: 75570K->320K(88512K)] 130872K->55661K(775488K), 0.0058460 secs] [Times: user=0.03 sys=0.00, real=0.01 secs] 
2014-07-28T18:25:22.753+0000: 556.439: [GC [PSYoungGen: 88320K->352K(87296K)] 143661K->55733K(774272K), 0.0057630 secs] [Times: user=0.03 sys=0.01, real=0.01 secs] 
2014-07-28T18:25:23.353+0000: 557.039: [GC [PSYoungGen: 87264K->128K(85952K)] 142645K->55581K(772928K), 0.0032950 secs] [Times: user=0.02 sys=0.00, real=0.01 secs] 
2014-07-28T18:25:23.947+0000: 557.633: [GC [PSYoungGen: 85952K->256K(85312K)] 141405K->55749K(772288K), 0.0076450 secs] [Times: user=0.04 sys=0.00, real=0.01 secs] 
2014-07-28T18:25:24.530+0000: 558.217: [GC [PSYoungGen: 85051K->448K(84224K)] 140545K->56005K(771200K), 0.0028260 secs] [Times: user=0.02 sys=0.00, real=0.00 secs] 
2014-07-28T18:25:25.107+0000: 558.793: [GC [PSYoungGen: 84224K->352K(83136K)] 139781K->55989K(770112K), 0.0051400 secs] [Times: user=0.02 sys=0.00, real=0.00 secs] 
2014-07-28T18:25:25.678+0000: 559.365: [GC [PSYoungGen: 83104K->224K(82048K)] 138741K->55917K(769024K), 0.0031000 secs] [Times: user=0.01 sys=0.01, real=0.00 secs] 
2014-07-28T18:25:26.237+0000: 559.923: [GC [PSYoungGen: 82016K->434K(81280K)] 137709K->56199K(768256K), 0.0057060 secs] [Times: user=0.03 sys=0.01, real=0.00 secs] 
2014-07-28T18:25:26.793+0000: 560.480: [GC [PSYoungGen: 81258K->352K(80256K)] 137024K->56189K(767232K), 0.0040090 secs] [Times: user=0.03 sys=0.00, real=0.01 secs] 
2014-07-28T18:25:27.342+0000: 561.029: [GC [PSYoungGen: 80224K->320K(79296K)] 136061K->56197K(766272K), 0.0033570 secs] [Times: user=0.02 sys=0.00, real=0.01 secs] 
2014-07-28T18:25:27.886+0000: 561.573: [GC [PSYoungGen: 79296K->306K(78400K)] 135173K->56207K(765376K), 0.0040140 secs] [Times: user=0.01 sys=0.00, real=0.00 secs] 
2014-07-28T18:25:28.427+0000: 562.114: [GC [PSYoungGen: 78386K->434K(77632K)] 134287K->56391K(764608K), 0.0025100 secs] [Times: user=0.01 sys=0.00, real=0.00 secs] 
2014-07-28T18:25:28.957+0000: 562.644: [GC [PSYoungGen: 77591K->192K(76544K)] 133549K->56157K(763520K), 0.0051150 secs] [Times: user=0.01 sys=0.01, real=0.00 secs] 
2014-07-28T18:25:29.494+0000: 563.181: [GC [PSYoungGen: 76529K->352K(75904K)] 132495K->56357K(762880K), 0.0027160 secs] [Times: user=0.01 sys=0.00, real=0.00 secs] 
2014-07-28T18:25:29.997+0000: 563.684: [GC [PSYoungGen: 75872K->320K(75008K)] 131877K->56389K(761984K), 0.0039170 secs] [Times: user=0.02 sys=0.01, real=0.00 secs] 
2014-07-28T18:25:30.512+0000: 564.199: [GC [PSYoungGen: 74962K->256K(74112K)] 131032K->56357K(761088K), 0.0035000 secs] [Times: user=0.02 sys=0.00, real=0.01 secs] 
2014-07-28T18:25:31.022+0000: 564.709: [GC [PSYoungGen: 74112K->384K(73472K)] 130213K->56565K(760448K), 0.0036740 secs] [Times: user=0.02 sys=0.00, real=0.01 secs] 
2014-07-28T18:25:31.526+0000: 565.213: [GC [PSYoungGen: 73472K->416K(72768K)] 129653K->56621K(759744K), 0.0026410 secs] [Times: user=0.02 sys=0.00, real=0.00 secs] 
2014-07-28T18:25:32.020+0000: 565.707: [GC [PSYoungGen: 72736K->256K(71808K)] 128941K->56517K(758784K), 0.0037580 secs] [Times: user=0.02 sys=0.01, real=0.00 secs] 
2014-07-28T18:25:32.512+0000: 566.198: [GC [PSYoungGen: 71808K->192K(70976K)] 128069K->56485K(757952K), 0.0027250 secs] [Times: user=0.01 sys=0.00, real=0.00 secs] 
2014-07-28T18:25:32.999+0000: 566.685: [GC [PSYoungGen: 70976K->192K(70272K)] 127269K->56517K(757248K), 0.0026060 secs] [Times: user=0.01 sys=0.00, real=0.00 secs] 
2014-07-28T18:25:33.480+0000: 567.167: [GC [PSYoungGen: 70272K->224K(69632K)] 126597K->56589K(756608K), 0.0030340 secs] [Times: user=0.01 sys=0.00, real=0.00 secs] 
2014-07-28T18:25:33.959+0000: 567.646: [GC [PSYoungGen: 69600K->224K(68928K)] 125965K->56629K(755904K), 0.0031870 secs] [Times: user=0.02 sys=0.01, real=0.00 secs] 
2014-07-28T18:25:34.434+0000: 568.121: [GC [PSYoungGen: 68896K->256K(68224K)] 125301K->56693K(755200K), 0.0037340 secs] [Times: user=0.03 sys=0.00, real=0.01 secs] 
2014-07-28T18:25:34.908+0000: 568.595: [GC [PSYoungGen: 68224K->480K(67776K)] 124661K->56997K(754752K), 0.0043390 secs] [Times: user=0.02 sys=0.01, real=0.00 secs] 
2014-07-28T18:25:35.369+0000: 569.056: [GC [PSYoungGen: 67721K->530K(67200K)] 124239K->57095K(754176K), 0.0054110 secs] [Times: user=0.03 sys=0.01, real=0.01 secs] 
2014-07-28T18:25:35.833+0000: 569.520: [GC [PSYoungGen: 67154K->128K(66112K)] 123719K->56789K(753088K), 0.0065490 secs] [Times: user=0.02 sys=0.00, real=0.01 secs] 
2014-07-28T18:25:36.288+0000: 569.975: [GC [PSYoungGen: 66112K->416K(65792K)] 122773K->57133K(752768K), 0.0037270 secs] [Times: user=0.03 sys=0.00, real=0.00 secs] 
2014-07-28T18:25:36.735+0000: 570.422: [GC [PSYoungGen: 65718K->352K(65088K)] 122436K->57141K(752064K), 0.0032740 secs] [Times: user=0.02 sys=0.00, real=0.00 secs] 
2014-07-28T18:25:37.179+0000: 570.866: [GC [PSYoungGen: 65056K->288K(64384K)] 121845K->57109K(751360K), 0.0049820 secs] [Times: user=0.02 sys=0.00, real=0.00 secs] 
2014-07-28T18:25:37.621+0000: 571.308: [GC [PSYoungGen: 64352K->320K(63808K)] 121173K->57197K(750784K), 0.0025320 secs] [Times: user=0.01 sys=0.01, real=0.00 secs] 
2014-07-28T18:25:38.056+0000: 571.743: [GC [PSYoungGen: 63808K->448K(63360K)] 120685K->57413K(750336K), 0.0020650 secs] [Times: user=0.01 sys=0.00, real=0.01 secs] 
2014-07-28T18:25:38.486+0000: 572.173: [GC [PSYoungGen: 63360K->256K(62592K)] 120325K->57269K(749568K), 0.0037330 secs] [Times: user=0.02 sys=0.00, real=0.00 secs] 
2014-07-28T18:25:38.916+0000: 572.603: [GC [PSYoungGen: 62592K->384K(62144K)] 119605K->57485K(749120K), 0.0038340 secs] [Times: user=0.02 sys=0.00, real=0.00 secs] 
2014-07-28T18:25:39.341+0000: 573.027: [GC [PSYoungGen: 62144K->256K(61440K)] 119245K->57397K(748416K), 0.0039620 secs] [Times: user=0.02 sys=0.00, real=0.00 secs] 
2014-07-28T18:25:39.759+0000: 573.446: [GC [PSYoungGen: 61440K->160K(60800K)] 118581K->57317K(747776K), 0.0034600 secs] [Times: user=0.01 sys=0.00, real=0.00 secs] 
2014-07-28T18:25:40.179+0000: 573.866: [GC [PSYoungGen: 60768K->352K(60416K)] 117925K->57557K(747392K), 0.0039700 secs] [Times: user=0.03 sys=0.00, real=0.00 secs] 
2014-07-28T18:25:40.590+0000: 574.277: [GC [PSYoungGen: 60341K->160K(59712K)] 117547K->57381K(746688K), 0.0039140 secs] [Times: user=0.01 sys=0.00, real=0.00 secs] 
2014-07-28T18:25:40.996+0000: 574.683: [GC [PSYoungGen: 59641K->416K(59456K)] 116863K->57709K(746432K), 0.0058700 secs] [Times: user=0.04 sys=0.01, real=0.00 secs] 
2014-07-28T18:25:41.404+0000: 575.091: [GC [PSYoungGen: 59420K->306K(71168K)] 116713K->57631K(758144K), 0.0062310 secs] [Times: user=0.03 sys=0.01, real=0.01 secs] 
2014-07-28T18:25:41.887+0000: 575.574: [GC [PSYoungGen: 71154K->288K(80960K)] 128479K->57645K(767936K), 0.0092520 secs] [Times: user=0.05 sys=0.00, real=0.01 secs] 
2014-07-28T18:25:42.444+0000: 576.130: [GC [PSYoungGen: 80768K->224K(81088K)] 138125K->57613K(768064K), 0.0036320 secs] [Times: user=0.01 sys=0.00, real=0.01 secs] 
2014-07-28T18:25:42.995+0000: 576.682: [GC [PSYoungGen: 80736K->352K(80000K)] 138125K->57821K(766976K), 0.0031360 secs] [Times: user=0.02 sys=0.00, real=0.01 secs] 
2014-07-28T18:25:43.543+0000: 577.230: [GC [PSYoungGen: 79968K->224K(78976K)] 137437K->57733K(765952K), 0.0026930 secs] [Times: user=0.02 sys=0.00, real=0.01 secs] 
2014-07-28T18:25:44.086+0000: 577.772: [GC [PSYoungGen: 78944K->288K(94784K)] 136453K->57837K(781760K), 0.0101490 secs] [Times: user=0.07 sys=0.00, real=0.01 secs] 
2014-07-28T18:25:44.736+0000: 578.423: [GC [PSYoungGen: 94752K->320K(96576K)] 152301K->57917K(783552K), 0.0054370 secs] [Times: user=0.03 sys=0.00, real=0.01 secs] 
2014-07-28T18:25:45.399+0000: 579.086: [GC [PSYoungGen: 96384K->192K(94976K)] 153981K->57829K(781952K), 0.0038040 secs] [Times: user=0.03 sys=0.01, real=0.00 secs] 
2014-07-28T18:25:46.050+0000: 579.737: [GC [PSYoungGen: 94935K->402K(94016K)] 152573K->58119K(780992K), 0.0031590 secs] [Times: user=0.02 sys=0.01, real=0.00 secs] 
2014-07-28T18:25:46.694+0000: 580.381: [GC [PSYoungGen: 93970K->320K(92672K)] 151687K->58069K(779648K), 0.0052840 secs] [Times: user=0.02 sys=0.00, real=0.01 secs] 
2014-07-28T18:25:47.327+0000: 581.014: [GC [PSYoungGen: 92626K->384K(91520K)] 150376K->58205K(778496K), 0.0042410 secs] [Times: user=0.02 sys=0.00, real=0.00 secs] 
2014-07-28T18:25:47.960+0000: 581.647: [GC [PSYoungGen: 91520K->352K(90368K)] 149341K->58213K(777344K), 0.0044310 secs] [Times: user=0.02 sys=0.02, real=0.03 secs] 
2014-07-28T18:25:48.586+0000: 582.272: [GC [PSYoungGen: 90336K->384K(89216K)] 148197K->58277K(776192K), 0.0048850 secs] [Times: user=0.02 sys=0.01, real=0.01 secs] 
2014-07-28T18:25:49.199+0000: 582.886: [GC [PSYoungGen: 89198K->320K(88064K)] 147092K->58357K(775040K), 0.0034960 secs] [Times: user=0.19 sys=0.18, real=0.36 secs] 
2014-07-28T18:25:49.833+0000: 583.520: [GC [PSYoungGen: 88063K->256K(86912K)] 146101K->58325K(773888K), 0.0035960 secs] [Times: user=0.02 sys=0.01, real=0.00 secs] 
2014-07-28T18:25:50.392+0000: 584.079: [GC [PSYoungGen: 86912K->256K(85824K)] 144981K->58373K(772800K), 0.0020940 secs] [Times: user=0.01 sys=0.00, real=0.00 secs] 
2014-07-28T18:25:50.982+0000: 584.669: [GC [PSYoungGen: 85824K->224K(84800K)] 143941K->58373K(771776K), 0.0023460 secs] [Times: user=0.01 sys=0.00, real=0.00 secs] 
2014-07-28T18:25:51.566+0000: 585.253: [GC [PSYoungGen: 84768K->288K(83840K)] 142917K->58509K(770816K), 0.0027300 secs] [Times: user=0.02 sys=0.00, real=0.01 secs] 
2014-07-28T18:25:52.143+0000: 585.830: [GC [PSYoungGen: 83808K->256K(82816K)] 142029K->58525K(769792K), 0.0028390 secs] [Times: user=0.02 sys=0.00, real=0.00 secs] 
2014-07-28T18:25:52.712+0000: 586.399: [GC [PSYoungGen: 82816K->384K(81984K)] 141085K->58733K(768960K), 0.0030860 secs] [Times: user=0.02 sys=0.00, real=0.00 secs] 
2014-07-28T18:25:53.275+0000: 586.962: [GC [PSYoungGen: 81984K->320K(80960K)] 140333K->58733K(767936K), 0.0024030 secs] [Times: user=0.01 sys=0.00, real=0.00 secs] 
2014-07-28T18:25:53.828+0000: 587.515: [GC [PSYoungGen: 80960K->370K(80064K)] 139373K->58823K(767040K), 0.0030980 secs] [Times: user=0.02 sys=0.00, real=0.01 secs] 
2014-07-28T18:25:54.377+0000: 588.064: [GC [PSYoungGen: 80050K->224K(79040K)] 138503K->58709K(766016K), 0.0046540 secs] [Times: user=0.03 sys=0.00, real=0.01 secs] 
2014-07-28T18:25:54.936+0000: 588.623: [GC [PSYoungGen: 79008K->288K(78208K)] 137493K->58813K(765184K), 0.0050480 secs] [Times: user=0.03 sys=0.00, real=0.01 secs] 
2014-07-28T18:25:55.494+0000: 589.181: [GC [PSYoungGen: 78176K->288K(77312K)] 136701K->58837K(764288K), 0.0114430 secs] [Times: user=0.06 sys=0.01, real=0.01 secs] 
2014-07-28T18:25:56.045+0000: 589.732: [GC [PSYoungGen: 77252K->384K(76544K)] 135801K->58957K(763520K), 0.0054010 secs] [Times: user=0.03 sys=0.01, real=0.01 secs] 
2014-07-28T18:25:56.585+0000: 590.272: [GC [PSYoungGen: 76544K->384K(75712K)] 135117K->58997K(762688K), 0.0049610 secs] [Times: user=0.02 sys=0.01, real=0.01 secs] 
2014-07-28T18:25:57.085+0000: 590.772: [GC [PSYoungGen: 75684K->288K(74816K)] 134297K->58957K(761792K), 0.0027670 secs] [Times: user=0.02 sys=0.00, real=0.00 secs] 
2014-07-28T18:25:57.609+0000: 591.295: [GC [PSYoungGen: 74784K->256K(73920K)] 133453K->58941K(760896K), 0.0055080 secs] [Times: user=0.02 sys=0.01, real=0.01 secs] 
2014-07-28T18:25:58.112+0000: 591.799: [GC [PSYoungGen: 73920K->224K(88704K)] 132605K->58933K(775680K), 0.0074090 secs] [Times: user=0.04 sys=0.01, real=0.01 secs] 
2014-07-28T18:25:58.716+0000: 592.403: [GC [PSYoungGen: 88672K->288K(87680K)] 147381K->59029K(774656K), 0.0045670 secs] [Times: user=0.03 sys=0.00, real=0.01 secs] 
2014-07-28T18:25:59.320+0000: 593.007: [GC [PSYoungGen: 87648K->192K(86464K)] 146389K->58973K(773440K), 0.0044280 secs] [Times: user=0.02 sys=0.01, real=0.00 secs] 
2014-07-28T18:25:59.913+0000: 593.600: [GC [PSYoungGen: 86464K->256K(85504K)] 145245K->59069K(772480K), 0.0026630 secs] [Times: user=0.01 sys=0.01, real=0.00 secs] 
2014-07-28T18:26:00.499+0000: 594.186: [GC [PSYoungGen: 85504K->192K(84416K)] 144317K->59029K(771392K), 0.0052820 secs] [Times: user=0.02 sys=0.01, real=0.00 secs] 
2014-07-28T18:26:01.084+0000: 594.771: [GC [PSYoungGen: 84416K->256K(83456K)] 143253K->59125K(770432K), 0.0032160 secs] [Times: user=0.02 sys=0.00, real=0.00 secs] 
2014-07-28T18:26:01.670+0000: 595.357: [GC [PSYoungGen: 83456K->434K(82688K)] 142325K->59399K(769664K), 0.0044100 secs] [Times: user=0.03 sys=0.00, real=0.00 secs] 
2014-07-28T18:26:02.249+0000: 595.936: [GC [PSYoungGen: 82674K->224K(81536K)] 141639K->59205K(768512K), 0.0048000 secs] [Times: user=0.02 sys=0.00, real=0.01 secs] 
2014-07-28T18:26:02.817+0000: 596.504: [GC [PSYoungGen: 81504K->384K(80704K)] 140485K->59405K(767680K), 0.0044320 secs] [Times: user=0.02 sys=0.00, real=0.01 secs] 
2014-07-28T18:26:03.371+0000: 597.058: [GC [PSYoungGen: 80698K->256K(79680K)] 139720K->59293K(766656K), 0.0044310 secs] [Times: user=0.01 sys=0.01, real=0.00 secs] 
2014-07-28T18:26:03.929+0000: 597.616: [GC [PSYoungGen: 79679K->452K(79040K)] 138717K->59505K(766016K), 0.0063780 secs] [Times: user=0.04 sys=0.01, real=0.01 secs] 
2014-07-28T18:26:04.485+0000: 598.172: [GC [PSYoungGen: 78980K->288K(77952K)] 138033K->59381K(764928K), 0.0056100 secs] [Times: user=0.03 sys=0.00, real=0.01 secs] 
2014-07-28T18:26:05.031+0000: 598.718: [GC [PSYoungGen: 77920K->352K(77120K)] 137013K->59469K(764096K), 0.0052180 secs] [Times: user=0.11 sys=0.07, real=0.08 secs] 
2014-07-28T18:26:05.612+0000: 599.298: [GC [PSYoungGen: 77088K->576K(76480K)] 136205K->59781K(763456K), 0.0027360 secs] [Times: user=0.02 sys=0.00, real=0.00 secs] 
2014-07-28T18:26:06.086+0000: 599.773: [GC [PSYoungGen: 76477K->242K(75328K)] 135683K->59479K(762304K), 0.0029460 secs] [Times: user=0.02 sys=0.00, real=0.00 secs] 
2014-07-28T18:26:06.602+0000: 600.289: [GC [PSYoungGen: 75314K->288K(74560K)] 134551K->59565K(761536K), 0.0055340 secs] [Times: user=0.03 sys=0.00, real=0.00 secs] 
2014-07-28T18:26:07.110+0000: 600.797: [GC [PSYoungGen: 74528K->224K(73728K)] 133805K->59541K(760704K), 0.0021420 secs] [Times: user=0.01 sys=0.00, real=0.00 secs] 
2014-07-28T18:26:07.617+0000: 601.304: [GC [PSYoungGen: 73696K->160K(72896K)] 133013K->59509K(759872K), 0.0054190 secs] [Times: user=0.03 sys=0.00, real=0.01 secs] 
2014-07-28T18:26:08.115+0000: 601.802: [GC [PSYoungGen: 72864K->160K(72128K)] 132213K->59533K(759104K), 0.0039530 secs] [Times: user=0.02 sys=0.01, real=0.00 secs] 
2014-07-28T18:26:08.611+0000: 602.298: [GC [PSYoungGen: 72096K->160K(71360K)] 131469K->59549K(758336K), 0.0033520 secs] [Times: user=0.02 sys=0.00, real=0.00 secs] 
2014-07-28T18:26:09.099+0000: 602.786: [GC [PSYoungGen: 71328K->320K(70720K)] 130717K->59773K(757696K), 0.0034160 secs] [Times: user=0.02 sys=0.01, real=0.01 secs] 
2014-07-28T18:26:09.586+0000: 603.273: [GC [PSYoungGen: 70687K->274K(70016K)] 130140K->59775K(756992K), 0.0036810 secs] [Times: user=0.02 sys=0.01, real=0.01 secs] 
2014-07-28T18:26:10.067+0000: 603.754: [GC [PSYoungGen: 69970K->160K(69184K)] 129471K->59685K(756160K), 0.0036240 secs] [Times: user=0.01 sys=0.00, real=0.00 secs] 
2014-07-28T18:26:10.539+0000: 604.226: [GC [PSYoungGen: 69152K->288K(68608K)] 128677K->59885K(755584K), 0.0059950 secs] [Times: user=0.03 sys=0.01, real=0.01 secs] 
2014-07-28T18:26:11.017+0000: 604.704: [GC [PSYoungGen: 68576K->288K(67904K)] 128173K->59901K(754880K), 0.0035380 secs] [Times: user=0.02 sys=0.01, real=0.00 secs] 
2014-07-28T18:26:11.488+0000: 605.175: [GC [PSYoungGen: 67872K->320K(67264K)] 127485K->59973K(754240K), 0.0044110 secs] [Times: user=0.03 sys=0.00, real=0.01 secs] 
2014-07-28T18:26:11.957+0000: 605.643: [GC [PSYoungGen: 67264K->352K(66688K)] 126917K->60037K(753664K), 0.0061740 secs] [Times: user=0.04 sys=0.00, real=0.01 secs] 
2014-07-28T18:26:12.412+0000: 606.099: [GC [PSYoungGen: 66656K->256K(65920K)] 126341K->59981K(752896K), 0.0050770 secs] [Times: user=0.03 sys=0.01, real=0.00 secs] 
2014-07-28T18:26:12.890+0000: 606.577: [GC [PSYoungGen: 65920K->434K(79296K)] 125645K->60183K(766272K), 0.0058930 secs] [Times: user=0.04 sys=0.00, real=0.01 secs] 
2014-07-28T18:26:13.468+0000: 607.155: [GC [PSYoungGen: 79282K->384K(78336K)] 139031K->60157K(765312K), 0.0038270 secs] [Times: user=0.02 sys=0.00, real=0.01 secs] 
2014-07-28T18:26:14.004+0000: 607.691: [GC [PSYoungGen: 78336K->256K(77312K)] 138109K->60183K(764288K), 0.0036740 secs] [Times: user=0.02 sys=0.00, real=0.00 secs] 
2014-07-28T18:26:14.564+0000: 608.250: [GC [PSYoungGen: 77312K->576K(76800K)] 137239K->60559K(763776K), 0.0038640 secs] [Times: user=0.02 sys=0.00, real=0.00 secs] 
2014-07-28T18:26:15.080+0000: 608.767: [GC [PSYoungGen: 76800K->288K(75712K)] 136783K->60319K(762688K), 0.0030560 secs] [Times: user=0.01 sys=0.01, real=0.01 secs] 
2014-07-28T18:26:15.649+0000: 609.336: [GC [PSYoungGen: 75680K->466K(91008K)] 135711K->60545K(777984K), 0.0107020 secs] [Times: user=0.06 sys=0.01, real=0.01 secs] 
2014-07-28T18:26:16.300+0000: 609.986: [GC [PSYoungGen: 90962K->352K(89728K)] 151041K->60463K(776704K), 0.0024880 secs] [Times: user=0.01 sys=0.00, real=0.01 secs] 
2014-07-28T18:26:16.956+0000: 610.643: [GC [PSYoungGen: 89696K->352K(88640K)] 149807K->60487K(775616K), 0.0035880 secs] [Times: user=0.01 sys=0.00, real=0.00 secs] 
2014-07-28T18:26:17.554+0000: 611.241: [GC [PSYoungGen: 88566K->256K(87424K)] 148702K->60431K(774400K), 0.0046270 secs] [Times: user=0.03 sys=0.00, real=0.00 secs] 
2014-07-28T18:26:18.153+0000: 611.840: [GC [PSYoungGen: 87424K->224K(86336K)] 147599K->60407K(773312K), 0.0057940 secs] [Times: user=0.02 sys=0.01, real=0.00 secs] 
2014-07-28T18:26:18.742+0000: 612.429: [GC [PSYoungGen: 86304K->320K(85376K)] 146487K->60567K(772352K), 0.0032890 secs] [Times: user=0.01 sys=0.00, real=0.01 secs] 
2014-07-28T18:26:19.330+0000: 613.017: [GC [PSYoungGen: 85376K->384K(84416K)] 145623K->60687K(771392K), 0.0071180 secs] [Times: user=0.05 sys=0.01, real=0.01 secs] 
2014-07-28T18:26:19.907+0000: 613.594: [GC [PSYoungGen: 84416K->288K(83328K)] 144719K->60631K(770304K), 0.0043180 secs] [Times: user=0.03 sys=0.01, real=0.00 secs] 
2014-07-28T18:26:20.479+0000: 614.166: [GC [PSYoungGen: 83296K->256K(99904K)] 143639K->60639K(786880K), 0.0088910 secs] [Times: user=0.05 sys=0.01, real=0.01 secs] 
2014-07-28T18:26:21.164+0000: 614.851: [GC [PSYoungGen: 99904K->224K(98560K)] 160287K->60615K(785536K), 0.0039230 secs] [Times: user=0.02 sys=0.00, real=0.00 secs] 
2014-07-28T18:26:21.845+0000: 615.531: [GC [PSYoungGen: 98528K->288K(97280K)] 158919K->60735K(784256K), 0.0032040 secs] [Times: user=0.02 sys=0.00, real=0.00 secs] 
2014-07-28T18:26:22.514+0000: 616.201: [GC [PSYoungGen: 97248K->502K(96192K)] 157695K->60989K(783168K), 0.0034630 secs] [Times: user=0.02 sys=0.00, real=0.00 secs] 
2014-07-28T18:26:23.178+0000: 616.865: [GC [PSYoungGen: 96182K->352K(94784K)] 156669K->60863K(781760K), 0.0049610 secs] [Times: user=0.02 sys=0.00, real=0.01 secs] 
2014-07-28T18:26:23.844+0000: 617.531: [GC [PSYoungGen: 94752K->288K(93504K)] 155263K->60831K(780480K), 0.0034880 secs] [Times: user=0.02 sys=0.00, real=0.00 secs] 
2014-07-28T18:26:24.500+0000: 618.187: [GC [PSYoungGen: 93472K->576K(92544K)] 154015K->61167K(779520K), 0.0075800 secs] [Times: user=0.05 sys=0.00, real=0.01 secs] 
2014-07-28T18:26:25.144+0000: 618.830: [GC [PSYoungGen: 92543K->306K(91136K)] 153135K->60977K(778112K), 0.0042090 secs] [Times: user=0.08 sys=0.04, real=0.05 secs] 
2014-07-28T18:26:25.813+0000: 619.500: [GC [PSYoungGen: 91122K->480K(90176K)] 151793K->61223K(777152K), 0.0037500 secs] [Times: user=0.02 sys=0.01, real=0.00 secs] 
2014-07-28T18:26:26.461+0000: 620.148: [GC [PSYoungGen: 90144K->512K(89024K)] 150887K->61327K(776000K), 0.0053770 secs] [Times: user=0.03 sys=0.01, real=0.01 secs] 
2014-07-28T18:26:27.070+0000: 620.757: [GC [PSYoungGen: 89024K->288K(87744K)] 149839K->61135K(774720K), 0.0065320 secs] [Times: user=0.04 sys=0.01, real=0.01 secs] 
2014-07-28T18:26:27.695+0000: 621.382: [GC [PSYoungGen: 87712K->448K(86784K)] 148559K->61383K(773760K), 0.0038310 secs] [Times: user=0.02 sys=0.00, real=0.00 secs] 
2014-07-28T18:26:28.324+0000: 622.010: [GC [PSYoungGen: 86784K->384K(85696K)] 147719K->61375K(772672K), 0.0053180 secs] [Times: user=0.04 sys=0.00, real=0.00 secs] 
2014-07-28T18:26:28.914+0000: 622.601: [GC [PSYoungGen: 85683K->370K(84672K)] 146675K->61393K(771648K), 0.0033490 secs] [Times: user=0.02 sys=0.01, real=0.00 secs] 
2014-07-28T18:26:29.509+0000: 623.196: [GC [PSYoungGen: 84658K->448K(83712K)] 145681K->61559K(770688K), 0.0042290 secs] [Times: user=0.03 sys=0.00, real=0.01 secs] 
2014-07-28T18:26:30.072+0000: 623.759: [GC [PSYoungGen: 83712K->192K(82496K)] 144823K->61327K(769472K), 0.0053320 secs] [Times: user=0.03 sys=0.01, real=0.01 secs] 
2014-07-28T18:26:30.644+0000: 624.331: [GC [PSYoungGen: 82496K->320K(81664K)] 143631K->61519K(768640K), 0.0042450 secs] [Times: user=0.02 sys=0.00, real=0.01 secs] 
2014-07-28T18:26:31.206+0000: 624.892: [GC [PSYoungGen: 81664K->352K(80768K)] 142863K->61639K(767744K), 0.0026640 secs] [Times: user=0.02 sys=0.00, real=0.00 secs] 
2014-07-28T18:26:31.757+0000: 625.444: [GC [PSYoungGen: 80736K->320K(79808K)] 142023K->61671K(766784K), 0.0032620 secs] [Times: user=0.02 sys=0.00, real=0.00 secs] 
2014-07-28T18:26:32.304+0000: 625.991: [GC [PSYoungGen: 79808K->288K(78912K)] 141159K->61695K(765888K), 0.0022160 secs] [Times: user=0.02 sys=0.00, real=0.00 secs] 
2014-07-28T18:26:32.845+0000: 626.532: [GC [PSYoungGen: 78880K->288K(78016K)] 140287K->61727K(764992K), 0.0032660 secs] [Times: user=0.02 sys=0.00, real=0.00 secs] 
2014-07-28T18:26:33.380+0000: 627.067: [GC [PSYoungGen: 77984K->320K(77120K)] 139423K->61823K(764096K), 0.0032750 secs] [Times: user=0.02 sys=0.00, real=0.00 secs] 
2014-07-28T18:26:33.911+0000: 627.598: [GC [PSYoungGen: 77120K->256K(76224K)] 138623K->61799K(763200K), 0.0032860 secs] [Times: user=0.02 sys=0.00, real=0.01 secs] 
2014-07-28T18:26:34.437+0000: 628.124: [GC [PSYoungGen: 76224K->256K(75392K)] 137767K->61847K(762368K), 0.0041020 secs] [Times: user=0.03 sys=0.00, real=0.00 secs] 
2014-07-28T18:26:34.970+0000: 628.657: [GC [PSYoungGen: 75392K->288K(74624K)] 136983K->61895K(761600K), 0.0041670 secs] [Times: user=0.05 sys=0.03, real=0.03 secs] 
2014-07-28T18:26:35.507+0000: 629.194: [GC [PSYoungGen: 74592K->352K(73920K)] 136199K->61999K(760896K), 0.0028810 secs] [Times: user=0.02 sys=0.00, real=0.00 secs] 
2014-07-28T18:26:36.038+0000: 629.725: [GC [PSYoungGen: 73888K->338K(73152K)] 135535K->62001K(760128K), 0.0063340 secs] [Times: user=0.04 sys=0.00, real=0.01 secs] 
2014-07-28T18:26:36.566+0000: 630.252: [GC [PSYoungGen: 73106K->320K(72320K)] 134769K->62047K(759296K), 0.0031310 secs] [Times: user=0.02 sys=0.00, real=0.00 secs] 
2014-07-28T18:26:37.038+0000: 630.725: [GC [PSYoungGen: 72320K->416K(71680K)] 134047K->62159K(758656K), 0.0038110 secs] [Times: user=0.02 sys=0.01, real=0.00 secs] 
2014-07-28T18:26:37.532+0000: 631.218: [GC [PSYoungGen: 71648K->274K(70784K)] 133391K->62033K(757760K), 0.0076460 secs] [Times: user=0.04 sys=0.01, real=0.01 secs] 
2014-07-28T18:26:38.019+0000: 631.706: [GC [PSYoungGen: 70738K->306K(70080K)] 132497K->62073K(757056K), 0.0059890 secs] [Times: user=0.01 sys=0.00, real=0.01 secs] 
2014-07-28T18:26:38.499+0000: 632.185: [GC [PSYoungGen: 70066K->288K(69376K)] 131833K->62111K(756352K), 0.0035450 secs] [Times: user=0.02 sys=0.00, real=0.00 secs] 
2014-07-28T18:26:38.976+0000: 632.663: [GC [PSYoungGen: 69297K->288K(68672K)] 131121K->62135K(755648K), 0.0034150 secs] [Times: user=0.02 sys=0.00, real=0.00 secs] 
2014-07-28T18:26:39.451+0000: 633.138: [GC [PSYoungGen: 68640K->288K(67968K)] 130487K->62167K(754944K), 0.0038810 secs] [Times: user=0.02 sys=0.00, real=0.01 secs] 
2014-07-28T18:26:39.934+0000: 633.621: [GC [PSYoungGen: 67936K->320K(67328K)] 129815K->62247K(754304K), 0.0037850 secs] [Times: user=0.02 sys=0.00, real=0.01 secs] 
2014-07-28T18:26:40.410+0000: 634.096: [GC [PSYoungGen: 67328K->352K(66752K)] 129255K->62319K(753728K), 0.0040130 secs] [Times: user=0.03 sys=0.00, real=0.00 secs] 
2014-07-28T18:26:40.870+0000: 634.557: [GC [PSYoungGen: 66720K->288K(66048K)] 128687K->62295K(753024K), 0.0044530 secs] [Times: user=0.03 sys=0.00, real=0.00 secs] 
2014-07-28T18:26:41.322+0000: 635.009: [GC [PSYoungGen: 66016K->256K(65344K)] 128023K->62359K(752320K), 0.0033520 secs] [Times: user=0.02 sys=0.01, real=0.01 secs] 
2014-07-28T18:26:41.770+0000: 635.457: [GC [PSYoungGen: 65344K->384K(64832K)] 127447K->62551K(751808K), 0.0036090 secs] [Times: user=0.03 sys=0.01, real=0.00 secs] 
2014-07-28T18:26:42.212+0000: 635.898: [GC [PSYoungGen: 64832K->224K(64064K)] 126999K->62439K(751040K), 0.0029730 secs] [Times: user=0.02 sys=0.00, real=0.00 secs] 
2014-07-28T18:26:42.652+0000: 636.339: [GC [PSYoungGen: 64032K->384K(63616K)] 126247K->62671K(750592K), 0.0036470 secs] [Times: user=0.02 sys=0.00, real=0.01 secs] 
2014-07-28T18:26:43.088+0000: 636.775: [GC [PSYoungGen: 63616K->274K(62976K)] 125903K->62601K(749952K), 0.0029450 secs] [Times: user=0.02 sys=0.01, real=0.00 secs] 
2014-07-28T18:26:43.519+0000: 637.206: [GC [PSYoungGen: 62930K->192K(62272K)] 125257K->62543K(749248K), 0.0032010 secs] [Times: user=0.02 sys=0.00, real=0.00 secs] 
2014-07-28T18:26:43.946+0000: 637.633: [GC [PSYoungGen: 62272K->288K(61824K)] 124623K->62655K(748800K), 0.0021610 secs] [Times: user=0.01 sys=0.00, real=0.01 secs] 
2014-07-28T18:26:44.370+0000: 638.057: [GC [PSYoungGen: 61792K->416K(61376K)] 124159K->62863K(748352K), 0.0038310 secs] [Times: user=0.02 sys=0.00, real=0.00 secs] 
2014-07-28T18:26:44.790+0000: 638.476: [GC [PSYoungGen: 61340K->256K(60608K)] 123788K->62735K(747584K), 0.0037910 secs] [Times: user=0.02 sys=0.00, real=0.00 secs] 
2014-07-28T18:26:45.207+0000: 638.894: [GC [PSYoungGen: 60608K->256K(60096K)] 123087K->62783K(747072K), 0.0030160 secs] [Times: user=0.01 sys=0.00, real=0.00 secs] 
2014-07-28T18:26:45.618+0000: 639.305: [GC [PSYoungGen: 60096K->160K(59520K)] 122623K->62711K(746496K), 0.0034100 secs] [Times: user=0.02 sys=0.01, real=0.00 secs] 
2014-07-28T18:26:46.028+0000: 639.715: [GC [PSYoungGen: 59488K->160K(59008K)] 122039K->62735K(745984K), 0.0057960 secs] [Times: user=0.03 sys=0.01, real=0.00 secs] 
2014-07-28T18:26:46.444+0000: 640.131: [GC [PSYoungGen: 58976K->352K(58688K)] 121551K->62959K(745664K), 0.0038970 secs] [Times: user=0.01 sys=0.01, real=0.01 secs] 
2014-07-28T18:26:46.866+0000: 640.553: [GC [PSYoungGen: 58656K->288K(58112K)] 121263K->62903K(745088K), 0.0035390 secs] [Times: user=0.02 sys=0.01, real=0.01 secs] 
2014-07-28T18:26:47.267+0000: 640.954: [GC [PSYoungGen: 58065K->224K(57536K)] 120681K->62855K(744512K), 0.0038380 secs] [Times: user=0.01 sys=0.00, real=0.00 secs] 
2014-07-28T18:26:47.668+0000: 641.355: [GC [PSYoungGen: 57456K->388K(69184K)] 120088K->63043K(756160K), 0.0077040 secs] [Times: user=0.04 sys=0.01, real=0.01 secs] 
2014-07-28T18:26:48.161+0000: 641.847: [GC [PSYoungGen: 69123K->370K(82880K)] 131779K->63065K(769856K), 0.0080660 secs] [Times: user=0.04 sys=0.00, real=0.01 secs] 
2014-07-28T18:26:48.737+0000: 642.424: [GC [PSYoungGen: 82866K->370K(90688K)] 145561K->63113K(777664K), 0.0048140 secs] [Times: user=0.03 sys=0.00, real=0.00 secs] 
2014-07-28T18:26:49.392+0000: 643.079: [GC [PSYoungGen: 90533K->352K(89408K)] 153277K->63135K(776384K), 0.0031740 secs] [Times: user=0.02 sys=0.00, real=0.00 secs] 
2014-07-28T18:26:50.004+0000: 643.691: [GC [PSYoungGen: 89376K->288K(88256K)] 152159K->63103K(775232K), 0.0026980 secs] [Times: user=0.02 sys=0.01, real=0.01 secs] 
2014-07-28T18:26:50.656+0000: 644.343: [GC [PSYoungGen: 88224K->370K(87232K)] 151039K->63315K(774208K), 0.0036380 secs] [Times: user=0.02 sys=0.01, real=0.01 secs] 
2014-07-28T18:26:51.293+0000: 644.980: [GC [PSYoungGen: 87218K->498K(86272K)] 150163K->63475K(773248K), 0.0058430 secs] [Times: user=0.02 sys=0.01, real=0.01 secs] 
2014-07-28T18:26:51.907+0000: 645.594: [GC [PSYoungGen: 86258K->306K(85056K)] 149235K->63339K(772032K), 0.0047710 secs] [Times: user=0.02 sys=0.01, real=0.00 secs] 
2014-07-28T18:26:52.496+0000: 646.183: [GC [PSYoungGen: 85042K->256K(83968K)] 148075K->63345K(770944K), 0.0043120 secs] [Times: user=0.03 sys=0.01, real=0.01 secs] 
2014-07-28T18:26:53.072+0000: 646.759: [GC [PSYoungGen: 83940K->288K(83008K)] 147030K->63401K(769984K), 0.0055980 secs] [Times: user=0.03 sys=0.01, real=0.01 secs] 
2014-07-28T18:26:53.643+0000: 647.329: [GC [PSYoungGen: 82976K->256K(81984K)] 146089K->63401K(768960K), 0.0054590 secs] [Times: user=0.01 sys=0.01, real=0.01 secs] 
2014-07-28T18:26:54.206+0000: 647.893: [GC [PSYoungGen: 81984K->338K(81152K)] 145129K->63507K(768128K), 0.0067030 secs] [Times: user=0.02 sys=0.01, real=0.01 secs] 
2014-07-28T18:26:54.776+0000: 648.463: [GC [PSYoungGen: 81106K->288K(80128K)] 144275K->63481K(767104K), 0.0067860 secs] [Times: user=0.03 sys=0.01, real=0.01 secs] 
2014-07-28T18:26:55.332+0000: 649.019: [GC [PSYoungGen: 80096K->306K(79232K)] 143289K->63531K(766208K), 0.0049680 secs] [Times: user=0.03 sys=0.00, real=0.01 secs] 
2014-07-28T18:26:55.871+0000: 649.558: [GC [PSYoungGen: 79218K->288K(95040K)] 142443K->63553K(782016K), 0.0069700 secs] [Times: user=0.04 sys=0.01, real=0.01 secs] 
2014-07-28T18:26:56.528+0000: 650.215: [GC [PSYoungGen: 95008K->256K(93760K)] 158273K->63569K(780736K), 0.0029120 secs] [Times: user=0.02 sys=0.01, real=0.01 secs] 
2014-07-28T18:26:57.169+0000: 650.856: [GC [PSYoungGen: 93760K->256K(92544K)] 157073K->63593K(779520K), 0.0060030 secs] [Times: user=0.03 sys=0.01, real=0.00 secs] 
2014-07-28T18:26:57.819+0000: 651.506: [GC [PSYoungGen: 92506K->448K(91520K)] 155844K->63841K(778496K), 0.0071590 secs] [Times: user=0.05 sys=0.01, real=0.00 secs] 
2014-07-28T18:26:58.463+0000: 652.150: [GC [PSYoungGen: 91520K->338K(96640K)] 154913K->63755K(783616K), 0.0081200 secs] [Times: user=0.04 sys=0.01, real=0.01 secs] 
2014-07-28T18:26:59.136+0000: 652.823: [GC [PSYoungGen: 96466K->416K(95296K)] 159883K->63857K(782272K), 0.0028580 secs] [Times: user=0.02 sys=0.01, real=0.01 secs] 
2014-07-28T18:26:59.805+0000: 653.492: [GC [PSYoungGen: 95219K->288K(109760K)] 158660K->63745K(796736K), 0.0099530 secs] [Times: user=0.04 sys=0.01, real=0.01 secs] 
2014-07-28T18:27:00.581+0000: 654.268: [GC [PSYoungGen: 109516K->384K(108032K)] 172974K->63881K(795008K), 0.0073000 secs] [Times: user=0.04 sys=0.01, real=0.01 secs] 
2014-07-28T18:27:01.347+0000: 655.034: [GC [PSYoungGen: 108032K->306K(106432K)] 171529K->63827K(793408K), 0.0062960 secs] [Times: user=0.03 sys=0.00, real=0.01 secs] 
2014-07-28T18:27:02.108+0000: 655.794: [GC [PSYoungGen: 106418K->356K(104960K)] 169939K->63965K(791936K), 0.0060790 secs] [Times: user=0.04 sys=0.00, real=0.01 secs] 
2014-07-28T18:27:02.855+0000: 656.542: [GC [PSYoungGen: 104932K->384K(103488K)] 168541K->64057K(790464K), 0.0043260 secs] [Times: user=0.02 sys=0.01, real=0.01 secs] 
2014-07-28T18:27:03.562+0000: 657.248: [GC [PSYoungGen: 103488K->320K(101952K)] 167161K->64041K(788928K), 0.0079340 secs] [Times: user=0.05 sys=0.00, real=0.01 secs] 
2014-07-28T18:27:04.260+0000: 657.947: [GC [PSYoungGen: 101952K->320K(100544K)] 165673K->64073K(787520K), 0.0020620 secs] [Times: user=0.01 sys=0.01, real=0.00 secs] 
2014-07-28T18:27:04.955+0000: 658.642: [GC [PSYoungGen: 100544K->256K(99136K)] 164297K->64049K(786112K), 0.0050670 secs] [Times: user=0.03 sys=0.01, real=0.01 secs] 
2014-07-28T18:27:05.634+0000: 659.321: [GC [PSYoungGen: 99136K->256K(97792K)] 162929K->64097K(784768K), 0.0026530 secs] [Times: user=0.01 sys=0.00, real=0.00 secs] 
2014-07-28T18:27:06.308+0000: 659.995: [GC [PSYoungGen: 97782K->288K(96576K)] 161624K->64193K(783552K), 0.0028440 secs] [Times: user=0.01 sys=0.00, real=0.01 secs] 
2014-07-28T18:27:06.969+0000: 660.655: [GC [PSYoungGen: 96544K->160K(95168K)] 160449K->64097K(782144K), 0.0053240 secs] [Times: user=0.03 sys=0.00, real=0.01 secs] 
2014-07-28T18:27:07.623+0000: 661.310: [GC [PSYoungGen: 95112K->288K(94080K)] 159050K->64289K(781056K), 0.0030930 secs] [Times: user=0.02 sys=0.00, real=0.00 secs] 
2014-07-28T18:27:08.288+0000: 661.975: [GC [PSYoungGen: 94018K->498K(93056K)] 158020K->64571K(780032K), 0.0047920 secs] [Times: user=0.03 sys=0.00, real=0.01 secs] 
2014-07-28T18:27:08.920+0000: 662.607: [GC [PSYoungGen: 93042K->242K(91584K)] 157115K->64443K(778560K), 0.0023400 secs] [Times: user=0.01 sys=0.00, real=0.00 secs] 
2014-07-28T18:27:09.548+0000: 663.235: [GC [PSYoungGen: 91569K->484K(90688K)] 155770K->64733K(777664K), 0.0027250 secs] [Times: user=0.01 sys=0.00, real=0.01 secs] 
2014-07-28T18:27:10.178+0000: 663.865: [GC [PSYoungGen: 90660K->352K(89408K)] 154909K->64667K(776384K), 0.0032400 secs] [Times: user=0.01 sys=0.01, real=0.01 secs] 
2014-07-28T18:27:10.797+0000: 664.484: [GC [PSYoungGen: 89376K->352K(88320K)] 153691K->64747K(775296K), 0.0037780 secs] [Times: user=0.02 sys=0.01, real=0.01 secs] 
2014-07-28T18:27:11.405+0000: 665.092: [GC [PSYoungGen: 88288K->384K(87232K)] 152683K->64843K(774208K), 0.0040510 secs] [Times: user=0.02 sys=0.00, real=0.00 secs] 
2014-07-28T18:27:12.012+0000: 665.699: [GC [PSYoungGen: 87232K->320K(86080K)] 151691K->64803K(773056K), 0.0040390 secs] [Times: user=0.02 sys=0.00, real=0.00 secs] 
2014-07-28T18:27:12.607+0000: 666.294: [GC [PSYoungGen: 86080K->320K(85056K)] 150563K->64875K(772032K), 0.0041480 secs] [Times: user=0.03 sys=0.00, real=0.01 secs] 
2014-07-28T18:27:13.195+0000: 666.882: [GC [PSYoungGen: 85056K->352K(84096K)] 149611K->64971K(771072K), 0.0024390 secs] [Times: user=0.02 sys=0.00, real=0.00 secs] 
2014-07-28T18:27:13.776+0000: 667.462: [GC [PSYoungGen: 84064K->320K(83008K)] 148683K->64987K(769984K), 0.0019770 secs] [Times: user=0.01 sys=0.00, real=0.00 secs] 
2014-07-28T18:27:14.380+0000: 668.067: [GC [PSYoungGen: 83008K->384K(82112K)] 147675K->65099K(769088K), 0.0094630 secs] [Times: user=0.17 sys=0.11, real=0.26 secs] 
2014-07-28T18:27:14.946+0000: 668.633: [GC [PSYoungGen: 82112K->256K(81024K)] 146827K->65003K(768000K), 0.0025680 secs] [Times: user=0.01 sys=0.01, real=0.00 secs] 
2014-07-28T18:27:15.462+0000: 669.149: [GC [PSYoungGen: 81024K->288K(80128K)] 145771K->65091K(767104K), 0.0030860 secs] [Times: user=0.01 sys=0.00, real=0.00 secs] 
2014-07-28T18:27:16.014+0000: 669.701: [GC [PSYoungGen: 80096K->352K(79296K)] 144899K->65195K(766272K), 0.0044730 secs] [Times: user=0.03 sys=0.00, real=0.00 secs] 
2014-07-28T18:27:16.557+0000: 670.244: [GC [PSYoungGen: 79264K->352K(78400K)] 144107K->65275K(765376K), 0.0045320 secs] [Times: user=0.03 sys=0.00, real=0.01 secs] 
2014-07-28T18:27:17.094+0000: 670.781: [GC [PSYoungGen: 78368K->320K(77440K)] 143291K->65283K(764416K), 0.0033630 secs] [Times: user=0.02 sys=0.00, real=0.00 secs] 
2014-07-28T18:27:17.627+0000: 671.314: [GC [PSYoungGen: 77440K->256K(76544K)] 142403K->65275K(763520K), 0.0059950 secs] [Times: user=0.04 sys=0.00, real=0.01 secs] 
2014-07-28T18:27:18.150+0000: 671.837: [GC [PSYoungGen: 76544K->320K(75776K)] 141563K->65363K(762752K), 0.0030660 secs] [Times: user=0.02 sys=0.00, real=0.01 secs] 
2014-07-28T18:27:18.668+0000: 672.355: [GC [PSYoungGen: 75776K->352K(75008K)] 140819K->65451K(761984K), 0.0037380 secs] [Times: user=0.02 sys=0.00, real=0.01 secs] 
2014-07-28T18:27:19.183+0000: 672.870: [GC [PSYoungGen: 74976K->384K(74176K)] 140075K->65579K(761152K), 0.0034340 secs] [Times: user=0.03 sys=0.00, real=0.00 secs] 
2014-07-28T18:27:19.690+0000: 673.376: [GC [PSYoungGen: 74176K->416K(73472K)] 139371K->65659K(760448K), 0.0058100 secs] [Times: user=0.03 sys=0.01, real=0.01 secs] 
2014-07-28T18:27:20.206+0000: 673.893: [GC [PSYoungGen: 73440K->256K(72512K)] 138683K->65563K(759488K), 0.0021400 secs] [Times: user=0.01 sys=0.00, real=0.00 secs] 
2014-07-28T18:27:20.708+0000: 674.394: [GC [PSYoungGen: 72512K->256K(71744K)] 137819K->65587K(758720K), 0.0028860 secs] [Times: user=0.01 sys=0.00, real=0.00 secs] 
2014-07-28T18:27:21.206+0000: 674.893: [GC [PSYoungGen: 71744K->402K(71168K)] 137075K->65789K(758144K), 0.0046450 secs] [Times: user=0.02 sys=0.01, real=0.00 secs] 
2014-07-28T18:27:21.687+0000: 675.374: [GC [PSYoungGen: 71122K->320K(70336K)] 136509K->65755K(757312K), 0.0030490 secs] [Times: user=0.02 sys=0.00, real=0.00 secs] 
2014-07-28T18:27:22.167+0000: 675.854: [GC [PSYoungGen: 70336K->288K(69632K)] 135771K->65771K(756608K), 0.0036560 secs] [Times: user=0.02 sys=0.00, real=0.01 secs] 
2014-07-28T18:27:22.644+0000: 676.331: [GC [PSYoungGen: 69600K->224K(68864K)] 135083K->65763K(755840K), 0.0074450 secs] [Times: user=0.05 sys=0.00, real=0.01 secs] 
2014-07-28T18:27:23.116+0000: 676.803: [GC [PSYoungGen: 68832K->256K(82624K)] 134371K->65843K(769600K), 0.0066330 secs] [Times: user=0.04 sys=0.01, real=0.01 secs] 
2014-07-28T18:27:23.683+0000: 677.370: [GC [PSYoungGen: 82624K->320K(99200K)] 148211K->65979K(786176K), 0.0066620 secs] [Times: user=0.04 sys=0.01, real=0.00 secs] 
2014-07-28T18:27:24.364+0000: 678.051: [GC [PSYoungGen: 99200K->256K(97792K)] 164859K->65963K(784768K), 0.0055550 secs] [Times: user=0.04 sys=0.00, real=0.00 secs] 
2014-07-28T18:27:25.034+0000: 678.721: [GC [PSYoungGen: 97792K->288K(106816K)] 163499K->66051K(793792K), 0.0071410 secs] [Times: user=0.05 sys=0.00, real=0.00 secs] 
2014-07-28T18:27:25.767+0000: 679.454: [GC [PSYoungGen: 106592K->224K(105024K)] 172355K->66035K(792000K), 0.0068690 secs] [Times: user=0.04 sys=0.00, real=0.01 secs] 
2014-07-28T18:27:26.510+0000: 680.197: [GC [PSYoungGen: 104992K->320K(103616K)] 170803K->66147K(790592K), 0.0042100 secs] [Times: user=0.01 sys=0.00, real=0.01 secs] 
2014-07-28T18:27:27.220+0000: 680.907: [GC [PSYoungGen: 103585K->320K(102144K)] 169413K->66187K(789120K), 0.0035960 secs] [Times: user=0.02 sys=0.01, real=0.01 secs] 
2014-07-28T18:27:27.941+0000: 681.628: [GC [PSYoungGen: 102144K->434K(100864K)] 168011K->66447K(787840K), 0.0030490 secs] [Times: user=0.36 sys=0.22, real=0.59 secs] 
2014-07-28T18:27:28.794+0000: 682.481: [GC [PSYoungGen: 100850K->192K(99264K)] 166863K->66357K(786240K), 0.0032810 secs] [Times: user=0.01 sys=0.00, real=0.00 secs] 
2014-07-28T18:27:29.365+0000: 683.052: [GC [PSYoungGen: 99264K->402K(98176K)] 165429K->66647K(785152K), 0.0021850 secs] [Times: user=0.01 sys=0.00, real=0.00 secs] 
2014-07-28T18:27:30.036+0000: 683.723: [GC [PSYoungGen: 98130K->320K(96768K)] 164375K->66639K(783744K), 0.0052240 secs] [Times: user=0.02 sys=0.01, real=0.00 secs] 
2014-07-28T18:27:30.699+0000: 684.385: [GC [PSYoungGen: 96760K->306K(95488K)] 163080K->66681K(782464K), 0.0041510 secs] [Times: user=0.02 sys=0.01, real=0.00 secs] 
2014-07-28T18:27:31.354+0000: 685.041: [GC [PSYoungGen: 95474K->320K(94208K)] 161849K->66751K(781184K), 0.0050540 secs] [Times: user=0.03 sys=0.00, real=0.00 secs] 
2014-07-28T18:27:32.003+0000: 685.690: [GC [PSYoungGen: 94208K->416K(93120K)] 160639K->66911K(780096K), 0.0068860 secs] [Times: user=0.04 sys=0.01, real=0.00 secs] 
2014-07-28T18:27:32.643+0000: 686.329: [GC [PSYoungGen: 93054K->306K(91776K)] 159549K->66873K(778752K), 0.0070790 secs] [Times: user=0.05 sys=0.00, real=0.01 secs] 
2014-07-28T18:27:33.274+0000: 686.960: [GC [PSYoungGen: 91755K->320K(90624K)] 158322K->66903K(777600K), 0.0065220 secs] [Times: user=0.04 sys=0.00, real=0.00 secs] 
2014-07-28T18:27:33.908+0000: 687.595: [GC [PSYoungGen: 90624K->352K(89536K)] 157207K->66959K(776512K), 0.0039580 secs] [Times: user=0.01 sys=0.01, real=0.00 secs] 
2014-07-28T18:27:34.532+0000: 688.219: [GC [PSYoungGen: 89468K->370K(88448K)] 156076K->67049K(775424K), 0.0034130 secs] [Times: user=0.02 sys=0.00, real=0.01 secs] 
2014-07-28T18:27:35.139+0000: 688.826: [GC [PSYoungGen: 88434K->320K(87296K)] 155113K->67047K(774272K), 0.0032830 secs] [Times: user=0.02 sys=0.01, real=0.00 secs] 
2014-07-28T18:27:35.751+0000: 689.438: [GC [PSYoungGen: 87296K->320K(86208K)] 154023K->67111K(773184K), 0.0033550 secs] [Times: user=0.02 sys=0.00, real=0.01 secs] 
2014-07-28T18:27:36.346+0000: 690.033: [GC [PSYoungGen: 86203K->224K(85120K)] 152994K->67063K(772096K), 0.0024960 secs] [Times: user=0.01 sys=0.00, real=0.00 secs] 
2014-07-28T18:27:36.926+0000: 690.613: [GC [PSYoungGen: 85088K->288K(84160K)] 151927K->67175K(771136K), 0.0031020 secs] [Times: user=0.02 sys=0.00, real=0.00 secs] 
2014-07-28T18:27:37.506+0000: 691.192: [GC [PSYoungGen: 84128K->320K(83136K)] 151015K->67271K(770112K), 0.0051950 secs] [Times: user=0.03 sys=0.00, real=0.00 secs] 
2014-07-28T18:27:38.077+0000: 691.763: [GC [PSYoungGen: 83136K->320K(82176K)] 150087K->67295K(769152K), 0.0037840 secs] [Times: user=0.02 sys=0.00, real=0.00 secs] 
2014-07-28T18:27:38.641+0000: 692.328: [GC [PSYoungGen: 82168K->416K(81344K)] 149144K->67487K(768320K), 0.0018920 secs] [Times: user=0.02 sys=0.00, real=0.00 secs] 
2014-07-28T18:27:39.196+0000: 692.883: [GC [PSYoungGen: 81312K->352K(80320K)] 148383K->67447K(767296K), 0.0033270 secs] [Times: user=0.01 sys=0.01, real=0.00 secs] 
2014-07-28T18:27:39.749+0000: 693.436: [GC [PSYoungGen: 80288K->256K(79296K)] 147383K->67407K(766272K), 0.0038750 secs] [Times: user=0.02 sys=0.01, real=0.00 secs] 
2014-07-28T18:27:40.295+0000: 693.982: [GC [PSYoungGen: 79296K->416K(78592K)] 146447K->67655K(765568K), 0.0033000 secs] [Times: user=0.03 sys=0.00, real=0.00 secs] 
2014-07-28T18:27:40.833+0000: 694.520: [GC [PSYoungGen: 78560K->242K(77504K)] 145799K->67521K(764480K), 0.0021070 secs] [Times: user=0.02 sys=0.00, real=0.01 secs] 
2014-07-28T18:27:41.378+0000: 695.064: [GC [PSYoungGen: 77490K->466K(76928K)] 144769K->67793K(763904K), 0.0028280 secs] [Times: user=0.02 sys=0.01, real=0.01 secs] 
2014-07-28T18:27:41.910+0000: 695.597: [GC [PSYoungGen: 76882K->320K(75904K)] 144209K->67711K(762880K), 0.0064180 secs] [Times: user=0.04 sys=0.00, real=0.01 secs] 
2014-07-28T18:27:42.435+0000: 696.122: [GC [PSYoungGen: 75904K->416K(75200K)] 143295K->67871K(762176K), 0.0057300 secs] [Times: user=0.04 sys=0.00, real=0.01 secs] 
2014-07-28T18:27:42.965+0000: 696.652: [GC [PSYoungGen: 75168K->320K(74240K)] 142623K->67839K(761216K), 0.0028550 secs] [Times: user=0.02 sys=0.00, real=0.00 secs] 
2014-07-28T18:27:43.483+0000: 697.170: [GC [PSYoungGen: 74197K->288K(73472K)] 141716K->67855K(760448K), 0.0022980 secs] [Times: user=0.01 sys=0.00, real=0.01 secs] 
2014-07-28T18:27:43.987+0000: 697.674: [GC [PSYoungGen: 73440K->224K(72640K)] 141007K->67807K(759616K), 0.0109960 secs] [Times: user=0.07 sys=0.03, real=0.05 secs] 
2014-07-28T18:27:44.498+0000: 698.185: [GC [PSYoungGen: 72581K->288K(71936K)] 140164K->67919K(758912K), 0.0030190 secs] [Times: user=0.01 sys=0.00, real=0.00 secs] 
2014-07-28T18:27:44.995+0000: 698.681: [GC [PSYoungGen: 71854K->480K(71360K)] 139486K->68151K(758336K), 0.0041740 secs] [Times: user=0.03 sys=0.00, real=0.01 secs] 
2014-07-28T18:27:45.483+0000: 699.170: [GC [PSYoungGen: 71328K->320K(70464K)] 138999K->68071K(757440K), 0.0046530 secs] [Times: user=0.02 sys=0.00, real=0.01 secs] 
2014-07-28T18:27:45.968+0000: 699.655: [GC [PSYoungGen: 70464K->256K(69696K)] 138215K->68039K(756672K), 0.0042400 secs] [Times: user=0.02 sys=0.00, real=0.00 secs] 
2014-07-28T18:27:46.445+0000: 700.132: [GC [PSYoungGen: 69696K->320K(69056K)] 137479K->68175K(756032K), 0.0058290 secs] [Times: user=0.04 sys=0.01, real=0.00 secs] 
2014-07-28T18:27:46.921+0000: 700.608: [GC [PSYoungGen: 69056K->370K(68416K)] 136911K->68273K(755392K), 0.0042420 secs] [Times: user=0.03 sys=0.01, real=0.01 secs] 
2014-07-28T18:27:47.386+0000: 701.073: [GC [PSYoungGen: 68402K->320K(67648K)] 136305K->68287K(754624K), 0.0056000 secs] [Times: user=0.03 sys=0.00, real=0.00 secs] 
2014-07-28T18:27:47.851+0000: 701.538: [GC [PSYoungGen: 67648K->288K(81152K)] 135615K->68311K(768128K), 0.0062550 secs] [Times: user=0.04 sys=0.01, real=0.01 secs] 
2014-07-28T18:27:48.406+0000: 702.093: [GC [PSYoungGen: 81120K->416K(97472K)] 149143K->68535K(784448K), 0.0052080 secs] [Times: user=0.03 sys=0.00, real=0.00 secs] 
2014-07-28T18:27:49.075+0000: 702.762: [GC [PSYoungGen: 97440K->256K(96000K)] 165559K->68391K(782976K), 0.0034840 secs] [Times: user=0.03 sys=0.00, real=0.01 secs] 
2014-07-28T18:27:49.738+0000: 703.425: [GC [PSYoungGen: 96000K->402K(94912K)] 164135K->68593K(781888K), 0.0052040 secs] [Times: user=0.02 sys=0.00, real=0.00 secs] 
2014-07-28T18:27:50.398+0000: 704.084: [GC [PSYoungGen: 94866K->384K(93632K)] 163057K->68647K(780608K), 0.0035190 secs] [Times: user=0.02 sys=0.00, real=0.00 secs] 
2014-07-28T18:27:51.038+0000: 704.725: [GC [PSYoungGen: 93632K->288K(92352K)] 161895K->68599K(779328K), 0.0038820 secs] [Times: user=0.02 sys=0.01, real=0.00 secs] 
2014-07-28T18:27:51.691+0000: 705.378: [GC [PSYoungGen: 92320K->384K(91264K)] 160631K->68735K(778240K), 0.0034210 secs] [Times: user=0.02 sys=0.00, real=0.00 secs] 
2014-07-28T18:27:52.297+0000: 705.983: [GC [PSYoungGen: 91264K->416K(90176K)] 159615K->68855K(777152K), 0.0031730 secs] [Times: user=0.02 sys=0.00, real=0.00 secs] 
2014-07-28T18:27:52.915+0000: 706.602: [GC [PSYoungGen: 90144K->256K(88832K)] 158583K->68751K(775808K), 0.0027310 secs] [Times: user=0.01 sys=0.00, real=0.01 secs] 
2014-07-28T18:27:53.527+0000: 707.213: [GC [PSYoungGen: 88832K->384K(87872K)] 157327K->68975K(774848K), 0.0033400 secs] [Times: user=0.02 sys=0.00, real=0.00 secs] 
2014-07-28T18:27:54.128+0000: 707.815: [GC [PSYoungGen: 87872K->384K(105408K)] 156463K->69007K(792384K), 0.0232670 secs] [Times: user=0.17 sys=0.02, real=0.02 secs] 
2014-07-28T18:27:54.856+0000: 708.543: [GC [PSYoungGen: 105408K->416K(109760K)] 174031K->69127K(796736K), 0.0058940 secs] [Times: user=0.04 sys=0.00, real=0.00 secs] 
2014-07-28T18:27:55.603+0000: 709.290: [GC [PSYoungGen: 109664K->384K(126592K)] 178375K->69167K(813568K), 0.0055590 secs] [Times: user=0.04 sys=0.00, real=0.01 secs] 
2014-07-28T18:27:56.468+0000: 710.155: [GC [PSYoungGen: 126463K->448K(124480K)] 195246K->69263K(811456K), 0.0047900 secs] [Times: user=0.02 sys=0.01, real=0.00 secs] 
2014-07-28T18:27:57.333+0000: 711.020: [GC [PSYoungGen: 124480K->128K(122176K)] 193295K->69137K(809152K), 0.0027270 secs] [Times: user=0.02 sys=0.00, real=0.00 secs] 
2014-07-28T18:27:58.169+0000: 711.856: [GC [PSYoungGen: 122176K->516K(120704K)] 191185K->69581K(807680K), 0.0022930 secs] [Times: user=0.02 sys=0.01, real=0.00 secs] 
2014-07-28T18:27:59.023+0000: 712.710: [GC [PSYoungGen: 120644K->466K(118784K)] 189709K->69645K(805760K), 0.0040220 secs] [Times: user=0.49 sys=0.33, real=0.81 secs] 
2014-07-28T18:28:00.310+0000: 713.997: [GC [PSYoungGen: 118721K->530K(116992K)] 187901K->69797K(803968K), 0.0043960 secs] [Times: user=0.02 sys=0.00, real=0.00 secs] 
2014-07-28T18:28:01.118+0000: 714.805: [GC [PSYoungGen: 116946K->128K(114752K)] 186213K->69515K(801728K), 0.0039430 secs] [Times: user=0.03 sys=0.00, real=0.00 secs] 
2014-07-28T18:28:01.900+0000: 715.587: [GC [PSYoungGen: 114752K->224K(113152K)] 184139K->69643K(800128K), 0.0052050 secs] [Times: user=0.03 sys=0.00, real=0.00 secs] 
2014-07-28T18:28:02.676+0000: 716.362: [GC [PSYoungGen: 113120K->256K(111488K)] 182539K->69731K(798464K), 0.0054350 secs] [Times: user=0.03 sys=0.01, real=0.01 secs] 
2014-07-28T18:28:03.441+0000: 717.127: [GC [PSYoungGen: 111477K->288K(109888K)] 180953K->69795K(796864K), 0.0041440 secs] [Times: user=0.02 sys=0.00, real=0.00 secs] 
2014-07-28T18:28:04.197+0000: 717.883: [GC [PSYoungGen: 109856K->288K(108288K)] 179363K->69859K(795264K), 0.0042780 secs] [Times: user=0.02 sys=0.00, real=0.01 secs] 
2014-07-28T18:28:04.944+0000: 718.631: [GC [PSYoungGen: 108256K->498K(106944K)] 177827K->70125K(793920K), 0.0057670 secs] [Times: user=0.04 sys=0.01, real=0.01 secs] 
2014-07-28T18:28:05.717+0000: 719.404: [GC [PSYoungGen: 106930K->320K(105216K)] 176557K->70003K(792192K), 0.0058220 secs] [Times: user=0.03 sys=0.00, real=0.01 secs] 
2014-07-28T18:28:06.482+0000: 720.169: [GC [PSYoungGen: 105216K->434K(103872K)] 174899K->70141K(790848K), 0.0035700 secs] [Times: user=0.02 sys=0.00, real=0.00 secs] 
2014-07-28T18:28:07.223+0000: 720.910: [GC [PSYoungGen: 103858K->288K(102272K)] 173565K->70043K(789248K), 0.0028650 secs] [Times: user=0.01 sys=0.00, real=0.00 secs] 
2014-07-28T18:28:07.984+0000: 721.671: [GC [PSYoungGen: 102240K->434K(100992K)] 171995K->70253K(787968K), 0.0042480 secs] [Times: user=0.20 sys=0.13, real=0.31 secs] 
2014-07-28T18:28:08.698+0000: 722.385: [GC [PSYoungGen: 100978K->352K(99520K)] 170797K->70243K(786496K), 0.0057180 secs] [Times: user=0.04 sys=0.00, real=0.01 secs] 
2014-07-28T18:28:09.377+0000: 723.064: [GC [PSYoungGen: 99488K->416K(98240K)] 169379K->70355K(785216K), 0.0060300 secs] [Times: user=0.04 sys=0.00, real=0.01 secs] 
2014-07-28T18:28:10.053+0000: 723.740: [GC [PSYoungGen: 98208K->384K(96832K)] 168147K->70403K(783808K), 0.0028370 secs] [Times: user=0.02 sys=0.00, real=0.00 secs] 
2014-07-28T18:28:10.722+0000: 724.409: [GC [PSYoungGen: 96832K->338K(95552K)] 166851K->70397K(782528K), 0.0040350 secs] [Times: user=0.02 sys=0.01, real=0.00 secs] 
2014-07-28T18:28:11.369+0000: 725.056: [GC [PSYoungGen: 95478K->352K(94272K)] 165538K->70459K(781248K), 0.0068790 secs] [Times: user=0.04 sys=0.00, real=0.00 secs] 
2014-07-28T18:28:12.017+0000: 725.704: [GC [PSYoungGen: 94240K->224K(92928K)] 164347K->70363K(779904K), 0.0040110 secs] [Times: user=0.02 sys=0.01, real=0.01 secs] 
2014-07-28T18:28:12.658+0000: 726.345: [GC [PSYoungGen: 92896K->352K(91840K)] 163035K->70579K(778816K), 0.0056920 secs] [Times: user=0.03 sys=0.01, real=0.01 secs] 
2014-07-28T18:28:13.291+0000: 726.978: [GC [PSYoungGen: 91776K->320K(90624K)] 162003K->70587K(777600K), 0.0090750 secs] [Times: user=0.05 sys=0.01, real=0.01 secs] 
2014-07-28T18:28:13.952+0000: 727.639: [GC [PSYoungGen: 90583K->320K(89472K)] 160850K->70627K(776448K), 0.0037580 secs] [Times: user=0.02 sys=0.00, real=0.00 secs] 
2014-07-28T18:28:14.583+0000: 728.269: [GC [PSYoungGen: 89472K->512K(88576K)] 159779K->70899K(775552K), 0.0049480 secs] [Times: user=0.03 sys=0.01, real=0.00 secs] 
2014-07-28T18:28:15.215+0000: 728.902: [GC [PSYoungGen: 88576K->256K(87232K)] 158963K->70723K(774208K), 0.0071810 secs] [Times: user=0.04 sys=0.01, real=0.01 secs] 
2014-07-28T18:28:15.821+0000: 729.508: [GC [PSYoungGen: 87232K->320K(86208K)] 157699K->70835K(773184K), 0.0028750 secs] [Times: user=0.02 sys=0.00, real=0.00 secs] 
2014-07-28T18:28:16.451+0000: 730.138: [GC [PSYoungGen: 86175K->576K(85440K)] 156691K->71163K(772416K), 0.0045590 secs] [Times: user=0.41 sys=0.30, real=0.69 secs] 
2014-07-28T18:28:17.568+0000: 731.254: [GC [PSYoungGen: 85440K->384K(84224K)] 156027K->71067K(771200K), 0.0023570 secs] [Times: user=0.02 sys=0.00, real=0.01 secs] 
2014-07-28T18:28:18.143+0000: 731.830: [GC [PSYoungGen: 84224K->370K(83200K)] 154907K->71173K(770176K), 0.0046250 secs] [Times: user=0.03 sys=0.01, real=0.00 secs] 
2014-07-28T18:28:18.715+0000: 732.402: [GC [PSYoungGen: 83186K->288K(82176K)] 153989K->71115K(769152K), 0.0040610 secs] [Times: user=0.02 sys=0.01, real=0.00 secs] 
2014-07-28T18:28:19.279+0000: 732.965: [GC [PSYoungGen: 82144K->256K(81152K)] 152971K->71131K(768128K), 0.0083180 secs] [Times: user=0.05 sys=0.00, real=0.01 secs] 
2014-07-28T18:28:19.836+0000: 733.523: [GC [PSYoungGen: 81152K->448K(80384K)] 152027K->71411K(767360K), 0.0054980 secs] [Times: user=0.03 sys=0.00, real=0.01 secs] 
2014-07-28T18:28:20.387+0000: 734.074: [GC [PSYoungGen: 80384K->288K(79360K)] 151347K->71275K(766336K), 0.0040900 secs] [Times: user=0.02 sys=0.00, real=0.01 secs] 
2014-07-28T18:28:20.935+0000: 734.622: [GC [PSYoungGen: 79328K->224K(78400K)] 150315K->71251K(765376K), 0.0034040 secs] [Times: user=0.02 sys=0.00, real=0.00 secs] 
2014-07-28T18:28:21.475+0000: 735.162: [GC [PSYoungGen: 78368K->288K(77568K)] 149395K->71339K(764544K), 0.0066560 secs] [Times: user=0.04 sys=0.00, real=0.01 secs] 
2014-07-28T18:28:22.007+0000: 735.694: [GC [PSYoungGen: 77536K->352K(76800K)] 148587K->71483K(763776K), 0.0027510 secs] [Times: user=0.01 sys=0.00, real=0.00 secs] 
2014-07-28T18:28:22.554+0000: 736.240: [GC [PSYoungGen: 76751K->320K(75904K)] 147883K->71483K(762880K), 0.0040250 secs] [Times: user=0.03 sys=0.00, real=0.00 secs] 
2014-07-28T18:28:23.098+0000: 736.785: [GC [PSYoungGen: 75904K->448K(75200K)] 147067K->71675K(762176K), 0.0034910 secs] [Times: user=0.03 sys=0.00, real=0.01 secs] 
2014-07-28T18:28:23.633+0000: 737.320: [GC [PSYoungGen: 75200K->320K(74240K)] 146427K->71571K(761216K), 0.0046540 secs] [Times: user=0.02 sys=0.01, real=0.00 secs] 
2014-07-28T18:28:24.171+0000: 737.858: [GC [PSYoungGen: 74240K->370K(73536K)] 145491K->71661K(760512K), 0.0080130 secs] [Times: user=0.05 sys=0.01, real=0.00 secs] 
2014-07-28T18:28:24.698+0000: 738.385: [GC [PSYoungGen: 73522K->306K(72704K)] 144813K->71613K(759680K), 0.0036670 secs] [Times: user=0.01 sys=0.01, real=0.01 secs] 
2014-07-28T18:28:25.213+0000: 738.900: [GC [PSYoungGen: 72690K->288K(71936K)] 143997K->71651K(758912K), 0.0024600 secs] [Times: user=0.01 sys=0.00, real=0.00 secs] 
2014-07-28T18:28:25.738+0000: 739.425: [GC [PSYoungGen: 71904K->320K(71168K)] 143267K->71731K(758144K), 0.0029340 secs] [Times: user=0.01 sys=0.00, real=0.00 secs] 
2014-07-28T18:28:26.242+0000: 739.929: [GC [PSYoungGen: 71168K->288K(70464K)] 142579K->71747K(757440K), 0.0020560 secs] [Times: user=0.01 sys=0.01, real=0.00 secs] 
2014-07-28T18:28:26.716+0000: 740.403: [GC [PSYoungGen: 70400K->388K(69888K)] 141860K->71911K(756864K), 0.0039940 secs] [Times: user=0.02 sys=0.00, real=0.00 secs] 
2014-07-28T18:28:27.196+0000: 740.882: [GC [PSYoungGen: 69828K->320K(69056K)] 141351K->71899K(756032K), 0.0063430 secs] [Times: user=0.03 sys=0.00, real=0.01 secs] 
2014-07-28T18:28:27.671+0000: 741.357: [GC [PSYoungGen: 69056K->320K(68352K)] 140635K->71987K(755328K), 0.0042440 secs] [Times: user=0.03 sys=0.00, real=0.01 secs] 
2014-07-28T18:28:28.140+0000: 741.826: [GC [PSYoungGen: 68352K->288K(67648K)] 140019K->72011K(754624K), 0.0065330 secs] [Times: user=0.04 sys=0.00, real=0.01 secs] 
2014-07-28T18:28:28.604+0000: 742.291: [GC [PSYoungGen: 67616K->288K(67008K)] 139339K->72043K(753984K), 0.0047150 secs] [Times: user=0.03 sys=0.00, real=0.00 secs] 
2014-07-28T18:28:29.059+0000: 742.746: [GC [PSYoungGen: 66976K->352K(66432K)] 138731K->72179K(753408K), 0.0050510 secs] [Times: user=0.03 sys=0.00, real=0.01 secs] 
2014-07-28T18:28:29.517+0000: 743.204: [GC [PSYoungGen: 66400K->320K(65728K)] 138227K->72179K(752704K), 0.0046670 secs] [Times: user=0.03 sys=0.00, real=0.01 secs] 
2014-07-28T18:28:29.966+0000: 743.653: [GC [PSYoungGen: 65728K->256K(65024K)] 137587K->72163K(752000K), 0.0036390 secs] [Times: user=0.01 sys=0.00, real=0.00 secs] 
2014-07-28T18:28:30.409+0000: 744.096: [GC [PSYoungGen: 65024K->416K(78208K)] 136931K->72339K(765184K), 0.0056870 secs] [Times: user=0.03 sys=0.01, real=0.01 secs] 
2014-07-28T18:28:30.946+0000: 744.633: [GC [PSYoungGen: 78176K->160K(77056K)] 150099K->72115K(764032K), 0.0024690 secs] [Times: user=0.01 sys=0.00, real=0.00 secs] 
2014-07-28T18:28:31.496+0000: 745.183: [GC [PSYoungGen: 77024K->448K(76480K)] 148979K->72427K(763456K), 0.0024030 secs] [Times: user=0.01 sys=0.00, real=0.00 secs] 
2014-07-28T18:28:32.043+0000: 745.730: [GC [PSYoungGen: 76480K->480K(75712K)] 148459K->72515K(762688K), 0.0045450 secs] [Times: user=0.02 sys=0.01, real=0.00 secs] 
2014-07-28T18:28:32.602+0000: 746.289: [GC [PSYoungGen: 75660K->242K(74624K)] 147696K->72399K(761600K), 0.0050610 secs] [Times: user=0.03 sys=0.00, real=0.01 secs] 
2014-07-28T18:28:33.131+0000: 746.818: [GC [PSYoungGen: 74610K->338K(73920K)] 146767K->72511K(760896K), 0.0038450 secs] [Times: user=0.01 sys=0.00, real=0.01 secs] 
2014-07-28T18:28:33.661+0000: 747.348: [GC [PSYoungGen: 73874K->288K(73088K)] 146047K->72501K(760064K), 0.0042140 secs] [Times: user=0.03 sys=0.00, real=0.01 secs] 
2014-07-28T18:28:34.185+0000: 747.872: [GC [PSYoungGen: 73036K->256K(87616K)] 145250K->72493K(774592K), 0.0130860 secs] [Times: user=0.07 sys=0.01, real=0.01 secs] 
2014-07-28T18:28:34.780+0000: 748.467: [GC [PSYoungGen: 87616K->356K(86656K)] 159853K->72657K(773632K), 0.0020660 secs] [Times: user=0.01 sys=0.00, real=0.00 secs] 
2014-07-28T18:28:35.377+0000: 749.064: [GC [PSYoungGen: 86628K->352K(85632K)] 158929K->72709K(772608K), 0.0049580 secs] [Times: user=0.03 sys=0.00, real=0.00 secs] 
2014-07-28T18:28:35.964+0000: 749.651: [GC [PSYoungGen: 85600K->288K(84544K)] 157957K->72701K(771520K), 0.0036190 secs] [Times: user=0.02 sys=0.01, real=0.00 secs] 
2014-07-28T18:28:36.546+0000: 750.233: [GC [PSYoungGen: 84512K->320K(83520K)] 156925K->72733K(770496K), 0.0051610 secs] [Times: user=0.03 sys=0.01, real=0.00 secs] 
2014-07-28T18:28:37.115+0000: 750.802: [GC [PSYoungGen: 83520K->352K(82624K)] 155933K->72813K(769600K), 0.0079450 secs] [Times: user=0.05 sys=0.01, real=0.01 secs] 
2014-07-28T18:28:37.682+0000: 751.369: [GC [PSYoungGen: 82554K->352K(99072K)] 155015K->72869K(786048K), 0.0091230 secs] [Times: user=0.06 sys=0.00, real=0.01 secs] 
2014-07-28T18:28:38.371+0000: 752.058: [GC [PSYoungGen: 99040K->320K(112640K)] 171557K->72957K(799616K), 0.0043620 secs] [Times: user=0.02 sys=0.01, real=0.01 secs] 
2014-07-28T18:28:39.135+0000: 752.822: [GC [PSYoungGen: 112640K->256K(112832K)] 185277K->72949K(799808K), 0.0111400 secs] [Times: user=0.08 sys=0.00, real=0.01 secs] 
2014-07-28T18:28:39.927+0000: 753.614: [GC [PSYoungGen: 112576K->384K(111040K)] 185269K->73101K(798016K), 0.0047170 secs] [Times: user=0.02 sys=0.00, real=0.00 secs] 
2014-07-28T18:28:40.709+0000: 754.396: [GC [PSYoungGen: 110998K->288K(109376K)] 183716K->73045K(796352K), 0.0046090 secs] [Times: user=0.03 sys=0.00, real=0.01 secs] 
2014-07-28T18:28:41.483+0000: 755.170: [GC [PSYoungGen: 109337K->384K(107840K)] 182094K->73253K(794816K), 0.0027970 secs] [Times: user=0.50 sys=0.31, real=0.83 secs] 
2014-07-28T18:28:42.719+0000: 756.406: [GC [PSYoungGen: 107840K->480K(106432K)] 180709K->73421K(793408K), 0.0035410 secs] [Times: user=0.02 sys=0.00, real=0.00 secs] 
2014-07-28T18:28:43.445+0000: 757.132: [GC [PSYoungGen: 106400K->320K(104704K)] 179341K->73333K(791680K), 0.0033570 secs] [Times: user=0.02 sys=0.00, real=0.00 secs] 
2014-07-28T18:28:44.168+0000: 757.855: [GC [PSYoungGen: 104704K->256K(103168K)] 177717K->73333K(790144K), 0.0056600 secs] [Times: user=0.04 sys=0.00, real=0.01 secs] 
2014-07-28T18:28:44.880+0000: 758.567: [GC [PSYoungGen: 103168K->320K(101824K)] 176245K->73429K(788800K), 0.0030260 secs] [Times: user=0.02 sys=0.00, real=0.00 secs] 
2014-07-28T18:28:45.580+0000: 759.266: [GC [PSYoungGen: 101824K->256K(100352K)] 174933K->73421K(787328K), 0.0053190 secs] [Times: user=0.04 sys=0.01, real=0.01 secs] 
2014-07-28T18:28:46.273+0000: 759.959: [GC [PSYoungGen: 100352K->448K(99200K)] 173517K->73717K(786176K), 0.0041240 secs] [Times: user=0.03 sys=0.01, real=0.01 secs] 
2014-07-28T18:28:46.948+0000: 760.635: [GC [PSYoungGen: 99200K->288K(97728K)] 172469K->73581K(784704K), 0.0065680 secs] [Times: user=0.04 sys=0.00, real=0.01 secs] 
2014-07-28T18:28:47.632+0000: 761.319: [GC [PSYoungGen: 97696K->370K(96512K)] 170989K->73719K(783488K), 0.0028360 secs] [Times: user=0.01 sys=0.00, real=0.01 secs] 
2014-07-28T18:28:48.305+0000: 761.992: [GC [PSYoungGen: 96498K->256K(95104K)] 169847K->73637K(782080K), 0.0031340 secs] [Times: user=0.01 sys=0.00, real=0.01 secs] 
2014-07-28T18:28:48.963+0000: 762.650: [GC [PSYoungGen: 95104K->544K(94208K)] 168485K->73941K(781184K), 0.0049780 secs] [Times: user=0.02 sys=0.01, real=0.01 secs] 
2014-07-28T18:28:49.609+0000: 763.296: [GC [PSYoungGen: 94176K->448K(92864K)] 167573K->73941K(779840K), 0.0025970 secs] [Times: user=0.01 sys=0.01, real=0.00 secs] 
2014-07-28T18:28:50.246+0000: 763.933: [GC [PSYoungGen: 92864K->320K(91520K)] 166357K->73893K(778496K), 0.0028790 secs] [Times: user=0.02 sys=0.00, real=0.00 secs] 
2014-07-28T18:28:50.875+0000: 764.562: [GC [PSYoungGen: 91520K->256K(90304K)] 165093K->73861K(777280K), 0.0024840 secs] [Times: user=0.01 sys=0.00, real=0.00 secs] 
2014-07-28T18:28:51.495+0000: 765.182: [GC [PSYoungGen: 90304K->384K(89280K)] 163909K->74077K(776256K), 0.0037320 secs] [Times: user=0.02 sys=0.00, real=0.00 secs] 
2014-07-28T18:28:52.105+0000: 765.792: [GC [PSYoungGen: 89280K->370K(88192K)] 162973K->74135K(775168K), 0.0030640 secs] [Times: user=0.02 sys=0.01, real=0.00 secs] 
2014-07-28T18:28:52.705+0000: 766.392: [GC [PSYoungGen: 88178K->256K(86976K)] 161943K->74045K(773952K), 0.0063530 secs] [Times: user=0.04 sys=0.00, real=0.00 secs] 
2014-07-28T18:28:53.309+0000: 766.996: [GC [PSYoungGen: 86975K->352K(86016K)] 160765K->74173K(772992K), 0.0071730 secs] [Times: user=0.05 sys=0.00, real=0.01 secs] 
2014-07-28T18:28:53.902+0000: 767.589: [GC [PSYoungGen: 85943K->306K(84928K)] 159765K->74135K(771904K), 0.0024260 secs] [Times: user=0.01 sys=0.00, real=0.00 secs] 
2014-07-28T18:28:54.483+0000: 768.170: [GC [PSYoungGen: 84914K->320K(83904K)] 158743K->74173K(770880K), 0.0033010 secs] [Times: user=0.02 sys=0.00, real=0.01 secs] 
2014-07-28T18:28:55.067+0000: 768.754: [GC [PSYoungGen: 83904K->320K(82944K)] 157757K->74213K(769920K), 0.0036960 secs] [Times: user=0.01 sys=0.00, real=0.00 secs] 
2014-07-28T18:28:55.647+0000: 769.334: [GC [PSYoungGen: 82944K->402K(82112K)] 156837K->74319K(769088K), 0.0078560 secs] [Times: user=0.04 sys=0.00, real=0.00 secs] 
2014-07-28T18:28:56.220+0000: 769.906: [GC [PSYoungGen: 82066K->320K(81024K)] 155983K->74301K(768000K), 0.0020930 secs] [Times: user=0.02 sys=0.00, real=0.00 secs] 
2014-07-28T18:28:56.776+0000: 770.462: [GC [PSYoungGen: 81024K->320K(80064K)] 155005K->74317K(767040K), 0.0023380 secs] [Times: user=0.01 sys=0.00, real=0.01 secs] 
2014-07-28T18:28:57.327+0000: 771.014: [GC [PSYoungGen: 80016K->352K(79232K)] 154013K->74429K(766208K), 0.0027500 secs] [Times: user=0.02 sys=0.00, real=0.00 secs] 
2014-07-28T18:28:57.869+0000: 771.556: [GC [PSYoungGen: 79200K->416K(78400K)] 153277K->74565K(765376K), 0.0052530 secs] [Times: user=0.03 sys=0.00, real=0.00 secs] 
2014-07-28T18:28:58.405+0000: 772.092: [GC [PSYoungGen: 78368K->256K(77312K)] 152517K->74445K(764288K), 0.0034930 secs] [Times: user=0.02 sys=0.01, real=0.01 secs] 
2014-07-28T18:28:58.938+0000: 772.625: [GC [PSYoungGen: 77312K->288K(76544K)] 151501K->74533K(763520K), 0.0053580 secs] [Times: user=0.03 sys=0.00, real=0.00 secs] 
2014-07-28T18:28:59.461+0000: 773.148: [GC [PSYoungGen: 76468K->480K(75904K)] 150714K->74749K(762880K), 0.0042490 secs] [Times: user=0.03 sys=0.01, real=0.00 secs] 
2014-07-28T18:28:59.982+0000: 773.669: [GC [PSYoungGen: 75872K->384K(74944K)] 150141K->74749K(761920K), 0.0022210 secs] [Times: user=0.01 sys=0.00, real=0.00 secs] 
2014-07-28T18:29:00.496+0000: 774.183: [GC [PSYoungGen: 74944K->224K(73984K)] 149309K->74589K(760960K), 0.0041040 secs] [Times: user=0.03 sys=0.00, real=0.00 secs] 
2014-07-28T18:29:01.004+0000: 774.690: [GC [PSYoungGen: 73952K->384K(73344K)] 148317K->74837K(760320K), 0.0034140 secs] [Times: user=0.01 sys=0.00, real=0.01 secs] 
2014-07-28T18:29:01.510+0000: 775.197: [GC [PSYoungGen: 73344K->448K(72640K)] 147797K->74917K(759616K), 0.0056280 secs] [Times: user=0.03 sys=0.00, real=0.00 secs] 
2014-07-28T18:29:02.009+0000: 775.696: [GC [PSYoungGen: 72640K->256K(71680K)] 147109K->74749K(758656K), 0.0078960 secs] [Times: user=0.04 sys=0.00, real=0.01 secs] 
2014-07-28T18:29:02.507+0000: 776.193: [GC [PSYoungGen: 71680K->224K(86016K)] 146173K->74725K(772992K), 0.0060890 secs] [Times: user=0.02 sys=0.01, real=0.01 secs] 
2014-07-28T18:29:03.112+0000: 776.799: [GC [PSYoungGen: 85944K->402K(85184K)] 160446K->74975K(772160K), 0.0024080 secs] [Times: user=0.01 sys=0.00, real=0.00 secs] 
2014-07-28T18:29:03.690+0000: 777.377: [GC [PSYoungGen: 85138K->256K(83968K)] 159711K->74869K(770944K), 0.0062190 secs] [Times: user=0.04 sys=0.00, real=0.00 secs] 
2014-07-28T18:29:04.263+0000: 777.950: [GC [PSYoungGen: 83968K->384K(83072K)] 158581K->75093K(770048K), 0.0045580 secs] [Times: user=0.03 sys=0.00, real=0.01 secs] 
2014-07-28T18:29:04.832+0000: 778.519: [GC [PSYoungGen: 83072K->256K(81984K)] 157781K->74981K(768960K), 0.0069420 secs] [Times: user=0.04 sys=0.01, real=0.01 secs] 
2014-07-28T18:29:05.396+0000: 779.083: [GC [PSYoungGen: 81984K->288K(98432K)] 156709K->75077K(785408K), 0.0068070 secs] [Times: user=0.05 sys=0.00, real=0.01 secs] 
2014-07-28T18:29:06.070+0000: 779.757: [GC [PSYoungGen: 98400K->434K(97216K)] 173189K->75295K(784192K), 0.0042720 secs] [Times: user=0.03 sys=0.00, real=0.00 secs] 
2014-07-28T18:29:06.737+0000: 780.423: [GC [PSYoungGen: 97189K->370K(95872K)] 172051K->75247K(782848K), 0.0072680 secs] [Times: user=0.03 sys=0.01, real=0.01 secs] 
2014-07-28T18:29:07.399+0000: 781.086: [GC [PSYoungGen: 95836K->384K(94592K)] 170714K->75357K(781568K), 0.0040720 secs] [Times: user=0.02 sys=0.00, real=0.00 secs] 
2014-07-28T18:29:08.049+0000: 781.736: [GC [PSYoungGen: 94551K->224K(113344K)] 169525K->75213K(800320K), 0.0123970 secs] [Times: user=0.06 sys=0.00, real=0.01 secs] 
2014-07-28T18:29:08.832+0000: 782.519: [GC [PSYoungGen: 113312K->384K(111808K)] 188301K->75373K(798784K), 0.0043720 secs] [Times: user=0.03 sys=0.00, real=0.00 secs] 
2014-07-28T18:29:09.616+0000: 783.303: [GC [PSYoungGen: 111808K->320K(110080K)] 186797K->75357K(797056K), 0.0023130 secs] [Times: user=0.09 sys=0.05, real=0.13 secs] 
2014-07-28T18:29:10.356+0000: 784.043: [GC [PSYoungGen: 110080K->224K(108416K)] 185117K->75317K(795392K), 0.0028650 secs] [Times: user=0.01 sys=0.00, real=0.01 secs] 
2014-07-28T18:29:11.098+0000: 784.785: [GC [PSYoungGen: 108384K->320K(106944K)] 183477K->75485K(793920K), 0.0023210 secs] [Times: user=0.02 sys=0.00, real=0.00 secs] 
2014-07-28T18:29:11.833+0000: 785.520: [GC [PSYoungGen: 106944K->416K(105536K)] 182109K->75605K(792512K), 0.0076460 secs] [Times: user=0.04 sys=0.01, real=0.01 secs] 
2014-07-28T18:29:12.560+0000: 786.247: [GC [PSYoungGen: 105504K->320K(103936K)] 180693K->75581K(790912K), 0.0045420 secs] [Times: user=0.03 sys=0.00, real=0.00 secs] 
2014-07-28T18:29:13.278+0000: 786.965: [GC [PSYoungGen: 103936K->288K(102464K)] 179197K->75605K(789440K), 0.0041060 secs] [Times: user=0.02 sys=0.00, real=0.01 secs] 
2014-07-28T18:29:13.984+0000: 787.671: [GC [PSYoungGen: 102432K->384K(101120K)] 177749K->75717K(788096K), 0.0029490 secs] [Times: user=0.01 sys=0.00, real=0.00 secs] 
2014-07-28T18:29:14.674+0000: 788.361: [GC [PSYoungGen: 101120K->384K(99712K)] 176453K->75805K(786688K), 0.0050380 secs] [Times: user=0.03 sys=0.01, real=0.01 secs] 
2014-07-28T18:29:15.387+0000: 789.073: [GC [PSYoungGen: 99712K->402K(98432K)] 175133K->75871K(785408K), 0.0055880 secs] [Times: user=0.03 sys=0.00, real=0.01 secs] 
2014-07-28T18:29:16.085+0000: 789.772: [GC [PSYoungGen: 98386K->224K(96896K)] 173855K->75701K(783872K), 0.0055820 secs] [Times: user=0.01 sys=0.01, real=0.01 secs] 
2014-07-28T18:29:16.782+0000: 790.469: [GC [PSYoungGen: 96864K->416K(95808K)] 172341K->75909K(782784K), 0.0058990 secs] [Times: user=0.04 sys=0.00, real=0.00 secs] 
2014-07-28T18:29:17.406+0000: 791.093: [GC [PSYoungGen: 95776K->288K(94400K)] 171269K->75829K(781376K), 0.0035680 secs] [Times: user=0.01 sys=0.00, real=0.01 secs] 
2014-07-28T18:29:18.056+0000: 791.742: [GC [PSYoungGen: 94368K->256K(93120K)] 169909K->75837K(780096K), 0.0036840 secs] [Times: user=0.01 sys=0.00, real=0.01 secs] 
2014-07-28T18:29:18.699+0000: 792.386: [GC [PSYoungGen: 93119K->384K(92032K)] 168701K->75989K(779008K), 0.0037460 secs] [Times: user=0.02 sys=0.00, real=0.01 secs] 
2014-07-28T18:29:19.334+0000: 793.021: [GC [PSYoungGen: 92032K->320K(90816K)] 167637K->75997K(777792K), 0.0049590 secs] [Times: user=0.03 sys=0.00, real=0.00 secs] 
2014-07-28T18:29:19.956+0000: 793.643: [GC [PSYoungGen: 90796K->288K(89664K)] 166474K->76021K(776640K), 0.0041480 secs] [Times: user=0.02 sys=0.01, real=0.01 secs] 
2014-07-28T18:29:20.573+0000: 794.260: [GC [PSYoungGen: 89632K->352K(88640K)] 165365K->76165K(775616K), 0.0072300 secs] [Times: user=0.04 sys=0.01, real=0.01 secs] 
2014-07-28T18:29:21.181+0000: 794.868: [GC [PSYoungGen: 88608K->356K(87552K)] 164421K->76281K(774528K), 0.0065860 secs] [Times: user=0.05 sys=0.00, real=0.00 secs] 
2014-07-28T18:29:21.788+0000: 795.474: [GC [PSYoungGen: 87524K->512K(86592K)] 163449K->76453K(773568K), 0.0069120 secs] [Times: user=0.04 sys=0.01, real=0.01 secs] 
2014-07-28T18:29:22.411+0000: 796.097: [GC [PSYoungGen: 86592K->288K(85376K)] 162533K->76253K(772352K), 0.0041260 secs] [Times: user=0.01 sys=0.00, real=0.00 secs] 
2014-07-28T18:29:23.014+0000: 796.701: [GC [PSYoungGen: 85315K->370K(84416K)] 161280K->76375K(771392K), 0.0028280 secs] [Times: user=0.01 sys=0.00, real=0.00 secs] 
2014-07-28T18:29:23.611+0000: 797.297: [GC [PSYoungGen: 84402K->352K(83392K)] 160407K->76357K(770368K), 0.0034910 secs] [Times: user=0.02 sys=0.00, real=0.00 secs] 
2014-07-28T18:29:24.162+0000: 797.848: [GC [PSYoungGen: 83357K->306K(82368K)] 159363K->76359K(769344K), 0.0046780 secs] [Times: user=0.03 sys=0.00, real=0.00 secs] 
2014-07-28T18:29:24.727+0000: 798.414: [GC [PSYoungGen: 82354K->416K(81536K)] 158407K->76493K(768512K), 0.0052920 secs] [Times: user=0.03 sys=0.00, real=0.01 secs] 
2014-07-28T18:29:25.287+0000: 798.974: [GC [PSYoungGen: 81504K->288K(80448K)] 157581K->76429K(767424K), 0.0053490 secs] [Times: user=0.03 sys=0.00, real=0.01 secs] 
2014-07-28T18:29:25.840+0000: 799.527: [GC [PSYoungGen: 80416K->256K(79488K)] 156557K->76397K(766464K), 0.0036350 secs] [Times: user=0.01 sys=0.01, real=0.01 secs] 
2014-07-28T18:29:26.384+0000: 800.071: [GC [PSYoungGen: 79453K->370K(78720K)] 155595K->76591K(765696K), 0.0023010 secs] [Times: user=0.02 sys=0.00, real=0.00 secs] 
2014-07-28T18:29:26.924+0000: 800.611: [GC [PSYoungGen: 78706K->320K(77760K)] 154927K->76613K(764736K), 0.0033800 secs] [Times: user=0.02 sys=0.01, real=0.00 secs] 
2014-07-28T18:29:27.459+0000: 801.146: [GC [PSYoungGen: 77760K->274K(76928K)] 154053K->76583K(763904K), 0.0101440 secs] [Times: user=0.05 sys=0.01, real=0.01 secs] 
2014-07-28T18:29:27.982+0000: 801.669: [GC [PSYoungGen: 76882K->256K(76032K)] 153191K->76629K(763008K), 0.0026990 secs] [Times: user=0.01 sys=0.00, real=0.00 secs] 
2014-07-28T18:29:28.506+0000: 802.192: [GC [PSYoungGen: 76032K->288K(75264K)] 152405K->76669K(762240K), 0.0042950 secs] [Times: user=0.03 sys=0.00, real=0.00 secs] 
2014-07-28T18:29:29.040+0000: 802.727: [GC [PSYoungGen: 75232K->416K(74560K)] 151613K->76877K(761536K), 0.0036810 secs] [Times: user=0.01 sys=0.00, real=0.01 secs] 
2014-07-28T18:29:29.558+0000: 803.245: [GC [PSYoungGen: 74528K->466K(73856K)] 150989K->76983K(760832K), 0.0025410 secs] [Times: user=0.01 sys=0.00, real=0.00 secs] 
2014-07-28T18:29:30.077+0000: 803.764: [GC [PSYoungGen: 73810K->128K(72704K)] 150327K->76773K(759680K), 0.0022920 secs] [Times: user=0.01 sys=0.00, real=0.00 secs] 
2014-07-28T18:29:30.588+0000: 804.275: [GC [PSYoungGen: 72694K->498K(72320K)] 149340K->77175K(759296K), 0.0039850 secs] [Times: user=0.02 sys=0.00, real=0.01 secs] 
2014-07-28T18:29:31.072+0000: 804.759: [GC [PSYoungGen: 72265K->544K(71616K)] 148943K->77359K(758592K), 0.0043530 secs] [Times: user=0.03 sys=0.01, real=0.00 secs] 
2014-07-28T18:29:31.561+0000: 805.248: [GC [PSYoungGen: 71584K->320K(70656K)] 148399K->77167K(757632K), 0.0037100 secs] [Times: user=0.02 sys=0.00, real=0.01 secs] 
2014-07-28T18:29:32.045+0000: 805.732: [GC [PSYoungGen: 70656K->320K(69952K)] 147503K->77239K(756928K), 0.0070500 secs] [Times: user=0.04 sys=0.00, real=0.01 secs] 
2014-07-28T18:29:32.527+0000: 806.214: [GC [PSYoungGen: 69952K->320K(69248K)] 146871K->77271K(756224K), 0.0030580 secs] [Times: user=0.02 sys=0.00, real=0.00 secs] 
2014-07-28T18:29:33.003+0000: 806.690: [GC [PSYoungGen: 69248K->416K(68672K)] 146199K->77455K(755648K), 0.0030610 secs] [Times: user=0.01 sys=0.00, real=0.00 secs] 
2014-07-28T18:29:33.471+0000: 807.158: [GC [PSYoungGen: 68640K->416K(67968K)] 145679K->77479K(754944K), 0.0030160 secs] [Times: user=0.02 sys=0.00, real=0.00 secs] 
2014-07-28T18:29:33.938+0000: 807.625: [GC [PSYoungGen: 67936K->306K(67200K)] 144999K->77433K(754176K), 0.0029600 secs] [Times: user=0.01 sys=0.00, real=0.00 secs] 
2014-07-28T18:29:34.400+0000: 808.087: [GC [PSYoungGen: 67186K->242K(66496K)] 144313K->77385K(753472K), 0.0046690 secs] [Times: user=0.02 sys=0.01, real=0.01 secs] 
2014-07-28T18:29:34.856+0000: 808.543: [GC [PSYoungGen: 66482K->256K(65856K)] 143625K->77447K(752832K), 0.0077010 secs] [Times: user=0.05 sys=0.00, real=0.01 secs] 
2014-07-28T18:29:35.311+0000: 808.997: [GC [PSYoungGen: 65856K->288K(65280K)] 143047K->77519K(752256K), 0.0032960 secs] [Times: user=0.02 sys=0.00, real=0.01 secs] 
2014-07-28T18:29:35.754+0000: 809.441: [GC [PSYoungGen: 65248K->384K(64704K)] 142479K->77631K(751680K), 0.0023980 secs] [Times: user=0.01 sys=0.00, real=0.00 secs] 
2014-07-28T18:29:36.205+0000: 809.892: [GC [PSYoungGen: 64704K->320K(77504K)] 141951K->77583K(764480K), 0.0181500 secs] [Times: user=0.10 sys=0.01, real=0.02 secs] 
2014-07-28T18:29:36.740+0000: 810.427: [GC [PSYoungGen: 77504K->352K(93056K)] 154767K->77623K(780032K), 0.0068290 secs] [Times: user=0.03 sys=0.00, real=0.01 secs] 
2014-07-28T18:29:37.373+0000: 811.060: [GC [PSYoungGen: 93024K->288K(111552K)] 170295K->77607K(798528K), 0.0027500 secs] [Times: user=0.01 sys=0.00, real=0.00 secs] 
2014-07-28T18:29:38.138+0000: 811.825: [GC [PSYoungGen: 111520K->160K(115584K)] 188839K->77511K(802560K), 0.0031410 secs] [Times: user=0.01 sys=0.00, real=0.00 secs] 
2014-07-28T18:29:38.937+0000: 812.624: [GC [PSYoungGen: 115360K->352K(113856K)] 192711K->77711K(800832K), 0.0050780 secs] [Times: user=0.03 sys=0.00, real=0.01 secs] 
2014-07-28T18:29:39.717+0000: 813.404: [GC [PSYoungGen: 113824K->160K(111936K)] 191183K->77535K(798912K), 0.0034950 secs] [Times: user=0.01 sys=0.00, real=0.00 secs] 
2014-07-28T18:29:40.493+0000: 814.180: [GC [PSYoungGen: 111904K->416K(110528K)] 189279K->77871K(797504K), 0.0037350 secs] [Times: user=0.02 sys=0.00, real=0.01 secs] 
2014-07-28T18:29:41.251+0000: 814.938: [GC [PSYoungGen: 110496K->192K(108672K)] 187951K->77695K(795648K), 0.0043600 secs] [Times: user=0.02 sys=0.01, real=0.01 secs] 
2014-07-28T18:29:41.996+0000: 815.683: [GC [PSYoungGen: 108672K->352K(107264K)] 186175K->77879K(794240K), 0.0030400 secs] [Times: user=0.02 sys=0.00, real=0.00 secs] 
2014-07-28T18:29:42.734+0000: 816.421: [GC [PSYoungGen: 107232K->224K(105600K)] 184759K->77807K(792576K), 0.0039290 secs] [Times: user=0.02 sys=0.01, real=0.00 secs] 
2014-07-28T18:29:43.463+0000: 817.150: [GC [PSYoungGen: 105568K->384K(104256K)] 183151K->78039K(791232K), 0.0051330 secs] [Times: user=0.02 sys=0.00, real=0.00 secs] 
2014-07-28T18:29:44.181+0000: 817.868: [GC [PSYoungGen: 104256K->448K(102848K)] 181911K->78191K(789824K), 0.0027080 secs] [Times: user=0.02 sys=0.00, real=0.01 secs] 
2014-07-28T18:29:44.887+0000: 818.574: [GC [PSYoungGen: 102848K->384K(101376K)] 180591K->78159K(788352K), 0.0041750 secs] [Times: user=0.02 sys=0.00, real=0.00 secs] 
2014-07-28T18:29:45.585+0000: 819.272: [GC [PSYoungGen: 101376K->256K(99840K)] 179151K->78095K(786816K), 0.0034000 secs] [Times: user=0.02 sys=0.00, real=0.00 secs] 
2014-07-28T18:29:46.274+0000: 819.961: [GC [PSYoungGen: 99840K->320K(98560K)] 177679K->78231K(785536K), 0.0029510 secs] [Times: user=0.01 sys=0.01, real=0.00 secs] 
2014-07-28T18:29:46.953+0000: 820.640: [GC [PSYoungGen: 98560K->416K(97344K)] 176471K->78351K(784320K), 0.0028150 secs] [Times: user=0.01 sys=0.00, real=0.01 secs] 
2014-07-28T18:29:47.621+0000: 821.308: [GC [PSYoungGen: 97312K->416K(96064K)] 175247K->78423K(783040K), 0.0043860 secs] [Times: user=0.01 sys=0.00, real=0.01 secs] 
2014-07-28T18:29:48.281+0000: 821.967: [GC [PSYoungGen: 96032K->320K(94656K)] 174039K->78455K(781632K), 0.0022660 secs] [Times: user=0.01 sys=0.00, real=0.00 secs] 
2014-07-28T18:29:48.928+0000: 822.615: [GC [PSYoungGen: 94656K->384K(93504K)] 172791K->78543K(780480K), 0.0023750 secs] [Times: user=0.02 sys=0.00, real=0.00 secs] 
2014-07-28T18:29:49.572+0000: 823.259: [GC [PSYoungGen: 93486K->256K(92160K)] 171646K->78479K(779136K), 0.0031890 secs] [Times: user=0.02 sys=0.00, real=0.01 secs] 
2014-07-28T18:29:50.205+0000: 823.892: [GC [PSYoungGen: 92160K->288K(91072K)] 170383K->78559K(778048K), 0.0060350 secs] [Times: user=0.04 sys=0.00, real=0.00 secs] 
2014-07-28T18:29:50.829+0000: 824.516: [GC [PSYoungGen: 91040K->434K(90048K)] 169311K->78729K(777024K), 0.0037470 secs] [Times: user=0.02 sys=0.00, real=0.00 secs] 
2014-07-28T18:29:51.446+0000: 825.132: [GC [PSYoungGen: 90034K->352K(88832K)] 168329K->78703K(775808K), 0.0098710 secs] [Times: user=0.06 sys=0.00, real=0.01 secs] 
2014-07-28T18:29:52.052+0000: 825.739: [GC [PSYoungGen: 88800K->224K(87616K)] 167151K->78623K(774592K), 0.0037810 secs] [Times: user=0.02 sys=0.00, real=0.01 secs] 
2014-07-28T18:29:52.657+0000: 826.344: [GC [PSYoungGen: 87584K->256K(86528K)] 165983K->78687K(773504K), 0.0049820 secs] [Times: user=0.03 sys=0.00, real=0.00 secs] 
2014-07-28T18:29:53.254+0000: 826.941: [GC [PSYoungGen: 86479K->416K(85696K)] 164911K->78911K(772672K), 0.0065150 secs] [Times: user=0.04 sys=0.00, real=0.01 secs] 
2014-07-28T18:29:53.843+0000: 827.529: [GC [PSYoungGen: 85664K->448K(84672K)] 164159K->78959K(771648K), 0.0032140 secs] [Times: user=0.02 sys=0.00, real=0.01 secs] 
2014-07-28T18:29:54.422+0000: 828.109: [GC [PSYoungGen: 84632K->320K(83520K)] 163144K->78951K(770496K), 0.0041650 secs] [Times: user=0.02 sys=0.01, real=0.01 secs] 
2014-07-28T18:29:54.999+0000: 828.685: [GC [PSYoungGen: 83520K->320K(82560K)] 162151K->79031K(769536K), 0.0032270 secs] [Times: user=0.01 sys=0.00, real=0.00 secs] 
2014-07-28T18:29:55.566+0000: 829.253: [GC [PSYoungGen: 82560K->384K(81664K)] 161271K->79095K(768640K), 0.0037500 secs] [Times: user=0.02 sys=0.00, real=0.00 secs] 
2014-07-28T18:29:56.125+0000: 829.812: [GC [PSYoungGen: 81646K->256K(80576K)] 160358K->79015K(767552K), 0.0033850 secs] [Times: user=0.02 sys=0.00, real=0.00 secs] 
2014-07-28T18:29:56.680+0000: 830.367: [GC [PSYoungGen: 80576K->416K(79872K)] 159335K->79207K(766848K), 0.0022760 secs] [Times: user=0.01 sys=0.00, real=0.00 secs] 
2014-07-28T18:29:57.230+0000: 830.917: [GC [PSYoungGen: 79840K->320K(78848K)] 158631K->79175K(765824K), 0.0036710 secs] [Times: user=0.02 sys=0.00, real=0.00 secs] 
2014-07-28T18:29:57.773+0000: 831.460: [GC [PSYoungGen: 78843K->288K(77952K)] 157699K->79159K(764928K), 0.0027660 secs] [Times: user=0.01 sys=0.00, real=0.01 secs] 
2014-07-28T18:29:58.309+0000: 831.996: [GC [PSYoungGen: 77920K->288K(77056K)] 156791K->79215K(764032K), 0.0030900 secs] [Times: user=0.01 sys=0.01, real=0.00 secs] 
2014-07-28T18:29:58.841+0000: 832.527: [GC [PSYoungGen: 77024K->288K(76224K)] 155951K->79239K(763200K), 0.0032710 secs] [Times: user=0.02 sys=0.00, real=0.00 secs] 
2014-07-28T18:29:59.364+0000: 833.051: [GC [PSYoungGen: 76150K->466K(75584K)] 155102K->79481K(762560K), 0.0024060 secs] [Times: user=0.01 sys=0.00, real=0.01 secs] 
2014-07-28T18:29:59.883+0000: 833.570: [GC [PSYoungGen: 75516K->224K(74496K)] 154532K->79287K(761472K), 0.0044390 secs] [Times: user=0.03 sys=0.00, real=0.01 secs] 
2014-07-28T18:30:00.393+0000: 834.080: [GC [PSYoungGen: 74464K->288K(73792K)] 153527K->79391K(760768K), 0.0031760 secs] [Times: user=0.02 sys=0.00, real=0.01 secs] 
2014-07-28T18:30:00.900+0000: 834.587: [GC [PSYoungGen: 73760K->384K(73088K)] 152863K->79551K(760064K), 0.0065490 secs] [Times: user=0.03 sys=0.00, real=0.01 secs] 
2014-07-28T18:30:01.400+0000: 835.087: [GC [PSYoungGen: 73066K->416K(72384K)] 152234K->79599K(759360K), 0.0036830 secs] [Times: user=0.01 sys=0.01, real=0.00 secs] 
2014-07-28T18:30:01.894+0000: 835.581: [GC [PSYoungGen: 72352K->384K(71552K)] 151535K->79663K(758528K), 0.0027770 secs] [Times: user=0.01 sys=0.01, real=0.01 secs] 
2014-07-28T18:30:02.385+0000: 836.072: [GC [PSYoungGen: 71552K->224K(70656K)] 150831K->79519K(757632K), 0.0042160 secs] [Times: user=0.03 sys=0.00, real=0.01 secs] 
2014-07-28T18:30:02.869+0000: 836.556: [GC [PSYoungGen: 70624K->256K(69952K)] 149919K->79607K(756928K), 0.0022010 secs] [Times: user=0.01 sys=0.00, real=0.00 secs] 
2014-07-28T18:30:03.350+0000: 837.037: [GC [PSYoungGen: 69952K->320K(69312K)] 149303K->79711K(756288K), 0.0050240 secs] [Times: user=0.03 sys=0.00, real=0.00 secs] 
2014-07-28T18:30:03.826+0000: 837.513: [GC [PSYoungGen: 69291K->256K(68544K)] 148683K->79703K(755520K), 0.0042920 secs] [Times: user=0.02 sys=0.00, real=0.00 secs] 
2014-07-28T18:30:04.294+0000: 837.981: [GC [PSYoungGen: 68544K->384K(67968K)] 147991K->79903K(754944K), 0.0034400 secs] [Times: user=0.02 sys=0.00, real=0.01 secs] 
2014-07-28T18:30:04.760+0000: 838.447: [GC [PSYoungGen: 67968K->384K(67328K)] 147487K->79919K(754304K), 0.0031740 secs] [Times: user=0.01 sys=0.00, real=0.00 secs] 
2014-07-28T18:30:05.221+0000: 838.908: [GC [PSYoungGen: 67328K->416K(66752K)] 146863K->80023K(753728K), 0.0036150 secs] [Times: user=0.02 sys=0.00, real=0.00 secs] 
2014-07-28T18:30:05.683+0000: 839.370: [GC [PSYoungGen: 66719K->256K(65920K)] 146327K->79903K(752896K), 0.0036740 secs] [Times: user=0.02 sys=0.00, real=0.01 secs] 
2014-07-28T18:30:06.141+0000: 839.828: [GC [PSYoungGen: 65920K->192K(65216K)] 145567K->79871K(752192K), 0.0042610 secs] [Times: user=0.02 sys=0.00, real=0.00 secs] 
2014-07-28T18:30:06.591+0000: 840.278: [GC [PSYoungGen: 65216K->352K(64768K)] 144895K->80063K(751744K), 0.0043180 secs] [Times: user=0.02 sys=0.01, real=0.00 secs] 
2014-07-28T18:30:07.037+0000: 840.724: [GC [PSYoungGen: 64736K->384K(64128K)] 144447K->80159K(751104K), 0.0054480 secs] [Times: user=0.03 sys=0.00, real=0.00 secs] 
2014-07-28T18:30:07.475+0000: 841.162: [GC [PSYoungGen: 64128K->338K(63552K)] 143903K->80137K(750528K), 0.0043100 secs] [Times: user=0.02 sys=0.01, real=0.01 secs] 
2014-07-28T18:30:07.912+0000: 841.599: [GC [PSYoungGen: 63506K->320K(62912K)] 143305K->80199K(749888K), 0.0035190 secs] [Times: user=0.02 sys=0.00, real=0.00 secs] 
2014-07-28T18:30:08.343+0000: 842.030: [GC [PSYoungGen: 62912K->160K(75328K)] 142791K->80055K(762304K), 0.0075310 secs] [Times: user=0.04 sys=0.00, real=0.01 secs] 
2014-07-28T18:30:08.856+0000: 842.543: [GC [PSYoungGen: 75296K->352K(74688K)] 155191K->80327K(761664K), 0.0034480 secs] [Times: user=0.01 sys=0.00, real=0.01 secs] 
2014-07-28T18:30:09.366+0000: 843.053: [GC [PSYoungGen: 74629K->320K(73856K)] 154605K->80359K(760832K), 0.0053430 secs] [Times: user=0.03 sys=0.01, real=0.01 secs] 
2014-07-28T18:30:09.897+0000: 843.583: [GC [PSYoungGen: 73856K->256K(73024K)] 153895K->80327K(760000K), 0.0030460 secs] [Times: user=0.01 sys=0.01, real=0.01 secs] 
2014-07-28T18:30:10.396+0000: 844.083: [GC [PSYoungGen: 73024K->448K(72448K)] 153095K->80551K(759424K), 0.0031700 secs] [Times: user=0.02 sys=0.00, real=0.01 secs] 
2014-07-28T18:30:10.893+0000: 844.580: [GC [PSYoungGen: 72448K->352K(71616K)] 152551K->80527K(758592K), 0.0030870 secs] [Times: user=0.01 sys=0.01, real=0.00 secs] 
2014-07-28T18:30:11.384+0000: 845.070: [GC [PSYoungGen: 71584K->370K(70848K)] 151759K->80625K(757824K), 0.0054470 secs] [Times: user=0.03 sys=0.00, real=0.01 secs] 
2014-07-28T18:30:11.868+0000: 845.554: [GC [PSYoungGen: 70787K->306K(70080K)] 151043K->80609K(757056K), 0.0051660 secs] [Times: user=0.03 sys=0.00, real=0.00 secs] 
2014-07-28T18:30:12.347+0000: 846.034: [GC [PSYoungGen: 70044K->352K(69440K)] 150348K->80711K(756416K), 0.0054590 secs] [Times: user=0.04 sys=0.00, real=0.01 secs] 
2014-07-28T18:30:12.821+0000: 846.508: [GC [PSYoungGen: 69408K->288K(68672K)] 149767K->80711K(755648K), 0.0049830 secs] [Times: user=0.02 sys=0.00, real=0.00 secs] 
2014-07-28T18:30:13.292+0000: 846.979: [GC [PSYoungGen: 68640K->384K(68032K)] 149063K->80887K(755008K), 0.0049450 secs] [Times: user=0.03 sys=0.00, real=0.00 secs] 
2014-07-28T18:30:13.760+0000: 847.446: [GC [PSYoungGen: 68002K->224K(67264K)] 148506K->80743K(754240K), 0.0037860 secs] [Times: user=0.01 sys=0.00, real=0.00 secs] 
2014-07-28T18:30:14.218+0000: 847.905: [GC [PSYoungGen: 67232K->256K(66624K)] 147751K->80831K(753600K), 0.0035800 secs] [Times: user=0.02 sys=0.00, real=0.00 secs] 
2014-07-28T18:30:14.678+0000: 848.365: [GC [PSYoungGen: 66624K->288K(66048K)] 147199K->80879K(753024K), 0.0027960 secs] [Times: user=0.01 sys=0.00, real=0.01 secs] 
2014-07-28T18:30:15.131+0000: 848.818: [GC [PSYoungGen: 66016K->480K(65600K)] 146607K->81175K(752576K), 0.0038250 secs] [Times: user=0.03 sys=0.00, real=0.00 secs] 
2014-07-28T18:30:15.582+0000: 849.269: [GC [PSYoungGen: 65568K->288K(64768K)] 146263K->81023K(751744K), 0.0053480 secs] [Times: user=0.02 sys=0.01, real=0.00 secs] 
2014-07-28T18:30:16.026+0000: 849.712: [GC [PSYoungGen: 64736K->224K(64064K)] 145471K->81015K(751040K), 0.0050620 secs] [Times: user=0.03 sys=0.00, real=0.01 secs] 
2014-07-28T18:30:16.465+0000: 850.152: [GC [PSYoungGen: 64032K->384K(76992K)] 144823K->81191K(763968K), 0.0073500 secs] [Times: user=0.05 sys=0.00, real=0.01 secs] 
2014-07-28T18:30:16.996+0000: 850.683: [GC [PSYoungGen: 76992K->288K(92288K)] 157799K->81159K(779264K), 0.0035860 secs] [Times: user=0.01 sys=0.00, real=0.01 secs] 
2014-07-28T18:30:17.635+0000: 851.322: [GC [PSYoungGen: 92256K->448K(91264K)] 173127K->81327K(778240K), 0.0034630 secs] [Times: user=0.02 sys=0.01, real=0.01 secs] 
2014-07-28T18:30:18.257+0000: 851.944: [GC [PSYoungGen: 91264K->224K(89920K)] 172143K->81135K(776896K), 0.0054610 secs] [Times: user=0.02 sys=0.00, real=0.01 secs] 
2014-07-28T18:30:18.882+0000: 852.569: [GC [PSYoungGen: 89888K->416K(88960K)] 170799K->81351K(775936K), 0.0046160 secs] [Times: user=0.02 sys=0.01, real=0.00 secs] 
2014-07-28T18:30:19.490+0000: 853.177: [GC [PSYoungGen: 88928K->320K(87744K)] 169863K->81311K(774720K), 0.0049020 secs] [Times: user=0.03 sys=0.00, real=0.00 secs] 
2014-07-28T18:30:20.093+0000: 853.780: [GC [PSYoungGen: 87744K->384K(86720K)] 168735K->81463K(773696K), 0.0024830 secs] [Times: user=0.01 sys=0.00, real=0.00 secs] 
2014-07-28T18:30:20.689+0000: 854.376: [GC [PSYoungGen: 86720K->384K(85696K)] 167799K->81503K(772672K), 0.0042370 secs] [Times: user=0.03 sys=0.00, real=0.01 secs] 
2014-07-28T18:30:21.276+0000: 854.963: [GC [PSYoungGen: 85696K->288K(84608K)] 166815K->81471K(771584K), 0.0027060 secs] [Times: user=0.01 sys=0.00, real=0.01 secs] 
2014-07-28T18:30:21.858+0000: 855.545: [GC [PSYoungGen: 84576K->384K(83648K)] 165759K->81599K(770624K), 0.0034620 secs] [Times: user=0.02 sys=0.00, real=0.01 secs] 
2014-07-28T18:30:22.431+0000: 856.118: [GC [PSYoungGen: 83648K->256K(82560K)] 164863K->81535K(769536K), 0.0049540 secs] [Times: user=0.03 sys=0.00, real=0.00 secs] 
2014-07-28T18:30:22.999+0000: 856.685: [GC [PSYoungGen: 82560K->384K(81728K)] 163839K->81751K(768704K), 0.0024570 secs] [Times: user=0.02 sys=0.00, real=0.01 secs] 
2014-07-28T18:30:23.561+0000: 857.248: [GC [PSYoungGen: 81728K->448K(80832K)] 163095K->81831K(767808K), 0.0039710 secs] [Times: user=0.02 sys=0.00, real=0.00 secs] 
2014-07-28T18:30:24.114+0000: 857.801: [GC [PSYoungGen: 80832K->224K(79744K)] 162215K->81639K(766720K), 0.0025450 secs] [Times: user=0.01 sys=0.00, real=0.00 secs] 
2014-07-28T18:30:24.665+0000: 858.352: [GC [PSYoungGen: 79712K->224K(78848K)] 161127K->81663K(765824K), 0.0039200 secs] [Times: user=0.03 sys=0.00, real=0.01 secs] 
2014-07-28T18:30:25.207+0000: 858.893: [GC [PSYoungGen: 78816K->288K(78016K)] 160255K->81791K(764992K), 0.0042330 secs] [Times: user=0.03 sys=0.00, real=0.01 secs] 
2014-07-28T18:30:25.743+0000: 859.429: [GC [PSYoungGen: 77984K->320K(77120K)] 159487K->81847K(764096K), 0.0052170 secs] [Times: user=0.03 sys=0.01, real=0.00 secs] 
2014-07-28T18:30:26.275+0000: 859.962: [GC [PSYoungGen: 77120K->384K(76352K)] 158647K->81991K(763328K), 0.0029870 secs] [Times: user=0.01 sys=0.00, real=0.00 secs] 
2014-07-28T18:30:26.800+0000: 860.487: [GC [PSYoungGen: 76352K->320K(75456K)] 157959K->81943K(762432K), 0.0020510 secs] [Times: user=0.01 sys=0.01, real=0.00 secs] 
2014-07-28T18:30:27.324+0000: 861.011: [GC [PSYoungGen: 75456K->288K(74624K)] 157079K->81975K(761600K), 0.0062840 secs] [Times: user=0.04 sys=0.00, real=0.01 secs] 
2014-07-28T18:30:27.834+0000: 861.520: [GC [PSYoungGen: 74592K->256K(73792K)] 156279K->81959K(760768K), 0.0034650 secs] [Times: user=0.01 sys=0.00, real=0.00 secs] 
2014-07-28T18:30:28.342+0000: 862.029: [GC [PSYoungGen: 73792K->320K(73088K)] 155495K->82087K(760064K), 0.0031000 secs] [Times: user=0.02 sys=0.00, real=0.00 secs] 
2014-07-28T18:30:28.847+0000: 862.533: [GC [PSYoungGen: 73088K->466K(72512K)] 154855K->82337K(759488K), 0.0027210 secs] [Times: user=0.01 sys=0.00, real=0.00 secs] 
2014-07-28T18:30:29.346+0000: 863.033: [GC [PSYoungGen: 72466K->256K(71488K)] 154337K->82255K(758464K), 0.0022390 secs] [Times: user=0.01 sys=0.00, real=0.00 secs] 
2014-07-28T18:30:29.836+0000: 863.523: [GC [PSYoungGen: 71488K->320K(70784K)] 153487K->82383K(757760K), 0.0061880 secs] [Times: user=0.04 sys=0.00, real=0.01 secs] 
2014-07-28T18:30:30.325+0000: 864.012: [GC [PSYoungGen: 70784K->288K(70080K)] 152847K->82399K(757056K), 0.0041920 secs] [Times: user=0.02 sys=0.01, real=0.00 secs] 
2014-07-28T18:30:30.802+0000: 864.489: [GC [PSYoungGen: 70048K->320K(69376K)] 152159K->82431K(756352K), 0.0032000 secs] [Times: user=0.02 sys=0.00, real=0.00 secs] 
2014-07-28T18:30:31.277+0000: 864.964: [GC [PSYoungGen: 69376K->160K(68544K)] 151487K->82295K(755520K), 0.0027670 secs] [Times: user=0.01 sys=0.00, real=0.00 secs] 
2014-07-28T18:30:31.748+0000: 865.435: [GC [PSYoungGen: 68512K->320K(67968K)] 150647K->82471K(754944K), 0.0052260 secs] [Times: user=0.03 sys=0.01, real=0.01 secs] 
2014-07-28T18:30:32.216+0000: 865.903: [GC [PSYoungGen: 67968K->416K(67456K)] 150119K->82647K(754432K), 0.0034640 secs] [Times: user=0.01 sys=0.00, real=0.00 secs] 
2014-07-28T18:30:32.679+0000: 866.366: [GC [PSYoungGen: 67424K->416K(66816K)] 149655K->82679K(753792K), 0.0030820 secs] [Times: user=0.01 sys=0.00, real=0.01 secs] 
2014-07-28T18:30:33.137+0000: 866.823: [GC [PSYoungGen: 66784K->192K(65920K)] 149047K->82591K(752896K), 0.0029560 secs] [Times: user=0.01 sys=0.00, real=0.00 secs] 
2014-07-28T18:30:33.589+0000: 867.276: [GC [PSYoungGen: 65920K->384K(65472K)] 148319K->82831K(752448K), 0.0035710 secs] [Times: user=0.02 sys=0.00, real=0.01 secs] 
2014-07-28T18:30:34.037+0000: 867.724: [GC [PSYoungGen: 65472K->160K(64640K)] 147919K->82631K(751616K), 0.0052410 secs] [Times: user=0.03 sys=0.00, real=0.01 secs] 
2014-07-28T18:30:34.482+0000: 868.169: [GC [PSYoungGen: 64608K->448K(64256K)] 147079K->82959K(751232K), 0.0039790 secs] [Times: user=0.03 sys=0.00, real=0.00 secs] 
2014-07-28T18:30:34.921+0000: 868.608: [GC [PSYoungGen: 64223K->416K(63680K)] 146735K->83031K(750656K), 0.0035540 secs] [Times: user=0.03 sys=0.00, real=0.00 secs] 
2014-07-28T18:30:35.356+0000: 869.043: [GC [PSYoungGen: 63648K->320K(62976K)] 146263K->82967K(749952K), 0.0031770 secs] [Times: user=0.01 sys=0.00, real=0.00 secs] 
2014-07-28T18:30:35.787+0000: 869.474: [GC [PSYoungGen: 62976K->416K(62528K)] 145623K->83167K(749504K), 0.0027520 secs] [Times: user=0.02 sys=0.00, real=0.00 secs] 
2014-07-28T18:30:36.213+0000: 869.900: [GC [PSYoungGen: 62496K->160K(61696K)] 145247K->82943K(748672K), 0.0028590 secs] [Times: user=0.02 sys=0.00, real=0.00 secs] 
2014-07-28T18:30:36.637+0000: 870.324: [GC [PSYoungGen: 61664K->320K(61248K)] 144447K->83127K(748224K), 0.0041980 secs] [Times: user=0.02 sys=0.00, real=0.01 secs] 
2014-07-28T18:30:37.056+0000: 870.743: [GC [PSYoungGen: 61248K->288K(60672K)] 144055K->83159K(747648K), 0.0032100 secs] [Times: user=0.02 sys=0.00, real=0.00 secs] 
2014-07-28T18:30:37.469+0000: 871.156: [GC [PSYoungGen: 60640K->416K(60288K)] 143511K->83335K(747264K), 0.0038030 secs] [Times: user=0.02 sys=0.00, real=0.01 secs] 
2014-07-28T18:30:37.882+0000: 871.569: [GC [PSYoungGen: 60213K->320K(59648K)] 143133K->83311K(746624K), 0.0034020 secs] [Times: user=0.02 sys=0.00, real=0.00 secs] 
2014-07-28T18:30:38.292+0000: 871.979: [GC [PSYoungGen: 59648K->352K(59200K)] 142639K->83367K(746176K), 0.0065510 secs] [Times: user=0.04 sys=0.00, real=0.00 secs] 
2014-07-28T18:30:38.694+0000: 872.381: [GC [PSYoungGen: 59168K->288K(58624K)] 142183K->83319K(745600K), 0.0036080 secs] [Times: user=0.02 sys=0.00, real=0.00 secs] 
2014-07-28T18:30:39.095+0000: 872.782: [GC [PSYoungGen: 58592K->288K(58112K)] 141623K->83391K(745088K), 0.0037630 secs] [Times: user=0.02 sys=0.00, real=0.00 secs] 
2014-07-28T18:30:39.494+0000: 873.181: [GC [PSYoungGen: 58068K->466K(57792K)] 141172K->83601K(744768K), 0.0031260 secs] [Times: user=0.02 sys=0.00, real=0.00 secs] 
2014-07-28T18:30:39.888+0000: 873.575: [GC [PSYoungGen: 57717K->256K(68992K)] 140853K->83455K(755968K), 0.0064670 secs] [Times: user=0.03 sys=0.01, real=0.01 secs] 
2014-07-28T18:30:40.364+0000: 874.051: [GC [PSYoungGen: 68992K->384K(68416K)] 152191K->83615K(755392K), 0.0034130 secs] [Times: user=0.02 sys=0.00, real=0.00 secs] 
2014-07-28T18:30:40.833+0000: 874.520: [GC [PSYoungGen: 68416K->256K(67584K)] 151647K->83535K(754560K), 0.0024630 secs] [Times: user=0.02 sys=0.00, real=0.00 secs] 
2014-07-28T18:30:41.308+0000: 874.995: [GC [PSYoungGen: 67584K->288K(67008K)] 150863K->83623K(753984K), 0.0046990 secs] [Times: user=0.03 sys=0.00, real=0.01 secs] 
2014-07-28T18:30:41.758+0000: 875.445: [GC [PSYoungGen: 66976K->352K(66432K)] 150311K->83687K(753408K), 0.0028600 secs] [Times: user=0.01 sys=0.00, real=0.00 secs] 
2014-07-28T18:30:42.214+0000: 875.901: [GC [PSYoungGen: 66400K->288K(65728K)] 149735K->83687K(752704K), 0.0036870 secs] [Times: user=0.01 sys=0.00, real=0.00 secs] 
2014-07-28T18:30:42.663+0000: 876.350: [GC [PSYoungGen: 65686K->224K(65024K)] 149086K->83671K(752000K), 0.0039250 secs] [Times: user=0.02 sys=0.00, real=0.00 secs] 
2014-07-28T18:30:43.108+0000: 876.795: [GC [PSYoungGen: 64986K->352K(64512K)] 148433K->83879K(751488K), 0.0052780 secs] [Times: user=0.03 sys=0.00, real=0.01 secs] 
2014-07-28T18:30:43.552+0000: 877.239: [GC [PSYoungGen: 64480K->256K(77248K)] 148007K->83807K(764224K), 0.0069800 secs] [Times: user=0.04 sys=0.00, real=0.00 secs] 
2014-07-28T18:30:44.084+0000: 877.771: [GC [PSYoungGen: 77248K->384K(76544K)] 160799K->84023K(763520K), 0.0039280 secs] [Times: user=0.02 sys=0.00, real=0.00 secs] 
2014-07-28T18:30:44.610+0000: 878.297: [GC [PSYoungGen: 76512K->320K(75648K)] 160151K->84007K(762624K), 0.0033810 secs] [Times: user=0.02 sys=0.00, real=0.01 secs] 
2014-07-28T18:30:45.131+0000: 878.818: [GC [PSYoungGen: 75648K->498K(75008K)] 159335K->84297K(761984K), 0.0049780 secs] [Times: user=0.03 sys=0.00, real=0.01 secs] 
2014-07-28T18:30:45.643+0000: 879.330: [GC [PSYoungGen: 74994K->256K(73920K)] 158793K->84151K(760896K), 0.0043150 secs] [Times: user=0.02 sys=0.01, real=0.00 secs] 
2014-07-28T18:30:46.149+0000: 879.836: [GC [PSYoungGen: 73920K->274K(73216K)] 157815K->84209K(760192K), 0.0026880 secs] [Times: user=0.01 sys=0.00, real=0.01 secs] 
2014-07-28T18:30:46.651+0000: 880.338: [GC [PSYoungGen: 73170K->352K(72512K)] 157105K->84361K(759488K), 0.0032710 secs] [Times: user=0.02 sys=0.00, real=0.01 secs] 
2014-07-28T18:30:47.144+0000: 880.831: [GC [PSYoungGen: 72480K->288K(71680K)] 156489K->84353K(758656K), 0.0056460 secs] [Times: user=0.03 sys=0.00, real=0.00 secs] 
2014-07-28T18:30:47.640+0000: 881.327: [GC [PSYoungGen: 71648K->288K(70912K)] 155713K->84409K(757888K), 0.0028660 secs] [Times: user=0.01 sys=0.00, real=0.01 secs] 
2014-07-28T18:30:48.124+0000: 881.811: [GC [PSYoungGen: 70855K->274K(70208K)] 154977K->84443K(757184K), 0.0025750 secs] [Times: user=0.01 sys=0.01, real=0.00 secs] 
2014-07-28T18:30:48.607+0000: 882.293: [GC [PSYoungGen: 70156K->160K(69376K)] 154325K->84345K(756352K), 0.0038410 secs] [Times: user=0.01 sys=0.00, real=0.00 secs] 
2014-07-28T18:30:49.079+0000: 882.766: [GC [PSYoungGen: 69344K->320K(68800K)] 153529K->84577K(755776K), 0.0028070 secs] [Times: user=0.01 sys=0.00, real=0.00 secs] 
2014-07-28T18:30:49.556+0000: 883.243: [GC [PSYoungGen: 68800K->448K(68224K)] 153057K->84769K(755200K), 0.0024020 secs] [Times: user=0.01 sys=0.00, real=0.00 secs] 
2014-07-28T18:30:50.024+0000: 883.711: [GC [PSYoungGen: 68224K->384K(67456K)] 152545K->84793K(754432K), 0.0030620 secs] [Times: user=0.02 sys=0.00, real=0.00 secs] 
2014-07-28T18:30:50.482+0000: 884.169: [GC [PSYoungGen: 67456K->224K(66688K)] 151865K->84657K(753664K), 0.0025230 secs] [Times: user=0.01 sys=0.00, real=0.01 secs] 
2014-07-28T18:30:50.940+0000: 884.627: [GC [PSYoungGen: 66656K->384K(66176K)] 151089K->84881K(753152K), 0.0027810 secs] [Times: user=0.01 sys=0.00, real=0.01 secs] 
2014-07-28T18:30:51.390+0000: 885.077: [GC [PSYoungGen: 66176K->352K(65536K)] 150673K->84865K(752512K), 0.0031840 secs] [Times: user=0.01 sys=0.00, real=0.01 secs] 
2014-07-28T18:30:51.838+0000: 885.525: [GC [PSYoungGen: 65504K->416K(64960K)] 150017K->85001K(751936K), 0.0027070 secs] [Times: user=0.02 sys=0.00, real=0.00 secs] 
2014-07-28T18:30:52.281+0000: 885.967: [GC [PSYoungGen: 64928K->256K(64128K)] 149513K->84873K(751104K), 0.0035780 secs] [Times: user=0.02 sys=0.00, real=0.01 secs] 
2014-07-28T18:30:52.720+0000: 886.407: [GC [PSYoungGen: 64128K->512K(63808K)] 148745K->85145K(750784K), 0.0034710 secs] [Times: user=0.02 sys=0.00, real=0.01 secs] 
2014-07-28T18:30:53.160+0000: 886.847: [GC [PSYoungGen: 63808K->256K(62976K)] 148441K->84945K(749952K), 0.0034450 secs] [Times: user=0.02 sys=0.00, real=0.00 secs] 
2014-07-28T18:30:53.590+0000: 887.277: [GC [PSYoungGen: 62976K->320K(62464K)] 147665K->85049K(749440K), 0.0022160 secs] [Times: user=0.01 sys=0.00, real=0.00 secs] 
2014-07-28T18:30:54.019+0000: 887.706: [GC [PSYoungGen: 62464K->256K(61824K)] 147193K->85033K(748800K), 0.0028770 secs] [Times: user=0.01 sys=0.00, real=0.00 secs] 
2014-07-28T18:30:54.441+0000: 888.128: [GC [PSYoungGen: 61824K->352K(61376K)] 146601K->85161K(748352K), 0.0033710 secs] [Times: user=0.02 sys=0.00, real=0.01 secs] 
2014-07-28T18:30:54.862+0000: 888.549: [GC [PSYoungGen: 61344K->448K(60864K)] 146153K->85345K(747840K), 0.0027920 secs] [Times: user=0.02 sys=0.00, real=0.01 secs] 
2014-07-28T18:30:55.278+0000: 888.965: [GC [PSYoungGen: 60864K->288K(60224K)] 145761K->85225K(747200K), 0.0022670 secs] [Times: user=0.01 sys=0.00, real=0.00 secs] 
2014-07-28T18:30:55.691+0000: 889.378: [GC [PSYoungGen: 60192K->192K(59584K)] 145129K->85153K(746560K), 0.0028610 secs] [Times: user=0.01 sys=0.01, real=0.01 secs] 
2014-07-28T18:30:56.098+0000: 889.785: [GC [PSYoungGen: 59584K->288K(59200K)] 144545K->85313K(746176K), 0.0026300 secs] [Times: user=0.01 sys=0.00, real=0.00 secs] 
2014-07-28T18:30:56.503+0000: 890.190: [GC [PSYoungGen: 59168K->288K(58688K)] 144193K->85353K(745664K), 0.0045100 secs] [Times: user=0.02 sys=0.00, real=0.01 secs] 
2014-07-28T18:30:56.906+0000: 890.593: [GC [PSYoungGen: 58656K->352K(58240K)] 143721K->85505K(745216K), 0.0026350 secs] [Times: user=0.01 sys=0.00, real=0.00 secs] 
2014-07-28T18:30:57.306+0000: 890.993: [GC [PSYoungGen: 58208K->224K(57600K)] 143361K->85401K(744576K), 0.0037570 secs] [Times: user=0.01 sys=0.00, real=0.00 secs] 
2014-07-28T18:30:57.700+0000: 891.387: [GC [PSYoungGen: 57555K->288K(57152K)] 142733K->85505K(744128K), 0.0030920 secs] [Times: user=0.02 sys=0.00, real=0.00 secs] 
2014-07-28T18:30:58.091+0000: 891.778: [GC [PSYoungGen: 57120K->384K(56704K)] 142337K->85665K(743680K), 0.0023780 secs] [Times: user=0.01 sys=0.00, real=0.00 secs] 
2014-07-28T18:30:58.479+0000: 892.166: [GC [PSYoungGen: 56704K->352K(56256K)] 141985K->85681K(743232K), 0.0061420 secs] [Times: user=0.04 sys=0.00, real=0.01 secs] 
2014-07-28T18:30:58.863+0000: 892.550: [GC [PSYoungGen: 56224K->320K(55744K)] 141553K->85769K(742720K), 0.0023550 secs] [Times: user=0.01 sys=0.00, real=0.01 secs] 
2014-07-28T18:30:59.243+0000: 892.930: [GC [PSYoungGen: 55744K->320K(55296K)] 141193K->85809K(742272K), 0.0038440 secs] [Times: user=0.01 sys=0.00, real=0.01 secs] 
2014-07-28T18:30:59.621+0000: 893.308: [GC [PSYoungGen: 55295K->288K(54848K)] 140785K->85817K(741824K), 0.0032300 secs] [Times: user=0.02 sys=0.00, real=0.00 secs] 
2014-07-28T18:30:59.997+0000: 893.684: [GC [PSYoungGen: 54816K->416K(54528K)] 140345K->86049K(741504K), 0.0025010 secs] [Times: user=0.01 sys=0.00, real=0.00 secs] 
2014-07-28T18:31:00.369+0000: 894.056: [GC [PSYoungGen: 54496K->320K(53952K)] 140129K->85969K(740928K), 0.0032720 secs] [Times: user=0.02 sys=0.00, real=0.00 secs] 
2014-07-28T18:31:00.739+0000: 894.426: [GC [PSYoungGen: 53952K->192K(64576K)] 139601K->85881K(751552K), 0.0078190 secs] [Times: user=0.05 sys=0.00, real=0.01 secs] 
2014-07-28T18:31:01.186+0000: 894.872: [GC [PSYoungGen: 64576K->448K(77760K)] 150265K->86217K(764736K), 0.0065310 secs] [Times: user=0.04 sys=0.01, real=0.00 secs] 
2014-07-28T18:31:01.717+0000: 895.403: [GC [PSYoungGen: 77760K->320K(83136K)] 163529K->86097K(770112K), 0.0021060 secs] [Times: user=0.01 sys=0.00, real=0.00 secs] 
2014-07-28T18:31:02.286+0000: 895.972: [GC [PSYoungGen: 82880K->320K(93312K)] 168657K->86169K(780288K), 0.0076290 secs] [Times: user=0.05 sys=0.00, real=0.00 secs] 
2014-07-28T18:31:02.927+0000: 896.614: [GC [PSYoungGen: 93120K->352K(93312K)] 178969K->86225K(780288K), 0.0080640 secs] [Times: user=0.05 sys=0.00, real=0.01 secs] 
2014-07-28T18:31:03.567+0000: 897.254: [GC [PSYoungGen: 93152K->256K(111872K)] 179025K->86169K(798848K), 0.0052430 secs] [Times: user=0.02 sys=0.00, real=0.00 secs] 
2014-07-28T18:31:04.335+0000: 898.022: [GC [PSYoungGen: 111616K->480K(110208K)] 197529K->86481K(797184K), 0.0051520 secs] [Times: user=0.04 sys=0.00, real=0.01 secs] 
2014-07-28T18:31:05.089+0000: 898.776: [GC [PSYoungGen: 110173K->64K(108160K)] 196175K->86209K(795136K), 0.0065110 secs] [Times: user=0.04 sys=0.00, real=0.01 secs] 
2014-07-28T18:31:05.837+0000: 899.523: [GC [PSYoungGen: 108160K->480K(107136K)] 194305K->86697K(794112K), 0.0038000 secs] [Times: user=0.03 sys=0.00, real=0.00 secs] 
2014-07-28T18:31:06.577+0000: 900.264: [GC [PSYoungGen: 107040K->320K(105344K)] 193257K->86617K(792320K), 0.0039340 secs] [Times: user=0.02 sys=0.00, real=0.00 secs] 
2014-07-28T18:31:07.301+0000: 900.988: [GC [PSYoungGen: 105344K->384K(103936K)] 191641K->86769K(790912K), 0.0046490 secs] [Times: user=0.03 sys=0.00, real=0.00 secs] 
2014-07-28T18:31:08.014+0000: 901.701: [GC [PSYoungGen: 103899K->320K(102400K)] 190285K->86737K(789376K), 0.0027290 secs] [Times: user=0.01 sys=0.01, real=0.01 secs] 
2014-07-28T18:31:08.716+0000: 902.403: [GC [PSYoungGen: 102400K->320K(100992K)] 188817K->86801K(787968K), 0.0041620 secs] [Times: user=0.02 sys=0.01, real=0.00 secs] 
2014-07-28T18:31:09.409+0000: 903.096: [GC [PSYoungGen: 100992K->320K(99584K)] 187473K->86873K(786560K), 0.0057500 secs] [Times: user=0.03 sys=0.00, real=0.00 secs] 
2014-07-28T18:31:10.091+0000: 903.778: [GC [PSYoungGen: 99584K->320K(98240K)] 186137K->86945K(785216K), 0.0040690 secs] [Times: user=0.02 sys=0.01, real=0.00 secs] 
2014-07-28T18:31:10.769+0000: 904.456: [GC [PSYoungGen: 98240K->224K(96832K)] 184865K->86865K(783808K), 0.0044670 secs] [Times: user=0.02 sys=0.00, real=0.00 secs] 
2014-07-28T18:31:11.437+0000: 905.124: [GC [PSYoungGen: 96800K->480K(95808K)] 183441K->87225K(782784K), 0.0047430 secs] [Times: user=0.03 sys=0.00, real=0.00 secs] 
2014-07-28T18:31:12.091+0000: 905.777: [GC [PSYoungGen: 95776K->320K(94336K)] 182521K->87129K(781312K), 0.0025790 secs] [Times: user=0.02 sys=0.00, real=0.00 secs] 
2014-07-28T18:31:12.739+0000: 906.426: [GC [PSYoungGen: 94336K->384K(93184K)] 181145K->87201K(780160K), 0.0045800 secs] [Times: user=0.03 sys=0.00, real=0.00 secs] 
2014-07-28T18:31:13.377+0000: 907.064: [GC [PSYoungGen: 93184K->384K(91968K)] 180001K->87273K(778944K), 0.0075690 secs] [Times: user=0.04 sys=0.01, real=0.00 secs] 
2014-07-28T18:31:14.012+0000: 907.699: [GC [PSYoungGen: 91938K->562K(91008K)] 178828K->87547K(777984K), 0.0022270 secs] [Times: user=0.01 sys=0.01, real=0.00 secs] 
2014-07-28T18:31:14.640+0000: 908.327: [GC [PSYoungGen: 90994K->256K(89536K)] 177979K->87289K(776512K), 0.0056720 secs] [Times: user=0.03 sys=0.00, real=0.00 secs] 
2014-07-28T18:31:15.255+0000: 908.942: [GC [PSYoungGen: 89498K->352K(88576K)] 176532K->87449K(775552K), 0.0063870 secs] [Times: user=0.04 sys=0.00, real=0.01 secs] 
2014-07-28T18:31:15.865+0000: 909.552: [GC [PSYoungGen: 88496K->466K(87616K)] 175594K->87587K(774592K), 0.0059990 secs] [Times: user=0.04 sys=0.00, real=0.01 secs] 
2014-07-28T18:31:16.469+0000: 910.156: [GC [PSYoungGen: 87570K->224K(86272K)] 174691K->87401K(773248K), 0.0074320 secs] [Times: user=0.05 sys=0.00, real=0.00 secs] 
2014-07-28T18:31:17.063+0000: 910.750: [GC [PSYoungGen: 86240K->288K(85312K)] 173417K->87521K(772288K), 0.0052090 secs] [Times: user=0.02 sys=0.01, real=0.01 secs] 
2014-07-28T18:31:17.652+0000: 911.339: [GC [PSYoungGen: 85280K->384K(84352K)] 172513K->87665K(771328K), 0.0061880 secs] [Times: user=0.03 sys=0.01, real=0.01 secs] 
2014-07-28T18:31:18.233+0000: 911.920: [GC [PSYoungGen: 84352K->352K(101184K)] 171633K->87689K(788160K), 0.0092040 secs] [Times: user=0.05 sys=0.01, real=0.01 secs] 
2014-07-28T18:31:18.928+0000: 912.615: [GC [PSYoungGen: 101152K->352K(99776K)] 188489K->87721K(786752K), 0.0042670 secs] [Times: user=0.02 sys=0.01, real=0.00 secs] 
2014-07-28T18:31:19.617+0000: 913.304: [GC [PSYoungGen: 99744K->352K(107328K)] 187113K->87793K(794304K), 0.0084340 secs] [Times: user=0.05 sys=0.00, real=0.01 secs] 
2014-07-28T18:31:20.354+0000: 914.041: [GC [PSYoungGen: 107232K->352K(105728K)] 194673K->87857K(792704K), 0.0043550 secs] [Times: user=0.02 sys=0.00, real=0.01 secs] 
2014-07-28T18:31:21.084+0000: 914.771: [GC [PSYoungGen: 105696K->192K(104064K)] 193201K->87777K(791040K), 0.0054130 secs] [Times: user=0.03 sys=0.00, real=0.01 secs] 
2014-07-28T18:31:21.798+0000: 915.485: [GC [PSYoungGen: 104064K->384K(102784K)] 191649K->88017K(789760K), 0.0062380 secs] [Times: user=0.04 sys=0.00, real=0.00 secs] 
2014-07-28T18:31:22.508+0000: 916.194: [GC [PSYoungGen: 102784K->288K(101312K)] 190417K->87993K(788288K), 0.0055470 secs] [Times: user=0.04 sys=0.01, real=0.01 secs] 
2014-07-28T18:31:23.205+0000: 916.891: [GC [PSYoungGen: 101280K->320K(99904K)] 188985K->88089K(786880K), 0.0066300 secs] [Times: user=0.04 sys=0.00, real=0.01 secs] 
2014-07-28T18:31:23.889+0000: 917.576: [GC [PSYoungGen: 99904K->384K(98624K)] 187673K->88177K(785600K), 0.0060470 secs] [Times: user=0.04 sys=0.00, real=0.00 secs] 
2014-07-28T18:31:24.566+0000: 918.253: [GC [PSYoungGen: 98624K->448K(97344K)] 186417K->88329K(784320K), 0.0048350 secs] [Times: user=0.02 sys=0.00, real=0.01 secs] 
2014-07-28T18:31:25.236+0000: 918.923: [GC [PSYoungGen: 97338K->256K(95872K)] 185220K->88201K(782848K), 0.0053320 secs] [Times: user=0.03 sys=0.00, real=0.01 secs] 
2014-07-28T18:31:25.897+0000: 919.584: [GC [PSYoungGen: 95872K->448K(94784K)] 183817K->88425K(781760K), 0.0044680 secs] [Times: user=0.02 sys=0.00, real=0.01 secs] 
2014-07-28T18:31:26.548+0000: 920.234: [GC [PSYoungGen: 94784K->256K(93376K)] 182761K->88297K(780352K), 0.0054830 secs] [Times: user=0.03 sys=0.00, real=0.01 secs] 
2014-07-28T18:31:27.187+0000: 920.874: [GC [PSYoungGen: 93376K->320K(92224K)] 181417K->88433K(779200K), 0.0042810 secs] [Times: user=0.02 sys=0.01, real=0.01 secs] 
2014-07-28T18:31:27.822+0000: 921.509: [GC [PSYoungGen: 92224K->352K(91136K)] 180337K->88473K(778112K), 0.0051280 secs] [Times: user=0.03 sys=0.00, real=0.00 secs] 
2014-07-28T18:31:28.448+0000: 922.135: [GC [PSYoungGen: 91104K->320K(89920K)] 179225K->88497K(776896K), 0.0070120 secs] [Times: user=0.04 sys=0.00, real=0.01 secs] 
2014-07-28T18:31:29.068+0000: 922.754: [GC [PSYoungGen: 89920K->384K(88832K)] 178097K->88649K(775808K), 0.0036790 secs] [Times: user=0.02 sys=0.00, real=0.01 secs] 
2014-07-28T18:31:29.680+0000: 923.366: [GC [PSYoungGen: 88783K->288K(105024K)] 177049K->88593K(792000K), 0.0121680 secs] [Times: user=0.07 sys=0.00, real=0.01 secs] 
2014-07-28T18:31:30.397+0000: 924.084: [GC [PSYoungGen: 104800K->480K(103552K)] 193105K->88865K(790528K), 0.0038130 secs] [Times: user=0.02 sys=0.01, real=0.01 secs] 
2014-07-28T18:31:31.105+0000: 924.792: [GC [PSYoungGen: 103520K->370K(102016K)] 191905K->88835K(788992K), 0.0069360 secs] [Times: user=0.05 sys=0.00, real=0.01 secs] 
2014-07-28T18:31:31.806+0000: 925.493: [GC [PSYoungGen: 102002K->320K(100544K)] 190467K->88849K(787520K), 0.0044800 secs] [Times: user=0.03 sys=0.01, real=0.01 secs] 
2014-07-28T18:31:32.497+0000: 926.184: [GC [PSYoungGen: 100544K->288K(99200K)] 189073K->88889K(786176K), 0.0069390 secs] [Times: user=0.04 sys=0.00, real=0.01 secs] 
2014-07-28T18:31:33.182+0000: 926.869: [GC [PSYoungGen: 99141K->434K(97984K)] 187742K->89155K(784960K), 0.0071490 secs] [Times: user=0.03 sys=0.00, real=0.02 secs] 
2014-07-28T18:31:33.854+0000: 927.541: [GC [PSYoungGen: 97970K->512K(96768K)] 186691K->89241K(783744K), 0.0039570 secs] [Times: user=0.01 sys=0.01, real=0.00 secs] 
2014-07-28T18:31:34.515+0000: 928.202: [GC [PSYoungGen: 96756K->256K(95232K)] 185486K->89065K(782208K), 0.0047690 secs] [Times: user=0.02 sys=0.01, real=0.00 secs] 
2014-07-28T18:31:35.169+0000: 928.856: [GC [PSYoungGen: 95232K->352K(94144K)] 184041K->89225K(781120K), 0.0046220 secs] [Times: user=0.03 sys=0.00, real=0.01 secs] 
2014-07-28T18:31:35.816+0000: 929.503: [GC [PSYoungGen: 94112K->352K(92928K)] 182985K->89241K(779904K), 0.0030560 secs] [Times: user=0.02 sys=0.00, real=0.00 secs] 
2014-07-28T18:31:36.455+0000: 930.141: [GC [PSYoungGen: 92896K->160K(91520K)] 181785K->89089K(778496K), 0.0022840 secs] [Times: user=0.01 sys=0.01, real=0.00 secs] 
2014-07-28T18:31:37.088+0000: 930.774: [GC [PSYoungGen: 91459K->160K(90368K)] 180389K->89129K(777344K), 0.0039090 secs] [Times: user=0.03 sys=0.00, real=0.01 secs] 
2014-07-28T18:31:37.710+0000: 931.397: [GC [PSYoungGen: 90336K->224K(89280K)] 179305K->89209K(776256K), 0.0027090 secs] [Times: user=0.01 sys=0.01, real=0.00 secs] 
2014-07-28T18:31:38.328+0000: 932.015: [GC [PSYoungGen: 89248K->192K(88128K)] 178233K->89209K(775104K), 0.0030910 secs] [Times: user=0.02 sys=0.00, real=0.01 secs] 
2014-07-28T18:31:38.933+0000: 932.620: [GC [PSYoungGen: 88128K->448K(87296K)] 177145K->89465K(774272K), 0.0033420 secs] [Times: user=0.02 sys=0.00, real=0.00 secs] 
2014-07-28T18:31:39.536+0000: 933.222: [GC [PSYoungGen: 87278K->402K(86208K)] 176296K->89451K(773184K), 0.0032960 secs] [Times: user=0.01 sys=0.00, real=0.00 secs] 
2014-07-28T18:31:40.128+0000: 933.815: [GC [PSYoungGen: 86162K->498K(85248K)] 175211K->89659K(772224K), 0.0029780 secs] [Times: user=0.01 sys=0.00, real=0.01 secs] 
2014-07-28T18:31:40.709+0000: 934.396: [GC [PSYoungGen: 85234K->224K(83968K)] 174395K->89401K(770944K), 0.0034670 secs] [Times: user=0.01 sys=0.01, real=0.01 secs] 
2014-07-28T18:31:41.287+0000: 934.974: [GC [PSYoungGen: 83936K->416K(83136K)] 173113K->89689K(770112K), 0.0033050 secs] [Times: user=0.02 sys=0.00, real=0.00 secs] 
2014-07-28T18:31:41.852+0000: 935.539: [GC [PSYoungGen: 83104K->320K(82048K)] 172377K->89617K(769024K), 0.0038180 secs] [Times: user=0.01 sys=0.01, real=0.00 secs] 
2014-07-28T18:31:42.417+0000: 936.104: [GC [PSYoungGen: 82048K->416K(81216K)] 171345K->89809K(768192K), 0.0028880 secs] [Times: user=0.02 sys=0.00, real=0.00 secs] 
2014-07-28T18:31:42.975+0000: 936.662: [GC [PSYoungGen: 81184K->384K(80192K)] 170577K->89865K(767168K), 0.0075960 secs] [Times: user=0.05 sys=0.00, real=0.01 secs] 
2014-07-28T18:31:43.527+0000: 937.213: [GC [PSYoungGen: 80192K->512K(79424K)] 169673K->90017K(766400K), 0.0046570 secs] [Times: user=0.03 sys=0.00, real=0.01 secs] 
2014-07-28T18:31:44.070+0000: 937.757: [GC [PSYoungGen: 79424K->352K(78400K)] 168929K->89921K(765376K), 0.0059910 secs] [Times: user=0.04 sys=0.01, real=0.01 secs] 
2014-07-28T18:31:44.609+0000: 938.296: [GC [PSYoungGen: 78368K->352K(77504K)] 167937K->89969K(764480K), 0.0051500 secs] [Times: user=0.03 sys=0.00, real=0.01 secs] 
2014-07-28T18:31:45.140+0000: 938.827: [GC [PSYoungGen: 77472K->448K(76736K)] 167089K->90153K(763712K), 0.0065860 secs] [Times: user=0.03 sys=0.00, real=0.01 secs] 
2014-07-28T18:31:45.667+0000: 939.353: [GC [PSYoungGen: 76736K->224K(75712K)] 166441K->89969K(762688K), 0.0048680 secs] [Times: user=0.03 sys=0.00, real=0.00 secs] 
2014-07-28T18:31:46.189+0000: 939.876: [GC [PSYoungGen: 75680K->352K(90944K)] 165425K->90169K(777920K), 0.0099570 secs] [Times: user=0.06 sys=0.00, real=0.01 secs] 
2014-07-28T18:31:46.812+0000: 940.499: [GC [PSYoungGen: 90871K->434K(100672K)] 180689K->90283K(787648K), 0.0041020 secs] [Times: user=0.02 sys=0.00, real=0.01 secs] 
2014-07-28T18:31:47.503+0000: 941.190: [GC [PSYoungGen: 100530K->448K(99200K)] 190379K->90377K(786176K), 0.0053630 secs] [Times: user=0.03 sys=0.01, real=0.00 secs] 
2014-07-28T18:31:48.186+0000: 941.873: [GC [PSYoungGen: 99200K->320K(97728K)] 189129K->90329K(784704K), 0.0039310 secs] [Times: user=0.02 sys=0.01, real=0.00 secs] 
2014-07-28T18:31:48.863+0000: 942.550: [GC [PSYoungGen: 97728K->416K(96576K)] 187737K->90433K(783552K), 0.0037490 secs] [Times: user=0.02 sys=0.01, real=0.00 secs] 
2014-07-28T18:31:49.524+0000: 943.211: [GC [PSYoungGen: 96544K->256K(95104K)] 186561K->90337K(782080K), 0.0052760 secs] [Times: user=0.03 sys=0.00, real=0.00 secs] 
2014-07-28T18:31:50.182+0000: 943.869: [GC [PSYoungGen: 95104K->384K(94016K)] 185185K->90553K(780992K), 0.0042950 secs] [Times: user=0.02 sys=0.00, real=0.00 secs] 
2014-07-28T18:31:50.828+0000: 944.515: [GC [PSYoungGen: 93977K->416K(92864K)] 184147K->90601K(779840K), 0.0059100 secs] [Times: user=0.04 sys=0.01, real=0.01 secs] 
2014-07-28T18:31:51.468+0000: 945.155: [GC [PSYoungGen: 92832K->320K(91520K)] 183017K->90577K(778496K), 0.0067950 secs] [Times: user=0.04 sys=0.00, real=0.01 secs] 
2014-07-28T18:31:52.099+0000: 945.786: [GC [PSYoungGen: 91520K->416K(90496K)] 181777K->90745K(777472K), 0.0074360 secs] [Times: user=0.04 sys=0.00, real=0.01 secs] 
2014-07-28T18:31:52.720+0000: 946.406: [GC [PSYoungGen: 90464K->320K(89216K)] 180793K->90689K(776192K), 0.0064720 secs] [Times: user=0.03 sys=0.00, real=0.01 secs] 
2014-07-28T18:31:53.335+0000: 947.022: [GC [PSYoungGen: 89216K->256K(106944K)] 179585K->90689K(793920K), 0.0077660 secs] [Times: user=0.05 sys=0.00, real=0.00 secs] 
2014-07-28T18:31:54.070+0000: 947.757: [GC [PSYoungGen: 106944K->384K(105536K)] 197377K->90817K(792512K), 0.0038280 secs] [Times: user=0.02 sys=0.00, real=0.01 secs] 
2014-07-28T18:31:54.793+0000: 948.480: [GC [PSYoungGen: 105506K->384K(104064K)] 195940K->90897K(791040K), 0.0048110 secs] [Times: user=0.02 sys=0.00, real=0.01 secs] 
2014-07-28T18:31:55.510+0000: 949.197: [GC [PSYoungGen: 104064K->448K(102656K)] 194577K->91049K(789632K), 0.0040230 secs] [Times: user=0.01 sys=0.00, real=0.01 secs] 
2014-07-28T18:31:56.214+0000: 949.901: [GC [PSYoungGen: 102656K->416K(101248K)] 193257K->91089K(788224K), 0.0045990 secs] [Times: user=0.02 sys=0.00, real=0.00 secs] 
2014-07-28T18:31:56.910+0000: 950.597: [GC [PSYoungGen: 101216K->320K(99712K)] 191889K->91057K(786688K), 0.0039480 secs] [Times: user=0.02 sys=0.01, real=0.01 secs] 
2014-07-28T18:31:57.592+0000: 951.279: [GC [PSYoungGen: 99712K->320K(98368K)] 190449K->91129K(785344K), 0.0053040 secs] [Times: user=0.03 sys=0.00, real=0.01 secs] 
2014-07-28T18:31:58.275+0000: 951.962: [GC [PSYoungGen: 98368K->448K(97152K)] 189177K->91321K(784128K), 0.0036550 secs] [Times: user=0.02 sys=0.00, real=0.00 secs] 
2014-07-28T18:31:58.939+0000: 952.626: [GC [PSYoungGen: 97152K->484K(95936K)] 188025K->91373K(782912K), 0.0038930 secs] [Times: user=0.03 sys=0.00, real=0.00 secs] 
2014-07-28T18:31:59.595+0000: 953.282: [GC [PSYoungGen: 95908K->256K(94400K)] 186797K->91249K(781376K), 0.0075560 secs] [Times: user=0.04 sys=0.00, real=0.00 secs] 
2014-07-28T18:32:00.250+0000: 953.937: [GC [PSYoungGen: 94400K->416K(93376K)] 185393K->91505K(780352K), 0.0033330 secs] [Times: user=0.01 sys=0.00, real=0.00 secs] 
2014-07-28T18:32:00.890+0000: 954.577: [GC [PSYoungGen: 93344K->384K(92096K)] 184433K->91473K(779072K), 0.0057820 secs] [Times: user=0.03 sys=0.00, real=0.01 secs] 
2014-07-28T18:32:01.523+0000: 955.210: [GC [PSYoungGen: 92096K->480K(91072K)] 183185K->91665K(778048K), 0.0041230 secs] [Times: user=0.02 sys=0.00, real=0.01 secs] 
2014-07-28T18:32:02.147+0000: 955.834: [GC [PSYoungGen: 91040K->320K(89728K)] 182225K->91601K(776704K), 0.0041190 secs] [Times: user=0.02 sys=0.00, real=0.00 secs] 
2014-07-28T18:32:02.763+0000: 956.450: [GC [PSYoungGen: 89728K->352K(88704K)] 181009K->91665K(775680K), 0.0069030 secs] [Times: user=0.03 sys=0.00, real=0.01 secs] 
2014-07-28T18:32:03.371+0000: 957.058: [GC [PSYoungGen: 88672K->320K(87552K)] 179985K->91705K(774528K), 0.0047630 secs] [Times: user=0.03 sys=0.00, real=0.01 secs] 
2014-07-28T18:32:03.977+0000: 957.664: [GC [PSYoungGen: 87552K->402K(86592K)] 178937K->91867K(773568K), 0.0057310 secs] [Times: user=0.03 sys=0.00, real=0.00 secs] 
2014-07-28T18:32:04.569+0000: 958.256: [GC [PSYoungGen: 86529K->256K(85376K)] 177995K->91777K(772352K), 0.0042390 secs] [Times: user=0.02 sys=0.00, real=0.00 secs] 
2014-07-28T18:32:05.160+0000: 958.847: [GC [PSYoungGen: 85372K->448K(84544K)] 176894K->92065K(771520K), 0.0057360 secs] [Times: user=0.03 sys=0.00, real=0.01 secs] 
2014-07-28T18:32:05.736+0000: 959.423: [GC [PSYoungGen: 84544K->324K(83456K)] 176161K->91949K(770432K), 0.0030480 secs] [Times: user=0.01 sys=0.00, real=0.00 secs] 
2014-07-28T18:32:06.313+0000: 960.000: [GC [PSYoungGen: 83396K->512K(82624K)] 175021K->92249K(769600K), 0.0053140 secs] [Times: user=0.03 sys=0.01, real=0.01 secs] 
2014-07-28T18:32:06.878+0000: 960.565: [GC [PSYoungGen: 82624K->320K(81472K)] 174361K->92121K(768448K), 0.0040620 secs] [Times: user=0.02 sys=0.00, real=0.00 secs] 
2014-07-28T18:32:07.438+0000: 961.125: [GC [PSYoungGen: 81433K->480K(80704K)] 173235K->92393K(767680K), 0.0039440 secs] [Times: user=0.03 sys=0.00, real=0.00 secs] 
2014-07-28T18:32:07.999+0000: 961.686: [GC [PSYoungGen: 80672K->384K(79680K)] 172585K->92377K(766656K), 0.0020630 secs] [Times: user=0.01 sys=0.00, real=0.00 secs] 
2014-07-28T18:32:08.553+0000: 962.240: [GC [PSYoungGen: 79680K->320K(78720K)] 171673K->92321K(765696K), 0.0054920 secs] [Times: user=0.03 sys=0.00, real=0.01 secs] 
2014-07-28T18:32:09.094+0000: 962.781: [GC [PSYoungGen: 78720K->352K(77888K)] 170721K->92441K(764864K), 0.0064330 secs] [Times: user=0.04 sys=0.00, real=0.01 secs] 
2014-07-28T18:32:09.633+0000: 963.320: [GC [PSYoungGen: 77856K->544K(77248K)] 169945K->92681K(764224K), 0.0020950 secs] [Times: user=0.01 sys=0.00, real=0.01 secs] 
2014-07-28T18:32:10.159+0000: 963.846: [GC [PSYoungGen: 77216K->256K(76096K)] 169353K->92457K(763072K), 0.0063850 secs] [Times: user=0.02 sys=0.00, real=0.01 secs] 
2014-07-28T18:32:10.682+0000: 964.369: [GC [PSYoungGen: 76096K->384K(75392K)] 168297K->92633K(762368K), 0.0044100 secs] [Times: user=0.02 sys=0.00, real=0.01 secs] 
2014-07-28T18:32:11.202+0000: 964.888: [GC [PSYoungGen: 75392K->256K(74432K)] 167641K->92569K(761408K), 0.0038910 secs] [Times: user=0.02 sys=0.00, real=0.01 secs] 
2014-07-28T18:32:11.715+0000: 965.402: [GC [PSYoungGen: 74432K->256K(73664K)] 166745K->92593K(760640K), 0.0066090 secs] [Times: user=0.04 sys=0.00, real=0.00 secs] 
2014-07-28T18:32:12.221+0000: 965.907: [GC [PSYoungGen: 73664K->480K(73152K)] 166001K->92897K(760128K), 0.0041860 secs] [Times: user=0.02 sys=0.01, real=0.00 secs] 
2014-07-28T18:32:12.720+0000: 966.407: [GC [PSYoungGen: 73120K->352K(72256K)] 165537K->92777K(759232K), 0.0039010 secs] [Times: user=0.02 sys=0.00, real=0.00 secs] 
2014-07-28T18:32:13.217+0000: 966.904: [GC [PSYoungGen: 72224K->434K(71552K)] 164649K->92931K(758528K), 0.0055130 secs] [Times: user=0.04 sys=0.00, real=0.00 secs] 
2014-07-28T18:32:13.705+0000: 967.392: [GC [PSYoungGen: 71538K->416K(70784K)] 164035K->92945K(757760K), 0.0046390 secs] [Times: user=0.02 sys=0.00, real=0.01 secs] 
2014-07-28T18:32:14.192+0000: 967.879: [GC [PSYoungGen: 70752K->320K(84736K)] 163281K->92921K(771712K), 0.0149040 secs] [Times: user=0.09 sys=0.00, real=0.02 secs] 
2014-07-28T18:32:14.772+0000: 968.459: [GC [PSYoungGen: 84736K->466K(100480K)] 177337K->93083K(787456K), 0.0041100 secs] [Times: user=0.02 sys=0.00, real=0.01 secs] 
2014-07-28T18:32:15.460+0000: 969.147: [GC [PSYoungGen: 100349K->320K(101952K)] 192967K->93009K(788928K), 0.0055240 secs] [Times: user=0.04 sys=0.00, real=0.00 secs] 
2014-07-28T18:32:16.159+0000: 969.846: [GC [PSYoungGen: 101632K->576K(100480K)] 194321K->93377K(787456K), 0.0038910 secs] [Times: user=0.02 sys=0.00, real=0.00 secs] 
2014-07-28T18:32:16.846+0000: 970.533: [GC [PSYoungGen: 100445K->128K(98688K)] 193247K->93099K(785664K), 0.0040930 secs] [Times: user=0.02 sys=0.01, real=0.00 secs] 
2014-07-28T18:32:17.523+0000: 971.210: [GC [PSYoungGen: 98687K->448K(97664K)] 191659K->93507K(784640K), 0.0050580 secs] [Times: user=0.04 sys=0.00, real=0.01 secs] 
2014-07-28T18:32:18.192+0000: 971.879: [GC [PSYoungGen: 97664K->320K(96256K)] 190723K->93459K(783232K), 0.0043500 secs] [Times: user=0.02 sys=0.00, real=0.01 secs] 
2014-07-28T18:32:18.856+0000: 972.542: [GC [PSYoungGen: 96256K->416K(95104K)] 189395K->93571K(782080K), 0.0063330 secs] [Times: user=0.04 sys=0.00, real=0.01 secs] 
2014-07-28T18:32:19.512+0000: 973.198: [GC [PSYoungGen: 95072K->352K(93824K)] 188227K->93587K(780800K), 0.0056620 secs] [Times: user=0.03 sys=0.00, real=0.01 secs] 
2014-07-28T18:32:20.155+0000: 973.842: [GC [PSYoungGen: 93792K->288K(92544K)] 187027K->93587K(779520K), 0.0066690 secs] [Times: user=0.04 sys=0.00, real=0.01 secs] 
2014-07-28T18:32:20.792+0000: 974.479: [GC [PSYoungGen: 92512K->416K(91520K)] 185811K->93747K(778496K), 0.0044840 secs] [Times: user=0.03 sys=0.00, real=0.00 secs] 
2014-07-28T18:32:21.423+0000: 975.110: [GC [PSYoungGen: 91488K->288K(90240K)] 184819K->93691K(777216K), 0.0052590 secs] [Times: user=0.03 sys=0.00, real=0.01 secs] 
2014-07-28T18:32:22.044+0000: 975.731: [GC [PSYoungGen: 90208K->384K(89152K)] 183611K->93875K(776128K), 0.0053500 secs] [Times: user=0.03 sys=0.00, real=0.01 secs] 
2014-07-28T18:32:22.662+0000: 976.348: [GC [PSYoungGen: 89127K->384K(88064K)] 182619K->93931K(775040K), 0.0065030 secs] [Times: user=0.05 sys=0.00, real=0.01 secs] 
2014-07-28T18:32:23.261+0000: 976.948: [GC [PSYoungGen: 88064K->448K(87040K)] 181611K->94099K(774016K), 0.0043890 secs] [Times: user=0.03 sys=0.00, real=0.00 secs] 
2014-07-28T18:32:23.863+0000: 977.550: [GC [PSYoungGen: 87040K->416K(85952K)] 180691K->94083K(772928K), 0.0037750 secs] [Times: user=0.02 sys=0.00, real=0.00 secs] 
2014-07-28T18:32:24.454+0000: 978.141: [GC [PSYoungGen: 85920K->416K(84928K)] 179587K->94179K(771904K), 0.0058540 secs] [Times: user=0.04 sys=0.00, real=0.01 secs] 
2014-07-28T18:32:25.035+0000: 978.722: [GC [PSYoungGen: 84896K->224K(83712K)] 178659K->94035K(770688K), 0.0040090 secs] [Times: user=0.03 sys=0.00, real=0.01 secs] 
2014-07-28T18:32:25.611+0000: 979.298: [GC [PSYoungGen: 83680K->352K(82880K)] 177491K->94195K(769856K), 0.0059950 secs] [Times: user=0.03 sys=0.01, real=0.00 secs] 
2014-07-28T18:32:26.181+0000: 979.868: [GC [PSYoungGen: 82848K->256K(81792K)] 176691K->94139K(768768K), 0.0039920 secs] [Times: user=0.02 sys=0.00, real=0.00 secs] 
2014-07-28T18:32:26.742+0000: 980.429: [GC [PSYoungGen: 81792K->384K(80960K)] 175675K->94307K(767936K), 0.0072010 secs] [Times: user=0.05 sys=0.00, real=0.01 secs] 
2014-07-28T18:32:27.299+0000: 980.986: [GC [PSYoungGen: 80960K->288K(97024K)] 174883K->94251K(784000K), 0.0103250 secs] [Times: user=0.06 sys=0.00, real=0.01 secs] 
2014-07-28T18:32:27.969+0000: 981.655: [GC [PSYoungGen: 96992K->416K(97472K)] 190955K->94387K(784448K), 0.0057820 secs] [Times: user=0.04 sys=0.01, real=0.00 secs] 
2014-07-28T18:32:28.643+0000: 982.330: [GC [PSYoungGen: 97339K->352K(97536K)] 191311K->94387K(784512K), 0.0084730 secs] [Times: user=0.06 sys=0.01, real=0.01 secs] 
2014-07-28T18:32:29.311+0000: 982.998: [GC [PSYoungGen: 97297K->288K(96000K)] 191333K->94387K(782976K), 0.0035530 secs] [Times: user=0.02 sys=0.00, real=0.00 secs] 
2014-07-28T18:32:29.972+0000: 983.659: [GC [PSYoungGen: 95968K->224K(94656K)] 190067K->94331K(781632K), 0.0059960 secs] [Times: user=0.03 sys=0.00, real=0.01 secs] 
2014-07-28T18:32:30.627+0000: 984.314: [GC [PSYoungGen: 94624K->384K(93568K)] 188731K->94555K(780544K), 0.0040130 secs] [Times: user=0.01 sys=0.00, real=0.01 secs] 
2014-07-28T18:32:31.268+0000: 984.954: [GC [PSYoungGen: 93568K->416K(92416K)] 187739K->94643K(779392K), 0.0033960 secs] [Times: user=0.02 sys=0.00, real=0.01 secs] 
2014-07-28T18:32:31.902+0000: 985.589: [GC [PSYoungGen: 92384K->370K(91200K)] 186611K->94701K(778176K), 0.0039130 secs] [Times: user=0.02 sys=0.00, real=0.00 secs] 
2014-07-28T18:32:32.531+0000: 986.217: [GC [PSYoungGen: 91186K->480K(90176K)] 185517K->94875K(777152K), 0.0026920 secs] [Times: user=0.01 sys=0.01, real=0.00 secs] 
2014-07-28T18:32:33.147+0000: 986.834: [GC [PSYoungGen: 90144K->320K(88832K)] 184539K->94787K(775808K), 0.0047520 secs] [Times: user=0.03 sys=0.01, real=0.01 secs] 
2014-07-28T18:32:33.759+0000: 987.446: [GC [PSYoungGen: 88832K->388K(87872K)] 183299K->94879K(774848K), 0.0043290 secs] [Times: user=0.01 sys=0.01, real=0.00 secs] 
2014-07-28T18:32:34.364+0000: 988.051: [GC [PSYoungGen: 87812K->352K(86720K)] 182303K->94907K(773696K), 0.0064600 secs] [Times: user=0.03 sys=0.00, real=0.01 secs] 
2014-07-28T18:32:34.959+0000: 988.646: [GC [PSYoungGen: 86674K->352K(85696K)] 181230K->94979K(772672K), 0.0068890 secs] [Times: user=0.05 sys=0.00, real=0.00 secs] 
2014-07-28T18:32:35.546+0000: 989.233: [GC [PSYoungGen: 85664K->320K(84608K)] 180291K->95019K(771584K), 0.0049770 secs] [Times: user=0.03 sys=0.00, real=0.01 secs] 
2014-07-28T18:32:36.127+0000: 989.814: [GC [PSYoungGen: 84608K->192K(101376K)] 179307K->94939K(788352K), 0.0087190 secs] [Times: user=0.06 sys=0.00, real=0.01 secs] 
2014-07-28T18:32:36.828+0000: 990.514: [GC [PSYoungGen: 101376K->256K(100032K)] 196123K->95027K(787008K), 0.0061730 secs] [Times: user=0.03 sys=0.00, real=0.01 secs] 
2014-07-28T18:32:37.520+0000: 991.207: [GC [PSYoungGen: 100032K->352K(98816K)] 194803K->95195K(785792K), 0.0037610 secs] [Times: user=0.01 sys=0.00, real=0.00 secs] 
2014-07-28T18:32:38.199+0000: 991.886: [GC [PSYoungGen: 98739K->480K(97600K)] 193583K->95427K(784576K), 0.0049590 secs] [Times: user=0.04 sys=0.00, real=0.01 secs] 
2014-07-28T18:32:38.867+0000: 992.554: [GC [PSYoungGen: 97568K->448K(96256K)] 192515K->95411K(783232K), 0.0039760 secs] [Times: user=0.02 sys=0.00, real=0.01 secs] 
2014-07-28T18:32:39.528+0000: 993.215: [GC [PSYoungGen: 96256K->256K(94784K)] 191219K->95291K(781760K), 0.0045090 secs] [Times: user=0.03 sys=0.00, real=0.01 secs] 
2014-07-28T18:32:40.180+0000: 993.867: [GC [PSYoungGen: 94775K->416K(93760K)] 189811K->95555K(780736K), 0.0048530 secs] [Times: user=0.03 sys=0.00, real=0.00 secs] 
2014-07-28T18:32:40.823+0000: 994.510: [GC [PSYoungGen: 93728K->320K(92416K)] 188867K->95459K(779392K), 0.0071320 secs] [Times: user=0.04 sys=0.00, real=0.01 secs] 
2014-07-28T18:32:41.460+0000: 995.147: [GC [PSYoungGen: 92416K->288K(91264K)] 187555K->95491K(778240K), 0.0068130 secs] [Times: user=0.04 sys=0.00, real=0.00 secs] 
2014-07-28T18:32:42.088+0000: 995.775: [GC [PSYoungGen: 91189K->256K(90048K)] 186393K->95507K(777024K), 0.0031000 secs] [Times: user=0.02 sys=0.00, real=0.01 secs] 
2014-07-28T18:32:42.708+0000: 996.395: [GC [PSYoungGen: 90048K->320K(88960K)] 185299K->95587K(775936K), 0.0045190 secs] [Times: user=0.03 sys=0.00, real=0.01 secs] 
2014-07-28T18:32:43.320+0000: 997.007: [GC [PSYoungGen: 88960K->352K(87936K)] 184227K->95699K(774912K), 0.0038590 secs] [Times: user=0.02 sys=0.00, real=0.00 secs] 
2014-07-28T18:32:43.928+0000: 997.615: [GC [PSYoungGen: 87904K->480K(86976K)] 183251K->95843K(773952K), 0.0051460 secs] [Times: user=0.04 sys=0.00, real=0.01 secs] 
2014-07-28T18:32:44.529+0000: 998.216: [GC [PSYoungGen: 86944K->192K(85632K)] 182307K->95699K(772608K), 0.0059490 secs] [Times: user=0.03 sys=0.00, real=0.01 secs] 
2014-07-28T18:32:45.116+0000: 998.803: [GC [PSYoungGen: 85632K->384K(84800K)] 181139K->95963K(771776K), 0.0068090 secs] [Times: user=0.04 sys=0.00, real=0.01 secs] 
2014-07-28T18:32:45.701+0000: 999.388: [GC [PSYoungGen: 84800K->320K(101632K)] 180379K->95923K(788608K), 0.0093070 secs] [Times: user=0.05 sys=0.01, real=0.00 secs] 
2014-07-28T18:32:46.403+0000: 1000.090: [GC [PSYoungGen: 101632K->480K(100416K)] 197235K->96163K(787392K), 0.0044810 secs] [Times: user=0.02 sys=0.00, real=0.00 secs] 
2014-07-28T18:32:47.090+0000: 1000.777: [GC [PSYoungGen: 100357K->256K(98816K)] 196040K->96059K(785792K), 0.0040530 secs] [Times: user=0.03 sys=0.00, real=0.01 secs] 
2014-07-28T18:32:47.773+0000: 1001.460: [GC [PSYoungGen: 98777K->256K(97472K)] 194581K->96099K(784448K), 0.0039880 secs] [Times: user=0.03 sys=0.00, real=0.00 secs] 
2014-07-28T18:32:48.443+0000: 1002.130: [GC [PSYoungGen: 97472K->384K(96320K)] 193315K->96299K(783296K), 0.0046110 secs] [Times: user=0.02 sys=0.00, real=0.00 secs] 
2014-07-28T18:32:49.106+0000: 1002.792: [GC [PSYoungGen: 96320K->416K(95104K)] 192235K->96427K(782080K), 0.0062040 secs] [Times: user=0.04 sys=0.00, real=0.01 secs] 
2014-07-28T18:32:49.759+0000: 1003.446: [GC [PSYoungGen: 95072K->288K(93760K)] 191083K->96315K(780736K), 0.0059620 secs] [Times: user=0.04 sys=0.00, real=0.01 secs] 
2014-07-28T18:32:50.404+0000: 1004.091: [GC [PSYoungGen: 93697K->512K(92736K)] 189724K->96651K(779712K), 0.0040240 secs] [Times: user=0.03 sys=0.00, real=0.00 secs] 
2014-07-28T18:32:51.040+0000: 1004.727: [GC [PSYoungGen: 92736K->224K(91328K)] 188875K->96419K(778304K), 0.0050840 secs] [Times: user=0.03 sys=0.00, real=0.01 secs] 
2014-07-28T18:32:51.671+0000: 1005.357: [GC [PSYoungGen: 91296K->288K(90240K)] 187491K->96531K(777216K), 0.0048100 secs] [Times: user=0.03 sys=0.01, real=0.01 secs] 
2014-07-28T18:32:52.293+0000: 1005.980: [GC [PSYoungGen: 90208K->416K(89216K)] 186451K->96763K(776192K), 0.0064580 secs] [Times: user=0.04 sys=0.00, real=0.00 secs] 
2014-07-28T18:32:52.905+0000: 1006.592: [GC [PSYoungGen: 89184K->224K(87936K)] 185531K->96587K(774912K), 0.0036400 secs] [Times: user=0.02 sys=0.00, real=0.00 secs] 
2014-07-28T18:32:53.516+0000: 1007.203: [GC [PSYoungGen: 87904K->484K(87104K)] 184267K->97015K(774080K), 0.0025980 secs] [Times: user=0.01 sys=0.00, real=0.01 secs] 
2014-07-28T18:32:54.111+0000: 1007.798: [GC [PSYoungGen: 87076K->320K(85824K)] 183607K->96923K(772800K), 0.0056480 secs] [Times: user=0.03 sys=0.00, real=0.01 secs] 
2014-07-28T18:32:54.700+0000: 1008.387: [GC [PSYoungGen: 85775K->480K(84992K)] 182379K->97123K(771968K), 0.0048120 secs] [Times: user=0.03 sys=0.00, real=0.01 secs] 
2014-07-28T18:32:55.286+0000: 1008.973: [GC [PSYoungGen: 84960K->384K(83840K)] 181603K->97107K(770816K), 0.0047350 secs] [Times: user=0.02 sys=0.01, real=0.00 secs] 
2014-07-28T18:32:55.859+0000: 1009.546: [GC [PSYoungGen: 83840K->256K(82752K)] 180563K->96995K(769728K), 0.0080510 secs] [Times: user=0.04 sys=0.00, real=0.01 secs] 
2014-07-28T18:32:56.427+0000: 1010.113: [GC [PSYoungGen: 82752K->320K(81856K)] 179491K->97131K(768832K), 0.0045140 secs] [Times: user=0.02 sys=0.00, real=0.00 secs] 
2014-07-28T18:32:56.991+0000: 1010.678: [GC [PSYoungGen: 81856K->288K(80896K)] 178667K->97163K(767872K), 0.0020570 secs] [Times: user=0.01 sys=0.00, real=0.01 secs] 
2014-07-28T18:32:57.549+0000: 1011.236: [GC [PSYoungGen: 80864K->352K(80064K)] 177739K->97259K(767040K), 0.0039950 secs] [Times: user=0.02 sys=0.00, real=0.01 secs] 
2014-07-28T18:32:58.096+0000: 1011.783: [GC [PSYoungGen: 80032K->256K(79040K)] 176939K->97203K(766016K), 0.0075790 secs] [Times: user=0.05 sys=0.00, real=0.01 secs] 
2014-07-28T18:32:58.637+0000: 1012.324: [GC [PSYoungGen: 79040K->448K(78336K)] 175987K->97435K(765312K), 0.0033780 secs] [Times: user=0.01 sys=0.01, real=0.00 secs] 
2014-07-28T18:32:59.172+0000: 1012.859: [GC [PSYoungGen: 78336K->480K(77504K)] 175323K->97571K(764480K), 0.0044810 secs] [Times: user=0.03 sys=0.00, real=0.01 secs] 
2014-07-28T18:32:59.701+0000: 1013.388: [GC [PSYoungGen: 77472K->256K(76416K)] 174563K->97371K(763392K), 0.0042980 secs] [Times: user=0.02 sys=0.00, real=0.01 secs] 
2014-07-28T18:33:00.230+0000: 1013.916: [GC [PSYoungGen: 76416K->416K(75776K)] 173531K->97627K(762752K), 0.0038920 secs] [Times: user=0.02 sys=0.00, real=0.01 secs] 
2014-07-28T18:33:00.747+0000: 1014.434: [GC [PSYoungGen: 75744K->512K(75008K)] 172955K->97739K(761984K), 0.0030310 secs] [Times: user=0.01 sys=0.00, real=0.00 secs] 
2014-07-28T18:33:01.261+0000: 1014.948: [GC [PSYoungGen: 75008K->384K(74048K)] 172235K->97699K(761024K), 0.0029670 secs] [Times: user=0.01 sys=0.00, real=0.01 secs] 
2014-07-28T18:33:01.767+0000: 1015.454: [GC [PSYoungGen: 74048K->416K(73344K)] 171363K->97795K(760320K), 0.0028600 secs] [Times: user=0.02 sys=0.00, real=0.00 secs] 
2014-07-28T18:33:02.272+0000: 1015.959: [GC [PSYoungGen: 73290K->402K(72576K)] 170670K->97845K(759552K), 0.0035170 secs] [Times: user=0.02 sys=0.00, real=0.01 secs] 
2014-07-28T18:33:02.770+0000: 1016.457: [GC [PSYoungGen: 72530K->288K(71680K)] 169973K->97755K(758656K), 0.0080790 secs] [Times: user=0.05 sys=0.00, real=0.01 secs] 
2014-07-28T18:33:03.261+0000: 1016.948: [GC [PSYoungGen: 71648K->512K(71104K)] 169115K->98075K(758080K), 0.0049300 secs] [Times: user=0.03 sys=0.00, real=0.01 secs] 
2014-07-28T18:33:03.748+0000: 1017.435: [GC [PSYoungGen: 71104K->288K(70208K)] 168667K->97859K(757184K), 0.0033890 secs] [Times: user=0.02 sys=0.00, real=0.00 secs] 
2014-07-28T18:33:04.233+0000: 1017.920: [GC [PSYoungGen: 70176K->416K(69632K)] 167747K->98091K(756608K), 0.0058480 secs] [Times: user=0.03 sys=0.00, real=0.01 secs] 
2014-07-28T18:33:04.709+0000: 1018.396: [GC [PSYoungGen: 69599K->384K(68864K)] 167275K->98067K(755840K), 0.0047300 secs] [Times: user=0.03 sys=0.00, real=0.00 secs] 
2014-07-28T18:33:05.180+0000: 1018.867: [GC [PSYoungGen: 68864K->320K(82496K)] 166547K->98067K(769472K), 0.0060170 secs] [Times: user=0.03 sys=0.00, real=0.01 secs] 
2014-07-28T18:33:05.745+0000: 1019.432: [GC [PSYoungGen: 82496K->448K(81664K)] 180243K->98211K(768640K), 0.0038490 secs] [Times: user=0.02 sys=0.00, real=0.00 secs] 
2014-07-28T18:33:06.304+0000: 1019.991: [GC [PSYoungGen: 81664K->384K(80640K)] 179427K->98211K(767616K), 0.0043990 secs] [Times: user=0.02 sys=0.00, real=0.01 secs] 
2014-07-28T18:33:06.857+0000: 1020.544: [GC [PSYoungGen: 80640K->192K(79552K)] 178467K->98035K(766528K), 0.0056790 secs] [Times: user=0.02 sys=0.00, real=0.00 secs] 
2014-07-28T18:33:07.406+0000: 1021.093: [GC [PSYoungGen: 79545K->320K(78784K)] 177389K->98227K(765760K), 0.0038070 secs] [Times: user=0.02 sys=0.00, real=0.00 secs] 
2014-07-28T18:33:07.948+0000: 1021.635: [GC [PSYoungGen: 78784K->320K(94528K)] 176691K->98267K(781504K), 0.0154300 secs] [Times: user=0.10 sys=0.00, real=0.01 secs] 
2014-07-28T18:33:08.603+0000: 1022.290: [GC [PSYoungGen: 94528K->416K(102528K)] 192475K->98419K(789504K), 0.0035970 secs] [Times: user=0.02 sys=0.00, real=0.01 secs] 
2014-07-28T18:33:09.309+0000: 1022.996: [GC [PSYoungGen: 102368K->320K(102528K)] 200371K->98387K(789504K), 0.0048500 secs] [Times: user=0.02 sys=0.01, real=0.01 secs] 
2014-07-28T18:33:10.013+0000: 1023.700: [GC [PSYoungGen: 102250K->416K(100992K)] 200318K->98515K(787968K), 0.0030390 secs] [Times: user=0.02 sys=0.00, real=0.01 secs] 
2014-07-28T18:33:10.707+0000: 1024.393: [GC [PSYoungGen: 100960K->416K(99584K)] 199059K->98619K(786560K), 0.0066460 secs] [Times: user=0.04 sys=0.00, real=0.00 secs] 
2014-07-28T18:33:11.391+0000: 1025.078: [GC [PSYoungGen: 99552K->320K(98112K)] 197755K->98675K(785088K), 0.0055890 secs] [Times: user=0.03 sys=0.00, real=0.01 secs] 
2014-07-28T18:33:12.066+0000: 1025.753: [GC [PSYoungGen: 98112K->320K(96768K)] 196467K->98731K(783744K), 0.0053600 secs] [Times: user=0.03 sys=0.00, real=0.00 secs] 
2014-07-28T18:33:12.735+0000: 1026.422: [GC [PSYoungGen: 96719K->352K(95552K)] 195131K->98843K(782528K), 0.0060950 secs] [Times: user=0.04 sys=0.00, real=0.00 secs] 
2014-07-28T18:33:13.391+0000: 1027.078: [GC [PSYoungGen: 95520K->352K(94272K)] 194011K->98915K(781248K), 0.0043580 secs] [Times: user=0.02 sys=0.00, real=0.01 secs] 
2014-07-28T18:33:14.038+0000: 1027.725: [GC [PSYoungGen: 94240K->384K(93056K)] 192803K->99035K(780032K), 0.0040770 secs] [Times: user=0.02 sys=0.00, real=0.00 secs] 
2014-07-28T18:33:14.680+0000: 1028.367: [GC [PSYoungGen: 93056K->562K(92032K)] 191707K->99325K(779008K), 0.0046640 secs] [Times: user=0.03 sys=0.00, real=0.00 secs] 
2014-07-28T18:33:15.311+0000: 1028.998: [GC [PSYoungGen: 91995K->256K(90560K)] 190759K->99075K(777536K), 0.0060790 secs] [Times: user=0.02 sys=0.00, real=0.01 secs] 
2014-07-28T18:33:15.930+0000: 1029.617: [GC [PSYoungGen: 90560K->384K(89536K)] 189379K->99227K(776512K), 0.0052520 secs] [Times: user=0.03 sys=0.01, real=0.01 secs] 
2014-07-28T18:33:16.549+0000: 1030.236: [GC [PSYoungGen: 89495K->416K(88512K)] 188339K->99363K(775488K), 0.0063660 secs] [Times: user=0.04 sys=0.01, real=0.01 secs] 
2014-07-28T18:33:17.160+0000: 1030.847: [GC [PSYoungGen: 88480K->384K(87360K)] 187427K->99419K(774336K), 0.0042960 secs] [Times: user=0.03 sys=0.00, real=0.00 secs] 
2014-07-28T18:33:17.760+0000: 1031.446: [GC [PSYoungGen: 87360K->416K(86336K)] 186395K->99467K(773312K), 0.0037720 secs] [Times: user=0.02 sys=0.00, real=0.00 secs] 
2014-07-28T18:33:18.354+0000: 1032.041: [GC [PSYoungGen: 86304K->384K(85248K)] 185355K->99507K(772224K), 0.0066400 secs] [Times: user=0.04 sys=0.00, real=0.01 secs] 
2014-07-28T18:33:18.940+0000: 1032.627: [GC [PSYoungGen: 85248K->352K(84224K)] 184371K->99483K(771200K), 0.0037100 secs] [Times: user=0.02 sys=0.00, real=0.00 secs] 
2014-07-28T18:33:19.520+0000: 1033.207: [GC [PSYoungGen: 84192K->384K(83200K)] 183323K->99595K(770176K), 0.0042800 secs] [Times: user=0.03 sys=0.00, real=0.00 secs] 
2014-07-28T18:33:20.094+0000: 1033.781: [GC [PSYoungGen: 83200K->416K(82304K)] 182411K->99707K(769280K), 0.0052100 secs] [Times: user=0.03 sys=0.00, real=0.01 secs] 
2014-07-28T18:33:20.660+0000: 1034.347: [GC [PSYoungGen: 82270K->352K(81280K)] 181561K->99691K(768256K), 0.0065050 secs] [Times: user=0.05 sys=0.00, real=0.01 secs] 
2014-07-28T18:33:21.217+0000: 1034.904: [GC [PSYoungGen: 81237K->384K(80320K)] 180577K->99811K(767296K), 0.0053190 secs] [Times: user=0.04 sys=0.00, real=0.00 secs] 
2014-07-28T18:33:21.766+0000: 1035.453: [GC [PSYoungGen: 80320K->288K(79360K)] 179747K->99747K(766336K), 0.0052050 secs] [Times: user=0.03 sys=0.01, real=0.00 secs] 
2014-07-28T18:33:22.311+0000: 1035.998: [GC [PSYoungGen: 79311K->384K(78528K)] 178771K->99963K(765504K), 0.0050010 secs] [Times: user=0.03 sys=0.00, real=0.01 secs] 
2014-07-28T18:33:22.851+0000: 1036.538: [GC [PSYoungGen: 78524K->416K(77696K)] 178104K->100019K(764672K), 0.0033350 secs] [Times: user=0.02 sys=0.00, real=0.00 secs] 
2014-07-28T18:33:23.386+0000: 1037.073: [GC [PSYoungGen: 77664K->352K(76800K)] 177267K->100019K(763776K), 0.0048060 secs] [Times: user=0.02 sys=0.00, real=0.01 secs] 
2014-07-28T18:33:23.913+0000: 1037.600: [GC [PSYoungGen: 76768K->320K(75904K)] 176435K->100059K(762880K), 0.0068290 secs] [Times: user=0.04 sys=0.00, real=0.01 secs] 
2014-07-28T18:33:24.432+0000: 1038.119: [GC [PSYoungGen: 75904K->448K(75200K)] 175643K->100259K(762176K), 0.0051770 secs] [Times: user=0.03 sys=0.00, real=0.01 secs] 
2014-07-28T18:33:24.949+0000: 1038.635: [GC [PSYoungGen: 75199K->448K(74368K)] 175011K->100371K(761344K), 0.0043570 secs] [Times: user=0.03 sys=0.00, real=0.00 secs] 
2014-07-28T18:33:25.458+0000: 1039.145: [GC [PSYoungGen: 74368K->306K(73472K)] 174291K->100333K(760448K), 0.0039270 secs] [Times: user=0.02 sys=0.01, real=0.00 secs] 
2014-07-28T18:33:25.960+0000: 1039.647: [GC [PSYoungGen: 73431K->320K(72704K)] 173458K->100411K(759680K), 0.0059910 secs] [Times: user=0.04 sys=0.00, real=0.00 secs] 
2014-07-28T18:33:26.461+0000: 1040.148: [GC [PSYoungGen: 72703K->384K(72000K)] 172795K->100523K(758976K), 0.0041760 secs] [Times: user=0.02 sys=0.00, real=0.00 secs] 
2014-07-28T18:33:26.955+0000: 1040.642: [GC [PSYoungGen: 72000K->480K(71360K)] 172139K->100707K(758336K), 0.0046090 secs] [Times: user=0.03 sys=0.00, real=0.01 secs] 
2014-07-28T18:33:27.441+0000: 1041.128: [GC [PSYoungGen: 71328K->288K(70464K)] 171555K->100555K(757440K), 0.0059600 secs] [Times: user=0.04 sys=0.00, real=0.01 secs] 
2014-07-28T18:33:27.927+0000: 1041.614: [GC [PSYoungGen: 70432K->448K(69888K)] 170699K->100811K(756864K), 0.0038360 secs] [Times: user=0.02 sys=0.00, real=0.00 secs] 
2014-07-28T18:33:28.406+0000: 1042.093: [GC [PSYoungGen: 69888K->402K(69184K)] 170251K->100789K(756160K), 0.0047720 secs] [Times: user=0.02 sys=0.00, real=0.01 secs] 
2014-07-28T18:33:28.884+0000: 1042.571: [GC [PSYoungGen: 69093K->384K(68416K)] 169481K->100859K(755392K), 0.0041400 secs] [Times: user=0.03 sys=0.00, real=0.01 secs] 
2014-07-28T18:33:29.357+0000: 1043.044: [GC [PSYoungGen: 68416K->384K(67712K)] 168891K->100939K(754688K), 0.0048980 secs] [Times: user=0.02 sys=0.00, real=0.00 secs] 
2014-07-28T18:33:29.816+0000: 1043.503: [GC [PSYoungGen: 67711K->352K(67072K)] 168267K->100931K(754048K), 0.0041190 secs] [Times: user=0.02 sys=0.00, real=0.01 secs] 
2014-07-28T18:33:30.276+0000: 1043.963: [GC [PSYoungGen: 67040K->384K(80448K)] 167619K->101027K(767424K), 0.0061600 secs] [Times: user=0.04 sys=0.01, real=0.01 secs] 
2014-07-28T18:33:30.827+0000: 1044.514: [GC [PSYoungGen: 80408K->352K(79552K)] 181052K->101003K(766528K), 0.0043720 secs] [Times: user=0.03 sys=0.00, real=0.01 secs] 
2014-07-28T18:33:31.372+0000: 1045.058: [GC [PSYoungGen: 79520K->384K(78656K)] 180171K->101115K(765632K), 0.0053310 secs] [Times: user=0.04 sys=0.00, real=0.00 secs] 
2014-07-28T18:33:31.914+0000: 1045.601: [GC [PSYoungGen: 78656K->384K(77760K)] 179387K->101163K(764736K), 0.0057140 secs] [Times: user=0.03 sys=0.00, real=0.01 secs] 
2014-07-28T18:33:32.445+0000: 1046.132: [GC [PSYoungGen: 77760K->320K(93184K)] 178539K->101155K(780160K), 0.0073390 secs] [Times: user=0.05 sys=0.00, real=0.01 secs] 
2014-07-28T18:33:33.083+0000: 1046.770: [GC [PSYoungGen: 93184K->416K(92096K)] 194019K->101347K(779072K), 0.0047820 secs] [Times: user=0.03 sys=0.00, real=0.01 secs] 
2014-07-28T18:33:33.717+0000: 1047.404: [GC [PSYoungGen: 92064K->320K(90816K)] 192995K->101323K(777792K), 0.0054270 secs] [Times: user=0.03 sys=0.00, real=0.01 secs] 
2014-07-28T18:33:34.341+0000: 1048.028: [GC [PSYoungGen: 90816K->384K(89728K)] 191819K->101475K(776704K), 0.0043710 secs] [Times: user=0.03 sys=0.00, real=0.00 secs] 
2014-07-28T18:33:34.959+0000: 1048.646: [GC [PSYoungGen: 89721K->320K(88576K)] 190813K->101411K(775552K), 0.0055910 secs] [Times: user=0.02 sys=0.00, real=0.00 secs] 
2014-07-28T18:33:35.568+0000: 1049.254: [GC [PSYoungGen: 88568K->402K(87616K)] 189659K->101557K(774592K), 0.0063340 secs] [Times: user=0.04 sys=0.00, real=0.01 secs] 
2014-07-28T18:33:36.168+0000: 1049.855: [GC [PSYoungGen: 87570K->320K(86400K)] 188725K->101587K(773376K), 0.0054290 secs] [Times: user=0.04 sys=0.00, real=0.01 secs] 
2014-07-28T18:33:36.762+0000: 1050.449: [GC [PSYoungGen: 86400K->288K(85376K)] 187667K->101587K(772352K), 0.0070280 secs] [Times: user=0.05 sys=0.01, real=0.01 secs] 
2014-07-28T18:33:37.358+0000: 1051.045: [GC [PSYoungGen: 85344K->416K(84480K)] 186643K->101795K(771456K), 0.0036270 secs] [Times: user=0.02 sys=0.00, real=0.01 secs] 
2014-07-28T18:33:37.931+0000: 1051.618: [GC [PSYoungGen: 84448K->448K(83456K)] 185827K->101827K(770432K), 0.0051850 secs] [Times: user=0.03 sys=0.00, real=0.00 secs] 
2014-07-28T18:33:38.503+0000: 1052.190: [GC [PSYoungGen: 83456K->192K(82240K)] 184835K->101675K(769216K), 0.0037690 secs] [Times: user=0.02 sys=0.00, real=0.00 secs] 
2014-07-28T18:33:39.068+0000: 1052.755: [GC [PSYoungGen: 82206K->416K(81536K)] 183690K->101987K(768512K), 0.0035530 secs] [Times: user=0.02 sys=0.00, real=0.01 secs] 
2014-07-28T18:33:39.628+0000: 1053.315: [GC [PSYoungGen: 81504K->544K(80704K)] 183075K->102179K(767680K), 0.0048310 secs] [Times: user=0.02 sys=0.01, real=0.01 secs] 
2014-07-28T18:33:40.181+0000: 1053.868: [GC [PSYoungGen: 80663K->402K(79680K)] 182299K->102117K(766656K), 0.0045470 secs] [Times: user=0.03 sys=0.00, real=0.00 secs] 
2014-07-28T18:33:40.725+0000: 1054.412: [GC [PSYoungGen: 79634K->192K(95296K)] 181349K->101915K(782272K), 0.0106370 secs] [Times: user=0.07 sys=0.01, real=0.01 secs] 
2014-07-28T18:33:41.382+0000: 1055.069: [GC [PSYoungGen: 95296K->320K(113344K)] 197019K->102115K(800320K), 0.0069750 secs] [Times: user=0.04 sys=0.00, real=0.00 secs] 
2014-07-28T18:33:42.163+0000: 1055.850: [GC [PSYoungGen: 113063K->320K(111424K)] 214859K->102155K(798400K), 0.0037390 secs] [Times: user=0.02 sys=0.00, real=0.00 secs] 
2014-07-28T18:33:42.930+0000: 1056.617: [GC [PSYoungGen: 111424K->224K(109696K)] 213259K->102099K(796672K), 0.0049780 secs] [Times: user=0.03 sys=0.01, real=0.00 secs] 
2014-07-28T18:33:43.689+0000: 1057.376: [GC [PSYoungGen: 109664K->576K(108416K)] 211539K->102515K(795392K), 0.0046420 secs] [Times: user=0.03 sys=0.00, real=0.00 secs] 
2014-07-28T18:33:44.429+0000: 1058.116: [GC [PSYoungGen: 108416K->352K(106688K)] 210355K->102363K(793664K), 0.0066820 secs] [Times: user=0.04 sys=0.00, real=0.01 secs] 
2014-07-28T18:33:45.172+0000: 1058.858: [GC [PSYoungGen: 106656K->384K(105152K)] 208667K->102499K(792128K), 0.0055110 secs] [Times: user=0.03 sys=0.00, real=0.00 secs] 
2014-07-28T18:33:45.889+0000: 1059.576: [GC [PSYoungGen: 105152K->448K(103744K)] 207267K->102603K(790720K), 0.0053660 secs] [Times: user=0.03 sys=0.00, real=0.01 secs] 
2014-07-28T18:33:46.606+0000: 1060.292: [GC [PSYoungGen: 103744K->288K(102144K)] 205899K->102491K(789120K), 0.0060840 secs] [Times: user=0.03 sys=0.00, real=0.01 secs] 
2014-07-28T18:33:47.308+0000: 1060.995: [GC [PSYoungGen: 102112K->480K(100928K)] 204315K->102787K(787904K), 0.0037260 secs] [Times: user=0.02 sys=0.00, real=0.01 secs] 
2014-07-28T18:33:47.998+0000: 1061.685: [GC [PSYoungGen: 100896K->320K(99392K)] 203203K->102643K(786368K), 0.0034430 secs] [Times: user=0.02 sys=0.00, real=0.01 secs] 
2014-07-28T18:33:48.684+0000: 1062.371: [GC [PSYoungGen: 99367K->448K(98176K)] 201691K->102835K(785152K), 0.0055200 secs] [Times: user=0.03 sys=0.00, real=0.01 secs] 
2014-07-28T18:33:49.361+0000: 1063.048: [GC [PSYoungGen: 98176K->288K(96768K)] 200563K->102715K(783744K), 0.0080380 secs] [Times: user=0.04 sys=0.01, real=0.00 secs] 
2014-07-28T18:33:50.028+0000: 1063.715: [GC [PSYoungGen: 96736K->320K(95488K)] 199163K->102771K(782464K), 0.0036330 secs] [Times: user=0.01 sys=0.01, real=0.01 secs] 
2014-07-28T18:33:50.686+0000: 1064.373: [GC [PSYoungGen: 95488K->320K(94208K)] 197939K->102835K(781184K), 0.0074170 secs] [Times: user=0.05 sys=0.00, real=0.01 secs] 
2014-07-28T18:33:51.333+0000: 1065.019: [GC [PSYoungGen: 94208K->384K(93056K)] 196723K->102987K(780032K), 0.0043030 secs] [Times: user=0.02 sys=0.00, real=0.00 secs] 
2014-07-28T18:33:51.976+0000: 1065.663: [GC [PSYoungGen: 93056K->448K(91904K)] 195659K->103075K(778880K), 0.0039970 secs] [Times: user=0.02 sys=0.00, real=0.00 secs] 
2014-07-28T18:33:52.608+0000: 1066.295: [GC [PSYoungGen: 91904K->288K(90624K)] 194531K->102971K(777600K), 0.0061520 secs] [Times: user=0.04 sys=0.00, real=0.01 secs] 
2014-07-28T18:33:53.231+0000: 1066.918: [GC [PSYoungGen: 90592K->352K(89536K)] 193275K->103123K(776512K), 0.0054040 secs] [Times: user=0.04 sys=0.00, real=0.01 secs] 
2014-07-28T18:33:53.848+0000: 1067.535: [GC [PSYoungGen: 89504K->320K(107328K)] 192275K->103115K(794304K), 0.0136400 secs] [Times: user=0.08 sys=0.00, real=0.02 secs] 
2014-07-28T18:33:54.585+0000: 1068.272: [GC [PSYoungGen: 107328K->416K(105920K)] 210123K->103291K(792896K), 0.0041080 secs] [Times: user=0.02 sys=0.00, real=0.00 secs] 
2014-07-28T18:33:55.313+0000: 1069.000: [GC [PSYoungGen: 105888K->352K(104384K)] 208763K->103299K(791360K), 0.0062040 secs] [Times: user=0.03 sys=0.00, real=0.00 secs] 
2014-07-28T18:33:56.031+0000: 1069.718: [GC [PSYoungGen: 104352K->306K(102848K)] 207299K->103277K(789824K), 0.0078570 secs] [Times: user=0.05 sys=0.00, real=0.00 secs] 
2014-07-28T18:33:56.735+0000: 1070.422: [GC [PSYoungGen: 102820K->402K(101568K)] 205791K->103445K(788544K), 0.0068080 secs] [Times: user=0.04 sys=0.00, real=0.01 secs] 
2014-07-28T18:33:57.438+0000: 1071.125: [GC [PSYoungGen: 101522K->434K(100160K)] 204565K->103565K(787136K), 0.0060170 secs] [Times: user=0.04 sys=0.00, real=0.01 secs] 
2014-07-28T18:33:58.126+0000: 1071.813: [GC [PSYoungGen: 100146K->402K(98816K)] 203277K->103621K(785792K), 0.0080160 secs] [Times: user=0.05 sys=0.00, real=0.01 secs] 
2014-07-28T18:33:58.808+0000: 1072.495: [GC [PSYoungGen: 98770K->320K(97344K)] 201989K->103603K(784320K), 0.0062340 secs] [Times: user=0.04 sys=0.00, real=0.01 secs] 
2014-07-28T18:33:59.478+0000: 1073.165: [GC [PSYoungGen: 97344K->192K(95936K)] 200627K->103499K(782912K), 0.0053670 secs] [Times: user=0.02 sys=0.00, real=0.01 secs] 
2014-07-28T18:34:00.139+0000: 1073.826: [GC [PSYoungGen: 95936K->224K(94720K)] 199243K->103587K(781696K), 0.0055390 secs] [Times: user=0.03 sys=0.00, real=0.01 secs] 
2014-07-28T18:34:00.792+0000: 1074.479: [GC [PSYoungGen: 94688K->448K(93696K)] 198051K->103835K(780672K), 0.0039440 secs] [Times: user=0.02 sys=0.00, real=0.00 secs] 
2014-07-28T18:34:01.437+0000: 1075.124: [GC [PSYoungGen: 93696K->384K(92416K)] 197083K->103859K(779392K), 0.0054010 secs] [Times: user=0.04 sys=0.00, real=0.01 secs] 
2014-07-28T18:34:02.072+0000: 1075.759: [GC [PSYoungGen: 92416K->320K(91200K)] 195891K->103875K(778176K), 0.0083790 secs] [Times: user=0.04 sys=0.00, real=0.01 secs] 
2014-07-28T18:34:02.701+0000: 1076.388: [GC [PSYoungGen: 91163K->448K(90176K)] 194719K->104051K(777152K), 0.0054910 secs] [Times: user=0.03 sys=0.00, real=0.01 secs] 
2014-07-28T18:34:03.319+0000: 1077.006: [GC [PSYoungGen: 90176K->320K(88896K)] 193779K->104003K(775872K), 0.0039720 secs] [Times: user=0.01 sys=0.01, real=0.01 secs] 
2014-07-28T18:34:03.930+0000: 1077.616: [GC [PSYoungGen: 88896K->320K(87808K)] 192579K->104035K(774784K), 0.0030800 secs] [Times: user=0.02 sys=0.00, real=0.00 secs] 
2014-07-28T18:34:04.534+0000: 1078.221: [GC [PSYoungGen: 87808K->256K(86656K)] 191523K->104035K(773632K), 0.0072390 secs] [Times: user=0.04 sys=0.00, real=0.00 secs] 
2014-07-28T18:34:05.129+0000: 1078.816: [GC [PSYoungGen: 86632K->288K(85696K)] 190412K->104123K(772672K), 0.0042170 secs] [Times: user=0.02 sys=0.00, real=0.01 secs] 
2014-07-28T18:34:05.718+0000: 1079.405: [GC [PSYoungGen: 85664K->288K(84672K)] 189499K->104155K(771648K), 0.0047500 secs] [Times: user=0.03 sys=0.00, real=0.01 secs] 
2014-07-28T18:34:06.301+0000: 1079.988: [GC [PSYoungGen: 84640K->352K(83712K)] 188507K->104291K(770688K), 0.0050780 secs] [Times: user=0.03 sys=0.00, real=0.01 secs] 
2014-07-28T18:34:06.877+0000: 1080.564: [GC [PSYoungGen: 83680K->512K(82880K)] 187619K->104467K(769856K), 0.0037840 secs] [Times: user=0.02 sys=0.00, real=0.00 secs] 
2014-07-28T18:34:07.445+0000: 1081.132: [GC [PSYoungGen: 82880K->192K(81600K)] 186835K->104267K(768576K), 0.0038550 secs] [Times: user=0.02 sys=0.01, real=0.00 secs] 
2014-07-28T18:34:08.010+0000: 1081.697: [GC [PSYoungGen: 81585K->384K(80832K)] 185661K->104547K(767808K), 0.0041790 secs] [Times: user=0.02 sys=0.00, real=0.01 secs] 
2014-07-28T18:34:08.567+0000: 1082.254: [GC [PSYoungGen: 80832K->288K(79872K)] 184995K->104507K(766848K), 0.0041990 secs] [Times: user=0.02 sys=0.00, real=0.00 secs] 
2014-07-28T18:34:09.117+0000: 1082.804: [GC [PSYoungGen: 79840K->384K(79040K)] 184059K->104691K(766016K), 0.0041080 secs] [Times: user=0.02 sys=0.01, real=0.00 secs] 
2014-07-28T18:34:09.661+0000: 1083.348: [GC [PSYoungGen: 78995K->434K(78208K)] 183302K->104789K(765184K), 0.0053300 secs] [Times: user=0.03 sys=0.00, real=0.01 secs] 
2014-07-28T18:34:10.195+0000: 1083.882: [GC [PSYoungGen: 78194K->384K(77248K)] 182549K->104827K(764224K), 0.0037940 secs] [Times: user=0.02 sys=0.01, real=0.00 secs] 
2014-07-28T18:34:10.724+0000: 1084.411: [GC [PSYoungGen: 77248K->288K(76352K)] 181691K->104763K(763328K), 0.0041620 secs] [Times: user=0.03 sys=0.00, real=0.01 secs] 
2014-07-28T18:34:11.252+0000: 1084.939: [GC [PSYoungGen: 76289K->448K(75648K)] 180765K->105035K(762624K), 0.0025400 secs] [Times: user=0.01 sys=0.00, real=0.01 secs] 
2014-07-28T18:34:11.768+0000: 1085.455: [GC [PSYoungGen: 75648K->416K(74816K)] 180235K->105003K(761792K), 0.0026320 secs] [Times: user=0.02 sys=0.00, real=0.00 secs] 
2014-07-28T18:34:12.279+0000: 1085.966: [GC [PSYoungGen: 74784K->384K(73920K)] 179371K->105067K(760896K), 0.0029330 secs] [Times: user=0.01 sys=0.00, real=0.00 secs] 
2014-07-28T18:34:12.788+0000: 1086.475: [GC [PSYoungGen: 73920K->320K(73088K)] 178603K->105035K(760064K), 0.0026290 secs] [Times: user=0.02 sys=0.00, real=0.00 secs] 
2014-07-28T18:34:13.290+0000: 1086.977: [GC [PSYoungGen: 73060K->160K(72192K)] 177776K->104899K(759168K), 0.0030830 secs] [Times: user=0.01 sys=0.00, real=0.00 secs] 
2014-07-28T18:34:13.788+0000: 1087.475: [GC [PSYoungGen: 72160K->320K(71552K)] 176899K->105075K(758528K), 0.0058980 secs] [Times: user=0.03 sys=0.01, real=0.02 secs] 
2014-07-28T18:34:14.275+0000: 1087.962: [GC [PSYoungGen: 71552K->352K(70848K)] 176307K->105187K(757824K), 0.0034040 secs] [Times: user=0.02 sys=0.00, real=0.00 secs] 
2014-07-28T18:34:14.762+0000: 1088.449: [GC [PSYoungGen: 70816K->224K(70016K)] 175651K->105091K(756992K), 0.0041690 secs] [Times: user=0.02 sys=0.01, real=0.01 secs] 
2014-07-28T18:34:15.245+0000: 1088.932: [GC [PSYoungGen: 69984K->256K(69312K)] 174851K->105187K(756288K), 0.0026200 secs] [Times: user=0.02 sys=0.00, real=0.00 secs] 
2014-07-28T18:34:15.718+0000: 1089.405: [GC [PSYoungGen: 69287K->288K(68672K)] 174219K->105251K(755648K), 0.0036900 secs] [Times: user=0.02 sys=0.00, real=0.00 secs] 
2014-07-28T18:34:16.193+0000: 1089.880: [GC [PSYoungGen: 68640K->416K(68096K)] 173603K->105475K(755072K), 0.0025490 secs] [Times: user=0.01 sys=0.00, real=0.01 secs] 
2014-07-28T18:34:16.661+0000: 1090.347: [GC [PSYoungGen: 68051K->320K(67328K)] 173111K->105443K(754304K), 0.0074340 secs] [Times: user=0.05 sys=0.00, real=0.01 secs] 
2014-07-28T18:34:17.120+0000: 1090.806: [GC [PSYoungGen: 67328K->448K(66816K)] 172451K->105683K(753792K), 0.0041100 secs] [Times: user=0.03 sys=0.00, real=0.00 secs] 
2014-07-28T18:34:17.580+0000: 1091.267: [GC [PSYoungGen: 66816K->160K(65920K)] 172051K->105411K(752896K), 0.0052330 secs] [Times: user=0.01 sys=0.00, real=0.01 secs] 
2014-07-28T18:34:18.037+0000: 1091.724: [GC [PSYoungGen: 65888K->320K(65408K)] 171139K->105635K(752384K), 0.0022160 secs] [Times: user=0.01 sys=0.00, real=0.00 secs] 
2014-07-28T18:34:18.477+0000: 1092.164: [GC [PSYoungGen: 65400K->480K(64960K)] 170716K->105835K(751936K), 0.0026660 secs] [Times: user=0.01 sys=0.00, real=0.00 secs] 
2014-07-28T18:34:18.925+0000: 1092.611: [GC [PSYoungGen: 64928K->320K(64128K)] 170283K->105755K(751104K), 0.0056240 secs] [Times: user=0.03 sys=0.00, real=0.01 secs] 
2014-07-28T18:34:19.365+0000: 1093.052: [GC [PSYoungGen: 64128K->352K(63616K)] 169563K->105819K(750592K), 0.0040410 secs] [Times: user=0.02 sys=0.00, real=0.00 secs] 
2014-07-28T18:34:19.803+0000: 1093.490: [GC [PSYoungGen: 63584K->320K(62976K)] 169051K->105827K(749952K), 0.0025720 secs] [Times: user=0.02 sys=0.01, real=0.01 secs] 
2014-07-28T18:34:20.236+0000: 1093.923: [GC [PSYoungGen: 62976K->288K(62400K)] 168483K->105867K(749376K), 0.0036780 secs] [Times: user=0.02 sys=0.00, real=0.00 secs] 
2014-07-28T18:34:20.665+0000: 1094.352: [GC [PSYoungGen: 62368K->384K(61888K)] 167947K->105995K(748864K), 0.0038070 secs] [Times: user=0.02 sys=0.00, real=0.01 secs] 
2014-07-28T18:34:21.089+0000: 1094.776: [GC [PSYoungGen: 61888K->288K(61248K)] 167499K->105963K(748224K), 0.0051090 secs] [Times: user=0.03 sys=0.00, real=0.00 secs] 
2014-07-28T18:34:21.509+0000: 1095.196: [GC [PSYoungGen: 61216K->448K(60800K)] 166891K->106163K(747776K), 0.0034140 secs] [Times: user=0.01 sys=0.00, real=0.00 secs] 
2014-07-28T18:34:21.926+0000: 1095.613: [GC [PSYoungGen: 60767K->224K(60096K)] 166483K->105963K(747072K), 0.0029730 secs] [Times: user=0.01 sys=0.01, real=0.00 secs] 
2014-07-28T18:34:22.337+0000: 1096.024: [GC [PSYoungGen: 60064K->416K(59776K)] 165803K->106171K(746752K), 0.0028670 secs] [Times: user=0.02 sys=0.00, real=0.00 secs] 
2014-07-28T18:34:22.748+0000: 1096.435: [GC [PSYoungGen: 59744K->288K(59136K)] 165499K->106067K(746112K), 0.0025710 secs] [Times: user=0.01 sys=0.00, real=0.00 secs] 
2014-07-28T18:34:23.152+0000: 1096.839: [GC [PSYoungGen: 59104K->352K(58688K)] 164883K->106211K(745664K), 0.0053060 secs] [Times: user=0.03 sys=0.00, real=0.01 secs] 
2014-07-28T18:34:23.553+0000: 1097.239: [GC [PSYoungGen: 58656K->320K(58112K)] 164515K->106219K(745088K), 0.0044260 secs] [Times: user=0.03 sys=0.00, real=0.01 secs] 
2014-07-28T18:34:23.952+0000: 1097.639: [GC [PSYoungGen: 58112K->256K(69632K)] 164011K->106219K(756608K), 0.0052110 secs] [Times: user=0.03 sys=0.00, real=0.01 secs] 
2014-07-28T18:34:24.430+0000: 1098.117: [GC [PSYoungGen: 69632K->384K(83648K)] 175595K->106363K(770624K), 0.0053700 secs] [Times: user=0.04 sys=0.00, real=0.00 secs] 
2014-07-28T18:34:25.007+0000: 1098.694: [GC [PSYoungGen: 83648K->320K(82624K)] 189627K->106363K(769600K), 0.0027540 secs] [Times: user=0.01 sys=0.00, real=0.00 secs] 
2014-07-28T18:34:25.576+0000: 1099.263: [GC [PSYoungGen: 82624K->320K(81664K)] 188667K->106403K(768640K), 0.0039560 secs] [Times: user=0.02 sys=0.00, real=0.01 secs] 
2014-07-28T18:34:26.135+0000: 1099.822: [GC [PSYoungGen: 81664K->320K(80704K)] 187747K->106459K(767680K), 0.0032520 secs] [Times: user=0.02 sys=0.00, real=0.01 secs] 
2014-07-28T18:34:26.692+0000: 1100.379: [GC [PSYoungGen: 80704K->256K(79744K)] 186843K->106443K(766720K), 0.0045720 secs] [Times: user=0.03 sys=0.00, real=0.01 secs] 
2014-07-28T18:34:27.240+0000: 1100.926: [GC [PSYoungGen: 79744K->288K(78912K)] 185931K->106547K(765888K), 0.0033230 secs] [Times: user=0.02 sys=0.00, real=0.00 secs] 
2014-07-28T18:34:27.781+0000: 1101.468: [GC [PSYoungGen: 78880K->320K(78016K)] 185139K->106595K(764992K), 0.0022560 secs] [Times: user=0.01 sys=0.00, real=0.00 secs] 
2014-07-28T18:34:28.319+0000: 1102.006: [GC [PSYoungGen: 78016K->288K(77120K)] 184291K->106611K(764096K), 0.0050000 secs] [Times: user=0.02 sys=0.00, real=0.00 secs] 
2014-07-28T18:34:28.849+0000: 1102.536: [GC [PSYoungGen: 77088K->292K(76288K)] 183411K->106631K(763264K), 0.0064540 secs] [Times: user=0.02 sys=0.00, real=0.00 secs] 
2014-07-28T18:34:29.371+0000: 1103.058: [GC [PSYoungGen: 76260K->320K(75456K)] 182599K->106731K(762432K), 0.0065550 secs] [Times: user=0.04 sys=0.01, real=0.01 secs] 
2014-07-28T18:34:29.892+0000: 1103.579: [GC [PSYoungGen: 75456K->320K(74624K)] 181867K->106851K(761600K), 0.0061300 secs] [Times: user=0.04 sys=0.01, real=0.01 secs] 
2014-07-28T18:34:30.404+0000: 1104.091: [GC [PSYoungGen: 74624K->352K(73920K)] 181155K->106971K(760896K), 0.0039620 secs] [Times: user=0.02 sys=0.00, real=0.01 secs] 
2014-07-28T18:34:30.914+0000: 1104.601: [GC [PSYoungGen: 73888K->320K(88576K)] 180507K->107003K(775552K), 0.0064640 secs] [Times: user=0.04 sys=0.00, real=0.01 secs] 
2014-07-28T18:34:31.521+0000: 1105.208: [GC [PSYoungGen: 88576K->224K(97280K)] 195259K->106947K(784256K), 0.0085920 secs] [Times: user=0.05 sys=0.01, real=0.01 secs] 
2014-07-28T18:34:32.192+0000: 1105.879: [GC [PSYoungGen: 97056K->288K(95872K)] 203779K->107083K(782848K), 0.0037000 secs] [Times: user=0.02 sys=0.00, real=0.00 secs] 
2014-07-28T18:34:32.853+0000: 1106.540: [GC [PSYoungGen: 95840K->448K(94720K)] 202635K->107259K(781696K), 0.0062430 secs] [Times: user=0.04 sys=0.01, real=0.01 secs] 
2014-07-28T18:34:33.500+0000: 1107.187: [GC [PSYoungGen: 94720K->192K(93248K)] 201531K->107139K(780224K), 0.0037580 secs] [Times: user=0.02 sys=0.00, real=0.00 secs] 
2014-07-28T18:34:34.144+0000: 1107.831: [GC [PSYoungGen: 93248K->352K(92224K)] 200195K->107379K(779200K), 0.0053130 secs] [Times: user=0.03 sys=0.00, real=0.01 secs] 
2014-07-28T18:34:34.779+0000: 1108.466: [GC [PSYoungGen: 92192K->352K(91072K)] 199219K->107395K(778048K), 0.0035040 secs] [Times: user=0.01 sys=0.01, real=0.00 secs] 
2014-07-28T18:34:35.405+0000: 1109.092: [GC [PSYoungGen: 91040K->320K(89856K)] 198083K->107443K(776832K), 0.0041040 secs] [Times: user=0.03 sys=0.00, real=0.01 secs] 
2014-07-28T18:34:36.025+0000: 1109.712: [GC [PSYoungGen: 89856K->384K(88768K)] 196979K->107547K(775744K), 0.0055450 secs] [Times: user=0.03 sys=0.00, real=0.01 secs] 
2014-07-28T18:34:36.635+0000: 1110.322: [GC [PSYoungGen: 88768K->352K(87680K)] 195931K->107603K(774656K), 0.0026960 secs] [Times: user=0.01 sys=0.00, real=0.00 secs] 
2014-07-28T18:34:37.240+0000: 1110.927: [GC [PSYoungGen: 87646K->320K(86528K)] 194898K->107683K(773504K), 0.0030980 secs] [Times: user=0.02 sys=0.00, real=0.00 secs] 
2014-07-28T18:34:37.835+0000: 1111.522: [GC [PSYoungGen: 86528K->256K(85440K)] 193891K->107667K(772416K), 0.0042680 secs] [Times: user=0.03 sys=0.00, real=0.01 secs] 
2014-07-28T18:34:38.425+0000: 1112.112: [GC [PSYoungGen: 85440K->320K(84480K)] 192851K->107811K(771456K), 0.0052390 secs] [Times: user=0.03 sys=0.00, real=0.01 secs] 
2014-07-28T18:34:39.004+0000: 1112.691: [GC [PSYoungGen: 84480K->352K(83520K)] 191971K->107923K(770496K), 0.0045830 secs] [Times: user=0.03 sys=0.00, real=0.01 secs] 
2014-07-28T18:34:39.577+0000: 1113.264: [GC [PSYoungGen: 83488K->288K(82496K)] 191059K->107923K(769472K), 0.0032200 secs] [Times: user=0.02 sys=0.00, real=0.01 secs] 
2014-07-28T18:34:40.144+0000: 1113.831: [GC [PSYoungGen: 82464K->256K(81472K)] 190099K->107947K(768448K), 0.0061530 secs] [Times: user=0.04 sys=0.00, real=0.01 secs] 
2014-07-28T18:34:40.704+0000: 1114.391: [GC [PSYoungGen: 81472K->352K(80640K)] 189163K->108051K(767616K), 0.0028500 secs] [Times: user=0.01 sys=0.00, real=0.00 secs] 
2014-07-28T18:34:41.256+0000: 1114.943: [GC [PSYoungGen: 80608K->384K(79744K)] 188307K->108179K(766720K), 0.0031930 secs] [Times: user=0.01 sys=0.00, real=0.01 secs] 
2014-07-28T18:34:41.801+0000: 1115.488: [GC [PSYoungGen: 79744K->288K(78784K)] 187539K->108083K(765760K), 0.0021270 secs] [Times: user=0.02 sys=0.00, real=0.00 secs] 
2014-07-28T18:34:42.348+0000: 1116.035: [GC [PSYoungGen: 78752K->416K(78016K)] 186547K->108291K(764992K), 0.0031570 secs] [Times: user=0.02 sys=0.00, real=0.01 secs] 
2014-07-28T18:34:42.886+0000: 1116.573: [GC [PSYoungGen: 77984K->320K(76992K)] 185859K->108211K(763968K), 0.0055910 secs] [Times: user=0.03 sys=0.00, real=0.01 secs] 
2014-07-28T18:34:43.412+0000: 1117.098: [GC [PSYoungGen: 76992K->416K(76288K)] 184883K->108387K(763264K), 0.0034870 secs] [Times: user=0.02 sys=0.00, real=0.00 secs] 
2014-07-28T18:34:43.939+0000: 1117.626: [GC [PSYoungGen: 76223K->306K(75328K)] 184195K->108389K(762304K), 0.0027530 secs] [Times: user=0.01 sys=0.00, real=0.00 secs] 
2014-07-28T18:34:44.457+0000: 1118.144: [GC [PSYoungGen: 75285K->352K(74560K)] 183369K->108499K(761536K), 0.0041240 secs] [Times: user=0.02 sys=0.00, real=0.01 secs] 
2014-07-28T18:34:44.968+0000: 1118.655: [GC [PSYoungGen: 74528K->288K(73728K)] 182675K->108507K(760704K), 0.0041410 secs] [Times: user=0.02 sys=0.00, real=0.01 secs] 
2014-07-28T18:34:45.475+0000: 1119.162: [GC [PSYoungGen: 73696K->288K(72960K)] 181915K->108539K(759936K), 0.0058000 secs] [Times: user=0.04 sys=0.00, real=0.01 secs] 
2014-07-28T18:34:45.975+0000: 1119.662: [GC [PSYoungGen: 72901K->224K(72128K)] 181152K->108531K(759104K), 0.0024940 secs] [Times: user=0.01 sys=0.00, real=0.00 secs] 
2014-07-28T18:34:46.469+0000: 1120.156: [GC [PSYoungGen: 72096K->320K(71424K)] 180403K->108667K(758400K), 0.0039790 secs] [Times: user=0.03 sys=0.00, real=0.01 secs] 
2014-07-28T18:34:46.958+0000: 1120.645: [GC [PSYoungGen: 71424K->370K(70720K)] 179771K->108797K(757696K), 0.0052300 secs] [Times: user=0.03 sys=0.00, real=0.01 secs] 
2014-07-28T18:34:47.444+0000: 1121.131: [GC [PSYoungGen: 70705K->448K(70080K)] 179133K->108907K(757056K), 0.0049020 secs] [Times: user=0.02 sys=0.01, real=0.01 secs] 
2014-07-28T18:34:47.927+0000: 1121.614: [GC [PSYoungGen: 70080K->256K(69184K)] 178539K->108835K(756160K), 0.0033030 secs] [Times: user=0.01 sys=0.00, real=0.01 secs] 
2014-07-28T18:34:48.401+0000: 1122.088: [GC [PSYoungGen: 69139K->352K(68608K)] 177719K->108979K(755584K), 0.0053830 secs] [Times: user=0.02 sys=0.00, real=0.00 secs] 
2014-07-28T18:34:48.873+0000: 1122.559: [GC [PSYoungGen: 68576K->224K(67776K)] 177203K->108891K(754752K), 0.0038850 secs] [Times: user=0.02 sys=0.00, real=0.00 secs] 
2014-07-28T18:34:49.338+0000: 1123.025: [GC [PSYoungGen: 67744K->384K(67264K)] 176411K->109131K(754240K), 0.0038390 secs] [Times: user=0.02 sys=0.00, real=0.01 secs] 
2014-07-28T18:34:49.797+0000: 1123.484: [GC [PSYoungGen: 67264K->224K(80512K)] 176011K->108971K(767488K), 0.0077020 secs] [Times: user=0.05 sys=0.00, real=0.01 secs] 
2014-07-28T18:34:50.352+0000: 1124.039: [GC [PSYoungGen: 80480K->192K(79552K)] 189227K->108971K(766528K), 0.0037770 secs] [Times: user=0.01 sys=0.00, real=0.00 secs] 
2014-07-28T18:34:50.900+0000: 1124.587: [GC [PSYoungGen: 79552K->320K(78784K)] 188331K->109099K(765760K), 0.0042680 secs] [Times: user=0.02 sys=0.00, real=0.00 secs] 
2014-07-28T18:34:51.440+0000: 1125.127: [GC [PSYoungGen: 78784K->224K(77824K)] 187563K->109043K(764800K), 0.0041200 secs] [Times: user=0.02 sys=0.00, real=0.00 secs] 
2014-07-28T18:34:51.976+0000: 1125.663: [GC [PSYoungGen: 77773K->288K(76992K)] 186592K->109155K(763968K), 0.0052660 secs] [Times: user=0.02 sys=0.00, real=0.01 secs] 
2014-07-28T18:34:52.514+0000: 1126.201: [GC [PSYoungGen: 76960K->352K(76224K)] 185827K->109275K(763200K), 0.0027090 secs] [Times: user=0.01 sys=0.00, real=0.00 secs] 
2014-07-28T18:34:53.028+0000: 1126.715: [GC [PSYoungGen: 76192K->352K(75392K)] 185115K->109355K(762368K), 0.0026410 secs] [Times: user=0.02 sys=0.00, real=0.01 secs] 
2014-07-28T18:34:53.550+0000: 1127.237: [GC [PSYoungGen: 75360K->306K(74496K)] 184363K->109349K(761472K), 0.0049210 secs] [Times: user=0.03 sys=0.00, real=0.00 secs] 
2014-07-28T18:34:54.060+0000: 1127.747: [GC [PSYoungGen: 74482K->288K(73728K)] 183525K->109403K(760704K), 0.0045150 secs] [Times: user=0.02 sys=0.01, real=0.00 secs] 
2014-07-28T18:34:54.568+0000: 1128.255: [GC [PSYoungGen: 73696K->434K(73088K)] 182811K->109605K(760064K), 0.0055340 secs] [Times: user=0.02 sys=0.00, real=0.01 secs] 
2014-07-28T18:34:55.071+0000: 1128.758: [GC [PSYoungGen: 73074K->192K(72064K)] 182245K->109467K(759040K), 0.0027770 secs] [Times: user=0.01 sys=0.00, real=0.00 secs] 
2014-07-28T18:34:55.570+0000: 1129.257: [GC [PSYoungGen: 72064K->224K(71360K)] 181339K->109539K(758336K), 0.0025780 secs] [Times: user=0.01 sys=0.00, real=0.00 secs] 
2014-07-28T18:34:56.056+0000: 1129.743: [GC [PSYoungGen: 71328K->288K(70656K)] 180643K->109659K(757632K), 0.0028790 secs] [Times: user=0.01 sys=0.00, real=0.00 secs] 
2014-07-28T18:34:56.540+0000: 1130.227: [GC [PSYoungGen: 70624K->320K(69952K)] 179995K->109731K(756928K), 0.0037600 secs] [Times: user=0.02 sys=0.00, real=0.01 secs] 
2014-07-28T18:34:57.021+0000: 1130.708: [GC [PSYoungGen: 69952K->384K(69312K)] 179363K->109875K(756288K), 0.0036870 secs] [Times: user=0.02 sys=0.00, real=0.00 secs] 
2014-07-28T18:34:57.496+0000: 1131.183: [GC [PSYoungGen: 69312K->352K(68608K)] 178803K->109867K(755584K), 0.0055020 secs] [Times: user=0.03 sys=0.00, real=0.01 secs] 
2014-07-28T18:34:57.967+0000: 1131.654: [GC [PSYoungGen: 68576K->320K(67840K)] 178091K->109915K(754816K), 0.0033960 secs] [Times: user=0.02 sys=0.00, real=0.00 secs] 
2014-07-28T18:34:58.433+0000: 1132.120: [GC [PSYoungGen: 67840K->384K(67264K)] 177435K->109995K(754240K), 0.0030010 secs] [Times: user=0.02 sys=0.00, real=0.00 secs] 
2014-07-28T18:34:58.899+0000: 1132.586: [GC [PSYoungGen: 67264K->256K(66496K)] 176875K->109947K(753472K), 0.0035930 secs] [Times: user=0.02 sys=0.00, real=0.01 secs] 
2014-07-28T18:34:59.356+0000: 1133.043: [GC [PSYoungGen: 66496K->320K(65920K)] 176187K->110059K(752896K), 0.0035100 secs] [Times: user=0.02 sys=0.00, real=0.00 secs] 
2014-07-28T18:34:59.810+0000: 1133.497: [GC [PSYoungGen: 65908K->352K(65344K)] 175648K->110099K(752320K), 0.0038420 secs] [Times: user=0.02 sys=0.00, real=0.01 secs] 
2014-07-28T18:35:00.259+0000: 1133.946: [GC [PSYoungGen: 65310K->192K(64512K)] 175058K->109979K(751488K), 0.0031380 secs] [Times: user=0.02 sys=0.00, real=0.01 secs] 
2014-07-28T18:35:00.700+0000: 1134.387: [GC [PSYoungGen: 64487K->288K(64000K)] 174275K->110107K(750976K), 0.0025120 secs] [Times: user=0.01 sys=0.00, real=0.01 secs] 
2014-07-28T18:35:01.142+0000: 1134.828: [GC [PSYoungGen: 63968K->224K(63360K)] 173787K->110099K(750336K), 0.0069000 secs] [Times: user=0.04 sys=0.00, real=0.00 secs] 
2014-07-28T18:35:01.574+0000: 1135.261: [GC [PSYoungGen: 63328K->384K(62912K)] 173203K->110283K(749888K), 0.0033310 secs] [Times: user=0.01 sys=0.00, real=0.00 secs] 
2014-07-28T18:35:02.008+0000: 1135.695: [GC [PSYoungGen: 62912K->320K(62272K)] 172811K->110291K(749248K), 0.0030770 secs] [Times: user=0.01 sys=0.00, real=0.01 secs] 
2014-07-28T18:35:02.433+0000: 1136.119: [GC [PSYoungGen: 62272K->192K(74560K)] 172243K->110179K(761536K), 0.0092510 secs] [Times: user=0.05 sys=0.00, real=0.01 secs] 
2014-07-28T18:35:02.946+0000: 1136.633: [GC [PSYoungGen: 74560K->384K(73920K)] 184547K->110459K(760896K), 0.0025090 secs] [Times: user=0.01 sys=0.00, real=0.00 secs] 
2014-07-28T18:35:03.454+0000: 1137.141: [GC [PSYoungGen: 73920K->416K(73216K)] 183995K->110579K(760192K), 0.0027090 secs] [Times: user=0.01 sys=0.00, real=0.00 secs] 
2014-07-28T18:35:03.958+0000: 1137.645: [GC [PSYoungGen: 73184K->416K(72448K)] 183347K->110675K(759424K), 0.0043860 secs] [Times: user=0.03 sys=0.00, real=0.01 secs] 
2014-07-28T18:35:04.458+0000: 1138.145: [GC [PSYoungGen: 72416K->192K(71424K)] 182675K->110555K(758400K), 0.0038150 secs] [Times: user=0.02 sys=0.00, real=0.00 secs] 
2014-07-28T18:35:04.949+0000: 1138.636: [GC [PSYoungGen: 71424K->192K(70656K)] 181787K->110603K(757632K), 0.0041760 secs] [Times: user=0.03 sys=0.00, real=0.01 secs] 
2014-07-28T18:35:05.434+0000: 1139.121: [GC [PSYoungGen: 70656K->352K(70144K)] 181067K->110819K(757120K), 0.0039260 secs] [Times: user=0.03 sys=0.01, real=0.00 secs] 
2014-07-28T18:35:05.914+0000: 1139.601: [GC [PSYoungGen: 70112K->256K(69312K)] 180579K->110771K(756288K), 0.0051060 secs] [Times: user=0.03 sys=0.00, real=0.00 secs] 
2014-07-28T18:35:06.390+0000: 1140.077: [GC [PSYoungGen: 69312K->384K(68736K)] 179827K->110939K(755712K), 0.0041910 secs] [Times: user=0.02 sys=0.00, real=0.01 secs] 
2014-07-28T18:35:06.865+0000: 1140.552: [GC [PSYoungGen: 68736K->352K(68032K)] 179291K->110955K(755008K), 0.0037620 secs] [Times: user=0.02 sys=0.00, real=0.00 secs] 
2014-07-28T18:35:07.335+0000: 1141.022: [GC [PSYoungGen: 68000K->320K(67328K)] 178603K->111003K(754304K), 0.0052040 secs] [Times: user=0.03 sys=0.00, real=0.00 secs] 
2014-07-28T18:35:07.802+0000: 1141.489: [GC [PSYoungGen: 67328K->448K(66816K)] 178011K->111171K(753792K), 0.0028460 secs] [Times: user=0.02 sys=0.00, real=0.01 secs] 
2014-07-28T18:35:08.259+0000: 1141.946: [GC [PSYoungGen: 66816K->256K(65984K)] 177539K->111027K(752960K), 0.0047450 secs] [Times: user=0.02 sys=0.01, real=0.01 secs] 
2014-07-28T18:35:08.711+0000: 1142.398: [GC [PSYoungGen: 65984K->288K(79232K)] 176755K->111083K(766208K), 0.0083790 secs] [Times: user=0.04 sys=0.00, real=0.01 secs] 
2014-07-28T18:35:09.256+0000: 1142.943: [GC [PSYoungGen: 79200K->416K(78464K)] 189995K->111315K(765440K), 0.0032110 secs] [Times: user=0.02 sys=0.00, real=0.00 secs] 
2014-07-28T18:35:09.793+0000: 1143.480: [GC [PSYoungGen: 78432K->352K(77504K)] 189331K->111275K(764480K), 0.0031500 secs] [Times: user=0.01 sys=0.00, real=0.01 secs] 
2014-07-28T18:35:10.328+0000: 1144.015: [GC [PSYoungGen: 77472K->224K(76544K)] 188395K->111203K(763520K), 0.0041880 secs] [Times: user=0.02 sys=0.00, real=0.00 secs] 
2014-07-28T18:35:10.858+0000: 1144.545: [GC [PSYoungGen: 76512K->288K(75776K)] 187491K->111283K(762752K), 0.0057110 secs] [Times: user=0.03 sys=0.00, real=0.01 secs] 
2014-07-28T18:35:11.379+0000: 1145.066: [GC [PSYoungGen: 75744K->320K(74944K)] 186739K->111379K(761920K), 0.0037800 secs] [Times: user=0.02 sys=0.00, real=0.00 secs] 
2014-07-28T18:35:11.897+0000: 1145.584: [GC [PSYoungGen: 74944K->224K(74048K)] 186003K->111315K(761024K), 0.0053570 secs] [Times: user=0.03 sys=0.00, real=0.00 secs] 
2014-07-28T18:35:12.404+0000: 1146.090: [GC [PSYoungGen: 74016K->256K(73280K)] 185107K->111403K(760256K), 0.0053420 secs] [Times: user=0.03 sys=0.00, real=0.00 secs] 
2014-07-28T18:35:12.910+0000: 1146.597: [GC [PSYoungGen: 73280K->288K(88000K)] 184427K->111483K(774976K), 0.0132890 secs] [Times: user=0.10 sys=0.00, real=0.02 secs] 
2014-07-28T18:35:13.516+0000: 1147.203: [GC [PSYoungGen: 87968K->320K(92800K)] 199163K->111571K(779776K), 0.0052040 secs] [Times: user=0.03 sys=0.01, real=0.00 secs] 
2014-07-28T18:35:14.160+0000: 1147.846: [GC [PSYoungGen: 92586K->224K(92800K)] 203838K->111523K(779776K), 0.0060550 secs] [Times: user=0.03 sys=0.00, real=0.01 secs] 
2014-07-28T18:35:14.793+0000: 1148.479: [GC [PSYoungGen: 92512K->256K(111168K)] 203811K->111579K(798144K), 0.0071370 secs] [Times: user=0.04 sys=0.00, real=0.01 secs] 
2014-07-28T18:35:15.557+0000: 1149.244: [GC [PSYoungGen: 111040K->352K(109504K)] 222363K->111747K(796480K), 0.0039080 secs] [Times: user=0.01 sys=0.00, real=0.00 secs] 
2014-07-28T18:35:16.311+0000: 1149.998: [GC [PSYoungGen: 109472K->192K(107712K)] 220867K->111619K(794688K), 0.0050730 secs] [Times: user=0.02 sys=0.01, real=0.01 secs] 
2014-07-28T18:35:17.056+0000: 1150.743: [GC [PSYoungGen: 107712K->320K(110848K)] 219139K->111747K(797824K), 0.0134830 secs] [Times: user=0.07 sys=0.00, real=0.01 secs] 
2014-07-28T18:35:17.814+0000: 1151.501: [GC [PSYoungGen: 110656K->498K(129472K)] 222083K->111973K(816448K), 0.0070710 secs] [Times: user=0.04 sys=0.00, real=0.01 secs] 
2014-07-28T18:35:18.702+0000: 1152.389: [GC [PSYoungGen: 129458K->160K(129536K)] 240933K->111659K(816512K), 0.0078710 secs] [Times: user=0.04 sys=0.00, real=0.01 secs] 
2014-07-28T18:35:19.604+0000: 1153.291: [GC [PSYoungGen: 129120K->480K(127360K)] 240619K->112083K(814336K), 0.0028910 secs] [Times: user=0.02 sys=0.00, real=0.01 secs] 
2014-07-28T18:35:20.479+0000: 1154.166: [GC [PSYoungGen: 127328K->224K(125056K)] 238931K->111875K(812032K), 0.0054650 secs] [Times: user=0.02 sys=0.00, real=0.01 secs] 
2014-07-28T18:35:21.347+0000: 1155.034: [GC [PSYoungGen: 125024K->274K(123136K)] 236675K->111981K(810112K), 0.0081120 secs] [Times: user=0.04 sys=0.00, real=0.01 secs] 
2014-07-28T18:35:22.196+0000: 1155.883: [GC [PSYoungGen: 123090K->320K(121216K)] 234797K->112051K(808192K), 0.0047100 secs] [Times: user=0.02 sys=0.00, real=0.00 secs] 
2014-07-28T18:35:23.032+0000: 1156.719: [GC [PSYoungGen: 121183K->288K(119296K)] 232915K->112067K(806272K), 0.0047340 secs] [Times: user=0.03 sys=0.00, real=0.01 secs] 
2014-07-28T18:35:23.851+0000: 1157.538: [GC [PSYoungGen: 119264K->224K(117376K)] 231043K->112043K(804352K), 0.0107120 secs] [Times: user=0.06 sys=0.00, real=0.01 secs] 
2014-07-28T18:35:24.659+0000: 1158.346: [GC [PSYoungGen: 117344K->288K(115648K)] 229163K->112179K(802624K), 0.0039400 secs] [Times: user=0.02 sys=0.00, real=0.00 secs] 
2014-07-28T18:35:25.452+0000: 1159.139: [GC [PSYoungGen: 115616K->256K(113856K)] 227507K->112187K(800832K), 0.0127940 secs] [Times: user=0.06 sys=0.00, real=0.02 secs] 
2014-07-28T18:35:26.239+0000: 1159.926: [GC [PSYoungGen: 113856K->224K(112128K)] 225787K->112203K(799104K), 0.0050660 secs] [Times: user=0.03 sys=0.00, real=0.00 secs] 
2014-07-28T18:35:27.013+0000: 1160.700: [GC [PSYoungGen: 112066K->242K(110464K)] 224046K->112269K(797440K), 0.0024560 secs] [Times: user=0.01 sys=0.01, real=0.01 secs] 
2014-07-28T18:35:27.773+0000: 1161.459: [GC [PSYoungGen: 110450K->224K(108864K)] 222477K->112299K(795840K), 0.0040820 secs] [Times: user=0.02 sys=0.00, real=0.01 secs] 
2014-07-28T18:35:28.528+0000: 1162.215: [GC [PSYoungGen: 108832K->256K(107264K)] 220907K->112395K(794240K), 0.0061580 secs] [Times: user=0.03 sys=0.00, real=0.00 secs] 
2014-07-28T18:35:29.270+0000: 1162.957: [GC [PSYoungGen: 107264K->256K(105728K)] 219403K->112451K(792704K), 0.0027760 secs] [Times: user=0.01 sys=0.01, real=0.00 secs] 
2014-07-28T18:35:29.998+0000: 1163.685: [GC [PSYoungGen: 105728K->224K(104256K)] 217923K->112435K(791232K), 0.0119700 secs] [Times: user=0.07 sys=0.01, real=0.01 secs] 
2014-07-28T18:35:30.718+0000: 1164.405: [GC [PSYoungGen: 104224K->256K(102784K)] 216435K->112523K(789760K), 0.0038570 secs] [Times: user=0.02 sys=0.00, real=0.00 secs] 
2014-07-28T18:35:31.425+0000: 1165.112: [GC [PSYoungGen: 102746K->288K(101440K)] 215014K->112603K(788416K), 0.0044840 secs] [Times: user=0.02 sys=0.00, real=0.01 secs] 
2014-07-28T18:35:32.125+0000: 1165.811: [GC [PSYoungGen: 101408K->256K(99968K)] 213723K->112627K(786944K), 0.0062360 secs] [Times: user=0.04 sys=0.01, real=0.01 secs] 
2014-07-28T18:35:32.815+0000: 1166.502: [GC [PSYoungGen: 99968K->352K(98752K)] 212339K->112803K(785728K), 0.0058510 secs] [Times: user=0.03 sys=0.01, real=0.01 secs] 
2014-07-28T18:35:33.493+0000: 1167.180: [GC [PSYoungGen: 98720K->288K(97344K)] 211171K->112811K(784320K), 0.0042630 secs] [Times: user=0.02 sys=0.00, real=0.01 secs] 
2014-07-28T18:35:34.167+0000: 1167.854: [GC [PSYoungGen: 97312K->352K(96128K)] 209835K->112955K(783104K), 0.0067470 secs] [Times: user=0.04 sys=0.00, real=0.00 secs] 
2014-07-28T18:35:34.830+0000: 1168.517: [GC [PSYoungGen: 96096K->256K(94720K)] 208699K->112891K(781696K), 0.0078130 secs] [Times: user=0.05 sys=0.00, real=0.01 secs] 
2014-07-28T18:35:35.485+0000: 1169.171: [GC [PSYoungGen: 94719K->352K(93632K)] 207355K->113059K(780608K), 0.0045810 secs] [Times: user=0.02 sys=0.00, real=0.01 secs] 
2014-07-28T18:35:36.133+0000: 1169.820: [GC [PSYoungGen: 93600K->320K(92352K)] 206307K->113123K(779328K), 0.0025680 secs] [Times: user=0.02 sys=0.00, real=0.00 secs] 
2014-07-28T18:35:36.772+0000: 1170.459: [GC [PSYoungGen: 92312K->224K(91136K)] 205116K->113051K(778112K), 0.0031270 secs] [Times: user=0.01 sys=0.00, real=0.00 secs] 
2014-07-28T18:35:37.397+0000: 1171.084: [GC [PSYoungGen: 91104K->288K(90048K)] 203931K->113187K(777024K), 0.0029530 secs] [Times: user=0.02 sys=0.01, real=0.00 secs] 
2014-07-28T18:35:38.017+0000: 1171.704: [GC [PSYoungGen: 90016K->320K(88896K)] 202915K->113275K(775872K), 0.0040450 secs] [Times: user=0.02 sys=0.01, real=0.00 secs] 
2014-07-28T18:35:38.630+0000: 1172.317: [GC [PSYoungGen: 88896K->224K(87744K)] 201851K->113227K(774720K), 0.0024250 secs] [Times: user=0.01 sys=0.01, real=0.00 secs] 
2014-07-28T18:35:39.237+0000: 1172.924: [GC [PSYoungGen: 87677K->416K(86848K)] 200681K->113523K(773824K), 0.0029070 secs] [Times: user=0.02 sys=0.01, real=0.00 secs] 
2014-07-28T18:35:39.839+0000: 1173.526: [GC [PSYoungGen: 86816K->256K(85632K)] 199923K->113387K(772608K), 0.0044450 secs] [Times: user=0.03 sys=0.00, real=0.00 secs] 
2014-07-28T18:35:40.425+0000: 1174.111: [GC [PSYoungGen: 85632K->384K(84736K)] 198763K->113611K(771712K), 0.0023020 secs] [Times: user=0.01 sys=0.00, real=0.01 secs] 
2014-07-28T18:35:41.009+0000: 1174.696: [GC [PSYoungGen: 84736K->256K(83584K)] 197963K->113547K(770560K), 0.0033410 secs] [Times: user=0.02 sys=0.00, real=0.00 secs] 
2014-07-28T18:35:41.588+0000: 1175.275: [GC [PSYoungGen: 83557K->352K(82752K)] 196849K->113723K(769728K), 0.0032830 secs] [Times: user=0.02 sys=0.00, real=0.00 secs] 
2014-07-28T18:35:42.160+0000: 1175.847: [GC [PSYoungGen: 82677K->416K(81856K)] 196049K->113891K(768832K), 0.0029370 secs] [Times: user=0.01 sys=0.01, real=0.00 secs] 
2014-07-28T18:35:42.719+0000: 1176.406: [GC [PSYoungGen: 81824K->288K(80768K)] 195299K->113787K(767744K), 0.0036980 secs] [Times: user=0.02 sys=0.00, real=0.00 secs] 
2014-07-28T18:35:43.277+0000: 1176.964: [GC [PSYoungGen: 80734K->320K(79872K)] 194234K->113891K(766848K), 0.0026510 secs] [Times: user=0.01 sys=0.00, real=0.01 secs] 
2014-07-28T18:35:43.825+0000: 1177.512: [GC [PSYoungGen: 79872K->288K(78976K)] 193443K->113883K(765952K), 0.0044800 secs] [Times: user=0.03 sys=0.00, real=0.01 secs] 
2014-07-28T18:35:44.367+0000: 1178.054: [GC [PSYoungGen: 78944K->256K(78016K)] 192539K->113899K(764992K), 0.0064420 secs] [Times: user=0.04 sys=0.00, real=0.01 secs] 
2014-07-28T18:35:44.906+0000: 1178.593: [GC [PSYoungGen: 78016K->256K(77120K)] 191659K->113939K(764096K), 0.0037100 secs] [Times: user=0.02 sys=0.00, real=0.01 secs] 
2014-07-28T18:35:45.438+0000: 1179.125: [GC [PSYoungGen: 77120K->320K(76352K)] 190803K->114067K(763328K), 0.0065670 secs] [Times: user=0.04 sys=0.00, real=0.00 secs] 
2014-07-28T18:35:45.963+0000: 1179.650: [GC [PSYoungGen: 76352K->448K(75648K)] 190099K->114299K(762624K), 0.0037480 secs] [Times: user=0.02 sys=0.00, real=0.00 secs] 
2014-07-28T18:35:46.480+0000: 1180.167: [GC [PSYoungGen: 75648K->192K(74560K)] 189499K->114147K(761536K), 0.0040920 secs] [Times: user=0.02 sys=0.01, real=0.00 secs] 
2014-07-28T18:35:46.995+0000: 1180.682: [GC [PSYoungGen: 74553K->288K(73856K)] 188509K->114307K(760832K), 0.0045880 secs] [Times: user=0.02 sys=0.00, real=0.01 secs] 
2014-07-28T18:35:47.500+0000: 1181.187: [GC [PSYoungGen: 73824K->384K(73152K)] 187843K->114427K(760128K), 0.0038480 secs] [Times: user=0.02 sys=0.00, real=0.00 secs] 
2014-07-28T18:35:48.005+0000: 1181.692: [GC [PSYoungGen: 73152K->160K(72192K)] 187195K->114243K(759168K), 0.0040890 secs] [Times: user=0.01 sys=0.00, real=0.01 secs] 
2014-07-28T18:35:48.500+0000: 1182.187: [GC [PSYoungGen: 72160K->320K(71552K)] 186243K->114443K(758528K), 0.0033540 secs] [Times: user=0.02 sys=0.00, real=0.00 secs] 
2014-07-28T18:35:48.993+0000: 1182.680: [GC [PSYoungGen: 71552K->352K(70848K)] 185675K->114555K(757824K), 0.0035700 secs] [Times: user=0.02 sys=0.00, real=0.00 secs] 
2014-07-28T18:35:49.475+0000: 1183.162: [GC [PSYoungGen: 70816K->288K(70080K)] 185019K->114531K(757056K), 0.0042850 secs] [Times: user=0.03 sys=0.01, real=0.01 secs] 
2014-07-28T18:35:49.959+0000: 1183.646: [GC [PSYoungGen: 69999K->384K(69440K)] 184243K->114699K(756416K), 0.0061440 secs] [Times: user=0.03 sys=0.00, real=0.01 secs] 
2014-07-28T18:35:50.438+0000: 1184.125: [GC [PSYoungGen: 69440K->320K(68672K)] 183755K->114691K(755648K), 0.0035170 secs] [Times: user=0.02 sys=0.00, real=0.01 secs] 
2014-07-28T18:35:50.909+0000: 1184.596: [GC [PSYoungGen: 68672K->320K(67968K)] 183043K->114771K(754944K), 0.0054490 secs] [Times: user=0.03 sys=0.00, real=0.00 secs] 
2014-07-28T18:35:51.374+0000: 1185.061: [GC [PSYoungGen: 67968K->384K(67392K)] 182419K->114899K(754368K), 0.0039290 secs] [Times: user=0.02 sys=0.00, real=0.00 secs] 
2014-07-28T18:35:51.841+0000: 1185.528: [GC [PSYoungGen: 67392K->320K(66688K)] 181907K->114867K(753664K), 0.0044010 secs] [Times: user=0.03 sys=0.00, real=0.00 secs] 
2014-07-28T18:35:52.298+0000: 1185.984: [GC [PSYoungGen: 66688K->352K(66112K)] 181235K->114979K(753088K), 0.0050040 secs] [Times: user=0.03 sys=0.00, real=0.01 secs] 
2014-07-28T18:35:52.754+0000: 1186.441: [GC [PSYoungGen: 66080K->416K(79360K)] 180707K->115067K(766336K), 0.0062970 secs] [Times: user=0.04 sys=0.00, real=0.01 secs] 
2014-07-28T18:35:53.297+0000: 1186.984: [GC [PSYoungGen: 79328K->256K(78272K)] 193979K->115019K(765248K), 0.0039250 secs] [Times: user=0.02 sys=0.00, real=0.01 secs] 
2014-07-28T18:35:53.835+0000: 1187.522: [GC [PSYoungGen: 78272K->192K(93824K)] 193035K->114971K(780800K), 0.0069800 secs] [Times: user=0.03 sys=0.00, real=0.01 secs] 
2014-07-28T18:35:54.485+0000: 1188.172: [GC [PSYoungGen: 93824K->384K(92800K)] 208603K->115235K(779776K), 0.0056730 secs] [Times: user=0.04 sys=0.00, real=0.01 secs] 
2014-07-28T18:35:55.129+0000: 1188.816: [GC [PSYoungGen: 92800K->352K(91584K)] 207651K->115283K(778560K), 0.0034840 secs] [Times: user=0.01 sys=0.01, real=0.00 secs] 
2014-07-28T18:35:55.762+0000: 1189.448: [GC [PSYoungGen: 91552K->320K(90368K)] 206483K->115299K(777344K), 0.0058990 secs] [Times: user=0.03 sys=0.01, real=0.00 secs] 
2014-07-28T18:35:56.383+0000: 1190.070: [GC [PSYoungGen: 90368K->416K(89344K)] 205347K->115499K(776320K), 0.0040300 secs] [Times: user=0.02 sys=0.00, real=0.00 secs] 
2014-07-28T18:35:56.996+0000: 1190.683: [GC [PSYoungGen: 89312K->288K(88128K)] 204395K->115419K(775104K), 0.0045580 secs] [Times: user=0.03 sys=0.00, real=0.01 secs] 
2014-07-28T18:35:57.606+0000: 1191.292: [GC [PSYoungGen: 88086K->224K(86976K)] 203217K->115395K(773952K), 0.0033350 secs] [Times: user=0.01 sys=0.00, real=0.00 secs] 
2014-07-28T18:35:58.204+0000: 1191.891: [GC [PSYoungGen: 86944K->288K(85952K)] 202115K->115515K(772928K), 0.0035670 secs] [Times: user=0.01 sys=0.00, real=0.00 secs] 
2014-07-28T18:35:58.798+0000: 1192.485: [GC [PSYoungGen: 85920K->256K(84864K)] 201147K->115499K(771840K), 0.0115920 secs] [Times: user=0.06 sys=0.01, real=0.01 secs] 
2014-07-28T18:35:59.382+0000: 1193.069: [GC [PSYoungGen: 84864K->256K(101824K)] 200107K->115547K(788800K), 0.0079620 secs] [Times: user=0.04 sys=0.00, real=0.01 secs] 
2014-07-28T18:36:00.083+0000: 1193.770: [GC [PSYoungGen: 101824K->224K(122176K)] 217115K->115531K(809152K), 0.0066080 secs] [Times: user=0.04 sys=0.00, real=0.00 secs] 
2014-07-28T18:36:00.926+0000: 1194.613: [GC [PSYoungGen: 122144K->352K(120384K)] 237451K->115747K(807360K), 0.0054530 secs] [Times: user=0.03 sys=0.01, real=0.01 secs] 
2014-07-28T18:36:01.754+0000: 1195.441: [GC [PSYoungGen: 120330K->356K(118528K)] 235726K->115791K(805504K), 0.0053090 secs] [Times: user=0.03 sys=0.00, real=0.00 secs] 
2014-07-28T18:36:02.569+0000: 1196.256: [GC [PSYoungGen: 118454K->306K(116608K)] 233890K->115789K(803584K), 0.0045840 secs] [Times: user=0.03 sys=0.00, real=0.01 secs] 
2014-07-28T18:36:03.374+0000: 1197.061: [GC [PSYoungGen: 116594K->352K(114880K)] 232077K->115915K(801856K), 0.0027800 secs] [Times: user=0.01 sys=0.00, real=0.00 secs] 
2014-07-28T18:36:04.166+0000: 1197.852: [GC [PSYoungGen: 114848K->320K(113088K)] 230411K->115907K(800064K), 0.0110810 secs] [Times: user=0.07 sys=0.00, real=0.01 secs] 
2014-07-28T18:36:04.947+0000: 1198.634: [GC [PSYoungGen: 113088K->384K(111488K)] 228675K->116067K(798464K), 0.0034710 secs] [Times: user=0.02 sys=0.00, real=0.00 secs] 
2014-07-28T18:36:05.714+0000: 1199.401: [GC [PSYoungGen: 111488K->256K(109696K)] 227171K->116027K(796672K), 0.0041080 secs] [Times: user=0.03 sys=0.00, real=0.00 secs] 
2014-07-28T18:36:06.469+0000: 1200.156: [GC [PSYoungGen: 109696K->288K(108160K)] 225467K->116123K(795136K), 0.0029220 secs] [Times: user=0.02 sys=0.00, real=0.01 secs] 
2014-07-28T18:36:07.218+0000: 1200.905: [GC [PSYoungGen: 108128K->448K(106752K)] 223963K->116363K(793728K), 0.0046370 secs] [Times: user=0.02 sys=0.00, real=0.01 secs] 
2014-07-28T18:36:07.950+0000: 1201.637: [GC [PSYoungGen: 106752K->256K(105024K)] 222667K->116219K(792000K), 0.0037100 secs] [Times: user=0.01 sys=0.00, real=0.01 secs] 
2014-07-28T18:36:08.674+0000: 1202.361: [GC [PSYoungGen: 105024K->288K(103616K)] 220987K->116315K(790592K), 0.0021570 secs] [Times: user=0.01 sys=0.00, real=0.00 secs] 
2014-07-28T18:36:09.386+0000: 1203.073: [GC [PSYoungGen: 103584K->256K(102080K)] 219611K->116347K(789056K), 0.0027180 secs] [Times: user=0.02 sys=0.00, real=0.00 secs] 
2014-07-28T18:36:10.092+0000: 1203.779: [GC [PSYoungGen: 102080K->288K(100736K)] 218171K->116387K(787712K), 0.0047590 secs] [Times: user=0.03 sys=0.00, real=0.00 secs] 
2014-07-28T18:36:10.789+0000: 1204.476: [GC [PSYoungGen: 100662K->224K(99328K)] 216762K->116379K(786304K), 0.0055520 secs] [Times: user=0.03 sys=0.00, real=0.01 secs] 
2014-07-28T18:36:11.475+0000: 1205.162: [GC [PSYoungGen: 99288K->338K(98112K)] 215444K->116541K(785088K), 0.0024350 secs] [Times: user=0.01 sys=0.00, real=0.00 secs] 
2014-07-28T18:36:12.147+0000: 1205.834: [GC [PSYoungGen: 98066K->352K(96832K)] 214269K->116619K(783808K), 0.0060410 secs] [Times: user=0.03 sys=0.00, real=0.01 secs] 
2014-07-28T18:36:12.812+0000: 1206.499: [GC [PSYoungGen: 96800K->320K(95488K)] 213067K->116659K(782464K), 0.0049220 secs] [Times: user=0.03 sys=0.00, real=0.01 secs] 
2014-07-28T18:36:13.472+0000: 1207.159: [GC [PSYoungGen: 95488K->288K(94208K)] 211827K->116691K(781184K), 0.0022190 secs] [Times: user=0.01 sys=0.01, real=0.00 secs] 
2014-07-28T18:36:14.121+0000: 1207.808: [GC [PSYoungGen: 94176K->384K(93056K)] 210579K->116875K(780032K), 0.0032350 secs] [Times: user=0.02 sys=0.00, real=0.01 secs] 
2014-07-28T18:36:14.762+0000: 1208.448: [GC [PSYoungGen: 93056K->416K(91904K)] 209547K->116971K(778880K), 0.0066410 secs] [Times: user=0.04 sys=0.00, real=0.01 secs] 
2014-07-28T18:36:15.395+0000: 1209.082: [GC [PSYoungGen: 91872K->256K(90560K)] 208427K->116867K(777536K), 0.0035210 secs] [Times: user=0.02 sys=0.00, real=0.00 secs] 
2014-07-28T18:36:16.020+0000: 1209.707: [GC [PSYoungGen: 90560K->288K(89472K)] 207171K->116931K(776448K), 0.0033520 secs] [Times: user=0.02 sys=0.00, real=0.01 secs] 
2014-07-28T18:36:16.639+0000: 1210.326: [GC [PSYoungGen: 89440K->448K(88512K)] 206083K->117203K(775488K), 0.0029930 secs] [Times: user=0.02 sys=0.00, real=0.00 secs] 
2014-07-28T18:36:17.248+0000: 1210.935: [GC [PSYoungGen: 88512K->320K(87296K)] 205267K->117131K(774272K), 0.0031160 secs] [Times: user=0.01 sys=0.01, real=0.00 secs] 
2014-07-28T18:36:17.850+0000: 1211.537: [GC [PSYoungGen: 87296K->320K(86208K)] 204107K->117163K(773184K), 0.0068510 secs] [Times: user=0.04 sys=0.00, real=0.01 secs] 
2014-07-28T18:36:18.443+0000: 1212.130: [GC [PSYoungGen: 86208K->384K(85248K)] 203051K->117299K(772224K), 0.0065840 secs] [Times: user=0.04 sys=0.00, real=0.00 secs] 
2014-07-28T18:36:19.031+0000: 1212.718: [GC [PSYoungGen: 85198K->352K(84224K)] 202114K->117347K(771200K), 0.0027480 secs] [Times: user=0.01 sys=0.01, real=0.01 secs] 
2014-07-28T18:36:19.612+0000: 1213.299: [GC [PSYoungGen: 84192K->320K(83136K)] 201187K->117379K(770112K), 0.0030910 secs] [Times: user=0.02 sys=0.00, real=0.01 secs] 
2014-07-28T18:36:20.187+0000: 1213.874: [GC [PSYoungGen: 83136K->384K(82240K)] 200195K->117515K(769216K), 0.0027930 secs] [Times: user=0.01 sys=0.00, real=0.00 secs] 
2014-07-28T18:36:20.754+0000: 1214.440: [GC [PSYoungGen: 82193K->402K(81344K)] 199325K->117549K(768320K), 0.0031420 secs] [Times: user=0.02 sys=0.00, real=0.00 secs] 
2014-07-28T18:36:21.313+0000: 1215.000: [GC [PSYoungGen: 81298K->256K(80192K)] 198445K->117515K(767168K), 0.0051920 secs] [Times: user=0.03 sys=0.00, real=0.00 secs] 
2014-07-28T18:36:21.865+0000: 1215.552: [GC [PSYoungGen: 80181K->256K(79296K)] 197441K->117531K(766272K), 0.0074720 secs] [Times: user=0.04 sys=0.00, real=0.00 secs] 
2014-07-28T18:36:22.410+0000: 1216.097: [GC [PSYoungGen: 79296K->224K(78400K)] 196571K->117547K(765376K), 0.0054740 secs] [Times: user=0.04 sys=0.00, real=0.01 secs] 
2014-07-28T18:36:22.951+0000: 1216.637: [GC [PSYoungGen: 78368K->384K(77632K)] 195691K->117755K(764608K), 0.0032120 secs] [Times: user=0.02 sys=0.00, real=0.00 secs] 
2014-07-28T18:36:23.483+0000: 1217.170: [GC [PSYoungGen: 77632K->352K(76800K)] 195003K->117771K(763776K), 0.0052000 secs] [Times: user=0.03 sys=0.00, real=0.01 secs] 
2014-07-28T18:36:24.014+0000: 1217.701: [GC [PSYoungGen: 76768K->288K(75904K)] 194187K->117779K(762880K), 0.0040860 secs] [Times: user=0.02 sys=0.00, real=0.01 secs] 
2014-07-28T18:36:24.539+0000: 1218.226: [GC [PSYoungGen: 75872K->384K(75136K)] 193363K->117947K(762112K), 0.0033840 secs] [Times: user=0.02 sys=0.00, real=0.00 secs] 
2014-07-28T18:36:25.055+0000: 1218.742: [GC [PSYoungGen: 75136K->416K(74368K)] 192699K->118075K(761344K), 0.0023090 secs] [Times: user=0.01 sys=0.00, real=0.00 secs] 
2014-07-28T18:36:25.568+0000: 1219.255: [GC [PSYoungGen: 74336K->384K(73536K)] 191995K->118155K(760512K), 0.0026570 secs] [Times: user=0.02 sys=0.00, real=0.00 secs] 
2014-07-28T18:36:26.072+0000: 1219.759: [GC [PSYoungGen: 73516K->448K(72832K)] 191288K->118291K(759808K), 0.0050640 secs] [Times: user=0.02 sys=0.00, real=0.01 secs] 
2014-07-28T18:36:26.571+0000: 1220.258: [GC [PSYoungGen: 72832K->352K(72000K)] 190675K->118243K(758976K), 0.0028940 secs] [Times: user=0.01 sys=0.00, real=0.01 secs] 
2014-07-28T18:36:27.068+0000: 1220.755: [GC [PSYoungGen: 71968K->434K(71296K)] 189859K->118413K(758272K), 0.0037150 secs] [Times: user=0.02 sys=0.00, real=0.00 secs] 
2014-07-28T18:36:27.557+0000: 1221.244: [GC [PSYoungGen: 71282K->384K(70528K)] 189261K->118443K(757504K), 0.0033140 secs] [Times: user=0.02 sys=0.00, real=0.00 secs] 
2014-07-28T18:36:28.041+0000: 1221.728: [GC [PSYoungGen: 70528K->384K(69824K)] 188587K->118515K(756800K), 0.0051480 secs] [Times: user=0.03 sys=0.00, real=0.01 secs] 
2014-07-28T18:36:28.521+0000: 1222.208: [GC [PSYoungGen: 69824K->288K(69056K)] 187955K->118475K(756032K), 0.0036620 secs] [Times: user=0.02 sys=0.00, real=0.00 secs] 
2014-07-28T18:36:28.996+0000: 1222.683: [GC [PSYoungGen: 69014K->320K(68352K)] 187201K->118587K(755328K), 0.0042150 secs] [Times: user=0.02 sys=0.01, real=0.00 secs] 
2014-07-28T18:36:29.464+0000: 1223.151: [GC [PSYoungGen: 68352K->320K(67648K)] 186619K->118619K(754624K), 0.0029230 secs] [Times: user=0.01 sys=0.00, real=0.01 secs] 
2014-07-28T18:36:29.929+0000: 1223.616: [GC [PSYoungGen: 67648K->448K(67136K)] 185947K->118843K(754112K), 0.0028050 secs] [Times: user=0.01 sys=0.00, real=0.00 secs] 
2014-07-28T18:36:30.387+0000: 1224.074: [GC [PSYoungGen: 67136K->352K(80448K)] 185531K->118803K(767424K), 0.0115890 secs] [Times: user=0.07 sys=0.00, real=0.01 secs] 
2014-07-28T18:36:30.941+0000: 1224.628: [GC [PSYoungGen: 80416K->352K(96512K)] 198867K->118851K(783488K), 0.0068600 secs] [Times: user=0.04 sys=0.00, real=0.01 secs] 
2014-07-28T18:36:31.606+0000: 1225.293: [GC [PSYoungGen: 96480K->224K(115648K)] 214979K->118779K(802624K), 0.0037500 secs] [Times: user=0.02 sys=0.00, real=0.00 secs] 
2014-07-28T18:36:32.405+0000: 1226.092: [GC [PSYoungGen: 115616K->416K(134656K)] 234171K->119067K(821632K), 0.0085550 secs] [Times: user=0.06 sys=0.00, real=0.00 secs] 
2014-07-28T18:36:33.335+0000: 1227.022: [GC [PSYoungGen: 134496K->416K(132288K)] 253147K->119107K(819264K), 0.0058430 secs] [Times: user=0.04 sys=0.00, real=0.01 secs] 
2014-07-28T18:36:34.246+0000: 1227.933: [GC [PSYoungGen: 132256K->288K(129984K)] 250947K->119051K(816960K), 0.0057420 secs] [Times: user=0.04 sys=0.00, real=0.00 secs] 
2014-07-28T18:36:35.141+0000: 1228.828: [GC [PSYoungGen: 129928K->416K(128000K)] 248692K->119259K(814976K), 0.0041460 secs] [Times: user=0.02 sys=0.00, real=0.00 secs] 
2014-07-28T18:36:36.021+0000: 1229.708: [GC [PSYoungGen: 127968K->288K(125824K)] 246811K->119195K(812800K), 0.0061120 secs] [Times: user=0.04 sys=0.00, real=0.01 secs] 
2014-07-28T18:36:36.889+0000: 1230.575: [GC [PSYoungGen: 125792K->434K(123904K)] 244699K->119437K(810880K), 0.0101650 secs] [Times: user=0.06 sys=0.01, real=0.01 secs] 
2014-07-28T18:36:37.742+0000: 1231.429: [GC [PSYoungGen: 123890K->352K(121856K)] 242893K->119419K(808832K), 0.0048210 secs] [Times: user=0.02 sys=0.01, real=0.01 secs] 
2014-07-28T18:36:38.584+0000: 1232.271: [GC [PSYoungGen: 121824K->256K(119808K)] 240891K->119387K(806784K), 0.0073490 secs] [Times: user=0.05 sys=0.00, real=0.01 secs] 
2014-07-28T18:36:39.405+0000: 1233.092: [GC [PSYoungGen: 119808K->352K(118080K)] 238939K->119555K(805056K), 0.0042790 secs] [Times: user=0.02 sys=0.00, real=0.01 secs] 
2014-07-28T18:36:40.221+0000: 1233.908: [GC [PSYoungGen: 118027K->320K(116224K)] 237231K->119555K(803200K), 0.0076470 secs] [Times: user=0.05 sys=0.00, real=0.01 secs] 
2014-07-28T18:36:41.026+0000: 1234.713: [GC [PSYoungGen: 116224K->384K(114496K)] 235459K->119699K(801472K), 0.0022440 secs] [Times: user=0.02 sys=0.00, real=0.00 secs] 
2014-07-28T18:36:41.814+0000: 1235.501: [GC [PSYoungGen: 114496K->480K(112896K)] 233811K->119899K(799872K), 0.0059330 secs] [Times: user=0.03 sys=0.01, real=0.01 secs] 
2014-07-28T18:36:42.592+0000: 1236.279: [GC [PSYoungGen: 112864K->352K(135296K)] 232283K->119835K(822272K), 0.0223240 secs] [Times: user=0.15 sys=0.00, real=0.02 secs] 
2014-07-28T18:36:43.526+0000: 1237.212: [GC [PSYoungGen: 135264K->288K(136384K)] 254747K->119843K(823360K), 0.0057680 secs] [Times: user=0.03 sys=0.00, real=0.01 secs] 
2014-07-28T18:36:44.466+0000: 1238.153: [GC [PSYoungGen: 136352K->416K(134208K)] 255907K->120067K(821184K), 0.0058900 secs] [Times: user=0.04 sys=0.01, real=0.01 secs] 
2014-07-28T18:36:45.394+0000: 1239.081: [GC [PSYoungGen: 134176K->192K(131712K)] 253827K->119987K(818688K), 0.0043280 secs] [Times: user=0.02 sys=0.00, real=0.01 secs] 
2014-07-28T18:36:46.311+0000: 1239.998: [GC [PSYoungGen: 131712K->416K(129792K)] 251507K->120259K(816768K), 0.0057000 secs] [Times: user=0.04 sys=0.00, real=0.01 secs] 
2014-07-28T18:36:47.207+0000: 1240.894: [GC [PSYoungGen: 129760K->416K(127680K)] 249603K->120323K(814656K), 0.0045800 secs] [Times: user=0.02 sys=0.00, real=0.00 secs] 
2014-07-28T18:36:48.082+0000: 1241.769: [GC [PSYoungGen: 127648K->288K(125504K)] 247555K->120251K(812480K), 0.0083790 secs] [Times: user=0.05 sys=0.00, real=0.01 secs] 
2014-07-28T18:36:48.947+0000: 1242.634: [GC [PSYoungGen: 125472K->416K(123648K)] 245435K->120467K(810624K), 0.0067740 secs] [Times: user=0.05 sys=0.00, real=0.01 secs] 
2014-07-28T18:36:49.799+0000: 1243.485: [GC [PSYoungGen: 123616K->320K(121536K)] 243667K->120451K(808512K), 0.0045680 secs] [Times: user=0.02 sys=0.00, real=0.00 secs] 
2014-07-28T18:36:50.632+0000: 1244.318: [GC [PSYoungGen: 121536K->384K(119680K)] 241667K->120595K(806656K), 0.0047180 secs] [Times: user=0.03 sys=0.00, real=0.00 secs] 
2014-07-28T18:36:51.457+0000: 1245.144: [GC [PSYoungGen: 119680K->352K(117824K)] 239891K->120627K(804800K), 0.0066510 secs] [Times: user=0.03 sys=0.01, real=0.01 secs] 
2014-07-28T18:36:52.269+0000: 1245.956: [GC [PSYoungGen: 117792K->384K(116032K)] 238067K->120723K(803008K), 0.0046220 secs] [Times: user=0.03 sys=0.00, real=0.00 secs] 
2014-07-28T18:36:53.071+0000: 1246.758: [GC [PSYoungGen: 116032K->384K(114304K)] 236371K->120763K(801280K), 0.0044210 secs] [Times: user=0.03 sys=0.00, real=0.00 secs] 
2014-07-28T18:36:53.853+0000: 1247.540: [GC [PSYoungGen: 114304K->320K(112512K)] 234683K->120811K(799488K), 0.0046980 secs] [Times: user=0.03 sys=0.00, real=0.01 secs] 
2014-07-28T18:36:54.632+0000: 1248.319: [GC [PSYoungGen: 112512K->416K(110976K)] 233003K->120995K(797952K), 0.0052590 secs] [Times: user=0.03 sys=0.00, real=0.00 secs] 
2014-07-28T18:36:55.395+0000: 1249.082: [GC [PSYoungGen: 110944K->320K(109248K)] 231523K->120979K(796224K), 0.0081970 secs] [Times: user=0.06 sys=0.00, real=0.01 secs] 
2014-07-28T18:36:56.147+0000: 1249.834: [GC [PSYoungGen: 109248K->352K(107712K)] 229907K->121051K(794688K), 0.0040300 secs] [Times: user=0.02 sys=0.00, real=0.01 secs] 
2014-07-28T18:36:56.887+0000: 1250.574: [GC [PSYoungGen: 107680K->256K(106048K)] 228379K->121019K(793024K), 0.0064340 secs] [Times: user=0.04 sys=0.00, real=0.01 secs] 
2014-07-28T18:36:57.618+0000: 1251.305: [GC [PSYoungGen: 106048K->416K(104704K)] 226811K->121251K(791680K), 0.0042860 secs] [Times: user=0.02 sys=0.00, real=0.01 secs] 
2014-07-28T18:36:58.338+0000: 1252.024: [GC [PSYoungGen: 104672K->320K(103104K)] 225507K->121235K(790080K), 0.0049380 secs] [Times: user=0.03 sys=0.00, real=0.01 secs] 
2014-07-28T18:36:59.049+0000: 1252.735: [GC [PSYoungGen: 103104K->384K(101760K)] 224019K->121299K(788736K), 0.0069370 secs] [Times: user=0.04 sys=0.00, real=0.01 secs] 
2014-07-28T18:36:59.752+0000: 1253.439: [GC [PSYoungGen: 101711K->256K(100224K)] 222627K->121219K(787200K), 0.0023300 secs] [Times: user=0.01 sys=0.00, real=0.00 secs] 
2014-07-28T18:37:00.441+0000: 1254.128: [GC [PSYoungGen: 100224K->320K(98944K)] 221187K->121347K(785920K), 0.0050830 secs] [Times: user=0.03 sys=0.00, real=0.00 secs] 
2014-07-28T18:37:01.124+0000: 1254.811: [GC [PSYoungGen: 98894K->416K(97728K)] 219922K->121539K(784704K), 0.0063470 secs] [Times: user=0.04 sys=0.00, real=0.01 secs] 
2014-07-28T18:37:01.797+0000: 1255.484: [GC [PSYoungGen: 97696K->384K(96384K)] 218819K->121579K(783360K), 0.0118000 secs] [Times: user=0.08 sys=0.00, real=0.01 secs] 
2014-07-28T18:37:02.460+0000: 1256.146: [GC [PSYoungGen: 96384K->242K(115456K)] 217579K->121501K(802432K), 0.0108780 secs] [Times: user=0.07 sys=0.00, real=0.02 secs] 
2014-07-28T18:37:03.257+0000: 1256.943: [GC [PSYoungGen: 115442K->288K(132480K)] 236701K->121603K(819456K), 0.0081430 secs] [Times: user=0.05 sys=0.00, real=0.01 secs] 
2014-07-28T18:37:04.166+0000: 1257.853: [GC [PSYoungGen: 132237K->416K(138752K)] 253553K->121795K(825728K), 0.0088580 secs] [Times: user=0.06 sys=0.00, real=0.01 secs] 
2014-07-28T18:37:05.123+0000: 1258.810: [GC [PSYoungGen: 138642K->448K(136320K)] 260022K->121931K(823296K), 0.0025150 secs] [Times: user=0.02 sys=0.00, real=0.00 secs] 
2014-07-28T18:37:06.060+0000: 1259.747: [GC [PSYoungGen: 136320K->128K(133696K)] 257803K->121715K(820672K), 0.0024080 secs] [Times: user=0.01 sys=0.00, real=0.00 secs] 
2014-07-28T18:37:06.981+0000: 1260.668: [GC [PSYoungGen: 133696K->352K(131904K)] 255283K->122027K(818880K), 0.0037130 secs] [Times: user=0.02 sys=0.00, real=0.00 secs] 
2014-07-28T18:37:07.888+0000: 1261.575: [GC [PSYoungGen: 131680K->416K(129600K)] 253355K->122171K(816576K), 0.0051160 secs] [Times: user=0.03 sys=0.00, real=0.01 secs] 
2014-07-28T18:37:08.782+0000: 1262.469: [GC [PSYoungGen: 129568K->320K(127360K)] 251323K->122131K(814336K), 0.0066420 secs] [Times: user=0.04 sys=0.00, real=0.00 secs] 
2014-07-28T18:37:09.662+0000: 1263.349: [GC [PSYoungGen: 127360K->370K(125376K)] 249171K->122261K(812352K), 0.0056060 secs] [Times: user=0.03 sys=0.00, real=0.00 secs] 
2014-07-28T18:37:10.523+0000: 1264.210: [GC [PSYoungGen: 125362K->288K(123328K)] 247253K->122243K(810304K), 0.0043520 secs] [Times: user=0.03 sys=0.00, real=0.00 secs] 
2014-07-28T18:37:11.373+0000: 1265.060: [GC [PSYoungGen: 123296K->384K(121408K)] 245251K->122427K(808384K), 0.0049770 secs] [Times: user=0.02 sys=0.01, real=0.00 secs] 
2014-07-28T18:37:12.209+0000: 1265.896: [GC [PSYoungGen: 121408K->256K(119360K)] 243451K->122315K(806336K), 0.0070940 secs] [Times: user=0.03 sys=0.00, real=0.01 secs] 
2014-07-28T18:37:13.032+0000: 1266.719: [GC [PSYoungGen: 119360K->192K(117440K)] 241419K->122283K(804416K), 0.0029890 secs] [Times: user=0.01 sys=0.00, real=0.00 secs] 
2014-07-28T18:37:13.846+0000: 1267.532: [GC [PSYoungGen: 117440K->352K(115840K)] 239531K->122523K(802816K), 0.0067320 secs] [Times: user=0.04 sys=0.00, real=0.01 secs] 
2014-07-28T18:37:14.642+0000: 1268.329: [GC [PSYoungGen: 115783K->384K(114112K)] 237954K->122627K(801088K), 0.0024120 secs] [Times: user=0.02 sys=0.00, real=0.00 secs] 
2014-07-28T18:37:15.425+0000: 1269.112: [GC [PSYoungGen: 114112K->384K(112384K)] 236355K->122691K(799360K), 0.0053100 secs] [Times: user=0.03 sys=0.00, real=0.00 secs] 
2014-07-28T18:37:16.200+0000: 1269.887: [GC [PSYoungGen: 112384K->434K(110784K)] 234691K->122789K(797760K), 0.0053240 secs] [Times: user=0.03 sys=0.00, real=0.01 secs] 
2014-07-28T18:37:16.962+0000: 1270.649: [GC [PSYoungGen: 110756K->448K(109184K)] 233112K->122891K(796160K), 0.0050510 secs] [Times: user=0.03 sys=0.00, real=0.01 secs] 
2014-07-28T18:37:17.713+0000: 1271.400: [GC [PSYoungGen: 109184K->288K(107456K)] 231627K->122803K(794432K), 0.0062300 secs] [Times: user=0.04 sys=0.00, real=0.00 secs] 
2014-07-28T18:37:18.455+0000: 1272.142: [GC [PSYoungGen: 107424K->384K(105984K)] 229939K->122979K(792960K), 0.0044880 secs] [Times: user=0.03 sys=0.00, real=0.00 secs] 
2014-07-28T18:37:19.185+0000: 1272.872: [GC [PSYoungGen: 105984K->320K(104448K)] 228579K->122987K(791424K), 0.0046830 secs] [Times: user=0.03 sys=0.00, real=0.00 secs] 
2014-07-28T18:37:19.906+0000: 1273.593: [GC [PSYoungGen: 104448K->352K(103040K)] 227115K->123083K(790016K), 0.0061540 secs] [Times: user=0.04 sys=0.00, real=0.01 secs] 
2014-07-28T18:37:20.615+0000: 1274.302: [GC [PSYoungGen: 103008K->384K(101632K)] 225739K->123187K(788608K), 0.0057350 secs] [Times: user=0.03 sys=0.00, real=0.00 secs] 
2014-07-28T18:37:21.314+0000: 1275.001: [GC [PSYoungGen: 101632K->256K(100096K)] 224435K->123107K(787072K), 0.0029530 secs] [Times: user=0.02 sys=0.00, real=0.00 secs] 
2014-07-28T18:37:22.012+0000: 1275.699: [GC [PSYoungGen: 100092K->256K(98752K)] 222944K->123131K(785728K), 0.0075440 secs] [Times: user=0.05 sys=0.00, real=0.01 secs] 
2014-07-28T18:37:22.687+0000: 1276.374: [GC [PSYoungGen: 98752K->224K(97408K)] 221627K->123139K(784384K), 0.0048370 secs] [Times: user=0.02 sys=0.00, real=0.00 secs] 
2014-07-28T18:37:23.359+0000: 1277.046: [GC [PSYoungGen: 97376K->224K(96128K)] 220291K->123195K(783104K), 0.0080240 secs] [Times: user=0.05 sys=0.00, real=0.01 secs] 
2014-07-28T18:37:24.022+0000: 1277.709: [GC [PSYoungGen: 96096K->288K(94912K)] 219067K->123267K(781888K), 0.0025110 secs] [Times: user=0.01 sys=0.00, real=0.01 secs] 
2014-07-28T18:37:24.679+0000: 1278.366: [GC [PSYoungGen: 94880K->416K(93824K)] 217859K->123475K(780800K), 0.0040790 secs] [Times: user=0.03 sys=0.00, real=0.01 secs] 
2014-07-28T18:37:25.327+0000: 1279.014: [GC [PSYoungGen: 93792K->306K(92480K)] 216851K->123421K(779456K), 0.0076270 secs] [Times: user=0.04 sys=0.00, real=0.01 secs] 
2014-07-28T18:37:25.961+0000: 1279.648: [GC [PSYoungGen: 92449K->352K(91392K)] 215565K->123483K(778368K), 0.0055630 secs] [Times: user=0.03 sys=0.01, real=0.01 secs] 
2014-07-28T18:37:26.590+0000: 1280.277: [GC [PSYoungGen: 91359K->416K(90304K)] 214491K->123627K(777280K), 0.0039720 secs] [Times: user=0.02 sys=0.00, real=0.01 secs] 
2014-07-28T18:37:27.213+0000: 1280.900: [GC [PSYoungGen: 90272K->224K(88960K)] 213483K->123491K(775936K), 0.0046770 secs] [Times: user=0.03 sys=0.01, real=0.00 secs] 
2014-07-28T18:37:27.828+0000: 1281.515: [GC [PSYoungGen: 88928K->256K(87872K)] 212195K->123547K(774848K), 0.0039970 secs] [Times: user=0.02 sys=0.00, real=0.00 secs] 
2014-07-28T18:37:28.432+0000: 1282.119: [GC [PSYoungGen: 87872K->320K(86848K)] 211163K->123683K(773824K), 0.0065960 secs] [Times: user=0.04 sys=0.00, real=0.01 secs] 
2014-07-28T18:37:29.031+0000: 1282.718: [GC [PSYoungGen: 86848K->288K(85824K)] 210211K->123699K(772800K), 0.0042610 secs] [Times: user=0.03 sys=0.00, real=0.01 secs] 
2014-07-28T18:37:29.622+0000: 1283.309: [GC [PSYoungGen: 85792K->320K(84800K)] 209203K->123803K(771776K), 0.0045810 secs] [Times: user=0.02 sys=0.00, real=0.01 secs] 
2014-07-28T18:37:30.205+0000: 1283.891: [GC [PSYoungGen: 84800K->256K(83712K)] 208283K->123795K(770688K), 0.0079650 secs] [Times: user=0.06 sys=0.00, real=0.00 secs] 
2014-07-28T18:37:30.784+0000: 1284.470: [GC [PSYoungGen: 83712K->416K(82944K)] 207251K->123987K(769920K), 0.0053890 secs] [Times: user=0.04 sys=0.00, real=0.01 secs] 
2014-07-28T18:37:31.358+0000: 1285.045: [GC [PSYoungGen: 82912K->512K(82048K)] 206483K->124195K(769024K), 0.0043630 secs] [Times: user=0.03 sys=0.00, real=0.00 secs] 
2014-07-28T18:37:31.921+0000: 1285.608: [GC [PSYoungGen: 82048K->128K(80704K)] 205731K->123981K(767680K), 0.0072900 secs] [Times: user=0.05 sys=0.00, real=0.01 secs] 
2014-07-28T18:37:32.477+0000: 1286.164: [GC [PSYoungGen: 80704K->402K(80128K)] 204557K->124303K(767104K), 0.0045660 secs] [Times: user=0.03 sys=0.00, real=0.00 secs] 
2014-07-28T18:37:33.028+0000: 1286.715: [GC [PSYoungGen: 80082K->352K(79168K)] 203983K->124317K(766144K), 0.0028780 secs] [Times: user=0.02 sys=0.00, real=0.00 secs] 
2014-07-28T18:37:33.571+0000: 1287.258: [GC [PSYoungGen: 79094K->448K(78336K)] 203060K->124477K(765312K), 0.0059320 secs] [Times: user=0.04 sys=0.00, real=0.01 secs] 
2014-07-28T18:37:34.110+0000: 1287.797: [GC [PSYoungGen: 78336K->352K(77376K)] 202365K->124461K(764352K), 0.0072870 secs] [Times: user=0.05 sys=0.00, real=0.01 secs] 
2014-07-28T18:37:34.644+0000: 1288.331: [GC [PSYoungGen: 77304K->384K(76544K)] 201414K->124541K(763520K), 0.0043430 secs] [Times: user=0.02 sys=0.01, real=0.01 secs] 
2014-07-28T18:37:35.165+0000: 1288.852: [GC [PSYoungGen: 76540K->448K(75776K)] 200698K->124733K(762752K), 0.0042790 secs] [Times: user=0.03 sys=0.00, real=0.00 secs] 
2014-07-28T18:37:35.687+0000: 1289.374: [GC [PSYoungGen: 75776K->256K(74752K)] 200061K->124597K(761728K), 0.0060280 secs] [Times: user=0.04 sys=0.01, real=0.00 secs] 
2014-07-28T18:37:36.203+0000: 1289.889: [GC [PSYoungGen: 74703K->352K(74048K)] 199045K->124757K(761024K), 0.0043390 secs] [Times: user=0.02 sys=0.00, real=0.01 secs] 
2014-07-28T18:37:36.715+0000: 1290.401: [GC [PSYoungGen: 74016K->384K(88832K)] 198421K->124821K(775808K), 0.0073700 secs] [Times: user=0.04 sys=0.00, real=0.01 secs] 
2014-07-28T18:37:37.327+0000: 1291.014: [GC [PSYoungGen: 88832K->256K(106432K)] 213269K->124749K(793408K), 0.0060970 secs] [Times: user=0.03 sys=0.00, real=0.00 secs] 
2014-07-28T18:37:38.059+0000: 1291.746: [GC [PSYoungGen: 106432K->416K(127872K)] 230925K->124933K(814848K), 0.0074960 secs] [Times: user=0.05 sys=0.00, real=0.01 secs] 
2014-07-28T18:37:38.943+0000: 1292.630: [GC [PSYoungGen: 127839K->256K(125632K)] 252357K->124837K(812608K), 0.0068030 secs] [Times: user=0.04 sys=0.00, real=0.01 secs] 
2014-07-28T18:37:39.810+0000: 1293.497: [GC [PSYoungGen: 125598K->416K(123776K)] 250180K->125077K(810752K), 0.0067030 secs] [Times: user=0.04 sys=0.00, real=0.01 secs] 
2014-07-28T18:37:40.665+0000: 1294.351: [GC [PSYoungGen: 123744K->448K(121792K)] 248405K->125205K(808768K), 0.0060000 secs] [Times: user=0.04 sys=0.00, real=0.01 secs] 
2014-07-28T18:37:41.502+0000: 1295.189: [GC [PSYoungGen: 121792K->352K(119808K)] 246549K->125197K(806784K), 0.0074040 secs] [Times: user=0.05 sys=0.00, real=0.01 secs] 
2014-07-28T18:37:42.334+0000: 1296.021: [GC [PSYoungGen: 119776K->384K(117952K)] 244621K->125333K(804928K), 0.0038620 secs] [Times: user=0.02 sys=0.00, real=0.01 secs] 
2014-07-28T18:37:43.151+0000: 1296.838: [GC [PSYoungGen: 117952K->288K(116096K)] 242901K->125285K(803072K), 0.0066010 secs] [Times: user=0.04 sys=0.00, real=0.01 secs] 
2014-07-28T18:37:43.955+0000: 1297.642: [GC [PSYoungGen: 116064K->384K(114368K)] 241061K->125461K(801344K), 0.0053630 secs] [Times: user=0.03 sys=0.00, real=0.01 secs] 
2014-07-28T18:37:44.741+0000: 1298.428: [GC [PSYoungGen: 114368K->384K(112640K)] 239445K->125525K(799616K), 0.0056970 secs] [Times: user=0.03 sys=0.00, real=0.01 secs] 
2014-07-28T18:37:45.522+0000: 1299.209: [GC [PSYoungGen: 112640K->352K(110976K)] 237781K->125565K(797952K), 0.0134790 secs] [Times: user=0.08 sys=0.00, real=0.01 secs] 
2014-07-28T18:37:46.291+0000: 1299.978: [GC [PSYoungGen: 110926K->352K(109376K)] 236140K->125645K(796352K), 0.0058150 secs] [Times: user=0.04 sys=0.00, real=0.01 secs] 
2014-07-28T18:37:47.043+0000: 1300.730: [GC [PSYoungGen: 109344K->352K(107776K)] 234637K->125669K(794752K), 0.0028910 secs] [Times: user=0.01 sys=0.00, real=0.01 secs] 
2014-07-28T18:37:47.790+0000: 1301.476: [GC [PSYoungGen: 107744K->288K(106176K)] 233061K->125645K(793152K), 0.0072560 secs] [Times: user=0.04 sys=0.00, real=0.00 secs] 
2014-07-28T18:37:48.521+0000: 1302.207: [GC [PSYoungGen: 106144K->384K(104704K)] 231501K->125821K(791680K), 0.0060270 secs] [Times: user=0.03 sys=0.00, real=0.00 secs] 
2014-07-28T18:37:49.243+0000: 1302.930: [GC [PSYoungGen: 104704K->288K(103168K)] 230141K->125789K(790144K), 0.0059180 secs] [Times: user=0.04 sys=0.00, real=0.01 secs] 
2014-07-28T18:37:49.950+0000: 1303.637: [GC [PSYoungGen: 103136K->288K(101760K)] 228637K->125805K(788736K), 0.0059690 secs] [Times: user=0.03 sys=0.01, real=0.00 secs] 
2014-07-28T18:37:50.656+0000: 1304.343: [GC [PSYoungGen: 101728K->352K(100416K)] 227245K->125933K(787392K), 0.0065680 secs] [Times: user=0.04 sys=0.00, real=0.01 secs] 
2014-07-28T18:37:51.348+0000: 1305.035: [GC [PSYoungGen: 100384K->484K(99200K)] 225965K->126209K(786176K), 0.0046270 secs] [Times: user=0.03 sys=0.01, real=0.00 secs] 
2014-07-28T18:37:52.030+0000: 1305.717: [GC [PSYoungGen: 99167K->288K(97664K)] 224893K->126061K(784640K), 0.0039580 secs] [Times: user=0.03 sys=0.00, real=0.00 secs] 
2014-07-28T18:37:52.706+0000: 1306.393: [GC [PSYoungGen: 97632K->384K(96448K)] 223405K->126213K(783424K), 0.0044090 secs] [Times: user=0.02 sys=0.01, real=0.01 secs] 
2014-07-28T18:37:53.368+0000: 1307.055: [GC [PSYoungGen: 96448K->448K(95232K)] 222277K->126365K(782208K), 0.0046580 secs] [Times: user=0.03 sys=0.01, real=0.00 secs] 
2014-07-28T18:37:54.026+0000: 1307.713: [GC [PSYoungGen: 95232K->384K(93952K)] 221149K->126333K(780928K), 0.0021420 secs] [Times: user=0.01 sys=0.00, real=0.00 secs] 
2014-07-28T18:37:54.676+0000: 1308.363: [GC [PSYoungGen: 93952K->320K(92672K)] 219901K->126333K(779648K), 0.0043420 secs] [Times: user=0.03 sys=0.01, real=0.01 secs] 
2014-07-28T18:37:55.313+0000: 1309.000: [GC [PSYoungGen: 92672K->192K(91328K)] 218685K->126245K(778304K), 0.0036910 secs] [Times: user=0.01 sys=0.00, real=0.00 secs] 
2014-07-28T18:37:55.942+0000: 1309.629: [GC [PSYoungGen: 91328K->288K(90304K)] 217381K->126365K(777280K), 0.0114150 secs] [Times: user=0.07 sys=0.01, real=0.01 secs] 
2014-07-28T18:37:56.564+0000: 1310.251: [GC [PSYoungGen: 90272K->224K(89088K)] 216349K->126333K(776064K), 0.0054520 secs] [Times: user=0.03 sys=0.00, real=0.01 secs] 
2014-07-28T18:37:57.178+0000: 1310.865: [GC [PSYoungGen: 89056K->288K(106944K)] 215165K->126429K(793920K), 0.0230000 secs] [Times: user=0.11 sys=0.03, real=0.02 secs] 
2014-07-28T18:37:57.913+0000: 1311.599: [GC [PSYoungGen: 106912K->416K(123584K)] 233053K->126581K(810560K), 0.0046860 secs] [Times: user=0.02 sys=0.00, real=0.00 secs] 
2014-07-28T18:37:58.762+0000: 1312.448: [GC [PSYoungGen: 123424K->224K(123584K)] 249589K->126437K(810560K), 0.0040920 secs] [Times: user=0.02 sys=0.00, real=0.00 secs] 
2014-07-28T18:37:59.612+0000: 1313.299: [GC [PSYoungGen: 123232K->320K(121344K)] 249445K->126605K(808320K), 0.0041030 secs] [Times: user=0.03 sys=0.00, real=0.00 secs] 
2014-07-28T18:38:00.504+0000: 1314.191: [GC [PSYoungGen: 121344K->384K(119488K)] 247629K->126733K(806464K), 0.0032720 secs] [Times: user=0.02 sys=0.00, real=0.00 secs] 
2014-07-28T18:38:01.349+0000: 1315.036: [GC [PSYoungGen: 119488K->256K(117504K)] 245837K->126629K(804480K), 0.0046330 secs] [Times: user=0.01 sys=0.00, real=0.00 secs] 
2014-07-28T18:38:02.216+0000: 1315.902: [GC [PSYoungGen: 117474K->224K(115712K)] 243848K->126629K(802688K), 0.0048670 secs] [Times: user=0.03 sys=0.00, real=0.01 secs] 
2014-07-28T18:38:03.014+0000: 1316.701: [GC [PSYoungGen: 115680K->402K(114176K)] 242085K->126855K(801152K), 0.0031690 secs] [Times: user=0.02 sys=0.01, real=0.00 secs] 
2014-07-28T18:38:03.802+0000: 1317.488: [GC [PSYoungGen: 114130K->352K(112384K)] 240583K->126885K(799360K), 0.0039310 secs] [Times: user=0.03 sys=0.00, real=0.00 secs] 
2014-07-28T18:38:04.577+0000: 1318.264: [GC [PSYoungGen: 112352K->288K(110656K)] 238885K->126861K(797632K), 0.0062950 secs] [Times: user=0.04 sys=0.00, real=0.01 secs] 
2014-07-28T18:38:05.339+0000: 1319.026: [GC [PSYoungGen: 110624K->192K(108928K)] 237197K->126797K(795904K), 0.0065600 secs] [Times: user=0.04 sys=0.01, real=0.00 secs] 
2014-07-28T18:38:06.153+0000: 1319.840: [GC [PSYoungGen: 108928K->402K(107584K)] 235533K->127015K(794560K), 0.0037740 secs] [Times: user=0.03 sys=0.00, real=0.00 secs] 
2014-07-28T18:38:06.883+0000: 1320.570: [GC [PSYoungGen: 107505K->384K(105984K)] 234119K->127069K(792960K), 0.0033380 secs] [Times: user=0.01 sys=0.01, real=0.00 secs] 
2014-07-28T18:38:07.667+0000: 1321.354: [GC [PSYoungGen: 105984K->370K(104512K)] 232669K->127119K(791488K), 0.0028010 secs] [Times: user=0.02 sys=0.00, real=0.01 secs] 
2014-07-28T18:38:08.460+0000: 1322.147: [GC [PSYoungGen: 104498K->352K(103040K)] 231247K->127149K(790016K), 0.0053560 secs] [Times: user=0.03 sys=0.01, real=0.00 secs] 
2014-07-28T18:38:09.235+0000: 1322.922: [GC [PSYoungGen: 103008K->320K(101568K)] 229805K->127165K(788544K), 0.0030170 secs] [Times: user=0.02 sys=0.00, real=0.00 secs] 
2014-07-28T18:38:09.929+0000: 1323.615: [GC [PSYoungGen: 101566K->224K(100096K)] 228412K->127101K(787072K), 0.0083800 secs] [Times: user=0.05 sys=0.00, real=0.01 secs] 
2014-07-28T18:38:10.612+0000: 1324.299: [GC [PSYoungGen: 100064K->480K(99008K)] 226941K->127421K(785984K), 0.0055930 secs] [Times: user=0.02 sys=0.00, real=0.00 secs] 
2014-07-28T18:38:11.293+0000: 1324.980: [GC [PSYoungGen: 98976K->384K(97536K)] 225917K->127405K(784512K), 0.0044220 secs] [Times: user=0.02 sys=0.00, real=0.00 secs] 
2014-07-28T18:38:11.966+0000: 1325.653: [GC [PSYoungGen: 97536K->288K(96192K)] 224557K->127325K(783168K), 0.0056980 secs] [Times: user=0.03 sys=0.00, real=0.01 secs] 
2014-07-28T18:38:12.625+0000: 1326.312: [GC [PSYoungGen: 96160K->434K(95040K)] 223197K->127519K(782016K), 0.0086720 secs] [Times: user=0.05 sys=0.01, real=0.01 secs] 
2014-07-28T18:38:13.276+0000: 1326.963: [GC [PSYoungGen: 95026K->320K(93696K)] 222111K->127485K(780672K), 0.0034120 secs] [Times: user=0.02 sys=0.00, real=0.00 secs] 
2014-07-28T18:38:13.921+0000: 1327.608: [GC [PSYoungGen: 93690K->466K(92672K)] 220855K->127671K(779648K), 0.0030280 secs] [Times: user=0.02 sys=0.00, real=0.01 secs] 
2014-07-28T18:38:14.557+0000: 1328.244: [GC [PSYoungGen: 92626K->352K(91392K)] 219831K->127629K(778368K), 0.0026230 secs] [Times: user=0.01 sys=0.00, real=0.00 secs] 
2014-07-28T18:38:15.241+0000: 1328.928: [GC [PSYoungGen: 91360K->370K(90240K)] 218637K->127695K(777216K), 0.0026040 secs] [Times: user=0.01 sys=0.00, real=0.01 secs] 
2014-07-28T18:38:15.900+0000: 1329.587: [GC [PSYoungGen: 90226K->384K(89088K)] 217551K->127773K(776064K), 0.0060310 secs] [Times: user=0.03 sys=0.01, real=0.01 secs] 
2014-07-28T18:38:16.576+0000: 1330.263: [GC [PSYoungGen: 89088K->352K(88000K)] 216477K->127797K(774976K), 0.0036890 secs] [Times: user=0.75 sys=0.57, real=1.33 secs] 
2014-07-28T18:38:18.261+0000: 1331.948: [GC [PSYoungGen: 87968K->448K(86976K)] 215413K->127981K(773952K), 0.0031550 secs] [Times: user=0.02 sys=0.00, real=0.00 secs] 
2014-07-28T18:38:18.860+0000: 1332.547: [GC [PSYoungGen: 86976K->320K(85824K)] 214509K->127925K(772800K), 0.0033480 secs] [Times: user=0.02 sys=0.01, real=0.01 secs] 
2014-07-28T18:38:19.450+0000: 1333.137: [GC [PSYoungGen: 85824K->352K(84864K)] 213429K->127981K(771840K), 0.0047370 secs] [Times: user=0.03 sys=0.00, real=0.01 secs] 
2014-07-28T18:38:20.033+0000: 1333.720: [GC [PSYoungGen: 84787K->192K(83648K)] 212417K->127853K(770624K), 0.0043860 secs] [Times: user=0.02 sys=0.00, real=0.00 secs] 
2014-07-28T18:38:20.616+0000: 1334.303: [GC [PSYoungGen: 83648K->256K(82752K)] 211309K->127965K(769728K), 0.0035210 secs] [Times: user=0.02 sys=0.00, real=0.00 secs] 
2014-07-28T18:38:21.180+0000: 1334.867: [GC [PSYoungGen: 82752K->306K(81856K)] 210461K->128047K(768832K), 0.0049500 secs] [Times: user=0.03 sys=0.00, real=0.01 secs] 
2014-07-28T18:38:21.744+0000: 1335.431: [GC [PSYoungGen: 81842K->320K(80896K)] 209583K->128117K(767872K), 0.0064960 secs] [Times: user=0.04 sys=0.00, real=0.00 secs] 
2014-07-28T18:38:22.304+0000: 1335.991: [GC [PSYoungGen: 80896K->224K(79936K)] 208693K->128053K(766912K), 0.0029300 secs] [Times: user=0.02 sys=0.00, real=0.00 secs] 
2014-07-28T18:38:22.853+0000: 1336.540: [GC [PSYoungGen: 79904K->224K(79040K)] 207733K->128101K(766016K), 0.0059770 secs] [Times: user=0.04 sys=0.01, real=0.00 secs] 
2014-07-28T18:38:23.446+0000: 1337.133: [GC [PSYoungGen: 79008K->370K(78272K)] 206885K->128247K(765248K), 0.0033930 secs] [Times: user=0.02 sys=0.00, real=0.00 secs] 
2014-07-28T18:38:24.031+0000: 1337.718: [GC [PSYoungGen: 78258K->448K(77440K)] 206135K->128421K(764416K), 0.0039120 secs] [Times: user=0.02 sys=0.00, real=0.01 secs] 
2014-07-28T18:38:24.597+0000: 1338.284: [GC [PSYoungGen: 77411K->434K(76608K)] 205385K->128463K(763584K), 0.0056680 secs] [Times: user=0.03 sys=0.01, real=0.01 secs] 
2014-07-28T18:38:25.169+0000: 1338.855: [GC [PSYoungGen: 76594K->306K(75648K)] 204623K->128391K(762624K), 0.0047290 secs] [Times: user=0.02 sys=0.00, real=0.01 secs] 
2014-07-28T18:38:25.709+0000: 1339.395: [GC [PSYoungGen: 75634K->544K(75072K)] 203719K->128693K(762048K), 0.0053020 secs] [Times: user=0.03 sys=0.00, real=0.01 secs] 
2014-07-28T18:38:26.194+0000: 1339.880: [GC [PSYoungGen: 75040K->320K(73984K)] 203189K->128541K(760960K), 0.0050860 secs] [Times: user=0.03 sys=0.00, real=0.00 secs] 
2014-07-28T18:38:26.699+0000: 1340.385: [GC [PSYoungGen: 73971K->288K(73216K)] 202193K->128557K(760192K), 0.0068310 secs] [Times: user=0.04 sys=0.01, real=0.01 secs] 
2014-07-28T18:38:27.203+0000: 1340.890: [GC [PSYoungGen: 73168K->256K(87744K)] 201438K->128549K(774720K), 0.0055630 secs] [Times: user=0.04 sys=0.00, real=0.00 secs] 
2014-07-28T18:38:27.809+0000: 1341.496: [GC [PSYoungGen: 87695K->416K(86848K)] 215989K->128765K(773824K), 0.0041490 secs] [Times: user=0.02 sys=0.00, real=0.01 secs] 
2014-07-28T18:38:28.405+0000: 1342.092: [GC [PSYoungGen: 86801K->288K(85696K)] 215150K->128653K(772672K), 0.0025000 secs] [Times: user=0.01 sys=0.00, real=0.00 secs] 
2014-07-28T18:38:29.005+0000: 1342.692: [GC [PSYoungGen: 85664K->224K(84608K)] 214029K->128629K(771584K), 0.0029030 secs] [Times: user=0.02 sys=0.00, real=0.00 secs] 
2014-07-28T18:38:29.580+0000: 1343.267: [GC [PSYoungGen: 84576K->352K(83712K)] 212981K->128813K(770688K), 0.0055300 secs] [Times: user=0.04 sys=0.00, real=0.01 secs] 
2014-07-28T18:38:30.158+0000: 1343.844: [GC [PSYoungGen: 83680K->320K(82688K)] 212141K->128813K(769664K), 0.0042950 secs] [Times: user=0.02 sys=0.00, real=0.00 secs] 
2014-07-28T18:38:30.730+0000: 1344.417: [GC [PSYoungGen: 82688K->384K(81792K)] 211181K->128941K(768768K), 0.0051390 secs] [Times: user=0.03 sys=0.00, real=0.01 secs] 
2014-07-28T18:38:31.333+0000: 1345.019: [GC [PSYoungGen: 81774K->562K(81024K)] 210332K->129225K(768000K), 0.0045890 secs] [Times: user=0.03 sys=0.00, real=0.01 secs] 
2014-07-28T18:38:31.935+0000: 1345.622: [GC [PSYoungGen: 81010K->256K(79808K)] 209673K->129007K(766784K), 0.0052340 secs] [Times: user=0.03 sys=0.00, real=0.00 secs] 
2014-07-28T18:38:32.532+0000: 1346.219: [GC [PSYoungGen: 79808K->416K(79104K)] 208559K->129255K(766080K), 0.0036280 secs] [Times: user=0.02 sys=0.00, real=0.01 secs] 
2014-07-28T18:38:33.135+0000: 1346.822: [GC [PSYoungGen: 79072K->416K(78208K)] 207911K->129303K(765184K), 0.0057810 secs] [Times: user=0.03 sys=0.01, real=0.00 secs] 
2014-07-28T18:38:33.660+0000: 1347.347: [GC [PSYoungGen: 78146K->288K(77184K)] 207033K->129231K(764160K), 0.0024990 secs] [Times: user=0.01 sys=0.00, real=0.00 secs] 
2014-07-28T18:38:34.192+0000: 1347.879: [GC [PSYoungGen: 77152K->320K(76352K)] 206095K->129327K(763328K), 0.0037620 secs] [Times: user=0.02 sys=0.00, real=0.01 secs] 
2014-07-28T18:38:34.716+0000: 1348.403: [GC [PSYoungGen: 76314K->384K(75584K)] 205322K->129447K(762560K), 0.0041950 secs] [Times: user=0.02 sys=0.00, real=0.00 secs] 
2014-07-28T18:38:35.239+0000: 1348.926: [GC [PSYoungGen: 75584K->320K(74688K)] 204647K->129423K(761664K), 0.0062120 secs] [Times: user=0.03 sys=0.00, real=0.01 secs] 
2014-07-28T18:38:35.755+0000: 1349.442: [GC [PSYoungGen: 74688K->434K(73984K)] 203791K->129593K(760960K), 0.0031150 secs] [Times: user=0.01 sys=0.01, real=0.00 secs] 
2014-07-28T18:38:36.265+0000: 1349.952: [GC [PSYoungGen: 73970K->384K(73152K)] 203129K->129599K(760128K), 0.0030810 secs] [Times: user=0.02 sys=0.01, real=0.00 secs] 
2014-07-28T18:38:36.770+0000: 1350.457: [GC [PSYoungGen: 73125K->192K(72192K)] 202341K->129431K(759168K), 0.0091010 secs] [Times: user=0.05 sys=0.01, real=0.01 secs] 
2014-07-28T18:38:37.269+0000: 1350.955: [GC [PSYoungGen: 72192K->192K(86592K)] 201431K->129471K(773568K), 0.0056220 secs] [Times: user=0.03 sys=0.00, real=0.01 secs] 
2014-07-28T18:38:37.864+0000: 1351.550: [GC [PSYoungGen: 86592K->274K(85696K)] 215871K->129601K(772672K), 0.0044800 secs] [Times: user=0.02 sys=0.01, real=0.01 secs] 
2014-07-28T18:38:38.453+0000: 1352.140: [GC [PSYoungGen: 85650K->448K(84800K)] 214977K->129791K(771776K), 0.0043820 secs] [Times: user=0.03 sys=0.00, real=0.01 secs] 
2014-07-28T18:38:39.087+0000: 1352.774: [GC [PSYoungGen: 84800K->288K(83648K)] 214143K->129663K(770624K), 0.0036480 secs] [Times: user=0.01 sys=0.01, real=0.00 secs] 
2014-07-28T18:38:39.700+0000: 1353.387: [GC [PSYoungGen: 83568K->370K(82752K)] 212944K->129785K(769728K), 0.0043850 secs] [Times: user=0.02 sys=0.00, real=0.01 secs] 
2014-07-28T18:38:40.306+0000: 1353.993: [GC [PSYoungGen: 82738K->384K(81792K)] 212153K->129847K(768768K), 0.0056670 secs] [Times: user=0.03 sys=0.00, real=0.00 secs] 
2014-07-28T18:38:40.844+0000: 1354.530: [GC [PSYoungGen: 81792K->320K(80768K)] 211255K->129863K(767744K), 0.0023680 secs] [Times: user=0.01 sys=0.01, real=0.01 secs] 
2014-07-28T18:38:41.420+0000: 1355.107: [GC [PSYoungGen: 80768K->384K(79936K)] 210311K->129951K(766912K), 0.0053200 secs] [Times: user=0.03 sys=0.00, real=0.01 secs] 
2014-07-28T18:38:41.946+0000: 1355.633: [GC [PSYoungGen: 79936K->320K(78976K)] 209503K->129935K(765952K), 0.0074670 secs] [Times: user=0.04 sys=0.00, real=0.00 secs] 
2014-07-28T18:38:42.490+0000: 1356.177: [GC [PSYoungGen: 78976K->256K(94656K)] 208591K->129927K(781632K), 0.0077940 secs] [Times: user=0.05 sys=0.01, real=0.01 secs] 
2014-07-28T18:38:43.142+0000: 1356.829: [GC [PSYoungGen: 94656K->288K(93504K)] 224327K->129991K(780480K), 0.0042660 secs] [Times: user=0.03 sys=0.00, real=0.01 secs] 
2014-07-28T18:38:43.783+0000: 1357.469: [GC [PSYoungGen: 93472K->160K(92160K)] 223175K->129895K(779136K), 0.0059220 secs] [Times: user=0.03 sys=0.00, real=0.01 secs] 
2014-07-28T18:38:44.419+0000: 1358.106: [GC [PSYoungGen: 92103K->352K(91200K)] 221839K->130111K(778176K), 0.0040270 secs] [Times: user=0.02 sys=0.00, real=0.00 secs] 
2014-07-28T18:38:45.049+0000: 1358.736: [GC [PSYoungGen: 91168K->288K(89984K)] 220927K->130103K(776960K), 0.0052870 secs] [Times: user=0.04 sys=0.00, real=0.00 secs] 
2014-07-28T18:38:45.686+0000: 1359.373: [GC [PSYoungGen: 89952K->256K(88768K)] 219767K->130095K(775744K), 0.0038770 secs] [Times: user=0.01 sys=0.00, real=0.00 secs] 
2014-07-28T18:38:46.331+0000: 1360.018: [GC [PSYoungGen: 88768K->466K(87936K)] 218607K->130321K(774912K), 0.0068620 secs] [Times: user=0.03 sys=0.00, real=0.01 secs] 
2014-07-28T18:38:46.974+0000: 1360.661: [GC [PSYoungGen: 87890K->288K(86656K)] 217745K->130191K(773632K), 0.0033610 secs] [Times: user=0.02 sys=0.01, real=0.01 secs] 
2014-07-28T18:38:47.615+0000: 1361.302: [GC [PSYoungGen: 86624K->320K(85632K)] 216527K->130263K(772608K), 0.0073630 secs] [Times: user=0.03 sys=0.01, real=0.01 secs] 
2014-07-28T18:38:48.165+0000: 1361.852: [GC [PSYoungGen: 85632K->352K(84672K)] 215575K->130319K(771648K), 0.0055130 secs] [Times: user=0.03 sys=0.01, real=0.01 secs] 
2014-07-28T18:38:48.750+0000: 1362.436: [GC [PSYoungGen: 84640K->256K(83520K)] 214607K->130271K(770496K), 0.0047300 secs] [Times: user=0.04 sys=0.00, real=0.00 secs] 
2014-07-28T18:38:49.326+0000: 1363.013: [GC [PSYoungGen: 83520K->352K(82688K)] 213535K->130399K(769664K), 0.0031770 secs] [Times: user=0.02 sys=0.01, real=0.00 secs] 
2014-07-28T18:38:49.892+0000: 1363.579: [GC [PSYoungGen: 82656K->352K(81728K)] 212703K->130487K(768704K), 0.0043150 secs] [Times: user=0.03 sys=0.00, real=0.01 secs] 
2014-07-28T18:38:50.453+0000: 1364.140: [GC [PSYoungGen: 81696K->224K(80640K)] 211831K->130391K(767616K), 0.0041040 secs] [Times: user=0.02 sys=0.01, real=0.01 secs] 
2014-07-28T18:38:51.010+0000: 1364.697: [GC [PSYoungGen: 80608K->320K(79808K)] 210775K->130567K(766784K), 0.0045930 secs] [Times: user=0.03 sys=0.00, real=0.00 secs] 
2014-07-28T18:38:51.558+0000: 1365.245: [GC [PSYoungGen: 79808K->352K(78976K)] 210055K->130671K(765952K), 0.0024380 secs] [Times: user=0.02 sys=0.00, real=0.00 secs] 
2014-07-28T18:38:52.105+0000: 1365.791: [GC [PSYoungGen: 78932K->466K(78208K)] 209252K->130825K(765184K), 0.0027940 secs] [Times: user=0.02 sys=0.00, real=0.01 secs] 
2014-07-28T18:38:52.642+0000: 1366.329: [GC [PSYoungGen: 78131K->192K(76992K)] 208491K->130703K(763968K), 0.0028080 secs] [Times: user=0.02 sys=0.00, real=0.00 secs] 
2014-07-28T18:38:53.202+0000: 1366.889: [GC [PSYoungGen: 76992K->498K(76480K)] 207503K->131041K(763456K), 0.0154120 secs] [Times: user=0.75 sys=0.68, real=1.37 secs] 
2014-07-28T18:38:54.766+0000: 1368.453: [GC [PSYoungGen: 76417K->356K(75520K)] 206961K->131061K(762496K), 0.0035300 secs] [Times: user=0.03 sys=0.00, real=0.01 secs] 
2014-07-28T18:38:55.030+0000: 1368.717: [GC [PSYoungGen: 75492K->288K(90496K)] 206197K->131057K(777472K), 0.0057700 secs] [Times: user=0.04 sys=0.00, real=0.00 secs] 
2014-07-28T18:38:55.652+0000: 1369.339: [GC [PSYoungGen: 90464K->352K(108608K)] 221233K->131161K(795584K), 0.0033400 secs] [Times: user=0.02 sys=0.00, real=0.00 secs] 
2014-07-28T18:38:56.403+0000: 1370.089: [GC [PSYoungGen: 108576K->256K(106880K)] 239385K->131121K(793856K), 0.0038010 secs] [Times: user=0.02 sys=0.01, real=0.00 secs] 
2014-07-28T18:38:57.138+0000: 1370.825: [GC [PSYoungGen: 106880K->320K(105408K)] 237745K->131217K(792384K), 0.0031510 secs] [Times: user=0.02 sys=0.00, real=0.00 secs] 
2014-07-28T18:38:57.867+0000: 1371.553: [GC [PSYoungGen: 105408K->256K(103872K)] 236305K->131209K(790848K), 0.0041130 secs] [Times: user=0.03 sys=0.01, real=0.01 secs] 
2014-07-28T18:38:58.584+0000: 1372.271: [GC [PSYoungGen: 103872K->224K(102400K)] 234825K->131225K(789376K), 0.0031410 secs] [Times: user=0.02 sys=0.00, real=0.01 secs] 
2014-07-28T18:38:59.290+0000: 1372.977: [GC [PSYoungGen: 102368K->352K(101120K)] 233369K->131417K(788096K), 0.0054230 secs] [Times: user=0.03 sys=0.00, real=0.00 secs] 
2014-07-28T18:39:00.004+0000: 1373.691: [GC [PSYoungGen: 101088K->352K(99712K)] 232153K->131425K(786688K), 0.0063800 secs] [Times: user=0.01 sys=0.01, real=0.01 secs] 
2014-07-28T18:39:00.719+0000: 1374.406: [GC [PSYoungGen: 99680K->548K(98560K)] 230753K->131685K(785536K), 0.0102340 secs] [Times: user=0.06 sys=0.01, real=0.01 secs] 
2014-07-28T18:39:01.421+0000: 1375.107: [GC [PSYoungGen: 98523K->256K(96896K)] 229661K->131497K(783872K), 0.0037110 secs] [Times: user=0.02 sys=0.00, real=0.00 secs] 
2014-07-28T18:39:02.087+0000: 1375.774: [GC [PSYoungGen: 96876K->448K(95808K)] 228118K->131713K(782784K), 0.0021300 secs] [Times: user=0.01 sys=0.00, real=0.01 secs] 
2014-07-28T18:39:02.748+0000: 1376.435: [GC [PSYoungGen: 95808K->288K(94400K)] 227073K->131601K(781376K), 0.0046060 secs] [Times: user=0.02 sys=0.00, real=0.00 secs] 
2014-07-28T18:39:03.400+0000: 1377.087: [GC [PSYoungGen: 94334K->530K(93440K)] 225648K->131947K(780416K), 0.0031560 secs] [Times: user=0.02 sys=0.01, real=0.00 secs] 
2014-07-28T18:39:04.041+0000: 1377.728: [GC [PSYoungGen: 93394K->416K(92096K)] 224811K->131849K(779072K), 0.0034620 secs] [Times: user=0.02 sys=0.00, real=0.00 secs] 
2014-07-28T18:39:04.680+0000: 1378.366: [GC [PSYoungGen: 92046K->288K(90816K)] 223480K->131777K(777792K), 0.0048270 secs] [Times: user=0.03 sys=0.00, real=0.00 secs] 
2014-07-28T18:39:05.308+0000: 1378.995: [GC [PSYoungGen: 90784K->256K(89600K)] 222273K->131801K(776576K), 0.0034890 secs] [Times: user=0.02 sys=0.00, real=0.00 secs] 
2014-07-28T18:39:05.924+0000: 1379.611: [GC [PSYoungGen: 89600K->288K(107584K)] 221145K->131849K(794560K), 0.0221700 secs] [Times: user=0.14 sys=0.02, real=0.02 secs] 
2014-07-28T18:39:06.695+0000: 1380.382: [GC [PSYoungGen: 107552K->288K(126528K)] 239113K->131865K(813504K), 0.0049570 secs] [Times: user=0.02 sys=0.01, real=0.01 secs] 
2014-07-28T18:39:07.638+0000: 1381.325: [GC [PSYoungGen: 126176K->320K(126464K)] 257753K->131937K(813440K), 0.0138730 secs] [Times: user=0.90 sys=0.96, real=0.88 secs] 
2014-07-28T18:39:08.958+0000: 1382.644: [GC [PSYoungGen: 126208K->338K(151680K)] 257825K->132011K(838656K), 0.0048240 secs] [Times: user=0.03 sys=0.00, real=0.01 secs] 
2014-07-28T18:39:09.995+0000: 1383.682: [GC [PSYoungGen: 151442K->256K(148608K)] 283115K->131977K(835584K), 0.0059420 secs] [Times: user=0.03 sys=0.00, real=0.01 secs] 
2014-07-28T18:39:11.029+0000: 1384.715: [GC [PSYoungGen: 148608K->288K(145984K)] 280329K->132057K(832960K), 0.0058290 secs] [Times: user=0.03 sys=0.00, real=0.01 secs] 
2014-07-28T18:39:12.032+0000: 1385.719: [GC [PSYoungGen: 145903K->224K(143296K)] 277673K->132017K(830272K), 0.0104990 secs] [Times: user=0.05 sys=0.01, real=0.01 secs] 
2014-07-28T18:39:13.030+0000: 1386.717: [GC [PSYoungGen: 143264K->320K(140864K)] 275057K->132153K(827840K), 0.0070140 secs] [Times: user=0.04 sys=0.00, real=0.00 secs] 
2014-07-28T18:39:14.065+0000: 1387.752: [GC [PSYoungGen: 140864K->224K(138368K)] 272697K->132073K(825344K), 0.0047050 secs] [Times: user=0.06 sys=0.07, real=0.04 secs] 
2014-07-28T18:39:15.136+0000: 1388.823: [GC [PSYoungGen: 138330K->512K(136256K)] 270180K->132425K(823232K), 0.0062920 secs] [Times: user=0.02 sys=0.00, real=0.01 secs] 
2014-07-28T18:39:16.170+0000: 1389.857: [GC [PSYoungGen: 136256K->320K(133760K)] 268169K->132273K(820736K), 0.0028100 secs] [Times: user=0.01 sys=0.00, real=0.01 secs] 
2014-07-28T18:39:17.156+0000: 1390.843: [GC [PSYoungGen: 133760K->288K(131520K)] 265713K->132273K(818496K), 0.0138430 secs] [Times: user=0.08 sys=0.02, real=0.01 secs] 
2014-07-28T18:39:18.186+0000: 1391.873: [GC [PSYoungGen: 131488K->338K(149696K)] 263473K->132347K(836672K), 0.0386420 secs] [Times: user=0.37 sys=0.12, real=0.30 secs] 
2014-07-28T18:39:19.234+0000: 1392.921: [GC [PSYoungGen: 149458K->416K(158016K)] 281467K->132497K(844992K), 0.0056340 secs] [Times: user=0.04 sys=0.01, real=0.00 secs] 
2014-07-28T18:39:20.330+0000: 1394.017: [GC [PSYoungGen: 157856K->416K(154944K)] 289937K->132569K(841920K), 0.0048270 secs] [Times: user=0.03 sys=0.01, real=0.01 secs] 
2014-07-28T18:39:21.446+0000: 1395.133: [GC [PSYoungGen: 154912K->192K(151808K)] 287065K->132377K(838784K), 0.0091470 secs] [Times: user=0.06 sys=0.00, real=0.01 secs] 
2014-07-28T18:39:22.543+0000: 1396.230: [GC [PSYoungGen: 151808K->338K(149248K)] 283993K->132547K(836224K), 0.0069810 secs] [Times: user=0.04 sys=0.02, real=0.00 secs] 
2014-07-28T18:39:23.612+0000: 1397.299: [GC [PSYoungGen: 149202K->338K(146560K)] 281411K->132563K(833536K), 0.0076860 secs] [Times: user=0.02 sys=0.02, real=0.00 secs] 
2014-07-28T18:39:24.742+0000: 1398.429: [GC [PSYoungGen: 146504K->356K(143936K)] 278729K->132597K(830912K), 0.0055850 secs] [Times: user=0.02 sys=0.01, real=0.00 secs] 
2014-07-28T18:39:25.851+0000: 1399.537: [GC [PSYoungGen: 143908K->320K(141312K)] 276149K->132697K(828288K), 0.0049570 secs] [Times: user=0.03 sys=0.00, real=0.01 secs] 
2014-07-28T18:39:26.934+0000: 1400.621: [GC [PSYoungGen: 141312K->224K(138816K)] 273689K->132633K(825792K), 0.0038550 secs] [Times: user=0.02 sys=0.00, real=0.00 secs] 
2014-07-28T18:39:28.033+0000: 1401.720: [GC [PSYoungGen: 138784K->438K(136640K)] 271193K->132863K(823616K), 0.0049050 secs] [Times: user=0.02 sys=0.00, real=0.00 secs] 
2014-07-28T18:39:28.984+0000: 1402.671: [GC [PSYoungGen: 136630K->320K(134208K)] 269055K->132777K(821184K), 0.0045210 secs] [Times: user=0.02 sys=0.01, real=0.00 secs] 
2014-07-28T18:39:29.903+0000: 1403.590: [GC [PSYoungGen: 134208K->224K(131904K)] 266665K->132721K(818880K), 0.0026600 secs] [Times: user=0.01 sys=0.01, real=0.00 secs] 
2014-07-28T18:39:30.836+0000: 1404.523: [GC [PSYoungGen: 131872K->320K(129792K)] 264369K->132865K(816768K), 0.0042800 secs] [Times: user=0.03 sys=0.00, real=0.00 secs] 
2014-07-28T18:39:31.815+0000: 1405.502: [GC [PSYoungGen: 129792K->288K(127680K)] 262337K->132881K(814656K), 0.0025970 secs] [Times: user=0.01 sys=0.01, real=0.00 secs] 
2014-07-28T18:39:32.712+0000: 1406.399: [GC [PSYoungGen: 127648K->448K(125760K)] 260241K->133065K(812736K), 0.0067170 secs] [Times: user=0.02 sys=0.01, real=0.01 secs] 
2014-07-28T18:39:33.659+0000: 1407.346: [GC [PSYoungGen: 125760K->256K(123520K)] 258377K->132905K(810496K), 0.0120420 secs] [Times: user=0.07 sys=0.01, real=0.01 secs] 
2014-07-28T18:39:34.595+0000: 1408.282: [GC [PSYoungGen: 123505K->512K(121792K)] 256155K->133233K(808768K), 0.0058870 secs] [Times: user=0.03 sys=0.00, real=0.00 secs] 
2014-07-28T18:39:35.503+0000: 1409.190: [GC [PSYoungGen: 121792K->384K(119744K)] 254513K->133145K(806720K), 0.0077890 secs] [Times: user=0.05 sys=0.00, real=0.01 secs] 
2014-07-28T18:39:36.411+0000: 1410.098: [GC [PSYoungGen: 119744K->320K(117824K)] 252505K->133121K(804800K), 0.0063690 secs] [Times: user=0.04 sys=0.00, real=0.01 secs] 
2014-07-28T18:39:37.304+0000: 1410.991: [GC [PSYoungGen: 117824K->352K(116096K)] 250625K->133201K(803072K), 0.0045070 secs] [Times: user=0.02 sys=0.01, real=0.00 secs] 
2014-07-28T18:39:38.172+0000: 1411.858: [GC [PSYoungGen: 116064K->576K(114496K)] 248913K->133521K(801472K), 0.0051580 secs] [Times: user=0.15 sys=0.13, real=0.26 secs] 
2014-07-28T18:39:38.945+0000: 1412.632: [GC [PSYoungGen: 114496K->224K(112448K)] 247441K->133201K(799424K), 0.0056710 secs] [Times: user=0.04 sys=0.01, real=0.00 secs] 
2014-07-28T18:39:39.728+0000: 1413.415: [GC [PSYoungGen: 112416K->480K(111040K)] 245393K->133473K(798016K), 0.0068300 secs] [Times: user=0.02 sys=0.02, real=0.01 secs] 
2014-07-28T18:39:40.516+0000: 1414.203: [GC [PSYoungGen: 111008K->224K(109184K)] 244001K->133225K(796160K), 0.0069940 secs] [Times: user=0.02 sys=0.01, real=0.00 secs] 
2014-07-28T18:39:41.247+0000: 1414.934: [GC [PSYoungGen: 109152K->160K(107520K)] 242153K->133161K(794496K), 0.0034670 secs] [Times: user=0.02 sys=0.01, real=0.00 secs] 
2014-07-28T18:39:41.996+0000: 1415.682: [GC [PSYoungGen: 107488K->466K(106304K)] 240489K->133507K(793280K), 0.0139150 secs] [Times: user=0.08 sys=0.03, real=0.01 secs] 
2014-07-28T18:39:42.732+0000: 1416.419: [GC [PSYoungGen: 106257K->160K(104448K)] 239299K->133225K(791424K), 0.0070730 secs] [Times: user=0.04 sys=0.01, real=0.01 secs] 
2014-07-28T18:39:43.461+0000: 1417.148: [GC [PSYoungGen: 104416K->306K(103104K)] 237481K->133387K(790080K), 0.0054970 secs] [Times: user=0.03 sys=0.01, real=0.01 secs] 
2014-07-28T18:39:44.273+0000: 1417.960: [GC [PSYoungGen: 103090K->352K(101760K)] 236171K->133433K(788736K), 0.0058220 secs] [Times: user=0.03 sys=0.01, real=0.01 secs] 
2014-07-28T18:39:45.077+0000: 1418.764: [GC [PSYoungGen: 101728K->288K(100288K)] 234809K->133401K(787264K), 0.0056450 secs] [Times: user=0.04 sys=0.00, real=0.00 secs] 
2014-07-28T18:39:45.848+0000: 1419.535: [GC [PSYoungGen: 100256K->256K(98880K)] 233369K->133401K(785856K), 0.0092810 secs] [Times: user=0.18 sys=0.11, real=0.09 secs] 
2014-07-28T18:39:46.567+0000: 1420.254: [GC [PSYoungGen: 98880K->256K(118656K)] 232025K->133417K(805632K), 0.0091160 secs] [Times: user=0.03 sys=0.02, real=0.01 secs] 
2014-07-28T18:39:47.408+0000: 1421.095: [GC [PSYoungGen: 118656K->160K(142272K)] 251817K->133321K(829248K), 0.0262320 secs] [Times: user=0.16 sys=0.04, real=0.02 secs] 
2014-07-28T18:39:48.388+0000: 1422.075: [GC [PSYoungGen: 142240K->192K(150976K)] 275401K->133377K(837952K), 0.0030140 secs] [Times: user=0.02 sys=0.01, real=0.00 secs] 
2014-07-28T18:39:49.548+0000: 1423.235: [GC [PSYoungGen: 150592K->288K(147968K)] 283777K->133505K(834944K), 0.0031190 secs] [Times: user=0.02 sys=0.01, real=0.00 secs] 
2014-07-28T18:39:50.700+0000: 1424.387: [GC [PSYoungGen: 147936K->306K(145280K)] 281153K->133555K(832256K), 0.0060510 secs] [Times: user=0.04 sys=0.00, real=0.01 secs] 
2014-07-28T18:39:51.725+0000: 1425.412: [GC [PSYoungGen: 145266K->224K(142656K)] 278515K->133513K(829632K), 0.0040950 secs] [Times: user=0.02 sys=0.00, real=0.01 secs] 
2014-07-28T18:39:52.713+0000: 1426.399: [GC [PSYoungGen: 142624K->192K(140096K)] 275913K->133513K(827072K), 0.0038340 secs] [Times: user=0.02 sys=0.00, real=0.01 secs] 
2014-07-28T18:39:53.679+0000: 1427.366: [GC [PSYoungGen: 140096K->160K(137664K)] 273417K->133497K(824640K), 0.0038120 secs] [Times: user=0.01 sys=0.01, real=0.00 secs] 
2014-07-28T18:39:54.668+0000: 1428.355: [GC [PSYoungGen: 137632K->402K(135552K)] 270969K->133755K(822528K), 0.0098220 secs] [Times: user=0.05 sys=0.01, real=0.01 secs] 
2014-07-28T18:39:55.564+0000: 1429.251: [GC [PSYoungGen: 135506K->192K(132992K)] 268859K->133569K(819968K), 0.0030640 secs] [Times: user=0.02 sys=0.00, real=0.01 secs] 
2014-07-28T18:39:56.574+0000: 1430.261: [GC [PSYoungGen: 132971K->384K(130944K)] 266349K->133809K(817920K), 0.0033130 secs] [Times: user=0.02 sys=0.00, real=0.01 secs] 
2014-07-28T18:39:57.580+0000: 1431.267: [GC [PSYoungGen: 130944K->288K(128704K)] 264369K->133729K(815680K), 0.0064870 secs] [Times: user=0.03 sys=0.01, real=0.01 secs] 
2014-07-28T18:39:58.546+0000: 1432.233: [GC [PSYoungGen: 128672K->384K(126656K)] 262113K->133841K(813632K), 0.0223300 secs] [Times: user=3.38 sys=6.48, real=5.88 secs] 
2014-07-28T18:40:05.106+0000: 1438.793: [GC [PSYoungGen: 126656K->562K(124800K)] 260113K->134083K(811776K), 0.0050880 secs] [Times: user=0.01 sys=0.01, real=0.01 secs] 
2014-07-28T18:40:05.960+0000: 1439.647: [GC [PSYoungGen: 124786K->256K(122496K)] 258307K->133921K(809472K), 0.0038620 secs] [Times: user=0.03 sys=0.01, real=0.00 secs] 
2014-07-28T18:40:06.822+0000: 1440.509: [GC [PSYoungGen: 122496K->320K(120640K)] 256161K->134017K(807616K), 0.0092990 secs] [Times: user=0.05 sys=0.01, real=0.01 secs] 
2014-07-28T18:40:07.678+0000: 1441.365: [GC [PSYoungGen: 120640K->160K(118656K)] 254337K->133873K(805632K), 0.0041600 secs] [Times: user=0.03 sys=0.00, real=0.00 secs] 
2014-07-28T18:40:08.516+0000: 1442.202: [GC [PSYoungGen: 118624K->256K(116864K)] 252337K->134001K(803840K), 0.0113700 secs] [Times: user=0.06 sys=0.02, real=0.01 secs] 
2014-07-28T18:40:09.342+0000: 1443.028: [GC [PSYoungGen: 116864K->224K(115072K)] 250609K->134001K(802048K), 0.0040300 secs] [Times: user=0.02 sys=0.01, real=0.00 secs] 
2014-07-28T18:40:10.152+0000: 1443.839: [GC [PSYoungGen: 115040K->388K(113536K)] 248817K->134165K(800512K), 0.0045420 secs] [Times: user=0.01 sys=0.01, real=0.00 secs] 
2014-07-28T18:40:11.055+0000: 1444.742: [GC [PSYoungGen: 113476K->338K(111808K)] 247253K->134131K(798784K), 0.0077440 secs] [Times: user=0.03 sys=0.01, real=0.01 secs] 
2014-07-28T18:40:11.917+0000: 1445.604: [GC [PSYoungGen: 111762K->256K(110016K)] 245555K->134065K(796992K), 0.0040170 secs] [Times: user=0.02 sys=0.01, real=0.01 secs] 
2014-07-28T18:40:12.672+0000: 1446.359: [GC [PSYoungGen: 110016K->224K(108416K)] 243825K->134089K(795392K), 0.0036630 secs] [Times: user=0.02 sys=0.01, real=0.00 secs] 
2014-07-28T18:40:13.418+0000: 1447.105: [GC [PSYoungGen: 108384K->160K(106816K)] 242249K->134041K(793792K), 0.0037540 secs] [Times: user=0.02 sys=0.00, real=0.01 secs] 
2014-07-28T18:40:14.161+0000: 1447.848: [GC [PSYoungGen: 106748K->224K(105344K)] 240630K->134121K(792320K), 0.0091040 secs] [Times: user=0.05 sys=0.02, real=0.01 secs] 
2014-07-28T18:40:14.975+0000: 1448.662: [GC [PSYoungGen: 105312K->370K(126528K)] 239209K->134299K(813504K), 0.0190910 secs] [Times: user=0.09 sys=0.02, real=0.02 secs] 
2014-07-28T18:40:15.937+0000: 1449.624: [GC [PSYoungGen: 126490K->288K(145536K)] 260420K->134257K(832512K), 0.0073970 secs] [Times: user=0.04 sys=0.00, real=0.01 secs] 
2014-07-28T18:40:17.046+0000: 1450.733: [GC [PSYoungGen: 145248K->512K(142912K)] 279217K->134529K(829888K), 0.0039540 secs] [Times: user=0.01 sys=0.01, real=0.01 secs] 
2014-07-28T18:40:18.115+0000: 1451.802: [GC [PSYoungGen: 142912K->64K(139968K)] 276929K->134305K(826944K), 0.0023540 secs] [Times: user=0.48 sys=0.41, real=0.89 secs] 
2014-07-28T18:40:19.928+0000: 1453.615: [GC [PSYoungGen: 139968K->324K(138048K)] 274209K->134581K(825024K), 0.0050580 secs] [Times: user=0.01 sys=0.01, real=0.01 secs] 
2014-07-28T18:40:20.882+0000: 1454.568: [GC [PSYoungGen: 137767K->160K(135296K)] 272025K->134565K(822272K), 0.0045030 secs] [Times: user=0.02 sys=0.01, real=0.00 secs] 
2014-07-28T18:40:21.815+0000: 1455.502: [GC [PSYoungGen: 135264K->352K(133184K)] 269669K->134821K(820160K), 0.0065230 secs] [Times: user=0.04 sys=0.00, real=0.01 secs] 
2014-07-28T18:40:22.735+0000: 1456.422: [GC [PSYoungGen: 133113K->224K(130816K)] 267583K->134733K(817792K), 0.0042150 secs] [Times: user=0.02 sys=0.00, real=0.00 secs] 
2014-07-28T18:40:23.641+0000: 1457.327: [GC [PSYoungGen: 130784K->192K(128576K)] 265293K->134741K(815552K), 0.0070150 secs] [Times: user=0.04 sys=0.01, real=0.00 secs] 
2014-07-28T18:40:24.558+0000: 1458.245: [GC [PSYoungGen: 128576K->370K(126656K)] 263125K->134959K(813632K), 0.0036380 secs] [Times: user=0.01 sys=0.00, real=0.01 secs] 
2014-07-28T18:40:25.493+0000: 1459.179: [GC [PSYoungGen: 126642K->256K(124480K)] 261231K->134869K(811456K), 0.0091880 secs] [Times: user=0.05 sys=0.00, real=0.01 secs] 
2014-07-28T18:40:26.347+0000: 1460.033: [GC [PSYoungGen: 124447K->224K(122496K)] 259061K->134885K(809472K), 0.0028180 secs] [Times: user=0.01 sys=0.01, real=0.00 secs] 
2014-07-28T18:40:27.196+0000: 1460.883: [GC [PSYoungGen: 122464K->224K(120576K)] 257125K->134933K(807552K), 0.0058190 secs] [Times: user=0.03 sys=0.00, real=0.01 secs] 
2014-07-28T18:40:28.027+0000: 1461.714: [GC [PSYoungGen: 120544K->192K(118656K)] 255253K->134933K(805632K), 0.0048240 secs] [Times: user=0.03 sys=0.00, real=0.01 secs] 
2014-07-28T18:40:28.846+0000: 1462.533: [GC [PSYoungGen: 118656K->448K(117056K)] 253397K->135269K(804032K), 0.0041390 secs] [Times: user=0.02 sys=0.01, real=0.00 secs] 
2014-07-28T18:40:29.658+0000: 1463.345: [GC [PSYoungGen: 117056K->224K(115072K)] 251877K->135069K(802048K), 0.0030200 secs] [Times: user=0.01 sys=0.00, real=0.01 secs] 
2014-07-28T18:40:30.456+0000: 1464.142: [GC [PSYoungGen: 115040K->256K(113344K)] 249885K->135157K(800320K), 0.0047450 secs] [Times: user=0.03 sys=0.01, real=0.00 secs] 
2014-07-28T18:40:31.263+0000: 1464.950: [GC [PSYoungGen: 113327K->256K(111680K)] 248229K->135181K(798656K), 0.0053640 secs] [Times: user=0.02 sys=0.00, real=0.00 secs] 
2014-07-28T18:40:32.077+0000: 1465.764: [GC [PSYoungGen: 111672K->256K(110016K)] 246598K->135205K(796992K), 0.0034900 secs] [Times: user=0.22 sys=0.20, real=0.40 secs] 
2014-07-28T18:40:32.870+0000: 1466.557: [GC [PSYoungGen: 110016K->320K(108480K)] 244965K->135325K(795456K), 0.0072820 secs] [Times: user=0.04 sys=0.00, real=0.01 secs] 
2014-07-28T18:40:33.588+0000: 1467.274: [GC [PSYoungGen: 108480K->370K(107008K)] 243485K->135383K(793984K), 0.0025450 secs] [Times: user=0.01 sys=0.01, real=0.00 secs] 
2014-07-28T18:40:34.329+0000: 1468.016: [GC [PSYoungGen: 106986K->192K(105280K)] 242000K->135253K(792256K), 0.0035240 secs] [Times: user=0.02 sys=0.00, real=0.01 secs] 
2014-07-28T18:40:35.057+0000: 1468.744: [GC [PSYoungGen: 105280K->320K(103936K)] 240341K->135445K(790912K), 0.0040960 secs] [Times: user=0.03 sys=0.00, real=0.00 secs] 
2014-07-28T18:40:35.776+0000: 1469.463: [GC [PSYoungGen: 103936K->256K(102400K)] 239061K->135429K(789376K), 0.0054210 secs] [Times: user=0.03 sys=0.00, real=0.00 secs] 
2014-07-28T18:40:36.482+0000: 1470.169: [GC [PSYoungGen: 102400K->192K(100928K)] 237573K->135397K(787904K), 0.0034260 secs] [Times: user=0.01 sys=0.00, real=0.01 secs] 
2014-07-28T18:40:37.181+0000: 1470.868: [GC [PSYoungGen: 100888K->352K(99712K)] 236094K->135637K(786688K), 0.0035920 secs] [Times: user=0.02 sys=0.00, real=0.01 secs] 
2014-07-28T18:40:37.904+0000: 1471.591: [GC [PSYoungGen: 99644K->320K(98304K)] 234930K->135653K(785280K), 0.0055970 secs] [Times: user=0.03 sys=0.00, real=0.00 secs] 
2014-07-28T18:40:38.628+0000: 1472.315: [GC [PSYoungGen: 98304K->384K(97024K)] 233637K->135733K(784000K), 0.0071450 secs] [Times: user=0.02 sys=0.01, real=0.01 secs] 
2014-07-28T18:40:39.328+0000: 1473.015: [GC [PSYoungGen: 97024K->288K(95680K)] 232373K->135685K(782656K), 0.0028760 secs] [Times: user=0.01 sys=0.00, real=0.00 secs] 
2014-07-28T18:40:39.976+0000: 1473.663: [GC [PSYoungGen: 95634K->384K(94464K)] 231032K->135877K(781440K), 0.0038890 secs] [Times: user=0.03 sys=0.00, real=0.00 secs] 
2014-07-28T18:40:40.629+0000: 1474.316: [GC [PSYoungGen: 94464K->288K(93184K)] 229957K->135805K(780160K), 0.0038380 secs] [Times: user=0.02 sys=0.00, real=0.00 secs] 
2014-07-28T18:40:41.273+0000: 1474.960: [GC [PSYoungGen: 93111K->288K(91968K)] 228629K->135861K(778944K), 0.0054520 secs] [Times: user=0.04 sys=0.00, real=0.00 secs] 
2014-07-28T18:40:41.908+0000: 1475.594: [GC [PSYoungGen: 91936K->384K(90880K)] 227509K->136029K(777856K), 0.0088460 secs] [Times: user=0.06 sys=0.00, real=0.01 secs] 
2014-07-28T18:40:42.535+0000: 1476.222: [GC [PSYoungGen: 90880K->224K(89600K)] 226525K->135885K(776576K), 0.0064090 secs] [Times: user=0.04 sys=0.00, real=0.00 secs] 
2014-07-28T18:40:43.155+0000: 1476.842: [GC [PSYoungGen: 89568K->288K(88576K)] 225229K->136013K(775552K), 0.0058900 secs] [Times: user=0.04 sys=0.00, real=0.00 secs] 
2014-07-28T18:40:43.763+0000: 1477.450: [GC [PSYoungGen: 88544K->256K(87424K)] 224269K->136029K(774400K), 0.0044650 secs] [Times: user=0.03 sys=0.00, real=0.01 secs] 
2014-07-28T18:40:44.371+0000: 1478.058: [GC [PSYoungGen: 87400K->288K(86400K)] 223174K->136093K(773376K), 0.0040490 secs] [Times: user=0.01 sys=0.01, real=0.01 secs] 
2014-07-28T18:40:44.999+0000: 1478.686: [GC [PSYoungGen: 86368K->224K(85312K)] 222173K->136045K(772288K), 0.0088590 secs] [Times: user=0.04 sys=0.00, real=0.01 secs] 
2014-07-28T18:40:45.629+0000: 1479.316: [GC [PSYoungGen: 85280K->352K(102464K)] 221101K->136181K(789440K), 0.0107320 secs] [Times: user=0.05 sys=0.01, real=0.01 secs] 
2014-07-28T18:40:46.326+0000: 1480.013: [GC [PSYoungGen: 102432K->192K(122688K)] 238261K->136061K(809664K), 0.0080560 secs] [Times: user=0.05 sys=0.00, real=0.01 secs] 
2014-07-28T18:40:47.171+0000: 1480.858: [GC [PSYoungGen: 122688K->224K(120832K)] 258557K->136133K(807808K), 0.0028100 secs] [Times: user=0.02 sys=0.00, real=0.00 secs] 
2014-07-28T18:40:48.009+0000: 1481.696: [GC [PSYoungGen: 120800K->448K(119104K)] 256709K->136469K(806080K), 0.0032350 secs] [Times: user=0.03 sys=0.00, real=0.00 secs] 
2014-07-28T18:40:48.833+0000: 1482.520: [GC [PSYoungGen: 119104K->384K(117184K)] 255125K->136421K(804160K), 0.0031090 secs] [Times: user=0.02 sys=0.00, real=0.01 secs] 
2014-07-28T18:40:49.661+0000: 1483.348: [GC [PSYoungGen: 117184K->256K(115264K)] 253221K->136341K(802240K), 0.0021560 secs] [Times: user=0.02 sys=0.00, real=0.00 secs] 
2014-07-28T18:40:50.457+0000: 1484.144: [GC [PSYoungGen: 115217K->256K(113536K)] 251303K->136405K(800512K), 0.0072940 secs] [Times: user=0.05 sys=0.00, real=0.01 secs] 
2014-07-28T18:40:51.255+0000: 1484.941: [GC [PSYoungGen: 113536K->224K(111808K)] 249685K->136397K(798784K), 0.0038680 secs] [Times: user=0.01 sys=0.00, real=0.00 secs] 
2014-07-28T18:40:52.062+0000: 1485.749: [GC [PSYoungGen: 111776K->320K(110208K)] 247949K->136533K(797184K), 0.0133630 secs] [Times: user=0.34 sys=0.23, real=0.53 secs] 
2014-07-28T18:40:52.950+0000: 1486.637: [GC [PSYoungGen: 110195K->434K(108736K)] 246409K->136695K(795712K), 0.0049710 secs] [Times: user=0.03 sys=0.00, real=0.01 secs] 
2014-07-28T18:40:53.635+0000: 1487.321: [GC [PSYoungGen: 108722K->320K(107008K)] 244983K->136605K(793984K), 0.0081910 secs] [Times: user=0.05 sys=0.01, real=0.01 secs] 
2014-07-28T18:40:54.372+0000: 1488.059: [GC [PSYoungGen: 107008K->256K(105408K)] 243293K->136605K(792384K), 0.0051330 secs] [Times: user=0.03 sys=0.00, real=0.01 secs] 
2014-07-28T18:40:55.101+0000: 1488.788: [GC [PSYoungGen: 105408K->256K(103936K)] 241757K->136661K(790912K), 0.0028350 secs] [Times: user=0.02 sys=0.01, real=0.00 secs] 
2014-07-28T18:40:55.817+0000: 1489.504: [GC [PSYoungGen: 103936K->224K(102464K)] 240341K->136677K(789440K), 0.0030190 secs] [Times: user=0.02 sys=0.00, real=0.00 secs] 
2014-07-28T18:40:56.526+0000: 1490.213: [GC [PSYoungGen: 102432K->288K(101120K)] 238885K->136757K(788096K), 0.0058380 secs] [Times: user=0.04 sys=0.00, real=0.00 secs] 
2014-07-28T18:40:57.225+0000: 1490.912: [GC [PSYoungGen: 101088K->256K(99648K)] 237557K->136773K(786624K), 0.0052980 secs] [Times: user=0.03 sys=0.01, real=0.01 secs] 
2014-07-28T18:40:57.937+0000: 1491.624: [GC [PSYoungGen: 99648K->320K(98368K)] 236165K->136885K(785344K), 0.0046260 secs] [Times: user=0.02 sys=0.00, real=0.00 secs] 
2014-07-28T18:40:58.653+0000: 1492.340: [GC [PSYoungGen: 98368K->384K(97088K)] 234933K->136973K(784064K), 0.0045540 secs] [Times: user=0.03 sys=0.00, real=0.01 secs] 
2014-07-28T18:40:59.333+0000: 1493.019: [GC [PSYoungGen: 97088K->416K(95872K)] 233677K->137077K(782848K), 0.0025660 secs] [Times: user=0.01 sys=0.00, real=0.00 secs] 
2014-07-28T18:40:59.992+0000: 1493.679: [GC [PSYoungGen: 95840K->256K(94400K)] 232501K->137005K(781376K), 0.0067580 secs] [Times: user=0.04 sys=0.00, real=0.01 secs] 
2014-07-28T18:41:00.644+0000: 1494.331: [GC [PSYoungGen: 94378K->324K(93312K)] 231127K->137089K(780288K), 0.0030410 secs] [Times: user=0.01 sys=0.00, real=0.01 secs] 
2014-07-28T18:41:01.290+0000: 1494.977: [GC [PSYoungGen: 93252K->434K(92160K)] 230017K->137279K(779136K), 0.0042440 secs] [Times: user=0.03 sys=0.00, real=0.00 secs] 
2014-07-28T18:41:01.923+0000: 1495.610: [GC [PSYoungGen: 92146K->352K(90944K)] 228991K->137253K(777920K), 0.0039950 secs] [Times: user=0.02 sys=0.00, real=0.01 secs] 
2014-07-28T18:41:02.550+0000: 1496.237: [GC [PSYoungGen: 90885K->370K(89792K)] 227787K->137401K(776768K), 0.0033180 secs] [Times: user=0.02 sys=0.01, real=0.00 secs] 
2014-07-28T18:41:03.169+0000: 1496.856: [GC [PSYoungGen: 89778K->210K(88576K)] 226809K->137265K(775552K), 0.0050330 secs] [Times: user=0.03 sys=0.00, real=0.00 secs] 
2014-07-28T18:41:03.784+0000: 1497.471: [GC [PSYoungGen: 88530K->448K(87680K)] 225585K->137625K(774656K), 0.0041850 secs] [Times: user=0.03 sys=0.00, real=0.01 secs] 
2014-07-28T18:41:04.409+0000: 1498.096: [GC [PSYoungGen: 87680K->416K(86592K)] 224857K->137617K(773568K), 0.0092050 secs] [Times: user=0.05 sys=0.00, real=0.01 secs] 
2014-07-28T18:41:05.033+0000: 1498.720: [GC [PSYoungGen: 86560K->288K(85440K)] 223761K->137537K(772416K), 0.0070690 secs] [Times: user=0.03 sys=0.00, real=0.01 secs] 
2014-07-28T18:41:05.659+0000: 1499.346: [GC [PSYoungGen: 85408K->320K(84416K)] 222657K->137625K(771392K), 0.0070010 secs] [Times: user=0.04 sys=0.00, real=0.00 secs] 
2014-07-28T18:41:06.205+0000: 1499.892: [GC [PSYoungGen: 84416K->320K(83392K)] 221721K->137673K(770368K), 0.0053510 secs] [Times: user=0.03 sys=0.00, real=0.01 secs] 
2014-07-28T18:41:06.782+0000: 1500.469: [GC [PSYoungGen: 83392K->448K(82560K)] 220745K->137873K(769536K), 0.0036670 secs] [Times: user=0.01 sys=0.01, real=0.00 secs] 
2014-07-28T18:41:07.351+0000: 1501.037: [GC [PSYoungGen: 82560K->288K(81472K)] 219985K->137753K(768448K), 0.0047100 secs] [Times: user=0.03 sys=0.01, real=0.00 secs] 
2014-07-28T18:41:07.913+0000: 1501.600: [GC [PSYoungGen: 81440K->352K(80576K)] 218905K->137897K(767552K), 0.0040770 secs] [Times: user=0.03 sys=0.00, real=0.01 secs] 
2014-07-28T18:41:08.464+0000: 1502.151: [GC [PSYoungGen: 80544K->192K(79488K)] 218089K->137753K(766464K), 0.0044820 secs] [Times: user=0.03 sys=0.01, real=0.01 secs] 
2014-07-28T18:41:09.013+0000: 1502.700: [GC [PSYoungGen: 79475K->420K(78848K)] 217037K->138054K(765824K), 0.0041010 secs] [Times: user=0.02 sys=0.00, real=0.00 secs] 
2014-07-28T18:41:09.554+0000: 1503.241: [GC [PSYoungGen: 78820K->352K(77888K)] 216454K->137993K(764864K), 0.0027330 secs] [Times: user=0.01 sys=0.00, real=0.00 secs] 
2014-07-28T18:41:10.093+0000: 1503.780: [GC [PSYoungGen: 77856K->288K(76992K)] 215497K->137985K(763968K), 0.0038680 secs] [Times: user=0.03 sys=0.01, real=0.01 secs] 
2014-07-28T18:41:10.625+0000: 1504.312: [GC [PSYoungGen: 76960K->370K(76224K)] 214657K->138123K(763200K), 0.0060280 secs] [Times: user=0.04 sys=0.01, real=0.01 secs] 
2014-07-28T18:41:11.176+0000: 1504.863: [GC [PSYoungGen: 76209K->416K(75456K)] 213963K->138169K(762432K), 0.0069230 secs] [Times: user=0.05 sys=0.00, real=0.01 secs] 
2014-07-28T18:41:11.730+0000: 1505.417: [GC [PSYoungGen: 75424K->384K(74560K)] 213177K->138193K(761536K), 0.0049450 secs] [Times: user=0.02 sys=0.00, real=0.00 secs] 
2014-07-28T18:41:12.283+0000: 1505.969: [GC [PSYoungGen: 74560K->576K(73984K)] 212369K->138433K(760960K), 0.0058650 secs] [Times: user=0.02 sys=0.00, real=0.01 secs] 
2014-07-28T18:41:12.773+0000: 1506.460: [GC [PSYoungGen: 73978K->224K(72896K)] 211836K->138129K(759872K), 0.0033370 secs] [Times: user=0.02 sys=0.00, real=0.00 secs] 
2014-07-28T18:41:13.277+0000: 1506.964: [GC [PSYoungGen: 72847K->288K(72192K)] 210753K->138217K(759168K), 0.0060600 secs] [Times: user=0.03 sys=0.01, real=0.01 secs] 
2014-07-28T18:41:13.773+0000: 1507.460: [GC [PSYoungGen: 72160K->480K(86784K)] 210089K->138497K(773760K), 0.0062860 secs] [Times: user=0.04 sys=0.00, real=0.01 secs] 
2014-07-28T18:41:14.372+0000: 1508.059: [GC [PSYoungGen: 86751K->352K(85632K)] 224769K->138377K(772608K), 0.0027710 secs] [Times: user=0.02 sys=0.00, real=0.00 secs] 
2014-07-28T18:41:14.963+0000: 1508.649: [GC [PSYoungGen: 85600K->384K(84608K)] 223625K->138489K(771584K), 0.0042310 secs] [Times: user=0.03 sys=0.00, real=0.00 secs] 
2014-07-28T18:41:15.543+0000: 1509.230: [GC [PSYoungGen: 84608K->288K(83520K)] 222713K->138409K(770496K), 0.0035100 secs] [Times: user=0.02 sys=0.00, real=0.00 secs] 
2014-07-28T18:41:16.117+0000: 1509.804: [GC [PSYoungGen: 83488K->256K(82496K)] 221609K->138433K(769472K), 0.0077200 secs] [Times: user=0.04 sys=0.00, real=0.01 secs] 
2014-07-28T18:41:16.688+0000: 1510.375: [GC [PSYoungGen: 82496K->352K(81664K)] 220673K->138593K(768640K), 0.0043700 secs] [Times: user=0.03 sys=0.01, real=0.01 secs] 
2014-07-28T18:41:17.252+0000: 1510.939: [GC [PSYoungGen: 81590K->320K(97856K)] 219832K->138577K(784832K), 0.0081300 secs] [Times: user=0.04 sys=0.01, real=0.01 secs] 
2014-07-28T18:41:17.982+0000: 1511.669: [GC [PSYoungGen: 97856K->402K(96704K)] 236113K->138739K(783680K), 0.0035240 secs] [Times: user=0.02 sys=0.00, real=0.00 secs] 
2014-07-28T18:41:18.707+0000: 1512.394: [GC [PSYoungGen: 96621K->352K(95360K)] 234959K->138697K(782336K), 0.0032450 secs] [Times: user=0.01 sys=0.00, real=0.01 secs] 
2014-07-28T18:41:19.341+0000: 1513.028: [GC [PSYoungGen: 95328K->256K(94016K)] 233673K->138649K(780992K), 0.0065260 secs] [Times: user=0.04 sys=0.01, real=0.00 secs] 
2014-07-28T18:41:19.991+0000: 1513.678: [GC [PSYoungGen: 94016K->320K(92864K)] 232409K->138777K(779840K), 0.0026840 secs] [Times: user=0.01 sys=0.01, real=0.00 secs] 
2014-07-28T18:41:20.629+0000: 1514.316: [GC [PSYoungGen: 92864K->256K(91584K)] 231321K->138737K(778560K), 0.0048940 secs] [Times: user=0.03 sys=0.00, real=0.00 secs] 
2014-07-28T18:41:21.259+0000: 1514.946: [GC [PSYoungGen: 91584K->352K(90560K)] 230065K->138913K(777536K), 0.0031970 secs] [Times: user=0.02 sys=0.00, real=0.01 secs] 
2014-07-28T18:41:21.883+0000: 1515.570: [GC [PSYoungGen: 90495K->338K(89408K)] 229057K->138971K(776384K), 0.0029680 secs] [Times: user=0.01 sys=0.00, real=0.00 secs] 
2014-07-28T18:41:22.500+0000: 1516.187: [GC [PSYoungGen: 89362K->320K(88256K)] 227995K->139025K(775232K), 0.0026790 secs] [Times: user=0.02 sys=0.00, real=0.00 secs] 
2014-07-28T18:41:23.110+0000: 1516.797: [GC [PSYoungGen: 88256K->352K(87232K)] 226961K->139121K(774208K), 0.0050000 secs] [Times: user=0.03 sys=0.00, real=0.00 secs] 
2014-07-28T18:41:23.714+0000: 1517.401: [GC [PSYoungGen: 87200K->288K(86080K)] 225969K->139121K(773056K), 0.0029970 secs] [Times: user=0.01 sys=0.01, real=0.00 secs] 
2014-07-28T18:41:24.338+0000: 1518.025: [GC [PSYoungGen: 86048K->352K(85120K)] 224881K->139233K(772096K), 0.0069310 secs] [Times: user=0.04 sys=0.00, real=0.01 secs] 
2014-07-28T18:41:24.966+0000: 1518.653: [GC [PSYoungGen: 85088K->384K(84096K)] 223969K->139313K(771072K), 0.0034240 secs] [Times: user=0.02 sys=0.00, real=0.00 secs] 
2014-07-28T18:41:25.597+0000: 1519.283: [GC [PSYoungGen: 84096K->320K(83008K)] 223025K->139281K(769984K), 0.0055570 secs] [Times: user=0.04 sys=0.00, real=0.01 secs] 
2014-07-28T18:41:26.124+0000: 1519.811: [GC [PSYoungGen: 83008K->288K(82048K)] 221969K->139305K(769024K), 0.0033570 secs] [Times: user=0.02 sys=0.00, real=0.00 secs] 
2014-07-28T18:41:26.685+0000: 1520.371: [GC [PSYoungGen: 82016K->224K(81024K)] 221033K->139281K(768000K), 0.0059830 secs] [Times: user=0.04 sys=0.00, real=0.01 secs] 
2014-07-28T18:41:27.242+0000: 1520.929: [GC [PSYoungGen: 80992K->192K(80000K)] 220049K->139249K(766976K), 0.0038170 secs] [Times: user=0.02 sys=0.01, real=0.00 secs] 
2014-07-28T18:41:27.795+0000: 1521.482: [GC [PSYoungGen: 80000K->256K(79168K)] 219057K->139369K(766144K), 0.0064730 secs] [Times: user=0.04 sys=0.00, real=0.01 secs] 
2014-07-28T18:41:28.343+0000: 1522.030: [GC [PSYoungGen: 79168K->448K(78464K)] 218281K->139593K(765440K), 0.0036500 secs] [Times: user=0.03 sys=0.00, real=0.00 secs] 
2014-07-28T18:41:28.885+0000: 1522.572: [GC [PSYoungGen: 78464K->288K(77440K)] 217609K->139497K(764416K), 0.0051040 secs] [Times: user=0.04 sys=0.00, real=0.01 secs] 
2014-07-28T18:41:29.417+0000: 1523.104: [GC [PSYoungGen: 77408K->224K(76544K)] 216617K->139449K(763520K), 0.0059210 secs] [Times: user=0.03 sys=0.00, real=0.01 secs] 
2014-07-28T18:41:29.944+0000: 1523.631: [GC [PSYoungGen: 76512K->224K(75712K)] 215737K->139489K(762688K), 0.0053200 secs] [Times: user=0.03 sys=0.00, real=0.00 secs] 
2014-07-28T18:41:30.463+0000: 1524.150: [GC [PSYoungGen: 75680K->416K(75072K)] 214945K->139689K(762048K), 0.0041810 secs] [Times: user=0.03 sys=0.00, real=0.00 secs] 
2014-07-28T18:41:31.000+0000: 1524.687: [GC [PSYoungGen: 75032K->370K(74176K)] 214306K->139699K(761152K), 0.0034550 secs] [Times: user=0.02 sys=0.00, real=0.01 secs] 
2014-07-28T18:41:31.547+0000: 1525.234: [GC [PSYoungGen: 74162K->256K(73280K)] 213491K->139601K(760256K), 0.0057160 secs] [Times: user=0.02 sys=0.01, real=0.01 secs] 
2014-07-28T18:41:32.070+0000: 1525.757: [GC [PSYoungGen: 73280K->484K(72768K)] 212625K->139910K(759744K), 0.0048990 secs] [Times: user=0.03 sys=0.01, real=0.01 secs] 
2014-07-28T18:41:32.569+0000: 1526.256: [GC [PSYoungGen: 72715K->306K(87040K)] 212141K->139811K(774016K), 0.0070210 secs] [Times: user=0.04 sys=0.01, real=0.01 secs] 
2014-07-28T18:41:33.167+0000: 1526.854: [GC [PSYoungGen: 87026K->320K(85952K)] 226531K->139857K(772928K), 0.0032650 secs] [Times: user=0.02 sys=0.01, real=0.00 secs] 
2014-07-28T18:41:33.760+0000: 1527.447: [GC [PSYoungGen: 85952K->256K(84864K)] 225489K->139841K(771840K), 0.0028650 secs] [Times: user=0.01 sys=0.00, real=0.01 secs] 
2014-07-28T18:41:34.346+0000: 1528.033: [GC [PSYoungGen: 84844K->466K(84096K)] 224430K->140099K(771072K), 0.0028260 secs] [Times: user=0.02 sys=0.00, real=0.00 secs] 
2014-07-28T18:41:34.925+0000: 1528.611: [GC [PSYoungGen: 84050K->160K(82816K)] 223683K->139817K(769792K), 0.0061670 secs] [Times: user=0.04 sys=0.00, real=0.00 secs] 
2014-07-28T18:41:35.498+0000: 1529.185: [GC [PSYoungGen: 82784K->224K(81920K)] 222441K->139897K(768896K), 0.0038730 secs] [Times: user=0.03 sys=0.00, real=0.01 secs] 
2014-07-28T18:41:36.067+0000: 1529.754: [GC [PSYoungGen: 81888K->384K(81088K)] 221561K->140153K(768064K), 0.0045290 secs] [Times: user=0.03 sys=0.00, real=0.01 secs] 
2014-07-28T18:41:36.625+0000: 1530.312: [GC [PSYoungGen: 81088K->416K(80192K)] 220857K->140257K(767168K), 0.0048210 secs] [Times: user=0.03 sys=0.00, real=0.00 secs] 
2014-07-28T18:41:37.175+0000: 1530.862: [GC [PSYoungGen: 80160K->384K(79232K)] 220001K->140297K(766208K), 0.0039720 secs] [Times: user=0.03 sys=0.00, real=0.00 secs] 
2014-07-28T18:41:37.751+0000: 1531.438: [GC [PSYoungGen: 79232K->416K(78400K)] 219145K->140393K(765376K), 0.0044170 secs] [Times: user=0.03 sys=0.01, real=0.01 secs] 
2014-07-28T18:41:38.316+0000: 1532.003: [GC [PSYoungGen: 78368K->288K(77376K)] 218345K->140289K(764352K), 0.0056700 secs] [Times: user=0.04 sys=0.00, real=0.00 secs] 
2014-07-28T18:41:38.860+0000: 1532.547: [GC [PSYoungGen: 77344K->352K(76608K)] 217345K->140417K(763584K), 0.0059550 secs] [Times: user=0.03 sys=0.01, real=0.01 secs] 
2014-07-28T18:41:39.362+0000: 1533.049: [GC [PSYoungGen: 76576K->288K(91840K)] 216641K->140385K(778816K), 0.0074520 secs] [Times: user=0.04 sys=0.01, real=0.00 secs] 
2014-07-28T18:41:39.996+0000: 1533.683: [GC [PSYoungGen: 91808K->192K(110016K)] 231905K->140321K(796992K), 0.0065790 secs] [Times: user=0.04 sys=0.00, real=0.01 secs] 
2014-07-28T18:41:40.757+0000: 1534.444: [GC [PSYoungGen: 110016K->256K(108480K)] 250145K->140401K(795456K), 0.0029110 secs] [Times: user=0.02 sys=0.00, real=0.00 secs] 
2014-07-28T18:41:41.504+0000: 1535.191: [GC [PSYoungGen: 108480K->256K(106880K)] 248625K->140465K(793856K), 0.0052160 secs] [Times: user=0.03 sys=0.00, real=0.00 secs] 
2014-07-28T18:41:42.239+0000: 1535.926: [GC [PSYoungGen: 106880K->320K(105408K)] 247089K->140561K(792384K), 0.0060780 secs] [Times: user=0.03 sys=0.00, real=0.01 secs] 
2014-07-28T18:41:42.970+0000: 1536.657: [GC [PSYoungGen: 105408K->320K(119296K)] 245649K->140593K(806272K), 0.0165490 secs] [Times: user=0.10 sys=0.04, real=0.02 secs] 
2014-07-28T18:41:43.871+0000: 1537.558: [GC [PSYoungGen: 119040K->256K(126656K)] 259313K->140529K(813632K), 0.0053540 secs] [Times: user=0.02 sys=0.00, real=0.01 secs] 
2014-07-28T18:41:44.820+0000: 1538.507: [GC [PSYoungGen: 126400K->320K(124416K)] 266673K->140617K(811392K), 0.0161330 secs] [Times: user=1.16 sys=0.70, real=0.93 secs] 
2014-07-28T18:41:46.508+0000: 1540.194: [GC [PSYoungGen: 124416K->256K(122368K)] 264713K->140625K(809344K), 0.0052400 secs] [Times: user=0.04 sys=0.00, real=0.00 secs] 
2014-07-28T18:41:47.358+0000: 1541.045: [GC [PSYoungGen: 122368K->320K(120512K)] 262737K->140745K(807488K), 0.0040250 secs] [Times: user=0.02 sys=0.00, real=0.00 secs] 
2014-07-28T18:41:48.195+0000: 1541.882: [GC [PSYoungGen: 120512K->352K(118720K)] 260937K->140857K(805696K), 0.0032890 secs] [Times: user=0.03 sys=0.01, real=0.00 secs] 
2014-07-28T18:41:49.015+0000: 1542.702: [GC [PSYoungGen: 118688K->256K(116736K)] 259193K->140809K(803712K), 0.0026900 secs] [Times: user=0.02 sys=0.00, real=0.00 secs] 
2014-07-28T18:41:49.823+0000: 1543.510: [GC [PSYoungGen: 116736K->416K(115136K)] 257289K->141041K(802112K), 0.0036060 secs] [Times: user=0.02 sys=0.00, real=0.00 secs] 
2014-07-28T18:41:50.616+0000: 1544.303: [GC [PSYoungGen: 115104K->288K(113280K)] 255729K->140969K(800256K), 0.0052140 secs] [Times: user=0.03 sys=0.00, real=0.00 secs] 
2014-07-28T18:41:51.442+0000: 1545.129: [GC [PSYoungGen: 113248K->306K(111616K)] 253929K->141075K(798592K), 0.0055600 secs] [Times: user=0.01 sys=0.00, real=0.01 secs] 
2014-07-28T18:41:52.276+0000: 1545.963: [GC [PSYoungGen: 111602K->256K(109888K)] 252371K->141073K(796864K), 0.0038450 secs] [Times: user=0.02 sys=0.01, real=0.00 secs] 
2014-07-28T18:41:53.088+0000: 1546.775: [GC [PSYoungGen: 109888K->352K(108416K)] 250705K->141209K(795392K), 0.0114110 secs] [Times: user=0.07 sys=0.01, real=0.01 secs] 
2014-07-28T18:41:53.876+0000: 1547.562: [GC [PSYoungGen: 108384K->448K(106944K)] 249241K->141377K(793920K), 0.0061760 secs] [Times: user=0.04 sys=0.00, real=0.00 secs] 
2014-07-28T18:41:54.666+0000: 1548.353: [GC [PSYoungGen: 106944K->256K(105216K)] 247873K->141209K(792192K), 0.0038590 secs] [Times: user=0.01 sys=0.01, real=0.00 secs] 
2014-07-28T18:41:55.426+0000: 1549.113: [GC [PSYoungGen: 105216K->352K(103872K)] 246169K->141329K(790848K), 0.0023430 secs] [Times: user=0.01 sys=0.00, real=0.00 secs] 
2014-07-28T18:41:56.230+0000: 1549.917: [GC [PSYoungGen: 103840K->434K(102464K)] 244817K->141459K(789440K), 0.0042800 secs] [Times: user=0.03 sys=0.01, real=0.01 secs] 
2014-07-28T18:41:56.906+0000: 1550.593: [GC [PSYoungGen: 102450K->320K(100928K)] 243475K->141409K(787904K), 0.0029460 secs] [Times: user=0.01 sys=0.00, real=0.00 secs] 
2014-07-28T18:41:57.583+0000: 1551.270: [GC [PSYoungGen: 100928K->320K(99520K)] 242017K->141457K(786496K), 0.0047000 secs] [Times: user=0.03 sys=0.00, real=0.01 secs] 
2014-07-28T18:41:58.271+0000: 1551.958: [GC [PSYoungGen: 99520K->320K(98176K)] 240657K->141473K(785152K), 0.0039040 secs] [Times: user=0.02 sys=0.00, real=0.00 secs] 
2014-07-28T18:41:58.943+0000: 1552.630: [GC [PSYoungGen: 98176K->448K(96960K)] 239329K->141681K(783936K), 0.0032460 secs] [Times: user=0.01 sys=0.00, real=0.01 secs] 
2014-07-28T18:41:59.641+0000: 1553.328: [GC [PSYoungGen: 96960K->320K(95552K)] 238193K->141601K(782528K), 0.0083440 secs] [Times: user=0.04 sys=0.00, real=0.01 secs] 
2014-07-28T18:42:00.272+0000: 1553.959: [GC [PSYoungGen: 95516K->256K(94208K)] 236798K->141561K(781184K), 0.0035110 secs] [Times: user=0.02 sys=0.00, real=0.01 secs] 
2014-07-28T18:42:00.924+0000: 1554.611: [GC [PSYoungGen: 94192K->352K(93120K)] 235498K->141737K(780096K), 0.0032600 secs] [Times: user=0.01 sys=0.01, real=0.01 secs] 
2014-07-28T18:42:01.568+0000: 1555.255: [GC [PSYoungGen: 93049K->370K(91904K)] 234435K->141835K(778880K), 0.0028930 secs] [Times: user=0.01 sys=0.00, real=0.00 secs] 
2014-07-28T18:42:02.202+0000: 1555.888: [GC [PSYoungGen: 91890K->224K(90624K)] 233355K->141697K(777600K), 0.0025580 secs] [Times: user=0.01 sys=0.01, real=0.00 secs] 
2014-07-28T18:42:02.827+0000: 1556.514: [GC [PSYoungGen: 90592K->338K(89600K)] 232065K->141859K(776576K), 0.0082910 secs] [Times: user=0.04 sys=0.01, real=0.01 secs] 
2014-07-28T18:42:03.443+0000: 1557.130: [GC [PSYoungGen: 89554K->352K(88512K)] 231075K->141953K(775488K), 0.0060790 secs] [Times: user=0.04 sys=0.00, real=0.01 secs] 
2014-07-28T18:42:04.051+0000: 1557.738: [GC [PSYoungGen: 88476K->288K(87360K)] 230078K->141905K(774336K), 0.0037830 secs] [Times: user=0.02 sys=0.00, real=0.00 secs] 
2014-07-28T18:42:04.659+0000: 1558.346: [GC [PSYoungGen: 87328K->416K(86400K)] 228945K->142113K(773376K), 0.0028020 secs] [Times: user=0.01 sys=0.00, real=0.00 secs] 
2014-07-28T18:42:05.253+0000: 1558.940: [GC [PSYoungGen: 86368K->224K(85184K)] 228065K->141937K(772160K), 0.0113250 secs] [Times: user=0.07 sys=0.00, real=0.01 secs] 
2014-07-28T18:42:05.837+0000: 1559.524: [GC [PSYoungGen: 85152K->448K(84352K)] 226865K->142225K(771328K), 0.0062260 secs] [Times: user=0.04 sys=0.00, real=0.00 secs] 
2014-07-28T18:42:06.422+0000: 1560.108: [GC [PSYoungGen: 84352K->370K(101120K)] 226129K->142211K(788096K), 0.0084430 secs] [Times: user=0.03 sys=0.00, real=0.01 secs] 
2014-07-28T18:42:07.117+0000: 1560.804: [GC [PSYoungGen: 101106K->224K(121152K)] 242947K->142089K(808128K), 0.0072620 secs] [Times: user=0.05 sys=0.00, real=0.00 secs] 
2014-07-28T18:42:07.959+0000: 1561.645: [GC [PSYoungGen: 121120K->544K(119552K)] 262985K->142505K(806528K), 0.0041980 secs] [Times: user=0.02 sys=0.00, real=0.00 secs] 
2014-07-28T18:42:08.780+0000: 1562.467: [GC [PSYoungGen: 119520K->448K(117568K)] 261481K->142513K(804544K), 0.0051320 secs] [Times: user=0.02 sys=0.01, real=0.00 secs] 
2014-07-28T18:42:09.591+0000: 1563.278: [GC [PSYoungGen: 117568K->320K(115648K)] 259633K->142465K(802624K), 0.0055280 secs] [Times: user=0.04 sys=0.00, real=0.01 secs] 
2014-07-28T18:42:10.387+0000: 1564.073: [GC [PSYoungGen: 115648K->288K(113920K)] 257793K->142465K(800896K), 0.0078920 secs] [Times: user=0.05 sys=0.01, real=0.00 secs] 
2014-07-28T18:42:11.175+0000: 1564.862: [GC [PSYoungGen: 113888K->288K(112192K)] 256065K->142537K(799168K), 0.0049180 secs] [Times: user=0.02 sys=0.00, real=0.01 secs] 
2014-07-28T18:42:11.955+0000: 1565.641: [GC [PSYoungGen: 112160K->320K(110528K)] 254409K->142625K(797504K), 0.0075500 secs] [Times: user=0.04 sys=0.00, real=0.01 secs] 
2014-07-28T18:42:12.715+0000: 1566.401: [GC [PSYoungGen: 110528K->288K(108928K)] 252833K->142665K(795904K), 0.0066200 secs] [Times: user=0.03 sys=0.00, real=0.01 secs] 
2014-07-28T18:42:13.465+0000: 1567.151: [GC [PSYoungGen: 108896K->256K(107264K)] 251273K->142665K(794240K), 0.0041190 secs] [Times: user=0.03 sys=0.00, real=0.01 secs] 
2014-07-28T18:42:14.205+0000: 1567.892: [GC [PSYoungGen: 107264K->416K(105920K)] 249673K->142897K(792896K), 0.0066700 secs] [Times: user=0.03 sys=0.00, real=0.01 secs] 
2014-07-28T18:42:14.932+0000: 1568.619: [GC [PSYoungGen: 105888K->384K(104384K)] 248369K->142961K(791360K), 0.0047790 secs] [Times: user=0.03 sys=0.00, real=0.01 secs] 
2014-07-28T18:42:15.653+0000: 1569.340: [GC [PSYoungGen: 104384K->352K(102912K)] 246961K->143009K(789888K), 0.0066530 secs] [Times: user=0.04 sys=0.00, real=0.01 secs] 
2014-07-28T18:42:16.360+0000: 1570.047: [GC [PSYoungGen: 102880K->288K(101440K)] 245537K->142969K(788416K), 0.0058650 secs] [Times: user=0.04 sys=0.00, real=0.00 secs] 
2014-07-28T18:42:17.054+0000: 1570.741: [GC [PSYoungGen: 101408K->288K(100032K)] 244089K->143041K(787008K), 0.0039020 secs] [Times: user=0.03 sys=0.00, real=0.00 secs] 
2014-07-28T18:42:17.743+0000: 1571.430: [GC [PSYoungGen: 100000K->416K(98816K)] 242753K->143257K(785792K), 0.0049890 secs] [Times: user=0.03 sys=0.00, real=0.00 secs] 
2014-07-28T18:42:18.427+0000: 1572.114: [GC [PSYoungGen: 98784K->256K(97280K)] 241625K->143121K(784256K), 0.0035660 secs] [Times: user=0.01 sys=0.00, real=0.01 secs] 
2014-07-28T18:42:19.101+0000: 1572.788: [GC [PSYoungGen: 97280K->384K(96128K)] 240145K->143321K(783104K), 0.0031550 secs] [Times: user=0.01 sys=0.00, real=0.00 secs] 
2014-07-28T18:42:19.761+0000: 1573.448: [GC [PSYoungGen: 96128K->352K(94848K)] 239065K->143377K(781824K), 0.0078780 secs] [Times: user=0.05 sys=0.00, real=0.01 secs] 
2014-07-28T18:42:20.416+0000: 1574.103: [GC [PSYoungGen: 94816K->416K(93696K)] 237841K->143513K(780672K), 0.0069970 secs] [Times: user=0.04 sys=0.00, real=0.01 secs] 
2014-07-28T18:42:21.062+0000: 1574.749: [GC [PSYoungGen: 93664K->256K(92288K)] 236761K->143481K(779264K), 0.0026450 secs] [Times: user=0.01 sys=0.00, real=0.00 secs] 
2014-07-28T18:42:21.700+0000: 1575.387: [GC [PSYoungGen: 92268K->256K(91136K)] 235494K->143529K(778112K), 0.0066220 secs] [Times: user=0.04 sys=0.00, real=0.00 secs] 
2014-07-28T18:42:22.329+0000: 1576.015: [GC [PSYoungGen: 91120K->448K(90176K)] 234394K->143777K(777152K), 0.0038230 secs] [Times: user=0.02 sys=0.00, real=0.00 secs] 
2014-07-28T18:42:22.948+0000: 1576.635: [GC [PSYoungGen: 90176K->256K(88832K)] 233505K->143641K(775808K), 0.0030330 secs] [Times: user=0.01 sys=0.00, real=0.00 secs] 
2014-07-28T18:42:23.560+0000: 1577.247: [GC [PSYoungGen: 88832K->224K(87744K)] 232217K->143657K(774720K), 0.0034380 secs] [Times: user=0.01 sys=0.00, real=0.00 secs] 
2014-07-28T18:42:24.162+0000: 1577.849: [GC [PSYoungGen: 87689K->480K(86912K)] 231123K->143953K(773888K), 0.0031650 secs] [Times: user=0.01 sys=0.00, real=0.00 secs] 
2014-07-28T18:42:24.759+0000: 1578.446: [GC [PSYoungGen: 86880K->320K(85696K)] 230353K->143865K(772672K), 0.0040970 secs] [Times: user=0.02 sys=0.01, real=0.00 secs] 
2014-07-28T18:42:25.347+0000: 1579.034: [GC [PSYoungGen: 85693K->370K(84736K)] 229239K->143955K(771712K), 0.0047090 secs] [Times: user=0.02 sys=0.01, real=0.01 secs] 
2014-07-28T18:42:25.932+0000: 1579.619: [GC [PSYoungGen: 84722K->288K(83648K)] 228307K->143921K(770624K), 0.0026110 secs] [Times: user=0.01 sys=0.00, real=0.00 secs] 
2014-07-28T18:42:26.508+0000: 1580.194: [GC [PSYoungGen: 83616K->384K(82752K)] 227249K->144081K(769728K), 0.0044600 secs] [Times: user=0.02 sys=0.00, real=0.01 secs] 
2014-07-28T18:42:27.075+0000: 1580.762: [GC [PSYoungGen: 82751K->384K(81792K)] 226449K->144113K(768768K), 0.0037720 secs] [Times: user=0.02 sys=0.00, real=0.00 secs] 
2014-07-28T18:42:27.643+0000: 1581.330: [GC [PSYoungGen: 81792K->352K(80832K)] 225521K->144153K(767808K), 0.0082080 secs] [Times: user=0.06 sys=0.01, real=0.01 secs] 
2014-07-28T18:42:28.195+0000: 1581.882: [GC [PSYoungGen: 80800K->352K(79936K)] 224601K->144169K(766912K), 0.0040430 secs] [Times: user=0.02 sys=0.00, real=0.01 secs] 
2014-07-28T18:42:28.748+0000: 1582.434: [GC [PSYoungGen: 79904K->352K(79040K)] 223721K->144257K(766016K), 0.0040370 secs] [Times: user=0.02 sys=0.01, real=0.01 secs] 
2014-07-28T18:42:29.295+0000: 1582.982: [GC [PSYoungGen: 79008K->320K(78080K)] 222913K->144249K(765056K), 0.0084250 secs] [Times: user=0.05 sys=0.00, real=0.01 secs] 
2014-07-28T18:42:29.833+0000: 1583.520: [GC [PSYoungGen: 78080K->288K(93632K)] 222009K->144265K(780608K), 0.0117990 secs] [Times: user=0.06 sys=0.00, real=0.01 secs] 
2014-07-28T18:42:30.479+0000: 1584.166: [GC [PSYoungGen: 93600K->320K(112320K)] 237577K->144369K(799296K), 0.0039830 secs] [Times: user=0.02 sys=0.00, real=0.01 secs] 
2014-07-28T18:42:31.255+0000: 1584.942: [GC [PSYoungGen: 112278K->370K(110720K)] 256328K->144427K(797696K), 0.0042890 secs] [Times: user=0.02 sys=0.00, real=0.00 secs] 
2014-07-28T18:42:32.023+0000: 1585.709: [GC [PSYoungGen: 110706K->352K(109120K)] 254763K->144489K(796096K), 0.0039000 secs] [Times: user=0.02 sys=0.00, real=0.00 secs] 
2014-07-28T18:42:32.772+0000: 1586.459: [GC [PSYoungGen: 109088K->448K(107584K)] 253225K->144649K(794560K), 0.0048800 secs] [Times: user=0.03 sys=0.00, real=0.00 secs] 
2014-07-28T18:42:33.513+0000: 1587.199: [GC [PSYoungGen: 107538K->242K(105856K)] 251740K->144648K(792832K), 0.0045860 secs] [Times: user=0.02 sys=0.00, real=0.00 secs] 
2014-07-28T18:42:34.246+0000: 1587.933: [GC [PSYoungGen: 105842K->466K(104640K)] 250248K->144986K(791616K), 0.0060750 secs] [Times: user=0.04 sys=0.01, real=0.01 secs] 
2014-07-28T18:42:34.966+0000: 1588.653: [GC [PSYoungGen: 104594K->320K(102976K)] 249114K->144994K(789952K), 0.0057400 secs] [Times: user=0.04 sys=0.00, real=0.01 secs] 
2014-07-28T18:42:35.682+0000: 1589.369: [GC [PSYoungGen: 102976K->256K(101504K)] 247650K->144986K(788480K), 0.0063860 secs] [Times: user=0.04 sys=0.00, real=0.00 secs] 
2014-07-28T18:42:36.385+0000: 1590.072: [GC [PSYoungGen: 101472K->448K(100288K)] 246202K->145194K(787264K), 0.0051420 secs] [Times: user=0.03 sys=0.00, real=0.01 secs] 
2014-07-28T18:42:37.073+0000: 1590.760: [GC [PSYoungGen: 100288K->480K(99008K)] 245034K->145330K(785984K), 0.0049950 secs] [Times: user=0.03 sys=0.00, real=0.00 secs] 
2014-07-28T18:42:37.756+0000: 1591.443: [GC [PSYoungGen: 98946K->256K(97408K)] 243796K->145276K(784384K), 0.0042040 secs] [Times: user=0.03 sys=0.00, real=0.00 secs] 
2014-07-28T18:42:38.428+0000: 1592.114: [GC [PSYoungGen: 97408K->256K(96128K)] 242428K->145300K(783104K), 0.0043050 secs] [Times: user=0.03 sys=0.00, real=0.01 secs] 
2014-07-28T18:42:39.093+0000: 1592.780: [GC [PSYoungGen: 96128K->288K(94912K)] 241172K->145396K(781888K), 0.0038580 secs] [Times: user=0.02 sys=0.00, real=0.00 secs] 
2014-07-28T18:42:39.748+0000: 1593.434: [GC [PSYoungGen: 94880K->256K(93632K)] 239988K->145412K(780608K), 0.0071450 secs] [Times: user=0.04 sys=0.00, real=0.01 secs] 
2014-07-28T18:42:40.395+0000: 1594.082: [GC [PSYoungGen: 93632K->352K(92544K)] 238788K->145508K(779520K), 0.0052300 secs] [Times: user=0.03 sys=0.00, real=0.00 secs] 
2014-07-28T18:42:41.036+0000: 1594.722: [GC [PSYoungGen: 92512K->288K(91328K)] 237668K->145492K(778304K), 0.0072820 secs] [Times: user=0.04 sys=0.00, real=0.01 secs] 
2014-07-28T18:42:41.665+0000: 1595.352: [GC [PSYoungGen: 91296K->224K(90112K)] 236500K->145484K(777088K), 0.0055220 secs] [Times: user=0.04 sys=0.00, real=0.00 secs] 
2014-07-28T18:42:42.286+0000: 1595.972: [GC [PSYoungGen: 90080K->512K(89216K)] 235340K->145796K(776192K), 0.0051750 secs] [Times: user=0.03 sys=0.00, real=0.00 secs] 
2014-07-28T18:42:42.903+0000: 1596.590: [GC [PSYoungGen: 89177K->434K(88064K)] 234461K->145838K(775040K), 0.0038340 secs] [Times: user=0.02 sys=0.00, real=0.00 secs] 
2014-07-28T18:42:43.510+0000: 1597.197: [GC [PSYoungGen: 88004K->416K(86976K)] 233408K->145900K(773952K), 0.0073820 secs] [Times: user=0.04 sys=0.00, real=0.01 secs] 
2014-07-28T18:42:44.107+0000: 1597.794: [GC [PSYoungGen: 86937K->448K(85952K)] 232421K->145964K(772928K), 0.0049580 secs] [Times: user=0.03 sys=0.00, real=0.01 secs] 
2014-07-28T18:42:44.703+0000: 1598.390: [GC [PSYoungGen: 85952K->384K(84864K)] 231468K->145980K(771840K), 0.0060180 secs] [Times: user=0.04 sys=0.00, real=0.00 secs] 
2014-07-28T18:42:45.288+0000: 1598.975: [GC [PSYoungGen: 84864K->448K(83904K)] 230460K->146092K(770880K), 0.0054470 secs] [Times: user=0.03 sys=0.01, real=0.01 secs] 
2014-07-28T18:42:45.863+0000: 1599.549: [GC [PSYoungGen: 83904K->352K(82880K)] 229548K->146068K(769856K), 0.0075220 secs] [Times: user=0.03 sys=0.00, real=0.00 secs] 
2014-07-28T18:42:46.430+0000: 1600.117: [GC [PSYoungGen: 82848K->448K(81984K)] 228564K->146260K(768960K), 0.0036330 secs] [Times: user=0.02 sys=0.00, real=0.01 secs] 
2014-07-28T18:42:46.998+0000: 1600.685: [GC [PSYoungGen: 81983K->256K(80832K)] 227795K->146116K(767808K), 0.0031980 secs] [Times: user=0.02 sys=0.00, real=0.00 secs] 
2014-07-28T18:42:47.553+0000: 1601.240: [GC [PSYoungGen: 80832K->480K(80192K)] 226692K->146444K(767168K), 0.0052490 secs] [Times: user=0.03 sys=0.00, real=0.00 secs] 
2014-07-28T18:42:48.107+0000: 1601.794: [GC [PSYoungGen: 80160K->256K(95872K)] 226124K->146252K(782848K), 0.0095700 secs] [Times: user=0.06 sys=0.00, real=0.01 secs] 
2014-07-28T18:42:48.771+0000: 1602.458: [GC [PSYoungGen: 95872K->352K(108672K)] 241868K->146412K(795648K), 0.0072690 secs] [Times: user=0.02 sys=0.00, real=0.01 secs] 
2014-07-28T18:42:49.523+0000: 1603.210: [GC [PSYoungGen: 108448K->320K(106880K)] 254508K->146436K(793856K), 0.0042680 secs] [Times: user=0.02 sys=0.01, real=0.00 secs] 
2014-07-28T18:42:50.261+0000: 1603.948: [GC [PSYoungGen: 106880K->192K(105216K)] 252996K->146356K(792192K), 0.0021750 secs] [Times: user=0.01 sys=0.00, real=0.01 secs] 
2014-07-28T18:42:50.990+0000: 1604.677: [GC [PSYoungGen: 105216K->416K(104000K)] 251380K->146676K(790976K), 0.0047460 secs] [Times: user=0.03 sys=0.00, real=0.01 secs] 
2014-07-28T18:42:51.705+0000: 1605.392: [GC [PSYoungGen: 103968K->320K(102400K)] 250228K->146652K(789376K), 0.0049000 secs] [Times: user=0.03 sys=0.00, real=0.00 secs] 
2014-07-28T18:42:52.415+0000: 1606.102: [GC [PSYoungGen: 102400K->224K(100928K)] 248732K->146564K(787904K), 0.0084410 secs] [Times: user=0.04 sys=0.01, real=0.01 secs] 
2014-07-28T18:42:53.113+0000: 1606.800: [GC [PSYoungGen: 100896K->384K(99648K)] 247236K->146812K(786624K), 0.0065870 secs] [Times: user=0.04 sys=0.00, real=0.00 secs] 
2014-07-28T18:42:53.798+0000: 1607.485: [GC [PSYoungGen: 99648K->320K(98240K)] 246076K->146812K(785216K), 0.0046130 secs] [Times: user=0.02 sys=0.01, real=0.00 secs] 
2014-07-28T18:42:54.478+0000: 1608.165: [GC [PSYoungGen: 98240K->288K(96896K)] 244732K->146836K(783872K), 0.0065380 secs] [Times: user=0.04 sys=0.00, real=0.01 secs] 
2014-07-28T18:42:55.149+0000: 1608.836: [GC [PSYoungGen: 96864K->416K(95744K)] 243412K->147012K(782720K), 0.0076360 secs] [Times: user=0.05 sys=0.00, real=0.01 secs] 
2014-07-28T18:42:55.811+0000: 1609.498: [GC [PSYoungGen: 95693K->384K(94400K)] 242289K->147076K(781376K), 0.0041950 secs] [Times: user=0.03 sys=0.00, real=0.01 secs] 
2014-07-28T18:42:56.462+0000: 1610.148: [GC [PSYoungGen: 94400K->352K(93184K)] 241092K->147108K(780160K), 0.0040370 secs] [Times: user=0.03 sys=0.00, real=0.01 secs] 
2014-07-28T18:42:57.105+0000: 1610.792: [GC [PSYoungGen: 93115K->416K(92032K)] 239871K->147196K(779008K), 0.0047520 secs] [Times: user=0.03 sys=0.00, real=0.00 secs] 
2014-07-28T18:42:57.742+0000: 1611.429: [GC [PSYoungGen: 92000K->416K(90880K)] 238780K->147292K(777856K), 0.0059430 secs] [Times: user=0.03 sys=0.00, real=0.01 secs] 
2014-07-28T18:42:58.369+0000: 1612.056: [GC [PSYoungGen: 90848K->320K(89600K)] 237724K->147228K(776576K), 0.0075430 secs] [Times: user=0.05 sys=0.01, real=0.01 secs] 
2014-07-28T18:42:58.994+0000: 1612.681: [GC [PSYoungGen: 89600K->256K(88448K)] 236508K->147228K(775424K), 0.0042320 secs] [Times: user=0.03 sys=0.00, real=0.00 secs] 
2014-07-28T18:42:59.606+0000: 1613.293: [GC [PSYoungGen: 88448K->224K(87360K)] 235420K->147244K(774336K), 0.0065210 secs] [Times: user=0.04 sys=0.00, real=0.00 secs] 
2014-07-28T18:43:00.211+0000: 1613.898: [GC [PSYoungGen: 87328K->416K(86464K)] 234348K->147444K(773440K), 0.0040940 secs] [Times: user=0.02 sys=0.00, real=0.01 secs] 
2014-07-28T18:43:00.808+0000: 1614.495: [GC [PSYoungGen: 86385K->288K(85312K)] 233413K->147388K(772288K), 0.0063780 secs] [Times: user=0.04 sys=0.00, real=0.01 secs] 
2014-07-28T18:43:01.394+0000: 1615.081: [GC [PSYoungGen: 85280K->256K(84224K)] 232380K->147420K(771200K), 0.0044120 secs] [Times: user=0.02 sys=0.00, real=0.00 secs] 
2014-07-28T18:43:01.976+0000: 1615.663: [GC [PSYoungGen: 84224K->352K(83328K)] 231388K->147556K(770304K), 0.0054420 secs] [Times: user=0.03 sys=0.00, real=0.00 secs] 
2014-07-28T18:43:02.551+0000: 1616.238: [GC [PSYoungGen: 83270K->448K(82432K)] 230474K->147740K(769408K), 0.0057680 secs] [Times: user=0.03 sys=0.00, real=0.01 secs] 
2014-07-28T18:43:03.119+0000: 1616.806: [GC [PSYoungGen: 82430K->256K(81280K)] 229722K->147652K(768256K), 0.0029440 secs] [Times: user=0.02 sys=0.00, real=0.00 secs] 
2014-07-28T18:43:03.682+0000: 1617.369: [GC [PSYoungGen: 81271K->448K(80512K)] 228667K->147948K(767488K), 0.0046340 secs] [Times: user=0.03 sys=0.00, real=0.01 secs] 
2014-07-28T18:43:04.236+0000: 1617.923: [GC [PSYoungGen: 80512K->352K(79552K)] 228012K->147876K(766528K), 0.0063970 secs] [Times: user=0.04 sys=0.01, real=0.00 secs] 
2014-07-28T18:43:04.785+0000: 1618.472: [GC [PSYoungGen: 79520K->352K(78656K)] 227044K->147948K(765632K), 0.0072080 secs] [Times: user=0.04 sys=0.01, real=0.00 secs] 
2014-07-28T18:43:05.329+0000: 1619.016: [GC [PSYoungGen: 78624K->256K(94208K)] 226220K->147900K(781184K), 0.0068520 secs] [Times: user=0.04 sys=0.00, real=0.01 secs] 
2014-07-28T18:43:05.976+0000: 1619.663: [GC [PSYoungGen: 94208K->384K(93120K)] 241852K->148100K(780096K), 0.0052880 secs] [Times: user=0.03 sys=0.01, real=0.00 secs] 
2014-07-28T18:43:06.619+0000: 1620.306: [GC [PSYoungGen: 93120K->224K(102848K)] 240836K->147980K(789824K), 0.0090910 secs] [Times: user=0.06 sys=0.00, real=0.01 secs] 
2014-07-28T18:43:07.329+0000: 1621.016: [GC [PSYoungGen: 102623K->480K(101504K)] 250379K->148260K(788480K), 0.0050280 secs] [Times: user=0.03 sys=0.00, real=0.00 secs] 
2014-07-28T18:43:08.028+0000: 1621.714: [GC [PSYoungGen: 101472K->128K(99712K)] 249252K->147996K(786688K), 0.0066080 secs] [Times: user=0.04 sys=0.00, real=0.00 secs] 
2014-07-28T18:43:08.715+0000: 1622.402: [GC [PSYoungGen: 99698K->320K(98560K)] 247566K->148252K(785536K), 0.0032760 secs] [Times: user=0.02 sys=0.00, real=0.00 secs] 
2014-07-28T18:43:09.395+0000: 1623.082: [GC [PSYoungGen: 98560K->320K(97216K)] 246492K->148260K(784192K), 0.0049690 secs] [Times: user=0.02 sys=0.01, real=0.00 secs] 
2014-07-28T18:43:10.069+0000: 1623.755: [GC [PSYoungGen: 97216K->256K(95872K)] 245156K->148252K(782848K), 0.0029310 secs] [Times: user=0.01 sys=0.00, real=0.00 secs] 
2014-07-28T18:43:10.732+0000: 1624.419: [GC [PSYoungGen: 95872K->416K(94784K)] 243868K->148500K(781760K), 0.0042390 secs] [Times: user=0.02 sys=0.00, real=0.01 secs] 
2014-07-28T18:43:11.386+0000: 1625.072: [GC [PSYoungGen: 94752K->288K(93440K)] 242836K->148404K(780416K), 0.0050590 secs] [Times: user=0.02 sys=0.00, real=0.01 secs] 
2014-07-28T18:43:12.031+0000: 1625.718: [GC [PSYoungGen: 93393K->370K(92288K)] 241509K->148550K(779264K), 0.0070260 secs] [Times: user=0.05 sys=0.00, real=0.01 secs] 
2014-07-28T18:43:12.669+0000: 1626.356: [GC [PSYoungGen: 92274K->448K(91200K)] 240454K->148724K(778176K), 0.0054010 secs] [Times: user=0.02 sys=0.01, real=0.00 secs] 
2014-07-28T18:43:13.296+0000: 1626.983: [GC [PSYoungGen: 91200K->256K(89856K)] 239476K->148556K(776832K), 0.0067470 secs] [Times: user=0.04 sys=0.00, real=0.00 secs] 
2014-07-28T18:43:13.918+0000: 1627.605: [GC [PSYoungGen: 89856K->352K(88832K)] 238156K->148716K(775808K), 0.0072280 secs] [Times: user=0.04 sys=0.00, real=0.00 secs] 
2014-07-28T18:43:14.532+0000: 1628.219: [GC [PSYoungGen: 88758K->370K(87744K)] 237122K->148814K(774720K), 0.0070630 secs] [Times: user=0.04 sys=0.00, real=0.01 secs] 
2014-07-28T18:43:15.139+0000: 1628.826: [GC [PSYoungGen: 87730K->384K(100736K)] 236174K->148852K(787712K), 0.0081320 secs] [Times: user=0.06 sys=0.00, real=0.01 secs] 
2014-07-28T18:43:15.837+0000: 1629.524: [GC [PSYoungGen: 100608K->352K(105344K)] 249076K->148884K(792320K), 0.0062400 secs] [Times: user=0.04 sys=0.00, real=0.00 secs] 
2014-07-28T18:43:16.576+0000: 1630.263: [GC [PSYoungGen: 105184K->448K(103808K)] 253716K->149084K(790784K), 0.0043910 secs] [Times: user=0.03 sys=0.00, real=0.01 secs] 
2014-07-28T18:43:17.291+0000: 1630.978: [GC [PSYoungGen: 103808K->128K(102016K)] 252444K->148966K(788992K), 0.0048000 secs] [Times: user=0.03 sys=0.00, real=0.00 secs] 
2014-07-28T18:43:18.002+0000: 1631.689: [GC [PSYoungGen: 102016K->384K(100864K)] 250854K->149254K(787840K), 0.0065180 secs] [Times: user=0.04 sys=0.01, real=0.01 secs] 
2014-07-28T18:43:18.697+0000: 1632.384: [GC [PSYoungGen: 100864K->256K(99328K)] 249734K->149182K(786304K), 0.0050290 secs] [Times: user=0.04 sys=0.00, real=0.01 secs] 
2014-07-28T18:43:19.385+0000: 1633.072: [GC [PSYoungGen: 99303K->352K(98112K)] 248229K->149302K(785088K), 0.0052990 secs] [Times: user=0.03 sys=0.00, real=0.01 secs] 
2014-07-28T18:43:20.056+0000: 1633.743: [GC [PSYoungGen: 98080K->288K(96768K)] 247030K->149302K(783744K), 0.0049710 secs] [Times: user=0.03 sys=0.00, real=0.01 secs] 
2014-07-28T18:43:20.726+0000: 1634.413: [GC [PSYoungGen: 96736K->192K(95360K)] 245750K->149254K(782336K), 0.0086160 secs] [Times: user=0.05 sys=0.00, real=0.01 secs] 
2014-07-28T18:43:21.383+0000: 1635.070: [GC [PSYoungGen: 95315K->434K(94336K)] 244377K->149504K(781312K), 0.0066060 secs] [Times: user=0.04 sys=0.00, real=0.01 secs] 
2014-07-28T18:43:22.032+0000: 1635.719: [GC [PSYoungGen: 94322K->242K(103872K)] 243392K->149352K(790848K), 0.0084640 secs] [Times: user=0.05 sys=0.00, real=0.01 secs] 
2014-07-28T18:43:22.752+0000: 1636.439: [GC [PSYoungGen: 103538K->466K(102336K)] 252648K->149672K(789312K), 0.0056150 secs] [Times: user=0.03 sys=0.00, real=0.01 secs] 
2014-07-28T18:43:23.460+0000: 1637.147: [GC [PSYoungGen: 102280K->370K(100800K)] 251486K->149600K(787776K), 0.0058100 secs] [Times: user=0.03 sys=0.00, real=0.00 secs] 
2014-07-28T18:43:24.156+0000: 1637.843: [GC [PSYoungGen: 100786K->320K(99392K)] 250016K->149622K(786368K), 0.0048960 secs] [Times: user=0.03 sys=0.00, real=0.01 secs] 
2014-07-28T18:43:24.841+0000: 1638.528: [GC [PSYoungGen: 99392K->416K(98176K)] 248694K->149806K(785152K), 0.0044810 secs] [Times: user=0.02 sys=0.00, real=0.00 secs] 
2014-07-28T18:43:25.518+0000: 1639.205: [GC [PSYoungGen: 98144K->448K(96896K)] 247534K->149942K(783872K), 0.0055190 secs] [Times: user=0.04 sys=0.00, real=0.00 secs] 
2014-07-28T18:43:26.183+0000: 1639.870: [GC [PSYoungGen: 96896K->384K(95552K)] 246390K->149886K(782528K), 0.0065290 secs] [Times: user=0.03 sys=0.00, real=0.01 secs] 
2014-07-28T18:43:26.847+0000: 1640.534: [GC [PSYoungGen: 95552K->320K(94208K)] 245054K->149894K(781184K), 0.0054910 secs] [Times: user=0.04 sys=0.00, real=0.01 secs] 
2014-07-28T18:43:27.497+0000: 1641.184: [GC [PSYoungGen: 94208K->320K(92992K)] 243782K->149950K(779968K), 0.0061380 secs] [Times: user=0.04 sys=0.00, real=0.01 secs] 
2014-07-28T18:43:28.144+0000: 1641.831: [GC [PSYoungGen: 92966K->384K(91840K)] 242596K->150030K(778816K), 0.0047660 secs] [Times: user=0.02 sys=0.00, real=0.01 secs] 
2014-07-28T18:43:28.776+0000: 1642.462: [GC [PSYoungGen: 91840K->320K(90624K)] 241486K->150038K(777600K), 0.0082600 secs] [Times: user=0.04 sys=0.01, real=0.01 secs] 
2014-07-28T18:43:29.399+0000: 1643.086: [GC [PSYoungGen: 90591K->288K(89472K)] 240309K->150022K(776448K), 0.0027840 secs] [Times: user=0.01 sys=0.00, real=0.00 secs] 
2014-07-28T18:43:30.019+0000: 1643.706: [GC [PSYoungGen: 89440K->416K(88512K)] 239174K->150230K(775488K), 0.0059270 secs] [Times: user=0.03 sys=0.00, real=0.00 secs] 
2014-07-28T18:43:30.632+0000: 1644.318: [GC [PSYoungGen: 88479K->416K(87424K)] 238293K->150334K(774400K), 0.0063480 secs] [Times: user=0.04 sys=0.00, real=0.00 secs] 
2014-07-28T18:43:31.235+0000: 1644.922: [GC [PSYoungGen: 87392K->256K(86144K)] 237310K->150198K(773120K), 0.0065140 secs] [Times: user=0.04 sys=0.00, real=0.01 secs] 
2014-07-28T18:43:31.825+0000: 1645.512: [GC [PSYoungGen: 86144K->352K(85248K)] 236086K->150366K(772224K), 0.0050690 secs] [Times: user=0.02 sys=0.00, real=0.01 secs] 
2014-07-28T18:43:32.412+0000: 1646.099: [GC [PSYoungGen: 85216K->320K(84160K)] 235230K->150406K(771136K), 0.0056390 secs] [Times: user=0.03 sys=0.00, real=0.00 secs] 
2014-07-28T18:43:32.995+0000: 1646.682: [GC [PSYoungGen: 84160K->352K(83200K)] 234246K->150470K(770176K), 0.0043680 secs] [Times: user=0.03 sys=0.00, real=0.01 secs] 
2014-07-28T18:43:33.570+0000: 1647.257: [GC [PSYoungGen: 83166K->370K(82240K)] 233284K->150544K(769216K), 0.0054050 secs] [Times: user=0.03 sys=0.00, real=0.00 secs] 
2014-07-28T18:43:34.136+0000: 1647.823: [GC [PSYoungGen: 82226K->320K(81216K)] 232400K->150510K(768192K), 0.0039990 secs] [Times: user=0.02 sys=0.00, real=0.01 secs] 
2014-07-28T18:43:34.695+0000: 1648.382: [GC [PSYoungGen: 81216K->384K(80320K)] 231406K->150670K(767296K), 0.0046500 secs] [Times: user=0.03 sys=0.00, real=0.01 secs] 
2014-07-28T18:43:35.248+0000: 1648.935: [GC [PSYoungGen: 80320K->384K(79424K)] 230606K->150718K(766400K), 0.0045550 secs] [Times: user=0.02 sys=0.01, real=0.01 secs] 
2014-07-28T18:43:35.795+0000: 1649.482: [GC [PSYoungGen: 79408K->448K(78592K)] 229742K->150854K(765568K), 0.0034070 secs] [Times: user=0.02 sys=0.00, real=0.00 secs] 
2014-07-28T18:43:36.336+0000: 1650.023: [GC [PSYoungGen: 78592K->256K(77504K)] 228998K->150830K(764480K), 0.0070190 secs] [Times: user=0.04 sys=0.00, real=0.01 secs] 
2014-07-28T18:43:36.874+0000: 1650.561: [GC [PSYoungGen: 77504K->320K(76736K)] 228078K->150934K(763712K), 0.0057800 secs] [Times: user=0.04 sys=0.00, real=0.01 secs] 
2014-07-28T18:43:37.402+0000: 1651.089: [GC [PSYoungGen: 76706K->384K(75968K)] 227320K->151062K(762944K), 0.0047980 secs] [Times: user=0.02 sys=0.00, real=0.00 secs] 
2014-07-28T18:43:37.925+0000: 1651.612: [GC [PSYoungGen: 75968K->352K(75136K)] 226646K->151062K(762112K), 0.0055590 secs] [Times: user=0.04 sys=0.00, real=0.01 secs] 
2014-07-28T18:43:38.441+0000: 1652.128: [GC [PSYoungGen: 75069K->320K(74240K)] 225779K->151126K(761216K), 0.0037080 secs] [Times: user=0.02 sys=0.00, real=0.00 secs] 
2014-07-28T18:43:38.954+0000: 1652.641: [GC [PSYoungGen: 74240K->384K(73536K)] 225046K->151222K(760512K), 0.0046800 secs] [Times: user=0.03 sys=0.00, real=0.00 secs] 
2014-07-28T18:43:39.459+0000: 1653.146: [GC [PSYoungGen: 73523K->352K(88192K)] 224361K->151278K(775168K), 0.0090900 secs] [Times: user=0.06 sys=0.00, real=0.01 secs] 
2014-07-28T18:43:40.067+0000: 1653.754: [GC [PSYoungGen: 88160K->256K(86976K)] 239086K->151198K(773952K), 0.0030910 secs] [Times: user=0.02 sys=0.00, real=0.01 secs] 
2014-07-28T18:43:40.669+0000: 1654.356: [GC [PSYoungGen: 86976K->416K(86080K)] 237918K->151422K(773056K), 0.0044520 secs] [Times: user=0.02 sys=0.00, real=0.01 secs] 
2014-07-28T18:43:41.263+0000: 1654.949: [GC [PSYoungGen: 86048K->288K(84928K)] 237054K->151318K(771904K), 0.0057520 secs] [Times: user=0.03 sys=0.00, real=0.00 secs] 
2014-07-28T18:43:41.848+0000: 1655.535: [GC [PSYoungGen: 84896K->320K(83904K)] 235926K->151422K(770880K), 0.0073790 secs] [Times: user=0.05 sys=0.00, real=0.01 secs] 
2014-07-28T18:43:42.428+0000: 1656.115: [GC [PSYoungGen: 83904K->256K(82880K)] 235006K->151382K(769856K), 0.0037180 secs] [Times: user=0.02 sys=0.00, real=0.01 secs] 
2014-07-28T18:43:43.001+0000: 1656.688: [GC [PSYoungGen: 82880K->224K(81920K)] 234006K->151382K(768896K), 0.0033440 secs] [Times: user=0.02 sys=0.01, real=0.00 secs] 
2014-07-28T18:43:43.569+0000: 1657.255: [GC [PSYoungGen: 81888K->448K(81152K)] 233046K->151718K(768128K), 0.0046020 secs] [Times: user=0.03 sys=0.00, real=0.01 secs] 
2014-07-28T18:43:44.125+0000: 1657.812: [GC [PSYoungGen: 81152K->384K(80128K)] 232422K->151710K(767104K), 0.0046500 secs] [Times: user=0.03 sys=0.00, real=0.00 secs] 
2014-07-28T18:43:44.677+0000: 1658.364: [GC [PSYoungGen: 80128K->352K(79232K)] 231454K->151766K(766208K), 0.0049070 secs] [Times: user=0.03 sys=0.00, real=0.01 secs] 
2014-07-28T18:43:45.220+0000: 1658.907: [GC [PSYoungGen: 79200K->224K(78208K)] 230614K->151646K(765184K), 0.0044210 secs] [Times: user=0.02 sys=0.00, real=0.01 secs] 
2014-07-28T18:43:45.758+0000: 1659.444: [GC [PSYoungGen: 78176K->256K(77312K)] 229598K->151734K(764288K), 0.0039250 secs] [Times: user=0.02 sys=0.00, real=0.01 secs] 
2014-07-28T18:43:46.293+0000: 1659.980: [GC [PSYoungGen: 77312K->320K(76544K)] 228790K->151846K(763520K), 0.0042340 secs] [Times: user=0.02 sys=0.01, real=0.00 secs] 
2014-07-28T18:43:46.822+0000: 1660.509: [GC [PSYoungGen: 76544K->448K(75840K)] 228070K->152062K(762816K), 0.0032600 secs] [Times: user=0.02 sys=0.00, real=0.00 secs] 
2014-07-28T18:43:47.347+0000: 1661.034: [GC [PSYoungGen: 75796K->224K(74816K)] 227410K->151878K(761792K), 0.0027500 secs] [Times: user=0.02 sys=0.00, real=0.00 secs] 
2014-07-28T18:43:47.863+0000: 1661.549: [GC [PSYoungGen: 74784K->320K(74048K)] 226438K->152006K(761024K), 0.0037020 secs] [Times: user=0.02 sys=0.00, real=0.00 secs] 
2014-07-28T18:43:48.372+0000: 1662.059: [GC [PSYoungGen: 74048K->224K(73216K)] 225734K->151958K(760192K), 0.0041710 secs] [Times: user=0.02 sys=0.00, real=0.00 secs] 
2014-07-28T18:43:48.881+0000: 1662.568: [GC [PSYoungGen: 73184K->224K(72448K)] 224918K->151982K(759424K), 0.0030560 secs] [Times: user=0.02 sys=0.00, real=0.01 secs] 
2014-07-28T18:43:49.377+0000: 1663.064: [GC [PSYoungGen: 72416K->224K(71680K)] 224174K->151998K(758656K), 0.0043370 secs] [Times: user=0.01 sys=0.01, real=0.00 secs] 
2014-07-28T18:43:49.869+0000: 1663.556: [GC [PSYoungGen: 71648K->160K(70848K)] 223422K->151958K(757824K), 0.0037160 secs] [Times: user=0.01 sys=0.00, real=0.01 secs] 
2014-07-28T18:43:50.359+0000: 1664.046: [GC [PSYoungGen: 70816K->224K(85056K)] 222614K->152062K(772032K), 0.0102310 secs] [Times: user=0.06 sys=0.01, real=0.01 secs] 
2014-07-28T18:43:50.951+0000: 1664.638: [GC [PSYoungGen: 85024K->416K(102208K)] 236862K->152270K(789184K), 0.0071990 secs] [Times: user=0.05 sys=0.01, real=0.01 secs] 
2014-07-28T18:43:51.651+0000: 1665.338: [GC [PSYoungGen: 102176K->320K(100672K)] 254030K->152214K(787648K), 0.0036650 secs] [Times: user=0.01 sys=0.00, real=0.01 secs] 
2014-07-28T18:43:52.347+0000: 1666.034: [GC [PSYoungGen: 100672K->352K(99392K)] 252566K->152278K(786368K), 0.0043050 secs] [Times: user=0.02 sys=0.00, real=0.00 secs] 
2014-07-28T18:43:53.032+0000: 1666.718: [GC [PSYoungGen: 99323K->224K(97920K)] 251249K->152198K(784896K), 0.0049680 secs] [Times: user=0.02 sys=0.00, real=0.01 secs] 
2014-07-28T18:43:53.707+0000: 1667.394: [GC [PSYoungGen: 97888K->224K(96640K)] 249862K->152246K(783616K), 0.0042860 secs] [Times: user=0.02 sys=0.01, real=0.00 secs] 
2014-07-28T18:43:54.373+0000: 1668.060: [GC [PSYoungGen: 96608K->288K(95424K)] 248630K->152334K(782400K), 0.0043890 secs] [Times: user=0.03 sys=0.00, real=0.00 secs] 
2014-07-28T18:43:55.032+0000: 1668.719: [GC [PSYoungGen: 95392K->352K(94208K)] 247438K->152486K(781184K), 0.0035800 secs] [Times: user=0.02 sys=0.00, real=0.00 secs] 
2014-07-28T18:43:55.681+0000: 1669.368: [GC [PSYoungGen: 94175K->356K(92992K)] 246309K->152570K(779968K), 0.0042360 secs] [Times: user=0.02 sys=0.00, real=0.01 secs] 
2014-07-28T18:43:56.325+0000: 1670.012: [GC [PSYoungGen: 92964K->256K(91648K)] 245178K->152486K(778624K), 0.0030830 secs] [Times: user=0.01 sys=0.00, real=0.00 secs] 
2014-07-28T18:43:56.960+0000: 1670.647: [GC [PSYoungGen: 91648K->256K(90496K)] 243878K->152550K(777472K), 0.0058370 secs] [Times: user=0.03 sys=0.00, real=0.01 secs] 
2014-07-28T18:43:57.586+0000: 1671.273: [GC [PSYoungGen: 90494K->224K(89344K)] 242788K->152566K(776320K), 0.0041650 secs] [Times: user=0.02 sys=0.01, real=0.00 secs] 
2014-07-28T18:43:58.202+0000: 1671.889: [GC [PSYoungGen: 89312K->448K(88448K)] 241654K->152798K(775424K), 0.0038640 secs] [Times: user=0.02 sys=0.00, real=0.01 secs] 
2014-07-28T18:43:58.812+0000: 1672.499: [GC [PSYoungGen: 88448K->352K(87296K)] 240798K->152758K(774272K), 0.0062260 secs] [Times: user=0.04 sys=0.00, real=0.01 secs] 
2014-07-28T18:43:59.415+0000: 1673.102: [GC [PSYoungGen: 87264K->256K(86080K)] 239670K->152726K(773056K), 0.0022640 secs] [Times: user=0.00 sys=0.00, real=0.00 secs] 
2014-07-28T18:44:00.011+0000: 1673.698: [GC [PSYoungGen: 86069K->224K(85056K)] 238539K->152742K(772032K), 0.0030710 secs] [Times: user=0.01 sys=0.00, real=0.01 secs] 
2014-07-28T18:44:00.598+0000: 1674.285: [GC [PSYoungGen: 85024K->352K(84160K)] 237542K->152958K(771136K), 0.0058460 secs] [Times: user=0.03 sys=0.01, real=0.01 secs] 
2014-07-28T18:44:01.180+0000: 1674.867: [GC [PSYoungGen: 84081K->402K(83200K)] 236687K->153040K(770176K), 0.0053870 secs] [Times: user=0.03 sys=0.00, real=0.01 secs] 
2014-07-28T18:44:01.754+0000: 1675.441: [GC [PSYoungGen: 83151K->242K(82048K)] 235789K->153008K(769024K), 0.0049020 secs] [Times: user=0.03 sys=0.00, real=0.00 secs] 
2014-07-28T18:44:02.318+0000: 1676.005: [GC [PSYoungGen: 82034K->448K(81280K)] 234800K->153286K(768256K), 0.0052500 secs] [Times: user=0.02 sys=0.01, real=0.00 secs] 
2014-07-28T18:44:02.875+0000: 1676.561: [GC [PSYoungGen: 81280K->192K(80064K)] 234118K->153078K(767040K), 0.0039950 secs] [Times: user=0.02 sys=0.00, real=0.00 secs] 
2014-07-28T18:44:03.429+0000: 1677.116: [GC [PSYoungGen: 80064K->416K(79424K)] 232950K->153406K(766400K), 0.0051790 secs] [Times: user=0.03 sys=0.00, real=0.01 secs] 
2014-07-28T18:44:03.979+0000: 1677.666: [GC [PSYoungGen: 79392K->288K(78400K)] 232382K->153302K(765376K), 0.0083870 secs] [Times: user=0.05 sys=0.00, real=0.01 secs] 
2014-07-28T18:44:04.520+0000: 1678.206: [GC [PSYoungGen: 78368K->256K(77440K)] 231382K->153326K(764416K), 0.0039750 secs] [Times: user=0.01 sys=0.01, real=0.00 secs] 
2014-07-28T18:44:05.056+0000: 1678.743: [GC [PSYoungGen: 77440K->224K(76608K)] 230510K->153318K(763584K), 0.0059670 secs] [Times: user=0.03 sys=0.00, real=0.00 secs] 
2014-07-28T18:44:05.584+0000: 1679.271: [GC [PSYoungGen: 76576K->352K(75904K)] 229670K->153526K(762880K), 0.0035260 secs] [Times: user=0.02 sys=0.00, real=0.00 secs] 
2014-07-28T18:44:06.105+0000: 1679.792: [GC [PSYoungGen: 75872K->224K(74944K)] 229046K->153414K(761920K), 0.0044260 secs] [Times: user=0.02 sys=0.00, real=0.00 secs] 
2014-07-28T18:44:06.626+0000: 1680.313: [GC [PSYoungGen: 74878K->224K(74112K)] 228068K->153462K(761088K), 0.0034580 secs] [Times: user=0.01 sys=0.00, real=0.00 secs] 
2014-07-28T18:44:07.135+0000: 1680.822: [GC [PSYoungGen: 74080K->416K(73536K)] 227318K->153662K(760512K), 0.0034750 secs] [Times: user=0.02 sys=0.00, real=0.00 secs] 
2014-07-28T18:44:07.642+0000: 1681.329: [GC [PSYoungGen: 73504K->448K(72768K)] 226750K->153806K(759744K), 0.0028450 secs] [Times: user=0.01 sys=0.01, real=0.01 secs] 
2014-07-28T18:44:08.142+0000: 1681.829: [GC [PSYoungGen: 72768K->320K(71872K)] 226126K->153760K(758848K), 0.0048140 secs] [Times: user=0.03 sys=0.00, real=0.01 secs] 
2014-07-28T18:44:08.637+0000: 1682.324: [GC [PSYoungGen: 71872K->352K(71168K)] 225312K->153864K(758144K), 0.0050340 secs] [Times: user=0.03 sys=0.01, real=0.00 secs] 
2014-07-28T18:44:09.125+0000: 1682.812: [GC [PSYoungGen: 71098K->384K(70464K)] 224610K->153912K(757440K), 0.0058540 secs] [Times: user=0.04 sys=0.00, real=0.00 secs] 
2014-07-28T18:44:09.611+0000: 1683.298: [GC [PSYoungGen: 70464K->256K(84352K)] 223992K->153848K(771328K), 0.0068800 secs] [Times: user=0.05 sys=0.00, real=0.01 secs] 
2014-07-28T18:44:10.198+0000: 1683.885: [GC [PSYoungGen: 84306K->224K(83328K)] 237898K->153848K(770304K), 0.0054450 secs] [Times: user=0.04 sys=0.00, real=0.00 secs] 
2014-07-28T18:44:10.771+0000: 1684.458: [GC [PSYoungGen: 83296K->352K(82496K)] 236920K->154056K(769472K), 0.0028220 secs] [Times: user=0.01 sys=0.01, real=0.00 secs] 
2014-07-28T18:44:11.341+0000: 1685.028: [GC [PSYoungGen: 82464K->256K(81408K)] 236168K->153992K(768384K), 0.0037000 secs] [Times: user=0.01 sys=0.01, real=0.00 secs] 
2014-07-28T18:44:11.905+0000: 1685.591: [GC [PSYoungGen: 81408K->320K(80512K)] 235144K->154128K(767488K), 0.0026450 secs] [Times: user=0.02 sys=0.00, real=0.01 secs] 
2014-07-28T18:44:12.458+0000: 1686.144: [GC [PSYoungGen: 80473K->416K(79744K)] 234281K->154312K(766720K), 0.0046370 secs] [Times: user=0.03 sys=0.00, real=0.00 secs] 
2014-07-28T18:44:13.009+0000: 1686.696: [GC [PSYoungGen: 79712K->352K(78784K)] 233608K->154272K(765760K), 0.0074370 secs] [Times: user=0.04 sys=0.01, real=0.01 secs] 
2014-07-28T18:44:13.549+0000: 1687.235: [GC [PSYoungGen: 78744K->306K(77824K)] 232664K->154274K(764800K), 0.0046240 secs] [Times: user=0.03 sys=0.00, real=0.00 secs] 
2014-07-28T18:44:14.084+0000: 1687.771: [GC [PSYoungGen: 77810K->384K(77056K)] 231778K->154360K(764032K), 0.0029590 secs] [Times: user=0.01 sys=0.00, real=0.01 secs] 
2014-07-28T18:44:14.614+0000: 1688.301: [GC [PSYoungGen: 77056K->192K(76032K)] 231032K->154200K(763008K), 0.0027220 secs] [Times: user=0.01 sys=0.01, real=0.01 secs] 
2014-07-28T18:44:15.137+0000: 1688.824: [GC [PSYoungGen: 76032K->224K(75264K)] 230040K->154264K(762240K), 0.0025240 secs] [Times: user=0.02 sys=0.00, real=0.00 secs] 
2014-07-28T18:44:15.657+0000: 1689.344: [GC [PSYoungGen: 75232K->256K(74432K)] 229272K->154352K(761408K), 0.0069480 secs] [Times: user=0.04 sys=0.00, real=0.00 secs] 
2014-07-28T18:44:16.168+0000: 1689.855: [GC [PSYoungGen: 74432K->320K(73728K)] 228528K->154424K(760704K), 0.0030690 secs] [Times: user=0.01 sys=0.00, real=0.00 secs] 
2014-07-28T18:44:16.681+0000: 1690.368: [GC [PSYoungGen: 73728K->416K(73088K)] 227832K->154608K(760064K), 0.0043230 secs] [Times: user=0.03 sys=0.00, real=0.00 secs] 
2014-07-28T18:44:17.184+0000: 1690.870: [GC [PSYoungGen: 73056K->320K(72192K)] 227248K->154528K(759168K), 0.0043660 secs] [Times: user=0.02 sys=0.00, real=0.01 secs] 
2014-07-28T18:44:17.683+0000: 1691.370: [GC [PSYoungGen: 72192K->320K(71424K)] 226400K->154608K(758400K), 0.0044300 secs] [Times: user=0.02 sys=0.00, real=0.01 secs] 
2014-07-28T18:44:18.177+0000: 1691.864: [GC [PSYoungGen: 71424K->224K(70592K)] 225712K->154528K(757568K), 0.0049110 secs] [Times: user=0.02 sys=0.00, real=0.00 secs] 
2014-07-28T18:44:18.664+0000: 1692.351: [GC [PSYoungGen: 70560K->288K(69952K)] 224864K->154656K(756928K), 0.0032240 secs] [Times: user=0.01 sys=0.00, real=0.01 secs] 
2014-07-28T18:44:19.145+0000: 1692.832: [GC [PSYoungGen: 69920K->320K(69248K)] 224288K->154704K(756224K), 0.0056510 secs] [Times: user=0.03 sys=0.00, real=0.01 secs] 
2014-07-28T18:44:19.621+0000: 1693.308: [GC [PSYoungGen: 69248K->352K(68608K)] 223632K->154824K(755584K), 0.0056160 secs] [Times: user=0.04 sys=0.00, real=0.01 secs] 
2014-07-28T18:44:20.093+0000: 1693.780: [GC [PSYoungGen: 68576K->352K(67904K)] 223048K->154840K(754880K), 0.0039590 secs] [Times: user=0.02 sys=0.00, real=0.01 secs] 
2014-07-28T18:44:20.563+0000: 1694.250: [GC [PSYoungGen: 67872K->288K(67200K)] 222360K->154824K(754176K), 0.0055130 secs] [Times: user=0.03 sys=0.00, real=0.01 secs] 
2014-07-28T18:44:21.026+0000: 1694.713: [GC [PSYoungGen: 67168K->416K(66688K)] 221704K->155008K(753664K), 0.0043740 secs] [Times: user=0.03 sys=0.00, real=0.01 secs] 
2014-07-28T18:44:21.481+0000: 1695.168: [GC [PSYoungGen: 66655K->192K(79680K)] 221247K->154840K(766656K), 0.0083050 secs] [Times: user=0.05 sys=0.00, real=0.01 secs] 
2014-07-28T18:44:22.033+0000: 1695.719: [GC [PSYoungGen: 79680K->338K(78976K)] 234328K->155002K(765952K), 0.0024190 secs] [Times: user=0.02 sys=0.00, real=0.00 secs] 
2014-07-28T18:44:22.578+0000: 1696.265: [GC [PSYoungGen: 78930K->256K(77952K)] 233594K->154984K(764928K), 0.0051140 secs] [Times: user=0.03 sys=0.00, real=0.00 secs] 
2014-07-28T18:44:23.115+0000: 1696.802: [GC [PSYoungGen: 77952K->320K(77120K)] 232680K->155056K(764096K), 0.0025070 secs] [Times: user=0.02 sys=0.00, real=0.01 secs] 
2014-07-28T18:44:23.644+0000: 1697.331: [GC [PSYoungGen: 77120K->224K(76224K)] 231856K->155008K(763200K), 0.0025240 secs] [Times: user=0.01 sys=0.01, real=0.00 secs] 
2014-07-28T18:44:24.171+0000: 1697.858: [GC [PSYoungGen: 76192K->256K(75392K)] 230976K->155056K(762368K), 0.0059060 secs] [Times: user=0.03 sys=0.00, real=0.01 secs] 
2014-07-28T18:44:24.695+0000: 1698.382: [GC [PSYoungGen: 75392K->224K(74560K)] 230192K->155072K(761536K), 0.0033400 secs] [Times: user=0.01 sys=0.00, real=0.01 secs] 
2014-07-28T18:44:25.206+0000: 1698.893: [GC [PSYoungGen: 74528K->448K(73984K)] 229376K->155320K(760960K), 0.0036180 secs] [Times: user=0.02 sys=0.00, real=0.01 secs] 
2014-07-28T18:44:25.715+0000: 1699.402: [GC [PSYoungGen: 73984K->256K(73024K)] 228856K->155208K(760000K), 0.0053010 secs] [Times: user=0.03 sys=0.00, real=0.01 secs] 
2014-07-28T18:44:26.217+0000: 1699.903: [GC [PSYoungGen: 73024K->288K(72320K)] 227976K->155296K(759296K), 0.0040020 secs] [Times: user=0.02 sys=0.00, real=0.01 secs] 
2014-07-28T18:44:26.714+0000: 1700.401: [GC [PSYoungGen: 72288K->288K(71552K)] 227296K->155368K(758528K), 0.0052320 secs] [Times: user=0.03 sys=0.01, real=0.01 secs] 
2014-07-28T18:44:27.208+0000: 1700.895: [GC [PSYoungGen: 71520K->512K(70976K)] 226600K->155632K(757952K), 0.0046470 secs] [Times: user=0.04 sys=0.00, real=0.00 secs] 
2014-07-28T18:44:27.698+0000: 1701.385: [GC [PSYoungGen: 70974K->256K(70016K)] 226094K->155528K(756992K), 0.0052410 secs] [Times: user=0.03 sys=0.00, real=0.00 secs] 
2014-07-28T18:44:28.181+0000: 1701.867: [GC [PSYoungGen: 70016K->434K(69504K)] 225288K->155738K(756480K), 0.0043130 secs] [Times: user=0.03 sys=0.00, real=0.00 secs] 
2014-07-28T18:44:28.662+0000: 1702.349: [GC [PSYoungGen: 69462K->288K(68672K)] 224766K->155682K(755648K), 0.0058410 secs] [Times: user=0.03 sys=0.00, real=0.00 secs] 
2014-07-28T18:44:29.152+0000: 1702.839: [GC [PSYoungGen: 68640K->352K(68032K)] 224034K->155770K(755008K), 0.0026430 secs] [Times: user=0.01 sys=0.00, real=0.00 secs] 
2014-07-28T18:44:29.599+0000: 1703.286: [GC [PSYoungGen: 68000K->352K(67392K)] 223418K->155850K(754368K), 0.0031830 secs] [Times: user=0.01 sys=0.01, real=0.00 secs] 
2014-07-28T18:44:30.064+0000: 1703.751: [GC [PSYoungGen: 67360K->224K(66624K)] 222858K->155754K(753600K), 0.0033920 secs] [Times: user=0.01 sys=0.00, real=0.00 secs] 
2014-07-28T18:44:30.522+0000: 1704.209: [GC [PSYoungGen: 66592K->384K(66112K)] 222122K->155986K(753088K), 0.0046770 secs] [Times: user=0.03 sys=0.00, real=0.00 secs] 
2014-07-28T18:44:30.979+0000: 1704.666: [GC [PSYoungGen: 66112K->192K(65280K)] 221714K->155810K(752256K), 0.0054380 secs] [Times: user=0.02 sys=0.00, real=0.00 secs] 
2014-07-28T18:44:31.428+0000: 1705.115: [GC [PSYoungGen: 65280K->448K(64896K)] 220898K->156154K(751872K), 0.0049430 secs] [Times: user=0.03 sys=0.00, real=0.00 secs] 
2014-07-28T18:44:31.878+0000: 1705.565: [GC [PSYoungGen: 64896K->416K(77824K)] 220602K->156146K(764800K), 0.0054420 secs] [Times: user=0.04 sys=0.00, real=0.00 secs] 
2014-07-28T18:44:32.415+0000: 1706.102: [GC [PSYoungGen: 77792K->320K(76864K)] 233522K->156122K(763840K), 0.0039870 secs] [Times: user=0.03 sys=0.00, real=0.01 secs] 
2014-07-28T18:44:32.944+0000: 1706.630: [GC [PSYoungGen: 76864K->320K(76032K)] 232666K->156170K(763008K), 0.0050430 secs] [Times: user=0.04 sys=0.00, real=0.01 secs] 
2014-07-28T18:44:33.469+0000: 1707.156: [GC [PSYoungGen: 76032K->160K(75072K)] 231882K->156026K(762048K), 0.0042030 secs] [Times: user=0.01 sys=0.01, real=0.00 secs] 
2014-07-28T18:44:33.989+0000: 1707.676: [GC [PSYoungGen: 75040K->320K(88000K)] 230906K->156202K(774976K), 0.0123990 secs] [Times: user=0.07 sys=0.00, real=0.01 secs] 
2014-07-28T18:44:34.596+0000: 1708.283: [GC [PSYoungGen: 87744K->384K(90304K)] 243626K->156362K(777280K), 0.0032900 secs] [Times: user=0.02 sys=0.01, real=0.01 secs] 
2014-07-28T18:44:35.217+0000: 1708.904: [GC [PSYoungGen: 90154K->192K(88832K)] 246132K->156186K(775808K), 0.0049720 secs] [Times: user=0.01 sys=0.01, real=0.01 secs] 
2014-07-28T18:44:35.833+0000: 1709.520: [GC [PSYoungGen: 88832K->256K(89920K)] 244826K->156306K(776896K), 0.0066610 secs] [Times: user=0.04 sys=0.01, real=0.01 secs] 
2014-07-28T18:44:36.451+0000: 1710.138: [GC [PSYoungGen: 89728K->256K(88576K)] 245778K->156370K(775552K), 0.0031420 secs] [Times: user=0.02 sys=0.01, real=0.00 secs] 
2014-07-28T18:44:37.062+0000: 1710.749: [GC [PSYoungGen: 88576K->224K(87488K)] 244690K->156370K(774464K), 0.0059180 secs] [Times: user=0.03 sys=0.00, real=0.00 secs] 
2014-07-28T18:44:37.666+0000: 1711.353: [GC [PSYoungGen: 87456K->224K(86400K)] 243602K->156418K(773376K), 0.0057360 secs] [Times: user=0.03 sys=0.01, real=0.01 secs] 
2014-07-28T18:44:38.263+0000: 1711.950: [GC [PSYoungGen: 86368K->384K(85504K)] 242562K->156594K(772480K), 0.0034520 secs] [Times: user=0.02 sys=0.00, real=0.00 secs] 
2014-07-28T18:44:38.854+0000: 1712.541: [GC [PSYoungGen: 85504K->352K(84480K)] 241714K->156642K(771456K), 0.0046100 secs] [Times: user=0.02 sys=0.00, real=0.00 secs] 
2014-07-28T18:44:39.440+0000: 1713.127: [GC [PSYoungGen: 84448K->288K(83392K)] 240738K->156634K(770368K), 0.0058560 secs] [Times: user=0.04 sys=0.01, real=0.00 secs] 
2014-07-28T18:44:40.016+0000: 1713.703: [GC [PSYoungGen: 83360K->288K(82432K)] 239706K->156666K(769408K), 0.0085140 secs] [Times: user=0.06 sys=0.00, real=0.01 secs] 
2014-07-28T18:44:40.586+0000: 1714.273: [GC [PSYoungGen: 82400K->256K(81408K)] 238778K->156674K(768384K), 0.0048780 secs] [Times: user=0.03 sys=0.00, real=0.01 secs] 
2014-07-28T18:44:41.146+0000: 1714.833: [GC [PSYoungGen: 81408K->288K(88384K)] 237826K->156730K(775360K), 0.0079830 secs] [Times: user=0.04 sys=0.00, real=0.01 secs] 
2014-07-28T18:44:41.756+0000: 1715.443: [GC [PSYoungGen: 88160K->352K(87168K)] 244602K->156882K(774144K), 0.0040050 secs] [Times: user=0.02 sys=0.00, real=0.01 secs] 
2014-07-28T18:44:42.363+0000: 1716.050: [GC [PSYoungGen: 87119K->480K(86208K)] 243649K->157018K(773184K), 0.0045210 secs] [Times: user=0.02 sys=0.00, real=0.00 secs] 
2014-07-28T18:44:42.951+0000: 1716.638: [GC [PSYoungGen: 86176K->192K(84864K)] 242714K->156794K(771840K), 0.0055980 secs] [Times: user=0.02 sys=0.00, real=0.00 secs] 
2014-07-28T18:44:43.535+0000: 1717.222: [GC [PSYoungGen: 84864K->224K(83904K)] 241466K->156882K(770880K), 0.0028180 secs] [Times: user=0.02 sys=0.00, real=0.00 secs] 
2014-07-28T18:44:44.117+0000: 1717.803: [GC [PSYoungGen: 83872K->288K(82944K)] 240530K->156954K(769920K), 0.0026230 secs] [Times: user=0.01 sys=0.00, real=0.00 secs] 
2014-07-28T18:44:44.690+0000: 1718.377: [GC [PSYoungGen: 82912K->256K(81920K)] 239578K->156986K(768896K), 0.0031940 secs] [Times: user=0.02 sys=0.00, real=0.00 secs] 
2014-07-28T18:44:45.253+0000: 1718.940: [GC [PSYoungGen: 81875K->512K(81216K)] 238605K->157258K(768192K), 0.0032540 secs] [Times: user=0.02 sys=0.00, real=0.00 secs] 
2014-07-28T18:44:45.813+0000: 1719.500: [GC [PSYoungGen: 81216K->384K(80128K)] 237962K->157226K(767104K), 0.0025820 secs] [Times: user=0.02 sys=0.00, real=0.00 secs] 
2014-07-28T18:44:46.366+0000: 1720.053: [GC [PSYoungGen: 80128K->320K(79168K)] 236970K->157282K(766144K), 0.0031730 secs] [Times: user=0.02 sys=0.00, real=0.00 secs] 
2014-07-28T18:44:46.912+0000: 1720.598: [GC [PSYoungGen: 79168K->288K(78272K)] 236130K->157314K(765248K), 0.0045060 secs] [Times: user=0.03 sys=0.00, real=0.00 secs] 
2014-07-28T18:44:47.452+0000: 1721.139: [GC [PSYoungGen: 78240K->320K(77376K)] 235266K->157426K(764352K), 0.0036560 secs] [Times: user=0.02 sys=0.00, real=0.00 secs] 
2014-07-28T18:44:47.984+0000: 1721.671: [GC [PSYoungGen: 77375K->160K(76416K)] 234482K->157290K(763392K), 0.0030970 secs] [Times: user=0.01 sys=0.00, real=0.00 secs] 
2014-07-28T18:44:48.510+0000: 1722.197: [GC [PSYoungGen: 76384K->224K(75648K)] 233514K->157402K(762624K), 0.0038250 secs] [Times: user=0.02 sys=0.00, real=0.01 secs] 
2014-07-28T18:44:49.034+0000: 1722.720: [GC [PSYoungGen: 75582K->416K(75008K)] 232761K->157602K(761984K), 0.0031670 secs] [Times: user=0.02 sys=0.00, real=0.00 secs] 
2014-07-28T18:44:49.549+0000: 1723.236: [GC [PSYoungGen: 74935K->352K(74112K)] 232121K->157618K(761088K), 0.0031220 secs] [Times: user=0.02 sys=0.00, real=0.01 secs] 
2014-07-28T18:44:50.058+0000: 1723.745: [GC [PSYoungGen: 74080K->192K(73152K)] 231346K->157474K(760128K), 0.0096550 secs] [Times: user=0.04 sys=0.00, real=0.01 secs] 
2014-07-28T18:44:50.564+0000: 1724.251: [GC [PSYoungGen: 73152K->320K(72512K)] 230434K->157666K(759488K), 0.0035780 secs] [Times: user=0.01 sys=0.00, real=0.00 secs] 
2014-07-28T18:44:51.063+0000: 1724.750: [GC [PSYoungGen: 72512K->352K(71808K)] 229858K->157714K(758784K), 0.0036080 secs] [Times: user=0.02 sys=0.00, real=0.00 secs] 
2014-07-28T18:44:51.558+0000: 1725.245: [GC [PSYoungGen: 71776K->416K(71104K)] 229138K->157866K(758080K), 0.0024090 secs] [Times: user=0.02 sys=0.00, real=0.00 secs] 
2014-07-28T18:44:52.045+0000: 1725.732: [GC [PSYoungGen: 71072K->448K(70400K)] 228522K->157914K(757376K), 0.0034980 secs] [Times: user=0.02 sys=0.01, real=0.00 secs] 
2014-07-28T18:44:52.532+0000: 1726.219: [GC [PSYoungGen: 70362K->288K(84288K)] 227828K->157810K(771264K), 0.0092530 secs] [Times: user=0.06 sys=0.00, real=0.01 secs] 
2014-07-28T18:44:53.113+0000: 1726.800: [GC [PSYoungGen: 84256K->544K(83520K)] 241778K->158098K(770496K), 0.0035750 secs] [Times: user=0.03 sys=0.00, real=0.00 secs] 
2014-07-28T18:44:53.685+0000: 1727.372: [GC [PSYoungGen: 83488K->224K(82240K)] 241042K->157826K(769216K), 0.0036260 secs] [Times: user=0.02 sys=0.00, real=0.00 secs] 
2014-07-28T18:44:54.254+0000: 1727.941: [GC [PSYoungGen: 82208K->352K(81408K)] 239810K->157978K(768384K), 0.0036790 secs] [Times: user=0.02 sys=0.00, real=0.00 secs] 
2014-07-28T18:44:54.817+0000: 1728.504: [GC [PSYoungGen: 81376K->224K(80320K)] 239002K->157890K(767296K), 0.0077420 secs] [Times: user=0.04 sys=0.00, real=0.01 secs] 
2014-07-28T18:44:55.370+0000: 1729.056: [GC [PSYoungGen: 80288K->352K(92800K)] 237954K->158066K(779776K), 0.0071840 secs] [Times: user=0.04 sys=0.00, real=0.01 secs] 
2014-07-28T18:44:56.013+0000: 1729.700: [GC [PSYoungGen: 92556K->352K(91456K)] 250270K->158130K(778432K), 0.0053120 secs] [Times: user=0.03 sys=0.00, real=0.00 secs] 
2014-07-28T18:44:56.642+0000: 1730.329: [GC [PSYoungGen: 91423K->448K(90368K)] 249201K->158330K(777344K), 0.0025640 secs] [Times: user=0.01 sys=0.00, real=0.00 secs] 
2014-07-28T18:44:57.265+0000: 1730.952: [GC [PSYoungGen: 90368K->320K(89088K)] 248250K->158218K(776064K), 0.0037950 secs] [Times: user=0.02 sys=0.00, real=0.00 secs] 
2014-07-28T18:44:57.879+0000: 1731.566: [GC [PSYoungGen: 89086K->192K(87872K)] 246984K->158130K(774848K), 0.0021860 secs] [Times: user=0.01 sys=0.00, real=0.00 secs] 
2014-07-28T18:44:58.486+0000: 1732.172: [GC [PSYoungGen: 87872K->352K(86976K)] 245810K->158362K(773952K), 0.0045900 secs] [Times: user=0.02 sys=0.00, real=0.00 secs] 
2014-07-28T18:44:59.086+0000: 1732.773: [GC [PSYoungGen: 86904K->288K(85824K)] 244914K->158322K(772800K), 0.0060670 secs] [Times: user=0.03 sys=0.00, real=0.01 secs] 
2014-07-28T18:44:59.679+0000: 1733.366: [GC [PSYoungGen: 85792K->448K(84928K)] 243826K->158562K(771904K), 0.0037730 secs] [Times: user=0.02 sys=0.00, real=0.01 secs] 
2014-07-28T18:45:00.261+0000: 1733.948: [GC [PSYoungGen: 84928K->352K(83840K)] 243042K->158474K(770816K), 0.0037550 secs] [Times: user=0.02 sys=0.00, real=0.01 secs] 
2014-07-28T18:45:00.840+0000: 1734.527: [GC [PSYoungGen: 83808K->288K(82816K)] 241930K->158466K(769792K), 0.0040610 secs] [Times: user=0.02 sys=0.00, real=0.01 secs] 
2014-07-28T18:45:01.410+0000: 1735.097: [GC [PSYoungGen: 82784K->320K(81856K)] 240962K->158570K(768832K), 0.0068710 secs] [Times: user=0.04 sys=0.00, real=0.01 secs] 
2014-07-28T18:45:01.977+0000: 1735.664: [GC [PSYoungGen: 81856K->288K(80896K)] 240106K->158578K(767872K), 0.0038070 secs] [Times: user=0.02 sys=0.00, real=0.00 secs] 
2014-07-28T18:45:02.537+0000: 1736.224: [GC [PSYoungGen: 80864K->288K(80000K)] 239154K->158650K(766976K), 0.0025300 secs] [Times: user=0.01 sys=0.00, real=0.00 secs] 
2014-07-28T18:45:03.087+0000: 1736.774: [GC [PSYoungGen: 79968K->416K(79232K)] 238330K->158786K(766208K), 0.0045510 secs] [Times: user=0.03 sys=0.00, real=0.00 secs] 
2014-07-28T18:45:03.632+0000: 1737.318: [GC [PSYoungGen: 79200K->416K(78336K)] 237570K->158882K(765312K), 0.0038530 secs] [Times: user=0.03 sys=0.00, real=0.01 secs] 
2014-07-28T18:45:04.169+0000: 1737.856: [GC [PSYoungGen: 78304K->192K(77184K)] 236770K->158722K(764160K), 0.0024010 secs] [Times: user=0.01 sys=0.00, real=0.00 secs] 
2014-07-28T18:45:04.702+0000: 1738.389: [GC [PSYoungGen: 77184K->402K(76608K)] 235714K->158996K(763584K), 0.0063380 secs] [Times: user=0.03 sys=0.00, real=0.01 secs] 
2014-07-28T18:45:05.237+0000: 1738.923: [GC [PSYoungGen: 76519K->352K(75712K)] 235113K->159036K(762688K), 0.0028590 secs] [Times: user=0.01 sys=0.01, real=0.00 secs] 
2014-07-28T18:45:05.757+0000: 1739.444: [GC [PSYoungGen: 75680K->416K(74944K)] 234364K->159180K(761920K), 0.0025010 secs] [Times: user=0.01 sys=0.01, real=0.00 secs] 
2014-07-28T18:45:06.272+0000: 1739.959: [GC [PSYoungGen: 74912K->256K(73920K)] 233676K->159118K(760896K), 0.0023900 secs] [Times: user=0.01 sys=0.00, real=0.01 secs] 
2014-07-28T18:45:06.781+0000: 1740.468: [GC [PSYoungGen: 73920K->224K(73152K)] 232782K->159126K(760128K), 0.0053610 secs] [Times: user=0.03 sys=0.00, real=0.01 secs] 
2014-07-28T18:45:07.289+0000: 1740.976: [GC [PSYoungGen: 73090K->480K(72640K)] 231992K->159422K(759616K), 0.0065270 secs] [Times: user=0.04 sys=0.00, real=0.01 secs] 
2014-07-28T18:45:07.786+0000: 1741.473: [GC [PSYoungGen: 72608K->288K(71680K)] 231550K->159294K(758656K), 0.0044310 secs] [Times: user=0.02 sys=0.00, real=0.00 secs] 
2014-07-28T18:45:08.282+0000: 1741.969: [GC [PSYoungGen: 71648K->352K(86016K)] 230654K->159406K(772992K), 0.0076980 secs] [Times: user=0.05 sys=0.00, real=0.01 secs] 
2014-07-28T18:45:08.875+0000: 1742.562: [GC [PSYoungGen: 85984K->352K(84992K)] 245038K->159486K(771968K), 0.0025310 secs] [Times: user=0.01 sys=0.00, real=0.00 secs] 
2014-07-28T18:45:09.461+0000: 1743.148: [GC [PSYoungGen: 84960K->256K(83840K)] 244094K->159454K(770816K), 0.0069980 secs] [Times: user=0.05 sys=0.00, real=0.01 secs] 
2014-07-28T18:45:10.041+0000: 1743.727: [GC [PSYoungGen: 83840K->288K(82944K)] 243038K->159510K(769920K), 0.0034170 secs] [Times: user=0.02 sys=0.00, real=0.01 secs] 
2014-07-28T18:45:10.616+0000: 1744.303: [GC [PSYoungGen: 82912K->256K(81920K)] 242134K->159542K(768896K), 0.0030830 secs] [Times: user=0.02 sys=0.00, real=0.00 secs] 
2014-07-28T18:45:11.181+0000: 1744.868: [GC [PSYoungGen: 81885K->320K(81024K)] 241171K->159614K(768000K), 0.0044990 secs] [Times: user=0.04 sys=0.00, real=0.01 secs] 
2014-07-28T18:45:11.742+0000: 1745.429: [GC [PSYoungGen: 81024K->320K(80064K)] 240318K->159686K(767040K), 0.0050230 secs] [Times: user=0.03 sys=0.00, real=0.01 secs] 
2014-07-28T18:45:12.296+0000: 1745.983: [GC [PSYoungGen: 80064K->288K(79168K)] 239430K->159678K(766144K), 0.0050160 secs] [Times: user=0.02 sys=0.01, real=0.00 secs] 
2014-07-28T18:45:12.845+0000: 1746.532: [GC [PSYoungGen: 79136K->352K(78336K)] 238526K->159822K(765312K), 0.0037340 secs] [Times: user=0.02 sys=0.00, real=0.00 secs] 
2014-07-28T18:45:13.385+0000: 1747.072: [GC [PSYoungGen: 78304K->192K(77248K)] 237774K->159694K(764224K), 0.0034800 secs] [Times: user=0.02 sys=0.00, real=0.00 secs] 
2014-07-28T18:45:13.920+0000: 1747.607: [GC [PSYoungGen: 77248K->420K(76672K)] 236750K->159962K(763648K), 0.0044700 secs] [Times: user=0.03 sys=0.00, real=0.01 secs] 
2014-07-28T18:45:14.447+0000: 1748.134: [GC [PSYoungGen: 76644K->352K(75776K)] 236186K->159974K(762752K), 0.0062930 secs] [Times: user=0.03 sys=0.00, real=0.00 secs] 
2014-07-28T18:45:14.976+0000: 1748.663: [GC [PSYoungGen: 75744K->242K(74816K)] 235366K->159952K(761792K), 0.0053560 secs] [Times: user=0.04 sys=0.00, real=0.00 secs] 
2014-07-28T18:45:15.494+0000: 1749.180: [GC [PSYoungGen: 74802K->480K(74240K)] 234512K->160286K(761216K), 0.0050060 secs] [Times: user=0.03 sys=0.00, real=0.01 secs] 
2014-07-28T18:45:16.004+0000: 1749.691: [GC [PSYoungGen: 74193K->256K(88768K)] 233999K->160094K(775744K), 0.0068320 secs] [Times: user=0.04 sys=0.00, real=0.01 secs] 
2014-07-28T18:45:16.613+0000: 1750.300: [GC [PSYoungGen: 88768K->256K(87680K)] 248606K->160142K(774656K), 0.0026770 secs] [Times: user=0.02 sys=0.00, real=0.01 secs] 
2014-07-28T18:45:17.221+0000: 1750.908: [GC [PSYoungGen: 87680K->384K(86720K)] 247566K->160278K(773696K), 0.0040880 secs] [Times: user=0.01 sys=0.00, real=0.01 secs] 
2014-07-28T18:45:17.816+0000: 1751.503: [GC [PSYoungGen: 86720K->224K(85568K)] 246614K->160158K(772544K), 0.0055460 secs] [Times: user=0.03 sys=0.00, real=0.00 secs] 
2014-07-28T18:45:18.406+0000: 1752.093: [GC [PSYoungGen: 85535K->384K(84672K)] 245469K->160382K(771648K), 0.0045380 secs] [Times: user=0.02 sys=0.00, real=0.00 secs] 
2014-07-28T18:45:18.993+0000: 1752.680: [GC [PSYoungGen: 84670K->384K(83648K)] 244668K->160462K(770624K), 0.0049040 secs] [Times: user=0.02 sys=0.00, real=0.01 secs] 
2014-07-28T18:45:19.568+0000: 1753.255: [GC [PSYoungGen: 83636K->370K(82688K)] 243715K->160528K(769664K), 0.0047620 secs] [Times: user=0.03 sys=0.00, real=0.00 secs] 
2014-07-28T18:45:20.132+0000: 1753.819: [GC [PSYoungGen: 82674K->320K(88768K)] 242832K->160502K(775744K), 0.0103700 secs] [Times: user=0.07 sys=0.00, real=0.01 secs] 
2014-07-28T18:45:20.751+0000: 1754.438: [GC [PSYoungGen: 88576K->192K(99328K)] 248758K->160390K(786304K), 0.0204740 secs] [Times: user=0.12 sys=0.01, real=0.02 secs] 
2014-07-28T18:45:21.431+0000: 1755.118: [GC [PSYoungGen: 99008K->288K(99328K)] 259206K->160494K(786304K), 0.0083470 secs] [Times: user=0.05 sys=0.00, real=0.01 secs] 
2014-07-28T18:45:22.116+0000: 1755.803: [GC [PSYoungGen: 99104K->288K(119104K)] 259310K->160558K(806080K), 0.0038390 secs] [Times: user=0.02 sys=0.00, real=0.00 secs] 
2014-07-28T18:45:22.940+0000: 1756.627: [GC [PSYoungGen: 118880K->484K(119104K)] 279150K->160858K(806080K), 0.0063430 secs] [Times: user=0.04 sys=0.00, real=0.01 secs] 
2014-07-28T18:45:23.762+0000: 1757.449: [GC [PSYoungGen: 119076K->320K(117056K)] 279450K->160774K(804032K), 0.0047830 secs] [Times: user=0.02 sys=0.00, real=0.01 secs] 
2014-07-28T18:45:24.573+0000: 1758.260: [GC [PSYoungGen: 117051K->256K(115200K)] 277505K->160734K(802176K), 0.0045070 secs] [Times: user=0.03 sys=0.00, real=0.01 secs] 
2014-07-28T18:45:25.372+0000: 1759.059: [GC [PSYoungGen: 115200K->320K(113536K)] 275678K->160862K(800512K), 0.0053710 secs] [Times: user=0.03 sys=0.00, real=0.01 secs] 
2014-07-28T18:45:26.161+0000: 1759.848: [GC [PSYoungGen: 113529K->416K(112000K)] 274071K->161062K(798976K), 0.0047620 secs] [Times: user=0.03 sys=0.01, real=0.01 secs] 
2014-07-28T18:45:26.936+0000: 1760.622: [GC [PSYoungGen: 111968K->320K(110208K)] 272614K->161038K(797184K), 0.0047480 secs] [Times: user=0.03 sys=0.00, real=0.01 secs] 
2014-07-28T18:45:27.695+0000: 1761.381: [GC [PSYoungGen: 110208K->384K(108672K)] 270926K->161190K(795648K), 0.0051500 secs] [Times: user=0.03 sys=0.00, real=0.01 secs] 
2014-07-28T18:45:28.446+0000: 1762.133: [GC [PSYoungGen: 108672K->384K(107072K)] 269478K->161206K(794048K), 0.0040680 secs] [Times: user=0.02 sys=0.00, real=0.01 secs] 
2014-07-28T18:45:29.188+0000: 1762.875: [GC [PSYoungGen: 107072K->320K(105472K)] 267894K->161214K(792448K), 0.0051790 secs] [Times: user=0.03 sys=0.00, real=0.00 secs] 
2014-07-28T18:45:29.917+0000: 1763.604: [GC [PSYoungGen: 105472K->384K(104064K)] 266366K->161358K(791040K), 0.0044100 secs] [Times: user=0.03 sys=0.00, real=0.00 secs] 
2014-07-28T18:45:30.633+0000: 1764.320: [GC [PSYoungGen: 104064K->320K(102528K)] 265038K->161350K(789504K), 0.0050830 secs] [Times: user=0.03 sys=0.00, real=0.01 secs] 
2014-07-28T18:45:31.347+0000: 1765.034: [GC [PSYoungGen: 102528K->370K(101184K)] 263558K->161440K(788160K), 0.0080750 secs] [Times: user=0.05 sys=0.01, real=0.00 secs] 
2014-07-28T18:45:32.045+0000: 1765.732: [GC [PSYoungGen: 101170K->384K(99776K)] 262240K->161526K(786752K), 0.0073910 secs] [Times: user=0.04 sys=0.01, real=0.01 secs] 
2014-07-28T18:45:32.737+0000: 1766.424: [GC [PSYoungGen: 99776K->320K(98368K)] 260918K->161566K(785344K), 0.0064430 secs] [Times: user=0.04 sys=0.00, real=0.01 secs] 
2014-07-28T18:45:33.410+0000: 1767.097: [GC [PSYoungGen: 98368K->288K(97024K)] 259614K->161566K(784000K), 0.0051340 secs] [Times: user=0.02 sys=0.00, real=0.00 secs] 
2014-07-28T18:45:34.084+0000: 1767.771: [GC [PSYoungGen: 96992K->416K(95872K)] 258270K->161782K(782848K), 0.0038710 secs] [Times: user=0.02 sys=0.00, real=0.01 secs] 
2014-07-28T18:45:34.747+0000: 1768.433: [GC [PSYoungGen: 95840K->224K(94400K)] 257206K->161630K(781376K), 0.0074250 secs] [Times: user=0.02 sys=0.00, real=0.01 secs] 
2014-07-28T18:45:35.400+0000: 1769.087: [GC [PSYoungGen: 94368K->498K(93440K)] 255774K->161928K(780416K), 0.0083770 secs] [Times: user=0.06 sys=0.01, real=0.01 secs] 
2014-07-28T18:45:36.046+0000: 1769.733: [GC [PSYoungGen: 93426K->256K(111808K)] 254856K->161726K(798784K), 0.0128810 secs] [Times: user=0.08 sys=0.00, real=0.02 secs] 
2014-07-28T18:45:36.818+0000: 1770.505: [GC [PSYoungGen: 111808K->320K(134208K)] 273278K->161862K(821184K), 0.0062430 secs] [Times: user=0.04 sys=0.00, real=0.01 secs] 
2014-07-28T18:45:37.751+0000: 1771.438: [GC [PSYoungGen: 134208K->320K(139072K)] 295750K->161910K(826048K), 0.0072400 secs] [Times: user=0.05 sys=0.00, real=0.01 secs] 
2014-07-28T18:45:38.710+0000: 1772.397: [GC [PSYoungGen: 138816K->256K(136384K)] 300406K->161902K(823360K), 0.0037730 secs] [Times: user=0.02 sys=0.01, real=0.00 secs] 
2014-07-28T18:45:39.657+0000: 1773.344: [GC [PSYoungGen: 136384K->416K(134272K)] 298030K->162126K(821248K), 0.0035480 secs] [Times: user=0.02 sys=0.00, real=0.01 secs] 
2014-07-28T18:45:40.588+0000: 1774.275: [GC [PSYoungGen: 134235K->384K(131968K)] 295945K->162190K(818944K), 0.0044770 secs] [Times: user=0.03 sys=0.01, real=0.01 secs] 
2014-07-28T18:45:41.501+0000: 1775.188: [GC [PSYoungGen: 131968K->384K(129792K)] 293774K->162278K(816768K), 0.0072890 secs] [Times: user=0.04 sys=0.00, real=0.00 secs] 
2014-07-28T18:45:42.401+0000: 1776.088: [GC [PSYoungGen: 129784K->448K(127744K)] 291678K->162446K(814720K), 0.0045450 secs] [Times: user=0.03 sys=0.00, real=0.00 secs] 
2014-07-28T18:45:43.288+0000: 1776.975: [GC [PSYoungGen: 127744K->416K(125696K)] 289742K->162510K(812672K), 0.0051000 secs] [Times: user=0.02 sys=0.01, real=0.01 secs] 
2014-07-28T18:45:44.155+0000: 1777.842: [GC [PSYoungGen: 125664K->224K(123456K)] 287758K->162366K(810432K), 0.0114370 secs] [Times: user=0.06 sys=0.01, real=0.01 secs] 
2014-07-28T18:45:45.011+0000: 1778.698: [GC [PSYoungGen: 123412K->288K(121536K)] 285555K->162502K(808512K), 0.0060910 secs] [Times: user=0.03 sys=0.00, real=0.00 secs] 
2014-07-28T18:45:45.853+0000: 1779.539: [GC [PSYoungGen: 121504K->352K(119680K)] 283718K->162606K(806656K), 0.0096200 secs] [Times: user=0.06 sys=0.00, real=0.01 secs] 
2014-07-28T18:45:46.684+0000: 1780.371: [GC [PSYoungGen: 119648K->352K(117824K)] 281902K->162686K(804800K), 0.0043170 secs] [Times: user=0.02 sys=0.00, real=0.00 secs] 
2014-07-28T18:45:47.495+0000: 1781.182: [GC [PSYoungGen: 117792K->256K(115904K)] 280126K->162622K(802880K), 0.0037790 secs] [Times: user=0.03 sys=0.00, real=0.00 secs] 
2014-07-28T18:45:48.295+0000: 1781.982: [GC [PSYoungGen: 115904K->384K(114304K)] 278270K->162806K(801280K), 0.0069430 secs] [Times: user=0.03 sys=0.00, real=0.01 secs] 
2014-07-28T18:45:49.087+0000: 1782.773: [GC [PSYoungGen: 114304K->320K(112512K)] 276726K->162814K(799488K), 0.0071070 secs] [Times: user=0.03 sys=0.00, real=0.01 secs] 
2014-07-28T18:45:49.866+0000: 1783.553: [GC [PSYoungGen: 112512K->352K(110912K)] 275006K->162894K(797888K), 0.0050930 secs] [Times: user=0.03 sys=0.00, real=0.01 secs] 
2014-07-28T18:45:50.635+0000: 1784.322: [GC [PSYoungGen: 110880K->384K(109312K)] 273422K->163022K(796288K), 0.0061770 secs] [Times: user=0.04 sys=0.00, real=0.01 secs] 
2014-07-28T18:45:51.389+0000: 1785.076: [GC [PSYoungGen: 109312K->224K(107584K)] 271950K->162894K(794560K), 0.0063980 secs] [Times: user=0.04 sys=0.00, real=0.01 secs] 
2014-07-28T18:45:52.137+0000: 1785.824: [GC [PSYoungGen: 107552K->448K(106240K)] 270222K->163198K(793216K), 0.0045180 secs] [Times: user=0.02 sys=0.01, real=0.01 secs] 
2014-07-28T18:45:52.869+0000: 1786.556: [GC [PSYoungGen: 106240K->288K(104576K)] 268990K->163102K(791552K), 0.0064070 secs] [Times: user=0.04 sys=0.00, real=0.01 secs] 
2014-07-28T18:45:53.592+0000: 1787.279: [GC [PSYoungGen: 104544K->320K(103104K)] 267358K->163214K(790080K), 0.0039620 secs] [Times: user=0.02 sys=0.00, real=0.00 secs] 
2014-07-28T18:45:54.303+0000: 1787.990: [GC [PSYoungGen: 103104K->320K(101696K)] 265998K->163230K(788672K), 0.0054320 secs] [Times: user=0.03 sys=0.00, real=0.00 secs] 
2014-07-28T18:45:55.011+0000: 1788.698: [GC [PSYoungGen: 101696K->480K(100480K)] 264606K->163478K(787456K), 0.0044070 secs] [Times: user=0.02 sys=0.00, real=0.00 secs] 
2014-07-28T18:45:55.703+0000: 1789.390: [GC [PSYoungGen: 100448K->288K(98944K)] 263446K->163326K(785920K), 0.0065270 secs] [Times: user=0.04 sys=0.00, real=0.00 secs] 
2014-07-28T18:45:56.388+0000: 1790.075: [GC [PSYoungGen: 98912K->384K(97664K)] 261950K->163446K(784640K), 0.0076680 secs] [Times: user=0.05 sys=0.00, real=0.01 secs] 
2014-07-28T18:45:57.065+0000: 1790.752: [GC [PSYoungGen: 97664K->320K(96320K)] 260726K->163462K(783296K), 0.0038970 secs] [Times: user=0.02 sys=0.00, real=0.00 secs] 
2014-07-28T18:45:57.729+0000: 1791.416: [GC [PSYoungGen: 96320K->416K(95168K)] 259462K->163646K(782144K), 0.0042900 secs] [Times: user=0.02 sys=0.00, real=0.01 secs] 
2014-07-28T18:45:58.387+0000: 1792.073: [GC [PSYoungGen: 95136K->384K(93888K)] 258366K->163646K(780864K), 0.0056230 secs] [Times: user=0.04 sys=0.00, real=0.01 secs] 
2014-07-28T18:45:59.039+0000: 1792.726: [GC [PSYoungGen: 93888K->384K(92672K)] 257150K->163734K(779648K), 0.0053670 secs] [Times: user=0.02 sys=0.01, real=0.01 secs] 
2014-07-28T18:45:59.680+0000: 1793.367: [GC [PSYoungGen: 92672K->320K(91392K)] 256022K->163750K(778368K), 0.0040870 secs] [Times: user=0.03 sys=0.01, real=0.01 secs] 
2014-07-28T18:46:00.310+0000: 1793.997: [GC [PSYoungGen: 91390K->288K(90240K)] 254820K->163726K(777216K), 0.0085950 secs] [Times: user=0.02 sys=0.00, real=0.01 secs] 
2014-07-28T18:46:00.939+0000: 1794.626: [GC [PSYoungGen: 90208K->448K(89216K)] 253646K->163998K(776192K), 0.0034290 secs] [Times: user=0.02 sys=0.00, real=0.01 secs] 
2014-07-28T18:46:01.553+0000: 1795.240: [GC [PSYoungGen: 89216K->320K(88000K)] 252766K->163950K(774976K), 0.0059660 secs] [Times: user=0.03 sys=0.00, real=0.00 secs] 
2014-07-28T18:46:02.156+0000: 1795.843: [GC [PSYoungGen: 88000K->352K(86976K)] 251630K->163998K(773952K), 0.0041090 secs] [Times: user=0.02 sys=0.00, real=0.00 secs] 
2014-07-28T18:46:02.758+0000: 1796.445: [GC [PSYoungGen: 86944K->416K(85952K)] 250590K->164118K(772928K), 0.0057900 secs] [Times: user=0.02 sys=0.00, real=0.01 secs] 
2014-07-28T18:46:03.357+0000: 1797.044: [GC [PSYoungGen: 85920K->416K(84928K)] 249622K->164166K(771904K), 0.0071900 secs] [Times: user=0.04 sys=0.01, real=0.01 secs] 
2014-07-28T18:46:03.941+0000: 1797.628: [GC [PSYoungGen: 84896K->320K(83776K)] 248646K->164190K(770752K), 0.0046420 secs] [Times: user=0.02 sys=0.00, real=0.01 secs] 
2014-07-28T18:46:04.521+0000: 1798.208: [GC [PSYoungGen: 83776K->256K(82752K)] 247646K->164182K(769728K), 0.0065380 secs] [Times: user=0.04 sys=0.00, real=0.01 secs] 
2014-07-28T18:46:05.089+0000: 1798.776: [GC [PSYoungGen: 82706K->384K(81920K)] 246633K->164334K(768896K), 0.0047640 secs] [Times: user=0.03 sys=0.00, real=0.01 secs] 
2014-07-28T18:46:05.654+0000: 1799.341: [GC [PSYoungGen: 81920K->256K(80832K)] 245870K->164262K(767808K), 0.0046430 secs] [Times: user=0.02 sys=0.00, real=0.00 secs] 
2014-07-28T18:46:06.211+0000: 1799.898: [GC [PSYoungGen: 80832K->224K(79936K)] 244838K->164238K(766912K), 0.0042800 secs] [Times: user=0.02 sys=0.00, real=0.01 secs] 
2014-07-28T18:46:06.766+0000: 1800.453: [GC [PSYoungGen: 79904K->416K(79232K)] 243918K->164526K(766208K), 0.0053810 secs] [Times: user=0.03 sys=0.00, real=0.00 secs] 
2014-07-28T18:46:07.309+0000: 1800.996: [GC [PSYoungGen: 79199K->338K(78272K)] 243309K->164488K(765248K), 0.0074280 secs] [Times: user=0.05 sys=0.00, real=0.01 secs] 
2014-07-28T18:46:07.847+0000: 1801.534: [GC [PSYoungGen: 78179K->352K(77376K)] 242329K->164574K(764352K), 0.0043370 secs] [Times: user=0.02 sys=0.00, real=0.00 secs] 
2014-07-28T18:46:08.381+0000: 1802.068: [GC [PSYoungGen: 77344K->288K(76480K)] 241566K->164582K(763456K), 0.0024780 secs] [Times: user=0.01 sys=0.00, real=0.01 secs] 
2014-07-28T18:46:08.910+0000: 1802.597: [GC [PSYoungGen: 76448K->416K(75776K)] 240742K->164766K(762752K), 0.0045670 secs] [Times: user=0.02 sys=0.00, real=0.01 secs] 
2014-07-28T18:46:09.429+0000: 1803.115: [GC [PSYoungGen: 75744K->320K(74816K)] 240094K->164774K(761792K), 0.0047350 secs] [Times: user=0.03 sys=0.00, real=0.01 secs] 
2014-07-28T18:46:09.966+0000: 1803.653: [GC [PSYoungGen: 74816K->448K(74112K)] 239270K->164934K(761088K), 0.0046510 secs] [Times: user=0.03 sys=0.00, real=0.00 secs] 
2014-07-28T18:46:10.459+0000: 1804.146: [GC [PSYoungGen: 74112K->288K(73216K)] 238598K->164838K(760192K), 0.0069630 secs] [Times: user=0.05 sys=0.00, real=0.01 secs] 
2014-07-28T18:46:10.969+0000: 1804.656: [GC [PSYoungGen: 73184K->416K(87936K)] 237734K->165030K(774912K), 0.0091250 secs] [Times: user=0.06 sys=0.00, real=0.01 secs] 
2014-07-28T18:46:11.570+0000: 1805.257: [GC [PSYoungGen: 87854K->416K(105472K)] 252468K->165134K(792448K), 0.0043060 secs] [Times: user=0.03 sys=0.00, real=0.01 secs] 
2014-07-28T18:46:12.302+0000: 1805.988: [GC [PSYoungGen: 105440K->288K(103872K)] 270158K->165022K(790848K), 0.0041410 secs] [Times: user=0.02 sys=0.00, real=0.01 secs] 
2014-07-28T18:46:13.016+0000: 1806.703: [GC [PSYoungGen: 103840K->384K(102464K)] 268574K->165198K(789440K), 0.0088480 secs] [Times: user=0.06 sys=0.00, real=0.01 secs] 
2014-07-28T18:46:13.724+0000: 1807.410: [GC [PSYoungGen: 102464K->384K(101056K)] 267278K->165278K(788032K), 0.0043000 secs] [Times: user=0.02 sys=0.01, real=0.00 secs] 
2014-07-28T18:46:14.424+0000: 1808.111: [GC [PSYoungGen: 101012K->384K(99648K)] 265906K->165294K(786624K), 0.0052840 secs] [Times: user=0.03 sys=0.00, real=0.00 secs] 
2014-07-28T18:46:15.112+0000: 1808.799: [GC [PSYoungGen: 99648K->416K(98368K)] 264558K->165406K(785344K), 0.0067890 secs] [Times: user=0.04 sys=0.01, real=0.01 secs] 
2014-07-28T18:46:15.788+0000: 1809.475: [GC [PSYoungGen: 98336K->384K(96960K)] 263326K->165502K(783936K), 0.0035850 secs] [Times: user=0.03 sys=0.00, real=0.00 secs] 
2014-07-28T18:46:16.457+0000: 1810.144: [GC [PSYoungGen: 96928K->416K(95744K)] 262046K->165574K(782720K), 0.0047400 secs] [Times: user=0.03 sys=0.01, real=0.00 secs] 
2014-07-28T18:46:17.117+0000: 1810.804: [GC [PSYoungGen: 95712K->352K(94400K)] 260870K->165582K(781376K), 0.0058260 secs] [Times: user=0.03 sys=0.00, real=0.00 secs] 
2014-07-28T18:46:17.771+0000: 1811.458: [GC [PSYoungGen: 94354K->384K(93184K)] 259584K->165702K(780160K), 0.0041460 secs] [Times: user=0.02 sys=0.00, real=0.01 secs] 
2014-07-28T18:46:18.419+0000: 1812.106: [GC [PSYoungGen: 93179K->224K(91840K)] 258497K->165550K(778816K), 0.0070420 secs] [Times: user=0.05 sys=0.00, real=0.01 secs] 
2014-07-28T18:46:19.052+0000: 1812.739: [GC [PSYoungGen: 91808K->384K(90816K)] 257134K->165798K(777792K), 0.0044070 secs] [Times: user=0.02 sys=0.00, real=0.01 secs] 
2014-07-28T18:46:19.680+0000: 1813.367: [GC [PSYoungGen: 90777K->402K(89728K)] 256191K->165880K(776704K), 0.0043860 secs] [Times: user=0.02 sys=0.01, real=0.01 secs] 
2014-07-28T18:46:20.297+0000: 1813.984: [GC [PSYoungGen: 89682K->480K(88704K)] 255160K->165958K(775680K), 0.0041640 secs] [Times: user=0.02 sys=0.00, real=0.00 secs] 
2014-07-28T18:46:20.909+0000: 1814.596: [GC [PSYoungGen: 88672K->256K(87360K)] 254150K->165814K(774336K), 0.0052680 secs] [Times: user=0.03 sys=0.00, real=0.00 secs] 
2014-07-28T18:46:21.513+0000: 1815.200: [GC [PSYoungGen: 87352K->320K(86336K)] 252911K->165958K(773312K), 0.0059780 secs] [Times: user=0.03 sys=0.00, real=0.01 secs] 
2014-07-28T18:46:22.108+0000: 1815.795: [GC [PSYoungGen: 86336K->320K(85312K)] 251974K->165966K(772288K), 0.0026090 secs] [Times: user=0.01 sys=0.01, real=0.00 secs] 
2014-07-28T18:46:22.698+0000: 1816.385: [GC [PSYoungGen: 85267K->562K(84544K)] 250913K->166320K(771520K), 0.0037600 secs] [Times: user=0.02 sys=0.00, real=0.00 secs] 
2014-07-28T18:46:23.280+0000: 1816.967: [GC [PSYoungGen: 84530K->320K(83264K)] 250288K->166158K(770240K), 0.0059990 secs] [Times: user=0.04 sys=0.01, real=0.01 secs] 
2014-07-28T18:46:23.853+0000: 1817.540: [GC [PSYoungGen: 83264K->384K(82368K)] 249102K->166302K(769344K), 0.0068920 secs] [Times: user=0.04 sys=0.00, real=0.01 secs] 
2014-07-28T18:46:24.423+0000: 1818.110: [GC [PSYoungGen: 82360K->384K(81408K)] 248278K->166382K(768384K), 0.0042690 secs] [Times: user=0.02 sys=0.00, real=0.01 secs] 
2014-07-28T18:46:24.980+0000: 1818.667: [GC [PSYoungGen: 81408K->256K(80320K)] 247406K->166310K(767296K), 0.0060340 secs] [Times: user=0.04 sys=0.00, real=0.01 secs] 
2014-07-28T18:46:25.534+0000: 1819.221: [GC [PSYoungGen: 80320K->320K(79488K)] 246374K->166454K(766464K), 0.0057350 secs] [Times: user=0.03 sys=0.00, real=0.01 secs] 
2014-07-28T18:46:26.085+0000: 1819.772: [GC [PSYoungGen: 79488K->288K(78592K)] 245622K->166446K(765568K), 0.0025220 secs] [Times: user=0.01 sys=0.00, real=0.00 secs] 
2014-07-28T18:46:26.627+0000: 1820.314: [GC [PSYoungGen: 78560K->448K(77824K)] 244718K->166694K(764800K), 0.0051270 secs] [Times: user=0.02 sys=0.00, real=0.00 secs] 
2014-07-28T18:46:27.164+0000: 1820.851: [GC [PSYoungGen: 77824K->352K(76928K)] 244070K->166606K(763904K), 0.0042430 secs] [Times: user=0.03 sys=0.00, real=0.01 secs] 
2014-07-28T18:46:27.694+0000: 1821.381: [GC [PSYoungGen: 76896K->320K(76032K)] 243150K->166654K(763008K), 0.0040920 secs] [Times: user=0.02 sys=0.00, real=0.01 secs] 
2014-07-28T18:46:28.218+0000: 1821.905: [GC [PSYoungGen: 75995K->530K(75456K)] 242329K->166904K(762432K), 0.0066800 secs] [Times: user=0.04 sys=0.00, real=0.00 secs] 
2014-07-28T18:46:28.731+0000: 1822.418: [GC [PSYoungGen: 75410K->320K(74368K)] 241784K->166830K(761344K), 0.0033020 secs] [Times: user=0.02 sys=0.00, real=0.00 secs] 
2014-07-28T18:46:29.242+0000: 1822.929: [GC [PSYoungGen: 74368K->256K(73536K)] 240878K->166782K(760512K), 0.0072500 secs] [Times: user=0.04 sys=0.00, real=0.01 secs] 
2014-07-28T18:46:29.750+0000: 1823.437: [GC [PSYoungGen: 73536K->384K(88320K)] 240062K->167006K(775296K), 0.0087370 secs] [Times: user=0.06 sys=0.00, real=0.01 secs] 
2014-07-28T18:46:30.361+0000: 1824.048: [GC [PSYoungGen: 88320K->352K(105920K)] 254942K->167014K(792896K), 0.0063660 secs] [Times: user=0.04 sys=0.00, real=0.01 secs] 
2014-07-28T18:46:31.090+0000: 1824.777: [GC [PSYoungGen: 105888K->448K(127104K)] 272550K->167206K(814080K), 0.0050060 secs] [Times: user=0.04 sys=0.00, real=0.00 secs] 
2014-07-28T18:46:31.971+0000: 1825.658: [GC [PSYoungGen: 127104K->448K(125056K)] 293862K->167294K(812032K), 0.0063180 secs] [Times: user=0.04 sys=0.00, real=0.01 secs] 
2014-07-28T18:46:32.833+0000: 1826.520: [GC [PSYoungGen: 125056K->320K(122944K)] 291902K->167238K(809920K), 0.0044180 secs] [Times: user=0.02 sys=0.00, real=0.01 secs] 
2014-07-28T18:46:33.683+0000: 1827.370: [GC [PSYoungGen: 122944K->352K(121088K)] 289862K->167334K(808064K), 0.0086360 secs] [Times: user=0.06 sys=0.00, real=0.01 secs] 
2014-07-28T18:46:34.521+0000: 1828.208: [GC [PSYoungGen: 121056K->448K(119232K)] 288038K->167518K(806208K), 0.0037520 secs] [Times: user=0.02 sys=0.01, real=0.00 secs] 
2014-07-28T18:46:35.350+0000: 1829.037: [GC [PSYoungGen: 119232K->320K(117248K)] 286302K->167470K(804224K), 0.0065680 secs] [Times: user=0.04 sys=0.00, real=0.00 secs] 
2014-07-28T18:46:36.160+0000: 1829.847: [GC [PSYoungGen: 117224K->384K(115520K)] 284374K->167622K(802496K), 0.0077570 secs] [Times: user=0.05 sys=0.00, real=0.01 secs] 
2014-07-28T18:46:36.960+0000: 1830.647: [GC [PSYoungGen: 115520K->416K(113856K)] 282758K->167742K(800832K), 0.0039360 secs] [Times: user=0.02 sys=0.00, real=0.00 secs] 
2014-07-28T18:46:37.748+0000: 1831.435: [GC [PSYoungGen: 113824K->288K(112000K)] 281150K->167686K(798976K), 0.0054930 secs] [Times: user=0.03 sys=0.00, real=0.00 secs] 
2014-07-28T18:46:38.521+0000: 1832.208: [GC [PSYoungGen: 111968K->352K(110400K)] 279366K->167766K(797376K), 0.0051570 secs] [Times: user=0.02 sys=0.00, real=0.00 secs] 
2014-07-28T18:46:39.272+0000: 1832.959: [GC [PSYoungGen: 110358K->256K(108672K)] 277772K->167718K(795648K), 0.0071290 secs] [Times: user=0.04 sys=0.00, real=0.01 secs] 
2014-07-28T18:46:39.800+0000: 1833.487: [GC [PSYoungGen: 108672K->416K(107264K)] 276134K->167974K(794240K), 0.0029670 secs] [Times: user=0.02 sys=0.00, real=0.00 secs] 
2014-07-28T18:46:40.287+0000: 1833.974: [GC [PSYoungGen: 107232K->320K(105600K)] 274790K->167910K(792576K), 0.0037170 secs] [Times: user=0.02 sys=0.00, real=0.01 secs] 
2014-07-28T18:46:40.812+0000: 1834.499: [GC [PSYoungGen: 105600K->320K(104128K)] 273190K->167974K(791104K), 0.0042280 secs] [Times: user=0.02 sys=0.01, real=0.00 secs] 
2014-07-28T18:46:41.328+0000: 1835.015: [GC [PSYoungGen: 104089K->288K(102656K)] 271743K->167974K(789632K), 0.0071090 secs] [Times: user=0.04 sys=0.00, real=0.01 secs] 
2014-07-28T18:46:41.807+0000: 1835.494: [GC [PSYoungGen: 102624K->224K(101184K)] 270310K->167958K(788160K), 0.0039050 secs] [Times: user=0.03 sys=0.00, real=0.01 secs] 
2014-07-28T18:46:42.302+0000: 1835.989: [GC [PSYoungGen: 101152K->288K(99840K)] 268886K->168054K(786816K), 0.0034350 secs] [Times: user=0.02 sys=0.00, real=0.00 secs] 
2014-07-28T18:46:42.760+0000: 1836.447: [GC [PSYoungGen: 99808K->288K(98496K)] 267574K->168126K(785472K), 0.0024160 secs] [Times: user=0.02 sys=0.00, real=0.00 secs] 
2014-07-28T18:46:43.207+0000: 1836.894: [GC [PSYoungGen: 98464K->224K(97088K)] 266302K->168094K(784064K), 0.0036250 secs] [Times: user=0.02 sys=0.00, real=0.01 secs] 
2014-07-28T18:46:43.639+0000: 1837.326: [GC [PSYoungGen: 97056K->256K(95808K)] 264926K->168174K(782784K), 0.0058300 secs] [Times: user=0.04 sys=0.00, real=0.00 secs] 
2014-07-28T18:46:44.084+0000: 1837.771: [GC [PSYoungGen: 95808K->448K(94720K)] 263726K->168382K(781696K), 0.0019590 secs] [Times: user=0.01 sys=0.00, real=0.00 secs] 
2014-07-28T18:46:44.512+0000: 1838.199: [GC [PSYoungGen: 94720K->416K(93504K)] 262654K->168438K(780480K), 0.0034860 secs] [Times: user=0.02 sys=0.00, real=0.00 secs] 
2014-07-28T18:46:44.929+0000: 1838.615: [GC [PSYoungGen: 93472K->320K(92160K)] 261494K->168366K(779136K), 0.0030190 secs] [Times: user=0.02 sys=0.00, real=0.00 secs] 
2014-07-28T18:46:45.363+0000: 1839.049: [GC [PSYoungGen: 92160K->352K(91072K)] 260206K->168478K(778048K), 0.0051430 secs] [Times: user=0.03 sys=0.01, real=0.00 secs] 
2014-07-28T18:46:45.799+0000: 1839.486: [GC [PSYoungGen: 91040K->384K(89920K)] 259166K->168542K(776896K), 0.0051460 secs] [Times: user=0.03 sys=0.00, real=0.00 secs] 
2014-07-28T18:46:46.203+0000: 1839.889: [GC [PSYoungGen: 89920K->224K(88640K)] 258078K->168406K(775616K), 0.0027750 secs] [Times: user=0.01 sys=0.00, real=0.00 secs] 
2014-07-28T18:46:46.601+0000: 1840.287: [GC [PSYoungGen: 88608K->320K(87616K)] 256790K->168566K(774592K), 0.0029640 secs] [Times: user=0.01 sys=0.00, real=0.00 secs] 
2014-07-28T18:46:46.987+0000: 1840.674: [GC [PSYoungGen: 87616K->288K(86528K)] 255862K->168566K(773504K), 0.0039500 secs] [Times: user=0.02 sys=0.00, real=0.01 secs] 
2014-07-28T18:46:47.416+0000: 1841.102: [GC [PSYoungGen: 86496K->384K(103872K)] 254774K->168710K(790848K), 0.0069030 secs] [Times: user=0.02 sys=0.00, real=0.01 secs] 
2014-07-28T18:46:47.907+0000: 1841.594: [GC [PSYoungGen: 103872K->448K(124672K)] 272198K->168798K(811648K), 0.0048780 secs] [Times: user=0.01 sys=0.00, real=0.01 secs] 
2014-07-28T18:46:48.460+0000: 1842.147: [GC [PSYoungGen: 124672K->256K(139456K)] 293022K->168662K(826432K), 0.0072050 secs] [Times: user=0.04 sys=0.00, real=0.00 secs] 
2014-07-28T18:46:49.070+0000: 1842.757: [GC [PSYoungGen: 139456K->352K(137152K)] 307862K->168798K(824128K), 0.0033540 secs] [Times: user=0.02 sys=0.00, real=0.00 secs] 
2014-07-28T18:46:49.716+0000: 1843.403: [GC [PSYoungGen: 137089K->256K(134656K)] 305536K->168822K(821632K), 0.0039370 secs] [Times: user=0.03 sys=0.00, real=0.01 secs] 
2014-07-28T18:46:50.325+0000: 1844.011: [GC [PSYoungGen: 134656K->352K(132544K)] 303222K->168958K(819520K), 0.0035760 secs] [Times: user=0.02 sys=0.00, real=0.00 secs] 
2014-07-28T18:46:50.892+0000: 1844.579: [GC [PSYoungGen: 132512K->256K(130240K)] 301118K->168894K(817216K), 0.0053750 secs] [Times: user=0.01 sys=0.00, real=0.00 secs] 
2014-07-28T18:46:51.449+0000: 1845.136: [GC [PSYoungGen: 130240K->384K(128192K)] 298878K->169078K(815168K), 0.0058350 secs] [Times: user=0.03 sys=0.00, real=0.00 secs] 
2014-07-28T18:46:52.008+0000: 1845.695: [GC [PSYoungGen: 128192K->416K(126144K)] 296886K->169142K(813120K), 0.0053420 secs] [Times: user=0.04 sys=0.00, real=0.01 secs] 
2014-07-28T18:46:52.548+0000: 1846.235: [GC [PSYoungGen: 126112K->384K(124032K)] 294838K->169182K(811008K), 0.0051990 secs] [Times: user=0.02 sys=0.00, real=0.01 secs] 
2014-07-28T18:46:53.092+0000: 1846.779: [GC [PSYoungGen: 124032K->256K(121920K)] 292830K->169070K(808896K), 0.0029690 secs] [Times: user=0.01 sys=0.00, real=0.00 secs] 
2014-07-28T18:46:53.676+0000: 1847.363: [GC [PSYoungGen: 121920K->256K(120000K)] 290734K->169118K(806976K), 0.0037980 secs] [Times: user=0.02 sys=0.01, real=0.00 secs] 
2014-07-28T18:46:54.238+0000: 1847.925: [GC [PSYoungGen: 120000K->224K(118144K)] 288862K->169110K(805120K), 0.0028380 secs] [Times: user=0.01 sys=0.00, real=0.01 secs] 
2014-07-28T18:46:54.738+0000: 1848.425: [GC [PSYoungGen: 118112K->352K(116480K)] 286998K->169318K(803456K), 0.0027160 secs] [Times: user=0.01 sys=0.00, real=0.01 secs] 
2014-07-28T18:46:55.250+0000: 1848.937: [GC [PSYoungGen: 116448K->416K(114752K)] 285414K->169414K(801728K), 0.0026470 secs] [Times: user=0.01 sys=0.00, real=0.01 secs] 
2014-07-28T18:46:55.753+0000: 1849.440: [GC [PSYoungGen: 114720K->562K(113152K)] 283718K->169680K(800128K), 0.0048350 secs] [Times: user=0.03 sys=0.00, real=0.00 secs] 
2014-07-28T18:46:56.243+0000: 1849.930: [GC [PSYoungGen: 113138K->192K(111104K)] 282256K->169390K(798080K), 0.0075060 secs] [Times: user=0.04 sys=0.00, real=0.01 secs] 
2014-07-28T18:46:56.718+0000: 1850.404: [GC [PSYoungGen: 111070K->416K(109696K)] 280268K->169686K(796672K), 0.0033460 secs] [Times: user=0.02 sys=0.00, real=0.01 secs] 
2014-07-28T18:46:57.205+0000: 1850.892: [GC [PSYoungGen: 109664K->256K(107904K)] 278934K->169566K(794880K), 0.0027590 secs] [Times: user=0.01 sys=0.00, real=0.00 secs] 
2014-07-28T18:46:57.668+0000: 1851.355: [GC [PSYoungGen: 107904K->384K(106496K)] 277214K->169766K(793472K), 0.0064320 secs] [Times: user=0.04 sys=0.00, real=0.01 secs] 
2014-07-28T18:46:58.142+0000: 1851.829: [GC [PSYoungGen: 106496K->352K(104960K)] 275878K->169742K(791936K), 0.0046370 secs] [Times: user=0.03 sys=0.00, real=0.00 secs] 
2014-07-28T18:46:58.625+0000: 1852.312: [GC [PSYoungGen: 104922K->402K(125952K)] 274312K->169848K(812928K), 0.0106510 secs] [Times: user=0.06 sys=0.00, real=0.01 secs] 
2014-07-28T18:46:59.153+0000: 1852.840: [GC [PSYoungGen: 125906K->384K(135936K)] 295352K->169894K(822912K), 0.0086350 secs] [Times: user=0.05 sys=0.00, real=0.01 secs] 
2014-07-28T18:46:59.742+0000: 1853.429: [GC [PSYoungGen: 135936K->480K(136192K)] 305446K->170054K(823168K), 0.0032150 secs] [Times: user=0.01 sys=0.00, real=0.00 secs] 
2014-07-28T18:47:00.308+0000: 1853.995: [GC [PSYoungGen: 136032K->370K(133632K)] 305606K->169984K(820608K), 0.0032150 secs] [Times: user=0.01 sys=0.00, real=0.01 secs] 
2014-07-28T18:47:00.867+0000: 1854.554: [GC [PSYoungGen: 133618K->384K(131392K)] 303232K->170078K(818368K), 0.0033440 secs] [Times: user=0.02 sys=0.00, real=0.00 secs] 
2014-07-28T18:47:01.406+0000: 1855.093: [GC [PSYoungGen: 131392K->256K(129088K)] 301086K->169990K(816064K), 0.0054340 secs] [Times: user=0.03 sys=0.00, real=0.01 secs] 
2014-07-28T18:47:01.935+0000: 1855.622: [GC [PSYoungGen: 129088K->288K(127040K)] 298822K->170054K(814016K), 0.0038470 secs] [Times: user=0.02 sys=0.00, real=0.00 secs] 
2014-07-28T18:47:02.479+0000: 1856.166: [GC [PSYoungGen: 126983K->352K(125056K)] 296749K->170190K(812032K), 0.0044600 secs] [Times: user=0.02 sys=0.00, real=0.01 secs] 
2014-07-28T18:47:03.038+0000: 1856.724: [GC [PSYoungGen: 125024K->352K(123072K)] 294862K->170206K(810048K), 0.0060760 secs] [Times: user=0.04 sys=0.00, real=0.01 secs] 
2014-07-28T18:47:03.565+0000: 1857.252: [GC [PSYoungGen: 123040K->256K(147520K)] 292894K->170158K(834496K), 0.0076060 secs] [Times: user=0.05 sys=0.00, real=0.01 secs] 
2014-07-28T18:47:04.167+0000: 1857.854: [GC [PSYoungGen: 147520K->320K(161600K)] 317422K->170230K(848576K), 0.0076580 secs] [Times: user=0.02 sys=0.00, real=0.01 secs] 
2014-07-28T18:47:04.826+0000: 1858.513: [GC [PSYoungGen: 161344K->352K(177280K)] 331254K->170334K(864256K), 0.0069330 secs] [Times: user=0.04 sys=0.00, real=0.01 secs] 
2014-07-28T18:47:05.568+0000: 1859.255: [GC [PSYoungGen: 177117K->384K(173568K)] 347100K->170398K(860544K), 0.0032370 secs] [Times: user=0.01 sys=0.00, real=0.01 secs] 
2014-07-28T18:47:06.272+0000: 1859.959: [GC [PSYoungGen: 173568K->192K(169920K)] 343582K->170334K(856896K), 0.0021550 secs] [Times: user=0.01 sys=0.00, real=0.00 secs] 
2014-07-28T18:47:06.941+0000: 1860.627: [GC [PSYoungGen: 169878K->402K(166848K)] 340020K->170608K(853824K), 0.0039790 secs] [Times: user=0.03 sys=0.00, real=0.01 secs] 
2014-07-28T18:47:07.605+0000: 1861.292: [GC [PSYoungGen: 166802K->448K(163584K)] 337008K->170750K(850560K), 0.0031510 secs] [Times: user=0.02 sys=0.00, real=0.00 secs] 
2014-07-28T18:47:08.266+0000: 1861.953: [GC [PSYoungGen: 163584K->416K(160448K)] 333886K->170742K(847424K), 0.0031870 secs] [Times: user=0.02 sys=0.00, real=0.00 secs] 
2014-07-28T18:47:08.875+0000: 1862.562: [GC [PSYoungGen: 160416K->320K(157312K)] 330742K->170710K(844288K), 0.0033330 secs] [Times: user=0.01 sys=0.00, real=0.00 secs] 
2014-07-28T18:47:09.488+0000: 1863.175: [GC [PSYoungGen: 157312K->448K(154496K)] 327702K->170902K(841472K), 0.0029620 secs] [Times: user=0.02 sys=0.00, real=0.00 secs] 
2014-07-28T18:47:10.107+0000: 1863.793: [GC [PSYoungGen: 154496K->256K(151424K)] 324950K->170750K(838400K), 0.0042860 secs] [Times: user=0.02 sys=0.00, real=0.00 secs] 
2014-07-28T18:47:10.700+0000: 1864.387: [GC [PSYoungGen: 151424K->448K(148864K)] 321918K->171022K(835840K), 0.0041220 secs] [Times: user=0.02 sys=0.00, real=0.01 secs] 
2014-07-28T18:47:11.290+0000: 1864.977: [GC [PSYoungGen: 148864K->320K(146048K)] 319438K->170910K(833024K), 0.0058570 secs] [Times: user=0.02 sys=0.00, real=0.01 secs] 
2014-07-28T18:47:11.867+0000: 1865.554: [GC [PSYoungGen: 146048K->416K(143552K)] 316638K->171094K(830528K), 0.0023210 secs] [Times: user=0.01 sys=0.00, real=0.00 secs] 
2014-07-28T18:47:12.426+0000: 1866.112: [GC [PSYoungGen: 143520K->416K(141056K)] 314198K->171174K(828032K), 0.0026410 secs] [Times: user=0.01 sys=0.00, real=0.00 secs] 
2014-07-28T18:47:12.987+0000: 1866.674: [GC [PSYoungGen: 140984K->384K(138560K)] 311742K->171206K(825536K), 0.0023980 secs] [Times: user=0.02 sys=0.00, real=0.00 secs] 
2014-07-28T18:47:13.536+0000: 1867.223: [GC [PSYoungGen: 138546K->384K(136192K)] 309368K->171310K(823168K), 0.0059660 secs] [Times: user=0.04 sys=0.00, real=0.00 secs] 
2014-07-28T18:47:14.108+0000: 1867.795: [GC [PSYoungGen: 136192K->416K(133952K)] 307118K->171390K(820928K), 0.0035420 secs] [Times: user=0.02 sys=0.00, real=0.00 secs] 
2014-07-28T18:47:14.630+0000: 1868.317: [GC [PSYoungGen: 133920K->384K(131648K)] 304894K->171462K(818624K), 0.0050130 secs] [Times: user=0.01 sys=0.00, real=0.01 secs] 
2014-07-28T18:47:15.121+0000: 1868.808: [GC [PSYoungGen: 131648K->384K(129472K)] 302726K->171486K(816448K), 0.0039470 secs] [Times: user=0.02 sys=0.00, real=0.01 secs] 
2014-07-28T18:47:15.656+0000: 1869.343: [GC [PSYoungGen: 129472K->448K(127424K)] 300574K->171646K(814400K), 0.0025400 secs] [Times: user=0.01 sys=0.00, real=0.00 secs] 
2014-07-28T18:47:16.152+0000: 1869.839: [GC [PSYoungGen: 127424K->416K(125376K)] 298622K->171638K(812352K), 0.0033790 secs] [Times: user=0.02 sys=0.00, real=0.01 secs] 
2014-07-28T18:47:16.635+0000: 1870.321: [GC [PSYoungGen: 125344K->384K(123328K)] 296566K->171702K(810304K), 0.0032310 secs] [Times: user=0.02 sys=0.00, real=0.00 secs] 
2014-07-28T18:47:17.106+0000: 1870.793: [GC [PSYoungGen: 123328K->192K(121152K)] 294646K->171518K(808128K), 0.0023360 secs] [Times: user=0.01 sys=0.00, real=0.00 secs] 
2014-07-28T18:47:17.605+0000: 1871.292: [GC [PSYoungGen: 121145K->516K(119616K)] 292471K->171938K(806592K), 0.0049470 secs] [Times: user=0.03 sys=0.00, real=0.00 secs] 
2014-07-28T18:47:18.120+0000: 1871.807: [GC [PSYoungGen: 119556K->288K(117504K)] 290978K->171718K(804480K), 0.0035120 secs] [Times: user=0.02 sys=0.00, real=0.01 secs] 
2014-07-28T18:47:18.588+0000: 1872.275: [GC [PSYoungGen: 117472K->448K(115840K)] 288902K->171974K(802816K), 0.0037030 secs] [Times: user=0.02 sys=0.00, real=0.00 secs] 
2014-07-28T18:47:19.036+0000: 1872.723: [GC [PSYoungGen: 115840K->224K(113920K)] 287366K->171774K(800896K), 0.0024090 secs] [Times: user=0.01 sys=0.01, real=0.00 secs] 
2014-07-28T18:47:19.501+0000: 1873.188: [GC [PSYoungGen: 113888K->384K(112320K)] 285438K->171998K(799296K), 0.0079970 secs] [Times: user=0.05 sys=0.00, real=0.01 secs] 
2014-07-28T18:47:19.984+0000: 1873.670: [GC [PSYoungGen: 112320K->256K(110528K)] 283934K->171902K(797504K), 0.0027260 secs] [Times: user=0.01 sys=0.00, real=0.01 secs] 
2014-07-28T18:47:20.366+0000: 1874.053: [GC [PSYoungGen: 110528K->352K(132736K)] 282174K->172078K(819712K), 0.0075140 secs] [Times: user=0.05 sys=0.00, real=0.00 secs] 
2014-07-28T18:47:20.905+0000: 1874.592: [GC [PSYoungGen: 132704K->256K(130368K)] 304430K->172022K(817344K), 0.0039620 secs] [Times: user=0.02 sys=0.00, real=0.00 secs] 
2014-07-28T18:47:21.387+0000: 1875.074: [GC [PSYoungGen: 130368K->448K(128384K)] 302134K->172286K(815360K), 0.0048380 secs] [Times: user=0.03 sys=0.00, real=0.00 secs] 
2014-07-28T18:47:21.880+0000: 1875.567: [GC [PSYoungGen: 128384K->256K(153792K)] 300222K->172134K(840768K), 0.0081290 secs] [Times: user=0.05 sys=0.00, real=0.01 secs] 
2014-07-28T18:47:22.461+0000: 1876.147: [GC [PSYoungGen: 153792K->320K(170688K)] 325670K->172270K(857664K), 0.0037810 secs] [Times: user=0.02 sys=0.00, real=0.01 secs] 
2014-07-28T18:47:23.137+0000: 1876.824: [GC [PSYoungGen: 170368K->224K(170688K)] 342318K->172206K(857664K), 0.0087780 secs] [Times: user=0.05 sys=0.00, real=0.01 secs] 
2014-07-28T18:47:23.718+0000: 1877.404: [GC [PSYoungGen: 170272K->192K(166912K)] 342254K->172198K(853888K), 0.0036690 secs] [Times: user=0.01 sys=0.00, real=0.00 secs] 
2014-07-28T18:47:24.297+0000: 1877.983: [GC [PSYoungGen: 166912K->224K(163712K)] 338918K->172262K(850688K), 0.0032460 secs] [Times: user=0.02 sys=0.00, real=0.00 secs] 
2014-07-28T18:47:24.866+0000: 1878.553: [GC [PSYoungGen: 163680K->352K(160704K)] 335718K->172446K(847680K), 0.0071670 secs] [Times: user=0.05 sys=0.01, real=0.00 secs] 
2014-07-28T18:47:25.611+0000: 1879.298: [GC [PSYoungGen: 160672K->320K(157568K)] 332766K->172454K(844544K), 0.0072660 secs] [Times: user=0.04 sys=0.00, real=0.01 secs] 
2014-07-28T18:47:26.218+0000: 1879.905: [GC [PSYoungGen: 157568K->256K(154560K)] 329702K->172422K(841536K), 0.0034550 secs] [Times: user=0.02 sys=0.00, real=0.00 secs] 
2014-07-28T18:47:26.771+0000: 1880.458: [GC [PSYoungGen: 154560K->384K(151808K)] 326726K->172598K(838784K), 0.0060330 secs] [Times: user=0.03 sys=0.00, real=0.01 secs] 
2014-07-28T18:47:27.315+0000: 1881.002: [GC [PSYoungGen: 151808K->224K(148928K)] 324022K->172478K(835904K), 0.0046940 secs] [Times: user=0.02 sys=0.01, real=0.01 secs] 
2014-07-28T18:47:27.867+0000: 1881.553: [GC [PSYoungGen: 148896K->320K(146304K)] 321150K->172638K(833280K), 0.0055410 secs] [Times: user=0.03 sys=0.00, real=0.00 secs] 
2014-07-28T18:47:28.498+0000: 1882.185: [GC [PSYoungGen: 146304K->320K(143680K)] 318622K->172702K(830656K), 0.0036450 secs] [Times: user=0.02 sys=0.00, real=0.00 secs] 
2014-07-28T18:47:29.053+0000: 1882.740: [GC [PSYoungGen: 143680K->288K(141120K)] 316062K->172718K(828096K), 0.0036040 secs] [Times: user=0.01 sys=0.01, real=0.01 secs] 
2014-07-28T18:47:29.595+0000: 1883.282: [GC [PSYoungGen: 141088K->320K(138688K)] 313518K->172814K(825664K), 0.0029950 secs] [Times: user=0.02 sys=0.00, real=0.00 secs] 
2014-07-28T18:47:30.099+0000: 1883.786: [GC [PSYoungGen: 138688K->416K(136448K)] 311182K->172918K(823424K), 0.0048990 secs] [Times: user=0.03 sys=0.00, real=0.00 secs] 
2014-07-28T18:47:30.595+0000: 1884.282: [GC [PSYoungGen: 136416K->320K(163520K)] 308918K->172886K(850496K), 0.0199220 secs] [Times: user=0.13 sys=0.00, real=0.02 secs] 
2014-07-28T18:47:31.268+0000: 1884.955: [GC [PSYoungGen: 163520K->384K(196224K)] 336086K->172974K(883200K), 0.0191190 secs] [Times: user=0.13 sys=0.00, real=0.02 secs] 
2014-07-28T18:47:32.020+0000: 1885.707: [GC [PSYoungGen: 196224K->384K(201600K)] 368814K->173086K(888576K), 0.0034010 secs] [Times: user=0.02 sys=0.00, real=0.00 secs] 
2014-07-28T18:47:32.784+0000: 1886.470: [GC [PSYoungGen: 201600K->480K(201792K)] 374302K->173286K(888768K), 0.0050920 secs] [Times: user=0.04 sys=0.00, real=0.01 secs] 
2014-07-28T18:47:33.555+0000: 1887.242: [GC [PSYoungGen: 201696K->448K(241984K)] 374502K->173286K(928960K), 0.0032500 secs] [Times: user=0.02 sys=0.01, real=0.01 secs] 
2014-07-28T18:47:34.469+0000: 1888.156: [GC [PSYoungGen: 241856K->352K(235968K)] 414694K->173262K(922944K), 0.0028520 secs] [Times: user=0.01 sys=0.00, real=0.00 secs] 
2014-07-28T18:47:35.349+0000: 1889.036: [GC [PSYoungGen: 235936K->224K(230272K)] 408846K->173190K(917248K), 0.0029500 secs] [Times: user=0.02 sys=0.00, real=0.00 secs] 
2014-07-28T18:47:36.223+0000: 1889.910: [GC [PSYoungGen: 230240K->448K(225088K)] 403206K->173478K(912064K), 0.0088090 secs] [Times: user=0.05 sys=0.01, real=0.01 secs] 
2014-07-28T18:47:37.048+0000: 1890.735: [GC [PSYoungGen: 225088K->320K(219776K)] 398118K->173430K(906752K), 0.0040030 secs] [Times: user=0.02 sys=0.00, real=0.00 secs] 
2014-07-28T18:47:37.867+0000: 1891.554: [GC [PSYoungGen: 219776K->448K(214912K)] 392886K->173622K(901888K), 0.0035280 secs] [Times: user=0.02 sys=0.00, real=0.00 secs] 
2014-07-28T18:47:38.696+0000: 1892.383: [GC [PSYoungGen: 214912K->224K(209856K)] 388086K->173438K(896832K), 0.0045230 secs] [Times: user=0.02 sys=0.01, real=0.01 secs] 
2014-07-28T18:47:39.485+0000: 1893.172: [GC [PSYoungGen: 209824K->256K(205184K)] 383038K->173518K(892160K), 0.0027360 secs] [Times: user=0.01 sys=0.00, real=0.01 secs] 
2014-07-28T18:47:40.239+0000: 1893.925: [GC [PSYoungGen: 205184K->288K(200768K)] 378446K->173622K(887744K), 0.0030660 secs] [Times: user=0.01 sys=0.00, real=0.00 secs] 
2014-07-28T18:47:40.997+0000: 1894.683: [GC [PSYoungGen: 200736K->224K(196352K)] 374070K->173582K(883328K), 0.0077360 secs] [Times: user=0.04 sys=0.00, real=0.01 secs] 
2014-07-28T18:47:41.715+0000: 1895.402: [GC [PSYoungGen: 196320K->402K(192320K)] 369678K->173840K(879296K), 0.0061580 secs] [Times: user=0.04 sys=0.00, real=0.01 secs] 
2014-07-28T18:47:42.441+0000: 1896.128: [GC [PSYoungGen: 192274K->256K(188096K)] 365712K->173718K(875072K), 0.0022030 secs] [Times: user=0.01 sys=0.01, real=0.00 secs] 
2014-07-28T18:47:43.159+0000: 1896.846: [GC [PSYoungGen: 188082K->480K(184448K)] 361544K->173998K(871424K), 0.0031080 secs] [Times: user=0.02 sys=0.00, real=0.00 secs] 
2014-07-28T18:47:43.878+0000: 1897.565: [GC [PSYoungGen: 184416K->448K(180608K)] 357934K->174070K(867584K), 0.0044420 secs] [Times: user=0.02 sys=0.00, real=0.00 secs] 
2014-07-28T18:47:44.550+0000: 1898.237: [GC [PSYoungGen: 180608K->370K(176896K)] 354230K->174072K(863872K), 0.0054520 secs] [Times: user=0.03 sys=0.00, real=0.00 secs] 
2014-07-28T18:47:45.193+0000: 1898.879: [GC [PSYoungGen: 176882K->416K(173376K)] 350584K->174182K(860352K), 0.0027970 secs] [Times: user=0.01 sys=0.00, real=0.00 secs] 
2014-07-28T18:47:45.822+0000: 1899.509: [GC [PSYoungGen: 173344K->320K(169792K)] 347110K->174118K(856768K), 0.0060470 secs] [Times: user=0.02 sys=0.00, real=0.01 secs] 
2014-07-28T18:47:46.427+0000: 1900.113: [GC [PSYoungGen: 169792K->224K(166400K)] 343590K->174046K(853376K), 0.0082080 secs] [Times: user=0.06 sys=0.00, real=0.01 secs] 
2014-07-28T18:47:47.030+0000: 1900.716: [GC [PSYoungGen: 166368K->448K(163392K)] 340190K->174342K(850368K), 0.0038120 secs] [Times: user=0.02 sys=0.00, real=0.00 secs] 
2014-07-28T18:47:47.625+0000: 1901.312: [GC [PSYoungGen: 163392K->320K(160128K)] 337286K->174294K(847104K), 0.0061020 secs] [Times: user=0.04 sys=0.00, real=0.01 secs] 
2014-07-28T18:47:48.225+0000: 1901.912: [GC [PSYoungGen: 160128K->320K(157120K)] 334102K->174310K(844096K), 0.0043170 secs] [Times: user=0.02 sys=0.00, real=0.01 secs] 
2014-07-28T18:47:48.792+0000: 1902.479: [GC [PSYoungGen: 157120K->352K(154240K)] 331110K->174422K(841216K), 0.0036810 secs] [Times: user=0.03 sys=0.00, real=0.00 secs] 
2014-07-28T18:47:49.335+0000: 1903.022: [GC [PSYoungGen: 154208K->352K(151424K)] 328278K->174462K(838400K), 0.0048410 secs] [Times: user=0.03 sys=0.00, real=0.01 secs] 
2014-07-28T18:47:49.876+0000: 1903.563: [GC [PSYoungGen: 151392K->384K(148672K)] 325502K->174542K(835648K), 0.0062640 secs] [Times: user=0.01 sys=0.00, real=0.01 secs] 
2014-07-28T18:47:50.393+0000: 1904.080: [GC [PSYoungGen: 148672K->288K(145920K)] 322830K->174502K(832896K), 0.0040880 secs] [Times: user=0.02 sys=0.00, real=0.00 secs] 
2014-07-28T18:47:50.961+0000: 1904.648: [GC [PSYoungGen: 145888K->384K(143360K)] 320102K->174662K(830336K), 0.0049820 secs] [Times: user=0.02 sys=0.00, real=0.00 secs] 
2014-07-28T18:47:51.482+0000: 1905.169: [GC [PSYoungGen: 143360K->448K(140928K)] 317638K->174830K(827904K), 0.0040110 secs] [Times: user=0.02 sys=0.00, real=0.00 secs] 
2014-07-28T18:47:51.977+0000: 1905.664: [GC [PSYoungGen: 140928K->224K(138304K)] 315310K->174630K(825280K), 0.0048440 secs] [Times: user=0.03 sys=0.00, real=0.01 secs] 
2014-07-28T18:47:52.461+0000: 1906.148: [GC [PSYoungGen: 138272K->288K(136000K)] 312678K->174758K(822976K), 0.0058260 secs] [Times: user=0.04 sys=0.00, real=0.00 secs] 
2014-07-28T18:47:52.929+0000: 1906.616: [GC [PSYoungGen: 135968K->448K(133824K)] 310438K->174966K(820800K), 0.0031380 secs] [Times: user=0.01 sys=0.00, real=0.00 secs] 
2014-07-28T18:47:53.399+0000: 1907.086: [GC [PSYoungGen: 133824K->288K(131456K)] 308342K->174870K(818432K), 0.0026380 secs] [Times: user=0.01 sys=0.01, real=0.00 secs] 
2014-07-28T18:47:53.848+0000: 1907.535: [GC [PSYoungGen: 131424K->384K(129344K)] 306006K->174990K(816320K), 0.0055070 secs] [Times: user=0.03 sys=0.01, real=0.01 secs] 
2014-07-28T18:47:54.297+0000: 1907.984: [GC [PSYoungGen: 129344K->320K(127168K)] 303950K->174966K(814144K), 0.0046710 secs] [Times: user=0.02 sys=0.00, real=0.01 secs] 
2014-07-28T18:47:54.748+0000: 1908.435: [GC [PSYoungGen: 127168K->448K(125248K)] 301814K->175198K(812224K), 0.0042890 secs] [Times: user=0.03 sys=0.00, real=0.01 secs] 
2014-07-28T18:47:55.181+0000: 1908.868: [GC [PSYoungGen: 125248K->256K(123072K)] 299998K->175046K(810048K), 0.0032220 secs] [Times: user=0.02 sys=0.01, real=0.00 secs] 
2014-07-28T18:47:55.629+0000: 1909.315: [GC [PSYoungGen: 123072K->384K(121280K)] 297862K->175262K(808256K), 0.0030200 secs] [Times: user=0.01 sys=0.01, real=0.01 secs] 
2014-07-28T18:47:56.069+0000: 1909.756: [GC [PSYoungGen: 121257K->370K(145472K)] 296135K->175272K(832448K), 0.0075660 secs] [Times: user=0.05 sys=0.00, real=0.00 secs] 
2014-07-28T18:47:56.573+0000: 1910.260: [GC [PSYoungGen: 145458K->320K(142848K)] 320360K->175286K(829824K), 0.0032870 secs] [Times: user=0.02 sys=0.00, real=0.00 secs] 
2014-07-28T18:47:57.064+0000: 1910.751: [GC [PSYoungGen: 142848K->448K(140480K)] 317814K->175430K(827456K), 0.0036430 secs] [Times: user=0.02 sys=0.00, real=0.00 secs] 
2014-07-28T18:47:57.550+0000: 1911.237: [GC [PSYoungGen: 140480K->370K(168448K)] 315462K->175432K(855424K), 0.0079550 secs] [Times: user=0.05 sys=0.00, real=0.00 secs] 
2014-07-28T18:47:58.158+0000: 1911.845: [GC [PSYoungGen: 168434K->256K(165056K)] 343496K->175334K(852032K), 0.0038080 secs] [Times: user=0.02 sys=0.00, real=0.01 secs] 
2014-07-28T18:47:58.767+0000: 1912.453: [GC [PSYoungGen: 165056K->416K(162048K)] 340134K->175582K(849024K), 0.0039970 secs] [Times: user=0.02 sys=0.00, real=0.01 secs] 
2014-07-28T18:47:59.332+0000: 1913.019: [GC [PSYoungGen: 162016K->416K(158976K)] 337182K->175614K(845952K), 0.0031210 secs] [Times: user=0.02 sys=0.00, real=0.00 secs] 
2014-07-28T18:47:59.881+0000: 1913.568: [GC [PSYoungGen: 158944K->384K(155904K)] 334142K->175662K(842880K), 0.0033830 secs] [Times: user=0.02 sys=0.00, real=0.00 secs] 
2014-07-28T18:48:00.419+0000: 1914.105: [GC [PSYoungGen: 155866K->384K(153024K)] 331144K->175742K(840000K), 0.0051340 secs] [Times: user=0.03 sys=0.00, real=0.01 secs] 
2014-07-28T18:48:00.935+0000: 1914.622: [GC [PSYoungGen: 153024K->352K(150208K)] 328382K->175742K(837184K), 0.0049350 secs] [Times: user=0.01 sys=0.00, real=0.00 secs] 
2014-07-28T18:48:01.419+0000: 1915.106: [GC [PSYoungGen: 150176K->384K(147456K)] 325566K->175822K(834432K), 0.0035640 secs] [Times: user=0.01 sys=0.00, real=0.01 secs] 
2014-07-28T18:48:01.951+0000: 1915.638: [GC [PSYoungGen: 147456K->352K(144832K)] 322894K->175838K(831808K), 0.0065800 secs] [Times: user=0.03 sys=0.00, real=0.00 secs] 
2014-07-28T18:48:02.452+0000: 1916.138: [GC [PSYoungGen: 144800K->224K(142144K)] 320286K->175750K(829120K), 0.0028670 secs] [Times: user=0.02 sys=0.01, real=0.00 secs] 
2014-07-28T18:48:02.960+0000: 1916.647: [GC [PSYoungGen: 142112K->256K(139648K)] 317638K->175806K(826624K), 0.0046630 secs] [Times: user=0.03 sys=0.00, real=0.01 secs] 
2014-07-28T18:48:03.515+0000: 1917.202: [GC [PSYoungGen: 139648K->256K(137216K)] 315198K->175854K(824192K), 0.0024630 secs] [Times: user=0.01 sys=0.00, real=0.00 secs] 
2014-07-28T18:48:04.035+0000: 1917.722: [GC [PSYoungGen: 137216K->320K(134912K)] 312814K->175950K(821888K), 0.0045130 secs] [Times: user=0.02 sys=0.01, real=0.00 secs] 
2014-07-28T18:48:04.524+0000: 1918.210: [GC [PSYoungGen: 134912K->224K(132544K)] 310542K->175878K(819520K), 0.0032870 secs] [Times: user=0.01 sys=0.00, real=0.00 secs] 
2014-07-28T18:48:05.002+0000: 1918.689: [GC [PSYoungGen: 132512K->352K(130432K)] 308166K->176046K(817408K), 0.0048140 secs] [Times: user=0.03 sys=0.00, real=0.00 secs] 
2014-07-28T18:48:05.473+0000: 1919.160: [GC [PSYoungGen: 130400K->320K(156416K)] 306094K->176046K(843392K), 0.0083260 secs] [Times: user=0.05 sys=0.01, real=0.01 secs] 
2014-07-28T18:48:06.026+0000: 1919.713: [GC [PSYoungGen: 156416K->160K(153344K)] 332142K->175902K(840320K), 0.0035050 secs] [Times: user=0.01 sys=0.00, real=0.00 secs] 
2014-07-28T18:48:06.530+0000: 1920.217: [GC [PSYoungGen: 153312K->192K(150528K)] 329054K->175966K(837504K), 0.0045180 secs] [Times: user=0.03 sys=0.00, real=0.01 secs] 
2014-07-28T18:48:07.192+0000: 1920.878: [GC [PSYoungGen: 150528K->352K(147968K)] 326302K->176150K(834944K), 0.0030900 secs] [Times: user=0.02 sys=0.00, real=0.00 secs] 
2014-07-28T18:48:07.924+0000: 1921.611: [GC [PSYoungGen: 147936K->256K(177408K)] 323734K->176070K(864384K), 0.0122600 secs] [Times: user=0.06 sys=0.01, real=0.01 secs] 
2014-07-28T18:48:08.731+0000: 1922.418: [GC [PSYoungGen: 177408K->288K(173888K)] 353222K->176166K(860864K), 0.0032630 secs] [Times: user=0.02 sys=0.00, real=0.00 secs] 
2014-07-28T18:48:09.323+0000: 1923.010: [GC [PSYoungGen: 173856K->352K(170496K)] 349734K->176286K(857472K), 0.0039230 secs] [Times: user=0.02 sys=0.00, real=0.00 secs] 
2014-07-28T18:48:09.933+0000: 1923.620: [GC [PSYoungGen: 170464K->512K(167296K)] 346398K->176518K(854272K), 0.0069140 secs] [Times: user=0.04 sys=0.00, real=0.00 secs] 
2014-07-28T18:48:10.497+0000: 1924.183: [GC [PSYoungGen: 167296K->192K(163712K)] 343302K->176318K(850688K), 0.0051680 secs] [Times: user=0.03 sys=0.00, real=0.01 secs] 
2014-07-28T18:48:11.087+0000: 1924.774: [GC [PSYoungGen: 163712K->192K(160576K)] 339838K->176334K(847552K), 0.0032070 secs] [Times: user=0.01 sys=0.00, real=0.00 secs] 
2014-07-28T18:48:11.661+0000: 1925.347: [GC [PSYoungGen: 160576K->352K(157696K)] 336718K->176566K(844672K), 0.0044270 secs] [Times: user=0.02 sys=0.00, real=0.01 secs] 
2014-07-28T18:48:12.228+0000: 1925.915: [GC [PSYoungGen: 157664K->352K(154752K)] 333878K->176582K(841728K), 0.0033510 secs] [Times: user=0.02 sys=0.00, real=0.01 secs] 
2014-07-28T18:48:12.762+0000: 1926.448: [GC [PSYoungGen: 154720K->320K(151808K)] 330950K->176710K(838784K), 0.0028250 secs] [Times: user=0.02 sys=0.00, real=0.01 secs] 
2014-07-28T18:48:13.265+0000: 1926.952: [GC [PSYoungGen: 151808K->256K(148992K)] 328198K->176686K(835968K), 0.0056930 secs] [Times: user=0.04 sys=0.00, real=0.00 secs] 
2014-07-28T18:48:13.810+0000: 1927.497: [GC [PSYoungGen: 148957K->516K(146624K)] 325387K->177026K(833600K), 0.0029830 secs] [Times: user=0.02 sys=0.00, real=0.01 secs] 
2014-07-28T18:48:14.319+0000: 1928.006: [GC [PSYoungGen: 146564K->320K(143744K)] 323074K->176886K(830720K), 0.0052800 secs] [Times: user=0.03 sys=0.00, real=0.01 secs] 
2014-07-28T18:48:14.799+0000: 1928.486: [GC [PSYoungGen: 143744K->448K(141312K)] 320310K->177102K(828288K), 0.0038430 secs] [Times: user=0.02 sys=0.00, real=0.01 secs] 
2014-07-28T18:48:15.297+0000: 1928.983: [GC [PSYoungGen: 141312K->384K(138816K)] 317966K->177094K(825792K), 0.0040950 secs] [Times: user=0.03 sys=0.00, real=0.00 secs] 
2014-07-28T18:48:15.784+0000: 1929.471: [GC [PSYoungGen: 138816K->352K(136448K)] 315526K->177134K(823424K), 0.0031700 secs] [Times: user=0.01 sys=0.00, real=0.00 secs] 
2014-07-28T18:48:16.252+0000: 1929.938: [GC [PSYoungGen: 136388K->384K(134144K)] 313170K->177198K(821120K), 0.0063340 secs] [Times: user=0.05 sys=0.00, real=0.01 secs] 
2014-07-28T18:48:16.704+0000: 1930.391: [GC [PSYoungGen: 134144K->288K(131840K)] 310958K->177174K(818816K), 0.0029900 secs] [Times: user=0.01 sys=0.00, real=0.00 secs] 
2014-07-28T18:48:17.161+0000: 1930.848: [GC [PSYoungGen: 131808K->352K(129728K)] 308694K->177270K(816704K), 0.0026770 secs] [Times: user=0.01 sys=0.00, real=0.01 secs] 
2014-07-28T18:48:17.592+0000: 1931.279: [GC [PSYoungGen: 129696K->288K(127552K)] 306614K->177270K(814528K), 0.0034630 secs] [Times: user=0.01 sys=0.00, real=0.00 secs] 
2014-07-28T18:48:18.029+0000: 1931.716: [GC [PSYoungGen: 127520K->320K(125504K)] 304502K->177334K(812480K), 0.0047000 secs] [Times: user=0.03 sys=0.00, real=0.01 secs] 
2014-07-28T18:48:18.450+0000: 1932.137: [GC [PSYoungGen: 125504K->320K(123520K)] 302518K->177398K(810496K), 0.0057100 secs] [Times: user=0.03 sys=0.00, real=0.01 secs] 
2014-07-28T18:48:18.888+0000: 1932.574: [GC [PSYoungGen: 123520K->384K(121600K)] 300598K->177526K(808576K), 0.0035210 secs] [Times: user=0.02 sys=0.00, real=0.00 secs] 
2014-07-28T18:48:19.290+0000: 1932.977: [GC [PSYoungGen: 121600K->384K(119680K)] 298742K->177606K(806656K), 0.0034120 secs] [Times: user=0.02 sys=0.00, real=0.01 secs] 
2014-07-28T18:48:19.692+0000: 1933.378: [GC [PSYoungGen: 119680K->352K(117824K)] 296902K->177638K(804800K), 0.0030370 secs] [Times: user=0.01 sys=0.01, real=0.01 secs] 
2014-07-28T18:48:20.090+0000: 1933.777: [GC [PSYoungGen: 117792K->448K(116096K)] 295078K->177742K(803072K), 0.0022580 secs] [Times: user=0.01 sys=0.00, real=0.00 secs] 
2014-07-28T18:48:20.478+0000: 1934.165: [GC [PSYoungGen: 116096K->416K(114368K)] 293390K->177766K(801344K), 0.0038650 secs] [Times: user=0.02 sys=0.00, real=0.00 secs] 
2014-07-28T18:48:20.853+0000: 1934.539: [GC [PSYoungGen: 114336K->320K(112512K)] 291686K->177790K(799488K), 0.0038780 secs] [Times: user=0.02 sys=0.01, real=0.01 secs] 
2014-07-28T18:48:21.220+0000: 1934.907: [GC [PSYoungGen: 112512K->256K(110784K)] 289982K->177782K(797760K), 0.0025510 secs] [Times: user=0.01 sys=0.00, real=0.00 secs] 
2014-07-28T18:48:21.608+0000: 1935.295: [GC [PSYoungGen: 110784K->384K(109312K)] 288310K->177998K(796288K), 0.0057810 secs] [Times: user=0.03 sys=0.00, real=0.01 secs] 
2014-07-28T18:48:21.984+0000: 1935.671: [GC [PSYoungGen: 109312K->320K(107648K)] 286926K->177974K(794624K), 0.0038670 secs] [Times: user=0.01 sys=0.00, real=0.00 secs] 
2014-07-28T18:48:22.343+0000: 1936.030: [GC [PSYoungGen: 107648K->320K(129152K)] 285302K->178046K(816128K), 0.0063820 secs] [Times: user=0.04 sys=0.00, real=0.00 secs] 
2014-07-28T18:48:22.799+0000: 1936.486: [GC [PSYoungGen: 129152K->384K(155008K)] 306878K->178126K(841984K), 0.0030570 secs] [Times: user=0.01 sys=0.00, real=0.00 secs] 
2014-07-28T18:48:23.327+0000: 1937.013: [GC [PSYoungGen: 155008K->384K(152128K)] 332750K->178158K(839104K), 0.0041320 secs] [Times: user=0.03 sys=0.00, real=0.00 secs] 
2014-07-28T18:48:23.840+0000: 1937.527: [GC [PSYoungGen: 152128K->384K(149376K)] 329902K->178230K(836352K), 0.0032950 secs] [Times: user=0.01 sys=0.00, real=0.01 secs] 
2014-07-28T18:48:24.334+0000: 1938.021: [GC [PSYoungGen: 149376K->320K(146624K)] 327222K->178190K(833600K), 0.0043010 secs] [Times: user=0.02 sys=0.00, real=0.00 secs] 
2014-07-28T18:48:24.816+0000: 1938.503: [GC [PSYoungGen: 146624K->160K(143872K)] 324494K->178046K(830848K), 0.0051720 secs] [Times: user=0.01 sys=0.00, real=0.00 secs] 
2014-07-28T18:48:25.339+0000: 1939.026: [GC [PSYoungGen: 143840K->256K(141376K)] 321726K->178198K(828352K), 0.0049950 secs] [Times: user=0.03 sys=0.00, real=0.01 secs] 
2014-07-28T18:48:25.812+0000: 1939.499: [GC [PSYoungGen: 141376K->224K(138880K)] 319318K->178214K(825856K), 0.0028720 secs] [Times: user=0.01 sys=0.00, real=0.01 secs] 
2014-07-28T18:48:26.275+0000: 1939.962: [GC [PSYoungGen: 138848K->384K(166784K)] 316838K->178414K(853760K), 0.0074430 secs] [Times: user=0.05 sys=0.00, real=0.00 secs] 
2014-07-28T18:48:26.846+0000: 1940.533: [GC [PSYoungGen: 166753K->338K(200064K)] 344783K->178408K(887040K), 0.0057970 secs] [Times: user=0.01 sys=0.00, real=0.00 secs] 
2014-07-28T18:48:27.493+0000: 1941.180: [GC [PSYoungGen: 200018K->448K(195776K)] 378088K->178550K(882752K), 0.0030720 secs] [Times: user=0.01 sys=0.00, real=0.01 secs] 
2014-07-28T18:48:28.158+0000: 1941.845: [GC [PSYoungGen: 195776K->448K(191616K)] 373878K->178638K(878592K), 0.0034510 secs] [Times: user=0.02 sys=0.00, real=0.00 secs] 
2014-07-28T18:48:28.834+0000: 1942.521: [GC [PSYoungGen: 191616K->320K(187456K)] 369806K->178630K(874432K), 0.0039230 secs] [Times: user=0.02 sys=0.00, real=0.01 secs] 
2014-07-28T18:48:29.447+0000: 1943.134: [GC [PSYoungGen: 187456K->256K(183488K)] 365766K->178590K(870464K), 0.0048200 secs] [Times: user=0.02 sys=0.00, real=0.00 secs] 
2014-07-28T18:48:30.076+0000: 1943.763: [GC [PSYoungGen: 183488K->480K(179968K)] 361822K->178894K(866944K), 0.0055110 secs] [Times: user=0.03 sys=0.00, real=0.00 secs] 
2014-07-28T18:48:30.677+0000: 1944.363: [GC [PSYoungGen: 179936K->352K(176192K)] 358350K->178854K(863168K), 0.0052800 secs] [Times: user=0.03 sys=0.00, real=0.00 secs] 
2014-07-28T18:48:31.258+0000: 1944.945: [GC [PSYoungGen: 176160K->224K(172544K)] 354662K->178742K(859520K), 0.0023320 secs] [Times: user=0.01 sys=0.00, real=0.00 secs] 
2014-07-28T18:48:31.811+0000: 1945.498: [GC [PSYoungGen: 172512K->384K(169280K)] 351030K->178990K(856256K), 0.0024220 secs] [Times: user=0.01 sys=0.00, real=0.00 secs] 
2014-07-28T18:48:32.371+0000: 1946.058: [GC [PSYoungGen: 169280K->224K(165824K)] 347886K->178838K(852800K), 0.0029800 secs] [Times: user=0.01 sys=0.00, real=0.00 secs] 
2014-07-28T18:48:32.916+0000: 1946.603: [GC [PSYoungGen: 165792K->288K(162688K)] 344406K->178942K(849664K), 0.0081960 secs] [Times: user=0.05 sys=0.00, real=0.00 secs] 
2014-07-28T18:48:33.443+0000: 1947.130: [GC [PSYoungGen: 162656K->320K(159552K)] 341310K->179030K(846528K), 0.0036080 secs] [Times: user=0.02 sys=0.00, real=0.01 secs] 
2014-07-28T18:48:33.993+0000: 1947.679: [GC [PSYoungGen: 159552K->224K(156480K)] 338262K->178974K(843456K), 0.0048240 secs] [Times: user=0.02 sys=0.00, real=0.01 secs] 
2014-07-28T18:48:34.530+0000: 1948.217: [GC [PSYoungGen: 156448K->320K(153600K)] 335198K->179142K(840576K), 0.0047110 secs] [Times: user=0.02 sys=0.00, real=0.01 secs] 
2014-07-28T18:48:35.034+0000: 1948.721: [GC [PSYoungGen: 153600K->416K(184384K)] 332422K->179270K(871360K), 0.0129160 secs] [Times: user=0.07 sys=0.00, real=0.02 secs] 
2014-07-28T18:48:35.651+0000: 1949.337: [GC [PSYoungGen: 184352K->288K(218560K)] 363206K->179198K(905536K), 0.0051100 secs] [Times: user=0.03 sys=0.00, real=0.01 secs] 
2014-07-28T18:48:36.426+0000: 1950.112: [GC [PSYoungGen: 218528K->288K(213568K)] 397438K->179206K(900544K), 0.0033420 secs] [Times: user=0.02 sys=0.00, real=0.00 secs] 
2014-07-28T18:48:37.155+0000: 1950.841: [GC [PSYoungGen: 213536K->256K(208704K)] 392454K->179238K(895680K), 0.0052140 secs] [Times: user=0.03 sys=0.00, real=0.01 secs] 
2014-07-28T18:48:37.865+0000: 1951.552: [GC [PSYoungGen: 208704K->306K(204160K)] 387686K->179352K(891136K), 0.0024230 secs] [Times: user=0.02 sys=0.00, real=0.00 secs] 
2014-07-28T18:48:38.536+0000: 1952.223: [GC [PSYoungGen: 204146K->384K(199744K)] 383192K->179494K(886720K), 0.0037790 secs] [Times: user=0.02 sys=0.00, real=0.00 secs] 
2014-07-28T18:48:39.223+0000: 1952.910: [GC [PSYoungGen: 199744K->416K(195520K)] 378854K->179606K(882496K), 0.0039110 secs] [Times: user=0.02 sys=0.00, real=0.01 secs] 
2014-07-28T18:48:39.866+0000: 1953.553: [GC [PSYoungGen: 195488K->192K(191104K)] 374678K->179422K(878080K), 0.0028420 secs] [Times: user=0.02 sys=0.00, real=0.01 secs] 
2014-07-28T18:48:40.520+0000: 1954.207: [GC [PSYoungGen: 191104K->224K(187136K)] 370334K->179486K(874112K), 0.0026740 secs] [Times: user=0.01 sys=0.00, real=0.00 secs] 
2014-07-28T18:48:41.130+0000: 1954.817: [GC [PSYoungGen: 187104K->288K(183296K)] 366366K->179606K(870272K), 0.0050500 secs] [Times: user=0.03 sys=0.01, real=0.00 secs] 
2014-07-28T18:48:41.773+0000: 1955.460: [GC [PSYoungGen: 183221K->274K(179520K)] 362539K->179624K(866496K), 0.0031100 secs] [Times: user=0.01 sys=0.01, real=0.01 secs] 
2014-07-28T18:48:42.353+0000: 1956.040: [GC [PSYoungGen: 179474K->192K(175744K)] 358824K->179558K(862720K), 0.0110860 secs] [Times: user=0.07 sys=0.01, real=0.01 secs] 
2014-07-28T18:48:43.029+0000: 1956.716: [GC [PSYoungGen: 175744K->256K(172288K)] 355110K->179662K(859264K), 0.0069860 secs] [Times: user=0.03 sys=0.01, real=0.01 secs] 
2014-07-28T18:48:43.570+0000: 1957.257: [GC [PSYoungGen: 172241K->320K(168960K)] 351647K->179798K(855936K), 0.0040940 secs] [Times: user=0.02 sys=0.00, real=0.00 secs] 
2014-07-28T18:48:44.098+0000: 1957.785: [GC [PSYoungGen: 168960K->384K(165696K)] 348438K->179886K(852672K), 0.0036320 secs] [Times: user=0.02 sys=0.00, real=0.00 secs] 
2014-07-28T18:48:44.645+0000: 1958.331: [GC [PSYoungGen: 165696K->288K(162432K)] 345198K->179854K(849408K), 0.0053810 secs] [Times: user=0.04 sys=0.00, real=0.01 secs] 
2014-07-28T18:48:45.176+0000: 1958.863: [GC [PSYoungGen: 162400K->288K(159360K)] 341966K->179886K(846336K), 0.0037880 secs] [Times: user=0.02 sys=0.00, real=0.01 secs] 
2014-07-28T18:48:45.714+0000: 1959.401: [GC [PSYoungGen: 159328K->192K(191040K)] 338926K->179822K(878016K), 0.0106050 secs] [Times: user=0.06 sys=0.00, real=0.01 secs] 
2014-07-28T18:48:46.366+0000: 1960.052: [GC [PSYoungGen: 191040K->320K(187136K)] 370670K->179966K(874112K), 0.0037060 secs] [Times: user=0.02 sys=0.00, real=0.01 secs] 
2014-07-28T18:48:46.973+0000: 1960.660: [GC [PSYoungGen: 187136K->352K(183296K)] 366782K->180078K(870272K), 0.0031930 secs] [Times: user=0.01 sys=0.00, real=0.00 secs] 
2014-07-28T18:48:47.557+0000: 1961.244: [GC [PSYoungGen: 183264K->224K(179392K)] 362990K->179982K(866368K), 0.0027960 secs] [Times: user=0.01 sys=0.00, real=0.00 secs] 
2014-07-28T18:48:48.131+0000: 1961.817: [GC [PSYoungGen: 179360K->192K(175680K)] 359118K->179966K(862656K), 0.0056080 secs] [Times: user=0.03 sys=0.00, real=0.00 secs] 
2014-07-28T18:48:48.677+0000: 1962.364: [GC [PSYoungGen: 175680K->416K(172416K)] 355454K->180286K(859392K), 0.0032850 secs] [Times: user=0.02 sys=0.00, real=0.01 secs] 
2014-07-28T18:48:49.247+0000: 1962.934: [GC [PSYoungGen: 172384K->320K(168896K)] 352254K->180222K(855872K), 0.0071120 secs] [Times: user=0.04 sys=0.00, real=0.00 secs] 
2014-07-28T18:48:49.775+0000: 1963.462: [GC [PSYoungGen: 168896K->288K(165568K)] 348798K->180246K(852544K), 0.0041740 secs] [Times: user=0.02 sys=0.00, real=0.01 secs] 
2014-07-28T18:48:50.325+0000: 1964.012: [GC [PSYoungGen: 165536K->384K(162432K)] 345494K->180390K(849408K), 0.0031710 secs] [Times: user=0.01 sys=0.01, real=0.01 secs] 
2014-07-28T18:48:50.861+0000: 1964.548: [GC [PSYoungGen: 162432K->256K(159232K)] 342438K->180310K(846208K), 0.0078630 secs] [Times: user=0.05 sys=0.00, real=0.01 secs] 
2014-07-28T18:48:51.379+0000: 1965.066: [GC [PSYoungGen: 159232K->320K(156288K)] 339286K->180414K(843264K), 0.0052570 secs] [Times: user=0.03 sys=0.00, real=0.00 secs] 
2014-07-28T18:48:51.884+0000: 1965.571: [GC [PSYoungGen: 156238K->402K(187648K)] 336333K->180584K(874624K), 0.0064730 secs] [Times: user=0.04 sys=0.00, real=0.01 secs] 
2014-07-28T18:48:52.486+0000: 1966.173: [GC [PSYoungGen: 187602K->224K(183552K)] 367784K->180446K(870528K), 0.0046630 secs] [Times: user=0.03 sys=0.00, real=0.01 secs] 
2014-07-28T18:48:53.072+0000: 1966.759: [GC [PSYoungGen: 183520K->224K(179776K)] 363742K->180494K(866752K), 0.0028260 secs] [Times: user=0.01 sys=0.00, real=0.00 secs] 
2014-07-28T18:48:53.637+0000: 1967.324: [GC [PSYoungGen: 179744K->416K(176320K)] 360014K->180750K(863296K), 0.0041860 secs] [Times: user=0.03 sys=0.00, real=0.01 secs] 
2014-07-28T18:48:54.216+0000: 1967.903: [GC [PSYoungGen: 176238K->384K(172736K)] 356572K->180726K(859712K), 0.0046890 secs] [Times: user=0.02 sys=0.00, real=0.01 secs] 
2014-07-28T18:48:54.775+0000: 1968.462: [GC [PSYoungGen: 172736K->256K(169216K)] 353078K->180646K(856192K), 0.0027340 secs] [Times: user=0.01 sys=0.00, real=0.01 secs] 
2014-07-28T18:48:55.323+0000: 1969.010: [GC [PSYoungGen: 169216K->384K(166016K)] 349606K->180798K(852992K), 0.0044920 secs] [Times: user=0.03 sys=0.00, real=0.01 secs] 
2014-07-28T18:48:55.867+0000: 1969.554: [GC [PSYoungGen: 166016K->288K(162752K)] 346430K->180750K(849728K), 0.0038390 secs] [Times: user=0.02 sys=0.00, real=0.01 secs] 
2014-07-28T18:48:56.397+0000: 1970.084: [GC [PSYoungGen: 162720K->320K(159616K)] 343182K->180830K(846592K), 0.0028460 secs] [Times: user=0.01 sys=0.00, real=0.01 secs] 
2014-07-28T18:48:56.909+0000: 1970.596: [GC [PSYoungGen: 159616K->288K(156608K)] 340126K->180854K(843584K), 0.0044120 secs] [Times: user=0.02 sys=0.00, real=0.00 secs] 
2014-07-28T18:48:57.419+0000: 1971.106: [GC [PSYoungGen: 156576K->384K(153728K)] 337142K->181022K(840704K), 0.0033880 secs] [Times: user=0.01 sys=0.00, real=0.00 secs] 
2014-07-28T18:48:57.903+0000: 1971.590: [GC [PSYoungGen: 153728K->306K(184384K)] 334366K->180976K(871360K), 0.0095730 secs] [Times: user=0.05 sys=0.00, real=0.01 secs] 
2014-07-28T18:48:58.507+0000: 1972.194: [GC [PSYoungGen: 184370K->352K(211840K)] 365040K->181102K(898816K), 0.0065700 secs] [Times: user=0.04 sys=0.00, real=0.01 secs] 
2014-07-28T18:48:59.214+0000: 1972.901: [GC [PSYoungGen: 211680K->320K(206912K)] 392430K->181126K(893888K), 0.0035670 secs] [Times: user=0.01 sys=0.00, real=0.00 secs] 
2014-07-28T18:48:59.870+0000: 1973.557: [GC [PSYoungGen: 206912K->384K(202432K)] 387718K->181238K(889408K), 0.0065330 secs] [Times: user=0.04 sys=0.00, real=0.00 secs] 
2014-07-28T18:49:00.528+0000: 1974.215: [GC [PSYoungGen: 202432K->352K(198016K)] 383286K->181270K(884992K), 0.0044920 secs] [Times: user=0.03 sys=0.00, real=0.01 secs] 
2014-07-28T18:49:01.169+0000: 1974.856: [GC [PSYoungGen: 197984K->320K(193664K)] 378902K->181294K(880640K), 0.0029640 secs] [Times: user=0.02 sys=0.00, real=0.00 secs] 
2014-07-28T18:49:01.805+0000: 1975.492: [GC [PSYoungGen: 193664K->224K(189504K)] 374638K->181246K(876480K), 0.0042470 secs] [Times: user=0.02 sys=0.00, real=0.01 secs] 
2014-07-28T18:49:02.426+0000: 1976.113: [GC [PSYoungGen: 189472K->352K(185664K)] 370494K->181390K(872640K), 0.0033660 secs] [Times: user=0.02 sys=0.00, real=0.01 secs] 
2014-07-28T18:49:03.053+0000: 1976.740: [GC [PSYoungGen: 185596K->352K(181824K)] 366634K->181454K(868800K), 0.0028210 secs] [Times: user=0.02 sys=0.00, real=0.00 secs] 
2014-07-28T18:49:03.641+0000: 1977.328: [GC [PSYoungGen: 181759K->384K(178112K)] 362862K->181566K(865088K), 0.0039730 secs] [Times: user=0.02 sys=0.00, real=0.00 secs] 
2014-07-28T18:49:04.209+0000: 1977.896: [GC [PSYoungGen: 178112K->192K(174336K)] 359294K->181462K(861312K), 0.0038950 secs] [Times: user=0.03 sys=0.00, real=0.00 secs] 
2014-07-28T18:49:04.768+0000: 1978.454: [GC [PSYoungGen: 174336K->256K(170944K)] 355606K->181582K(857920K), 0.0044160 secs] [Times: user=0.03 sys=0.00, real=0.01 secs] 
2014-07-28T18:49:05.364+0000: 1979.051: [GC [PSYoungGen: 170944K->288K(167616K)] 352270K->181630K(854592K), 0.0055260 secs] [Times: user=0.03 sys=0.00, real=0.00 secs] 
2014-07-28T18:49:05.908+0000: 1979.595: [GC [PSYoungGen: 167584K->320K(164352K)] 348926K->181726K(851328K), 0.0052580 secs] [Times: user=0.03 sys=0.00, real=0.01 secs] 
2014-07-28T18:49:06.439+0000: 1980.126: [GC [PSYoungGen: 164352K->320K(161216K)] 345758K->181854K(848192K), 0.0039110 secs] [Times: user=0.02 sys=0.00, real=0.01 secs] 
2014-07-28T18:49:06.961+0000: 1980.648: [GC [PSYoungGen: 161216K->224K(158080K)] 342750K->181806K(845056K), 0.0042810 secs] [Times: user=0.02 sys=0.00, real=0.00 secs] 
2014-07-28T18:49:07.462+0000: 1981.149: [GC [PSYoungGen: 158048K->192K(155072K)] 339630K->181798K(842048K), 0.0053560 secs] [Times: user=0.02 sys=0.00, real=0.00 secs] 
2014-07-28T18:49:07.947+0000: 1981.634: [GC [PSYoungGen: 155072K->384K(152384K)] 336678K->182046K(839360K), 0.0025690 secs] [Times: user=0.02 sys=0.00, real=0.00 secs] 
2014-07-28T18:49:08.435+0000: 1982.122: [GC [PSYoungGen: 152384K->512K(149696K)] 334046K->182286K(836672K), 0.0037050 secs] [Times: user=0.02 sys=0.01, real=0.00 secs] 
2014-07-28T18:49:08.969+0000: 1982.656: [GC [PSYoungGen: 149696K->288K(146816K)] 331470K->182086K(833792K), 0.0048450 secs] [Times: user=0.03 sys=0.00, real=0.01 secs] 
2014-07-28T18:49:09.435+0000: 1983.122: [GC [PSYoungGen: 146784K->384K(144256K)] 328582K->182270K(831232K), 0.0025860 secs] [Times: user=0.02 sys=0.00, real=0.00 secs] 
2014-07-28T18:49:09.910+0000: 1983.596: [GC [PSYoungGen: 144256K->320K(141632K)] 326142K->182230K(828608K), 0.0034140 secs] [Times: user=0.01 sys=0.00, real=0.01 secs] 
2014-07-28T18:49:10.355+0000: 1984.042: [GC [PSYoungGen: 141632K->320K(139136K)] 323542K->182294K(826112K), 0.0038440 secs] [Times: user=0.02 sys=0.00, real=0.00 secs] 
2014-07-28T18:49:10.818+0000: 1984.505: [GC [PSYoungGen: 139136K->480K(167104K)] 321110K->182502K(854080K), 0.0090010 secs] [Times: user=0.05 sys=0.00, real=0.01 secs] 
2014-07-28T18:49:11.342+0000: 1985.028: [GC [PSYoungGen: 167072K->384K(163712K)] 349094K->182470K(850688K), 0.0034900 secs] [Times: user=0.01 sys=0.00, real=0.00 secs] 
2014-07-28T18:49:11.881+0000: 1985.568: [GC [PSYoungGen: 163712K->320K(160512K)] 345798K->182462K(847488K), 0.0038270 secs] [Times: user=0.03 sys=0.00, real=0.00 secs] 
2014-07-28T18:49:12.387+0000: 1986.074: [GC [PSYoungGen: 160512K->256K(157440K)] 342654K->182454K(844416K), 0.0033500 secs] [Times: user=0.02 sys=0.00, real=0.00 secs] 
2014-07-28T18:49:12.900+0000: 1986.587: [GC [PSYoungGen: 157440K->320K(154560K)] 339638K->182582K(841536K), 0.0028410 secs] [Times: user=0.01 sys=0.00, real=0.01 secs] 
2014-07-28T18:49:13.395+0000: 1987.082: [GC [PSYoungGen: 154560K->448K(151808K)] 336822K->182798K(838784K), 0.0044350 secs] [Times: user=0.03 sys=0.00, real=0.00 secs] 
2014-07-28T18:49:13.860+0000: 1987.547: [GC [PSYoungGen: 151808K->416K(149056K)] 334158K->182806K(836032K), 0.0059700 secs] [Times: user=0.01 sys=0.01, real=0.01 secs] 
2014-07-28T18:49:14.354+0000: 1988.041: [GC [PSYoungGen: 149024K->256K(146176K)] 331414K->182702K(833152K), 0.0043330 secs] [Times: user=0.02 sys=0.00, real=0.00 secs] 
2014-07-28T18:49:14.815+0000: 1988.502: [GC [PSYoungGen: 146176K->192K(175296K)] 328622K->182662K(862272K), 0.0066800 secs] [Times: user=0.03 sys=0.00, real=0.01 secs] 
2014-07-28T18:49:15.375+0000: 1989.062: [GC [PSYoungGen: 175296K->288K(171904K)] 357766K->182790K(858880K), 0.0028190 secs] [Times: user=0.01 sys=0.00, real=0.00 secs] 
2014-07-28T18:49:15.921+0000: 1989.608: [GC [PSYoungGen: 171872K->466K(168704K)] 354374K->183048K(855680K), 0.0033510 secs] [Times: user=0.02 sys=0.00, real=0.01 secs] 
2014-07-28T18:49:16.453+0000: 1990.140: [GC [PSYoungGen: 168658K->320K(165248K)] 351240K->182958K(852224K), 0.0030320 secs] [Times: user=0.01 sys=0.00, real=0.00 secs] 
2014-07-28T18:49:16.982+0000: 1990.669: [GC [PSYoungGen: 165248K->384K(162112K)] 347886K->183094K(849088K), 0.0032000 secs] [Times: user=0.01 sys=0.01, real=0.00 secs] 
2014-07-28T18:49:17.476+0000: 1991.163: [GC [PSYoungGen: 162112K->416K(159104K)] 344822K->183238K(846080K), 0.0036110 secs] [Times: user=0.02 sys=0.00, real=0.00 secs] 
2014-07-28T18:49:17.986+0000: 1991.672: [GC [PSYoungGen: 159072K->256K(155904K)] 341894K->183118K(842880K), 0.0027070 secs] [Times: user=0.01 sys=0.00, real=0.00 secs] 
2014-07-28T18:49:18.464+0000: 1992.151: [GC [PSYoungGen: 155904K->256K(153024K)] 338766K->183174K(840000K), 0.0074010 secs] [Times: user=0.04 sys=0.00, real=0.00 secs] 
2014-07-28T18:49:18.984+0000: 1992.670: [GC [PSYoungGen: 153024K->320K(150272K)] 335942K->183278K(837248K), 0.0057970 secs] [Times: user=0.03 sys=0.00, real=0.00 secs] 
2014-07-28T18:49:19.455+0000: 1993.142: [GC [PSYoungGen: 150272K->480K(147712K)] 333230K->183510K(834688K), 0.0038270 secs] [Times: user=0.01 sys=0.00, real=0.00 secs] 
2014-07-28T18:49:19.932+0000: 1993.619: [GC [PSYoungGen: 147680K->256K(144832K)] 330710K->183318K(831808K), 0.0040890 secs] [Times: user=0.02 sys=0.00, real=0.00 secs] 
2014-07-28T18:49:20.385+0000: 1994.072: [GC [PSYoungGen: 144832K->288K(173824K)] 327894K->183398K(860800K), 0.0064680 secs] [Times: user=0.03 sys=0.00, real=0.00 secs] 
2014-07-28T18:49:20.948+0000: 1994.635: [GC [PSYoungGen: 173792K->352K(170432K)] 356902K->183510K(857408K), 0.0039350 secs] [Times: user=0.02 sys=0.00, real=0.00 secs] 
2014-07-28T18:49:21.490+0000: 1995.177: [GC [PSYoungGen: 170400K->416K(167168K)] 353558K->183646K(854144K), 0.0058370 secs] [Times: user=0.02 sys=0.00, real=0.01 secs] 
2014-07-28T18:49:22.039+0000: 1995.726: [GC [PSYoungGen: 167136K->416K(200512K)] 350366K->183686K(887488K), 0.0080800 secs] [Times: user=0.04 sys=0.01, real=0.01 secs] 
2014-07-28T18:49:22.678+0000: 1996.364: [GC [PSYoungGen: 200434K->320K(196032K)] 383704K->183662K(883008K), 0.0042700 secs] [Times: user=0.02 sys=0.00, real=0.00 secs] 
2014-07-28T18:49:23.311+0000: 1996.998: [GC [PSYoungGen: 196032K->224K(191808K)] 379374K->183590K(878784K), 0.0030890 secs] [Times: user=0.01 sys=0.00, real=0.01 secs] 
2014-07-28T18:49:23.935+0000: 1997.622: [GC [PSYoungGen: 191776K->320K(187840K)] 375142K->183758K(874816K), 0.0058070 secs] [Times: user=0.03 sys=0.00, real=0.00 secs] 
2014-07-28T18:49:24.538+0000: 1998.225: [GC [PSYoungGen: 187840K->448K(212224K)] 371278K->183918K(899200K), 0.0189340 secs] [Times: user=0.09 sys=0.00, real=0.02 secs] 
2014-07-28T18:49:25.256+0000: 1998.942: [GC [PSYoungGen: 212096K->192K(225600K)] 395566K->183678K(912576K), 0.0133650 secs] [Times: user=0.08 sys=0.01, real=0.01 secs] 
2014-07-28T18:49:26.004+0000: 1999.691: [GC [PSYoungGen: 225216K->448K(225600K)] 408702K->183998K(912576K), 0.0038280 secs] [Times: user=0.01 sys=0.00, real=0.00 secs] 
2014-07-28T18:49:26.688+0000: 2000.375: [GC [PSYoungGen: 225472K->384K(270592K)] 409022K->184030K(957568K), 0.0031400 secs] [Times: user=0.03 sys=0.00, real=0.00 secs] 
2014-07-28T18:49:27.497+0000: 2001.184: [GC [PSYoungGen: 270464K->352K(263616K)] 454110K->184014K(950592K), 0.0028080 secs] [Times: user=0.01 sys=0.00, real=0.00 secs] 
2014-07-28T18:49:28.295+0000: 2001.982: [GC [PSYoungGen: 263584K->320K(256960K)] 447246K->184038K(943936K), 0.0066650 secs] [Times: user=0.04 sys=0.00, real=0.00 secs] 
2014-07-28T18:49:29.116+0000: 2002.803: [GC [PSYoungGen: 256960K->320K(250560K)] 440678K->184094K(937536K), 0.0036680 secs] [Times: user=0.02 sys=0.00, real=0.00 secs] 
2014-07-28T18:49:29.908+0000: 2003.595: [GC [PSYoungGen: 250560K->320K(244416K)] 434334K->184158K(931392K), 0.0045100 secs] [Times: user=0.02 sys=0.01, real=0.00 secs] 
2014-07-28T18:49:30.661+0000: 2004.348: [GC [PSYoungGen: 244384K->288K(238528K)] 428222K->184190K(925504K), 0.0033810 secs] [Times: user=0.01 sys=0.00, real=0.01 secs] 
2014-07-28T18:49:31.378+0000: 2005.065: [GC [PSYoungGen: 238496K->448K(232960K)] 422398K->184430K(919936K), 0.0032550 secs] [Times: user=0.02 sys=0.00, real=0.00 secs] 
2014-07-28T18:49:32.071+0000: 2005.758: [GC [PSYoungGen: 232960K->288K(227328K)] 416942K->184334K(914304K), 0.0044750 secs] [Times: user=0.03 sys=0.00, real=0.01 secs] 
2014-07-28T18:49:32.771+0000: 2006.458: [GC [PSYoungGen: 227296K->256K(221952K)] 411342K->184366K(908928K), 0.0067020 secs] [Times: user=0.04 sys=0.00, real=0.01 secs] 
2014-07-28T18:49:33.498+0000: 2007.185: [GC [PSYoungGen: 221951K->416K(217024K)] 406062K->184534K(904000K), 0.0040380 secs] [Times: user=0.02 sys=0.00, real=0.00 secs] 
2014-07-28T18:49:34.193+0000: 2007.880: [GC [PSYoungGen: 216992K->224K(211904K)] 401110K->184390K(898880K), 0.0043330 secs] [Times: user=0.02 sys=0.00, real=0.01 secs] 
2014-07-28T18:49:34.888+0000: 2008.575: [GC [PSYoungGen: 211872K->352K(207296K)] 396038K->184566K(894272K), 0.0097850 secs] [Times: user=0.06 sys=0.00, real=0.01 secs] 
2014-07-28T18:49:35.516+0000: 2009.203: [GC [PSYoungGen: 207264K->224K(202624K)] 391478K->184470K(889600K), 0.0036190 secs] [Times: user=0.01 sys=0.00, real=0.00 secs] 
2014-07-28T18:49:36.119+0000: 2009.806: [GC [PSYoungGen: 202592K->224K(198208K)] 386838K->184502K(885184K), 0.0023590 secs] [Times: user=0.01 sys=0.00, real=0.00 secs] 
2014-07-28T18:49:36.717+0000: 2010.404: [GC [PSYoungGen: 198176K->288K(193984K)] 382454K->184622K(880960K), 0.0069840 secs] [Times: user=0.04 sys=0.00, real=0.01 secs] 
2014-07-28T18:49:37.304+0000: 2010.991: [GC [PSYoungGen: 193952K->192K(189760K)] 378286K->184550K(876736K), 0.0046930 secs] [Times: user=0.01 sys=0.00, real=0.00 secs] 
2014-07-28T18:49:37.888+0000: 2011.574: [GC [PSYoungGen: 189754K->256K(185856K)] 374112K->184670K(872832K), 0.0048380 secs] [Times: user=0.02 sys=0.00, real=0.00 secs] 
2014-07-28T18:49:38.472+0000: 2012.159: [GC [PSYoungGen: 185856K->288K(182080K)] 370270K->184750K(869056K), 0.0024520 secs] [Times: user=0.01 sys=0.00, real=0.00 secs] 
2014-07-28T18:49:39.069+0000: 2012.756: [GC [PSYoungGen: 182048K->388K(178496K)] 366510K->184874K(865472K), 0.0068880 secs] [Times: user=0.03 sys=0.00, real=0.01 secs] 
2014-07-28T18:49:39.617+0000: 2013.303: [GC [PSYoungGen: 178436K->480K(174976K)] 362922K->185062K(861952K), 0.0038970 secs] [Times: user=0.02 sys=0.00, real=0.00 secs] 
2014-07-28T18:49:40.134+0000: 2013.820: [GC [PSYoungGen: 174944K->128K(171072K)] 359526K->184814K(858048K), 0.0026240 secs] [Times: user=0.01 sys=0.00, real=0.01 secs] 
2014-07-28T18:49:40.647+0000: 2014.334: [GC [PSYoungGen: 171072K->192K(167744K)] 355758K->184902K(854720K), 0.0070250 secs] [Times: user=0.04 sys=0.00, real=0.00 secs] 
2014-07-28T18:49:41.157+0000: 2014.844: [GC [PSYoungGen: 167744K->288K(201408K)] 352454K->185030K(888384K), 0.0081870 secs] [Times: user=0.05 sys=0.01, real=0.01 secs] 
2014-07-28T18:49:41.768+0000: 2015.455: [GC [PSYoungGen: 201376K->256K(196992K)] 386118K->185038K(883968K), 0.0043310 secs] [Times: user=0.03 sys=0.00, real=0.00 secs] 
2014-07-28T18:49:42.381+0000: 2016.068: [GC [PSYoungGen: 196992K->320K(192832K)] 381774K->185150K(879808K), 0.0044730 secs] [Times: user=0.02 sys=0.00, real=0.01 secs] 
2014-07-28T18:49:42.962+0000: 2016.649: [GC [PSYoungGen: 192832K->274K(188736K)] 377662K->185144K(875712K), 0.0047370 secs] [Times: user=0.02 sys=0.00, real=0.01 secs] 
2014-07-28T18:49:43.526+0000: 2017.213: [GC [PSYoungGen: 188690K->416K(184896K)] 373560K->185382K(871872K), 0.0032890 secs] [Times: user=0.02 sys=0.00, real=0.00 secs] 
2014-07-28T18:49:44.067+0000: 2017.754: [GC [PSYoungGen: 184864K->256K(180864K)] 369830K->185246K(867840K), 0.0032480 secs] [Times: user=0.02 sys=0.00, real=0.00 secs] 
2014-07-28T18:49:44.704+0000: 2018.391: [GC [PSYoungGen: 180864K->288K(177216K)] 365854K->185310K(864192K), 0.0062390 secs] [Times: user=0.03 sys=0.00, real=0.01 secs] 
2014-07-28T18:49:45.306+0000: 2018.993: [GC [PSYoungGen: 177184K->224K(173568K)] 362206K->185262K(860544K), 0.0047350 secs] [Times: user=0.01 sys=0.01, real=0.00 secs] 
2014-07-28T18:49:45.860+0000: 2019.547: [GC [PSYoungGen: 173536K->416K(170304K)] 358574K->185502K(857280K), 0.0045100 secs] [Times: user=0.02 sys=0.00, real=0.00 secs] 
2014-07-28T18:49:46.371+0000: 2020.058: [GC [PSYoungGen: 170272K->352K(204224K)] 355358K->185470K(891200K), 0.0120040 secs] [Times: user=0.06 sys=0.00, real=0.01 secs] 
2014-07-28T18:49:47.019+0000: 2020.706: [GC [PSYoungGen: 204192K->256K(244864K)] 389310K->185454K(931840K), 0.0048210 secs] [Times: user=0.02 sys=0.00, real=0.00 secs] 
2014-07-28T18:49:47.767+0000: 2021.454: [GC [PSYoungGen: 244864K->352K(239040K)] 430062K->185606K(926016K), 0.0054500 secs] [Times: user=0.03 sys=0.00, real=0.00 secs] 
2014-07-28T18:49:48.481+0000: 2022.168: [GC [PSYoungGen: 239008K->288K(233280K)] 424262K->185550K(920256K), 0.0063650 secs] [Times: user=0.03 sys=0.00, real=0.01 secs] 
2014-07-28T18:49:49.195+0000: 2022.882: [GC [PSYoungGen: 233248K->352K(227840K)] 418510K->185678K(914816K), 0.0046130 secs] [Times: user=0.03 sys=0.00, real=0.01 secs] 
2014-07-28T18:49:49.882+0000: 2023.568: [GC [PSYoungGen: 227808K->384K(222528K)] 413134K->185790K(909504K), 0.0060240 secs] [Times: user=0.04 sys=0.00, real=0.01 secs] 
2014-07-28T18:49:50.530+0000: 2024.216: [GC [PSYoungGen: 222528K->416K(217472K)] 407934K->185870K(904448K), 0.0032810 secs] [Times: user=0.01 sys=0.00, real=0.00 secs] 
2014-07-28T18:49:51.186+0000: 2024.873: [GC [PSYoungGen: 217440K->256K(212352K)] 402894K->185750K(899328K), 0.0078470 secs] [Times: user=0.03 sys=0.00, real=0.01 secs] 
2014-07-28T18:49:51.828+0000: 2025.515: [GC [PSYoungGen: 212352K->416K(207808K)] 397846K->185998K(894784K), 0.0032320 secs] [Times: user=0.02 sys=0.00, real=0.00 secs] 
2014-07-28T18:49:52.469+0000: 2026.156: [GC [PSYoungGen: 207776K->288K(203072K)] 393358K->185878K(890048K), 0.0058730 secs] [Times: user=0.02 sys=0.00, real=0.00 secs] 
2014-07-28T18:49:53.065+0000: 2026.752: [GC [PSYoungGen: 203040K->224K(198592K)] 388630K->185862K(885568K), 0.0053770 secs] [Times: user=0.03 sys=0.00, real=0.01 secs] 
2014-07-28T18:49:53.662+0000: 2027.349: [GC [PSYoungGen: 198540K->256K(194304K)] 384178K->185958K(881280K), 0.0039840 secs] [Times: user=0.02 sys=0.00, real=0.00 secs] 
2014-07-28T18:49:54.252+0000: 2027.939: [GC [PSYoungGen: 194304K->288K(190208K)] 380006K->186006K(877184K), 0.0049750 secs] [Times: user=0.02 sys=0.00, real=0.01 secs] 
2014-07-28T18:49:54.821+0000: 2028.508: [GC [PSYoungGen: 190176K->320K(186240K)] 375894K->186094K(873216K), 0.0042750 secs] [Times: user=0.03 sys=0.00, real=0.00 secs] 
2014-07-28T18:49:55.389+0000: 2029.076: [GC [PSYoungGen: 186240K->320K(182400K)] 372014K->186110K(869376K), 0.0044300 secs] [Times: user=0.02 sys=0.00, real=0.00 secs] 
2014-07-28T18:49:55.936+0000: 2029.623: [GC [PSYoungGen: 182400K->384K(178752K)] 368190K->186262K(865728K), 0.0046560 secs] [Times: user=0.02 sys=0.00, real=0.01 secs] 
2014-07-28T18:49:56.502+0000: 2030.189: [GC [PSYoungGen: 178752K->320K(214400K)] 364630K->186254K(901376K), 0.0106690 secs] [Times: user=0.07 sys=0.00, real=0.01 secs] 
2014-07-28T18:49:57.129+0000: 2030.815: [GC [PSYoungGen: 214400K->242K(209536K)] 400334K->186200K(896512K), 0.0031590 secs] [Times: user=0.01 sys=0.00, real=0.00 secs] 
2014-07-28T18:49:57.752+0000: 2031.439: [GC [PSYoungGen: 209474K->448K(205056K)] 395432K->186494K(892032K), 0.0042120 secs] [Times: user=0.02 sys=0.00, real=0.00 secs] 
2014-07-28T18:49:58.358+0000: 2032.044: [GC [PSYoungGen: 205056K->288K(200448K)] 391102K->186374K(887424K), 0.0027950 secs] [Times: user=0.01 sys=0.00, real=0.01 secs] 
2014-07-28T18:49:58.990+0000: 2032.677: [GC [PSYoungGen: 200416K->352K(196160K)] 386502K->186494K(883136K), 0.0041180 secs] [Times: user=0.01 sys=0.01, real=0.00 secs] 
2014-07-28T18:49:59.596+0000: 2033.283: [GC [PSYoungGen: 196128K->224K(235200K)] 382270K->186398K(922176K), 0.0164690 secs] [Times: user=0.09 sys=0.00, real=0.02 secs] 
2014-07-28T18:50:00.312+0000: 2033.999: [GC [PSYoungGen: 235168K->224K(260672K)] 421342K->186414K(947648K), 0.0050490 secs] [Times: user=0.02 sys=0.00, real=0.00 secs] 
2014-07-28T18:50:01.076+0000: 2034.763: [GC [PSYoungGen: 260384K->256K(253888K)] 446574K->186494K(940864K), 0.0034360 secs] [Times: user=0.03 sys=0.00, real=0.01 secs] 
2014-07-28T18:50:01.872+0000: 2035.559: [GC [PSYoungGen: 253888K->256K(247616K)] 440126K->186542K(934592K), 0.0033500 secs] [Times: user=0.01 sys=0.00, real=0.00 secs] 
2014-07-28T18:50:02.629+0000: 2036.316: [GC [PSYoungGen: 247616K->288K(241664K)] 433902K->186614K(928640K), 0.0047220 secs] [Times: user=0.03 sys=0.00, real=0.00 secs] 
2014-07-28T18:50:03.356+0000: 2037.043: [GC [PSYoungGen: 241632K->352K(235904K)] 427958K->186758K(922880K), 0.0025330 secs] [Times: user=0.02 sys=0.00, real=0.01 secs] 
2014-07-28T18:50:04.098+0000: 2037.785: [GC [PSYoungGen: 235872K->384K(230336K)] 422278K->186894K(917312K), 0.0055770 secs] [Times: user=0.04 sys=0.00, real=0.00 secs] 
2014-07-28T18:50:04.814+0000: 2038.501: [GC [PSYoungGen: 230336K->192K(224768K)] 416846K->186726K(911744K), 0.0031070 secs] [Times: user=0.02 sys=0.00, real=0.00 secs] 
2014-07-28T18:50:05.501+0000: 2039.188: [GC [PSYoungGen: 224768K->288K(219712K)] 411302K->186838K(906688K), 0.0055980 secs] [Times: user=0.04 sys=0.00, real=0.00 secs] 
2014-07-28T18:50:06.223+0000: 2039.909: [GC [PSYoungGen: 219680K->320K(214720K)] 406230K->186918K(901696K), 0.0047310 secs] [Times: user=0.01 sys=0.00, real=0.00 secs] 
2014-07-28T18:50:06.938+0000: 2040.625: [GC [PSYoungGen: 214720K->416K(209984K)] 401318K->187094K(896960K), 0.0046680 secs] [Times: user=0.03 sys=0.00, real=0.01 secs] 
2014-07-28T18:50:07.604+0000: 2041.291: [GC [PSYoungGen: 209952K->320K(205184K)] 396630K->187062K(892160K), 0.0036710 secs] [Times: user=0.02 sys=0.00, real=0.00 secs] 
2014-07-28T18:50:08.223+0000: 2041.910: [GC [PSYoungGen: 205184K->320K(200704K)] 391926K->187142K(887680K), 0.0033230 secs] [Times: user=0.02 sys=0.00, real=0.00 secs] 
2014-07-28T18:50:08.895+0000: 2042.582: [GC [PSYoungGen: 200704K->416K(196480K)] 387526K->187302K(883456K), 0.0025530 secs] [Times: user=0.02 sys=0.00, real=0.00 secs] 
2014-07-28T18:50:09.605+0000: 2043.292: [GC [PSYoungGen: 196408K->320K(192128K)] 383294K->187270K(879104K), 0.0107140 secs] [Times: user=0.06 sys=0.01, real=0.01 secs] 
2014-07-28T18:50:10.249+0000: 2043.936: [GC [PSYoungGen: 192128K->320K(188096K)] 379078K->187342K(875072K), 0.0054710 secs] [Times: user=0.03 sys=0.00, real=0.00 secs] 
2014-07-28T18:50:10.822+0000: 2044.508: [GC [PSYoungGen: 188096K->384K(184256K)] 375118K->187502K(871232K), 0.0037030 secs] [Times: user=0.02 sys=0.00, real=0.00 secs] 
2014-07-28T18:50:11.398+0000: 2045.085: [GC [PSYoungGen: 184256K->512K(180608K)] 371374K->187662K(867584K), 0.0038340 secs] [Times: user=0.02 sys=0.00, real=0.01 secs] 
2014-07-28T18:50:11.949+0000: 2045.636: [GC [PSYoungGen: 180608K->192K(176640K)] 367758K->187422K(863616K), 0.0050770 secs] [Times: user=0.03 sys=0.00, real=0.01 secs] 
2014-07-28T18:50:12.493+0000: 2046.180: [GC [PSYoungGen: 176640K->192K(173056K)] 363870K->187462K(860032K), 0.0029000 secs] [Times: user=0.01 sys=0.00, real=0.00 secs] 
2014-07-28T18:50:13.024+0000: 2046.711: [GC [PSYoungGen: 173056K->288K(169728K)] 360326K->187598K(856704K), 0.0049650 secs] [Times: user=0.03 sys=0.00, real=0.00 secs] 
2014-07-28T18:50:13.537+0000: 2047.224: [GC [PSYoungGen: 169696K->160K(166272K)] 357006K->187494K(853248K), 0.0040000 secs] [Times: user=0.01 sys=0.00, real=0.01 secs] 
2014-07-28T18:50:14.093+0000: 2047.780: [GC [PSYoungGen: 166240K->256K(163136K)] 353574K->187598K(850112K), 0.0027640 secs] [Times: user=0.02 sys=0.00, real=0.00 secs] 
2014-07-28T18:50:14.634+0000: 2048.321: [GC [PSYoungGen: 163136K->416K(160192K)] 350478K->187854K(847168K), 0.0034370 secs] [Times: user=0.02 sys=0.01, real=0.00 secs] 
2014-07-28T18:50:15.172+0000: 2048.859: [GC [PSYoungGen: 160160K->224K(156992K)] 347598K->187686K(843968K), 0.0054300 secs] [Times: user=0.04 sys=0.00, real=0.00 secs] 
2014-07-28T18:50:15.741+0000: 2049.428: [GC [PSYoungGen: 156960K->352K(188480K)] 344422K->187862K(875456K), 0.0136050 secs] [Times: user=0.08 sys=0.01, real=0.01 secs] 
2014-07-28T18:50:16.359+0000: 2050.046: [GC [PSYoungGen: 188448K->224K(225984K)] 375958K->187758K(912960K), 0.0050430 secs] [Times: user=0.03 sys=0.01, real=0.01 secs] 
2014-07-28T18:50:17.101+0000: 2050.788: [GC [PSYoungGen: 225952K->288K(220800K)] 413486K->187886K(907776K), 0.0053520 secs] [Times: user=0.03 sys=0.00, real=0.00 secs] 
2014-07-28T18:50:17.871+0000: 2051.558: [GC [PSYoungGen: 220768K->224K(215680K)] 408366K->187846K(902656K), 0.0038500 secs] [Times: user=0.02 sys=0.01, real=0.01 secs] 
2014-07-28T18:50:18.536+0000: 2052.223: [GC [PSYoungGen: 215648K->384K(210944K)] 403270K->188038K(897920K), 0.0057500 secs] [Times: user=0.03 sys=0.00, real=0.01 secs] 
2014-07-28T18:50:19.155+0000: 2052.842: [GC [PSYoungGen: 210944K->416K(206336K)] 398598K->188174K(893312K), 0.0037690 secs] [Times: user=0.02 sys=0.00, real=0.00 secs] 
2014-07-28T18:50:19.766+0000: 2053.453: [GC [PSYoungGen: 206304K->288K(201664K)] 394062K->188086K(888640K), 0.0030980 secs] [Times: user=0.01 sys=0.00, real=0.00 secs] 
2014-07-28T18:50:20.355+0000: 2054.042: [GC [PSYoungGen: 201632K->320K(197312K)] 389430K->188158K(884288K), 0.0044180 secs] [Times: user=0.03 sys=0.00, real=0.00 secs] 
2014-07-28T18:50:20.942+0000: 2054.629: [GC [PSYoungGen: 197312K->352K(193152K)] 385150K->188278K(880128K), 0.0027570 secs] [Times: user=0.01 sys=0.01, real=0.00 secs] 
2014-07-28T18:50:21.512+0000: 2055.199: [GC [PSYoungGen: 193090K->192K(188864K)] 381016K->188166K(875840K), 0.0024460 secs] [Times: user=0.02 sys=0.00, real=0.00 secs] 
2014-07-28T18:50:22.115+0000: 2055.802: [GC [PSYoungGen: 188864K->288K(185024K)] 376838K->188302K(872000K), 0.0035830 secs] [Times: user=0.02 sys=0.00, real=0.00 secs] 
2014-07-28T18:50:22.673+0000: 2056.360: [GC [PSYoungGen: 184992K->320K(181184K)] 373006K->188398K(868160K), 0.0045460 secs] [Times: user=0.03 sys=0.00, real=0.00 secs] 
2014-07-28T18:50:23.229+0000: 2056.916: [GC [PSYoungGen: 181184K->448K(177600K)] 369262K->188550K(864576K), 0.0028170 secs] [Times: user=0.02 sys=0.00, real=0.01 secs] 
2014-07-28T18:50:23.760+0000: 2057.447: [GC [PSYoungGen: 177599K->256K(173824K)] 365701K->188414K(860800K), 0.0041350 secs] [Times: user=0.02 sys=0.00, real=0.01 secs] 
2014-07-28T18:50:24.265+0000: 2057.952: [GC [PSYoungGen: 173824K->416K(170560K)] 361982K->188646K(857536K), 0.0035650 secs] [Times: user=0.02 sys=0.00, real=0.00 secs] 
2014-07-28T18:50:24.787+0000: 2058.474: [GC [PSYoungGen: 170528K->288K(167104K)] 358758K->188574K(854080K), 0.0033280 secs] [Times: user=0.02 sys=0.00, real=0.00 secs] 
2014-07-28T18:50:25.292+0000: 2058.979: [GC [PSYoungGen: 167072K->352K(163904K)] 355358K->188678K(850880K), 0.0042050 secs] [Times: user=0.02 sys=0.00, real=0.00 secs] 
2014-07-28T18:50:25.788+0000: 2059.475: [GC [PSYoungGen: 163872K->256K(160640K)] 352198K->188622K(847616K), 0.0035290 secs] [Times: user=0.01 sys=0.00, real=0.00 secs] 
2014-07-28T18:50:26.267+0000: 2059.954: [GC [PSYoungGen: 160640K->256K(157568K)] 349006K->188670K(844544K), 0.0036100 secs] [Times: user=0.02 sys=0.00, real=0.00 secs] 
2014-07-28T18:50:26.727+0000: 2060.414: [GC [PSYoungGen: 157568K->288K(154688K)] 345982K->188758K(841664K), 0.0053370 secs] [Times: user=0.03 sys=0.00, real=0.01 secs] 
2014-07-28T18:50:27.200+0000: 2060.887: [GC [PSYoungGen: 154656K->192K(151680K)] 343126K->188694K(838656K), 0.0029750 secs] [Times: user=0.01 sys=0.00, real=0.01 secs] 
2014-07-28T18:50:27.661+0000: 2061.348: [GC [PSYoungGen: 151680K->352K(182208K)] 340182K->188910K(869184K), 0.0085680 secs] [Times: user=0.05 sys=0.00, real=0.01 secs] 
2014-07-28T18:50:28.209+0000: 2061.895: [GC [PSYoungGen: 182176K->224K(218496K)] 370734K->188790K(905472K), 0.0103390 secs] [Times: user=0.05 sys=0.00, real=0.01 secs] 
2014-07-28T18:50:28.867+0000: 2062.554: [GC [PSYoungGen: 218464K->192K(262080K)] 407030K->188798K(949056K), 0.0060200 secs] [Times: user=0.03 sys=0.01, real=0.01 secs] 
2014-07-28T18:50:29.663+0000: 2063.350: [GC [PSYoungGen: 262080K->224K(273408K)] 450686K->188870K(960384K), 0.0064480 secs] [Times: user=0.04 sys=0.00, real=0.00 secs] 
2014-07-28T18:50:30.501+0000: 2064.188: [GC [PSYoungGen: 273120K->352K(266304K)] 461766K->189054K(953280K), 0.0034650 secs] [Times: user=0.02 sys=0.00, real=0.01 secs] 
2014-07-28T18:50:31.294+0000: 2064.980: [GC [PSYoungGen: 266272K->256K(259456K)] 454974K->189014K(946432K), 0.0040800 secs] [Times: user=0.02 sys=0.00, real=0.00 secs] 
2014-07-28T18:50:32.048+0000: 2065.735: [GC [PSYoungGen: 259456K->320K(253056K)] 448214K->189126K(940032K), 0.0036730 secs] [Times: user=0.01 sys=0.00, real=0.00 secs] 
2014-07-28T18:50:32.789+0000: 2066.475: [GC [PSYoungGen: 253056K->320K(246848K)] 441862K->189182K(933824K), 0.0041850 secs] [Times: user=0.02 sys=0.00, real=0.00 secs] 
2014-07-28T18:50:33.530+0000: 2067.217: [GC [PSYoungGen: 246848K->256K(240768K)] 435710K->189134K(927744K), 0.0086740 secs] [Times: user=0.05 sys=0.00, real=0.01 secs] 
2014-07-28T18:50:34.248+0000: 2067.935: [GC [PSYoungGen: 240768K->384K(235136K)] 429646K->189342K(922112K), 0.0044140 secs] [Times: user=0.03 sys=0.00, real=0.00 secs] 
2014-07-28T18:50:34.986+0000: 2068.673: [GC [PSYoungGen: 235136K->224K(229440K)] 424094K->189222K(916416K), 0.0025530 secs] [Times: user=0.01 sys=0.00, real=0.00 secs] 
2014-07-28T18:50:35.706+0000: 2069.393: [GC [PSYoungGen: 229408K->384K(224192K)] 418406K->189462K(911168K), 0.0026100 secs] [Times: user=0.01 sys=0.00, real=0.00 secs] 
2014-07-28T18:50:36.411+0000: 2070.098: [GC [PSYoungGen: 224192K->192K(218816K)] 413270K->189286K(905792K), 0.0068980 secs] [Times: user=0.04 sys=0.00, real=0.01 secs] 
2014-07-28T18:50:37.068+0000: 2070.755: [GC [PSYoungGen: 218816K->320K(262720K)] 407910K->189470K(949696K), 0.0157870 secs] [Times: user=0.10 sys=0.00, real=0.02 secs] 
2014-07-28T18:50:37.915+0000: 2071.602: [GC [PSYoungGen: 262720K->192K(312960K)] 451870K->189382K(999936K), 0.0063980 secs] [Times: user=0.03 sys=0.00, real=0.00 secs] 
2014-07-28T18:50:38.877+0000: 2072.564: [GC [PSYoungGen: 312640K->224K(304192K)] 501830K->189462K(991168K), 0.0060060 secs] [Times: user=0.03 sys=0.00, real=0.00 secs] 
2014-07-28T18:50:39.833+0000: 2073.520: [GC [PSYoungGen: 304160K->224K(296000K)] 493398K->189510K(982976K), 0.0063260 secs] [Times: user=0.02 sys=0.00, real=0.01 secs] 
2014-07-28T18:50:40.756+0000: 2074.443: [GC [PSYoungGen: 295923K->288K(288192K)] 485209K->189638K(975168K), 0.0059450 secs] [Times: user=0.03 sys=0.00, real=0.00 secs] 
2014-07-28T18:50:41.605+0000: 2075.292: [GC [PSYoungGen: 288160K->320K(280640K)] 477510K->189734K(967616K), 0.0023530 secs] [Times: user=0.01 sys=0.01, real=0.00 secs] 
2014-07-28T18:50:42.454+0000: 2076.141: [GC [PSYoungGen: 280640K->224K(273280K)] 470054K->189678K(960256K), 0.0058620 secs] [Times: user=0.04 sys=0.00, real=0.01 secs] 
2014-07-28T18:50:43.254+0000: 2076.940: [GC [PSYoungGen: 273228K->306K(266368K)] 462683K->189800K(953344K), 0.0057640 secs] [Times: user=0.03 sys=0.00, real=0.01 secs] 
2014-07-28T18:50:44.107+0000: 2077.794: [GC [PSYoungGen: 266354K->320K(259648K)] 455848K->189878K(946624K), 0.0084600 secs] [Times: user=0.05 sys=0.00, real=0.01 secs] 
2014-07-28T18:50:44.921+0000: 2078.608: [GC [PSYoungGen: 259610K->320K(253184K)] 449168K->189974K(940160K), 0.0037370 secs] [Times: user=0.02 sys=0.00, real=0.01 secs] 
2014-07-28T18:50:45.667+0000: 2079.353: [GC [PSYoungGen: 253184K->320K(246976K)] 442838K->190030K(933952K), 0.0045000 secs] [Times: user=0.02 sys=0.01, real=0.00 secs] 
2014-07-28T18:50:46.419+0000: 2080.106: [GC [PSYoungGen: 246972K->256K(240896K)] 436682K->189998K(927872K), 0.0025300 secs] [Times: user=0.01 sys=0.00, real=0.00 secs] 
2014-07-28T18:50:47.182+0000: 2080.869: [GC [PSYoungGen: 240896K->192K(235072K)] 430638K->189958K(922048K), 0.0033840 secs] [Times: user=0.01 sys=0.00, real=0.01 secs] 
2014-07-28T18:50:47.883+0000: 2081.570: [GC [PSYoungGen: 235072K->256K(229568K)] 424838K->190070K(916544K), 0.0038640 secs] [Times: user=0.02 sys=0.00, real=0.01 secs] 
2014-07-28T18:50:48.588+0000: 2082.274: [GC [PSYoungGen: 229568K->434K(224384K)] 419382K->190304K(911360K), 0.0034200 secs] [Times: user=0.02 sys=0.00, real=0.00 secs] 
2014-07-28T18:50:49.329+0000: 2083.016: [GC [PSYoungGen: 224369K->256K(219008K)] 414239K->190198K(905984K), 0.0026400 secs] [Times: user=0.01 sys=0.00, real=0.00 secs] 
2014-07-28T18:50:50.049+0000: 2083.736: [GC [PSYoungGen: 219008K->320K(214080K)] 408950K->190334K(901056K), 0.0038420 secs] [Times: user=0.02 sys=0.00, real=0.00 secs] 
2014-07-28T18:50:50.718+0000: 2084.405: [GC [PSYoungGen: 214080K->256K(209216K)] 404094K->190318K(896192K), 0.0042910 secs] [Times: user=0.02 sys=0.00, real=0.00 secs] 
2014-07-28T18:50:51.359+0000: 2085.046: [GC [PSYoungGen: 209216K->416K(204736K)] 399278K->190510K(891712K), 0.0038990 secs] [Times: user=0.02 sys=0.00, real=0.00 secs] 
2014-07-28T18:50:52.012+0000: 2085.699: [GC [PSYoungGen: 204704K->352K(200192K)] 394798K->190510K(887168K), 0.0062680 secs] [Times: user=0.04 sys=0.00, real=0.01 secs] 
2014-07-28T18:50:52.656+0000: 2086.343: [GC [PSYoungGen: 200160K->192K(195648K)] 390318K->190382K(882624K), 0.0060250 secs] [Times: user=0.03 sys=0.00, real=0.00 secs] 
2014-07-28T18:50:53.298+0000: 2086.985: [GC [PSYoungGen: 195648K->288K(191616K)] 385838K->190494K(878592K), 0.0026390 secs] [Times: user=0.02 sys=0.00, real=0.00 secs] 
2014-07-28T18:50:53.875+0000: 2087.562: [GC [PSYoungGen: 191584K->256K(187520K)] 381790K->190502K(874496K), 0.0061530 secs] [Times: user=0.03 sys=0.00, real=0.01 secs] 
2014-07-28T18:50:54.493+0000: 2088.179: [GC [PSYoungGen: 187520K->288K(183680K)] 377766K->190566K(870656K), 0.0052080 secs] [Times: user=0.03 sys=0.00, real=0.01 secs] 
2014-07-28T18:50:55.083+0000: 2088.770: [GC [PSYoungGen: 183648K->224K(179840K)] 373926K->190550K(866816K), 0.0044950 secs] [Times: user=0.03 sys=0.00, real=0.01 secs] 
2014-07-28T18:50:55.631+0000: 2089.317: [GC [PSYoungGen: 179808K->320K(176256K)] 370134K->190718K(863232K), 0.0023400 secs] [Times: user=0.01 sys=0.00, real=0.00 secs] 
2014-07-28T18:50:56.186+0000: 2089.872: [GC [PSYoungGen: 176256K->256K(172672K)] 366654K->190670K(859648K), 0.0109040 secs] [Times: user=0.03 sys=0.00, real=0.02 secs] 
2014-07-28T18:50:56.751+0000: 2090.437: [GC [PSYoungGen: 172672K->352K(169408K)] 363086K->190830K(856384K), 0.0037980 secs] [Times: user=0.02 sys=0.00, real=0.00 secs] 
2014-07-28T18:50:57.281+0000: 2090.968: [GC [PSYoungGen: 169376K->320K(166016K)] 359854K->190838K(852992K), 0.0035380 secs] [Times: user=0.01 sys=0.00, real=0.00 secs] 
2014-07-28T18:50:57.874+0000: 2091.561: [GC [PSYoungGen: 166016K->256K(162752K)] 356534K->190870K(849728K), 0.0027730 secs] [Times: user=0.02 sys=0.00, real=0.00 secs] 
2014-07-28T18:50:58.399+0000: 2092.086: [GC [PSYoungGen: 162751K->448K(159808K)] 353365K->191134K(846784K), 0.0048420 secs] [Times: user=0.02 sys=0.00, real=0.00 secs] 
2014-07-28T18:50:58.924+0000: 2092.611: [GC [PSYoungGen: 159808K->256K(156608K)] 350494K->190998K(843584K), 0.0027780 secs] [Times: user=0.01 sys=0.00, real=0.00 secs] 
2014-07-28T18:50:59.428+0000: 2093.115: [GC [PSYoungGen: 156608K->320K(153728K)] 347350K->191102K(840704K), 0.0062580 secs] [Times: user=0.04 sys=0.00, real=0.00 secs] 
2014-07-28T18:50:59.934+0000: 2093.620: [GC [PSYoungGen: 153728K->352K(184512K)] 344510K->191166K(871488K), 0.0077410 secs] [Times: user=0.04 sys=0.01, real=0.01 secs] 
2014-07-28T18:51:00.538+0000: 2094.224: [GC [PSYoungGen: 184480K->224K(180608K)] 375294K->191078K(867584K), 0.0048790 secs] [Times: user=0.02 sys=0.00, real=0.00 secs] 
2014-07-28T18:51:01.113+0000: 2094.800: [GC [PSYoungGen: 180576K->384K(177024K)] 371430K->191294K(864000K), 0.0057620 secs] [Times: user=0.03 sys=0.01, real=0.01 secs] 
2014-07-28T18:51:01.705+0000: 2095.392: [GC [PSYoungGen: 177024K->224K(173312K)] 367934K->191174K(860288K), 0.0065120 secs] [Times: user=0.03 sys=0.01, real=0.01 secs] 
2014-07-28T18:51:02.259+0000: 2095.946: [GC [PSYoungGen: 173280K->160K(207872K)] 364230K->191126K(894848K), 0.0096530 secs] [Times: user=0.05 sys=0.01, real=0.01 secs] 
2014-07-28T18:51:02.931+0000: 2096.617: [GC [PSYoungGen: 207840K->320K(249536K)] 398806K->191350K(936512K), 0.0054520 secs] [Times: user=0.03 sys=0.01, real=0.00 secs] 
2014-07-28T18:51:03.861+0000: 2097.548: [GC [PSYoungGen: 249536K->416K(243584K)] 440566K->191486K(930560K), 0.0061950 secs] [Times: user=0.03 sys=0.01, real=0.00 secs] 
2014-07-28T18:51:04.790+0000: 2098.477: [GC [PSYoungGen: 243552K->288K(237568K)] 434622K->191374K(924544K), 0.0049940 secs] [Times: user=0.01 sys=0.01, real=0.00 secs] 
2014-07-28T18:51:05.563+0000: 2099.250: [GC [PSYoungGen: 237536K->192K(231808K)] 428622K->191310K(918784K), 0.0086120 secs] [Times: user=0.05 sys=0.01, real=0.01 secs] 
2014-07-28T18:51:06.298+0000: 2099.985: [GC [PSYoungGen: 231808K->448K(226624K)] 422926K->191654K(913600K), 0.0047450 secs] [Times: user=0.03 sys=0.00, real=0.00 secs] 
2014-07-28T18:51:06.994+0000: 2100.681: [GC [PSYoungGen: 226624K->192K(221120K)] 417830K->191422K(908096K), 0.0033910 secs] [Times: user=0.01 sys=0.00, real=0.00 secs] 
2014-07-28T18:51:07.672+0000: 2101.359: [GC [PSYoungGen: 221120K->352K(216256K)] 412350K->191662K(903232K), 0.0030510 secs] [Times: user=0.02 sys=0.00, real=0.00 secs] 
2014-07-28T18:51:08.333+0000: 2102.020: [GC [PSYoungGen: 216224K->256K(211264K)] 407534K->191598K(898240K), 0.0050660 secs] [Times: user=0.03 sys=0.01, real=0.01 secs] 
2014-07-28T18:51:08.991+0000: 2102.677: [GC [PSYoungGen: 211264K->288K(206592K)] 402606K->191702K(893568K), 0.0067750 secs] [Times: user=0.04 sys=0.01, real=0.00 secs] 
2014-07-28T18:51:09.639+0000: 2103.326: [GC [PSYoungGen: 206560K->256K(201984K)] 397974K->191718K(888960K), 0.0058020 secs] [Times: user=0.03 sys=0.00, real=0.00 secs] 
2014-07-28T18:51:10.478+0000: 2104.164: [GC [PSYoungGen: 201984K->352K(197696K)] 393446K->191822K(884672K), 0.0044660 secs] [Times: user=0.03 sys=0.00, real=0.01 secs] 
2014-07-28T18:51:11.420+0000: 2105.106: [GC [PSYoungGen: 197664K->448K(193536K)] 389134K->191982K(880512K), 0.0076370 secs] [Times: user=0.05 sys=0.00, real=0.00 secs] 
2014-07-28T18:51:12.432+0000: 2106.119: [GC [PSYoungGen: 193536K->288K(189312K)] 385070K->191862K(876288K), 0.0101930 secs] [Times: user=0.05 sys=0.00, real=0.01 secs] 
2014-07-28T18:51:13.591+0000: 2107.278: [GC [PSYoungGen: 189280K->438K(185472K)] 380854K->192156K(872448K), 0.0073550 secs] [Times: user=0.04 sys=0.00, real=0.00 secs] 
2014-07-28T18:51:14.388+0000: 2108.075: [GC [PSYoungGen: 185462K->466K(181696K)] 377180K->192224K(868672K), 0.0043520 secs] [Times: user=0.02 sys=0.00, real=0.01 secs] 
2014-07-28T18:51:15.079+0000: 2108.766: [GC [PSYoungGen: 181650K->256K(177728K)] 373408K->192120K(864704K), 0.0050960 secs] [Times: user=0.03 sys=0.01, real=0.00 secs] 
2014-07-28T18:51:15.734+0000: 2109.421: [GC [PSYoungGen: 177728K->192K(174080K)] 369592K->192088K(861056K), 0.0070460 secs] [Times: user=0.05 sys=0.01, real=0.01 secs] 
2014-07-28T18:51:16.395+0000: 2110.082: [GC [PSYoungGen: 174080K->288K(170752K)] 365976K->192184K(857728K), 0.0071560 secs] [Times: user=0.04 sys=0.01, real=0.01 secs] 
2014-07-28T18:51:17.032+0000: 2110.719: [GC [PSYoungGen: 170720K->324K(167424K)] 362616K->192260K(854400K), 0.0030930 secs] [Times: user=0.02 sys=0.00, real=0.00 secs] 
2014-07-28T18:51:17.647+0000: 2111.334: [GC [PSYoungGen: 167364K->416K(164224K)] 359300K->192440K(851200K), 0.0036410 secs] [Times: user=0.02 sys=0.00, real=0.01 secs] 
2014-07-28T18:51:18.268+0000: 2111.955: [GC [PSYoungGen: 164192K->288K(160960K)] 356216K->192328K(847936K), 0.0024900 secs] [Times: user=0.01 sys=0.00, real=0.01 secs] 
2014-07-28T18:51:18.861+0000: 2112.548: [GC [PSYoungGen: 160928K->288K(157888K)] 352968K->192384K(844864K), 0.0044040 secs] [Times: user=0.03 sys=0.00, real=0.00 secs] 
2014-07-28T18:51:19.825+0000: 2113.512: [GC [PSYoungGen: 157854K->480K(155136K)] 349950K->192600K(842112K), 0.0047150 secs] [Times: user=1.71 sys=1.18, real=2.87 secs] 
2014-07-28T18:51:23.069+0000: 2116.756: [GC [PSYoungGen: 155104K->256K(152000K)] 347224K->192408K(838976K), 0.0085590 secs] [Times: user=0.05 sys=0.00, real=0.01 secs] 
2014-07-28T18:51:23.712+0000: 2117.398: [GC [PSYoungGen: 152000K->160K(182336K)] 344152K->192336K(869312K), 0.0094460 secs] [Times: user=0.06 sys=0.00, real=0.01 secs] 
2014-07-28T18:51:24.454+0000: 2118.141: [GC [PSYoungGen: 182304K->224K(178688K)] 374480K->192432K(865664K), 0.0049860 secs] [Times: user=0.03 sys=0.00, real=0.00 secs] 
2014-07-28T18:51:25.167+0000: 2118.854: [GC [PSYoungGen: 178656K->320K(175104K)] 370864K->192552K(862080K), 0.0051290 secs] [Times: user=0.04 sys=0.00, real=0.01 secs] 
2014-07-28T18:51:25.851+0000: 2119.538: [GC [PSYoungGen: 175104K->320K(171584K)] 367336K->192608K(858560K), 0.0070450 secs] [Times: user=0.05 sys=0.00, real=0.01 secs] 
2014-07-28T18:51:26.584+0000: 2120.271: [GC [PSYoungGen: 171584K->224K(168128K)] 363872K->192552K(855104K), 0.0042530 secs] [Times: user=0.02 sys=0.00, real=0.00 secs] 
2014-07-28T18:51:27.282+0000: 2120.969: [GC [PSYoungGen: 168096K->224K(164864K)] 360424K->192568K(851840K), 0.0081900 secs] [Times: user=0.04 sys=0.02, real=0.00 secs] 
2014-07-28T18:51:28.326+0000: 2122.013: [GC [PSYoungGen: 164830K->224K(161664K)] 357175K->192584K(848640K), 0.0056940 secs] [Times: user=0.01 sys=0.01, real=0.01 secs] 
2014-07-28T18:51:29.335+0000: 2123.021: [GC [PSYoungGen: 161632K->416K(158784K)] 353992K->192840K(845760K), 0.0026860 secs] [Times: user=0.01 sys=0.00, real=0.00 secs] 
2014-07-28T18:51:30.335+0000: 2124.022: [GC [PSYoungGen: 158752K->352K(155712K)] 351176K->192808K(842688K), 0.0102630 secs] [Times: user=0.07 sys=0.01, real=0.01 secs] 
2014-07-28T18:51:31.315+0000: 2125.002: [GC [PSYoungGen: 155680K->384K(152832K)] 348136K->192968K(839808K), 0.0029110 secs] [Times: user=1.28 sys=0.90, real=2.18 secs] 
2014-07-28T18:51:33.993+0000: 2127.680: [GC [PSYoungGen: 152790K->320K(149952K)] 345375K->192960K(836928K), 0.0045980 secs] [Times: user=0.02 sys=0.00, real=0.00 secs] 
2014-07-28T18:51:34.531+0000: 2128.218: [GC [PSYoungGen: 149952K->384K(147328K)] 342592K->193064K(834304K), 0.0093220 secs] [Times: user=0.05 sys=0.01, real=0.01 secs] 
2014-07-28T18:51:35.066+0000: 2128.753: [GC [PSYoungGen: 147328K->256K(144576K)] 340008K->193000K(831552K), 0.0049670 secs] [Times: user=0.04 sys=0.00, real=0.00 secs] 
2014-07-28T18:51:35.679+0000: 2129.366: [GC [PSYoungGen: 144576K->224K(142016K)] 337320K->192992K(828992K), 0.0031810 secs] [Times: user=0.02 sys=0.00, real=0.01 secs] 
2014-07-28T18:51:36.241+0000: 2129.928: [GC [PSYoungGen: 141984K->352K(139648K)] 334752K->193184K(826624K), 0.0082770 secs] [Times: user=0.05 sys=0.01, real=0.01 secs] 
2014-07-28T18:51:36.906+0000: 2130.593: [GC [PSYoungGen: 139616K->352K(137216K)] 332448K->193200K(824192K), 0.0048540 secs] [Times: user=0.03 sys=0.00, real=0.00 secs] 
2014-07-28T18:51:37.542+0000: 2131.229: [GC [PSYoungGen: 137184K->320K(134784K)] 330032K->193224K(821760K), 0.0025650 secs] [Times: user=0.01 sys=0.00, real=0.01 secs] 
2014-07-28T18:51:38.023+0000: 2131.710: [GC [PSYoungGen: 134784K->256K(132416K)] 327688K->193216K(819392K), 0.0052760 secs] [Times: user=0.03 sys=0.00, real=0.00 secs] 
2014-07-28T18:51:38.494+0000: 2132.181: [GC [PSYoungGen: 132416K->192K(130176K)] 325376K->193152K(817152K), 0.0030670 secs] [Times: user=0.01 sys=0.01, real=0.00 secs] 
2014-07-28T18:51:39.167+0000: 2132.854: [GC [PSYoungGen: 130176K->434K(128256K)] 323136K->193426K(815232K), 0.0059850 secs] [Times: user=0.03 sys=0.01, real=0.01 secs] 
2014-07-28T18:51:39.969+0000: 2133.656: [GC [PSYoungGen: 128242K->256K(125952K)] 321234K->193288K(812928K), 0.0059520 secs] [Times: user=0.04 sys=0.00, real=0.01 secs] 
2014-07-28T18:51:40.746+0000: 2134.433: [GC [PSYoungGen: 125922K->416K(124096K)] 318955K->193528K(811072K), 0.0057370 secs] [Times: user=0.04 sys=0.00, real=0.00 secs] 
2014-07-28T18:51:41.504+0000: 2135.190: [GC [PSYoungGen: 124064K->320K(121984K)] 317176K->193496K(808960K), 0.0051390 secs] [Times: user=0.03 sys=0.00, real=0.00 secs] 
2014-07-28T18:51:42.231+0000: 2135.917: [GC [PSYoungGen: 121943K->448K(120192K)] 315119K->193712K(807168K), 0.0062500 secs] [Times: user=0.03 sys=0.01, real=0.01 secs] 
2014-07-28T18:51:42.790+0000: 2136.477: [GC [PSYoungGen: 120192K->288K(118208K)] 313456K->193608K(805184K), 0.0050890 secs] [Times: user=0.04 sys=0.00, real=0.01 secs] 
2014-07-28T18:51:43.216+0000: 2136.903: [GC [PSYoungGen: 118176K->192K(116288K)] 311496K->193552K(803264K), 0.0041900 secs] [Times: user=0.02 sys=0.00, real=0.00 secs] 
2014-07-28T18:51:43.638+0000: 2137.325: [GC [PSYoungGen: 116288K->512K(114816K)] 309648K->193904K(801792K), 0.0042810 secs] [Times: user=0.02 sys=0.01, real=0.00 secs] 
2014-07-28T18:51:44.035+0000: 2137.722: [GC [PSYoungGen: 114816K->384K(112960K)] 308208K->193864K(799936K), 0.0034280 secs] [Times: user=0.02 sys=0.00, real=0.00 secs] 
2014-07-28T18:51:44.433+0000: 2138.120: [GC [PSYoungGen: 112960K->320K(111232K)] 306440K->193848K(798208K), 0.0041620 secs] [Times: user=0.02 sys=0.00, real=0.01 secs] 
2014-07-28T18:51:44.826+0000: 2138.513: [GC [PSYoungGen: 111232K->352K(109632K)] 304760K->193896K(796608K), 0.0043010 secs] [Times: user=0.01 sys=0.01, real=0.00 secs] 
2014-07-28T18:51:45.219+0000: 2138.906: [GC [PSYoungGen: 109600K->256K(131392K)] 303144K->193848K(818368K), 0.0068050 secs] [Times: user=0.04 sys=0.01, real=0.01 secs] 
2014-07-28T18:51:45.696+0000: 2139.383: [GC [PSYoungGen: 131392K->352K(157760K)] 324984K->193968K(844736K), 0.0032330 secs] [Times: user=0.02 sys=0.00, real=0.00 secs] 
2014-07-28T18:51:46.289+0000: 2139.975: [GC [PSYoungGen: 157728K->320K(154752K)] 351344K->194000K(841728K), 0.0054170 secs] [Times: user=0.04 sys=0.01, real=0.01 secs] 
2014-07-28T18:51:46.854+0000: 2140.541: [GC [PSYoungGen: 154752K->320K(151872K)] 348432K->194024K(838848K), 0.0027770 secs] [Times: user=0.01 sys=0.00, real=0.00 secs] 
2014-07-28T18:51:47.395+0000: 2141.082: [GC [PSYoungGen: 151872K->352K(149184K)] 345576K->194104K(836160K), 0.0069220 secs] [Times: user=0.04 sys=0.00, real=0.00 secs] 
2014-07-28T18:51:48.169+0000: 2141.856: [GC [PSYoungGen: 149152K->384K(146496K)] 342904K->194176K(833472K), 0.0048890 secs] [Times: user=0.03 sys=0.00, real=0.01 secs] 
2014-07-28T18:51:49.044+0000: 2142.731: [GC [PSYoungGen: 146451K->288K(143808K)] 340243K->194136K(830784K), 0.0046110 secs] [Times: user=0.03 sys=0.00, real=0.00 secs] 
2014-07-28T18:51:49.860+0000: 2143.546: [GC [PSYoungGen: 143776K->384K(141312K)] 337624K->194336K(828288K), 0.0053950 secs] [Times: user=0.04 sys=0.00, real=0.01 secs] 
2014-07-28T18:51:50.689+0000: 2144.376: [GC [PSYoungGen: 141312K->544K(139072K)] 335264K->194560K(826048K), 0.0064410 secs] [Times: user=0.04 sys=0.00, real=0.01 secs] 
2014-07-28T18:51:51.357+0000: 2145.044: [GC [PSYoungGen: 139029K->192K(136320K)] 333045K->194232K(823296K), 0.0033800 secs] [Times: user=0.01 sys=0.01, real=0.00 secs] 
2014-07-28T18:51:51.828+0000: 2145.515: [GC [PSYoungGen: 136286K->288K(134144K)] 330326K->194352K(821120K), 0.0069530 secs] [Times: user=0.05 sys=0.01, real=0.00 secs] 
2014-07-28T18:51:52.311+0000: 2145.998: [GC [PSYoungGen: 134108K->448K(132032K)] 328172K->194608K(819008K), 0.0048130 secs] [Times: user=0.04 sys=0.01, real=0.01 secs] 
2014-07-28T18:51:52.760+0000: 2146.447: [GC [PSYoungGen: 132032K->256K(129664K)] 326192K->194440K(816640K), 0.0044570 secs] [Times: user=0.02 sys=0.00, real=0.00 secs] 
2014-07-28T18:51:53.214+0000: 2146.901: [GC [PSYoungGen: 129664K->224K(127552K)] 323848K->194456K(814528K), 0.0050310 secs] [Times: user=0.03 sys=0.00, real=0.01 secs] 
2014-07-28T18:51:53.660+0000: 2147.347: [GC [PSYoungGen: 127520K->416K(125696K)] 321752K->194696K(812672K), 0.0034570 secs] [Times: user=0.03 sys=0.00, real=0.00 secs] 
2014-07-28T18:51:54.098+0000: 2147.785: [GC [PSYoungGen: 125664K->320K(123520K)] 319944K->194664K(810496K), 0.0039810 secs] [Times: user=0.02 sys=0.01, real=0.00 secs] 
2014-07-28T18:51:54.521+0000: 2148.207: [GC [PSYoungGen: 123520K->256K(148096K)] 317864K->194632K(835072K), 0.0060570 secs] [Times: user=0.03 sys=0.00, real=0.01 secs] 
2014-07-28T18:51:55.033+0000: 2148.720: [GC [PSYoungGen: 148096K->352K(145536K)] 342472K->194784K(832512K), 0.0032730 secs] [Times: user=0.02 sys=0.00, real=0.01 secs] 
2014-07-28T18:51:55.528+0000: 2149.215: [GC [PSYoungGen: 145504K->288K(142912K)] 339936K->194776K(829888K), 0.0033720 secs] [Times: user=0.02 sys=0.01, real=0.00 secs] 
2014-07-28T18:51:56.015+0000: 2149.702: [GC [PSYoungGen: 142880K->288K(140416K)] 337368K->194840K(827392K), 0.0042630 secs] [Times: user=0.03 sys=0.00, real=0.01 secs] 
2014-07-28T18:51:56.785+0000: 2150.471: [GC [PSYoungGen: 140384K->256K(137920K)] 334936K->194824K(824896K), 0.0285430 secs] [Times: user=0.97 sys=0.69, real=1.53 secs] 
2014-07-28T18:51:58.732+0000: 2152.419: [GC [PSYoungGen: 137920K->384K(165632K)] 332488K->195032K(852608K), 0.0068120 secs] [Times: user=0.03 sys=0.00, real=0.01 secs] 
2014-07-28T18:51:59.315+0000: 2153.002: [GC [PSYoungGen: 165632K->224K(162304K)] 360280K->194912K(849280K), 0.0029880 secs] [Times: user=0.01 sys=0.00, real=0.01 secs] 
2014-07-28T18:51:59.879+0000: 2153.566: [GC [PSYoungGen: 162272K->224K(159232K)] 356960K->194952K(846208K), 0.0027190 secs] [Times: user=0.01 sys=0.00, real=0.00 secs] 
2014-07-28T18:52:00.461+0000: 2154.148: [GC [PSYoungGen: 159200K->288K(156288K)] 353928K->195064K(843264K), 0.0054180 secs] [Times: user=0.03 sys=0.00, real=0.01 secs] 
2014-07-28T18:52:01.005+0000: 2154.692: [GC [PSYoungGen: 156256K->224K(153344K)] 351032K->195040K(840320K), 0.0033060 secs] [Times: user=0.01 sys=0.00, real=0.01 secs] 
2014-07-28T18:52:01.543+0000: 2155.230: [GC [PSYoungGen: 153312K->320K(150592K)] 348128K->195136K(837568K), 0.0033160 secs] [Times: user=0.01 sys=0.00, real=0.01 secs] 
2014-07-28T18:52:02.054+0000: 2155.741: [GC [PSYoungGen: 150592K->192K(147712K)] 345408K->195032K(834688K), 0.0035300 secs] [Times: user=0.02 sys=0.01, real=0.01 secs] 
2014-07-28T18:52:02.552+0000: 2156.239: [GC [PSYoungGen: 147712K->224K(145152K)] 342552K->195104K(832128K), 0.0065710 secs] [Times: user=0.04 sys=0.01, real=0.01 secs] 
2014-07-28T18:52:03.038+0000: 2156.725: [GC [PSYoungGen: 145120K->288K(142656K)] 340000K->195216K(829632K), 0.0033070 secs] [Times: user=0.01 sys=0.01, real=0.00 secs] 
2014-07-28T18:52:03.682+0000: 2157.368: [GC [PSYoungGen: 142624K->306K(140160K)] 337552K->195274K(827136K), 0.0032510 secs] [Times: user=0.01 sys=0.00, real=0.00 secs] 
2014-07-28T18:52:04.444+0000: 2158.131: [GC [PSYoungGen: 140143K->434K(137856K)] 335111K->195458K(824832K), 0.0051560 secs] [Times: user=0.03 sys=0.00, real=0.01 secs] 
2014-07-28T18:52:05.190+0000: 2158.877: [GC [PSYoungGen: 137842K->288K(135360K)] 332866K->195344K(822336K), 0.0065390 secs] [Times: user=0.04 sys=0.00, real=0.00 secs] 
2014-07-28T18:52:05.690+0000: 2159.376: [GC [PSYoungGen: 135326K->288K(133056K)] 330382K->195376K(820032K), 0.0032120 secs] [Times: user=0.01 sys=0.00, real=0.00 secs] 
2014-07-28T18:52:06.124+0000: 2159.810: [GC [PSYoungGen: 133024K->192K(130688K)] 328112K->195304K(817664K), 0.0033650 secs] [Times: user=0.02 sys=0.00, real=0.01 secs] 
2014-07-28T18:52:06.557+0000: 2160.244: [GC [PSYoungGen: 130688K->288K(128640K)] 325800K->195424K(815616K), 0.0044960 secs] [Times: user=0.03 sys=0.00, real=0.00 secs] 
2014-07-28T18:52:06.974+0000: 2160.661: [GC [PSYoungGen: 128608K->288K(126528K)] 323744K->195464K(813504K), 0.0033580 secs] [Times: user=0.02 sys=0.00, real=0.01 secs] 
2014-07-28T18:52:07.406+0000: 2161.093: [GC [PSYoungGen: 126496K->224K(124416K)] 321672K->195416K(811392K), 0.0055840 secs] [Times: user=0.04 sys=0.00, real=0.01 secs] 
2014-07-28T18:52:07.815+0000: 2161.502: [GC [PSYoungGen: 124384K->192K(149184K)] 319576K->195416K(836160K), 0.0065770 secs] [Times: user=0.03 sys=0.01, real=0.01 secs] 
2014-07-28T18:52:08.299+0000: 2161.986: [GC [PSYoungGen: 149184K->320K(179136K)] 344408K->195584K(866112K), 0.0066280 secs] [Times: user=0.03 sys=0.00, real=0.00 secs] 
2014-07-28T18:52:08.892+0000: 2162.579: [GC [PSYoungGen: 179136K->256K(214848K)] 374400K->195544K(901824K), 0.0079640 secs] [Times: user=0.05 sys=0.00, real=0.01 secs] 
2014-07-28T18:52:09.590+0000: 2163.277: [GC [PSYoungGen: 214848K->288K(257856K)] 410136K->195616K(944832K), 0.0070860 secs] [Times: user=0.04 sys=0.00, real=0.00 secs] 
2014-07-28T18:52:10.495+0000: 2164.182: [GC [PSYoungGen: 257824K->256K(251392K)] 453152K->195600K(938368K), 0.0046680 secs] [Times: user=0.02 sys=0.00, real=0.01 secs] 
2014-07-28T18:52:11.854+0000: 2165.541: [GC [PSYoungGen: 251384K->338K(245376K)] 446728K->195714K(932352K), 0.0114800 secs] [Times: user=0.39 sys=0.28, real=0.62 secs] 
2014-07-28T18:52:13.234+0000: 2166.921: [GC [PSYoungGen: 245330K->448K(239488K)] 440706K->195904K(926464K), 0.0041180 secs] [Times: user=0.02 sys=0.00, real=0.01 secs] 
2014-07-28T18:52:14.129+0000: 2167.816: [GC [PSYoungGen: 239488K->128K(233472K)] 434944K->195704K(920448K), 0.0037360 secs] [Times: user=0.02 sys=0.00, real=0.00 secs] 
2014-07-28T18:52:15.018+0000: 2168.704: [GC [PSYoungGen: 233472K->192K(228032K)] 429048K->195784K(915008K), 0.0160010 secs] [Times: user=0.10 sys=0.01, real=0.02 secs] 
2014-07-28T18:52:15.901+0000: 2169.588: [GC [PSYoungGen: 228029K->484K(223040K)] 423622K->196156K(910016K), 0.0040720 secs] [Times: user=0.02 sys=0.01, real=0.00 secs] 
2014-07-28T18:52:16.734+0000: 2170.421: [GC [PSYoungGen: 223012K->352K(217792K)] 418684K->196080K(904768K), 0.0042060 secs] [Times: user=0.03 sys=0.01, real=0.00 secs] 
2014-07-28T18:52:17.610+0000: 2171.297: [GC [PSYoungGen: 217758K->306K(212800K)] 413486K->196162K(899776K), 0.0055510 secs] [Times: user=0.03 sys=0.01, real=0.00 secs] 
2014-07-28T18:52:18.890+0000: 2172.577: [GC [PSYoungGen: 212786K->352K(208064K)] 408642K->196240K(895040K), 0.0038400 secs] [Times: user=0.01 sys=0.00, real=0.00 secs] 
2014-07-28T18:52:19.862+0000: 2173.549: [GC [PSYoungGen: 208032K->192K(203264K)] 403920K->196120K(890240K), 0.0051510 secs] [Times: user=0.03 sys=0.00, real=0.00 secs] 
2014-07-28T18:52:20.618+0000: 2174.305: [GC [PSYoungGen: 203264K->320K(198976K)] 399192K->196288K(885952K), 0.0086740 secs] [Times: user=0.05 sys=0.01, real=0.01 secs] 
2014-07-28T18:52:21.353+0000: 2175.040: [GC [PSYoungGen: 198975K->352K(194752K)] 394943K->196360K(881728K), 0.0104640 secs] [Times: user=0.06 sys=0.01, real=0.01 secs] 
2014-07-28T18:52:22.098+0000: 2175.785: [GC [PSYoungGen: 194720K->448K(190656K)] 390728K->196464K(877632K), 0.0043980 secs] [Times: user=0.02 sys=0.00, real=0.01 secs] 
2014-07-28T18:52:22.784+0000: 2176.471: [GC [PSYoungGen: 190656K->384K(186560K)] 386672K->196480K(873536K), 0.0044760 secs] [Times: user=0.02 sys=0.01, real=0.00 secs] 
2014-07-28T18:52:23.457+0000: 2177.144: [GC [PSYoungGen: 186560K->320K(182592K)] 382656K->196488K(869568K), 0.0050510 secs] [Times: user=0.03 sys=0.00, real=0.01 secs] 
2014-07-28T18:52:24.108+0000: 2177.795: [GC [PSYoungGen: 182592K->416K(179008K)] 378760K->196600K(865984K), 0.0039150 secs] [Times: user=0.03 sys=0.00, real=0.01 secs] 
2014-07-28T18:52:25.167+0000: 2178.853: [GC [PSYoungGen: 178976K->288K(175232K)] 375160K->196504K(862208K), 0.0098550 secs] [Times: user=0.05 sys=0.01, real=0.01 secs] 
2014-07-28T18:52:26.268+0000: 2179.955: [GC [PSYoungGen: 175200K->416K(171840K)] 371416K->196680K(858816K), 0.0050570 secs] [Times: user=0.03 sys=0.01, real=0.02 secs] 
2014-07-28T18:52:26.932+0000: 2180.618: [GC [PSYoungGen: 171808K->288K(168320K)] 368072K->196608K(855296K), 0.0039870 secs] [Times: user=0.02 sys=0.00, real=0.00 secs] 
2014-07-28T18:52:27.644+0000: 2181.331: [GC [PSYoungGen: 168288K->434K(165184K)] 364608K->196868K(852160K), 0.0053400 secs] [Times: user=0.04 sys=0.00, real=0.00 secs] 
2014-07-28T18:52:28.331+0000: 2182.018: [GC [PSYoungGen: 165170K->320K(161856K)] 361604K->196826K(848832K), 0.0038280 secs] [Times: user=0.02 sys=0.00, real=0.00 secs] 
2014-07-28T18:52:28.900+0000: 2182.587: [GC [PSYoungGen: 161856K->224K(158720K)] 358362K->196754K(845696K), 0.0029950 secs] [Times: user=0.01 sys=0.00, real=0.01 secs] 
2014-07-28T18:52:29.470+0000: 2183.157: [GC [PSYoungGen: 158688K->256K(155712K)] 355218K->196842K(842688K), 0.0054660 secs] [Times: user=0.03 sys=0.00, real=0.01 secs] 
2014-07-28T18:52:30.012+0000: 2183.699: [GC [PSYoungGen: 155664K->416K(153024K)] 352250K->197034K(840000K), 0.0034100 secs] [Times: user=0.01 sys=0.01, real=0.00 secs] 
2014-07-28T18:52:30.552+0000: 2184.239: [GC [PSYoungGen: 152980K->224K(150016K)] 349598K->196874K(836992K), 0.0102610 secs] [Times: user=0.06 sys=0.00, real=0.01 secs] 
2014-07-28T18:52:31.081+0000: 2184.768: [GC [PSYoungGen: 149984K->320K(147392K)] 346634K->197042K(834368K), 0.0039680 secs] [Times: user=0.02 sys=0.00, real=0.00 secs] 
2014-07-28T18:52:31.853+0000: 2185.540: [GC [PSYoungGen: 147392K->402K(144896K)] 344114K->197164K(831872K), 0.0058920 secs] [Times: user=0.04 sys=0.01, real=0.00 secs] 
2014-07-28T18:52:32.679+0000: 2186.366: [GC [PSYoungGen: 144850K->320K(142208K)] 341612K->197114K(829184K), 0.0046120 secs] [Times: user=0.27 sys=0.24, real=0.51 secs] 
2014-07-28T18:52:33.645+0000: 2187.332: [GC [PSYoungGen: 142208K->320K(139712K)] 339002K->197154K(826688K), 0.0035280 secs] [Times: user=0.01 sys=0.00, real=0.00 secs] 
2014-07-28T18:52:34.144+0000: 2187.831: [GC [PSYoungGen: 139712K->224K(137216K)] 336546K->197098K(824192K), 0.0030020 secs] [Times: user=0.02 sys=0.00, real=0.00 secs] 
2014-07-28T18:52:34.621+0000: 2188.308: [GC [PSYoungGen: 137184K->224K(164608K)] 334058K->197122K(851584K), 0.0115100 secs] [Times: user=0.07 sys=0.01, real=0.01 secs] 
2014-07-28T18:52:35.194+0000: 2188.881: [GC [PSYoungGen: 164576K->224K(197504K)] 361474K->197162K(884480K), 0.0042820 secs] [Times: user=0.03 sys=0.00, real=0.00 secs] 
2014-07-28T18:52:35.887+0000: 2189.574: [GC [PSYoungGen: 197472K->192K(193216K)] 394410K->197146K(880192K), 0.0027550 secs] [Times: user=0.01 sys=0.00, real=0.00 secs] 
2014-07-28T18:52:36.556+0000: 2190.242: [GC [PSYoungGen: 193216K->224K(189184K)] 390170K->197218K(876160K), 0.0064740 secs] [Times: user=0.04 sys=0.00, real=0.01 secs] 
2014-07-28T18:52:37.207+0000: 2190.894: [GC [PSYoungGen: 189152K->288K(185280K)] 386146K->197330K(872256K), 0.0048990 secs] [Times: user=0.03 sys=0.00, real=0.01 secs] 
2014-07-28T18:52:37.839+0000: 2191.526: [GC [PSYoungGen: 185248K->256K(181376K)] 382290K->197314K(868352K), 0.0049390 secs] [Times: user=0.02 sys=0.01, real=0.01 secs] 
2014-07-28T18:52:38.671+0000: 2192.358: [GC [PSYoungGen: 181376K->370K(177792K)] 378434K->197468K(864768K), 0.0036270 secs] [Times: user=0.01 sys=0.00, real=0.01 secs] 
2014-07-28T18:52:39.667+0000: 2193.354: [GC [PSYoungGen: 177778K->438K(174272K)] 374876K->197616K(861248K), 0.0066280 secs] [Times: user=0.02 sys=0.00, real=0.01 secs] 
2014-07-28T18:52:40.444+0000: 2194.131: [GC [PSYoungGen: 174262K->288K(170688K)] 371440K->197522K(857664K), 0.0031420 secs] [Times: user=0.01 sys=0.00, real=0.00 secs] 
2014-07-28T18:52:41.032+0000: 2194.719: [GC [PSYoungGen: 170655K->338K(167424K)] 367889K->197596K(854400K), 0.0111250 secs] [Times: user=0.07 sys=0.00, real=0.02 secs] 
2014-07-28T18:52:41.608+0000: 2195.295: [GC [PSYoungGen: 167378K->288K(164096K)] 364636K->197602K(851072K), 0.0039080 secs] [Times: user=0.02 sys=0.00, real=0.01 secs] 
2014-07-28T18:52:42.154+0000: 2195.841: [GC [PSYoungGen: 164064K->320K(160960K)] 361378K->197690K(847936K), 0.0046720 secs] [Times: user=0.03 sys=0.01, real=0.00 secs] 
2014-07-28T18:52:42.695+0000: 2196.382: [GC [PSYoungGen: 160960K->288K(157888K)] 358330K->197682K(844864K), 0.0061220 secs] [Times: user=0.03 sys=0.01, real=0.00 secs] 
2014-07-28T18:52:43.248+0000: 2196.935: [GC [PSYoungGen: 157856K->256K(154880K)] 355250K->197698K(841856K), 0.0051670 secs] [Times: user=0.02 sys=0.01, real=0.01 secs] 
2014-07-28T18:52:43.789+0000: 2197.476: [GC [PSYoungGen: 154854K->448K(152192K)] 352296K->197898K(839168K), 0.0058790 secs] [Times: user=0.04 sys=0.00, real=0.01 secs] 
2014-07-28T18:52:44.299+0000: 2197.986: [GC [PSYoungGen: 152192K->192K(149184K)] 349642K->197690K(836160K), 0.0026900 secs] [Times: user=0.01 sys=0.00, real=0.00 secs] 
2014-07-28T18:52:44.808+0000: 2198.495: [GC [PSYoungGen: 149177K->320K(179136K)] 346675K->197834K(866112K), 0.0084810 secs] [Times: user=0.05 sys=0.00, real=0.01 secs] 
2014-07-28T18:52:45.607+0000: 2199.294: [GC [PSYoungGen: 179136K->498K(175680K)] 376650K->198092K(862656K), 0.0056290 secs] [Times: user=0.04 sys=0.00, real=0.01 secs] 
2014-07-28T18:52:46.552+0000: 2200.239: [GC [PSYoungGen: 175640K->402K(172096K)] 373234K->198044K(859072K), 0.0036090 secs] [Times: user=0.01 sys=0.01, real=0.01 secs] 
2014-07-28T18:52:47.218+0000: 2200.905: [GC [PSYoungGen: 172030K->224K(168512K)] 369672K->197906K(855488K), 0.0053220 secs] [Times: user=0.03 sys=0.00, real=0.01 secs] 
2014-07-28T18:52:47.789+0000: 2201.476: [GC [PSYoungGen: 168480K->224K(165248K)] 366162K->197930K(852224K), 0.0061870 secs] [Times: user=0.03 sys=0.01, real=0.01 secs] 
2014-07-28T18:52:48.348+0000: 2202.035: [GC [PSYoungGen: 165216K->320K(162112K)] 362922K->198106K(849088K), 0.0036650 secs] [Times: user=0.02 sys=0.00, real=0.00 secs] 
2014-07-28T18:52:48.914+0000: 2202.601: [GC [PSYoungGen: 162112K->352K(159104K)] 359898K->198146K(846080K), 0.0034800 secs] [Times: user=0.02 sys=0.00, real=0.00 secs] 
2014-07-28T18:52:49.449+0000: 2203.136: [GC [PSYoungGen: 159072K->320K(156032K)] 356866K->198162K(843008K), 0.0047160 secs] [Times: user=0.03 sys=0.00, real=0.00 secs] 
2014-07-28T18:52:49.967+0000: 2203.653: [GC [PSYoungGen: 156032K->288K(153152K)] 353874K->198170K(840128K), 0.0042380 secs] [Times: user=0.02 sys=0.00, real=0.00 secs] 
2014-07-28T18:52:50.486+0000: 2204.172: [GC [PSYoungGen: 153120K->352K(150400K)] 351002K->198314K(837376K), 0.0050280 secs] [Times: user=0.03 sys=0.00, real=0.00 secs] 
2014-07-28T18:52:50.972+0000: 2204.659: [GC [PSYoungGen: 150368K->416K(147712K)] 348330K->198434K(834688K), 0.0038840 secs] [Times: user=0.02 sys=0.01, real=0.01 secs] 
2014-07-28T18:52:51.466+0000: 2205.153: [GC [PSYoungGen: 147680K->256K(144896K)] 345698K->198330K(831872K), 0.0045760 secs] [Times: user=0.01 sys=0.01, real=0.00 secs] 
2014-07-28T18:52:51.996+0000: 2205.683: [GC [PSYoungGen: 144896K->338K(142464K)] 342970K->198428K(829440K), 0.0047790 secs] [Times: user=0.01 sys=0.00, real=0.00 secs] 
2014-07-28T18:52:52.791+0000: 2206.478: [GC [PSYoungGen: 142418K->448K(170944K)] 340508K->198602K(857920K), 0.0119470 secs] [Times: user=0.07 sys=0.00, real=0.01 secs] 
2014-07-28T18:52:53.680+0000: 2207.367: [GC [PSYoungGen: 170935K->370K(167488K)] 369089K->198564K(854464K), 0.0038910 secs] [Times: user=0.02 sys=0.00, real=0.01 secs] 
2014-07-28T18:52:54.266+0000: 2207.953: [GC [PSYoungGen: 167474K->288K(164160K)] 365668K->198538K(851136K), 0.0026690 secs] [Times: user=0.01 sys=0.00, real=0.00 secs] 
2014-07-28T18:52:54.830+0000: 2208.516: [GC [PSYoungGen: 164128K->384K(161088K)] 362378K->198650K(848064K), 0.0052240 secs] [Times: user=0.04 sys=0.01, real=0.01 secs] 
2014-07-28T18:52:55.379+0000: 2209.066: [GC [PSYoungGen: 161088K->352K(158016K)] 359354K->198674K(844992K), 0.0060170 secs] [Times: user=0.03 sys=0.01, real=0.01 secs] 
2014-07-28T18:52:55.911+0000: 2209.598: [GC [PSYoungGen: 157984K->416K(155136K)] 356306K->198762K(842112K), 0.0038810 secs] [Times: user=0.02 sys=0.01, real=0.01 secs] 
2014-07-28T18:52:56.416+0000: 2210.103: [GC [PSYoungGen: 155104K->256K(152064K)] 353450K->198666K(839040K), 0.0035970 secs] [Times: user=0.02 sys=0.00, real=0.00 secs] 
2014-07-28T18:52:56.927+0000: 2210.613: [GC [PSYoungGen: 152064K->448K(149504K)] 350474K->198914K(836480K), 0.0034820 secs] [Times: user=0.02 sys=0.01, real=0.00 secs] 
2014-07-28T18:52:57.427+0000: 2211.113: [GC [PSYoungGen: 149504K->384K(146752K)] 347970K->198946K(833728K), 0.0044690 secs] [Times: user=0.03 sys=0.01, real=0.00 secs] 
2014-07-28T18:52:57.910+0000: 2211.597: [GC [PSYoungGen: 146752K->288K(144064K)] 345314K->198890K(831040K), 0.0038970 secs] [Times: user=0.03 sys=0.00, real=0.00 secs] 
2014-07-28T18:52:58.375+0000: 2212.062: [GC [PSYoungGen: 144032K->256K(141440K)] 342634K->198906K(828416K), 0.0054360 secs] [Times: user=0.03 sys=0.01, real=0.00 secs] 
2014-07-28T18:52:58.971+0000: 2212.657: [GC [PSYoungGen: 141438K->416K(139136K)] 340088K->199106K(826112K), 0.0064020 secs] [Times: user=0.04 sys=0.01, real=0.01 secs] 
2014-07-28T18:52:59.654+0000: 2213.341: [GC [PSYoungGen: 139099K->320K(136640K)] 337789K->199050K(823616K), 0.0037090 secs] [Times: user=0.01 sys=0.01, real=0.01 secs] 
2014-07-28T18:53:00.354+0000: 2214.041: [GC [PSYoungGen: 136593K->384K(163968K)] 335323K->199138K(850944K), 0.0179730 secs] [Times: user=0.09 sys=0.02, real=0.02 secs] 
2014-07-28T18:53:00.947+0000: 2214.633: [GC [PSYoungGen: 163968K->160K(196544K)] 362722K->198930K(883520K), 0.0035520 secs] [Times: user=0.01 sys=0.00, real=0.00 secs] 
2014-07-28T18:53:01.654+0000: 2215.341: [GC [PSYoungGen: 196512K->320K(192448K)] 395282K->199146K(879424K), 0.0050970 secs] [Times: user=0.03 sys=0.01, real=0.01 secs] 
2014-07-28T18:53:02.332+0000: 2216.019: [GC [PSYoungGen: 192448K->224K(188288K)] 391274K->199090K(875264K), 0.0055530 secs] [Times: user=0.03 sys=0.00, real=0.01 secs] 
2014-07-28T18:53:02.942+0000: 2216.629: [GC [PSYoungGen: 188256K->192K(225856K)] 387122K->199082K(912832K), 0.0075440 secs] [Times: user=0.04 sys=0.00, real=0.01 secs] 
2014-07-28T18:53:03.686+0000: 2217.372: [GC [PSYoungGen: 225856K->352K(220800K)] 424746K->199274K(907776K), 0.0050750 secs] [Times: user=0.02 sys=0.00, real=0.01 secs] 
2014-07-28T18:53:04.429+0000: 2218.116: [GC [PSYoungGen: 220768K->352K(215744K)] 419690K->199354K(902720K), 0.0050350 secs] [Times: user=0.02 sys=0.01, real=0.00 secs] 
2014-07-28T18:53:05.147+0000: 2218.833: [GC [PSYoungGen: 215712K->288K(210816K)] 414714K->199314K(897792K), 0.0042400 secs] [Times: user=0.03 sys=0.00, real=0.00 secs] 
2014-07-28T18:53:06.105+0000: 2219.791: [GC [PSYoungGen: 210784K->512K(206336K)] 409810K->199570K(893312K), 0.0100050 secs] [Times: user=0.05 sys=0.01, real=0.01 secs] 
2014-07-28T18:53:07.127+0000: 2220.814: [GC [PSYoungGen: 206336K->256K(201536K)] 405394K->199410K(888512K), 0.0123390 secs] [Times: user=0.07 sys=0.01, real=0.01 secs] 
2014-07-28T18:53:07.795+0000: 2221.482: [GC [PSYoungGen: 201536K->224K(241792K)] 400690K->199410K(928768K), 0.0118210 secs] [Times: user=0.07 sys=0.01, real=0.02 secs] 
2014-07-28T18:53:08.652+0000: 2222.339: [GC [PSYoungGen: 241760K->288K(236032K)] 440946K->199538K(923008K), 0.0040600 secs] [Times: user=0.03 sys=0.00, real=0.00 secs] 
2014-07-28T18:53:09.481+0000: 2223.168: [GC [PSYoungGen: 236000K->224K(230400K)] 435250K->199522K(917376K), 0.0076260 secs] [Times: user=0.05 sys=0.01, real=0.01 secs] 
2014-07-28T18:53:10.248+0000: 2223.934: [GC [PSYoungGen: 230368K->352K(225152K)] 429666K->199666K(912128K), 0.0050970 secs] [Times: user=0.03 sys=0.00, real=0.00 secs] 
2014-07-28T18:53:10.972+0000: 2224.659: [GC [PSYoungGen: 225120K->416K(220032K)] 424434K->199794K(907008K), 0.0055750 secs] [Times: user=0.03 sys=0.00, real=0.01 secs] 
2014-07-28T18:53:11.675+0000: 2225.361: [GC [PSYoungGen: 220000K->288K(214912K)] 419378K->199722K(901888K), 0.0048080 secs] [Times: user=0.03 sys=0.00, real=0.01 secs] 
2014-07-28T18:53:12.539+0000: 2226.226: [GC [PSYoungGen: 214869K->338K(210112K)] 414303K->199796K(897088K), 0.0049470 secs] [Times: user=0.02 sys=0.01, real=0.00 secs] 
2014-07-28T18:53:13.613+0000: 2227.300: [GC [PSYoungGen: 210066K->512K(205568K)] 409524K->200074K(892544K), 0.0066650 secs] [Times: user=0.04 sys=0.01, real=0.01 secs] 
2014-07-28T18:53:14.420+0000: 2228.107: [GC [PSYoungGen: 205568K->384K(200960K)] 405130K->200018K(887936K), 0.0048760 secs] [Times: user=0.03 sys=0.00, real=0.00 secs] 
2014-07-28T18:53:15.099+0000: 2228.786: [GC [PSYoungGen: 200960K->352K(196608K)] 400594K->200002K(883584K), 0.0083450 secs] [Times: user=0.04 sys=0.01, real=0.00 secs] 
2014-07-28T18:53:15.809+0000: 2229.496: [GC [PSYoungGen: 196532K->320K(192320K)] 396182K->200026K(879296K), 0.0098680 secs] [Times: user=0.06 sys=0.00, real=0.01 secs] 
2014-07-28T18:53:16.467+0000: 2230.154: [GC [PSYoungGen: 192320K->320K(188224K)] 392026K->200090K(875200K), 0.0046380 secs] [Times: user=0.03 sys=0.01, real=0.01 secs] 
2014-07-28T18:53:17.094+0000: 2230.781: [GC [PSYoungGen: 188224K->192K(184192K)] 387994K->199970K(871168K), 0.0046110 secs] [Times: user=0.02 sys=0.00, real=0.01 secs] 
2014-07-28T18:53:17.724+0000: 2231.411: [GC [PSYoungGen: 184192K->320K(180544K)] 383970K->200154K(867520K), 0.0042590 secs] [Times: user=0.03 sys=0.00, real=0.01 secs] 
2014-07-28T18:53:18.338+0000: 2232.025: [GC [PSYoungGen: 180544K->352K(176960K)] 380378K->200258K(863936K), 0.0038190 secs] [Times: user=0.02 sys=0.00, real=0.00 secs] 
2014-07-28T18:53:19.062+0000: 2232.749: [GC [PSYoungGen: 176928K->256K(173248K)] 376834K->200178K(860224K), 0.0043210 secs] [Times: user=0.02 sys=0.00, real=0.00 secs] 
2014-07-28T18:53:20.017+0000: 2233.704: [GC [PSYoungGen: 173248K->402K(169984K)] 373170K->200380K(856960K), 0.0050480 secs] [Times: user=0.03 sys=0.00, real=0.01 secs] 
2014-07-28T18:53:20.737+0000: 2234.424: [GC [PSYoungGen: 169888K->384K(166592K)] 369867K->200442K(853568K), 0.0034420 secs] [Times: user=0.01 sys=0.00, real=0.01 secs] 
2014-07-28T18:53:21.339+0000: 2235.026: [GC [PSYoungGen: 166592K->320K(163328K)] 366650K->200410K(850304K), 0.0081790 secs] [Times: user=0.05 sys=0.00, real=0.00 secs] 
2014-07-28T18:53:21.937+0000: 2235.624: [GC [PSYoungGen: 163328K->256K(160128K)] 363418K->200370K(847104K), 0.0046340 secs] [Times: user=0.02 sys=0.00, real=0.01 secs] 
2014-07-28T18:53:22.516+0000: 2236.203: [GC [PSYoungGen: 160128K->320K(157184K)] 360242K->200490K(844160K), 0.0031860 secs] [Times: user=0.02 sys=0.00, real=0.01 secs] 
2014-07-28T18:53:23.066+0000: 2236.752: [GC [PSYoungGen: 157184K->224K(154176K)] 357354K->200434K(841152K), 0.0065520 secs] [Times: user=0.04 sys=0.00, real=0.01 secs] 
2014-07-28T18:53:23.598+0000: 2237.285: [GC [PSYoungGen: 154144K->352K(185088K)] 354354K->200594K(872064K), 0.0104820 secs] [Times: user=0.05 sys=0.00, real=0.01 secs] 
2014-07-28T18:53:24.255+0000: 2237.942: [GC [PSYoungGen: 185056K->224K(181120K)] 385298K->200506K(868096K), 0.0042540 secs] [Times: user=0.02 sys=0.01, real=0.01 secs] 
2014-07-28T18:53:24.868+0000: 2238.555: [GC [PSYoungGen: 181088K->384K(177536K)] 381370K->200698K(864512K), 0.0038950 secs] [Times: user=0.02 sys=0.00, real=0.01 secs] 
2014-07-28T18:53:25.663+0000: 2239.350: [GC [PSYoungGen: 177536K->288K(173888K)] 377850K->200658K(860864K), 0.0038550 secs] [Times: user=0.02 sys=0.00, real=0.00 secs] 
2014-07-28T18:53:26.631+0000: 2240.317: [GC [PSYoungGen: 173856K->352K(170496K)] 374226K->200794K(857472K), 0.0048290 secs] [Times: user=0.03 sys=0.01, real=0.00 secs] 
2014-07-28T18:53:27.394+0000: 2241.081: [GC [PSYoungGen: 170464K->288K(167104K)] 370906K->200786K(854080K), 0.0037820 secs] [Times: user=0.02 sys=0.00, real=0.00 secs] 
2014-07-28T18:53:27.956+0000: 2241.643: [GC [PSYoungGen: 167072K->384K(163904K)] 367570K->200922K(850880K), 0.0053090 secs] [Times: user=0.03 sys=0.00, real=0.01 secs] 
2014-07-28T18:53:28.515+0000: 2242.202: [GC [PSYoungGen: 163904K->256K(160640K)] 364442K->200842K(847616K), 0.0078990 secs] [Times: user=0.05 sys=0.00, real=0.01 secs] 
2014-07-28T18:53:29.067+0000: 2242.754: [GC [PSYoungGen: 160640K->288K(157632K)] 361226K->200930K(844608K), 0.0051110 secs] [Times: user=0.03 sys=0.00, real=0.01 secs] 
2014-07-28T18:53:29.623+0000: 2243.310: [GC [PSYoungGen: 157600K->384K(154752K)] 358242K->201090K(841728K), 0.0040710 secs] [Times: user=0.02 sys=0.00, real=0.00 secs] 
2014-07-28T18:53:30.143+0000: 2243.830: [GC [PSYoungGen: 154721K->402K(151936K)] 355427K->201164K(838912K), 0.0044760 secs] [Times: user=0.02 sys=0.00, real=0.00 secs] 
2014-07-28T18:53:30.673+0000: 2244.359: [GC [PSYoungGen: 151890K->256K(148992K)] 352652K->201042K(835968K), 0.0034650 secs] [Times: user=0.01 sys=0.00, real=0.00 secs] 
2014-07-28T18:53:31.179+0000: 2244.866: [GC [PSYoungGen: 148992K->320K(146368K)] 349778K->201162K(833344K), 0.0039510 secs] [Times: user=0.02 sys=0.00, real=0.01 secs] 
2014-07-28T18:53:31.678+0000: 2245.365: [GC [PSYoungGen: 146368K->160K(143616K)] 347210K->201026K(830592K), 0.0065570 secs] [Times: user=0.04 sys=0.00, real=0.01 secs] 
2014-07-28T18:53:32.236+0000: 2245.923: [GC [PSYoungGen: 143584K->484K(141376K)] 344450K->201390K(828352K), 0.0068670 secs] [Times: user=0.02 sys=0.01, real=0.01 secs] 
2014-07-28T18:53:32.959+0000: 2246.646: [GC [PSYoungGen: 141348K->384K(169472K)] 342254K->201290K(856448K), 0.0082210 secs] [Times: user=0.05 sys=0.01, real=0.01 secs] 
2014-07-28T18:53:33.881+0000: 2247.568: [GC [PSYoungGen: 169472K->416K(166208K)] 370378K->201402K(853184K), 0.0023660 secs] [Times: user=0.01 sys=0.00, real=0.00 secs] 
2014-07-28T18:53:34.443+0000: 2248.130: [GC [PSYoungGen: 166176K->192K(162752K)] 367162K->201210K(849728K), 0.0056420 secs] [Times: user=0.03 sys=0.01, real=0.00 secs] 
2014-07-28T18:53:34.975+0000: 2248.662: [GC [PSYoungGen: 162731K->498K(159936K)] 363749K->201556K(846912K), 0.0048230 secs] [Times: user=0.03 sys=0.00, real=0.00 secs] 
2014-07-28T18:53:35.514+0000: 2249.201: [GC [PSYoungGen: 159922K->160K(156608K)] 360980K->201242K(843584K), 0.0064940 secs] [Times: user=0.04 sys=0.00, real=0.01 secs] 
2014-07-28T18:53:36.036+0000: 2249.722: [GC [PSYoungGen: 156576K->320K(153792K)] 357658K->201450K(840768K), 0.0025880 secs] [Times: user=0.02 sys=0.00, real=0.00 secs] 
2014-07-28T18:53:36.561+0000: 2250.248: [GC [PSYoungGen: 153792K->256K(150912K)] 354922K->201426K(837888K), 0.0032860 secs] [Times: user=0.02 sys=0.00, real=0.01 secs] 
2014-07-28T18:53:37.064+0000: 2250.751: [GC [PSYoungGen: 150912K->256K(148160K)] 352082K->201466K(835136K), 0.0043450 secs] [Times: user=0.03 sys=0.01, real=0.00 secs] 
2014-07-28T18:53:37.539+0000: 2251.226: [GC [PSYoungGen: 148160K->256K(145472K)] 349370K->201506K(832448K), 0.0053690 secs] [Times: user=0.03 sys=0.00, real=0.01 secs] 
2014-07-28T18:53:38.027+0000: 2251.713: [GC [PSYoungGen: 145472K->192K(142848K)] 346722K->201466K(829824K), 0.0061350 secs] [Times: user=0.04 sys=0.01, real=0.01 secs] 
2014-07-28T18:53:38.500+0000: 2252.187: [GC [PSYoungGen: 142848K->352K(140544K)] 344122K->201690K(827520K), 0.0045830 secs] [Times: user=0.03 sys=0.00, real=0.01 secs] 
2014-07-28T18:53:39.022+0000: 2252.709: [GC [PSYoungGen: 140512K->306K(138048K)] 341850K->201668K(825024K), 0.0044310 secs] [Times: user=0.02 sys=0.00, real=0.00 secs] 
2014-07-28T18:53:39.738+0000: 2253.425: [GC [PSYoungGen: 138034K->402K(135808K)] 339396K->201812K(822784K), 0.0062670 secs] [Times: user=0.03 sys=0.01, real=0.01 secs] 
2014-07-28T18:53:40.463+0000: 2254.149: [GC [PSYoungGen: 135762K->552K(133632K)] 337172K->202050K(820608K), 0.0063540 secs] [Times: user=0.10 sys=0.04, real=0.10 secs] 
2014-07-28T18:53:40.978+0000: 2254.665: [GC [PSYoungGen: 133608K->192K(159872K)] 335106K->201714K(846848K), 0.0076920 secs] [Times: user=0.04 sys=0.01, real=0.01 secs] 
2014-07-28T18:53:41.526+0000: 2255.213: [GC [PSYoungGen: 159872K->320K(191936K)] 361394K->201914K(878912K), 0.0052400 secs] [Times: user=0.04 sys=0.00, real=0.00 secs] 
2014-07-28T18:53:42.166+0000: 2255.852: [GC [PSYoungGen: 191936K->288K(230272K)] 393530K->201898K(917248K), 0.0068450 secs] [Times: user=0.04 sys=0.00, real=0.01 secs] 
2014-07-28T18:53:42.928+0000: 2256.615: [GC [PSYoungGen: 230240K->384K(224960K)] 431850K->202058K(911936K), 0.0059620 secs] [Times: user=0.04 sys=0.00, real=0.01 secs] 
2014-07-28T18:53:43.733+0000: 2257.420: [GC [PSYoungGen: 224960K->256K(219648K)] 426634K->201970K(906624K), 0.0078300 secs] [Times: user=0.05 sys=0.01, real=0.00 secs] 
2014-07-28T18:53:44.512+0000: 2258.199: [GC [PSYoungGen: 219648K->160K(214592K)] 421362K->201890K(901568K), 0.0044680 secs] [Times: user=0.02 sys=0.01, real=0.00 secs] 
2014-07-28T18:53:45.314+0000: 2259.001: [GC [PSYoungGen: 214560K->224K(209792K)] 416290K->201970K(896768K), 0.0093600 secs] [Times: user=0.05 sys=0.00, real=0.01 secs] 
2014-07-28T18:53:46.330+0000: 2260.017: [GC [PSYoungGen: 209760K->416K(205312K)] 411506K->202178K(892288K), 0.0072860 secs] [Times: user=0.02 sys=0.01, real=0.01 secs] 
2014-07-28T18:53:47.483+0000: 2261.170: [GC [PSYoungGen: 205280K->256K(200640K)] 407042K->202034K(887616K), 0.0118000 secs] [Times: user=0.32 sys=0.28, real=0.65 secs] 
2014-07-28T18:53:48.914+0000: 2262.601: [GC [PSYoungGen: 200640K->256K(196288K)] 402418K->202074K(883264K), 0.0042110 secs] [Times: user=0.02 sys=0.00, real=0.00 secs] 
2014-07-28T18:53:49.627+0000: 2263.314: [GC [PSYoungGen: 196288K->320K(192128K)] 398106K->202218K(879104K), 0.0032030 secs] [Times: user=0.01 sys=0.01, real=0.00 secs] 
2014-07-28T18:53:50.283+0000: 2263.970: [GC [PSYoungGen: 192128K->256K(188032K)] 394026K->202210K(875008K), 0.0032300 secs] [Times: user=0.02 sys=0.00, real=0.00 secs] 
2014-07-28T18:53:50.931+0000: 2264.618: [GC [PSYoungGen: 188032K->320K(184192K)] 389986K->202330K(871168K), 0.0075030 secs] [Times: user=0.04 sys=0.00, real=0.01 secs] 
2014-07-28T18:53:51.553+0000: 2265.240: [GC [PSYoungGen: 184192K->224K(180352K)] 386202K->202250K(867328K), 0.0051910 secs] [Times: user=0.03 sys=0.01, real=0.01 secs] 
2014-07-28T18:53:52.167+0000: 2265.854: [GC [PSYoungGen: 180320K->384K(176832K)] 382346K->202490K(863808K), 0.0037330 secs] [Times: user=0.02 sys=0.00, real=0.00 secs] 
2014-07-28T18:53:52.811+0000: 2266.497: [GC [PSYoungGen: 176803K->160K(173056K)] 378909K->202290K(860032K), 0.0039470 secs] [Times: user=0.02 sys=0.01, real=0.01 secs] 
2014-07-28T18:53:53.563+0000: 2267.250: [GC [PSYoungGen: 173024K->384K(169792K)] 375154K->202530K(856768K), 0.0104210 secs] [Times: user=0.06 sys=0.02, real=0.01 secs] 
2014-07-28T18:53:54.496+0000: 2268.183: [GC [PSYoungGen: 169792K->502K(166592K)] 371938K->202696K(853568K), 0.0055550 secs] [Times: user=0.34 sys=0.26, real=0.59 secs] 
2014-07-28T18:53:55.644+0000: 2269.331: [GC [PSYoungGen: 166582K->320K(163200K)] 368776K->202562K(850176K), 0.0042470 secs] [Times: user=0.02 sys=0.01, real=0.00 secs] 
2014-07-28T18:53:56.216+0000: 2269.903: [GC [PSYoungGen: 163200K->384K(160128K)] 365442K->202682K(847104K), 0.0069960 secs] [Times: user=0.04 sys=0.00, real=0.00 secs] 
2014-07-28T18:53:56.787+0000: 2270.474: [GC [PSYoungGen: 160128K->320K(157056K)] 362426K->202674K(844032K), 0.0049650 secs] [Times: user=0.03 sys=0.00, real=0.00 secs] 
2014-07-28T18:53:57.333+0000: 2271.020: [GC [PSYoungGen: 157056K->288K(154112K)] 359410K->202682K(841088K), 0.0067940 secs] [Times: user=0.04 sys=0.00, real=0.01 secs] 
2014-07-28T18:53:57.862+0000: 2271.549: [GC [PSYoungGen: 154080K->288K(184896K)] 356474K->202722K(871872K), 0.0065220 secs] [Times: user=0.04 sys=0.00, real=0.01 secs] 
2014-07-28T18:53:58.514+0000: 2272.201: [GC [PSYoungGen: 184862K->320K(221824K)] 387296K->202786K(908800K), 0.0070110 secs] [Times: user=0.04 sys=0.00, real=0.00 secs] 
2014-07-28T18:53:59.411+0000: 2273.098: [GC [PSYoungGen: 221824K->320K(216768K)] 424290K->202834K(903744K), 0.0055500 secs] [Times: user=0.03 sys=0.00, real=0.01 secs] 
2014-07-28T18:54:00.541+0000: 2274.228: [GC [PSYoungGen: 216768K->224K(211776K)] 419282K->202762K(898752K), 0.0048110 secs] [Times: user=0.01 sys=0.00, real=0.01 secs] 
2014-07-28T18:54:01.676+0000: 2275.363: [GC [PSYoungGen: 211744K->512K(207296K)] 414282K->203090K(894272K), 0.0113310 secs] [Times: user=0.07 sys=0.00, real=0.01 secs] 
2014-07-28T18:54:02.545+0000: 2276.232: [GC [PSYoungGen: 207296K->352K(202624K)] 409874K->202978K(889600K), 0.0105950 secs] [Times: user=0.07 sys=0.00, real=0.02 secs] 
2014-07-28T18:54:03.268+0000: 2276.954: [GC [PSYoungGen: 202592K->224K(198080K)] 405218K->202890K(885056K), 0.0023390 secs] [Times: user=0.02 sys=0.00, real=0.00 secs] 
2014-07-28T18:54:03.949+0000: 2277.636: [GC [PSYoungGen: 198048K->352K(193920K)] 400714K->203098K(880896K), 0.0057000 secs] [Times: user=0.03 sys=0.00, real=0.01 secs] 
2014-07-28T18:54:04.624+0000: 2278.311: [GC [PSYoungGen: 193888K->466K(189952K)] 396634K->203244K(876928K), 0.0043880 secs] [Times: user=0.03 sys=0.00, real=0.01 secs] 
2014-07-28T18:54:05.334+0000: 2279.021: [GC [PSYoungGen: 189863K->256K(185728K)] 392641K->203050K(872704K), 0.0072230 secs] [Times: user=0.02 sys=0.00, real=0.01 secs] 
2014-07-28T18:54:06.043+0000: 2279.730: [GC [PSYoungGen: 185728K->224K(181888K)] 388522K->203042K(868864K), 0.0061940 secs] [Times: user=0.04 sys=0.00, real=0.01 secs] 
2014-07-28T18:54:06.686+0000: 2280.373: [GC [PSYoungGen: 181856K->160K(178112K)] 384674K->203002K(865088K), 0.0032170 secs] [Times: user=0.01 sys=0.00, real=0.00 secs] 
2014-07-28T18:54:07.448+0000: 2281.135: [GC [PSYoungGen: 178080K->576K(174912K)] 380922K->203498K(861888K), 0.0037930 secs] [Times: user=0.71 sys=0.51, real=1.21 secs] 
2014-07-28T18:54:09.082+0000: 2282.769: [GC [PSYoungGen: 174912K->256K(171136K)] 377834K->203218K(858112K), 0.0040480 secs] [Times: user=0.02 sys=0.01, real=0.01 secs] 
2014-07-28T18:54:09.657+0000: 2283.344: [GC [PSYoungGen: 171136K->256K(167744K)] 374098K->203258K(854720K), 0.0023490 secs] [Times: user=0.01 sys=0.00, real=0.00 secs] 
2014-07-28T18:54:10.235+0000: 2283.922: [GC [PSYoungGen: 167744K->192K(164416K)] 370746K->203202K(851392K), 0.0091330 secs] [Times: user=0.06 sys=0.00, real=0.01 secs] 
2014-07-28T18:54:10.811+0000: 2284.498: [GC [PSYoungGen: 164416K->402K(161536K)] 367426K->203460K(848512K), 0.0043910 secs] [Times: user=0.03 sys=0.00, real=0.00 secs] 
2014-07-28T18:54:11.364+0000: 2285.051: [GC [PSYoungGen: 161447K->192K(158208K)] 364505K->203274K(845184K), 0.0031080 secs] [Times: user=0.01 sys=0.01, real=0.01 secs] 
2014-07-28T18:54:11.889+0000: 2285.576: [GC [PSYoungGen: 158208K->288K(155392K)] 361290K->203394K(842368K), 0.0045750 secs] [Times: user=0.01 sys=0.00, real=0.00 secs] 
2014-07-28T18:54:12.421+0000: 2286.107: [GC [PSYoungGen: 155360K->288K(152512K)] 358466K->203450K(839488K), 0.0025030 secs] [Times: user=0.01 sys=0.01, real=0.00 secs] 
2014-07-28T18:54:12.933+0000: 2286.620: [GC [PSYoungGen: 152480K->256K(149632K)] 355642K->203458K(836608K), 0.0044890 secs] [Times: user=0.02 sys=0.01, real=0.01 secs] 
2014-07-28T18:54:13.454+0000: 2287.141: [GC [PSYoungGen: 149632K->224K(146944K)] 352834K->203474K(833920K), 0.0037020 secs] [Times: user=0.02 sys=0.00, real=0.01 secs] 
2014-07-28T18:54:14.110+0000: 2287.796: [GC [PSYoungGen: 146912K->320K(144384K)] 350162K->203586K(831360K), 0.0047880 secs] [Times: user=0.02 sys=0.00, real=0.00 secs] 
2014-07-28T18:54:14.939+0000: 2288.626: [GC [PSYoungGen: 144384K->402K(141952K)] 347650K->203708K(828928K), 0.0105780 secs] [Times: user=0.06 sys=0.00, real=0.01 secs] 
2014-07-28T18:54:15.721+0000: 2289.408: [GC [PSYoungGen: 141906K->352K(139392K)] 345212K->203706K(826368K), 0.0066220 secs] [Times: user=0.04 sys=0.00, real=0.01 secs] 
2014-07-28T18:54:16.168+0000: 2289.855: [GC [PSYoungGen: 139360K->256K(167104K)] 342714K->203658K(854080K), 0.0093500 secs] [Times: user=0.06 sys=0.00, real=0.01 secs] 
2014-07-28T18:54:16.747+0000: 2290.434: [GC [PSYoungGen: 167104K->256K(200512K)] 370506K->203674K(887488K), 0.0045870 secs] [Times: user=0.03 sys=0.00, real=0.00 secs] 
2014-07-28T18:54:17.419+0000: 2291.106: [GC [PSYoungGen: 200506K->384K(196288K)] 403924K->203890K(883264K), 0.0029960 secs] [Times: user=0.02 sys=0.00, real=0.00 secs] 
2014-07-28T18:54:18.100+0000: 2291.786: [GC [PSYoungGen: 196288K->352K(192064K)] 399794K->203866K(879040K), 0.0042130 secs] [Times: user=0.02 sys=0.00, real=0.00 secs] 
2014-07-28T18:54:18.762+0000: 2292.449: [GC [PSYoungGen: 192032K->416K(188096K)] 395546K->204018K(875072K), 0.0039710 secs] [Times: user=0.02 sys=0.01, real=0.00 secs] 
2014-07-28T18:54:19.432+0000: 2293.119: [GC [PSYoungGen: 188064K->256K(184000K)] 391666K->203938K(870976K), 0.0056720 secs] [Times: user=0.03 sys=0.00, real=0.01 secs] 
2014-07-28T18:54:20.070+0000: 2293.756: [GC [PSYoungGen: 183964K->192K(180160K)] 387646K->203898K(867136K), 0.0045580 secs] [Times: user=0.03 sys=0.00, real=0.00 secs] 
2014-07-28T18:54:20.761+0000: 2294.448: [GC [PSYoungGen: 180160K->370K(176704K)] 383866K->204124K(863680K), 0.0059490 secs] [Times: user=0.04 sys=0.00, real=0.00 secs] 
2014-07-28T18:54:21.716+0000: 2295.403: [GC [PSYoungGen: 176690K->576K(173376K)] 380444K->204370K(860352K), 0.0057970 secs] [Times: user=0.02 sys=0.00, real=0.01 secs] 
2014-07-28T18:54:22.627+0000: 2296.313: [GC [PSYoungGen: 173376K->224K(169600K)] 377170K->204058K(856576K), 0.0042400 secs] [Times: user=0.03 sys=0.00, real=0.01 secs] 
2014-07-28T18:54:23.196+0000: 2296.883: [GC [PSYoungGen: 169568K->384K(203648K)] 373402K->204234K(890624K), 0.0117320 secs] [Times: user=0.07 sys=0.01, real=0.02 secs] 
2014-07-28T18:54:23.896+0000: 2297.583: [GC [PSYoungGen: 203648K->224K(244224K)] 407498K->204098K(931200K), 0.0088150 secs] [Times: user=0.05 sys=0.01, real=0.01 secs] 
2014-07-28T18:54:24.770+0000: 2298.457: [GC [PSYoungGen: 244192K->224K(238336K)] 448066K->204130K(925312K), 0.0031110 secs] [Times: user=0.01 sys=0.00, real=0.00 secs] 
2014-07-28T18:54:25.585+0000: 2299.272: [GC [PSYoungGen: 238304K->160K(246144K)] 442210K->204082K(933120K), 0.0127930 secs] [Times: user=0.06 sys=0.01, real=0.01 secs] 
2014-07-28T18:54:26.415+0000: 2300.101: [GC [PSYoungGen: 245728K->320K(239936K)] 449650K->204242K(926912K), 0.0032470 secs] [Times: user=0.02 sys=0.00, real=0.00 secs] 
2014-07-28T18:54:27.241+0000: 2300.928: [GC [PSYoungGen: 239936K->256K(234112K)] 443858K->204218K(921088K), 0.0078320 secs] [Times: user=0.05 sys=0.00, real=0.01 secs] 
2014-07-28T18:54:28.311+0000: 2301.997: [GC [PSYoungGen: 234112K->352K(228736K)] 438074K->204354K(915712K), 0.0090720 secs] [Times: user=0.05 sys=0.01, real=0.01 secs] 
2014-07-28T18:54:29.495+0000: 2303.182: [GC [PSYoungGen: 228704K->338K(223424K)] 432706K->204396K(910400K), 0.0077540 secs] [Times: user=0.04 sys=0.01, real=0.01 secs] 
2014-07-28T18:54:30.255+0000: 2303.942: [GC [PSYoungGen: 223378K->288K(218240K)] 427436K->204410K(905216K), 0.0066000 secs] [Times: user=0.04 sys=0.00, real=0.01 secs] 
2014-07-28T18:54:30.997+0000: 2304.684: [GC [PSYoungGen: 218208K->416K(213376K)] 422330K->204570K(900352K), 0.0096410 secs] [Times: user=0.05 sys=0.00, real=0.01 secs] 
2014-07-28T18:54:31.714+0000: 2305.400: [GC [PSYoungGen: 213344K->192K(208320K)] 417498K->204378K(895296K), 0.0031840 secs] [Times: user=0.02 sys=0.00, real=0.00 secs] 
2014-07-28T18:54:32.425+0000: 2306.112: [GC [PSYoungGen: 208320K->320K(203840K)] 412506K->204570K(890816K), 0.0046080 secs] [Times: user=0.03 sys=0.01, real=0.01 secs] 
2014-07-28T18:54:33.110+0000: 2306.796: [GC [PSYoungGen: 203796K->320K(199360K)] 408046K->204578K(886336K), 0.0046110 secs] [Times: user=0.03 sys=0.00, real=0.00 secs] 
2014-07-28T18:54:33.781+0000: 2307.468: [GC [PSYoungGen: 199360K->352K(195136K)] 403618K->204650K(882112K), 0.0052410 secs] [Times: user=0.03 sys=0.00, real=0.00 secs] 
2014-07-28T18:54:34.457+0000: 2308.144: [GC [PSYoungGen: 195104K->306K(190912K)] 399402K->204652K(877888K), 0.0051450 secs] [Times: user=0.02 sys=0.00, real=0.01 secs] 
2014-07-28T18:54:35.427+0000: 2309.114: [GC [PSYoungGen: 190898K->352K(186944K)] 395244K->204714K(873920K), 0.0049160 secs] [Times: user=0.03 sys=0.00, real=0.01 secs] 
2014-07-28T18:54:36.426+0000: 2310.113: [GC [PSYoungGen: 186912K->498K(183168K)] 391274K->204892K(870144K), 0.0069870 secs] [Times: user=0.03 sys=0.01, real=0.01 secs] 
2014-07-28T18:54:37.163+0000: 2310.849: [GC [PSYoungGen: 183112K->192K(179072K)] 387507K->204730K(866048K), 0.0033340 secs] [Times: user=0.02 sys=0.00, real=0.00 secs] 
2014-07-28T18:54:37.773+0000: 2311.459: [GC [PSYoungGen: 179059K->562K(175808K)] 383597K->205222K(862784K), 0.0115940 secs] [Times: user=0.06 sys=0.00, real=0.01 secs] 
2014-07-28T18:54:38.379+0000: 2312.066: [GC [PSYoungGen: 175794K->224K(171968K)] 380454K->204974K(858944K), 0.0045710 secs] [Times: user=0.02 sys=0.00, real=0.01 secs] 
2014-07-28T18:54:38.998+0000: 2312.684: [GC [PSYoungGen: 171936K->288K(206400K)] 376686K->205070K(893376K), 0.0086420 secs] [Times: user=0.05 sys=0.01, real=0.01 secs] 
2014-07-28T18:54:39.784+0000: 2313.470: [GC [PSYoungGen: 206368K->256K(242688K)] 411150K->205094K(929664K), 0.0080180 secs] [Times: user=0.05 sys=0.00, real=0.01 secs] 
2014-07-28T18:54:40.616+0000: 2314.303: [GC [PSYoungGen: 242368K->192K(236480K)] 447206K->205046K(923456K), 0.0042310 secs] [Times: user=0.02 sys=0.00, real=0.00 secs] 
2014-07-28T18:54:41.407+0000: 2315.094: [GC [PSYoungGen: 236480K->192K(230848K)] 441334K->205046K(917824K), 0.0039760 secs] [Times: user=0.01 sys=0.00, real=0.01 secs] 
2014-07-28T18:54:42.468+0000: 2316.155: [GC [PSYoungGen: 230848K->544K(225792K)] 435702K->205438K(912768K), 0.0081450 secs] [Times: user=0.04 sys=0.01, real=0.01 secs] 
2014-07-28T18:54:43.554+0000: 2317.240: [GC [PSYoungGen: 225760K->416K(220416K)] 430654K->205366K(907392K), 0.0047970 secs] [Times: user=0.02 sys=0.00, real=0.55 secs] 
2014-07-28T18:54:44.848+0000: 2318.535: [GC [PSYoungGen: 220384K->288K(215232K)] 425334K->205294K(902208K), 0.0038680 secs] [Times: user=0.02 sys=0.00, real=0.01 secs] 
2014-07-28T18:54:45.586+0000: 2319.273: [GC [PSYoungGen: 215200K->224K(210304K)] 420206K->205278K(897280K), 0.0024990 secs] [Times: user=0.01 sys=0.00, real=0.00 secs] 
2014-07-28T18:54:46.344+0000: 2320.031: [GC [PSYoungGen: 210272K->192K(205568K)] 415326K->205278K(892544K), 0.0036540 secs] [Times: user=0.01 sys=0.00, real=0.00 secs] 
2014-07-28T18:54:47.070+0000: 2320.757: [GC [PSYoungGen: 205533K->352K(201216K)] 410620K->205526K(888192K), 0.0051030 secs] [Times: user=0.03 sys=0.00, real=0.01 secs] 
2014-07-28T18:54:47.790+0000: 2321.477: [GC [PSYoungGen: 201184K->434K(196928K)] 406358K->205632K(883904K), 0.0045170 secs] [Times: user=0.03 sys=0.00, real=0.01 secs] 
2014-07-28T18:54:48.466+0000: 2322.153: [GC [PSYoungGen: 196914K->256K(192512K)] 402112K->205502K(879488K), 0.0043820 secs] [Times: user=0.03 sys=0.01, real=0.00 secs] 
2014-07-28T18:54:49.163+0000: 2322.849: [GC [PSYoungGen: 192512K->402K(188608K)] 397758K->205696K(875584K), 0.0051020 secs] [Times: user=0.03 sys=0.00, real=0.00 secs] 
2014-07-28T18:54:50.209+0000: 2323.896: [GC [PSYoungGen: 188562K->384K(184576K)] 393856K->205742K(871552K), 0.0058370 secs] [Times: user=0.03 sys=0.00, real=0.01 secs] 
2014-07-28T18:54:51.253+0000: 2324.940: [GC [PSYoungGen: 184527K->256K(180672K)] 389885K->205662K(867648K), 0.0051810 secs] [Times: user=0.03 sys=0.00, real=0.00 secs] 
2014-07-28T18:54:51.905+0000: 2325.592: [GC [PSYoungGen: 180672K->288K(177024K)] 386078K->205758K(864000K), 0.0036810 secs] [Times: user=0.02 sys=0.01, real=0.00 secs] 
2014-07-28T18:54:52.555+0000: 2326.242: [GC [PSYoungGen: 176992K->256K(173376K)] 382462K->205734K(860352K), 0.0040340 secs] [Times: user=0.03 sys=0.00, real=0.00 secs] 
2014-07-28T18:54:53.159+0000: 2326.846: [GC [PSYoungGen: 173371K->288K(169984K)] 378849K->205830K(856960K), 0.0062950 secs] [Times: user=0.04 sys=0.00, real=0.01 secs] 
2014-07-28T18:54:53.753+0000: 2327.440: [GC [PSYoungGen: 169952K->256K(166592K)] 375494K->205854K(853568K), 0.0040290 secs] [Times: user=0.03 sys=0.00, real=0.00 secs] 
2014-07-28T18:54:54.352+0000: 2328.039: [GC [PSYoungGen: 166592K->256K(163392K)] 372190K->205886K(850368K), 0.0046140 secs] [Times: user=0.04 sys=0.00, real=0.01 secs] 
2014-07-28T18:54:55.144+0000: 2328.831: [GC [PSYoungGen: 163392K->384K(160384K)] 369022K->206062K(847360K), 0.0055550 secs] [Times: user=0.03 sys=0.00, real=0.00 secs] 
2014-07-28T18:54:55.991+0000: 2329.678: [GC [PSYoungGen: 160384K->288K(157312K)] 366062K->205998K(844288K), 0.0036770 secs] [Times: user=0.01 sys=0.00, real=0.01 secs] 
2014-07-28T18:54:56.594+0000: 2330.281: [GC [PSYoungGen: 157280K->256K(154304K)] 362990K->205966K(841280K), 0.0030450 secs] [Times: user=0.01 sys=0.00, real=0.00 secs] 
2014-07-28T18:54:57.106+0000: 2330.793: [GC [PSYoungGen: 154304K->224K(151424K)] 360014K->205958K(838400K), 0.0056590 secs] [Times: user=0.01 sys=0.01, real=0.00 secs] 
2014-07-28T18:54:57.614+0000: 2331.301: [GC [PSYoungGen: 151392K->256K(148672K)] 357126K->206030K(835648K), 0.0053120 secs] [Times: user=0.03 sys=0.00, real=0.00 secs] 
2014-07-28T18:54:58.106+0000: 2331.793: [GC [PSYoungGen: 148672K->242K(145984K)] 354446K->206056K(832960K), 0.0058420 secs] [Times: user=0.03 sys=0.00, real=0.00 secs] 
2014-07-28T18:54:58.595+0000: 2332.282: [GC [PSYoungGen: 145970K->416K(143552K)] 351784K->206262K(830528K), 0.0041810 secs] [Times: user=0.02 sys=0.01, real=0.00 secs] 
2014-07-28T18:54:59.055+0000: 2332.742: [GC [PSYoungGen: 143520K->352K(140992K)] 349366K->206262K(827968K), 0.0045400 secs] [Times: user=0.03 sys=0.00, real=0.00 secs] 
2014-07-28T18:54:59.528+0000: 2333.215: [GC [PSYoungGen: 140960K->192K(168960K)] 346870K->206134K(855936K), 0.0113140 secs] [Times: user=0.07 sys=0.01, real=0.01 secs] 
2014-07-28T18:55:00.085+0000: 2333.772: [GC [PSYoungGen: 168960K->256K(202816K)] 374902K->206238K(889792K), 0.0062490 secs] [Times: user=0.03 sys=0.00, real=0.00 secs] 
2014-07-28T18:55:00.956+0000: 2334.643: [GC [PSYoungGen: 202816K->352K(236032K)] 408798K->206350K(923008K), 0.0031830 secs] [Times: user=0.01 sys=0.00, real=0.00 secs] 
2014-07-28T18:55:01.807+0000: 2335.494: [GC [PSYoungGen: 235872K->288K(230272K)] 441870K->206350K(917248K), 0.0034190 secs] [Times: user=0.02 sys=0.00, real=0.00 secs] 
2014-07-28T18:55:02.595+0000: 2336.282: [GC [PSYoungGen: 230240K->352K(224960K)] 436302K->206478K(911936K), 0.0032700 secs] [Times: user=0.01 sys=0.00, real=0.00 secs] 
2014-07-28T18:55:03.346+0000: 2337.033: [GC [PSYoungGen: 224880K->370K(219776K)] 431006K->206568K(906752K), 0.0021700 secs] [Times: user=0.01 sys=0.00, real=0.00 secs] 
2014-07-28T18:55:04.087+0000: 2337.773: [GC [PSYoungGen: 219762K->256K(214656K)] 425960K->206510K(901632K), 0.0025130 secs] [Times: user=0.01 sys=0.00, real=0.00 secs] 
2014-07-28T18:55:04.807+0000: 2338.493: [GC [PSYoungGen: 214656K->320K(209856K)] 420910K->206590K(896832K), 0.0080170 secs] [Times: user=0.04 sys=0.00, real=0.01 secs] 
2014-07-28T18:55:05.517+0000: 2339.204: [GC [PSYoungGen: 209856K->288K(205184K)] 416126K->206614K(892160K), 0.0040660 secs] [Times: user=0.02 sys=0.00, real=0.00 secs] 
2014-07-28T18:55:06.205+0000: 2339.892: [GC [PSYoungGen: 205152K->256K(200640K)] 411478K->206630K(887616K), 0.0025830 secs] [Times: user=0.02 sys=0.00, real=0.00 secs] 
2014-07-28T18:55:06.892+0000: 2340.579: [GC [PSYoungGen: 200640K->320K(196352K)] 407014K->206758K(883328K), 0.0046840 secs] [Times: user=0.02 sys=0.00, real=0.01 secs] 
2014-07-28T18:55:07.560+0000: 2341.246: [GC [PSYoungGen: 196352K->384K(192192K)] 402790K->206822K(879168K), 0.0050040 secs] [Times: user=0.02 sys=0.00, real=0.00 secs] 
2014-07-28T18:55:08.207+0000: 2341.893: [GC [PSYoungGen: 192192K->160K(187968K)] 398630K->206606K(874944K), 0.0074090 secs] [Times: user=0.01 sys=0.01, real=0.00 secs] 
2014-07-28T18:55:08.856+0000: 2342.543: [GC [PSYoungGen: 187936K->256K(184128K)] 394382K->206750K(871104K), 0.0065570 secs] [Times: user=0.04 sys=0.00, real=0.00 secs] 
2014-07-28T18:55:09.493+0000: 2343.180: [GC [PSYoungGen: 184084K->352K(180480K)] 390578K->206878K(867456K), 0.0038020 secs] [Times: user=0.02 sys=0.00, real=0.01 secs] 
2014-07-28T18:55:10.090+0000: 2343.777: [GC [PSYoungGen: 180448K->288K(176768K)] 386974K->206862K(863744K), 0.0044140 secs] [Times: user=0.02 sys=0.00, real=0.00 secs] 
2014-07-28T18:55:10.706+0000: 2344.393: [GC [PSYoungGen: 176736K->448K(173312K)] 383310K->207054K(860288K), 0.0044920 secs] [Times: user=0.02 sys=0.00, real=0.00 secs] 
2014-07-28T18:55:11.316+0000: 2345.003: [GC [PSYoungGen: 173312K->192K(169600K)] 379918K->206934K(856576K), 0.0047600 secs] [Times: user=0.04 sys=0.00, real=0.01 secs] 
2014-07-28T18:55:11.980+0000: 2345.667: [GC [PSYoungGen: 169600K->192K(166272K)] 376342K->206958K(853248K), 0.0032360 secs] [Times: user=0.01 sys=0.00, real=0.00 secs] 
2014-07-28T18:55:12.549+0000: 2346.236: [GC [PSYoungGen: 166272K->352K(163264K)] 373038K->207150K(850240K), 0.0039260 secs] [Times: user=0.02 sys=0.00, real=0.00 secs] 
2014-07-28T18:55:13.084+0000: 2346.771: [GC [PSYoungGen: 163232K->384K(160128K)] 370030K->207238K(847104K), 0.0051320 secs] [Times: user=0.03 sys=0.01, real=0.01 secs] 
2014-07-28T18:55:13.588+0000: 2347.275: [GC [PSYoungGen: 160091K->306K(157056K)] 366945K->207248K(844032K), 0.0054510 secs] [Times: user=0.03 sys=0.00, real=0.00 secs] 
2014-07-28T18:55:14.097+0000: 2347.784: [GC [PSYoungGen: 157042K->224K(154048K)] 363984K->207198K(841024K), 0.0036990 secs] [Times: user=0.01 sys=0.00, real=0.00 secs] 
2014-07-28T18:55:14.605+0000: 2348.292: [GC [PSYoungGen: 154003K->320K(151296K)] 360978K->207350K(838272K), 0.0047550 secs] [Times: user=0.03 sys=0.00, real=0.01 secs] 
2014-07-28T18:55:15.081+0000: 2348.768: [GC [PSYoungGen: 151296K->320K(148544K)] 358326K->207390K(835520K), 0.0031990 secs] [Times: user=0.01 sys=0.00, real=0.00 secs] 
2014-07-28T18:55:15.545+0000: 2349.232: [GC [PSYoungGen: 148544K->320K(145856K)] 355614K->207430K(832832K), 0.0036760 secs] [Times: user=0.02 sys=0.00, real=0.01 secs] 
2014-07-28T18:55:16.002+0000: 2349.689: [GC [PSYoungGen: 145856K->352K(143296K)] 352966K->207526K(830272K), 0.0033550 secs] [Times: user=0.01 sys=0.00, real=0.00 secs] 
2014-07-28T18:55:16.481+0000: 2350.168: [GC [PSYoungGen: 143264K->352K(171904K)] 350438K->207526K(858880K), 0.0090010 secs] [Times: user=0.04 sys=0.00, real=0.01 secs] 
2014-07-28T18:55:17.033+0000: 2350.720: [GC [PSYoungGen: 171872K->224K(168384K)] 379046K->207438K(855360K), 0.0035730 secs] [Times: user=0.01 sys=0.00, real=0.01 secs] 
2014-07-28T18:55:17.559+0000: 2351.246: [GC [PSYoungGen: 168352K->288K(165184K)] 375566K->207534K(852160K), 0.0041090 secs] [Times: user=0.02 sys=0.00, real=0.00 secs] 
2014-07-28T18:55:18.093+0000: 2351.780: [GC [PSYoungGen: 165152K->256K(161920K)] 372398K->207550K(848896K), 0.0024200 secs] [Times: user=0.01 sys=0.00, real=0.00 secs] 
2014-07-28T18:55:18.601+0000: 2352.288: [GC [PSYoungGen: 161920K->448K(159040K)] 369214K->207766K(846016K), 0.0066000 secs] [Times: user=0.04 sys=0.00, real=0.01 secs] 
2014-07-28T18:55:19.097+0000: 2352.784: [GC [PSYoungGen: 159040K->416K(190784K)] 366358K->207774K(877760K), 0.0085980 secs] [Times: user=0.02 sys=0.00, real=0.00 secs] 
2014-07-28T18:55:19.785+0000: 2353.472: [GC [PSYoungGen: 190752K->192K(186496K)] 398110K->207654K(873472K), 0.0032130 secs] [Times: user=0.02 sys=0.00, real=0.01 secs] 
2014-07-28T18:55:20.457+0000: 2354.143: [GC [PSYoungGen: 186495K->448K(182848K)] 393957K->207990K(869824K), 0.0066560 secs] [Times: user=0.04 sys=0.00, real=0.01 secs] 
2014-07-28T18:55:21.071+0000: 2354.758: [GC [PSYoungGen: 182848K->224K(219136K)] 390390K->207798K(906112K), 0.0108960 secs] [Times: user=0.06 sys=0.01, real=0.01 secs] 
2014-07-28T18:55:21.919+0000: 2355.606: [GC [PSYoungGen: 219104K->288K(214208K)] 426678K->207870K(901184K), 0.0046050 secs] [Times: user=0.03 sys=0.00, real=0.00 secs] 
2014-07-28T18:55:22.631+0000: 2356.318: [GC [PSYoungGen: 214176K->288K(209408K)] 421758K->207926K(896384K), 0.0036670 secs] [Times: user=0.02 sys=0.00, real=0.00 secs] 
2014-07-28T18:55:23.281+0000: 2356.968: [GC [PSYoungGen: 209376K->224K(204672K)] 417014K->207902K(891648K), 0.0048310 secs] [Times: user=0.02 sys=0.00, real=0.00 secs] 
2014-07-28T18:55:23.923+0000: 2357.610: [GC [PSYoungGen: 204640K->320K(200256K)] 412318K->208070K(887232K), 0.0038380 secs] [Times: user=0.02 sys=0.00, real=0.00 secs] 
2014-07-28T18:55:24.533+0000: 2358.220: [GC [PSYoungGen: 200256K->448K(196032K)] 408006K->208206K(883008K), 0.0057630 secs] [Times: user=0.03 sys=0.00, real=0.01 secs] 
2014-07-28T18:55:25.144+0000: 2358.831: [GC [PSYoungGen: 196014K->288K(191744K)] 403772K->208102K(878720K), 0.0045610 secs] [Times: user=0.03 sys=0.00, real=0.01 secs] 
2014-07-28T18:55:25.731+0000: 2359.418: [GC [PSYoungGen: 191712K->352K(187776K)] 399526K->208238K(874752K), 0.0036570 secs] [Times: user=0.02 sys=0.00, real=0.00 secs] 
2014-07-28T18:55:26.329+0000: 2360.016: [GC [PSYoungGen: 187744K->384K(183872K)] 395630K->208318K(870848K), 0.0074390 secs] [Times: user=0.03 sys=0.00, real=0.00 secs] 
2014-07-28T18:55:26.949+0000: 2360.636: [GC [PSYoungGen: 183872K->256K(179968K)] 391806K->208230K(866944K), 0.0026940 secs] [Times: user=0.02 sys=0.00, real=0.00 secs] 
2014-07-28T18:55:27.510+0000: 2361.197: [GC [PSYoungGen: 179968K->416K(176512K)] 387942K->208398K(863488K), 0.0041890 secs] [Times: user=0.02 sys=0.00, real=0.00 secs] 
2014-07-28T18:55:28.059+0000: 2361.746: [GC [PSYoungGen: 176480K->288K(172864K)] 384462K->208334K(859840K), 0.0043660 secs] [Times: user=0.02 sys=0.00, real=0.00 secs] 
2014-07-28T18:55:28.619+0000: 2362.306: [GC [PSYoungGen: 172832K->224K(169344K)] 380878K->208302K(856320K), 0.0023180 secs] [Times: user=0.01 sys=0.00, real=0.00 secs] 
2014-07-28T18:55:29.152+0000: 2362.839: [GC [PSYoungGen: 169312K->416K(166208K)] 377390K->208558K(853184K), 0.0053090 secs] [Times: user=0.03 sys=0.00, real=0.00 secs] 
2014-07-28T18:55:29.679+0000: 2363.366: [GC [PSYoungGen: 166176K->288K(162880K)] 374318K->208486K(849856K), 0.0026750 secs] [Times: user=0.02 sys=0.00, real=0.00 secs] 
2014-07-28T18:55:30.173+0000: 2363.860: [GC [PSYoungGen: 162848K->160K(195264K)] 371046K->208366K(882240K), 0.0106420 secs] [Times: user=0.06 sys=0.00, real=0.01 secs] 
2014-07-28T18:55:30.797+0000: 2364.484: [GC [PSYoungGen: 195232K->160K(234368K)] 403438K->208382K(921344K), 0.0099760 secs] [Times: user=0.05 sys=0.00, real=0.01 secs] 
2014-07-28T18:55:31.595+0000: 2365.282: [GC [PSYoungGen: 234272K->256K(228800K)] 442494K->208478K(915776K), 0.0032710 secs] [Times: user=0.02 sys=0.00, real=0.01 secs] 
2014-07-28T18:55:32.304+0000: 2365.991: [GC [PSYoungGen: 228800K->256K(223488K)] 437022K->208526K(910464K), 0.0066460 secs] [Times: user=0.04 sys=0.00, real=0.01 secs] 
2014-07-28T18:55:32.988+0000: 2366.675: [GC [PSYoungGen: 223488K->192K(218304K)] 431758K->208494K(905280K), 0.0037080 secs] [Times: user=0.01 sys=0.00, real=0.00 secs] 
2014-07-28T18:55:33.659+0000: 2367.346: [GC [PSYoungGen: 218304K->256K(213376K)] 426606K->208574K(900352K), 0.0053810 secs] [Times: user=0.04 sys=0.00, real=0.00 secs] 
2014-07-28T18:55:34.333+0000: 2368.020: [GC [PSYoungGen: 213376K->256K(208576K)] 421694K->208614K(895552K), 0.0054970 secs] [Times: user=0.02 sys=0.00, real=0.00 secs] 
2014-07-28T18:55:34.980+0000: 2368.667: [GC [PSYoungGen: 208576K->416K(204160K)] 416934K->208862K(891136K), 0.0085820 secs] [Times: user=0.05 sys=0.00, real=0.00 secs] 
2014-07-28T18:55:35.615+0000: 2369.301: [GC [PSYoungGen: 204128K->352K(199616K)] 412574K->208814K(886592K), 0.0037210 secs] [Times: user=0.03 sys=0.00, real=0.00 secs] 
2014-07-28T18:55:36.233+0000: 2369.920: [GC [PSYoungGen: 199572K->256K(195200K)] 408034K->208798K(882176K), 0.0030290 secs] [Times: user=0.01 sys=0.01, real=0.00 secs] 
2014-07-28T18:55:36.857+0000: 2370.544: [GC [PSYoungGen: 195200K->256K(191040K)] 403742K->208854K(878016K), 0.0037460 secs] [Times: user=0.02 sys=0.00, real=0.01 secs] 
2014-07-28T18:55:37.439+0000: 2371.126: [GC [PSYoungGen: 191040K->352K(187136K)] 399638K->208950K(874112K), 0.0036090 secs] [Times: user=0.01 sys=0.00, real=0.00 secs] 
2014-07-28T18:55:38.038+0000: 2371.725: [GC [PSYoungGen: 187104K->480K(183360K)] 395702K->209190K(870336K), 0.0035600 secs] [Times: user=0.02 sys=0.00, real=0.01 secs] 
2014-07-28T18:55:38.628+0000: 2372.315: [GC [PSYoungGen: 183328K->178K(179264K)] 392038K->209104K(866240K), 0.0041490 secs] [Times: user=0.02 sys=0.00, real=0.01 secs] 
2014-07-28T18:55:39.190+0000: 2372.877: [GC [PSYoungGen: 179250K->534K(176000K)] 388176K->209524K(862976K), 0.0041280 secs] [Times: user=0.03 sys=0.01, real=0.00 secs] 
2014-07-28T18:55:39.743+0000: 2373.430: [GC [PSYoungGen: 175958K->256K(172160K)] 384948K->209468K(859136K), 0.0028310 secs] [Times: user=0.01 sys=0.00, real=0.00 secs] 
2014-07-28T18:55:40.293+0000: 2373.980: [GC [PSYoungGen: 172160K->256K(168768K)] 381372K->209500K(855744K), 0.0073400 secs] [Times: user=0.05 sys=0.00, real=0.01 secs] 
2014-07-28T18:55:40.831+0000: 2374.518: [GC [PSYoungGen: 168768K->384K(165568K)] 378012K->209708K(852544K), 0.0062420 secs] [Times: user=0.04 sys=0.00, real=0.00 secs] 
2014-07-28T18:55:41.364+0000: 2375.051: [GC [PSYoungGen: 165568K->224K(162240K)] 374892K->209588K(849216K), 0.0042540 secs] [Times: user=0.03 sys=0.01, real=0.00 secs] 
2014-07-28T18:55:41.882+0000: 2375.569: [GC [PSYoungGen: 162208K->416K(159360K)] 371572K->209828K(846336K), 0.0043030 secs] [Times: user=0.02 sys=0.00, real=0.00 secs] 
2014-07-28T18:55:42.385+0000: 2376.072: [GC [PSYoungGen: 159313K->384K(156288K)] 368726K->209820K(843264K), 0.0049890 secs] [Times: user=0.03 sys=0.00, real=0.01 secs] 
2014-07-28T18:55:42.891+0000: 2376.577: [GC [PSYoungGen: 156288K->352K(153408K)] 365724K->209852K(840384K), 0.0031940 secs] [Times: user=0.01 sys=0.00, real=0.00 secs] 
2014-07-28T18:55:43.370+0000: 2377.057: [GC [PSYoungGen: 153376K->448K(150656K)] 362876K->209948K(837632K), 0.0068530 secs] [Times: user=0.03 sys=0.00, real=0.01 secs] 
2014-07-28T18:55:43.841+0000: 2377.528: [GC [PSYoungGen: 150656K->384K(180672K)] 360156K->209956K(867648K), 0.0097380 secs] [Times: user=0.07 sys=0.00, real=0.01 secs] 
2014-07-28T18:55:44.398+0000: 2378.085: [GC [PSYoungGen: 180672K->160K(216576K)] 390244K->209740K(903552K), 0.0045490 secs] [Times: user=0.01 sys=0.01, real=0.01 secs] 
2014-07-28T18:55:45.087+0000: 2378.774: [GC [PSYoungGen: 216544K->352K(211840K)] 426124K->209996K(898816K), 0.0038370 secs] [Times: user=0.02 sys=0.00, real=0.01 secs] 
2014-07-28T18:55:45.734+0000: 2379.421: [GC [PSYoungGen: 211808K->338K(207104K)] 421452K->210006K(894080K), 0.0057110 secs] [Times: user=0.03 sys=0.00, real=0.01 secs] 
2014-07-28T18:55:46.371+0000: 2380.058: [GC [PSYoungGen: 207058K->416K(202624K)] 416726K->210140K(889600K), 0.0040540 secs] [Times: user=0.02 sys=0.00, real=0.00 secs] 
2014-07-28T18:55:47.021+0000: 2380.708: [GC [PSYoungGen: 202592K->320K(198080K)] 412316K->210124K(885056K), 0.0028900 secs] [Times: user=0.01 sys=0.00, real=0.00 secs] 
2014-07-28T18:55:47.623+0000: 2381.310: [GC [PSYoungGen: 198080K->288K(193792K)] 407884K->210116K(880768K), 0.0091170 secs] [Times: user=0.05 sys=0.00, real=0.01 secs] 
2014-07-28T18:55:48.240+0000: 2381.927: [GC [PSYoungGen: 193760K->352K(189760K)] 403588K->210244K(876736K), 0.0050080 secs] [Times: user=0.03 sys=0.01, real=0.01 secs] 
2014-07-28T18:55:48.825+0000: 2382.512: [GC [PSYoungGen: 189728K->320K(185728K)] 399620K->210292K(872704K), 0.0035590 secs] [Times: user=0.01 sys=0.01, real=0.00 secs] 
2014-07-28T18:55:49.406+0000: 2383.093: [GC [PSYoungGen: 185700K->256K(181824K)] 395673K->210236K(868800K), 0.0070020 secs] [Times: user=0.04 sys=0.00, real=0.01 secs] 
2014-07-28T18:55:49.969+0000: 2383.656: [GC [PSYoungGen: 181824K->192K(218112K)] 391804K->210204K(905088K), 0.0082140 secs] [Times: user=0.05 sys=0.00, real=0.01 secs] 
2014-07-28T18:55:50.674+0000: 2384.361: [GC [PSYoungGen: 218112K->384K(228160K)] 428124K->210420K(915136K), 0.0073080 secs] [Times: user=0.04 sys=0.00, real=0.01 secs] 
2014-07-28T18:55:51.534+0000: 2385.221: [GC [PSYoungGen: 228032K->256K(222592K)] 438068K->210348K(909568K), 0.0041880 secs] [Times: user=0.02 sys=0.01, real=0.00 secs] 
2014-07-28T18:55:52.304+0000: 2385.991: [GC [PSYoungGen: 222592K->352K(217600K)] 432684K->210524K(904576K), 0.0043880 secs] [Times: user=0.02 sys=0.00, real=0.00 secs] 
2014-07-28T18:55:53.014+0000: 2386.701: [GC [PSYoungGen: 217568K->384K(212672K)] 427740K->210628K(899648K), 0.0035450 secs] [Times: user=0.02 sys=0.00, real=0.00 secs] 
2014-07-28T18:55:53.677+0000: 2387.364: [GC [PSYoungGen: 212672K->288K(207872K)] 422916K->210564K(894848K), 0.0028900 secs] [Times: user=0.01 sys=0.00, real=0.00 secs] 
2014-07-28T18:55:54.349+0000: 2388.036: [GC [PSYoungGen: 207840K->384K(203328K)] 418116K->210772K(890304K), 0.0039150 secs] [Times: user=0.02 sys=0.00, real=0.01 secs] 
2014-07-28T18:55:54.987+0000: 2388.673: [GC [PSYoungGen: 203328K->192K(198720K)] 413716K->210628K(885696K), 0.0038060 secs] [Times: user=0.02 sys=0.00, real=0.00 secs] 
2014-07-28T18:55:55.638+0000: 2389.324: [GC [PSYoungGen: 198720K->288K(194560K)] 409156K->210732K(881536K), 0.0032870 secs] [Times: user=0.02 sys=0.00, real=0.00 secs] 
2014-07-28T18:55:56.255+0000: 2389.942: [GC [PSYoungGen: 194528K->320K(190400K)] 404972K->210804K(877376K), 0.0041790 secs] [Times: user=0.01 sys=0.00, real=0.00 secs] 
2014-07-28T18:55:56.895+0000: 2390.582: [GC [PSYoungGen: 190400K->448K(186496K)] 400884K->211004K(873472K), 0.0080950 secs] [Times: user=0.05 sys=0.01, real=0.01 secs] 
2014-07-28T18:55:57.482+0000: 2391.168: [GC [PSYoungGen: 186496K->192K(223488K)] 397052K->210764K(910464K), 0.0113540 secs] [Times: user=0.06 sys=0.01, real=0.02 secs] 
2014-07-28T18:55:58.195+0000: 2391.882: [GC [PSYoungGen: 223488K->288K(218496K)] 434060K->210932K(905472K), 0.0032280 secs] [Times: user=0.02 sys=0.00, real=0.00 secs] 
2014-07-28T18:55:58.852+0000: 2392.539: [GC [PSYoungGen: 218464K->256K(213440K)] 429108K->210948K(900416K), 0.0042570 secs] [Times: user=0.02 sys=0.00, real=0.00 secs] 
2014-07-28T18:55:59.524+0000: 2393.211: [GC [PSYoungGen: 213440K->384K(208768K)] 424132K->211092K(895744K), 0.0076790 secs] [Times: user=0.05 sys=0.00, real=0.00 secs] 
2014-07-28T18:56:00.165+0000: 2393.852: [GC [PSYoungGen: 208721K->384K(250496K)] 419429K->211156K(937472K), 0.0160460 secs] [Times: user=0.09 sys=0.00, real=0.01 secs] 
2014-07-28T18:56:00.979+0000: 2394.666: [GC [PSYoungGen: 250496K->224K(258880K)] 461268K->211020K(945856K), 0.0070410 secs] [Times: user=0.04 sys=0.00, real=0.01 secs] 
2014-07-28T18:56:01.774+0000: 2395.460: [GC [PSYoungGen: 258656K->548K(259008K)] 469452K->211384K(945984K), 0.0081000 secs] [Times: user=0.05 sys=0.00, real=0.02 secs] 
2014-07-28T18:56:02.663+0000: 2396.350: [GC [PSYoungGen: 258980K->352K(310784K)] 469816K->211276K(997760K), 0.0058520 secs] [Times: user=0.04 sys=0.01, real=0.01 secs] 
2014-07-28T18:56:03.728+0000: 2397.415: [GC [PSYoungGen: 310496K->320K(302016K)] 521420K->211300K(988992K), 0.0049350 secs] [Times: user=0.03 sys=0.01, real=0.00 secs] 
2014-07-28T18:56:04.707+0000: 2398.394: [GC [PSYoungGen: 302016K->256K(293824K)] 512996K->211300K(980800K), 0.0031340 secs] [Times: user=0.01 sys=0.00, real=0.00 secs] 
2014-07-28T18:56:05.657+0000: 2399.344: [GC [PSYoungGen: 293824K->224K(286016K)] 504868K->211316K(972992K), 0.0034730 secs] [Times: user=0.01 sys=0.00, real=0.00 secs] 
2014-07-28T18:56:06.572+0000: 2400.259: [GC [PSYoungGen: 285984K->288K(278592K)] 497076K->211436K(965568K), 0.0040880 secs] [Times: user=0.02 sys=0.00, real=0.01 secs] 
2014-07-28T18:56:07.551+0000: 2401.238: [GC [PSYoungGen: 278555K->288K(271424K)] 489703K->211484K(958400K), 0.0043520 secs] [Times: user=0.02 sys=0.00, real=0.01 secs] 
2014-07-28T18:56:08.422+0000: 2402.109: [GC [PSYoungGen: 271392K->224K(264448K)] 482588K->211460K(951424K), 0.0046210 secs] [Times: user=0.03 sys=0.00, real=0.01 secs] 
2014-07-28T18:56:09.287+0000: 2402.974: [GC [PSYoungGen: 264416K->192K(257728K)] 475652K->211444K(944704K), 0.0051990 secs] [Times: user=0.01 sys=0.00, real=0.00 secs] 
2014-07-28T18:56:10.136+0000: 2403.822: [GC [PSYoungGen: 257728K->352K(251520K)] 468980K->211684K(938496K), 0.0053320 secs] [Times: user=0.04 sys=0.01, real=0.00 secs] 
2014-07-28T18:56:10.944+0000: 2404.631: [GC [PSYoungGen: 251488K->256K(245248K)] 462820K->211636K(932224K), 0.0071630 secs] [Times: user=0.04 sys=0.00, real=0.00 secs] 
2014-07-28T18:56:11.757+0000: 2405.443: [GC [PSYoungGen: 245248K->352K(239424K)] 456628K->211772K(926400K), 0.0041780 secs] [Times: user=0.03 sys=0.01, real=0.00 secs] 
2014-07-28T18:56:12.547+0000: 2406.234: [GC [PSYoungGen: 239372K->352K(233728K)] 450792K->211836K(920704K), 0.0034180 secs] [Times: user=0.01 sys=0.00, real=0.00 secs] 
2014-07-28T18:56:13.292+0000: 2406.979: [GC [PSYoungGen: 233696K->306K(228160K)] 445180K->211926K(915136K), 0.0056010 secs] [Times: user=0.04 sys=0.00, real=0.01 secs] 
2014-07-28T18:56:14.012+0000: 2407.699: [GC [PSYoungGen: 228146K->160K(222720K)] 439766K->211804K(909696K), 0.0038560 secs] [Times: user=0.01 sys=0.00, real=0.01 secs] 
2014-07-28T18:56:14.706+0000: 2408.393: [GC [PSYoungGen: 222688K->448K(217856K)] 434332K->212116K(904832K), 0.0084270 secs] [Times: user=0.05 sys=0.00, real=0.00 secs] 
2014-07-28T18:56:15.399+0000: 2409.086: [GC [PSYoungGen: 217856K->288K(212800K)] 429524K->212004K(899776K), 0.0044410 secs] [Times: user=0.03 sys=0.00, real=0.00 secs] 
2014-07-28T18:56:16.107+0000: 2409.794: [GC [PSYoungGen: 212768K->288K(208000K)] 424484K->212052K(894976K), 0.0039060 secs] [Times: user=0.02 sys=0.00, real=0.00 secs] 
2014-07-28T18:56:16.758+0000: 2410.445: [GC [PSYoungGen: 207968K->320K(203392K)] 419732K->212100K(890368K), 0.0034160 secs] [Times: user=0.02 sys=0.00, real=0.00 secs] 
2014-07-28T18:56:17.435+0000: 2411.121: [GC [PSYoungGen: 203392K->288K(198976K)] 415172K->212124K(885952K), 0.0026720 secs] [Times: user=0.02 sys=0.01, real=0.01 secs] 
2014-07-28T18:56:18.074+0000: 2411.761: [GC [PSYoungGen: 198944K->256K(194624K)] 410780K->212140K(881600K), 0.0050040 secs] [Times: user=0.02 sys=0.00, real=0.01 secs] 
2014-07-28T18:56:18.709+0000: 2412.396: [GC [PSYoungGen: 194624K->416K(190656K)] 406508K->212332K(877632K), 0.0027410 secs] [Times: user=0.02 sys=0.00, real=0.00 secs] 
2014-07-28T18:56:19.335+0000: 2413.021: [GC [PSYoungGen: 190624K->320K(186496K)] 402540K->212276K(873472K), 0.0033690 secs] [Times: user=0.01 sys=0.00, real=0.01 secs] 
2014-07-28T18:56:19.943+0000: 2413.630: [GC [PSYoungGen: 186496K->288K(182592K)] 398452K->212300K(869568K), 0.0058640 secs] [Times: user=0.03 sys=0.00, real=0.01 secs] 
2014-07-28T18:56:20.548+0000: 2414.235: [GC [PSYoungGen: 182560K->306K(178880K)] 394572K->212326K(865856K), 0.0037070 secs] [Times: user=0.03 sys=0.00, real=0.00 secs] 
2014-07-28T18:56:21.132+0000: 2414.819: [GC [PSYoungGen: 178866K->224K(175168K)] 390886K->212292K(862144K), 0.0065440 secs] [Times: user=0.04 sys=0.00, real=0.01 secs] 
2014-07-28T18:56:21.732+0000: 2415.418: [GC [PSYoungGen: 175136K->512K(171904K)] 387204K->212652K(858880K), 0.0049300 secs] [Times: user=0.03 sys=0.00, real=0.01 secs] 
2014-07-28T18:56:22.305+0000: 2415.992: [GC [PSYoungGen: 171904K->320K(168320K)] 384044K->212508K(855296K), 0.0086160 secs] [Times: user=0.05 sys=0.00, real=0.01 secs] 
2014-07-28T18:56:22.865+0000: 2416.552: [GC [PSYoungGen: 168311K->288K(165056K)] 380499K->212548K(852032K), 0.0060270 secs] [Times: user=0.04 sys=0.00, real=0.01 secs] 
2014-07-28T18:56:23.418+0000: 2417.105: [GC [PSYoungGen: 165024K->448K(161984K)] 377284K->212732K(848960K), 0.0042850 secs] [Times: user=0.03 sys=0.00, real=0.00 secs] 
2014-07-28T18:56:23.913+0000: 2417.600: [GC [PSYoungGen: 161984K->224K(158720K)] 374268K->212524K(845696K), 0.0050280 secs] [Times: user=0.01 sys=0.00, real=0.01 secs] 
2014-07-28T18:56:24.436+0000: 2418.123: [GC [PSYoungGen: 158688K->256K(155712K)] 370988K->212564K(842688K), 0.0024840 secs] [Times: user=0.01 sys=0.00, real=0.01 secs] 
2014-07-28T18:56:24.935+0000: 2418.622: [GC [PSYoungGen: 155712K->320K(152896K)] 368020K->212692K(839872K), 0.0038960 secs] [Times: user=0.03 sys=0.00, real=0.01 secs] 
2014-07-28T18:56:25.469+0000: 2419.156: [GC [PSYoungGen: 152896K->192K(183296K)] 365268K->212580K(870272K), 0.0090510 secs] [Times: user=0.04 sys=0.00, real=0.01 secs] 
2014-07-28T18:56:26.071+0000: 2419.758: [GC [PSYoungGen: 183296K->480K(179840K)] 395684K->212940K(866816K), 0.0041890 secs] [Times: user=0.02 sys=0.00, real=0.00 secs] 
2014-07-28T18:56:26.674+0000: 2420.361: [GC [PSYoungGen: 179808K->352K(176064K)] 392268K->212844K(863040K), 0.0034930 secs] [Times: user=0.02 sys=0.00, real=0.01 secs] 
2014-07-28T18:56:27.235+0000: 2420.922: [GC [PSYoungGen: 176032K->224K(172416K)] 388524K->212764K(859392K), 0.0061650 secs] [Times: user=0.02 sys=0.00, real=0.01 secs] 
2014-07-28T18:56:27.791+0000: 2421.478: [GC [PSYoungGen: 172384K->416K(169216K)] 384924K->213036K(856192K), 0.0037960 secs] [Times: user=0.03 sys=0.00, real=0.00 secs] 
2014-07-28T18:56:28.332+0000: 2422.018: [GC [PSYoungGen: 169184K->224K(165696K)] 381804K->212884K(852672K), 0.0069320 secs] [Times: user=0.05 sys=0.00, real=0.01 secs] 
2014-07-28T18:56:28.866+0000: 2422.553: [GC [PSYoungGen: 165647K->498K(162752K)] 378308K->213230K(849728K), 0.0039650 secs] [Times: user=0.03 sys=0.00, real=0.01 secs] 
2014-07-28T18:56:29.387+0000: 2423.074: [GC [PSYoungGen: 162737K->416K(159616K)] 375469K->213156K(846592K), 0.0039610 secs] [Times: user=0.02 sys=0.00, real=0.00 secs] 
2014-07-28T18:56:29.922+0000: 2423.608: [GC [PSYoungGen: 159539K->370K(191424K)] 372279K->213174K(878400K), 0.0146570 secs] [Times: user=0.09 sys=0.00, real=0.01 secs] 
2014-07-28T18:56:30.553+0000: 2424.239: [GC [PSYoungGen: 191410K->512K(229760K)] 404214K->213340K(916736K), 0.0026600 secs] [Times: user=0.01 sys=0.00, real=0.00 secs] 
2014-07-28T18:56:31.329+0000: 2425.016: [GC [PSYoungGen: 229760K->320K(224192K)] 442588K->213220K(911168K), 0.0043790 secs] [Times: user=0.02 sys=0.00, real=0.00 secs] 
2014-07-28T18:56:32.101+0000: 2425.788: [GC [PSYoungGen: 224192K->320K(219008K)] 437092K->213284K(905984K), 0.0026860 secs] [Times: user=0.01 sys=0.01, real=0.00 secs] 
2014-07-28T18:56:32.836+0000: 2426.523: [GC [PSYoungGen: 219008K->256K(213952K)] 431972K->213228K(900928K), 0.0063290 secs] [Times: user=0.04 sys=0.00, real=0.01 secs] 
2014-07-28T18:56:33.551+0000: 2427.237: [GC [PSYoungGen: 213952K->416K(209344K)] 426924K->213484K(896320K), 0.0036980 secs] [Times: user=0.02 sys=0.01, real=0.00 secs] 
2014-07-28T18:56:34.225+0000: 2427.912: [GC [PSYoungGen: 209312K->448K(204672K)] 422380K->213604K(891648K), 0.0037800 secs] [Times: user=0.02 sys=0.00, real=0.01 secs] 
2014-07-28T18:56:34.893+0000: 2428.580: [GC [PSYoungGen: 204672K->192K(199936K)] 417828K->213372K(886912K), 0.0092830 secs] [Times: user=0.05 sys=0.00, real=0.01 secs] 
2014-07-28T18:56:35.552+0000: 2429.239: [GC [PSYoungGen: 199936K->416K(195840K)] 413116K->213628K(882816K), 0.0037560 secs] [Times: user=0.02 sys=0.00, real=0.00 secs] 
2014-07-28T18:56:36.184+0000: 2429.871: [GC [PSYoungGen: 195808K->352K(191616K)] 409020K->213644K(878592K), 0.0036360 secs] [Times: user=0.02 sys=0.00, real=0.00 secs] 
2014-07-28T18:56:36.783+0000: 2430.470: [GC [PSYoungGen: 191584K->224K(187456K)] 404876K->213564K(874432K), 0.0039470 secs] [Times: user=0.02 sys=0.00, real=0.00 secs] 
2014-07-28T18:56:37.376+0000: 2431.063: [GC [PSYoungGen: 187424K->352K(183680K)] 400764K->213708K(870656K), 0.0050240 secs] [Times: user=0.01 sys=0.00, real=0.01 secs] 
2014-07-28T18:56:37.952+0000: 2431.639: [GC [PSYoungGen: 183648K->320K(179840K)] 397004K->213740K(866816K), 0.0069830 secs] [Times: user=0.04 sys=0.01, real=0.01 secs] 
2014-07-28T18:56:38.511+0000: 2432.197: [GC [PSYoungGen: 179840K->192K(176064K)] 393260K->213628K(863040K), 0.0072070 secs] [Times: user=0.03 sys=0.01, real=0.00 secs] 
2014-07-28T18:56:39.063+0000: 2432.750: [GC [PSYoungGen: 176064K->224K(172608K)] 389500K->213708K(859584K), 0.0026420 secs] [Times: user=0.01 sys=0.00, real=0.00 secs] 
2014-07-28T18:56:39.694+0000: 2433.381: [GC [PSYoungGen: 172576K->192K(169152K)] 386060K->213700K(856128K), 0.0071650 secs] [Times: user=0.04 sys=0.00, real=0.01 secs] 
2014-07-28T18:56:40.270+0000: 2433.957: [GC [PSYoungGen: 169152K->320K(165952K)] 382660K->213892K(852928K), 0.0039110 secs] [Times: user=0.02 sys=0.00, real=0.00 secs] 
2014-07-28T18:56:40.802+0000: 2434.489: [GC [PSYoungGen: 165952K->192K(162624K)] 379524K->213804K(849600K), 0.0067510 secs] [Times: user=0.03 sys=0.00, real=0.01 secs] 
2014-07-28T18:56:41.303+0000: 2434.989: [GC [PSYoungGen: 162624K->224K(159552K)] 376236K->213876K(846528K), 0.0031780 secs] [Times: user=0.01 sys=0.00, real=0.00 secs] 
2014-07-28T18:56:41.787+0000: 2435.474: [GC [PSYoungGen: 159520K->192K(191360K)] 373172K->213876K(878336K), 0.0083440 secs] [Times: user=0.05 sys=0.00, real=0.01 secs] 
2014-07-28T18:56:42.507+0000: 2436.193: [GC [PSYoungGen: 191360K->256K(187392K)] 405044K->213956K(874368K), 0.0049460 secs] [Times: user=0.02 sys=0.01, real=0.01 secs] 
2014-07-28T18:56:43.287+0000: 2436.974: [GC [PSYoungGen: 187362K->416K(183680K)] 401062K->214164K(870656K), 0.0062090 secs] [Times: user=0.04 sys=0.01, real=0.01 secs] 
2014-07-28T18:56:44.051+0000: 2437.738: [GC [PSYoungGen: 183648K->384K(179840K)] 397396K->214244K(866816K), 0.0049480 secs] [Times: user=0.03 sys=0.00, real=0.00 secs] 
2014-07-28T18:56:44.778+0000: 2438.465: [GC [PSYoungGen: 179840K->448K(176256K)] 393700K->214348K(863232K), 0.0101680 secs] [Times: user=0.06 sys=0.00, real=0.01 secs] 
2014-07-28T18:56:45.378+0000: 2439.065: [GC [PSYoungGen: 176256K->384K(172672K)] 390156K->214428K(859648K), 0.0046000 secs] [Times: user=0.02 sys=0.27, real=0.41 secs] 
2014-07-28T18:56:46.268+0000: 2439.955: [GC [PSYoungGen: 172672K->224K(169152K)] 386716K->214324K(856128K), 0.0037670 secs] [Times: user=0.02 sys=0.00, real=0.01 secs] 
2014-07-28T18:56:46.828+0000: 2440.515: [GC [PSYoungGen: 169120K->256K(165824K)] 383220K->214404K(852800K), 0.0059550 secs] [Times: user=0.03 sys=0.00, real=0.01 secs] 
2014-07-28T18:56:47.440+0000: 2441.127: [GC [PSYoungGen: 165824K->480K(162880K)] 379972K->214644K(849856K), 0.0040320 secs] [Times: user=0.03 sys=0.00, real=0.00 secs] 
2014-07-28T18:56:47.977+0000: 2441.664: [GC [PSYoungGen: 162848K->320K(159552K)] 377012K->214548K(846528K), 0.0039050 secs] [Times: user=0.01 sys=0.01, real=0.01 secs] 
2014-07-28T18:56:48.496+0000: 2442.183: [GC [PSYoungGen: 159552K->448K(156672K)] 373780K->214708K(843648K), 0.0039780 secs] [Times: user=0.03 sys=0.00, real=0.01 secs] 
2014-07-28T18:56:49.010+0000: 2442.697: [GC [PSYoungGen: 156670K->352K(153664K)] 370931K->214684K(840640K), 0.0046730 secs] [Times: user=0.02 sys=0.00, real=0.00 secs] 
2014-07-28T18:56:49.509+0000: 2443.196: [GC [PSYoungGen: 153632K->224K(150720K)] 367964K->214564K(837696K), 0.0030010 secs] [Times: user=0.01 sys=0.00, real=0.01 secs] 
2014-07-28T18:56:50.066+0000: 2443.753: [GC [PSYoungGen: 150688K->256K(147968K)] 365028K->214620K(834944K), 0.0039110 secs] [Times: user=0.01 sys=0.00, real=0.00 secs] 
2014-07-28T18:56:50.567+0000: 2444.254: [GC [PSYoungGen: 147968K->288K(145344K)] 362332K->214684K(832320K), 0.0044690 secs] [Times: user=0.02 sys=0.01, real=0.01 secs] 
2014-07-28T18:56:51.066+0000: 2444.753: [GC [PSYoungGen: 145312K->288K(142784K)] 359708K->214740K(829760K), 0.0041190 secs] [Times: user=0.03 sys=0.00, real=0.01 secs] 
2014-07-28T18:56:51.542+0000: 2445.229: [GC [PSYoungGen: 142752K->512K(171520K)] 357204K->215012K(858496K), 0.0084420 secs] [Times: user=0.05 sys=0.01, real=0.01 secs] 
2014-07-28T18:56:52.146+0000: 2445.833: [GC [PSYoungGen: 171520K->370K(168000K)] 386020K->214966K(854976K), 0.0031080 secs] [Times: user=0.02 sys=0.00, real=0.00 secs] 
2014-07-28T18:56:52.739+0000: 2446.426: [GC [PSYoungGen: 167986K->256K(164608K)] 382582K->214884K(851584K), 0.0042480 secs] [Times: user=0.02 sys=0.00, real=0.01 secs] 
2014-07-28T18:56:53.302+0000: 2446.989: [GC [PSYoungGen: 164608K->320K(161536K)] 379236K->215012K(848512K), 0.0059500 secs] [Times: user=0.03 sys=0.00, real=0.00 secs] 
2014-07-28T18:56:53.842+0000: 2447.529: [GC [PSYoungGen: 161536K->384K(158528K)] 376228K->215124K(845504K), 0.0029520 secs] [Times: user=0.02 sys=0.00, real=0.00 secs] 
2014-07-28T18:56:54.360+0000: 2448.047: [GC [PSYoungGen: 158528K->384K(155584K)] 373268K->215156K(842560K), 0.0056010 secs] [Times: user=0.03 sys=0.00, real=0.01 secs] 
2014-07-28T18:56:54.886+0000: 2448.573: [GC [PSYoungGen: 155584K->384K(152704K)] 370356K->215236K(839680K), 0.0042710 secs] [Times: user=0.03 sys=0.00, real=0.00 secs] 
2014-07-28T18:56:55.420+0000: 2449.107: [GC [PSYoungGen: 152672K->306K(149824K)] 367524K->215182K(836800K), 0.0058200 secs] [Times: user=0.04 sys=0.00, real=0.01 secs] 
2014-07-28T18:56:55.928+0000: 2449.614: [GC [PSYoungGen: 149810K->480K(147328K)] 364686K->215460K(834304K), 0.0032900 secs] [Times: user=0.02 sys=0.00, real=0.00 secs] 
2014-07-28T18:56:56.446+0000: 2450.133: [GC [PSYoungGen: 147296K->320K(144512K)] 362276K->215300K(831488K), 0.0072650 secs] [Times: user=0.05 sys=0.00, real=0.01 secs] 
2014-07-28T18:56:56.922+0000: 2450.608: [GC [PSYoungGen: 144512K->352K(142016K)] 359492K->215412K(828992K), 0.0032890 secs] [Times: user=0.01 sys=0.00, real=0.00 secs] 
2014-07-28T18:56:57.390+0000: 2451.077: [GC [PSYoungGen: 141984K->416K(139584K)] 357044K->215476K(826560K), 0.0029750 secs] [Times: user=0.02 sys=0.00, real=0.01 secs] 
2014-07-28T18:56:57.845+0000: 2451.532: [GC [PSYoungGen: 139552K->352K(137088K)] 354612K->215500K(824064K), 0.0038650 secs] [Times: user=0.02 sys=0.00, real=0.00 secs] 
2014-07-28T18:56:58.350+0000: 2452.037: [GC [PSYoungGen: 137056K->224K(134592K)] 352204K->215404K(821568K), 0.0055190 secs] [Times: user=0.03 sys=0.00, real=0.01 secs] 
2014-07-28T18:56:58.958+0000: 2452.645: [GC [PSYoungGen: 134560K->256K(132352K)] 349740K->215500K(819328K), 0.0059100 secs] [Times: user=0.03 sys=0.01, real=0.01 secs] 
2014-07-28T18:56:59.500+0000: 2453.187: [GC [PSYoungGen: 132352K->320K(130240K)] 347596K->215588K(817216K), 0.0053480 secs] [Times: user=0.04 sys=0.01, real=0.01 secs] 
2014-07-28T18:56:59.935+0000: 2453.622: [GC [PSYoungGen: 130240K->416K(128192K)] 345508K->215732K(815168K), 0.0048430 secs] [Times: user=0.03 sys=0.00, real=0.00 secs] 
2014-07-28T18:57:00.435+0000: 2454.122: [GC [PSYoungGen: 128160K->192K(153536K)] 343476K->215508K(840512K), 0.0065970 secs] [Times: user=0.04 sys=0.01, real=0.00 secs] 
2014-07-28T18:57:00.941+0000: 2454.628: [GC [PSYoungGen: 153536K->256K(184320K)] 368852K->215620K(871296K), 0.0059820 secs] [Times: user=0.03 sys=0.00, real=0.01 secs] 
2014-07-28T18:57:01.512+0000: 2455.199: [GC [PSYoungGen: 184320K->224K(180544K)] 399684K->215596K(867520K), 0.0038160 secs] [Times: user=0.02 sys=0.00, real=0.01 secs] 
2014-07-28T18:57:02.075+0000: 2455.762: [GC [PSYoungGen: 180512K->256K(176896K)] 395884K->215660K(863872K), 0.0032550 secs] [Times: user=0.02 sys=0.00, real=0.00 secs] 
2014-07-28T18:57:02.620+0000: 2456.306: [GC [PSYoungGen: 176896K->352K(173440K)] 392300K->215812K(860416K), 0.0042060 secs] [Times: user=0.03 sys=0.00, real=0.01 secs] 
2014-07-28T18:57:03.167+0000: 2456.854: [GC [PSYoungGen: 173408K->288K(169920K)] 388868K->215804K(856896K), 0.0047540 secs] [Times: user=0.03 sys=0.00, real=0.01 secs] 
2014-07-28T18:57:03.706+0000: 2457.393: [GC [PSYoungGen: 169888K->352K(166656K)] 385404K->215932K(853632K), 0.0042560 secs] [Times: user=0.03 sys=0.00, real=0.00 secs] 
2014-07-28T18:57:04.260+0000: 2457.947: [GC [PSYoungGen: 166624K->256K(163328K)] 382204K->215876K(850304K), 0.0038730 secs] [Times: user=0.03 sys=0.00, real=0.01 secs] 
2014-07-28T18:57:04.773+0000: 2458.460: [GC [PSYoungGen: 163328K->256K(160192K)] 378948K->215940K(847168K), 0.0037090 secs] [Times: user=0.03 sys=0.00, real=0.00 secs] 
2014-07-28T18:57:05.430+0000: 2459.117: [GC [PSYoungGen: 160192K->352K(157312K)] 375876K->216052K(844288K), 0.0039640 secs] [Times: user=0.02 sys=0.00, real=0.01 secs] 
2014-07-28T18:57:06.049+0000: 2459.736: [GC [PSYoungGen: 157280K->256K(154240K)] 372980K->215980K(841216K), 0.0118550 secs] [Times: user=0.80 sys=0.38, real=1.23 secs] 
2014-07-28T18:57:07.762+0000: 2461.449: [GC [PSYoungGen: 154239K->480K(151680K)] 369963K->216204K(838656K), 0.0043240 secs] [Times: user=0.03 sys=0.00, real=0.01 secs] 
2014-07-28T18:57:08.278+0000: 2461.964: [GC [PSYoungGen: 151648K->192K(148608K)] 367372K->215948K(835584K), 0.0068630 secs] [Times: user=0.04 sys=0.00, real=0.01 secs] 
2014-07-28T18:57:08.757+0000: 2462.444: [GC [PSYoungGen: 148608K->192K(178304K)] 364364K->215964K(865280K), 0.0095580 secs] [Times: user=0.06 sys=0.00, real=0.01 secs] 
2014-07-28T18:57:09.387+0000: 2463.074: [GC [PSYoungGen: 178304K->256K(214016K)] 394076K->216076K(900992K), 0.0076940 secs] [Times: user=0.05 sys=0.01, real=0.01 secs] 
2014-07-28T18:57:10.115+0000: 2463.802: [GC [PSYoungGen: 214016K->352K(256896K)] 429836K->216236K(943872K), 0.0075100 secs] [Times: user=0.05 sys=0.01, real=0.00 secs] 
2014-07-28T18:57:10.957+0000: 2464.644: [GC [PSYoungGen: 256864K->192K(250368K)] 472748K->216092K(937344K), 0.0038200 secs] [Times: user=0.02 sys=0.00, real=0.00 secs] 
2014-07-28T18:57:11.989+0000: 2465.676: [GC [PSYoungGen: 250368K->256K(244288K)] 466268K->216172K(931264K), 0.0047370 secs] [Times: user=0.01 sys=0.01, real=0.01 secs] 
2014-07-28T18:57:12.848+0000: 2466.535: [GC [PSYoungGen: 244288K->224K(238400K)] 460204K->216180K(925376K), 0.0057060 secs] [Times: user=0.03 sys=0.00, real=0.01 secs] 
2014-07-28T18:57:13.643+0000: 2467.330: [GC [PSYoungGen: 238368K->288K(232768K)] 454324K->216300K(919744K), 0.0031050 secs] [Times: user=0.02 sys=0.00, real=0.01 secs] 
2014-07-28T18:57:14.380+0000: 2468.067: [GC [PSYoungGen: 232736K->448K(227392K)] 448748K->216556K(914368K), 0.0047030 secs] [Times: user=0.04 sys=0.00, real=0.01 secs] 
2014-07-28T18:57:15.050+0000: 2468.736: [GC [PSYoungGen: 227392K->192K(221824K)] 443500K->216340K(908800K), 0.0104040 secs] [Times: user=0.06 sys=0.00, real=0.01 secs] 
2014-07-28T18:57:15.737+0000: 2469.424: [GC [PSYoungGen: 221824K->256K(216768K)] 437972K->216420K(903744K), 0.0054920 secs] [Times: user=0.03 sys=0.01, real=0.00 secs] 
2014-07-28T18:57:16.409+0000: 2470.096: [GC [PSYoungGen: 216768K->288K(211904K)] 432932K->216508K(898880K), 0.0039520 secs] [Times: user=0.02 sys=0.00, real=0.00 secs] 
2014-07-28T18:57:17.068+0000: 2470.755: [GC [PSYoungGen: 211872K->256K(207104K)] 428092K->216524K(894080K), 0.0044490 secs] [Times: user=0.03 sys=0.00, real=0.00 secs] 
2014-07-28T18:57:17.812+0000: 2471.499: [GC [PSYoungGen: 207104K->306K(202624K)] 423372K->216598K(889600K), 0.0059020 secs] [Times: user=0.03 sys=0.00, real=0.01 secs] 
2014-07-28T18:57:18.577+0000: 2472.264: [GC [PSYoungGen: 202610K->224K(198144K)] 418902K->216540K(885120K), 0.0090370 secs] [Times: user=0.05 sys=0.00, real=0.01 secs] 
2014-07-28T18:57:19.353+0000: 2473.040: [GC [PSYoungGen: 198112K->256K(193856K)] 414428K->216596K(880832K), 0.0049890 secs] [Times: user=0.02 sys=0.00, real=0.01 secs] 
2014-07-28T18:57:20.140+0000: 2473.827: [GC [PSYoungGen: 193856K->224K(189760K)] 410196K->216604K(876736K), 0.0080090 secs] [Times: user=0.05 sys=0.01, real=0.01 secs] 
2014-07-28T18:57:20.748+0000: 2474.435: [GC [PSYoungGen: 189728K->288K(185856K)] 406108K->216684K(872832K), 0.0049480 secs] [Times: user=0.03 sys=0.00, real=0.00 secs] 
2014-07-28T18:57:21.294+0000: 2474.981: [GC [PSYoungGen: 185824K->370K(223040K)] 402220K->216806K(910016K), 0.0097510 secs] [Times: user=0.06 sys=0.01, real=0.01 secs] 
2014-07-28T18:57:22.055+0000: 2475.742: [GC [PSYoungGen: 223026K->288K(217856K)] 439462K->216772K(904832K), 0.0032740 secs] [Times: user=0.01 sys=0.01, real=0.00 secs] 
2014-07-28T18:57:22.727+0000: 2476.414: [GC [PSYoungGen: 217824K->256K(212864K)] 434308K->216836K(899840K), 0.0026150 secs] [Times: user=0.02 sys=0.00, real=0.00 secs] 
2014-07-28T18:57:23.413+0000: 2477.100: [GC [PSYoungGen: 212864K->288K(208128K)] 429444K->216932K(895104K), 0.0035640 secs] [Times: user=0.02 sys=0.00, real=0.01 secs] 
2014-07-28T18:57:24.065+0000: 2477.752: [GC [PSYoungGen: 208096K->288K(203520K)] 424740K->216988K(890496K), 0.0042720 secs] [Times: user=0.02 sys=0.01, real=0.00 secs] 
2014-07-28T18:57:24.715+0000: 2478.402: [GC [PSYoungGen: 203488K->384K(199168K)] 420188K->217100K(886144K), 0.0028570 secs] [Times: user=0.01 sys=0.00, real=0.01 secs] 
2014-07-28T18:57:25.413+0000: 2479.099: [GC [PSYoungGen: 199168K->192K(194688K)] 415884K->216940K(881664K), 0.0088820 secs] [Times: user=0.06 sys=0.00, real=0.01 secs] 
2014-07-28T18:57:26.042+0000: 2479.729: [GC [PSYoungGen: 194688K->288K(190656K)] 411436K->217100K(877632K), 0.0046330 secs] [Times: user=0.03 sys=0.00, real=0.01 secs] 
2014-07-28T18:57:26.645+0000: 2480.332: [GC [PSYoungGen: 190624K->416K(186752K)] 407436K->217268K(873728K), 0.0086190 secs] [Times: user=0.05 sys=0.00, real=0.01 secs] 
2014-07-28T18:57:27.245+0000: 2480.932: [GC [PSYoungGen: 186720K->352K(182784K)] 403572K->217268K(869760K), 0.0060650 secs] [Times: user=0.04 sys=0.00, real=0.01 secs] 
2014-07-28T18:57:27.911+0000: 2481.598: [GC [PSYoungGen: 182752K->256K(178880K)] 399668K->217252K(865856K), 0.0034850 secs] [Times: user=0.01 sys=0.01, real=0.00 secs] 
2014-07-28T18:57:28.494+0000: 2482.181: [GC [PSYoungGen: 178880K->448K(214848K)] 395876K->217492K(901824K), 0.0180870 secs] [Times: user=0.11 sys=0.00, real=0.02 secs] 
2014-07-28T18:57:29.187+0000: 2482.874: [GC [PSYoungGen: 214848K->384K(257664K)] 431892K->217500K(944640K), 0.0052480 secs] [Times: user=0.04 sys=0.00, real=0.00 secs] 
2014-07-28T18:57:29.994+0000: 2483.681: [GC [PSYoungGen: 257637K->256K(282816K)] 474753K->217396K(969792K), 0.0031800 secs] [Times: user=0.02 sys=0.00, real=0.01 secs] 
2014-07-28T18:57:30.926+0000: 2484.613: [GC [PSYoungGen: 282560K->320K(275264K)] 499700K->217524K(962240K), 0.0029090 secs] [Times: user=0.01 sys=0.01, real=0.00 secs] 
2014-07-28T18:57:31.815+0000: 2485.502: [GC [PSYoungGen: 275264K->288K(268224K)] 492468K->217564K(955200K), 0.0049950 secs] [Times: user=0.03 sys=0.00, real=0.01 secs] 
2014-07-28T18:57:32.657+0000: 2486.344: [GC [PSYoungGen: 268192K->448K(261568K)] 485468K->217796K(948544K), 0.0122460 secs] [Times: user=0.08 sys=0.01, real=0.02 secs] 
2014-07-28T18:57:33.492+0000: 2487.178: [GC [PSYoungGen: 261568K->224K(254848K)] 478916K->217628K(941824K), 0.0075160 secs] [Times: user=0.04 sys=0.00, real=0.01 secs] 
2014-07-28T18:57:34.317+0000: 2488.004: [GC [PSYoungGen: 254766K->320K(248640K)] 472170K->217764K(935616K), 0.0030400 secs] [Times: user=0.02 sys=0.00, real=0.01 secs] 
2014-07-28T18:57:35.134+0000: 2488.821: [GC [PSYoungGen: 248640K->352K(242624K)] 466084K->217868K(929600K), 0.0032020 secs] [Times: user=0.02 sys=0.00, real=0.01 secs] 
2014-07-28T18:57:35.935+0000: 2489.622: [GC [PSYoungGen: 242592K->192K(236608K)] 460108K->217732K(923584K), 0.0089790 secs] [Times: user=0.06 sys=0.00, real=0.01 secs] 
2014-07-28T18:57:36.700+0000: 2490.387: [GC [PSYoungGen: 236608K->256K(231040K)] 454148K->217852K(918016K), 0.0044540 secs] [Times: user=0.03 sys=0.00, real=0.00 secs] 
2014-07-28T18:57:37.428+0000: 2491.115: [GC [PSYoungGen: 231040K->288K(225664K)] 448636K->217932K(912640K), 0.0089800 secs] [Times: user=0.05 sys=0.00, real=0.01 secs] 
2014-07-28T18:57:38.161+0000: 2491.848: [GC [PSYoungGen: 225632K->320K(220416K)] 443276K->218012K(907392K), 0.0051120 secs] [Times: user=0.02 sys=0.01, real=0.00 secs] 
2014-07-28T18:57:38.852+0000: 2492.539: [GC [PSYoungGen: 220416K->288K(215360K)] 438108K->217996K(902336K), 0.0055670 secs] [Times: user=0.03 sys=0.01, real=0.00 secs] 
2014-07-28T18:57:39.551+0000: 2493.238: [GC [PSYoungGen: 215328K->306K(210496K)] 433036K->218070K(897472K), 0.0069570 secs] [Times: user=0.04 sys=0.01, real=0.01 secs] 
2014-07-28T18:57:40.227+0000: 2493.914: [GC [PSYoungGen: 210482K->224K(205760K)] 428246K->218044K(892736K), 0.0041140 secs] [Times: user=0.03 sys=0.00, real=0.01 secs] 
2014-07-28T18:57:41.061+0000: 2494.748: [GC [PSYoungGen: 205728K->384K(201344K)] 423548K->218212K(888320K), 0.0060700 secs] [Times: user=0.04 sys=0.00, real=0.00 secs] 
2014-07-28T18:57:41.914+0000: 2495.601: [GC [PSYoungGen: 201344K->224K(196864K)] 419172K->218092K(883840K), 0.0081660 secs] [Times: user=0.06 sys=0.00, real=0.01 secs] 
2014-07-28T18:57:42.701+0000: 2496.387: [GC [PSYoungGen: 196832K->434K(192832K)] 414700K->218374K(879808K), 0.0041800 secs] [Times: user=0.01 sys=0.01, real=0.00 secs] 
2014-07-28T18:57:43.481+0000: 2497.167: [GC [PSYoungGen: 192818K->256K(188544K)] 410758K->218268K(875520K), 0.0047960 secs] [Times: user=0.03 sys=0.01, real=0.00 secs] 
2014-07-28T18:57:44.249+0000: 2497.936: [GC [PSYoungGen: 188544K->320K(184640K)] 406556K->218388K(871616K), 0.0053630 secs] [Times: user=0.03 sys=0.00, real=0.00 secs] 
2014-07-28T18:57:45.003+0000: 2498.690: [GC [PSYoungGen: 184640K->288K(180800K)] 402708K->218372K(867776K), 0.0054100 secs] [Times: user=0.03 sys=0.00, real=0.00 secs] 
2014-07-28T18:57:45.753+0000: 2499.440: [GC [PSYoungGen: 180768K->384K(177152K)] 398852K->218540K(864128K), 0.0029920 secs] [Times: user=0.02 sys=0.01, real=0.02 secs] 
2014-07-28T18:57:46.335+0000: 2500.022: [GC [PSYoungGen: 177152K->288K(173504K)] 395308K->218492K(860480K), 0.0039680 secs] [Times: user=0.01 sys=0.01, real=0.01 secs] 
2014-07-28T18:57:46.854+0000: 2500.541: [GC [PSYoungGen: 173472K->256K(169984K)] 391676K->218516K(856960K), 0.0043950 secs] [Times: user=0.03 sys=0.00, real=0.00 secs] 
2014-07-28T18:57:47.377+0000: 2501.064: [GC [PSYoungGen: 169984K->352K(166784K)] 388244K->218628K(853760K), 0.0035150 secs] [Times: user=0.02 sys=0.00, real=0.01 secs] 
2014-07-28T18:57:47.871+0000: 2501.557: [GC [PSYoungGen: 166752K->352K(163520K)] 385028K->218700K(850496K), 0.0034540 secs] [Times: user=0.02 sys=0.00, real=0.00 secs] 
2014-07-28T18:57:48.384+0000: 2502.071: [GC [PSYoungGen: 163488K->288K(160320K)] 381836K->218636K(847296K), 0.0070930 secs] [Times: user=0.05 sys=0.00, real=0.01 secs] 
2014-07-28T18:57:48.869+0000: 2502.556: [GC [PSYoungGen: 160288K->160K(192192K)] 378636K->218532K(879168K), 0.0123990 secs] [Times: user=0.07 sys=0.01, real=0.02 secs] 
2014-07-28T18:57:49.458+0000: 2503.145: [GC [PSYoungGen: 192160K->352K(230784K)] 410532K->218732K(917760K), 0.0035950 secs] [Times: user=0.02 sys=0.01, real=0.01 secs] 
2014-07-28T18:57:50.347+0000: 2504.034: [GC [PSYoungGen: 230752K->384K(276864K)] 449132K->218836K(963840K), 0.0090970 secs] [Times: user=0.06 sys=0.00, real=0.01 secs] 
2014-07-28T18:57:51.364+0000: 2505.051: [GC [PSYoungGen: 276858K->320K(304384K)] 495310K->218820K(991360K), 0.0087890 secs] [Times: user=0.05 sys=0.00, real=0.01 secs] 
2014-07-28T18:57:52.327+0000: 2506.014: [GC [PSYoungGen: 304384K->306K(296192K)] 522884K->218862K(983168K), 0.0090540 secs] [Times: user=0.06 sys=0.00, real=0.01 secs] 
2014-07-28T18:57:53.297+0000: 2506.984: [GC [PSYoungGen: 296178K->256K(288256K)] 514734K->218932K(975232K), 0.0039110 secs] [Times: user=0.02 sys=0.00, real=0.01 secs] 
2014-07-28T18:57:54.222+0000: 2507.909: [GC [PSYoungGen: 288256K->224K(280704K)] 506932K->218940K(967680K), 0.0037010 secs] [Times: user=0.02 sys=0.00, real=0.00 secs] 
2014-07-28T18:57:55.116+0000: 2508.803: [GC [PSYoungGen: 280672K->320K(273472K)] 499388K->219076K(960448K), 0.0041130 secs] [Times: user=0.02 sys=0.00, real=0.01 secs] 
2014-07-28T18:57:56.021+0000: 2509.708: [GC [PSYoungGen: 273472K->256K(266432K)] 492228K->219060K(953408K), 0.0074380 secs] [Times: user=0.01 sys=0.00, real=0.00 secs] 
2014-07-28T18:57:56.884+0000: 2510.571: [GC [PSYoungGen: 266432K->416K(259904K)] 485236K->219308K(946880K), 0.0038050 secs] [Times: user=0.02 sys=0.00, real=0.00 secs] 
2014-07-28T18:57:57.701+0000: 2511.388: [GC [PSYoungGen: 259872K->448K(253440K)] 478764K->219436K(940416K), 0.0045180 secs] [Times: user=0.02 sys=0.00, real=0.00 secs] 
2014-07-28T18:57:58.530+0000: 2512.217: [GC [PSYoungGen: 253440K->192K(246976K)] 472428K->219268K(933952K), 0.0053600 secs] [Times: user=0.02 sys=0.00, real=0.01 secs] 
2014-07-28T18:57:59.346+0000: 2513.033: [GC [PSYoungGen: 246976K->256K(241024K)] 466052K->219388K(928000K), 0.0025160 secs] [Times: user=0.01 sys=0.00, real=0.00 secs] 
2014-07-28T18:58:00.129+0000: 2513.816: [GC [PSYoungGen: 241024K->192K(235200K)] 460156K->219348K(922176K), 0.0038420 secs] [Times: user=0.02 sys=0.00, real=0.01 secs] 
2014-07-28T18:58:00.948+0000: 2514.635: [GC [PSYoungGen: 235200K->480K(229952K)] 454356K->219652K(916928K), 0.0040280 secs] [Times: user=0.03 sys=0.00, real=0.02 secs] 
2014-07-28T18:58:01.791+0000: 2515.477: [GC [PSYoungGen: 229877K->370K(224448K)] 449050K->219638K(911424K), 0.0053980 secs] [Times: user=0.03 sys=0.00, real=0.01 secs] 
2014-07-28T18:58:02.615+0000: 2516.302: [GC [PSYoungGen: 224434K->256K(219136K)] 443702K->219572K(906112K), 0.0061610 secs] [Times: user=0.04 sys=0.00, real=0.01 secs] 
2014-07-28T18:58:03.314+0000: 2517.001: [GC [PSYoungGen: 219136K->320K(214208K)] 438452K->219684K(901184K), 0.0092490 secs] [Times: user=0.05 sys=0.00, real=0.01 secs] 
2014-07-28T18:58:04.026+0000: 2517.713: [GC [PSYoungGen: 214208K->320K(209408K)] 433572K->219756K(896384K), 0.0061100 secs] [Times: user=0.04 sys=0.00, real=0.01 secs] 
2014-07-28T18:58:04.685+0000: 2518.372: [GC [PSYoungGen: 209408K->224K(204672K)] 428844K->219708K(891648K), 0.0037480 secs] [Times: user=0.02 sys=0.00, real=0.00 secs] 
2014-07-28T18:58:05.321+0000: 2519.008: [GC [PSYoungGen: 204640K->288K(200256K)] 424124K->219836K(887232K), 0.0042070 secs] [Times: user=0.02 sys=0.01, real=0.01 secs] 
2014-07-28T18:58:05.984+0000: 2519.671: [GC [PSYoungGen: 200224K->352K(195968K)] 419772K->219980K(882944K), 0.0048590 secs] [Times: user=0.03 sys=0.00, real=0.00 secs] 
2014-07-28T18:58:06.598+0000: 2520.285: [GC [PSYoungGen: 195936K->320K(191744K)] 415564K->219980K(878720K), 0.0040310 secs] [Times: user=0.03 sys=0.00, real=0.01 secs] 
2014-07-28T18:58:07.228+0000: 2520.915: [GC [PSYoungGen: 191744K->384K(187776K)] 411404K->220180K(874752K), 0.0036170 secs] [Times: user=0.02 sys=0.00, real=0.00 secs] 
2014-07-28T18:58:07.812+0000: 2521.499: [GC [PSYoungGen: 187776K->224K(183744K)] 407572K->220052K(870720K), 0.0048370 secs] [Times: user=0.03 sys=0.00, real=0.00 secs] 
2014-07-28T18:58:08.409+0000: 2522.096: [GC [PSYoungGen: 183712K->256K(179968K)] 403540K->220132K(866944K), 0.0047030 secs] [Times: user=0.03 sys=0.00, real=0.01 secs] 
2014-07-28T18:58:08.993+0000: 2522.680: [GC [PSYoungGen: 179933K->274K(176384K)] 399809K->220190K(863360K), 0.0075290 secs] [Times: user=0.05 sys=0.00, real=0.00 secs] 
2014-07-28T18:58:09.562+0000: 2523.249: [GC [PSYoungGen: 176338K->416K(172992K)] 396254K->220348K(859968K), 0.0051230 secs] [Times: user=0.03 sys=0.01, real=0.00 secs] 
2014-07-28T18:58:10.080+0000: 2523.767: [GC [PSYoungGen: 172960K->224K(169344K)] 392892K->220204K(856320K), 0.0051650 secs] [Times: user=0.03 sys=0.00, real=0.01 secs] 
2014-07-28T18:58:10.666+0000: 2524.353: [GC [PSYoungGen: 169312K->224K(166016K)] 389292K->220236K(852992K), 0.0040230 secs] [Times: user=0.02 sys=0.01, real=0.00 secs] 
2014-07-28T18:58:11.229+0000: 2524.916: [GC [PSYoungGen: 165984K->224K(162816K)] 385996K->220268K(849792K), 0.0038760 secs] [Times: user=0.02 sys=0.00, real=0.01 secs] 
2014-07-28T18:58:11.769+0000: 2525.456: [GC [PSYoungGen: 162784K->224K(159680K)] 382828K->220308K(846656K), 0.0028620 secs] [Times: user=0.01 sys=0.00, real=0.00 secs] 
2014-07-28T18:58:12.308+0000: 2525.995: [GC [PSYoungGen: 159648K->320K(156736K)] 379732K->220476K(843712K), 0.0054390 secs] [Times: user=0.03 sys=0.00, real=0.01 secs] 
2014-07-28T18:58:12.811+0000: 2526.498: [GC [PSYoungGen: 156736K->384K(153856K)] 376892K->220612K(840832K), 0.0034370 secs] [Times: user=0.02 sys=0.01, real=0.01 secs] 
2014-07-28T18:58:13.307+0000: 2526.994: [GC [PSYoungGen: 153856K->256K(150912K)] 374084K->220524K(837888K), 0.0047670 secs] [Times: user=0.03 sys=0.00, real=0.00 secs] 
2014-07-28T18:58:13.816+0000: 2527.503: [GC [PSYoungGen: 150912K->256K(148160K)] 371180K->220572K(835136K), 0.0031770 secs] [Times: user=0.02 sys=0.00, real=0.00 secs] 
2014-07-28T18:58:14.302+0000: 2527.989: [GC [PSYoungGen: 148160K->384K(145600K)] 368476K->220788K(832576K), 0.0036160 secs] [Times: user=0.03 sys=0.00, real=0.01 secs] 
2014-07-28T18:58:14.813+0000: 2528.499: [GC [PSYoungGen: 145600K->256K(142912K)] 366004K->220716K(829888K), 0.0041900 secs] [Times: user=0.02 sys=0.00, real=0.01 secs] 
2014-07-28T18:58:15.280+0000: 2528.967: [GC [PSYoungGen: 142912K->256K(140416K)] 363372K->220772K(827392K), 0.0028330 secs] [Times: user=0.01 sys=0.00, real=0.00 secs] 
2014-07-28T18:58:15.746+0000: 2529.433: [GC [PSYoungGen: 140416K->224K(137984K)] 360932K->220756K(824960K), 0.0062450 secs] [Times: user=0.03 sys=0.00, real=0.00 secs] 
2014-07-28T18:58:16.207+0000: 2529.893: [GC [PSYoungGen: 137952K->256K(135616K)] 358484K->220844K(822592K), 0.0024500 secs] [Times: user=0.01 sys=0.00, real=0.00 secs] 
2014-07-28T18:58:16.624+0000: 2530.311: [GC [PSYoungGen: 135616K->256K(133312K)] 356204K->220876K(820288K), 0.0038430 secs] [Times: user=0.02 sys=0.00, real=0.00 secs] 
2014-07-28T18:58:17.041+0000: 2530.728: [GC [PSYoungGen: 133312K->352K(131200K)] 353932K->221036K(818176K), 0.0039430 secs] [Times: user=0.03 sys=0.00, real=0.01 secs] 
2014-07-28T18:58:17.452+0000: 2531.139: [GC [PSYoungGen: 131168K->320K(128960K)] 351852K->221052K(815936K), 0.0039760 secs] [Times: user=0.03 sys=0.00, real=0.01 secs] 
2014-07-28T18:58:17.851+0000: 2531.538: [GC [PSYoungGen: 128960K->352K(126912K)] 349692K->221156K(813888K), 0.0044010 secs] [Times: user=0.01 sys=0.00, real=0.01 secs] 
2014-07-28T18:58:18.253+0000: 2531.940: [GC [PSYoungGen: 126852K->384K(124864K)] 347657K->221292K(811840K), 0.0041970 secs] [Times: user=0.01 sys=0.00, real=0.01 secs] 
2014-07-28T18:58:18.647+0000: 2532.334: [GC [PSYoungGen: 124826K->320K(122816K)] 345735K->221276K(809792K), 0.0035960 secs] [Times: user=0.02 sys=0.00, real=0.00 secs] 
2014-07-28T18:58:19.041+0000: 2532.728: [GC [PSYoungGen: 122816K->288K(120896K)] 343772K->221292K(807872K), 0.0026550 secs] [Times: user=0.01 sys=0.00, real=0.00 secs] 
2014-07-28T18:58:19.451+0000: 2533.138: [GC [PSYoungGen: 120864K->352K(119040K)] 341868K->221396K(806016K), 0.0037000 secs] [Times: user=0.02 sys=0.01, real=0.01 secs] 
2014-07-28T18:58:19.851+0000: 2533.538: [GC [PSYoungGen: 119008K->320K(142720K)] 340052K->221428K(829696K), 0.0061790 secs] [Times: user=0.04 sys=0.00, real=0.01 secs] 
2014-07-28T18:58:20.322+0000: 2534.009: [GC [PSYoungGen: 142720K->320K(140224K)] 363828K->221468K(827200K), 0.0024100 secs] [Times: user=0.01 sys=0.00, real=0.01 secs] 
2014-07-28T18:58:20.780+0000: 2534.467: [GC [PSYoungGen: 140224K->320K(137792K)] 361372K->221532K(824768K), 0.0040230 secs] [Times: user=0.02 sys=0.00, real=0.01 secs] 
2014-07-28T18:58:21.253+0000: 2534.940: [GC [PSYoungGen: 137792K->256K(135360K)] 359004K->221508K(822336K), 0.0039940 secs] [Times: user=0.02 sys=0.00, real=0.01 secs] 
2014-07-28T18:58:21.703+0000: 2535.389: [GC [PSYoungGen: 135360K->288K(133120K)] 356612K->221572K(820096K), 0.0032870 secs] [Times: user=0.02 sys=0.00, real=0.01 secs] 
2014-07-28T18:58:22.129+0000: 2535.816: [GC [PSYoungGen: 133088K->384K(130944K)] 354372K->221748K(817920K), 0.0039110 secs] [Times: user=0.02 sys=0.00, real=0.00 secs] 
2014-07-28T18:58:22.618+0000: 2536.305: [GC [PSYoungGen: 130944K->256K(156928K)] 352308K->221652K(843904K), 0.0074330 secs] [Times: user=0.04 sys=0.00, real=0.01 secs] 
2014-07-28T18:58:23.257+0000: 2536.944: [GC [PSYoungGen: 156928K->224K(153984K)] 378324K->221668K(840960K), 0.0045400 secs] [Times: user=0.03 sys=0.00, real=0.00 secs] 
2014-07-28T18:58:23.782+0000: 2537.469: [GC [PSYoungGen: 153952K->288K(151232K)] 375396K->221748K(838208K), 0.0023760 secs] [Times: user=0.02 sys=0.00, real=0.01 secs] 
2014-07-28T18:58:24.280+0000: 2537.967: [GC [PSYoungGen: 151200K->160K(148352K)] 372660K->221660K(835328K), 0.0027460 secs] [Times: user=0.02 sys=0.00, real=0.00 secs] 
2014-07-28T18:58:24.761+0000: 2538.447: [GC [PSYoungGen: 148320K->256K(145728K)] 369820K->221780K(832704K), 0.0037580 secs] [Times: user=0.01 sys=0.00, real=0.00 secs] 
2014-07-28T18:58:25.223+0000: 2538.910: [GC [PSYoungGen: 145728K->384K(143232K)] 367252K->221988K(830208K), 0.0035580 secs] [Times: user=0.01 sys=0.01, real=0.01 secs] 
2014-07-28T18:58:25.703+0000: 2539.390: [GC [PSYoungGen: 143232K->256K(140608K)] 364836K->221876K(827584K), 0.0038820 secs] [Times: user=0.02 sys=0.00, real=0.01 secs] 
2014-07-28T18:58:26.185+0000: 2539.872: [GC [PSYoungGen: 140608K->320K(138240K)] 362228K->221996K(825216K), 0.0038800 secs] [Times: user=0.02 sys=0.00, real=0.00 secs] 
2014-07-28T18:58:26.631+0000: 2540.317: [GC [PSYoungGen: 138240K->224K(135808K)] 359916K->221932K(822784K), 0.0027100 secs] [Times: user=0.01 sys=0.00, real=0.00 secs] 
2014-07-28T18:58:27.084+0000: 2540.771: [GC [PSYoungGen: 135776K->224K(133504K)] 357484K->221980K(820480K), 0.0052800 secs] [Times: user=0.03 sys=0.00, real=0.01 secs] 
2014-07-28T18:58:27.517+0000: 2541.204: [GC [PSYoungGen: 133472K->352K(131392K)] 355228K->222124K(818368K), 0.0035340 secs] [Times: user=0.02 sys=0.00, real=0.00 secs] 
2014-07-28T18:58:27.946+0000: 2541.633: [GC [PSYoungGen: 131360K->384K(129216K)] 353132K->222220K(816192K), 0.0067210 secs] [Times: user=0.04 sys=0.00, real=0.00 secs] 
2014-07-28T18:58:28.386+0000: 2542.073: [GC [PSYoungGen: 129216K->192K(154816K)] 351052K->222148K(841792K), 0.0088630 secs] [Times: user=0.05 sys=0.00, real=0.01 secs] 
2014-07-28T18:58:28.881+0000: 2542.568: [GC [PSYoungGen: 154816K->384K(185984K)] 376772K->222436K(872960K), 0.0041480 secs] [Times: user=0.03 sys=0.00, real=0.01 secs] 
2014-07-28T18:58:29.480+0000: 2543.166: [GC [PSYoungGen: 185984K->288K(223040K)] 408036K->222364K(910016K), 0.0040390 secs] [Times: user=0.03 sys=0.00, real=0.00 secs] 
2014-07-28T18:58:30.194+0000: 2543.881: [GC [PSYoungGen: 223008K->256K(217856K)] 445084K->222380K(904832K), 0.0048440 secs] [Times: user=0.03 sys=0.00, real=0.01 secs] 
2014-07-28T18:58:30.911+0000: 2544.598: [GC [PSYoungGen: 217856K->352K(213056K)] 439980K->222492K(900032K), 0.0049170 secs] [Times: user=0.02 sys=0.00, real=0.01 secs] 
2014-07-28T18:58:31.609+0000: 2545.296: [GC [PSYoungGen: 213024K->256K(208128K)] 435164K->222444K(895104K), 0.0048020 secs] [Times: user=0.03 sys=0.00, real=0.00 secs] 
2014-07-28T18:58:32.326+0000: 2546.013: [GC [PSYoungGen: 208128K->256K(203520K)] 430316K->222500K(890496K), 0.0037750 secs] [Times: user=0.02 sys=0.00, real=0.00 secs] 
2014-07-28T18:58:32.978+0000: 2546.665: [GC [PSYoungGen: 203520K->448K(199232K)] 425764K->222764K(886208K), 0.0069190 secs] [Times: user=0.02 sys=0.00, real=0.00 secs] 
2014-07-28T18:58:33.622+0000: 2547.309: [GC [PSYoungGen: 199232K->256K(194752K)] 421548K->222620K(881728K), 0.0047910 secs] [Times: user=0.04 sys=0.00, real=0.01 secs] 
2014-07-28T18:58:34.251+0000: 2547.938: [GC [PSYoungGen: 194752K->384K(190720K)] 417116K->222836K(877696K), 0.0039880 secs] [Times: user=0.02 sys=0.00, real=0.00 secs] 
2014-07-28T18:58:34.856+0000: 2548.543: [GC [PSYoungGen: 190720K->224K(186560K)] 413172K->222684K(873536K), 0.0028760 secs] [Times: user=0.01 sys=0.00, real=0.01 secs] 
2014-07-28T18:58:35.451+0000: 2549.138: [GC [PSYoungGen: 186528K->288K(182720K)] 408988K->222796K(869696K), 0.0037080 secs] [Times: user=0.02 sys=0.00, real=0.00 secs] 
2014-07-28T18:58:36.038+0000: 2549.725: [GC [PSYoungGen: 182688K->416K(179072K)] 405196K->222996K(866048K), 0.0048400 secs] [Times: user=0.03 sys=0.00, real=0.00 secs] 
2014-07-28T18:58:36.691+0000: 2550.377: [GC [PSYoungGen: 179040K->416K(175424K)] 401620K->223036K(862400K), 0.0033660 secs] [Times: user=0.02 sys=0.00, real=0.00 secs] 
2014-07-28T18:58:37.267+0000: 2550.954: [GC [PSYoungGen: 175392K->192K(171648K)] 398012K->222892K(858624K), 0.0066340 secs] [Times: user=0.04 sys=0.00, real=0.00 secs] 
2014-07-28T18:58:37.815+0000: 2551.502: [GC [PSYoungGen: 171648K->384K(168448K)] 394348K->223100K(855424K), 0.0047110 secs] [Times: user=0.01 sys=0.00, real=0.01 secs] 
2014-07-28T18:58:38.359+0000: 2552.046: [GC [PSYoungGen: 168448K->288K(165120K)] 391164K->223060K(852096K), 0.0050360 secs] [Times: user=0.03 sys=0.00, real=0.00 secs] 
2014-07-28T18:58:38.928+0000: 2552.614: [GC [PSYoungGen: 165088K->402K(162048K)] 387860K->223238K(849024K), 0.0044490 secs] [Times: user=0.03 sys=0.00, real=0.00 secs] 
2014-07-28T18:58:39.452+0000: 2553.139: [GC [PSYoungGen: 162002K->256K(158784K)] 384838K->223124K(845760K), 0.0057340 secs] [Times: user=0.04 sys=0.00, real=0.01 secs] 
2014-07-28T18:58:39.972+0000: 2553.659: [GC [PSYoungGen: 158784K->384K(190656K)] 381652K->223332K(877632K), 0.0088340 secs] [Times: user=0.06 sys=0.00, real=0.01 secs] 
2014-07-28T18:58:40.588+0000: 2554.275: [GC [PSYoungGen: 190656K->370K(186624K)] 413604K->223342K(873600K), 0.0037320 secs] [Times: user=0.02 sys=0.01, real=0.00 secs] 
2014-07-28T18:58:41.177+0000: 2554.864: [GC [PSYoungGen: 186610K->192K(182528K)] 409582K->223188K(869504K), 0.0037280 secs] [Times: user=0.02 sys=0.00, real=0.00 secs] 
2014-07-28T18:58:41.736+0000: 2555.422: [GC [PSYoungGen: 182509K->402K(179008K)] 405506K->223422K(865984K), 0.0032840 secs] [Times: user=0.02 sys=0.00, real=0.01 secs] 
2014-07-28T18:58:42.334+0000: 2556.021: [GC [PSYoungGen: 178962K->288K(175232K)] 401982K->223356K(862208K), 0.0049610 secs] [Times: user=0.02 sys=0.00, real=0.01 secs] 
2014-07-28T18:58:42.900+0000: 2556.587: [GC [PSYoungGen: 175200K->288K(171712K)] 398268K->223412K(858688K), 0.0063950 secs] [Times: user=0.04 sys=0.01, real=0.00 secs] 
2014-07-28T18:58:43.419+0000: 2557.106: [GC [PSYoungGen: 171680K->320K(168320K)] 394804K->223484K(855296K), 0.0040900 secs] [Times: user=0.02 sys=0.00, real=0.00 secs] 
2014-07-28T18:58:43.960+0000: 2557.647: [GC [PSYoungGen: 168320K->320K(165056K)] 391484K->223540K(852032K), 0.0057050 secs] [Times: user=0.04 sys=0.00, real=0.00 secs] 
2014-07-28T18:58:44.466+0000: 2558.153: [GC [PSYoungGen: 165056K->288K(161856K)] 388276K->223508K(848832K), 0.0047960 secs] [Times: user=0.03 sys=0.00, real=0.01 secs] 
2014-07-28T18:58:44.997+0000: 2558.684: [GC [PSYoungGen: 161824K->384K(158848K)] 385044K->223660K(845824K), 0.0043960 secs] [Times: user=0.03 sys=0.00, real=0.01 secs] 
2014-07-28T18:58:45.502+0000: 2559.189: [GC [PSYoungGen: 158848K->224K(155712K)] 382124K->223508K(842688K), 0.0033360 secs] [Times: user=0.01 sys=0.00, real=0.00 secs] 
2014-07-28T18:58:45.976+0000: 2559.663: [GC [PSYoungGen: 155636K->256K(152832K)] 378920K->223580K(839808K), 0.0059150 secs] [Times: user=0.04 sys=0.01, real=0.01 secs] 
2014-07-28T18:58:46.492+0000: 2560.179: [GC [PSYoungGen: 152832K->288K(183424K)] 376156K->223636K(870400K), 0.0072310 secs] [Times: user=0.04 sys=0.01, real=0.01 secs] 
2014-07-28T18:58:47.087+0000: 2560.774: [GC [PSYoungGen: 183392K->274K(220096K)] 406740K->223670K(907072K), 0.0063020 secs] [Times: user=0.04 sys=0.01, real=0.01 secs] 
2014-07-28T18:58:47.775+0000: 2561.462: [GC [PSYoungGen: 220050K->256K(214976K)] 443446K->223652K(901952K), 0.0056830 secs] [Times: user=0.03 sys=0.00, real=0.01 secs] 
2014-07-28T18:58:48.443+0000: 2562.130: [GC [PSYoungGen: 214976K->288K(210176K)] 438372K->223740K(897152K), 0.0065020 secs] [Times: user=0.04 sys=0.00, real=0.01 secs] 
2014-07-28T18:58:49.100+0000: 2562.787: [GC [PSYoungGen: 210144K->288K(205504K)] 433596K->223804K(892480K), 0.0061330 secs] [Times: user=0.04 sys=0.00, real=0.00 secs] 
2014-07-28T18:58:49.743+0000: 2563.430: [GC [PSYoungGen: 205472K->256K(200896K)] 428988K->223788K(887872K), 0.0035020 secs] [Times: user=0.02 sys=0.00, real=0.00 secs] 
2014-07-28T18:58:50.373+0000: 2564.060: [GC [PSYoungGen: 200896K->384K(196672K)] 424428K->223988K(883648K), 0.0066430 secs] [Times: user=0.03 sys=0.00, real=0.01 secs] 
2014-07-28T18:58:50.980+0000: 2564.667: [GC [PSYoungGen: 196672K->288K(235904K)] 420276K->223940K(922880K), 0.0098920 secs] [Times: user=0.05 sys=0.01, real=0.01 secs] 
2014-07-28T18:58:51.856+0000: 2565.543: [GC [PSYoungGen: 235827K->352K(283136K)] 459480K->224020K(970112K), 0.0089310 secs] [Times: user=0.05 sys=0.00, real=0.01 secs] 
2014-07-28T18:58:53.084+0000: 2566.770: [GC [PSYoungGen: 283104K->256K(275648K)] 506772K->223996K(962624K), 0.0033740 secs] [Times: user=0.02 sys=0.00, real=0.00 secs] 
2014-07-28T18:58:54.102+0000: 2567.789: [GC [PSYoungGen: 275648K->416K(268736K)] 499388K->224212K(955712K), 0.0060460 secs] [Times: user=0.02 sys=0.00, real=0.00 secs] 
2014-07-28T18:58:54.959+0000: 2568.646: [GC [PSYoungGen: 268663K->256K(261760K)] 492459K->224132K(948736K), 0.0034430 secs] [Times: user=0.02 sys=0.00, real=0.00 secs] 
2014-07-28T18:58:55.899+0000: 2569.586: [GC [PSYoungGen: 261760K->384K(255360K)] 485636K->224316K(942336K), 0.0099540 secs] [Times: user=0.07 sys=0.00, real=0.01 secs] 
2014-07-28T18:58:56.862+0000: 2570.549: [GC [PSYoungGen: 255360K->320K(248960K)] 479292K->224300K(935936K), 0.0066510 secs] [Times: user=0.03 sys=0.00, real=0.00 secs] 
2014-07-28T18:58:57.620+0000: 2571.307: [GC [PSYoungGen: 248960K->224K(242816K)] 472940K->224244K(929792K), 0.0061010 secs] [Times: user=0.04 sys=0.01, real=0.00 secs] 
2014-07-28T18:58:58.406+0000: 2572.093: [GC [PSYoungGen: 242784K->352K(237120K)] 466804K->224420K(924096K), 0.0049530 secs] [Times: user=0.02 sys=0.00, real=0.01 secs] 
2014-07-28T18:58:59.179+0000: 2572.866: [GC [PSYoungGen: 237088K->256K(231360K)] 461156K->224372K(918336K), 0.0046560 secs] [Times: user=0.03 sys=0.00, real=0.01 secs] 
2014-07-28T18:58:59.850+0000: 2573.536: [GC [PSYoungGen: 231360K->256K(225920K)] 455476K->224388K(912896K), 0.0062850 secs] [Times: user=0.04 sys=0.00, real=0.01 secs] 
2014-07-28T18:59:00.556+0000: 2574.243: [GC [PSYoungGen: 225920K->288K(220736K)] 450052K->224476K(907712K), 0.0040570 secs] [Times: user=0.02 sys=0.00, real=0.01 secs] 
2014-07-28T18:59:01.341+0000: 2575.028: [GC [PSYoungGen: 220704K->192K(215552K)] 444892K->224412K(902528K), 0.0110340 secs] [Times: user=0.06 sys=0.01, real=0.01 secs] 
2014-07-28T18:59:01.981+0000: 2575.668: [GC [PSYoungGen: 215552K->256K(210752K)] 439772K->224532K(897728K), 0.0041280 secs] [Times: user=0.02 sys=0.00, real=0.00 secs] 
2014-07-28T18:59:02.610+0000: 2576.296: [GC [PSYoungGen: 210752K->352K(206208K)] 435028K->224684K(893184K), 0.0059380 secs] [Times: user=0.04 sys=0.00, real=0.01 secs] 
2014-07-28T18:59:03.247+0000: 2576.934: [GC [PSYoungGen: 206176K->256K(201536K)] 430508K->224644K(888512K), 0.0032100 secs] [Times: user=0.02 sys=0.00, real=0.01 secs] 
2014-07-28T18:59:03.862+0000: 2577.549: [GC [PSYoungGen: 201536K->256K(197184K)] 425924K->224644K(884160K), 0.0038920 secs] [Times: user=0.03 sys=0.00, real=0.00 secs] 
2014-07-28T18:59:04.438+0000: 2578.125: [GC [PSYoungGen: 197184K->384K(193088K)] 421572K->224860K(880064K), 0.0024670 secs] [Times: user=0.01 sys=0.00, real=0.00 secs] 
2014-07-28T18:59:05.059+0000: 2578.746: [GC [PSYoungGen: 193088K->192K(188800K)] 417564K->224708K(875776K), 0.0029720 secs] [Times: user=0.01 sys=0.00, real=0.01 secs] 
2014-07-28T18:59:05.648+0000: 2579.335: [GC [PSYoungGen: 188800K->256K(184896K)] 413316K->224804K(871872K), 0.0026250 secs] [Times: user=0.01 sys=0.00, real=0.01 secs] 
2014-07-28T18:59:06.200+0000: 2579.887: [GC [PSYoungGen: 184896K->224K(181056K)] 409444K->224828K(868032K), 0.0024610 secs] [Times: user=0.01 sys=0.00, real=0.01 secs] 
2014-07-28T18:59:06.769+0000: 2580.456: [GC [PSYoungGen: 181024K->352K(177472K)] 405628K->224964K(864448K), 0.0054490 secs] [Times: user=0.03 sys=0.00, real=0.01 secs] 
2014-07-28T18:59:07.299+0000: 2580.985: [GC [PSYoungGen: 177440K->320K(173824K)] 402052K->224988K(860800K), 0.0066960 secs] [Times: user=0.03 sys=0.00, real=0.01 secs] 
2014-07-28T18:59:07.820+0000: 2581.506: [GC [PSYoungGen: 173824K->288K(170368K)] 398492K->224972K(857344K), 0.0053460 secs] [Times: user=0.02 sys=0.00, real=0.01 secs] 
2014-07-28T18:59:08.338+0000: 2582.024: [GC [PSYoungGen: 170336K->320K(167040K)] 395020K->225068K(854016K), 0.0025520 secs] [Times: user=0.01 sys=0.00, real=0.00 secs] 
2014-07-28T18:59:08.865+0000: 2582.552: [GC [PSYoungGen: 167024K->448K(163904K)] 391772K->225284K(850880K), 0.0037170 secs] [Times: user=0.02 sys=0.00, real=0.00 secs] 
2014-07-28T18:59:09.377+0000: 2583.064: [GC [PSYoungGen: 163904K->192K(160512K)] 388740K->225068K(847488K), 0.0037390 secs] [Times: user=0.02 sys=0.01, real=0.01 secs] 
2014-07-28T18:59:09.847+0000: 2583.534: [GC [PSYoungGen: 160512K->256K(157504K)] 385388K->225156K(844480K), 0.0079060 secs] [Times: user=0.04 sys=0.00, real=0.01 secs] 
2014-07-28T18:59:10.324+0000: 2584.011: [GC [PSYoungGen: 157504K->416K(154752K)] 382404K->225348K(841728K), 0.0048150 secs] [Times: user=0.02 sys=0.00, real=0.00 secs] 
2014-07-28T18:59:10.775+0000: 2584.462: [GC [PSYoungGen: 154720K->224K(151680K)] 379652K->225204K(838656K), 0.0047620 secs] [Times: user=0.03 sys=0.00, real=0.00 secs] 
2014-07-28T18:59:11.240+0000: 2584.927: [GC [PSYoungGen: 151648K->192K(148864K)] 376628K->225196K(835840K), 0.0040030 secs] [Times: user=0.01 sys=0.00, real=0.01 secs] 
2014-07-28T18:59:11.675+0000: 2585.362: [GC [PSYoungGen: 148864K->320K(146304K)] 373868K->225348K(833280K), 0.0023740 secs] [Times: user=0.02 sys=0.00, real=0.00 secs] 
2014-07-28T18:59:12.131+0000: 2585.818: [GC [PSYoungGen: 146304K->288K(143680K)] 371332K->225372K(830656K), 0.0056830 secs] [Times: user=0.03 sys=0.00, real=0.01 secs] 
2014-07-28T18:59:12.555+0000: 2586.242: [GC [PSYoungGen: 143648K->224K(172288K)] 368732K->225340K(859264K), 0.0062340 secs] [Times: user=0.03 sys=0.00, real=0.00 secs] 
2014-07-28T18:59:13.077+0000: 2586.764: [GC [PSYoungGen: 172255K->256K(168896K)] 397371K->225420K(855872K), 0.0037590 secs] [Times: user=0.03 sys=0.00, real=0.00 secs] 
2014-07-28T18:59:13.584+0000: 2587.270: [GC [PSYoungGen: 168896K->416K(202816K)] 394060K->225628K(889792K), 0.0058200 secs] [Times: user=0.04 sys=0.00, real=0.00 secs] 
2014-07-28T18:59:14.225+0000: 2587.912: [GC [PSYoungGen: 202784K->192K(198144K)] 427996K->225428K(885120K), 0.0061470 secs] [Times: user=0.02 sys=0.01, real=0.00 secs] 
2014-07-28T18:59:14.827+0000: 2588.513: [GC [PSYoungGen: 198144K->288K(193984K)] 423380K->225548K(880960K), 0.0041300 secs] [Times: user=0.03 sys=0.00, real=0.00 secs] 
2014-07-28T18:59:15.382+0000: 2589.069: [GC [PSYoungGen: 193952K->320K(189888K)] 419212K->225652K(876864K), 0.0055610 secs] [Times: user=0.03 sys=0.00, real=0.00 secs] 
2014-07-28T18:59:15.934+0000: 2589.621: [GC [PSYoungGen: 189888K->224K(227776K)] 415220K->225596K(914752K), 0.0075930 secs] [Times: user=0.05 sys=0.00, real=0.01 secs] 
2014-07-28T18:59:16.592+0000: 2590.279: [GC [PSYoungGen: 227744K->416K(222656K)] 453116K->225812K(909632K), 0.0042400 secs] [Times: user=0.02 sys=0.00, real=0.00 secs] 
2014-07-28T18:59:17.223+0000: 2590.909: [GC [PSYoungGen: 222624K->320K(217408K)] 448020K->225788K(904384K), 0.0038360 secs] [Times: user=0.03 sys=0.00, real=0.01 secs] 
2014-07-28T18:59:17.844+0000: 2591.531: [GC [PSYoungGen: 217408K->320K(212480K)] 442876K->225820K(899456K), 0.0045850 secs] [Times: user=0.03 sys=0.00, real=0.00 secs] 
2014-07-28T18:59:18.459+0000: 2592.146: [GC [PSYoungGen: 212480K->352K(207808K)] 437980K->225924K(894784K), 0.0038750 secs] [Times: user=0.03 sys=0.00, real=0.01 secs] 
2014-07-28T18:59:19.095+0000: 2592.782: [GC [PSYoungGen: 207776K->352K(203200K)] 433348K->226004K(890176K), 0.0042230 secs] [Times: user=0.02 sys=0.00, real=0.00 secs] 
2014-07-28T18:59:19.709+0000: 2593.396: [GC [PSYoungGen: 203168K->224K(198656K)] 428820K->225900K(885632K), 0.0067330 secs] [Times: user=0.04 sys=0.00, real=0.01 secs] 
2014-07-28T18:59:20.306+0000: 2593.993: [GC [PSYoungGen: 198624K->256K(194368K)] 424300K->225988K(881344K), 0.0046550 secs] [Times: user=0.03 sys=0.00, real=0.00 secs] 
2014-07-28T18:59:20.899+0000: 2594.586: [GC [PSYoungGen: 194368K->192K(190144K)] 420100K->225948K(877120K), 0.0030440 secs] [Times: user=0.02 sys=0.00, real=0.00 secs] 
2014-07-28T18:59:21.480+0000: 2595.166: [GC [PSYoungGen: 190144K->288K(186304K)] 415900K->226108K(873280K), 0.0030480 secs] [Times: user=0.02 sys=0.01, real=0.00 secs] 
2014-07-28T18:59:22.054+0000: 2595.741: [GC [PSYoungGen: 186272K->256K(182400K)] 412092K->226116K(869376K), 0.0083770 secs] [Times: user=0.05 sys=0.00, real=0.00 secs] 
2014-07-28T18:59:22.599+0000: 2596.285: [GC [PSYoungGen: 182400K->448K(178880K)] 408260K->226356K(865856K), 0.0036310 secs] [Times: user=0.02 sys=0.00, real=0.00 secs] 
2014-07-28T18:59:23.153+0000: 2596.840: [GC [PSYoungGen: 178880K->320K(175104K)] 404788K->226292K(862080K), 0.0041800 secs] [Times: user=0.03 sys=0.00, real=0.01 secs] 
2014-07-28T18:59:23.711+0000: 2597.398: [GC [PSYoungGen: 175104K->320K(171584K)] 401076K->226340K(858560K), 0.0033320 secs] [Times: user=0.02 sys=0.00, real=0.01 secs] 
2014-07-28T18:59:24.296+0000: 2597.983: [GC [PSYoungGen: 171584K->288K(168192K)] 397604K->226372K(855168K), 0.0042510 secs] [Times: user=0.03 sys=0.00, real=0.00 secs] 
2014-07-28T18:59:24.833+0000: 2598.519: [GC [PSYoungGen: 168160K->320K(164928K)] 394244K->226420K(851904K), 0.0041620 secs] [Times: user=0.02 sys=0.00, real=0.01 secs] 
2014-07-28T18:59:25.383+0000: 2599.070: [GC [PSYoungGen: 164928K->288K(161728K)] 391028K->226436K(848704K), 0.0038720 secs] [Times: user=0.02 sys=0.00, real=0.01 secs] 
2014-07-28T18:59:25.886+0000: 2599.572: [GC [PSYoungGen: 161696K->224K(158592K)] 387844K->226404K(845568K), 0.0087030 secs] [Times: user=0.04 sys=0.01, real=0.01 secs] 
2014-07-28T18:59:26.384+0000: 2600.071: [GC [PSYoungGen: 158511K->256K(190272K)] 384691K->226460K(877248K), 0.0079070 secs] [Times: user=0.05 sys=0.00, real=0.00 secs] 
2014-07-28T18:59:26.997+0000: 2600.684: [GC [PSYoungGen: 190272K->256K(228288K)] 416476K->226476K(915264K), 0.0054130 secs] [Times: user=0.01 sys=0.01, real=0.00 secs] 
2014-07-28T18:59:27.756+0000: 2601.443: [GC [PSYoungGen: 228288K->320K(223040K)] 454508K->226556K(910016K), 0.0037870 secs] [Times: user=0.02 sys=0.00, real=0.00 secs] 
2014-07-28T18:59:28.461+0000: 2602.148: [GC [PSYoungGen: 223040K->384K(217984K)] 449276K->226700K(904960K), 0.0028080 secs] [Times: user=0.01 sys=0.01, real=0.01 secs] 
2014-07-28T18:59:29.145+0000: 2602.832: [GC [PSYoungGen: 217984K->352K(213056K)] 444300K->226724K(900032K), 0.0039200 secs] [Times: user=0.03 sys=0.00, real=0.00 secs] 
2014-07-28T18:59:29.792+0000: 2603.479: [GC [PSYoungGen: 213024K->192K(208064K)] 439396K->226572K(895040K), 0.0097870 secs] [Times: user=0.05 sys=0.00, real=0.01 secs] 
2014-07-28T18:59:30.419+0000: 2604.106: [GC [PSYoungGen: 208064K->384K(249856K)] 434444K->226820K(936832K), 0.0146890 secs] [Times: user=0.08 sys=0.00, real=0.01 secs] 
2014-07-28T18:59:31.164+0000: 2604.851: [GC [PSYoungGen: 249856K->384K(274944K)] 476292K->226908K(961920K), 0.0083350 secs] [Times: user=0.05 sys=0.00, real=0.01 secs] 
2014-07-28T18:59:31.964+0000: 2605.651: [GC [PSYoungGen: 274816K->192K(274944K)] 501340K->226732K(961920K), 0.0097990 secs] [Times: user=0.05 sys=0.00, real=0.01 secs] 
2014-07-28T18:59:32.856+0000: 2606.542: [GC [PSYoungGen: 274624K->384K(267776K)] 501164K->227020K(954752K), 0.0025520 secs] [Times: user=0.01 sys=0.00, real=0.00 secs] 
2014-07-28T18:59:33.710+0000: 2607.397: [GC [PSYoungGen: 267776K->416K(261056K)] 494412K->227140K(948032K), 0.0043740 secs] [Times: user=0.02 sys=0.00, real=0.00 secs] 
2014-07-28T18:59:34.505+0000: 2608.192: [GC [PSYoungGen: 261024K->256K(254336K)] 487748K->227084K(941312K), 0.0050550 secs] [Times: user=0.03 sys=0.00, real=0.01 secs] 
2014-07-28T18:59:35.261+0000: 2608.948: [GC [PSYoungGen: 254336K->256K(248064K)] 481164K->227132K(935040K), 0.0042160 secs] [Times: user=0.03 sys=0.00, real=0.01 secs] 
2014-07-28T18:59:35.988+0000: 2609.675: [GC [PSYoungGen: 248064K->320K(242112K)] 474940K->227220K(929088K), 0.0036660 secs] [Times: user=0.02 sys=0.00, real=0.00 secs] 
2014-07-28T18:59:36.700+0000: 2610.387: [GC [PSYoungGen: 242112K->320K(236288K)] 469012K->227292K(923264K), 0.0042520 secs] [Times: user=0.02 sys=0.00, real=0.00 secs] 
2014-07-28T18:59:37.414+0000: 2611.101: [GC [PSYoungGen: 236288K->288K(230656K)] 463260K->227316K(917632K), 0.0042920 secs] [Times: user=0.03 sys=0.00, real=0.01 secs] 
2014-07-28T18:59:38.094+0000: 2611.781: [GC [PSYoungGen: 230624K->288K(225280K)] 457652K->227380K(912256K), 0.0057030 secs] [Times: user=0.03 sys=0.00, real=0.01 secs] 
2014-07-28T18:59:38.783+0000: 2612.470: [GC [PSYoungGen: 225248K->256K(220032K)] 452340K->227356K(907008K), 0.0060270 secs] [Times: user=0.04 sys=0.00, real=0.01 secs] 
2014-07-28T18:59:39.478+0000: 2613.165: [GC [PSYoungGen: 220032K->352K(215104K)] 447132K->227540K(902080K), 0.0031760 secs] [Times: user=0.02 sys=0.00, real=0.00 secs] 
2014-07-28T18:59:40.138+0000: 2613.825: [GC [PSYoungGen: 215072K->288K(210176K)] 442260K->227524K(897152K), 0.0039260 secs] [Times: user=0.02 sys=0.00, real=0.00 secs] 
2014-07-28T18:59:40.796+0000: 2614.483: [GC [PSYoungGen: 210144K->384K(205568K)] 437380K->227636K(892544K), 0.0050700 secs] [Times: user=0.03 sys=0.00, real=0.01 secs] 
2014-07-28T18:59:41.445+0000: 2615.132: [GC [PSYoungGen: 205568K->256K(200896K)] 432820K->227596K(887872K), 0.0027390 secs] [Times: user=0.02 sys=0.00, real=0.01 secs] 
2014-07-28T18:59:42.068+0000: 2615.755: [GC [PSYoungGen: 200896K->160K(196480K)] 428236K->227532K(883456K), 0.0034240 secs] [Times: user=0.01 sys=0.00, real=0.00 secs] 
2014-07-28T18:59:42.727+0000: 2616.414: [GC [PSYoungGen: 196448K->480K(192576K)] 423820K->227860K(879552K), 0.0074580 secs] [Times: user=0.03 sys=0.00, real=0.00 secs] 
2014-07-28T18:59:43.388+0000: 2617.074: [GC [PSYoungGen: 192544K->224K(188224K)] 419924K->227636K(875200K), 0.0064540 secs] [Times: user=0.03 sys=0.00, real=0.00 secs] 
2014-07-28T18:59:43.962+0000: 2617.649: [GC [PSYoungGen: 188192K->288K(184384K)] 415604K->227740K(871360K), 0.0092450 secs] [Times: user=0.04 sys=0.00, real=0.01 secs] 
2014-07-28T18:59:44.556+0000: 2618.243: [GC [PSYoungGen: 184352K->384K(180672K)] 411804K->227852K(867648K), 0.0030910 secs] [Times: user=0.01 sys=0.00, real=0.01 secs] 
2014-07-28T18:59:45.081+0000: 2618.768: [GC [PSYoungGen: 180672K->384K(177024K)] 408140K->227948K(864000K), 0.0053140 secs] [Times: user=0.03 sys=0.01, real=0.00 secs] 
2014-07-28T18:59:45.605+0000: 2619.292: [GC [PSYoungGen: 177024K->384K(173440K)] 404588K->228004K(860416K), 0.0047380 secs] [Times: user=0.03 sys=0.00, real=0.01 secs] 
2014-07-28T18:59:46.113+0000: 2619.800: [GC [PSYoungGen: 173440K->256K(169856K)] 401060K->227940K(856832K), 0.0039760 secs] [Times: user=0.03 sys=0.00, real=0.00 secs] 
2014-07-28T18:59:46.660+0000: 2620.347: [GC [PSYoungGen: 169856K->384K(166656K)] 397540K->228108K(853632K), 0.0038950 secs] [Times: user=0.02 sys=0.01, real=0.00 secs] 
2014-07-28T18:59:47.185+0000: 2620.872: [GC [PSYoungGen: 166656K->224K(163328K)] 394380K->227988K(850304K), 0.0069140 secs] [Times: user=0.05 sys=0.00, real=0.01 secs] 
2014-07-28T18:59:47.655+0000: 2621.342: [GC [PSYoungGen: 163296K->320K(160256K)] 391060K->228116K(847232K), 0.0033350 secs] [Times: user=0.01 sys=0.00, real=0.01 secs] 
2014-07-28T18:59:48.152+0000: 2621.839: [GC [PSYoungGen: 160256K->352K(192320K)] 388052K->228228K(879296K), 0.0080050 secs] [Times: user=0.04 sys=0.00, real=0.01 secs] 
2014-07-28T18:59:48.726+0000: 2622.413: [GC [PSYoungGen: 192288K->224K(230592K)] 420164K->228124K(917568K), 0.0064640 secs] [Times: user=0.04 sys=0.00, real=0.01 secs] 
2014-07-28T18:59:49.416+0000: 2623.102: [GC [PSYoungGen: 230560K->352K(225344K)] 458460K->228316K(912320K), 0.0030560 secs] [Times: user=0.01 sys=0.00, real=0.01 secs] 
2014-07-28T18:59:50.106+0000: 2623.793: [GC [PSYoungGen: 225284K->274K(220096K)] 453249K->228278K(907072K), 0.0030300 secs] [Times: user=0.02 sys=0.00, real=0.01 secs] 
2014-07-28T18:59:50.742+0000: 2624.429: [GC [PSYoungGen: 220050K->384K(215104K)] 448054K->228396K(902080K), 0.0044300 secs] [Times: user=0.02 sys=0.00, real=0.00 secs] 
2014-07-28T18:59:51.394+0000: 2625.081: [GC [PSYoungGen: 215104K->256K(210112K)] 443116K->228316K(897088K), 0.0025420 secs] [Times: user=0.01 sys=0.00, real=0.00 secs] 
2014-07-28T18:59:51.995+0000: 2625.682: [GC [PSYoungGen: 210112K->448K(205632K)] 438172K->228596K(892608K), 0.0077420 secs] [Times: user=0.04 sys=0.00, real=0.01 secs] 
2014-07-28T18:59:52.632+0000: 2626.319: [GC [PSYoungGen: 205632K->288K(200960K)] 433780K->228444K(887936K), 0.0057960 secs] [Times: user=0.02 sys=0.00, real=0.01 secs] 
2014-07-28T18:59:53.225+0000: 2626.912: [GC [PSYoungGen: 200928K->288K(196608K)] 429084K->228508K(883584K), 0.0024160 secs] [Times: user=0.01 sys=0.01, real=0.00 secs] 
2014-07-28T18:59:53.805+0000: 2627.492: [GC [PSYoungGen: 196576K->288K(192384K)] 424796K->228508K(879360K), 0.0026680 secs] [Times: user=0.01 sys=0.00, real=0.00 secs] 
2014-07-28T18:59:54.434+0000: 2628.121: [GC [PSYoungGen: 192352K->256K(188224K)] 420572K->228540K(875200K), 0.0022550 secs] [Times: user=0.01 sys=0.00, real=0.00 secs] 
2014-07-28T18:59:54.990+0000: 2628.677: [GC [PSYoungGen: 188224K->320K(184384K)] 416508K->228684K(871360K), 0.0028460 secs] [Times: user=0.01 sys=0.00, real=0.00 secs] 
2014-07-28T18:59:55.562+0000: 2629.249: [GC [PSYoungGen: 184384K->256K(180544K)] 412748K->228636K(867520K), 0.0035600 secs] [Times: user=0.02 sys=0.00, real=0.00 secs] 
2014-07-28T18:59:56.133+0000: 2629.820: [GC [PSYoungGen: 180544K->256K(176896K)] 408924K->228676K(863872K), 0.0047090 secs] [Times: user=0.01 sys=0.00, real=0.00 secs] 
2014-07-28T18:59:56.653+0000: 2630.340: [GC [PSYoungGen: 176896K->352K(173440K)] 405316K->228804K(860416K), 0.0042790 secs] [Times: user=0.02 sys=0.00, real=0.00 secs] 
2014-07-28T18:59:57.173+0000: 2630.860: [GC [PSYoungGen: 173408K->256K(169856K)] 401860K->228772K(856832K), 0.0058910 secs] [Times: user=0.03 sys=0.00, real=0.00 secs] 
2014-07-28T18:59:57.665+0000: 2631.351: [GC [PSYoungGen: 169856K->256K(166528K)] 398372K->228820K(853504K), 0.0034560 secs] [Times: user=0.01 sys=0.00, real=0.00 secs] 
2014-07-28T18:59:58.159+0000: 2631.846: [GC [PSYoungGen: 166528K->320K(163392K)] 395092K->228948K(850368K), 0.0037410 secs] [Times: user=0.02 sys=0.00, real=0.01 secs] 
2014-07-28T18:59:58.654+0000: 2632.341: [GC [PSYoungGen: 163392K->320K(160256K)] 392020K->228988K(847232K), 0.0050800 secs] [Times: user=0.02 sys=0.01, real=0.01 secs] 
2014-07-28T18:59:59.139+0000: 2632.826: [GC [PSYoungGen: 160256K->320K(157248K)] 388924K->229036K(844224K), 0.0055210 secs] [Times: user=0.04 sys=0.00, real=0.00 secs] 
2014-07-28T18:59:59.602+0000: 2633.289: [GC [PSYoungGen: 157248K->256K(154240K)] 385964K->229012K(841216K), 0.0061130 secs] [Times: user=0.04 sys=0.00, real=0.00 secs] 
2014-07-28T19:00:00.079+0000: 2633.766: [GC [PSYoungGen: 154240K->288K(151488K)] 382996K->229084K(838464K), 0.0044900 secs] [Times: user=0.01 sys=0.00, real=0.00 secs] 
2014-07-28T19:00:00.528+0000: 2634.215: [GC [PSYoungGen: 151456K->320K(148736K)] 380252K->229172K(835712K), 0.0041500 secs] [Times: user=0.03 sys=0.00, real=0.01 secs] 
2014-07-28T19:00:00.962+0000: 2634.649: [GC [PSYoungGen: 148700K->448K(178560K)] 377553K->229396K(865536K), 0.0065050 secs] [Times: user=0.04 sys=0.00, real=0.00 secs] 
2014-07-28T19:00:01.555+0000: 2635.242: [GC [PSYoungGen: 178560K->192K(213952K)] 407508K->229204K(900928K), 0.0056620 secs] [Times: user=0.03 sys=0.00, real=0.01 secs] 
2014-07-28T19:00:02.248+0000: 2635.935: [GC [PSYoungGen: 213952K->320K(209280K)] 442964K->229404K(896256K), 0.0041590 secs] [Times: user=0.02 sys=0.00, real=0.01 secs] 
2014-07-28T19:00:02.935+0000: 2636.622: [GC [PSYoungGen: 209280K->320K(204608K)] 438364K->229428K(891584K), 0.0039310 secs] [Times: user=0.01 sys=0.00, real=0.00 secs] 
2014-07-28T19:00:03.565+0000: 2637.252: [GC [PSYoungGen: 204608K->352K(200192K)] 433716K->229516K(887168K), 0.0028960 secs] [Times: user=0.01 sys=0.00, real=0.00 secs] 
2014-07-28T19:00:04.178+0000: 2637.865: [GC [PSYoungGen: 200160K->320K(195776K)] 429324K->229556K(882752K), 0.0060140 secs] [Times: user=0.04 sys=0.00, real=0.01 secs] 
2014-07-28T19:00:04.792+0000: 2638.479: [GC [PSYoungGen: 195776K->352K(191680K)] 425012K->229604K(878656K), 0.0035910 secs] [Times: user=0.02 sys=0.00, real=0.00 secs] 
2014-07-28T19:00:05.384+0000: 2639.071: [GC [PSYoungGen: 191648K->256K(229824K)] 420900K->229548K(916800K), 0.0114310 secs] [Times: user=0.06 sys=0.00, real=0.01 secs] 
2014-07-28T19:00:06.077+0000: 2639.764: [GC [PSYoungGen: 229824K->224K(224448K)] 459116K->229556K(911424K), 0.0029500 secs] [Times: user=0.01 sys=0.00, real=0.00 secs] 
2014-07-28T19:00:06.738+0000: 2640.425: [GC [PSYoungGen: 224416K->288K(219328K)] 453748K->229644K(906304K), 0.0028230 secs] [Times: user=0.02 sys=0.01, real=0.01 secs] 
2014-07-28T19:00:07.386+0000: 2641.072: [GC [PSYoungGen: 219296K->320K(214336K)] 448652K->229724K(901312K), 0.0044300 secs] [Times: user=0.02 sys=0.00, real=0.01 secs] 
2014-07-28T19:00:08.066+0000: 2641.753: [GC [PSYoungGen: 214336K->288K(209536K)] 443740K->229724K(896512K), 0.0090110 secs] [Times: user=0.06 sys=0.00, real=0.01 secs] 
2014-07-28T19:00:08.698+0000: 2642.385: [GC [PSYoungGen: 209504K->384K(204928K)] 438940K->229828K(891904K), 0.0056140 secs] [Times: user=0.03 sys=0.00, real=0.01 secs] 
2014-07-28T19:00:09.370+0000: 2643.057: [GC [PSYoungGen: 204928K->256K(200320K)] 434372K->229764K(887296K), 0.0054260 secs] [Times: user=0.04 sys=0.00, real=0.00 secs] 
2014-07-28T19:00:10.009+0000: 2643.696: [GC [PSYoungGen: 200320K->256K(195968K)] 429828K->229812K(882944K), 0.0029290 secs] [Times: user=0.01 sys=0.01, real=0.01 secs] 
2014-07-28T19:00:10.583+0000: 2644.270: [GC [PSYoungGen: 195968K->320K(191872K)] 425524K->229884K(878848K), 0.0064100 secs] [Times: user=0.03 sys=0.01, real=0.00 secs] 
2014-07-28T19:00:11.195+0000: 2644.882: [GC [PSYoungGen: 191872K->224K(187776K)] 421436K->229828K(874752K), 0.0029630 secs] [Times: user=0.01 sys=0.00, real=0.00 secs] 
2014-07-28T19:00:11.837+0000: 2645.524: [GC [PSYoungGen: 187744K->320K(183936K)] 417348K->229932K(870912K), 0.0035460 secs] [Times: user=0.02 sys=0.00, real=0.00 secs] 
2014-07-28T19:00:12.475+0000: 2646.162: [GC [PSYoungGen: 183936K->288K(180160K)] 413548K->229948K(867136K), 0.0060980 secs] [Times: user=0.04 sys=0.00, real=0.00 secs] 
2014-07-28T19:00:13.074+0000: 2646.761: [GC [PSYoungGen: 180111K->320K(176512K)] 409771K->230036K(863488K), 0.0079510 secs] [Times: user=0.04 sys=0.00, real=0.01 secs] 
2014-07-28T19:00:13.609+0000: 2647.296: [GC [PSYoungGen: 176512K->320K(172992K)] 406228K->230084K(859968K), 0.0032650 secs] [Times: user=0.02 sys=0.00, real=0.01 secs] 
2014-07-28T19:00:14.136+0000: 2647.823: [GC [PSYoungGen: 172992K->192K(207424K)] 402756K->229988K(894400K), 0.0084960 secs] [Times: user=0.05 sys=0.00, real=0.01 secs] 
2014-07-28T19:00:14.772+0000: 2648.458: [GC [PSYoungGen: 207424K->224K(248960K)] 437220K->230044K(935936K), 0.0093610 secs] [Times: user=0.06 sys=0.00, real=0.01 secs] 
2014-07-28T19:00:15.539+0000: 2649.226: [GC [PSYoungGen: 248928K->448K(243072K)] 478748K->230340K(930048K), 0.0037240 secs] [Times: user=0.01 sys=0.00, real=0.01 secs] 
2014-07-28T19:00:16.278+0000: 2649.964: [GC [PSYoungGen: 243072K->352K(237184K)] 472964K->230316K(924160K), 0.0048930 secs] [Times: user=0.03 sys=0.00, real=0.01 secs] 
2014-07-28T19:00:17.015+0000: 2650.702: [GC [PSYoungGen: 237152K->256K(231424K)] 467116K->230252K(918400K), 0.0065920 secs] [Times: user=0.03 sys=0.00, real=0.00 secs] 
2014-07-28T19:00:17.718+0000: 2651.405: [GC [PSYoungGen: 231424K->288K(226048K)] 461420K->230332K(913024K), 0.0036360 secs] [Times: user=0.01 sys=0.00, real=0.01 secs] 
2014-07-28T19:00:18.430+0000: 2652.117: [GC [PSYoungGen: 226016K->352K(220864K)] 456060K->230468K(907840K), 0.0040970 secs] [Times: user=0.03 sys=0.00, real=0.01 secs] 
2014-07-28T19:00:19.136+0000: 2652.823: [GC [PSYoungGen: 220832K->192K(215616K)] 450948K->230332K(902592K), 0.0101440 secs] [Times: user=0.05 sys=0.00, real=0.01 secs] 
2014-07-28T19:00:19.848+0000: 2653.535: [GC [PSYoungGen: 215616K->416K(211008K)] 445756K->230572K(897984K), 0.0044030 secs] [Times: user=0.03 sys=0.00, real=0.01 secs] 
2014-07-28T19:00:20.518+0000: 2654.205: [GC [PSYoungGen: 210976K->256K(206144K)] 441132K->230460K(893120K), 0.0049870 secs] [Times: user=0.03 sys=0.00, real=0.01 secs] 
2014-07-28T19:00:21.174+0000: 2654.861: [GC [PSYoungGen: 206144K->384K(201728K)] 436348K->230676K(888704K), 0.0059340 secs] [Times: user=0.04 sys=0.00, real=0.00 secs] 
2014-07-28T19:00:21.840+0000: 2655.526: [GC [PSYoungGen: 201728K->384K(197376K)] 432020K->230700K(884352K), 0.0035590 secs] [Times: user=0.02 sys=0.00, real=0.01 secs] 
2014-07-28T19:00:22.454+0000: 2656.141: [GC [PSYoungGen: 197376K->384K(193152K)] 427692K->230772K(880128K), 0.0086340 secs] [Times: user=0.05 sys=0.00, real=0.01 secs] 
2014-07-28T19:00:23.057+0000: 2656.744: [GC [PSYoungGen: 193152K->320K(188992K)] 423540K->230788K(875968K), 0.0033620 secs] [Times: user=0.02 sys=0.00, real=0.00 secs] 
2014-07-28T19:00:23.664+0000: 2657.351: [GC [PSYoungGen: 188992K->352K(185088K)] 419460K->230860K(872064K), 0.0034600 secs] [Times: user=0.02 sys=0.00, real=0.00 secs] 
2014-07-28T19:00:24.246+0000: 2657.933: [GC [PSYoungGen: 185011K->448K(181312K)] 415519K->231012K(868288K), 0.0091930 secs] [Times: user=0.05 sys=0.01, real=0.01 secs] 
2014-07-28T19:00:24.819+0000: 2658.506: [GC [PSYoungGen: 181312K->256K(177408K)] 411876K->230908K(864384K), 0.0030670 secs] [Times: user=0.02 sys=0.00, real=0.00 secs] 
2014-07-28T19:00:25.368+0000: 2659.055: [GC [PSYoungGen: 177408K->320K(173888K)] 408060K->231028K(860864K), 0.0062200 secs] [Times: user=0.04 sys=0.01, real=0.01 secs] 
2014-07-28T19:00:25.916+0000: 2659.602: [GC [PSYoungGen: 173888K->416K(170560K)] 404596K->231196K(857536K), 0.0038450 secs] [Times: user=0.03 sys=0.00, real=0.00 secs] 
2014-07-28T19:00:26.494+0000: 2660.181: [GC [PSYoungGen: 170528K->256K(167040K)] 401308K->231076K(854016K), 0.0049810 secs] [Times: user=0.03 sys=0.00, real=0.00 secs] 
2014-07-28T19:00:27.036+0000: 2660.723: [GC [PSYoungGen: 167040K->320K(163840K)] 397860K->231204K(850816K), 0.0072770 secs] [Times: user=0.04 sys=0.00, real=0.01 secs] 
2014-07-28T19:00:27.567+0000: 2661.253: [GC [PSYoungGen: 163840K->256K(160640K)] 394724K->231172K(847616K), 0.0059100 secs] [Times: user=0.04 sys=0.00, real=0.00 secs] 
2014-07-28T19:00:28.097+0000: 2661.784: [GC [PSYoungGen: 160640K->352K(157696K)] 391556K->231348K(844672K), 0.0041890 secs] [Times: user=0.02 sys=0.00, real=0.00 secs] 
2014-07-28T19:00:28.601+0000: 2662.288: [GC [PSYoungGen: 157664K->288K(154688K)] 388660K->231324K(841664K), 0.0044170 secs] [Times: user=0.02 sys=0.00, real=0.01 secs] 
2014-07-28T19:00:29.091+0000: 2662.778: [GC [PSYoungGen: 154656K->352K(151872K)] 385692K->231444K(838848K), 0.0025660 secs] [Times: user=0.01 sys=0.00, real=0.01 secs] 
2014-07-28T19:00:29.601+0000: 2663.288: [GC [PSYoungGen: 151840K->288K(182144K)] 382932K->231420K(869120K), 0.0104260 secs] [Times: user=0.06 sys=0.00, real=0.01 secs] 
2014-07-28T19:00:30.191+0000: 2663.878: [GC [PSYoungGen: 182112K->224K(178368K)] 413244K->231388K(865344K), 0.0031610 secs] [Times: user=0.01 sys=0.00, real=0.01 secs] 
2014-07-28T19:00:30.786+0000: 2664.473: [GC [PSYoungGen: 178336K->320K(174848K)] 409500K->231492K(861824K), 0.0053800 secs] [Times: user=0.04 sys=0.00, real=0.00 secs] 
2014-07-28T19:00:31.369+0000: 2665.055: [GC [PSYoungGen: 174848K->352K(171392K)] 406020K->231588K(858368K), 0.0039130 secs] [Times: user=0.03 sys=0.00, real=0.00 secs] 
2014-07-28T19:00:31.942+0000: 2665.629: [GC [PSYoungGen: 171360K->416K(168064K)] 402596K->231740K(855040K), 0.0038250 secs] [Times: user=0.02 sys=0.00, real=0.01 secs] 
2014-07-28T19:00:32.477+0000: 2666.164: [GC [PSYoungGen: 168032K->256K(164608K)] 399356K->231668K(851584K), 0.0041480 secs] [Times: user=0.02 sys=0.00, real=0.00 secs] 
2014-07-28T19:00:32.998+0000: 2666.684: [GC [PSYoungGen: 164608K->416K(161664K)] 396020K->231900K(848640K), 0.0066710 secs] [Times: user=0.04 sys=0.00, real=0.01 secs] 
2014-07-28T19:00:33.544+0000: 2667.231: [GC [PSYoungGen: 161632K->384K(158528K)] 393116K->231900K(845504K), 0.0037570 secs] [Times: user=0.02 sys=0.00, real=0.00 secs] 
2014-07-28T19:00:34.044+0000: 2667.731: [GC [PSYoungGen: 158528K->352K(155584K)] 390044K->231956K(842560K), 0.0037790 secs] [Times: user=0.01 sys=0.00, real=0.01 secs] 
2014-07-28T19:00:34.572+0000: 2668.258: [GC [PSYoungGen: 155552K->320K(152640K)] 387156K->231956K(839616K), 0.0028910 secs] [Times: user=0.02 sys=0.00, real=0.01 secs] 
2014-07-28T19:00:35.053+0000: 2668.740: [GC [PSYoungGen: 152640K->416K(149952K)] 384276K->232140K(836928K), 0.0047230 secs] [Times: user=0.03 sys=0.00, real=0.01 secs] 
2014-07-28T19:00:35.549+0000: 2669.236: [GC [PSYoungGen: 149920K->306K(147136K)] 381644K->232118K(834112K), 0.0034920 secs] [Times: user=0.02 sys=0.00, real=0.00 secs] 
2014-07-28T19:00:36.034+0000: 2669.721: [GC [PSYoungGen: 147122K->384K(144576K)] 378934K->232292K(831552K), 0.0045510 secs] [Times: user=0.03 sys=0.00, real=0.01 secs] 
2014-07-28T19:00:36.508+0000: 2670.195: [GC [PSYoungGen: 144576K->256K(141888K)] 376484K->232196K(828864K), 0.0029120 secs] [Times: user=0.01 sys=0.00, real=0.00 secs] 
2014-07-28T19:00:36.952+0000: 2670.639: [GC [PSYoungGen: 141888K->352K(139520K)] 373828K->232364K(826496K), 0.0035850 secs] [Times: user=0.02 sys=0.00, real=0.01 secs] 
2014-07-28T19:00:37.394+0000: 2671.081: [GC [PSYoungGen: 139488K->448K(137152K)] 371500K->232492K(824128K), 0.0024710 secs] [Times: user=0.02 sys=0.00, real=0.01 secs] 
2014-07-28T19:00:37.878+0000: 2671.565: [GC [PSYoungGen: 137152K->352K(134720K)] 369196K->232476K(821696K), 0.0074110 secs] [Times: user=0.05 sys=0.00, real=0.01 secs] 
2014-07-28T19:00:38.327+0000: 2672.014: [GC [PSYoungGen: 134688K->192K(132288K)] 366812K->232348K(819264K), 0.0044090 secs] [Times: user=0.02 sys=0.00, real=0.00 secs] 
2014-07-28T19:00:38.798+0000: 2672.485: [GC [PSYoungGen: 132288K->416K(130368K)] 364444K->232604K(817344K), 0.0036660 secs] [Times: user=0.01 sys=0.00, real=0.00 secs] 
2014-07-28T19:00:39.217+0000: 2672.904: [GC [PSYoungGen: 130336K->416K(128192K)] 362524K->232708K(815168K), 0.0055760 secs] [Times: user=0.03 sys=0.00, real=0.00 secs] 
2014-07-28T19:00:39.663+0000: 2673.350: [GC [PSYoungGen: 128160K->256K(125888K)] 360452K->232564K(812864K), 0.0028780 secs] [Times: user=0.02 sys=0.00, real=0.01 secs] 
2014-07-28T19:00:40.108+0000: 2673.795: [GC [PSYoungGen: 125888K->352K(123968K)] 358196K->232716K(810944K), 0.0026000 secs] [Times: user=0.01 sys=0.00, real=0.00 secs] 
2014-07-28T19:00:40.501+0000: 2674.188: [GC [PSYoungGen: 123936K->224K(121856K)] 356300K->232628K(808832K), 0.0027730 secs] [Times: user=0.01 sys=0.00, real=0.00 secs] 
2014-07-28T19:00:40.900+0000: 2674.587: [GC [PSYoungGen: 121824K->320K(120000K)] 354228K->232796K(806976K), 0.0066880 secs] [Times: user=0.04 sys=0.00, real=0.01 secs] 
2014-07-28T19:00:41.277+0000: 2674.964: [GC [PSYoungGen: 120000K->320K(143936K)] 352476K->232820K(830912K), 0.0072760 secs] [Times: user=0.04 sys=0.00, real=0.00 secs] 
2014-07-28T19:00:41.720+0000: 2675.407: [GC [PSYoungGen: 143935K->448K(172800K)] 376436K->232972K(859776K), 0.0053660 secs] [Times: user=0.03 sys=0.00, real=0.01 secs] 
2014-07-28T19:00:42.241+0000: 2675.928: [GC [PSYoungGen: 172800K->224K(207104K)] 405324K->232772K(894080K), 0.0072800 secs] [Times: user=0.03 sys=0.01, real=0.01 secs] 
2014-07-28T19:00:42.945+0000: 2676.632: [GC [PSYoungGen: 207072K->224K(248512K)] 439620K->232780K(935488K), 0.0058090 secs] [Times: user=0.01 sys=0.00, real=0.01 secs] 
2014-07-28T19:00:43.753+0000: 2677.440: [GC [PSYoungGen: 248480K->370K(298304K)] 481036K->232990K(985280K), 0.0089330 secs] [Times: user=0.06 sys=0.00, real=0.01 secs] 
2014-07-28T19:00:44.724+0000: 2678.411: [GC [PSYoungGen: 298290K->288K(307968K)] 530910K->232972K(994944K), 0.0065300 secs] [Times: user=0.05 sys=0.00, real=0.01 secs] 
2014-07-28T19:00:45.709+0000: 2679.396: [GC [PSYoungGen: 307680K->352K(299456K)] 540364K->233100K(986432K), 0.0046550 secs] [Times: user=0.02 sys=0.00, real=0.00 secs] 
2014-07-28T19:00:46.697+0000: 2680.384: [GC [PSYoungGen: 299424K->192K(291264K)] 532172K->233020K(978240K), 0.0039680 secs] [Times: user=0.03 sys=0.00, real=0.00 secs] 
2014-07-28T19:00:47.639+0000: 2681.326: [GC [PSYoungGen: 291264K->498K(283904K)] 524092K->233414K(970880K), 0.0041910 secs] [Times: user=0.02 sys=0.00, real=0.00 secs] 
2014-07-28T19:00:48.576+0000: 2682.263: [GC [PSYoungGen: 283890K->384K(276416K)] 516806K->233430K(963392K), 0.0047650 secs] [Times: user=0.03 sys=0.00, real=0.00 secs] 
2014-07-28T19:00:49.491+0000: 2683.178: [GC [PSYoungGen: 276416K->384K(269312K)] 509462K->233518K(956288K), 0.0038690 secs] [Times: user=0.03 sys=0.00, real=0.00 secs] 
2014-07-28T19:00:50.372+0000: 2684.059: [GC [PSYoungGen: 269312K->288K(262400K)] 502446K->233454K(949376K), 0.0077660 secs] [Times: user=0.02 sys=0.00, real=0.01 secs] 
2014-07-28T19:00:51.209+0000: 2684.896: [GC [PSYoungGen: 262368K->448K(255936K)] 495534K->233686K(942912K), 0.0120140 secs] [Times: user=0.07 sys=0.00, real=0.01 secs] 
2014-07-28T19:00:52.019+0000: 2685.706: [GC [PSYoungGen: 255936K->320K(249472K)] 489174K->233582K(936448K), 0.0040300 secs] [Times: user=0.01 sys=0.00, real=0.00 secs] 
2014-07-28T19:00:52.792+0000: 2686.479: [GC [PSYoungGen: 249472K->306K(243392K)] 482734K->233624K(930368K), 0.0030550 secs] [Times: user=0.02 sys=0.00, real=0.00 secs] 
2014-07-28T19:00:53.652+0000: 2687.339: [GC [PSYoungGen: 243378K->448K(237632K)] 476696K->233814K(924608K), 0.0033570 secs] [Times: user=0.01 sys=0.00, real=0.00 secs] 
2014-07-28T19:00:54.466+0000: 2688.153: [GC [PSYoungGen: 237632K->224K(231808K)] 470998K->233606K(918784K), 0.0119960 secs] [Times: user=0.07 sys=0.00, real=0.02 secs] 
2014-07-28T19:00:55.221+0000: 2688.908: [GC [PSYoungGen: 231776K->288K(226432K)] 465158K->233726K(913408K), 0.0037940 secs] [Times: user=0.02 sys=0.00, real=0.00 secs] 
2014-07-28T19:00:55.938+0000: 2689.625: [GC [PSYoungGen: 226400K->256K(221120K)] 459838K->233718K(908096K), 0.0050630 secs] [Times: user=0.03 sys=0.00, real=0.00 secs] 
2014-07-28T19:00:56.663+0000: 2690.350: [GC [PSYoungGen: 221120K->224K(216064K)] 454582K->233734K(903040K), 0.0039830 secs] [Times: user=0.02 sys=0.00, real=0.00 secs] 
2014-07-28T19:00:57.389+0000: 2691.076: [GC [PSYoungGen: 216004K->416K(211392K)] 449515K->234030K(898368K), 0.0060980 secs] [Times: user=0.04 sys=0.00, real=0.00 secs] 
2014-07-28T19:00:58.085+0000: 2691.771: [GC [PSYoungGen: 211360K->384K(206592K)] 444974K->234086K(893568K), 0.0027040 secs] [Times: user=0.01 sys=0.00, real=0.00 secs] 
2014-07-28T19:00:58.746+0000: 2692.432: [GC [PSYoungGen: 206592K->256K(201920K)] 440294K->233982K(888896K), 0.0036900 secs] [Times: user=0.02 sys=0.00, real=0.01 secs] 
2014-07-28T19:00:59.438+0000: 2693.125: [GC [PSYoungGen: 201920K->384K(197632K)] 435646K->234182K(884608K), 0.0051230 secs] [Times: user=0.03 sys=0.00, real=0.00 secs] 
2014-07-28T19:01:00.139+0000: 2693.826: [GC [PSYoungGen: 197632K->160K(193216K)] 431430K->233982K(880192K), 0.0034560 secs] [Times: user=0.01 sys=0.00, real=0.00 secs] 
2014-07-28T19:01:00.752+0000: 2694.439: [GC [PSYoungGen: 193152K->192K(189120K)] 426974K->234046K(876096K), 0.0065080 secs] [Times: user=0.03 sys=0.01, real=0.01 secs] 
2014-07-28T19:01:01.350+0000: 2695.037: [GC [PSYoungGen: 189120K->256K(185216K)] 422974K->234166K(872192K), 0.0036240 secs] [Times: user=0.01 sys=0.00, real=0.00 secs] 
2014-07-28T19:01:01.959+0000: 2695.645: [GC [PSYoungGen: 185216K->434K(181568K)] 419126K->234408K(868544K), 0.0043060 secs] [Times: user=0.03 sys=0.00, real=0.00 secs] 
2014-07-28T19:01:02.590+0000: 2696.277: [GC [PSYoungGen: 181554K->288K(177728K)] 415528K->234318K(864704K), 0.0054060 secs] [Times: user=0.03 sys=0.00, real=0.00 secs] 
2014-07-28T19:01:03.144+0000: 2696.831: [GC [PSYoungGen: 177696K->352K(174208K)] 411726K->234470K(861184K), 0.0048070 secs] [Times: user=0.03 sys=0.00, real=0.00 secs] 
2014-07-28T19:01:03.787+0000: 2697.474: [GC [PSYoungGen: 174176K->320K(170688K)] 408294K->234446K(857664K), 0.0055700 secs] [Times: user=0.03 sys=0.00, real=0.01 secs] 
2014-07-28T19:01:04.340+0000: 2698.027: [GC [PSYoungGen: 170688K->288K(167360K)] 404814K->234478K(854336K), 0.0064780 secs] [Times: user=0.04 sys=0.00, real=0.00 secs] 
2014-07-28T19:01:04.896+0000: 2698.583: [GC [PSYoungGen: 167328K->416K(164224K)] 401518K->234694K(851200K), 0.0068590 secs] [Times: user=0.04 sys=0.01, real=0.01 secs] 
2014-07-28T19:01:05.402+0000: 2699.089: [GC [PSYoungGen: 164192K->306K(196864K)] 398470K->234704K(883840K), 0.0069290 secs] [Times: user=0.04 sys=0.00, real=0.01 secs] 
2014-07-28T19:01:06.030+0000: 2699.717: [GC [PSYoungGen: 196827K->320K(192640K)] 431226K->234774K(879616K), 0.0049500 secs] [Times: user=0.03 sys=0.00, real=0.00 secs] 
2014-07-28T19:01:06.644+0000: 2700.331: [GC [PSYoungGen: 192596K->320K(188544K)] 427050K->234814K(875520K), 0.0039990 secs] [Times: user=0.03 sys=0.00, real=0.00 secs] 
2014-07-28T19:01:07.293+0000: 2700.980: [GC [PSYoungGen: 188544K->224K(184512K)] 423038K->234774K(871488K), 0.0042310 secs] [Times: user=0.03 sys=0.00, real=0.00 secs] 
2014-07-28T19:01:07.880+0000: 2701.567: [GC [PSYoungGen: 184480K->256K(180672K)] 419030K->234814K(867648K), 0.0046770 secs] [Times: user=0.03 sys=0.01, real=0.00 secs] 
2014-07-28T19:01:08.571+0000: 2702.258: [GC [PSYoungGen: 180672K->224K(176960K)] 415230K->234822K(863936K), 0.0023930 secs] [Times: user=0.01 sys=0.01, real=0.00 secs] 
2014-07-28T19:01:09.168+0000: 2702.855: [GC [PSYoungGen: 176928K->320K(173440K)] 411526K->234982K(860416K), 0.0050600 secs] [Times: user=0.03 sys=0.00, real=0.01 secs] 
2014-07-28T19:01:09.750+0000: 2703.437: [GC [PSYoungGen: 173440K->416K(170112K)] 408102K->235086K(857088K), 0.0026620 secs] [Times: user=0.02 sys=0.00, real=0.01 secs] 
2014-07-28T19:01:10.305+0000: 2703.992: [GC [PSYoungGen: 170080K->320K(166656K)] 404750K->235038K(853632K), 0.0089430 secs] [Times: user=0.05 sys=0.00, real=0.01 secs] 
2014-07-28T19:01:10.915+0000: 2704.602: [GC [PSYoungGen: 166656K->320K(163456K)] 401374K->235062K(850432K), 0.0077970 secs] [Times: user=0.04 sys=0.00, real=0.01 secs] 
2014-07-28T19:01:11.494+0000: 2705.181: [GC [PSYoungGen: 163456K->320K(160320K)] 398198K->235118K(847296K), 0.0045580 secs] [Times: user=0.02 sys=0.01, real=0.00 secs] 
2014-07-28T19:01:11.995+0000: 2705.681: [GC [PSYoungGen: 160320K->352K(157376K)] 395118K->235206K(844352K), 0.0033060 secs] [Times: user=0.02 sys=0.00, real=0.00 secs] 
2014-07-28T19:01:12.517+0000: 2706.204: [GC [PSYoungGen: 157344K->288K(154368K)] 392198K->235158K(841344K), 0.0066950 secs] [Times: user=0.03 sys=0.01, real=0.01 secs] 
2014-07-28T19:01:13.025+0000: 2706.711: [GC [PSYoungGen: 154336K->416K(151616K)] 389206K->235342K(838592K), 0.0042200 secs] [Times: user=0.03 sys=0.00, real=0.00 secs] 
2014-07-28T19:01:13.518+0000: 2707.205: [GC [PSYoungGen: 151584K->192K(148608K)] 386510K->235198K(835584K), 0.0034600 secs] [Times: user=0.03 sys=0.00, real=0.01 secs] 
2014-07-28T19:01:13.991+0000: 2707.678: [GC [PSYoungGen: 148608K->416K(146176K)] 383614K->235486K(833152K), 0.0058540 secs] [Times: user=0.03 sys=0.00, real=0.00 secs] 
2014-07-28T19:01:14.451+0000: 2708.138: [GC [PSYoungGen: 146144K->448K(143552K)] 381214K->235542K(830528K), 0.0025340 secs] [Times: user=0.01 sys=0.00, real=0.00 secs] 
2014-07-28T19:01:14.900+0000: 2708.587: [GC [PSYoungGen: 143552K->384K(140992K)] 378646K->235558K(827968K), 0.0045910 secs] [Times: user=0.02 sys=0.00, real=0.00 secs] 
2014-07-28T19:01:15.381+0000: 2709.067: [GC [PSYoungGen: 140992K->256K(138432K)] 376166K->235462K(825408K), 0.0032180 secs] [Times: user=0.02 sys=0.00, real=0.01 secs] 
2014-07-28T19:01:15.847+0000: 2709.534: [GC [PSYoungGen: 138409K->384K(166208K)] 373615K->235670K(853184K), 0.0085190 secs] [Times: user=0.06 sys=0.00, real=0.01 secs] 
2014-07-28T19:01:16.400+0000: 2710.087: [GC [PSYoungGen: 166208K->352K(199424K)] 401494K->235678K(886400K), 0.0132240 secs] [Times: user=0.08 sys=0.01, real=0.02 secs] 
2014-07-28T19:01:17.008+0000: 2710.695: [GC [PSYoungGen: 199392K->288K(239168K)] 434718K->235670K(926144K), 0.0049210 secs] [Times: user=0.03 sys=0.00, real=0.01 secs] 
2014-07-28T19:01:17.773+0000: 2711.460: [GC [PSYoungGen: 239136K->384K(287040K)] 474518K->235822K(974016K), 0.0061940 secs] [Times: user=0.03 sys=0.00, real=0.00 secs] 
2014-07-28T19:01:18.694+0000: 2712.381: [GC [PSYoungGen: 287040K->288K(279488K)] 522478K->235758K(966464K), 0.0032860 secs] [Times: user=0.02 sys=0.00, real=0.00 secs] 
2014-07-28T19:01:19.605+0000: 2713.292: [GC [PSYoungGen: 279456K->416K(272384K)] 514926K->235974K(959360K), 0.0038720 secs] [Times: user=0.03 sys=0.00, real=0.00 secs] 
2014-07-28T19:01:20.489+0000: 2714.176: [GC [PSYoungGen: 272352K->288K(265280K)] 507910K->235894K(952256K), 0.0030510 secs] [Times: user=0.01 sys=0.00, real=0.01 secs] 
2014-07-28T19:01:21.326+0000: 2715.012: [GC [PSYoungGen: 265248K->224K(258560K)] 500854K->235870K(945536K), 0.0030520 secs] [Times: user=0.01 sys=0.00, real=0.00 secs] 
2014-07-28T19:01:22.151+0000: 2715.838: [GC [PSYoungGen: 258528K->288K(252160K)] 494174K->235950K(939136K), 0.0025010 secs] [Times: user=0.01 sys=0.00, real=0.01 secs] 
2014-07-28T19:01:22.958+0000: 2716.645: [GC [PSYoungGen: 252096K->384K(246016K)] 487758K->236110K(932992K), 0.0052680 secs] [Times: user=0.02 sys=0.00, real=0.01 secs] 
2014-07-28T19:01:23.737+0000: 2717.424: [GC [PSYoungGen: 246016K->352K(240064K)] 481742K->236158K(927040K), 0.0031890 secs] [Times: user=0.02 sys=0.00, real=0.00 secs] 
2014-07-28T19:01:24.511+0000: 2718.198: [GC [PSYoungGen: 240032K->256K(234176K)] 475838K->236110K(921152K), 0.0044080 secs] [Times: user=0.03 sys=0.00, real=0.01 secs] 
2014-07-28T19:01:25.241+0000: 2718.928: [GC [PSYoungGen: 234176K->320K(228736K)] 470030K->236246K(915712K), 0.0061540 secs] [Times: user=0.03 sys=0.00, real=0.01 secs] 
2014-07-28T19:01:25.985+0000: 2719.672: [GC [PSYoungGen: 228736K->448K(223552K)] 464662K->236430K(910528K), 0.0064880 secs] [Times: user=0.03 sys=0.00, real=0.00 secs] 
2014-07-28T19:01:26.681+0000: 2720.368: [GC [PSYoungGen: 223552K->320K(218304K)] 459534K->236358K(905280K), 0.0030430 secs] [Times: user=0.01 sys=0.00, real=0.01 secs] 
2014-07-28T19:01:27.424+0000: 2721.110: [GC [PSYoungGen: 218256K->320K(213312K)] 454295K->236446K(900288K), 0.0033250 secs] [Times: user=0.02 sys=0.00, real=0.00 secs] 
2014-07-28T19:01:28.117+0000: 2721.804: [GC [PSYoungGen: 213312K->352K(208576K)] 449438K->236550K(895552K), 0.0050940 secs] [Times: user=0.03 sys=0.00, real=0.01 secs] 
2014-07-28T19:01:28.781+0000: 2722.468: [GC [PSYoungGen: 208544K->384K(203968K)] 444742K->236622K(890944K), 0.0042870 secs] [Times: user=0.02 sys=0.00, real=0.01 secs] 
2014-07-28T19:01:29.448+0000: 2723.135: [GC [PSYoungGen: 203968K->448K(244800K)] 440206K->236750K(931776K), 0.0180030 secs] [Times: user=0.09 sys=0.00, real=0.02 secs] 
2014-07-28T19:01:30.301+0000: 2723.987: [GC [PSYoungGen: 244800K->256K(238720K)] 481102K->236678K(925696K), 0.0037210 secs] [Times: user=0.01 sys=0.00, real=0.01 secs] 
2014-07-28T19:01:31.088+0000: 2724.775: [GC [PSYoungGen: 238720K->352K(233152K)] 475142K->236782K(920128K), 0.0062270 secs] [Times: user=0.02 sys=0.00, real=0.01 secs] 
2014-07-28T19:01:31.806+0000: 2725.492: [GC [PSYoungGen: 233120K->416K(227712K)] 469550K->236918K(914688K), 0.0030600 secs] [Times: user=0.02 sys=0.00, real=0.00 secs] 
2014-07-28T19:01:32.550+0000: 2726.237: [GC [PSYoungGen: 227680K->306K(222272K)] 464182K->236848K(909248K), 0.0046410 secs] [Times: user=0.02 sys=0.00, real=0.01 secs] 
2014-07-28T19:01:33.259+0000: 2726.946: [GC [PSYoungGen: 222258K->320K(217152K)] 458800K->236942K(904128K), 0.0058860 secs] [Times: user=0.04 sys=0.00, real=0.01 secs] 
2014-07-28T19:01:33.948+0000: 2727.635: [GC [PSYoungGen: 217152K->352K(212288K)] 453774K->236990K(899264K), 0.0088150 secs] [Times: user=0.06 sys=0.00, real=0.01 secs] 
2014-07-28T19:01:34.608+0000: 2728.295: [GC [PSYoungGen: 212256K->384K(207552K)] 448894K->237086K(894528K), 0.0067380 secs] [Times: user=0.04 sys=0.00, real=0.01 secs] 
2014-07-28T19:01:35.319+0000: 2729.006: [GC [PSYoungGen: 207552K->384K(202944K)] 444254K->237142K(889920K), 0.0076840 secs] [Times: user=0.04 sys=0.01, real=0.01 secs] 
2014-07-28T19:01:35.962+0000: 2729.648: [GC [PSYoungGen: 202944K->320K(198464K)] 439702K->237118K(885440K), 0.0055780 secs] [Times: user=0.02 sys=0.00, real=0.01 secs] 
2014-07-28T19:01:36.623+0000: 2730.309: [GC [PSYoungGen: 198464K->224K(194112K)] 435262K->237078K(881088K), 0.0023200 secs] [Times: user=0.01 sys=0.00, real=0.01 secs] 
2014-07-28T19:01:37.236+0000: 2730.923: [GC [PSYoungGen: 194046K->498K(190208K)] 430900K->237464K(877184K), 0.0029480 secs] [Times: user=0.02 sys=0.00, real=0.00 secs] 
2014-07-28T19:01:37.870+0000: 2731.557: [GC [PSYoungGen: 190194K->224K(227904K)] 427160K->237198K(914880K), 0.0162000 secs] [Times: user=0.08 sys=0.00, real=0.02 secs] 
2014-07-28T19:01:38.711+0000: 2732.398: [GC [PSYoungGen: 227872K->352K(222720K)] 464846K->237390K(909696K), 0.0030310 secs] [Times: user=0.01 sys=0.00, real=0.01 secs] 
2014-07-28T19:01:39.905+0000: 2733.592: [GC [PSYoungGen: 222688K->256K(217472K)] 459726K->237342K(904448K), 0.0102880 secs] [Times: user=0.07 sys=0.00, real=0.01 secs] 
2014-07-28T19:01:41.423+0000: 2735.110: [GC [PSYoungGen: 217472K->498K(212800K)] 454558K->237592K(899776K), 0.0058180 secs] [Times: user=0.04 sys=0.00, real=0.01 secs] 
2014-07-28T19:01:42.902+0000: 2736.589: [GC [PSYoungGen: 212786K->480K(208064K)] 449880K->237662K(895040K), 0.0052630 secs] [Times: user=0.02 sys=0.00, real=0.01 secs] 
2014-07-28T19:01:44.351+0000: 2738.038: [GC [PSYoungGen: 207991K->320K(203264K)] 445173K->237574K(890240K), 0.0091210 secs] [Times: user=0.06 sys=0.00, real=0.01 secs] 
2014-07-28T19:01:45.767+0000: 2739.454: [GC [PSYoungGen: 203264K->384K(198912K)] 440518K->237702K(885888K), 0.0053970 secs] [Times: user=0.02 sys=0.00, real=0.00 secs] 
2014-07-28T19:01:47.152+0000: 2740.839: [GC [PSYoungGen: 198912K->288K(194560K)] 436230K->237670K(881536K), 0.0044990 secs] [Times: user=0.02 sys=0.00, real=0.01 secs] 
2014-07-28T19:01:48.511+0000: 2742.198: [GC [PSYoungGen: 194528K->192K(190272K)] 431910K->237582K(877248K), 0.0031010 secs] [Times: user=0.01 sys=0.01, real=0.00 secs] 
2014-07-28T19:01:49.841+0000: 2743.528: [GC [PSYoungGen: 190272K->224K(186304K)] 427662K->237646K(873280K), 0.0035810 secs] [Times: user=0.01 sys=0.01, real=0.00 secs] 
2014-07-28T19:01:51.142+0000: 2744.829: [GC [PSYoungGen: 186272K->256K(182464K)] 423694K->237726K(869440K), 0.0078780 secs] [Times: user=0.05 sys=0.00, real=0.01 secs] 
2014-07-28T19:01:52.416+0000: 2746.103: [GC [PSYoungGen: 182464K->288K(178816K)] 419934K->237774K(865792K), 0.0165270 secs] [Times: user=0.09 sys=0.00, real=0.01 secs] 
2014-07-28T19:01:53.663+0000: 2747.350: [GC [PSYoungGen: 178784K->338K(175232K)] 416270K->237880K(862208K), 0.0105290 secs] [Times: user=0.08 sys=0.00, real=0.01 secs] 
2014-07-28T19:01:54.880+0000: 2748.567: [GC [PSYoungGen: 175186K->320K(171648K)] 412728K->237926K(858624K), 0.0031330 secs] [Times: user=0.02 sys=0.00, real=0.00 secs] 
2014-07-28T19:01:56.074+0000: 2749.760: [GC [PSYoungGen: 171648K->320K(168256K)] 409254K->237998K(855232K), 0.0034410 secs] [Times: user=0.02 sys=0.00, real=0.01 secs] 
2014-07-28T19:01:57.251+0000: 2750.938: [GC [PSYoungGen: 168255K->352K(165056K)] 405934K->238102K(852032K), 0.0051540 secs] [Times: user=0.03 sys=0.01, real=0.00 secs] 
2014-07-28T19:01:58.394+0000: 2752.081: [GC [PSYoungGen: 165024K->192K(161664K)] 402774K->237966K(848640K), 0.0045890 secs] [Times: user=0.01 sys=0.01, real=0.01 secs] 
2014-07-28T19:01:59.522+0000: 2753.209: [GC [PSYoungGen: 161664K->320K(158720K)] 399438K->238150K(845696K), 0.0055790 secs] [Times: user=0.03 sys=0.00, real=0.01 secs] 
2014-07-28T19:02:00.627+0000: 2754.314: [GC [PSYoungGen: 158720K->288K(155712K)] 396550K->238166K(842688K), 0.0043610 secs] [Times: user=0.02 sys=0.01, real=0.00 secs] 
2014-07-28T19:02:01.712+0000: 2755.399: [GC [PSYoungGen: 155680K->192K(152704K)] 393558K->238110K(839680K), 0.0029450 secs] [Times: user=0.02 sys=0.00, real=0.00 secs] 
2014-07-28T19:02:02.780+0000: 2756.467: [GC [PSYoungGen: 152704K->224K(149952K)] 390622K->238166K(836928K), 0.0147610 secs] [Times: user=0.10 sys=0.01, real=0.01 secs] 
2014-07-28T19:02:03.827+0000: 2757.514: [GC [PSYoungGen: 149920K->402K(147456K)] 387862K->238408K(834432K), 0.0028780 secs] [Times: user=0.02 sys=0.00, real=0.01 secs] 
2014-07-28T19:02:04.854+0000: 2758.540: [GC [PSYoungGen: 147410K->192K(144576K)] 385416K->238238K(831552K), 0.0120100 secs] [Times: user=0.07 sys=0.01, real=0.01 secs] 
2014-07-28T19:02:05.858+0000: 2759.545: [GC [PSYoungGen: 144576K->224K(142080K)] 382622K->238310K(829056K), 0.0066270 secs] [Times: user=0.03 sys=0.01, real=0.00 secs] 
2014-07-28T19:02:06.847+0000: 2760.534: [GC [PSYoungGen: 142028K->192K(139520K)] 380114K->238310K(826496K), 0.0059440 secs] [Times: user=0.03 sys=0.01, real=0.01 secs] 
2014-07-28T19:02:07.813+0000: 2761.499: [GC [PSYoungGen: 139520K->224K(137152K)] 377638K->238374K(824128K), 0.0042330 secs] [Times: user=0.02 sys=0.01, real=0.00 secs] 
2014-07-28T19:02:08.765+0000: 2762.452: [GC [PSYoungGen: 137120K->224K(134784K)] 375270K->238406K(821760K), 0.0061640 secs] [Times: user=0.03 sys=0.00, real=0.01 secs] 
2014-07-28T19:02:09.731+0000: 2763.418: [GC [PSYoungGen: 134752K->288K(132544K)] 372934K->238510K(819520K), 0.0031820 secs] [Times: user=0.03 sys=0.00, real=0.00 secs] 
2014-07-28T19:02:10.665+0000: 2764.352: [GC [PSYoungGen: 132512K->224K(130240K)] 370734K->238470K(817216K), 0.0073650 secs] [Times: user=0.02 sys=0.01, real=0.01 secs] 
2014-07-28T19:02:11.708+0000: 2765.395: [GC [PSYoungGen: 130208K->288K(128128K)] 368454K->238558K(815104K), 0.0041340 secs] [Times: user=0.02 sys=0.00, real=0.01 secs] 
2014-07-28T19:02:12.583+0000: 2766.270: [GC [PSYoungGen: 128078K->416K(126144K)] 366348K->238758K(813120K), 0.0101360 secs] [Times: user=0.05 sys=0.00, real=0.01 secs] 
2014-07-28T19:02:13.502+0000: 2767.189: [GC [PSYoungGen: 126064K->192K(123840K)] 364406K->238606K(810816K), 0.0098730 secs] [Times: user=0.06 sys=0.01, real=0.01 secs] 
2014-07-28T19:02:14.352+0000: 2768.039: [GC [PSYoungGen: 123840K->242K(148672K)] 362254K->238672K(835648K), 0.0153790 secs] [Times: user=0.09 sys=0.02, real=0.01 secs] 
2014-07-28T19:02:15.387+0000: 2769.074: [GC [PSYoungGen: 148658K->224K(178368K)] 387088K->238728K(865344K), 0.0184310 secs] [Times: user=0.12 sys=0.02, real=0.02 secs] 
2014-07-28T19:02:16.677+0000: 2770.363: [GC [PSYoungGen: 178336K->448K(174976K)] 416840K->239024K(861952K), 0.0044350 secs] [Times: user=0.03 sys=0.00, real=0.01 secs] 
2014-07-28T19:02:17.903+0000: 2771.590: [GC [PSYoungGen: 174976K->242K(171264K)] 413552K->238842K(858240K), 0.0052390 secs] [Times: user=0.02 sys=0.01, real=0.00 secs] 
2014-07-28T19:02:19.174+0000: 2772.861: [GC [PSYoungGen: 171250K->288K(167936K)] 409850K->238936K(854912K), 0.0039050 secs] [Times: user=0.02 sys=0.00, real=0.00 secs] 
2014-07-28T19:02:20.402+0000: 2774.088: [GC [PSYoungGen: 167904K->320K(164672K)] 406552K->239032K(851648K), 0.0047520 secs] [Times: user=0.03 sys=0.01, real=0.00 secs] 
2014-07-28T19:02:21.611+0000: 2775.298: [GC [PSYoungGen: 164672K->384K(161600K)] 403384K->239160K(848576K), 0.0054630 secs] [Times: user=0.03 sys=0.01, real=0.00 secs] 
2014-07-28T19:02:22.777+0000: 2776.463: [GC [PSYoungGen: 161600K->256K(158400K)] 400376K->239144K(845376K), 0.0057150 secs] [Times: user=0.04 sys=0.01, real=0.01 secs] 
2014-07-28T19:02:23.901+0000: 2777.588: [GC [PSYoungGen: 158400K->466K(155712K)] 397288K->239426K(842688K), 0.0077990 secs] [Times: user=0.06 sys=0.00, real=0.01 secs] 
2014-07-28T19:02:25.078+0000: 2778.765: [GC [PSYoungGen: 155666K->306K(152640K)] 394626K->239362K(839616K), 0.0048960 secs] [Times: user=0.02 sys=0.01, real=0.01 secs] 
2014-07-28T19:02:26.277+0000: 2779.964: [GC [PSYoungGen: 152626K->352K(149888K)] 391682K->239456K(836864K), 0.0035810 secs] [Times: user=0.02 sys=0.00, real=0.01 secs] 
2014-07-28T19:02:27.330+0000: 2781.017: [GC [PSYoungGen: 149856K->384K(147200K)] 388960K->239544K(834176K), 0.0041510 secs] [Times: user=0.03 sys=0.00, real=0.01 secs] 
2014-07-28T19:02:28.386+0000: 2782.073: [GC [PSYoungGen: 147200K->288K(144512K)] 386360K->239504K(831488K), 0.0033700 secs] [Times: user=0.02 sys=0.00, real=0.00 secs] 
2014-07-28T19:02:29.427+0000: 2783.114: [GC [PSYoungGen: 144480K->320K(141952K)] 383696K->239608K(828928K), 0.0048850 secs] [Times: user=0.04 sys=0.01, real=0.01 secs] 
2014-07-28T19:02:30.420+0000: 2784.106: [GC [PSYoungGen: 141952K->256K(139392K)] 381240K->239600K(826368K), 0.0047080 secs] [Times: user=0.03 sys=0.01, real=0.01 secs] 
2014-07-28T19:02:31.394+0000: 2785.081: [GC [PSYoungGen: 139392K->256K(136960K)] 378736K->239616K(823936K), 0.0207600 secs] [Times: user=0.12 sys=0.03, real=0.02 secs] 
2014-07-28T19:02:32.346+0000: 2786.033: [GC [PSYoungGen: 136915K->224K(134592K)] 376276K->239640K(821568K), 0.0057300 secs] [Times: user=0.04 sys=0.01, real=0.01 secs] 
2014-07-28T19:02:33.305+0000: 2786.992: [GC [PSYoungGen: 134560K->288K(132416K)] 373976K->239744K(819392K), 0.0090840 secs] [Times: user=0.06 sys=0.01, real=0.01 secs] 
2014-07-28T19:02:34.311+0000: 2787.998: [GC [PSYoungGen: 132384K->352K(130304K)] 371840K->239864K(817280K), 0.0043510 secs] [Times: user=0.02 sys=0.00, real=0.01 secs] 
2014-07-28T19:02:35.271+0000: 2788.957: [GC [PSYoungGen: 130272K->320K(128064K)] 369784K->239880K(815040K), 0.0052800 secs] [Times: user=0.03 sys=0.00, real=0.01 secs] 
2014-07-28T19:02:36.186+0000: 2789.873: [GC [PSYoungGen: 128064K->160K(125824K)] 367624K->239736K(812800K), 0.0054180 secs] [Times: user=0.02 sys=0.00, real=0.00 secs] 
2014-07-28T19:02:37.063+0000: 2790.750: [GC [PSYoungGen: 125792K->224K(123840K)] 365368K->239856K(810816K), 0.0081070 secs] [Times: user=0.05 sys=0.01, real=0.00 secs] 
2014-07-28T19:02:37.941+0000: 2791.628: [GC [PSYoungGen: 123808K->434K(122048K)] 363440K->240114K(809024K), 0.0086950 secs] [Times: user=0.03 sys=0.01, real=0.01 secs] 
2014-07-28T19:02:38.809+0000: 2792.496: [GC [PSYoungGen: 122034K->384K(120064K)] 361714K->240168K(807040K), 0.0030780 secs] [Times: user=0.02 sys=0.01, real=0.00 secs] 
2014-07-28T19:02:39.646+0000: 2793.333: [GC [PSYoungGen: 120064K->256K(118080K)] 359848K->240096K(805056K), 0.0056550 secs] [Times: user=0.04 sys=0.00, real=0.00 secs] 
2014-07-28T19:02:40.472+0000: 2794.158: [GC [PSYoungGen: 118080K->448K(116480K)] 357920K->240368K(803456K), 0.0043480 secs] [Times: user=0.02 sys=0.00, real=0.01 secs] 
2014-07-28T19:02:41.282+0000: 2794.969: [GC [PSYoungGen: 116480K->384K(114624K)] 356400K->240368K(801600K), 0.0053570 secs] [Times: user=0.03 sys=0.00, real=0.01 secs] 
2014-07-28T19:02:42.082+0000: 2795.769: [GC [PSYoungGen: 114624K->224K(112768K)] 354608K->240240K(799744K), 0.0064190 secs] [Times: user=0.02 sys=0.00, real=0.01 secs] 
2014-07-28T19:02:42.867+0000: 2796.554: [GC [PSYoungGen: 112736K->384K(111232K)] 352752K->240464K(798208K), 0.0083690 secs] [Times: user=0.04 sys=0.00, real=0.01 secs] 
2014-07-28T19:02:43.643+0000: 2797.329: [GC [PSYoungGen: 111218K->320K(109504K)] 351298K->240472K(796480K), 0.0087240 secs] [Times: user=0.05 sys=0.00, real=0.01 secs] 
2014-07-28T19:02:44.400+0000: 2798.087: [GC [PSYoungGen: 109494K->352K(107968K)] 349646K->240576K(794944K), 0.0055120 secs] [Times: user=0.03 sys=0.00, real=0.01 secs] 
2014-07-28T19:02:45.150+0000: 2798.837: [GC [PSYoungGen: 107936K->192K(106240K)] 348160K->240440K(793216K), 0.0086240 secs] [Times: user=0.04 sys=0.00, real=0.01 secs] 
2014-07-28T19:02:45.893+0000: 2799.580: [GC [PSYoungGen: 106240K->256K(104768K)] 346488K->240552K(791744K), 0.0092300 secs] [Times: user=0.06 sys=0.00, real=0.01 secs] 
2014-07-28T19:02:46.627+0000: 2800.314: [GC [PSYoungGen: 104734K->352K(103424K)] 345030K->240704K(790400K), 0.0067000 secs] [Times: user=0.04 sys=0.00, real=0.00 secs] 
2014-07-28T19:02:47.345+0000: 2801.032: [GC [PSYoungGen: 103369K->352K(124032K)] 343721K->240784K(811008K), 0.0097380 secs] [Times: user=0.07 sys=0.00, real=0.01 secs] 
2014-07-28T19:02:48.205+0000: 2801.892: [GC [PSYoungGen: 124000K->320K(121984K)] 364432K->240816K(808960K), 0.0047190 secs] [Times: user=0.03 sys=0.00, real=0.01 secs] 
2014-07-28T19:02:49.053+0000: 2802.740: [GC [PSYoungGen: 121984K->288K(120064K)] 362480K->240856K(807040K), 0.0092110 secs] [Times: user=0.06 sys=0.00, real=0.01 secs] 
2014-07-28T19:02:49.891+0000: 2803.578: [GC [PSYoungGen: 120032K->384K(118272K)] 360600K->241032K(805248K), 0.0073570 secs] [Times: user=0.05 sys=0.00, real=0.01 secs] 
2014-07-28T19:02:50.711+0000: 2804.398: [GC [PSYoungGen: 118272K->384K(116480K)] 358920K->241104K(803456K), 0.0080280 secs] [Times: user=0.05 sys=0.00, real=0.01 secs] 
2014-07-28T19:02:51.519+0000: 2805.206: [GC [PSYoungGen: 116480K->320K(114624K)] 357200K->241104K(801600K), 0.0052790 secs] [Times: user=0.03 sys=0.00, real=0.00 secs] 
2014-07-28T19:02:52.318+0000: 2806.005: [GC [PSYoungGen: 114624K->320K(112896K)] 355408K->241184K(799872K), 0.0062670 secs] [Times: user=0.04 sys=0.00, real=0.00 secs] 
2014-07-28T19:02:53.104+0000: 2806.790: [GC [PSYoungGen: 112896K->320K(111232K)] 353760K->241248K(798208K), 0.0077590 secs] [Times: user=0.06 sys=0.00, real=0.01 secs] 
2014-07-28T19:02:53.875+0000: 2807.562: [GC [PSYoungGen: 111232K->320K(109568K)] 352160K->241312K(796544K), 0.0061430 secs] [Times: user=0.04 sys=0.01, real=0.01 secs] 
2014-07-28T19:02:54.640+0000: 2808.326: [GC [PSYoungGen: 109568K->384K(108032K)] 350560K->241464K(795008K), 0.0054030 secs] [Times: user=0.03 sys=0.00, real=0.00 secs] 
2014-07-28T19:02:55.385+0000: 2809.072: [GC [PSYoungGen: 107995K->402K(106560K)] 349075K->241562K(793536K), 0.0044780 secs] [Times: user=0.02 sys=0.01, real=0.01 secs] 
2014-07-28T19:02:56.127+0000: 2809.814: [GC [PSYoungGen: 106514K->224K(104832K)] 347674K->241424K(791808K), 0.0048280 secs] [Times: user=0.02 sys=0.00, real=0.00 secs] 
2014-07-28T19:02:56.856+0000: 2810.543: [GC [PSYoungGen: 104800K->384K(103488K)] 346000K->241640K(790464K), 0.0062190 secs] [Times: user=0.04 sys=0.01, real=0.00 secs] 
2014-07-28T19:02:57.577+0000: 2811.263: [GC [PSYoungGen: 103488K->416K(102080K)] 344744K->241760K(789056K), 0.0089490 secs] [Times: user=0.06 sys=0.00, real=0.00 secs] 
2014-07-28T19:02:58.285+0000: 2811.972: [GC [PSYoungGen: 102048K->288K(100544K)] 343392K->241688K(787520K), 0.0053710 secs] [Times: user=0.03 sys=0.00, real=0.01 secs] 
2014-07-28T19:02:58.986+0000: 2812.673: [GC [PSYoungGen: 100512K->320K(99200K)] 341912K->241792K(786176K), 0.0067710 secs] [Times: user=0.04 sys=0.00, real=0.01 secs] 
2014-07-28T19:02:59.678+0000: 2813.365: [GC [PSYoungGen: 99200K->384K(97920K)] 340672K->241944K(784896K), 0.0033190 secs] [Times: user=0.02 sys=0.01, real=0.00 secs] 
2014-07-28T19:03:00.361+0000: 2814.047: [GC [PSYoungGen: 97920K->288K(96576K)] 339480K->241904K(783552K), 0.0048440 secs] [Times: user=0.02 sys=0.00, real=0.00 secs] 
2014-07-28T19:03:01.032+0000: 2814.718: [GC [PSYoungGen: 96544K->306K(95296K)] 338160K->241938K(782272K), 0.0044630 secs] [Times: user=0.01 sys=0.00, real=0.00 secs] 
2014-07-28T19:03:01.696+0000: 2815.383: [GC [PSYoungGen: 95282K->352K(94144K)] 336914K->242048K(781120K), 0.0039260 secs] [Times: user=0.03 sys=0.00, real=0.01 secs] 
2014-07-28T19:03:02.360+0000: 2816.047: [GC [PSYoungGen: 94112K->320K(92864K)] 335808K->242072K(779840K), 0.0036750 secs] [Times: user=0.02 sys=0.00, real=0.00 secs] 
2014-07-28T19:03:03.002+0000: 2816.689: [GC [PSYoungGen: 92864K->256K(91584K)] 334616K->242056K(778560K), 0.0081330 secs] [Times: user=0.05 sys=0.00, real=0.01 secs] 
2014-07-28T19:03:03.638+0000: 2817.325: [GC [PSYoungGen: 91584K->288K(90496K)] 333384K->242152K(777472K), 0.0078860 secs] [Times: user=0.05 sys=0.00, real=0.00 secs] 
2014-07-28T19:03:04.272+0000: 2817.959: [GC [PSYoungGen: 90464K->448K(89472K)] 332328K->242416K(776448K), 0.0045220 secs] [Times: user=0.03 sys=0.00, real=0.01 secs] 
2014-07-28T19:03:04.891+0000: 2818.578: [GC [PSYoungGen: 89472K->352K(88320K)] 331440K->242368K(775296K), 0.0054800 secs] [Times: user=0.03 sys=0.00, real=0.00 secs] 
2014-07-28T19:03:05.508+0000: 2819.195: [GC [PSYoungGen: 88288K->256K(87104K)] 330304K->242336K(774080K), 0.0031440 secs] [Times: user=0.01 sys=0.00, real=0.00 secs] 
2014-07-28T19:03:06.112+0000: 2819.799: [GC [PSYoungGen: 87104K->288K(86080K)] 329184K->242440K(773056K), 0.0087550 secs] [Times: user=0.05 sys=0.00, real=0.01 secs] 
2014-07-28T19:03:06.705+0000: 2820.392: [GC [PSYoungGen: 86048K->352K(85120K)] 328200K->242552K(772096K), 0.0071320 secs] [Times: user=0.05 sys=0.00, real=0.01 secs] 
2014-07-28T19:03:07.298+0000: 2820.985: [GC [PSYoungGen: 85088K->352K(84096K)] 327288K->242624K(771072K), 0.0045500 secs] [Times: user=0.02 sys=0.00, real=0.00 secs] 
2014-07-28T19:03:07.880+0000: 2821.567: [GC [PSYoungGen: 84064K->320K(83008K)] 326336K->242640K(769984K), 0.0070520 secs] [Times: user=0.04 sys=0.00, real=0.00 secs] 
2014-07-28T19:03:08.457+0000: 2822.143: [GC [PSYoungGen: 83008K->384K(82112K)] 325328K->242784K(769088K), 0.0044580 secs] [Times: user=0.03 sys=0.00, real=0.01 secs] 
2014-07-28T19:03:09.029+0000: 2822.716: [GC [PSYoungGen: 82112K->384K(81152K)] 324512K->242848K(768128K), 0.0052540 secs] [Times: user=0.03 sys=0.00, real=0.00 secs] 
2014-07-28T19:03:09.592+0000: 2823.279: [GC [PSYoungGen: 81152K->384K(80192K)] 323616K->242912K(767168K), 0.0065130 secs] [Times: user=0.04 sys=0.00, real=0.01 secs] 
2014-07-28T19:03:10.150+0000: 2823.837: [GC [PSYoungGen: 80192K->320K(96128K)] 322720K->242936K(783104K), 0.0086980 secs] [Times: user=0.06 sys=0.00, real=0.01 secs] 
2014-07-28T19:03:10.819+0000: 2824.506: [GC [PSYoungGen: 96128K->384K(115392K)] 338744K->243056K(802368K), 0.0051540 secs] [Times: user=0.03 sys=0.00, real=0.00 secs] 
2014-07-28T19:03:11.624+0000: 2825.311: [GC [PSYoungGen: 115381K->352K(113664K)] 358053K->243080K(800640K), 0.0041860 secs] [Times: user=0.02 sys=0.00, real=0.01 secs] 
2014-07-28T19:03:12.414+0000: 2826.100: [GC [PSYoungGen: 113632K->352K(111936K)] 356360K->243144K(798912K), 0.0063800 secs] [Times: user=0.03 sys=0.01, real=0.01 secs] 
2014-07-28T19:03:13.195+0000: 2826.882: [GC [PSYoungGen: 111904K->288K(110208K)] 354696K->243136K(797184K), 0.0068450 secs] [Times: user=0.04 sys=0.01, real=0.01 secs] 
2014-07-28T19:03:13.966+0000: 2827.653: [GC [PSYoungGen: 110176K->288K(108608K)] 353024K->243176K(795584K), 0.0057620 secs] [Times: user=0.02 sys=0.00, real=0.01 secs] 
2014-07-28T19:03:14.727+0000: 2828.414: [GC [PSYoungGen: 108576K->448K(107136K)] 351464K->243408K(794112K), 0.0048420 secs] [Times: user=0.02 sys=0.00, real=0.01 secs] 
2014-07-28T19:03:15.477+0000: 2829.163: [GC [PSYoungGen: 107113K->466K(105664K)] 350073K->243498K(792640K), 0.0057790 secs] [Times: user=0.04 sys=0.00, real=0.01 secs] 
2014-07-28T19:03:16.210+0000: 2829.896: [GC [PSYoungGen: 105618K->128K(103808K)] 348650K->243280K(790784K), 0.0072370 secs] [Times: user=0.05 sys=0.00, real=0.00 secs] 
2014-07-28T19:03:16.935+0000: 2830.621: [GC [PSYoungGen: 103808K->288K(102528K)] 346960K->243480K(789504K), 0.0022900 secs] [Times: user=0.02 sys=0.00, real=0.00 secs] 
2014-07-28T19:03:17.644+0000: 2831.331: [GC [PSYoungGen: 102487K->448K(101248K)] 345679K->243728K(788224K), 0.0059940 secs] [Times: user=0.05 sys=0.00, real=0.01 secs] 
2014-07-28T19:03:18.348+0000: 2832.035: [GC [PSYoungGen: 101236K->320K(99712K)] 344516K->243672K(786688K), 0.0073820 secs] [Times: user=0.05 sys=0.00, real=0.01 secs] 
2014-07-28T19:03:19.040+0000: 2832.727: [GC [PSYoungGen: 99712K->288K(98368K)] 343064K->243672K(785344K), 0.0070530 secs] [Times: user=0.04 sys=0.00, real=0.00 secs] 
2014-07-28T19:03:19.727+0000: 2833.413: [GC [PSYoungGen: 98336K->288K(97024K)] 341720K->243720K(784000K), 0.0082670 secs] [Times: user=0.05 sys=0.01, real=0.01 secs] 
2014-07-28T19:03:20.403+0000: 2834.090: [GC [PSYoungGen: 96992K->352K(95808K)] 340424K->243864K(782784K), 0.0072450 secs] [Times: user=0.05 sys=0.00, real=0.01 secs] 
2014-07-28T19:03:21.069+0000: 2834.756: [GC [PSYoungGen: 95765K->498K(94656K)] 339278K->244074K(781632K), 0.0071570 secs] [Times: user=0.05 sys=0.00, real=0.01 secs] 
2014-07-28T19:03:21.725+0000: 2835.412: [GC [PSYoungGen: 94642K->192K(113216K)] 338218K->243832K(800192K), 0.0088560 secs] [Times: user=0.05 sys=0.01, real=0.01 secs] 
2014-07-28T19:03:22.518+0000: 2836.205: [GC [PSYoungGen: 113216K->448K(111808K)] 356856K->244184K(798784K), 0.0054390 secs] [Times: user=0.04 sys=0.00, real=0.01 secs] 
2014-07-28T19:03:23.296+0000: 2836.983: [GC [PSYoungGen: 111808K->288K(110016K)] 355544K->244088K(796992K), 0.0069530 secs] [Times: user=0.05 sys=0.00, real=0.01 secs] 
2014-07-28T19:03:24.061+0000: 2837.748: [GC [PSYoungGen: 109984K->352K(108480K)] 353784K->244208K(795456K), 0.0074680 secs] [Times: user=0.05 sys=0.01, real=0.00 secs] 
2014-07-28T19:03:24.817+0000: 2838.504: [GC [PSYoungGen: 108447K->320K(106880K)] 352304K->244256K(793856K), 0.0086770 secs] [Times: user=0.06 sys=0.00, real=0.01 secs] 
2014-07-28T19:03:25.562+0000: 2839.249: [GC [PSYoungGen: 106880K->576K(105600K)] 350816K->244592K(792576K), 0.0062550 secs] [Times: user=0.04 sys=0.00, real=0.02 secs] 
2014-07-28T19:03:26.293+0000: 2839.980: [GC [PSYoungGen: 105600K->320K(103872K)] 349616K->244432K(790848K), 0.0045360 secs] [Times: user=0.03 sys=0.00, real=0.00 secs] 
2014-07-28T19:03:27.016+0000: 2840.703: [GC [PSYoungGen: 103872K->512K(102592K)] 347984K->244672K(789568K), 0.0055410 secs] [Times: user=0.03 sys=0.00, real=0.01 secs] 
2014-07-28T19:03:27.729+0000: 2841.416: [GC [PSYoungGen: 102592K->224K(100928K)] 346752K->244440K(787904K), 0.0075630 secs] [Times: user=0.05 sys=0.00, real=0.01 secs] 
2014-07-28T19:03:28.431+0000: 2842.118: [GC [PSYoungGen: 100896K->448K(99712K)] 345112K->244736K(786688K), 0.0076120 secs] [Times: user=0.06 sys=0.00, real=0.00 secs] 
2014-07-28T19:03:29.126+0000: 2842.813: [GC [PSYoungGen: 99679K->384K(98304K)] 343968K->244728K(785280K), 0.0072330 secs] [Times: user=0.05 sys=0.00, real=0.01 secs] 
2014-07-28T19:03:29.808+0000: 2843.495: [GC [PSYoungGen: 98304K->512K(97088K)] 342648K->244944K(784064K), 0.0042210 secs] [Times: user=0.02 sys=0.01, real=0.01 secs] 
2014-07-28T19:03:30.481+0000: 2844.168: [GC [PSYoungGen: 97088K->288K(95616K)] 341520K->244792K(782592K), 0.0076620 secs] [Times: user=0.05 sys=0.00, real=0.01 secs] 
2014-07-28T19:03:31.146+0000: 2844.833: [GC [PSYoungGen: 95584K->224K(94272K)] 340088K->244784K(781248K), 0.0075100 secs] [Times: user=0.05 sys=0.00, real=0.01 secs] 
2014-07-28T19:03:31.801+0000: 2845.488: [GC [PSYoungGen: 94240K->384K(93184K)] 338800K->245024K(780160K), 0.0044170 secs] [Times: user=0.03 sys=0.01, real=0.00 secs] 
2014-07-28T19:03:32.447+0000: 2846.134: [GC [PSYoungGen: 93184K->224K(91840K)] 337824K->244912K(778816K), 0.0049180 secs] [Times: user=0.03 sys=0.00, real=0.01 secs] 
2014-07-28T19:03:33.086+0000: 2846.773: [GC [PSYoungGen: 91789K->320K(90752K)] 336477K->245088K(777728K), 0.0089910 secs] [Times: user=0.06 sys=0.00, real=0.01 secs] 
2014-07-28T19:03:33.718+0000: 2847.405: [GC [PSYoungGen: 90752K->256K(108800K)] 335520K->245088K(795776K), 0.0084140 secs] [Times: user=0.05 sys=0.00, real=0.01 secs] 
2014-07-28T19:03:34.477+0000: 2848.164: [GC [PSYoungGen: 108800K->530K(107520K)] 353632K->245474K(794496K), 0.0054570 secs] [Times: user=0.03 sys=0.01, real=0.01 secs] 
2014-07-28T19:03:35.226+0000: 2848.912: [GC [PSYoungGen: 107474K->288K(128704K)] 352418K->245280K(815680K), 0.0113000 secs] [Times: user=0.07 sys=0.00, real=0.01 secs] 
2014-07-28T19:03:36.120+0000: 2849.807: [GC [PSYoungGen: 128672K->352K(154496K)] 373664K->245408K(841472K), 0.0083570 secs] [Times: user=0.05 sys=0.00, real=0.01 secs] 
2014-07-28T19:03:37.201+0000: 2850.888: [GC [PSYoungGen: 154464K->416K(151680K)] 399520K->245560K(838656K), 0.0045370 secs] [Times: user=0.03 sys=0.00, real=0.01 secs] 
2014-07-28T19:03:38.256+0000: 2851.942: [GC [PSYoungGen: 151636K->384K(148864K)] 396780K->245592K(835840K), 0.0059820 secs] [Times: user=0.04 sys=0.00, real=0.00 secs] 
2014-07-28T19:03:39.292+0000: 2852.979: [GC [PSYoungGen: 148864K->338K(146176K)] 394072K->245610K(833152K), 0.0074940 secs] [Times: user=0.05 sys=0.01, real=0.00 secs] 
2014-07-28T19:03:40.310+0000: 2853.996: [GC [PSYoungGen: 146130K->370K(143552K)] 391402K->245714K(830528K), 0.0039980 secs] [Times: user=0.02 sys=0.00, real=0.01 secs] 
2014-07-28T19:03:41.307+0000: 2854.994: [GC [PSYoungGen: 143538K->256K(140928K)] 388882K->245648K(827904K), 0.0063000 secs] [Times: user=0.04 sys=0.01, real=0.01 secs] 
2014-07-28T19:03:42.290+0000: 2855.977: [GC [PSYoungGen: 140910K->516K(138816K)] 386302K->245996K(825792K), 0.0045220 secs] [Times: user=0.02 sys=0.01, real=0.01 secs] 
2014-07-28T19:03:43.255+0000: 2856.942: [GC [PSYoungGen: 138756K->192K(136064K)] 384236K->245712K(823040K), 0.0030110 secs] [Times: user=0.02 sys=0.00, real=0.00 secs] 
2014-07-28T19:03:44.200+0000: 2857.887: [GC [PSYoungGen: 136064K->192K(133760K)] 381584K->245752K(820736K), 0.0054330 secs] [Times: user=0.03 sys=0.00, real=0.01 secs] 
2014-07-28T19:03:45.131+0000: 2858.818: [GC [PSYoungGen: 133719K->352K(131712K)] 379279K->245952K(818688K), 0.0061120 secs] [Times: user=0.02 sys=0.00, real=0.01 secs] 
2014-07-28T19:03:46.040+0000: 2859.727: [GC [PSYoungGen: 131680K->384K(129536K)] 377280K->246064K(816512K), 0.0071450 secs] [Times: user=0.04 sys=0.00, real=0.01 secs] 
2014-07-28T19:03:46.944+0000: 2860.631: [GC [PSYoungGen: 129536K->288K(127360K)] 375216K->246016K(814336K), 0.0072820 secs] [Times: user=0.05 sys=0.00, real=0.01 secs] 
2014-07-28T19:03:47.829+0000: 2861.515: [GC [PSYoungGen: 127328K->288K(125312K)] 373056K->246088K(812288K), 0.0080070 secs] [Times: user=0.05 sys=0.00, real=0.01 secs] 
2014-07-28T19:03:48.705+0000: 2862.392: [GC [PSYoungGen: 125280K->320K(123328K)] 371080K->246168K(810304K), 0.0110730 secs] [Times: user=0.07 sys=0.01, real=0.01 secs] 
2014-07-28T19:03:49.563+0000: 2863.250: [GC [PSYoungGen: 123328K->480K(121536K)] 369176K->246416K(808512K), 0.0058250 secs] [Times: user=0.03 sys=0.01, real=0.01 secs] 
2014-07-28T19:03:50.406+0000: 2864.093: [GC [PSYoungGen: 121504K->224K(119360K)] 367440K->246208K(806336K), 0.0051700 secs] [Times: user=0.03 sys=0.00, real=0.00 secs] 
2014-07-28T19:03:51.238+0000: 2864.924: [GC [PSYoungGen: 119328K->352K(117632K)] 365312K->246400K(804608K), 0.0067540 secs] [Times: user=0.04 sys=0.00, real=0.01 secs] 
2014-07-28T19:03:52.058+0000: 2865.745: [GC [PSYoungGen: 117600K->320K(115776K)] 363648K->246416K(802752K), 0.0065920 secs] [Times: user=0.02 sys=0.00, real=0.01 secs] 
2014-07-28T19:03:52.866+0000: 2866.553: [GC [PSYoungGen: 115776K->320K(114048K)] 361872K->246480K(801024K), 0.0089670 secs] [Times: user=0.05 sys=0.00, real=0.01 secs] 
2014-07-28T19:03:53.661+0000: 2867.348: [GC [PSYoungGen: 114025K->434K(112448K)] 360185K->246682K(799424K), 0.0061670 secs] [Times: user=0.04 sys=0.00, real=0.01 secs] 
2014-07-28T19:03:54.439+0000: 2868.126: [GC [PSYoungGen: 112404K->288K(110656K)] 358652K->246592K(797632K), 0.0075610 secs] [Times: user=0.04 sys=0.00, real=0.01 secs] 
2014-07-28T19:03:55.206+0000: 2868.893: [GC [PSYoungGen: 110624K->288K(109056K)] 356928K->246656K(796032K), 0.0035530 secs] [Times: user=0.03 sys=0.00, real=0.00 secs] 
2014-07-28T19:03:55.963+0000: 2869.649: [GC [PSYoungGen: 108999K->256K(107392K)] 355367K->246680K(794368K), 0.0086260 secs] [Times: user=0.05 sys=0.00, real=0.01 secs] 
2014-07-28T19:03:56.707+0000: 2870.394: [GC [PSYoungGen: 107392K->224K(105856K)] 353816K->246696K(792832K), 0.0040970 secs] [Times: user=0.02 sys=0.00, real=0.00 secs] 
2014-07-28T19:03:57.444+0000: 2871.131: [GC [PSYoungGen: 105824K->288K(104448K)] 352296K->246816K(791424K), 0.0068930 secs] [Times: user=0.05 sys=0.00, real=0.01 secs] 
2014-07-28T19:03:58.177+0000: 2871.864: [GC [PSYoungGen: 104416K->256K(102912K)] 350944K->246840K(789888K), 0.0065400 secs] [Times: user=0.05 sys=0.00, real=0.00 secs] 
2014-07-28T19:03:58.894+0000: 2872.581: [GC [PSYoungGen: 102912K->320K(101568K)] 349496K->246960K(788544K), 0.0041560 secs] [Times: user=0.02 sys=0.00, real=0.01 secs] 
2014-07-28T19:03:59.595+0000: 2873.282: [GC [PSYoungGen: 101568K->256K(100096K)] 348208K->246952K(787072K), 0.0041840 secs] [Times: user=0.02 sys=0.01, real=0.00 secs] 
2014-07-28T19:04:00.291+0000: 2873.978: [GC [PSYoungGen: 100096K->352K(98880K)] 346792K->247136K(785856K), 0.0068090 secs] [Times: user=0.04 sys=0.01, real=0.01 secs] 
2014-07-28T19:04:00.974+0000: 2874.661: [GC [PSYoungGen: 98839K->192K(97344K)] 345624K->247008K(784320K), 0.0077440 secs] [Times: user=0.05 sys=0.00, real=0.01 secs] 
2014-07-28T19:04:01.648+0000: 2875.335: [GC [PSYoungGen: 97344K->416K(96320K)] 344160K->247312K(783296K), 0.0056630 secs] [Times: user=0.03 sys=0.00, real=0.00 secs] 
2014-07-28T19:04:02.316+0000: 2876.003: [GC [PSYoungGen: 96288K->288K(94912K)] 343184K->247256K(781888K), 0.0076490 secs] [Times: user=0.05 sys=0.00, real=0.00 secs] 
2014-07-28T19:04:02.977+0000: 2876.664: [GC [PSYoungGen: 94864K->320K(93696K)] 341832K->247376K(780672K), 0.0051100 secs] [Times: user=0.03 sys=0.00, real=0.00 secs] 
2014-07-28T19:04:03.628+0000: 2877.315: [GC [PSYoungGen: 93646K->320K(92480K)] 340702K->247440K(779456K), 0.0067450 secs] [Times: user=0.04 sys=0.00, real=0.00 secs] 
2014-07-28T19:04:04.269+0000: 2877.956: [GC [PSYoungGen: 92480K->320K(110912K)] 339600K->247520K(797888K), 0.0098450 secs] [Times: user=0.06 sys=0.00, real=0.01 secs] 
2014-07-28T19:04:05.038+0000: 2878.725: [GC [PSYoungGen: 110912K->320K(133056K)] 358112K->247560K(820032K), 0.0071670 secs] [Times: user=0.04 sys=0.01, real=0.00 secs] 
2014-07-28T19:04:05.971+0000: 2879.658: [GC [PSYoungGen: 133056K->416K(130944K)] 380296K->247744K(817920K), 0.0083600 secs] [Times: user=0.06 sys=0.00, real=0.01 secs] 
2014-07-28T19:04:06.875+0000: 2880.561: [GC [PSYoungGen: 130912K->288K(156928K)] 378240K->247672K(843904K), 0.0140120 secs] [Times: user=0.09 sys=0.00, real=0.02 secs] 
2014-07-28T19:04:07.966+0000: 2881.652: [GC [PSYoungGen: 156896K->288K(153984K)] 404280K->247720K(840960K), 0.0061290 secs] [Times: user=0.04 sys=0.01, real=0.01 secs] 
2014-07-28T19:04:09.047+0000: 2882.733: [GC [PSYoungGen: 153952K->512K(151360K)] 401384K->248128K(838336K), 0.0057790 secs] [Times: user=0.03 sys=0.01, real=0.01 secs] 
2014-07-28T19:04:10.095+0000: 2883.782: [GC [PSYoungGen: 151360K->256K(148352K)] 398976K->247920K(835328K), 0.0075460 secs] [Times: user=0.05 sys=0.00, real=0.01 secs] 
2014-07-28T19:04:11.128+0000: 2884.815: [GC [PSYoungGen: 148352K->416K(145856K)] 396016K->248168K(832832K), 0.0057650 secs] [Times: user=0.03 sys=0.00, real=0.00 secs] 
2014-07-28T19:04:12.144+0000: 2885.831: [GC [PSYoungGen: 145816K->466K(143360K)] 393569K->248298K(830336K), 0.0067150 secs] [Times: user=0.04 sys=0.00, real=0.01 secs] 
2014-07-28T19:04:13.145+0000: 2886.831: [GC [PSYoungGen: 143289K->256K(140608K)] 391121K->248136K(827584K), 0.0040950 secs] [Times: user=0.02 sys=0.00, real=0.01 secs] 
2014-07-28T19:04:14.126+0000: 2887.813: [GC [PSYoungGen: 140562K->402K(138368K)] 388442K->248370K(825344K), 0.0106740 secs] [Times: user=0.07 sys=0.00, real=0.01 secs] 
2014-07-28T19:04:15.090+0000: 2888.777: [GC [PSYoungGen: 138322K->320K(135872K)] 386290K->248352K(822848K), 0.0071760 secs] [Times: user=0.05 sys=0.00, real=0.00 secs] 
2014-07-28T19:04:16.035+0000: 2889.722: [GC [PSYoungGen: 135855K->288K(133568K)] 383887K->248384K(820544K), 0.0067980 secs] [Times: user=0.04 sys=0.00, real=0.01 secs] 
2014-07-28T19:04:16.961+0000: 2890.648: [GC [PSYoungGen: 133536K->320K(131328K)] 381632K->248488K(818304K), 0.0068620 secs] [Times: user=0.05 sys=0.00, real=0.01 secs] 
2014-07-28T19:04:17.877+0000: 2891.563: [GC [PSYoungGen: 131328K->448K(129280K)] 379496K->248704K(816256K), 0.0048850 secs] [Times: user=0.02 sys=0.01, real=0.01 secs] 
2014-07-28T19:04:18.777+0000: 2892.463: [GC [PSYoungGen: 129280K->320K(127040K)] 377536K->248648K(814016K), 0.0088590 secs] [Times: user=0.06 sys=0.00, real=0.01 secs] 
2014-07-28T19:04:19.662+0000: 2893.349: [GC [PSYoungGen: 126994K->306K(124992K)] 375322K->248682K(811968K), 0.0050430 secs] [Times: user=0.03 sys=0.01, real=0.00 secs] 
2014-07-28T19:04:20.531+0000: 2894.218: [GC [PSYoungGen: 124931K->384K(123072K)] 373307K->248848K(810048K), 0.0028560 secs] [Times: user=0.02 sys=0.00, real=0.00 secs] 
2014-07-28T19:04:21.385+0000: 2895.072: [GC [PSYoungGen: 123072K->384K(121152K)] 371536K->248928K(808128K), 0.0027610 secs] [Times: user=0.02 sys=0.00, real=0.00 secs] 
2014-07-28T19:04:22.224+0000: 2895.911: [GC [PSYoungGen: 121152K->192K(119040K)] 369696K->248776K(806016K), 0.0041990 secs] [Times: user=0.01 sys=0.01, real=0.00 secs] 
2014-07-28T19:04:23.054+0000: 2896.740: [GC [PSYoungGen: 119040K->160K(117184K)] 367624K->248776K(804160K), 0.0036700 secs] [Times: user=0.02 sys=0.00, real=0.00 secs] 
2014-07-28T19:04:23.873+0000: 2897.560: [GC [PSYoungGen: 117152K->320K(115520K)] 365768K->249008K(802496K), 0.0056560 secs] [Times: user=0.03 sys=0.00, real=0.01 secs] 
2014-07-28T19:04:24.680+0000: 2898.367: [GC [PSYoungGen: 115520K->352K(113856K)] 364208K->249120K(800832K), 0.0053500 secs] [Times: user=0.03 sys=0.00, real=0.00 secs] 
2014-07-28T19:04:25.471+0000: 2899.158: [GC [PSYoungGen: 113824K->288K(112064K)] 362592K->249088K(799040K), 0.0078480 secs] [Times: user=0.04 sys=0.01, real=0.01 secs] 
2014-07-28T19:04:26.253+0000: 2899.940: [GC [PSYoungGen: 111995K->384K(110464K)] 360795K->249280K(797440K), 0.0053170 secs] [Times: user=0.03 sys=0.00, real=0.00 secs] 
2014-07-28T19:04:27.021+0000: 2900.708: [GC [PSYoungGen: 110464K->320K(108800K)] 359360K->249264K(795776K), 0.0074570 secs] [Times: user=0.05 sys=0.00, real=0.00 secs] 
2014-07-28T19:04:27.778+0000: 2901.465: [GC [PSYoungGen: 108800K->384K(107264K)] 357744K->249384K(794240K), 0.0045590 secs] [Times: user=0.01 sys=0.00, real=0.01 secs] 
2014-07-28T19:04:28.526+0000: 2902.213: [GC [PSYoungGen: 107264K->416K(105792K)] 356264K->249488K(792768K), 0.0049100 secs] [Times: user=0.03 sys=0.00, real=0.01 secs] 
2014-07-28T19:04:29.263+0000: 2902.950: [GC [PSYoungGen: 105760K->256K(104128K)] 354832K->249424K(791104K), 0.0042910 secs] [Times: user=0.02 sys=0.00, real=0.00 secs] 
2014-07-28T19:04:29.985+0000: 2903.672: [GC [PSYoungGen: 104128K->416K(102848K)] 353296K->249664K(789824K), 0.0041020 secs] [Times: user=0.02 sys=0.00, real=0.00 secs] 
2014-07-28T19:04:30.700+0000: 2904.387: [GC [PSYoungGen: 102816K->352K(101376K)] 352064K->249688K(788352K), 0.0058320 secs] [Times: user=0.04 sys=0.00, real=0.00 secs] 
2014-07-28T19:04:31.403+0000: 2905.089: [GC [PSYoungGen: 101344K->224K(99840K)] 350680K->249616K(786816K), 0.0063070 secs] [Times: user=0.03 sys=0.00, real=0.00 secs] 
2014-07-28T19:04:32.099+0000: 2905.786: [GC [PSYoungGen: 99808K->224K(98496K)] 349200K->249664K(785472K), 0.0054320 secs] [Times: user=0.03 sys=0.01, real=0.01 secs] 
2014-07-28T19:04:32.789+0000: 2906.476: [GC [PSYoungGen: 98464K->416K(97344K)] 347904K->249928K(784320K), 0.0039240 secs] [Times: user=0.02 sys=0.00, real=0.01 secs] 
2014-07-28T19:04:33.460+0000: 2907.147: [GC [PSYoungGen: 97312K->192K(95808K)] 346824K->249744K(782784K), 0.0032420 secs] [Times: user=0.01 sys=0.00, real=0.01 secs] 
2014-07-28T19:04:34.128+0000: 2907.815: [GC [PSYoungGen: 95808K->352K(94720K)] 345360K->249984K(781696K), 0.0030470 secs] [Times: user=0.01 sys=0.00, real=0.00 secs] 
2014-07-28T19:04:34.787+0000: 2908.474: [GC [PSYoungGen: 94688K->320K(93440K)] 344320K->250024K(780416K), 0.0067300 secs] [Times: user=0.04 sys=0.00, real=0.01 secs] 
2014-07-28T19:04:35.438+0000: 2909.124: [GC [PSYoungGen: 93440K->448K(92352K)] 343144K->250232K(779328K), 0.0028790 secs] [Times: user=0.02 sys=0.00, real=0.00 secs] 
2014-07-28T19:04:36.077+0000: 2909.764: [GC [PSYoungGen: 92352K->320K(91072K)] 342136K->250184K(778048K), 0.0042060 secs] [Times: user=0.02 sys=0.00, real=0.01 secs] 
2014-07-28T19:04:36.708+0000: 2910.395: [GC [PSYoungGen: 91072K->192K(89792K)] 340936K->250096K(776768K), 0.0037160 secs] [Times: user=0.02 sys=0.00, real=0.01 secs] 
2014-07-28T19:04:37.338+0000: 2911.025: [GC [PSYoungGen: 89792K->448K(88896K)] 339696K->250456K(775872K), 0.0056350 secs] [Times: user=0.02 sys=0.00, real=0.01 secs] 
2014-07-28T19:04:37.958+0000: 2911.645: [GC [PSYoungGen: 88876K->384K(87744K)] 338884K->250432K(774720K), 0.0044140 secs] [Times: user=0.02 sys=0.00, real=0.01 secs] 
2014-07-28T19:04:38.567+0000: 2912.254: [GC [PSYoungGen: 87717K->384K(86656K)] 337765K->250520K(773632K), 0.0045290 secs] [Times: user=0.02 sys=0.00, real=0.01 secs] 
2014-07-28T19:04:39.171+0000: 2912.858: [GC [PSYoungGen: 86656K->416K(85696K)] 336792K->250648K(772672K), 0.0084600 secs] [Times: user=0.05 sys=0.00, real=0.01 secs] 
2014-07-28T19:04:39.765+0000: 2913.452: [GC [PSYoungGen: 85664K->320K(84544K)] 335896K->250608K(771520K), 0.0038140 secs] [Times: user=0.02 sys=0.00, real=0.00 secs] 
2014-07-28T19:04:40.354+0000: 2914.041: [GC [PSYoungGen: 84544K->320K(101440K)] 334832K->250664K(788416K), 0.0150930 secs] [Times: user=0.08 sys=0.01, real=0.01 secs] 
2014-07-28T19:04:41.058+0000: 2914.745: [GC [PSYoungGen: 101440K->416K(121792K)] 351784K->250800K(808768K), 0.0061050 secs] [Times: user=0.04 sys=0.01, real=0.01 secs] 
2014-07-28T19:04:41.906+0000: 2915.593: [GC [PSYoungGen: 121760K->352K(119808K)] 372144K->250824K(806784K), 0.0036520 secs] [Times: user=0.02 sys=0.00, real=0.00 secs] 
2014-07-28T19:04:42.738+0000: 2916.425: [GC [PSYoungGen: 119776K->288K(117888K)] 370248K->250816K(804864K), 0.0024340 secs] [Times: user=0.01 sys=0.00, real=0.00 secs] 
2014-07-28T19:04:43.559+0000: 2917.245: [GC [PSYoungGen: 117856K->320K(116096K)] 368384K->250928K(803072K), 0.0073610 secs] [Times: user=0.04 sys=0.00, real=0.01 secs] 
2014-07-28T19:04:44.366+0000: 2918.052: [GC [PSYoungGen: 116095K->434K(114432K)] 366704K->251106K(801408K), 0.0049570 secs] [Times: user=0.03 sys=0.00, real=0.00 secs] 
2014-07-28T19:04:45.161+0000: 2918.848: [GC [PSYoungGen: 114418K->320K(112576K)] 365090K->251056K(799552K), 0.0060600 secs] [Times: user=0.03 sys=0.01, real=0.01 secs] 
2014-07-28T19:04:45.943+0000: 2919.630: [GC [PSYoungGen: 112576K->288K(110912K)] 363312K->251080K(797888K), 0.0030680 secs] [Times: user=0.01 sys=0.00, real=0.00 secs] 
2014-07-28T19:04:46.713+0000: 2920.400: [GC [PSYoungGen: 110880K->224K(109248K)] 361672K->251056K(796224K), 0.0078230 secs] [Times: user=0.05 sys=0.00, real=0.00 secs] 
2014-07-28T19:04:47.468+0000: 2921.155: [GC [PSYoungGen: 109216K->448K(107840K)] 360048K->251384K(794816K), 0.0035230 secs] [Times: user=0.02 sys=0.00, real=0.00 secs] 
2014-07-28T19:04:48.217+0000: 2921.904: [GC [PSYoungGen: 107812K->256K(106112K)] 358749K->251240K(793088K), 0.0030200 secs] [Times: user=0.02 sys=0.00, real=0.00 secs] 
2014-07-28T19:04:48.958+0000: 2922.645: [GC [PSYoungGen: 106112K->320K(104640K)] 357096K->251360K(791616K), 0.0067660 secs] [Times: user=0.04 sys=0.00, real=0.01 secs] 
2014-07-28T19:04:49.687+0000: 2923.374: [GC [PSYoungGen: 104640K->288K(103168K)] 355680K->251384K(790144K), 0.0084880 secs] [Times: user=0.05 sys=0.00, real=0.01 secs] 
2014-07-28T19:04:50.406+0000: 2924.093: [GC [PSYoungGen: 103136K->256K(101696K)] 354232K->251408K(788672K), 0.0090770 secs] [Times: user=0.05 sys=0.00, real=0.01 secs] 
2014-07-28T19:04:51.119+0000: 2924.806: [GC [PSYoungGen: 101696K->384K(100416K)] 352848K->251592K(787392K), 0.0056670 secs] [Times: user=0.03 sys=0.00, real=0.01 secs] 
2014-07-28T19:04:51.818+0000: 2925.504: [GC [PSYoungGen: 100416K->320K(99008K)] 351624K->251592K(785984K), 0.0056760 secs] [Times: user=0.03 sys=0.01, real=0.01 secs] 
2014-07-28T19:04:52.510+0000: 2926.197: [GC [PSYoungGen: 99008K->320K(97664K)] 350280K->251672K(784640K), 0.0030110 secs] [Times: user=0.01 sys=0.00, real=0.00 secs] 
2014-07-28T19:04:53.183+0000: 2926.869: [GC [PSYoungGen: 97664K->192K(96256K)] 349016K->251584K(783232K), 0.0081720 secs] [Times: user=0.05 sys=0.00, real=0.01 secs] 
2014-07-28T19:04:53.856+0000: 2927.543: [GC [PSYoungGen: 96256K->416K(95232K)] 347648K->251896K(782208K), 0.0043480 secs] [Times: user=0.03 sys=0.00, real=0.00 secs] 
2014-07-28T19:04:54.519+0000: 2928.206: [GC [PSYoungGen: 95200K->192K(93760K)] 346680K->251704K(780736K), 0.0036660 secs] [Times: user=0.01 sys=0.00, real=0.00 secs] 
2014-07-28T19:04:55.173+0000: 2928.860: [GC [PSYoungGen: 93760K->160K(92544K)] 345272K->251688K(779520K), 0.0045850 secs] [Times: user=0.01 sys=0.00, real=0.01 secs] 
2014-07-28T19:04:55.814+0000: 2929.500: [GC [PSYoungGen: 92512K->448K(91584K)] 344040K->252048K(778560K), 0.0067640 secs] [Times: user=0.04 sys=0.00, real=0.01 secs] 
2014-07-28T19:04:56.448+0000: 2930.135: [GC [PSYoungGen: 91584K->352K(90368K)] 343184K->252040K(777344K), 0.0042310 secs] [Times: user=0.02 sys=0.00, real=0.00 secs] 
2014-07-28T19:04:57.076+0000: 2930.763: [GC [PSYoungGen: 90336K->192K(89024K)] 342024K->251928K(776000K), 0.0100370 secs] [Times: user=0.05 sys=0.00, real=0.01 secs] 
2014-07-28T19:04:57.698+0000: 2931.385: [GC [PSYoungGen: 89024K->338K(107008K)] 340760K->252138K(793984K), 0.0113830 secs] [Times: user=0.06 sys=0.00, real=0.01 secs] 
2014-07-28T19:04:58.443+0000: 2932.130: [GC [PSYoungGen: 106962K->288K(105408K)] 358762K->252144K(792384K), 0.0028110 secs] [Times: user=0.01 sys=0.00, real=0.01 secs] 
2014-07-28T19:04:59.175+0000: 2932.862: [GC [PSYoungGen: 105376K->256K(103872K)] 357232K->252168K(790848K), 0.0038720 secs] [Times: user=0.02 sys=0.00, real=0.01 secs] 
2014-07-28T19:04:59.905+0000: 2933.591: [GC [PSYoungGen: 103872K->416K(102592K)] 355784K->252408K(789568K), 0.0055850 secs] [Times: user=0.03 sys=0.00, real=0.01 secs] 
2014-07-28T19:05:00.614+0000: 2934.300: [GC [PSYoungGen: 102560K->288K(122944K)] 354552K->252304K(809920K), 0.0114640 secs] [Times: user=0.07 sys=0.00, real=0.02 secs] 
2014-07-28T19:05:01.467+0000: 2935.154: [GC [PSYoungGen: 122912K->256K(120960K)] 374928K->252320K(807936K), 0.0052180 secs] [Times: user=0.02 sys=0.00, real=0.00 secs] 
2014-07-28T19:05:02.309+0000: 2935.996: [GC [PSYoungGen: 120960K->338K(119168K)] 373024K->252474K(806144K), 0.0085100 secs] [Times: user=0.05 sys=0.00, real=0.01 secs] 
2014-07-28T19:05:03.143+0000: 2936.830: [GC [PSYoungGen: 119122K->338K(117312K)] 371258K->252530K(804288K), 0.0056450 secs] [Times: user=0.03 sys=0.00, real=0.01 secs] 
2014-07-28T19:05:03.961+0000: 2937.647: [GC [PSYoungGen: 117266K->288K(115456K)] 369458K->252536K(802432K), 0.0040930 secs] [Times: user=0.02 sys=0.00, real=0.00 secs] 
2014-07-28T19:05:04.762+0000: 2938.448: [GC [PSYoungGen: 115424K->384K(113792K)] 367672K->252736K(800768K), 0.0045770 secs] [Times: user=0.02 sys=0.00, real=0.01 secs] 
2014-07-28T19:05:05.552+0000: 2939.239: [GC [PSYoungGen: 113792K->256K(111936K)] 366144K->252672K(798912K), 0.0066070 secs] [Times: user=0.04 sys=0.00, real=0.01 secs] 
2014-07-28T19:05:06.335+0000: 2940.022: [GC [PSYoungGen: 111936K->288K(110336K)] 364352K->252768K(797312K), 0.0052210 secs] [Times: user=0.03 sys=0.00, real=0.01 secs] 
2014-07-28T19:05:07.105+0000: 2940.792: [GC [PSYoungGen: 110304K->320K(108736K)] 362784K->252856K(795712K), 0.0110180 secs] [Times: user=0.08 sys=0.00, real=0.02 secs] 
2014-07-28T19:05:07.859+0000: 2941.546: [GC [PSYoungGen: 108736K->192K(107008K)] 361272K->252776K(793984K), 0.0042950 secs] [Times: user=0.02 sys=0.01, real=0.00 secs] 
2014-07-28T19:05:08.607+0000: 2942.294: [GC [PSYoungGen: 107008K->288K(105600K)] 359592K->252920K(792576K), 0.0026980 secs] [Times: user=0.01 sys=0.00, real=0.00 secs] 
2014-07-28T19:05:09.345+0000: 2943.032: [GC [PSYoungGen: 105568K->352K(104192K)] 358200K->253056K(791168K), 0.0044330 secs] [Times: user=0.02 sys=0.00, real=0.01 secs] 
2014-07-28T19:05:10.071+0000: 2943.758: [GC [PSYoungGen: 104160K->352K(102720K)] 356864K->253128K(789696K), 0.0046430 secs] [Times: user=0.03 sys=0.00, real=0.00 secs] 
2014-07-28T19:05:10.788+0000: 2944.475: [GC [PSYoungGen: 102688K->256K(101184K)] 355464K->253072K(788160K), 0.0079310 secs] [Times: user=0.04 sys=0.00, real=0.01 secs] 
2014-07-28T19:05:11.492+0000: 2945.178: [GC [PSYoungGen: 101184K->416K(99968K)] 354000K->253312K(786944K), 0.0056730 secs] [Times: user=0.04 sys=0.00, real=0.01 secs] 
2014-07-28T19:05:12.186+0000: 2945.873: [GC [PSYoungGen: 99936K->192K(98368K)] 352832K->253120K(785344K), 0.0030510 secs] [Times: user=0.02 sys=0.00, real=0.01 secs] 
2014-07-28T19:05:12.873+0000: 2946.560: [GC [PSYoungGen: 98368K->256K(97088K)] 351296K->253240K(784064K), 0.0098700 secs] [Times: user=0.06 sys=0.00, real=0.01 secs] 
2014-07-28T19:05:13.554+0000: 2947.240: [GC [PSYoungGen: 97088K->224K(95808K)] 350072K->253264K(782784K), 0.0031830 secs] [Times: user=0.02 sys=0.00, real=0.00 secs] 
2014-07-28T19:05:14.221+0000: 2947.908: [GC [PSYoungGen: 95776K->288K(94592K)] 348816K->253376K(781568K), 0.0046590 secs] [Times: user=0.02 sys=0.00, real=0.00 secs] 
2014-07-28T19:05:14.878+0000: 2948.564: [GC [PSYoungGen: 94560K->352K(93440K)] 347648K->253480K(780416K), 0.0065630 secs] [Times: user=0.04 sys=0.00, real=0.00 secs] 
2014-07-28T19:05:15.530+0000: 2949.216: [GC [PSYoungGen: 93408K->256K(92096K)] 346536K->253432K(779072K), 0.0061550 secs] [Times: user=0.04 sys=0.00, real=0.00 secs] 
2014-07-28T19:05:16.172+0000: 2949.859: [GC [PSYoungGen: 92096K->256K(90944K)] 345272K->253488K(777920K), 0.0092090 secs] [Times: user=0.06 sys=0.00, real=0.01 secs] 
2014-07-28T19:05:16.808+0000: 2950.494: [GC [PSYoungGen: 90944K->256K(89792K)] 344176K->253528K(776768K), 0.0060860 secs] [Times: user=0.03 sys=0.00, real=0.00 secs] 
2014-07-28T19:05:17.428+0000: 2951.115: [GC [PSYoungGen: 89792K->256K(88640K)] 343064K->253576K(775616K), 0.0031520 secs] [Times: user=0.02 sys=0.00, real=0.00 secs] 
2014-07-28T19:05:18.048+0000: 2951.734: [GC [PSYoungGen: 88640K->448K(87744K)] 341960K->253856K(774720K), 0.0055560 secs] [Times: user=0.03 sys=0.00, real=0.00 secs] 
2014-07-28T19:05:18.657+0000: 2952.344: [GC [PSYoungGen: 87744K->160K(86400K)] 341152K->253592K(773376K), 0.0042510 secs] [Times: user=0.02 sys=0.00, real=0.01 secs] 
2014-07-28T19:05:19.260+0000: 2952.947: [GC [PSYoungGen: 86368K->256K(85440K)] 339800K->253744K(772416K), 0.0044450 secs] [Times: user=0.03 sys=0.00, real=0.00 secs] 
2014-07-28T19:05:19.853+0000: 2953.540: [GC [PSYoungGen: 85440K->288K(84480K)] 338928K->253800K(771456K), 0.0040070 secs] [Times: user=0.02 sys=0.00, real=0.00 secs] 
2014-07-28T19:05:20.444+0000: 2954.130: [GC [PSYoungGen: 84448K->384K(83520K)] 337960K->253992K(770496K), 0.0049060 secs] [Times: user=0.03 sys=0.00, real=0.01 secs] 
2014-07-28T19:05:21.030+0000: 2954.717: [GC [PSYoungGen: 83519K->384K(82560K)] 337128K->254112K(769536K), 0.0035570 secs] [Times: user=0.02 sys=0.00, real=0.00 secs] 
2014-07-28T19:05:21.600+0000: 2955.287: [GC [PSYoungGen: 82560K->416K(81664K)] 336288K->254216K(768640K), 0.0043810 secs] [Times: user=0.02 sys=0.00, real=0.00 secs] 
2014-07-28T19:05:22.165+0000: 2955.851: [GC [PSYoungGen: 81632K->352K(80640K)] 335432K->254240K(767616K), 0.0034840 secs] [Times: user=0.02 sys=0.00, real=0.01 secs] 
2014-07-28T19:05:22.727+0000: 2956.414: [GC [PSYoungGen: 80608K->320K(79680K)] 334496K->254264K(766656K), 0.0043190 secs] [Times: user=0.02 sys=0.01, real=0.01 secs] 
2014-07-28T19:05:23.283+0000: 2956.970: [GC [PSYoungGen: 79680K->416K(78912K)] 333624K->254464K(765888K), 0.0051480 secs] [Times: user=0.03 sys=0.00, real=0.01 secs] 
2014-07-28T19:05:23.831+0000: 2957.518: [GC [PSYoungGen: 78880K->224K(77824K)] 332928K->254304K(764800K), 0.0040580 secs] [Times: user=0.01 sys=0.01, real=0.00 secs] 
2014-07-28T19:05:24.373+0000: 2958.060: [GC [PSYoungGen: 77792K->256K(76928K)] 331872K->254400K(763904K), 0.0046120 secs] [Times: user=0.03 sys=0.00, real=0.00 secs] 
2014-07-28T19:05:24.906+0000: 2958.593: [GC [PSYoungGen: 76928K->288K(92352K)] 331072K->254456K(779328K), 0.0105460 secs] [Times: user=0.05 sys=0.00, real=0.01 secs] 
2014-07-28T19:05:25.547+0000: 2959.234: [GC [PSYoungGen: 92320K->224K(91136K)] 346488K->254448K(778112K), 0.0045250 secs] [Times: user=0.02 sys=0.00, real=0.01 secs] 
2014-07-28T19:05:26.181+0000: 2959.868: [GC [PSYoungGen: 91104K->288K(90048K)] 345328K->254584K(777024K), 0.0042010 secs] [Times: user=0.03 sys=0.00, real=0.00 secs] 
2014-07-28T19:05:26.810+0000: 2960.496: [GC [PSYoungGen: 90016K->192K(88768K)] 344312K->254520K(775744K), 0.0040500 secs] [Times: user=0.02 sys=0.00, real=0.00 secs] 
2014-07-28T19:05:27.425+0000: 2961.112: [GC [PSYoungGen: 88768K->256K(87744K)] 343096K->254648K(774720K), 0.0051050 secs] [Times: user=0.04 sys=0.00, real=0.01 secs] 
2014-07-28T19:05:28.036+0000: 2961.723: [GC [PSYoungGen: 87744K->320K(86720K)] 342136K->254760K(773696K), 0.0026440 secs] [Times: user=0.01 sys=0.00, real=0.00 secs] 
2014-07-28T19:05:28.639+0000: 2962.326: [GC [PSYoungGen: 86720K->288K(85696K)] 341160K->254784K(772672K), 0.0053900 secs] [Times: user=0.03 sys=0.00, real=0.00 secs] 
2014-07-28T19:05:29.236+0000: 2962.923: [GC [PSYoungGen: 85664K->320K(84672K)] 340160K->254888K(771648K), 0.0077480 secs] [Times: user=0.05 sys=0.00, real=0.01 secs] 
2014-07-28T19:05:29.821+0000: 2963.508: [GC [PSYoungGen: 84672K->352K(83712K)] 339240K->254960K(770688K), 0.0076320 secs] [Times: user=0.05 sys=0.00, real=0.00 secs] 
2014-07-28T19:05:30.402+0000: 2964.089: [GC [PSYoungGen: 83680K->224K(82624K)] 338288K->254888K(769600K), 0.0034180 secs] [Times: user=0.02 sys=0.00, real=0.00 secs] 
2014-07-28T19:05:30.979+0000: 2964.666: [GC [PSYoungGen: 82592K->224K(81664K)] 337256K->254928K(768640K), 0.0027610 secs] [Times: user=0.01 sys=0.00, real=0.00 secs] 
2014-07-28T19:05:31.550+0000: 2965.237: [GC [PSYoungGen: 81632K->320K(80768K)] 336336K->255088K(767744K), 0.0060610 secs] [Times: user=0.04 sys=0.00, real=0.00 secs] 
2014-07-28T19:05:32.118+0000: 2965.805: [GC [PSYoungGen: 80768K->384K(79936K)] 335536K->255240K(766912K), 0.0029220 secs] [Times: user=0.02 sys=0.00, real=0.01 secs] 
2014-07-28T19:05:32.675+0000: 2966.362: [GC [PSYoungGen: 79935K->256K(78912K)] 334792K->255152K(765888K), 0.0032570 secs] [Times: user=0.02 sys=0.00, real=0.00 secs] 
2014-07-28T19:05:33.222+0000: 2966.909: [GC [PSYoungGen: 78912K->498K(78272K)] 333808K->255490K(765248K), 0.0040670 secs] [Times: user=0.02 sys=0.00, real=0.00 secs] 
2014-07-28T19:05:33.766+0000: 2967.453: [GC [PSYoungGen: 78258K->320K(77184K)] 333250K->255352K(764160K), 0.0043070 secs] [Times: user=0.03 sys=0.00, real=0.01 secs] 
2014-07-28T19:05:34.302+0000: 2967.989: [GC [PSYoungGen: 77184K->288K(76352K)] 332216K->255384K(763328K), 0.0037130 secs] [Times: user=0.02 sys=0.00, real=0.00 secs] 
2014-07-28T19:05:34.829+0000: 2968.516: [GC [PSYoungGen: 76320K->256K(75456K)] 331416K->255384K(762432K), 0.0057090 secs] [Times: user=0.04 sys=0.00, real=0.01 secs] 
2014-07-28T19:05:35.356+0000: 2969.043: [GC [PSYoungGen: 75456K->416K(74816K)] 330584K->255616K(761792K), 0.0045190 secs] [Times: user=0.03 sys=0.00, real=0.01 secs] 
2014-07-28T19:05:35.878+0000: 2969.565: [GC [PSYoungGen: 74784K->320K(73856K)] 329984K->255544K(760832K), 0.0048430 secs] [Times: user=0.02 sys=0.00, real=0.01 secs] 
2014-07-28T19:05:36.390+0000: 2970.077: [GC [PSYoungGen: 73856K->256K(73024K)] 329080K->255544K(760000K), 0.0032670 secs] [Times: user=0.02 sys=0.00, real=0.00 secs] 
2014-07-28T19:05:36.901+0000: 2970.588: [GC [PSYoungGen: 73024K->160K(72192K)] 328312K->255472K(759168K), 0.0035500 secs] [Times: user=0.01 sys=0.00, real=0.00 secs] 
2014-07-28T19:05:37.404+0000: 2971.091: [GC [PSYoungGen: 72160K->416K(71680K)] 327472K->255808K(758656K), 0.0068450 secs] [Times: user=0.05 sys=0.00, real=0.01 secs] 
2014-07-28T19:05:37.901+0000: 2971.588: [GC [PSYoungGen: 71648K->288K(70784K)] 327040K->255736K(757760K), 0.0038680 secs] [Times: user=0.02 sys=0.00, real=0.00 secs] 
2014-07-28T19:05:38.393+0000: 2972.080: [GC [PSYoungGen: 70752K->288K(70080K)] 326200K->255792K(757056K), 0.0033280 secs] [Times: user=0.01 sys=0.00, real=0.00 secs] 
2014-07-28T19:05:38.882+0000: 2972.569: [GC [PSYoungGen: 70048K->352K(69440K)] 325552K->255912K(756416K), 0.0069940 secs] [Times: user=0.04 sys=0.00, real=0.00 secs] 
2014-07-28T19:05:39.364+0000: 2973.051: [GC [PSYoungGen: 69408K->224K(68608K)] 324968K->255832K(755584K), 0.0031670 secs] [Times: user=0.02 sys=0.00, real=0.00 secs] 
2014-07-28T19:05:39.840+0000: 2973.527: [GC [PSYoungGen: 68576K->352K(68032K)] 324184K->256008K(755008K), 0.0060390 secs] [Times: user=0.03 sys=0.00, real=0.01 secs] 
2014-07-28T19:05:40.313+0000: 2973.999: [GC [PSYoungGen: 68000K->416K(67456K)] 323656K->256152K(754432K), 0.0043140 secs] [Times: user=0.03 sys=0.00, real=0.00 secs] 
2014-07-28T19:05:40.779+0000: 2974.465: [GC [PSYoungGen: 67424K->256K(66624K)] 323160K->256032K(753600K), 0.0046060 secs] [Times: user=0.03 sys=0.00, real=0.01 secs] 
2014-07-28T19:05:41.242+0000: 2974.928: [GC [PSYoungGen: 66624K->224K(79936K)] 322400K->256032K(766912K), 0.0057870 secs] [Times: user=0.02 sys=0.00, real=0.00 secs] 
2014-07-28T19:05:41.800+0000: 2975.487: [GC [PSYoungGen: 79904K->256K(95872K)] 335712K->256096K(782848K), 0.0057990 secs] [Times: user=0.03 sys=0.01, real=0.01 secs] 
2014-07-28T19:05:42.465+0000: 2976.152: [GC [PSYoungGen: 95872K->384K(115136K)] 351712K->256304K(802112K), 0.0110850 secs] [Times: user=0.06 sys=0.00, real=0.01 secs] 
2014-07-28T19:05:43.265+0000: 2976.952: [GC [PSYoungGen: 115136K->224K(137984K)] 371056K->256184K(824960K), 0.0054340 secs] [Times: user=0.03 sys=0.00, real=0.01 secs] 
2014-07-28T19:05:44.225+0000: 2977.912: [GC [PSYoungGen: 137952K->224K(135616K)] 393912K->256224K(822592K), 0.0030780 secs] [Times: user=0.01 sys=0.00, real=0.00 secs] 
2014-07-28T19:05:45.175+0000: 2978.861: [GC [PSYoungGen: 135584K->288K(133376K)] 391584K->256352K(820352K), 0.0049390 secs] [Times: user=0.03 sys=0.00, real=0.00 secs] 
2014-07-28T19:05:46.107+0000: 2979.794: [GC [PSYoungGen: 133330K->502K(131328K)] 389394K->256630K(818304K), 0.0056600 secs] [Times: user=0.03 sys=0.00, real=0.01 secs] 
2014-07-28T19:05:47.022+0000: 2980.709: [GC [PSYoungGen: 131318K->256K(128896K)] 387446K->256528K(815872K), 0.0050910 secs] [Times: user=0.03 sys=0.00, real=0.01 secs] 
2014-07-28T19:05:47.925+0000: 2981.612: [GC [PSYoungGen: 128896K->320K(126848K)] 385168K->256656K(813824K), 0.0026720 secs] [Times: user=0.02 sys=0.00, real=0.00 secs] 
2014-07-28T19:05:48.809+0000: 2982.496: [GC [PSYoungGen: 126848K->320K(124800K)] 383184K->256728K(811776K), 0.0053790 secs] [Times: user=0.03 sys=0.00, real=0.01 secs] 
2014-07-28T19:05:49.678+0000: 2983.365: [GC [PSYoungGen: 124800K->416K(122944K)] 381208K->256912K(809920K), 0.0080000 secs] [Times: user=0.05 sys=0.00, real=0.01 secs] 
2014-07-28T19:05:50.532+0000: 2984.219: [GC [PSYoungGen: 122912K->288K(120896K)] 379408K->256840K(807872K), 0.0048220 secs] [Times: user=0.03 sys=0.00, real=0.01 secs] 
2014-07-28T19:05:51.371+0000: 2985.058: [GC [PSYoungGen: 120864K->352K(119040K)] 377416K->257000K(806016K), 0.0048060 secs] [Times: user=0.02 sys=0.00, real=0.01 secs] 
2014-07-28T19:05:52.201+0000: 2985.887: [GC [PSYoungGen: 119001K->288K(117120K)] 375649K->256984K(804096K), 0.0040050 secs] [Times: user=0.03 sys=0.00, real=0.01 secs] 
2014-07-28T19:05:53.015+0000: 2986.702: [GC [PSYoungGen: 117079K->320K(115328K)] 373775K->257088K(802304K), 0.0044960 secs] [Times: user=0.03 sys=0.01, real=0.00 secs] 
2014-07-28T19:05:53.816+0000: 2987.502: [GC [PSYoungGen: 115328K->224K(113536K)] 372096K->257048K(800512K), 0.0084930 secs] [Times: user=0.06 sys=0.00, real=0.01 secs] 
2014-07-28T19:05:54.609+0000: 2988.296: [GC [PSYoungGen: 113504K->288K(111872K)] 370328K->257160K(798848K), 0.0071310 secs] [Times: user=0.05 sys=0.00, real=0.01 secs] 
2014-07-28T19:05:55.389+0000: 2989.076: [GC [PSYoungGen: 111840K->320K(110208K)] 368712K->257264K(797184K), 0.0068600 secs] [Times: user=0.04 sys=0.00, real=0.01 secs] 
2014-07-28T19:05:56.155+0000: 2989.842: [GC [PSYoungGen: 110208K->498K(108800K)] 367152K->257506K(795776K), 0.0036850 secs] [Times: user=0.02 sys=0.00, real=0.00 secs] 
2014-07-28T19:05:56.909+0000: 2990.596: [GC [PSYoungGen: 108786K->256K(106944K)] 365794K->257336K(793920K), 0.0061000 secs] [Times: user=0.03 sys=0.00, real=0.01 secs] 
2014-07-28T19:05:57.653+0000: 2991.340: [GC [PSYoungGen: 106944K->320K(105472K)] 364024K->257472K(792448K), 0.0072470 secs] [Times: user=0.05 sys=0.00, real=0.00 secs] 
2014-07-28T19:05:58.388+0000: 2992.075: [GC [PSYoungGen: 105472K->320K(104000K)] 362624K->257552K(790976K), 0.0089490 secs] [Times: user=0.06 sys=0.00, real=0.01 secs] 
2014-07-28T19:05:59.112+0000: 2992.798: [GC [PSYoungGen: 104000K->352K(102592K)] 361232K->257640K(789568K), 0.0080870 secs] [Times: user=0.05 sys=0.00, real=0.01 secs] 
2014-07-28T19:05:59.827+0000: 2993.514: [GC [PSYoungGen: 102560K->306K(101120K)] 359848K->257650K(788096K), 0.0074050 secs] [Times: user=0.04 sys=0.00, real=0.01 secs] 
2014-07-28T19:06:00.524+0000: 2994.211: [GC [PSYoungGen: 101106K->224K(99648K)] 358450K->257616K(786624K), 0.0047620 secs] [Times: user=0.02 sys=0.00, real=0.00 secs] 
2014-07-28T19:06:01.217+0000: 2994.904: [GC [PSYoungGen: 99616K->192K(119488K)] 357008K->257616K(806464K), 0.0111800 secs] [Times: user=0.06 sys=0.00, real=0.01 secs] 
2014-07-28T19:06:02.049+0000: 2995.736: [GC [PSYoungGen: 119488K->320K(117760K)] 376912K->257800K(804736K), 0.0033160 secs] [Times: user=0.02 sys=0.00, real=0.00 secs] 
2014-07-28T19:06:02.868+0000: 2996.555: [GC [PSYoungGen: 117760K->320K(115968K)] 375240K->257864K(802944K), 0.0072610 secs] [Times: user=0.05 sys=0.00, real=0.01 secs] 
2014-07-28T19:06:03.677+0000: 2997.364: [GC [PSYoungGen: 115968K->256K(114176K)] 373512K->257856K(801152K), 0.0078360 secs] [Times: user=0.05 sys=0.00, real=0.01 secs] 
2014-07-28T19:06:04.467+0000: 2998.154: [GC [PSYoungGen: 114175K->352K(112576K)] 371775K->258016K(799552K), 0.0074050 secs] [Times: user=0.05 sys=0.00, real=0.01 secs] 
2014-07-28T19:06:05.254+0000: 2998.941: [GC [PSYoungGen: 112544K->416K(110976K)] 370208K->258152K(797952K), 0.0055160 secs] [Times: user=0.04 sys=0.00, real=0.01 secs] 
2014-07-28T19:06:06.027+0000: 2999.714: [GC [PSYoungGen: 110944K->224K(109184K)] 368680K->258016K(796160K), 0.0080530 secs] [Times: user=0.05 sys=0.00, real=0.00 secs] 
2014-07-28T19:06:06.787+0000: 3000.474: [GC [PSYoungGen: 109152K->320K(107648K)] 366944K->258192K(794624K), 0.0062250 secs] [Times: user=0.04 sys=0.00, real=0.00 secs] 
2014-07-28T19:06:07.537+0000: 3001.224: [GC [PSYoungGen: 107648K->352K(106176K)] 365520K->258304K(793152K), 0.0072490 secs] [Times: user=0.04 sys=0.00, real=0.00 secs] 
2014-07-28T19:06:08.277+0000: 3001.964: [GC [PSYoungGen: 106144K->256K(104512K)] 364096K->258272K(791488K), 0.0076130 secs] [Times: user=0.05 sys=0.00, real=0.00 secs] 
2014-07-28T19:06:09.010+0000: 3002.697: [GC [PSYoungGen: 104512K->320K(103104K)] 362528K->258376K(790080K), 0.0054940 secs] [Times: user=0.04 sys=0.00, real=0.01 secs] 
2014-07-28T19:06:09.725+0000: 3003.412: [GC [PSYoungGen: 103104K->224K(101632K)] 361160K->258336K(788608K), 0.0049050 secs] [Times: user=0.03 sys=0.00, real=0.01 secs] 
2014-07-28T19:06:10.439+0000: 3004.126: [GC [PSYoungGen: 101600K->370K(100352K)] 359712K->258594K(787328K), 0.0068010 secs] [Times: user=0.04 sys=0.01, real=0.01 secs] 
2014-07-28T19:06:11.132+0000: 3004.819: [GC [PSYoungGen: 100338K->416K(99072K)] 358562K->258704K(786048K), 0.0041560 secs] [Times: user=0.02 sys=0.01, real=0.01 secs] 
2014-07-28T19:06:11.816+0000: 3005.503: [GC [PSYoungGen: 99040K->256K(97536K)] 357328K->258600K(784512K), 0.0044360 secs] [Times: user=0.02 sys=0.00, real=0.00 secs] 
2014-07-28T19:06:12.500+0000: 3006.187: [GC [PSYoungGen: 97536K->352K(96384K)] 355880K->258776K(783360K), 0.0073680 secs] [Times: user=0.04 sys=0.00, real=0.01 secs] 
2014-07-28T19:06:13.175+0000: 3006.862: [GC [PSYoungGen: 96352K->224K(115456K)] 354776K->258688K(802432K), 0.0106470 secs] [Times: user=0.06 sys=0.00, real=0.02 secs] 
2014-07-28T19:06:13.978+0000: 3007.665: [GC [PSYoungGen: 115424K->384K(113856K)] 373888K->258928K(800832K), 0.0044940 secs] [Times: user=0.02 sys=0.00, real=0.00 secs] 
2014-07-28T19:06:14.772+0000: 3008.459: [GC [PSYoungGen: 113815K->320K(112064K)] 372360K->258936K(799040K), 0.0080180 secs] [Times: user=0.05 sys=0.00, real=0.01 secs] 
2014-07-28T19:06:15.553+0000: 3009.240: [GC [PSYoungGen: 112064K->224K(110336K)] 370680K->258888K(797312K), 0.0029400 secs] [Times: user=0.01 sys=0.01, real=0.00 secs] 
2014-07-28T19:06:16.326+0000: 3010.013: [GC [PSYoungGen: 110304K->352K(108864K)] 368968K->259088K(795840K), 0.0053180 secs] [Times: user=0.03 sys=0.00, real=0.01 secs] 
2014-07-28T19:06:17.081+0000: 3010.768: [GC [PSYoungGen: 108832K->192K(107072K)] 367568K->258976K(794048K), 0.0049700 secs] [Times: user=0.03 sys=0.00, real=0.00 secs] 
2014-07-28T19:06:17.829+0000: 3011.516: [GC [PSYoungGen: 107072K->370K(105728K)] 365856K->259234K(792704K), 0.0064160 secs] [Times: user=0.04 sys=0.00, real=0.00 secs] 
2014-07-28T19:06:18.563+0000: 3012.250: [GC [PSYoungGen: 105714K->256K(104128K)] 364578K->259176K(791104K), 0.0044140 secs] [Times: user=0.03 sys=0.00, real=0.01 secs] 
2014-07-28T19:06:19.290+0000: 3012.976: [GC [PSYoungGen: 104128K->320K(102720K)] 363048K->259304K(789696K), 0.0043010 secs] [Times: user=0.03 sys=0.00, real=0.00 secs] 
2014-07-28T19:06:20.002+0000: 3013.688: [GC [PSYoungGen: 102720K->224K(101248K)] 361704K->259240K(788224K), 0.0090980 secs] [Times: user=0.05 sys=0.00, real=0.01 secs] 
2014-07-28T19:06:20.708+0000: 3014.394: [GC [PSYoungGen: 101216K->256K(99840K)] 360232K->259320K(786816K), 0.0031270 secs] [Times: user=0.02 sys=0.00, real=0.00 secs] 
2014-07-28T19:06:21.403+0000: 3015.089: [GC [PSYoungGen: 99840K->498K(98752K)] 358904K->259626K(785728K), 0.0029510 secs] [Times: user=0.01 sys=0.00, real=0.00 secs] 
2014-07-28T19:06:22.094+0000: 3015.781: [GC [PSYoungGen: 98738K->224K(97152K)] 357866K->259400K(784128K), 0.0034330 secs] [Times: user=0.01 sys=0.00, real=0.01 secs] 
2014-07-28T19:06:22.769+0000: 3016.456: [GC [PSYoungGen: 97120K->384K(96000K)] 356296K->259616K(782976K), 0.0031910 secs] [Times: user=0.01 sys=0.00, real=0.00 secs] 
2014-07-28T19:06:23.437+0000: 3017.124: [GC [PSYoungGen: 95992K->306K(94656K)] 355224K->259594K(781632K), 0.0079880 secs] [Times: user=0.05 sys=0.00, real=0.00 secs] 
2014-07-28T19:06:24.094+0000: 3017.781: [GC [PSYoungGen: 94642K->288K(93440K)] 353930K->259632K(780416K), 0.0047550 secs] [Times: user=0.02 sys=0.00, real=0.01 secs] 
2014-07-28T19:06:24.742+0000: 3018.429: [GC [PSYoungGen: 93408K->448K(92352K)] 352752K->259880K(779328K), 0.0055470 secs] [Times: user=0.03 sys=0.00, real=0.00 secs] 
2014-07-28T19:06:25.385+0000: 3019.072: [GC [PSYoungGen: 92352K->320K(91072K)] 351784K->259832K(778048K), 0.0050000 secs] [Times: user=0.03 sys=0.00, real=0.01 secs] 
2014-07-28T19:06:26.032+0000: 3019.719: [GC [PSYoungGen: 91072K->448K(90048K)] 350584K->260008K(777024K), 0.0060710 secs] [Times: user=0.04 sys=0.00, real=0.01 secs] 
2014-07-28T19:06:26.648+0000: 3020.335: [GC [PSYoungGen: 90048K->352K(88832K)] 349608K->259992K(775808K), 0.0080660 secs] [Times: user=0.04 sys=0.00, real=0.00 secs] 
2014-07-28T19:06:27.266+0000: 3020.953: [GC [PSYoungGen: 88800K->256K(87616K)] 348440K->259952K(774592K), 0.0073840 secs] [Times: user=0.04 sys=0.00, real=0.01 secs] 
2014-07-28T19:06:27.877+0000: 3021.563: [GC [PSYoungGen: 87616K->384K(86656K)] 347312K->260136K(773632K), 0.0038240 secs] [Times: user=0.02 sys=0.01, real=0.01 secs] 
2014-07-28T19:06:28.477+0000: 3022.163: [GC [PSYoungGen: 86642K->416K(85696K)] 346394K->260256K(772672K), 0.0058160 secs] [Times: user=0.04 sys=0.00, real=0.01 secs] 
2014-07-28T19:06:29.069+0000: 3022.756: [GC [PSYoungGen: 85623K->256K(102592K)] 345463K->260160K(789568K), 0.0126850 secs] [Times: user=0.09 sys=0.00, real=0.01 secs] 
2014-07-28T19:06:29.783+0000: 3023.470: [GC [PSYoungGen: 102592K->288K(123136K)] 362496K->260264K(810112K), 0.0082560 secs] [Times: user=0.06 sys=0.00, real=0.01 secs] 
2014-07-28T19:06:30.638+0000: 3024.325: [GC [PSYoungGen: 123104K->256K(147648K)] 383080K->260288K(834624K), 0.0086890 secs] [Times: user=0.06 sys=0.00, real=0.00 secs] 
2014-07-28T19:06:31.668+0000: 3025.355: [GC [PSYoungGen: 147648K->384K(177280K)] 407680K->260488K(864256K), 0.0066050 secs] [Times: user=0.04 sys=0.00, real=0.01 secs] 
2014-07-28T19:06:32.902+0000: 3026.588: [GC [PSYoungGen: 177241K->306K(173632K)] 437346K->260458K(860608K), 0.0068640 secs] [Times: user=0.03 sys=0.00, real=0.00 secs] 
2014-07-28T19:06:34.110+0000: 3027.797: [GC [PSYoungGen: 173618K->224K(170112K)] 433770K->260408K(857088K), 0.0097610 secs] [Times: user=0.07 sys=0.01, real=0.01 secs] 
2014-07-28T19:06:35.299+0000: 3028.986: [GC [PSYoungGen: 170080K->160K(166720K)] 430264K->260368K(853696K), 0.0039550 secs] [Times: user=0.02 sys=0.00, real=0.01 secs] 
2014-07-28T19:06:36.465+0000: 3030.151: [GC [PSYoungGen: 166688K->512K(163776K)] 426896K->260752K(850752K), 0.0083490 secs] [Times: user=0.02 sys=0.01, real=0.01 secs] 
2014-07-28T19:06:37.605+0000: 3031.292: [GC [PSYoungGen: 163776K->256K(160384K)] 424016K->260544K(847360K), 0.0030550 secs] [Times: user=0.02 sys=0.00, real=0.00 secs] 
2014-07-28T19:06:38.723+0000: 3032.410: [GC [PSYoungGen: 160384K->320K(157440K)] 420672K->260688K(844416K), 0.0052000 secs] [Times: user=0.04 sys=0.00, real=0.00 secs] 
2014-07-28T19:06:39.820+0000: 3033.507: [GC [PSYoungGen: 157440K->256K(154432K)] 417808K->260680K(841408K), 0.0073470 secs] [Times: user=0.04 sys=0.00, real=0.00 secs] 
2014-07-28T19:06:40.899+0000: 3034.585: [GC [PSYoungGen: 154432K->224K(151552K)] 414856K->260688K(838528K), 0.0028610 secs] [Times: user=0.02 sys=0.00, real=0.01 secs] 
2014-07-28T19:06:41.957+0000: 3035.644: [GC [PSYoungGen: 151520K->384K(148928K)] 411984K->260920K(835904K), 0.0035630 secs] [Times: user=0.02 sys=0.00, real=0.01 secs] 
2014-07-28T19:06:43.003+0000: 3036.689: [GC [PSYoungGen: 148917K->320K(146176K)] 409453K->260928K(833152K), 0.0029780 secs] [Times: user=0.52 sys=0.35, real=0.88 secs] 
2014-07-28T19:06:44.664+0000: 3038.351: [GC [PSYoungGen: 146176K->338K(143616K)] 406784K->260994K(830592K), 0.0079860 secs] [Times: user=0.05 sys=0.00, real=0.01 secs] 
2014-07-28T19:06:45.665+0000: 3039.352: [GC [PSYoungGen: 143570K->288K(141056K)] 404226K->261008K(828032K), 0.0078080 secs] [Times: user=0.05 sys=0.01, real=0.01 secs] 
2014-07-28T19:06:46.648+0000: 3040.334: [GC [PSYoungGen: 141024K->288K(138624K)] 401744K->261064K(825600K), 0.0074030 secs] [Times: user=0.05 sys=0.00, real=0.01 secs] 
2014-07-28T19:06:47.612+0000: 3041.299: [GC [PSYoungGen: 138592K->288K(136256K)] 399368K->261128K(823232K), 0.0047520 secs] [Times: user=0.02 sys=0.00, real=0.00 secs] 
2014-07-28T19:06:48.563+0000: 3042.249: [GC [PSYoungGen: 136224K->256K(133888K)] 397064K->261136K(820864K), 0.0025630 secs] [Times: user=0.01 sys=0.00, real=0.00 secs] 
2014-07-28T19:06:49.550+0000: 3043.237: [GC [PSYoungGen: 133888K->402K(131840K)] 394768K->261322K(818816K), 0.0083670 secs] [Times: user=0.05 sys=0.01, real=0.01 secs] 
2014-07-28T19:06:50.541+0000: 3044.227: [GC [PSYoungGen: 131794K->338K(129600K)] 392714K->261274K(816576K), 0.0058360 secs] [Times: user=0.02 sys=0.01, real=0.01 secs] 
2014-07-28T19:06:51.482+0000: 3045.169: [GC [PSYoungGen: 129554K->192K(127296K)] 390490K->261160K(814272K), 0.0030140 secs] [Times: user=0.01 sys=0.00, real=0.01 secs] 
2014-07-28T19:06:52.368+0000: 3046.055: [GC [PSYoungGen: 127296K->256K(125312K)] 388264K->261272K(812288K), 0.0026880 secs] [Times: user=0.02 sys=0.00, real=0.00 secs] 
2014-07-28T19:06:53.245+0000: 3046.932: [GC [PSYoungGen: 125312K->352K(123456K)] 386328K->261432K(810432K), 0.0056180 secs] [Times: user=0.03 sys=0.01, real=0.00 secs] 
2014-07-28T19:06:54.107+0000: 3047.794: [GC [PSYoungGen: 123424K->256K(121344K)] 384504K->261392K(808320K), 0.0064500 secs] [Times: user=0.05 sys=0.01, real=0.01 secs] 
2014-07-28T19:06:54.953+0000: 3048.640: [GC [PSYoungGen: 121344K->160K(119360K)] 382480K->261336K(806336K), 0.0025180 secs] [Times: user=0.01 sys=0.00, real=0.00 secs] 
2014-07-28T19:06:55.784+0000: 3049.470: [GC [PSYoungGen: 119328K->288K(117632K)] 380504K->261528K(804608K), 0.0027660 secs] [Times: user=0.02 sys=0.01, real=0.00 secs] 
2014-07-28T19:06:56.626+0000: 3050.313: [GC [PSYoungGen: 117600K->384K(115904K)] 378840K->261648K(802880K), 0.0038720 secs] [Times: user=0.02 sys=0.01, real=0.00 secs] 
2014-07-28T19:06:57.501+0000: 3051.187: [GC [PSYoungGen: 115897K->352K(114176K)] 377162K->261664K(801152K), 0.0081430 secs] [Times: user=0.05 sys=0.01, real=0.01 secs] 
2014-07-28T19:06:58.349+0000: 3052.036: [GC [PSYoungGen: 114144K->306K(112384K)] 375456K->261836K(799360K), 0.0048700 secs] [Times: user=1.79 sys=3.20, real=2.99 secs] 
2014-07-28T19:07:01.759+0000: 3055.445: [GC [PSYoungGen: 112370K->338K(110784K)] 373900K->261932K(797760K), 0.0043810 secs] [Times: user=0.02 sys=0.01, real=0.01 secs] 
2014-07-28T19:07:02.531+0000: 3056.218: [GC [PSYoungGen: 110738K->288K(109120K)] 372332K->261988K(796096K), 0.0057660 secs] [Times: user=0.04 sys=0.00, real=0.01 secs] 
2014-07-28T19:07:03.290+0000: 3056.977: [GC [PSYoungGen: 109088K->256K(107456K)] 370788K->262012K(794432K), 0.0030700 secs] [Times: user=0.01 sys=0.01, real=0.01 secs] 
2014-07-28T19:07:04.037+0000: 3057.724: [GC [PSYoungGen: 107456K->352K(106048K)] 369212K->262116K(793024K), 0.0033470 secs] [Times: user=0.02 sys=0.00, real=0.00 secs] 
2014-07-28T19:07:04.775+0000: 3058.462: [GC [PSYoungGen: 105986K->402K(104576K)] 367750K->262238K(791552K), 0.0027560 secs] [Times: user=0.02 sys=0.00, real=0.00 secs] 
2014-07-28T19:07:05.500+0000: 3059.187: [GC [PSYoungGen: 104530K->256K(102912K)] 366366K->262172K(789888K), 0.0075200 secs] [Times: user=0.05 sys=0.00, real=0.01 secs] 
2014-07-28T19:07:06.218+0000: 3059.905: [GC [PSYoungGen: 102912K->352K(101632K)] 364828K->262332K(788608K), 0.0025980 secs] [Times: user=0.01 sys=0.00, real=0.00 secs] 
2014-07-28T19:07:06.960+0000: 3060.647: [GC [PSYoungGen: 101575K->434K(100288K)] 363555K->262438K(787264K), 0.0071310 secs] [Times: user=0.48 sys=0.29, real=0.76 secs] 
2014-07-28T19:07:07.961+0000: 3061.648: [GC [PSYoungGen: 100274K->498K(120320K)] 362278K->262574K(807296K), 0.0066340 secs] [Times: user=0.04 sys=0.00, real=0.01 secs] 
2014-07-28T19:07:08.752+0000: 3062.439: [GC [PSYoungGen: 120306K->256K(118208K)] 382382K->262420K(805184K), 0.0063220 secs] [Times: user=0.05 sys=0.00, real=0.01 secs] 
2014-07-28T19:07:09.574+0000: 3063.261: [GC [PSYoungGen: 118208K->306K(141888K)] 380372K->262526K(828864K), 0.0095620 secs] [Times: user=0.06 sys=0.01, real=0.00 secs] 
2014-07-28T19:07:10.564+0000: 3064.251: [GC [PSYoungGen: 141874K->288K(139392K)] 404094K->262582K(826368K), 0.0058160 secs] [Times: user=0.03 sys=0.00, real=0.01 secs] 
2014-07-28T19:07:11.535+0000: 3065.222: [GC [PSYoungGen: 139360K->256K(136896K)] 401654K->262606K(823872K), 0.0069140 secs] [Times: user=0.04 sys=0.00, real=0.00 secs] 
2014-07-28T19:07:12.488+0000: 3066.174: [GC [PSYoungGen: 136896K->416K(134784K)] 399246K->262838K(821760K), 0.0058190 secs] [Times: user=0.03 sys=0.00, real=0.00 secs] 
2014-07-28T19:07:13.472+0000: 3067.159: [GC [PSYoungGen: 134752K->288K(132416K)] 397174K->262758K(819392K), 0.0058460 secs] [Times: user=0.03 sys=0.01, real=0.01 secs] 
2014-07-28T19:07:14.418+0000: 3068.105: [GC [PSYoungGen: 132384K->288K(130240K)] 394854K->262798K(817216K), 0.0033820 secs] [Times: user=0.01 sys=0.00, real=0.00 secs] 
2014-07-28T19:07:15.318+0000: 3069.004: [GC [PSYoungGen: 130208K->256K(128000K)] 392718K->262822K(814976K), 0.0046500 secs] [Times: user=0.03 sys=0.00, real=0.00 secs] 
2014-07-28T19:07:16.210+0000: 3069.897: [GC [PSYoungGen: 128000K->416K(126080K)] 390566K->263062K(813056K), 0.0058130 secs] [Times: user=0.04 sys=0.00, real=0.01 secs] 
2014-07-28T19:07:17.091+0000: 3070.778: [GC [PSYoungGen: 126048K->320K(123904K)] 388694K->263030K(810880K), 0.0084660 secs] [Times: user=0.06 sys=0.01, real=0.01 secs] 
2014-07-28T19:07:17.956+0000: 3071.643: [GC [PSYoungGen: 123898K->256K(148608K)] 386608K->263022K(835584K), 0.0201700 secs] [Times: user=0.15 sys=0.01, real=0.02 secs] 
2014-07-28T19:07:18.992+0000: 3072.679: [GC [PSYoungGen: 148608K->320K(145984K)] 411374K->263134K(832960K), 0.0044300 secs] [Times: user=0.01 sys=0.00, real=0.01 secs] 
2014-07-28T19:07:20.024+0000: 3073.710: [GC [PSYoungGen: 145984K->320K(143360K)] 408798K->263190K(830336K), 0.0034500 secs] [Times: user=0.02 sys=0.00, real=0.98 secs] 
2014-07-28T19:07:21.945+0000: 3075.632: [GC [PSYoungGen: 143359K->288K(140864K)] 406229K->263206K(827840K), 0.0052770 secs] [Times: user=0.04 sys=0.00, real=0.01 secs] 
2014-07-28T19:07:22.926+0000: 3076.613: [GC [PSYoungGen: 140832K->320K(138432K)] 403750K->263302K(825408K), 0.0046300 secs] [Times: user=0.03 sys=0.00, real=0.00 secs] 
2014-07-28T19:07:23.893+0000: 3077.580: [GC [PSYoungGen: 138432K->352K(136128K)] 401414K->263398K(823104K), 0.0110170 secs] [Times: user=0.06 sys=0.01, real=0.01 secs] 
2014-07-28T19:07:24.844+0000: 3078.530: [GC [PSYoungGen: 136096K->352K(133824K)] 399142K->263478K(820800K), 0.0080140 secs] [Times: user=0.05 sys=0.00, real=0.01 secs] 
2014-07-28T19:07:25.774+0000: 3079.461: [GC [PSYoungGen: 133742K->288K(131520K)] 396869K->263446K(818496K), 0.0132260 secs] [Times: user=0.08 sys=0.01, real=0.02 secs] 
2014-07-28T19:07:26.721+0000: 3080.408: [GC [PSYoungGen: 131488K->256K(129280K)] 394646K->263534K(816256K), 0.0100640 secs] [Times: user=0.41 sys=0.31, real=0.71 secs] 
2014-07-28T19:07:27.880+0000: 3081.566: [GC [PSYoungGen: 129280K->352K(127296K)] 392558K->263702K(814272K), 0.0043420 secs] [Times: user=0.02 sys=0.00, real=0.00 secs] 
2014-07-28T19:07:28.763+0000: 3082.450: [GC [PSYoungGen: 127264K->224K(125120K)] 390614K->263622K(812096K), 0.0043380 secs] [Times: user=0.02 sys=0.00, real=0.01 secs] 
2014-07-28T19:07:29.639+0000: 3083.326: [GC [PSYoungGen: 125088K->224K(123136K)] 388486K->263678K(810112K), 0.0077290 secs] [Times: user=0.05 sys=0.00, real=0.00 secs] 
2014-07-28T19:07:30.499+0000: 3084.186: [GC [PSYoungGen: 123104K->224K(121216K)] 386558K->263726K(808192K), 0.0072030 secs] [Times: user=0.05 sys=0.01, real=0.00 secs] 
2014-07-28T19:07:31.343+0000: 3085.030: [GC [PSYoungGen: 121184K->320K(119360K)] 384686K->263894K(806336K), 0.0048440 secs] [Times: user=0.03 sys=0.00, real=0.01 secs] 
2014-07-28T19:07:32.174+0000: 3085.861: [GC [PSYoungGen: 119360K->288K(117504K)] 382934K->263862K(804480K), 0.0082710 secs] [Times: user=0.05 sys=0.01, real=0.01 secs] 
2014-07-28T19:07:33.026+0000: 3086.713: [GC [PSYoungGen: 117472K->352K(115776K)] 381046K->263966K(802752K), 0.0074110 secs] [Times: user=0.04 sys=0.00, real=0.01 secs] 
2014-07-28T19:07:33.845+0000: 3087.531: [GC [PSYoungGen: 115744K->256K(138752K)] 379358K->263918K(825728K), 0.0188170 secs] [Times: user=0.08 sys=0.02, real=0.02 secs] 
2014-07-28T19:07:34.821+0000: 3088.508: [GC [PSYoungGen: 138752K->384K(136512K)] 402414K->264118K(823488K), 0.0041730 secs] [Times: user=0.03 sys=0.00, real=0.00 secs] 
2014-07-28T19:07:35.773+0000: 3089.460: [GC [PSYoungGen: 136512K->288K(134144K)] 400246K->264078K(821120K), 0.0035610 secs] [Times: user=0.02 sys=0.00, real=0.00 secs] 
2014-07-28T19:07:36.716+0000: 3090.403: [GC [PSYoungGen: 134101K->256K(131840K)] 397891K->264094K(818816K), 0.0059180 secs] [Times: user=0.03 sys=0.00, real=0.01 secs] 
2014-07-28T19:07:37.631+0000: 3091.318: [GC [PSYoungGen: 131840K->256K(129664K)] 395678K->264134K(816640K), 0.0082970 secs] [Times: user=0.05 sys=0.01, real=0.01 secs] 
2014-07-28T19:07:38.539+0000: 3092.225: [GC [PSYoungGen: 129664K->384K(127680K)] 393542K->264358K(814656K), 0.0064730 secs] [Times: user=0.04 sys=0.00, real=0.01 secs] 
2014-07-28T19:07:39.437+0000: 3093.124: [GC [PSYoungGen: 127680K->320K(125568K)] 391654K->264342K(812544K), 0.0073620 secs] [Times: user=0.03 sys=0.01, real=0.01 secs] 
2014-07-28T19:07:40.333+0000: 3094.020: [GC [PSYoungGen: 125568K->384K(123584K)] 389590K->264470K(810560K), 0.0069120 secs] [Times: user=0.04 sys=0.00, real=0.01 secs] 
2014-07-28T19:07:41.180+0000: 3094.867: [GC [PSYoungGen: 123536K->256K(121472K)] 387623K->264390K(808448K), 0.0127500 secs] [Times: user=0.06 sys=0.00, real=0.01 secs] 
2014-07-28T19:07:42.026+0000: 3095.712: [GC [PSYoungGen: 121472K->224K(119552K)] 385606K->264390K(806528K), 0.0029220 secs] [Times: user=0.01 sys=0.00, real=0.00 secs] 
2014-07-28T19:07:42.862+0000: 3096.549: [GC [PSYoungGen: 119520K->320K(117760K)] 383686K->264534K(804736K), 0.0062540 secs] [Times: user=0.04 sys=0.00, real=0.00 secs] 
2014-07-28T19:07:43.689+0000: 3097.376: [GC [PSYoungGen: 117760K->352K(116032K)] 381974K->264646K(803008K), 0.0076550 secs] [Times: user=0.04 sys=0.00, real=0.01 secs] 
2014-07-28T19:07:44.497+0000: 3098.183: [GC [PSYoungGen: 116000K->224K(114176K)] 380294K->264558K(801152K), 0.0045560 secs] [Times: user=0.03 sys=0.00, real=0.01 secs] 
2014-07-28T19:07:45.293+0000: 3098.980: [GC [PSYoungGen: 114144K->384K(112576K)] 378478K->264774K(799552K), 0.0031680 secs] [Times: user=0.02 sys=0.00, real=0.00 secs] 
2014-07-28T19:07:46.104+0000: 3099.791: [GC [PSYoungGen: 112563K->288K(110848K)] 376953K->264694K(797824K), 0.0063100 secs] [Times: user=0.03 sys=0.00, real=0.01 secs] 
2014-07-28T19:07:46.928+0000: 3100.615: [GC [PSYoungGen: 110790K->434K(109376K)] 375196K->264896K(796352K), 0.0085000 secs] [Times: user=0.05 sys=0.00, real=0.01 secs] 
2014-07-28T19:07:47.698+0000: 3101.384: [GC [PSYoungGen: 109362K->192K(107520K)] 373824K->264702K(794496K), 0.0045740 secs] [Times: user=0.02 sys=0.00, real=0.01 secs] 
2014-07-28T19:07:48.447+0000: 3102.134: [GC [PSYoungGen: 107520K->256K(106048K)] 372030K->264798K(793024K), 0.0051070 secs] [Times: user=0.02 sys=0.00, real=0.01 secs] 
2014-07-28T19:07:49.188+0000: 3102.875: [GC [PSYoungGen: 106048K->384K(104640K)] 370590K->264990K(791616K), 0.0051670 secs] [Times: user=0.03 sys=0.01, real=0.01 secs] 
2014-07-28T19:07:49.919+0000: 3103.606: [GC [PSYoungGen: 104640K->484K(103296K)] 369246K->265162K(790272K), 0.0067750 secs] [Times: user=0.05 sys=0.01, real=0.01 secs] 
2014-07-28T19:07:50.637+0000: 3104.323: [GC [PSYoungGen: 103268K->192K(101568K)] 367946K->264926K(788544K), 0.0058860 secs] [Times: user=0.03 sys=0.01, real=0.01 secs] 
2014-07-28T19:07:51.346+0000: 3105.032: [GC [PSYoungGen: 101568K->384K(100352K)] 366302K->265214K(787328K), 0.0060080 secs] [Times: user=0.04 sys=0.01, real=0.01 secs] 
2014-07-28T19:07:52.042+0000: 3105.728: [GC [PSYoungGen: 100352K->320K(98944K)] 365182K->265150K(785920K), 0.0055860 secs] [Times: user=0.03 sys=0.01, real=0.00 secs] 
2014-07-28T19:07:52.772+0000: 3106.459: [GC [PSYoungGen: 98944K->448K(97728K)] 363774K->265334K(784704K), 0.0034260 secs] [Times: user=0.02 sys=0.01, real=0.00 secs] 
2014-07-28T19:07:53.508+0000: 3107.194: [GC [PSYoungGen: 97728K->352K(96384K)] 362614K->265318K(783360K), 0.0051400 secs] [Times: user=0.03 sys=0.01, real=0.01 secs] 
2014-07-28T19:07:54.143+0000: 3107.830: [GC [PSYoungGen: 96304K->288K(95040K)] 361271K->265318K(782016K), 0.0060320 secs] [Times: user=0.04 sys=0.01, real=0.00 secs] 
2014-07-28T19:07:54.804+0000: 3108.491: [GC [PSYoungGen: 95008K->256K(93760K)] 360038K->265294K(780736K), 0.0074050 secs] [Times: user=0.04 sys=0.00, real=0.01 secs] 
2014-07-28T19:07:55.456+0000: 3109.143: [GC [PSYoungGen: 93743K->288K(92608K)] 358781K->265382K(779584K), 0.0062160 secs] [Times: user=0.04 sys=0.00, real=0.01 secs] 
2014-07-28T19:07:56.104+0000: 3109.790: [GC [PSYoungGen: 92576K->352K(91456K)] 357670K->265510K(778432K), 0.0042650 secs] [Times: user=0.02 sys=0.01, real=0.00 secs] 
2014-07-28T19:07:56.739+0000: 3110.426: [GC [PSYoungGen: 91412K->192K(90112K)] 356570K->265382K(777088K), 0.0034250 secs] [Times: user=0.02 sys=0.00, real=0.01 secs] 
2014-07-28T19:07:57.371+0000: 3111.057: [GC [PSYoungGen: 90112K->288K(89088K)] 355302K->265526K(776064K), 0.0035970 secs] [Times: user=0.02 sys=0.00, real=0.01 secs] 
2014-07-28T19:07:57.994+0000: 3111.681: [GC [PSYoungGen: 89056K->288K(88000K)] 354294K->265550K(774976K), 0.0058000 secs] [Times: user=0.03 sys=0.01, real=0.00 secs] 
2014-07-28T19:07:58.604+0000: 3112.291: [GC [PSYoungGen: 87968K->288K(86912K)] 353230K->265622K(773888K), 0.0055290 secs] [Times: user=0.04 sys=0.01, real=0.00 secs] 
2014-07-28T19:07:59.252+0000: 3112.939: [GC [PSYoungGen: 86880K->256K(85760K)] 352214K->265614K(772736K), 0.0048000 secs] [Times: user=0.02 sys=0.00, real=0.00 secs] 
2014-07-28T19:07:59.896+0000: 3113.583: [GC [PSYoungGen: 85760K->288K(84800K)] 351118K->265654K(771776K), 0.0079120 secs] [Times: user=0.04 sys=0.00, real=0.01 secs] 
2014-07-28T19:08:00.492+0000: 3114.179: [GC [PSYoungGen: 84757K->256K(83712K)] 350124K->265670K(770688K), 0.0049060 secs] [Times: user=0.03 sys=0.00, real=0.00 secs] 
2014-07-28T19:08:01.070+0000: 3114.757: [GC [PSYoungGen: 83712K->256K(82752K)] 349126K->265734K(769728K), 0.0056790 secs] [Times: user=0.04 sys=0.00, real=0.01 secs] 
2014-07-28T19:08:01.647+0000: 3115.334: [GC [PSYoungGen: 82752K->192K(81728K)] 348230K->265702K(768704K), 0.0039290 secs] [Times: user=0.03 sys=0.01, real=0.00 secs] 
2014-07-28T19:08:02.219+0000: 3115.906: [GC [PSYoungGen: 81728K->288K(98176K)] 347238K->265854K(785152K), 0.0092490 secs] [Times: user=0.06 sys=0.00, real=0.01 secs] 
2014-07-28T19:08:02.903+0000: 3116.589: [GC [PSYoungGen: 98135K->306K(96832K)] 363701K->265880K(783808K), 0.0059510 secs] [Times: user=0.04 sys=0.01, real=0.00 secs] 
2014-07-28T19:08:03.582+0000: 3117.269: [GC [PSYoungGen: 96818K->320K(95552K)] 362392K->266014K(782528K), 0.0042380 secs] [Times: user=0.03 sys=0.00, real=0.01 secs] 
2014-07-28T19:08:04.246+0000: 3117.933: [GC [PSYoungGen: 95552K->256K(94208K)] 361246K->266014K(781184K), 0.0065780 secs] [Times: user=0.04 sys=0.00, real=0.01 secs] 
2014-07-28T19:08:04.902+0000: 3118.589: [GC [PSYoungGen: 94208K->384K(93120K)] 359966K->266150K(780096K), 0.0055240 secs] [Times: user=0.04 sys=0.00, real=0.01 secs] 
2014-07-28T19:08:05.582+0000: 3119.269: [GC [PSYoungGen: 93120K->288K(91840K)] 358886K->266102K(778816K), 0.0081420 secs] [Times: user=0.05 sys=0.01, real=0.01 secs] 
2014-07-28T19:08:06.266+0000: 3119.953: [GC [PSYoungGen: 91808K->384K(90752K)] 357622K->266246K(777728K), 0.0066600 secs] [Times: user=0.04 sys=0.00, real=0.00 secs] 
2014-07-28T19:08:06.940+0000: 3120.627: [GC [PSYoungGen: 90752K->512K(89728K)] 356614K->266494K(776704K), 0.0070350 secs] [Times: user=0.08 sys=0.03, real=0.08 secs] 
2014-07-28T19:08:07.587+0000: 3121.274: [GC [PSYoungGen: 89702K->192K(107264K)] 355684K->266222K(794240K), 0.0075380 secs] [Times: user=0.03 sys=0.00, real=0.01 secs] 
2014-07-28T19:08:08.339+0000: 3122.026: [GC [PSYoungGen: 107264K->416K(105984K)] 373294K->266510K(792960K), 0.0036220 secs] [Times: user=0.01 sys=0.01, real=0.00 secs] 
2014-07-28T19:08:09.070+0000: 3122.757: [GC [PSYoungGen: 105947K->224K(104320K)] 372041K->266326K(791296K), 0.0081330 secs] [Times: user=0.05 sys=0.00, real=0.01 secs] 
2014-07-28T19:08:09.799+0000: 3123.485: [GC [PSYoungGen: 104288K->288K(102912K)] 370390K->266430K(789888K), 0.0044920 secs] [Times: user=0.03 sys=0.01, real=0.00 secs] 
2014-07-28T19:08:10.518+0000: 3124.204: [GC [PSYoungGen: 102880K->288K(101504K)] 369022K->266478K(788480K), 0.0050470 secs] [Times: user=0.03 sys=0.00, real=0.00 secs] 
2014-07-28T19:08:11.225+0000: 3124.911: [GC [PSYoungGen: 101472K->288K(100096K)] 367662K->266526K(787072K), 0.0068860 secs] [Times: user=0.04 sys=0.00, real=0.00 secs] 
2014-07-28T19:08:11.924+0000: 3125.611: [GC [PSYoungGen: 100064K->352K(98816K)] 366302K->266622K(785792K), 0.0068760 secs] [Times: user=0.04 sys=0.00, real=0.00 secs] 
2014-07-28T19:08:12.670+0000: 3126.357: [GC [PSYoungGen: 98784K->480K(97600K)] 365054K->266806K(784576K), 0.0144240 secs] [Times: user=0.57 sys=0.41, real=0.92 secs] 
2014-07-28T19:08:13.842+0000: 3127.529: [GC [PSYoungGen: 97568K->320K(116864K)] 363894K->266694K(803840K), 0.0113290 secs] [Times: user=0.06 sys=0.01, real=0.01 secs] 
2014-07-28T19:08:14.509+0000: 3128.195: [GC [PSYoungGen: 116864K->256K(140160K)] 383238K->266670K(827136K), 0.0054660 secs] [Times: user=0.03 sys=0.00, real=0.01 secs] 
2014-07-28T19:08:15.494+0000: 3129.181: [GC [PSYoungGen: 140125K->356K(168320K)] 406540K->266770K(855296K), 0.0080850 secs] [Times: user=0.05 sys=0.00, real=0.00 secs] 
2014-07-28T19:08:16.678+0000: 3130.365: [GC [PSYoungGen: 168256K->352K(198336K)] 434670K->266782K(885312K), 0.0042790 secs] [Times: user=0.02 sys=0.00, real=0.00 secs] 
2014-07-28T19:08:18.054+0000: 3131.741: [GC [PSYoungGen: 198112K->288K(193792K)] 464542K->266782K(880768K), 0.0055690 secs] [Times: user=0.03 sys=0.01, real=0.01 secs] 
2014-07-28T19:08:19.471+0000: 3133.158: [GC [PSYoungGen: 193760K->320K(189696K)] 460254K->266870K(876672K), 0.0051780 secs] [Times: user=0.04 sys=0.00, real=0.01 secs] 
2014-07-28T19:08:20.814+0000: 3134.501: [GC [PSYoungGen: 189696K->288K(185728K)] 456246K->266846K(872704K), 0.0063570 secs] [Times: user=0.04 sys=0.00, real=0.01 secs] 
2014-07-28T19:08:22.107+0000: 3135.793: [GC [PSYoungGen: 185664K->224K(181824K)] 452222K->266822K(868800K), 0.0097010 secs] [Times: user=0.06 sys=0.01, real=0.01 secs] 
2014-07-28T19:08:23.379+0000: 3137.065: [GC [PSYoungGen: 181792K->224K(178112K)] 448390K->266878K(865088K), 0.0078310 secs] [Times: user=0.05 sys=0.00, real=0.01 secs] 
2014-07-28T19:08:24.628+0000: 3138.315: [GC [PSYoungGen: 178080K->352K(174656K)] 444734K->267014K(861632K), 0.0076400 secs] [Times: user=0.05 sys=0.01, real=0.00 secs] 
2014-07-28T19:08:25.889+0000: 3139.576: [GC [PSYoungGen: 174624K->352K(171200K)] 441286K->267062K(858176K), 0.0063320 secs] [Times: user=0.02 sys=0.01, real=0.00 secs] 
2014-07-28T19:08:27.162+0000: 3140.849: [GC [PSYoungGen: 171168K->256K(167680K)] 437878K->267014K(854656K), 0.0049810 secs] [Times: user=0.02 sys=0.00, real=0.01 secs] 
2014-07-28T19:08:28.331+0000: 3142.018: [GC [PSYoungGen: 167663K->192K(164352K)] 434421K->266990K(851328K), 0.0031600 secs] [Times: user=0.02 sys=0.01, real=0.00 secs] 
2014-07-28T19:08:29.481+0000: 3143.168: [GC [PSYoungGen: 164352K->320K(161344K)] 431150K->267198K(848320K), 0.0056460 secs] [Times: user=0.03 sys=0.00, real=0.00 secs] 
2014-07-28T19:08:30.608+0000: 3144.295: [GC [PSYoungGen: 161344K->320K(158272K)] 428222K->267230K(845248K), 0.0060460 secs] [Times: user=0.04 sys=0.00, real=0.00 secs] 
2014-07-28T19:08:31.722+0000: 3145.409: [GC [PSYoungGen: 158272K->384K(155392K)] 425182K->267366K(842368K), 0.0025260 secs] [Times: user=0.02 sys=0.00, real=0.00 secs] 
2014-07-28T19:08:32.857+0000: 3146.544: [GC [PSYoungGen: 155392K->320K(152448K)] 422374K->267342K(839424K), 0.0081310 secs] [Times: user=0.63 sys=0.57, real=1.16 secs] 
2014-07-28T19:08:35.034+0000: 3148.721: [GC [PSYoungGen: 152448K->224K(149568K)] 419470K->267262K(836544K), 0.0093950 secs] [Times: user=0.05 sys=0.00, real=0.01 secs] 
2014-07-28T19:08:36.081+0000: 3149.768: [GC [PSYoungGen: 149536K->288K(146944K)] 416574K->267374K(833920K), 0.0071840 secs] [Times: user=0.04 sys=0.00, real=0.01 secs] 
2014-07-28T19:08:37.105+0000: 3150.792: [GC [PSYoungGen: 146912K->370K(144384K)] 413998K->267528K(831360K), 0.0049820 secs] [Times: user=0.03 sys=0.00, real=0.01 secs] 
2014-07-28T19:08:38.108+0000: 3151.795: [GC [PSYoungGen: 144370K->256K(141696K)] 411528K->267534K(828672K), 0.0030140 secs] [Times: user=0.02 sys=0.00, real=0.00 secs] 
2014-07-28T19:08:39.098+0000: 3152.785: [GC [PSYoungGen: 141696K->384K(139328K)] 408974K->267710K(826304K), 0.0077640 secs] [Times: user=0.05 sys=0.00, real=0.01 secs] 
2014-07-28T19:08:40.133+0000: 3153.820: [GC [PSYoungGen: 139328K->288K(136832K)] 406654K->267662K(823808K), 0.0096990 secs] [Times: user=0.06 sys=0.00, real=0.01 secs] 
2014-07-28T19:08:41.138+0000: 3154.825: [GC [PSYoungGen: 136800K->384K(134592K)] 404174K->267830K(821568K), 0.0057810 secs] [Times: user=0.04 sys=0.01, real=0.01 secs] 
2014-07-28T19:08:42.072+0000: 3155.759: [GC [PSYoungGen: 134578K->288K(132288K)] 402024K->267798K(819264K), 0.0049480 secs] [Times: user=0.03 sys=0.01, real=0.00 secs] 
2014-07-28T19:08:42.998+0000: 3156.685: [GC [PSYoungGen: 132256K->224K(130048K)] 399766K->267774K(817024K), 0.0058010 secs] [Times: user=0.04 sys=0.00, real=0.01 secs] 
2014-07-28T19:08:43.906+0000: 3157.593: [GC [PSYoungGen: 130016K->288K(128000K)] 397566K->267846K(814976K), 0.0048440 secs] [Times: user=0.03 sys=0.00, real=0.01 secs] 
2014-07-28T19:08:44.795+0000: 3158.481: [GC [PSYoungGen: 127968K->224K(125824K)] 395526K->267814K(812800K), 0.0035730 secs] [Times: user=0.02 sys=0.00, real=0.00 secs] 
2014-07-28T19:08:45.674+0000: 3159.361: [GC [PSYoungGen: 125792K->288K(123840K)] 393382K->267926K(810816K), 0.0104100 secs] [Times: user=0.07 sys=0.00, real=0.01 secs] 
2014-07-28T19:08:46.581+0000: 3160.268: [GC [PSYoungGen: 123808K->256K(121792K)] 391446K->267910K(808768K), 0.0051950 secs] [Times: user=0.01 sys=0.01, real=0.00 secs] 
2014-07-28T19:08:47.491+0000: 3161.178: [GC [PSYoungGen: 121792K->384K(120000K)] 389446K->268150K(806976K), 0.0032960 secs] [Times: user=0.48 sys=0.33, real=0.79 secs] 
2014-07-28T19:08:48.813+0000: 3162.500: [GC [PSYoungGen: 120000K->192K(117952K)] 387766K->267998K(804928K), 0.0042310 secs] [Times: user=0.02 sys=0.00, real=0.00 secs] 
2014-07-28T19:08:49.642+0000: 3163.329: [GC [PSYoungGen: 117948K->338K(116352K)] 385754K->268208K(803328K), 0.0040670 secs] [Times: user=0.03 sys=0.00, real=0.00 secs] 
2014-07-28T19:08:50.452+0000: 3164.139: [GC [PSYoungGen: 116306K->224K(114432K)] 384176K->268142K(801408K), 0.0044320 secs] [Times: user=0.03 sys=0.00, real=0.00 secs] 
2014-07-28T19:08:51.249+0000: 3164.936: [GC [PSYoungGen: 114400K->352K(112832K)] 382318K->268342K(799808K), 0.0032770 secs] [Times: user=0.02 sys=0.00, real=0.01 secs] 
2014-07-28T19:08:52.037+0000: 3165.724: [GC [PSYoungGen: 112800K->288K(111104K)] 380790K->268286K(798080K), 0.0101870 secs] [Times: user=0.06 sys=0.00, real=0.01 secs] 
2014-07-28T19:08:52.814+0000: 3166.501: [GC [PSYoungGen: 111072K->256K(109376K)] 379070K->268286K(796352K), 0.0032630 secs] [Times: user=0.02 sys=0.01, real=0.00 secs] 
2014-07-28T19:08:53.601+0000: 3167.287: [GC [PSYoungGen: 109376K->448K(107968K)] 377406K->268534K(794944K), 0.0077570 secs] [Times: user=0.04 sys=0.00, real=0.00 secs] 
2014-07-28T19:08:54.390+0000: 3168.077: [GC [PSYoungGen: 107968K->352K(106368K)] 376054K->268478K(793344K), 0.0040080 secs] [Times: user=0.01 sys=0.00, real=0.00 secs] 
2014-07-28T19:08:55.190+0000: 3168.877: [GC [PSYoungGen: 106336K->416K(104896K)] 374462K->268614K(791872K), 0.0040920 secs] [Times: user=0.39 sys=0.36, real=0.74 secs] 
2014-07-28T19:08:56.480+0000: 3170.167: [GC [PSYoungGen: 104864K->256K(103232K)] 373062K->268470K(790208K), 0.0051840 secs] [Times: user=0.04 sys=0.00, real=0.01 secs] 
2014-07-28T19:08:57.199+0000: 3170.885: [GC [PSYoungGen: 103232K->320K(101888K)] 371446K->268598K(788864K), 0.0040970 secs] [Times: user=0.03 sys=0.00, real=0.01 secs] 
2014-07-28T19:08:57.913+0000: 3171.600: [GC [PSYoungGen: 101888K->192K(100352K)] 370166K->268510K(787328K), 0.0113380 secs] [Times: user=0.07 sys=0.00, real=0.01 secs] 
2014-07-28T19:08:58.613+0000: 3172.300: [GC [PSYoungGen: 100352K->192K(99008K)] 368670K->268534K(785984K), 0.0034160 secs] [Times: user=0.01 sys=0.00, real=0.00 secs] 
2014-07-28T19:08:59.305+0000: 3172.992: [GC [PSYoungGen: 99008K->256K(97728K)] 367350K->268662K(784704K), 0.0071110 secs] [Times: user=0.03 sys=0.00, real=0.01 secs] 
2014-07-28T19:08:59.989+0000: 3173.676: [GC [PSYoungGen: 97728K->320K(96512K)] 366134K->268798K(783488K), 0.0068970 secs] [Times: user=0.04 sys=0.00, real=0.01 secs] 
2014-07-28T19:09:00.662+0000: 3174.349: [GC [PSYoungGen: 96466K->256K(115712K)] 364945K->268774K(802688K), 0.0177420 secs] [Times: user=0.10 sys=0.01, real=0.01 secs] 
2014-07-28T19:09:01.521+0000: 3175.208: [GC [PSYoungGen: 115674K->384K(138944K)] 384193K->268918K(825920K), 0.0100310 secs] [Times: user=0.05 sys=0.01, real=0.01 secs] 
2014-07-28T19:09:02.551+0000: 3176.237: [GC [PSYoungGen: 138944K->288K(166592K)] 407478K->268854K(853568K), 0.0103920 secs] [Times: user=0.05 sys=0.01, real=0.01 secs] 
2014-07-28T19:09:03.789+0000: 3177.476: [GC [PSYoungGen: 166560K->288K(163392K)] 435126K->268878K(850368K), 0.0051570 secs] [Times: user=0.22 sys=0.19, real=0.40 secs] 
2014-07-28T19:09:05.127+0000: 3178.814: [GC [PSYoungGen: 163360K->402K(160384K)] 431950K->269048K(847360K), 0.0056900 secs] [Times: user=0.03 sys=0.00, real=0.01 secs] 
2014-07-28T19:09:06.235+0000: 3179.922: [GC [PSYoungGen: 160338K->416K(157376K)] 428984K->269062K(844352K), 0.0077740 secs] [Times: user=0.05 sys=0.00, real=0.01 secs] 
2014-07-28T19:09:07.340+0000: 3181.027: [GC [PSYoungGen: 157344K->192K(154176K)] 425990K->268934K(841152K), 0.0054340 secs] [Times: user=0.04 sys=0.01, real=0.01 secs] 
2014-07-28T19:09:08.413+0000: 3182.100: [GC [PSYoungGen: 154176K->256K(151424K)] 422918K->269054K(838400K), 0.0064300 secs] [Times: user=0.04 sys=0.00, real=0.00 secs] 
2014-07-28T19:09:09.491+0000: 3183.178: [GC [PSYoungGen: 151424K->416K(148864K)] 420222K->269286K(835840K), 0.0038010 secs] [Times: user=0.03 sys=0.00, real=0.01 secs] 
2014-07-28T19:09:10.601+0000: 3184.288: [GC [PSYoungGen: 148832K->288K(146048K)] 417702K->269198K(833024K), 0.0051340 secs] [Times: user=0.72 sys=0.55, real=1.25 secs] 
2014-07-28T19:09:12.541+0000: 3186.228: [GC [PSYoungGen: 146016K->256K(143360K)] 414926K->269198K(830336K), 0.0029980 secs] [Times: user=0.01 sys=0.00, real=0.01 secs] 
2014-07-28T19:09:13.544+0000: 3187.231: [GC [PSYoungGen: 143360K->192K(140800K)] 412302K->269158K(827776K), 0.0038920 secs] [Times: user=0.01 sys=0.00, real=0.00 secs] 
2014-07-28T19:09:14.532+0000: 3188.219: [GC [PSYoungGen: 140761K->256K(138432K)] 409728K->269262K(825408K), 0.0060900 secs] [Times: user=0.04 sys=0.01, real=0.01 secs] 
2014-07-28T19:09:15.496+0000: 3189.183: [GC [PSYoungGen: 138432K->160K(136000K)] 407438K->269190K(822976K), 0.0067380 secs] [Times: user=0.02 sys=0.00, real=0.00 secs] 
2014-07-28T19:09:16.447+0000: 3190.134: [GC [PSYoungGen: 135968K->288K(133824K)] 404998K->269382K(820800K), 0.0039830 secs] [Times: user=0.01 sys=0.00, real=0.00 secs] 
2014-07-28T19:09:17.413+0000: 3191.100: [GC [PSYoungGen: 133791K->352K(131648K)] 402886K->269502K(818624K), 0.0070740 secs] [Times: user=0.04 sys=0.01, real=0.01 secs] 
2014-07-28T19:09:18.374+0000: 3192.061: [GC [PSYoungGen: 131616K->384K(129472K)] 400766K->269574K(816448K), 0.0055830 secs] [Times: user=0.02 sys=0.00, real=0.00 secs] 
2014-07-28T19:09:19.302+0000: 3192.989: [GC [PSYoungGen: 129472K->256K(127232K)] 398662K->269494K(814208K), 0.0033220 secs] [Times: user=0.01 sys=0.00, real=0.01 secs] 
2014-07-28T19:09:20.185+0000: 3193.872: [GC [PSYoungGen: 127231K->288K(125248K)] 396470K->269566K(812224K), 0.0070330 secs] [Times: user=0.05 sys=0.00, real=0.00 secs] 
2014-07-28T19:09:21.055+0000: 3194.742: [GC [PSYoungGen: 125216K->320K(123264K)] 394494K->269670K(810240K), 0.0049360 secs] [Times: user=0.03 sys=0.01, real=0.00 secs] 
2014-07-28T19:09:21.913+0000: 3195.600: [GC [PSYoungGen: 123264K->256K(121216K)] 392614K->269662K(808192K), 0.0030830 secs] [Times: user=0.02 sys=0.00, real=0.01 secs] 
2014-07-28T19:09:22.760+0000: 3196.446: [GC [PSYoungGen: 121216K->224K(119296K)] 390622K->269670K(806272K), 0.0043780 secs] [Times: user=0.01 sys=0.00, real=0.00 secs] 
2014-07-28T19:09:23.592+0000: 3197.278: [GC [PSYoungGen: 119264K->256K(117440K)] 388710K->269726K(804416K), 0.0047080 secs] [Times: user=0.02 sys=0.00, real=0.01 secs] 
2014-07-28T19:09:24.435+0000: 3198.122: [GC [PSYoungGen: 117440K->384K(115776K)] 386910K->269910K(802752K), 0.0108600 secs] [Times: user=0.06 sys=0.01, real=0.01 secs] 
2014-07-28T19:09:25.292+0000: 3198.978: [GC [PSYoungGen: 115776K->306K(113984K)] 385302K->269856K(800960K), 0.0051340 secs] [Times: user=0.02 sys=0.00, real=0.01 secs] 
2014-07-28T19:09:26.150+0000: 3199.837: [GC [PSYoungGen: 113970K->448K(112384K)] 383520K->270054K(799360K), 0.0111070 secs] [Times: user=0.39 sys=0.28, real=0.63 secs] 
2014-07-28T19:09:27.181+0000: 3200.867: [GC [PSYoungGen: 112384K->192K(110464K)] 381990K->269854K(797440K), 0.0066470 secs] [Times: user=0.03 sys=0.01, real=0.01 secs] 
2014-07-28T19:09:27.958+0000: 3201.645: [GC [PSYoungGen: 110464K->498K(109184K)] 380126K->270248K(796160K), 0.0055380 secs] [Times: user=0.04 sys=0.01, real=0.00 secs] 
2014-07-28T19:09:28.705+0000: 3202.391: [GC [PSYoungGen: 109170K->384K(107456K)] 378920K->270190K(794432K), 0.0069480 secs] [Times: user=0.04 sys=0.00, real=0.01 secs] 
2014-07-28T19:09:29.456+0000: 3203.143: [GC [PSYoungGen: 107456K->192K(105728K)] 377262K->270006K(792704K), 0.0036370 secs] [Times: user=0.02 sys=0.01, real=0.01 secs] 
2014-07-28T19:09:30.189+0000: 3203.876: [GC [PSYoungGen: 105728K->256K(104320K)] 375542K->270126K(791296K), 0.0066360 secs] [Times: user=0.04 sys=0.01, real=0.00 secs] 
2014-07-28T19:09:30.918+0000: 3204.605: [GC [PSYoungGen: 104320K->256K(102848K)] 374190K->270174K(789824K), 0.0112790 secs] [Times: user=0.07 sys=0.01, real=0.01 secs] 
2014-07-28T19:09:31.630+0000: 3205.317: [GC [PSYoungGen: 102848K->384K(101568K)] 372766K->270390K(788544K), 0.0068730 secs] [Times: user=0.05 sys=0.01, real=0.01 secs] 
2014-07-28T19:09:32.391+0000: 3206.078: [GC [PSYoungGen: 101568K->548K(100352K)] 371574K->270626K(787328K), 0.0074340 secs] [Times: user=0.02 sys=0.00, real=0.01 secs] 
2014-07-28T19:09:33.129+0000: 3206.816: [GC [PSYoungGen: 100324K->256K(98688K)] 370402K->270470K(785664K), 0.0041290 secs] [Times: user=0.02 sys=0.00, real=0.00 secs] 
2014-07-28T19:09:33.880+0000: 3207.567: [GC [PSYoungGen: 98688K->320K(97408K)] 368902K->270566K(784384K), 0.0087670 secs] [Times: user=0.05 sys=0.01, real=0.01 secs] 
2014-07-28T19:09:34.621+0000: 3208.307: [GC [PSYoungGen: 97408K->320K(96128K)] 367654K->270622K(783104K), 0.0041870 secs] [Times: user=0.02 sys=0.00, real=0.00 secs] 
2014-07-28T19:09:35.248+0000: 3208.935: [GC [PSYoungGen: 96128K->192K(94720K)] 366430K->270518K(781696K), 0.0072850 secs] [Times: user=0.03 sys=0.00, real=0.00 secs] 
2014-07-28T19:09:35.908+0000: 3209.594: [GC [PSYoungGen: 94720K->224K(93568K)] 365046K->270590K(780544K), 0.0051180 secs] [Times: user=0.02 sys=0.00, real=0.00 secs] 
2014-07-28T19:09:36.556+0000: 3210.243: [GC [PSYoungGen: 93536K->288K(92416K)] 363902K->270718K(779392K), 0.0054480 secs] [Times: user=0.03 sys=0.00, real=0.01 secs] 
2014-07-28T19:09:37.204+0000: 3210.891: [GC [PSYoungGen: 92363K->416K(91392K)] 362793K->270862K(778368K), 0.0036780 secs] [Times: user=0.02 sys=0.01, real=0.01 secs] 
2014-07-28T19:09:37.835+0000: 3211.522: [GC [PSYoungGen: 91360K->256K(90048K)] 361806K->270758K(777024K), 0.0066420 secs] [Times: user=0.05 sys=0.00, real=0.01 secs] 
2014-07-28T19:09:38.463+0000: 3212.150: [GC [PSYoungGen: 90048K->320K(88960K)] 360550K->270846K(775936K), 0.0046370 secs] [Times: user=0.03 sys=0.00, real=0.01 secs] 
2014-07-28T19:09:39.082+0000: 3212.768: [GC [PSYoungGen: 88959K->288K(87872K)] 359485K->270870K(774848K), 0.0074680 secs] [Times: user=0.04 sys=0.01, real=0.01 secs] 
2014-07-28T19:09:39.703+0000: 3213.390: [GC [PSYoungGen: 87790K->562K(105664K)] 358372K->271264K(792640K), 0.0115160 secs] [Times: user=0.07 sys=0.01, real=0.01 secs] 
2014-07-28T19:09:40.502+0000: 3214.189: [GC [PSYoungGen: 105650K->320K(126464K)] 376352K->271054K(813440K), 0.0055260 secs] [Times: user=0.03 sys=0.01, real=0.01 secs] 
2014-07-28T19:09:41.429+0000: 3215.116: [GC [PSYoungGen: 126464K->384K(124480K)] 397198K->271190K(811456K), 0.0050760 secs] [Times: user=0.03 sys=0.00, real=0.00 secs] 
2014-07-28T19:09:42.361+0000: 3216.048: [GC [PSYoungGen: 124480K->576K(122688K)] 395286K->271446K(809664K), 0.0111500 secs] [Times: user=0.07 sys=0.01, real=0.01 secs] 
2014-07-28T19:09:43.186+0000: 3216.872: [GC [PSYoungGen: 122688K->224K(146816K)] 393558K->271126K(833792K), 0.0107290 secs] [Times: user=0.06 sys=0.00, real=0.01 secs] 
2014-07-28T19:09:44.212+0000: 3217.899: [GC [PSYoungGen: 146784K->416K(144384K)] 417686K->271390K(831360K), 0.0059270 secs] [Times: user=0.03 sys=0.00, real=0.01 secs] 
2014-07-28T19:09:45.216+0000: 3218.902: [GC [PSYoungGen: 144352K->288K(141696K)] 415326K->271310K(828672K), 0.0049850 secs] [Times: user=0.02 sys=0.00, real=0.01 secs] 
2014-07-28T19:09:46.200+0000: 3219.887: [GC [PSYoungGen: 141664K->320K(139200K)] 412686K->271414K(826176K), 0.0061170 secs] [Times: user=0.04 sys=0.00, real=0.00 secs] 
2014-07-28T19:09:47.168+0000: 3220.855: [GC [PSYoungGen: 139200K->320K(136832K)] 410294K->271478K(823808K), 0.0059930 secs] [Times: user=0.04 sys=0.00, real=0.00 secs] 
2014-07-28T19:09:48.150+0000: 3221.837: [GC [PSYoungGen: 136832K->434K(134656K)] 407990K->271640K(821632K), 0.0070030 secs] [Times: user=0.04 sys=0.01, real=0.00 secs] 
2014-07-28T19:09:49.167+0000: 3222.853: [GC [PSYoungGen: 134642K->288K(132288K)] 405848K->271526K(819264K), 0.0073490 secs] [Times: user=0.03 sys=0.00, real=0.01 secs] 
2014-07-28T19:09:50.151+0000: 3223.838: [GC [PSYoungGen: 132256K->288K(130112K)] 403494K->271566K(817088K), 0.0042160 secs] [Times: user=0.01 sys=0.01, real=0.00 secs] 
2014-07-28T19:09:51.041+0000: 3224.728: [GC [PSYoungGen: 130080K->256K(127936K)] 401358K->271582K(814912K), 0.0059400 secs] [Times: user=0.04 sys=0.01, real=0.00 secs] 
2014-07-28T19:09:51.940+0000: 3225.627: [GC [PSYoungGen: 127920K->192K(125760K)] 399246K->271558K(812736K), 0.0040160 secs] [Times: user=0.02 sys=0.00, real=0.00 secs] 
2014-07-28T19:09:52.818+0000: 3226.505: [GC [PSYoungGen: 125760K->224K(123776K)] 397126K->271646K(810752K), 0.0068240 secs] [Times: user=0.04 sys=0.01, real=0.01 secs] 
2014-07-28T19:09:53.682+0000: 3227.368: [GC [PSYoungGen: 123734K->256K(121792K)] 395157K->271694K(808768K), 0.0038420 secs] [Times: user=0.02 sys=0.00, real=0.00 secs] 
2014-07-28T19:09:54.533+0000: 3228.220: [GC [PSYoungGen: 121792K->224K(119872K)] 393230K->271702K(806848K), 0.0094090 secs] [Times: user=0.05 sys=0.01, real=0.01 secs] 
2014-07-28T19:09:55.369+0000: 3229.055: [GC [PSYoungGen: 119840K->192K(117952K)] 391318K->271710K(804928K), 0.0065820 secs] [Times: user=0.03 sys=0.00, real=0.01 secs] 
2014-07-28T19:09:56.271+0000: 3229.958: [GC [PSYoungGen: 117952K->352K(116352K)] 389470K->271918K(803328K), 0.0035910 secs] [Times: user=0.01 sys=0.01, real=0.00 secs] 
2014-07-28T19:09:57.151+0000: 3230.838: [GC [PSYoungGen: 116320K->512K(114688K)] 387886K->272118K(801664K), 0.0095070 secs] [Times: user=0.05 sys=0.01, real=0.01 secs] 
2014-07-28T19:09:57.938+0000: 3231.625: [GC [PSYoungGen: 114663K->288K(112768K)] 386269K->271950K(799744K), 0.0072610 secs] [Times: user=0.04 sys=0.01, real=0.01 secs] 
2014-07-28T19:09:58.723+0000: 3232.409: [GC [PSYoungGen: 112736K->288K(111104K)] 384398K->272006K(798080K), 0.0059060 secs] [Times: user=0.03 sys=0.00, real=0.00 secs] 
2014-07-28T19:09:59.497+0000: 3233.183: [GC [PSYoungGen: 111054K->320K(109440K)] 382773K->272062K(796416K), 0.0075250 secs] [Times: user=0.04 sys=0.01, real=0.01 secs] 
2014-07-28T19:10:00.256+0000: 3233.943: [GC [PSYoungGen: 109440K->320K(107840K)] 381182K->272134K(794816K), 0.0065790 secs] [Times: user=0.04 sys=0.00, real=0.01 secs] 
2014-07-28T19:10:01.013+0000: 3234.700: [GC [PSYoungGen: 107840K->256K(106240K)] 379654K->272134K(793216K), 0.0058090 secs] [Times: user=0.03 sys=0.00, real=0.00 secs] 
2014-07-28T19:10:01.752+0000: 3235.439: [GC [PSYoungGen: 106240K->288K(104768K)] 378118K->272222K(791744K), 0.0057910 secs] [Times: user=0.03 sys=0.00, real=0.00 secs] 
2014-07-28T19:10:02.501+0000: 3236.188: [GC [PSYoungGen: 104736K->384K(103360K)] 376670K->272350K(790336K), 0.0052470 secs] [Times: user=0.02 sys=0.01, real=0.02 secs] 
2014-07-28T19:10:03.283+0000: 3236.970: [GC [PSYoungGen: 103360K->498K(102080K)] 375326K->272552K(789056K), 0.0095200 secs] [Times: user=0.05 sys=0.00, real=0.01 secs] 
2014-07-28T19:10:04.059+0000: 3237.746: [GC [PSYoungGen: 102066K->192K(100352K)] 374120K->272350K(787328K), 0.0079630 secs] [Times: user=0.05 sys=0.01, real=0.01 secs] 
2014-07-28T19:10:04.755+0000: 3238.442: [GC [PSYoungGen: 100330K->288K(99136K)] 372489K->272502K(786112K), 0.0061400 secs] [Times: user=0.03 sys=0.00, real=0.01 secs] 
2014-07-28T19:10:05.461+0000: 3239.148: [GC [PSYoungGen: 99104K->384K(97856K)] 371318K->272630K(784832K), 0.0070460 secs] [Times: user=0.04 sys=0.00, real=0.00 secs] 
2014-07-28T19:10:06.136+0000: 3239.823: [GC [PSYoungGen: 97856K->256K(117248K)] 370102K->272558K(804224K), 0.0091310 secs] [Times: user=0.05 sys=0.00, real=0.01 secs] 
2014-07-28T19:10:06.959+0000: 3240.646: [GC [PSYoungGen: 117248K->288K(115520K)] 389550K->272638K(802496K), 0.0038650 secs] [Times: user=0.02 sys=0.00, real=0.01 secs] 
2014-07-28T19:10:07.758+0000: 3241.445: [GC [PSYoungGen: 115488K->288K(113792K)] 387838K->272694K(800768K), 0.0089440 secs] [Times: user=0.04 sys=0.00, real=0.01 secs] 
2014-07-28T19:10:08.555+0000: 3242.242: [GC [PSYoungGen: 113760K->256K(112000K)] 386166K->272694K(798976K), 0.0067120 secs] [Times: user=0.04 sys=0.00, real=0.00 secs] 
2014-07-28T19:10:09.335+0000: 3243.022: [GC [PSYoungGen: 112000K->416K(134592K)] 384438K->272910K(821568K), 0.0153320 secs] [Times: user=0.09 sys=0.01, real=0.01 secs] 
2014-07-28T19:10:10.349+0000: 3244.035: [GC [PSYoungGen: 134560K->338K(161408K)] 407054K->272872K(848384K), 0.0080360 secs] [Times: user=0.04 sys=0.00, real=0.01 secs] 
2014-07-28T19:10:11.538+0000: 3245.225: [GC [PSYoungGen: 161362K->256K(158208K)] 433896K->272814K(845184K), 0.0048090 secs] [Times: user=0.01 sys=0.00, real=0.01 secs] 
2014-07-28T19:10:12.629+0000: 3246.316: [GC [PSYoungGen: 158208K->420K(155456K)] 430766K->273018K(842432K), 0.0048960 secs] [Times: user=0.02 sys=0.00, real=0.01 secs] 
2014-07-28T19:10:13.723+0000: 3247.410: [GC [PSYoungGen: 155428K->288K(152448K)] 428026K->272934K(839424K), 0.0059610 secs] [Times: user=0.04 sys=0.00, real=0.00 secs] 
2014-07-28T19:10:14.795+0000: 3248.482: [GC [PSYoungGen: 152416K->352K(149696K)] 425062K->273078K(836672K), 0.0082250 secs] [Times: user=0.05 sys=0.01, real=0.01 secs] 
2014-07-28T19:10:15.845+0000: 3249.532: [GC [PSYoungGen: 149664K->352K(147008K)] 422390K->273142K(833984K), 0.0070920 secs] [Times: user=0.04 sys=0.00, real=0.00 secs] 
2014-07-28T19:10:16.885+0000: 3250.571: [GC [PSYoungGen: 146932K->288K(144320K)] 419722K->273118K(831296K), 0.0063050 secs] [Times: user=0.50 sys=0.38, real=0.86 secs] 
2014-07-28T19:10:18.348+0000: 3252.035: [GC [PSYoungGen: 144253K->224K(141696K)] 417083K->273094K(828672K), 0.0049630 secs] [Times: user=0.03 sys=0.01, real=0.00 secs] 
2014-07-28T19:10:19.332+0000: 3253.019: [GC [PSYoungGen: 141664K->306K(139264K)] 414534K->273224K(826240K), 0.0027070 secs] [Times: user=0.01 sys=0.01, real=0.01 secs] 
2014-07-28T19:10:20.305+0000: 3253.992: [GC [PSYoungGen: 139250K->160K(136704K)] 412168K->273110K(823680K), 0.0127680 secs] [Times: user=0.08 sys=0.01, real=0.01 secs] 
2014-07-28T19:10:21.255+0000: 3254.941: [GC [PSYoungGen: 136622K->320K(134528K)] 409572K->273318K(821504K), 0.0061050 secs] [Times: user=0.03 sys=0.00, real=0.00 secs] 
2014-07-28T19:10:22.193+0000: 3255.880: [GC [PSYoungGen: 134528K->256K(132224K)] 407526K->273294K(819200K), 0.0049110 secs] [Times: user=0.02 sys=0.01, real=0.01 secs] 
2014-07-28T19:10:23.129+0000: 3256.816: [GC [PSYoungGen: 132224K->480K(130304K)] 405262K->273550K(817280K), 0.0144100 secs] [Times: user=0.06 sys=0.01, real=0.01 secs] 
2014-07-28T19:10:24.058+0000: 3257.745: [GC [PSYoungGen: 130224K->384K(128064K)] 403294K->273518K(815040K), 0.0073400 secs] [Times: user=0.04 sys=0.00, real=0.01 secs] 
2014-07-28T19:10:24.944+0000: 3258.631: [GC [PSYoungGen: 128064K->192K(153408K)] 401198K->273398K(840384K), 0.0139580 secs] [Times: user=0.09 sys=0.01, real=0.01 secs] 
2014-07-28T19:10:26.015+0000: 3259.702: [GC [PSYoungGen: 153408K->352K(150784K)] 426614K->273630K(837760K), 0.0044340 secs] [Times: user=0.03 sys=0.01, real=0.00 secs] 
2014-07-28T19:10:27.063+0000: 3260.750: [GC [PSYoungGen: 150752K->256K(147904K)] 424030K->273582K(834880K), 0.0038190 secs] [Times: user=0.01 sys=0.00, real=0.01 secs] 
2014-07-28T19:10:28.093+0000: 3261.780: [GC [PSYoungGen: 147904K->352K(145344K)] 421230K->273758K(832320K), 0.0063130 secs] [Times: user=0.04 sys=0.00, real=0.01 secs] 
2014-07-28T19:10:29.107+0000: 3262.793: [GC [PSYoungGen: 145312K->384K(142784K)] 418718K->273846K(829760K), 0.0058320 secs] [Times: user=0.03 sys=0.01, real=0.00 secs] 
2014-07-28T19:10:30.121+0000: 3263.808: [GC [PSYoungGen: 142784K->224K(140160K)] 416246K->273710K(827136K), 0.0198840 secs] [Times: user=0.09 sys=0.02, real=0.02 secs] 
2014-07-28T19:10:31.152+0000: 3264.839: [GC [PSYoungGen: 140128K->256K(168192K)] 413614K->273766K(855168K), 0.0129990 secs] [Times: user=0.08 sys=0.00, real=0.02 secs] 
2014-07-28T19:10:32.325+0000: 3266.012: [GC [PSYoungGen: 168192K->256K(164928K)] 441702K->273822K(851904K), 0.0029190 secs] [Times: user=0.02 sys=0.00, real=0.00 secs] 
2014-07-28T19:10:33.487+0000: 3267.174: [GC [PSYoungGen: 164928K->288K(161792K)] 438494K->273886K(848768K), 0.0046250 secs] [Times: user=0.02 sys=0.01, real=0.00 secs] 
2014-07-28T19:10:34.609+0000: 3268.296: [GC [PSYoungGen: 161760K->288K(158720K)] 435358K->273958K(845696K), 0.0047370 secs] [Times: user=0.02 sys=0.01, real=0.00 secs] 
2014-07-28T19:10:35.716+0000: 3269.403: [GC [PSYoungGen: 158638K->288K(155712K)] 432309K->274030K(842688K), 0.0034970 secs] [Times: user=0.02 sys=0.00, real=0.00 secs] 
2014-07-28T19:10:36.806+0000: 3270.493: [GC [PSYoungGen: 155680K->224K(152768K)] 429422K->273998K(839744K), 0.0074700 secs] [Times: user=0.04 sys=0.01, real=0.00 secs] 
2014-07-28T19:10:37.873+0000: 3271.559: [GC [PSYoungGen: 152736K->320K(150016K)] 426510K->274158K(836992K), 0.0059310 secs] [Times: user=0.04 sys=0.01, real=0.01 secs] 
2014-07-28T19:10:38.924+0000: 3272.611: [GC [PSYoungGen: 150016K->416K(147456K)] 423854K->274318K(834432K), 0.0043480 secs] [Times: user=0.03 sys=0.00, real=0.01 secs] 
2014-07-28T19:10:39.955+0000: 3273.642: [GC [PSYoungGen: 147424K->192K(144576K)] 421326K->274166K(831552K), 0.0154880 secs] [Times: user=0.08 sys=0.00, real=0.02 secs] 
2014-07-28T19:10:40.964+0000: 3274.651: [GC [PSYoungGen: 144576K->352K(142208K)] 418550K->274382K(829184K), 0.0050680 secs] [Times: user=0.03 sys=0.00, real=0.01 secs] 
2014-07-28T19:10:41.985+0000: 3275.672: [GC [PSYoungGen: 142176K->256K(139584K)] 416206K->274342K(826560K), 0.0048140 secs] [Times: user=0.02 sys=0.00, real=0.01 secs] 
2014-07-28T19:10:42.938+0000: 3276.625: [GC [PSYoungGen: 139584K->274K(137216K)] 413670K->274408K(824192K), 0.0158690 secs] [Times: user=0.10 sys=0.01, real=0.01 secs] 
2014-07-28T19:10:43.897+0000: 3277.584: [GC [PSYoungGen: 137170K->416K(134976K)] 411304K->274638K(821952K), 0.0069860 secs] [Times: user=0.05 sys=0.00, real=0.00 secs] 
2014-07-28T19:10:44.839+0000: 3278.526: [GC [PSYoungGen: 134944K->320K(132544K)] 409166K->274606K(819520K), 0.0109660 secs] [Times: user=0.06 sys=0.00, real=0.01 secs] 
2014-07-28T19:10:45.762+0000: 3279.448: [GC [PSYoungGen: 132544K->224K(130240K)] 406830K->274566K(817216K), 0.0048060 secs] [Times: user=0.03 sys=0.00, real=0.00 secs] 
2014-07-28T19:10:46.668+0000: 3280.355: [GC [PSYoungGen: 130208K->512K(128320K)] 404550K->274942K(815296K), 0.0054100 secs] [Times: user=0.03 sys=0.00, real=0.00 secs] 
2014-07-28T19:10:47.557+0000: 3281.243: [GC [PSYoungGen: 128320K->320K(126016K)] 402750K->274838K(812992K), 0.0056540 secs] [Times: user=0.04 sys=0.00, real=0.01 secs] 
2014-07-28T19:10:48.436+0000: 3282.123: [GC [PSYoungGen: 126016K->384K(124032K)] 400534K->274990K(811008K), 0.0057580 secs] [Times: user=0.04 sys=0.00, real=0.01 secs] 
2014-07-28T19:10:49.300+0000: 3282.986: [GC [PSYoungGen: 124032K->384K(122048K)] 398638K->275070K(809024K), 0.0082050 secs] [Times: user=0.06 sys=0.00, real=0.00 secs] 
2014-07-28T19:10:50.149+0000: 3283.835: [GC [PSYoungGen: 122048K->288K(120064K)] 396734K->275038K(807040K), 0.0055820 secs] [Times: user=0.04 sys=0.00, real=0.00 secs] 
2014-07-28T19:10:50.984+0000: 3284.671: [GC [PSYoungGen: 120032K->256K(118144K)] 394782K->275054K(805120K), 0.0102840 secs] [Times: user=0.07 sys=0.00, real=0.01 secs] 
2014-07-28T19:10:51.817+0000: 3285.503: [GC [PSYoungGen: 118144K->192K(116288K)] 392942K->275030K(803264K), 0.0059220 secs] [Times: user=0.02 sys=0.01, real=0.01 secs] 
2014-07-28T19:10:52.622+0000: 3286.309: [GC [PSYoungGen: 116288K->256K(114560K)] 391126K->275158K(801536K), 0.0043320 secs] [Times: user=0.02 sys=0.00, real=0.00 secs] 
2014-07-28T19:10:53.421+0000: 3287.108: [GC [PSYoungGen: 114560K->448K(113024K)] 389462K->275422K(800000K), 0.0068630 secs] [Times: user=0.04 sys=0.00, real=0.00 secs] 
2014-07-28T19:10:54.209+0000: 3287.895: [GC [PSYoungGen: 113024K->352K(111296K)] 387998K->275390K(798272K), 0.0060590 secs] [Times: user=0.04 sys=0.00, real=0.01 secs] 
2014-07-28T19:10:54.985+0000: 3288.672: [GC [PSYoungGen: 111264K->256K(109504K)] 386302K->275334K(796480K), 0.0063640 secs] [Times: user=0.04 sys=0.00, real=0.01 secs] 
2014-07-28T19:10:55.749+0000: 3289.436: [GC [PSYoungGen: 109504K->416K(108096K)] 384582K->275542K(795072K), 0.0083670 secs] [Times: user=0.04 sys=0.01, real=0.00 secs] 
2014-07-28T19:10:56.503+0000: 3290.190: [GC [PSYoungGen: 108064K->320K(106432K)] 383190K->275454K(793408K), 0.0043990 secs] [Times: user=0.03 sys=0.00, real=0.00 secs] 
2014-07-28T19:10:57.244+0000: 3290.931: [GC [PSYoungGen: 106432K->416K(105024K)] 381566K->275638K(792000K), 0.0063160 secs] [Times: user=0.04 sys=0.01, real=0.01 secs] 
2014-07-28T19:10:57.977+0000: 3291.664: [GC [PSYoungGen: 104992K->480K(103616K)] 380214K->275798K(790592K), 0.0046320 secs] [Times: user=0.03 sys=0.00, real=0.01 secs] 
2014-07-28T19:10:58.696+0000: 3292.383: [GC [PSYoungGen: 103584K->224K(101888K)] 378902K->275598K(788864K), 0.0046820 secs] [Times: user=0.03 sys=0.00, real=0.01 secs] 
2014-07-28T19:10:59.411+0000: 3293.097: [GC [PSYoungGen: 101856K->384K(100608K)] 377230K->275774K(787584K), 0.0058450 secs] [Times: user=0.04 sys=0.00, real=0.00 secs] 
2014-07-28T19:11:00.110+0000: 3293.797: [GC [PSYoungGen: 100599K->352K(99264K)] 375989K->275806K(786240K), 0.0083390 secs] [Times: user=0.05 sys=0.00, real=0.00 secs] 
2014-07-28T19:11:00.803+0000: 3294.489: [GC [PSYoungGen: 99232K->416K(97984K)] 374686K->275958K(784960K), 0.0043170 secs] [Times: user=0.02 sys=0.00, real=0.00 secs] 
2014-07-28T19:11:01.485+0000: 3295.172: [GC [PSYoungGen: 97952K->352K(96640K)] 373494K->275966K(783616K), 0.0063400 secs] [Times: user=0.04 sys=0.00, real=0.01 secs] 
2014-07-28T19:11:02.162+0000: 3295.849: [GC [PSYoungGen: 96608K->448K(95424K)] 372222K->276134K(782400K), 0.0075190 secs] [Times: user=0.05 sys=0.00, real=0.00 secs] 
2014-07-28T19:11:02.827+0000: 3296.514: [GC [PSYoungGen: 95404K->370K(94144K)] 371090K->276120K(781120K), 0.0071900 secs] [Times: user=0.04 sys=0.00, real=0.01 secs] 
2014-07-28T19:11:03.481+0000: 3297.168: [GC [PSYoungGen: 94130K->384K(92928K)] 369880K->276206K(779904K), 0.0075630 secs] [Times: user=0.05 sys=0.00, real=0.00 secs] 
2014-07-28T19:11:04.128+0000: 3297.815: [GC [PSYoungGen: 92928K->256K(91584K)] 368750K->276126K(778560K), 0.0046630 secs] [Times: user=0.03 sys=0.00, real=0.01 secs] 
2014-07-28T19:11:04.765+0000: 3298.452: [GC [PSYoungGen: 91584K->288K(109952K)] 367454K->276206K(796928K), 0.0108910 secs] [Times: user=0.07 sys=0.00, real=0.01 secs] 
2014-07-28T19:11:05.531+0000: 3299.218: [GC [PSYoungGen: 109920K->370K(131968K)] 385838K->276336K(818944K), 0.0094240 secs] [Times: user=0.06 sys=0.00, real=0.01 secs] 
2014-07-28T19:11:06.453+0000: 3300.139: [GC [PSYoungGen: 131954K->352K(158336K)] 407920K->276374K(845312K), 0.0063000 secs] [Times: user=0.04 sys=0.01, real=0.00 secs] 
2014-07-28T19:11:07.558+0000: 3301.245: [GC [PSYoungGen: 158304K->288K(155328K)] 434326K->276374K(842304K), 0.0096700 secs] [Times: user=0.07 sys=0.00, real=0.01 secs] 
2014-07-28T19:11:08.644+0000: 3302.331: [GC [PSYoungGen: 155296K->352K(152512K)] 431382K->276494K(839488K), 0.0078720 secs] [Times: user=0.05 sys=0.00, real=0.01 secs] 
2014-07-28T19:11:09.709+0000: 3303.396: [GC [PSYoungGen: 152480K->256K(149568K)] 428622K->276462K(836544K), 0.0061860 secs] [Times: user=0.04 sys=0.00, real=0.01 secs] 
2014-07-28T19:11:10.753+0000: 3304.440: [GC [PSYoungGen: 149541K->352K(147008K)] 425748K->276630K(833984K), 0.0050150 secs] [Times: user=0.02 sys=0.01, real=0.00 secs] 
2014-07-28T19:11:11.778+0000: 3305.465: [GC [PSYoungGen: 146976K->256K(144256K)] 423254K->276590K(831232K), 0.0109200 secs] [Times: user=0.07 sys=0.00, real=0.01 secs] 
2014-07-28T19:11:12.785+0000: 3306.472: [GC [PSYoungGen: 144256K->256K(141696K)] 420590K->276638K(828672K), 0.0118460 secs] [Times: user=0.08 sys=0.00, real=0.01 secs] 
2014-07-28T19:11:13.776+0000: 3307.463: [GC [PSYoungGen: 141696K->288K(139264K)] 418078K->276726K(826240K), 0.0055330 secs] [Times: user=0.03 sys=0.00, real=0.01 secs] 
2014-07-28T19:11:14.743+0000: 3308.430: [GC [PSYoungGen: 139232K->384K(136896K)] 415670K->276910K(823872K), 0.0074490 secs] [Times: user=0.05 sys=0.00, real=0.00 secs] 
2014-07-28T19:11:15.701+0000: 3309.388: [GC [PSYoungGen: 136859K->224K(134464K)] 413385K->276798K(821440K), 0.0048870 secs] [Times: user=0.02 sys=0.01, real=0.01 secs] 
2014-07-28T19:11:16.640+0000: 3310.327: [GC [PSYoungGen: 134432K->288K(132288K)] 411006K->276934K(819264K), 0.0093610 secs] [Times: user=0.07 sys=0.00, real=0.01 secs] 
2014-07-28T19:11:17.568+0000: 3311.255: [GC [PSYoungGen: 132256K->320K(130112K)] 408902K->277030K(817088K), 0.0094040 secs] [Times: user=0.06 sys=0.00, real=0.01 secs] 
2014-07-28T19:11:18.474+0000: 3312.161: [GC [PSYoungGen: 130112K->288K(128000K)] 406822K->277054K(814976K), 0.0075850 secs] [Times: user=0.04 sys=0.00, real=0.01 secs] 
2014-07-28T19:11:19.364+0000: 3313.051: [GC [PSYoungGen: 127968K->274K(125888K)] 404734K->277096K(812864K), 0.0048520 secs] [Times: user=0.02 sys=0.00, real=0.00 secs] 
2014-07-28T19:11:20.237+0000: 3313.924: [GC [PSYoungGen: 125808K->416K(123968K)] 402631K->277318K(810944K), 0.0071180 secs] [Times: user=0.04 sys=0.01, real=0.01 secs] 
2014-07-28T19:11:21.105+0000: 3314.792: [GC [PSYoungGen: 123918K->192K(121728K)] 400820K->277232K(808704K), 0.0086640 secs] [Times: user=0.06 sys=0.00, real=0.01 secs] 
2014-07-28T19:11:21.952+0000: 3315.639: [GC [PSYoungGen: 121728K->384K(120000K)] 398768K->277512K(806976K), 0.0038750 secs] [Times: user=0.02 sys=0.00, real=0.01 secs] 
2014-07-28T19:11:22.790+0000: 3316.476: [GC [PSYoungGen: 120000K->452K(118272K)] 397128K->277644K(805248K), 0.0092540 secs] [Times: user=0.06 sys=0.00, real=0.01 secs] 
2014-07-28T19:11:23.611+0000: 3317.297: [GC [PSYoungGen: 118212K->416K(116416K)] 395404K->277672K(803392K), 0.0078170 secs] [Times: user=0.04 sys=0.00, real=0.01 secs] 
2014-07-28T19:11:24.423+0000: 3318.109: [GC [PSYoungGen: 116377K->128K(114304K)] 393633K->277504K(801280K), 0.0071060 secs] [Times: user=0.04 sys=0.00, real=0.01 secs] 
2014-07-28T19:11:25.219+0000: 3318.906: [GC [PSYoungGen: 114304K->484K(112960K)] 391680K->277916K(799936K), 0.0086440 secs] [Times: user=0.06 sys=0.00, real=0.01 secs] 
2014-07-28T19:11:26.005+0000: 3319.692: [GC [PSYoungGen: 112932K->416K(111232K)] 390364K->278020K(798208K), 0.0076380 secs] [Times: user=0.06 sys=0.00, real=0.01 secs] 
2014-07-28T19:11:26.779+0000: 3320.466: [GC [PSYoungGen: 111200K->480K(109632K)] 388804K->278148K(796608K), 0.0092580 secs] [Times: user=0.05 sys=0.01, real=0.01 secs] 
2014-07-28T19:11:27.545+0000: 3321.232: [GC [PSYoungGen: 109600K->256K(107776K)] 387268K->278076K(794752K), 0.0050700 secs] [Times: user=0.03 sys=0.00, real=0.00 secs] 
2014-07-28T19:11:28.297+0000: 3321.984: [GC [PSYoungGen: 107776K->288K(106304K)] 385596K->278148K(793280K), 0.0048680 secs] [Times: user=0.03 sys=0.00, real=0.00 secs] 
2014-07-28T19:11:29.035+0000: 3322.721: [GC [PSYoungGen: 106272K->320K(104768K)] 384132K->278236K(791744K), 0.0055960 secs] [Times: user=0.03 sys=0.00, real=0.00 secs] 
2014-07-28T19:11:29.765+0000: 3323.452: [GC [PSYoungGen: 104768K->320K(103296K)] 382684K->278316K(790272K), 0.0079470 secs] [Times: user=0.06 sys=0.01, real=0.00 secs] 
2014-07-28T19:11:30.483+0000: 3324.170: [GC [PSYoungGen: 103296K->320K(101888K)] 381292K->278356K(788864K), 0.0079560 secs] [Times: user=0.05 sys=0.00, real=0.01 secs] 
2014-07-28T19:11:31.193+0000: 3324.880: [GC [PSYoungGen: 101888K->256K(100416K)] 379924K->278356K(787392K), 0.0027960 secs] [Times: user=0.02 sys=0.00, real=0.01 secs] 
2014-07-28T19:11:31.893+0000: 3325.580: [GC [PSYoungGen: 100416K->320K(99136K)] 378516K->278492K(786112K), 0.0091840 secs] [Times: user=0.05 sys=0.00, real=0.01 secs] 
2014-07-28T19:11:32.584+0000: 3326.271: [GC [PSYoungGen: 99136K->256K(97728K)] 377308K->278476K(784704K), 0.0055600 secs] [Times: user=0.03 sys=0.00, real=0.01 secs] 
2014-07-28T19:11:33.270+0000: 3326.957: [GC [PSYoungGen: 97728K->288K(96512K)] 375948K->278556K(783488K), 0.0048270 secs] [Times: user=0.03 sys=0.00, real=0.01 secs] 
2014-07-28T19:11:33.944+0000: 3327.631: [GC [PSYoungGen: 96480K->256K(95168K)] 374748K->278588K(782144K), 0.0088390 secs] [Times: user=0.06 sys=0.00, real=0.01 secs] 
2014-07-28T19:11:34.614+0000: 3328.301: [GC [PSYoungGen: 95168K->288K(94016K)] 373500K->278684K(780992K), 0.0043380 secs] [Times: user=0.03 sys=0.00, real=0.01 secs] 
2014-07-28T19:11:35.271+0000: 3328.958: [GC [PSYoungGen: 93965K->288K(92800K)] 372361K->278708K(779776K), 0.0083800 secs] [Times: user=0.05 sys=0.00, real=0.01 secs] 
2014-07-28T19:11:35.915+0000: 3329.602: [GC [PSYoungGen: 92768K->320K(91584K)] 371188K->278804K(778560K), 0.0069150 secs] [Times: user=0.05 sys=0.01, real=0.01 secs] 
2014-07-28T19:11:36.553+0000: 3330.240: [GC [PSYoungGen: 91584K->224K(90368K)] 370068K->278748K(777344K), 0.0032710 secs] [Times: user=0.02 sys=0.00, real=0.01 secs] 
2014-07-28T19:11:37.180+0000: 3330.867: [GC [PSYoungGen: 90336K->288K(89280K)] 368860K->278844K(776256K), 0.0073610 secs] [Times: user=0.05 sys=0.00, real=0.01 secs] 
2014-07-28T19:11:37.803+0000: 3331.490: [GC [PSYoungGen: 89248K->416K(88320K)] 367804K->279060K(775296K), 0.0063400 secs] [Times: user=0.05 sys=0.00, real=0.01 secs] 
2014-07-28T19:11:38.416+0000: 3332.103: [GC [PSYoungGen: 88287K->288K(105792K)] 366931K->279004K(792768K), 0.0123870 secs] [Times: user=0.09 sys=0.00, real=0.01 secs] 
2014-07-28T19:11:39.149+0000: 3332.836: [GC [PSYoungGen: 105760K->288K(126912K)] 384476K->279052K(813888K), 0.0076540 secs] [Times: user=0.05 sys=0.00, real=0.01 secs] 
2014-07-28T19:11:40.036+0000: 3333.723: [GC [PSYoungGen: 126880K->256K(152192K)] 405644K->279076K(839168K), 0.0067650 secs] [Times: user=0.04 sys=0.00, real=0.00 secs] 
2014-07-28T19:11:41.100+0000: 3334.787: [GC [PSYoungGen: 152192K->288K(149440K)] 431012K->279172K(836416K), 0.0046490 secs] [Times: user=0.02 sys=0.00, real=0.00 secs] 
2014-07-28T19:11:42.138+0000: 3335.825: [GC [PSYoungGen: 149408K->256K(146688K)] 428292K->279180K(833664K), 0.0082410 secs] [Times: user=0.05 sys=0.00, real=0.01 secs] 
2014-07-28T19:11:43.163+0000: 3336.850: [GC [PSYoungGen: 146688K->320K(144128K)] 425612K->279316K(831104K), 0.0066740 secs] [Times: user=0.05 sys=0.01, real=0.01 secs] 
2014-07-28T19:11:44.169+0000: 3337.856: [GC [PSYoungGen: 144128K->224K(141504K)] 423124K->279268K(828480K), 0.0080160 secs] [Times: user=0.05 sys=0.01, real=0.01 secs] 
2014-07-28T19:11:45.160+0000: 3338.846: [GC [PSYoungGen: 141472K->448K(139200K)] 420516K->279604K(826176K), 0.0048720 secs] [Times: user=0.04 sys=0.00, real=0.00 secs] 
2014-07-28T19:11:46.129+0000: 3339.816: [GC [PSYoungGen: 139200K->256K(136640K)] 418356K->279492K(823616K), 0.0060250 secs] [Times: user=0.04 sys=0.00, real=0.00 secs] 
2014-07-28T19:11:47.089+0000: 3340.776: [GC [PSYoungGen: 136640K->416K(134528K)] 415876K->279732K(821504K), 0.0079320 secs] [Times: user=0.06 sys=0.00, real=0.00 secs] 
2014-07-28T19:11:48.027+0000: 3341.714: [GC [PSYoungGen: 134496K->256K(132096K)] 413812K->279628K(819072K), 0.0050360 secs] [Times: user=0.02 sys=0.00, real=0.01 secs] 
2014-07-28T19:11:48.946+0000: 3342.633: [GC [PSYoungGen: 132096K->384K(130048K)] 411468K->279828K(817024K), 0.0057680 secs] [Times: user=0.03 sys=0.00, real=0.01 secs] 
2014-07-28T19:11:49.859+0000: 3343.546: [GC [PSYoungGen: 130048K->352K(127936K)] 409492K->279852K(814912K), 0.0047950 secs] [Times: user=0.03 sys=0.00, real=0.00 secs] 
2014-07-28T19:11:50.752+0000: 3344.439: [GC [PSYoungGen: 127857K->288K(125824K)] 407357K->279860K(812800K), 0.0038140 secs] [Times: user=0.02 sys=0.00, real=0.00 secs] 
2014-07-28T19:11:51.626+0000: 3345.313: [GC [PSYoungGen: 125792K->384K(123840K)] 405364K->280004K(810816K), 0.0042900 secs] [Times: user=0.02 sys=0.00, real=0.01 secs] 
2014-07-28T19:11:52.493+0000: 3346.180: [GC [PSYoungGen: 123840K->416K(121920K)] 403460K->280116K(808896K), 0.0059870 secs] [Times: user=0.04 sys=0.00, real=0.01 secs] 
2014-07-28T19:11:53.337+0000: 3347.024: [GC [PSYoungGen: 121888K->256K(119808K)] 401588K->280012K(806784K), 0.0067440 secs] [Times: user=0.03 sys=0.00, real=0.00 secs] 
2014-07-28T19:11:54.175+0000: 3347.862: [GC [PSYoungGen: 119808K->256K(117952K)] 399564K->280060K(804928K), 0.0056240 secs] [Times: user=0.03 sys=0.00, real=0.01 secs] 
2014-07-28T19:11:54.995+0000: 3348.682: [GC [PSYoungGen: 117952K->434K(116352K)] 397756K->280326K(803328K), 0.0074460 secs] [Times: user=0.05 sys=0.00, real=0.01 secs] 
2014-07-28T19:11:55.805+0000: 3349.492: [GC [PSYoungGen: 116338K->256K(114368K)] 396230K->280204K(801344K), 0.0054710 secs] [Times: user=0.03 sys=0.00, real=0.01 secs] 
2014-07-28T19:11:56.604+0000: 3350.291: [GC [PSYoungGen: 114368K->320K(112704K)] 394316K->280308K(799680K), 0.0078910 secs] [Times: user=0.05 sys=0.00, real=0.01 secs] 
2014-07-28T19:11:57.389+0000: 3351.076: [GC [PSYoungGen: 112704K->320K(111040K)] 392692K->280372K(798016K), 0.0046080 secs] [Times: user=0.03 sys=0.01, real=0.00 secs] 
2014-07-28T19:11:58.184+0000: 3351.871: [GC [PSYoungGen: 111023K->448K(109568K)] 391076K->280596K(796544K), 0.0058680 secs] [Times: user=0.04 sys=0.00, real=0.01 secs] 
2014-07-28T19:11:58.927+0000: 3352.613: [GC [PSYoungGen: 109568K->320K(107840K)] 389716K->280540K(794816K), 0.0067660 secs] [Times: user=0.04 sys=0.00, real=0.01 secs] 
2014-07-28T19:11:59.679+0000: 3353.366: [GC [PSYoungGen: 107840K->256K(106240K)] 388060K->280540K(793216K), 0.0061310 secs] [Times: user=0.04 sys=0.00, real=0.00 secs] 
2014-07-28T19:12:00.419+0000: 3354.105: [GC [PSYoungGen: 106240K->288K(104768K)] 386524K->280588K(791744K), 0.0076820 secs] [Times: user=0.04 sys=0.00, real=0.01 secs] 
2014-07-28T19:12:01.152+0000: 3354.839: [GC [PSYoungGen: 104736K->320K(103296K)] 385036K->280692K(790272K), 0.0050830 secs] [Times: user=0.02 sys=0.00, real=0.00 secs] 
2014-07-28T19:12:01.872+0000: 3355.559: [GC [PSYoungGen: 103296K->416K(102016K)] 383668K->280852K(788992K), 0.0084120 secs] [Times: user=0.05 sys=0.00, real=0.01 secs] 
2014-07-28T19:12:02.582+0000: 3356.269: [GC [PSYoungGen: 101984K->320K(100480K)] 382420K->280844K(787456K), 0.0060590 secs] [Times: user=0.04 sys=0.00, real=0.00 secs] 
2014-07-28T19:12:03.284+0000: 3356.971: [GC [PSYoungGen: 100480K->448K(99264K)] 381004K->281060K(786240K), 0.0060190 secs] [Times: user=0.03 sys=0.00, real=0.01 secs] 
2014-07-28T19:12:03.976+0000: 3357.663: [GC [PSYoungGen: 99259K->320K(97792K)] 379871K->280996K(784768K), 0.0049720 secs] [Times: user=0.03 sys=0.00, real=0.01 secs] 
2014-07-28T19:12:04.659+0000: 3358.345: [GC [PSYoungGen: 97792K->288K(96512K)] 378468K->281028K(783488K), 0.0047210 secs] [Times: user=0.02 sys=0.00, real=0.01 secs] 
2014-07-28T19:12:05.329+0000: 3359.016: [GC [PSYoungGen: 96480K->288K(95232K)] 377220K->281036K(782208K), 0.0071240 secs] [Times: user=0.04 sys=0.00, real=0.00 secs] 
2014-07-28T19:12:05.994+0000: 3359.681: [GC [PSYoungGen: 95200K->320K(94016K)] 375948K->281140K(780992K), 0.0082580 secs] [Times: user=0.05 sys=0.00, real=0.01 secs] 
2014-07-28T19:12:06.647+0000: 3360.334: [GC [PSYoungGen: 94016K->320K(112768K)] 374836K->281196K(799744K), 0.0103780 secs] [Times: user=0.06 sys=0.00, real=0.01 secs] 
2014-07-28T19:12:07.432+0000: 3361.119: [GC [PSYoungGen: 112768K->352K(135360K)] 393644K->281236K(822336K), 0.0085120 secs] [Times: user=0.06 sys=0.00, real=0.01 secs] 
2014-07-28T19:12:08.373+0000: 3362.060: [GC [PSYoungGen: 135328K->384K(152128K)] 416212K->281356K(839104K), 0.0090970 secs] [Times: user=0.06 sys=0.00, real=0.01 secs] 
2014-07-28T19:12:09.435+0000: 3363.122: [GC [PSYoungGen: 152128K->448K(149440K)] 433100K->281516K(836416K), 0.0058630 secs] [Times: user=0.04 sys=0.00, real=0.01 secs] 
2014-07-28T19:12:10.475+0000: 3364.162: [GC [PSYoungGen: 149440K->192K(146496K)] 430508K->281348K(833472K), 0.0045170 secs] [Times: user=0.03 sys=0.00, real=0.00 secs] 
2014-07-28T19:12:11.499+0000: 3365.186: [GC [PSYoungGen: 146487K->352K(144064K)] 427643K->281580K(831040K), 0.0050470 secs] [Times: user=0.03 sys=0.00, real=0.01 secs] 
2014-07-28T19:12:12.500+0000: 3366.187: [GC [PSYoungGen: 144032K->288K(141440K)] 425260K->281588K(828416K), 0.0048350 secs] [Times: user=0.03 sys=0.00, real=0.01 secs] 
2014-07-28T19:12:13.490+0000: 3367.177: [GC [PSYoungGen: 141408K->352K(139008K)] 422708K->281732K(825984K), 0.0075140 secs] [Times: user=0.06 sys=0.00, real=0.01 secs] 
2014-07-28T19:12:14.462+0000: 3368.148: [GC [PSYoungGen: 138976K->384K(136640K)] 420356K->281860K(823616K), 0.0044390 secs] [Times: user=0.02 sys=0.00, real=0.00 secs] 
2014-07-28T19:12:15.414+0000: 3369.101: [GC [PSYoungGen: 136640K->320K(134272K)] 418116K->281844K(821248K), 0.0094010 secs] [Times: user=0.06 sys=0.01, real=0.01 secs] 
2014-07-28T19:12:16.352+0000: 3370.039: [GC [PSYoungGen: 134272K->288K(132032K)] 415796K->281876K(819008K), 0.0026520 secs] [Times: user=0.01 sys=0.00, real=0.00 secs] 
2014-07-28T19:12:17.274+0000: 3370.961: [GC [PSYoungGen: 131950K->448K(129984K)] 413538K->282116K(816960K), 0.0045280 secs] [Times: user=0.03 sys=0.00, real=0.00 secs] 
2014-07-28T19:12:18.183+0000: 3371.870: [GC [PSYoungGen: 129984K->352K(127808K)] 411652K->282092K(814784K), 0.0078240 secs] [Times: user=0.05 sys=0.00, real=0.00 secs] 
2014-07-28T19:12:19.083+0000: 3372.770: [GC [PSYoungGen: 127776K->416K(125824K)] 409516K->282260K(812800K), 0.0093840 secs] [Times: user=0.07 sys=0.00, real=0.01 secs] 
2014-07-28T19:12:19.979+0000: 3373.666: [GC [PSYoungGen: 125792K->384K(123712K)] 407636K->282292K(810688K), 0.0030470 secs] [Times: user=0.02 sys=0.00, real=0.01 secs] 
2014-07-28T19:12:20.828+0000: 3374.515: [GC [PSYoungGen: 123712K->388K(121792K)] 405620K->282352K(808768K), 0.0085770 secs] [Times: user=0.05 sys=0.00, real=0.01 secs] 
2014-07-28T19:12:21.679+0000: 3375.366: [GC [PSYoungGen: 121732K->384K(119808K)] 403696K->282452K(806784K), 0.0053230 secs] [Times: user=0.04 sys=0.00, real=0.01 secs] 
2014-07-28T19:12:22.512+0000: 3376.199: [GC [PSYoungGen: 119804K->416K(118016K)] 401872K->282548K(804992K), 0.0086150 secs] [Times: user=0.06 sys=0.00, real=0.01 secs] 
2014-07-28T19:12:23.334+0000: 3377.021: [GC [PSYoungGen: 117984K->256K(116032K)] 400116K->282452K(803008K), 0.0075250 secs] [Times: user=0.05 sys=0.00, real=0.00 secs] 
2014-07-28T19:12:24.145+0000: 3377.832: [GC [PSYoungGen: 116023K->256K(114240K)] 398220K->282508K(801216K), 0.0086550 secs] [Times: user=0.06 sys=0.00, real=0.01 secs] 
2014-07-28T19:12:24.939+0000: 3378.625: [GC [PSYoungGen: 114205K->352K(112640K)] 396457K->282692K(799616K), 0.0055490 secs] [Times: user=0.04 sys=0.00, real=0.01 secs] 
2014-07-28T19:12:25.723+0000: 3379.410: [GC [PSYoungGen: 112608K->320K(110912K)] 394948K->282740K(797888K), 0.0082170 secs] [Times: user=0.06 sys=0.01, real=0.00 secs] 
2014-07-28T19:12:26.501+0000: 3380.188: [GC [PSYoungGen: 110912K->320K(109312K)] 393332K->282756K(796288K), 0.0040270 secs] [Times: user=0.02 sys=0.00, real=0.01 secs] 
2014-07-28T19:12:27.265+0000: 3380.951: [GC [PSYoungGen: 109312K->320K(107712K)] 391748K->282812K(794688K), 0.0109010 secs] [Times: user=0.07 sys=0.00, real=0.01 secs] 
2014-07-28T19:12:28.020+0000: 3381.707: [GC [PSYoungGen: 107712K->384K(106240K)] 390204K->282948K(793216K), 0.0044970 secs] [Times: user=0.03 sys=0.00, real=0.01 secs] 
2014-07-28T19:12:28.761+0000: 3382.448: [GC [PSYoungGen: 106240K->320K(104640K)] 388804K->282940K(791616K), 0.0047340 secs] [Times: user=0.02 sys=0.00, real=0.01 secs] 
2014-07-28T19:12:29.494+0000: 3383.180: [GC [PSYoungGen: 104640K->352K(103232K)] 387260K->282980K(790208K), 0.0105650 secs] [Times: user=0.07 sys=0.00, real=0.01 secs] 
2014-07-28T19:12:30.223+0000: 3383.910: [GC [PSYoungGen: 103200K->384K(101824K)] 385828K->283084K(788800K), 0.0028890 secs] [Times: user=0.01 sys=0.00, real=0.00 secs] 
2014-07-28T19:12:30.922+0000: 3384.609: [GC [PSYoungGen: 101774K->306K(100352K)] 384475K->283062K(787328K), 0.0080080 secs] [Times: user=0.05 sys=0.00, real=0.01 secs] 
2014-07-28T19:12:31.621+0000: 3385.308: [GC [PSYoungGen: 100338K->448K(99136K)] 383094K->283308K(786112K), 0.0057370 secs] [Times: user=0.03 sys=0.00, real=0.01 secs] 
2014-07-28T19:12:32.313+0000: 3386.000: [GC [PSYoungGen: 99136K->320K(97664K)] 381996K->283252K(784640K), 0.0077390 secs] [Times: user=0.06 sys=0.00, real=0.00 secs] 
2014-07-28T19:12:32.995+0000: 3386.682: [GC [PSYoungGen: 97664K->274K(96384K)] 380596K->283254K(783360K), 0.0049000 secs] [Times: user=0.03 sys=0.01, real=0.00 secs] 
2014-07-28T19:12:33.670+0000: 3387.357: [GC [PSYoungGen: 96338K->384K(95168K)] 379318K->283460K(782144K), 0.0052140 secs] [Times: user=0.03 sys=0.00, real=0.01 secs] 
2014-07-28T19:12:34.333+0000: 3388.019: [GC [PSYoungGen: 95168K->320K(93888K)] 378244K->283428K(780864K), 0.0078270 secs] [Times: user=0.05 sys=0.00, real=0.01 secs] 
2014-07-28T19:12:34.986+0000: 3388.673: [GC [PSYoungGen: 93888K->288K(112640K)] 376996K->283460K(799616K), 0.0090390 secs] [Times: user=0.06 sys=0.00, real=0.01 secs] 
2014-07-28T19:12:35.772+0000: 3389.459: [GC [PSYoungGen: 112604K->288K(110976K)] 395777K->283532K(797952K), 0.0056930 secs] [Times: user=0.03 sys=0.00, real=0.01 secs] 
2014-07-28T19:12:36.549+0000: 3390.235: [GC [PSYoungGen: 110909K->256K(109312K)] 394153K->283500K(796288K), 0.0053660 secs] [Times: user=0.03 sys=0.00, real=0.01 secs] 
2014-07-28T19:12:37.312+0000: 3390.999: [GC [PSYoungGen: 109272K->288K(107776K)] 392516K->283596K(794752K), 0.0089340 secs] [Times: user=0.07 sys=0.00, real=0.01 secs] 
2014-07-28T19:12:38.065+0000: 3391.752: [GC [PSYoungGen: 107744K->320K(106240K)] 391052K->283692K(793216K), 0.0072820 secs] [Times: user=0.05 sys=0.00, real=0.00 secs] 
2014-07-28T19:12:38.807+0000: 3392.493: [GC [PSYoungGen: 106240K->352K(104768K)] 389612K->283804K(791744K), 0.0044810 secs] [Times: user=0.03 sys=0.00, real=0.00 secs] 
2014-07-28T19:12:39.538+0000: 3393.225: [GC [PSYoungGen: 104736K->384K(103296K)] 388188K->283908K(790272K), 0.0050530 secs] [Times: user=0.03 sys=0.00, real=0.00 secs] 
2014-07-28T19:12:40.260+0000: 3393.947: [GC [PSYoungGen: 103296K->448K(101952K)] 386820K->284060K(788928K), 0.0050880 secs] [Times: user=0.03 sys=0.01, real=0.01 secs] 
2014-07-28T19:12:40.974+0000: 3394.661: [GC [PSYoungGen: 101952K->256K(100352K)] 385564K->283908K(787328K), 0.0071050 secs] [Times: user=0.03 sys=0.01, real=0.01 secs] 
2014-07-28T19:12:41.677+0000: 3395.364: [GC [PSYoungGen: 100352K->256K(99008K)] 384004K->283964K(785984K), 0.0072470 secs] [Times: user=0.05 sys=0.00, real=0.00 secs] 
2014-07-28T19:12:42.366+0000: 3396.053: [GC [PSYoungGen: 99008K->370K(97792K)] 382716K->284086K(784768K), 0.0070270 secs] [Times: user=0.03 sys=0.00, real=0.00 secs] 
2014-07-28T19:12:43.051+0000: 3396.738: [GC [PSYoungGen: 97762K->452K(96640K)] 381478K->284256K(783616K), 0.0060270 secs] [Times: user=0.04 sys=0.00, real=0.01 secs] 
2014-07-28T19:12:43.723+0000: 3397.410: [GC [PSYoungGen: 96580K->192K(95040K)] 380384K->284060K(782016K), 0.0079460 secs] [Times: user=0.05 sys=0.00, real=0.01 secs] 
2014-07-28T19:12:44.389+0000: 3398.076: [GC [PSYoungGen: 95040K->288K(93952K)] 378908K->284188K(780928K), 0.0051390 secs] [Times: user=0.03 sys=0.00, real=0.00 secs] 
2014-07-28T19:12:45.043+0000: 3398.730: [GC [PSYoungGen: 93919K->384K(92800K)] 377820K->284372K(779776K), 0.0046000 secs] [Times: user=0.03 sys=0.00, real=0.01 secs] 
2014-07-28T19:12:45.696+0000: 3399.383: [GC [PSYoungGen: 92800K->256K(91456K)] 376788K->284308K(778432K), 0.0075680 secs] [Times: user=0.05 sys=0.01, real=0.00 secs] 
2014-07-28T19:12:46.332+0000: 3400.019: [GC [PSYoungGen: 91456K->352K(90432K)] 375508K->284444K(777408K), 0.0045700 secs] [Times: user=0.03 sys=0.00, real=0.01 secs] 
2014-07-28T19:12:46.961+0000: 3400.648: [GC [PSYoungGen: 90400K->288K(89216K)] 374492K->284452K(776192K), 0.0082290 secs] [Times: user=0.05 sys=0.01, real=0.01 secs] 
2014-07-28T19:12:47.582+0000: 3401.269: [GC [PSYoungGen: 89184K->384K(88192K)] 373348K->284628K(775168K), 0.0058990 secs] [Times: user=0.02 sys=0.00, real=0.01 secs] 
2014-07-28T19:12:48.199+0000: 3401.886: [GC [PSYoungGen: 88192K->352K(87104K)] 372436K->284612K(774080K), 0.0068370 secs] [Times: user=0.05 sys=0.00, real=0.00 secs] 
2014-07-28T19:12:48.803+0000: 3402.490: [GC [PSYoungGen: 87072K->256K(104320K)] 371332K->284580K(791296K), 0.0078520 secs] [Times: user=0.05 sys=0.00, real=0.01 secs] 
2014-07-28T19:12:49.532+0000: 3403.219: [GC [PSYoungGen: 104320K->498K(125440K)] 388644K->284918K(812416K), 0.0077710 secs] [Times: user=0.05 sys=0.00, real=0.01 secs] 
2014-07-28T19:12:50.405+0000: 3404.092: [GC [PSYoungGen: 125426K->256K(142656K)] 409846K->284732K(829632K), 0.0100110 secs] [Times: user=0.05 sys=0.00, real=0.01 secs] 
2014-07-28T19:12:51.402+0000: 3405.089: [GC [PSYoungGen: 142592K->402K(140288K)] 427068K->284950K(827264K), 0.0077350 secs] [Times: user=0.05 sys=0.00, real=0.01 secs] 
2014-07-28T19:12:52.385+0000: 3406.071: [GC [PSYoungGen: 140242K->192K(137600K)] 424790K->284844K(824576K), 0.0090030 secs] [Times: user=0.06 sys=0.00, real=0.01 secs] 
2014-07-28T19:12:53.348+0000: 3407.035: [GC [PSYoungGen: 137600K->498K(135552K)] 422252K->285254K(822528K), 0.0094630 secs] [Times: user=0.06 sys=0.00, real=0.01 secs] 
2014-07-28T19:12:54.292+0000: 3407.979: [GC [PSYoungGen: 135538K->416K(133184K)] 420294K->285302K(820160K), 0.0060190 secs] [Times: user=0.04 sys=0.00, real=0.01 secs] 
2014-07-28T19:12:55.223+0000: 3408.910: [GC [PSYoungGen: 133152K->224K(142208K)] 418038K->285142K(829184K), 0.0129840 secs] [Times: user=0.07 sys=0.00, real=0.01 secs] 
2014-07-28T19:12:56.217+0000: 3409.903: [GC [PSYoungGen: 141856K->192K(139328K)] 426774K->285142K(826304K), 0.0053500 secs] [Times: user=0.02 sys=0.00, real=0.01 secs] 
2014-07-28T19:12:57.188+0000: 3410.875: [GC [PSYoungGen: 139328K->416K(137152K)] 424278K->285454K(824128K), 0.0078070 secs] [Times: user=0.05 sys=0.00, real=0.00 secs] 
2014-07-28T19:12:58.145+0000: 3411.832: [GC [PSYoungGen: 137120K->384K(134720K)] 422158K->285486K(821696K), 0.0095690 secs] [Times: user=0.05 sys=0.01, real=0.01 secs] 
2014-07-28T19:12:59.084+0000: 3412.771: [GC [PSYoungGen: 134720K->352K(132480K)] 419822K->285534K(819456K), 0.0058530 secs] [Times: user=0.04 sys=0.00, real=0.01 secs] 
2014-07-28T19:13:00.009+0000: 3413.696: [GC [PSYoungGen: 132448K->448K(130368K)] 417630K->285718K(817344K), 0.0049530 secs] [Times: user=0.03 sys=0.01, real=0.00 secs] 
2014-07-28T19:13:00.917+0000: 3414.604: [GC [PSYoungGen: 130368K->192K(127936K)] 415638K->285510K(814912K), 0.0051070 secs] [Times: user=0.03 sys=0.00, real=0.01 secs] 
2014-07-28T19:13:01.806+0000: 3415.493: [GC [PSYoungGen: 127936K->320K(125952K)] 413254K->285694K(812928K), 0.0031760 secs] [Times: user=0.02 sys=0.00, real=0.01 secs] 
2014-07-28T19:13:02.690+0000: 3416.377: [GC [PSYoungGen: 125952K->192K(123776K)] 411326K->285606K(810752K), 0.0066380 secs] [Times: user=0.04 sys=0.00, real=0.00 secs] 
2014-07-28T19:13:03.548+0000: 3417.235: [GC [PSYoungGen: 123751K->352K(121984K)] 409165K->285830K(808960K), 0.0051010 secs] [Times: user=0.03 sys=0.00, real=0.01 secs] 
2014-07-28T19:13:04.398+0000: 3418.085: [GC [PSYoungGen: 121952K->320K(120000K)] 407430K->285870K(806976K), 0.0039260 secs] [Times: user=0.03 sys=0.00, real=0.01 secs] 
2014-07-28T19:13:05.236+0000: 3418.922: [GC [PSYoungGen: 119980K->448K(118272K)] 405530K->286102K(805248K), 0.0031160 secs] [Times: user=0.02 sys=0.00, real=0.01 secs] 
2014-07-28T19:13:06.057+0000: 3419.744: [GC [PSYoungGen: 118272K->256K(116288K)] 403926K->285950K(803264K), 0.0049240 secs] [Times: user=0.03 sys=0.00, real=0.01 secs] 
2014-07-28T19:13:06.872+0000: 3420.558: [GC [PSYoungGen: 116288K->320K(114560K)] 401982K->286046K(801536K), 0.0055530 secs] [Times: user=0.02 sys=0.01, real=0.00 secs] 
2014-07-28T19:13:07.666+0000: 3421.353: [GC [PSYoungGen: 114560K->256K(112768K)] 400286K->286014K(799744K), 0.0074620 secs] [Times: user=0.03 sys=0.00, real=0.01 secs] 
2014-07-28T19:13:08.450+0000: 3422.137: [GC [PSYoungGen: 112768K->288K(111168K)] 398526K->286102K(798144K), 0.0067300 secs] [Times: user=0.04 sys=0.00, real=0.00 secs] 
2014-07-28T19:13:09.226+0000: 3422.913: [GC [PSYoungGen: 111136K->352K(109568K)] 396950K->286254K(796544K), 0.0050830 secs] [Times: user=0.03 sys=0.00, real=0.01 secs] 
2014-07-28T19:13:09.992+0000: 3423.679: [GC [PSYoungGen: 109536K->384K(107968K)] 395438K->286366K(794944K), 0.0053720 secs] [Times: user=0.03 sys=0.00, real=0.00 secs] 
2014-07-28T19:13:10.748+0000: 3424.435: [GC [PSYoungGen: 107968K->256K(106304K)] 393950K->286302K(793280K), 0.0076580 secs] [Times: user=0.05 sys=0.00, real=0.01 secs] 
2014-07-28T19:13:11.491+0000: 3425.178: [GC [PSYoungGen: 106304K->352K(104896K)] 392350K->286422K(791872K), 0.0093510 secs] [Times: user=0.07 sys=0.00, real=0.01 secs] 
2014-07-28T19:13:12.221+0000: 3425.908: [GC [PSYoungGen: 104864K->448K(103488K)] 390934K->286622K(790464K), 0.0083830 secs] [Times: user=0.06 sys=0.00, real=0.01 secs] 
2014-07-28T19:13:12.945+0000: 3426.632: [GC [PSYoungGen: 103488K->256K(123904K)] 389662K->286558K(810880K), 0.0087520 secs] [Times: user=0.07 sys=0.00, real=0.01 secs] 
2014-07-28T19:13:13.812+0000: 3427.499: [GC [PSYoungGen: 123877K->288K(121984K)] 410179K->286646K(808960K), 0.0047070 secs] [Times: user=0.03 sys=0.01, real=0.00 secs] 
2014-07-28T19:13:14.664+0000: 3428.351: [GC [PSYoungGen: 121952K->338K(120128K)] 408310K->286760K(807104K), 0.0058700 secs] [Times: user=0.03 sys=0.00, real=0.00 secs] 
2014-07-28T19:13:15.505+0000: 3429.192: [GC [PSYoungGen: 120082K->224K(118144K)] 406504K->286702K(805120K), 0.0046480 secs] [Times: user=0.02 sys=0.01, real=0.00 secs] 
2014-07-28T19:13:16.332+0000: 3430.019: [GC [PSYoungGen: 118079K->256K(116352K)] 404558K->286782K(803328K), 0.0048740 secs] [Times: user=0.03 sys=0.00, real=0.00 secs] 
2014-07-28T19:13:17.142+0000: 3430.829: [GC [PSYoungGen: 116311K->288K(114624K)] 402837K->286870K(801600K), 0.0032630 secs] [Times: user=0.01 sys=0.00, real=0.00 secs] 
2014-07-28T19:13:17.939+0000: 3431.625: [GC [PSYoungGen: 114583K->370K(112960K)] 401165K->287016K(799936K), 0.0058970 secs] [Times: user=0.04 sys=0.00, real=0.01 secs] 
2014-07-28T19:13:18.724+0000: 3432.411: [GC [PSYoungGen: 112946K->416K(111360K)] 399592K->287158K(798336K), 0.0057560 secs] [Times: user=0.03 sys=0.01, real=0.01 secs] 
2014-07-28T19:13:19.499+0000: 3433.186: [GC [PSYoungGen: 111328K->256K(109504K)] 398070K->287030K(796480K), 0.0065530 secs] [Times: user=0.04 sys=0.00, real=0.01 secs] 
2014-07-28T19:13:20.267+0000: 3433.953: [GC [PSYoungGen: 109502K->320K(107968K)] 396277K->287166K(794944K), 0.0073590 secs] [Times: user=0.05 sys=0.00, real=0.01 secs] 
2014-07-28T19:13:21.019+0000: 3434.706: [GC [PSYoungGen: 107968K->416K(106560K)] 394814K->287334K(793536K), 0.0052970 secs] [Times: user=0.03 sys=0.01, real=0.01 secs] 
2014-07-28T19:13:21.765+0000: 3435.452: [GC [PSYoungGen: 106528K->320K(104896K)] 393446K->287302K(791872K), 0.0081350 secs] [Times: user=0.05 sys=0.00, real=0.01 secs] 
2014-07-28T19:13:22.496+0000: 3436.182: [GC [PSYoungGen: 104895K->320K(103424K)] 391878K->287342K(790400K), 0.0085590 secs] [Times: user=0.05 sys=0.00, real=0.01 secs] 
2014-07-28T19:13:23.217+0000: 3436.903: [GC [PSYoungGen: 103424K->320K(101952K)] 390446K->287422K(788928K), 0.0041390 secs] [Times: user=0.03 sys=0.00, real=0.00 secs] 
2014-07-28T19:13:23.927+0000: 3437.614: [GC [PSYoungGen: 101952K->352K(100608K)] 389054K->287526K(787584K), 0.0060300 secs] [Times: user=0.03 sys=0.00, real=0.01 secs] 
2014-07-28T19:13:24.627+0000: 3438.313: [GC [PSYoungGen: 100576K->384K(99264K)] 387750K->287646K(786240K), 0.0059510 secs] [Times: user=0.04 sys=0.00, real=0.01 secs] 
2014-07-28T19:13:25.312+0000: 3438.999: [GC [PSYoungGen: 99264K->320K(97856K)] 386526K->287638K(784832K), 0.0050110 secs] [Times: user=0.03 sys=0.00, real=0.00 secs] 
2014-07-28T19:13:25.996+0000: 3439.683: [GC [PSYoungGen: 97856K->466K(96768K)] 385174K->287880K(783744K), 0.0105520 secs] [Times: user=0.07 sys=0.01, real=0.01 secs] 
2014-07-28T19:13:26.672+0000: 3440.359: [GC [PSYoungGen: 96722K->256K(95232K)] 384136K->287734K(782208K), 0.0051290 secs] [Times: user=0.03 sys=0.00, real=0.00 secs] 
2014-07-28T19:13:27.335+0000: 3441.021: [GC [PSYoungGen: 95232K->224K(94016K)] 382710K->287726K(780992K), 0.0045440 secs] [Times: user=0.02 sys=0.00, real=0.00 secs] 
2014-07-28T19:13:27.992+0000: 3441.679: [GC [PSYoungGen: 93984K->416K(92992K)] 381486K->287998K(779968K), 0.0041360 secs] [Times: user=0.03 sys=0.00, real=0.00 secs] 
2014-07-28T19:13:28.641+0000: 3442.328: [GC [PSYoungGen: 92960K->416K(91776K)] 380542K->288094K(778752K), 0.0049610 secs] [Times: user=0.03 sys=0.00, real=0.01 secs] 
2014-07-28T19:13:29.281+0000: 3442.968: [GC [PSYoungGen: 91744K->320K(90496K)] 379422K->288094K(777472K), 0.0070940 secs] [Times: user=0.05 sys=0.00, real=0.01 secs] 
2014-07-28T19:13:29.910+0000: 3443.597: [GC [PSYoungGen: 90496K->352K(89408K)] 378270K->288214K(776384K), 0.0089650 secs] [Times: user=0.06 sys=0.00, real=0.01 secs] 
2014-07-28T19:13:30.534+0000: 3444.221: [GC [PSYoungGen: 89376K->384K(88320K)] 377238K->288334K(775296K), 0.0065130 secs] [Times: user=0.04 sys=0.01, real=0.00 secs] 
2014-07-28T19:13:31.147+0000: 3444.834: [GC [PSYoungGen: 88320K->320K(105856K)] 376270K->288326K(792832K), 0.0079440 secs] [Times: user=0.04 sys=0.00, real=0.01 secs] 
2014-07-28T19:13:31.884+0000: 3445.571: [GC [PSYoungGen: 105854K->498K(104576K)] 393861K->288616K(791552K), 0.0059190 secs] [Times: user=0.04 sys=0.00, real=0.00 secs] 
2014-07-28T19:13:32.614+0000: 3446.301: [GC [PSYoungGen: 104562K->256K(125184K)] 392680K->288430K(812160K), 0.0102160 secs] [Times: user=0.06 sys=0.00, real=0.01 secs] 
2014-07-28T19:13:33.484+0000: 3447.171: [GC [PSYoungGen: 125184K->288K(150336K)] 413358K->288510K(837312K), 0.0118140 secs] [Times: user=0.07 sys=0.00, real=0.01 secs] 
2014-07-28T19:13:34.530+0000: 3448.217: [GC [PSYoungGen: 150048K->352K(150400K)] 438270K->288646K(837376K), 0.0085110 secs] [Times: user=0.06 sys=0.00, real=0.01 secs] 
2014-07-28T19:13:35.577+0000: 3449.263: [GC [PSYoungGen: 150112K->416K(147520K)] 438406K->288790K(834496K), 0.0072060 secs] [Times: user=0.05 sys=0.00, real=0.01 secs] 
2014-07-28T19:13:36.605+0000: 3450.292: [GC [PSYoungGen: 147488K->288K(144768K)] 435862K->288726K(831744K), 0.0082060 secs] [Times: user=0.05 sys=0.00, real=0.01 secs] 
2014-07-28T19:13:37.617+0000: 3451.304: [GC [PSYoungGen: 144736K->320K(142208K)] 433174K->288838K(829184K), 0.0072120 secs] [Times: user=0.05 sys=0.00, real=0.01 secs] 
2014-07-28T19:13:38.608+0000: 3452.295: [GC [PSYoungGen: 142208K->320K(139712K)] 430726K->288910K(826688K), 0.0045380 secs] [Times: user=0.02 sys=0.00, real=0.00 secs] 
2014-07-28T19:13:39.583+0000: 3453.270: [GC [PSYoungGen: 139712K->288K(137280K)] 428302K->288950K(824256K), 0.0048440 secs] [Times: user=0.03 sys=0.00, real=0.01 secs] 
2014-07-28T19:13:40.547+0000: 3454.234: [GC [PSYoungGen: 137248K->448K(135040K)] 425910K->289206K(822016K), 0.0044090 secs] [Times: user=0.03 sys=0.00, real=0.00 secs] 
2014-07-28T19:13:41.490+0000: 3455.177: [GC [PSYoungGen: 135040K->256K(132544K)] 423798K->289062K(819520K), 0.0075290 secs] [Times: user=0.05 sys=0.00, real=0.01 secs] 
2014-07-28T19:13:42.414+0000: 3456.101: [GC [PSYoungGen: 132544K->320K(130368K)] 421350K->289190K(817344K), 0.0095020 secs] [Times: user=0.03 sys=0.00, real=0.01 secs] 
2014-07-28T19:13:43.327+0000: 3457.014: [GC [PSYoungGen: 130368K->384K(128256K)] 419238K->289334K(815232K), 0.0090490 secs] [Times: user=0.06 sys=0.00, real=0.01 secs] 
2014-07-28T19:13:44.221+0000: 3457.908: [GC [PSYoungGen: 128256K->384K(126144K)] 417206K->289414K(813120K), 0.0081650 secs] [Times: user=0.05 sys=0.00, real=0.01 secs] 
2014-07-28T19:13:45.098+0000: 3458.785: [GC [PSYoungGen: 126144K->256K(123968K)] 415174K->289334K(810944K), 0.0086680 secs] [Times: user=0.06 sys=0.00, real=0.01 secs] 
2014-07-28T19:13:45.963+0000: 3459.650: [GC [PSYoungGen: 123968K->448K(122176K)] 413046K->289598K(809152K), 0.0085810 secs] [Times: user=0.05 sys=0.00, real=0.01 secs] 
2014-07-28T19:13:46.819+0000: 3460.506: [GC [PSYoungGen: 122176K->256K(120064K)] 411326K->289470K(807040K), 0.0077590 secs] [Times: user=0.05 sys=0.00, real=0.01 secs] 
2014-07-28T19:13:47.660+0000: 3461.347: [GC [PSYoungGen: 120064K->416K(118400K)] 409278K->289702K(805376K), 0.0073670 secs] [Times: user=0.05 sys=0.00, real=0.01 secs] 
2014-07-28T19:13:48.485+0000: 3462.172: [GC [PSYoungGen: 118368K->448K(142016K)] 407654K->289830K(828992K), 0.0113950 secs] [Times: user=0.07 sys=0.00, real=0.02 secs] 
2014-07-28T19:13:49.479+0000: 3463.166: [GC [PSYoungGen: 142016K->384K(170304K)] 431398K->289854K(857280K), 0.0108290 secs] [Times: user=0.08 sys=0.00, real=0.01 secs] 
2014-07-28T19:13:50.674+0000: 3464.361: [GC [PSYoungGen: 170304K->320K(166912K)] 459774K->289846K(853888K), 0.0053590 secs] [Times: user=0.03 sys=0.00, real=0.01 secs] 
2014-07-28T19:13:51.840+0000: 3465.527: [GC [PSYoungGen: 166912K->256K(163584K)] 456438K->289846K(850560K), 0.0090910 secs] [Times: user=0.05 sys=0.00, real=0.01 secs] 
2014-07-28T19:13:52.980+0000: 3466.667: [GC [PSYoungGen: 163584K->384K(160576K)] 453174K->290046K(847552K), 0.0078780 secs] [Times: user=0.05 sys=0.00, real=0.01 secs] 
2014-07-28T19:13:54.105+0000: 3467.792: [GC [PSYoungGen: 160576K->224K(157440K)] 450238K->289926K(844416K), 0.0117520 secs] [Times: user=0.06 sys=0.01, real=0.02 secs] 
2014-07-28T19:13:55.206+0000: 3468.893: [GC [PSYoungGen: 157408K->416K(154688K)] 447110K->290190K(841664K), 0.0054940 secs] [Times: user=0.03 sys=0.01, real=0.00 secs] 
2014-07-28T19:13:56.285+0000: 3469.972: [GC [PSYoungGen: 154656K->384K(151744K)] 444430K->290222K(838720K), 0.0094230 secs] [Times: user=0.05 sys=0.00, real=0.01 secs] 
2014-07-28T19:13:57.345+0000: 3471.032: [GC [PSYoungGen: 151744K->384K(148992K)] 441582K->290326K(835968K), 0.0071980 secs] [Times: user=0.05 sys=0.00, real=0.01 secs] 
2014-07-28T19:13:58.383+0000: 3472.070: [GC [PSYoungGen: 148992K->288K(146240K)] 438934K->290302K(833216K), 0.0055880 secs] [Times: user=0.03 sys=0.00, real=0.01 secs] 
2014-07-28T19:13:59.400+0000: 3473.087: [GC [PSYoungGen: 146207K->320K(143616K)] 436222K->290414K(830592K), 0.0047010 secs] [Times: user=0.03 sys=0.00, real=0.00 secs] 
2014-07-28T19:14:00.398+0000: 3474.085: [GC [PSYoungGen: 143616K->352K(141120K)] 433710K->290510K(828096K), 0.0068190 secs] [Times: user=0.03 sys=0.00, real=0.00 secs] 
2014-07-28T19:14:01.380+0000: 3475.067: [GC [PSYoungGen: 141088K->224K(138560K)] 431246K->290430K(825536K), 0.0091670 secs] [Times: user=0.06 sys=0.00, real=0.01 secs] 
2014-07-28T19:14:02.348+0000: 3476.035: [GC [PSYoungGen: 138522K->416K(136384K)] 428728K->290702K(823360K), 0.0049520 secs] [Times: user=0.03 sys=0.00, real=0.00 secs] 
2014-07-28T19:14:03.297+0000: 3476.984: [GC [PSYoungGen: 136352K->352K(134016K)] 426638K->290718K(820992K), 0.0091610 secs] [Times: user=0.06 sys=0.01, real=0.00 secs] 
2014-07-28T19:14:04.223+0000: 3477.910: [GC [PSYoungGen: 133984K->352K(131776K)] 424350K->290766K(818752K), 0.0063150 secs] [Times: user=0.03 sys=0.00, real=0.01 secs] 
2014-07-28T19:14:05.142+0000: 3478.829: [GC [PSYoungGen: 131744K->384K(129600K)] 422158K->290870K(816576K), 0.0045420 secs] [Times: user=0.02 sys=0.01, real=0.00 secs] 
2014-07-28T19:14:06.042+0000: 3479.729: [GC [PSYoungGen: 129600K->224K(127360K)] 420086K->290766K(814336K), 0.0042330 secs] [Times: user=0.03 sys=0.00, real=0.00 secs] 
2014-07-28T19:14:06.934+0000: 3480.621: [GC [PSYoungGen: 127328K->384K(125440K)] 417870K->291006K(812416K), 0.0088070 secs] [Times: user=0.06 sys=0.00, real=0.01 secs] 
2014-07-28T19:14:07.811+0000: 3481.498: [GC [PSYoungGen: 125440K->338K(123456K)] 416062K->291032K(810432K), 0.0068430 secs] [Times: user=0.05 sys=0.01, real=0.00 secs] 
2014-07-28T19:14:08.673+0000: 3482.360: [GC [PSYoungGen: 123410K->288K(121408K)] 414104K->291030K(808384K), 0.0050940 secs] [Times: user=0.02 sys=0.01, real=0.01 secs] 
2014-07-28T19:14:09.516+0000: 3483.203: [GC [PSYoungGen: 121376K->320K(119488K)] 412118K->291126K(806464K), 0.0077850 secs] [Times: user=0.04 sys=0.00, real=0.01 secs] 
2014-07-28T19:14:10.350+0000: 3484.037: [GC [PSYoungGen: 119488K->288K(117632K)] 410294K->291158K(804608K), 0.0087980 secs] [Times: user=0.06 sys=0.00, real=0.01 secs] 
2014-07-28T19:14:11.171+0000: 3484.858: [GC [PSYoungGen: 117600K->320K(115840K)] 408470K->291262K(802816K), 0.0072840 secs] [Times: user=0.04 sys=0.00, real=0.01 secs] 
2014-07-28T19:14:11.979+0000: 3485.666: [GC [PSYoungGen: 115840K->448K(114240K)] 406782K->291462K(801216K), 0.0087040 secs] [Times: user=0.06 sys=0.00, real=0.00 secs] 
2014-07-28T19:14:12.780+0000: 3486.467: [GC [PSYoungGen: 114240K->352K(112448K)] 405254K->291438K(799424K), 0.0065040 secs] [Times: user=0.04 sys=0.00, real=0.00 secs] 
2014-07-28T19:14:13.569+0000: 3487.256: [GC [PSYoungGen: 112416K->256K(110656K)] 403502K->291446K(797632K), 0.0056910 secs] [Times: user=0.04 sys=0.00, real=0.01 secs] 
2014-07-28T19:14:14.342+0000: 3488.029: [GC [PSYoungGen: 110656K->288K(109120K)] 401846K->291534K(796096K), 0.0071840 secs] [Times: user=0.05 sys=0.00, real=0.01 secs] 
2014-07-28T19:14:15.101+0000: 3488.788: [GC [PSYoungGen: 109088K->512K(107712K)] 400334K->291862K(794688K), 0.0082290 secs] [Times: user=0.05 sys=0.00, real=0.01 secs] 
2014-07-28T19:14:15.852+0000: 3489.539: [GC [PSYoungGen: 107712K->352K(106048K)] 399062K->291766K(793024K), 0.0062650 secs] [Times: user=0.04 sys=0.00, real=0.00 secs] 
2014-07-28T19:14:16.591+0000: 3490.278: [GC [PSYoungGen: 106016K->320K(104448K)] 397430K->291806K(791424K), 0.0063480 secs] [Times: user=0.04 sys=0.01, real=0.00 secs] 
2014-07-28T19:14:17.317+0000: 3491.004: [GC [PSYoungGen: 104448K->352K(103040K)] 395934K->291894K(790016K), 0.0058990 secs] [Times: user=0.03 sys=0.00, real=0.01 secs] 
2014-07-28T19:14:18.034+0000: 3491.721: [GC [PSYoungGen: 103008K->256K(101504K)] 394550K->291862K(788480K), 0.0072500 secs] [Times: user=0.04 sys=0.01, real=0.01 secs] 
2014-07-28T19:14:18.740+0000: 3492.427: [GC [PSYoungGen: 101504K->416K(100288K)] 393110K->292126K(787264K), 0.0050060 secs] [Times: user=0.02 sys=0.00, real=0.00 secs] 
2014-07-28T19:14:19.440+0000: 3493.127: [GC [PSYoungGen: 100247K->384K(98880K)] 391958K->292118K(785856K), 0.0053100 secs] [Times: user=0.03 sys=0.00, real=0.00 secs] 
2014-07-28T19:14:20.128+0000: 3493.815: [GC [PSYoungGen: 98880K->320K(97472K)] 390614K->292126K(784448K), 0.0079740 secs] [Times: user=0.06 sys=0.00, real=0.01 secs] 
2014-07-28T19:14:20.807+0000: 3494.494: [GC [PSYoungGen: 97472K->384K(96256K)] 389278K->292278K(783232K), 0.0078410 secs] [Times: user=0.05 sys=0.00, real=0.01 secs] 
2014-07-28T19:14:21.476+0000: 3495.163: [GC [PSYoungGen: 96253K->320K(115392K)] 388147K->292238K(802368K), 0.0225280 secs] [Times: user=0.16 sys=0.00, real=0.02 secs] 
2014-07-28T19:14:22.280+0000: 3495.967: [GC [PSYoungGen: 115392K->352K(138496K)] 407310K->292342K(825472K), 0.0064830 secs] [Times: user=0.04 sys=0.01, real=0.00 secs] 
2014-07-28T19:14:23.246+0000: 3496.933: [GC [PSYoungGen: 138464K->384K(166144K)] 430454K->292446K(853120K), 0.0051020 secs] [Times: user=0.02 sys=0.00, real=0.01 secs] 
2014-07-28T19:14:24.418+0000: 3498.105: [GC [PSYoungGen: 166144K->320K(162880K)] 458206K->292446K(849856K), 0.0044520 secs] [Times: user=0.03 sys=0.00, real=0.01 secs] 
2014-07-28T19:14:25.557+0000: 3499.244: [GC [PSYoungGen: 162880K->256K(159680K)] 455006K->292446K(846656K), 0.0044560 secs] [Times: user=0.02 sys=0.00, real=0.01 secs] 
2014-07-28T19:14:26.676+0000: 3500.363: [GC [PSYoungGen: 159680K->288K(156736K)] 451870K->292534K(843712K), 0.0047600 secs] [Times: user=0.03 sys=0.00, real=0.00 secs] 
2014-07-28T19:14:27.771+0000: 3501.458: [GC [PSYoungGen: 156704K->256K(153728K)] 448950K->292550K(840704K), 0.0060850 secs] [Times: user=0.03 sys=0.00, real=0.01 secs] 
2014-07-28T19:14:28.844+0000: 3502.531: [GC [PSYoungGen: 153728K->352K(151040K)] 446022K->292710K(838016K), 0.0080770 secs] [Times: user=0.05 sys=0.00, real=0.01 secs] 
2014-07-28T19:14:29.898+0000: 3503.585: [GC [PSYoungGen: 151008K->384K(148288K)] 443366K->292782K(835264K), 0.0083370 secs] [Times: user=0.03 sys=0.01, real=0.01 secs] 
2014-07-28T19:14:30.933+0000: 3504.620: [GC [PSYoungGen: 148288K->320K(145536K)] 440686K->292790K(832512K), 0.0101050 secs] [Times: user=0.07 sys=0.00, real=0.01 secs] 
2014-07-28T19:14:31.946+0000: 3505.633: [GC [PSYoungGen: 145536K->320K(142976K)] 438006K->292862K(829952K), 0.0104050 secs] [Times: user=0.06 sys=0.02, real=0.01 secs] 
2014-07-28T19:14:32.942+0000: 3506.629: [GC [PSYoungGen: 142976K->416K(140608K)] 435518K->293030K(827584K), 0.0065610 secs] [Times: user=0.03 sys=0.00, real=0.00 secs] 
2014-07-28T19:14:33.922+0000: 3507.609: [GC [PSYoungGen: 140568K->352K(138112K)] 433182K->293046K(825088K), 0.0084600 secs] [Times: user=0.06 sys=0.01, real=0.00 secs] 
2014-07-28T19:14:34.885+0000: 3508.572: [GC [PSYoungGen: 138080K->256K(135616K)] 430774K->293136K(822592K), 0.0064610 secs] [Times: user=0.04 sys=0.00, real=0.00 secs] 
2014-07-28T19:14:35.832+0000: 3509.519: [GC [PSYoungGen: 135616K->288K(133376K)] 428496K->293232K(820352K), 0.0058090 secs] [Times: user=0.04 sys=0.00, real=0.01 secs] 
2014-07-28T19:14:36.762+0000: 3510.449: [GC [PSYoungGen: 133344K->352K(131200K)] 426288K->293384K(818176K), 0.0074300 secs] [Times: user=0.04 sys=0.00, real=0.00 secs] 
2014-07-28T19:14:37.680+0000: 3511.367: [GC [PSYoungGen: 131162K->448K(129088K)] 424194K->293568K(816064K), 0.0054630 secs] [Times: user=0.03 sys=0.00, real=0.01 secs] 
2014-07-28T19:14:38.581+0000: 3512.268: [GC [PSYoungGen: 129088K->256K(126784K)] 422208K->293456K(813760K), 0.0040950 secs] [Times: user=0.03 sys=0.00, real=0.01 secs] 
2014-07-28T19:14:39.464+0000: 3513.150: [GC [PSYoungGen: 126784K->288K(124800K)] 419984K->293536K(811776K), 0.0154800 secs] [Times: user=0.10 sys=0.01, real=0.01 secs] 
2014-07-28T19:14:40.338+0000: 3514.025: [GC [PSYoungGen: 124768K->352K(122880K)] 418016K->293648K(809856K), 0.0057490 secs] [Times: user=0.02 sys=0.00, real=0.01 secs] 
2014-07-28T19:14:41.195+0000: 3514.882: [GC [PSYoungGen: 122847K->320K(120896K)] 416143K->293680K(807872K), 0.0063150 secs] [Times: user=0.04 sys=0.00, real=0.00 secs] 
2014-07-28T19:14:42.038+0000: 3515.725: [GC [PSYoungGen: 120896K->384K(119040K)] 414256K->293840K(806016K), 0.0046180 secs] [Times: user=0.03 sys=0.00, real=0.00 secs] 
2014-07-28T19:14:42.867+0000: 3516.554: [GC [PSYoungGen: 119040K->320K(117120K)] 412496K->293848K(804096K), 0.0056580 secs] [Times: user=0.04 sys=0.00, real=0.00 secs] 
2014-07-28T19:14:43.684+0000: 3517.370: [GC [PSYoungGen: 117120K->338K(115392K)] 410648K->293938K(802368K), 0.0101100 secs] [Times: user=0.05 sys=0.01, real=0.01 secs] 
2014-07-28T19:14:44.490+0000: 3518.176: [GC [PSYoungGen: 115346K->256K(113536K)] 408946K->293920K(800512K), 0.0035370 secs] [Times: user=0.02 sys=0.00, real=0.00 secs] 
2014-07-28T19:14:45.278+0000: 3518.965: [GC [PSYoungGen: 113536K->320K(111872K)] 407200K->294048K(798848K), 0.0051140 secs] [Times: user=0.03 sys=0.00, real=0.00 secs] 
2014-07-28T19:14:46.076+0000: 3519.763: [GC [PSYoungGen: 111872K->384K(110272K)] 405600K->294168K(797248K), 0.0064490 secs] [Times: user=0.04 sys=0.00, real=0.00 secs] 
2014-07-28T19:14:46.830+0000: 3520.517: [GC [PSYoungGen: 110272K->384K(108672K)] 404056K->294256K(795648K), 0.0027960 secs] [Times: user=0.02 sys=0.00, real=0.00 secs] 
2014-07-28T19:14:47.593+0000: 3521.280: [GC [PSYoungGen: 108672K->224K(106944K)] 402544K->294144K(793920K), 0.0061490 secs] [Times: user=0.03 sys=0.00, real=0.01 secs] 
2014-07-28T19:14:48.344+0000: 3522.031: [GC [PSYoungGen: 106912K->256K(105408K)] 400832K->294216K(792384K), 0.0070150 secs] [Times: user=0.04 sys=0.00, real=0.01 secs] 
2014-07-28T19:14:49.077+0000: 3522.764: [GC [PSYoungGen: 105408K->288K(104000K)] 399368K->294304K(790976K), 0.0074740 secs] [Times: user=0.04 sys=0.00, real=0.01 secs] 
2014-07-28T19:14:49.801+0000: 3523.488: [GC [PSYoungGen: 103967K->288K(102528K)] 397983K->294360K(789504K), 0.0052640 secs] [Times: user=0.03 sys=0.00, real=0.01 secs] 
2014-07-28T19:14:50.519+0000: 3524.206: [GC [PSYoungGen: 102496K->416K(101248K)] 396568K->294504K(788224K), 0.0049400 secs] [Times: user=0.02 sys=0.00, real=0.01 secs] 
2014-07-28T19:14:51.224+0000: 3524.910: [GC [PSYoungGen: 101216K->320K(99712K)] 395304K->294496K(786688K), 0.0060820 secs] [Times: user=0.04 sys=0.00, real=0.01 secs] 
2014-07-28T19:14:51.918+0000: 3525.604: [GC [PSYoungGen: 99712K->288K(98368K)] 393888K->294512K(785344K), 0.0037440 secs] [Times: user=0.02 sys=0.00, real=0.00 secs] 
2014-07-28T19:14:52.603+0000: 3526.290: [GC [PSYoungGen: 98336K->352K(97088K)] 392560K->294632K(784064K), 0.0063870 secs] [Times: user=0.04 sys=0.01, real=0.01 secs] 
2014-07-28T19:14:53.273+0000: 3526.960: [GC [PSYoungGen: 97056K->256K(95680K)] 391336K->294576K(782656K), 0.0034450 secs] [Times: user=0.02 sys=0.01, real=0.01 secs] 
2014-07-28T19:14:53.939+0000: 3527.626: [GC [PSYoungGen: 95633K->384K(94528K)] 389953K->294800K(781504K), 0.0030020 secs] [Times: user=0.02 sys=0.01, real=0.00 secs] 
2014-07-28T19:14:54.597+0000: 3528.284: [GC [PSYoungGen: 94528K->320K(113344K)] 388944K->294800K(800320K), 0.0148020 secs] [Times: user=0.08 sys=0.00, real=0.01 secs] 
2014-07-28T19:14:55.387+0000: 3529.074: [GC [PSYoungGen: 113344K->256K(135936K)] 407824K->294784K(822912K), 0.0112470 secs] [Times: user=0.08 sys=0.00, real=0.01 secs] 
2014-07-28T19:14:56.338+0000: 3530.025: [GC [PSYoungGen: 135936K->416K(133824K)] 430464K->295016K(820800K), 0.0059440 secs] [Times: user=0.04 sys=0.00, real=0.00 secs] 
2014-07-28T19:14:57.277+0000: 3530.964: [GC [PSYoungGen: 133792K->306K(131456K)] 428392K->294946K(818432K), 0.0035450 secs] [Times: user=0.01 sys=0.00, real=0.00 secs] 
2014-07-28T19:14:58.189+0000: 3531.876: [GC [PSYoungGen: 131442K->288K(129280K)] 426082K->294984K(816256K), 0.0026420 secs] [Times: user=0.02 sys=0.00, real=0.00 secs] 
2014-07-28T19:14:59.092+0000: 3532.779: [GC [PSYoungGen: 129247K->416K(127296K)] 423944K->295200K(814272K), 0.0114100 secs] [Times: user=0.07 sys=0.00, real=0.01 secs] 
2014-07-28T19:14:59.982+0000: 3533.669: [GC [PSYoungGen: 127264K->352K(125184K)] 422048K->295200K(812160K), 0.0062720 secs] [Times: user=0.04 sys=0.00, real=0.01 secs] 
2014-07-28T19:15:00.859+0000: 3534.546: [GC [PSYoungGen: 125152K->256K(123072K)] 420000K->295184K(810048K), 0.0065010 secs] [Times: user=0.04 sys=0.00, real=0.00 secs] 
2014-07-28T19:15:01.719+0000: 3535.406: [GC [PSYoungGen: 123072K->416K(121344K)] 418000K->295440K(808320K), 0.0066580 secs] [Times: user=0.04 sys=0.01, real=0.00 secs] 
2014-07-28T19:15:02.564+0000: 3536.251: [GC [PSYoungGen: 121312K->288K(119296K)] 416336K->295376K(806272K), 0.0066030 secs] [Times: user=0.03 sys=0.00, real=0.01 secs] 
2014-07-28T19:15:03.396+0000: 3537.083: [GC [PSYoungGen: 119264K->288K(117440K)] 414352K->295440K(804416K), 0.0053120 secs] [Times: user=0.03 sys=0.00, real=0.01 secs] 
2014-07-28T19:15:04.214+0000: 3537.901: [GC [PSYoungGen: 117408K->448K(115776K)] 412560K->295688K(802752K), 0.0056900 secs] [Times: user=0.03 sys=0.00, real=0.01 secs] 
2014-07-28T19:15:05.020+0000: 3538.707: [GC [PSYoungGen: 115776K->352K(113984K)] 411016K->295640K(800960K), 0.0073740 secs] [Times: user=0.04 sys=0.00, real=0.01 secs] 
2014-07-28T19:15:05.813+0000: 3539.500: [GC [PSYoungGen: 113952K->224K(112128K)] 409240K->295552K(799104K), 0.0130860 secs] [Times: user=0.08 sys=0.00, real=0.01 secs] 
2014-07-28T19:15:06.596+0000: 3540.283: [GC [PSYoungGen: 112096K->288K(110528K)] 407424K->295648K(797504K), 0.0045820 secs] [Times: user=0.02 sys=0.00, real=0.01 secs] 
2014-07-28T19:15:07.365+0000: 3541.052: [GC [PSYoungGen: 110496K->480K(109120K)] 405856K->295952K(796096K), 0.0048350 secs] [Times: user=0.04 sys=0.01, real=0.01 secs] 
2014-07-28T19:15:08.125+0000: 3541.812: [GC [PSYoungGen: 109088K->416K(107456K)] 404560K->295976K(794432K), 0.0056480 secs] [Times: user=0.03 sys=0.01, real=0.01 secs] 
2014-07-28T19:15:08.872+0000: 3542.559: [GC [PSYoungGen: 107424K->256K(105728K)] 402984K->295880K(792704K), 0.0025570 secs] [Times: user=0.01 sys=0.00, real=0.00 secs] 
2014-07-28T19:15:09.613+0000: 3543.300: [GC [PSYoungGen: 105728K->256K(104256K)] 401352K->295952K(791232K), 0.0055330 secs] [Times: user=0.04 sys=0.00, real=0.01 secs] 
2014-07-28T19:15:10.346+0000: 3544.033: [GC [PSYoungGen: 104256K->256K(102784K)] 399952K->295984K(789760K), 0.0083640 secs] [Times: user=0.05 sys=0.00, real=0.01 secs] 
2014-07-28T19:15:11.065+0000: 3544.752: [GC [PSYoungGen: 102784K->384K(101504K)] 398512K->296208K(788480K), 0.0035100 secs] [Times: user=0.01 sys=0.00, real=0.01 secs] 
2014-07-28T19:15:11.773+0000: 3545.460: [GC [PSYoungGen: 101474K->256K(99968K)] 397298K->296120K(786944K), 0.0034660 secs] [Times: user=0.02 sys=0.00, real=0.00 secs] 
2014-07-28T19:15:12.470+0000: 3546.157: [GC [PSYoungGen: 99968K->320K(98688K)] 395832K->296200K(785664K), 0.0063530 secs] [Times: user=0.04 sys=0.00, real=0.00 secs] 
2014-07-28T19:15:13.159+0000: 3546.846: [GC [PSYoungGen: 98688K->320K(97344K)] 394568K->296256K(784320K), 0.0062600 secs] [Times: user=0.04 sys=0.00, real=0.00 secs] 
2014-07-28T19:15:13.837+0000: 3547.524: [GC [PSYoungGen: 97344K->352K(96128K)] 393280K->296352K(783104K), 0.0055110 secs] [Times: user=0.03 sys=0.00, real=0.01 secs] 
2014-07-28T19:15:14.508+0000: 3548.195: [GC [PSYoungGen: 96096K->384K(94848K)] 392096K->296456K(781824K), 0.0029720 secs] [Times: user=0.02 sys=0.00, real=0.00 secs] 
2014-07-28T19:15:15.170+0000: 3548.857: [GC [PSYoungGen: 94848K->416K(93696K)] 390920K->296568K(780672K), 0.0051420 secs] [Times: user=0.02 sys=0.01, real=0.00 secs] 
2014-07-28T19:15:15.823+0000: 3549.510: [GC [PSYoungGen: 93664K->256K(92288K)] 389816K->296552K(779264K), 0.0081930 secs] [Times: user=0.05 sys=0.01, real=0.01 secs] 
2014-07-28T19:15:16.464+0000: 3550.151: [GC [PSYoungGen: 92288K->352K(91264K)] 388584K->296704K(778240K), 0.0097720 secs] [Times: user=0.05 sys=0.01, real=0.01 secs] 
2014-07-28T19:15:17.104+0000: 3550.791: [GC [PSYoungGen: 91224K->224K(89984K)] 387577K->296624K(776960K), 0.0053440 secs] [Times: user=0.03 sys=0.00, real=0.01 secs] 
2014-07-28T19:15:17.732+0000: 3551.419: [GC [PSYoungGen: 89952K->320K(88896K)] 386352K->296792K(775872K), 0.0028630 secs] [Times: user=0.01 sys=0.00, real=0.00 secs] 
2014-07-28T19:15:18.351+0000: 3552.038: [GC [PSYoungGen: 88896K->288K(87808K)] 385368K->296800K(774784K), 0.0044950 secs] [Times: user=0.03 sys=0.01, real=0.00 secs] 
2014-07-28T19:15:18.962+0000: 3552.649: [GC [PSYoungGen: 87776K->320K(105344K)] 384288K->296896K(792320K), 0.0127130 secs] [Times: user=0.09 sys=0.00, real=0.01 secs] 
2014-07-28T19:15:19.699+0000: 3553.386: [GC [PSYoungGen: 105335K->338K(103936K)] 401912K->296970K(790912K), 0.0052250 secs] [Times: user=0.02 sys=0.00, real=0.01 secs] 
2014-07-28T19:15:20.425+0000: 3554.111: [GC [PSYoungGen: 103890K->288K(124608K)] 400522K->296960K(811584K), 0.0094280 secs] [Times: user=0.05 sys=0.00, real=0.01 secs] 
2014-07-28T19:15:21.298+0000: 3554.985: [GC [PSYoungGen: 124576K->352K(122688K)] 421248K->297104K(809664K), 0.0045240 secs] [Times: user=0.03 sys=0.00, real=0.01 secs] 
2014-07-28T19:15:22.158+0000: 3555.845: [GC [PSYoungGen: 122656K->256K(120640K)] 419408K->297064K(807616K), 0.0062100 secs] [Times: user=0.03 sys=0.00, real=0.01 secs] 
2014-07-28T19:15:23.001+0000: 3556.687: [GC [PSYoungGen: 120640K->320K(118848K)] 417448K->297224K(805824K), 0.0046130 secs] [Times: user=0.03 sys=0.00, real=0.00 secs] 
2014-07-28T19:15:23.831+0000: 3557.518: [GC [PSYoungGen: 118848K->224K(116928K)] 415752K->297168K(803904K), 0.0041620 secs] [Times: user=0.03 sys=0.00, real=0.00 secs] 
2014-07-28T19:15:24.647+0000: 3558.333: [GC [PSYoungGen: 116896K->224K(115136K)] 413840K->297216K(802112K), 0.0061430 secs] [Times: user=0.03 sys=0.00, real=0.01 secs] 
2014-07-28T19:15:25.451+0000: 3559.138: [GC [PSYoungGen: 115104K->192K(113344K)] 412096K->297208K(800320K), 0.0042090 secs] [Times: user=0.02 sys=0.00, real=0.00 secs] 
2014-07-28T19:15:26.241+0000: 3559.928: [GC [PSYoungGen: 113344K->384K(111872K)] 410360K->297488K(798848K), 0.0091340 secs] [Times: user=0.05 sys=0.00, real=0.01 secs] 
2014-07-28T19:15:27.022+0000: 3560.709: [GC [PSYoungGen: 111872K->448K(110272K)] 408976K->297640K(797248K), 0.0075260 secs] [Times: user=0.05 sys=0.00, real=0.01 secs] 
2014-07-28T19:15:27.792+0000: 3561.479: [GC [PSYoungGen: 110272K->256K(108480K)] 407464K->297504K(795456K), 0.0066640 secs] [Times: user=0.03 sys=0.00, real=0.00 secs] 
2014-07-28T19:15:28.549+0000: 3562.236: [GC [PSYoungGen: 108480K->352K(107008K)] 405728K->297632K(793984K), 0.0086790 secs] [Times: user=0.05 sys=0.01, real=0.01 secs] 
2014-07-28T19:15:29.296+0000: 3562.983: [GC [PSYoungGen: 106976K->416K(105536K)] 404256K->297760K(792512K), 0.0086680 secs] [Times: user=0.04 sys=0.00, real=0.01 secs] 
2014-07-28T19:15:30.032+0000: 3563.719: [GC [PSYoungGen: 105500K->224K(126400K)] 402845K->297616K(813376K), 0.0124860 secs] [Times: user=0.06 sys=0.01, real=0.01 secs] 
2014-07-28T19:15:30.917+0000: 3564.604: [GC [PSYoungGen: 126368K->384K(151808K)] 423760K->297840K(838784K), 0.0065180 secs] [Times: user=0.04 sys=0.00, real=0.01 secs] 
2014-07-28T19:15:31.979+0000: 3565.666: [GC [PSYoungGen: 151808K->192K(148864K)] 449264K->297680K(835840K), 0.0037620 secs] [Times: user=0.01 sys=0.00, real=0.01 secs] 
2014-07-28T19:15:33.022+0000: 3566.709: [GC [PSYoungGen: 148864K->320K(146304K)] 446352K->297864K(833280K), 0.0040050 secs] [Times: user=0.03 sys=0.00, real=0.00 secs] 
2014-07-28T19:15:34.049+0000: 3567.736: [GC [PSYoungGen: 146304K->224K(143616K)] 443848K->297800K(830592K), 0.0068090 secs] [Times: user=0.04 sys=0.00, real=0.01 secs] 
2014-07-28T19:15:35.056+0000: 3568.743: [GC [PSYoungGen: 143584K->370K(154560K)] 441160K->297994K(841536K), 0.0278510 secs] [Times: user=0.12 sys=0.02, real=0.03 secs] 
2014-07-28T19:15:36.134+0000: 3569.821: [GC [PSYoungGen: 154418K->224K(154560K)] 452042K->297880K(841536K), 0.0086440 secs] [Times: user=0.04 sys=0.00, real=0.01 secs] 
2014-07-28T19:15:37.215+0000: 3570.902: [GC [PSYoungGen: 154258K->288K(151488K)] 451914K->298008K(838464K), 0.0039970 secs] [Times: user=0.03 sys=0.00, real=0.00 secs] 
2014-07-28T19:15:38.272+0000: 3571.959: [GC [PSYoungGen: 151456K->416K(148864K)] 449176K->298224K(835840K), 0.0040430 secs] [Times: user=0.03 sys=0.01, real=0.00 secs] 
2014-07-28T19:15:39.313+0000: 3573.000: [GC [PSYoungGen: 148832K->256K(145984K)] 446640K->298120K(832960K), 0.0036040 secs] [Times: user=0.02 sys=0.00, real=0.00 secs] 
2014-07-28T19:15:40.332+0000: 3574.019: [GC [PSYoungGen: 145984K->320K(143424K)] 443848K->298256K(830400K), 0.0084100 secs] [Times: user=0.05 sys=0.01, real=0.00 secs] 
2014-07-28T19:15:41.346+0000: 3575.033: [GC [PSYoungGen: 143424K->502K(141120K)] 441360K->298542K(828096K), 0.0064250 secs] [Times: user=0.03 sys=0.00, real=0.01 secs] 
2014-07-28T19:15:42.339+0000: 3576.026: [GC [PSYoungGen: 141110K->224K(138432K)] 439150K->298304K(825408K), 0.0081480 secs] [Times: user=0.04 sys=0.01, real=0.01 secs] 
2014-07-28T19:15:43.299+0000: 3576.986: [GC [PSYoungGen: 138400K->192K(136000K)] 436480K->298296K(822976K), 0.0046530 secs] [Times: user=0.01 sys=0.01, real=0.01 secs] 
2014-07-28T19:15:44.253+0000: 3577.940: [GC [PSYoungGen: 136000K->320K(133824K)] 434104K->298496K(820800K), 0.0043280 secs] [Times: user=0.03 sys=0.00, real=0.01 secs] 
2014-07-28T19:15:45.187+0000: 3578.873: [GC [PSYoungGen: 133824K->256K(131520K)] 432000K->298488K(818496K), 0.0074340 secs] [Times: user=0.05 sys=0.00, real=0.01 secs] 
2014-07-28T19:15:46.109+0000: 3579.796: [GC [PSYoungGen: 131471K->288K(129408K)] 429704K->298560K(816384K), 0.0051290 secs] [Times: user=0.02 sys=0.00, real=0.01 secs] 
2014-07-28T19:15:47.015+0000: 3580.702: [GC [PSYoungGen: 129376K->306K(127296K)] 427648K->298626K(814272K), 0.0047270 secs] [Times: user=0.03 sys=0.00, real=0.00 secs] 
2014-07-28T19:15:47.919+0000: 3581.606: [GC [PSYoungGen: 127282K->384K(125312K)] 425602K->298768K(812288K), 0.0047700 secs] [Times: user=0.01 sys=0.01, real=0.01 secs] 
2014-07-28T19:15:48.796+0000: 3582.482: [GC [PSYoungGen: 125312K->356K(123328K)] 423696K->298796K(810304K), 0.0138560 secs] [Times: user=0.10 sys=0.00, real=0.01 secs] 
2014-07-28T19:15:49.651+0000: 3583.337: [GC [PSYoungGen: 123300K->320K(121280K)] 421740K->298816K(808256K), 0.0079430 secs] [Times: user=0.05 sys=0.00, real=0.01 secs] 
2014-07-28T19:15:50.497+0000: 3584.184: [GC [PSYoungGen: 121280K->256K(119296K)] 419776K->298784K(806272K), 0.0061730 secs] [Times: user=0.04 sys=0.00, real=0.00 secs] 
2014-07-28T19:15:51.334+0000: 3585.021: [GC [PSYoungGen: 119296K->192K(117376K)] 417824K->298760K(804352K), 0.0034510 secs] [Times: user=0.03 sys=0.00, real=0.01 secs] 
2014-07-28T19:15:52.161+0000: 3585.847: [GC [PSYoungGen: 117376K->384K(115776K)] 415944K->299008K(802752K), 0.0124540 secs] [Times: user=0.06 sys=0.01, real=0.01 secs] 
2014-07-28T19:15:52.969+0000: 3586.656: [GC [PSYoungGen: 115776K->224K(113920K)] 414400K->298904K(800896K), 0.0060880 secs] [Times: user=0.04 sys=0.00, real=0.01 secs] 
2014-07-28T19:15:53.763+0000: 3587.450: [GC [PSYoungGen: 113888K->352K(112320K)] 412568K->299088K(799296K), 0.0112750 secs] [Times: user=0.07 sys=0.00, real=0.02 secs] 
2014-07-28T19:15:54.555+0000: 3588.242: [GC [PSYoungGen: 112254K->256K(110528K)] 410991K->299032K(797504K), 0.0041310 secs] [Times: user=0.02 sys=0.01, real=0.00 secs] 
2014-07-28T19:15:55.334+0000: 3589.021: [GC [PSYoungGen: 110526K->416K(109120K)] 409302K->299256K(796096K), 0.0102200 secs] [Times: user=0.05 sys=0.00, real=0.02 secs] 
2014-07-28T19:15:56.088+0000: 3589.775: [GC [PSYoungGen: 109088K->274K(107392K)] 407928K->299154K(794368K), 0.0038910 secs] [Times: user=0.01 sys=0.01, real=0.00 secs] 
2014-07-28T19:15:56.838+0000: 3590.525: [GC [PSYoungGen: 107346K->288K(128832K)] 406226K->299224K(815808K), 0.0118880 secs] [Times: user=0.06 sys=0.01, real=0.01 secs] 
2014-07-28T19:15:57.738+0000: 3591.425: [GC [PSYoungGen: 128800K->192K(126592K)] 427736K->299160K(813568K), 0.0057230 secs] [Times: user=0.02 sys=0.00, real=0.00 secs] 
2014-07-28T19:15:58.625+0000: 3592.312: [GC [PSYoungGen: 126592K->224K(124608K)] 425560K->299224K(811584K), 0.0061950 secs] [Times: user=0.03 sys=0.01, real=0.00 secs] 
2014-07-28T19:15:59.497+0000: 3593.184: [GC [PSYoungGen: 124576K->288K(122688K)] 423576K->299344K(809664K), 0.0053990 secs] [Times: user=0.02 sys=0.00, real=0.00 secs] 
2014-07-28T19:16:00.358+0000: 3594.045: [GC [PSYoungGen: 122656K->448K(120896K)] 421712K->299576K(807872K), 0.0042570 secs] [Times: user=0.02 sys=0.00, real=0.00 secs] 
2014-07-28T19:16:01.211+0000: 3594.897: [GC [PSYoungGen: 120847K->384K(118976K)] 419976K->299552K(805952K), 0.0075770 secs] [Times: user=0.04 sys=0.00, real=0.01 secs] 
2014-07-28T19:16:02.051+0000: 3595.738: [GC [PSYoungGen: 118958K->256K(116992K)] 418127K->299528K(803968K), 0.0056210 secs] [Times: user=0.19 sys=0.12, real=0.29 secs] 
2014-07-28T19:16:02.865+0000: 3596.551: [GC [PSYoungGen: 116951K->484K(115456K)] 416224K->299876K(802432K), 0.0064870 secs] [Times: user=0.04 sys=0.00, real=0.01 secs] 
2014-07-28T19:16:03.668+0000: 3597.355: [GC [PSYoungGen: 115428K->288K(113536K)] 414820K->299752K(800512K), 0.0057460 secs] [Times: user=0.03 sys=0.01, real=0.00 secs] 
2014-07-28T19:16:04.459+0000: 3598.146: [GC [PSYoungGen: 113492K->288K(111872K)] 412957K->299808K(798848K), 0.0055870 secs] [Times: user=0.04 sys=0.00, real=0.00 secs] 
2014-07-28T19:16:05.238+0000: 3598.925: [GC [PSYoungGen: 111840K->256K(110144K)] 411360K->299840K(797120K), 0.0032260 secs] [Times: user=0.02 sys=0.00, real=0.00 secs] 
2014-07-28T19:16:06.011+0000: 3599.698: [GC [PSYoungGen: 110119K->320K(108608K)] 409703K->299984K(795584K), 0.0055770 secs] [Times: user=0.03 sys=0.00, real=0.01 secs] 
2014-07-28T19:16:06.762+0000: 3600.449: [GC [PSYoungGen: 108608K->320K(107008K)] 408272K->300048K(793984K), 0.0064980 secs] [Times: user=0.04 sys=0.00, real=0.01 secs] 
2014-07-28T19:16:07.527+0000: 3601.214: [GC [PSYoungGen: 107008K->384K(105536K)] 406736K->300128K(792512K), 0.0043120 secs] [Times: user=0.02 sys=0.00, real=0.00 secs] 
2014-07-28T19:16:08.303+0000: 3601.990: [GC [PSYoungGen: 105536K->384K(104064K)] 405280K->300192K(791040K), 0.0042150 secs] [Times: user=0.02 sys=0.00, real=0.01 secs] 
2014-07-28T19:16:09.018+0000: 3602.705: [GC [PSYoungGen: 104064K->192K(102400K)] 403872K->300032K(789376K), 0.0033200 secs] [Times: user=0.01 sys=0.01, real=0.00 secs] 
2014-07-28T19:16:09.727+0000: 3603.413: [GC [PSYoungGen: 102398K->224K(101056K)] 402239K->300112K(788032K), 0.0049440 secs] [Times: user=0.03 sys=0.01, real=0.00 secs] 
2014-07-28T19:16:10.435+0000: 3604.121: [GC [PSYoungGen: 101024K->352K(99776K)] 400912K->300264K(786752K), 0.0036090 secs] [Times: user=0.02 sys=0.00, real=0.01 secs] 
2014-07-28T19:16:11.129+0000: 3604.816: [GC [PSYoungGen: 99744K->288K(98368K)] 399656K->300248K(785344K), 0.0047420 secs] [Times: user=0.02 sys=0.00, real=0.00 secs] 
2014-07-28T19:16:11.816+0000: 3605.502: [GC [PSYoungGen: 98336K->352K(97088K)] 398296K->300384K(784064K), 0.0069670 secs] [Times: user=0.04 sys=0.01, real=0.01 secs] 
2014-07-28T19:16:12.493+0000: 3606.179: [GC [PSYoungGen: 97049K->160K(95616K)] 397081K->300208K(782592K), 0.0040710 secs] [Times: user=0.02 sys=0.00, real=0.00 secs] 
2014-07-28T19:16:13.162+0000: 3606.849: [GC [PSYoungGen: 95540K->256K(94400K)] 395589K->300344K(781376K), 0.0057250 secs] [Times: user=0.03 sys=0.01, real=0.01 secs] 
2014-07-28T19:16:13.822+0000: 3607.509: [GC [PSYoungGen: 94400K->416K(93376K)] 394488K->300600K(780352K), 0.0027010 secs] [Times: user=0.01 sys=0.00, real=0.00 secs] 
2014-07-28T19:16:14.507+0000: 3608.194: [GC [PSYoungGen: 93344K->352K(92096K)] 393528K->300544K(779072K), 0.0060170 secs] [Times: user=0.04 sys=0.00, real=0.00 secs] 
2014-07-28T19:16:15.167+0000: 3608.854: [GC [PSYoungGen: 92045K->384K(90944K)] 392238K->300592K(777920K), 0.0101640 secs] [Times: user=0.03 sys=0.01, real=0.01 secs] 
2014-07-28T19:16:15.793+0000: 3609.480: [GC [PSYoungGen: 90944K->160K(89600K)] 391152K->300392K(776576K), 0.0045240 secs] [Times: user=0.03 sys=0.00, real=0.01 secs] 
2014-07-28T19:16:16.420+0000: 3610.107: [GC [PSYoungGen: 89545K->256K(88576K)] 389777K->300504K(775552K), 0.0040670 secs] [Times: user=0.02 sys=0.00, real=0.00 secs] 
2014-07-28T19:16:17.036+0000: 3610.723: [GC [PSYoungGen: 88552K->352K(87616K)] 388800K->300672K(774592K), 0.0033310 secs] [Times: user=0.02 sys=0.00, real=0.01 secs] 
2014-07-28T19:16:17.651+0000: 3611.338: [GC [PSYoungGen: 87584K->224K(86400K)] 387904K->300592K(773376K), 0.0065400 secs] [Times: user=0.05 sys=0.00, real=0.00 secs] 
2014-07-28T19:16:18.252+0000: 3611.939: [GC [PSYoungGen: 86368K->256K(85376K)] 386736K->300640K(772352K), 0.0061800 secs] [Times: user=0.04 sys=0.01, real=0.01 secs] 
2014-07-28T19:16:18.843+0000: 3612.529: [GC [PSYoungGen: 85376K->224K(84352K)] 385760K->300656K(771328K), 0.0050070 secs] [Times: user=0.02 sys=0.00, real=0.00 secs] 
2014-07-28T19:16:19.431+0000: 3613.118: [GC [PSYoungGen: 84320K->320K(83392K)] 384752K->300784K(770368K), 0.0043230 secs] [Times: user=0.01 sys=0.00, real=0.00 secs] 
2014-07-28T19:16:20.016+0000: 3613.703: [GC [PSYoungGen: 83392K->224K(82368K)] 383856K->300720K(769344K), 0.0047300 secs] [Times: user=0.02 sys=0.01, real=0.01 secs] 
2014-07-28T19:16:20.607+0000: 3614.294: [GC [PSYoungGen: 82310K->256K(81408K)] 382806K->300784K(768384K), 0.0044950 secs] [Times: user=0.02 sys=0.00, real=0.01 secs] 
2014-07-28T19:16:21.192+0000: 3614.879: [GC [PSYoungGen: 81408K->384K(80576K)] 381936K->300952K(767552K), 0.0052340 secs] [Times: user=0.03 sys=0.00, real=0.00 secs] 
2014-07-28T19:16:21.780+0000: 3615.466: [GC [PSYoungGen: 80576K->416K(79744K)] 381144K->301048K(766720K), 0.0063410 secs] [Times: user=0.03 sys=0.00, real=0.00 secs] 
2014-07-28T19:16:22.312+0000: 3615.999: [GC [PSYoungGen: 79712K->256K(95424K)] 380344K->300960K(782400K), 0.0077800 secs] [Times: user=0.05 sys=0.00, real=0.01 secs] 
2014-07-28T19:16:22.976+0000: 3616.663: [GC [PSYoungGen: 95424K->256K(114496K)] 396128K->301008K(801472K), 0.0065210 secs] [Times: user=0.03 sys=0.00, real=0.01 secs] 
2014-07-28T19:16:23.773+0000: 3617.460: [GC [PSYoungGen: 114496K->288K(112832K)] 415248K->301096K(799808K), 0.0029480 secs] [Times: user=0.01 sys=0.01, real=0.00 secs] 
2014-07-28T19:16:24.563+0000: 3618.250: [GC [PSYoungGen: 112800K->384K(111232K)] 413608K->301256K(798208K), 0.0081970 secs] [Times: user=0.05 sys=0.00, real=0.01 secs] 
2014-07-28T19:16:25.342+0000: 3619.029: [GC [PSYoungGen: 111232K->288K(109504K)] 412104K->301232K(796480K), 0.0064890 secs] [Times: user=0.05 sys=0.00, real=0.00 secs] 
2014-07-28T19:16:26.106+0000: 3619.793: [GC [PSYoungGen: 109433K->320K(107904K)] 410377K->301312K(794880K), 0.0038610 secs] [Times: user=0.02 sys=0.00, real=0.01 secs] 
2014-07-28T19:16:26.859+0000: 3620.546: [GC [PSYoungGen: 107904K->352K(106432K)] 408896K->301424K(793408K), 0.0046880 secs] [Times: user=0.03 sys=0.00, real=0.01 secs] 
2014-07-28T19:16:27.631+0000: 3621.318: [GC [PSYoungGen: 106400K->498K(105024K)] 407472K->301626K(792000K), 0.0041950 secs] [Times: user=0.02 sys=0.00, real=0.00 secs] 
2014-07-28T19:16:28.390+0000: 3622.077: [GC [PSYoungGen: 104968K->192K(103232K)] 406096K->301464K(790208K), 0.0051970 secs] [Times: user=0.03 sys=0.00, real=0.00 secs] 
2014-07-28T19:16:29.100+0000: 3622.787: [GC [PSYoungGen: 103232K->384K(102016K)] 404504K->301744K(788992K), 0.0051010 secs] [Times: user=0.03 sys=0.00, real=0.00 secs] 
2014-07-28T19:16:29.815+0000: 3623.502: [GC [PSYoungGen: 102016K->288K(100544K)] 403376K->301704K(787520K), 0.0069130 secs] [Times: user=0.04 sys=0.00, real=0.01 secs] 
2014-07-28T19:16:30.516+0000: 3624.203: [GC [PSYoungGen: 100512K->320K(99200K)] 401928K->301752K(786176K), 0.0106910 secs] [Times: user=0.07 sys=0.01, real=0.01 secs] 
2014-07-28T19:16:31.208+0000: 3624.895: [GC [PSYoungGen: 99200K->192K(97728K)] 400632K->301648K(784704K), 0.0045860 secs] [Times: user=0.02 sys=0.01, real=0.01 secs] 
2014-07-28T19:16:31.889+0000: 3625.576: [GC [PSYoungGen: 97728K->288K(96576K)] 399184K->301800K(783552K), 0.0054690 secs] [Times: user=0.03 sys=0.00, real=0.01 secs] 
2014-07-28T19:16:32.567+0000: 3626.254: [GC [PSYoungGen: 96540K->320K(95296K)] 398052K->301880K(782272K), 0.0075150 secs] [Times: user=0.05 sys=0.00, real=0.01 secs] 
2014-07-28T19:16:33.235+0000: 3626.922: [GC [PSYoungGen: 95256K->384K(94144K)] 396817K->302016K(781120K), 0.0060420 secs] [Times: user=0.04 sys=0.00, real=0.01 secs] 
2014-07-28T19:16:33.895+0000: 3627.582: [GC [PSYoungGen: 94144K->320K(92864K)] 395776K->302000K(779840K), 0.0074100 secs] [Times: user=0.04 sys=0.01, real=0.01 secs] 
2014-07-28T19:16:34.565+0000: 3628.252: [GC [PSYoungGen: 92863K->512K(91840K)] 394544K->302248K(778816K), 0.0050920 secs] [Times: user=0.03 sys=0.01, real=0.01 secs] 
2014-07-28T19:16:35.223+0000: 3628.910: [GC [PSYoungGen: 91839K->256K(90432K)] 393576K->302056K(777408K), 0.0080920 secs] [Times: user=0.02 sys=0.01, real=0.01 secs] 
2014-07-28T19:16:35.853+0000: 3629.540: [GC [PSYoungGen: 90432K->256K(89280K)] 392232K->302104K(776256K), 0.0039610 secs] [Times: user=0.01 sys=0.00, real=0.00 secs] 
2014-07-28T19:16:36.477+0000: 3630.164: [GC [PSYoungGen: 89280K->256K(88192K)] 391128K->302144K(775168K), 0.0050680 secs] [Times: user=0.02 sys=0.01, real=0.01 secs] 
2014-07-28T19:16:37.094+0000: 3630.781: [GC [PSYoungGen: 88192K->288K(87168K)] 390080K->302248K(774144K), 0.0035080 secs] [Times: user=0.02 sys=0.00, real=0.00 secs] 
2014-07-28T19:16:37.701+0000: 3631.388: [GC [PSYoungGen: 87106K->256K(86016K)] 389066K->302264K(772992K), 0.0060660 secs] [Times: user=0.02 sys=0.00, real=0.00 secs] 
2014-07-28T19:16:38.310+0000: 3631.997: [GC [PSYoungGen: 86007K->192K(84928K)] 388015K->302224K(771904K), 0.0040450 secs] [Times: user=0.02 sys=0.00, real=0.01 secs] 
2014-07-28T19:16:38.903+0000: 3632.590: [GC [PSYoungGen: 84928K->274K(84032K)] 386960K->302362K(771008K), 0.0059290 secs]