2014-07-08T09:20:52.336+0000: 22.910: [GC [PSYoungGen: 257728K->42862K(300608K)] 257728K->72661K(987584K), 0.0829380 secs] [Times: user=0.20 sys=0.03, real=0.08 secs] 
2014-07-08T09:20:54.565+0000: 25.139: [GC [PSYoungGen: 300590K->42855K(300608K)] 330389K->74850K(987584K), 0.0630770 secs] [Times: user=0.21 sys=0.04, real=0.06 secs] 
2014-07-08T09:20:56.147+0000: 26.720: [GC [PSYoungGen: 300583K->42869K(300608K)] 332578K->78562K(987584K), 0.0641650 secs] [Times: user=0.24 sys=0.00, real=0.06 secs] 
2014-07-08T09:20:57.750+0000: 28.323: [GC [PSYoungGen: 300537K->42848K(558336K)] 336230K->79145K(1245312K), 0.0684950 secs] [Times: user=0.25 sys=0.01, real=0.07 secs] 
2014-07-08T09:21:00.818+0000: 31.392: [GC [PSYoungGen: 558304K->42735K(558336K)] 594601K->79031K(1245312K), 0.0434620 secs] [Times: user=0.14 sys=0.02, real=0.04 secs] 
2014-07-08T09:21:05.261+0000: 35.834: [GC [PSYoungGen: 558191K->43263K(1099840K)] 594487K->79567K(1786816K), 0.0759150 secs] [Times: user=0.26 sys=0.03, real=0.08 secs] 
2014-07-08T09:21:14.050+0000: 44.624: [GC [PSYoungGen: 1074175K->5586K(1101824K)] 1110479K->80034K(1788800K), 0.1178370 secs] [Times: user=0.43 sys=0.03, real=0.12 secs] 
2014-07-08T09:21:22.709+0000: 53.283: [GC [PSYoungGen: 1036498K->4432K(2135936K)] 1110946K->81144K(2822912K), 0.0176670 secs] [Times: user=0.05 sys=0.01, real=0.02 secs] 
2014-07-08T09:21:42.244+0000: 72.818: [GC [PSYoungGen: 2062864K->6021K(2139328K)] 2139576K->83569K(2826304K), 0.0555710 secs] [Times: user=0.21 sys=0.00, real=0.06 secs] 
2014-07-08T09:21:59.061+0000: 89.634: [GC [PSYoungGen: 2064453K->5705K(2713600K)] 2142001K->85246K(3400576K), 0.0409280 secs] [Times: user=0.14 sys=0.01, real=0.05 secs] 
2014-07-08T09:22:25.496+0000: 116.069: [GC [PSYoungGen: 2637129K->4468K(2516096K)] 2716670K->87217K(3203072K), 0.0447930 secs] [Times: user=0.14 sys=0.01, real=0.04 secs] 
2014-07-08T09:22:49.993+0000: 140.566: [GC [PSYoungGen: 2516084K->4425K(2402240K)] 2598833K->89382K(3089216K), 0.0520810 secs] [Times: user=0.18 sys=0.01, real=0.05 secs] 
2014-07-08T09:23:13.278+0000: 163.852: [GC [PSYoungGen: 2402185K->4393K(2293952K)] 2487142K->91302K(2980928K), 0.0468210 secs] [Times: user=0.15 sys=0.00, real=0.05 secs] 
2014-07-08T09:23:48.876+0000: 199.450: [GC [PSYoungGen: 2293929K->4681K(2191424K)] 2380838K->93694K(2878400K), 0.0496490 secs] [Times: user=0.17 sys=0.01, real=0.05 secs] 
2014-07-08T09:24:10.543+0000: 221.116: [GC [PSYoungGen: 2191369K->4489K(2093440K)] 2280382K->95998K(2780416K), 0.0230690 secs] [Times: user=0.08 sys=0.00, real=0.02 secs] 
2014-07-08T09:24:32.159+0000: 242.732: [GC [PSYoungGen: 2093385K->4034K(2000064K)] 2184894K->97792K(2687040K), 0.0331690 secs] [Times: user=0.10 sys=0.01, real=0.03 secs] 
2014-07-08T09:24:53.274+0000: 263.847: [GC [PSYoungGen: 2000002K->4830K(1912448K)] 2093760K->100443K(2599424K), 0.0363560 secs] [Times: user=0.13 sys=0.00, real=0.04 secs] 
2014-07-08T09:25:13.562+0000: 284.136: [GC [PSYoungGen: 1912414K->4624K(1828288K)] 2008027K->102238K(2515264K), 0.0415400 secs] [Times: user=0.14 sys=0.00, real=0.04 secs] 
2014-07-08T09:25:32.297+0000: 302.871: [GC [PSYoungGen: 1828240K->4144K(1747904K)] 1925854K->103701K(2434880K), 0.0517560 secs] [Times: user=0.20 sys=0.01, real=0.05 secs] 
2014-07-08T09:25:50.347+0000: 320.920: [GC [PSYoungGen: 1747888K->4169K(1672064K)] 1847445K->105431K(2359040K), 0.0361230 secs] [Times: user=0.11 sys=0.00, real=0.04 secs] 
2014-07-08T09:26:08.369+0000: 338.942: [GC [PSYoungGen: 1672009K->4013K(1599680K)] 1773271K->106977K(2286656K), 0.0294560 secs] [Times: user=0.10 sys=0.00, real=0.02 secs] 
2014-07-08T09:26:43.473+0000: 374.046: [GC [PSYoungGen: 1599654K->4336K(1531328K)] 1702619K->109028K(2218304K), 0.0326680 secs] [Times: user=0.11 sys=0.01, real=0.04 secs] 
2014-07-08T09:26:58.641+0000: 389.214: [GC [PSYoungGen: 1531312K->3280K(1465024K)] 1636004K->109772K(2152000K), 0.0324830 secs] [Times: user=0.12 sys=0.01, real=0.03 secs] 
2014-07-08T09:27:14.228+0000: 404.801: [GC [PSYoungGen: 1464976K->3536K(1403200K)] 1571468K->111292K(2090176K), 0.0294000 secs] [Times: user=0.06 sys=0.01, real=0.03 secs] 
2014-07-08T09:27:28.248+0000: 418.821: [GC [PSYoungGen: 1403152K->3216K(1343808K)] 1510908K->112572K(2030784K), 0.0418160 secs] [Times: user=0.16 sys=0.00, real=0.04 secs] 
2014-07-08T09:27:42.548+0000: 433.122: [GC [PSYoungGen: 1343760K->3244K(1287616K)] 1453116K->113824K(1974592K), 0.0379030 secs] [Times: user=0.10 sys=0.01, real=0.04 secs] 
2014-07-08T09:27:56.109+0000: 446.682: [GC [PSYoungGen: 1287546K->4034K(1235008K)] 1398126K->115910K(1921984K), 0.0237850 secs] [Times: user=0.09 sys=0.00, real=0.02 secs] 
2014-07-08T09:28:09.799+0000: 460.372: [GC [PSYoungGen: 1234942K->4339K(1184384K)] 1346818K->117559K(1871360K), 0.0347850 secs] [Times: user=0.12 sys=0.00, real=0.03 secs] 
2014-07-08T09:28:23.243+0000: 473.816: [GC [PSYoungGen: 1184371K->2900K(1134592K)] 1297591K->117504K(1821568K), 0.0499900 secs] [Times: user=0.18 sys=0.00, real=0.05 secs] 
2014-07-08T09:28:34.992+0000: 485.565: [GC [PSYoungGen: 1134548K->3336K(1088960K)] 1249152K->119212K(1775936K), 0.0197010 secs] [Times: user=0.03 sys=0.01, real=0.02 secs] 
2014-07-08T09:28:45.587+0000: 496.160: [GC [PSYoungGen: 1088904K->2828K(1044608K)] 1204780K->119832K(1731584K), 0.0243770 secs] [Times: user=0.08 sys=0.01, real=0.02 secs] 
2014-07-08T09:28:56.445+0000: 507.018: [GC [PSYoungGen: 1044556K->3689K(1003712K)] 1161560K->121612K(1690688K), 0.0360420 secs] [Times: user=0.12 sys=0.00, real=0.03 secs] 
2014-07-08T09:29:06.423+0000: 516.996: [GC [PSYoungGen: 1003647K->2818K(963136K)] 1121570K->121693K(1650112K), 0.0284390 secs] [Times: user=0.09 sys=0.00, real=0.03 secs] 
2014-07-08T09:29:16.813+0000: 527.386: [GC [PSYoungGen: 963074K->2676K(925120K)] 1081949K->122511K(1612096K), 0.0261520 secs] [Times: user=0.09 sys=0.00, real=0.03 secs] 
2014-07-08T09:29:27.256+0000: 537.829: [GC [PSYoungGen: 925108K->2790K(889216K)] 1044943K->123657K(1576192K), 0.0320870 secs] [Times: user=0.11 sys=0.01, real=0.03 secs] 
2014-07-08T09:29:36.359+0000: 546.932: [GC [PSYoungGen: 889190K->2761K(854912K)] 1010057K->124612K(1541888K), 0.0264430 secs] [Times: user=0.08 sys=0.01, real=0.03 secs] 
2014-07-08T09:29:45.094+0000: 555.667: [GC [PSYoungGen: 854857K->3305K(822720K)] 976708K->126028K(1509696K), 0.0386120 secs] [Times: user=0.11 sys=0.00, real=0.04 secs] 
2014-07-08T09:29:53.330+0000: 563.904: [GC [PSYoungGen: 822691K->2772K(791104K)] 945414K->126335K(1478080K), 0.0351450 secs] [Times: user=0.12 sys=0.01, real=0.04 secs] 
2014-07-08T09:30:01.373+0000: 571.946: [GC [PSYoungGen: 791036K->3870K(762496K)] 914599K->128105K(1449472K), 0.0160900 secs] [Times: user=0.05 sys=0.00, real=0.02 secs] 
2014-07-08T09:30:11.472+0000: 582.045: [GC [PSYoungGen: 762462K->3468K(733824K)] 886697K->128415K(1420800K), 0.0315940 secs] [Times: user=0.11 sys=0.00, real=0.03 secs] 
2014-07-08T09:30:16.643+0000: 587.216: [GC [PSYoungGen: 733772K->3397K(706816K)] 858719K->129240K(1393792K), 0.0290450 secs] [Times: user=0.09 sys=0.00, real=0.03 secs] 
2014-07-08T09:30:24.527+0000: 595.100: [GC [PSYoungGen: 706757K->3401K(681088K)] 832600K->129852K(1368064K), 0.0194030 secs] [Times: user=0.07 sys=0.00, real=0.02 secs] 
2014-07-08T09:30:32.144+0000: 602.718: [GC [PSYoungGen: 681028K->3945K(657088K)] 807479K->131084K(1344064K), 0.0163740 secs] [Times: user=0.04 sys=0.00, real=0.02 secs] 
2014-07-08T09:30:38.241+0000: 608.815: [GC [PSYoungGen: 657065K->2633K(632448K)] 784204K->130460K(1319424K), 0.0258980 secs] [Times: user=0.09 sys=0.00, real=0.02 secs] 
2014-07-08T09:30:44.916+0000: 615.489: [GC [PSYoungGen: 632393K->2764K(610240K)] 760220K->131167K(1297216K), 0.0149720 secs] [Times: user=0.05 sys=0.00, real=0.01 secs] 
2014-07-08T09:30:50.946+0000: 621.520: [GC [PSYoungGen: 610188K->2416K(588544K)] 738591K->131475K(1275520K), 0.0240810 secs] [Times: user=0.07 sys=0.00, real=0.02 secs] 
2014-07-08T09:30:56.931+0000: 627.504: [GC [PSYoungGen: 588528K->2892K(568704K)] 717587K->132519K(1255680K), 0.0256770 secs] [Times: user=0.08 sys=0.00, real=0.03 secs] 
2014-07-08T09:31:01.885+0000: 632.458: [GC [PSYoungGen: 568652K->3105K(549504K)] 698279K->133388K(1236480K), 0.0106010 secs] [Times: user=0.03 sys=0.00, real=0.01 secs] 
2014-07-08T09:31:07.217+0000: 637.790: [GC [PSYoungGen: 549473K->3069K(530880K)] 679756K->133800K(1217856K), 0.0112210 secs] [Times: user=0.03 sys=0.00, real=0.01 secs] 
2014-07-08T09:31:13.194+0000: 643.767: [GC [PSYoungGen: 530877K->2380K(512512K)] 661608K->133647K(1199488K), 0.0229870 secs] [Times: user=0.06 sys=0.00, real=0.03 secs] 
2014-07-08T09:31:18.564+0000: 649.137: [GC [PSYoungGen: 512460K->3177K(496384K)] 643727K->134964K(1183360K), 0.0161670 secs] [Times: user=0.05 sys=0.00, real=0.02 secs] 
2014-07-08T09:31:23.119+0000: 653.692: [GC [PSYoungGen: 496361K->2632K(479680K)] 628148K->134963K(1166656K), 0.0187210 secs] [Times: user=0.05 sys=0.01, real=0.02 secs] 
2014-07-08T09:31:28.092+0000: 658.666: [GC [PSYoungGen: 479598K->2722K(464320K)] 611929K->135549K(1151296K), 0.0311550 secs] [Times: user=0.11 sys=0.00, real=0.03 secs] 
2014-07-08T09:31:33.323+0000: 663.896: [GC [PSYoungGen: 464262K->2718K(449536K)] 597089K->136057K(1136512K), 0.0174650 secs] [Times: user=0.06 sys=0.01, real=0.02 secs] 
2014-07-08T09:31:38.286+0000: 668.859: [GC [PSYoungGen: 449502K->3269K(435968K)] 582841K->137144K(1122944K), 0.0216870 secs] [Times: user=0.05 sys=0.01, real=0.02 secs] 
2014-07-08T09:31:42.961+0000: 673.534: [GC [PSYoungGen: 435909K->3457K(422656K)] 569784K->137852K(1109632K), 0.0232190 secs] [Times: user=0.08 sys=0.00, real=0.02 secs] 
2014-07-08T09:31:47.986+0000: 678.560: [GC [PSYoungGen: 422582K->2832K(409088K)] 556977K->137643K(1096064K), 0.0123870 secs] [Times: user=0.04 sys=0.00, real=0.01 secs] 
2014-07-08T09:31:52.161+0000: 682.734: [GC [PSYoungGen: 409040K->2885K(396736K)] 543851K->138288K(1083712K), 0.0167400 secs] [Times: user=0.05 sys=0.00, real=0.02 secs] 
2014-07-08T09:31:56.506+0000: 687.079: [GC [PSYoungGen: 396677K->2292K(384256K)] 532080K->137991K(1071232K), 0.0203990 secs] [Times: user=0.06 sys=0.00, real=0.02 secs] 
2014-07-08T09:32:00.100+0000: 690.673: [GC [PSYoungGen: 384197K->2608K(373184K)] 519895K->138923K(1060160K), 0.0275650 secs] [Times: user=0.10 sys=0.00, real=0.03 secs] 
2014-07-08T09:32:04.118+0000: 694.691: [GC [PSYoungGen: 373167K->3237K(362944K)] 509482K->139800K(1049920K), 0.0109140 secs] [Times: user=0.03 sys=0.00, real=0.01 secs] 
2014-07-08T09:32:07.720+0000: 698.294: [GC [PSYoungGen: 362909K->3141K(352448K)] 499472K->140176K(1039424K), 0.0066120 secs] [Times: user=0.02 sys=0.00, real=0.01 secs] 
2014-07-08T09:32:10.412+0000: 700.985: [GC [PSYoungGen: 352380K->2985K(342272K)] 489415K->140347K(1029248K), 0.0261200 secs] [Times: user=0.10 sys=0.00, real=0.03 secs] 
2014-07-08T09:32:13.922+0000: 704.495: [GC [PSYoungGen: 342249K->2288K(331968K)] 479611K->139867K(1018944K), 0.0107140 secs] [Times: user=0.01 sys=0.00, real=0.01 secs] 
2014-07-08T09:32:17.366+0000: 707.939: [GC [PSYoungGen: 331952K->2292K(322752K)] 469531K->140247K(1009728K), 0.0072640 secs] [Times: user=0.03 sys=0.00, real=0.01 secs] 
2014-07-08T09:32:20.845+0000: 711.418: [GC [PSYoungGen: 322740K->2160K(313792K)] 460695K->140435K(1000768K), 0.0135350 secs] [Times: user=0.03 sys=0.00, real=0.02 secs] 
2014-07-08T09:32:23.974+0000: 714.547: [GC [PSYoungGen: 313776K->2885K(306048K)] 452051K->141488K(993024K), 0.0192580 secs] [Times: user=0.07 sys=0.00, real=0.02 secs] 
2014-07-08T09:32:27.486+0000: 718.059: [GC [PSYoungGen: 305989K->2380K(297408K)] 444592K->141383K(984384K), 0.0287280 secs] [Times: user=0.09 sys=0.00, real=0.03 secs] 
2014-07-08T09:32:30.544+0000: 721.117: [GC [PSYoungGen: 297353K->2881K(290112K)] 436356K->142204K(977088K), 0.0250920 secs] [Times: user=0.08 sys=0.00, real=0.03 secs] 
2014-07-08T09:32:33.747+0000: 724.320: [GC [PSYoungGen: 290027K->2985K(282624K)] 429350K->142572K(969600K), 0.0298090 secs] [Times: user=0.10 sys=0.00, real=0.03 secs] 
2014-07-08T09:32:36.960+0000: 727.533: [GC [PSYoungGen: 282601K->2064K(274496K)] 422188K->142035K(961472K), 0.0157680 secs] [Times: user=0.02 sys=0.00, real=0.01 secs] 
2014-07-08T09:32:39.717+0000: 730.290: [GC [PSYoungGen: 274426K->2466K(267904K)] 414397K->142821K(954880K), 0.0227020 secs] [Times: user=0.09 sys=0.00, real=0.03 secs] 
2014-07-08T09:32:42.669+0000: 733.242: [GC [PSYoungGen: 267874K->3137K(261888K)] 408229K->143764K(948864K), 0.0279440 secs] [Times: user=0.09 sys=0.00, real=0.02 secs] 
2014-07-08T09:32:45.676+0000: 736.249: [GC [PSYoungGen: 261824K->2224K(254464K)] 402451K->143123K(941440K), 0.0243510 secs] [Times: user=0.09 sys=0.00, real=0.03 secs] 
2014-07-08T09:32:48.409+0000: 738.983: [GC [PSYoungGen: 254448K->2128K(248192K)] 395347K->143451K(935168K), 0.0229830 secs] [Times: user=0.07 sys=0.00, real=0.03 secs] 
2014-07-08T09:32:50.973+0000: 741.546: [GC [PSYoungGen: 248144K->2661K(242752K)] 389467K->144328K(929728K), 0.0286340 secs] [Times: user=0.10 sys=0.00, real=0.03 secs] 
2014-07-08T09:32:53.467+0000: 744.040: [GC [PSYoungGen: 242725K->3550K(237888K)] 384392K->145417K(924864K), 0.0181750 secs] [Times: user=0.05 sys=0.01, real=0.02 secs] 
2014-07-08T09:32:55.974+0000: 746.547: [GC [PSYoungGen: 237854K->1978K(283200K)] 379721K->144295K(970176K), 0.0442020 secs] [Times: user=0.16 sys=0.00, real=0.04 secs] 
2014-07-08T09:33:21.380+0000: 771.953: [GC [PSYoungGen: 283194K->2729K(276672K)] 425511K->145294K(963648K), 0.0148790 secs] [Times: user=0.05 sys=0.00, real=0.02 secs] 
2014-07-08T09:33:22.420+0000: 772.993: [GC [PSYoungGen: 276649K->2853K(331584K)] 419214K->145826K(1018560K), 0.0186820 secs] [Times: user=0.06 sys=0.01, real=0.02 secs] 
2014-07-08T09:33:24.762+0000: 775.336: [GC [PSYoungGen: 331542K->2210K(321792K)] 474515K->145407K(1008768K), 0.0122220 secs] [Times: user=0.04 sys=0.01, real=0.01 secs] 
2014-07-08T09:33:27.946+0000: 778.520: [GC [PSYoungGen: 321762K->2565K(313344K)] 464959K->146130K(1000320K), 0.0148800 secs] [Times: user=0.06 sys=0.01, real=0.01 secs] 
2014-07-08T09:33:31.396+0000: 781.969: [GC [PSYoungGen: 313285K->2352K(304640K)] 456850K->146189K(991616K), 0.0141750 secs] [Times: user=0.03 sys=0.00, real=0.02 secs] 
2014-07-08T09:33:34.923+0000: 785.497: [GC [PSYoungGen: 304624K->2732K(296896K)] 448461K->146961K(983872K), 0.0273380 secs] [Times: user=0.08 sys=0.01, real=0.03 secs] 
2014-07-08T09:33:38.386+0000: 788.960: [GC [PSYoungGen: 296876K->2228K(288576K)] 441105K->146873K(975552K), 0.0237660 secs] [Times: user=0.08 sys=0.00, real=0.03 secs] 
2014-07-08T09:33:41.733+0000: 792.306: [GC [PSYoungGen: 288518K->2472K(281344K)] 433163K->147701K(968320K), 0.0062310 secs] [Times: user=0.01 sys=0.00, real=0.01 secs] 
2014-07-08T09:33:44.881+0000: 795.454: [GC [PSYoungGen: 281320K->2444K(274112K)] 426549K->147953K(961088K), 0.0162380 secs] [Times: user=0.05 sys=0.00, real=0.01 secs] 
2014-07-08T09:34:04.407+0000: 814.981: [GC [PSYoungGen: 274059K->2493K(267200K)] 419568K->149192K(954176K), 0.0230910 secs] [Times: user=0.09 sys=0.00, real=0.02 secs] 
2014-07-08T09:34:08.301+0000: 818.874: [GC [PSYoungGen: 267197K->2060K(260160K)] 413896K->149159K(947136K), 0.0201720 secs] [Times: user=0.06 sys=0.01, real=0.02 secs] 
2014-07-08T09:34:09.910+0000: 820.483: [GC [PSYoungGen: 260069K->2651K(254336K)] 407168K->150054K(941312K), 0.0088350 secs] [Times: user=0.03 sys=0.00, real=0.01 secs] 
2014-07-08T09:34:12.421+0000: 822.994: [GC [PSYoungGen: 254299K->2313K(247808K)] 401702K->149908K(934784K), 0.0179830 secs] [Times: user=0.04 sys=0.00, real=0.02 secs] 
2014-07-08T09:34:15.423+0000: 825.996: [GC [PSYoungGen: 247753K->2324K(241856K)] 395348K->150175K(928832K), 0.0153960 secs] [Times: user=0.06 sys=0.00, real=0.02 secs] 
2014-07-08T09:34:18.099+0000: 828.672: [GC [PSYoungGen: 241812K->2344K(236096K)] 389663K->150596K(923072K), 0.0149910 secs] [Times: user=0.06 sys=0.00, real=0.02 secs] 
2014-07-08T09:34:20.762+0000: 831.336: [GC [PSYoungGen: 236072K->2722K(230976K)] 384324K->151437K(917952K), 0.0121040 secs] [Times: user=0.05 sys=0.00, real=0.02 secs] 
2014-07-08T09:34:23.416+0000: 833.989: [GC [PSYoungGen: 230924K->2416K(225344K)] 379639K->151387K(912320K), 0.0284570 secs] [Times: user=0.09 sys=0.00, real=0.02 secs] 
2014-07-08T09:34:25.458+0000: 836.031: [GC [PSYoungGen: 225328K->2419K(220224K)] 374299K->151848K(907200K), 0.0223930 secs] [Times: user=0.08 sys=0.00, real=0.02 secs] 
2014-07-08T09:34:28.075+0000: 838.648: [GC [PSYoungGen: 220211K->2228K(215104K)] 369640K->151985K(902080K), 0.0210120 secs] [Times: user=0.06 sys=0.01, real=0.02 secs] 
2014-07-08T09:34:30.438+0000: 841.011: [GC [PSYoungGen: 215091K->1940K(210048K)] 364848K->151993K(897024K), 0.0131550 secs] [Times: user=0.05 sys=0.00, real=0.01 secs] 
2014-07-08T09:34:33.009+0000: 843.582: [GC [PSYoungGen: 209987K->2690K(206208K)] 360040K->152943K(893184K), 0.0146360 secs] [Times: user=0.05 sys=0.00, real=0.01 secs] 
2014-07-08T09:34:35.219+0000: 845.793: [GC [PSYoungGen: 206067K->2608K(201600K)] 356320K->153261K(888576K), 0.0071920 secs] [Times: user=0.02 sys=0.00, real=0.00 secs] 
2014-07-08T09:34:37.403+0000: 847.976: [GC [PSYoungGen: 201491K->2740K(197440K)] 352144K->153745K(884416K), 0.0105480 secs] [Times: user=0.03 sys=0.01, real=0.01 secs] 
2014-07-08T09:34:39.839+0000: 850.412: [GC [PSYoungGen: 197428K->1748K(192320K)] 348433K->153017K(879296K), 0.0251160 secs] [Times: user=0.09 sys=0.01, real=0.02 secs] 
2014-07-08T09:34:41.959+0000: 852.532: [GC [PSYoungGen: 192243K->2274K(188800K)] 343512K->153775K(875776K), 0.0200930 secs] [Times: user=0.07 sys=0.00, real=0.02 secs] 
2014-07-08T09:34:43.855+0000: 854.428: [GC [PSYoungGen: 188767K->2317K(184960K)] 340269K->154018K(871936K), 0.0117810 secs] [Times: user=0.04 sys=0.01, real=0.01 secs] 
2014-07-08T09:34:45.719+0000: 856.292: [GC [PSYoungGen: 184909K->2505K(181376K)] 336610K->154478K(868352K), 0.0200240 secs] [Times: user=0.07 sys=0.01, real=0.02 secs] 
2014-07-08T09:34:47.536+0000: 858.109: [GC [PSYoungGen: 181321K->2160K(177344K)] 333294K->154373K(864320K), 0.0135550 secs] [Times: user=0.04 sys=0.00, real=0.02 secs] 
2014-07-08T09:34:49.026+0000: 859.599: [GC [PSYoungGen: 177328K->2320K(174016K)] 329541K->154693K(860992K), 0.0147440 secs] [Times: user=0.05 sys=0.00, real=0.02 secs] 
2014-07-08T09:34:50.991+0000: 861.564: [GC [PSYoungGen: 173954K->2174K(170432K)] 326327K->154939K(857408K), 0.0249230 secs] [Times: user=0.09 sys=0.00, real=0.02 secs] 
2014-07-08T09:34:52.948+0000: 863.521: [GC [PSYoungGen: 170430K->2853K(167872K)] 323195K->155850K(854848K), 0.0233950 secs] [Times: user=0.07 sys=0.01, real=0.03 secs] 
2014-07-08T09:34:54.731+0000: 865.305: [GC [PSYoungGen: 167845K->1511K(199552K)] 320842K->156127K(886528K), 0.0224410 secs] [Times: user=0.08 sys=0.00, real=0.02 secs] 
2014-07-08T09:34:56.547+0000: 867.121: [GC [PSYoungGen: 199487K->3447K(241088K)] 354102K->158295K(928064K), 0.0270650 secs] [Times: user=0.10 sys=0.00, real=0.03 secs] 
2014-07-08T09:34:59.155+0000: 869.728: [GC [PSYoungGen: 241079K->1968K(287168K)] 395927K->157212K(974144K), 0.0147070 secs] [Times: user=0.05 sys=0.00, real=0.01 secs] 
2014-07-08T09:35:15.773+0000: 886.346: [GC [PSYoungGen: 287151K->2473K(280192K)] 442395K->158020K(967168K), 0.0311750 secs] [Times: user=0.09 sys=0.00, real=0.04 secs] 
2014-07-08T09:35:17.966+0000: 888.539: [GC [PSYoungGen: 280143K->2878K(273408K)] 435691K->159081K(960384K), 0.0082350 secs] [Times: user=0.02 sys=0.00, real=0.01 secs] 
2014-07-08T09:35:20.509+0000: 891.082: [GC [PSYoungGen: 273394K->2349K(265984K)] 429598K->158864K(952960K), 0.0231760 secs] [Times: user=0.08 sys=0.00, real=0.02 secs] 
2014-07-08T09:35:23.258+0000: 893.832: [GC [PSYoungGen: 265943K->2484K(259456K)] 422459K->159375K(946432K), 0.0144610 secs] [Times: user=0.06 sys=0.00, real=0.01 secs] 
2014-07-08T09:35:26.212+0000: 896.785: [GC [PSYoungGen: 259444K->2693K(253312K)] 416335K->159953K(940288K), 0.0323990 secs] [Times: user=0.10 sys=0.01, real=0.04 secs] 
2014-07-08T09:35:29.037+0000: 899.610: [GC [PSYoungGen: 253253K->1940K(246400K)] 410513K->159567K(933376K), 0.0225910 secs] [Times: user=0.07 sys=0.01, real=0.02 secs] 
2014-07-08T09:35:31.899+0000: 902.472: [GC [PSYoungGen: 246342K->2412K(240960K)] 403969K->160384K(927936K), 0.0143250 secs] [Times: user=0.05 sys=0.00, real=0.01 secs] 
2014-07-08T09:35:34.531+0000: 905.105: [GC [PSYoungGen: 240940K->2576K(235456K)] 398912K->160788K(922432K), 0.0156090 secs] [Times: user=0.06 sys=0.01, real=0.02 secs] 
2014-07-08T09:36:05.714+0000: 936.287: [GC [PSYoungGen: 235394K->2911K(230272K)] 393606K->161490K(917248K), 0.0194640 secs] [Times: user=0.07 sys=0.00, real=0.02 secs] 
2014-07-08T09:36:21.550+0000: 952.123: [GC [PSYoungGen: 230239K->1534K(223552K)] 388818K->161036K(910528K), 0.0233350 secs] [Times: user=0.08 sys=0.00, real=0.03 secs] 
2014-07-08T09:36:22.419+0000: 952.992: [GC [PSYoungGen: 223550K->2164K(219072K)] 383052K->161897K(906048K), 0.0144300 secs] [Times: user=0.04 sys=0.00, real=0.02 secs] 
2014-07-08T09:36:24.443+0000: 955.017: [GC [PSYoungGen: 219060K->3233K(215232K)] 378793K->163271K(902208K), 0.0241530 secs] [Times: user=0.10 sys=0.00, real=0.02 secs] 
2014-07-08T09:36:26.693+0000: 957.266: [GC [PSYoungGen: 215201K->2537K(209792K)] 375239K->162878K(896768K), 0.0108330 secs] [Times: user=0.03 sys=0.00, real=0.01 secs] 
2014-07-08T09:36:29.025+0000: 959.599: [GC [PSYoungGen: 209730K->1772K(204416K)] 370072K->163280K(891392K), 0.0186910 secs] [Times: user=0.06 sys=0.00, real=0.02 secs] 
2014-07-08T09:36:31.236+0000: 961.810: [GC [PSYoungGen: 204396K->2054K(200320K)] 365904K->163722K(887296K), 0.0123320 secs] [Times: user=0.03 sys=0.01, real=0.01 secs] 
2014-07-08T09:36:33.534+0000: 964.107: [GC [PSYoungGen: 200262K->2277K(196224K)] 361930K->164360K(883200K), 0.0072750 secs] [Times: user=0.01 sys=0.00, real=0.00 secs] 
2014-07-08T09:36:35.716+0000: 966.289: [GC [PSYoungGen: 196197K->2380K(192192K)] 358280K->164783K(879168K), 0.0079260 secs] [Times: user=0.01 sys=0.00, real=0.00 secs] 
2014-07-08T09:36:37.708+0000: 968.281: [GC [PSYoungGen: 192140K->2594K(188416K)] 354543K->165332K(875392K), 0.0307030 secs] [Times: user=0.11 sys=0.00, real=0.03 secs] 
2014-07-08T09:36:39.750+0000: 970.323: [GC [PSYoungGen: 188378K->2160K(184128K)] 351117K->165067K(871104K), 0.0190760 secs] [Times: user=0.07 sys=0.00, real=0.02 secs] 
2014-07-08T09:36:41.680+0000: 972.253: [GC [PSYoungGen: 184112K->2128K(180416K)] 347019K->165275K(867392K), 0.0176860 secs] [Times: user=0.06 sys=0.01, real=0.02 secs] 
2014-07-08T09:36:43.323+0000: 973.897: [GC [PSYoungGen: 180327K->3095K(177792K)] 343474K->166506K(864768K), 0.0171140 secs] [Times: user=0.05 sys=0.00, real=0.02 secs] 
2014-07-08T09:36:45.238+0000: 975.811: [GC [PSYoungGen: 177751K->1906K(173056K)] 341162K->165851K(860032K), 0.0199880 secs] [Times: user=0.06 sys=0.00, real=0.02 secs] 
2014-07-08T09:36:47.335+0000: 977.908: [GC [PSYoungGen: 172948K->3305K(171072K)] 336893K->167505K(858048K), 0.0115630 secs] [Times: user=0.04 sys=0.00, real=0.01 secs] 
2014-07-08T09:36:49.289+0000: 979.863: [GC [PSYoungGen: 171049K->1964K(166464K)] 335249K->166477K(853440K), 0.0226970 secs] [Times: user=0.08 sys=0.00, real=0.02 secs] 
2014-07-08T09:36:51.112+0000: 981.685: [GC [PSYoungGen: 166411K->1869K(199296K)] 330923K->166638K(886272K), 0.0250340 secs] [Times: user=0.08 sys=0.01, real=0.02 secs] 
2014-07-08T09:36:53.036+0000: 983.609: [GC [PSYoungGen: 199215K->2921K(239808K)] 363983K->167889K(926784K), 0.0230120 secs] [Times: user=0.09 sys=0.00, real=0.03 secs] 
2014-07-08T09:36:55.657+0000: 986.230: [GC [PSYoungGen: 239785K->2288K(233536K)] 404753K->167457K(920512K), 0.0213470 secs] [Times: user=0.06 sys=0.00, real=0.03 secs] 
2014-07-08T09:36:58.193+0000: 988.766: [GC [PSYoungGen: 233520K->2348K(279872K)] 398689K->167973K(966848K), 0.0265850 secs] [Times: user=0.10 sys=0.00, real=0.03 secs] 
2014-07-08T09:37:01.113+0000: 991.686: [GC [PSYoungGen: 279852K->2224K(272576K)] 445477K->168097K(959552K), 0.0184290 secs] [Times: user=0.07 sys=0.00, real=0.02 secs] 
2014-07-08T09:37:03.876+0000: 994.449: [GC [PSYoungGen: 272557K->2380K(265856K)] 438429K->168557K(952832K), 0.0148430 secs] [Times: user=0.05 sys=0.01, real=0.02 secs] 
2014-07-08T09:37:06.900+0000: 997.473: [GC [PSYoungGen: 265727K->2644K(259456K)] 431904K->169157K(946432K), 0.0316020 secs] [Times: user=0.11 sys=0.00, real=0.03 secs] 
2014-07-08T09:37:09.710+0000: 1000.283: [GC [PSYoungGen: 259412K->1960K(252352K)] 425925K->169029K(939328K), 0.0216210 secs] [Times: user=0.08 sys=0.00, real=0.02 secs] 
2014-07-08T09:37:12.201+0000: 1002.774: [GC [PSYoungGen: 252328K->2764K(247040K)] 419397K->170177K(934016K), 0.0140510 secs] [Times: user=0.04 sys=0.00, real=0.01 secs] 
2014-07-08T09:37:14.793+0000: 1005.366: [GC [PSYoungGen: 246897K->2029K(240384K)] 414310K->169853K(927360K), 0.0218020 secs] [Times: user=0.08 sys=0.00, real=0.02 secs] 
2014-07-08T09:37:17.139+0000: 1007.712: [GC [PSYoungGen: 240364K->2704K(235392K)] 408189K->170841K(922368K), 0.0241710 secs] [Times: user=0.07 sys=0.00, real=0.03 secs] 
2014-07-08T09:37:19.863+0000: 1010.437: [GC [PSYoungGen: 235344K->1907K(229056K)] 403481K->170790K(916032K), 0.0189510 secs] [Times: user=0.07 sys=0.00, real=0.02 secs] 
2014-07-08T09:37:21.777+0000: 1012.350: [GC [PSYoungGen: 228971K->3034K(224896K)] 397854K->172165K(911872K), 0.0243290 secs] [Times: user=0.07 sys=0.00, real=0.02 secs] 
2014-07-08T09:37:24.062+0000: 1014.635: [GC [PSYoungGen: 224858K->1588K(218304K)] 393989K->171063K(905280K), 0.0072860 secs] [Times: user=0.02 sys=0.01, real=0.01 secs] 
2014-07-08T09:37:26.751+0000: 1017.325: [GC [PSYoungGen: 218265K->1986K(213824K)] 387740K->171805K(900800K), 0.0228440 secs] [Times: user=0.08 sys=0.00, real=0.03 secs] 
2014-07-08T09:37:29.024+0000: 1019.597: [GC [PSYoungGen: 213762K->2100K(209152K)] 383581K->172215K(896128K), 0.0288330 secs] [Times: user=0.10 sys=0.00, real=0.02 secs] 
2014-07-08T09:37:31.002+0000: 1021.576: [GC [PSYoungGen: 209103K->1908K(204352K)] 379218K->172287K(891328K), 0.0154710 secs] [Times: user=0.04 sys=0.00, real=0.02 secs] 
2014-07-08T09:37:33.208+0000: 1023.781: [GC [PSYoungGen: 204340K->2785K(200832K)] 374719K->173620K(887808K), 0.0111820 secs] [Times: user=0.04 sys=0.00, real=0.01 secs] 
2014-07-08T09:37:35.339+0000: 1025.912: [GC [PSYoungGen: 200801K->3329K(197120K)] 371636K->174349K(884096K), 0.0190380 secs] [Times: user=0.06 sys=0.00, real=0.02 secs] 
2014-07-08T09:37:36.941+0000: 1027.514: [GC [PSYoungGen: 197057K->1141K(190784K)] 368077K->174257K(877760K), 0.0180180 secs] [Times: user=0.07 sys=0.00, real=0.02 secs] 
2014-07-08T09:37:38.845+0000: 1029.419: [GC [PSYoungGen: 190773K->2804K(188480K)] 363889K->176008K(875456K), 0.0236250 secs] [Times: user=0.09 sys=0.00, real=0.02 secs] 
2014-07-08T09:37:40.662+0000: 1031.235: [GC [PSYoungGen: 188468K->1901K(224768K)] 361672K->175576K(911744K), 0.0375340 secs] [Times: user=0.10 sys=0.01, real=0.04 secs] 
2014-07-08T09:37:43.067+0000: 1033.640: [GC [PSYoungGen: 224701K->2036K(269504K)] 398376K->175871K(956480K), 0.0123600 secs] [Times: user=0.04 sys=0.01, real=0.01 secs] 
2014-07-08T09:37:46.329+0000: 1036.902: [GC [PSYoungGen: 269490K->3105K(263808K)] 443326K->177229K(950784K), 0.0134380 secs] [Times: user=0.04 sys=0.00, real=0.01 secs] 
2014-07-08T09:37:49.039+0000: 1039.612: [GC [PSYoungGen: 263777K->2761K(256960K)] 437901K->177316K(943936K), 0.0240100 secs] [Times: user=0.08 sys=0.00, real=0.02 secs] 
2014-07-08T09:37:51.705+0000: 1042.278: [GC [PSYoungGen: 256890K->2004K(249920K)] 431445K->176751K(936896K), 0.0184910 secs] [Times: user=0.07 sys=0.00, real=0.02 secs] 
2014-07-08T09:37:54.262+0000: 1044.835: [GC [PSYoungGen: 249842K->2945K(244864K)] 424589K->178013K(931840K), 0.0254860 secs] [Times: user=0.09 sys=0.00, real=0.03 secs] 
2014-07-08T09:37:56.761+0000: 1047.334: [GC [PSYoungGen: 244801K->2540K(238592K)] 419869K->177912K(925568K), 0.0116590 secs] [Times: user=0.04 sys=0.00, real=0.01 secs] 
2014-07-08T09:37:59.503+0000: 1050.076: [GC [PSYoungGen: 238572K->1972K(232384K)] 413944K->177591K(919360K), 0.0218060 secs] [Times: user=0.06 sys=0.00, real=0.02 secs] 
2014-07-08T09:38:02.001+0000: 1052.574: [GC [PSYoungGen: 232334K->2630K(227712K)] 407953K->178553K(914688K), 0.0256710 secs] [Times: user=0.09 sys=0.00, real=0.02 secs] 
2014-07-08T09:38:04.010+0000: 1054.583: [GC [PSYoungGen: 227654K->2764K(222656K)] 403577K->178992K(909632K), 0.0147450 secs] [Times: user=0.04 sys=0.00, real=0.01 secs] 
2014-07-08T09:38:06.393+0000: 1056.966: [GC [PSYoungGen: 222576K->1854K(216640K)] 398803K->178685K(903616K), 0.0199340 secs] [Times: user=0.07 sys=0.00, real=0.02 secs] 
2014-07-08T09:38:08.813+0000: 1059.386: [GC [PSYoungGen: 216633K->3205K(213184K)] 393464K->180292K(900160K), 0.0084030 secs] [Times: user=0.03 sys=0.00, real=0.01 secs] 
2014-07-08T09:38:10.680+0000: 1061.253: [GC [PSYoungGen: 213124K->2103K(207360K)] 390212K->179792K(894336K), 0.0194190 secs] [Times: user=0.08 sys=0.00, real=0.02 secs] 
2014-07-08T09:38:13.028+0000: 1063.601: [GC [PSYoungGen: 207350K->2260K(203008K)] 385039K->180173K(889984K), 0.0169250 secs] [Times: user=0.06 sys=0.01, real=0.02 secs] 
2014-07-08T09:38:15.042+0000: 1065.615: [GC [PSYoungGen: 202964K->2100K(198464K)] 380877K->180285K(885440K), 0.0174520 secs] [Times: user=0.05 sys=0.00, real=0.01 secs] 
2014-07-08T09:38:16.747+0000: 1067.320: [GC [PSYoungGen: 198452K->1869K(194048K)] 376637K->180390K(881024K), 0.0086070 secs] [Times: user=0.01 sys=0.00, real=0.01 secs] 
2014-07-08T09:38:18.237+0000: 1068.810: [GC [PSYoungGen: 193997K->2253K(190336K)] 372518K->180918K(877312K), 0.0071840 secs] [Times: user=0.02 sys=0.00, real=0.01 secs] 
2014-07-08T09:38:20.359+0000: 1070.932: [GC [PSYoungGen: 190238K->2654K(186816K)] 368904K->181448K(873792K), 0.0114090 secs] [Times: user=0.03 sys=0.00, real=0.01 secs] 
2014-07-08T09:38:22.241+0000: 1072.815: [GC [PSYoungGen: 186782K->2087K(182464K)] 365576K->181635K(869440K), 0.0112670 secs] [Times: user=0.04 sys=0.00, real=0.01 secs] 
2014-07-08T09:38:24.265+0000: 1074.838: [GC [PSYoungGen: 182437K->2725K(179392K)] 361984K->182456K(866368K), 0.0159760 secs] [Times: user=0.05 sys=0.00, real=0.01 secs] 
2014-07-08T09:38:26.188+0000: 1076.762: [GC [PSYoungGen: 179365K->2217K(175296K)] 359096K->182501K(862272K), 0.0153290 secs] [Times: user=0.04 sys=0.00, real=0.02 secs] 
2014-07-08T09:38:27.962+0000: 1078.535: [GC [PSYoungGen: 175256K->2920K(210624K)] 355540K->183420K(897600K), 0.0417660 secs] [Times: user=0.16 sys=0.00, real=0.05 secs] 
2014-07-08T09:38:29.968+0000: 1080.541: [GC [PSYoungGen: 210600K->1899K(251136K)] 391100K->183496K(938112K), 0.0292070 secs] [Times: user=0.10 sys=0.00, real=0.03 secs] 
2014-07-08T09:38:32.599+0000: 1083.173: [GC [PSYoungGen: 251115K->2238K(245376K)] 432712K->184052K(932352K), 0.0084520 secs] [Times: user=0.03 sys=0.00, real=0.01 secs] 
2014-07-08T09:38:35.278+0000: 1085.851: [GC [PSYoungGen: 245374K->2320K(239616K)] 427188K->184456K(926592K), 0.0153710 secs] [Times: user=0.04 sys=0.00, real=0.02 secs] 
2014-07-08T09:38:37.799+0000: 1088.372: [GC [PSYoungGen: 239568K->3013K(234688K)] 421704K->185556K(921664K), 0.0297870 secs] [Times: user=0.10 sys=0.00, real=0.03 secs] 
2014-07-08T09:38:40.121+0000: 1090.694: [GC [PSYoungGen: 234581K->1640K(227840K)] 417125K->185048K(914816K), 0.0113600 secs] [Times: user=0.02 sys=0.01, real=0.01 secs] 
2014-07-08T09:38:42.646+0000: 1093.219: [GC [PSYoungGen: 227815K->2491K(223424K)] 411223K->186123K(910400K), 0.0113780 secs] [Times: user=0.03 sys=0.00, real=0.01 secs] 
2014-07-08T09:38:44.366+0000: 1094.939: [GC [PSYoungGen: 223418K->2917K(218816K)] 407050K->186847K(905792K), 0.0193440 secs] [Times: user=0.07 sys=0.00, real=0.02 secs] 
2014-07-08T09:38:46.730+0000: 1097.303: [GC [PSYoungGen: 218789K->2636K(213696K)] 402719K->186838K(900672K), 0.0129550 secs] [Times: user=0.04 sys=0.00, real=0.01 secs] 
2014-07-08T09:38:48.901+0000: 1099.474: [GC [PSYoungGen: 213644K->1588K(207872K)] 397846K->186166K(894848K), 0.0188120 secs] [Times: user=0.07 sys=0.00, real=0.02 secs] 
2014-07-08T09:38:50.990+0000: 1101.563: [GC [PSYoungGen: 207859K->3009K(204800K)] 392437K->187763K(891776K), 0.0150860 secs] [Times: user=0.04 sys=0.00, real=0.01 secs] 
2014-07-08T09:38:53.301+0000: 1103.874: [GC [PSYoungGen: 204737K->2288K(199616K)] 389491K->187210K(886592K), 0.0048410 secs] [Times: user=0.02 sys=0.00, real=0.00 secs] 
2014-07-08T09:38:55.681+0000: 1106.254: [GC [PSYoungGen: 199600K->2196K(195328K)] 384522K->187430K(882304K), 0.0190420 secs] [Times: user=0.06 sys=0.00, real=0.02 secs] 
2014-07-08T09:38:57.858+0000: 1108.431: [GC [PSYoungGen: 195284K->2000K(191040K)] 380518K->187546K(878016K), 0.0239900 secs] [Times: user=0.05 sys=0.00, real=0.02 secs] 
2014-07-08T09:38:59.801+0000: 1110.374: [GC [PSYoungGen: 190992K->2285K(187328K)] 376538K->188151K(874304K), 0.0306400 secs] [Times: user=0.11 sys=0.00, real=0.03 secs] 
2014-07-08T09:39:01.899+0000: 1112.472: [GC [PSYoungGen: 187308K->2224K(183424K)] 373174K->188226K(870400K), 0.0079330 secs] [Times: user=0.01 sys=0.00, real=0.01 secs] 
2014-07-08T09:39:03.729+0000: 1114.303: [GC [PSYoungGen: 183408K->1940K(179456K)] 369410K->188110K(866432K), 0.0264710 secs] [Times: user=0.09 sys=0.00, real=0.02 secs] 
2014-07-08T09:39:05.652+0000: 1116.225: [GC [PSYoungGen: 179412K->2380K(215424K)] 365582K->188766K(902400K), 0.0252720 secs] [Times: user=0.07 sys=0.01, real=0.02 secs] 
2014-07-08T09:39:07.999+0000: 1118.572: [GC [PSYoungGen: 215372K->1780K(257408K)] 401758K->188406K(944384K), 0.0290440 secs] [Times: user=0.08 sys=0.01, real=0.02 secs] 
2014-07-08T09:39:10.813+0000: 1121.386: [GC [PSYoungGen: 257396K->1876K(251200K)] 444022K->188686K(938176K), 0.0123640 secs] [Times: user=0.05 sys=0.00, real=0.01 secs] 
2014-07-08T09:39:13.497+0000: 1124.070: [GC [PSYoungGen: 251115K->3166K(246400K)] 437925K->190264K(933376K), 0.0210400 secs] [Times: user=0.07 sys=0.01, real=0.02 secs] 
2014-07-08T09:39:16.092+0000: 1126.665: [GC [PSYoungGen: 246325K->1598K(238912K)] 433423K->189950K(925888K), 0.0306100 secs] [Times: user=0.08 sys=0.00, real=0.03 secs] 
2014-07-08T09:39:18.562+0000: 1129.135: [GC [PSYoungGen: 238894K->2911K(234624K)] 427246K->191495K(921600K), 0.0144060 secs] [Times: user=0.05 sys=0.00, real=0.01 secs] 
2014-07-08T09:39:20.903+0000: 1131.477: [GC [PSYoungGen: 234517K->2573K(228864K)] 423101K->191521K(915840K), 0.0237270 secs] [Times: user=0.08 sys=0.00, real=0.02 secs] 
2014-07-08T09:39:23.324+0000: 1133.897: [GC [PSYoungGen: 228813K->2476K(223488K)] 417761K->191640K(910464K), 0.0159480 secs] [Times: user=0.05 sys=0.00, real=0.02 secs] 
2014-07-08T09:39:25.626+0000: 1136.200: [GC [PSYoungGen: 223468K->2088K(218048K)] 412632K->191856K(905024K), 0.0262870 secs] [Times: user=0.09 sys=0.01, real=0.03 secs] 
2014-07-08T09:39:28.258+0000: 1138.831: [GC [PSYoungGen: 218024K->2757K(213888K)] 407792K->192813K(900864K), 0.0216820 secs] [Times: user=0.08 sys=0.00, real=0.02 secs] 
2014-07-08T09:39:30.123+0000: 1140.696: [GC [PSYoungGen: 213829K->1684K(208064K)] 403885K->191988K(895040K), 0.0172130 secs] [Times: user=0.05 sys=0.00, real=0.01 secs] 
2014-07-08T09:39:32.519+0000: 1143.092: [GC [PSYoungGen: 208020K->1780K(203584K)] 398324K->192228K(890560K), 0.0106370 secs] [Times: user=0.03 sys=0.00, real=0.01 secs] 
2014-07-08T09:39:34.754+0000: 1145.327: [GC [PSYoungGen: 203572K->2157K(199552K)] 394020K->192797K(886528K), 0.0196780 secs] [Times: user=0.07 sys=0.00, real=0.02 secs] 
2014-07-08T09:39:36.828+0000: 1147.401: [GC [PSYoungGen: 199533K->2793K(195968K)] 390173K->193777K(882944K), 0.0330340 secs] [Times: user=0.12 sys=0.01, real=0.03 secs] 
2014-07-08T09:39:38.744+0000: 1149.317: [GC [PSYoungGen: 195945K->1980K(191040K)] 386929K->194095K(878016K), 0.0088000 secs] [Times: user=0.02 sys=0.00, real=0.01 secs] 
2014-07-08T09:39:40.913+0000: 1151.486: [GC [PSYoungGen: 190993K->2567K(187712K)] 383107K->194825K(874688K), 0.0294700 secs] [Times: user=0.09 sys=0.00, real=0.03 secs] 
2014-07-08T09:39:43.166+0000: 1153.739: [GC [PSYoungGen: 187618K->2750K(184000K)] 379876K->195600K(870976K), 0.0240170 secs] [Times: user=0.07 sys=0.01, real=0.02 secs] 
2014-07-08T09:39:44.532+0000: 1155.105: [GC [PSYoungGen: 183965K->2712K(180288K)] 376815K->195762K(867264K), 0.0126060 secs] [Times: user=0.04 sys=0.00, real=0.02 secs] 
2014-07-08T09:39:46.299+0000: 1156.873: [GC [PSYoungGen: 180247K->2090K(215168K)] 373297K->196516K(902144K), 0.0241650 secs] [Times: user=0.08 sys=0.01, real=0.02 secs] 
2014-07-08T09:39:53.139+0000: 1163.713: [GC [PSYoungGen: 215130K->2697K(211008K)] 409556K->197283K(897984K), 0.0144120 secs] [Times: user=0.05 sys=0.00, real=0.01 secs] 
2014-07-08T09:39:54.278+0000: 1164.851: [GC [PSYoungGen: 210943K->2636K(206336K)] 405530K->197604K(893312K), 0.0167190 secs] [Times: user=0.05 sys=0.00, real=0.01 secs] 
2014-07-08T09:39:55.798+0000: 1166.372: [GC [PSYoungGen: 206248K->2728K(247168K)] 401216K->197888K(934144K), 0.0237510 secs] [Times: user=0.08 sys=0.00, real=0.02 secs] 
2014-07-08T09:39:58.236+0000: 1168.809: [GC [PSYoungGen: 247119K->2027K(240576K)] 442279K->198037K(927552K), 0.0105730 secs] [Times: user=0.03 sys=0.00, real=0.02 secs] 
2014-07-08T09:40:00.771+0000: 1171.344: [GC [PSYoungGen: 240517K->2921K(235776K)] 436527K->199123K(922752K), 0.0275510 secs] [Times: user=0.09 sys=0.00, real=0.03 secs] 
2014-07-08T09:40:02.956+0000: 1173.529: [GC [PSYoungGen: 235683K->2353K(229696K)] 431885K->199013K(916672K), 0.0101120 secs] [Times: user=0.02 sys=0.01, real=0.01 secs] 
2014-07-08T09:40:05.358+0000: 1175.931: [GC [PSYoungGen: 229681K->2544K(224576K)] 426341K->199428K(911552K), 0.0262450 secs] [Times: user=0.09 sys=0.00, real=0.02 secs] 
2014-07-08T09:40:08.069+0000: 1178.642: [GC [PSYoungGen: 224560K->2284K(219200K)] 421444K->199664K(906176K), 0.0163870 secs] [Times: user=0.06 sys=0.00, real=0.01 secs] 
2014-07-08T09:40:10.714+0000: 1181.287: [GC [PSYoungGen: 219177K->2875K(214848K)] 416557K->200487K(901824K), 0.0187630 secs] [Times: user=0.06 sys=0.00, real=0.02 secs] 
2014-07-08T09:40:13.207+0000: 1183.781: [GC [PSYoungGen: 214800K->1782K(209024K)] 412412K->200689K(896000K), 0.0281330 secs] [Times: user=0.10 sys=0.01, real=0.03 secs] 
2014-07-08T09:40:15.480+0000: 1186.053: [GC [PSYoungGen: 208997K->3010K(205696K)] 407904K->202207K(892672K), 0.0299350 secs] [Times: user=0.10 sys=0.00, real=0.03 secs] 
2014-07-08T09:40:17.685+0000: 1188.258: [GC [PSYoungGen: 205634K->2060K(200320K)] 404831K->201717K(887296K), 0.0127140 secs] [Times: user=0.04 sys=0.00, real=0.01 secs] 
2014-07-08T09:40:19.712+0000: 1190.285: [GC [PSYoungGen: 200268K->1744K(195712K)] 399925K->201593K(882688K), 0.0085960 secs] [Times: user=0.02 sys=0.00, real=0.01 secs] 
2014-07-08T09:40:21.644+0000: 1192.217: [GC [PSYoungGen: 195575K->2850K(192640K)] 395424K->202899K(879616K), 0.0140050 secs] [Times: user=0.05 sys=0.00, real=0.01 secs] 
2014-07-08T09:40:23.625+0000: 1194.199: [GC [PSYoungGen: 192610K->2640K(188480K)] 392659K->202849K(875456K), 0.0101250 secs] [Times: user=0.02 sys=0.00, real=0.01 secs] 
2014-07-08T09:40:25.618+0000: 1196.191: [GC [PSYoungGen: 188425K->1760K(183744K)] 388634K->203468K(870720K), 0.0222510 secs] [Times: user=0.07 sys=0.00, real=0.03 secs] 
2014-07-08T09:40:27.854+0000: 1198.427: [GC [PSYoungGen: 183712K->3233K(181504K)] 385420K->205093K(868480K), 0.0121380 secs] [Times: user=0.04 sys=0.00, real=0.01 secs] 
2014-07-08T09:40:29.690+0000: 1200.263: [GC [PSYoungGen: 181473K->2423K(177088K)] 383333K->204725K(864064K), 0.0074830 secs] [Times: user=0.02 sys=0.00, real=0.01 secs] 
2014-07-08T09:40:31.301+0000: 1201.874: [GC [PSYoungGen: 177076K->2338K(173504K)] 379378K->204880K(860480K), 0.0239190 secs] [Times: user=0.07 sys=0.01, real=0.02 secs] 
2014-07-08T09:40:32.937+0000: 1203.510: [GC [PSYoungGen: 173474K->2221K(169984K)] 376016K->204883K(856960K), 0.0215140 secs] [Times: user=0.08 sys=0.00, real=0.02 secs] 
2014-07-08T09:40:34.966+0000: 1205.540: [GC [PSYoungGen: 169965K->2064K(203456K)] 372627K->204878K(890432K), 0.0266140 secs] [Times: user=0.09 sys=0.00, real=0.03 secs] 
2014-07-08T09:40:37.366+0000: 1207.940: [GC [PSYoungGen: 203408K->2604K(244288K)] 406222K->205730K(931264K), 0.0235370 secs] [Times: user=0.08 sys=0.00, real=0.02 secs] 
2014-07-08T09:40:40.229+0000: 1210.802: [GC [PSYoungGen: 244268K->2036K(237888K)] 447394K->205402K(924864K), 0.0148250 secs] [Times: user=0.06 sys=0.00, real=0.02 secs] 
2014-07-08T09:40:43.111+0000: 1213.685: [GC [PSYoungGen: 237875K->2160K(232384K)] 441241K->205854K(919360K), 0.0134230 secs] [Times: user=0.04 sys=0.00, real=0.02 secs] 
2014-07-08T09:40:45.677+0000: 1216.250: [GC [PSYoungGen: 232341K->2448K(227328K)] 436035K->206422K(914304K), 0.0243530 secs] [Times: user=0.07 sys=0.00, real=0.03 secs] 
2014-07-08T09:40:48.258+0000: 1218.831: [GC [PSYoungGen: 227273K->2256K(221952K)] 431247K->206558K(908928K), 0.0175140 secs] [Times: user=0.06 sys=0.01, real=0.02 secs] 
2014-07-08T09:40:50.659+0000: 1221.232: [GC [PSYoungGen: 221898K->2320K(217024K)] 426201K->206942K(904000K), 0.0078300 secs] [Times: user=0.02 sys=0.00, real=0.01 secs] 
2014-07-08T09:40:53.218+0000: 1223.791: [GC [PSYoungGen: 216976K->2284K(212096K)] 421598K->207106K(899072K), 0.0113500 secs] [Times: user=0.04 sys=0.00, real=0.01 secs] 
2014-07-08T09:40:55.340+0000: 1225.914: [GC [PSYoungGen: 212076K->2484K(207616K)] 416898K->207562K(894592K), 0.0198520 secs] [Times: user=0.06 sys=0.00, real=0.02 secs] 
2014-07-08T09:40:57.495+0000: 1228.068: [GC [PSYoungGen: 207558K->1896K(202496K)] 412636K->207685K(889472K), 0.0159840 secs] [Times: user=0.06 sys=0.00, real=0.02 secs] 
2014-07-08T09:40:59.576+0000: 1230.150: [GC [PSYoungGen: 202472K->2626K(198912K)] 408261K->208646K(885888K), 0.0114590 secs] [Times: user=0.04 sys=0.00, real=0.01 secs] 
2014-07-08T09:41:02.388+0000: 1232.961: [GC [PSYoungGen: 198850K->1842K(193856K)] 404870K->208893K(880832K), 0.0175630 secs] [Times: user=0.06 sys=0.00, real=0.02 secs] 
2014-07-08T09:41:04.175+0000: 1234.749: [GC [PSYoungGen: 193822K->2438K(190400K)] 400873K->209640K(877376K), 0.0258950 secs] [Times: user=0.10 sys=0.00, real=0.03 secs] 
2014-07-08T09:41:05.736+0000: 1236.309: [GC [PSYoungGen: 190342K->2237K(186240K)] 397544K->210096K(873216K), 0.0198150 secs] [Times: user=0.08 sys=0.00, real=0.02 secs] 
2014-07-08T09:41:07.775+0000: 1238.348: [GC [PSYoungGen: 186237K->1872K(182144K)] 394096K->209931K(869120K), 0.0236580 secs] [Times: user=0.07 sys=0.00, real=0.03 secs] 
2014-07-08T09:41:09.786+0000: 1240.360: [GC [PSYoungGen: 182095K->2537K(179136K)] 390154K->210891K(866112K), 0.0139100 secs] [Times: user=0.03 sys=0.00, real=0.01 secs] 
2014-07-08T09:41:11.793+0000: 1242.366: [GC [PSYoungGen: 179082K->2636K(175680K)] 387437K->211151K(862656K), 0.0085820 secs] [Times: user=0.01 sys=0.00, real=0.01 secs] 
2014-07-08T09:41:13.720+0000: 1244.293: [GC [PSYoungGen: 175609K->1586K(171136K)] 384123K->211213K(858112K), 0.0211340 secs] [Times: user=0.08 sys=0.00, real=0.02 secs] 
2014-07-08T09:41:15.198+0000: 1245.771: [GC [PSYoungGen: 171094K->2068K(205568K)] 380720K->211863K(892544K), 0.0500630 secs] [Times: user=0.18 sys=0.00, real=0.05 secs] 
2014-07-08T09:41:17.119+0000: 1247.692: [GC [PSYoungGen: 205524K->2192K(246400K)] 415319K->212349K(933376K), 0.0270110 secs] [Times: user=0.10 sys=0.00, real=0.02 secs] 
2014-07-08T09:41:19.675+0000: 1250.248: [GC [PSYoungGen: 246352K->2502K(295552K)] 456509K->212866K(982528K), 0.0105940 secs] [Times: user=0.03 sys=0.00, real=0.01 secs] 
2014-07-08T09:41:22.969+0000: 1253.542: [GC [PSYoungGen: 295494K->1900K(353536K)] 505858K->212569K(1040512K), 0.0155920 secs] [Times: user=0.04 sys=0.00, real=0.01 secs] 
2014-07-08T09:41:26.736+0000: 1257.309: [GC [PSYoungGen: 353514K->3131K(344640K)] 564183K->214120K(1031616K), 0.0269680 secs] [Times: user=0.09 sys=0.00, real=0.03 secs] 
2014-07-08T09:41:30.293+0000: 1260.866: [GC [PSYoungGen: 344635K->1405K(333184K)] 555624K->213894K(1020160K), 0.0113760 secs] [Times: user=0.04 sys=0.00, real=0.01 secs] 
2014-07-08T09:41:33.883+0000: 1264.457: [GC [PSYoungGen: 333181K->3116K(325632K)] 545670K->215821K(1012608K), 0.0296440 secs] [Times: user=0.11 sys=0.00, real=0.03 secs] 
2014-07-08T09:41:37.250+0000: 1267.823: [GC [PSYoungGen: 325612K->2409K(315968K)] 538317K->215834K(1002944K), 0.0244450 secs] [Times: user=0.07 sys=0.00, real=0.03 secs] 
2014-07-08T09:41:40.435+0000: 1271.008: [GC [PSYoungGen: 315945K->2632K(307648K)] 529370K->216361K(994624K), 0.0160780 secs] [Times: user=0.06 sys=0.00, real=0.02 secs] 
2014-07-08T09:41:43.912+0000: 1274.485: [GC [PSYoungGen: 307592K->2217K(298944K)] 521321K->216322K(985920K), 0.0108060 secs] [Times: user=0.04 sys=0.00, real=0.01 secs] 
2014-07-08T09:41:47.223+0000: 1277.796: [GC [PSYoungGen: 298905K->2843K(291648K)] 513010K->217292K(978624K), 0.0217140 secs] [Times: user=0.07 sys=0.00, real=0.02 secs] 
2014-07-08T09:41:50.437+0000: 1281.010: [GC [PSYoungGen: 291579K->1953K(283136K)] 506028K->217405K(970112K), 0.0057050 secs] [Times: user=0.02 sys=0.00, real=0.00 secs] 
2014-07-08T09:41:53.685+0000: 1284.258: [GC [PSYoungGen: 283062K->3130K(276992K)] 498514K->218895K(963968K), 0.0208510 secs] [Times: user=0.07 sys=0.00, real=0.02 secs] 
2014-07-08T09:41:56.418+0000: 1286.991: [GC [PSYoungGen: 276986K->1971K(268800K)] 492751K->218783K(955776K), 0.0084900 secs] [Times: user=0.03 sys=0.00, real=0.01 secs] 
2014-07-08T09:41:59.431+0000: 1290.004: [GC [PSYoungGen: 268787K->2313K(262400K)] 485599K->219405K(949376K), 0.0260700 secs] [Times: user=0.10 sys=0.00, real=0.03 secs] 
2014-07-08T09:42:02.365+0000: 1292.938: [GC [PSYoungGen: 262345K->2412K(255936K)] 479437K->219777K(942912K), 0.0225220 secs] [Times: user=0.08 sys=0.00, real=0.02 secs] 
2014-07-08T09:42:05.120+0000: 1295.693: [GC [PSYoungGen: 255916K->2317K(249600K)] 473281K->219953K(936576K), 0.0160590 secs] [Times: user=0.04 sys=0.00, real=0.02 secs] 
2014-07-08T09:42:07.860+0000: 1298.434: [GC [PSYoungGen: 249549K->2429K(243648K)] 467185K->220817K(930624K), 0.0208610 secs] [Times: user=0.07 sys=0.00, real=0.02 secs] 
2014-07-08T09:42:10.483+0000: 1301.056: [GC [PSYoungGen: 243640K->2505K(237952K)] 462028K->221157K(924928K), 0.0235890 secs] [Times: user=0.08 sys=0.00, real=0.03 secs] 
2014-07-08T09:42:13.455+0000: 1304.028: [GC [PSYoungGen: 237810K->2363K(232192K)] 456462K->221553K(919168K), 0.0174270 secs] [Times: user=0.05 sys=0.00, real=0.02 secs] 
2014-07-08T09:42:15.899+0000: 1306.472: [GC [PSYoungGen: 232187K->2530K(227008K)] 451377K->222025K(913984K), 0.0190340 secs] [Times: user=0.06 sys=0.00, real=0.02 secs] 
2014-07-08T09:42:18.390+0000: 1308.964: [GC [PSYoungGen: 226978K->2256K(221568K)] 446473K->222137K(908544K), 0.0184730 secs] [Times: user=0.04 sys=0.01, real=0.02 secs] 
2014-07-08T09:42:20.945+0000: 1311.518: [GC [PSYoungGen: 221485K->2142K(216448K)] 441365K->222223K(903424K), 0.0154920 secs] [Times: user=0.06 sys=0.00, real=0.02 secs] 
2014-07-08T09:42:23.336+0000: 1313.909: [GC [PSYoungGen: 216414K->2352K(211840K)] 436495K->222704K(898816K), 0.0206520 secs] [Times: user=0.07 sys=0.00, real=0.02 secs] 
2014-07-08T09:42:25.515+0000: 1316.088: [GC [PSYoungGen: 211804K->2484K(207296K)] 432157K->223132K(894272K), 0.0252290 secs] [Times: user=0.08 sys=0.00, real=0.03 secs] 
2014-07-08T09:42:27.731+0000: 1318.304: [GC [PSYoungGen: 207276K->2092K(202432K)] 427924K->223197K(889408K), 0.0268510 secs] [Times: user=0.09 sys=0.00, real=0.03 secs] 
2014-07-08T09:42:29.971+0000: 1320.544: [GC [PSYoungGen: 202412K->2380K(242816K)] 423517K->223741K(929792K), 0.0510720 secs] [Times: user=0.20 sys=0.01, real=0.05 secs] 
2014-07-08T09:42:32.338+0000: 1322.912: [GC [PSYoungGen: 242764K->2159K(290688K)] 464125K->224205K(977664K), 0.0284540 secs] [Times: user=0.10 sys=0.00, real=0.03 secs] 
2014-07-08T09:42:35.740+0000: 1326.314: [GC [PSYoungGen: 290664K->3098K(349376K)] 512711K->225297K(1036352K), 0.0203300 secs] [Times: user=0.07 sys=0.00, real=0.02 secs] 
2014-07-08T09:42:38.326+0000: 1328.899: [GC [PSYoungGen: 349302K->1406K(337728K)] 571500K->224558K(1024704K), 0.0145310 secs] [Times: user=0.05 sys=0.00, real=0.02 secs] 
2014-07-08T09:42:41.954+0000: 1332.528: [GC [PSYoungGen: 337724K->3379K(330240K)] 560877K->226766K(1017216K), 0.0328310 secs] [Times: user=0.11 sys=0.00, real=0.03 secs] 
2014-07-08T09:42:45.618+0000: 1336.191: [GC [PSYoungGen: 330227K->2024K(319808K)] 553614K->226325K(1006784K), 0.0202200 secs] [Times: user=0.05 sys=0.00, real=0.02 secs] 
2014-07-08T09:42:49.199+0000: 1339.772: [GC [PSYoungGen: 319784K->2725K(311744K)] 544085K->227482K(998720K), 0.0217190 secs] [Times: user=0.08 sys=0.01, real=0.02 secs] 
2014-07-08T09:42:52.846+0000: 1343.419: [GC [PSYoungGen: 311717K->2661K(303296K)] 536474K->227842K(990272K), 0.0110490 secs] [Times: user=0.03 sys=0.00, real=0.01 secs] 
2014-07-08T09:42:56.087+0000: 1346.660: [GC [PSYoungGen: 303191K->2690K(295296K)] 528372K->228167K(982272K), 0.0180530 secs] [Times: user=0.06 sys=0.00, real=0.02 secs] 
2014-07-08T09:42:59.039+0000: 1349.612: [GC [PSYoungGen: 295205K->1896K(286720K)] 520682K->228137K(973696K), 0.0252690 secs] [Times: user=0.10 sys=0.00, real=0.03 secs] 
2014-07-08T09:43:02.362+0000: 1352.935: [GC [PSYoungGen: 286696K->2761K(280192K)] 512937K->229202K(967168K), 0.0304850 secs] [Times: user=0.11 sys=0.00, real=0.03 secs] 
2014-07-08T09:43:05.285+0000: 1355.858: [GC [PSYoungGen: 280137K->2348K(272576K)] 506578K->229157K(959552K), 0.0180420 secs] [Times: user=0.07 sys=0.00, real=0.01 secs] 
2014-07-08T09:43:08.409+0000: 1358.983: [GC [PSYoungGen: 272555K->2252K(265600K)] 499364K->229461K(952576K), 0.0197770 secs] [Times: user=0.07 sys=0.00, real=0.02 secs] 
2014-07-08T09:43:11.117+0000: 1361.690: [GC [PSYoungGen: 265540K->2162K(258880K)] 492748K->230335K(945856K), 0.0081420 secs] [Times: user=0.02 sys=0.00, real=0.01 secs] 
2014-07-08T09:43:13.917+0000: 1364.490: [GC [PSYoungGen: 258866K->2679K(252992K)] 487039K->231094K(939968K), 0.0143240 secs] [Times: user=0.05 sys=0.01, real=0.01 secs] 
2014-07-08T09:43:19.207+0000: 1369.780: [GC [PSYoungGen: 252983K->2230K(246400K)] 481398K->231314K(933376K), 0.0294460 secs] [Times: user=0.11 sys=0.00, real=0.03 secs] 
2014-07-08T09:43:24.784+0000: 1375.357: [GC [PSYoungGen: 246390K->2789K(241088K)] 475474K->232216K(928064K), 0.0155350 secs] [Times: user=0.06 sys=0.00, real=0.02 secs] 
2014-07-08T09:43:26.291+0000: 1376.864: [GC [PSYoungGen: 241061K->1916K(234496K)] 470488K->232344K(921472K), 0.0177870 secs] [Times: user=0.06 sys=0.01, real=0.02 secs] 
2014-07-08T09:43:28.549+0000: 1379.122: [GC [PSYoungGen: 234446K->2466K(229568K)] 464873K->233069K(916544K), 0.0232810 secs] [Times: user=0.08 sys=0.00, real=0.02 secs] 
2014-07-08T09:43:30.784+0000: 1381.357: [GC [PSYoungGen: 229538K->2320K(224128K)] 460141K->233195K(911104K), 0.0107160 secs] [Times: user=0.03 sys=0.01, real=0.01 secs] 
2014-07-08T09:43:32.479+0000: 1383.052: [GC [PSYoungGen: 224080K->2821K(219520K)] 454955K->233888K(906496K), 0.0062410 secs] [Times: user=0.02 sys=0.00, real=0.00 secs] 
2014-07-08T09:43:34.790+0000: 1385.363: [GC [PSYoungGen: 219461K->1591K(213312K)] 450528K->233080K(900288K), 0.0177510 secs] [Times: user=0.06 sys=0.01, real=0.01 secs] 
2014-07-08T09:43:37.343+0000: 1387.916: [GC [PSYoungGen: 213303K->2412K(209408K)] 444792K->234229K(896384K), 0.0169060 secs] [Times: user=0.06 sys=0.00, real=0.02 secs] 
2014-07-08T09:43:39.682+0000: 1390.255: [GC [PSYoungGen: 209375K->2604K(204992K)] 441192K->234693K(891968K), 0.0192710 secs] [Times: user=0.07 sys=0.00, real=0.02 secs] 
2014-07-08T09:43:42.033+0000: 1392.606: [GC [PSYoungGen: 204972K->1872K(199872K)] 437061K->234209K(886848K), 0.0200710 secs] [Times: user=0.07 sys=0.00, real=0.02 secs] 
2014-07-08T09:43:44.431+0000: 1395.004: [GC [PSYoungGen: 199823K->2156K(195840K)] 432160K->234765K(882816K), 0.0239880 secs] [Times: user=0.08 sys=0.00, real=0.02 secs] 
2014-07-08T09:43:46.574+0000: 1397.147: [GC [PSYoungGen: 195781K->2092K(191680K)] 428391K->235070K(878656K), 0.0282940 secs] [Times: user=0.09 sys=0.01, real=0.03 secs] 
2014-07-08T09:43:48.829+0000: 1399.402: [GC [PSYoungGen: 191632K->2417K(188032K)] 424609K->235682K(875008K), 0.0220840 secs] [Times: user=0.09 sys=0.00, real=0.02 secs] 
2014-07-08T09:43:50.957+0000: 1401.530: [GC [PSYoungGen: 187992K->2885K(184704K)] 421257K->236382K(871680K), 0.0227980 secs] [Times: user=0.08 sys=0.00, real=0.02 secs] 
2014-07-08T09:43:53.063+0000: 1403.636: [GC [PSYoungGen: 184645K->1316K(219456K)] 418142K->236398K(906432K), 0.0448790 secs] [Times: user=0.16 sys=0.00, real=0.04 secs] 
2014-07-08T09:43:55.288+0000: 1405.861: [GC [PSYoungGen: 219428K->2761K(264576K)] 454510K->237971K(951552K), 0.0175280 secs] [Times: user=0.06 sys=0.00, real=0.02 secs] 
2014-07-08T09:44:00.049+0000: 1410.622: [GC [PSYoungGen: 264521K->2036K(257216K)] 499731K->237741K(944192K), 0.0238700 secs] [Times: user=0.06 sys=0.01, real=0.03 secs] 
2014-07-08T09:44:01.569+0000: 1412.142: [GC [PSYoungGen: 257204K->2284K(308544K)] 492909K->238165K(995520K), 0.0184860 secs] [Times: user=0.07 sys=0.00, real=0.02 secs] 
2014-07-08T09:44:04.256+0000: 1414.829: [GC [PSYoungGen: 308524K->2473K(300480K)] 544405K->238498K(987456K), 0.0099450 secs] [Times: user=0.04 sys=0.00, real=0.01 secs] 
2014-07-08T09:44:07.718+0000: 1418.292: [GC [PSYoungGen: 300457K->2793K(292864K)] 536482K->239130K(979840K), 0.0177020 secs] [Times: user=0.07 sys=0.00, real=0.02 secs] 
2014-07-08T09:44:10.727+0000: 1421.301: [GC [PSYoungGen: 292841K->1406K(283840K)] 529178K->238449K(970816K), 0.0269570 secs] [Times: user=0.08 sys=0.00, real=0.03 secs] 
2014-07-08T09:44:14.145+0000: 1424.718: [GC [PSYoungGen: 283838K->2828K(277952K)] 520881K->240063K(964928K), 0.0192080 secs] [Times: user=0.06 sys=0.01, real=0.02 secs] 
2014-07-08T09:44:17.649+0000: 1428.222: [GC [PSYoungGen: 277900K->2412K(270464K)] 515135K->240167K(957440K), 0.0313440 secs] [Times: user=0.12 sys=0.00, real=0.03 secs] 
2014-07-08T09:44:20.773+0000: 1431.346: [GC [PSYoungGen: 270444K->2665K(263936K)] 508199K->240796K(950912K), 0.0074600 secs] [Times: user=0.02 sys=0.00, real=0.01 secs] 
2014-07-08T09:44:23.848+0000: 1434.421: [GC [PSYoungGen: 263913K->1854K(256576K)] 502044K->240483K(943552K), 0.0269170 secs] [Times: user=0.10 sys=0.00, real=0.02 secs] 
2014-07-08T09:44:26.884+0000: 1437.457: [GC [PSYoungGen: 256574K->2540K(251008K)] 495203K->241457K(937984K), 0.0222280 secs] [Times: user=0.06 sys=0.00, real=0.03 secs] 
2014-07-08T09:44:29.749+0000: 1440.322: [GC [PSYoungGen: 250987K->2295K(244672K)] 489904K->241644K(931648K), 0.0195310 secs] [Times: user=0.04 sys=0.00, real=0.02 secs] 
2014-07-08T09:44:32.614+0000: 1443.187: [GC [PSYoungGen: 244619K->2032K(238592K)] 483968K->241661K(925568K), 0.0137470 secs] [Times: user=0.04 sys=0.00, real=0.02 secs] 
2014-07-08T09:44:35.554+0000: 1446.127: [GC [PSYoungGen: 238576K->2217K(233152K)] 478205K->242286K(920128K), 0.0135050 secs] [Times: user=0.05 sys=0.00, real=0.01 secs] 
2014-07-08T09:44:38.219+0000: 1448.792: [GC [PSYoungGen: 233129K->2352K(227840K)] 473198K->242813K(914816K), 0.0137550 secs] [Times: user=0.03 sys=0.00, real=0.01 secs] 
2014-07-08T09:44:40.627+0000: 1451.200: [GC [PSYoungGen: 227824K->1953K(222208K)] 468285K->243042K(909184K), 0.0215580 secs] [Times: user=0.06 sys=0.01, real=0.02 secs] 
2014-07-08T09:44:42.956+0000: 1453.529: [GC [PSYoungGen: 222176K->1716K(266048K)] 463265K->242989K(953024K), 0.0714160 secs] [Times: user=0.20 sys=0.01, real=0.07 secs] 
2014-07-08T09:44:45.360+0000: 1455.933: [GC [PSYoungGen: 266035K->2320K(319552K)] 507308K->243817K(1006528K), 0.0274370 secs] [Times: user=0.09 sys=0.00, real=0.02 secs] 
2014-07-08T09:44:49.198+0000: 1459.771: [GC [PSYoungGen: 319504K->2540K(383232K)] 561001K->244358K(1070208K), 0.0203220 secs] [Times: user=0.07 sys=0.01, real=0.02 secs] 
2014-07-08T09:44:53.587+0000: 1464.160: [GC [PSYoungGen: 383168K->1534K(370880K)] 624985K->244267K(1057856K), 0.0261050 secs] [Times: user=0.08 sys=0.00, real=0.03 secs] 
2014-07-08T09:44:57.822+0000: 1468.395: [GC [PSYoungGen: 370846K->2974K(361536K)] 613580K->246060K(1048512K), 0.0307550 secs] [Times: user=0.11 sys=0.00, real=0.03 secs] 
2014-07-08T09:45:01.977+0000: 1472.550: [GC [PSYoungGen: 361502K->1761K(349952K)] 604588K->246024K(1036928K), 0.0331470 secs] [Times: user=0.13 sys=0.00, real=0.03 secs] 
2014-07-08T09:45:05.182+0000: 1475.755: [GC [PSYoungGen: 349921K->2655K(340864K)] 594184K->247214K(1027840K), 0.0239270 secs] [Times: user=0.09 sys=0.00, real=0.03 secs] 
2014-07-08T09:45:08.878+0000: 1479.451: [GC [PSYoungGen: 340831K->2224K(330880K)] 585390K->247313K(1017856K), 0.0229600 secs] [Times: user=0.07 sys=0.00, real=0.02 secs] 
2014-07-08T09:45:12.371+0000: 1482.945: [GC [PSYoungGen: 330851K->2338K(321856K)] 575940K->247691K(1008832K), 0.0225690 secs] [Times: user=0.08 sys=0.00, real=0.03 secs] 
2014-07-08T09:45:15.888+0000: 1486.461: [GC [PSYoungGen: 321826K->2092K(312768K)] 567179K->247926K(999744K), 0.0132730 secs] [Times: user=0.06 sys=0.00, real=0.01 secs] 
2014-07-08T09:45:19.240+0000: 1489.814: [GC [PSYoungGen: 312748K->2857K(305088K)] 558581K->249106K(992064K), 0.0276500 secs] [Times: user=0.09 sys=0.00, real=0.03 secs] 
2014-07-08T09:45:22.233+0000: 1492.806: [GC [PSYoungGen: 305065K->1462K(295552K)] 551314K->249114K(982528K), 0.0227790 secs] [Times: user=0.08 sys=0.00, real=0.03 secs] 
2014-07-08T09:45:24.860+0000: 1495.433: [GC [PSYoungGen: 295542K->1926K(288256K)] 543194K->249697K(975232K), 0.0174910 secs] [Times: user=0.06 sys=0.00, real=0.02 secs] 
2014-07-08T09:45:27.494+0000: 1498.068: [GC [PSYoungGen: 288198K->2544K(281344K)] 535969K->250757K(968320K), 0.0115900 secs] [Times: user=0.04 sys=0.00, real=0.02 secs] 
2014-07-08T09:45:30.215+0000: 1500.788: [GC [PSYoungGen: 281328K->2637K(274240K)] 529541K->251185K(961216K), 0.0129060 secs] [Times: user=0.03 sys=0.00, real=0.02 secs] 
2014-07-08T09:45:33.023+0000: 1503.596: [GC [PSYoungGen: 274156K->1334K(265984K)] 522705K->251313K(952960K), 0.0217460 secs] [Times: user=0.08 sys=0.00, real=0.02 secs] 
2014-07-08T09:45:35.874+0000: 1506.447: [GC [PSYoungGen: 265974K->2605K(260608K)] 515953K->252800K(947584K), 0.0061890 secs] [Times: user=0.02 sys=0.00, real=0.01 secs] 
2014-07-08T09:45:38.231+0000: 1508.804: [GC [PSYoungGen: 260589K->2416K(254016K)] 510784K->253048K(940992K), 0.0112670 secs] [Times: user=0.04 sys=0.00, real=0.01 secs] 
2014-07-08T09:45:40.803+0000: 1511.376: [GC [PSYoungGen: 254000K->2821K(248256K)] 504632K->253692K(935232K), 0.0176940 secs] [Times: user=0.06 sys=0.00, real=0.02 secs] 
2014-07-08T09:45:43.233+0000: 1513.807: [GC [PSYoungGen: 248197K->1128K(240576K)] 499068K->253204K(927552K), 0.0405380 secs] [Times: user=0.14 sys=0.00, real=0.04 secs] 
2014-07-08T09:45:45.599+0000: 1516.172: [GC [PSYoungGen: 240495K->3196K(236864K)] 492571K->255735K(923840K), 0.0191500 secs] [Times: user=0.07 sys=0.00, real=0.01 secs] 
2014-07-08T09:45:48.395+0000: 1518.968: [GC [PSYoungGen: 236860K->2092K(230272K)] 489399K->255334K(917248K), 0.0250850 secs] [Times: user=0.08 sys=0.00, real=0.03 secs] 
2014-07-08T09:45:50.932+0000: 1521.505: [GC [PSYoungGen: 230252K->2093K(224960K)] 483494K->255670K(911936K), 0.0251310 secs] [Times: user=0.08 sys=0.01, real=0.02 secs] 
2014-07-08T09:45:53.141+0000: 1523.715: [GC [PSYoungGen: 224939K->2004K(219776K)] 478517K->255837K(906752K), 0.0177270 secs] [Times: user=0.06 sys=0.00, real=0.01 secs] 
2014-07-08T09:45:55.274+0000: 1525.847: [GC [PSYoungGen: 219713K->3105K(215936K)] 473547K->257155K(902912K), 0.0129210 secs] [Times: user=0.04 sys=0.00, real=0.01 secs] 
2014-07-08T09:45:57.326+0000: 1527.899: [GC [PSYoungGen: 215905K->1901K(209920K)] 469955K->256310K(896896K), 0.0188500 secs] [Times: user=0.06 sys=0.00, real=0.02 secs] 
2014-07-08T09:45:59.610+0000: 1530.184: [GC [PSYoungGen: 209867K->2253K(205696K)] 464277K->256918K(892672K), 0.0223890 secs] [Times: user=0.07 sys=0.00, real=0.03 secs] 
2014-07-08T09:46:01.769+0000: 1532.342: [GC [PSYoungGen: 205643K->2334K(246464K)] 460308K->257296K(933440K), 0.0654660 secs] [Times: user=0.19 sys=0.00, real=0.07 secs] 
2014-07-08T09:46:04.473+0000: 1535.047: [GC [PSYoungGen: 246394K->2672K(295616K)] 501356K->257842K(982592K), 0.0246000 secs] [Times: user=0.08 sys=0.00, real=0.02 secs] 
2014-07-08T09:46:07.905+0000: 1538.478: [GC [PSYoungGen: 295503K->2024K(353600K)] 550673K->258098K(1040576K), 0.0214600 secs] [Times: user=0.08 sys=0.00, real=0.02 secs] 
2014-07-08T09:46:12.133+0000: 1542.706: [GC [PSYoungGen: 353518K->2868K(344320K)] 609592K->259238K(1031296K), 0.0190830 secs] [Times: user=0.07 sys=0.00, real=0.02 secs] 
2014-07-08T09:46:16.272+0000: 1546.846: [GC [PSYoungGen: 344308K->2153K(333888K)] 600678K->259535K(1020864K), 0.0325810 secs] [Times: user=0.11 sys=0.00, real=0.04 secs] 
2014-07-08T09:46:19.978+0000: 1550.551: [GC [PSYoungGen: 333865K->2228K(324672K)] 591247K->260074K(1011648K), 0.0103550 secs] [Times: user=0.03 sys=0.00, real=0.01 secs] 
2014-07-08T09:46:23.497+0000: 1554.070: [GC [PSYoungGen: 324629K->2544K(316096K)] 582474K->260766K(1003072K), 0.0182760 secs] [Times: user=0.07 sys=0.00, real=0.02 secs] 
2014-07-08T09:46:27.136+0000: 1557.709: [GC [PSYoungGen: 316055K->2939K(307904K)] 574277K->261537K(994880K), 0.0125450 secs] [Times: user=0.05 sys=0.01, real=0.01 secs] 
2014-07-08T09:46:30.845+0000: 1561.418: [GC [PSYoungGen: 307808K->1572K(298304K)] 566406K->261654K(985280K), 0.0375840 secs] [Times: user=0.14 sys=0.00, real=0.03 secs] 
2014-07-08T09:46:34.299+0000: 1564.872: [GC [PSYoungGen: 298276K->2552K(291328K)] 558358K->262906K(978304K), 0.0430460 secs] [Times: user=0.15 sys=0.00, real=0.04 secs] 
2014-07-08T09:46:55.703+0000: 1586.277: [GC [PSYoungGen: 291320K->2452K(283648K)] 551674K->263442K(970624K), 0.0186100 secs] [Times: user=0.06 sys=0.00, real=0.02 secs] 
2014-07-08T09:46:56.998+0000: 1587.571: [GC [PSYoungGen: 283604K->2889K(340352K)] 544594K->264335K(1027328K), 0.0277160 secs] [Times: user=0.10 sys=0.01, real=0.03 secs] 
2014-07-08T09:47:00.362+0000: 1590.935: [GC [PSYoungGen: 340260K->1662K(329536K)] 601706K->264002K(1016512K), 0.0243320 secs] [Times: user=0.08 sys=0.00, real=0.02 secs] 
2014-07-08T09:47:03.773+0000: 1594.346: [GC [PSYoungGen: 329502K->3000K(321728K)] 591842K->265580K(1008704K), 0.0222080 secs] [Times: user=0.07 sys=0.00, real=0.02 secs] 
2014-07-08T09:47:06.656+0000: 1597.229: [GC [PSYoungGen: 321720K->2284K(312256K)] 584300K->265348K(999232K), 0.0053920 secs] [Times: user=0.01 sys=0.01, real=0.01 secs] 
2014-07-08T09:47:09.770+0000: 1600.343: [GC [PSYoungGen: 312236K->2284K(303808K)] 575300K->265628K(990784K), 0.0162450 secs] [Times: user=0.04 sys=0.00, real=0.02 secs] 
2014-07-08T09:47:12.709+0000: 1603.283: [GC [PSYoungGen: 303787K->2483K(295936K)] 567131K->266093K(982912K), 0.0145400 secs] [Times: user=0.05 sys=0.01, real=0.02 secs] 
2014-07-08T09:47:15.773+0000: 1606.346: [GC [PSYoungGen: 295923K->2509K(288192K)] 559533K->266319K(975168K), 0.0313900 secs] [Times: user=0.09 sys=0.01, real=0.03 secs] 
2014-07-08T09:47:21.173+0000: 1611.746: [GC [PSYoungGen: 288119K->1892K(280064K)] 551929K->266725K(967040K), 0.0202430 secs] [Times: user=0.07 sys=0.00, real=0.03 secs] 
2014-07-08T09:47:23.417+0000: 1613.990: [GC [PSYoungGen: 280017K->2367K(273344K)] 544849K->267415K(960320K), 0.0104280 secs] [Times: user=0.03 sys=0.00, real=0.01 secs] 
2014-07-08T09:47:26.365+0000: 1616.939: [GC [PSYoungGen: 273343K->2665K(266752K)] 538391K->268233K(953728K), 0.0487530 secs] [Times: user=0.17 sys=0.00, real=0.05 secs] 
2014-07-08T09:47:28.964+0000: 1619.538: [GC [PSYoungGen: 266729K->2192K(259648K)] 532297K->268128K(946624K), 0.0316390 secs] [Times: user=0.12 sys=0.00, real=0.03 secs] 
2014-07-08T09:47:31.975+0000: 1622.548: [GC [PSYoungGen: 259581K->2167K(253184K)] 525517K->268927K(940160K), 0.0068740 secs] [Times: user=0.02 sys=0.00, real=0.01 secs] 
2014-07-08T09:47:34.500+0000: 1625.073: [GC [PSYoungGen: 253173K->3194K(248064K)] 519933K->270171K(935040K), 0.0084260 secs] [Times: user=0.02 sys=0.00, real=0.01 secs] 
2014-07-08T09:47:37.101+0000: 1627.674: [GC [PSYoungGen: 248058K->1843K(240768K)] 515035K->270011K(927744K), 0.0126380 secs] [Times: user=0.05 sys=0.00, real=0.01 secs] 
2014-07-08T09:47:39.641+0000: 1630.215: [GC [PSYoungGen: 240753K->2828K(236096K)] 508921K->271245K(923072K), 0.0155250 secs] [Times: user=0.06 sys=0.00, real=0.02 secs] 
2014-07-08T09:47:42.141+0000: 1632.714: [GC [PSYoungGen: 236044K->2725K(230464K)] 504461K->271597K(917440K), 0.0264610 secs] [Times: user=0.09 sys=0.00, real=0.03 secs] 
2014-07-08T09:47:44.813+0000: 1635.386: [GC [PSYoungGen: 230437K->2036K(224448K)] 499309K->271068K(911424K), 0.0308120 secs] [Times: user=0.12 sys=0.00, real=0.03 secs] 
2014-07-08T09:47:47.156+0000: 1637.729: [GC [PSYoungGen: 224436K->2384K(219712K)] 493468K->271840K(906688K), 0.0207400 secs] [Times: user=0.08 sys=0.00, real=0.02 secs] 
2014-07-08T09:48:00.357+0000: 1650.930: [GC [PSYoungGen: 219664K->3109K(215488K)] 489120K->272853K(902464K), 0.0304800 secs] [Times: user=0.11 sys=0.00, real=0.03 secs] 
2014-07-08T09:48:00.849+0000: 1651.422: [GC [PSYoungGen: 215457K->1904K(256768K)] 485201K->272186K(943744K), 0.0214310 secs] [Times: user=0.07 sys=0.00, real=0.03 secs] 
2014-07-08T09:48:02.396+0000: 1652.969: [GC [PSYoungGen: 256752K->2256K(308160K)] 527034K->272722K(995136K), 0.0060660 secs] [Times: user=0.02 sys=0.00, real=0.01 secs] 
2014-07-08T09:48:05.744+0000: 1656.317: [GC [PSYoungGen: 308081K->2892K(369984K)] 578548K->273591K(1056960K), 0.0196830 secs] [Times: user=0.08 sys=0.00, real=0.02 secs] 
2014-07-08T09:48:09.839+0000: 1660.412: [GC [PSYoungGen: 369932K->2164K(442624K)] 640631K->273342K(1129600K), 0.0301780 secs] [Times: user=0.08 sys=0.00, real=0.03 secs] 
2014-07-08T09:48:15.213+0000: 1665.786: [GC [PSYoungGen: 442612K->2359K(428928K)] 713790K->274091K(1115904K), 0.0410970 secs] [Times: user=0.14 sys=0.00, real=0.04 secs] 
2014-07-08T09:48:20.318+0000: 1670.891: [GC [PSYoungGen: 428919K->2217K(415552K)] 700651K->274517K(1102528K), 0.0208230 secs] [Times: user=0.05 sys=0.00, real=0.02 secs] 
2014-07-08T09:48:24.647+0000: 1675.220: [GC [PSYoungGen: 415506K->2750K(403392K)] 687806K->275579K(1090368K), 0.0285900 secs] [Times: user=0.11 sys=0.00, real=0.03 secs] 
2014-07-08T09:48:30.966+0000: 1681.540: [GC [PSYoungGen: 403390K->3041K(391552K)] 676219K->276317K(1078528K), 0.0402570 secs] [Times: user=0.15 sys=0.00, real=0.04 secs] 
2014-07-08T09:48:32.286+0000: 1682.859: [GC [PSYoungGen: 391520K->1776K(378624K)] 664797K->275815K(1065600K), 0.0114010 secs] [Times: user=0.03 sys=0.00, real=0.01 secs] 
2014-07-08T09:48:37.758+0000: 1688.331: [GC [PSYoungGen: 378607K->3085K(368832K)] 652646K->277379K(1055808K), 0.0343540 secs] [Times: user=0.13 sys=0.00, real=0.03 secs] 
2014-07-08T09:48:41.579+0000: 1692.153: [GC [PSYoungGen: 368781K->2657K(357696K)] 643075K->277599K(1044672K), 0.0162440 secs] [Times: user=0.06 sys=0.00, real=0.02 secs] 
2014-07-08T09:48:45.035+0000: 1695.608: [GC [PSYoungGen: 357664K->2668K(347456K)] 632606K->277891K(1034432K), 0.0240600 secs] [Times: user=0.09 sys=0.00, real=0.03 secs] 
2014-07-08T09:49:14.674+0000: 1725.248: [GC [PSYoungGen: 347435K->2324K(337280K)] 622657K->277970K(1024256K), 0.0298560 secs] [Times: user=0.12 sys=0.01, real=0.03 secs] 
2014-07-08T09:49:15.650+0000: 1726.224: [GC [PSYoungGen: 337235K->2857K(404800K)] 612882K->278999K(1091776K), 0.0240920 secs] [Times: user=0.08 sys=0.00, real=0.02 secs] 
2014-07-08T09:49:20.442+0000: 1731.015: [GC [PSYoungGen: 404777K->2352K(392064K)] 680919K->278759K(1079040K), 0.0166170 secs] [Times: user=0.06 sys=0.00, real=0.01 secs] 
2014-07-08T09:49:25.014+0000: 1735.587: [GC [PSYoungGen: 392048K->2640K(380672K)] 668455K->279606K(1067648K), 0.0350140 secs] [Times: user=0.13 sys=0.00, real=0.03 secs] 
2014-07-08T09:49:29.631+0000: 1740.205: [GC [PSYoungGen: 380541K->2274K(369088K)] 657508K->280100K(1056064K), 0.0209630 secs] [Times: user=0.05 sys=0.01, real=0.03 secs] 
2014-07-08T09:50:09.397+0000: 1779.970: [GC [PSYoungGen: 369025K->2608K(358656K)] 646851K->280914K(1045632K), 0.0211880 secs] [Times: user=0.08 sys=0.00, real=0.02 secs] 
2014-07-08T09:50:12.315+0000: 1782.888: [GC [PSYoungGen: 358640K->2426K(348160K)] 636946K->281343K(1035136K), 0.0359690 secs] [Times: user=0.13 sys=0.00, real=0.04 secs] 
2014-07-08T09:50:16.215+0000: 1786.788: [GC [PSYoungGen: 348154K->2164K(338048K)] 627071K->281432K(1025024K), 0.0215750 secs] [Times: user=0.08 sys=0.00, real=0.02 secs] 
2014-07-08T09:50:20.171+0000: 1790.744: [GC [PSYoungGen: 338036K->2320K(328768K)] 617304K->282061K(1015744K), 0.0346890 secs] [Times: user=0.12 sys=0.00, real=0.03 secs] 
2014-07-08T09:50:26.172+0000: 1796.745: [GC [PSYoungGen: 328685K->1840K(319168K)] 608425K->281988K(1006144K), 0.0064900 secs] [Times: user=0.02 sys=0.00, real=0.00 secs] 
2014-07-08T09:50:26.907+0000: 1797.480: [GC [PSYoungGen: 319152K->2516K(311168K)] 599300K->283073K(998144K), 0.0172310 secs] [Times: user=0.06 sys=0.00, real=0.02 secs] 
2014-07-08T09:50:29.906+0000: 1800.479: [GC [PSYoungGen: 311124K->2192K(302464K)] 591681K->282908K(989440K), 0.0230700 secs] [Times: user=0.08 sys=0.00, real=0.02 secs] 
2014-07-08T09:50:32.773+0000: 1803.346: [GC [PSYoungGen: 302416K->2409K(294592K)] 583132K->283781K(981568K), 0.0227780 secs] [Times: user=0.06 sys=0.01, real=0.02 secs] 
2014-07-08T09:50:36.730+0000: 1807.303: [GC [PSYoungGen: 294569K->2416K(286848K)] 575941K->284141K(973824K), 0.0307040 secs] [Times: user=0.12 sys=0.00, real=0.03 secs] 
2014-07-08T09:51:06.906+0000: 1837.479: [GC [PSYoungGen: 286803K->2482K(279488K)] 568528K->285441K(966464K), 0.0337770 secs] [Times: user=0.12 sys=0.00, real=0.04 secs] 
2014-07-08T09:51:09.187+0000: 1839.760: [GC [PSYoungGen: 279474K->3117K(272960K)] 562433K->286459K(959936K), 0.0139690 secs] [Times: user=0.05 sys=0.00, real=0.02 secs] 
2014-07-08T09:51:11.691+0000: 1842.264: [GC [PSYoungGen: 272941K->2000K(265024K)] 556283K->285747K(952000K), 0.0214810 secs] [Times: user=0.08 sys=0.01, real=0.02 secs] 
2014-07-08T09:51:14.868+0000: 1845.441: [GC [PSYoungGen: 264976K->2256K(258688K)] 548723K->286194K(945664K), 0.0216350 secs] [Times: user=0.08 sys=0.01, real=0.02 secs] 
2014-07-08T09:51:17.803+0000: 1848.377: [GC [PSYoungGen: 258640K->2096K(252160K)] 542578K->286419K(939136K), 0.0207180 secs] [Times: user=0.06 sys=0.00, real=0.02 secs] 
2014-07-08T09:51:20.391+0000: 1850.964: [GC [PSYoungGen: 252115K->2761K(246720K)] 536437K->287475K(933696K), 0.0189680 secs] [Times: user=0.07 sys=0.00, real=0.02 secs] 
2014-07-08T09:51:23.124+0000: 1853.697: [GC [PSYoungGen: 246665K->2597K(240640K)] 531379K->287615K(927616K), 0.0258100 secs] [Times: user=0.07 sys=0.00, real=0.03 secs] 
2014-07-08T09:51:57.961+0000: 1888.534: [GC [PSYoungGen: 240584K->3259K(235584K)] 525602K->288557K(922560K), 0.0254390 secs] [Times: user=0.08 sys=0.00, real=0.03 secs] 
2014-07-08T09:52:06.080+0000: 1896.653: [GC [PSYoungGen: 235579K->1586K(228416K)] 520877K->288327K(915392K), 0.0299630 secs] [Times: user=0.10 sys=0.01, real=0.03 secs] 
2014-07-08T09:52:13.027+0000: 1903.601: [GC [PSYoungGen: 228402K->3141K(224768K)] 515143K->290138K(911744K), 0.0254420 secs] [Times: user=0.09 sys=0.00, real=0.02 secs] 
2014-07-08T09:52:14.987+0000: 1905.560: [GC [PSYoungGen: 224709K->2096K(218560K)] 511706K->289453K(905536K), 0.0250340 secs] [Times: user=0.08 sys=0.00, real=0.03 secs] 
2014-07-08T09:52:16.838+0000: 1907.411: [GC [PSYoungGen: 218544K->1780K(213312K)] 505901K->289448K(900288K), 0.0229290 secs] [Times: user=0.09 sys=0.00, real=0.03 secs] 
2014-07-08T09:52:18.956+0000: 1909.529: [GC [PSYoungGen: 213254K->3202K(210048K)] 500923K->291151K(897024K), 0.0179490 secs] [Times: user=0.04 sys=0.00, real=0.02 secs] 
2014-07-08T09:52:21.297+0000: 1911.871: [GC [PSYoungGen: 209968K->2527K(204800K)] 497916K->290779K(891776K), 0.0157150 secs] [Times: user=0.06 sys=0.00, real=0.02 secs] 
2014-07-08T09:52:23.651+0000: 1914.225: [GC [PSYoungGen: 204742K->2284K(200128K)] 492995K->290721K(887104K), 0.0216080 secs] [Times: user=0.07 sys=0.00, real=0.02 secs] 
2014-07-08T09:52:25.947+0000: 1916.520: [GC [PSYoungGen: 200108K->2192K(195776K)] 488545K->290885K(882752K), 0.0324220 secs] [Times: user=0.11 sys=0.01, real=0.04 secs] 
2014-07-08T09:52:28.110+0000: 1918.683: [GC [PSYoungGen: 195726K->1894K(191360K)] 484419K->290922K(878336K), 0.0238930 secs] [Times: user=0.08 sys=0.00, real=0.02 secs] 
2014-07-08T09:52:30.455+0000: 1921.028: [GC [PSYoungGen: 191297K->2651K(188160K)] 480325K->291912K(875136K), 0.0061540 secs] [Times: user=0.01 sys=0.00, real=0.01 secs] 
2014-07-08T09:52:32.680+0000: 1923.253: [GC [PSYoungGen: 188123K->1868K(183552K)] 477384K->291353K(870528K), 0.0116840 secs] [Times: user=0.02 sys=0.00, real=0.02 secs] 
2014-07-08T09:52:39.466+0000: 1930.039: [GC [PSYoungGen: 183500K->3166K(181120K)] 472985K->292850K(868096K), 0.0304750 secs] [Times: user=0.12 sys=0.00, real=0.03 secs] 
2014-07-08T09:52:49.763+0000: 1940.337: [GC [PSYoungGen: 181086K->2349K(176704K)] 470770K->292401K(863680K), 0.0218990 secs] [Times: user=0.07 sys=0.00, real=0.02 secs] 
2014-07-08T09:52:50.507+0000: 1941.080: [GC [PSYoungGen: 176685K->2281K(211520K)] 466737K->292717K(898496K), 0.0239660 secs] [Times: user=0.09 sys=0.00, real=0.02 secs] 
2014-07-08T09:52:51.625+0000: 1942.198: [GC [PSYoungGen: 211480K->2270K(253376K)] 501916K->292883K(940352K), 0.0274800 secs] [Times: user=0.07 sys=0.00, real=0.02 secs] 
2014-07-08T09:53:02.142+0000: 1952.715: [GC [PSYoungGen: 253333K->2729K(304064K)] 543945K->293541K(991040K), 0.0384560 secs] [Times: user=0.15 sys=0.00, real=0.04 secs] 
2014-07-08T09:54:00.139+0000: 2010.712: [GC [PSYoungGen: 304041K->2288K(295552K)] 594853K->293565K(982528K), 0.0256950 secs] [Times: user=0.07 sys=0.00, real=0.03 secs] 
2014-07-08T09:54:00.778+0000: 2011.351: [GC [PSYoungGen: 295536K->2152K(354112K)] 586813K->293917K(1041088K), 0.0211160 secs] [Times: user=0.07 sys=0.00, real=0.02 secs] 
2014-07-08T09:54:05.919+0000: 2016.493: [GC [PSYoungGen: 354088K->2480K(424832K)] 645853K->294445K(1111808K), 0.0321850 secs] [Times: user=0.12 sys=0.00, real=0.03 secs] 
2014-07-08T09:54:42.113+0000: 2052.687: [GC [PSYoungGen: 424816K->2452K(411776K)] 716781K->295104K(1098752K), 0.0064260 secs] [Times: user=0.02 sys=0.00, real=0.00 secs] 
2014-07-08T09:54:44.647+0000: 2055.221: [GC [PSYoungGen: 411732K->1982K(398720K)] 704384K->295325K(1085696K), 0.0183600 secs] [Times: user=0.06 sys=0.00, real=0.02 secs] 
2014-07-08T09:54:50.968+0000: 2061.541: [GC [PSYoungGen: 398718K->2064K(386880K)] 692061K->295927K(1073856K), 0.0254110 secs] [Times: user=0.07 sys=0.00, real=0.03 secs] 
2014-07-08T09:55:07.758+0000: 2078.331: [GC [PSYoungGen: 386832K->2608K(375872K)] 680695K->297023K(1062848K), 0.0241460 secs] [Times: user=0.08 sys=0.00, real=0.02 secs] 
2014-07-08T09:55:08.637+0000: 2079.210: [GC [PSYoungGen: 375856K->2313K(450304K)] 670271K->297352K(1137280K), 0.0263640 secs] [Times: user=0.10 sys=0.01, real=0.02 secs] 
2014-07-08T09:55:57.690+0000: 2128.263: [GC [PSYoungGen: 450249K->2110K(435840K)] 745288K->297615K(1122816K), 0.0369570 secs] [Times: user=0.14 sys=0.01, real=0.04 secs] 
2014-07-08T09:55:59.855+0000: 2130.428: [GC [PSYoungGen: 435838K->2164K(522688K)] 731343K->298364K(1209664K), 0.0307330 secs] [Times: user=0.11 sys=0.00, real=0.03 secs] 
2014-07-08T09:56:03.818+0000: 2134.391: [GC [PSYoungGen: 522676K->2448K(505664K)] 818876K->299089K(1192640K), 0.0271480 secs] [Times: user=0.10 sys=0.00, real=0.03 secs] 
2014-07-08T09:57:31.863+0000: 2222.437: [GC [PSYoungGen: 505616K->3248K(489856K)] 802257K->300634K(1176832K), 0.0313870 secs] [Times: user=0.12 sys=0.00, real=0.03 secs] 
2014-07-08T09:57:34.787+0000: 2225.361: [GC [PSYoungGen: 489817K->828K(471552K)] 787203K->300756K(1158528K), 0.0314430 secs] [Times: user=0.10 sys=0.00, real=0.03 secs] 
2014-07-08T09:58:54.440+0000: 2305.013: [GC [PSYoungGen: 471548K->3857K(459456K)] 771476K->304000K(1146432K), 0.0223470 secs] [Times: user=0.07 sys=0.01, real=0.02 secs] 
2014-07-08T09:58:58.492+0000: 2309.066: [GC [PSYoungGen: 459361K->2530K(443584K)] 759504K->303885K(1130560K), 0.0297200 secs] [Times: user=0.11 sys=0.00, real=0.03 secs] 
2014-07-08T09:59:51.064+0000: 2361.638: [GC [PSYoungGen: 443554K->2740K(429888K)] 744909K->304687K(1116864K), 0.0081290 secs] [Times: user=0.03 sys=0.01, real=0.01 secs] 
2014-07-08T10:00:12.392+0000: 2382.966: [GC [PSYoungGen: 429876K->2644K(416512K)] 731823K->305135K(1103488K), 0.0247950 secs] [Times: user=0.10 sys=0.00, real=0.02 secs] 
2014-07-08T10:00:51.462+0000: 2422.035: [GC [PSYoungGen: 416443K->2310K(403456K)] 718934K->305633K(1090432K), 0.0351470 secs] [Times: user=0.13 sys=0.00, real=0.04 secs] 
2014-07-08T10:01:06.394+0000: 2436.967: [GC [PSYoungGen: 403398K->2795K(391744K)] 706721K->307001K(1078720K), 0.0152600 secs] [Times: user=0.05 sys=0.00, real=0.02 secs] 
2014-07-08T10:01:10.363+0000: 2440.936: [GC [PSYoungGen: 391723K->2348K(379648K)] 695929K->307114K(1066624K), 0.0295350 secs] [Times: user=0.11 sys=0.00, real=0.03 secs] 
2014-07-08T10:01:23.324+0000: 2453.898: [GC [PSYoungGen: 379628K->2608K(368704K)] 684394K->307877K(1055680K), 0.0388050 secs] [Times: user=0.12 sys=0.00, real=0.04 secs] 
2014-07-08T10:02:07.763+0000: 2498.336: [GC [PSYoungGen: 368611K->3017K(358464K)] 673880K->308983K(1045440K), 0.0188240 secs] [Times: user=0.06 sys=0.00, real=0.02 secs] 
2014-07-08T10:02:09.548+0000: 2500.121: [GC [PSYoungGen: 358409K->2285K(347456K)] 664375K->309018K(1034432K), 0.0386910 secs] [Times: user=0.14 sys=0.00, real=0.03 secs] 
2014-07-08T10:03:12.084+0000: 2562.657: [GC [PSYoungGen: 347421K->2782K(338112K)] 654155K->309940K(1025088K), 0.0327600 secs] [Times: user=0.13 sys=0.00, real=0.03 secs] 
2014-07-08T10:03:56.591+0000: 2607.165: [GC [PSYoungGen: 338059K->2757K(328640K)] 645217K->310498K(1015616K), 0.0130890 secs] [Times: user=0.04 sys=0.01, real=0.02 secs] 
2014-07-08T10:03:58.627+0000: 2609.200: [GC [PSYoungGen: 328581K->2196K(318976K)] 636322K->310345K(1005952K), 0.0224170 secs] [Times: user=0.09 sys=0.00, real=0.02 secs] 
2014-07-08T10:04:17.121+0000: 2627.694: [GC [PSYoungGen: 318932K->2544K(310592K)] 627081K->311101K(997568K), 0.0217720 secs] [Times: user=0.09 sys=0.00, real=0.02 secs] 
2014-07-08T10:05:07.051+0000: 2677.624: [GC [PSYoungGen: 310576K->2821K(302528K)] 619133K->312018K(989504K), 0.0276270 secs] [Times: user=0.09 sys=0.01, real=0.03 secs] 
2014-07-08T10:05:08.695+0000: 2679.268: [GC [PSYoungGen: 302446K->2029K(293696K)] 611643K->311778K(980672K), 0.0181360 secs] [Times: user=0.06 sys=0.00, real=0.01 secs] 
2014-07-08T10:05:33.069+0000: 2703.642: [GC [PSYoungGen: 293677K->2789K(286784K)] 603426K->312890K(973760K), 0.0304630 secs] [Times: user=0.11 sys=0.00, real=0.04 secs] 
2014-07-08T10:05:44.961+0000: 2715.534: [GC [PSYoungGen: 286757K->2354K(278912K)] 596858K->313436K(965888K), 0.0225820 secs] [Times: user=0.09 sys=0.00, real=0.02 secs] 
2014-07-08T10:05:46.402+0000: 2716.975: [GC [PSYoungGen: 278881K->2331K(271808K)] 589962K->313716K(958784K), 0.0218690 secs] [Times: user=0.06 sys=0.01, real=0.02 secs] 
2014-07-08T10:06:12.457+0000: 2743.030: [GC [PSYoungGen: 271771K->2512K(265152K)] 583156K->314209K(952128K), 0.0111920 secs] [Times: user=0.04 sys=0.00, real=0.01 secs] 
2014-07-08T10:06:21.545+0000: 2752.118: [GC [PSYoungGen: 265104K->2661K(258688K)] 576801K->314758K(945664K), 0.0381180 secs] [Times: user=0.13 sys=0.00, real=0.04 secs] 
2014-07-08T10:06:22.644+0000: 2753.218: [GC [PSYoungGen: 258661K->1780K(308992K)] 570758K->314157K(995968K), 0.0376570 secs] [Times: user=0.14 sys=0.00, real=0.04 secs] 
2014-07-08T10:07:06.216+0000: 2796.789: [GC [PSYoungGen: 308980K->2576K(301504K)] 621357K->315257K(988480K), 0.0265530 secs] [Times: user=0.10 sys=0.00, real=0.02 secs] 
2014-07-08T10:08:15.833+0000: 2866.406: [GC [PSYoungGen: 301456K->2917K(293824K)] 614137K->316334K(980800K), 0.0236310 secs] [Times: user=0.09 sys=0.00, real=0.03 secs] 
2014-07-08T10:08:17.209+0000: 2867.782: [GC [PSYoungGen: 293797K->2476K(285696K)] 607214K->316366K(972672K), 0.0202300 secs] [Times: user=0.06 sys=0.00, real=0.02 secs] 
2014-07-08T10:08:21.797+0000: 2872.370: [GC [PSYoungGen: 285676K->2284K(278144K)] 599566K->316654K(965120K), 0.0297270 secs] [Times: user=0.12 sys=0.00, real=0.03 secs] 
2014-07-08T10:10:02.113+0000: 2972.686: [GC [PSYoungGen: 278124K->2416K(271168K)] 592494K->317257K(958144K), 0.0313080 secs] [Times: user=0.12 sys=0.00, real=0.03 secs] 
2014-07-08T10:10:03.120+0000: 2973.693: [GC [PSYoungGen: 271152K->2317K(324864K)] 585993K->317614K(1011840K), 0.0321240 secs] [Times: user=0.11 sys=0.01, real=0.03 secs] 
2014-07-08T10:10:05.568+0000: 2976.141: [GC [PSYoungGen: 324813K->2824K(389888K)] 640110K->318378K(1076864K), 0.0097000 secs] [Times: user=0.03 sys=0.01, real=0.01 secs] 
2014-07-08T10:11:38.854+0000: 3069.427: [GC [PSYoungGen: 389832K->2088K(377536K)] 705386K->318542K(1064512K), 0.0239130 secs] [Times: user=0.09 sys=0.00, real=0.02 secs] 
2014-07-08T10:11:39.931+0000: 3070.504: [GC [PSYoungGen: 377512K->2477K(453056K)] 693966K->319594K(1140032K), 0.0293220 secs] [Times: user=0.10 sys=0.01, real=0.03 secs] 
2014-07-08T10:12:56.524+0000: 3147.098: [GC [PSYoungGen: 453001K->2736K(439040K)] 770118K->320230K(1126016K), 0.0397460 secs] [Times: user=0.16 sys=0.00, real=0.04 secs] 
2014-07-08T10:13:38.352+0000: 3188.926: [GC [PSYoungGen: 439024K->2160K(424768K)] 756518K->320429K(1111744K), 0.0220950 secs] [Times: user=0.09 sys=0.00, real=0.03 secs] 
2014-07-08T10:14:15.891+0000: 3226.464: [GC [PSYoungGen: 424752K->2152K(411648K)] 743021K->321330K(1098624K), 0.0210860 secs] [Times: user=0.08 sys=0.00, real=0.02 secs] 
2014-07-08T10:14:21.390+0000: 3231.963: [GC [PSYoungGen: 411582K->3070K(400000K)] 730760K->322920K(1086976K), 0.0145230 secs] [Times: user=0.05 sys=0.00, real=0.01 secs] 
2014-07-08T10:14:39.954+0000: 3250.527: [GC [PSYoungGen: 399998K->1970K(386880K)] 719848K->323042K(1073856K), 0.0340970 secs] [Times: user=0.13 sys=0.00, real=0.03 secs] 
2014-07-08T10:15:22.178+0000: 3292.751: [GC [PSYoungGen: 386861K->3226K(376640K)] 707933K->324890K(1063616K), 0.0240710 secs] [Times: user=0.09 sys=0.00, real=0.02 secs] 
2014-07-08T10:15:24.988+0000: 3295.562: [GC [PSYoungGen: 376598K->2230K(364608K)] 698262K->324770K(1051584K), 0.0277860 secs] [Times: user=0.09 sys=0.00, real=0.03 secs] 
2014-07-08T10:17:06.938+0000: 3397.511: [GC [PSYoungGen: 364598K->3052K(354880K)] 687138K->326144K(1041856K), 0.0176010 secs] [Times: user=0.07 sys=0.01, real=0.02 secs] 
2014-07-08T10:17:08.192+0000: 3398.765: [GC [PSYoungGen: 354860K->2224K(343936K)] 677952K->326036K(1030912K), 0.0243410 secs] [Times: user=0.09 sys=0.00, real=0.03 secs] 
2014-07-08T10:17:30.984+0000: 3421.558: [GC [PSYoungGen: 343920K->2512K(334528K)] 667732K->326684K(1021504K), 0.0450150 secs] [Times: user=0.17 sys=0.00, real=0.05 secs] 
2014-07-08T10:18:08.447+0000: 3459.020: [GC [PSYoungGen: 334480K->2885K(325568K)] 658652K->327617K(1012544K), 0.0214240 secs] [Times: user=0.08 sys=0.01, real=0.02 secs] 
2014-07-08T10:18:10.362+0000: 3460.936: [GC [PSYoungGen: 325509K->2728K(316416K)] 650241K->327852K(1003392K), 0.0183570 secs] [Times: user=0.07 sys=0.00, real=0.02 secs] 
2014-07-08T10:18:35.797+0000: 3486.371: [GC [PSYoungGen: 316392K->1772K(306880K)] 641516K->327732K(993856K), 0.0258700 secs] [Times: user=0.11 sys=0.00, real=0.03 secs] 
2014-07-08T10:18:53.406+0000: 3503.980: [GC [PSYoungGen: 306860K->2992K(299840K)] 632820K->329504K(986816K), 0.0071400 secs] [Times: user=0.02 sys=0.00, real=0.01 secs] 
2014-07-08T10:18:56.021+0000: 3506.594: [GC [PSYoungGen: 299815K->2430K(291328K)] 626327K->329376K(978304K), 0.0213190 secs] [Times: user=0.08 sys=0.00, real=0.03 secs] 
2014-07-08T10:19:15.792+0000: 3526.365: [GC [PSYoungGen: 291326K->2732K(284032K)] 618272K->330102K(971008K), 0.0347000 secs] [Times: user=0.13 sys=0.00, real=0.04 secs] 
2014-07-08T10:19:46.357+0000: 3556.931: [GC [PSYoungGen: 284002K->1897K(275904K)] 611371K->330278K(962880K), 0.0224870 secs] [Times: user=0.06 sys=0.00, real=0.03 secs] 
2014-07-08T10:19:47.801+0000: 3558.375: [GC [PSYoungGen: 275881K->2395K(269376K)] 604262K->331138K(956352K), 0.0336450 secs] [Times: user=0.12 sys=0.00, real=0.03 secs] 
2014-07-08T10:20:31.750+0000: 3602.324: [GC [PSYoungGen: 269338K->2604K(262784K)] 598082K->331798K(949760K), 0.0081810 secs] [Times: user=0.03 sys=0.00, real=0.01 secs] 
2014-07-08T10:20:32.303+0000: 3602.876: [GC [PSYoungGen: 262764K->2441K(314688K)] 591958K->332098K(1001664K), 0.0320610 secs] [Times: user=0.11 sys=0.01, real=0.03 secs] 
2014-07-08T10:20:34.110+0000: 3604.683: [GC [PSYoungGen: 314633K->1982K(376640K)] 644290K->332098K(1063616K), 0.0329020 secs] [Times: user=0.13 sys=0.00, real=0.03 secs] 
2014-07-08T10:20:53.895+0000: 3624.468: [GC [PSYoungGen: 376620K->2363K(451968K)] 706736K->332919K(1138944K), 0.0268220 secs] [Times: user=0.10 sys=0.00, real=0.03 secs] 
2014-07-08T10:20:54.516+0000: 3625.089: [GC [PSYoungGen: 451915K->1382K(540928K)] 782471K->332762K(1227904K), 0.0048970 secs] [Times: user=0.02 sys=0.00, real=0.01 secs] 
Heap
 PSYoungGen      total 540928K, used 360290K [0x0000000755560000, 0x00000007a7e60000, 0x0000000800000000)
  eden space 539520K, 66% used [0x0000000755560000,0x000000076b3dee70,0x0000000776440000)
  from space 1408K, 98% used [0x00000007a7d00000,0x00000007a7e59a60,0x00000007a7e60000)
  to   space 3584K, 0% used [0x00000007a7760000,0x00000007a7760000,0x00000007a7ae0000)
 ParOldGen       total 686976K, used 331379K [0x0000000600000000, 0x0000000629ee0000, 0x0000000755560000)
  object space 686976K, 48% used [0x0000000600000000,0x000000061439cef8,0x0000000629ee0000)
 PSPermGen       total 21248K, used 11303K [0x00000005f5a00000, 0x00000005f6ec0000, 0x0000000600000000)
  object space 21248K, 53% used [0x00000005f5a00000,0x00000005f6509f20,0x00000005f6ec0000)
