2014-07-08T10:33:13.259+0000: 22.644: [GC [PSYoungGen: 257728K->15172K(300608K)] 257728K->15180K(987584K), 0.0324670 secs] [Times: user=0.16 sys=0.02, real=0.04 secs] 
2014-07-08T10:33:17.301+0000: 26.686: [GC [PSYoungGen: 272900K->16802K(300608K)] 272908K->16818K(987584K), 0.0093040 secs] [Times: user=0.04 sys=0.01, real=0.01 secs] 
2014-07-08T10:33:19.860+0000: 29.245: [GC [PSYoungGen: 274530K->16754K(300608K)] 274546K->16778K(987584K), 0.0216190 secs] [Times: user=0.15 sys=0.00, real=0.02 secs] 
2014-07-08T10:33:22.276+0000: 31.660: [GC [PSYoungGen: 274482K->16898K(300608K)] 274506K->16922K(987584K), 0.0112340 secs] [Times: user=0.06 sys=0.00, real=0.01 secs] 
2014-07-08T10:33:24.763+0000: 34.147: [GC [PSYoungGen: 274626K->17218K(268608K)] 274650K->17250K(955584K), 0.0196810 secs] [Times: user=0.09 sys=0.00, real=0.02 secs] 
2014-07-08T10:33:27.091+0000: 36.476: [GC [PSYoungGen: 268546K->16914K(262144K)] 268578K->16946K(949120K), 0.0263230 secs] [Times: user=0.15 sys=0.03, real=0.03 secs] 
2014-07-08T10:33:29.032+0000: 38.417: [GC [PSYoungGen: 262098K->4291K(243584K)] 262130K->20214K(930560K), 0.0136870 secs] [Times: user=0.06 sys=0.01, real=0.02 secs] 
2014-07-08T10:33:30.705+0000: 40.090: [GC [PSYoungGen: 243523K->6776K(242304K)] 259446K->22957K(929280K), 0.0052770 secs] [Times: user=0.03 sys=0.00, real=0.00 secs] 
2014-07-08T10:33:32.401+0000: 41.785: [GC [PSYoungGen: 240312K->9698K(237760K)] 256493K->25927K(924736K), 0.0057880 secs] [Times: user=0.03 sys=0.00, real=0.01 secs] 
2014-07-08T10:33:34.009+0000: 43.393: [GC [PSYoungGen: 237730K->4589K(240256K)] 253959K->27113K(927232K), 0.0129180 secs] [Times: user=0.08 sys=0.01, real=0.01 secs] 
2014-07-08T10:33:35.554+0000: 44.939: [GC [PSYoungGen: 227309K->1877K(219520K)] 249833K->28501K(906496K), 0.0036000 secs] [Times: user=0.02 sys=0.00, real=0.01 secs] 
2014-07-08T10:33:37.081+0000: 46.466: [GC [PSYoungGen: 219445K->1081K(231936K)] 246068K->29184K(918912K), 0.0049700 secs] [Times: user=0.02 sys=0.00, real=0.01 secs] 
2014-07-08T10:33:38.467+0000: 47.852: [GC [PSYoungGen: 213753K->1560K(209472K)] 241856K->30154K(896448K), 0.0061700 secs] [Times: user=0.03 sys=0.00, real=0.00 secs] 
2014-07-08T10:33:39.783+0000: 49.168: [GC [PSYoungGen: 209432K->1121K(222592K)] 238026K->30605K(909568K), 0.0060220 secs] [Times: user=0.03 sys=0.00, real=0.01 secs] 
2014-07-08T10:33:41.039+0000: 50.424: [GC [PSYoungGen: 204385K->804K(199616K)] 233869K->30807K(886592K), 0.0034270 secs] [Times: user=0.02 sys=0.01, real=0.00 secs] 
2014-07-08T10:33:42.225+0000: 51.610: [GC [PSYoungGen: 199588K->1113K(213120K)] 229591K->31322K(900096K), 0.0050930 secs] [Times: user=0.02 sys=0.01, real=0.01 secs] 
2014-07-08T10:33:43.399+0000: 52.784: [GC [PSYoungGen: 195609K->712K(191104K)] 225818K->31404K(878080K), 0.0089600 secs] [Times: user=0.04 sys=0.00, real=0.01 secs] 
2014-07-08T10:33:44.542+0000: 53.927: [GC [PSYoungGen: 191048K->758K(203776K)] 221740K->31538K(890752K), 0.0042880 secs] [Times: user=0.02 sys=0.01, real=0.01 secs] 
2014-07-08T10:33:45.674+0000: 55.059: [GC [PSYoungGen: 187062K->648K(183104K)] 217842K->31484K(870080K), 0.0050920 secs] [Times: user=0.02 sys=0.01, real=0.01 secs] 
2014-07-08T10:33:46.751+0000: 56.136: [GC [PSYoungGen: 183048K->644K(194752K)] 213884K->31552K(881728K), 0.0066670 secs] [Times: user=0.03 sys=0.00, real=0.01 secs] 
2014-07-08T10:33:47.803+0000: 57.188: [GC [PSYoungGen: 179255K->580K(175616K)] 210164K->31552K(862592K), 0.0059300 secs] [Times: user=0.03 sys=0.00, real=0.01 secs] 
2014-07-08T10:33:48.856+0000: 58.241: [GC [PSYoungGen: 175509K->587K(186048K)] 206481K->31592K(873024K), 0.0057180 secs] [Times: user=0.03 sys=0.00, real=0.01 secs] 
2014-07-08T10:33:49.850+0000: 59.235: [GC [PSYoungGen: 172043K->516K(168640K)] 203048K->31568K(855616K), 0.0118400 secs] [Times: user=0.06 sys=0.00, real=0.01 secs] 
2014-07-08T10:33:50.850+0000: 60.235: [GC [PSYoungGen: 168537K->566K(177920K)] 199590K->31682K(864896K), 0.0082700 secs] [Times: user=0.04 sys=0.00, real=0.01 secs] 
2014-07-08T10:33:51.811+0000: 61.196: [GC [PSYoungGen: 165366K->887K(162496K)] 196482K->32036K(849472K), 0.0052110 secs] [Times: user=0.02 sys=0.00, real=0.00 secs] 
2014-07-08T10:33:52.754+0000: 62.139: [GC [PSYoungGen: 162487K->722K(169984K)] 193636K->31943K(856960K), 0.0057990 secs] [Times: user=0.02 sys=0.00, real=0.01 secs] 
2014-07-08T10:33:53.692+0000: 63.077: [GC [PSYoungGen: 159250K->608K(156160K)] 190471K->31853K(843136K), 0.0038060 secs] [Times: user=0.01 sys=0.00, real=0.00 secs] 
2014-07-08T10:33:54.595+0000: 63.979: [GC [PSYoungGen: 156128K->534K(162688K)] 187373K->31810K(849664K), 0.0035660 secs] [Times: user=0.01 sys=0.01, real=0.01 secs] 
2014-07-08T10:33:55.530+0000: 64.915: [GC [PSYoungGen: 153172K->516K(150400K)] 184449K->31856K(837376K), 0.0041670 secs] [Times: user=0.01 sys=0.01, real=0.00 secs] 
2014-07-08T10:33:56.464+0000: 65.849: [GC [PSYoungGen: 150340K->516K(155776K)] 181680K->31904K(842752K), 0.0056620 secs] [Times: user=0.03 sys=0.00, real=0.01 secs] 
2014-07-08T10:33:57.299+0000: 66.684: [GC [PSYoungGen: 147588K->534K(145024K)] 178976K->31954K(832000K), 0.0061240 secs] [Times: user=0.02 sys=0.00, real=0.00 secs] 
2014-07-08T10:33:58.144+0000: 67.529: [GC [PSYoungGen: 144982K->584K(149440K)] 176402K->32084K(836416K), 0.0035550 secs] [Times: user=0.01 sys=0.00, real=0.00 secs] 
2014-07-08T10:33:59.012+0000: 68.397: [GC [PSYoungGen: 142472K->566K(139968K)] 173972K->32114K(826944K), 0.0039830 secs] [Times: user=0.02 sys=0.00, real=0.00 secs] 
2014-07-08T10:33:59.871+0000: 69.256: [GC [PSYoungGen: 139930K->754K(143232K)] 171479K->32383K(830208K), 0.0042420 secs] [Times: user=0.02 sys=0.00, real=0.00 secs] 
2014-07-08T10:34:00.671+0000: 70.056: [GC [PSYoungGen: 137714K->502K(135104K)] 169343K->32178K(822080K), 0.0038130 secs] [Times: user=0.02 sys=0.00, real=0.00 secs] 
2014-07-08T10:34:01.482+0000: 70.866: [GC [PSYoungGen: 135094K->598K(137664K)] 166770K->32338K(824640K), 0.0047030 secs] [Times: user=0.02 sys=0.00, real=0.00 secs] 
2014-07-08T10:34:02.257+0000: 71.641: [GC [PSYoungGen: 132886K->812K(130880K)] 164626K->32617K(817856K), 0.0044680 secs] [Times: user=0.01 sys=0.00, real=0.01 secs] 
2014-07-08T10:34:03.010+0000: 72.395: [GC [PSYoungGen: 130854K->680K(132352K)] 162659K->32556K(819328K), 0.0036050 secs] [Times: user=0.01 sys=0.00, real=0.00 secs] 
2014-07-08T10:34:03.763+0000: 73.148: [GC [PSYoungGen: 128552K->452K(126272K)] 160428K->32368K(813248K), 0.0052380 secs] [Times: user=0.02 sys=0.00, real=0.00 secs] 
2014-07-08T10:34:04.499+0000: 73.884: [GC [PSYoungGen: 126210K->836K(127360K)] 158127K->32825K(814336K), 0.0052140 secs] [Times: user=0.02 sys=0.00, real=0.00 secs] 
2014-07-08T10:34:05.246+0000: 74.630: [GC [PSYoungGen: 124521K->780K(122560K)] 156510K->32833K(809536K), 0.0055330 secs] [Times: user=0.01 sys=0.01, real=0.01 secs] 
2014-07-08T10:34:05.976+0000: 75.361: [GC [PSYoungGen: 122508K->644K(122944K)] 154561K->32760K(809920K), 0.0060240 secs] [Times: user=0.03 sys=0.00, real=0.01 secs] 
2014-07-08T10:34:06.675+0000: 76.060: [GC [PSYoungGen: 120450K->748K(118720K)] 152567K->32929K(805696K), 0.0044890 secs] [Times: user=0.02 sys=0.01, real=0.01 secs] 
2014-07-08T10:34:07.377+0000: 76.762: [GC [PSYoungGen: 118700K->584K(118784K)] 150881K->32788K(805760K), 0.0050850 secs] [Times: user=0.01 sys=0.00, real=0.01 secs] 
2014-07-08T10:34:08.031+0000: 77.416: [GC [PSYoungGen: 116744K->598K(115008K)] 148948K->32866K(801984K), 0.0043230 secs] [Times: user=0.02 sys=0.00, real=0.00 secs] 
2014-07-08T10:34:08.714+0000: 78.099: [GC [PSYoungGen: 114966K->584K(114816K)] 147234K->32892K(801792K), 0.0033730 secs] [Times: user=0.01 sys=0.00, real=0.00 secs] 
2014-07-08T10:34:09.373+0000: 78.758: [GC [PSYoungGen: 113211K->630K(111616K)] 145520K->33010K(798592K), 0.0038620 secs] [Times: user=0.02 sys=0.00, real=0.00 secs] 
2014-07-08T10:34:10.025+0000: 79.410: [GC [PSYoungGen: 111513K->690K(110784K)] 143894K->33119K(797760K), 0.0033210 secs] [Times: user=0.02 sys=0.00, real=0.00 secs] 
2014-07-08T10:34:10.655+0000: 80.040: [GC [PSYoungGen: 110002K->584K(108352K)] 142431K->33060K(795328K), 0.0038140 secs] [Times: user=0.01 sys=0.00, real=0.00 secs] 
2014-07-08T10:34:11.288+0000: 80.673: [GC [PSYoungGen: 108296K->566K(107072K)] 140772K->33066K(794048K), 0.0043590 secs] [Times: user=0.01 sys=0.00, real=0.01 secs] 
2014-07-08T10:34:11.898+0000: 81.283: [GC [PSYoungGen: 106742K->584K(105280K)] 139242K->33116K(792256K), 0.0065340 secs] [Times: user=0.03 sys=0.00, real=0.01 secs] 
2014-07-08T10:34:12.524+0000: 81.909: [GC [PSYoungGen: 105224K->502K(103680K)] 137756K->33066K(790656K), 0.0047770 secs] [Times: user=0.01 sys=0.00, real=0.00 secs] 
2014-07-08T10:34:13.088+0000: 82.472: [GC [PSYoungGen: 103670K->666K(102400K)] 136234K->33287K(789376K), 0.0091070 secs] [Times: user=0.04 sys=0.00, real=0.01 secs] 
2014-07-08T10:34:13.688+0000: 83.073: [GC [PSYoungGen: 102325K->680K(106368K)] 134946K->33380K(793344K), 0.0080630 secs] [Times: user=0.04 sys=0.01, real=0.03 secs] 
2014-07-08T10:34:14.291+0000: 83.676: [GC [PSYoungGen: 104402K->516K(102848K)] 137103K->33264K(789824K), 0.0050780 secs] [Times: user=0.03 sys=0.00, real=0.00 secs] 
2014-07-08T10:34:14.876+0000: 84.261: [GC [PSYoungGen: 102755K->516K(101632K)] 135504K->33328K(788608K), 0.0026320 secs] [Times: user=0.01 sys=0.00, real=0.00 secs] 
2014-07-08T10:34:15.473+0000: 84.858: [GC [PSYoungGen: 101380K->466K(99968K)] 134192K->33334K(786944K), 0.0025490 secs] [Times: user=0.01 sys=0.00, real=0.00 secs] 
2014-07-08T10:34:16.018+0000: 85.403: [GC [PSYoungGen: 99899K->957K(99072K)] 132768K->33874K(786048K), 0.0052830 secs] [Times: user=0.02 sys=0.00, real=0.01 secs] 
2014-07-08T10:34:16.601+0000: 85.986: [GC [PSYoungGen: 99069K->648K(97472K)] 131986K->33636K(784448K), 0.0043110 secs] [Times: user=0.02 sys=0.00, real=0.01 secs] 
2014-07-08T10:34:17.164+0000: 86.549: [GC [PSYoungGen: 97416K->590K(96128K)] 130404K->33627K(783104K), 0.0056960 secs] [Times: user=0.03 sys=0.00, real=0.00 secs] 
2014-07-08T10:34:17.740+0000: 87.125: [GC [PSYoungGen: 96078K->534K(94784K)] 129115K->33594K(781760K), 0.0033820 secs] [Times: user=0.01 sys=0.00, real=0.01 secs] 
2014-07-08T10:34:18.303+0000: 87.688: [GC [PSYoungGen: 94742K->484K(93504K)] 127802K->33584K(780480K), 0.0051500 secs] [Times: user=0.02 sys=0.00, real=0.00 secs] 
2014-07-08T10:34:18.865+0000: 88.250: [GC [PSYoungGen: 93476K->598K(92416K)] 126576K->33746K(779392K), 0.0046440 secs] [Times: user=0.02 sys=0.00, real=0.00 secs] 
2014-07-08T10:34:19.421+0000: 88.805: [GC [PSYoungGen: 92374K->748K(91392K)] 125522K->33961K(778368K), 0.0034640 secs] [Times: user=0.01 sys=0.00, real=0.01 secs] 
2014-07-08T10:34:19.912+0000: 89.297: [GC [PSYoungGen: 91372K->634K(90112K)] 124585K->33911K(777088K), 0.0056030 secs] [Times: user=0.03 sys=0.00, real=0.00 secs] 
2014-07-08T10:34:20.470+0000: 89.854: [GC [PSYoungGen: 90076K->666K(89024K)] 123353K->34015K(776000K), 0.0038760 secs] [Times: user=0.02 sys=0.00, real=0.01 secs] 
2014-07-08T10:34:20.960+0000: 90.344: [GC [PSYoungGen: 88975K->818K(88064K)] 122324K->34239K(775040K), 0.0036340 secs] [Times: user=0.01 sys=0.00, real=0.01 secs] 
2014-07-08T10:34:21.483+0000: 90.868: [GC [PSYoungGen: 88049K->786K(86976K)] 121470K->34255K(773952K), 0.0059680 secs] [Times: user=0.03 sys=0.00, real=0.00 secs] 
2014-07-08T10:34:21.969+0000: 91.354: [GC [PSYoungGen: 86930K->666K(94272K)] 120399K->34183K(781248K), 0.0148890 secs] [Times: user=0.08 sys=0.00, real=0.02 secs] 
2014-07-08T10:34:22.522+0000: 91.907: [GC [PSYoungGen: 93594K->648K(104768K)] 127111K->34212K(791744K), 0.0171490 secs] [Times: user=0.10 sys=0.00, real=0.01 secs] 
2014-07-08T10:34:23.093+0000: 92.478: [GC [PSYoungGen: 104136K->662K(104704K)] 137700K->34258K(791680K), 0.0027600 secs] [Times: user=0.01 sys=0.00, real=0.00 secs] 
2014-07-08T10:34:23.676+0000: 93.061: [GC [PSYoungGen: 104150K->452K(125312K)] 137746K->34088K(812288K), 0.0064330 secs] [Times: user=0.02 sys=0.00, real=0.01 secs] 
2014-07-08T10:34:24.426+0000: 93.811: [GC [PSYoungGen: 124662K->866K(125376K)] 158299K->34551K(812352K), 0.0024940 secs] [Times: user=0.01 sys=0.00, real=0.00 secs] 
2014-07-08T10:34:25.056+0000: 94.440: [GC [PSYoungGen: 125035K->883K(150336K)] 158720K->34616K(837312K), 0.0047410 secs] [Times: user=0.02 sys=0.01, real=0.00 secs] 
2014-07-08T10:34:25.810+0000: 95.195: [GC [PSYoungGen: 150000K->598K(147072K)] 183733K->34394K(834048K), 0.0034050 secs] [Times: user=0.01 sys=0.00, real=0.01 secs] 
2014-07-08T10:34:26.558+0000: 95.943: [GC [PSYoungGen: 147020K->630K(144448K)] 180817K->34663K(831424K), 0.0073020 secs] [Times: user=0.04 sys=0.00, real=0.01 secs] 
2014-07-08T10:34:27.282+0000: 96.667: [GC [PSYoungGen: 144438K->974K(149184K)] 178471K->35047K(836160K), 0.0105630 secs] [Times: user=0.06 sys=0.00, real=0.00 secs] 
2014-07-08T10:34:27.973+0000: 97.358: [GC [PSYoungGen: 148942K->534K(145856K)] 183015K->34655K(832832K), 0.0056150 secs] [Times: user=0.03 sys=0.00, real=0.00 secs] 
2014-07-08T10:34:28.819+0000: 98.204: [GC [PSYoungGen: 145814K->1180K(143936K)] 179935K->35333K(830912K), 0.0081080 secs] [Times: user=0.04 sys=0.00, real=0.01 secs] 
2014-07-08T10:34:29.469+0000: 98.854: [GC [PSYoungGen: 143882K->612K(140864K)] 178035K->34852K(827840K), 0.0051100 secs] [Times: user=0.03 sys=0.00, real=0.01 secs] 
2014-07-08T10:34:30.136+0000: 99.520: [GC [PSYoungGen: 140836K->942K(138752K)] 175076K->35223K(825728K), 0.0057010 secs] [Times: user=0.03 sys=0.01, real=0.00 secs] 
2014-07-08T10:34:31.000+0000: 100.384: [GC [PSYoungGen: 138733K->1134K(136576K)] 173014K->35729K(823552K), 0.0043350 secs] [Times: user=0.02 sys=0.00, real=0.01 secs] 
2014-07-08T10:34:31.961+0000: 101.345: [GC [PSYoungGen: 136549K->1437K(134592K)] 171144K->36080K(821568K), 0.0043960 secs] [Times: user=0.02 sys=0.00, real=0.01 secs] 
2014-07-08T10:34:32.799+0000: 102.184: [GC [PSYoungGen: 134557K->498K(131392K)] 169200K->35835K(818368K), 0.0041400 secs] [Times: user=0.02 sys=0.00, real=0.01 secs] 
2014-07-08T10:34:33.884+0000: 103.268: [GC [PSYoungGen: 131378K->1712K(130432K)] 166715K->37129K(817408K), 0.0054670 secs] [Times: user=0.03 sys=0.00, real=0.01 secs] 
2014-07-08T10:34:34.893+0000: 104.278: [GC [PSYoungGen: 130408K->1248K(127872K)] 165825K->37774K(814848K), 0.0040310 secs] [Times: user=0.02 sys=0.00, real=0.01 secs] 
2014-07-08T10:34:35.758+0000: 105.143: [GC [PSYoungGen: 127840K->1466K(126016K)] 164366K->38103K(812992K), 0.0059230 secs] [Times: user=0.01 sys=0.00, real=0.01 secs] 
2014-07-08T10:34:36.681+0000: 106.066: [GC [PSYoungGen: 125999K->1614K(124224K)] 162636K->38522K(811200K), 0.0073380 secs] [Times: user=0.03 sys=0.01, real=0.01 secs] 
2014-07-08T10:34:37.454+0000: 106.839: [GC [PSYoungGen: 124174K->1326K(121984K)] 161082K->38289K(808960K), 0.0054760 secs] [Times: user=0.03 sys=0.01, real=0.00 secs] 
2014-07-08T10:34:38.204+0000: 107.588: [GC [PSYoungGen: 121937K->1302K(120064K)] 158900K->38353K(807040K), 0.0059000 secs] [Times: user=0.03 sys=0.00, real=0.01 secs] 
2014-07-08T10:34:39.090+0000: 108.475: [GC [PSYoungGen: 120022K->1522K(118400K)] 157073K->38645K(805376K), 0.0040210 secs] [Times: user=0.01 sys=0.00, real=0.01 secs] 
2014-07-08T10:34:40.031+0000: 109.416: [GC [PSYoungGen: 118386K->1430K(116544K)] 155509K->38665K(803520K), 0.0057540 secs] [Times: user=0.03 sys=0.00, real=0.01 secs] 
2014-07-08T10:34:41.039+0000: 110.424: [GC [PSYoungGen: 116502K->1464K(114816K)] 153737K->38748K(801792K), 0.0108480 secs] [Times: user=0.06 sys=0.00, real=0.01 secs] 
2014-07-08T10:34:41.878+0000: 111.263: [GC [PSYoungGen: 114727K->1522K(113152K)] 152010K->38869K(800128K), 0.0072340 secs] [Times: user=0.04 sys=0.00, real=0.01 secs] 
2014-07-08T10:34:42.676+0000: 112.061: [GC [PSYoungGen: 113138K->1408K(111424K)] 150485K->38819K(798400K), 0.0048950 secs] [Times: user=0.03 sys=0.00, real=0.00 secs] 
2014-07-08T10:34:43.506+0000: 112.891: [GC [PSYoungGen: 111360K->1384K(109760K)] 148771K->38899K(796736K), 0.0044490 secs] [Times: user=0.02 sys=0.00, real=0.00 secs] 
2014-07-08T10:34:44.392+0000: 113.777: [GC [PSYoungGen: 109736K->1244K(108032K)] 147251K->38815K(795008K), 0.0059210 secs] [Times: user=0.03 sys=0.00, real=0.01 secs] 
2014-07-08T10:34:45.188+0000: 114.573: [GC [PSYoungGen: 107996K->1592K(106816K)] 145567K->39244K(793792K), 0.0037070 secs] [Times: user=0.01 sys=0.00, real=0.00 secs] 
2014-07-08T10:34:45.896+0000: 115.281: [GC [PSYoungGen: 106807K->1394K(105152K)] 144459K->39093K(792128K), 0.0085420 secs] [Times: user=0.06 sys=0.00, real=0.00 secs] 
2014-07-08T10:34:46.371+0000: 115.756: [GC [PSYoungGen: 105138K->1276K(103552K)] 142837K->39193K(790528K), 0.0042150 secs] [Times: user=0.02 sys=0.00, real=0.01 secs] 
2014-07-08T10:34:46.866+0000: 116.251: [GC [PSYoungGen: 103548K->1543K(102464K)] 141465K->39540K(789440K), 0.0038760 secs] [Times: user=0.01 sys=0.00, real=0.00 secs] 
2014-07-08T10:34:47.392+0000: 116.777: [GC [PSYoungGen: 102407K->1252K(122368K)] 140404K->39379K(809344K), 0.0120730 secs] [Times: user=0.07 sys=0.00, real=0.01 secs] 
2014-07-08T10:34:48.100+0000: 117.485: [GC [PSYoungGen: 122340K->1334K(146688K)] 160467K->39517K(833664K), 0.0055620 secs] [Times: user=0.04 sys=0.00, real=0.00 secs] 
2014-07-08T10:34:48.957+0000: 118.342: [GC [PSYoungGen: 146678K->1312K(144128K)] 184861K->39567K(831104K), 0.0049420 secs] [Times: user=0.03 sys=0.00, real=0.00 secs] 
2014-07-08T10:34:49.787+0000: 119.172: [GC [PSYoungGen: 144096K->1206K(141504K)] 182351K->39517K(828480K), 0.0053390 secs] [Times: user=0.02 sys=0.00, real=0.00 secs] 
2014-07-08T10:34:50.728+0000: 120.113: [GC [PSYoungGen: 141494K->1334K(139200K)] 179805K->39805K(826176K), 0.0070790 secs] [Times: user=0.04 sys=0.00, real=0.00 secs] 
2014-07-08T10:34:51.619+0000: 121.004: [GC [PSYoungGen: 139190K->1348K(136896K)] 177661K->39859K(823872K), 0.0049230 secs] [Times: user=0.02 sys=0.00, real=0.00 secs] 
2014-07-08T10:34:52.735+0000: 122.120: [GC [PSYoungGen: 136836K->996K(134208K)] 175347K->39749K(821184K), 0.0041330 secs] [Times: user=0.02 sys=0.00, real=0.01 secs] 
2014-07-08T10:34:53.645+0000: 123.030: [GC [PSYoungGen: 134180K->1436K(132416K)] 172933K->40246K(819392K), 0.0056670 secs] [Times: user=0.04 sys=0.01, real=0.01 secs] 
2014-07-08T10:34:54.590+0000: 123.975: [GC [PSYoungGen: 132380K->1128K(129920K)] 171190K->40179K(816896K), 0.0050580 secs] [Times: user=0.01 sys=0.00, real=0.00 secs] 
2014-07-08T10:34:55.466+0000: 124.851: [GC [PSYoungGen: 129894K->1294K(128000K)] 168945K->40425K(814976K), 0.0040960 secs] [Times: user=0.02 sys=0.00, real=0.01 secs] 
2014-07-08T10:34:56.354+0000: 125.738: [GC [PSYoungGen: 127950K->1138K(125760K)] 167081K->40415K(812736K), 0.0113020 secs] [Times: user=0.07 sys=0.00, real=0.01 secs] 
2014-07-08T10:34:57.327+0000: 126.711: [GC [PSYoungGen: 125700K->1138K(123776K)] 164978K->40503K(810752K), 0.0068930 secs] [Times: user=0.04 sys=0.01, real=0.01 secs] 
2014-07-08T10:34:58.120+0000: 127.504: [GC [PSYoungGen: 123762K->1174K(121920K)] 163127K->40595K(808896K), 0.0062980 secs] [Times: user=0.04 sys=0.00, real=0.00 secs] 
2014-07-08T10:34:59.068+0000: 128.453: [GC [PSYoungGen: 121873K->1454K(120256K)] 161294K->40947K(807232K), 0.0055680 secs] [Times: user=0.03 sys=0.00, real=0.00 secs] 
2014-07-08T10:34:59.916+0000: 129.301: [GC [PSYoungGen: 120238K->822K(117760K)] 159731K->40704K(804736K), 0.0089670 secs] [Times: user=0.05 sys=0.00, real=0.01 secs] 
2014-07-08T10:35:00.755+0000: 130.140: [GC [PSYoungGen: 117748K->1522K(116672K)] 157630K->41492K(803648K), 0.0054620 secs] [Times: user=0.03 sys=0.00, real=0.01 secs] 
2014-07-08T10:35:01.783+0000: 131.168: [GC [PSYoungGen: 116658K->1128K(114560K)] 156628K->41706K(801536K), 0.0089510 secs] [Times: user=0.04 sys=0.00, real=0.01 secs] 
2014-07-08T10:35:02.601+0000: 131.986: [GC [PSYoungGen: 114536K->1156K(112896K)] 155114K->41790K(799872K), 0.0068960 secs] [Times: user=0.03 sys=0.00, real=0.01 secs] 
2014-07-08T10:35:03.485+0000: 132.870: [GC [PSYoungGen: 112836K->1192K(111232K)] 153470K->41998K(798208K), 0.0122800 secs] [Times: user=0.07 sys=0.01, real=0.01 secs] 
2014-07-08T10:35:04.216+0000: 133.600: [GC [PSYoungGen: 111208K->1326K(109760K)] 152014K->42236K(796736K), 0.0037140 secs] [Times: user=0.02 sys=0.01, real=0.01 secs] 
2014-07-08T10:35:05.009+0000: 134.394: [GC [PSYoungGen: 109742K->1206K(108032K)] 150652K->42308K(795008K), 0.0067800 secs] [Times: user=0.05 sys=0.00, real=0.00 secs] 
2014-07-08T10:35:05.577+0000: 134.962: [GC [PSYoungGen: 108005K->1637K(106944K)] 149108K->42811K(793920K), 0.0070650 secs] [Times: user=0.04 sys=0.00, real=0.01 secs] 
2014-07-08T10:35:06.142+0000: 135.527: [GC [PSYoungGen: 106917K->743K(104576K)] 148091K->42483K(791552K), 0.0071860 secs] [Times: user=0.04 sys=0.00, real=0.01 secs] 
2014-07-08T10:35:06.932+0000: 136.316: [GC [PSYoungGen: 104536K->1776K(104128K)] 146276K->43980K(791104K), 0.0052640 secs] [Times: user=0.04 sys=0.00, real=0.00 secs] 
2014-07-08T10:35:07.639+0000: 137.024: [GC [PSYoungGen: 104112K->1060K(102016K)] 146316K->43772K(788992K), 0.0034930 secs] [Times: user=0.02 sys=0.00, real=0.01 secs] 
2014-07-08T10:35:08.227+0000: 137.612: [GC [PSYoungGen: 101988K->1472K(101056K)] 144700K->44282K(788032K), 0.0062920 secs] [Times: user=0.04 sys=0.00, real=0.01 secs] 
2014-07-08T10:35:08.906+0000: 138.291: [GC [PSYoungGen: 100992K->1252K(99456K)] 143802K->44192K(786432K), 0.0078420 secs] [Times: user=0.04 sys=0.00, real=0.01 secs] 
2014-07-08T10:35:09.509+0000: 138.894: [GC [PSYoungGen: 99428K->1462K(98304K)] 142368K->44474K(785280K), 0.0057200 secs] [Times: user=0.03 sys=0.00, real=0.00 secs] 
2014-07-08T10:35:10.043+0000: 139.427: [GC [PSYoungGen: 98294K->1148K(96704K)] 141306K->44192K(783680K), 0.0058130 secs] [Times: user=0.02 sys=0.00, real=0.00 secs] 
2014-07-08T10:35:10.761+0000: 140.146: [GC [PSYoungGen: 96700K->1024K(95296K)] 139744K->44124K(782272K), 0.0064630 secs] [Times: user=0.04 sys=0.01, real=0.00 secs] 
2014-07-08T10:35:11.452+0000: 140.836: [GC [PSYoungGen: 95293K->1216K(94336K)] 138393K->44380K(781312K), 0.0070770 secs] [Times: user=0.03 sys=0.00, real=0.00 secs] 
2014-07-08T10:35:11.938+0000: 141.323: [GC [PSYoungGen: 94272K->1386K(93248K)] 137436K->44615K(780224K), 0.0047840 secs] [Times: user=0.03 sys=0.00, real=0.01 secs] 
2014-07-08T10:35:12.615+0000: 142.000: [GC [PSYoungGen: 93226K->1184K(91904K)] 136455K->44572K(778880K), 0.0051210 secs] [Times: user=0.04 sys=0.00, real=0.01 secs] 
2014-07-08T10:35:13.250+0000: 142.634: [GC [PSYoungGen: 91872K->1480K(110400K)] 135260K->44932K(797376K), 0.0099180 secs] [Times: user=0.05 sys=0.00, real=0.01 secs] 
2014-07-08T10:35:13.813+0000: 143.198: [GC [PSYoungGen: 110344K->1002K(131712K)] 153796K->45356K(818688K), 0.0147040 secs] [Times: user=0.07 sys=0.00, real=0.01 secs] 
2014-07-08T10:35:14.675+0000: 144.059: [GC [PSYoungGen: 131690K->1957K(137536K)] 176044K->46391K(824512K), 0.0043150 secs] [Times: user=0.02 sys=0.00, real=0.00 secs] 
2014-07-08T10:35:15.555+0000: 144.939: [GC [PSYoungGen: 137509K->1468K(159104K)] 181943K->46374K(846080K), 0.0052760 secs] [Times: user=0.02 sys=0.01, real=0.00 secs] 
2014-07-08T10:35:16.639+0000: 146.024: [GC [PSYoungGen: 158396K->1693K(155712K)] 203302K->46663K(842688K), 0.0073340 secs] [Times: user=0.04 sys=0.00, real=0.01 secs] 
2014-07-08T10:35:17.495+0000: 146.880: [GC [PSYoungGen: 155677K->420K(151616K)] 200647K->46229K(838592K), 0.0080320 secs] [Times: user=0.04 sys=0.00, real=0.01 secs] 
2014-07-08T10:35:18.432+0000: 147.816: [GC [PSYoungGen: 151588K->1822K(150272K)] 197397K->47671K(837248K), 0.0067910 secs] [Times: user=0.02 sys=0.00, real=0.00 secs] 
2014-07-08T10:35:19.093+0000: 148.477: [GC [PSYoungGen: 150238K->1042K(146816K)] 196087K->47481K(833792K), 0.0085630 secs] [Times: user=0.04 sys=0.00, real=0.01 secs] 
2014-07-08T10:35:19.759+0000: 149.144: [GC [PSYoungGen: 146770K->1078K(144192K)] 193209K->47573K(831168K), 0.0064420 secs] [Times: user=0.04 sys=0.00, real=0.01 secs] 
2014-07-08T10:35:20.569+0000: 149.954: [GC [PSYoungGen: 144182K->1312K(141952K)] 190677K->47855K(828928K), 0.0062650 secs] [Times: user=0.04 sys=0.00, real=0.01 secs] 
2014-07-08T10:35:21.438+0000: 150.823: [GC [PSYoungGen: 141904K->1256K(139456K)] 188448K->47855K(826432K), 0.0040030 secs] [Times: user=0.02 sys=0.00, real=0.01 secs] 
2014-07-08T10:35:22.455+0000: 151.840: [GC [PSYoungGen: 139432K->1518K(137344K)] 186031K->48150K(824320K), 0.0039230 secs] [Times: user=0.01 sys=0.01, real=0.00 secs] 
2014-07-08T10:35:23.412+0000: 152.796: [GC [PSYoungGen: 137326K->1248K(134784K)] 183958K->47935K(821760K), 0.0066120 secs] [Times: user=0.03 sys=0.00, real=0.00 secs] 
2014-07-08T10:35:24.460+0000: 153.845: [GC [PSYoungGen: 134710K->1326K(132608K)] 181398K->48214K(819584K), 0.0060560 secs] [Times: user=0.04 sys=0.00, real=0.01 secs] 
2014-07-08T10:35:25.502+0000: 154.887: [GC [PSYoungGen: 132590K->1622K(130752K)] 179478K->48550K(817728K), 0.0081540 secs] [Times: user=0.05 sys=0.00, real=0.00 secs] 
2014-07-08T10:35:26.417+0000: 155.802: [GC [PSYoungGen: 130710K->1142K(128128K)] 177638K->48359K(815104K), 0.0061780 secs] [Times: user=0.04 sys=0.00, real=0.01 secs] 
2014-07-08T10:35:27.385+0000: 156.770: [GC [PSYoungGen: 128117K->1824K(126784K)] 175335K->49138K(813760K), 0.0046590 secs] [Times: user=0.02 sys=0.01, real=0.00 secs] 
2014-07-08T10:35:28.096+0000: 157.481: [GC [PSYoungGen: 126752K->1010K(123968K)] 174066K->48655K(810944K), 0.0070920 secs] [Times: user=0.04 sys=0.00, real=0.01 secs] 
2014-07-08T10:35:29.004+0000: 158.389: [GC [PSYoungGen: 123954K->1686K(122688K)] 171599K->49404K(809664K), 0.0033110 secs] [Times: user=0.02 sys=0.00, real=0.01 secs] 
2014-07-08T10:35:29.764+0000: 159.149: [GC [PSYoungGen: 122615K->1252K(120320K)] 170333K->49107K(807296K), 0.0050840 secs] [Times: user=0.03 sys=0.00, real=0.00 secs] 
2014-07-08T10:35:30.565+0000: 159.950: [GC [PSYoungGen: 120292K->1138K(118336K)] 168147K->49025K(805312K), 0.0093880 secs] [Times: user=0.05 sys=0.00, real=0.01 secs] 
2014-07-08T10:35:31.334+0000: 160.718: [GC [PSYoungGen: 118322K->1656K(117056K)] 166209K->49624K(804032K), 0.0049960 secs] [Times: user=0.03 sys=0.00, real=0.00 secs] 
2014-07-08T10:35:32.154+0000: 161.539: [GC [PSYoungGen: 117048K->1348K(115072K)] 165016K->49355K(802048K), 0.0078860 secs] [Times: user=0.04 sys=0.00, real=0.01 secs] 
2014-07-08T10:35:32.995+0000: 162.380: [GC [PSYoungGen: 115012K->1138K(113088K)] 163019K->49217K(800064K), 0.0050840 secs] [Times: user=0.03 sys=0.00, real=0.00 secs] 
2014-07-08T10:35:33.797+0000: 163.182: [GC [PSYoungGen: 113067K->1722K(112000K)] 161147K->49865K(798976K), 0.0058330 secs] [Times: user=0.03 sys=0.00, real=0.01 secs] 
2014-07-08T10:35:34.381+0000: 163.765: [GC [PSYoungGen: 111962K->1256K(109952K)] 160106K->49487K(796928K), 0.0037220 secs] [Times: user=0.01 sys=0.00, real=0.01 secs] 
2014-07-08T10:35:34.956+0000: 164.341: [GC [PSYoungGen: 109928K->1188K(108288K)] 158159K->49499K(795264K), 0.0040080 secs] [Times: user=0.02 sys=0.00, real=0.00 secs] 
2014-07-08T10:35:35.618+0000: 165.003: [GC [PSYoungGen: 108260K->992K(106560K)] 156571K->49359K(793536K), 0.0079590 secs] [Times: user=0.05 sys=0.01, real=0.01 secs] 
2014-07-08T10:35:36.479+0000: 165.864: [GC [PSYoungGen: 106528K->1234K(105344K)] 154895K->49681K(792320K), 0.0062150 secs] [Times: user=0.03 sys=0.01, real=0.01 secs] 
2014-07-08T10:35:37.347+0000: 166.732: [GC [PSYoungGen: 105298K->1486K(104128K)] 153745K->50022K(791104K), 0.0065290 secs] [Times: user=0.04 sys=0.00, real=0.01 secs] 
2014-07-08T10:35:38.090+0000: 167.474: [GC [PSYoungGen: 104078K->1370K(102592K)] 152614K->49969K(789568K), 0.0054950 secs] [Times: user=0.02 sys=0.00, real=0.01 secs] 
2014-07-08T10:35:38.790+0000: 168.175: [GC [PSYoungGen: 102554K->1062K(100864K)] 151153K->49912K(787840K), 0.0041890 secs] [Times: user=0.03 sys=0.00, real=0.01 secs] 
2014-07-08T10:35:39.450+0000: 168.835: [GC [PSYoungGen: 100838K->1404K(99840K)] 149688K->50286K(786816K), 0.0081090 secs] [Times: user=0.05 sys=0.00, real=0.01 secs] 
2014-07-08T10:35:40.119+0000: 169.504: [GC [PSYoungGen: 99830K->1263K(119424K)] 148712K->50251K(806400K), 0.0146990 secs] [Times: user=0.11 sys=0.00, real=0.01 secs] 
2014-07-08T10:35:40.813+0000: 170.198: [GC [PSYoungGen: 119407K->1074K(138176K)] 168395K->50093K(825152K), 0.0098500 secs] [Times: user=0.05 sys=0.00, real=0.01 secs] 
2014-07-08T10:35:41.605+0000: 170.989: [GC [PSYoungGen: 137458K->1440K(143616K)] 186477K->50539K(830592K), 0.0097330 secs] [Times: user=0.05 sys=0.01, real=0.01 secs] 
2014-07-08T10:35:42.560+0000: 171.945: [GC [PSYoungGen: 143264K->1384K(143616K)] 192363K->50547K(830592K), 0.0106060 secs] [Times: user=0.06 sys=0.00, real=0.01 secs] 
2014-07-08T10:35:43.671+0000: 173.056: [GC [PSYoungGen: 143208K->1262K(171904K)] 192371K->50458K(858880K), 0.0104370 secs] [Times: user=0.05 sys=0.01, real=0.01 secs] 
2014-07-08T10:35:45.055+0000: 174.439: [GC [PSYoungGen: 171476K->1316K(168256K)] 220672K->50551K(855232K), 0.0056040 secs] [Times: user=0.02 sys=0.00, real=0.00 secs] 
2014-07-08T10:35:46.354+0000: 175.739: [GC [PSYoungGen: 168228K->498K(164160K)] 217463K->50375K(851136K), 0.0056920 secs] [Times: user=0.03 sys=0.00, real=0.01 secs] 
2014-07-08T10:35:47.703+0000: 177.088: [GC [PSYoungGen: 164110K->1702K(162240K)] 213988K->51966K(849216K), 0.0062760 secs] [Times: user=0.03 sys=0.00, real=0.01 secs] 
2014-07-08T10:35:49.024+0000: 178.409: [GC [PSYoungGen: 162210K->1224K(158720K)] 212474K->51988K(845696K), 0.0058850 secs] [Times: user=0.02 sys=0.00, real=0.01 secs] 
2014-07-08T10:35:50.313+0000: 179.698: [GC [PSYoungGen: 158664K->1266K(155776K)] 209428K->52159K(842752K), 0.0061440 secs] [Times: user=0.04 sys=0.00, real=0.01 secs] 
2014-07-08T10:35:51.468+0000: 180.852: [GC [PSYoungGen: 155762K->1330K(152960K)] 206655K->52490K(839936K), 0.0061250 secs] [Times: user=0.03 sys=0.00, real=0.00 secs] 
2014-07-08T10:35:52.355+0000: 181.740: [GC [PSYoungGen: 152946K->1472K(150400K)] 204106K->52704K(837376K), 0.0075280 secs] [Times: user=0.04 sys=0.00, real=0.00 secs] 
2014-07-08T10:35:53.384+0000: 182.769: [GC [PSYoungGen: 150336K->996K(147200K)] 201568K->52520K(834176K), 0.0032480 secs] [Times: user=0.01 sys=0.00, real=0.01 secs] 
2014-07-08T10:35:54.590+0000: 183.974: [GC [PSYoungGen: 147172K->1596K(145152K)] 198696K->53217K(832128K), 0.0049660 secs] [Times: user=0.03 sys=0.00, real=0.00 secs] 
2014-07-08T10:35:55.773+0000: 185.158: [GC [PSYoungGen: 145148K->1206K(142208K)] 196769K->52882K(829184K), 0.0117700 secs] [Times: user=0.07 sys=0.00, real=0.01 secs] 
2014-07-08T10:35:56.658+0000: 186.043: [GC [PSYoungGen: 142198K->1430K(140032K)] 193874K->53146K(827008K), 0.0089450 secs] [Times: user=0.05 sys=0.00, real=0.01 secs] 
2014-07-08T10:35:57.691+0000: 187.076: [GC [PSYoungGen: 139990K->1210K(137408K)] 191706K->53118K(824384K), 0.0048370 secs] [Times: user=0.02 sys=0.00, real=0.00 secs] 
2014-07-08T10:35:58.671+0000: 188.056: [GC [PSYoungGen: 137402K->1778K(135680K)] 189310K->53751K(822656K), 0.0067780 secs] [Times: user=0.04 sys=0.00, real=0.01 secs] 
2014-07-08T10:35:59.788+0000: 189.173: [GC [PSYoungGen: 135666K->750K(132416K)] 187639K->53288K(819392K), 0.0067340 secs] [Times: user=0.04 sys=0.00, real=0.00 secs] 
2014-07-08T10:36:00.784+0000: 190.169: [GC [PSYoungGen: 132398K->1718K(131200K)] 184936K->54321K(818176K), 0.0075420 secs] [Times: user=0.04 sys=0.00, real=0.01 secs] 
2014-07-08T10:36:01.858+0000: 191.243: [GC [PSYoungGen: 131190K->1404K(128768K)] 183793K->54383K(815744K), 0.0084100 secs] [Times: user=0.05 sys=0.00, real=0.00 secs] 
2014-07-08T10:36:02.869+0000: 192.254: [GC [PSYoungGen: 128718K->1074K(126400K)] 181697K->54100K(813376K), 0.0036390 secs] [Times: user=0.02 sys=0.00, real=0.00 secs] 
2014-07-08T10:36:03.908+0000: 193.292: [GC [PSYoungGen: 126386K->1412K(124736K)] 179412K->54518K(811712K), 0.0074000 secs] [Times: user=0.04 sys=0.00, real=0.00 secs] 
2014-07-08T10:36:04.758+0000: 194.142: [GC [PSYoungGen: 124676K->1092K(122432K)] 177782K->54246K(809408K), 0.0041970 secs] [Times: user=0.01 sys=0.00, real=0.00 secs] 
2014-07-08T10:36:05.608+0000: 194.992: [GC [PSYoungGen: 122371K->1398K(120768K)] 175526K->54737K(807744K), 0.0033480 secs] [Times: user=0.02 sys=0.00, real=0.00 secs] 
2014-07-08T10:36:06.551+0000: 195.936: [GC [PSYoungGen: 120758K->1582K(119104K)] 174097K->54992K(806080K), 0.0033240 secs] [Times: user=0.02 sys=0.00, real=0.00 secs] 
2014-07-08T10:36:07.583+0000: 196.968: [GC [PSYoungGen: 119085K->1138K(116864K)] 172495K->54880K(803840K), 0.0035870 secs] [Times: user=0.01 sys=0.00, real=0.00 secs] 
2014-07-08T10:36:08.597+0000: 197.981: [GC [PSYoungGen: 116850K->1572K(115520K)] 170592K->55370K(802496K), 0.0054610 secs] [Times: user=0.03 sys=0.00, real=0.01 secs] 
2014-07-08T10:36:09.596+0000: 198.981: [GC [PSYoungGen: 115492K->1262K(113472K)] 169290K->55181K(800448K), 0.0051300 secs] [Times: user=0.03 sys=0.00, real=0.01 secs] 
2014-07-08T10:36:10.558+0000: 199.943: [GC [PSYoungGen: 113454K->1284K(111872K)] 167373K->55266K(798848K), 0.0042390 secs] [Times: user=0.02 sys=0.01, real=0.00 secs] 
2014-07-08T10:36:11.438+0000: 200.823: [GC [PSYoungGen: 111757K->1263K(110208K)] 165740K->55464K(797184K), 0.0051140 secs] [Times: user=0.03 sys=0.00, real=0.01 secs] 
2014-07-08T10:36:12.272+0000: 201.657: [GC [PSYoungGen: 110191K->1338K(108672K)] 164392K->55626K(795648K), 0.0079940 secs] [Times: user=0.05 sys=0.01, real=0.01 secs] 
2014-07-08T10:36:13.131+0000: 202.516: [GC [PSYoungGen: 108666K->1270K(107072K)] 162954K->55804K(794048K), 0.0034120 secs] [Times: user=0.02 sys=0.00, real=0.00 secs] 
2014-07-08T10:36:13.967+0000: 203.352: [GC [PSYoungGen: 107062K->1800K(106112K)] 161596K->56415K(793088K), 0.0063900 secs] [Times: user=0.04 sys=0.00, real=0.01 secs] 
2014-07-08T10:36:14.721+0000: 204.106: [GC [PSYoungGen: 106054K->640K(103424K)] 160669K->55715K(790400K), 0.0034980 secs] [Times: user=0.01 sys=0.00, real=0.00 secs] 
2014-07-08T10:36:15.393+0000: 204.778: [GC [PSYoungGen: 103424K->1696K(103104K)] 158499K->56843K(790080K), 0.0050320 secs] [Times: user=0.02 sys=0.00, real=0.00 secs] 
2014-07-08T10:36:16.213+0000: 205.597: [GC [PSYoungGen: 103072K->1652K(101632K)] 158219K->57133K(788608K), 0.0089570 secs] [Times: user=0.03 sys=0.00, real=0.01 secs] 
2014-07-08T10:36:16.929+0000: 206.313: [GC [PSYoungGen: 101620K->1512K(100160K)] 157101K->57081K(787136K), 0.0065420 secs] [Times: user=0.04 sys=0.00, real=0.01 secs] 
2014-07-08T10:36:17.764+0000: 207.149: [GC [PSYoungGen: 100136K->1202K(98496K)] 155705K->56859K(785472K), 0.0056530 secs] [Times: user=0.04 sys=0.00, real=0.01 secs] 
2014-07-08T10:36:18.493+0000: 207.878: [GC [PSYoungGen: 98482K->1544K(97600K)] 154139K->57257K(784576K), 0.0069110 secs] [Times: user=0.02 sys=0.01, real=0.01 secs] 
2014-07-08T10:36:19.205+0000: 208.590: [GC [PSYoungGen: 97540K->1142K(95872K)] 153253K->56927K(782848K), 0.0036420 secs] [Times: user=0.02 sys=0.00, real=0.00 secs] 
2014-07-08T10:36:19.959+0000: 209.344: [GC [PSYoungGen: 95862K->1138K(94656K)] 151647K->56987K(781632K), 0.0083710 secs] [Times: user=0.06 sys=0.00, real=0.01 secs] 
2014-07-08T10:36:20.726+0000: 210.110: [GC [PSYoungGen: 94639K->1362K(93696K)] 150488K->57291K(780672K), 0.0034140 secs] [Times: user=0.02 sys=0.00, real=0.00 secs] 
2014-07-08T10:36:21.483+0000: 210.868: [GC [PSYoungGen: 93650K->1547K(92672K)] 149579K->57540K(779648K), 0.0053660 secs] [Times: user=0.03 sys=0.00, real=0.00 secs] 
2014-07-08T10:36:22.215+0000: 211.600: [GC [PSYoungGen: 92619K->1010K(90944K)] 148612K->57349K(777920K), 0.0051600 secs] [Times: user=0.04 sys=0.00, real=0.01 secs] 
2014-07-08T10:36:22.885+0000: 212.270: [GC [PSYoungGen: 90930K->1498K(90304K)] 147269K->57909K(777280K), 0.0031750 secs] [Times: user=0.02 sys=0.00, real=0.00 secs] 
2014-07-08T10:36:23.512+0000: 212.897: [GC [PSYoungGen: 90233K->1466K(89152K)] 146644K->58309K(776128K), 0.0032010 secs] [Times: user=0.02 sys=0.00, real=0.00 secs] 
2014-07-08T10:36:24.046+0000: 213.431: [GC [PSYoungGen: 89146K->1708K(88320K)] 145989K->58631K(775296K), 0.0046070 secs] [Times: user=0.03 sys=0.00, real=0.01 secs] 
2014-07-08T10:36:24.575+0000: 213.960: [GC [PSYoungGen: 88300K->935K(86464K)] 145223K->58229K(773440K), 0.0093950 secs] [Times: user=0.06 sys=0.00, real=0.01 secs] 
2014-07-08T10:36:25.094+0000: 214.479: [GC [PSYoungGen: 86365K->2018K(86528K)] 143658K->59359K(773504K), 0.0049570 secs] [Times: user=0.01 sys=0.00, real=0.00 secs] 
2014-07-08T10:36:25.708+0000: 215.092: [GC [PSYoungGen: 86498K->1124K(84608K)] 143839K->59053K(771584K), 0.0046390 secs] [Times: user=0.02 sys=0.00, real=0.01 secs] 
2014-07-08T10:36:26.264+0000: 215.649: [GC [PSYoungGen: 84580K->1718K(84224K)] 142509K->59767K(771200K), 0.0054770 secs] [Times: user=0.04 sys=0.00, real=0.00 secs] 
2014-07-08T10:36:26.684+0000: 216.069: [GC [PSYoungGen: 84214K->1302K(100352K)] 142263K->59449K(787328K), 0.0169540 secs] [Times: user=0.10 sys=0.00, real=0.02 secs] 
2014-07-08T10:36:27.381+0000: 216.765: [GC [PSYoungGen: 100310K->1440K(120320K)] 158457K->59699K(807296K), 0.0051350 secs] [Times: user=0.03 sys=0.00, real=0.01 secs] 
2014-07-08T10:36:28.392+0000: 217.777: [GC [PSYoungGen: 120288K->1596K(141504K)] 178547K->59920K(828480K), 0.0094470 secs] [Times: user=0.06 sys=0.00, real=0.01 secs] 
2014-07-08T10:36:29.580+0000: 218.965: [GC [PSYoungGen: 141500K->1212K(142016K)] 199824K->59591K(828992K), 0.0033330 secs] [Times: user=0.01 sys=0.00, real=0.01 secs] 
2014-07-08T10:36:30.745+0000: 220.130: [GC [PSYoungGen: 141087K->1756K(139264K)] 199467K->60223K(826240K), 0.0054170 secs] [Times: user=0.03 sys=0.00, real=0.00 secs] 
2014-07-08T10:36:31.942+0000: 221.327: [GC [PSYoungGen: 139228K->1398K(136512K)] 197695K->59905K(823488K), 0.0149000 secs] [Times: user=0.09 sys=0.00, real=0.01 secs] 
2014-07-08T10:36:32.939+0000: 222.324: [GC [PSYoungGen: 136502K->1188K(163392K)] 195009K->59879K(850368K), 0.0137710 secs] [Times: user=0.10 sys=0.00, real=0.02 secs] 
2014-07-08T10:36:33.871+0000: 223.255: [GC [PSYoungGen: 163364K->1601K(168000K)] 222055K->60316K(854976K), 0.0155030 secs] [Times: user=0.09 sys=0.00, real=0.02 secs] 
2014-07-08T10:36:34.884+0000: 224.269: [GC [PSYoungGen: 167489K->1338K(196672K)] 226204K->60117K(883648K), 0.0042770 secs] [Times: user=0.02 sys=0.00, real=0.00 secs] 
2014-07-08T10:36:36.287+0000: 225.672: [GC [PSYoungGen: 195960K->1686K(192192K)] 254740K->60505K(879168K), 0.0058890 secs] [Times: user=0.02 sys=0.00, real=0.01 secs] 
2014-07-08T10:36:37.932+0000: 227.317: [GC [PSYoungGen: 192150K->384K(186816K)] 250969K->59795K(873792K), 0.0070500 secs] [Times: user=0.05 sys=0.01, real=0.00 secs] 
2014-07-08T10:36:39.397+0000: 228.781: [GC [PSYoungGen: 186816K->1950K(184512K)] 246227K->61434K(871488K), 0.0065880 secs] [Times: user=0.04 sys=0.00, real=0.01 secs] 
2014-07-08T10:36:40.660+0000: 230.045: [GC [PSYoungGen: 184478K->1362K(180160K)] 243962K->61544K(867136K), 0.0059770 secs] [Times: user=0.04 sys=0.00, real=0.01 secs] 
2014-07-08T10:36:42.018+0000: 231.402: [GC [PSYoungGen: 180091K->1270K(176384K)] 240272K->61507K(863360K), 0.0072290 secs] [Times: user=0.04 sys=0.00, real=0.01 secs] 
2014-07-08T10:36:43.271+0000: 232.656: [GC [PSYoungGen: 176299K->1554K(173184K)] 236537K->61871K(860160K), 0.0069720 secs] [Times: user=0.04 sys=0.00, real=0.01 secs] 
2014-07-08T10:36:44.359+0000: 233.744: [GC [PSYoungGen: 173138K->1664K(169920K)] 233455K->62078K(856896K), 0.0075920 secs] [Times: user=0.04 sys=0.01, real=0.01 secs] 
2014-07-08T10:36:45.703+0000: 235.088: [GC [PSYoungGen: 169856K->956K(165888K)] 230270K->61587K(852864K), 0.0051110 secs] [Times: user=0.03 sys=0.00, real=0.01 secs] 
2014-07-08T10:36:46.876+0000: 236.260: [GC [PSYoungGen: 165845K->1818K(163584K)] 226477K->62490K(850560K), 0.0081490 secs] [Times: user=0.04 sys=0.00, real=0.00 secs] 
2014-07-08T10:36:48.030+0000: 237.415: [GC [PSYoungGen: 163525K->1338K(160000K)] 224197K->62213K(846976K), 0.0048070 secs] [Times: user=0.01 sys=0.00, real=0.01 secs] 
2014-07-08T10:36:49.188+0000: 238.573: [GC [PSYoungGen: 159994K->1612K(157312K)] 220869K->62567K(844288K), 0.0047660 secs] [Times: user=0.02 sys=0.00, real=0.00 secs] 
2014-07-08T10:36:50.119+0000: 239.504: [GC [PSYoungGen: 157260K->1394K(154176K)] 218215K->62413K(841152K), 0.0075110 secs] [Times: user=0.04 sys=0.01, real=0.01 secs] 
2014-07-08T10:36:51.074+0000: 240.459: [GC [PSYoungGen: 154162K->1352K(151360K)] 215181K->62419K(838336K), 0.0072090 secs] [Times: user=0.04 sys=0.00, real=0.00 secs] 
2014-07-08T10:36:52.019+0000: 241.404: [GC [PSYoungGen: 151265K->1284K(148544K)] 212333K->62400K(835520K), 0.0075550 secs] [Times: user=0.04 sys=0.00, real=0.01 secs] 
2014-07-08T10:36:53.307+0000: 242.692: [GC [PSYoungGen: 148484K->1480K(146112K)] 209600K->62643K(833088K), 0.0078830 secs] [Times: user=0.05 sys=0.00, real=0.00 secs] 
2014-07-08T10:36:54.260+0000: 243.645: [GC [PSYoungGen: 146056K->1198K(143232K)] 207219K->62426K(830208K), 0.0038570 secs] [Times: user=0.02 sys=0.00, real=0.00 secs] 
2014-07-08T10:36:55.478+0000: 244.862: [GC [PSYoungGen: 143214K->1968K(141504K)] 204442K->63432K(828480K), 0.0086290 secs] [Times: user=0.06 sys=0.00, real=0.01 secs] 
2014-07-08T10:36:56.412+0000: 245.797: [GC [PSYoungGen: 141488K->804K(137920K)] 202952K->62611K(824896K), 0.0046190 secs] [Times: user=0.03 sys=0.00, real=0.01 secs] 
2014-07-08T10:36:57.635+0000: 247.020: [GC [PSYoungGen: 137892K->2099K(136832K)] 199699K->63954K(823808K), 0.0060640 secs] [Times: user=0.03 sys=0.00, real=0.00 secs] 
2014-07-08T10:36:58.996+0000: 248.380: [GC [PSYoungGen: 136819K->1514K(133952K)] 198674K->63640K(820928K), 0.0077390 secs] [Times: user=0.05 sys=0.00, real=0.01 secs] 
2014-07-08T10:36:59.851+0000: 249.235: [GC [PSYoungGen: 133930K->1448K(131648K)] 196056K->63629K(818624K), 0.0136060 secs] [Times: user=0.08 sys=0.00, real=0.01 secs] 
2014-07-08T10:37:00.959+0000: 250.344: [GC [PSYoungGen: 131618K->1448K(129472K)] 193799K->63693K(816448K), 0.0077860 secs] [Times: user=0.04 sys=0.00, real=0.01 secs] 
2014-07-08T10:37:01.837+0000: 251.222: [GC [PSYoungGen: 129448K->1340K(127232K)] 191693K->63649K(814208K), 0.0149220 secs] [Times: user=0.09 sys=0.00, real=0.01 secs] 
2014-07-08T10:37:02.882+0000: 252.267: [GC [PSYoungGen: 127228K->1298K(125184K)] 189537K->63679K(812160K), 0.0045520 secs] [Times: user=0.02 sys=0.00, real=0.01 secs] 
2014-07-08T10:37:03.775+0000: 253.160: [GC [PSYoungGen: 125138K->1280K(123200K)] 187519K->63718K(810176K), 0.0076520 secs] [Times: user=0.05 sys=0.00, real=0.01 secs] 
2014-07-08T10:37:04.772+0000: 254.156: [GC [PSYoungGen: 123136K->1344K(121344K)] 185574K->63854K(808320K), 0.0045230 secs] [Times: user=0.03 sys=0.01, real=0.01 secs] 
2014-07-08T10:37:05.723+0000: 255.108: [GC [PSYoungGen: 121280K->1312K(119424K)] 183790K->63878K(806400K), 0.0065250 secs] [Times: user=0.04 sys=0.00, real=0.01 secs] 
2014-07-08T10:37:06.636+0000: 256.021: [GC [PSYoungGen: 119392K->1376K(117696K)] 181958K->64013K(804672K), 0.0055560 secs] [Times: user=0.02 sys=0.01, real=0.01 secs] 
2014-07-08T10:37:07.608+0000: 256.993: [GC [PSYoungGen: 117664K->1120K(115648K)] 180301K->63861K(802624K), 0.0050840 secs] [Times: user=0.03 sys=0.00, real=0.00 secs] 
2014-07-08T10:37:08.606+0000: 257.991: [GC [PSYoungGen: 115616K->1398K(114176K)] 178357K->64180K(801152K), 0.0074360 secs] [Times: user=0.03 sys=0.01, real=0.01 secs] 
2014-07-08T10:37:09.528+0000: 258.913: [GC [PSYoungGen: 114166K->1462K(112576K)] 176948K->64299K(799552K), 0.0062260 secs] [Times: user=0.03 sys=0.00, real=0.00 secs] 
2014-07-08T10:37:10.346+0000: 259.731: [GC [PSYoungGen: 112566K->1002K(110464K)] 175403K->64613K(797440K), 0.0113180 secs] [Times: user=0.08 sys=0.01, real=0.02 secs] 
2014-07-08T10:37:11.267+0000: 260.651: [GC [PSYoungGen: 110442K->1614K(109504K)] 174053K->65288K(796480K), 0.0043750 secs] [Times: user=0.02 sys=0.00, real=0.01 secs] 
2014-07-08T10:37:12.201+0000: 261.586: [GC [PSYoungGen: 109431K->1302K(107648K)] 173105K->65186K(794624K), 0.0034730 secs] [Times: user=0.01 sys=0.00, real=0.00 secs] 
2014-07-08T10:37:13.005+0000: 262.390: [GC [PSYoungGen: 107605K->1166K(105984K)] 171489K->65082K(792960K), 0.0109200 secs] [Times: user=0.06 sys=0.00, real=0.01 secs] 
2014-07-08T10:37:13.805+0000: 263.190: [GC [PSYoungGen: 105885K->1352K(104704K)] 169801K->65372K(791680K), 0.0047090 secs] [Times: user=0.03 sys=0.00, real=0.01 secs] 
2014-07-08T10:37:14.782+0000: 264.167: [GC [PSYoungGen: 104647K->1138K(102976K)] 168667K->65222K(789952K), 0.0049950 secs] [Times: user=0.02 sys=0.00, real=0.00 secs] 
2014-07-08T10:37:15.465+0000: 264.850: [GC [PSYoungGen: 102961K->1330K(101760K)] 167045K->65462K(788736K), 0.0032110 secs] [Times: user=0.01 sys=0.00, real=0.01 secs] 
2014-07-08T10:37:16.256+0000: 265.641: [GC [PSYoungGen: 101746K->1124K(100224K)] 165878K->65320K(787200K), 0.0048110 secs] [Times: user=0.03 sys=0.00, real=0.01 secs] 
2014-07-08T10:37:17.220+0000: 266.605: [GC [PSYoungGen: 100116K->1252K(99008K)] 164312K->65754K(785984K), 0.0044340 secs] [Times: user=0.03 sys=0.00, real=0.00 secs] 
2014-07-08T10:37:17.885+0000: 267.270: [GC [PSYoungGen: 98911K->1775K(98240K)] 163413K->66341K(785216K), 0.0049620 secs] [Times: user=0.02 sys=0.01, real=0.01 secs] 
2014-07-08T10:37:18.676+0000: 268.061: [GC [PSYoungGen: 98223K->817K(96000K)] 162789K->66002K(782976K), 0.0053010 secs] [Times: user=0.03 sys=0.00, real=0.01 secs] 
2014-07-08T10:37:19.586+0000: 268.971: [GC [PSYoungGen: 95985K->1818K(95744K)] 161170K->67059K(782720K), 0.0056560 secs] [Times: user=0.03 sys=0.00, real=0.01 secs] 
2014-07-08T10:37:20.229+0000: 269.614: [GC [PSYoungGen: 95698K->1202K(93888K)] 160939K->66965K(780864K), 0.0077660 secs] [Times: user=0.04 sys=0.00, real=0.00 secs] 
2014-07-08T10:37:20.987+0000: 270.372: [GC [PSYoungGen: 93874K->1448K(92928K)] 159637K->67275K(779904K), 0.0056090 secs] [Times: user=0.04 sys=0.01, real=0.01 secs] 
2014-07-08T10:37:21.727+0000: 271.112: [GC [PSYoungGen: 92904K->1060K(91392K)] 158731K->66993K(778368K), 0.0037600 secs] [Times: user=0.02 sys=0.00, real=0.01 secs] 
2014-07-08T10:37:22.327+0000: 271.712: [GC [PSYoungGen: 91364K->1436K(90624K)] 157297K->67434K(777600K), 0.0045250 secs] [Times: user=0.02 sys=0.00, real=0.01 secs] 
2014-07-08T10:37:22.972+0000: 272.357: [GC [PSYoungGen: 90588K->1248K(89344K)] 156586K->67285K(776320K), 0.0081900 secs] [Times: user=0.04 sys=0.00, real=0.01 secs] 
2014-07-08T10:37:23.732+0000: 273.117: [GC [PSYoungGen: 89312K->1781K(107520K)] 155349K->67874K(794496K), 0.0151110 secs] [Times: user=0.10 sys=0.00, real=0.01 secs] 
2014-07-08T10:37:24.569+0000: 273.954: [GC [PSYoungGen: 107483K->956K(127872K)] 173577K->67690K(814848K), 0.0156030 secs] [Times: user=0.10 sys=0.00, real=0.01 secs] 
2014-07-08T10:37:25.484+0000: 274.869: [GC [PSYoungGen: 127850K->2011K(154368K)] 194584K->68883K(841344K), 0.0074780 secs] [Times: user=0.04 sys=0.00, real=0.01 secs] 
2014-07-08T10:37:26.793+0000: 276.178: [GC [PSYoungGen: 154298K->1131K(150656K)] 221170K->68491K(837632K), 0.0066920 secs] [Times: user=0.03 sys=0.01, real=0.00 secs] 
2014-07-08T10:37:27.727+0000: 277.111: [GC [PSYoungGen: 150635K->1434K(148288K)] 217995K->68850K(835264K), 0.0041190 secs] [Times: user=0.02 sys=0.00, real=0.01 secs] 
2014-07-08T10:37:28.804+0000: 278.189: [GC [PSYoungGen: 148250K->1682K(145920K)] 215666K->69362K(832896K), 0.0052630 secs] [Times: user=0.03 sys=0.00, real=0.00 secs] 
2014-07-08T10:37:29.771+0000: 279.156: [GC [PSYoungGen: 145874K->1330K(142976K)] 213554K->69050K(829952K), 0.0083540 secs] [Times: user=0.05 sys=0.00, real=0.00 secs] 
2014-07-08T10:37:30.645+0000: 280.030: [GC [PSYoungGen: 142962K->1156K(140352K)] 210682K->68948K(827328K), 0.0054740 secs] [Times: user=0.03 sys=0.00, real=0.01 secs] 
2014-07-08T10:37:31.666+0000: 281.051: [GC [PSYoungGen: 140292K->1138K(137856K)] 208084K->69002K(824832K), 0.0068030 secs] [Times: user=0.04 sys=0.00, real=0.01 secs] 
2014-07-08T10:37:32.685+0000: 282.070: [GC [PSYoungGen: 137841K->1514K(135872K)] 205705K->69450K(822848K), 0.0042300 secs] [Times: user=0.02 sys=0.00, real=0.00 secs] 
2014-07-08T10:37:33.521+0000: 282.906: [GC [PSYoungGen: 135850K->1334K(133440K)] 203786K->69358K(820416K), 0.0039270 secs] [Times: user=0.02 sys=0.00, real=0.00 secs] 
2014-07-08T10:37:34.317+0000: 283.701: [GC [PSYoungGen: 133430K->1266K(131200K)] 201454K->69442K(818176K), 0.0031870 secs] [Times: user=0.02 sys=0.00, real=0.00 secs] 
2014-07-08T10:37:35.254+0000: 284.639: [GC [PSYoungGen: 131186K->1224K(129024K)] 199362K->69464K(816000K), 0.0054760 secs] [Times: user=0.03 sys=0.00, real=0.00 secs] 
2014-07-08T10:37:36.300+0000: 285.685: [GC [PSYoungGen: 128968K->1138K(126784K)] 197208K->69426K(813760K), 0.0034990 secs] [Times: user=0.02 sys=0.01, real=0.01 secs] 
2014-07-08T10:37:37.447+0000: 286.832: [GC [PSYoungGen: 126740K->1266K(124864K)] 195028K->69610K(811840K), 0.0061560 secs] [Times: user=0.03 sys=0.00, real=0.01 secs] 
2014-07-08T10:37:38.439+0000: 287.824: [GC [PSYoungGen: 124850K->1368K(123008K)] 193194K->69760K(809984K), 0.0061840 secs] [Times: user=0.04 sys=0.00, real=0.01 secs] 
2014-07-08T10:37:39.409+0000: 288.793: [GC [PSYoungGen: 122967K->1362K(121088K)] 191359K->69818K(808064K), 0.0050830 secs] [Times: user=0.03 sys=0.00, real=0.01 secs] 
2014-07-08T10:37:40.450+0000: 289.835: [GC [PSYoungGen: 121019K->946K(118784K)] 189475K->69684K(805760K), 0.0055320 secs] [Times: user=0.03 sys=0.00, real=0.01 secs] 
2014-07-08T10:37:41.345+0000: 290.729: [GC [PSYoungGen: 118770K->1536K(117632K)] 187508K->70322K(804608K), 0.0044670 secs] [Times: user=0.02 sys=0.00, real=0.00 secs] 
2014-07-08T10:37:42.347+0000: 291.732: [GC [PSYoungGen: 117568K->1070K(115328K)] 186354K->70196K(802304K), 0.0079160 secs] [Times: user=0.04 sys=0.00, real=0.01 secs] 
2014-07-08T10:37:43.051+0000: 292.436: [GC [PSYoungGen: 115310K->1330K(113856K)] 184436K->70552K(800832K), 0.0054850 secs] [Times: user=0.04 sys=0.00, real=0.01 secs] 
2014-07-08T10:37:43.824+0000: 293.209: [GC [PSYoungGen: 113842K->1208K(112064K)] 183064K->70859K(799040K), 0.0090830 secs] [Times: user=0.06 sys=0.00, real=0.01 secs] 
2014-07-08T10:37:44.473+0000: 293.858: [GC [PSYoungGen: 112056K->1566K(110784K)] 181707K->71296K(797760K), 0.0053950 secs] [Times: user=0.03 sys=0.00, real=0.00 secs] 
2014-07-08T10:37:45.052+0000: 294.437: [GC [PSYoungGen: 110750K->946K(108544K)] 180480K->71096K(795520K), 0.0034650 secs] [Times: user=0.02 sys=0.00, real=0.01 secs] 
2014-07-08T10:37:45.665+0000: 295.049: [GC [PSYoungGen: 108530K->1593K(107648K)] 178680K->71799K(794624K), 0.0043750 secs] [Times: user=0.01 sys=0.01, real=0.00 secs] 
2014-07-08T10:37:46.438+0000: 295.823: [GC [PSYoungGen: 107641K->1206K(105728K)] 177847K->71734K(792704K), 0.0075010 secs] [Times: user=0.04 sys=0.00, real=0.01 secs] 
2014-07-08T10:37:47.164+0000: 296.549: [GC [PSYoungGen: 105718K->1738K(104832K)] 176246K->72347K(791808K), 0.0060780 secs] [Times: user=0.04 sys=0.00, real=0.00 secs] 
2014-07-08T10:37:47.790+0000: 297.175: [GC [PSYoungGen: 104755K->764K(102400K)] 175364K->71901K(789376K), 0.0056140 secs] [Times: user=0.02 sys=0.00, real=0.01 secs] 
2014-07-08T10:37:48.553+0000: 297.938: [GC [PSYoungGen: 102396K->1484K(101760K)] 173533K->72660K(788736K), 0.0075270 secs] [Times: user=0.04 sys=0.00, real=0.00 secs] 
2014-07-08T10:37:49.227+0000: 298.611: [GC [PSYoungGen: 101708K->1216K(100096K)] 172884K->72736K(787072K), 0.0060200 secs] [Times: user=0.04 sys=0.01, real=0.00 secs] 
2014-07-08T10:37:49.870+0000: 299.254: [GC [PSYoungGen: 100096K->1138K(98688K)] 171616K->72698K(785664K), 0.0079470 secs] [Times: user=0.03 sys=0.00, real=0.01 secs] 
2014-07-08T10:37:50.448+0000: 299.833: [GC [PSYoungGen: 98674K->1138K(118208K)] 170234K->72746K(805184K), 0.0137200 secs] [Times: user=0.08 sys=0.00, real=0.01 secs] 
2014-07-08T10:37:51.366+0000: 300.751: [GC [PSYoungGen: 118194K->1642K(142144K)] 189802K->73315K(829120K), 0.0066290 secs] [Times: user=0.03 sys=0.00, real=0.00 secs] 
2014-07-08T10:37:52.557+0000: 301.941: [GC [PSYoungGen: 142122K->1074K(144256K)] 213795K->72874K(831232K), 0.0115770 secs] [Times: user=0.08 sys=0.00, real=0.01 secs] 
2014-07-08T10:37:53.758+0000: 303.142: [GC [PSYoungGen: 144240K->1504K(145088K)] 216041K->73353K(832064K), 0.0121040 secs] [Times: user=0.07 sys=0.00, real=0.01 secs] 
2014-07-08T10:37:54.801+0000: 304.185: [GC [PSYoungGen: 144672K->1390K(173632K)] 216521K->73303K(860608K), 0.0102160 secs] [Times: user=0.06 sys=0.00, real=0.01 secs] 
2014-07-08T10:37:55.862+0000: 305.247: [GC [PSYoungGen: 173230K->1853K(170304K)] 245143K->73909K(857280K), 0.0063330 secs] [Times: user=0.04 sys=0.00, real=0.01 secs] 
2014-07-08T10:37:56.865+0000: 306.250: [GC [PSYoungGen: 170301K->128K(165248K)] 242357K->73457K(852224K), 0.0041340 secs] [Times: user=0.02 sys=0.00, real=0.00 secs] 
2014-07-08T10:37:58.195+0000: 307.580: [GC [PSYoungGen: 165248K->1448K(163904K)] 238577K->74809K(850880K), 0.0074980 secs] [Times: user=0.04 sys=0.00, real=0.00 secs] 
2014-07-08T10:37:59.561+0000: 308.946: [GC [PSYoungGen: 163368K->1796K(160704K)] 236729K->75601K(847680K), 0.0050630 secs] [Times: user=0.03 sys=0.00, real=0.01 secs] 
2014-07-08T10:38:00.687+0000: 310.072: [GC [PSYoungGen: 160644K->1316K(157184K)] 234449K->75209K(844160K), 0.0047720 secs] [Times: user=0.02 sys=0.00, real=0.00 secs] 
2014-07-08T10:38:01.847+0000: 311.232: [GC [PSYoungGen: 157156K->950K(153920K)] 231049K->75115K(840896K), 0.0038690 secs] [Times: user=0.02 sys=0.00, real=0.00 secs] 
2014-07-08T10:38:02.872+0000: 312.257: [GC [PSYoungGen: 153910K->1718K(151872K)] 228075K->75939K(838848K), 0.0038580 secs] [Times: user=0.02 sys=0.00, real=0.01 secs] 
2014-07-08T10:38:04.118+0000: 313.502: [GC [PSYoungGen: 151808K->1341K(148736K)] 226029K->75960K(835712K), 0.0037910 secs] [Times: user=0.03 sys=0.00, real=0.00 secs] 
2014-07-08T10:38:05.266+0000: 314.651: [GC [PSYoungGen: 148733K->1248K(146048K)] 223352K->75891K(833024K), 0.0121340 secs] [Times: user=0.07 sys=0.00, real=0.01 secs] 
2014-07-08T10:38:06.372+0000: 315.757: [GC [PSYoungGen: 145980K->1326K(143552K)] 220623K->76017K(830528K), 0.0061030 secs] [Times: user=0.03 sys=0.00, real=0.01 secs] 
2014-07-08T10:38:07.424+0000: 316.809: [GC [PSYoungGen: 143534K->1671K(141440K)] 218225K->76418K(828416K), 0.0089400 secs] [Times: user=0.05 sys=0.00, real=0.01 secs] 
2014-07-08T10:38:08.548+0000: 317.933: [GC [PSYoungGen: 141383K->1056K(138368K)] 216130K->76051K(825344K), 0.0043740 secs] [Times: user=0.02 sys=0.00, real=0.00 secs] 
2014-07-08T10:38:09.703+0000: 319.088: [GC [PSYoungGen: 138336K->1230K(136192K)] 213331K->76297K(823168K), 0.0045460 secs] [Times: user=0.02 sys=0.00, real=0.01 secs] 
2014-07-08T10:38:10.740+0000: 320.125: [GC [PSYoungGen: 136142K->1156K(133824K)] 211209K->76287K(820800K), 0.0094380 secs] [Times: user=0.04 sys=0.00, real=0.01 secs] 
2014-07-08T10:38:11.780+0000: 321.165: [GC [PSYoungGen: 133764K->1120K(131520K)] 208895K->76331K(818496K), 0.0096840 secs] [Times: user=0.05 sys=0.00, real=0.01 secs] 
2014-07-08T10:38:12.541+0000: 321.926: [GC [PSYoungGen: 131488K->1682K(129920K)] 206699K->76989K(816896K), 0.0071040 secs] [Times: user=0.04 sys=0.01, real=0.01 secs] 
2014-07-08T10:38:13.520+0000: 322.905: [GC [PSYoungGen: 129874K->1362K(127488K)] 205181K->76701K(814464K), 0.0151220 secs] [Times: user=0.08 sys=0.00, real=0.01 secs] 
2014-07-08T10:38:14.568+0000: 323.952: [GC [PSYoungGen: 127442K->992K(125056K)] 202781K->76659K(812032K), 0.0052400 secs] [Times: user=0.03 sys=0.00, real=0.00 secs] 
2014-07-08T10:38:15.563+0000: 324.948: [GC [PSYoungGen: 125024K->1895K(123968K)] 200691K->77618K(810944K), 0.0063430 secs] [Times: user=0.03 sys=0.00, real=0.01 secs] 
2014-07-08T10:38:16.469+0000: 325.854: [GC [PSYoungGen: 123943K->1060K(121216K)] 199666K->77147K(808192K), 0.0043990 secs] [Times: user=0.03 sys=0.00, real=0.00 secs] 
2014-07-08T10:38:17.404+0000: 326.789: [GC [PSYoungGen: 121188K->1142K(119424K)] 197275K->77269K(806400K), 0.0043470 secs] [Times: user=0.02 sys=0.00, real=0.01 secs] 
2014-07-08T10:38:18.401+0000: 327.786: [GC [PSYoungGen: 119414K->1412K(117888K)] 195541K->77643K(804864K), 0.0037300 secs] [Times: user=0.02 sys=0.00, real=0.00 secs] 
2014-07-08T10:38:19.137+0000: 328.521: [GC [PSYoungGen: 117826K->1496K(116160K)] 194057K->77816K(803136K), 0.0037020 secs] [Times: user=0.02 sys=0.00, real=0.01 secs] 
2014-07-08T10:38:19.990+0000: 329.375: [GC [PSYoungGen: 116120K->996K(113920K)] 192440K->77573K(800896K), 0.0087250 secs] [Times: user=0.05 sys=0.00, real=0.01 secs] 
2014-07-08T10:38:20.859+0000: 330.244: [GC [PSYoungGen: 113892K->1472K(112768K)] 190469K->78153K(799744K), 0.0057050 secs] [Times: user=0.03 sys=0.00, real=0.00 secs] 
2014-07-08T10:38:21.653+0000: 331.038: [GC [PSYoungGen: 112704K->1320K(110912K)] 189385K->78301K(797888K), 0.0031880 secs] [Times: user=0.02 sys=0.00, real=0.00 secs] 
2014-07-08T10:38:22.540+0000: 331.924: [GC [PSYoungGen: 110888K->1454K(109440K)] 187869K->78491K(796416K), 0.0045970 secs] [Times: user=0.01 sys=0.00, real=0.00 secs] 
2014-07-08T10:38:23.419+0000: 332.803: [GC [PSYoungGen: 109422K->1078K(107520K)] 186459K->78275K(794496K), 0.0187570 secs] [Times: user=0.12 sys=0.00, real=0.01 secs] 
2014-07-08T10:38:24.109+0000: 333.494: [GC [PSYoungGen: 107510K->1341K(106240K)] 184707K->78618K(793216K), 0.0035260 secs] [Times: user=0.02 sys=0.01, real=0.00 secs] 
2014-07-08T10:38:24.539+0000: 333.923: [GC [PSYoungGen: 106237K->1152K(127040K)] 183514K->78609K(814016K), 0.0069690 secs] [Times: user=0.02 sys=0.00, real=0.01 secs] 
2014-07-08T10:38:25.329+0000: 334.714: [GC [PSYoungGen: 127008K->1845K(125696K)] 204465K->79577K(812672K), 0.0074030 secs] [Times: user=0.04 sys=0.00, real=0.00 secs] 
2014-07-08T10:38:26.321+0000: 335.706: [GC [PSYoungGen: 125685K->754K(122624K)] 203417K->78911K(809600K), 0.0059200 secs] [Times: user=0.02 sys=0.00, real=0.00 secs] 
2014-07-08T10:38:27.154+0000: 336.539: [GC [PSYoungGen: 122610K->1814K(121792K)] 200767K->80036K(808768K), 0.0081830 secs] [Times: user=0.04 sys=0.00, real=0.01 secs] 
2014-07-08T10:38:28.180+0000: 337.565: [GC [PSYoungGen: 121750K->1340K(119424K)] 199972K->79956K(806400K), 0.0049800 secs] [Times: user=0.03 sys=0.00, real=0.00 secs] 
2014-07-08T10:38:28.976+0000: 338.360: [GC [PSYoungGen: 119420K->1380K(117696K)] 198036K->80091K(804672K), 0.0034280 secs] [Times: user=0.02 sys=0.00, real=0.01 secs] 
2014-07-08T10:38:29.846+0000: 339.231: [GC [PSYoungGen: 117667K->1370K(115904K)] 196379K->80154K(802880K), 0.0031660 secs] [Times: user=0.02 sys=0.01, real=0.01 secs] 
2014-07-08T10:38:30.764+0000: 340.149: [GC [PSYoungGen: 115866K->1334K(114112K)] 194650K->80182K(801088K), 0.0038560 secs] [Times: user=0.02 sys=0.01, real=0.00 secs] 
2014-07-08T10:38:31.579+0000: 340.964: [GC [PSYoungGen: 114102K->1074K(112192K)] 192950K->79985K(799168K), 0.0035390 secs] [Times: user=0.01 sys=0.01, real=0.01 secs] 
2014-07-08T10:38:32.488+0000: 341.873: [GC [PSYoungGen: 112178K->1770K(111232K)] 191089K->80770K(798208K), 0.0039020 secs] [Times: user=0.03 sys=0.00, real=0.01 secs] 
2014-07-08T10:38:33.182+0000: 342.567: [GC [PSYoungGen: 111210K->1148K(108992K)] 190210K->80220K(795968K), 0.0062670 secs] [Times: user=0.01 sys=0.00, real=0.00 secs] 
2014-07-08T10:38:33.998+0000: 343.382: [GC [PSYoungGen: 108988K->1324K(107648K)] 188060K->80460K(794624K), 0.0055760 secs] [Times: user=0.04 sys=0.00, real=0.01 secs] 
2014-07-08T10:38:34.960+0000: 344.344: [GC [PSYoungGen: 107628K->1368K(106176K)] 186764K->80568K(793152K), 0.0054340 secs] [Times: user=0.04 sys=0.00, real=0.01 secs] 
2014-07-08T10:38:35.722+0000: 345.107: [GC [PSYoungGen: 106061K->1654K(104960K)] 185261K->80902K(791936K), 0.0093400 secs] [Times: user=0.03 sys=0.00, real=0.01 secs] 
2014-07-08T10:38:36.566+0000: 345.951: [GC [PSYoungGen: 104950K->810K(102656K)] 184198K->80684K(789632K), 0.0069800 secs] [Times: user=0.03 sys=0.01, real=0.01 secs] 
2014-07-08T10:38:37.450+0000: 346.834: [GC [PSYoungGen: 102634K->1906K(102336K)] 182508K->81892K(789312K), 0.0071770 secs] [Times: user=0.02 sys=0.01, real=0.01 secs] 
2014-07-08T10:38:38.159+0000: 347.544: [GC [PSYoungGen: 102322K->1141K(100224K)] 182308K->82175K(787200K), 0.0089270 secs] [Times: user=0.06 sys=0.00, real=0.01 secs] 
2014-07-08T10:38:38.900+0000: 348.285: [GC [PSYoungGen: 100213K->1854K(99584K)] 181247K->82953K(786560K), 0.0071920 secs] [Times: user=0.04 sys=0.00, real=0.01 secs] 
2014-07-08T10:38:39.674+0000: 349.059: [GC [PSYoungGen: 99582K->1340K(97792K)] 180681K->82898K(784768K), 0.0031930 secs] [Times: user=0.02 sys=0.01, real=0.00 secs] 
2014-07-08T10:38:39.903+0000: 349.288: [GC [PSYoungGen: 97771K->1192K(96384K)] 179330K->82814K(783360K), 0.0037230 secs] [Times: user=0.02 sys=0.00, real=0.00 secs] 
2014-07-08T10:38:40.191+0000: 349.575: [GC [PSYoungGen: 96317K->1470K(95360K)] 177939K->83164K(782336K), 0.0033120 secs] [Times: user=0.02 sys=0.00, real=0.01 secs] 
2014-07-08T10:38:40.543+0000: 349.928: [GC [PSYoungGen: 95357K->2009K(94720K)] 177052K->83767K(781696K), 0.0037700 secs] [Times: user=0.02 sys=0.00, real=0.00 secs] 
2014-07-08T10:38:41.001+0000: 350.386: [GC [PSYoungGen: 94681K->992K(92480K)] 176439K->83439K(779456K), 0.0049790 secs] [Times: user=0.03 sys=0.00, real=0.00 secs] 
2014-07-08T10:38:41.492+0000: 350.877: [GC [PSYoungGen: 92439K->1888K(111680K)] 174886K->84399K(798656K), 0.0071370 secs] [Times: user=0.04 sys=0.00, real=0.00 secs] 
2014-07-08T10:38:42.159+0000: 351.544: [GC [PSYoungGen: 111633K->1548K(133312K)] 194144K->84179K(820288K), 0.0179660 secs] [Times: user=0.11 sys=0.00, real=0.02 secs] 
2014-07-08T10:38:42.764+0000: 352.149: [GC [PSYoungGen: 133260K->1156K(138560K)] 215891K->83850K(825536K), 0.0040280 secs] [Times: user=0.01 sys=0.00, real=0.00 secs] 
2014-07-08T10:38:43.588+0000: 352.973: [GC [PSYoungGen: 137412K->1528K(160448K)] 220106K->84311K(847424K), 0.0042760 secs] [Times: user=0.02 sys=0.00, real=0.01 secs] 
2014-07-08T10:38:44.827+0000: 354.212: [GC [PSYoungGen: 159655K->1309K(156544K)] 242438K->84132K(843520K), 0.0060730 secs] [Times: user=0.02 sys=0.00, real=0.01 secs] 
2014-07-08T10:38:46.110+0000: 355.495: [GC [PSYoungGen: 156508K->960K(153280K)] 239331K->84072K(840256K), 0.0051480 secs] [Times: user=0.04 sys=0.00, real=0.01 secs] 
2014-07-08T10:38:47.203+0000: 356.588: [GC [PSYoungGen: 153280K->1376K(150912K)] 236392K->84577K(837888K), 0.0063440 secs] [Times: user=0.03 sys=0.00, real=0.00 secs] 
2014-07-08T10:38:48.361+0000: 357.745: [GC [PSYoungGen: 150880K->1368K(148224K)] 234081K->84683K(835200K), 0.0075190 secs] [Times: user=0.04 sys=0.00, real=0.01 secs] 
2014-07-08T10:38:49.450+0000: 358.835: [GC [PSYoungGen: 148184K->1174K(145408K)] 231499K->84529K(832384K), 0.0086890 secs] [Times: user=0.05 sys=0.00, real=0.01 secs] 
2014-07-08T10:38:50.664+0000: 360.048: [GC [PSYoungGen: 145365K->1326K(142976K)] 228720K->84729K(829952K), 0.0055730 secs] [Times: user=0.01 sys=0.00, real=0.00 secs] 
2014-07-08T10:38:51.653+0000: 361.038: [GC [PSYoungGen: 142958K->1638K(140800K)] 226361K->85097K(827776K), 0.0068830 secs] [Times: user=0.04 sys=0.01, real=0.01 secs] 
2014-07-08T10:38:52.944+0000: 362.329: [GC [PSYoungGen: 140774K->1124K(137856K)] 224233K->84646K(824832K), 0.0077520 secs] [Times: user=0.03 sys=0.01, real=0.00 secs] 
2014-07-08T10:38:53.837+0000: 363.222: [GC [PSYoungGen: 137828K->1508K(135872K)] 221350K->85087K(822848K), 0.0079650 secs] [Times: user=0.04 sys=0.00, real=0.01 secs] 
2014-07-08T10:38:55.180+0000: 364.565: [GC [PSYoungGen: 135844K->1461K(133568K)] 219423K->85168K(820544K), 0.0108300 secs] [Times: user=0.06 sys=0.00, real=0.01 secs] 
2014-07-08T10:38:56.058+0000: 365.443: [GC [PSYoungGen: 133557K->1292K(131264K)] 217264K->85039K(818240K), 0.0076900 secs] [Times: user=0.05 sys=0.00, real=0.01 secs] 
2014-07-08T10:38:57.145+0000: 366.530: [GC [PSYoungGen: 131170K->1330K(129088K)] 214917K->85361K(816064K), 0.0033830 secs] [Times: user=0.02 sys=0.00, real=0.00 secs] 
2014-07-08T10:38:58.016+0000: 367.401: [GC [PSYoungGen: 129074K->1656K(127296K)] 213105K->85833K(814272K), 0.0070710 secs] [Times: user=0.04 sys=0.01, real=0.00 secs] 
2014-07-08T10:38:59.076+0000: 368.461: [GC [PSYoungGen: 127252K->1132K(124736K)] 211429K->85775K(811712K), 0.0041470 secs] [Times: user=0.03 sys=0.00, real=0.00 secs] 
2014-07-08T10:38:59.977+0000: 369.362: [GC [PSYoungGen: 124715K->1562K(123200K)] 209359K->86261K(810176K), 0.0057270 secs] [Times: user=0.02 sys=0.00, real=0.00 secs] 
2014-07-08T10:39:00.913+0000: 370.298: [GC [PSYoungGen: 123161K->1060K(120768K)] 207860K->85955K(807744K), 0.0067820 secs] [Times: user=0.04 sys=0.01, real=0.01 secs] 
2014-07-08T10:39:02.115+0000: 371.500: [GC [PSYoungGen: 120740K->1458K(119296K)] 205635K->86441K(806272K), 0.0045360 secs] [Times: user=0.02 sys=0.00, real=0.00 secs] 
2014-07-08T10:39:02.990+0000: 372.375: [GC [PSYoungGen: 119282K->1344K(117440K)] 204265K->86391K(804416K), 0.0062830 secs] [Times: user=0.04 sys=0.00, real=0.01 secs] 
2014-07-08T10:39:04.163+0000: 373.548: [GC [PSYoungGen: 117354K->1454K(115712K)] 202402K->86565K(802688K), 0.0048910 secs] [Times: user=0.02 sys=0.00, real=0.01 secs] 
2014-07-08T10:39:04.943+0000: 374.327: [GC [PSYoungGen: 115694K->1124K(113664K)] 200805K->86475K(800640K), 0.0063240 secs] [Times: user=0.04 sys=0.01, real=0.01 secs] 
2014-07-08T10:39:05.858+0000: 375.242: [GC [PSYoungGen: 113636K->1782K(112640K)] 198987K->87189K(799616K), 0.0043450 secs] [Times: user=0.02 sys=0.00, real=0.00 secs] 
2014-07-08T10:39:06.905+0000: 376.290: [GC [PSYoungGen: 112630K->822K(110016K)] 198037K->87058K(796992K), 0.0037500 secs] [Times: user=0.02 sys=0.00, real=0.00 secs] 
2014-07-08T10:39:07.706+0000: 377.090: [GC [PSYoungGen: 110006K->1780K(109376K)] 196242K->88090K(796352K), 0.0062280 secs] [Times: user=0.02 sys=0.00, real=0.00 secs] 
2014-07-08T10:39:13.054+0000: 382.438: [GC [PSYoungGen: 109364K->1400K(107456K)] 195674K->88254K(794432K), 0.0081710 secs] [Times: user=0.03 sys=0.00, real=0.01 secs] 
2014-07-08T10:39:33.402+0000: 402.787: [GC [PSYoungGen: 107446K->1324K(105856K)] 194300K->88202K(792832K), 0.0061970 secs] [Times: user=0.01 sys=0.00, real=0.00 secs] 
2014-07-08T10:39:34.847+0000: 404.232: [GC [PSYoungGen: 105836K->1128K(104192K)] 192714K->88030K(791168K), 0.0046170 secs] [Times: user=0.01 sys=0.00, real=0.01 secs] 
2014-07-08T10:39:35.034+0000: 404.419: [GC [PSYoungGen: 104168K->1212K(124864K)] 191070K->88162K(811840K), 0.0141710 secs] [Times: user=0.06 sys=0.00, real=0.01 secs] 
2014-07-08T10:39:35.265+0000: 404.650: [GC [PSYoungGen: 124860K->1256K(141312K)] 211810K->88270K(828288K), 0.0064760 secs] [Times: user=0.02 sys=0.00, real=0.01 secs] 
2014-07-08T10:39:35.517+0000: 404.901: [GC [PSYoungGen: 140520K->1568K(141376K)] 227534K->88654K(828352K), 0.0053900 secs] [Times: user=0.03 sys=0.00, real=0.01 secs] 
2014-07-08T10:39:35.797+0000: 405.182: [GC [PSYoungGen: 140832K->1426K(169152K)] 227918K->88544K(856128K), 0.0105230 secs] [Times: user=0.06 sys=0.01, real=0.01 secs] 
2014-07-08T10:39:36.640+0000: 406.025: [GC [PSYoungGen: 168565K->1529K(169216K)] 255683K->88679K(856192K), 0.0041820 secs] [Times: user=0.02 sys=0.00, real=0.00 secs] 
2014-07-08T10:39:37.604+0000: 406.988: [GC [PSYoungGen: 168697K->1202K(202624K)] 255847K->88448K(889600K), 0.0063360 secs] [Times: user=0.04 sys=0.00, real=0.01 secs] 
2014-07-08T10:39:45.036+0000: 414.421: [GC [PSYoungGen: 201842K->1536K(202624K)] 289088K->88782K(889600K), 0.0262500 secs] [Times: user=0.16 sys=0.00, real=0.03 secs] 
2014-07-08T10:39:50.089+0000: 419.474: [GC [PSYoungGen: 202176K->1440K(242624K)] 289422K->88726K(929600K), 0.0109030 secs] [Times: user=0.06 sys=0.00, real=0.01 secs] 
2014-07-08T10:39:51.638+0000: 421.023: [GC [PSYoungGen: 242208K->1486K(236544K)] 329494K->88836K(923520K), 0.0058880 secs] [Times: user=0.03 sys=0.00, real=0.01 secs] 
2014-07-08T10:39:52.149+0000: 421.534: [GC [PSYoungGen: 236494K->490K(240896K)] 323844K->88654K(927872K), 0.0088910 secs] [Times: user=0.05 sys=0.01, real=0.01 secs] 
2014-07-08T10:39:53.807+0000: 423.192: [GC [PSYoungGen: 240874K->1914K(236544K)] 329038K->90247K(923520K), 0.0109300 secs] [Times: user=0.06 sys=0.00, real=0.01 secs] 
2014-07-08T10:39:55.672+0000: 425.057: [GC [PSYoungGen: 236538K->64K(229120K)] 324871K->90297K(916096K), 0.0069520 secs] [Times: user=0.04 sys=0.00, real=0.01 secs] 
2014-07-08T10:39:57.040+0000: 426.425: [GC [PSYoungGen: 229120K->2022K(225728K)] 319353K->92295K(912704K), 0.0067630 secs] [Times: user=0.05 sys=0.00, real=0.01 secs] 
2014-07-08T10:39:58.326+0000: 427.711: [GC [PSYoungGen: 225702K->1294K(219840K)] 315975K->92301K(906816K), 0.0044560 secs] [Times: user=0.03 sys=0.00, real=0.00 secs] 
2014-07-08T10:39:59.974+0000: 429.359: [GC [PSYoungGen: 219790K->1344K(214912K)] 310797K->92415K(901888K), 0.0066400 secs] [Times: user=0.04 sys=0.01, real=0.00 secs] 
2014-07-08T10:40:03.154+0000: 432.539: [GC [PSYoungGen: 214848K->1304K(210048K)] 305919K->92423K(897024K), 0.0091540 secs] [Times: user=0.06 sys=0.00, real=0.00 secs] 
2014-07-08T10:40:04.515+0000: 433.900: [GC [PSYoungGen: 210008K->1622K(205760K)] 301127K->92773K(892736K), 0.0062810 secs] [Times: user=0.02 sys=0.00, real=0.00 secs] 
2014-07-08T10:40:05.855+0000: 435.240: [GC [PSYoungGen: 205642K->1519K(201152K)] 296793K->92750K(888128K), 0.0035160 secs] [Times: user=0.02 sys=0.00, real=0.00 secs] 
2014-07-08T10:40:07.268+0000: 436.652: [GC [PSYoungGen: 201135K->1220K(196544K)] 292366K->92555K(883520K), 0.0058480 secs] [Times: user=0.04 sys=0.00, real=0.00 secs] 
2014-07-08T10:40:08.627+0000: 438.012: [GC [PSYoungGen: 196484K->1234K(192384K)] 287819K->92633K(879360K), 0.0069950 secs] [Times: user=0.05 sys=0.00, real=0.01 secs] 
2014-07-08T10:40:09.982+0000: 439.367: [GC [PSYoungGen: 192338K->978K(188096K)] 283737K->92433K(875072K), 0.0043130 secs] [Times: user=0.01 sys=0.00, real=0.01 secs] 
2014-07-08T10:40:11.655+0000: 441.039: [GC [PSYoungGen: 188050K->992K(184192K)] 279505K->92487K(871168K), 0.0084320 secs] [Times: user=0.05 sys=0.01, real=0.01 secs] 
2014-07-08T10:40:12.993+0000: 442.378: [GC [PSYoungGen: 184160K->1316K(180736K)] 275655K->92883K(867712K), 0.0059240 secs] [Times: user=0.02 sys=0.01, real=0.01 secs] 
2014-07-08T10:40:31.101+0000: 460.486: [GC [PSYoungGen: 180672K->1352K(177152K)] 272239K->92919K(864128K), 0.0107170 secs] [Times: user=0.07 sys=0.00, real=0.01 secs] 
2014-07-08T10:40:39.501+0000: 468.886: [GC [PSYoungGen: 177096K->1010K(173248K)] 268663K->92577K(860224K), 0.0057350 secs] [Times: user=0.03 sys=0.00, real=0.00 secs] 
2014-07-08T10:40:39.797+0000: 469.182: [GC [PSYoungGen: 173234K->1454K(170304K)] 264801K->93077K(857280K), 0.0062900 secs] [Times: user=0.04 sys=0.00, real=0.01 secs] 
2014-07-08T10:40:40.141+0000: 469.526: [GC [PSYoungGen: 170286K->1284K(166848K)] 261909K->92963K(853824K), 0.0065120 secs] [Times: user=0.02 sys=0.00, real=0.00 secs] 
2014-07-08T10:40:40.467+0000: 469.852: [GC [PSYoungGen: 166788K->1120K(199808K)] 258467K->92871K(886784K), 0.0081750 secs] [Times: user=0.05 sys=0.00, real=0.01 secs] 
2014-07-08T10:40:41.676+0000: 471.061: [GC [PSYoungGen: 199776K->1482K(227584K)] 291527K->93305K(914560K), 0.0054660 secs] [Times: user=0.03 sys=0.00, real=0.01 secs] 
2014-07-08T10:40:45.060+0000: 474.445: [GC [PSYoungGen: 227100K->1302K(221760K)] 318923K->93125K(908736K), 0.0080160 secs] [Times: user=0.06 sys=0.00, real=0.01 secs] 
2014-07-08T10:40:55.471+0000: 484.856: [GC [PSYoungGen: 221718K->928K(216320K)] 313541K->92751K(903296K), 0.0047630 secs] [Times: user=0.03 sys=0.00, real=0.01 secs] 
2014-07-08T10:40:55.862+0000: 485.247: [GC [PSYoungGen: 216288K->1564K(212096K)] 308111K->93476K(899072K), 0.0071440 secs] [Times: user=0.04 sys=0.00, real=0.00 secs] 
2014-07-08T10:40:56.976+0000: 486.361: [GC [PSYoungGen: 212048K->1163K(207040K)] 303960K->93106K(894016K), 0.0048000 secs] [Times: user=0.02 sys=0.00, real=0.00 secs] 
2014-07-08T10:40:58.303+0000: 487.688: [GC [PSYoungGen: 206987K->1070K(202368K)] 298930K->93167K(889344K), 0.0056740 secs] [Times: user=0.02 sys=0.00, real=0.00 secs] 
2014-07-08T10:41:17.237+0000: 506.622: [GC [PSYoungGen: 202350K->1142K(198080K)] 294447K->93255K(885056K), 0.0127550 secs] [Times: user=0.07 sys=0.01, real=0.01 secs] 
2014-07-08T10:41:29.876+0000: 519.261: [GC [PSYoungGen: 198070K->1529K(194240K)] 290183K->93722K(881216K), 0.0048680 secs] [Times: user=0.01 sys=0.00, real=0.01 secs] 
2014-07-08T10:41:30.485+0000: 519.870: [GC [PSYoungGen: 194220K->1454K(190080K)] 286413K->93672K(877056K), 0.0061830 secs] [Times: user=0.02 sys=0.00, real=0.01 secs] 
2014-07-08T10:41:38.144+0000: 527.529: [GC [PSYoungGen: 190062K->870K(185536K)] 282280K->93563K(872512K), 0.0092400 secs] [Times: user=0.06 sys=0.00, real=0.01 secs] 
2014-07-08T10:41:47.899+0000: 537.284: [GC [PSYoungGen: 185510K->1302K(182144K)] 278203K->94051K(869120K), 0.0058400 secs] [Times: user=0.03 sys=0.00, real=0.00 secs] 
2014-07-08T10:41:48.667+0000: 538.052: [GC [PSYoungGen: 182102K->1174K(178304K)] 274851K->94191K(865280K), 0.0030180 secs] [Times: user=0.01 sys=0.00, real=0.01 secs] 
2014-07-08T10:41:49.197+0000: 538.582: [GC [PSYoungGen: 178262K->1398K(174912K)] 271279K->94503K(861888K), 0.0047930 secs] [Times: user=0.01 sys=0.00, real=0.01 secs] 
2014-07-08T10:41:50.257+0000: 539.642: [GC [PSYoungGen: 174902K->1010K(171072K)] 268007K->94219K(858048K), 0.0044850 secs] [Times: user=0.02 sys=0.00, real=0.01 secs] 
2014-07-08T10:41:51.540+0000: 540.925: [GC [PSYoungGen: 171052K->1494K(168256K)] 264261K->94775K(855232K), 0.0041310 secs] [Times: user=0.02 sys=0.00, real=0.00 secs] 
2014-07-08T10:41:59.732+0000: 549.117: [GC [PSYoungGen: 168214K->1056K(164544K)] 261495K->94545K(851520K), 0.0054390 secs] [Times: user=0.03 sys=0.00, real=0.00 secs] 
2014-07-08T10:42:21.929+0000: 571.314: [GC [PSYoungGen: 164480K->1340K(161664K)] 257969K->94853K(848640K), 0.0065600 secs] [Times: user=0.04 sys=0.00, real=0.01 secs] 
2014-07-08T10:42:44.719+0000: 594.103: [GC [PSYoungGen: 161660K->1206K(158464K)] 255173K->95118K(845440K), 0.0032440 secs] [Times: user=0.02 sys=0.00, real=0.00 secs] 
2014-07-08T10:42:44.997+0000: 594.382: [GC [PSYoungGen: 158454K->1398K(155712K)] 252366K->95358K(842688K), 0.0080490 secs] [Times: user=0.05 sys=0.00, real=0.01 secs] 
2014-07-08T10:42:45.270+0000: 594.655: [GC [PSYoungGen: 155702K->1010K(186240K)] 249662K->95305K(873216K), 0.0071850 secs] [Times: user=0.04 sys=0.00, real=0.00 secs] 
2014-07-08T10:42:45.739+0000: 595.124: [GC [PSYoungGen: 186214K->1192K(223488K)] 280510K->95551K(910464K), 0.0096960 secs] [Times: user=0.06 sys=0.00, real=0.01 secs] 
2014-07-08T10:42:47.090+0000: 596.475: [GC [PSYoungGen: 223464K->1269K(228096K)] 317823K->96093K(915072K), 0.0033580 secs] [Times: user=0.02 sys=0.01, real=0.00 secs] 
2014-07-08T10:42:55.697+0000: 605.082: [GC [PSYoungGen: 228085K->1408K(223040K)] 322909K->96264K(910016K), 0.0130380 secs] [Times: user=0.08 sys=0.01, real=0.02 secs] 
2014-07-08T10:43:20.183+0000: 629.568: [GC [PSYoungGen: 222976K->448K(216896K)] 317832K->96149K(903872K), 0.0034880 secs] [Times: user=0.02 sys=0.00, real=0.01 secs] 
2014-07-08T10:43:20.570+0000: 629.955: [GC [PSYoungGen: 216896K->1761K(226944K)] 312597K->97760K(913920K), 0.0083580 secs] [Times: user=0.04 sys=0.00, real=0.01 secs] 
2014-07-08T10:43:20.984+0000: 630.369: [GC [PSYoungGen: 226913K->1512K(261760K)] 322912K->97954K(948736K), 0.0128650 secs] [Times: user=0.07 sys=0.00, real=0.01 secs] 
2014-07-08T10:43:22.340+0000: 631.724: [GC [PSYoungGen: 261288K->1152K(261760K)] 357730K->97824K(948736K), 0.0083530 secs] [Times: user=0.02 sys=0.00, real=0.01 secs] 
2014-07-08T10:43:25.990+0000: 635.375: [GC [PSYoungGen: 260879K->1348K(313600K)] 357551K->98020K(1000576K), 0.0058320 secs] [Times: user=0.03 sys=0.00, real=0.01 secs] 
2014-07-08T10:43:43.878+0000: 653.263: [GC [PSYoungGen: 313092K->1349K(304640K)] 409764K->98021K(991616K), 0.0070000 secs] [Times: user=0.04 sys=0.00, real=0.00 secs] 
2014-07-08T10:43:44.390+0000: 653.775: [GC [PSYoungGen: 304581K->640K(295680K)] 401253K->97640K(982656K), 0.0045490 secs] [Times: user=0.03 sys=0.00, real=0.00 secs] 
2014-07-08T10:43:45.600+0000: 654.985: [GC [PSYoungGen: 295680K->1850K(289024K)] 392680K->98882K(976000K), 0.0085710 secs] [Times: user=0.05 sys=0.00, real=0.01 secs] 
2014-07-08T10:44:02.170+0000: 671.554: [GC [PSYoungGen: 289018K->1376K(281024K)] 386050K->98784K(968000K), 0.0053720 secs] [Times: user=0.01 sys=0.00, real=0.01 secs] 
2014-07-08T10:44:19.194+0000: 688.579: [GC [PSYoungGen: 280992K->1284K(273728K)] 378400K->98716K(960704K), 0.0109780 secs] [Times: user=0.06 sys=0.00, real=0.01 secs] 
2014-07-08T10:44:19.668+0000: 689.053: [GC [PSYoungGen: 273657K->1500K(266944K)] 371089K->99028K(953920K), 0.0061880 secs] [Times: user=0.03 sys=0.00, real=0.01 secs] 
2014-07-08T10:44:20.427+0000: 689.812: [GC [PSYoungGen: 266884K->1402K(260096K)] 364412K->98994K(947072K), 0.0047420 secs] [Times: user=0.02 sys=0.00, real=0.00 secs] 
2014-07-08T10:44:22.152+0000: 691.537: [GC [PSYoungGen: 260090K->1124K(253376K)] 357682K->98772K(940352K), 0.0065760 secs] [Times: user=0.03 sys=0.00, real=0.01 secs] 
2014-07-08T10:44:42.611+0000: 711.996: [GC [PSYoungGen: 253329K->1803K(247872K)] 350977K->99451K(934848K), 0.0068980 secs] [Times: user=0.05 sys=0.00, real=0.01 secs] 
2014-07-08T10:44:58.836+0000: 728.221: [GC [PSYoungGen: 247819K->992K(241088K)] 345467K->98864K(928064K), 0.0051780 secs] [Times: user=0.03 sys=0.00, real=0.01 secs] 
2014-07-08T10:44:59.228+0000: 728.612: [GC [PSYoungGen: 241056K->1295K(235648K)] 338928K->99191K(922624K), 0.0077410 secs] [Times: user=0.01 sys=0.00, real=0.01 secs] 
2014-07-08T10:45:00.018+0000: 729.403: [GC [PSYoungGen: 235599K->1252K(230016K)] 333495K->99384K(916992K), 0.0067970 secs] [Times: user=0.04 sys=0.00, real=0.01 secs] 
2014-07-08T10:45:01.765+0000: 731.150: [GC [PSYoungGen: 229988K->1106K(224512K)] 328120K->99294K(911488K), 0.0040470 secs] [Times: user=0.02 sys=0.00, real=0.01 secs] 
2014-07-08T10:45:07.864+0000: 737.249: [GC [PSYoungGen: 224446K->1042K(219264K)] 322634K->99262K(906240K), 0.0043530 secs] [Times: user=0.02 sys=0.01, real=0.00 secs] 
2014-07-08T10:45:09.257+0000: 738.642: [GC [PSYoungGen: 219218K->1266K(214464K)] 317438K->99590K(901440K), 0.0064680 secs] [Times: user=0.04 sys=0.00, real=0.01 secs] 
2014-07-08T10:45:18.170+0000: 747.555: [GC [PSYoungGen: 214450K->1170K(209600K)] 312774K->99494K(896576K), 0.0031160 secs] [Times: user=0.01 sys=0.00, real=0.01 secs] 
2014-07-08T10:45:18.681+0000: 748.066: [GC [PSYoungGen: 209529K->1280K(205120K)] 307853K->99636K(892096K), 0.0152120 secs] [Times: user=0.08 sys=0.00, real=0.02 secs] 
2014-07-08T10:45:19.911+0000: 749.296: [GC [PSYoungGen: 205056K->1312K(200640K)] 303412K->99886K(887616K), 0.0106470 secs] [Times: user=0.06 sys=0.01, real=0.01 secs] 
2014-07-08T10:45:21.096+0000: 750.481: [GC [PSYoungGen: 200608K->1152K(196160K)] 299182K->99798K(883136K), 0.0044410 secs] [Times: user=0.02 sys=0.00, real=0.00 secs] 
2014-07-08T10:45:38.432+0000: 767.816: [GC [PSYoungGen: 196160K->1252K(192128K)] 294806K->99906K(879104K), 0.0040420 secs] [Times: user=0.02 sys=0.01, real=0.01 secs] 
2014-07-08T10:45:53.167+0000: 782.552: [GC [PSYoungGen: 192100K->1230K(188096K)] 290754K->99884K(875072K), 0.0069630 secs] [Times: user=0.02 sys=0.00, real=0.00 secs] 
2014-07-08T10:45:53.517+0000: 782.902: [GC [PSYoungGen: 188046K->1060K(184000K)] 286700K->99794K(870976K), 0.0026250 secs] [Times: user=0.01 sys=0.00, real=0.00 secs] 
2014-07-08T10:45:53.803+0000: 783.188: [GC [PSYoungGen: 183972K->946K(180096K)] 282706K->99736K(867072K), 0.0062870 secs] [Times: user=0.03 sys=0.00, real=0.01 secs] 
2014-07-08T10:45:54.338+0000: 783.722: [GC [PSYoungGen: 180082K->1422K(216448K)] 278872K->100292K(903424K), 0.0091740 secs] [Times: user=0.05 sys=0.00, real=0.00 secs] 
2014-07-08T10:45:55.838+0000: 785.223: [GC [PSYoungGen: 216398K->1440K(211584K)] 315268K->100390K(898560K), 0.0030980 secs] [Times: user=0.01 sys=0.00, real=0.00 secs] 
2014-07-08T10:46:09.604+0000: 798.989: [GC [PSYoungGen: 211552K->680K(206144K)] 310502K->100192K(893120K), 0.0064610 secs] [Times: user=0.04 sys=0.00, real=0.01 secs] 
2014-07-08T10:46:43.641+0000: 833.026: [GC [PSYoungGen: 206120K->1782K(202688K)] 305632K->101318K(889664K), 0.0114650 secs] [Times: user=0.06 sys=0.00, real=0.01 secs] 
2014-07-08T10:46:44.206+0000: 833.591: [GC [PSYoungGen: 202678K->1124K(197696K)] 302214K->101164K(884672K), 0.0086550 secs] [Times: user=0.04 sys=0.00, real=0.01 secs] 
2014-07-08T10:46:44.543+0000: 833.928: [GC [PSYoungGen: 197668K->1224K(193600K)] 297708K->101344K(880576K), 0.0058740 secs] [Times: user=0.04 sys=0.00, real=0.01 secs] 
2014-07-08T10:46:45.067+0000: 834.452: [GC [PSYoungGen: 193544K->1482K(232320K)] 293664K->101707K(919296K), 0.0071060 secs] [Times: user=0.04 sys=0.00, real=0.00 secs] 
2014-07-08T10:46:46.690+0000: 836.075: [GC [PSYoungGen: 232266K->1312K(226688K)] 332491K->101592K(913664K), 0.0039540 secs] [Times: user=0.01 sys=0.00, real=0.00 secs] 
2014-07-08T10:47:04.235+0000: 853.620: [GC [PSYoungGen: 226656K->1006K(221120K)] 326936K->101562K(908096K), 0.0069730 secs] [Times: user=0.04 sys=0.00, real=0.01 secs] 
2014-07-08T10:47:36.694+0000: 886.079: [GC [PSYoungGen: 221102K->1671K(216768K)] 321658K->102251K(903744K), 0.0065600 secs] [Times: user=0.04 sys=0.00, real=0.00 secs] 
2014-07-08T10:47:37.080+0000: 886.465: [GC [PSYoungGen: 216711K->1020K(211200K)] 317291K->102239K(898176K), 0.0047340 secs] [Times: user=0.03 sys=0.00, real=0.01 secs] 
2014-07-08T10:47:37.416+0000: 886.801: [GC [PSYoungGen: 211196K->1340K(206848K)] 312415K->102631K(893824K), 0.0034110 secs] [Times: user=0.01 sys=0.00, real=0.00 secs] 
2014-07-08T10:47:38.269+0000: 887.654: [GC [PSYoungGen: 206844K->1152K(202112K)] 308135K->102677K(889088K), 0.0079750 secs] [Times: user=0.03 sys=0.00, real=0.01 secs] 
2014-07-08T10:47:39.652+0000: 889.036: [GC [PSYoungGen: 202112K->1266K(197888K)] 303637K->102871K(884864K), 0.0036490 secs] [Times: user=0.02 sys=0.00, real=0.01 secs] 
2014-07-08T10:48:03.356+0000: 912.741: [GC [PSYoungGen: 197874K->1394K(193792K)] 299479K->102999K(880768K), 0.0098600 secs] [Times: user=0.05 sys=0.00, real=0.01 secs] 
2014-07-08T10:48:35.062+0000: 944.446: [GC [PSYoungGen: 193778K->1710K(190016K)] 295383K->103315K(876992K), 0.0074220 secs] [Times: user=0.03 sys=0.00, real=0.00 secs] 
2014-07-08T10:48:35.391+0000: 944.776: [GC [PSYoungGen: 189998K->612K(184960K)] 291603K->102611K(871936K), 0.0053770 secs] [Times: user=0.01 sys=0.00, real=0.01 secs] 
2014-07-08T10:48:35.705+0000: 945.090: [GC [PSYoungGen: 184932K->1412K(181952K)] 286931K->103459K(868928K), 0.0046730 secs] [Times: user=0.03 sys=0.00, real=0.00 secs] 
2014-07-08T10:48:36.206+0000: 945.590: [GC [PSYoungGen: 181892K->1010K(177792K)] 283939K->103401K(864768K), 0.0050370 secs] [Times: user=0.02 sys=0.00, real=0.00 secs] 
2014-07-08T10:48:37.407+0000: 946.791: [GC [PSYoungGen: 177778K->1390K(174592K)] 280169K->103861K(861568K), 0.0051350 secs] [Times: user=0.03 sys=0.00, real=0.00 secs] 
2014-07-08T10:48:43.915+0000: 953.300: [GC [PSYoungGen: 174574K->1220K(171008K)] 277045K->103691K(857984K), 0.0079730 secs] [Times: user=0.04 sys=0.01, real=0.00 secs] 
2014-07-08T10:49:08.974+0000: 978.359: [GC [PSYoungGen: 170917K->1390K(167808K)] 273388K->103861K(854784K), 0.0052720 secs] [Times: user=0.03 sys=0.00, real=0.01 secs] 
2014-07-08T10:49:22.517+0000: 991.902: [GC [PSYoungGen: 167790K->1080K(164224K)] 270261K->103809K(851200K), 0.0076060 secs] [Times: user=0.05 sys=0.00, real=0.01 secs] 
2014-07-08T10:49:22.824+0000: 992.209: [GC [PSYoungGen: 164216K->1579K(161600K)] 266945K->104372K(848576K), 0.0064070 secs] [Times: user=0.04 sys=0.00, real=0.01 secs] 
2014-07-08T10:49:23.093+0000: 992.478: [GC [PSYoungGen: 161579K->936K(192960K)] 264372K->104001K(879936K), 0.0077020 secs] [Times: user=0.04 sys=0.01, real=0.01 secs] 
2014-07-08T10:49:23.576+0000: 992.960: [GC [PSYoungGen: 192936K->1216K(231680K)] 296001K->104321K(918656K), 0.0085980 secs] [Times: user=0.04 sys=0.00, real=0.01 secs] 
2014-07-08T10:49:25.001+0000: 994.385: [GC [PSYoungGen: 231616K->982K(277504K)] 334721K->104233K(964480K), 0.0055880 secs] [Times: user=0.03 sys=0.00, real=0.00 secs] 
2014-07-08T10:49:50.890+0000: 1020.275: [GC [PSYoungGen: 277462K->1124K(270528K)] 380713K->104375K(957504K), 0.0075970 secs] [Times: user=0.04 sys=0.01, real=0.01 secs] 
2014-07-08T10:50:21.592+0000: 1050.977: [GC [PSYoungGen: 270500K->978K(263552K)] 373751K->104229K(950528K), 0.0063980 secs] [Times: user=0.02 sys=0.00, real=0.01 secs] 
2014-07-08T10:50:22.031+0000: 1051.416: [GC [PSYoungGen: 263486K->1718K(257664K)] 366738K->105065K(944640K), 0.0073590 secs] [Times: user=0.04 sys=0.00, real=0.01 secs] 
2014-07-08T10:50:22.952+0000: 1052.337: [GC [PSYoungGen: 257611K->886K(250496K)] 360958K->104579K(937472K), 0.0031980 secs] [Times: user=0.02 sys=0.00, real=0.00 secs] 
2014-07-08T10:50:24.942+0000: 1054.327: [GC [PSYoungGen: 250486K->1842K(245376K)] 354179K->105575K(932352K), 0.0097860 secs] [Times: user=0.06 sys=0.01, real=0.01 secs] 
2014-07-08T10:50:58.889+0000: 1088.274: [GC [PSYoungGen: 245316K->1014K(238656K)] 349050K->105213K(925632K), 0.0072000 secs] [Times: user=0.03 sys=0.00, real=0.01 secs] 
2014-07-08T10:51:06.293+0000: 1095.677: [GC [PSYoungGen: 238646K->1952K(233920K)] 342845K->106315K(920896K), 0.0070400 secs] [Times: user=0.05 sys=0.00, real=0.01 secs] 
2014-07-08T10:51:06.684+0000: 1096.068: [GC [PSYoungGen: 233888K->992K(227520K)] 338251K->105771K(914496K), 0.0082470 secs] [Times: user=0.01 sys=0.01, real=0.01 secs] 
2014-07-08T10:51:07.692+0000: 1097.077: [GC [PSYoungGen: 227488K->1536K(222848K)] 332267K->106387K(909824K), 0.0083100 secs] [Times: user=0.05 sys=0.00, real=0.01 secs] 
2014-07-08T10:51:09.255+0000: 1098.640: [GC [PSYoungGen: 222784K->1472K(217728K)] 327635K->106486K(904704K), 0.0040680 secs] [Times: user=0.02 sys=0.00, real=0.00 secs] 
2014-07-08T10:51:22.790+0000: 1112.175: [GC [PSYoungGen: 217663K->1248K(212544K)] 322677K->106261K(899520K), 0.0089510 secs] [Times: user=0.07 sys=0.00, real=0.01 secs] 
2014-07-08T10:51:36.505+0000: 1125.890: [GC [PSYoungGen: 212512K->1326K(207872K)] 317525K->106403K(894848K), 0.0077540 secs] [Times: user=0.04 sys=0.00, real=0.01 secs] 
2014-07-08T10:51:36.840+0000: 1126.225: [GC [PSYoungGen: 207854K->818K(248704K)] 312931K->105927K(935680K), 0.0113920 secs] [Times: user=0.07 sys=0.00, real=0.01 secs] 
2014-07-08T10:51:37.476+0000: 1126.861: [GC [PSYoungGen: 248690K->1429K(243328K)] 353799K->106618K(930304K), 0.0036820 secs] [Times: user=0.01 sys=0.00, real=0.01 secs] 
2014-07-08T10:51:38.639+0000: 1128.024: [GC [PSYoungGen: 243253K->1430K(237504K)] 348443K->106691K(924480K), 0.0037830 secs] [Times: user=0.02 sys=0.00, real=0.01 secs] 
2014-07-08T10:51:40.275+0000: 1129.660: [GC [PSYoungGen: 237462K->1060K(231488K)] 342723K->106489K(918464K), 0.0089740 secs] [Times: user=0.06 sys=0.01, real=0.01 secs] 
2014-07-08T10:51:45.129+0000: 1134.514: [GC [PSYoungGen: 231460K->1554K(226624K)] 336889K->107015K(913600K), 0.0096410 secs] [Times: user=0.06 sys=0.00, real=0.01 secs] 
2014-07-08T10:51:59.067+0000: 1148.452: [GC [PSYoungGen: 226578K->1188K(221056K)] 332039K->106705K(908032K), 0.0034310 secs] [Times: user=0.02 sys=0.00, real=0.00 secs] 
2014-07-08T10:51:59.431+0000: 1148.816: [GC [PSYoungGen: 221028K->1652K(216448K)] 326545K->107250K(903424K), 0.0086390 secs] [Times: user=0.05 sys=0.00, real=0.01 secs] 
2014-07-08T10:52:00.433+0000: 1149.818: [GC [PSYoungGen: 216436K->996K(210944K)] 322034K->106793K(897920K), 0.0052000 secs] [Times: user=0.03 sys=0.00, real=0.00 secs] 
2014-07-08T10:52:01.823+0000: 1151.208: [GC [PSYoungGen: 210916K->1508K(206784K)] 316713K->107361K(893760K), 0.0061020 secs] [Times: user=0.04 sys=0.00, real=0.00 secs] 
2014-07-08T10:52:22.185+0000: 1171.570: [GC [PSYoungGen: 206755K->1451K(202176K)] 312608K->107652K(889152K), 0.0090750 secs] [Times: user=0.06 sys=0.00, real=0.01 secs] 
2014-07-08T10:52:26.902+0000: 1176.287: [GC [PSYoungGen: 202155K->1212K(197568K)] 308356K->107437K(884544K), 0.0067650 secs] [Times: user=0.02 sys=0.01, real=0.01 secs] 
2014-07-08T10:52:27.214+0000: 1176.599: [GC [PSYoungGen: 197564K->1238K(236928K)] 303789K->107535K(923904K), 0.0250390 secs] [Times: user=0.17 sys=0.00, real=0.03 secs] 
2014-07-08T10:52:27.621+0000: 1177.006: [GC [PSYoungGen: 236885K->1344K(267520K)] 343182K->107721K(954496K), 0.0072650 secs] [Times: user=0.05 sys=0.00, real=0.01 secs] 
2014-07-08T10:52:28.932+0000: 1178.317: [GC [PSYoungGen: 266880K->1252K(284736K)] 373257K->107725K(971712K), 0.0053330 secs] [Times: user=0.03 sys=0.01, real=0.01 secs] 
2014-07-08T10:52:57.475+0000: 1206.860: [GC [PSYoungGen: 284068K->1574K(284736K)] 390541K->108047K(971712K), 0.0112170 secs] [Times: user=0.07 sys=0.00, real=0.01 secs] 
2014-07-08T10:53:12.204+0000: 1221.588: [GC [PSYoungGen: 284390K->1372K(276864K)] 390863K->107845K(963840K), 0.0120770 secs] [Times: user=0.03 sys=0.01, real=0.01 secs] 
2014-07-08T10:53:12.684+0000: 1222.069: [GC [PSYoungGen: 276828K->1166K(269568K)] 383301K->107703K(956544K), 0.0046040 secs] [Times: user=0.02 sys=0.00, real=0.01 secs] 
2014-07-08T10:53:14.221+0000: 1223.606: [GC [PSYoungGen: 269518K->1276K(262848K)] 376055K->107941K(949824K), 0.0078660 secs] [Times: user=0.05 sys=0.00, real=0.01 secs] 
2014-07-08T10:53:25.234+0000: 1234.619: [GC [PSYoungGen: 262843K->1252K(256320K)] 369508K->107941K(943296K), 0.0036440 secs] [Times: user=0.02 sys=0.00, real=0.01 secs] 
2014-07-08T10:53:25.789+0000: 1235.174: [GC [PSYoungGen: 256292K->1202K(249920K)] 362981K->108061K(936896K), 0.0036750 secs] [Times: user=0.02 sys=0.00, real=0.00 secs] 
2014-07-08T10:53:38.842+0000: 1248.227: [GC [PSYoungGen: 249906K->1234K(243904K)] 356765K->108101K(930880K), 0.0085630 secs] [Times: user=0.06 sys=0.00, real=0.01 secs] 
2014-07-08T10:53:43.722+0000: 1253.107: [GC [PSYoungGen: 243858K->1148K(237952K)] 350725K->108235K(924928K), 0.0049960 secs] [Times: user=0.02 sys=0.00, real=0.00 secs] 
2014-07-08T10:53:44.464+0000: 1253.849: [GC [PSYoungGen: 237948K->1312K(232512K)] 345035K->108463K(919488K), 0.0124020 secs] [Times: user=0.06 sys=0.00, real=0.01 secs] 
2014-07-08T10:53:45.645+0000: 1255.029: [GC [PSYoungGen: 232480K->1024K(226752K)] 339631K->108369K(913728K), 0.0071590 secs] [Times: user=0.03 sys=0.00, real=0.01 secs] 
2014-07-08T10:53:47.208+0000: 1256.593: [GC [PSYoungGen: 226752K->1624K(222144K)] 334097K->109041K(909120K), 0.0063420 secs] [Times: user=0.03 sys=0.00, real=0.01 secs] 
2014-07-08T10:53:58.659+0000: 1268.043: [GC [PSYoungGen: 222104K->814K(216256K)] 329521K->108787K(903232K), 0.0086020 secs] [Times: user=0.05 sys=0.00, real=0.01 secs] 
2014-07-08T10:53:59.073+0000: 1268.458: [GC [PSYoungGen: 216238K->1392K(211968K)] 324211K->109495K(898944K), 0.0031720 secs] [Times: user=0.02 sys=0.00, real=0.00 secs] 
2014-07-08T10:53:59.432+0000: 1268.817: [GC [PSYoungGen: 211952K->978K(253696K)] 320055K->109567K(940672K), 0.0116520 secs] [Times: user=0.03 sys=0.00, real=0.01 secs] 
2014-07-08T10:54:00.275+0000: 1269.660: [GC [PSYoungGen: 253650K->1166K(304448K)] 362239K->109787K(991424K), 0.0089360 secs] [Times: user=0.04 sys=0.01, real=0.01 secs] 
2014-07-08T10:54:15.930+0000: 1285.315: [GC [PSYoungGen: 304396K->1262K(296320K)] 413017K->110003K(983296K), 0.0085320 secs] [Times: user=0.05 sys=0.00, real=0.01 secs] 
2014-07-08T10:54:29.319+0000: 1298.704: [GC [PSYoungGen: 296302K->1366K(288576K)] 405043K->110131K(975552K), 0.0046700 secs] [Times: user=0.02 sys=0.00, real=0.00 secs] 
2014-07-08T10:54:29.813+0000: 1299.198: [GC [PSYoungGen: 288530K->822K(280448K)] 397295K->109985K(967424K), 0.0043930 secs] [Times: user=0.01 sys=0.00, real=0.01 secs] 
2014-07-08T10:54:31.049+0000: 1300.434: [GC [PSYoungGen: 280403K->1520K(273920K)] 389567K->110755K(960896K), 0.0042640 secs] [Times: user=0.02 sys=0.00, real=0.00 secs] 
2014-07-08T10:54:37.466+0000: 1306.851: [GC [PSYoungGen: 273863K->1014K(266432K)] 383098K->110535K(953408K), 0.0073960 secs] [Times: user=0.05 sys=0.00, real=0.01 secs] 
2014-07-08T10:55:02.537+0000: 1331.922: [GC [PSYoungGen: 266422K->1198K(259904K)] 375943K->110743K(946880K), 0.0052840 secs] [Times: user=0.03 sys=0.00, real=0.01 secs] 
2014-07-08T10:55:03.005+0000: 1332.390: [GC [PSYoungGen: 259886K->1042K(253312K)] 369431K->110627K(940288K), 0.0094270 secs] [Times: user=0.05 sys=0.01, real=0.01 secs] 
2014-07-08T10:55:03.540+0000: 1332.925: [GC [PSYoungGen: 253240K->1248K(247296K)] 362825K->110873K(934272K), 0.0046040 secs] [Times: user=0.02 sys=0.00, real=0.00 secs] 
2014-07-08T10:55:05.135+0000: 1334.520: [GC [PSYoungGen: 247263K->1134K(241216K)] 356889K->110799K(928192K), 0.0050300 secs] [Times: user=0.01 sys=0.00, real=0.00 secs] 
2014-07-08T10:55:11.380+0000: 1340.765: [GC [PSYoungGen: 241198K->1660K(235968K)] 350863K->111349K(922944K), 0.0063240 secs] [Times: user=0.03 sys=0.00, real=0.01 secs] 
2014-07-08T10:55:16.647+0000: 1346.032: [GC [PSYoungGen: 235964K->562K(229312K)] 345653K->110691K(916288K), 0.0097110 secs] [Times: user=0.06 sys=0.01, real=0.01 secs] 
2014-07-08T10:55:17.433+0000: 1346.817: [GC [PSYoungGen: 229298K->1780K(225152K)] 339427K->112240K(912128K), 0.0043810 secs] [Times: user=0.03 sys=0.00, real=0.01 secs] 
2014-07-08T10:55:19.035+0000: 1348.420: [GC [PSYoungGen: 225140K->1248K(219456K)] 335600K->112542K(906432K), 0.0097590 secs] [Times: user=0.06 sys=0.00, real=0.01 secs] 
2014-07-08T10:55:24.016+0000: 1353.401: [GC [PSYoungGen: 219424K->1612K(214848K)] 330718K->112930K(901824K), 0.0047300 secs] [Times: user=0.03 sys=0.00, real=0.00 secs] 
2014-07-08T10:55:29.207+0000: 1358.592: [GC [PSYoungGen: 214796K->1260K(209664K)] 326114K->112636K(896640K), 0.0037360 secs] [Times: user=0.01 sys=0.00, real=0.00 secs] 
2014-07-08T10:55:29.575+0000: 1358.960: [GC [PSYoungGen: 209644K->1390K(205184K)] 321020K->112822K(892160K), 0.0038320 secs] [Times: user=0.02 sys=0.00, real=0.00 secs] 
2014-07-08T10:55:30.437+0000: 1359.822: [GC [PSYoungGen: 205166K->1184K(200512K)] 316598K->112648K(887488K), 0.0060540 secs] [Times: user=0.03 sys=0.00, real=0.00 secs] 
2014-07-08T10:55:31.773+0000: 1361.158: [GC [PSYoungGen: 200439K->1376K(196416K)] 311904K->112912K(883392K), 0.0056690 secs] [Times: user=0.04 sys=0.00, real=0.01 secs] 
2014-07-08T10:55:41.554+0000: 1370.939: [GC [PSYoungGen: 196384K->1316K(192192K)] 307920K->112852K(879168K), 0.0073130 secs] [Times: user=0.05 sys=0.00, real=0.01 secs] 
2014-07-08T10:56:06.016+0000: 1395.401: [GC [PSYoungGen: 192164K->1060K(187904K)] 303700K->112596K(874880K), 0.0046630 secs] [Times: user=0.02 sys=0.00, real=0.01 secs] 
2014-07-08T10:56:06.372+0000: 1395.757: [GC [PSYoungGen: 187844K->1572K(184512K)] 299381K->113188K(871488K), 0.0075130 secs] [Times: user=0.04 sys=0.00, real=0.01 secs] 
2014-07-08T10:56:06.689+0000: 1396.074: [GC [PSYoungGen: 184484K->1533K(180672K)] 296100K->113205K(867648K), 0.0048190 secs] [Times: user=0.02 sys=0.00, real=0.01 secs] 
2014-07-08T10:56:07.045+0000: 1396.429: [GC [PSYoungGen: 180669K->878K(215872K)] 292341K->112830K(902848K), 0.0071700 secs] [Times: user=0.04 sys=0.00, real=0.01 secs] 
2014-07-08T10:56:08.297+0000: 1397.682: [GC [PSYoungGen: 215854K->1284K(211456K)] 327806K->113332K(898432K), 0.0044720 secs] [Times: user=0.03 sys=0.00, real=0.01 secs] 
2014-07-08T10:56:09.866+0000: 1399.251: [GC [PSYoungGen: 211370K->1362K(206848K)] 323418K->113654K(893824K), 0.0068950 secs] [Times: user=0.04 sys=0.00, real=0.01 secs] 
2014-07-08T10:56:11.223+0000: 1400.607: [GC [PSYoungGen: 206802K->1444K(202368K)] 319094K->113792K(889344K), 0.0044390 secs] [Times: user=0.03 sys=0.00, real=0.00 secs] 
2014-07-08T10:56:12.712+0000: 1402.097: [GC [PSYoungGen: 202324K->1000K(197568K)] 314673K->113590K(884544K), 0.0046900 secs] [Times: user=0.02 sys=0.00, real=0.00 secs] 
2014-07-08T10:56:13.465+0000: 1402.849: [GC [PSYoungGen: 197544K->1516K(193856K)] 310134K->114202K(880832K), 0.0060920 secs] [Times: user=0.03 sys=0.01, real=0.00 secs] 
2014-07-08T10:56:14.776+0000: 1404.161: [GC [PSYoungGen: 193836K->1202K(189440K)] 306522K->114250K(876416K), 0.0047250 secs] [Times: user=0.02 sys=0.00, real=0.00 secs] 
2014-07-08T10:56:16.183+0000: 1405.567: [GC [PSYoungGen: 189426K->1330K(185600K)] 302474K->114442K(872576K), 0.0065760 secs] [Times: user=0.04 sys=0.00, real=0.00 secs] 
2014-07-08T10:56:20.667+0000: 1410.052: [GC [PSYoungGen: 185543K->1184K(181632K)] 298655K->114496K(868608K), 0.0092930 secs] [Times: user=0.06 sys=0.00, real=0.01 secs] 
2014-07-08T10:56:44.924+0000: 1434.308: [GC [PSYoungGen: 181600K->1468K(178176K)] 294912K->114812K(865152K), 0.0055830 secs] [Times: user=0.03 sys=0.00, real=0.01 secs] 
2014-07-08T10:56:45.233+0000: 1434.617: [GC [PSYoungGen: 178172K->938K(174080K)] 291516K->114752K(861056K), 0.0059620 secs] [Times: user=0.02 sys=0.00, real=0.01 secs] 
2014-07-08T10:56:45.748+0000: 1435.132: [GC [PSYoungGen: 174057K->1448K(171136K)] 287871K->115366K(858112K), 0.0062540 secs] [Times: user=0.04 sys=0.00, real=0.00 secs] 
2014-07-08T10:56:46.831+0000: 1436.216: [GC [PSYoungGen: 171112K->1202K(167552K)] 285030K->115482K(854528K), 0.0073880 secs] [Times: user=0.05 sys=0.00, real=0.01 secs] 
2014-07-08T10:56:48.107+0000: 1437.491: [GC [PSYoungGen: 167538K->1202K(164352K)] 281818K->115522K(851328K), 0.0094330 secs] [Times: user=0.05 sys=0.00, real=0.01 secs] 
2014-07-08T10:56:49.333+0000: 1438.717: [GC [PSYoungGen: 164338K->1184K(161216K)] 278658K->115616K(848192K), 0.0073760 secs] [Times: user=0.04 sys=0.00, real=0.01 secs] 
2014-07-08T10:56:50.391+0000: 1439.776: [GC [PSYoungGen: 161184K->1220K(158272K)] 275616K->115708K(845248K), 0.0097650 secs] [Times: user=0.07 sys=0.00, real=0.01 secs] 
2014-07-08T10:56:51.410+0000: 1440.795: [GC [PSYoungGen: 158211K->1120K(155200K)] 272700K->115712K(842176K), 0.0115300 secs] [Times: user=0.07 sys=0.00, real=0.01 secs] 
2014-07-08T10:56:52.795+0000: 1442.180: [GC [PSYoungGen: 155168K->1440K(152640K)] 269760K->116128K(839616K), 0.0102400 secs] [Times: user=0.06 sys=0.00, real=0.01 secs] 
2014-07-08T10:57:10.939+0000: 1460.324: [GC [PSYoungGen: 152562K->871K(149312K)] 267250K->116039K(836288K), 0.0075730 secs] [Times: user=0.05 sys=0.00, real=0.01 secs] 
2014-07-08T10:57:34.245+0000: 1483.630: [GC [PSYoungGen: 149287K->1522K(147264K)] 264455K->116722K(834240K), 0.0069830 secs] [Times: user=0.04 sys=0.00, real=0.00 secs] 
2014-07-08T10:57:36.182+0000: 1485.567: [GC [PSYoungGen: 147250K->1082K(144192K)] 262450K->116516K(831168K), 0.0070740 secs] [Times: user=0.01 sys=0.00, real=0.01 secs] 
2014-07-08T10:57:36.433+0000: 1485.818: [GC [PSYoungGen: 144186K->736K(141376K)] 259620K->116194K(828352K), 0.0055770 secs] [Times: user=0.02 sys=0.00, real=0.01 secs] 
2014-07-08T10:57:36.684+0000: 1486.069: [GC [PSYoungGen: 141343K->1394K(170176K)] 256801K->116924K(857152K), 0.0057040 secs] [Times: user=0.03 sys=0.00, real=0.01 secs] 
2014-07-08T10:57:37.103+0000: 1486.488: [GC [PSYoungGen: 170162K->1170K(203776K)] 285692K->116764K(890752K), 0.0037140 secs] [Times: user=0.02 sys=0.00, real=0.01 secs] 
2014-07-08T10:57:38.374+0000: 1487.759: [GC [PSYoungGen: 203730K->996K(199168K)] 319324K->116814K(886144K), 0.0085470 secs] [Times: user=0.06 sys=0.00, real=0.00 secs] 
2014-07-08T10:57:45.806+0000: 1495.191: [GC [PSYoungGen: 199140K->1660K(195520K)] 314958K->117566K(882496K), 0.0117470 secs] [Times: user=0.08 sys=0.00, real=0.01 secs] 
2014-07-08T10:57:47.137+0000: 1496.522: [GC [PSYoungGen: 195516K->832K(190528K)] 311422K->116930K(877504K), 0.0063530 secs] [Times: user=0.03 sys=0.00, real=0.00 secs] 
2014-07-08T10:57:48.213+0000: 1497.598: [GC [PSYoungGen: 190528K->1504K(187264K)] 306626K->117674K(874240K), 0.0086360 secs] [Times: user=0.04 sys=0.00, real=0.01 secs] 
2014-07-08T10:57:55.033+0000: 1504.418: [GC [PSYoungGen: 187204K->1348K(183296K)] 303374K->117584K(870272K), 0.0029400 secs] [Times: user=0.01 sys=0.00, real=0.00 secs] 
2014-07-08T10:57:55.700+0000: 1505.084: [GC [PSYoungGen: 183236K->1156K(179392K)] 299472K->117432K(866368K), 0.0095950 secs] [Times: user=0.06 sys=0.00, real=0.01 secs] 
2014-07-08T10:57:56.164+0000: 1505.549: [GC [PSYoungGen: 179332K->1016K(175616K)] 295608K->117581K(862592K), 0.0040800 secs] [Times: user=0.02 sys=0.00, real=0.01 secs] 
2014-07-08T10:57:56.972+0000: 1506.357: [GC [PSYoungGen: 175608K->1726K(172800K)] 292173K->118363K(859776K), 0.0058740 secs] [Times: user=0.04 sys=0.00, real=0.01 secs] 
2014-07-08T10:57:58.344+0000: 1507.728: [GC [PSYoungGen: 172798K->761K(168448K)] 289435K->118419K(855424K), 0.0041410 secs] [Times: user=0.02 sys=0.00, real=0.01 secs] 
2014-07-08T10:58:09.093+0000: 1518.478: [GC [PSYoungGen: 168441K->1722K(166144K)] 286099K->119404K(853120K), 0.0117340 secs] [Times: user=0.06 sys=0.00, real=0.01 secs] 
2014-07-08T10:58:38.977+0000: 1548.362: [GC [PSYoungGen: 166099K->1522K(162752K)] 283781K->119606K(849728K), 0.0062760 secs] [Times: user=0.03 sys=0.00, real=0.01 secs] 
2014-07-08T10:58:51.066+0000: 1560.451: [GC [PSYoungGen: 162738K->1092K(159296K)] 280822K->119176K(846272K), 0.0063570 secs] [Times: user=0.04 sys=0.00, real=0.00 secs] 
2014-07-08T10:58:51.362+0000: 1560.747: [GC [PSYoungGen: 159236K->1284K(156544K)] 277320K->119432K(843520K), 0.0064460 secs] [Times: user=0.04 sys=0.00, real=0.01 secs] 
2014-07-08T10:58:51.658+0000: 1561.043: [GC [PSYoungGen: 156484K->1486K(153856K)] 274632K->119698K(840832K), 0.0051060 secs] [Times: user=0.03 sys=0.00, real=0.00 secs] 
2014-07-08T10:58:51.909+0000: 1561.294: [GC [PSYoungGen: 153806K->1146K(183936K)] 272018K->119693K(870912K), 0.0104560 secs] [Times: user=0.06 sys=0.00, real=0.01 secs] 
2014-07-08T10:58:52.679+0000: 1562.064: [GC [PSYoungGen: 183882K->1010K(220416K)] 302429K->119589K(907392K), 0.0062960 secs] [Times: user=0.02 sys=0.00, real=0.01 secs] 
2014-07-08T10:58:54.246+0000: 1563.631: [GC [PSYoungGen: 220402K->1468K(264768K)] 338981K->120111K(951744K), 0.0060000 secs] [Times: user=0.03 sys=0.00, real=0.00 secs] 
2014-07-08T10:59:14.973+0000: 1584.358: [GC [PSYoungGen: 264764K->1366K(258112K)] 383407K->120009K(945088K), 0.0053660 secs] [Times: user=0.03 sys=0.00, real=0.00 secs] 
2014-07-08T10:59:15.466+0000: 1584.851: [GC [PSYoungGen: 258070K->1014K(295680K)] 376713K->119793K(982656K), 0.0077260 secs] [Times: user=0.04 sys=0.00, real=0.01 secs] 
2014-07-08T10:59:16.026+0000: 1585.411: [GC [PSYoungGen: 295670K->1262K(288128K)] 414449K->120113K(975104K), 0.0036060 secs] [Times: user=0.02 sys=0.00, real=0.01 secs] 
2014-07-08T10:59:17.368+0000: 1586.753: [GC [PSYoungGen: 288110K->704K(280000K)] 406961K->119819K(966976K), 0.0088280 secs] [Times: user=0.06 sys=0.00, real=0.01 secs] 
2014-07-08T10:59:19.316+0000: 1588.701: [GC [PSYoungGen: 280000K->1380K(273472K)] 399115K->120535K(960448K), 0.0055240 secs] [Times: user=0.03 sys=0.00, real=0.01 secs] 
2014-07-08T10:59:22.894+0000: 1592.279: [GC [PSYoungGen: 273444K->1366K(266496K)] 392599K->120701K(953472K), 0.0063770 secs] [Times: user=0.01 sys=0.01, real=0.01 secs] 
2014-07-08T10:59:24.453+0000: 1593.838: [GC [PSYoungGen: 266454K->1202K(259584K)] 385789K->120593K(946560K), 0.0053640 secs] [Times: user=0.02 sys=0.01, real=0.00 secs] 
2014-07-08T10:59:40.550+0000: 1609.935: [GC [PSYoungGen: 259569K->1014K(252928K)] 378960K->120581K(939904K), 0.0052200 secs] [Times: user=0.02 sys=0.00, real=0.01 secs] 
2014-07-08T10:59:46.968+0000: 1616.353: [GC [PSYoungGen: 252888K->1454K(247168K)] 372455K->121045K(934144K), 0.0039960 secs] [Times: user=0.02 sys=0.00, real=0.00 secs] 
2014-07-08T10:59:48.322+0000: 1617.707: [GC [PSYoungGen: 247150K->996K(240768K)] 366741K->120643K(927744K), 0.0071000 secs] [Times: user=0.04 sys=0.00, real=0.01 secs] 
2014-07-08T10:59:48.926+0000: 1618.311: [GC [PSYoungGen: 240740K->1298K(235328K)] 360387K->121001K(922304K), 0.0058980 secs] [Times: user=0.04 sys=0.00, real=0.00 secs] 
2014-07-08T10:59:50.745+0000: 1620.130: [GC [PSYoungGen: 235259K->1270K(229760K)] 354962K->121053K(916736K), 0.0137380 secs] [Times: user=0.08 sys=0.00, real=0.01 secs] 
2014-07-08T10:59:52.094+0000: 1621.479: [GC [PSYoungGen: 229724K->1192K(224384K)] 349507K->121031K(911360K), 0.0062640 secs] [Times: user=0.03 sys=0.00, real=0.00 secs] 
2014-07-08T10:59:53.581+0000: 1622.966: [GC [PSYoungGen: 224358K->996K(219072K)] 344198K->121353K(906048K), 0.0045150 secs] [Times: user=0.02 sys=0.00, real=0.01 secs] 
2014-07-08T11:00:09.499+0000: 1638.884: [GC [PSYoungGen: 219044K->1494K(214592K)] 339401K->121876K(901568K), 0.0035550 secs] [Times: user=0.02 sys=0.00, real=0.00 secs] 
2014-07-08T11:00:38.197+0000: 1667.582: [GC [PSYoungGen: 214520K->932K(209216K)] 334902K->121738K(896192K), 0.0048820 secs] [Times: user=0.03 sys=0.01, real=0.01 secs] 
2014-07-08T11:00:38.574+0000: 1667.959: [GC [PSYoungGen: 209188K->1722K(205376K)] 329994K->122616K(892352K), 0.0050540 secs] [Times: user=0.03 sys=0.00, real=0.00 secs] 
2014-07-08T11:00:38.924+0000: 1668.308: [GC [PSYoungGen: 205370K->814K(200000K)] 326264K->122429K(886976K), 0.0066940 secs] [Times: user=0.02 sys=0.00, real=0.00 secs] 
2014-07-08T11:00:40.077+0000: 1669.462: [GC [PSYoungGen: 199982K->1622K(196544K)] 321597K->123293K(883520K), 0.0050260 secs] [Times: user=0.02 sys=0.00, real=0.01 secs] 
2014-07-08T11:00:41.417+0000: 1670.802: [GC [PSYoungGen: 196502K->1202K(191936K)] 318173K->123174K(878912K), 0.0051420 secs] [Times: user=0.02 sys=0.00, real=0.01 secs] 
2014-07-08T11:01:07.671+0000: 1697.056: [GC [PSYoungGen: 191913K->1686K(188416K)] 313886K->123659K(875392K), 0.0135140 secs] [Times: user=0.08 sys=0.00, real=0.01 secs] 
2014-07-08T11:01:11.250+0000: 1700.635: [GC [PSYoungGen: 188374K->946K(183744K)] 310347K->123014K(870720K), 0.0167400 secs] [Times: user=0.07 sys=0.00, real=0.02 secs] 
2014-07-08T11:01:11.544+0000: 1700.929: [GC [PSYoungGen: 183730K->1302K(180352K)] 305798K->123443K(867328K), 0.0073470 secs] [Times: user=0.04 sys=0.00, real=0.01 secs] 
2014-07-08T11:01:12.273+0000: 1701.658: [GC [PSYoungGen: 180310K->1454K(176832K)] 302451K->123675K(863808K), 0.0048550 secs] [Times: user=0.03 sys=0.00, real=0.01 secs] 
2014-07-08T11:01:13.461+0000: 1702.846: [GC [PSYoungGen: 176814K->1372K(173248K)] 299035K->123657K(860224K), 0.0070770 secs] [Times: user=0.03 sys=0.00, real=0.01 secs] 
2014-07-08T11:01:15.559+0000: 1704.944: [GC [PSYoungGen: 173212K->1006K(169472K)] 295497K->123507K(856448K), 0.0098860 secs] [Times: user=0.05 sys=0.00, real=0.01 secs] 
2014-07-08T11:01:43.365+0000: 1732.750: [GC [PSYoungGen: 169454K->1824K(166976K)] 291955K->124357K(853952K), 0.0100160 secs] [Times: user=0.06 sys=0.00, real=0.01 secs] 
2014-07-08T11:01:44.535+0000: 1733.919: [GC [PSYoungGen: 166893K->871K(162816K)] 289426K->123932K(849792K), 0.0161400 secs] [Times: user=0.12 sys=0.00, real=0.01 secs] 
2014-07-08T11:01:44.806+0000: 1734.191: [GC [PSYoungGen: 162780K->1648K(195968K)] 285841K->124789K(882944K), 0.0081810 secs] [Times: user=0.05 sys=0.01, real=0.01 secs] 
2014-07-08T11:01:45.161+0000: 1734.546: [GC [PSYoungGen: 195952K->1056K(234304K)] 319093K->124543K(921280K), 0.0081470 secs] [Times: user=0.06 sys=0.01, real=0.00 secs] 
2014-07-08T11:01:46.398+0000: 1735.783: [GC [PSYoungGen: 234272K->1060K(280576K)] 357759K->124587K(967552K), 0.0037520 secs] [Times: user=0.02 sys=0.00, real=0.00 secs] 
2014-07-08T11:01:52.807+0000: 1742.192: [GC [PSYoungGen: 279652K->1444K(272832K)] 403179K->124971K(959808K), 0.0043640 secs] [Times: user=0.02 sys=0.00, real=0.00 secs] 
2014-07-08T11:02:22.314+0000: 1771.699: [GC [PSYoungGen: 272804K->978K(265472K)] 396331K->124505K(952448K), 0.0082390 secs] [Times: user=0.05 sys=0.00, real=0.01 secs] 
2014-07-08T11:02:22.763+0000: 1772.148: [GC [PSYoungGen: 265426K->1120K(258944K)] 388953K->124719K(945920K), 0.0037200 secs] [Times: user=0.02 sys=0.00, real=0.01 secs] 
2014-07-08T11:02:23.232+0000: 1772.617: [GC [PSYoungGen: 258912K->1348K(252800K)] 382511K->124995K(939776K), 0.0037890 secs] [Times: user=0.01 sys=0.00, real=0.00 secs] 
2014-07-08T11:02:25.449+0000: 1774.834: [GC [PSYoungGen: 252740K->1340K(246592K)] 376387K->124995K(933568K), 0.0155930 secs] [Times: user=0.10 sys=0.00, real=0.01 secs] 
2014-07-08T11:02:36.940+0000: 1786.325: [GC [PSYoungGen: 246586K->1188K(240512K)] 370241K->124843K(927488K), 0.0095340 secs] [Times: user=0.06 sys=0.00, real=0.01 secs] 
2014-07-08T11:02:37.836+0000: 1787.221: [GC [PSYoungGen: 240484K->1184K(234752K)] 364139K->124943K(921728K), 0.0037010 secs] [Times: user=0.01 sys=0.01, real=0.01 secs] 
2014-07-08T11:02:38.993+0000: 1788.378: [GC [PSYoungGen: 234693K->1408K(229504K)] 358452K->125239K(916480K), 0.0099060 secs] [Times: user=0.06 sys=0.00, real=0.01 secs] 
2014-07-08T11:02:49.391+0000: 1798.776: [GC [PSYoungGen: 229440K->946K(223680K)] 353271K->124993K(910656K), 0.0102080 secs] [Times: user=0.05 sys=0.00, real=0.01 secs] 
2014-07-08T11:03:21.254+0000: 1830.639: [GC [PSYoungGen: 223666K->1366K(219008K)] 347713K->125453K(905984K), 0.0029340 secs] [Times: user=0.01 sys=0.00, real=0.01 secs] 
2014-07-08T11:03:21.644+0000: 1831.029: [GC [PSYoungGen: 218966K->1138K(213824K)] 343053K->125355K(900800K), 0.0036150 secs] [Times: user=0.02 sys=0.00, real=0.01 secs] 
2014-07-08T11:03:22.005+0000: 1831.389: [GC [PSYoungGen: 213810K->1426K(209344K)] 338027K->125731K(896320K), 0.0037500 secs] [Times: user=0.02 sys=0.00, real=0.01 secs] 
2014-07-08T11:03:22.568+0000: 1831.953: [GC [PSYoungGen: 209298K->868K(204160K)] 333603K->125397K(891136K), 0.0057590 secs] [Times: user=0.03 sys=0.01, real=0.00 secs] 
2014-07-08T11:03:24.075+0000: 1833.460: [GC [PSYoungGen: 204083K->1452K(200256K)] 328612K->126053K(887232K), 0.0059710 secs] [Times: user=0.05 sys=0.00, real=0.01 secs] 
2014-07-08T11:03:39.975+0000: 1849.360: [GC [PSYoungGen: 200236K->1142K(195648K)] 324837K->125921K(882624K), 0.0105640 secs] [Times: user=0.06 sys=0.01, real=0.01 secs] 
2014-07-08T11:04:05.411+0000: 1874.796: [GC [PSYoungGen: 195638K->1348K(191744K)] 320417K->126151K(878720K), 0.0054990 secs] [Times: user=0.03 sys=0.00, real=0.01 secs] 
2014-07-08T11:04:05.747+0000: 1875.132: [GC [PSYoungGen: 191684K->932K(187264K)] 316487K->125863K(874240K), 0.0064560 secs] [Times: user=0.04 sys=0.01, real=0.01 secs] 
2014-07-08T11:04:06.222+0000: 1875.607: [GC [PSYoungGen: 187220K->1497K(183936K)] 312151K->126484K(870912K), 0.0044420 secs] [Times: user=0.02 sys=0.01, real=0.01 secs] 
2014-07-08T11:04:07.350+0000: 1876.735: [GC [PSYoungGen: 183897K->1020K(179648K)] 308884K->126313K(866624K), 0.0054140 secs] [Times: user=0.03 sys=0.00, real=0.01 secs] 
2014-07-08T11:04:10.725+0000: 1880.110: [GC [PSYoungGen: 179644K->1512K(176512K)] 304937K->126845K(863488K), 0.0058130 secs] [Times: user=0.03 sys=0.00, real=0.00 secs] 
2014-07-08T11:04:37.967+0000: 1907.351: [GC [PSYoungGen: 176448K->950K(172416K)] 301781K->126647K(859392K), 0.0116080 secs] [Times: user=0.05 sys=0.00, real=0.02 secs] 
2014-07-08T11:05:05.115+0000: 1934.499: [GC [PSYoungGen: 172406K->1633K(169728K)] 298103K->127396K(856704K), 0.0079500 secs] [Times: user=0.05 sys=0.00, real=0.01 secs] 
2014-07-08T11:05:05.425+0000: 1934.810: [GC [PSYoungGen: 169692K->864K(165696K)] 295456K->127145K(852672K), 0.0065290 secs] [Times: user=0.04 sys=0.00, real=0.01 secs] 
2014-07-08T11:05:05.696+0000: 1935.081: [GC [PSYoungGen: 165664K->1782K(199552K)] 291945K->128087K(886528K), 0.0115970 secs] [Times: user=0.07 sys=0.00, real=0.01 secs] 
2014-07-08T11:05:06.052+0000: 1935.437: [GC [PSYoungGen: 199542K->928K(238272K)] 325847K->128114K(925248K), 0.0074560 secs] [Times: user=0.05 sys=0.00, real=0.00 secs] 
2014-07-08T11:05:07.349+0000: 1936.733: [GC [PSYoungGen: 238240K->1288K(268544K)] 365426K->128513K(955520K), 0.0092570 secs] [Times: user=0.05 sys=0.00, real=0.01 secs] 
2014-07-08T11:05:15.653+0000: 1945.038: [GC [PSYoungGen: 267848K->1532K(286784K)] 395073K->129012K(973760K), 0.0094320 secs] [Times: user=0.06 sys=0.01, real=0.00 secs] 
2014-07-08T11:06:05.504+0000: 1994.889: [GC [PSYoungGen: 286332K->1252K(278656K)] 413812K->128731K(965632K), 0.0064570 secs] [Times: user=0.03 sys=0.00, real=0.00 secs] 
2014-07-08T11:06:06.734+0000: 1996.119: [GC [PSYoungGen: 278628K->758K(270976K)] 406107K->128591K(957952K), 0.0052980 secs] [Times: user=0.02 sys=0.01, real=0.00 secs] 
2014-07-08T11:06:07.367+0000: 1996.752: [GC [PSYoungGen: 270966K->1534K(264832K)] 398799K->129463K(951808K), 0.0059410 secs] [Times: user=0.03 sys=0.01, real=0.01 secs] 
2014-07-08T11:06:09.189+0000: 1998.573: [GC [PSYoungGen: 264829K->1248K(257984K)] 392758K->129479K(944960K), 0.0051510 secs] [Times: user=0.03 sys=0.00, real=0.01 secs] 
2014-07-08T11:06:37.248+0000: 2026.632: [GC [PSYoungGen: 257933K->1042K(251392K)] 386165K->129273K(938368K), 0.0129510 secs] [Times: user=0.08 sys=0.00, real=0.01 secs] 
2014-07-08T11:06:58.436+0000: 2047.821: [GC [PSYoungGen: 251346K->1252K(245440K)] 379577K->129483K(932416K), 0.0131530 secs] [Times: user=0.07 sys=0.00, real=0.02 secs] 
2014-07-08T11:06:58.871+0000: 2048.256: [GC [PSYoungGen: 245412K->1284K(239616K)] 373643K->129571K(926592K), 0.0111260 secs] [Times: user=0.06 sys=0.00, real=0.01 secs] 
2014-07-08T11:06:59.663+0000: 2049.048: [GC [PSYoungGen: 239508K->1224K(233856K)] 367796K->129567K(920832K), 0.0061500 secs] [Times: user=0.04 sys=0.01, real=0.01 secs] 
2014-07-08T11:07:01.097+0000: 2050.482: [GC [PSYoungGen: 233800K->1298K(228416K)] 362143K->129729K(915392K), 0.0100510 secs] [Times: user=0.04 sys=0.00, real=0.01 secs] 
2014-07-08T11:07:28.567+0000: 2077.952: [GC [PSYoungGen: 228370K->996K(222784K)] 356801K->129613K(909760K), 0.0102250 secs] [Times: user=0.06 sys=0.00, real=0.01 secs] 
2014-07-08T11:07:53.086+0000: 2102.471: [GC [PSYoungGen: 222756K->1586K(218240K)] 351373K->130220K(905216K), 0.0054160 secs] [Times: user=0.02 sys=0.00, real=0.01 secs] 
2014-07-08T11:07:53.456+0000: 2102.841: [GC [PSYoungGen: 218226K->878K(260864K)] 346860K->129900K(947840K), 0.0121640 secs] [Times: user=0.08 sys=0.00, real=0.02 secs] 
2014-07-08T11:07:54.133+0000: 2103.518: [GC [PSYoungGen: 260846K->1554K(279168K)] 389868K->130672K(966144K), 0.0055540 secs] [Times: user=0.03 sys=0.00, real=0.01 secs] 
2014-07-08T11:07:55.924+0000: 2105.309: [GC [PSYoungGen: 278912K->1842K(272064K)] 408030K->131146K(959040K), 0.0072540 secs] [Times: user=0.04 sys=0.00, real=0.01 secs] 
2014-07-08T11:08:33.493+0000: 2142.878: [GC [PSYoungGen: 272050K->1412K(264768K)] 401354K->130740K(951744K), 0.0052070 secs] [Times: user=0.03 sys=0.00, real=0.01 secs] 
2014-07-08T11:08:35.676+0000: 2145.061: [GC [PSYoungGen: 264708K->832K(257536K)] 394036K->130412K(944512K), 0.0057350 secs] [Times: user=0.01 sys=0.00, real=0.00 secs] 
2014-07-08T11:08:36.086+0000: 2145.471: [GC [PSYoungGen: 257536K->1316K(251648K)] 387116K->130952K(938624K), 0.0068120 secs] [Times: user=0.04 sys=0.00, real=0.00 secs] 
2014-07-08T11:08:37.380+0000: 2146.765: [GC [PSYoungGen: 251620K->1220K(245440K)] 381256K->130944K(932416K), 0.0039860 secs] [Times: user=0.02 sys=0.00, real=0.01 secs] 
2014-07-08T11:08:49.092+0000: 2158.477: [GC [PSYoungGen: 245380K->1802K(240128K)] 375104K->131527K(927104K), 0.0085240 secs] [Times: user=0.06 sys=0.00, real=0.01 secs] 
2014-07-08T11:09:13.041+0000: 2182.426: [GC [PSYoungGen: 240074K->746K(233344K)] 369799K->130808K(920320K), 0.0073150 secs] [Times: user=0.05 sys=0.00, real=0.00 secs] 
2014-07-08T11:09:13.440+0000: 2182.825: [GC [PSYoungGen: 233322K->1630K(228736K)] 363384K->131724K(915712K), 0.0103680 secs] [Times: user=0.06 sys=0.00, real=0.01 secs] 
2014-07-08T11:09:13.879+0000: 2183.264: [GC [PSYoungGen: 228702K->1522K(274048K)] 358796K->132002K(961024K), 0.0110270 secs] [Times: user=0.06 sys=0.00, real=0.02 secs] 
2014-07-08T11:09:15.261+0000: 2184.646: [GC [PSYoungGen: 274034K->1316K(308416K)] 404514K->131852K(995392K), 0.0126090 secs] [Times: user=0.07 sys=0.00, real=0.01 secs] 
2014-07-08T11:09:33.012+0000: 2202.397: [GC [PSYoungGen: 307684K->1447K(299584K)] 438220K->131983K(986560K), 0.0093240 secs] [Times: user=0.06 sys=0.00, real=0.01 secs] 
2014-07-08T11:09:33.586+0000: 2202.970: [GC [PSYoungGen: 299559K->1436K(291648K)] 430095K->132020K(978624K), 0.0063110 secs] [Times: user=0.04 sys=0.00, real=0.00 secs] 
2014-07-08T11:09:34.265+0000: 2203.650: [GC [PSYoungGen: 291612K->1081K(327168K)] 422196K->131758K(1014144K), 0.0107660 secs] [Times: user=0.06 sys=0.00, real=0.01 secs] 
2014-07-08T11:09:40.306+0000: 2209.691: [GC [PSYoungGen: 327159K->1316K(318336K)] 457837K->132009K(1005312K), 0.0050180 secs] [Times: user=0.03 sys=0.00, real=0.00 secs] 
2014-07-08T11:09:53.837+0000: 2223.222: [GC [PSYoungGen: 318308K->640K(308928K)] 449001K->131735K(995904K), 0.0066690 secs] [Times: user=0.04 sys=0.01, real=0.00 secs] 
2014-07-08T11:09:54.377+0000: 2223.762: [GC [PSYoungGen: 308905K->1548K(301504K)] 440000K->132707K(988480K), 0.0069200 secs] [Times: user=0.03 sys=0.00, real=0.00 secs] 
2014-07-08T11:09:56.245+0000: 2225.629: [GC [PSYoungGen: 301446K->1252K(293120K)] 432605K->132631K(980096K), 0.0054050 secs] [Times: user=0.02 sys=0.00, real=0.01 secs] 
2014-07-08T11:10:29.175+0000: 2258.559: [GC [PSYoungGen: 293092K->1352K(285504K)] 424471K->132731K(972480K), 0.0256080 secs] [Times: user=0.15 sys=0.00, real=0.02 secs] 
2014-07-08T11:10:34.447+0000: 2263.832: [GC [PSYoungGen: 285448K->1067K(277760K)] 416827K->132584K(964736K), 0.0082960 secs] [Times: user=0.05 sys=0.00, real=0.01 secs] 
2014-07-08T11:10:35.147+0000: 2264.532: [GC [PSYoungGen: 277739K->1512K(271104K)] 409256K->133069K(958080K), 0.0164940 secs] [Times: user=0.09 sys=0.00, real=0.02 secs] 
2014-07-08T11:10:36.962+0000: 2266.346: [GC [PSYoungGen: 271080K->1010K(263744K)] 402637K->132827K(950720K), 0.0091060 secs] [Times: user=0.06 sys=0.00, real=0.01 secs] 
2014-07-08T11:11:07.549+0000: 2296.934: [GC [PSYoungGen: 263730K->1620K(257792K)] 395547K->133462K(944768K), 0.0187190 secs] [Times: user=0.12 sys=0.00, real=0.02 secs] 
2014-07-08T11:11:09.305+0000: 2298.689: [GC [PSYoungGen: 257748K->945K(250752K)] 389590K->133041K(937728K), 0.0034500 secs] [Times: user=0.02 sys=0.00, real=0.01 secs] 
2014-07-08T11:11:09.728+0000: 2299.112: [GC [PSYoungGen: 250737K->1170K(244864K)] 382833K->133353K(931840K), 0.0030560 secs] [Times: user=0.01 sys=0.00, real=0.00 secs] 
2014-07-08T11:11:10.978+0000: 2300.363: [GC [PSYoungGen: 244818K->1490K(239296K)] 377001K->133729K(926272K), 0.0068920 secs] [Times: user=0.03 sys=0.00, real=0.00 secs] 
2014-07-08T11:11:15.371+0000: 2304.756: [GC [PSYoungGen: 239250K->1266K(233344K)] 371489K->133505K(920320K), 0.0103940 secs] [Times: user=0.05 sys=0.00, real=0.01 secs] 
2014-07-08T11:11:36.219+0000: 2325.604: [GC [PSYoungGen: 233330K->932K(227584K)] 365569K->133291K(914560K), 0.0057460 secs] [Times: user=0.02 sys=0.00, real=0.01 secs] 
2014-07-08T11:11:36.662+0000: 2326.047: [GC [PSYoungGen: 227556K->1392K(222784K)] 359915K->133815K(909760K), 0.0050750 secs] [Times: user=0.03 sys=0.00, real=0.00 secs] 
2014-07-08T11:11:37.336+0000: 2326.721: [GC [PSYoungGen: 222768K->1170K(217536K)] 355191K->133831K(904512K), 0.0161710 secs] [Times: user=0.10 sys=0.00, real=0.02 secs] 
2014-07-08T11:11:38.574+0000: 2327.959: [GC [PSYoungGen: 217490K->1288K(212736K)] 350151K->134013K(899712K), 0.0069990 secs] [Times: user=0.04 sys=0.00, real=0.00 secs] 
2014-07-08T11:11:55.731+0000: 2345.116: [GC [PSYoungGen: 212680K->1066K(207744K)] 345405K->134268K(894720K), 0.0090560 secs] [Times: user=0.04 sys=0.00, real=0.01 secs] 
2014-07-08T11:12:18.992+0000: 2368.377: [GC [PSYoungGen: 207721K->1352K(203520K)] 340923K->134593K(890496K), 0.0035650 secs] [Times: user=0.02 sys=0.00, real=0.00 secs] 
2014-07-08T11:12:19.357+0000: 2368.742: [GC [PSYoungGen: 203464K->992K(198720K)] 336705K->134395K(885696K), 0.0094040 secs] [Times: user=0.06 sys=0.00, real=0.01 secs] 
2014-07-08T11:12:19.700+0000: 2369.085: [GC [PSYoungGen: 198688K->1401K(238656K)] 332091K->134861K(925632K), 0.0041620 secs] [Times: user=0.01 sys=0.00, real=0.00 secs] 
2014-07-08T11:12:20.548+0000: 2369.933: [GC [PSYoungGen: 238649K->1184K(285952K)] 372109K->134812K(972928K), 0.0110310 secs] [Times: user=0.06 sys=0.00, real=0.01 secs] 
2014-07-08T11:12:23.964+0000: 2373.348: [GC [PSYoungGen: 285920K->1604K(278976K)] 419548K->135240K(965952K), 0.0161160 secs] [Times: user=0.09 sys=0.00, real=0.02 secs] 
2014-07-08T11:12:57.953+0000: 2407.338: [GC [PSYoungGen: 278916K->612K(270784K)] 412552K->135101K(957760K), 0.0040950 secs] [Times: user=0.02 sys=0.00, real=0.01 secs] 
2014-07-08T11:12:58.447+0000: 2407.832: [GC [PSYoungGen: 270729K->1779K(265024K)] 405219K->136421K(952000K), 0.0049540 secs] [Times: user=0.02 sys=0.00, real=0.00 secs] 
2014-07-08T11:12:59.113+0000: 2408.498: [GC [PSYoungGen: 265010K->1202K(313472K)] 399651K->136643K(1000448K), 0.0122390 secs] [Times: user=0.08 sys=0.01, real=0.02 secs] 
2014-07-08T11:13:01.461+0000: 2410.845: [GC [PSYoungGen: 313458K->1444K(305216K)] 448899K->136983K(992192K), 0.0076190 secs] [Times: user=0.04 sys=0.00, real=0.01 secs] 
2014-07-08T11:13:41.184+0000: 2450.569: [GC [PSYoungGen: 305188K->768K(296320K)] 440727K->136753K(983296K), 0.0124770 secs] [Times: user=0.08 sys=0.00, real=0.01 secs] 
2014-07-08T11:13:44.587+0000: 2453.971: [GC [PSYoungGen: 296320K->1590K(289280K)] 432305K->137615K(976256K), 0.0081020 secs] [Times: user=0.04 sys=0.01, real=0.01 secs] 
2014-07-08T11:13:45.425+0000: 2454.810: [GC [PSYoungGen: 289270K->1366K(281536K)] 425295K->137587K(968512K), 0.0072480 secs] [Times: user=0.04 sys=0.00, real=0.01 secs] 
2014-07-08T11:13:47.524+0000: 2456.909: [GC [PSYoungGen: 281494K->1156K(274112K)] 417715K->137377K(961088K), 0.0161320 secs] [Times: user=0.09 sys=0.00, real=0.01 secs] 
2014-07-08T11:14:13.599+0000: 2482.984: [GC [PSYoungGen: 274052K->1416K(267392K)] 410273K->137637K(954368K), 0.0061030 secs] [Times: user=0.03 sys=0.00, real=0.01 secs] 
2014-07-08T11:14:14.100+0000: 2483.485: [GC [PSYoungGen: 267336K->1294K(260544K)] 403557K->137587K(947520K), 0.0067120 secs] [Times: user=0.03 sys=0.00, real=0.01 secs] 
2014-07-08T11:14:14.592+0000: 2483.976: [GC [PSYoungGen: 260494K->1210K(253952K)] 396787K->137583K(940928K), 0.0053150 secs] [Times: user=0.03 sys=0.00, real=0.01 secs] 
2014-07-08T11:14:15.644+0000: 2485.029: [GC [PSYoungGen: 253946K->1337K(247872K)] 390319K->137790K(934848K), 0.0060970 secs] [Times: user=0.03 sys=0.00, real=0.01 secs] 
2014-07-08T11:14:17.352+0000: 2486.736: [GC [PSYoungGen: 247865K->1262K(241792K)] 384318K->137771K(928768K), 0.0039000 secs] [Times: user=0.02 sys=0.00, real=0.00 secs] 
2014-07-08T11:14:23.460+0000: 2492.844: [GC [PSYoungGen: 241774K->1138K(235904K)] 378283K->137647K(922880K), 0.0085630 secs] [Times: user=0.05 sys=0.00, real=0.01 secs] 
2014-07-08T11:14:53.852+0000: 2523.236: [GC [PSYoungGen: 235888K->1334K(230528K)] 372397K->137875K(917504K), 0.0098820 secs] [Times: user=0.05 sys=0.00, real=0.01 secs] 
2014-07-08T11:15:14.011+0000: 2543.396: [GC [PSYoungGen: 230518K->1334K(225152K)] 367059K->137891K(912128K), 0.0197600 secs] [Times: user=0.09 sys=0.00, real=0.02 secs] 
2014-07-08T11:15:14.405+0000: 2543.790: [GC [PSYoungGen: 225142K->928K(269568K)] 361699K->137847K(956544K), 0.0154920 secs] [Times: user=0.10 sys=0.00, real=0.01 secs] 
2014-07-08T11:15:15.806+0000: 2545.191: [GC [PSYoungGen: 269536K->1408K(263232K)] 406455K->138376K(950208K), 0.0047520 secs] [Times: user=0.02 sys=0.00, real=0.00 secs] 
2014-07-08T11:15:25.780+0000: 2555.164: [GC [PSYoungGen: 263168K->1070K(256256K)] 400136K->138319K(943232K), 0.0076310 secs] [Times: user=0.05 sys=0.00, real=0.01 secs] 
2014-07-08T11:16:13.080+0000: 2602.464: [GC [PSYoungGen: 256238K->1412K(250304K)] 393487K->138677K(937280K), 0.0103300 secs] [Times: user=0.05 sys=0.00, real=0.01 secs] 
2014-07-08T11:16:52.900+0000: 2642.285: [GC [PSYoungGen: 250244K->803K(243584K)] 387509K->138543K(930560K), 0.0053620 secs] [Times: user=0.02 sys=0.00, real=0.00 secs] 
2014-07-08T11:16:53.296+0000: 2642.680: [GC [PSYoungGen: 243529K->1410K(292800K)] 381269K->139173K(979776K), 0.0124150 secs] [Times: user=0.07 sys=0.00, real=0.01 secs] 
2014-07-08T11:16:54.728+0000: 2644.113: [GC [PSYoungGen: 292738K->1084K(302464K)] 430501K->139386K(989440K), 0.0114180 secs] [Times: user=0.06 sys=0.00, real=0.01 secs] 
2014-07-08T11:17:11.909+0000: 2661.294: [GC [PSYoungGen: 302423K->1598K(294912K)] 440725K->139916K(981888K), 0.0132830 secs] [Times: user=0.08 sys=0.00, real=0.02 secs] 
2014-07-08T11:18:23.760+0000: 2733.145: [GC [PSYoungGen: 294889K->192K(285760K)] 433206K->139812K(972736K), 0.0260620 secs] [Times: user=0.17 sys=0.00, real=0.03 secs] 
2014-07-08T11:18:24.569+0000: 2733.954: [GC [PSYoungGen: 285760K->1784K(279872K)] 425380K->141556K(966848K), 0.0113700 secs] [Times: user=0.06 sys=0.00, real=0.01 secs] 
2014-07-08T11:18:25.203+0000: 2734.588: [GC [PSYoungGen: 279862K->1660K(272576K)] 419634K->142169K(959552K), 0.0057270 secs] [Times: user=0.02 sys=0.00, real=0.00 secs] 
2014-07-08T11:18:26.952+0000: 2736.337: [GC [PSYoungGen: 272572K->1753K(265792K)] 413081K->142383K(952768K), 0.0041510 secs] [Times: user=0.02 sys=0.00, real=0.01 secs] 
2014-07-08T11:18:55.212+0000: 2764.597: [GC [PSYoungGen: 265753K->1080K(258432K)] 406383K->142109K(945408K), 0.0056050 secs] [Times: user=0.02 sys=0.00, real=0.00 secs] 
2014-07-08T11:19:08.894+0000: 2778.279: [GC [PSYoungGen: 258424K->1394K(252352K)] 399453K->142439K(939328K), 0.0145210 secs] [Times: user=0.07 sys=0.00, real=0.01 secs] 
2014-07-08T11:19:09.321+0000: 2778.706: [GC [PSYoungGen: 252338K->1402K(246208K)] 393383K->142584K(933184K), 0.0048120 secs] [Times: user=0.01 sys=0.00, real=0.00 secs] 
2014-07-08T11:19:09.916+0000: 2779.301: [GC [PSYoungGen: 246202K->1106K(240000K)] 387384K->142360K(926976K), 0.0038250 secs] [Times: user=0.02 sys=0.00, real=0.00 secs] 
2014-07-08T11:19:12.388+0000: 2781.773: [GC [PSYoungGen: 239954K->1572K(234752K)] 381208K->142827K(921728K), 0.0071720 secs] [Times: user=0.03 sys=0.01, real=0.01 secs] 
2014-07-08T11:19:55.472+0000: 2824.857: [GC [PSYoungGen: 234724K->1344K(228992K)] 375979K->142598K(915968K), 0.0035430 secs] [Times: user=0.02 sys=0.00, real=0.00 secs] 
2014-07-08T11:20:01.673+0000: 2831.057: [GC [PSYoungGen: 228992K->1312K(223680K)] 370246K->142779K(910656K), 0.0070320 secs] [Times: user=0.03 sys=0.00, real=0.01 secs] 
2014-07-08T11:20:02.039+0000: 2831.424: [GC [PSYoungGen: 223648K->1477K(218752K)] 365115K->143024K(905728K), 0.0112750 secs] [Times: user=0.06 sys=0.00, real=0.01 secs] 
2014-07-08T11:20:02.802+0000: 2832.187: [GC [PSYoungGen: 218693K->1262K(213568K)] 360240K->142897K(900544K), 0.0081430 secs] [Times: user=0.05 sys=0.00, real=0.01 secs] 
2014-07-08T11:20:04.399+0000: 2833.784: [GC [PSYoungGen: 213550K->1412K(209024K)] 355185K->143102K(896000K), 0.0088700 secs] [Times: user=0.06 sys=0.00, real=0.01 secs] 
2014-07-08T11:20:26.329+0000: 2855.714: [GC [PSYoungGen: 208964K->1170K(204160K)] 350654K->142860K(891136K), 0.0160700 secs] [Times: user=0.10 sys=0.00, real=0.02 secs] 
2014-07-08T11:20:40.525+0000: 2869.910: [GC [PSYoungGen: 204114K->1092K(199680K)] 345804K->142782K(886656K), 0.0088710 secs] [Times: user=0.05 sys=0.00, real=0.01 secs] 
2014-07-08T11:20:40.853+0000: 2870.238: [GC [PSYoungGen: 199615K->1443K(195712K)] 341305K->143166K(882688K), 0.0048130 secs] [Times: user=0.01 sys=0.00, real=0.01 secs] 
2014-07-08T11:20:41.186+0000: 2870.571: [GC [PSYoungGen: 195683K->1312K(234432K)] 337406K->143091K(921408K), 0.0070940 secs] [Times: user=0.04 sys=0.00, real=0.00 secs] 
2014-07-08T11:20:42.316+0000: 2871.700: [GC [PSYoungGen: 234400K->1064K(228672K)] 376179K->143117K(915648K), 0.0046040 secs] [Times: user=0.02 sys=0.00, real=0.00 secs] 
2014-07-08T11:20:44.025+0000: 2873.409: [GC [PSYoungGen: 228648K->1472K(223808K)] 370701K->143557K(910784K), 0.0119000 secs] [Times: user=0.06 sys=0.00, real=0.02 secs] 
2014-07-08T11:20:46.006+0000: 2875.391: [GC [PSYoungGen: 223701K->1124K(218304K)] 365786K->143331K(905280K), 0.0098240 secs] [Times: user=0.06 sys=0.00, real=0.01 secs] 
2014-07-08T11:20:53.977+0000: 2883.362: [GC [PSYoungGen: 218276K->1234K(213504K)] 360483K->143457K(900480K), 0.0083990 secs] [Times: user=0.02 sys=0.00, real=0.00 secs] 
2014-07-08T11:20:54.767+0000: 2884.152: [GC [PSYoungGen: 213458K->1174K(208704K)] 355681K->143583K(895680K), 0.0055960 secs] [Times: user=0.03 sys=0.00, real=0.00 secs] 
2014-07-08T11:20:55.442+0000: 2884.827: [GC [PSYoungGen: 208660K->1376K(204288K)] 351069K->143889K(891264K), 0.0049530 secs] [Times: user=0.03 sys=0.00, real=0.01 secs] 
2014-07-08T11:20:56.979+0000: 2886.364: [GC [PSYoungGen: 204256K->996K(199488K)] 346769K->143865K(886464K), 0.0036280 secs] [Times: user=0.02 sys=0.00, real=0.00 secs] 
2014-07-08T11:21:10.625+0000: 2900.009: [GC [PSYoungGen: 199441K->1698K(195904K)] 342310K->144648K(882880K), 0.0095540 secs] [Times: user=0.06 sys=0.00, real=0.01 secs] 
2014-07-08T11:21:24.529+0000: 2913.914: [GC [PSYoungGen: 195874K->754K(190784K)] 338824K->143959K(877760K), 0.0085090 secs] [Times: user=0.06 sys=0.00, real=0.01 secs] 
2014-07-08T11:21:25.548+0000: 2914.933: [GC [PSYoungGen: 190770K->1174K(187264K)] 333975K->144419K(874240K), 0.0042600 secs] [Times: user=0.02 sys=0.00, real=0.01 secs] 
2014-07-08T11:21:31.005+0000: 2920.389: [GC [PSYoungGen: 187222K->1380K(183616K)] 330467K->144813K(870592K), 0.0041230 secs] [Times: user=0.03 sys=0.00, real=0.00 secs] 
2014-07-08T11:21:46.473+0000: 2935.858: [GC [PSYoungGen: 183588K->1294K(179840K)] 327021K->144728K(866816K), 0.0069690 secs] [Times: user=0.04 sys=0.00, real=0.01 secs] 
2014-07-08T11:21:47.473+0000: 2936.857: [GC [PSYoungGen: 179790K->1014K(175872K)] 323224K->144642K(862848K), 0.0044070 secs] [Times: user=0.02 sys=0.00, real=0.01 secs] 
2014-07-08T11:21:48.528+0000: 2937.913: [GC [PSYoungGen: 175862K->1092K(172480K)] 319490K->144768K(859456K), 0.0074150 secs] [Times: user=0.04 sys=0.00, real=0.01 secs] 
2014-07-08T11:21:50.508+0000: 2939.892: [GC [PSYoungGen: 172420K->1312K(169280K)] 316096K->145028K(856256K), 0.0091090 secs] [Times: user=0.05 sys=0.00, real=0.01 secs] 
2014-07-08T11:22:12.917+0000: 2962.302: [GC [PSYoungGen: 169248K->1216K(165888K)] 312964K->144932K(852864K), 0.0055590 secs] [Times: user=0.04 sys=0.00, real=0.01 secs] 
2014-07-08T11:22:13.923+0000: 2963.308: [GC [PSYoungGen: 165888K->956K(162432K)] 309604K->144956K(849408K), 0.0044650 secs] [Times: user=0.02 sys=0.00, real=0.00 secs] 
2014-07-08T11:22:22.078+0000: 2971.463: [GC [PSYoungGen: 162428K->1142K(159552K)] 306428K->145158K(846528K), 0.0254000 secs] [Times: user=0.16 sys=0.00, real=0.03 secs] 
2014-07-08T11:22:38.978+0000: 2988.363: [GC [PSYoungGen: 159542K->1192K(156608K)] 303558K->145340K(843584K), 0.0063450 secs] [Times: user=0.01 sys=0.00, real=0.01 secs] 
2014-07-08T11:22:39.321+0000: 2988.706: [GC [PSYoungGen: 156584K->1056K(153600K)] 300732K->145268K(840576K), 0.0069030 secs] [Times: user=0.04 sys=0.00, real=0.01 secs] 
2014-07-08T11:22:40.180+0000: 2989.565: [GC [PSYoungGen: 153552K->1066K(150784K)] 297764K->145676K(837760K), 0.0040870 secs] [Times: user=0.02 sys=0.00, real=0.01 secs] 
2014-07-08T11:22:41.063+0000: 2990.447: [GC [PSYoungGen: 150732K->1657K(148672K)] 295342K->146324K(835648K), 0.0080840 secs] [Times: user=0.04 sys=0.00, real=0.00 secs] 
2014-07-08T11:22:43.316+0000: 2992.701: [GC [PSYoungGen: 148665K->622K(145024K)] 293332K->146278K(832000K), 0.0122190 secs] [Times: user=0.07 sys=0.00, real=0.01 secs] 
2014-07-08T11:22:50.465+0000: 2999.850: [GC [PSYoungGen: 145006K->1552K(143424K)] 290662K->147240K(830400K), 0.0082950 secs] [Times: user=0.05 sys=0.01, real=0.00 secs] 
2014-07-08T11:22:51.383+0000: 3000.768: [GC [PSYoungGen: 143376K->1402K(140736K)] 289064K->147662K(827712K), 0.0082740 secs] [Times: user=0.03 sys=0.00, real=0.01 secs] 
2014-07-08T11:22:52.479+0000: 3001.864: [GC [PSYoungGen: 140730K->1536K(138496K)] 286990K->147861K(825472K), 0.0127260 secs] [Times: user=0.07 sys=0.00, real=0.01 secs] 
2014-07-08T11:23:09.728+0000: 3019.113: [GC [PSYoungGen: 138432K->768K(135296K)] 284757K->147422K(822272K), 0.0066950 secs] [Times: user=0.03 sys=0.00, real=0.00 secs] 
2014-07-08T11:23:14.584+0000: 3023.969: [GC [PSYoungGen: 135296K->1626K(133888K)] 281950K->148313K(820864K), 0.0071430 secs] [Times: user=0.04 sys=0.00, real=0.01 secs] 
2014-07-08T11:23:15.010+0000: 3024.395: [GC [PSYoungGen: 133850K->1327K(131328K)] 280537K->148440K(818304K), 0.0061650 secs] [Times: user=0.04 sys=0.00, real=0.00 secs] 
2014-07-08T11:23:15.598+0000: 3024.982: [GC [PSYoungGen: 131311K->1522K(129344K)] 278424K->148707K(816320K), 0.0056900 secs] [Times: user=0.03 sys=0.01, real=0.01 secs] 
2014-07-08T11:23:15.832+0000: 3025.217: [GC [PSYoungGen: 129330K->1256K(126976K)] 276515K->148504K(813952K), 0.0038150 secs] [Times: user=0.02 sys=0.00, real=0.00 secs] 
2014-07-08T11:23:16.379+0000: 3025.764: [GC [PSYoungGen: 126952K->1312K(124992K)] 274200K->148641K(811968K), 0.0045740 secs] [Times: user=0.03 sys=0.00, real=0.00 secs] 
2014-07-08T11:23:16.838+0000: 3026.223: [GC [PSYoungGen: 124960K->1386K(149824K)] 272289K->148811K(836800K), 0.0150320 secs] [Times: user=0.10 sys=0.00, real=0.01 secs] 
2014-07-08T11:23:17.603+0000: 3026.988: [GC [PSYoungGen: 149802K->1280K(179456K)] 297227K->148761K(866432K), 0.0072090 secs] [Times: user=0.04 sys=0.00, real=0.01 secs] 
2014-07-08T11:23:18.826+0000: 3028.211: [GC [PSYoungGen: 179389K->1138K(214912K)] 326870K->148823K(901888K), 0.0116450 secs] [Times: user=0.06 sys=0.00, real=0.01 secs] 
2014-07-08T11:23:26.180+0000: 3035.565: [GC [PSYoungGen: 214898K->1416K(210432K)] 362583K->149124K(897408K), 0.0071310 secs] [Times: user=0.04 sys=0.00, real=0.00 secs] 
2014-07-08T11:23:40.199+0000: 3049.584: [GC [PSYoungGen: 210376K->1120K(205440K)] 358084K->148860K(892416K), 0.0056300 secs] [Times: user=0.02 sys=0.00, real=0.01 secs] 
2014-07-08T11:23:41.020+0000: 3050.405: [GC [PSYoungGen: 205408K->1160K(201024K)] 353148K->148924K(888000K), 0.0110220 secs] [Times: user=0.05 sys=0.00, real=0.02 secs] 
2014-07-08T11:23:41.909+0000: 3051.294: [GC [PSYoungGen: 200968K->1234K(196736K)] 348732K->149047K(883712K), 0.0033330 secs] [Times: user=0.02 sys=0.00, real=0.01 secs] 
2014-07-08T11:23:42.652+0000: 3052.037: [GC [PSYoungGen: 196690K->1216K(192512K)] 344503K->149124K(879488K), 0.0066440 secs] [Times: user=0.05 sys=0.00, real=0.00 secs] 
2014-07-08T11:23:43.625+0000: 3053.009: [GC [PSYoungGen: 192512K->1124K(188416K)] 340420K->149184K(875392K), 0.0034450 secs] [Times: user=0.02 sys=0.00, real=0.00 secs] 
2014-07-08T11:23:44.795+0000: 3054.180: [GC [PSYoungGen: 188388K->1308K(184704K)] 336448K->149465K(871680K), 0.0052010 secs] [Times: user=0.03 sys=0.00, real=0.00 secs] 
2014-07-08T11:23:46.180+0000: 3055.565: [GC [PSYoungGen: 184638K->996K(180608K)] 332795K->149416K(867584K), 0.0058580 secs] [Times: user=0.04 sys=0.00, real=0.01 secs] 
2014-07-08T11:23:48.164+0000: 3057.549: [GC [PSYoungGen: 180580K->1366K(177344K)] 329000K->149827K(864320K), 0.0131100 secs] [Times: user=0.08 sys=0.00, real=0.01 secs] 
2014-07-08T11:24:06.909+0000: 3076.294: [GC [PSYoungGen: 177302K->942K(173376K)] 325763K->149849K(860352K), 0.0052280 secs] [Times: user=0.03 sys=0.00, real=0.00 secs] 
2014-07-08T11:24:28.835+0000: 3098.220: [GC [PSYoungGen: 173358K->1622K(170688K)] 322265K->150561K(857664K), 0.0060210 secs] [Times: user=0.04 sys=0.00, real=0.01 secs] 
2014-07-08T11:24:29.138+0000: 3098.523: [GC [PSYoungGen: 170646K->761K(166464K)] 319585K->150745K(853440K), 0.0078290 secs] [Times: user=0.04 sys=0.01, real=0.01 secs] 
2014-07-08T11:24:29.412+0000: 3098.797: [GC [PSYoungGen: 166457K->1498K(200384K)] 316441K->151522K(887360K), 0.0046320 secs] [Times: user=0.01 sys=0.00, real=0.00 secs] 
2014-07-08T11:24:30.164+0000: 3099.548: [GC [PSYoungGen: 200346K->1334K(240000K)] 350370K->151602K(926976K), 0.0168330 secs] [Times: user=0.11 sys=0.00, real=0.02 secs] 
2014-07-08T11:24:31.761+0000: 3101.146: [GC [PSYoungGen: 239990K->1106K(263808K)] 390258K->151454K(950784K), 0.0063260 secs] [Times: user=0.03 sys=0.00, real=0.00 secs] 
2014-07-08T11:24:48.418+0000: 3117.803: [GC [PSYoungGen: 263011K->1384K(256768K)] 413360K->151732K(943744K), 0.0101570 secs] [Times: user=0.06 sys=0.01, real=0.01 secs] 
2014-07-08T11:25:20.771+0000: 3150.156: [GC [PSYoungGen: 256744K->1156K(250240K)] 407092K->151504K(937216K), 0.0075650 secs] [Times: user=0.04 sys=0.01, real=0.01 secs] 
2014-07-08T11:25:21.193+0000: 3150.578: [GC [PSYoungGen: 250180K->1006K(243968K)] 400528K->151554K(930944K), 0.0063330 secs] [Times: user=0.05 sys=0.00, real=0.01 secs] 
2014-07-08T11:25:22.306+0000: 3151.691: [GC [PSYoungGen: 243950K->1646K(238720K)] 394498K->152275K(925696K), 0.0038220 secs] [Times: user=0.02 sys=0.00, real=0.01 secs] 
2014-07-08T11:25:26.217+0000: 3155.601: [GC [PSYoungGen: 238702K->950K(232384K)] 389331K->152001K(919360K), 0.0106650 secs] [Times: user=0.07 sys=0.00, real=0.02 secs] 
2014-07-08T11:25:58.706+0000: 3188.091: [GC [PSYoungGen: 232374K->1394K(227392K)] 383425K->152477K(914368K), 0.0111110 secs] [Times: user=0.07 sys=0.00, real=0.01 secs] 
2014-07-08T11:26:49.939+0000: 3239.323: [GC [PSYoungGen: 227378K->1088K(221824K)] 378461K->152211K(908800K), 0.0062530 secs] [Times: user=0.03 sys=0.00, real=0.01 secs] 
2014-07-08T11:26:50.338+0000: 3239.723: [GC [PSYoungGen: 221824K->1376K(217088K)] 372947K->152587K(904064K), 0.0067050 secs] [Times: user=0.04 sys=0.00, real=0.01 secs] 
2014-07-08T11:26:50.916+0000: 3240.301: [GC [PSYoungGen: 217056K->1138K(211968K)] 368267K->152413K(898944K), 0.0081630 secs] [Times: user=0.04 sys=0.00, real=0.01 secs] 
2014-07-08T11:26:52.216+0000: 3241.600: [GC [PSYoungGen: 211954K->1124K(207232K)] 363229K->152447K(894208K), 0.0037680 secs] [Times: user=0.02 sys=0.00, real=0.00 secs] 
2014-07-08T11:27:01.584+0000: 3250.969: [GC [PSYoungGen: 207204K->1198K(202752K)] 358527K->152569K(889728K), 0.0099250 secs] [Times: user=0.06 sys=0.00, real=0.01 secs] 
2014-07-08T11:27:47.322+0000: 3296.707: [GC [PSYoungGen: 202734K->1412K(198592K)] 354105K->152807K(885568K), 0.0078840 secs] [Times: user=0.04 sys=0.00, real=0.01 secs] 
2014-07-08T11:28:00.939+0000: 3310.324: [GC [PSYoungGen: 198532K->828K(193728K)] 349927K->152483K(880704K), 0.0048660 secs] [Times: user=0.03 sys=0.00, real=0.01 secs] 
2014-07-08T11:28:01.237+0000: 3310.622: [GC [PSYoungGen: 193724K->1476K(190336K)] 345379K->153155K(877312K), 0.0062750 secs] [Times: user=0.02 sys=0.00, real=0.01 secs] 
2014-07-08T11:28:01.643+0000: 3311.028: [GC [PSYoungGen: 190276K->1124K(185984K)] 341955K->152975K(872960K), 0.0051740 secs] [Times: user=0.03 sys=0.00, real=0.00 secs] 
2014-07-08T11:28:02.700+0000: 3312.085: [GC [PSYoungGen: 185956K->1202K(182208K)] 337807K->153117K(869184K), 0.0134550 secs] [Times: user=0.07 sys=0.00, real=0.02 secs] 
2014-07-08T11:28:03.884+0000: 3313.269: [GC [PSYoungGen: 182194K->1120K(178432K)] 334109K->153293K(865408K), 0.0038340 secs] [Times: user=0.01 sys=0.00, real=0.00 secs] 
2014-07-08T11:28:23.834+0000: 3333.219: [GC [PSYoungGen: 178359K->1338K(175040K)] 330532K->153543K(862016K), 0.0138310 secs] [Times: user=0.09 sys=0.00, real=0.01 secs] 
2014-07-08T11:28:29.271+0000: 3338.656: [GC [PSYoungGen: 175034K->892K(171136K)] 327239K->153493K(858112K), 0.0087230 secs] [Times: user=0.01 sys=0.01, real=0.01 secs] 
2014-07-08T11:28:29.554+0000: 3338.939: [GC [PSYoungGen: 171132K->1608K(168576K)] 323733K->154329K(855552K), 0.0038790 secs] [Times: user=0.02 sys=0.00, real=0.01 secs] 
2014-07-08T11:28:29.827+0000: 3339.212: [GC [PSYoungGen: 168520K->822K(201152K)] 321241K->154121K(888128K), 0.0083830 secs] [Times: user=0.05 sys=0.00, real=0.01 secs] 
2014-07-08T11:28:30.394+0000: 3339.779: [GC [PSYoungGen: 201142K->1494K(241920K)] 354441K->154842K(928896K), 0.0083350 secs] [Times: user=0.05 sys=0.00, real=0.01 secs] 
2014-07-08T11:28:31.795+0000: 3341.180: [GC [PSYoungGen: 241878K->1138K(276736K)] 395226K->154861K(963712K), 0.0038600 secs] [Times: user=0.02 sys=0.00, real=0.01 secs] 
2014-07-08T11:28:57.694+0000: 3367.079: [GC [PSYoungGen: 276722K->1483K(270016K)] 430445K->155222K(956992K), 0.0076210 secs] [Times: user=0.03 sys=0.00, real=0.01 secs] 
2014-07-08T11:28:58.185+0000: 3367.570: [GC [PSYoungGen: 269963K->242K(261888K)] 423702K->154711K(948864K), 0.0048010 secs] [Times: user=0.01 sys=0.00, real=0.01 secs] 
2014-07-08T11:28:58.645+0000: 3368.030: [GC [PSYoungGen: 261874K->1680K(256832K)] 416343K->156229K(943808K), 0.0041860 secs] [Times: user=0.02 sys=0.00, real=0.00 secs] 
2014-07-08T11:29:00.016+0000: 3369.401: [GC [PSYoungGen: 256784K->1482K(250304K)] 411333K->156660K(937280K), 0.0084390 secs] [Times: user=0.05 sys=0.00, real=0.01 secs] 
2014-07-08T11:29:02.502+0000: 3371.887: [GC [PSYoungGen: 250250K->1294K(244032K)] 405428K->156472K(931008K), 0.0065680 secs] [Times: user=0.03 sys=0.00, real=0.00 secs] 
2014-07-08T11:29:04.434+0000: 3373.819: [GC [PSYoungGen: 243982K->885K(237760K)] 399160K->156518K(924736K), 0.0054040 secs] [Times: user=0.03 sys=0.00, real=0.00 secs] 
2014-07-08T11:29:06.113+0000: 3375.498: [GC [PSYoungGen: 237749K->1772K(233024K)] 393382K->157503K(920000K), 0.0067810 secs] [Times: user=0.04 sys=0.00, real=0.00 secs] 
2014-07-08T11:29:25.303+0000: 3394.688: [GC [PSYoungGen: 233003K->932K(226752K)] 388734K->157193K(913728K), 0.0064900 secs] [Times: user=0.04 sys=0.00, real=0.01 secs] 
2014-07-08T11:29:44.841+0000: 3414.226: [GC [PSYoungGen: 226724K->790K(221376K)] 382985K->157075K(908352K), 0.0054880 secs] [Times: user=0.03 sys=0.00, real=0.00 secs] 
2014-07-08T11:29:45.230+0000: 3414.615: [GC [PSYoungGen: 221247K->1518K(217024K)] 377532K->157992K(904000K), 0.0054370 secs] [Times: user=0.04 sys=0.00, real=0.00 secs] 
2014-07-08T11:29:45.831+0000: 3415.216: [GC [PSYoungGen: 217006K->1230K(211904K)] 373480K->157743K(898880K), 0.0059640 secs] [Times: user=0.02 sys=0.00, real=0.00 secs] 
2014-07-08T11:29:47.218+0000: 3416.603: [GC [PSYoungGen: 211853K->1084K(206976K)] 368366K->157749K(893952K), 0.0070580 secs] [Times: user=0.03 sys=0.00, real=0.00 secs] 
2014-07-08T11:30:02.901+0000: 3432.286: [GC [PSYoungGen: 206972K->1657K(203008K)] 363637K->158394K(889984K), 0.0073070 secs] [Times: user=0.03 sys=0.00, real=0.00 secs] 
2014-07-08T11:30:31.946+0000: 3461.331: [GC [PSYoungGen: 203001K->1146K(198144K)] 359738K->157955K(885120K), 0.0187930 secs] [Times: user=0.12 sys=0.00, real=0.02 secs] 
2014-07-08T11:30:53.960+0000: 3483.344: [GC [PSYoungGen: 198138K->1484K(194304K)] 354947K->158317K(881280K), 0.0057600 secs] [Times: user=0.02 sys=0.00, real=0.00 secs] 
2014-07-08T11:30:54.285+0000: 3483.669: [GC [PSYoungGen: 194252K->1190K(189888K)] 351085K->158225K(876864K), 0.0043880 secs] [Times: user=0.02 sys=0.00, real=0.01 secs] 
2014-07-08T11:30:54.719+0000: 3484.104: [GC [PSYoungGen: 189846K->1310K(186048K)] 346881K->158385K(873024K), 0.0053830 secs] [Times: user=0.02 sys=0.01, real=0.00 secs] 
2014-07-08T11:30:55.825+0000: 3485.210: [GC [PSYoungGen: 186014K->1202K(182080K)] 343089K->158511K(869056K), 0.0074710 secs] [Times: user=0.06 sys=0.00, real=0.01 secs] 
2014-07-08T11:30:56.993+0000: 3486.378: [GC [PSYoungGen: 182066K->1440K(178624K)] 339375K->158821K(865600K), 0.0034660 secs] [Times: user=0.02 sys=0.00, real=0.00 secs] 
2014-07-08T11:31:17.480+0000: 3506.864: [GC [PSYoungGen: 178592K->950K(174528K)] 335973K->158629K(861504K), 0.0072060 secs] [Times: user=0.04 sys=0.00, real=0.01 secs] 
2014-07-08T11:31:51.137+0000: 3540.522: [GC [PSYoungGen: 174518K->1312K(171456K)] 332197K->159031K(858432K), 0.0108100 secs] [Times: user=0.06 sys=0.00, real=0.01 secs] 
2014-07-08T11:32:07.559+0000: 3556.943: [GC [PSYoungGen: 171424K->1244K(168064K)] 329143K->159069K(855040K), 0.0166450 secs] [Times: user=0.09 sys=0.00, real=0.01 secs] 
2014-07-08T11:32:07.850+0000: 3557.234: [GC [PSYoungGen: 168028K->1409K(201664K)] 325853K->159290K(888640K), 0.0112550 secs] [Times: user=0.08 sys=0.00, real=0.01 secs] 
2014-07-08T11:32:08.249+0000: 3557.634: [GC [PSYoungGen: 201601K->754K(241024K)] 359482K->158971K(928000K), 0.0107760 secs] [Times: user=0.08 sys=0.00, real=0.01 secs] 
2014-07-08T11:32:09.719+0000: 3559.103: [GC [PSYoungGen: 241010K->1718K(263680K)] 399227K->159975K(950656K), 0.0187810 secs] [Times: user=0.13 sys=0.00, real=0.02 secs] 
2014-07-08T11:32:31.919+0000: 3581.304: [GC [PSYoungGen: 263659K->1718K(290112K)] 421916K->160337K(977088K), 0.0104440 secs] [Times: user=0.06 sys=0.01, real=0.01 secs] 
2014-07-08T11:33:16.369+0000: 3625.754: [GC [PSYoungGen: 289974K->1576K(282304K)] 448593K->160195K(969280K), 0.0036590 secs] [Times: user=0.01 sys=0.00, real=0.00 secs] 
2014-07-08T11:33:16.806+0000: 3626.191: [GC [PSYoungGen: 282271K->366K(273792K)] 440890K->160009K(960768K), 0.0031230 secs] [Times: user=0.02 sys=0.00, real=0.01 secs] 
2014-07-08T11:33:17.291+0000: 3626.676: [GC [PSYoungGen: 273764K->1853K(268288K)] 433408K->161569K(955264K), 0.0036520 secs] [Times: user=0.02 sys=0.00, real=0.00 secs] 
2014-07-08T11:33:18.334+0000: 3627.719: [GC [PSYoungGen: 268285K->1248K(260992K)] 428001K->161658K(947968K), 0.0049940 secs] [Times: user=0.02 sys=0.00, real=0.00 secs] 
2014-07-08T11:33:19.561+0000: 3628.946: [GC [PSYoungGen: 260960K->1174K(254464K)] 421370K->161648K(941440K), 0.0131760 secs] [Times: user=0.08 sys=0.01, real=0.01 secs] 
2014-07-08T11:33:21.281+0000: 3630.666: [GC [PSYoungGen: 254378K->1527K(248512K)] 414851K->162057K(935488K), 0.0031580 secs] [Times: user=0.02 sys=0.00, real=0.00 secs] 
2014-07-08T11:33:23.104+0000: 3632.489: [GC [PSYoungGen: 248480K->1444K(242432K)] 409010K->162038K(929408K), 0.0048620 secs] [Times: user=0.02 sys=0.00, real=0.00 secs] 
2014-07-08T11:33:23.931+0000: 3633.315: [GC [PSYoungGen: 242392K->1007K(236224K)] 402986K->162187K(923200K), 0.0033480 secs] [Times: user=0.02 sys=0.01, real=0.00 secs] 
2014-07-08T11:33:24.400+0000: 3633.785: [GC [PSYoungGen: 236174K->1721K(231360K)] 397354K->162996K(918336K), 0.0034600 secs] [Times: user=0.02 sys=0.00, real=0.00 secs] 
2014-07-08T11:33:25.220+0000: 3634.604: [GC [PSYoungGen: 231353K->1158K(225472K)] 392628K->162774K(912448K), 0.0107520 secs] [Times: user=0.05 sys=0.01, real=0.02 secs] 
2014-07-08T11:33:25.946+0000: 3635.331: [GC [PSYoungGen: 225414K->1520K(220608K)] 387030K->163216K(907584K), 0.0068610 secs] [Times: user=0.04 sys=0.00, real=0.01 secs] 
2014-07-08T11:33:26.409+0000: 3635.794: [GC [PSYoungGen: 220568K->1254K(215360K)] 382264K->163056K(902336K), 0.0028440 secs] [Times: user=0.01 sys=0.01, real=0.01 secs] 
2014-07-08T11:33:27.017+0000: 3636.402: [GC [PSYoungGen: 215334K->1516K(210816K)] 377136K->163366K(897792K), 0.0040500 secs] [Times: user=0.01 sys=0.00, real=0.01 secs] 
2014-07-08T11:33:27.923+0000: 3637.307: [GC [PSYoungGen: 210796K->534K(205184K)] 372646K->162506K(892160K), 0.0043450 secs] [Times: user=0.02 sys=0.00, real=0.00 secs] 
2014-07-08T11:33:28.821+0000: 3638.206: [GC [PSYoungGen: 205142K->608K(200768K)] 367114K->162652K(887744K), 0.0042880 secs] [Times: user=0.03 sys=0.00, real=0.00 secs] 
2014-07-08T11:33:30.427+0000: 3639.812: [GC [PSYoungGen: 200736K->320K(196096K)] 362780K->162388K(883072K), 0.0079890 secs] [Times: user=0.04 sys=0.00, real=0.01 secs] 
Heap
 PSYoungGen      total 196096K, used 95021K [0x0000000755560000, 0x0000000766770000, 0x0000000800000000)
  eden space 195776K, 48% used [0x0000000755560000,0x000000075b1db720,0x0000000761490000)
  from space 320K, 100% used [0x0000000766720000,0x0000000766770000,0x0000000766770000)
  to   space 2176K, 0% used [0x0000000766330000,0x0000000766330000,0x0000000766550000)
 ParOldGen       total 686976K, used 162068K [0x0000000600000000, 0x0000000629ee0000, 0x0000000755560000)
  object space 686976K, 23% used [0x0000000600000000,0x0000000609e45060,0x0000000629ee0000)
 PSPermGen       total 21248K, used 11804K [0x00000005f5a00000, 0x00000005f6ec0000, 0x0000000600000000)
  object space 21248K, 55% used [0x00000005f5a00000,0x00000005f6587218,0x00000005f6ec0000)
