2014-07-08T10:33:15.065+0000: 24.450: [GC [PSYoungGen: 257728K->42848K(300608K)] 257728K->57781K(987584K), 0.0745560 secs] [Times: user=0.22 sys=0.03, real=0.07 secs] 
2014-07-08T10:33:15.392+0000: 24.776: [GC [PSYoungGen: 300576K->42864K(300608K)] 315509K->63767K(987584K), 0.0690450 secs] [Times: user=0.24 sys=0.03, real=0.07 secs] 
2014-07-08T10:33:16.508+0000: 25.892: [GC [PSYoungGen: 300592K->42854K(300608K)] 321495K->64445K(987584K), 0.0469460 secs] [Times: user=0.17 sys=0.00, real=0.05 secs] 
2014-07-08T10:33:17.805+0000: 27.190: [GC [PSYoungGen: 300582K->42870K(558336K)] 322173K->64973K(1245312K), 0.0720710 secs] [Times: user=0.27 sys=0.02, real=0.07 secs] 
2014-07-08T10:33:20.272+0000: 29.657: [GC [PSYoungGen: 558326K->42870K(558336K)] 580429K->65557K(1245312K), 0.0621620 secs] [Times: user=0.19 sys=0.03, real=0.06 secs] 
2014-07-08T10:33:23.043+0000: 32.428: [GC [PSYoungGen: 558326K->43142K(1088576K)] 581013K->65829K(1775552K), 0.0494820 secs] [Times: user=0.15 sys=0.02, real=0.05 secs] 
2014-07-08T10:33:27.834+0000: 37.219: [GC [PSYoungGen: 1074054K->2710K(1089472K)] 1096741K->66223K(1776448K), 0.0941220 secs] [Times: user=0.35 sys=0.02, real=0.09 secs] 
2014-07-08T10:33:32.209+0000: 41.593: [GC [PSYoungGen: 1033622K->2276K(2124032K)] 1097135K->66093K(2811008K), 0.0057180 secs] [Times: user=0.02 sys=0.00, real=0.01 secs] 
2014-07-08T10:33:40.146+0000: 49.531: [GC [PSYoungGen: 2059593K->2198K(2128448K)] 2123411K->66359K(2815424K), 0.0053110 secs] [Times: user=0.02 sys=0.00, real=0.00 secs] 
2014-07-08T10:33:47.392+0000: 56.777: [GC [PSYoungGen: 2059606K->2020K(2720704K)] 2123767K->66773K(3407680K), 0.0368610 secs] [Times: user=0.15 sys=0.01, real=0.04 secs] 
2014-07-08T10:33:56.596+0000: 65.981: [GC [PSYoungGen: 2649316K->1600K(2648896K)] 2714069K->67153K(3335872K), 0.0064350 secs] [Times: user=0.02 sys=0.01, real=0.01 secs] 
2014-07-08T10:34:05.821+0000: 75.206: [GC [PSYoungGen: 2648896K->1536K(2722112K)] 2714449K->67577K(3409088K), 0.0103870 secs] [Times: user=0.04 sys=0.00, real=0.01 secs] 
2014-07-08T10:34:14.988+0000: 84.373: [GC [PSYoungGen: 2649024K->2156K(2529088K)] 2715065K->68677K(3216064K), 0.0100100 secs] [Times: user=0.03 sys=0.00, real=0.01 secs] 
2014-07-08T10:34:23.734+0000: 93.118: [GC [PSYoungGen: 2529068K->1928K(2414272K)] 2595589K->68961K(3101248K), 0.0319860 secs] [Times: user=0.13 sys=0.00, real=0.03 secs] 
2014-07-08T10:34:31.216+0000: 100.601: [GC [PSYoungGen: 2414216K->2372K(2374400K)] 2481249K->69877K(3061376K), 0.0120420 secs] [Times: user=0.03 sys=0.01, real=0.01 secs] 
2014-07-08T10:34:40.675+0000: 110.060: [GC [PSYoungGen: 2305732K->2180K(2202048K)] 2373237K->70389K(2889024K), 0.0147140 secs] [Times: user=0.03 sys=0.01, real=0.02 secs] 
2014-07-08T10:34:48.814+0000: 118.198: [GC [PSYoungGen: 2201988K->2080K(2167872K)] 2270197K->71297K(2854848K), 0.0269600 secs] [Times: user=0.07 sys=0.01, real=0.03 secs] 
2014-07-08T10:34:57.061+0000: 126.446: [GC [PSYoungGen: 2103456K->2248K(2010112K)] 2172673K->72329K(2697088K), 0.0126420 secs] [Times: user=0.02 sys=0.01, real=0.01 secs] 
2014-07-08T10:35:05.364+0000: 134.749: [GC [PSYoungGen: 2010056K->1970K(1980096K)] 2080137K->72851K(2667072K), 0.0352830 secs] [Times: user=0.12 sys=0.00, real=0.04 secs] 
2014-07-08T10:35:12.305+0000: 141.690: [GC [PSYoungGen: 1920818K->1938K(1836288K)] 1991699K->73579K(2523264K), 0.0160450 secs] [Times: user=0.02 sys=0.01, real=0.02 secs] 
2014-07-08T10:35:18.808+0000: 148.193: [GC [PSYoungGen: 1836242K->1906K(1809664K)] 1907883K->74323K(2496640K), 0.0313120 secs] [Times: user=0.10 sys=0.00, real=0.03 secs] 
2014-07-08T10:35:25.146+0000: 154.531: [GC [PSYoungGen: 1755826K->1796K(1679360K)] 1828243K->74893K(2366336K), 0.0156640 secs] [Times: user=0.01 sys=0.01, real=0.02 secs] 
2014-07-08T10:35:31.667+0000: 161.052: [GC [PSYoungGen: 1679300K->1988K(1654976K)] 1752397K->75669K(2341952K), 0.0060370 secs] [Times: user=0.02 sys=0.00, real=0.01 secs] 
2014-07-08T10:35:37.931+0000: 167.316: [GC [PSYoungGen: 1606788K->1824K(1537536K)] 1680469K->76201K(2224512K), 0.0106810 secs] [Times: user=0.02 sys=0.01, real=0.01 secs] 
2014-07-08T10:35:43.683+0000: 173.068: [GC [PSYoungGen: 1537504K->1860K(1514752K)] 1611881K->76901K(2201728K), 0.0131480 secs] [Times: user=0.02 sys=0.00, real=0.02 secs] 
2014-07-08T10:35:50.415+0000: 179.800: [GC [PSYoungGen: 1471812K->1824K(1409280K)] 1546853K->77425K(2096256K), 0.0124860 secs] [Times: user=0.03 sys=0.00, real=0.02 secs] 
2014-07-08T10:35:56.292+0000: 185.677: [GC [PSYoungGen: 1409248K->1910K(1387712K)] 1484849K->78207K(2074688K), 0.0113170 secs] [Times: user=0.02 sys=0.00, real=0.01 secs] 
2014-07-08T10:36:02.096+0000: 191.481: [GC [PSYoungGen: 1349878K->1778K(1293184K)] 1426175K->78659K(1980160K), 0.0202540 secs] [Times: user=0.06 sys=0.00, real=0.02 secs] 
2014-07-08T10:36:07.808+0000: 197.193: [GC [PSYoungGen: 1293170K->1910K(1272640K)] 1370051K->79383K(1959616K), 0.0066590 secs] [Times: user=0.02 sys=0.01, real=0.01 secs] 
2014-07-08T10:36:13.682+0000: 203.067: [GC [PSYoungGen: 1239478K->1842K(1188224K)] 1316951K->79891K(1875200K), 0.0292010 secs] [Times: user=0.09 sys=0.01, real=0.03 secs] 
2014-07-08T10:36:18.654+0000: 208.039: [GC [PSYoungGen: 1188129K->2042K(1168448K)] 1266179K->80651K(1855424K), 0.0391090 secs] [Times: user=0.14 sys=0.01, real=0.04 secs] 
2014-07-08T10:36:23.635+0000: 213.020: [GC [PSYoungGen: 1139706K->1768K(1093120K)] 1218315K->80937K(1780096K), 0.0134970 secs] [Times: user=0.03 sys=0.00, real=0.01 secs] 
2014-07-08T10:36:27.677+0000: 217.062: [GC [PSYoungGen: 1093096K->1682K(1074112K)] 1172265K->81331K(1761088K), 0.0062870 secs] [Times: user=0.02 sys=0.01, real=0.01 secs] 
2014-07-08T10:36:32.633+0000: 222.018: [GC [PSYoungGen: 1048914K->1768K(1007040K)] 1128563K->81881K(1694016K), 0.0103460 secs] [Times: user=0.02 sys=0.01, real=0.01 secs] 
2014-07-08T10:36:36.309+0000: 225.694: [GC [PSYoungGen: 1007016K->1636K(966912K)] 1087129K->82229K(1653888K), 0.0090660 secs] [Times: user=0.02 sys=0.00, real=0.01 secs] 
2014-07-08T10:36:40.588+0000: 229.973: [GC [PSYoungGen: 966884K->1632K(928832K)] 1047477K->82617K(1615808K), 0.0161520 secs] [Times: user=0.02 sys=0.01, real=0.02 secs] 
2014-07-08T10:36:44.289+0000: 233.673: [GC [PSYoungGen: 928800K->1504K(892480K)] 1009785K->82953K(1579456K), 0.0262380 secs] [Times: user=0.08 sys=0.00, real=0.03 secs] 
2014-07-08T10:36:48.055+0000: 237.440: [GC [PSYoungGen: 892448K->1618K(858112K)] 973897K->83427K(1545088K), 0.0082580 secs] [Times: user=0.02 sys=0.01, real=0.00 secs] 
2014-07-08T10:36:51.198+0000: 240.583: [GC [PSYoungGen: 858066K->1458K(825024K)] 939875K->83723K(1512000K), 0.0059490 secs] [Times: user=0.01 sys=0.00, real=0.01 secs] 
2014-07-08T10:36:54.608+0000: 243.993: [GC [PSYoungGen: 825010K->1426K(793664K)] 907275K->84003K(1480640K), 0.0234930 secs] [Times: user=0.07 sys=0.00, real=0.02 secs] 
2014-07-08T10:36:58.667+0000: 248.052: [GC [PSYoungGen: 793614K->1668K(764096K)] 876192K->84549K(1451072K), 0.0051500 secs] [Times: user=0.02 sys=0.01, real=0.00 secs] 
2014-07-08T10:37:01.696+0000: 251.081: [GC [PSYoungGen: 764036K->1490K(735424K)] 846917K->84819K(1422400K), 0.0116460 secs] [Times: user=0.04 sys=0.00, real=0.02 secs] 
2014-07-08T10:37:04.949+0000: 254.333: [GC [PSYoungGen: 735375K->1590K(708352K)] 818704K->85247K(1395328K), 0.0070650 secs] [Times: user=0.02 sys=0.00, real=0.00 secs] 
2014-07-08T10:37:08.291+0000: 257.676: [GC [PSYoungGen: 708342K->1650K(682560K)] 791999K->85619K(1369536K), 0.0389730 secs] [Times: user=0.14 sys=0.01, real=0.04 secs] 
2014-07-08T10:37:11.310+0000: 260.695: [GC [PSYoungGen: 682546K->1558K(657856K)] 766515K->85951K(1344832K), 0.0073460 secs] [Times: user=0.02 sys=0.00, real=0.01 secs] 
2014-07-08T10:37:14.293+0000: 263.678: [GC [PSYoungGen: 657814K->1408K(634112K)] 742207K->86113K(1321088K), 0.0147960 secs] [Times: user=0.05 sys=0.00, real=0.02 secs] 
2014-07-08T10:37:17.268+0000: 266.653: [GC [PSYoungGen: 634112K->1458K(611712K)] 718817K->86451K(1298688K), 0.0088920 secs] [Times: user=0.02 sys=0.00, real=0.00 secs] 
2014-07-08T10:37:20.035+0000: 269.420: [GC [PSYoungGen: 611698K->1526K(590336K)] 696691K->86871K(1277312K), 0.0130860 secs] [Times: user=0.04 sys=0.01, real=0.01 secs] 
2014-07-08T10:37:22.530+0000: 271.915: [GC [PSYoungGen: 590326K->1458K(569856K)] 675671K->87107K(1256832K), 0.0081600 secs] [Times: user=0.02 sys=0.00, real=0.00 secs] 
2014-07-08T10:37:25.050+0000: 274.435: [GC [PSYoungGen: 569841K->1544K(550464K)] 655491K->87457K(1237440K), 0.0063240 secs] [Times: user=0.02 sys=0.00, real=0.00 secs] 
2014-07-08T10:37:27.453+0000: 276.838: [GC [PSYoungGen: 550404K->1472K(531712K)] 636317K->87625K(1218688K), 0.0142080 secs] [Times: user=0.02 sys=0.00, real=0.01 secs] 
2014-07-08T10:37:29.543+0000: 278.928: [GC [PSYoungGen: 531712K->1590K(514048K)] 617865K->88087K(1201024K), 0.0089260 secs] [Times: user=0.02 sys=0.00, real=0.01 secs] 
2014-07-08T10:37:31.462+0000: 280.847: [GC [PSYoungGen: 514034K->1380K(496832K)] 600532K->88101K(1183808K), 0.0059480 secs] [Times: user=0.01 sys=0.00, real=0.00 secs] 
2014-07-08T10:37:33.447+0000: 282.832: [GC [PSYoungGen: 496804K->1362K(480576K)] 583525K->88291K(1167552K), 0.0057810 secs] [Times: user=0.01 sys=0.00, real=0.01 secs] 
2014-07-08T10:37:35.186+0000: 284.571: [GC [PSYoungGen: 480530K->1184K(464832K)] 567459K->88329K(1151808K), 0.0073270 secs] [Times: user=0.02 sys=0.00, real=0.01 secs] 
2014-07-08T10:37:37.445+0000: 286.830: [GC [PSYoungGen: 464800K->1426K(450240K)] 551945K->88715K(1137216K), 0.0053390 secs] [Times: user=0.01 sys=0.00, real=0.00 secs] 
2014-07-08T10:37:39.505+0000: 288.890: [GC [PSYoungGen: 450192K->1476K(436096K)] 537482K->89085K(1123072K), 0.0104910 secs] [Times: user=0.03 sys=0.00, real=0.01 secs] 
2014-07-08T10:37:41.512+0000: 290.897: [GC [PSYoungGen: 436036K->1376K(422336K)] 523645K->89209K(1109312K), 0.0288880 secs] [Times: user=0.09 sys=0.00, real=0.02 secs] 
2014-07-08T10:37:43.228+0000: 292.613: [GC [PSYoungGen: 422304K->1526K(409472K)] 510137K->89591K(1096448K), 0.0265700 secs] [Times: user=0.10 sys=0.00, real=0.03 secs] 
2014-07-08T10:37:44.645+0000: 294.029: [GC [PSYoungGen: 409462K->1234K(396736K)] 497527K->89499K(1083712K), 0.0060670 secs] [Times: user=0.02 sys=0.00, real=0.00 secs] 
2014-07-08T10:37:45.985+0000: 295.370: [GC [PSYoungGen: 396690K->1266K(384768K)] 484955K->89683K(1071744K), 0.0124360 secs] [Times: user=0.04 sys=0.00, real=0.01 secs] 
2014-07-08T10:37:47.518+0000: 296.903: [GC [PSYoungGen: 384754K->1380K(373440K)] 473171K->89949K(1060416K), 0.0060420 secs] [Times: user=0.01 sys=0.00, real=0.01 secs] 
2014-07-08T10:37:48.976+0000: 298.361: [GC [PSYoungGen: 373412K->1526K(362624K)] 461981K->90351K(1049600K), 0.0227460 secs] [Times: user=0.07 sys=0.01, real=0.02 secs] 
2014-07-08T10:37:50.252+0000: 299.637: [GC [PSYoungGen: 362614K->1380K(352000K)] 451439K->90373K(1038976K), 0.0105960 secs] [Times: user=0.02 sys=0.00, real=0.02 secs] 
2014-07-08T10:37:51.821+0000: 301.206: [GC [PSYoungGen: 351972K->1576K(342144K)] 440965K->90721K(1029120K), 0.0103750 secs] [Times: user=0.02 sys=0.00, real=0.01 secs] 
2014-07-08T10:37:53.409+0000: 302.794: [GC [PSYoungGen: 342120K->1380K(332288K)] 431265K->90685K(1019264K), 0.0064360 secs] [Times: user=0.02 sys=0.00, real=0.01 secs] 
2014-07-08T10:37:54.829+0000: 304.214: [GC [PSYoungGen: 332260K->1266K(322880K)] 421565K->90747K(1009856K), 0.0071460 secs] [Times: user=0.02 sys=0.00, real=0.01 secs] 
2014-07-08T10:37:55.963+0000: 305.348: [GC [PSYoungGen: 322866K->1362K(314112K)] 412347K->90987K(1001088K), 0.0103270 secs] [Times: user=0.02 sys=0.00, real=0.01 secs] 
2014-07-08T10:37:57.056+0000: 306.441: [GC [PSYoungGen: 314066K->1444K(305664K)] 403691K->91229K(992640K), 0.0109430 secs] [Times: user=0.04 sys=0.01, real=0.01 secs] 
2014-07-08T10:37:58.419+0000: 307.804: [GC [PSYoungGen: 305636K->1216K(297216K)] 395421K->91177K(984192K), 0.0216200 secs] [Times: user=0.07 sys=0.01, real=0.02 secs] 
2014-07-08T10:37:59.863+0000: 309.248: [GC [PSYoungGen: 297216K->1398K(289536K)] 387177K->91519K(976512K), 0.0053890 secs] [Times: user=0.02 sys=0.00, real=0.01 secs] 
2014-07-08T10:38:00.964+0000: 310.349: [GC [PSYoungGen: 289526K->1284K(281920K)] 379647K->91549K(968896K), 0.0075030 secs] [Times: user=0.02 sys=0.00, real=0.01 secs] 
2014-07-08T10:38:02.150+0000: 311.535: [GC [PSYoungGen: 281860K->1398K(274688K)] 372125K->91791K(961664K), 0.0051950 secs] [Times: user=0.02 sys=0.00, real=0.01 secs] 
2014-07-08T10:38:03.187+0000: 312.572: [GC [PSYoungGen: 274678K->1316K(267648K)] 365071K->91845K(954624K), 0.0136890 secs] [Times: user=0.05 sys=0.00, real=0.01 secs] 
2014-07-08T10:38:04.504+0000: 313.889: [GC [PSYoungGen: 267620K->1266K(260864K)] 358149K->91899K(947840K), 0.0074760 secs] [Times: user=0.01 sys=0.00, real=0.03 secs] 
2014-07-08T10:38:05.533+0000: 314.918: [GC [PSYoungGen: 260850K->1302K(254464K)] 351483K->92079K(941440K), 0.0105860 secs] [Times: user=0.03 sys=0.00, real=0.01 secs] 
2014-07-08T10:38:06.662+0000: 316.047: [GC [PSYoungGen: 254422K->1462K(248384K)] 345199K->92343K(935360K), 0.0070010 secs] [Times: user=0.01 sys=0.01, real=0.01 secs] 
2014-07-08T10:38:07.694+0000: 317.079: [GC [PSYoungGen: 248372K->1348K(242304K)] 339254K->92421K(929280K), 0.0096190 secs] [Times: user=0.03 sys=0.00, real=0.01 secs] 
2014-07-08T10:38:08.839+0000: 318.224: [GC [PSYoungGen: 242244K->1366K(290496K)] 333317K->92599K(977472K), 0.0260400 secs] [Times: user=0.10 sys=0.00, real=0.02 secs] 
2014-07-08T10:38:10.135+0000: 319.520: [GC [PSYoungGen: 290451K->1298K(348288K)] 381685K->92667K(1035264K), 0.0084830 secs] [Times: user=0.02 sys=0.00, real=0.01 secs] 
2014-07-08T10:38:11.721+0000: 321.106: [GC [PSYoungGen: 348242K->1426K(338496K)] 439611K->92947K(1025472K), 0.0065600 secs] [Times: user=0.02 sys=0.00, real=0.01 secs] 
2014-07-08T10:38:12.897+0000: 322.282: [GC [PSYoungGen: 338371K->1188K(328704K)] 429892K->93045K(1015680K), 0.0060590 secs] [Times: user=0.02 sys=0.00, real=0.01 secs] 
2014-07-08T10:38:14.427+0000: 323.812: [GC [PSYoungGen: 328673K->1366K(319744K)] 420531K->93359K(1006720K), 0.0049190 secs] [Times: user=0.02 sys=0.00, real=0.01 secs] 
2014-07-08T10:38:15.862+0000: 325.247: [GC [PSYoungGen: 319622K->1266K(310848K)] 411616K->93435K(997824K), 0.0053900 secs] [Times: user=0.01 sys=0.01, real=0.01 secs] 
2014-07-08T10:38:17.186+0000: 326.570: [GC [PSYoungGen: 310834K->1380K(302592K)] 403003K->93693K(989568K), 0.0058150 secs] [Times: user=0.02 sys=0.00, real=0.01 secs] 
2014-07-08T10:38:18.592+0000: 327.977: [GC [PSYoungGen: 302564K->1078K(294208K)] 394877K->93855K(981184K), 0.0105740 secs] [Times: user=0.03 sys=0.00, real=0.01 secs] 
2014-07-08T10:38:19.724+0000: 329.109: [GC [PSYoungGen: 294198K->1380K(286784K)] 386975K->94309K(973760K), 0.0057190 secs] [Times: user=0.02 sys=0.00, real=0.01 secs] 
2014-07-08T10:38:20.937+0000: 330.322: [GC [PSYoungGen: 286756K->1248K(279168K)] 379685K->94361K(966144K), 0.0070810 secs] [Times: user=0.01 sys=0.00, real=0.01 secs] 
2014-07-08T10:38:22.164+0000: 331.549: [GC [PSYoungGen: 279136K->1448K(272192K)] 372249K->94697K(959168K), 0.0056100 secs] [Times: user=0.01 sys=0.00, real=0.01 secs] 
2014-07-08T10:38:23.371+0000: 332.756: [GC [PSYoungGen: 272071K->868K(264704K)] 365321K->94637K(951680K), 0.0150010 secs] [Times: user=0.04 sys=0.00, real=0.01 secs] 
2014-07-08T10:38:24.246+0000: 333.631: [GC [PSYoungGen: 264676K->1330K(317952K)] 358445K->95259K(1004928K), 0.0172960 secs] [Times: user=0.06 sys=0.01, real=0.02 secs] 
2014-07-08T10:38:25.182+0000: 334.567: [GC [PSYoungGen: 317938K->1270K(381248K)] 411867K->95471K(1068224K), 0.0184870 secs] [Times: user=0.06 sys=0.00, real=0.02 secs] 
2014-07-08T10:38:26.804+0000: 336.189: [GC [PSYoungGen: 381238K->1576K(457600K)] 475439K->95849K(1144576K), 0.0049650 secs] [Times: user=0.02 sys=0.00, real=0.00 secs] 
2014-07-08T10:38:28.819+0000: 338.204: [GC [PSYoungGen: 457570K->626K(442112K)] 551843K->95835K(1129088K), 0.0106240 secs] [Times: user=0.04 sys=0.00, real=0.01 secs] 
2014-07-08T10:38:30.758+0000: 340.143: [GC [PSYoungGen: 442098K->1554K(429184K)] 537307K->96995K(1116160K), 0.0083660 secs] [Times: user=0.01 sys=0.00, real=0.01 secs] 
2014-07-08T10:38:32.626+0000: 342.011: [GC [PSYoungGen: 429138K->1380K(415680K)] 524579K->97181K(1102656K), 0.0057080 secs] [Times: user=0.02 sys=0.00, real=0.01 secs] 
2014-07-08T10:38:34.269+0000: 343.654: [GC [PSYoungGen: 415599K->1362K(402944K)] 511401K->97363K(1089920K), 0.0050730 secs] [Times: user=0.01 sys=0.00, real=0.01 secs] 
2014-07-08T10:38:36.160+0000: 345.545: [GC [PSYoungGen: 402882K->818K(390144K)] 498883K->97459K(1077120K), 0.0057640 secs] [Times: user=0.02 sys=0.00, real=0.00 secs] 
2014-07-08T10:38:37.934+0000: 347.318: [GC [PSYoungGen: 390127K->1458K(379072K)] 486769K->98283K(1066048K), 0.0052730 secs] [Times: user=0.02 sys=0.00, real=0.00 secs] 
2014-07-08T10:38:39.631+0000: 349.016: [GC [PSYoungGen: 379058K->1188K(367616K)] 475883K->98533K(1054592K), 0.0116280 secs] [Times: user=0.03 sys=0.00, real=0.02 secs] 
2014-07-08T10:38:40.182+0000: 349.567: [GC [PSYoungGen: 367588K->1380K(357056K)] 464933K->98949K(1044032K), 0.0111800 secs] [Times: user=0.04 sys=0.00, real=0.01 secs] 
2014-07-08T10:38:41.083+0000: 350.467: [GC [PSYoungGen: 357028K->1014K(346368K)] 454597K->99071K(1033344K), 0.0076580 secs] [Times: user=0.02 sys=0.00, real=0.00 secs] 
2014-07-08T10:38:42.246+0000: 351.631: [GC [PSYoungGen: 346358K->1476K(337024K)] 444415K->99661K(1024000K), 0.0099670 secs] [Times: user=0.01 sys=0.00, real=0.01 secs] 
2014-07-08T10:38:43.145+0000: 352.530: [GC [PSYoungGen: 336964K->1074K(403712K)] 435149K->99675K(1090688K), 0.0334910 secs] [Times: user=0.12 sys=0.01, real=0.03 secs] 
2014-07-08T10:38:44.940+0000: 354.325: [GC [PSYoungGen: 403626K->1348K(484608K)] 502227K->100045K(1171584K), 0.0058980 secs] [Times: user=0.01 sys=0.01, real=0.01 secs] 
2014-07-08T10:38:47.062+0000: 356.447: [GC [PSYoungGen: 484545K->996K(468480K)] 583242K->100333K(1155456K), 0.0049440 secs] [Times: user=0.01 sys=0.00, real=0.01 secs] 
2014-07-08T10:38:49.117+0000: 358.502: [GC [PSYoungGen: 468452K->1426K(453888K)] 567789K->101043K(1140864K), 0.0061240 secs] [Times: user=0.02 sys=0.00, real=0.01 secs] 
2014-07-08T10:38:51.114+0000: 360.498: [GC [PSYoungGen: 453842K->1124K(439168K)] 553459K->101277K(1126144K), 0.0057990 secs] [Times: user=0.01 sys=0.00, real=0.00 secs] 
2014-07-08T10:38:53.157+0000: 362.542: [GC [PSYoungGen: 439094K->1562K(425856K)] 539247K->101923K(1112832K), 0.0102580 secs] [Times: user=0.02 sys=0.00, real=0.01 secs] 
2014-07-08T10:38:55.222+0000: 364.607: [GC [PSYoungGen: 425818K->886K(411968K)] 526179K->101967K(1098944K), 0.0058260 secs] [Times: user=0.01 sys=0.01, real=0.01 secs] 
2014-07-08T10:38:56.943+0000: 366.328: [GC [PSYoungGen: 411955K->1572K(400064K)] 513036K->102821K(1087040K), 0.0070770 secs] [Times: user=0.02 sys=0.00, real=0.01 secs] 
2014-07-08T10:38:58.699+0000: 368.084: [GC [PSYoungGen: 400036K->1124K(387520K)] 501285K->102965K(1074496K), 0.0056250 secs] [Times: user=0.02 sys=0.00, real=0.01 secs] 
2014-07-08T10:39:00.304+0000: 369.688: [GC [PSYoungGen: 387492K->1362K(376192K)] 489333K->103419K(1063168K), 0.0091560 secs] [Times: user=0.02 sys=0.01, real=0.01 secs] 
2014-07-08T10:39:02.223+0000: 371.608: [GC [PSYoungGen: 376146K->1206K(364928K)] 478203K->103623K(1051904K), 0.0047360 secs] [Times: user=0.02 sys=0.00, real=0.01 secs] 
2014-07-08T10:39:04.066+0000: 373.451: [GC [PSYoungGen: 364918K->1440K(354560K)] 467335K->104073K(1041536K), 0.0420380 secs] [Times: user=0.14 sys=0.00, real=0.04 secs] 
2014-07-08T10:39:05.527+0000: 374.912: [GC [PSYoungGen: 354528K->1060K(344000K)] 457161K->104173K(1030976K), 0.0124160 secs] [Times: user=0.02 sys=0.00, real=0.01 secs] 
2014-07-08T10:39:07.229+0000: 376.614: [GC [PSYoungGen: 343942K->1408K(334592K)] 447056K->104665K(1021568K), 0.0196750 secs] [Times: user=0.07 sys=0.00, real=0.02 secs] 
2014-07-08T10:39:15.907+0000: 385.292: [GC [PSYoungGen: 334592K->1152K(324992K)] 437849K->104945K(1011968K), 0.0457800 secs] [Times: user=0.17 sys=0.01, real=0.04 secs] 
2014-07-08T10:39:34.830+0000: 404.214: [GC [PSYoungGen: 324992K->1376K(316288K)] 428785K->105417K(1003264K), 0.0039740 secs] [Times: user=0.01 sys=0.00, real=0.00 secs] 
2014-07-08T10:39:35.156+0000: 404.541: [GC [PSYoungGen: 316256K->1216K(379072K)] 420297K->105809K(1066048K), 0.0134230 secs] [Times: user=0.04 sys=0.01, real=0.02 secs] 
2014-07-08T10:39:35.554+0000: 404.939: [GC [PSYoungGen: 379072K->1184K(454656K)] 483665K->105921K(1141632K), 0.0096520 secs] [Times: user=0.02 sys=0.00, real=0.01 secs] 
2014-07-08T10:39:36.352+0000: 405.737: [GC [PSYoungGen: 454623K->1426K(545600K)] 559361K->106371K(1232576K), 0.0080300 secs] [Times: user=0.02 sys=0.00, real=0.01 secs] 
2014-07-08T10:39:38.601+0000: 407.986: [GC [PSYoungGen: 545554K->1540K(654592K)] 650499K->106717K(1341568K), 0.0230740 secs] [Times: user=0.09 sys=0.00, real=0.02 secs] 
2014-07-08T10:39:50.584+0000: 419.969: [GC [PSYoungGen: 654532K->832K(784448K)] 759709K->107105K(1471424K), 0.0185780 secs] [Times: user=0.07 sys=0.00, real=0.02 secs] 
2014-07-08T10:39:52.343+0000: 421.728: [GC [PSYoungGen: 784448K->1604K(755840K)] 890721K->108477K(1442816K), 0.0101100 secs] [Times: user=0.02 sys=0.00, real=0.01 secs] 
2014-07-08T10:39:55.594+0000: 424.978: [GC [PSYoungGen: 755780K->1458K(727552K)] 862653K->108755K(1414528K), 0.0052860 secs] [Times: user=0.02 sys=0.00, real=0.00 secs] 
2014-07-08T10:39:57.830+0000: 427.215: [GC [PSYoungGen: 727538K->1590K(700928K)] 834835K->109231K(1387904K), 0.0081930 secs] [Times: user=0.02 sys=0.01, real=0.01 secs] 
2014-07-08T10:40:02.502+0000: 431.887: [GC [PSYoungGen: 700918K->932K(674752K)] 808559K->109685K(1361728K), 0.0074510 secs] [Times: user=0.01 sys=0.01, real=0.01 secs] 
2014-07-08T10:40:05.049+0000: 434.434: [GC [PSYoungGen: 674724K->1750K(651264K)] 783477K->110919K(1338240K), 0.0178130 secs] [Times: user=0.06 sys=0.01, real=0.02 secs] 
2014-07-08T10:40:07.683+0000: 437.068: [GC [PSYoungGen: 651222K->1508K(627776K)] 760391K->111093K(1314752K), 0.0459360 secs] [Times: user=0.12 sys=0.01, real=0.05 secs] 
2014-07-08T10:40:10.131+0000: 439.515: [GC [PSYoungGen: 627697K->1476K(605632K)] 737283K->111429K(1292608K), 0.0087660 secs] [Times: user=0.02 sys=0.00, real=0.01 secs] 
2014-07-08T10:40:12.918+0000: 442.302: [GC [PSYoungGen: 605570K->1330K(584320K)] 715524K->111619K(1271296K), 0.0236280 secs] [Times: user=0.07 sys=0.00, real=0.02 secs] 
2014-07-08T10:40:39.415+0000: 468.800: [GC [PSYoungGen: 584304K->1732K(564608K)] 694593K->112309K(1251584K), 0.0309870 secs] [Times: user=0.11 sys=0.01, real=0.03 secs] 
2014-07-08T10:40:40.015+0000: 469.400: [GC [PSYoungGen: 564548K->1124K(544704K)] 675125K->112325K(1231680K), 0.0129030 secs] [Times: user=0.04 sys=0.00, real=0.01 secs] 
2014-07-08T10:40:40.935+0000: 470.320: [GC [PSYoungGen: 544671K->1280K(653568K)] 655872K->112665K(1340544K), 0.0116220 secs] [Times: user=0.04 sys=0.00, real=0.01 secs] 
2014-07-08T10:40:47.811+0000: 477.196: [GC [PSYoungGen: 653568K->1664K(630592K)] 764953K->113257K(1317568K), 0.0043630 secs] [Times: user=0.01 sys=0.00, real=0.00 secs] 
2014-07-08T10:40:55.752+0000: 485.137: [GC [PSYoungGen: 630592K->1394K(608064K)] 742185K->113475K(1295040K), 0.0062020 secs] [Times: user=0.02 sys=0.01, real=0.00 secs] 
2014-07-08T10:40:57.510+0000: 486.895: [GC [PSYoungGen: 608050K->1188K(586624K)] 720131K->113837K(1273600K), 0.0170770 secs] [Times: user=0.05 sys=0.00, real=0.02 secs] 
2014-07-08T10:41:18.311+0000: 507.696: [GC [PSYoungGen: 586596K->1728K(566848K)] 699245K->114697K(1253824K), 0.0075440 secs] [Times: user=0.03 sys=0.00, real=0.01 secs] 
2014-07-08T10:41:30.222+0000: 519.607: [GC [PSYoungGen: 566848K->1330K(547072K)] 679817K->115003K(1234048K), 0.0090410 secs] [Times: user=0.02 sys=0.00, real=0.01 secs] 
2014-07-08T10:41:47.620+0000: 537.005: [GC [PSYoungGen: 547058K->1732K(529024K)] 660731K->115733K(1216000K), 0.0071290 secs] [Times: user=0.02 sys=0.00, real=0.00 secs] 
2014-07-08T10:41:48.647+0000: 538.032: [GC [PSYoungGen: 528964K->1408K(510976K)] 642965K->115825K(1197952K), 0.0091690 secs] [Times: user=0.02 sys=0.00, real=0.01 secs] 
2014-07-08T10:41:49.817+0000: 539.201: [GC [PSYoungGen: 510976K->1330K(494016K)] 625393K->116091K(1180992K), 0.0063080 secs] [Times: user=0.02 sys=0.00, real=0.01 secs] 
2014-07-08T10:41:51.763+0000: 541.148: [GC [PSYoungGen: 493902K->1348K(477952K)] 608663K->116285K(1164928K), 0.0087850 secs] [Times: user=0.02 sys=0.00, real=0.01 secs] 
2014-07-08T10:42:18.035+0000: 567.420: [GC [PSYoungGen: 477892K->1714K(462848K)] 592829K->116891K(1149824K), 0.0314750 secs] [Times: user=0.13 sys=0.00, real=0.03 secs] 
2014-07-08T10:42:44.859+0000: 594.244: [GC [PSYoungGen: 462778K->1252K(447616K)] 577955K->116989K(1134592K), 0.0075540 secs] [Times: user=0.02 sys=0.01, real=0.00 secs] 
2014-07-08T10:42:45.308+0000: 594.693: [GC [PSYoungGen: 447588K->1526K(433728K)] 563325K->117487K(1120704K), 0.0072180 secs] [Times: user=0.02 sys=0.00, real=0.00 secs] 
2014-07-08T10:42:46.123+0000: 595.508: [GC [PSYoungGen: 433718K->1394K(420096K)] 549679K->117547K(1107072K), 0.0110370 secs] [Times: user=0.03 sys=0.00, real=0.01 secs] 
2014-07-08T10:42:47.802+0000: 597.187: [GC [PSYoungGen: 420082K->1408K(407168K)] 536235K->117817K(1094144K), 0.0086570 secs] [Times: user=0.02 sys=0.00, real=0.01 secs] 
2014-07-08T10:43:01.653+0000: 611.038: [GC [PSYoungGen: 407168K->1600K(395008K)] 523577K->118281K(1081984K), 0.0250540 secs] [Times: user=0.09 sys=0.00, real=0.02 secs] 
2014-07-08T10:43:20.376+0000: 629.760: [GC [PSYoungGen: 395008K->1590K(383168K)] 511689K->118679K(1070144K), 0.0075290 secs] [Times: user=0.01 sys=0.01, real=0.00 secs] 
2014-07-08T10:43:20.745+0000: 630.130: [GC [PSYoungGen: 383158K->1074K(459008K)] 500247K->118587K(1145984K), 0.0367040 secs] [Times: user=0.11 sys=0.01, real=0.03 secs] 
2014-07-08T10:43:21.555+0000: 630.940: [GC [PSYoungGen: 458994K->1412K(550976K)] 576507K->119069K(1237952K), 0.0204800 secs] [Times: user=0.05 sys=0.01, real=0.02 secs] 
2014-07-08T10:43:23.532+0000: 632.917: [GC [PSYoungGen: 550916K->1394K(660864K)] 668573K->119291K(1347840K), 0.0251470 secs] [Times: user=0.10 sys=0.00, real=0.03 secs] 
2014-07-08T10:43:43.863+0000: 653.248: [GC [PSYoungGen: 660850K->1960K(793344K)] 778747K->120137K(1480320K), 0.0071530 secs] [Times: user=0.01 sys=0.00, real=0.01 secs] 
2014-07-08T10:43:44.728+0000: 654.113: [GC [PSYoungGen: 793320K->626K(950272K)] 911497K->120099K(1637248K), 0.0086530 secs] [Times: user=0.02 sys=0.00, real=0.00 secs] 
2014-07-08T10:44:07.239+0000: 676.624: [GC [PSYoungGen: 950258K->2226K(1141824K)] 1069731K->121931K(1828800K), 0.0318050 secs] [Times: user=0.12 sys=0.00, real=0.04 secs] 
2014-07-08T10:44:20.085+0000: 689.470: [GC [PSYoungGen: 1141810K->1568K(1094720K)] 1261515K->122161K(1781696K), 0.0074370 secs] [Times: user=0.02 sys=0.01, real=0.01 secs] 
2014-07-08T10:44:47.337+0000: 716.722: [GC [PSYoungGen: 1094688K->1956K(1050880K)] 1215281K->123005K(1737856K), 0.0061000 secs] [Times: user=0.02 sys=0.00, real=0.01 secs] 
2014-07-08T10:44:59.591+0000: 728.976: [GC [PSYoungGen: 1050852K->1206K(1008064K)] 1171901K->123343K(1695040K), 0.0110370 secs] [Times: user=0.03 sys=0.00, real=0.01 secs] 
2014-07-08T10:45:08.053+0000: 737.437: [GC [PSYoungGen: 1008054K->2034K(968832K)] 1130191K->124547K(1655808K), 0.0324930 secs] [Times: user=0.11 sys=0.00, real=0.03 secs] 
2014-07-08T10:45:18.451+0000: 747.836: [GC [PSYoungGen: 968815K->1892K(930560K)] 1091329K->125237K(1617536K), 0.0130740 secs] [Times: user=0.02 sys=0.00, real=0.01 secs] 
2014-07-08T10:45:23.512+0000: 752.897: [GC [PSYoungGen: 930532K->1874K(894272K)] 1053877K->125867K(1581248K), 0.0401370 secs] [Times: user=0.15 sys=0.00, real=0.04 secs] 
2014-07-08T10:45:53.496+0000: 782.881: [GC [PSYoungGen: 894226K->1828K(859648K)] 1018219K->126405K(1546624K), 0.0151350 secs] [Times: user=0.05 sys=0.01, real=0.02 secs] 
2014-07-08T10:45:55.102+0000: 784.487: [GC [PSYoungGen: 859620K->1540K(826432K)] 984197K->126637K(1513408K), 0.0179550 secs] [Times: user=0.06 sys=0.00, real=0.02 secs] 
2014-07-08T10:46:33.952+0000: 823.337: [GC [PSYoungGen: 826371K->1696K(795200K)] 951469K->127105K(1482176K), 0.0069170 secs] [Times: user=0.02 sys=0.00, real=0.01 secs] 
2014-07-08T10:46:44.562+0000: 833.946: [GC [PSYoungGen: 795168K->1618K(765248K)] 920577K->127571K(1452224K), 0.0084840 secs] [Times: user=0.02 sys=0.01, real=0.01 secs] 
2014-07-08T10:46:46.815+0000: 836.200: [GC [PSYoungGen: 765202K->1568K(736640K)] 891155K->127841K(1423616K), 0.0289970 secs] [Times: user=0.10 sys=0.01, real=0.02 secs] 
2014-07-08T10:47:36.671+0000: 886.055: [GC [PSYoungGen: 736608K->1764K(709632K)] 862881K->128493K(1396608K), 0.0089100 secs] [Times: user=0.02 sys=0.00, real=0.01 secs] 
2014-07-08T10:47:37.356+0000: 886.741: [GC [PSYoungGen: 709604K->1522K(683456K)] 836333K->128723K(1370432K), 0.0117030 secs] [Times: user=0.03 sys=0.01, real=0.01 secs] 
2014-07-08T10:47:39.342+0000: 888.726: [GC [PSYoungGen: 683442K->1508K(658752K)] 810643K->128957K(1345728K), 0.0068120 secs] [Times: user=0.02 sys=0.00, real=0.01 secs] 
2014-07-08T10:48:26.096+0000: 935.481: [GC [PSYoungGen: 658724K->1650K(635328K)] 786173K->129403K(1322304K), 0.0090330 secs] [Times: user=0.03 sys=0.00, real=0.01 secs] 
2014-07-08T10:48:35.568+0000: 944.953: [GC [PSYoungGen: 635314K->1554K(612800K)] 763067K->129731K(1299776K), 0.0091710 secs] [Times: user=0.01 sys=0.01, real=0.01 secs] 
2014-07-08T10:48:36.649+0000: 946.034: [GC [PSYoungGen: 612754K->1522K(591296K)] 740931K->130019K(1278272K), 0.0061440 secs] [Times: user=0.02 sys=0.00, real=0.01 secs] 
2014-07-08T10:48:53.974+0000: 963.359: [GC [PSYoungGen: 591282K->1650K(570944K)] 719779K->130435K(1257920K), 0.0081250 secs] [Times: user=0.03 sys=0.00, real=0.01 secs] 
2014-07-08T10:49:22.619+0000: 992.003: [GC [PSYoungGen: 570930K->1444K(551168K)] 699715K->130821K(1238144K), 0.0204070 secs] [Times: user=0.08 sys=0.01, real=0.03 secs] 
2014-07-08T10:49:23.177+0000: 992.562: [GC [PSYoungGen: 551140K->1430K(661120K)] 680517K->131135K(1348096K), 0.0244380 secs] [Times: user=0.09 sys=0.00, real=0.03 secs] 
2014-07-08T10:49:24.967+0000: 994.351: [GC [PSYoungGen: 661078K->1440K(793088K)] 790783K->131345K(1480064K), 0.0258360 secs] [Times: user=0.08 sys=0.00, real=0.03 secs] 
2014-07-08T10:50:21.414+0000: 1050.799: [GC [PSYoungGen: 793056K->1828K(763648K)] 922961K->132029K(1450624K), 0.0074790 secs] [Times: user=0.02 sys=0.00, real=0.01 secs] 
2014-07-08T10:50:22.165+0000: 1051.549: [GC [PSYoungGen: 763620K->1316K(915520K)] 893821K->132221K(1602496K), 0.0101540 secs] [Times: user=0.02 sys=0.01, real=0.01 secs] 
2014-07-08T10:50:34.088+0000: 1063.473: [GC [PSYoungGen: 915492K->1792K(880320K)] 1046397K->132961K(1567296K), 0.0405990 secs] [Times: user=0.16 sys=0.00, real=0.05 secs] 
2014-07-08T10:51:06.470+0000: 1095.855: [GC [PSYoungGen: 880320K->1654K(846272K)] 1011489K->133479K(1533248K), 0.0043950 secs] [Times: user=0.02 sys=0.00, real=0.01 secs] 
2014-07-08T10:51:08.672+0000: 1098.057: [GC [PSYoungGen: 846183K->1554K(813888K)] 978008K->133803K(1500864K), 0.0101160 secs] [Times: user=0.03 sys=0.00, real=0.01 secs] 
2014-07-08T10:51:36.400+0000: 1125.785: [GC [PSYoungGen: 813842K->1778K(783296K)] 946091K->134435K(1470272K), 0.0087140 secs] [Times: user=0.02 sys=0.00, real=0.01 secs] 
2014-07-08T10:51:37.290+0000: 1126.674: [GC [PSYoungGen: 783281K->1444K(939328K)] 915939K->134717K(1626304K), 0.0359250 secs] [Times: user=0.12 sys=0.00, real=0.03 secs] 
2014-07-08T10:51:40.125+0000: 1129.510: [GC [PSYoungGen: 939238K->1536K(1126976K)] 1072512K->135049K(1813952K), 0.0429140 secs] [Times: user=0.15 sys=0.01, real=0.04 secs] 
2014-07-08T10:51:59.331+0000: 1148.716: [GC [PSYoungGen: 1126976K->1988K(1352576K)] 1260489K->135885K(2039552K), 0.0095130 secs] [Times: user=0.02 sys=0.00, real=0.01 secs] 
2014-07-08T10:52:26.290+0000: 1175.675: [GC [PSYoungGen: 1352501K->1472K(1295296K)] 1486399K->136585K(1982272K), 0.0328000 secs] [Times: user=0.12 sys=0.00, real=0.03 secs] 
2014-07-08T10:52:28.292+0000: 1177.677: [GC [PSYoungGen: 1295296K->1846K(1241792K)] 1430409K->137703K(1928768K), 0.0111200 secs] [Times: user=0.02 sys=0.01, real=0.01 secs] 
2014-07-08T10:53:12.302+0000: 1221.687: [GC [PSYoungGen: 1241782K->1938K(1190656K)] 1377639K->138331K(1877632K), 0.0060460 secs] [Times: user=0.02 sys=0.01, real=0.01 secs] 
2014-07-08T10:53:17.290+0000: 1226.675: [GC [PSYoungGen: 1190610K->1956K(1141824K)] 1327003K->139053K(1828800K), 0.0400490 secs] [Times: user=0.16 sys=0.00, real=0.04 secs] 
2014-07-08T10:53:42.942+0000: 1252.327: [GC [PSYoungGen: 1141796K->1458K(1094848K)] 1278893K->139571K(1781824K), 0.0108490 secs] [Times: user=0.02 sys=0.01, real=0.01 secs] 
2014-07-08T10:53:45.338+0000: 1254.723: [GC [PSYoungGen: 1094834K->1732K(1050944K)] 1232947K->140565K(1737920K), 0.0097830 secs] [Times: user=0.02 sys=0.00, real=0.01 secs] 
2014-07-08T10:53:58.856+0000: 1268.241: [GC [PSYoungGen: 1050884K->2002K(1009088K)] 1189717K->141419K(1696064K), 0.0232400 secs] [Times: user=0.07 sys=0.01, real=0.02 secs] 
2014-07-08T10:54:00.179+0000: 1269.564: [GC [PSYoungGen: 1009042K->1458K(968448K)] 1148459K->141699K(1655424K), 0.0109920 secs] [Times: user=0.01 sys=0.01, real=0.01 secs] 
2014-07-08T10:54:29.192+0000: 1298.577: [GC [PSYoungGen: 968434K->1920K(930752K)] 1108675K->142441K(1617728K), 0.0106200 secs] [Times: user=0.03 sys=0.01, real=0.01 secs] 
2014-07-08T10:54:30.330+0000: 1299.714: [GC [PSYoungGen: 930752K->1558K(894080K)] 1071273K->142799K(1581056K), 0.0084160 secs] [Times: user=0.02 sys=0.00, real=0.01 secs] 
2014-07-08T10:54:50.833+0000: 1320.218: [GC [PSYoungGen: 894038K->1760K(859648K)] 1035279K->143273K(1546624K), 0.0052090 secs] [Times: user=0.02 sys=0.00, real=0.01 secs] 
2014-07-08T10:55:03.176+0000: 1332.560: [GC [PSYoungGen: 859616K->1590K(826496K)] 1001129K->143719K(1513472K), 0.0055000 secs] [Times: user=0.01 sys=0.00, real=0.01 secs] 
2014-07-08T10:55:05.558+0000: 1334.943: [GC [PSYoungGen: 826486K->1408K(794880K)] 968615K->143865K(1481856K), 0.0062850 secs] [Times: user=0.02 sys=0.00, real=0.01 secs] 
2014-07-08T10:55:16.810+0000: 1346.195: [GC [PSYoungGen: 794880K->1796K(765440K)] 937337K->144613K(1452416K), 0.0305380 secs] [Times: user=0.10 sys=0.00, real=0.03 secs] 
2014-07-08T10:55:19.256+0000: 1348.640: [GC [PSYoungGen: 765373K->1768K(736832K)] 908191K->145193K(1423808K), 0.0226470 secs] [Times: user=0.09 sys=0.00, real=0.02 secs] 
2014-07-08T10:55:29.178+0000: 1358.563: [GC [PSYoungGen: 736808K->1764K(709632K)] 880233K->145509K(1396608K), 0.0173680 secs] [Times: user=0.06 sys=0.01, real=0.02 secs] 
2014-07-08T10:55:30.293+0000: 1359.678: [GC [PSYoungGen: 709604K->1476K(683456K)] 853349K->145805K(1370432K), 0.0254360 secs] [Times: user=0.08 sys=0.01, real=0.03 secs] 
2014-07-08T10:55:37.774+0000: 1367.159: [GC [PSYoungGen: 683336K->1814K(659072K)] 827665K->146367K(1346048K), 0.0488050 secs] [Times: user=0.19 sys=0.01, real=0.05 secs] 
2014-07-08T10:56:06.305+0000: 1395.690: [GC [PSYoungGen: 659030K->1782K(635456K)] 803583K->146831K(1322432K), 0.0138610 secs] [Times: user=0.05 sys=0.01, real=0.01 secs] 
2014-07-08T10:56:06.967+0000: 1396.352: [GC [PSYoungGen: 635446K->1480K(612736K)] 780495K->146897K(1299712K), 0.0059190 secs] [Times: user=0.02 sys=0.00, real=0.01 secs] 
2014-07-08T10:56:09.128+0000: 1398.513: [GC [PSYoungGen: 612680K->1490K(591296K)] 758097K->147091K(1278272K), 0.0077010 secs] [Times: user=0.02 sys=0.01, real=0.01 secs] 
2014-07-08T10:56:11.440+0000: 1400.825: [GC [PSYoungGen: 591250K->1444K(570752K)] 736851K->147373K(1257728K), 0.0296570 secs] [Times: user=0.11 sys=0.01, real=0.03 secs] 
2014-07-08T10:56:13.145+0000: 1402.529: [GC [PSYoungGen: 570724K->1348K(551104K)] 716653K->147525K(1238080K), 0.0054360 secs] [Times: user=0.02 sys=0.00, real=0.00 secs] 
2014-07-08T10:56:15.261+0000: 1404.645: [GC [PSYoungGen: 551044K->1394K(532416K)] 697221K->147787K(1219392K), 0.0090900 secs] [Times: user=0.02 sys=0.00, real=0.01 secs] 
2014-07-08T10:56:20.302+0000: 1409.686: [GC [PSYoungGen: 532366K->1782K(514944K)] 678760K->148359K(1201920K), 0.0303310 secs] [Times: user=0.12 sys=0.00, real=0.04 secs] 
2014-07-08T10:56:45.122+0000: 1434.507: [GC [PSYoungGen: 514934K->1522K(497664K)] 661511K->148499K(1184640K), 0.0078520 secs] [Times: user=0.02 sys=0.00, real=0.01 secs] 
2014-07-08T10:56:45.987+0000: 1435.372: [GC [PSYoungGen: 497650K->1412K(481280K)] 644627K->148645K(1168256K), 0.0054110 secs] [Times: user=0.02 sys=0.00, real=0.00 secs] 
2014-07-08T10:56:47.841+0000: 1437.226: [GC [PSYoungGen: 481155K->1376K(465664K)] 628389K->148865K(1152640K), 0.0161890 secs] [Times: user=0.06 sys=0.01, real=0.02 secs] 
2014-07-08T10:56:49.883+0000: 1439.268: [GC [PSYoungGen: 465632K->1348K(450752K)] 613121K->149133K(1137728K), 0.0154290 secs] [Times: user=0.05 sys=0.00, real=0.02 secs] 
2014-07-08T10:56:51.461+0000: 1440.846: [GC [PSYoungGen: 450692K->1266K(436352K)] 598477K->149259K(1123328K), 0.0179930 secs] [Times: user=0.05 sys=0.00, real=0.02 secs] 
2014-07-08T10:57:03.092+0000: 1452.477: [GC [PSYoungGen: 436338K->1554K(423040K)] 584331K->149731K(1110016K), 0.0076270 secs] [Times: user=0.02 sys=0.01, real=0.01 secs] 
2014-07-08T10:57:35.985+0000: 1485.370: [GC [PSYoungGen: 422994K->1558K(409984K)] 571171K->150063K(1096960K), 0.0289590 secs] [Times: user=0.11 sys=0.00, real=0.03 secs] 
2014-07-08T10:57:36.427+0000: 1485.812: [GC [PSYoungGen: 409942K->1188K(491328K)] 558447K->150157K(1178304K), 0.0137310 secs] [Times: user=0.05 sys=0.00, real=0.01 secs] 
2014-07-08T10:57:36.998+0000: 1486.383: [GC [PSYoungGen: 491294K->1394K(589568K)] 640264K->150571K(1276544K), 0.0231630 secs] [Times: user=0.09 sys=0.01, real=0.02 secs] 
2014-07-08T10:57:40.048+0000: 1489.432: [GC [PSYoungGen: 589554K->1600K(707392K)] 738731K->151001K(1394368K), 0.0326080 secs] [Times: user=0.13 sys=0.01, real=0.03 secs] 
2014-07-08T10:57:47.805+0000: 1497.190: [GC [PSYoungGen: 707392K->1664K(848640K)] 856793K->151417K(1535616K), 0.0124630 secs] [Times: user=0.02 sys=0.01, real=0.01 secs] 
2014-07-08T10:57:55.877+0000: 1505.262: [GC [PSYoungGen: 848548K->882K(1017280K)] 998302K->151899K(1704256K), 0.0220700 secs] [Times: user=0.08 sys=0.00, real=0.02 secs] 
2014-07-08T10:58:00.550+0000: 1509.935: [GC [PSYoungGen: 1017238K->2116K(978048K)] 1168255K->153637K(1665024K), 0.0339400 secs] [Times: user=0.11 sys=0.00, real=0.03 secs] 
2014-07-08T10:58:51.379+0000: 1560.764: [GC [PSYoungGen: 977988K->1462K(938752K)] 1129509K->154015K(1625728K), 0.0272520 secs] [Times: user=0.10 sys=0.00, real=0.03 secs] 
2014-07-08T10:58:53.047+0000: 1562.431: [GC [PSYoungGen: 938742K->1504K(902080K)] 1091295K->154497K(1589056K), 0.0058840 secs] [Times: user=0.02 sys=0.00, real=0.00 secs] 
2014-07-08T10:59:15.121+0000: 1584.506: [GC [PSYoungGen: 902048K->1792K(867328K)] 1055041K->155161K(1554304K), 0.0243560 secs] [Times: user=0.09 sys=0.00, real=0.02 secs] 
2014-07-08T10:59:16.091+0000: 1585.476: [GC [PSYoungGen: 867328K->1572K(833792K)] 1020697K->155573K(1520768K), 0.0229000 secs] [Times: user=0.06 sys=0.01, real=0.02 secs] 
2014-07-08T10:59:18.807+0000: 1588.192: [GC [PSYoungGen: 833764K->1618K(802112K)] 987765K->155915K(1489088K), 0.0217460 secs] [Times: user=0.08 sys=0.01, real=0.02 secs] 
2014-07-08T10:59:23.456+0000: 1592.841: [GC [PSYoungGen: 802066K->1800K(772032K)] 956363K->156481K(1459008K), 0.0071580 secs] [Times: user=0.02 sys=0.00, real=0.01 secs] 
2014-07-08T10:59:44.382+0000: 1613.767: [GC [PSYoungGen: 771976K->1252K(742656K)] 926657K->156717K(1429632K), 0.0066760 secs] [Times: user=0.02 sys=0.00, real=0.01 secs] 
2014-07-08T10:59:48.215+0000: 1617.600: [GC [PSYoungGen: 742628K->1842K(715776K)] 898093K->157651K(1402752K), 0.0079680 secs] [Times: user=0.02 sys=0.01, real=0.00 secs] 
2014-07-08T10:59:49.769+0000: 1619.154: [GC [PSYoungGen: 715762K->1558K(689344K)] 871571K->158023K(1376320K), 0.0238430 secs] [Times: user=0.09 sys=0.00, real=0.02 secs] 
2014-07-08T10:59:52.264+0000: 1621.649: [GC [PSYoungGen: 689302K->1408K(664192K)] 845767K->158161K(1351168K), 0.0079520 secs] [Times: user=0.02 sys=0.01, real=0.00 secs] 
2014-07-08T11:00:06.427+0000: 1635.812: [GC [PSYoungGen: 664192K->1686K(640704K)] 820945K->158751K(1327680K), 0.0084100 secs] [Times: user=0.03 sys=0.00, real=0.00 secs] 
2014-07-08T11:00:38.414+0000: 1667.799: [GC [PSYoungGen: 640662K->1814K(618112K)] 797727K->159279K(1305088K), 0.0129530 secs] [Times: user=0.01 sys=0.00, real=0.01 secs] 
2014-07-08T11:00:39.167+0000: 1668.552: [GC [PSYoungGen: 618067K->1060K(595648K)] 775533K->159181K(1282624K), 0.0079890 secs] [Times: user=0.03 sys=0.01, real=0.01 secs] 
2014-07-08T11:00:41.424+0000: 1670.808: [GC [PSYoungGen: 595620K->1504K(575360K)] 753741K->159849K(1262336K), 0.0218080 secs] [Times: user=0.07 sys=0.00, real=0.02 secs] 
2014-07-08T11:01:11.140+0000: 1700.525: [GC [PSYoungGen: 575328K->1764K(555840K)] 733673K->160501K(1242816K), 0.0424270 secs] [Times: user=0.16 sys=0.01, real=0.04 secs] 
2014-07-08T11:01:11.765+0000: 1701.150: [GC [PSYoungGen: 555812K->1412K(666368K)] 714549K->160589K(1353344K), 0.0157010 secs] [Times: user=0.04 sys=0.01, real=0.02 secs] 
2014-07-08T11:01:14.125+0000: 1703.510: [GC [PSYoungGen: 666308K->1124K(642112K)] 825485K->160829K(1329088K), 0.0081890 secs] [Times: user=0.02 sys=0.00, real=0.01 secs] 
2014-07-08T11:01:44.477+0000: 1733.862: [GC [PSYoungGen: 642084K->1860K(620032K)] 801789K->161901K(1307008K), 0.0085480 secs] [Times: user=0.02 sys=0.01, real=0.01 secs] 
2014-07-08T11:01:45.065+0000: 1734.449: [GC [PSYoungGen: 619972K->1316K(597696K)] 780013K->161885K(1284672K), 0.0093920 secs] [Times: user=0.03 sys=0.01, real=0.01 secs] 
2014-07-08T11:01:46.887+0000: 1736.272: [GC [PSYoungGen: 597668K->1714K(717376K)] 758237K->162451K(1404352K), 0.0256010 secs] [Times: user=0.08 sys=0.00, real=0.03 secs] 
2014-07-08T11:02:22.165+0000: 1771.550: [GC [PSYoungGen: 717362K->1338K(690688K)] 878099K->162979K(1377664K), 0.0070240 secs] [Times: user=0.03 sys=0.00, real=0.01 secs] 
2014-07-08T11:02:22.843+0000: 1772.227: [GC [PSYoungGen: 690682K->1572K(665920K)] 852323K->163701K(1352896K), 0.0077770 secs] [Times: user=0.02 sys=0.00, real=0.01 secs] 
2014-07-08T11:02:24.232+0000: 1773.617: [GC [PSYoungGen: 665892K->1426K(641920K)] 828021K->163891K(1328896K), 0.0078880 secs] [Times: user=0.02 sys=0.00, real=0.01 secs] 
2014-07-08T11:02:37.054+0000: 1786.439: [GC [PSYoungGen: 641874K->1618K(619328K)] 804339K->164363K(1306304K), 0.0173260 secs] [Times: user=0.05 sys=0.01, real=0.02 secs] 
2014-07-08T11:02:38.440+0000: 1787.825: [GC [PSYoungGen: 619282K->1508K(597440K)] 782027K->164693K(1284416K), 0.0153730 secs] [Times: user=0.05 sys=0.01, real=0.01 secs] 
2014-07-08T11:02:52.421+0000: 1801.806: [GC [PSYoungGen: 597412K->1718K(576896K)] 760597K->165167K(1263872K), 0.0070820 secs] [Times: user=0.02 sys=0.00, real=0.01 secs] 
2014-07-08T11:03:21.501+0000: 1830.886: [GC [PSYoungGen: 576886K->1394K(556736K)] 740335K->165267K(1243712K), 0.0097510 secs] [Times: user=0.02 sys=0.00, real=0.01 secs] 
2014-07-08T11:03:22.049+0000: 1831.433: [GC [PSYoungGen: 556719K->1394K(667840K)] 720593K->165563K(1354816K), 0.0207510 secs] [Times: user=0.07 sys=0.00, real=0.02 secs] 
2014-07-08T11:03:23.920+0000: 1833.305: [GC [PSYoungGen: 667826K->1426K(801216K)] 831995K->165763K(1488192K), 0.0075540 secs] [Times: user=0.03 sys=0.00, real=0.01 secs] 
2014-07-08T11:04:05.486+0000: 1874.871: [GC [PSYoungGen: 801168K->2024K(771584K)] 965506K->166641K(1458560K), 0.0251770 secs] [Times: user=0.09 sys=0.00, real=0.02 secs] 
2014-07-08T11:04:06.839+0000: 1876.224: [GC [PSYoungGen: 771523K->1014K(924480K)] 936141K->166735K(1611456K), 0.0353290 secs] [Times: user=0.12 sys=0.01, real=0.04 secs] 
2014-07-08T11:04:54.442+0000: 1923.827: [GC [PSYoungGen: 924470K->1856K(889216K)] 1090191K->167945K(1576192K), 0.0406430 secs] [Times: user=0.16 sys=0.00, real=0.04 secs] 
2014-07-08T11:05:05.880+0000: 1935.265: [GC [PSYoungGen: 889216K->1732K(854784K)] 1055305K->168469K(1541760K), 0.0109260 secs] [Times: user=0.02 sys=0.00, real=0.01 secs] 
2014-07-08T11:05:08.194+0000: 1937.579: [GC [PSYoungGen: 854724K->1472K(821760K)] 1021461K->168601K(1508736K), 0.0259480 secs] [Times: user=0.08 sys=0.01, real=0.02 secs] 
2014-07-08T11:06:06.357+0000: 1995.742: [GC [PSYoungGen: 821760K->1394K(790528K)] 988889K->169315K(1477504K), 0.0233740 secs] [Times: user=0.08 sys=0.00, real=0.02 secs] 
2014-07-08T11:06:07.263+0000: 1996.648: [GC [PSYoungGen: 790514K->1864K(948864K)] 958435K->170353K(1635840K), 0.0227510 secs] [Times: user=0.07 sys=0.00, real=0.02 secs] 
2014-07-08T11:06:35.348+0000: 2024.733: [GC [PSYoungGen: 948808K->1586K(911360K)] 1117297K->170595K(1598336K), 0.0091880 secs] [Times: user=0.03 sys=0.00, real=0.01 secs] 
2014-07-08T11:06:58.913+0000: 2048.298: [GC [PSYoungGen: 911346K->1600K(875968K)] 1080355K->171201K(1562944K), 0.0073470 secs] [Times: user=0.02 sys=0.00, real=0.01 secs] 
2014-07-08T11:07:02.204+0000: 2051.589: [GC [PSYoungGen: 875968K->1650K(842304K)] 1045569K->171651K(1529280K), 0.0287760 secs] [Times: user=0.11 sys=0.00, real=0.03 secs] 
2014-07-08T11:07:53.212+0000: 2102.597: [GC [PSYoungGen: 842290K->1810K(810368K)] 1012291K->172259K(1497344K), 0.0255380 secs] [Times: user=0.09 sys=0.01, real=0.03 secs] 
2014-07-08T11:07:54.500+0000: 2103.884: [GC [PSYoungGen: 810322K->1408K(779328K)] 980771K->172337K(1466304K), 0.0108430 secs] [Times: user=0.04 sys=0.00, real=0.01 secs] 
2014-07-08T11:08:25.500+0000: 2134.884: [GC [PSYoungGen: 779327K->2056K(750848K)] 950257K->173313K(1437824K), 0.0215830 secs] [Times: user=0.08 sys=0.00, real=0.02 secs] 
2014-07-08T11:08:35.878+0000: 2145.263: [GC [PSYoungGen: 750766K->1274K(722176K)] 922024K->173515K(1409152K), 0.0079530 secs] [Times: user=0.03 sys=0.00, real=0.01 secs] 
2014-07-08T11:08:37.612+0000: 2146.997: [GC [PSYoungGen: 722170K->1536K(695936K)] 894411K->174129K(1382912K), 0.0068620 secs] [Times: user=0.02 sys=0.00, real=0.01 secs] 
2014-07-08T11:09:12.925+0000: 2182.310: [GC [PSYoungGen: 695936K->1664K(670784K)] 868529K->174665K(1357760K), 0.0117910 secs] [Times: user=0.02 sys=0.00, real=0.01 secs] 
2014-07-08T11:09:13.610+0000: 2182.994: [GC [PSYoungGen: 670784K->1426K(646464K)] 843785K->174923K(1333440K), 0.0080280 secs] [Times: user=0.02 sys=0.00, real=0.01 secs] 
2014-07-08T11:09:14.998+0000: 2184.382: [GC [PSYoungGen: 646418K->1426K(623424K)] 819915K->175171K(1310400K), 0.0085030 secs] [Times: user=0.02 sys=0.00, real=0.01 secs] 
2014-07-08T11:09:33.031+0000: 2202.416: [GC [PSYoungGen: 623378K->1714K(601728K)] 797123K->175715K(1288704K), 0.0125290 secs] [Times: user=0.04 sys=0.00, real=0.02 secs] 
2014-07-08T11:09:33.671+0000: 2203.056: [GC [PSYoungGen: 601714K->1408K(580480K)] 775715K->175945K(1267456K), 0.0121430 secs] [Times: user=0.01 sys=0.00, real=0.02 secs] 
2014-07-08T11:09:34.715+0000: 2204.099: [GC [PSYoungGen: 580480K->1412K(560512K)] 755017K->176197K(1247488K), 0.0066660 secs] [Times: user=0.01 sys=0.00, real=0.00 secs] 
2014-07-08T11:09:49.140+0000: 2218.525: [GC [PSYoungGen: 560451K->1632K(541632K)] 735237K->176641K(1228608K), 0.0072920 secs] [Times: user=0.02 sys=0.00, real=0.01 secs] 
2014-07-08T11:09:53.948+0000: 2223.333: [GC [PSYoungGen: 541600K->1626K(523392K)] 716609K->177067K(1210368K), 0.0068550 secs] [Times: user=0.02 sys=0.01, real=0.00 secs] 
2014-07-08T11:09:54.536+0000: 2223.921: [GC [PSYoungGen: 523354K->1316K(505664K)] 698795K->177125K(1192640K), 0.0098870 secs] [Times: user=0.02 sys=0.00, real=0.01 secs] 
2014-07-08T11:09:57.176+0000: 2226.561: [GC [PSYoungGen: 505630K->1704K(489408K)] 681440K->177649K(1176384K), 0.0120260 secs] [Times: user=0.04 sys=0.00, real=0.01 secs] 
2014-07-08T11:10:32.605+0000: 2261.990: [GC [PSYoungGen: 489384K->1330K(473088K)] 665329K->177795K(1160064K), 0.0060130 secs] [Times: user=0.02 sys=0.00, real=0.00 secs] 
2014-07-08T11:10:34.462+0000: 2263.847: [GC [PSYoungGen: 473074K->1490K(458048K)] 649539K->178235K(1145024K), 0.0339270 secs] [Times: user=0.13 sys=0.01, real=0.03 secs] 
2014-07-08T11:10:35.081+0000: 2264.466: [GC [PSYoungGen: 458002K->1252K(549120K)] 634747K->178253K(1236096K), 0.0151400 secs] [Times: user=0.05 sys=0.01, real=0.02 secs] 
2014-07-08T11:10:37.575+0000: 2266.960: [GC [PSYoungGen: 549092K->1504K(658944K)] 726093K->178649K(1345920K), 0.0072810 secs] [Times: user=0.02 sys=0.00, real=0.01 secs] 
2014-07-08T11:11:09.096+0000: 2298.481: [GC [PSYoungGen: 658912K->1572K(635456K)] 836057K->179229K(1322432K), 0.0099060 secs] [Times: user=0.03 sys=0.00, real=0.01 secs] 
2014-07-08T11:11:09.699+0000: 2299.084: [GC [PSYoungGen: 635428K->1216K(761856K)] 813085K->179265K(1448832K), 0.0142880 secs] [Times: user=0.05 sys=0.00, real=0.01 secs] 
2014-07-08T11:11:12.186+0000: 2301.571: [GC [PSYoungGen: 761856K->1522K(733824K)] 939905K->179731K(1420800K), 0.0076450 secs] [Times: user=0.01 sys=0.00, real=0.01 secs] 
2014-07-08T11:11:36.452+0000: 2325.837: [GC [PSYoungGen: 733810K->1792K(707008K)] 912019K->180377K(1393984K), 0.0166440 secs] [Times: user=0.07 sys=0.00, real=0.01 secs] 
2014-07-08T11:11:37.689+0000: 2327.074: [GC [PSYoungGen: 707008K->1202K(847488K)] 885593K->180595K(1534464K), 0.0385200 secs] [Times: user=0.15 sys=0.01, real=0.04 secs] 
2014-07-08T11:12:09.341+0000: 2358.726: [GC [PSYoungGen: 847455K->1956K(815872K)] 1026848K->181629K(1502848K), 0.0234750 secs] [Times: user=0.09 sys=0.00, real=0.02 secs] 
2014-07-08T11:12:19.649+0000: 2369.034: [GC [PSYoungGen: 815844K->1490K(784576K)] 995517K->181763K(1471552K), 0.0163000 secs] [Times: user=0.05 sys=0.00, real=0.01 secs] 
2014-07-08T11:12:21.784+0000: 2371.169: [GC [PSYoungGen: 784530K->1522K(755136K)] 964803K->182139K(1442112K), 0.0078640 secs] [Times: user=0.02 sys=0.00, real=0.01 secs] 
2014-07-08T11:12:58.045+0000: 2407.429: [GC [PSYoungGen: 755122K->1718K(727296K)] 935739K->182751K(1414272K), 0.0180680 secs] [Times: user=0.05 sys=0.00, real=0.01 secs] 
2014-07-08T11:12:58.843+0000: 2408.228: [GC [PSYoungGen: 727286K->1394K(700224K)] 908319K->182979K(1387200K), 0.0102410 secs] [Times: user=0.02 sys=0.00, real=0.01 secs] 
2014-07-08T11:13:02.119+0000: 2411.503: [GC [PSYoungGen: 700209K->1782K(675136K)] 881795K->183639K(1362112K), 0.0142750 secs] [Times: user=0.04 sys=0.00, real=0.01 secs] 
2014-07-08T11:13:44.235+0000: 2453.620: [GC [PSYoungGen: 675110K->1796K(650880K)] 856967K->184109K(1337856K), 0.0086460 secs] [Times: user=0.02 sys=0.00, real=0.01 secs] 
2014-07-08T11:13:44.941+0000: 2454.326: [GC [PSYoungGen: 650820K->1380K(627264K)] 833133K->184183K(1314240K), 0.0084730 secs] [Times: user=0.03 sys=0.00, real=0.00 secs] 
2014-07-08T11:13:47.214+0000: 2456.599: [GC [PSYoungGen: 627194K->1568K(605312K)] 809998K->184587K(1292288K), 0.0088250 secs] [Times: user=0.02 sys=0.00, real=0.01 secs] 
2014-07-08T11:14:13.679+0000: 2483.064: [GC [PSYoungGen: 605280K->1714K(584320K)] 788299K->185181K(1271296K), 0.0077140 secs] [Times: user=0.03 sys=0.01, real=0.01 secs] 
2014-07-08T11:14:14.302+0000: 2483.686: [GC [PSYoungGen: 584209K->1480K(563968K)] 767676K->185427K(1250944K), 0.0049170 secs] [Times: user=0.02 sys=0.00, real=0.01 secs] 
2014-07-08T11:14:15.014+0000: 2484.399: [GC [PSYoungGen: 563912K->1298K(544512K)] 747859K->185485K(1231488K), 0.0063480 secs] [Times: user=0.02 sys=0.00, real=0.01 secs] 
2014-07-08T11:14:17.139+0000: 2486.524: [GC [PSYoungGen: 544464K->1440K(526272K)] 728652K->185787K(1213248K), 0.0083370 secs] [Times: user=0.02 sys=0.00, real=0.01 secs] 
2014-07-08T11:14:27.752+0000: 2497.137: [GC [PSYoungGen: 526240K->1650K(508928K)] 710587K->186357K(1195904K), 0.0054910 secs] [Times: user=0.02 sys=0.00, real=0.01 secs] 
2014-07-08T11:15:09.161+0000: 2538.546: [GC [PSYoungGen: 508913K->1408K(491904K)] 693621K->186539K(1178880K), 0.0066230 secs] [Times: user=0.02 sys=0.00, real=0.01 secs] 
2014-07-08T11:15:14.251+0000: 2543.636: [GC [PSYoungGen: 491904K->1458K(475904K)] 677035K->186821K(1162880K), 0.0060320 secs] [Times: user=0.01 sys=0.00, real=0.01 secs] 
2014-07-08T11:15:15.260+0000: 2544.645: [GC [PSYoungGen: 475848K->1626K(460736K)] 661211K->187229K(1147712K), 0.0084440 secs] [Times: user=0.02 sys=0.00, real=0.01 secs] 
2014-07-08T11:15:17.632+0000: 2547.017: [GC [PSYoungGen: 460695K->1280K(445696K)] 646299K->187339K(1132672K), 0.0104610 secs] [Times: user=0.04 sys=0.00, real=0.01 secs] 
2014-07-08T11:15:55.014+0000: 2584.399: [GC [PSYoungGen: 445696K->1636K(432064K)] 631755K->188087K(1119040K), 0.0391600 secs] [Times: user=0.15 sys=0.00, real=0.04 secs] 
2014-07-08T11:16:52.754+0000: 2642.138: [GC [PSYoungGen: 432036K->1334K(418304K)] 618487K->188185K(1105280K), 0.0076240 secs] [Times: user=0.02 sys=0.00, real=0.01 secs] 
2014-07-08T11:16:53.145+0000: 2642.529: [GC [PSYoungGen: 418294K->1690K(502080K)] 605145K->188725K(1189056K), 0.0242400 secs] [Times: user=0.10 sys=0.00, real=0.02 secs] 
2014-07-08T11:16:54.179+0000: 2643.564: [GC [PSYoungGen: 502042K->1202K(601664K)] 689077K->188725K(1288640K), 0.0057750 secs] [Times: user=0.03 sys=0.00, real=0.01 secs] 
2014-07-08T11:17:02.612+0000: 2651.996: [GC [PSYoungGen: 601646K->1914K(722496K)] 789170K->189693K(1409472K), 0.0474470 secs] [Times: user=0.18 sys=0.00, real=0.04 secs] 
2014-07-08T11:18:24.207+0000: 2733.592: [GC [PSYoungGen: 722490K->1024K(695104K)] 910269K->189699K(1382080K), 0.0245520 secs] [Times: user=0.09 sys=0.01, real=0.02 secs] 
2014-07-08T11:18:24.877+0000: 2734.262: [GC [PSYoungGen: 695104K->1622K(834560K)] 883779K->190625K(1521536K), 0.0492590 secs] [Times: user=0.18 sys=0.00, real=0.05 secs] 
2014-07-08T11:18:28.586+0000: 2737.971: [GC [PSYoungGen: 834518K->1714K(1001216K)] 1023521K->191069K(1688192K), 0.0108230 secs] [Times: user=0.03 sys=0.00, real=0.01 secs] 
2014-07-08T11:19:09.184+0000: 2778.569: [GC [PSYoungGen: 1001202K->1746K(1201216K)] 1190557K->191709K(1888192K), 0.0090000 secs] [Times: user=0.02 sys=0.00, real=0.01 secs] 
2014-07-08T11:19:34.390+0000: 2803.775: [GC [PSYoungGen: 1201169K->1010K(1440384K)] 1391133K->192245K(2127360K), 0.0311550 secs] [Times: user=0.11 sys=0.00, real=0.03 secs] 
2014-07-08T11:20:03.140+0000: 2832.525: [GC [PSYoungGen: 1440370K->2016K(1380416K)] 1631605K->193891K(2067392K), 0.0240370 secs] [Times: user=0.08 sys=0.00, real=0.02 secs] 
2014-07-08T11:20:40.881+0000: 2870.266: [GC [PSYoungGen: 1380384K->1704K(1322048K)] 1572259K->194723K(2009024K), 0.0120370 secs] [Times: user=0.02 sys=0.00, real=0.01 secs] 
2014-07-08T11:20:44.779+0000: 2874.163: [GC [PSYoungGen: 1322024K->1842K(1266944K)] 1515043K->195679K(1953920K), 0.0264320 secs] [Times: user=0.10 sys=0.01, real=0.03 secs] 
2014-07-08T11:20:55.178+0000: 2884.563: [GC [PSYoungGen: 1266930K->1874K(1214464K)] 1460767K->196319K(1901440K), 0.0326170 secs] [Times: user=0.11 sys=0.01, real=0.03 secs] 
2014-07-08T11:21:24.804+0000: 2914.188: [GC [PSYoungGen: 1214418K->2176K(1164736K)] 1408863K->197333K(1851712K), 0.0382080 secs] [Times: user=0.14 sys=0.00, real=0.04 secs] 
2014-07-08T11:21:47.364+0000: 2936.749: [GC [PSYoungGen: 1164736K->1088K(1116096K)] 1359893K->197981K(1803072K), 0.0313950 secs] [Times: user=0.11 sys=0.00, real=0.03 secs] 
2014-07-08T11:22:13.525+0000: 2962.910: [GC [PSYoungGen: 1116096K->2276K(1072064K)] 1312989K->200009K(1759040K), 0.0091070 secs] [Times: user=0.03 sys=0.00, real=0.01 secs] 
2014-07-08T11:22:39.624+0000: 2989.009: [GC [PSYoungGen: 1072036K->1938K(1028672K)] 1269769K->200559K(1715648K), 0.0225100 secs] [Times: user=0.08 sys=0.00, real=0.02 secs] 
2014-07-08T11:22:50.773+0000: 3000.158: [GC [PSYoungGen: 1028626K->2038K(987712K)] 1227247K->201331K(1674688K), 0.0214610 secs] [Times: user=0.08 sys=0.00, real=0.03 secs] 
2014-07-08T11:23:14.706+0000: 3024.091: [GC [PSYoungGen: 987702K->1650K(948288K)] 1186995K->201879K(1635264K), 0.0449930 secs] [Times: user=0.15 sys=0.01, real=0.05 secs] 
2014-07-08T11:23:16.712+0000: 3026.096: [GC [PSYoungGen: 948274K->1682K(911168K)] 1148503K->202535K(1598144K), 0.0227530 secs] [Times: user=0.08 sys=0.00, real=0.02 secs] 
2014-07-08T11:23:20.083+0000: 3029.467: [GC [PSYoungGen: 911117K->1554K(875648K)] 1111971K->202935K(1562624K), 0.0319070 secs] [Times: user=0.11 sys=0.00, real=0.03 secs] 
2014-07-08T11:23:41.065+0000: 3050.450: [GC [PSYoungGen: 875583K->1910K(842240K)] 1076965K->203715K(1529216K), 0.0379630 secs] [Times: user=0.14 sys=0.00, real=0.04 secs] 
2014-07-08T11:23:43.254+0000: 3052.639: [GC [PSYoungGen: 842230K->1426K(809664K)] 1044035K->203839K(1496640K), 0.0073320 secs] [Times: user=0.02 sys=0.00, real=0.00 secs] 
2014-07-08T11:23:46.096+0000: 3055.481: [GC [PSYoungGen: 809610K->1608K(779264K)] 1012024K->204309K(1466240K), 0.0055540 secs] [Times: user=0.02 sys=0.00, real=0.00 secs] 
2014-07-08T11:24:15.967+0000: 3085.352: [GC [PSYoungGen: 779208K->1924K(750400K)] 981909K->204977K(1437376K), 0.0482310 secs] [Times: user=0.19 sys=0.00, real=0.04 secs] 
2014-07-08T11:24:29.435+0000: 3098.819: [GC [PSYoungGen: 750340K->1458K(722112K)] 953393K->205071K(1409088K), 0.0066890 secs] [Times: user=0.02 sys=0.00, real=0.01 secs] 
2014-07-08T11:24:31.601+0000: 3100.986: [GC [PSYoungGen: 722098K->1572K(695744K)] 925711K->205513K(1382720K), 0.0173090 secs] [Times: user=0.06 sys=0.00, real=0.01 secs] 
2014-07-08T11:25:04.585+0000: 3133.970: [GC [PSYoungGen: 695716K->1796K(670720K)] 899657K->206073K(1357696K), 0.0057950 secs] [Times: user=0.02 sys=0.00, real=0.00 secs] 
2014-07-08T11:25:21.146+0000: 3150.530: [GC [PSYoungGen: 670660K->1636K(646400K)] 874937K->206473K(1333376K), 0.0111560 secs] [Times: user=0.02 sys=0.01, real=0.02 secs] 
2014-07-08T11:25:22.963+0000: 3152.348: [GC [PSYoungGen: 646372K->1636K(623424K)] 851209K->206777K(1310400K), 0.0153950 secs] [Times: user=0.02 sys=0.00, real=0.02 secs] 
2014-07-08T11:25:55.584+0000: 3184.969: [GC [PSYoungGen: 623396K->1632K(601472K)] 828537K->207101K(1288448K), 0.0350330 secs] [Times: user=0.14 sys=0.00, real=0.03 secs] 
2014-07-08T11:26:50.119+0000: 3239.504: [GC [PSYoungGen: 601440K->1704K(580608K)] 806909K->207605K(1267584K), 0.0268460 secs] [Times: user=0.10 sys=0.00, real=0.03 secs] 
2014-07-08T11:26:50.862+0000: 3240.247: [GC [PSYoungGen: 580523K->1654K(696320K)] 786425K->207859K(1383296K), 0.0250110 secs] [Times: user=0.08 sys=0.00, real=0.02 secs] 
2014-07-08T11:26:57.015+0000: 3246.400: [GC [PSYoungGen: 696310K->1714K(671104K)] 902515K->208119K(1358080K), 0.0331950 secs] [Times: user=0.13 sys=0.00, real=0.03 secs] 
2014-07-08T11:28:00.870+0000: 3310.255: [GC [PSYoungGen: 671090K->1384K(646656K)] 877495K->208565K(1333632K), 0.0066730 secs] [Times: user=0.02 sys=0.00, real=0.01 secs] 
2014-07-08T11:28:01.469+0000: 3310.854: [GC [PSYoungGen: 646632K->1608K(776000K)] 853813K->209093K(1462976K), 0.0311940 secs] [Times: user=0.12 sys=0.00, real=0.03 secs] 
2014-07-08T11:28:04.252+0000: 3313.637: [GC [PSYoungGen: 775944K->1814K(931072K)] 983429K->209539K(1618048K), 0.0510560 secs] [Times: user=0.20 sys=0.01, real=0.05 secs] 
2014-07-08T11:28:29.618+0000: 3339.003: [GC [PSYoungGen: 931030K->1664K(1116736K)] 1138755K->209837K(1803712K), 0.0055340 secs] [Times: user=0.01 sys=0.00, real=0.00 secs] 
2014-07-08T11:28:34.213+0000: 3343.597: [GC [PSYoungGen: 1116669K->1270K(1339392K)] 1324842K->210587K(2026368K), 0.0246860 secs] [Times: user=0.10 sys=0.00, real=0.03 secs] 
2014-07-08T11:28:58.669+0000: 3368.054: [GC [PSYoungGen: 1339382K->1928K(1284032K)] 1548699K->211741K(1971008K), 0.0246160 secs] [Times: user=0.09 sys=0.00, real=0.03 secs] 
2014-07-08T11:29:04.357+0000: 3373.741: [GC [PSYoungGen: 1283976K->1768K(1230528K)] 1493789K->212341K(1917504K), 0.0360400 secs] [Times: user=0.14 sys=0.00, real=0.04 secs] 
2014-07-08T11:29:44.843+0000: 3414.228: [GC [PSYoungGen: 1230504K->2002K(1180032K)] 1441077K->213231K(1867008K), 0.0261160 secs] [Times: user=0.10 sys=0.00, real=0.03 secs] 
2014-07-08T11:29:47.327+0000: 3416.712: [GC [PSYoungGen: 1179986K->1600K(1131264K)] 1391215K->213677K(1818240K), 0.0351420 secs] [Times: user=0.12 sys=0.00, real=0.03 secs] 
2014-07-08T11:30:54.067+0000: 3483.452: [GC [PSYoungGen: 1131264K->2034K(1085760K)] 1343341K->214679K(1772736K), 0.0095990 secs] [Times: user=0.03 sys=0.00, real=0.00 secs] 
2014-07-08T11:30:56.661+0000: 3486.046: [GC [PSYoungGen: 1085746K->1728K(1041728K)] 1298391K->215101K(1728704K), 0.0281560 secs] [Times: user=0.10 sys=0.01, real=0.03 secs] 
2014-07-08T11:32:07.590+0000: 3556.975: [GC [PSYoungGen: 1041677K->2052K(1000448K)] 1255050K->216001K(1687424K), 0.0090880 secs] [Times: user=0.02 sys=0.01, real=0.01 secs] 
2014-07-08T11:32:09.508+0000: 3558.893: [GC [PSYoungGen: 1000388K->1572K(960320K)] 1214337K->216257K(1647296K), 0.0331550 secs] [Times: user=0.13 sys=0.00, real=0.04 secs] 
2014-07-08T11:33:16.326+0000: 3625.710: [GC [PSYoungGen: 960292K->1270K(922240K)] 1174977K->216355K(1609216K), 0.0054400 secs] [Times: user=0.02 sys=0.00, real=0.01 secs] 
2014-07-08T11:33:17.344+0000: 3626.729: [GC [PSYoungGen: 922230K->466K(885504K)] 1137315K->216143K(1572480K), 0.0055850 secs] [Times: user=0.02 sys=0.00, real=0.01 secs] 
2014-07-08T11:33:20.062+0000: 3629.447: [GC [PSYoungGen: 885458K->388K(851200K)] 1101135K->216145K(1538176K), 0.0061230 secs] [Times: user=0.01 sys=0.00, real=0.00 secs] 
2014-07-08T11:33:23.783+0000: 3633.168: [GC [PSYoungGen: 851140K->274K(818432K)] 1066897K->216143K(1505408K), 0.0045130 secs] [Times: user=0.02 sys=0.00, real=0.00 secs] 
2014-07-08T11:33:25.467+0000: 3634.852: [GC [PSYoungGen: 818320K->228K(787264K)] 1034190K->216161K(1474240K), 0.0042250 secs] [Times: user=0.00 sys=0.01, real=0.01 secs] 
2014-07-08T11:33:27.179+0000: 3636.564: [GC [PSYoungGen: 787236K->228K(757632K)] 1003169K->216185K(1444608K), 0.0059970 secs] [Times: user=0.02 sys=0.00, real=0.01 secs] 
2014-07-08T11:33:29.409+0000: 3638.794: [GC [PSYoungGen: 757604K->128K(729280K)] 973561K->216117K(1416256K), 0.0056510 secs] [Times: user=0.02 sys=0.00, real=0.01 secs] 
Heap
 PSYoungGen      total 729280K, used 643589K [0x0000000755560000, 0x00000007c3e60000, 0x0000000800000000)
  eden space 729152K, 88% used [0x0000000755560000,0x000000077c9c1418,0x0000000781d70000)
  from space 128K, 100% used [0x00000007c3850000,0x00000007c3870000,0x00000007c3870000)
  to   space 3200K, 0% used [0x00000007c3b40000,0x00000007c3b40000,0x00000007c3e60000)
 ParOldGen       total 686976K, used 215989K [0x0000000600000000, 0x0000000629ee0000, 0x0000000755560000)
  object space 686976K, 31% used [0x0000000600000000,0x000000060d2ed740,0x0000000629ee0000)
 PSPermGen       total 21248K, used 11733K [0x00000005f5a00000, 0x00000005f6ec0000, 0x0000000600000000)
  object space 21248K, 55% used [0x00000005f5a00000,0x00000005f65757e0,0x00000005f6ec0000)
