2014-07-07T19:42:35.886+0000: 23.806: [GC [PSYoungGen: 257728K->42869K(300608K)] 257728K->72524K(987584K), 0.0652150 secs] [Times: user=0.20 sys=0.04, real=0.07 secs] 
2014-07-07T19:42:36.250+0000: 24.170: [GC [PSYoungGen: 300597K->42868K(300608K)] 330252K->73948K(987584K), 0.0600200 secs] [Times: user=0.20 sys=0.03, real=0.06 secs] 
2014-07-07T19:42:37.886+0000: 25.806: [GC [PSYoungGen: 300596K->42879K(300608K)] 331676K->77595K(987584K), 0.0641030 secs] [Times: user=0.25 sys=0.00, real=0.07 secs] 
2014-07-07T19:42:39.268+0000: 27.188: [GC [PSYoungGen: 300607K->42872K(558336K)] 335323K->78398K(1245312K), 0.0608750 secs] [Times: user=0.22 sys=0.03, real=0.06 secs] 
2014-07-07T19:42:42.632+0000: 30.553: [GC [PSYoungGen: 558328K->42868K(558336K)] 593854K->78978K(1245312K), 0.0554500 secs] [Times: user=0.19 sys=0.03, real=0.05 secs] 
2014-07-07T19:42:45.905+0000: 33.826: [GC [PSYoungGen: 558324K->42856K(1099584K)] 594434K->78966K(1786560K), 0.0501770 secs] [Times: user=0.18 sys=0.02, real=0.05 secs] 
2014-07-07T19:42:51.974+0000: 39.894: [GC [PSYoungGen: 1073765K->6309K(1101376K)] 1109875K->79544K(1788352K), 0.0835380 secs] [Times: user=0.29 sys=0.02, real=0.08 secs] 
2014-07-07T19:42:57.883+0000: 45.804: [GC [PSYoungGen: 1037221K->2892K(2134976K)] 1110456K->79264K(2821952K), 0.0389240 secs] [Times: user=0.14 sys=0.00, real=0.04 secs] 
2014-07-07T19:43:06.995+0000: 54.915: [GC [PSYoungGen: 2060905K->3822K(2138752K)] 2137277K->80722K(2825728K), 0.0303340 secs] [Times: user=0.12 sys=0.00, real=0.03 secs] 
2014-07-07T19:43:12.565+0000: 60.486: [GC [PSYoungGen: 2061870K->1826K(2712256K)] 2138770K->79623K(3399232K), 0.0070140 secs] [Times: user=0.01 sys=0.00, real=0.00 secs] 
2014-07-07T19:43:21.868+0000: 69.788: [GC [PSYoungGen: 2631714K->1648K(2713024K)] 2709511K->79956K(3400000K), 0.0102240 secs] [Times: user=0.03 sys=0.00, real=0.01 secs] 
2014-07-07T19:43:33.150+0000: 81.071: [GC [PSYoungGen: 2631515K->1460K(2511616K)] 2709823K->79983K(3198592K), 0.0095340 secs] [Times: user=0.03 sys=0.01, real=0.01 secs] 
2014-07-07T19:43:44.408+0000: 92.328: [GC [PSYoungGen: 2511604K->1108K(2478336K)] 2590127K->79814K(3165312K), 0.0051260 secs] [Times: user=0.02 sys=0.00, real=0.01 secs] 
2014-07-07T19:43:55.216+0000: 103.136: [GC [PSYoungGen: 2397460K->1204K(2289408K)] 2476166K->80070K(2976384K), 0.0086360 secs] [Times: user=0.04 sys=0.00, real=0.01 secs] 
2014-07-07T19:44:05.520+0000: 113.440: [GC [PSYoungGen: 2289396K->1300K(2263872K)] 2368262K->80365K(2950848K), 0.0096500 secs] [Times: user=0.03 sys=0.00, real=0.01 secs] 
2014-07-07T19:44:15.373+0000: 123.294: [GC [PSYoungGen: 2186708K->1492K(2089216K)] 2265773K->80741K(2776192K), 0.0106060 secs] [Times: user=0.02 sys=0.01, real=0.02 secs] 
2014-07-07T19:44:24.714+0000: 132.634: [GC [PSYoungGen: 2089172K->1691K(2068096K)] 2168421K->81357K(2755072K), 0.0168470 secs] [Times: user=0.06 sys=0.00, real=0.02 secs] 
2014-07-07T19:44:33.713+0000: 141.633: [GC [PSYoungGen: 1996496K->1236K(1907776K)] 2076161K->81053K(2594752K), 0.0147120 secs] [Times: user=0.03 sys=0.00, real=0.02 secs] 
2014-07-07T19:44:42.318+0000: 150.238: [GC [PSYoungGen: 1907732K->1556K(1889856K)] 1987549K->81524K(2576832K), 0.0069920 secs] [Times: user=0.01 sys=0.00, real=0.00 secs] 
2014-07-07T19:44:50.542+0000: 158.462: [GC [PSYoungGen: 1824084K->1496K(1744256K)] 1904052K->81616K(2431232K), 0.0124190 secs] [Times: user=0.03 sys=0.00, real=0.01 secs] 
2014-07-07T19:44:58.365+0000: 166.285: [GC [PSYoungGen: 1744216K->1410K(1727808K)] 1824336K->81730K(2414784K), 0.0089290 secs] [Times: user=0.03 sys=0.00, real=0.01 secs] 
2014-07-07T19:45:05.889+0000: 173.809: [GC [PSYoungGen: 1668226K->980K(1595712K)] 1748546K->81412K(2282688K), 0.0133630 secs] [Times: user=0.01 sys=0.01, real=0.02 secs] 
2014-07-07T19:45:13.106+0000: 181.026: [GC [PSYoungGen: 1595652K->1364K(1580864K)] 1676083K->81884K(2267840K), 0.0044990 secs] [Times: user=0.02 sys=0.01, real=0.00 secs] 
2014-07-07T19:45:19.998+0000: 187.918: [GC [PSYoungGen: 1527444K->1396K(1462272K)] 1607964K->82052K(2149248K), 0.0121560 secs] [Times: user=0.02 sys=0.01, real=0.01 secs] 
2014-07-07T19:45:26.644+0000: 194.565: [GC [PSYoungGen: 1462260K->1247K(1447488K)] 1542916K->82103K(2134464K), 0.0119290 secs] [Times: user=0.04 sys=0.01, real=0.02 secs] 
2014-07-07T19:45:32.907+0000: 200.828: [GC [PSYoungGen: 1400031K->1012K(1340800K)] 1480887K->81932K(2027776K), 0.0117890 secs] [Times: user=0.01 sys=0.00, real=0.01 secs] 
2014-07-07T19:45:38.984+0000: 206.904: [GC [PSYoungGen: 1340774K->1140K(1326784K)] 1421694K->82156K(2013760K), 0.0110300 secs] [Times: user=0.03 sys=0.00, real=0.01 secs] 
2014-07-07T19:45:44.782+0000: 212.702: [GC [PSYoungGen: 1284744K->1076K(1231296K)] 1365760K->82204K(1918272K), 0.0093550 secs] [Times: user=0.01 sys=0.01, real=0.01 secs] 
2014-07-07T19:45:50.368+0000: 218.289: [GC [PSYoungGen: 1231284K->1108K(1217344K)] 1312412K->82292K(1904320K), 0.0085150 secs] [Times: user=0.03 sys=0.00, real=0.00 secs] 
2014-07-07T19:45:55.621+0000: 223.541: [GC [PSYoungGen: 1180500K->980K(1132032K)] 1261684K->82284K(1819008K), 0.0138170 secs] [Times: user=0.03 sys=0.00, real=0.01 secs] 
2014-07-07T19:46:00.743+0000: 228.664: [GC [PSYoungGen: 1131988K->1616K(1118208K)] 1213292K->82960K(1805184K), 0.0056810 secs] [Times: user=0.01 sys=0.00, real=0.00 secs] 
2014-07-07T19:46:05.594+0000: 233.515: [GC [PSYoungGen: 1086608K->1229K(1042496K)] 1167952K->82733K(1729472K), 0.0178160 secs] [Times: user=0.05 sys=0.01, real=0.02 secs] 
2014-07-07T19:46:10.307+0000: 238.227: [GC [PSYoungGen: 1042389K->1389K(1028352K)] 1123893K->82957K(1715328K), 0.0045330 secs] [Times: user=0.01 sys=0.01, real=0.01 secs] 
2014-07-07T19:46:14.775+0000: 242.696: [GC [PSYoungGen: 1000877K->1460K(961280K)] 1082445K->83164K(1648256K), 0.0092560 secs] [Times: user=0.02 sys=0.01, real=0.01 secs] 
2014-07-07T19:46:19.099+0000: 247.019: [GC [PSYoungGen: 961268K->1044K(947008K)] 1042972K->82780K(1633984K), 0.0150860 secs] [Times: user=0.04 sys=0.00, real=0.02 secs] 
2014-07-07T19:46:23.251+0000: 251.171: [GC [PSYoungGen: 922991K->980K(887040K)] 1004726K->82827K(1574016K), 0.0093370 secs] [Times: user=0.02 sys=0.00, real=0.01 secs] 
2014-07-07T19:46:27.263+0000: 255.183: [GC [PSYoungGen: 886996K->1044K(873472K)] 968843K->82931K(1560448K), 0.0087160 secs] [Times: user=0.03 sys=0.00, real=0.01 secs] 
2014-07-07T19:46:31.107+0000: 259.027: [GC [PSYoungGen: 852754K->1424K(820544K)] 934641K->83415K(1507520K), 0.0102440 secs] [Times: user=0.02 sys=0.00, real=0.01 secs] 
2014-07-07T19:46:34.826+0000: 262.746: [GC [PSYoungGen: 820451K->1254K(789248K)] 902442K->83325K(1476224K), 0.0079360 secs] [Times: user=0.03 sys=0.00, real=0.00 secs] 
2014-07-07T19:46:38.375+0000: 266.296: [GC [PSYoungGen: 789222K->1076K(759424K)] 871293K->83227K(1446400K), 0.0053740 secs] [Times: user=0.01 sys=0.01, real=0.01 secs] 
2014-07-07T19:46:41.819+0000: 269.739: [GC [PSYoungGen: 759412K->1254K(746304K)] 841563K->83525K(1433280K), 0.0229030 secs] [Times: user=0.08 sys=0.00, real=0.02 secs] 
2014-07-07T19:46:45.123+0000: 273.043: [GC [PSYoungGen: 731302K->1314K(704448K)] 813573K->83633K(1391424K), 0.0103990 secs] [Times: user=0.03 sys=0.00, real=0.01 secs] 
2014-07-07T19:46:48.325+0000: 276.245: [GC [PSYoungGen: 704418K->1076K(678528K)] 786737K->83427K(1365504K), 0.0089310 secs] [Times: user=0.02 sys=0.00, real=0.01 secs] 
2014-07-07T19:46:51.396+0000: 279.317: [GC [PSYoungGen: 678516K->1112K(654080K)] 760867K->83567K(1341056K), 0.0043000 secs] [Times: user=0.01 sys=0.00, real=0.01 secs] 
2014-07-07T19:46:54.349+0000: 282.270: [GC [PSYoungGen: 654040K->1165K(630784K)] 736495K->83652K(1317760K), 0.0035420 secs] [Times: user=0.01 sys=0.00, real=0.00 secs] 
2014-07-07T19:46:57.208+0000: 285.128: [GC [PSYoungGen: 630732K->1218K(608576K)] 713218K->83721K(1295552K), 0.0067860 secs] [Times: user=0.01 sys=0.00, real=0.00 secs] 
2014-07-07T19:46:59.952+0000: 287.872: [GC [PSYoungGen: 608514K->1108K(587136K)] 691017K->83691K(1274112K), 0.0039390 secs] [Times: user=0.00 sys=0.01, real=0.00 secs] 
2014-07-07T19:47:02.595+0000: 290.515: [GC [PSYoungGen: 587092K->1012K(566720K)] 669675K->83659K(1253696K), 0.0038640 secs] [Times: user=0.00 sys=0.00, real=0.01 secs] 
2014-07-07T19:47:05.156+0000: 293.076: [GC [PSYoungGen: 566708K->980K(547328K)] 649355K->83659K(1234304K), 0.0091020 secs] [Times: user=0.03 sys=0.00, real=0.01 secs] 
2014-07-07T19:47:07.615+0000: 295.535: [GC [PSYoungGen: 547265K->1325K(529152K)] 629944K->84044K(1216128K), 0.0298370 secs] [Times: user=0.10 sys=0.00, real=0.03 secs] 
2014-07-07T19:47:10.004+0000: 297.924: [GC [PSYoungGen: 529133K->1346K(511488K)] 611852K->84153K(1198464K), 0.0128340 secs] [Times: user=0.04 sys=0.01, real=0.01 secs] 
2014-07-07T19:47:12.319+0000: 300.239: [GC [PSYoungGen: 511420K->1062K(494272K)] 594227K->83925K(1181248K), 0.0112300 secs] [Times: user=0.04 sys=0.00, real=0.01 secs] 
2014-07-07T19:47:14.581+0000: 302.501: [GC [PSYoungGen: 494246K->1200K(478208K)] 577109K->84095K(1165184K), 0.0040430 secs] [Times: user=0.01 sys=0.00, real=0.01 secs] 
2014-07-07T19:47:16.755+0000: 304.676: [GC [PSYoungGen: 478181K->1364K(462976K)] 561076K->84291K(1149952K), 0.0125430 secs] [Times: user=0.04 sys=0.00, real=0.01 secs] 
2014-07-07T19:47:18.854+0000: 306.775: [GC [PSYoungGen: 462915K->1204K(448000K)] 545842K->84243K(1134976K), 0.0069560 secs] [Times: user=0.02 sys=0.00, real=0.00 secs] 
2014-07-07T19:47:20.889+0000: 308.809: [GC [PSYoungGen: 447954K->1012K(433664K)] 530993K->84155K(1120640K), 0.0080660 secs] [Times: user=0.03 sys=0.00, real=0.01 secs] 
2014-07-07T19:47:22.877+0000: 310.797: [GC [PSYoungGen: 433651K->1044K(420224K)] 516794K->84227K(1107200K), 0.0051890 secs] [Times: user=0.02 sys=0.00, real=0.01 secs] 
2014-07-07T19:47:24.767+0000: 312.688: [GC [PSYoungGen: 420137K->980K(407232K)] 503320K->84171K(1094208K), 0.0062410 secs] [Times: user=0.00 sys=0.00, real=0.01 secs] 
2014-07-07T19:47:26.632+0000: 314.552: [GC [PSYoungGen: 407161K->1328K(395136K)] 490351K->84535K(1082112K), 0.0144320 secs] [Times: user=0.04 sys=0.00, real=0.02 secs] 
2014-07-07T19:47:28.426+0000: 316.346: [GC [PSYoungGen: 395120K->1428K(383424K)] 478327K->84707K(1070400K), 0.0068820 secs] [Times: user=0.02 sys=0.00, real=0.01 secs] 
2014-07-07T19:47:30.152+0000: 318.072: [GC [PSYoungGen: 383380K->1392K(371968K)] 466659K->84751K(1058944K), 0.0072270 secs] [Times: user=0.02 sys=0.00, real=0.01 secs] 
2014-07-07T19:47:31.826+0000: 319.747: [GC [PSYoungGen: 371952K->1140K(360832K)] 455311K->84531K(1047808K), 0.0066130 secs] [Times: user=0.02 sys=0.00, real=0.00 secs] 
2014-07-07T19:47:33.490+0000: 321.410: [GC [PSYoungGen: 360788K->1236K(350528K)] 444179K->84659K(1037504K), 0.0034630 secs] [Times: user=0.01 sys=0.00, real=0.00 secs] 
2014-07-07T19:47:35.059+0000: 322.979: [GC [PSYoungGen: 350484K->948K(340224K)] 433907K->84387K(1027200K), 0.0035460 secs] [Times: user=0.00 sys=0.00, real=0.00 secs] 
2014-07-07T19:47:36.626+0000: 324.546: [GC [PSYoungGen: 340180K->1311K(331008K)] 423619K->84782K(1017984K), 0.0058710 secs] [Times: user=0.02 sys=0.00, real=0.00 secs] 
2014-07-07T19:47:38.103+0000: 326.023: [GC [PSYoungGen: 330962K->1311K(321792K)] 414433K->84862K(1008768K), 0.0054630 secs] [Times: user=0.01 sys=0.00, real=0.01 secs] 
2014-07-07T19:47:39.547+0000: 327.467: [GC [PSYoungGen: 321758K->1172K(312832K)] 405309K->84779K(999808K), 0.0070530 secs] [Times: user=0.02 sys=0.00, real=0.00 secs] 
2014-07-07T19:47:40.942+0000: 328.862: [GC [PSYoungGen: 312786K->1296K(304448K)] 396393K->84983K(991424K), 0.0097010 secs] [Times: user=0.03 sys=0.00, real=0.01 secs] 
2014-07-07T19:47:42.319+0000: 330.240: [GC [PSYoungGen: 304379K->1474K(296512K)] 388066K->85201K(983488K), 0.0210260 secs] [Times: user=0.07 sys=0.00, real=0.02 secs] 
2014-07-07T19:47:43.632+0000: 331.552: [GC [PSYoungGen: 296439K->1115K(288320K)] 380166K->84874K(975296K), 0.0102060 secs] [Times: user=0.04 sys=0.00, real=0.01 secs] 
2014-07-07T19:47:44.937+0000: 332.857: [GC [PSYoungGen: 288238K->1108K(280768K)] 371996K->84907K(967744K), 0.0026830 secs] [Times: user=0.01 sys=0.00, real=0.00 secs] 
2014-07-07T19:47:46.212+0000: 334.132: [GC [PSYoungGen: 280724K->1108K(273536K)] 364523K->84939K(960512K), 0.0074490 secs] [Times: user=0.02 sys=0.00, real=0.01 secs] 
2014-07-07T19:47:47.447+0000: 335.368: [GC [PSYoungGen: 273472K->1136K(266560K)] 357303K->84999K(953536K), 0.0057660 secs] [Times: user=0.00 sys=0.00, real=0.00 secs] 
2014-07-07T19:47:48.640+0000: 336.560: [GC [PSYoungGen: 266544K->1396K(260096K)] 350407K->85315K(947072K), 0.0167960 secs] [Times: user=0.06 sys=0.00, real=0.02 secs] 
2014-07-07T19:47:49.830+0000: 337.750: [GC [PSYoungGen: 260084K->980K(253248K)] 344003K->84955K(940224K), 0.0041630 secs] [Times: user=0.01 sys=0.00, real=0.00 secs] 
2014-07-07T19:47:50.989+0000: 338.909: [GC [PSYoungGen: 253204K->1076K(247104K)] 337179K->85083K(934080K), 0.0062170 secs] [Times: user=0.02 sys=0.00, real=0.00 secs] 
2014-07-07T19:47:52.104+0000: 340.024: [GC [PSYoungGen: 247092K->1516K(241600K)] 331099K->85547K(928576K), 0.0104210 secs] [Times: user=0.03 sys=0.00, real=0.01 secs] 
2014-07-07T19:47:53.183+0000: 341.103: [GC [PSYoungGen: 241580K->1136K(235456K)] 325611K->85183K(922432K), 0.0062440 secs] [Times: user=0.01 sys=0.00, real=0.01 secs] 
2014-07-07T19:47:54.253+0000: 342.174: [GC [PSYoungGen: 235440K->1144K(229888K)] 319487K->85231K(916864K), 0.0066230 secs] [Times: user=0.02 sys=0.00, real=0.01 secs] 
2014-07-07T19:47:55.296+0000: 343.216: [GC [PSYoungGen: 229880K->948K(224320K)] 313967K->85059K(911296K), 0.0183410 secs] [Times: user=0.06 sys=0.00, real=0.02 secs] 
2014-07-07T19:47:56.296+0000: 344.216: [GC [PSYoungGen: 224259K->1215K(219392K)] 308370K->85358K(906368K), 0.0064920 secs] [Times: user=0.02 sys=0.00, real=0.01 secs] 
2014-07-07T19:47:57.270+0000: 345.190: [GC [PSYoungGen: 219365K->1300K(214528K)] 303508K->85491K(901504K), 0.0056580 secs] [Times: user=0.02 sys=0.00, real=0.00 secs] 
2014-07-07T19:47:58.251+0000: 346.171: [GC [PSYoungGen: 214484K->1580K(257472K)] 298675K->85819K(944448K), 0.0189530 secs] [Times: user=0.06 sys=0.00, real=0.02 secs] 
2014-07-07T19:47:59.413+0000: 347.333: [GC [PSYoungGen: 257452K->816K(250368K)] 341691K->85371K(937344K), 0.0042820 secs] [Times: user=0.01 sys=0.00, real=0.00 secs] 
2014-07-07T19:48:00.548+0000: 348.468: [GC [PSYoungGen: 250352K->1108K(244608K)] 334907K->85703K(931584K), 0.0122780 secs] [Times: user=0.04 sys=0.00, real=0.01 secs] 
2014-07-07T19:48:01.648+0000: 349.569: [GC [PSYoungGen: 244564K->1296K(238912K)] 329159K->85963K(925888K), 0.0076870 secs] [Times: user=0.03 sys=0.00, real=0.00 secs] 
2014-07-07T19:48:02.736+0000: 350.656: [GC [PSYoungGen: 238818K->1296K(233216K)] 323485K->85987K(920192K), 0.0042110 secs] [Times: user=0.01 sys=0.00, real=0.01 secs] 
2014-07-07T19:48:03.786+0000: 351.706: [GC [PSYoungGen: 233168K->948K(227392K)] 317859K->85655K(914368K), 0.0066240 secs] [Times: user=0.01 sys=0.00, real=0.01 secs] 
2014-07-07T19:48:04.806+0000: 352.726: [GC [PSYoungGen: 227380K->1264K(222464K)] 312087K->86011K(909440K), 0.0046790 secs] [Times: user=0.01 sys=0.00, real=0.01 secs] 
2014-07-07T19:48:05.801+0000: 353.721: [GC [PSYoungGen: 222423K->1044K(217216K)] 307170K->85815K(904192K), 0.0076260 secs] [Times: user=0.03 sys=0.00, real=0.00 secs] 
2014-07-07T19:48:06.786+0000: 354.706: [GC [PSYoungGen: 217172K->1044K(212288K)] 301943K->85831K(899264K), 0.0035010 secs] [Times: user=0.01 sys=0.00, real=0.01 secs] 
2014-07-07T19:48:07.751+0000: 355.671: [GC [PSYoungGen: 212236K->1158K(207680K)] 297023K->86025K(894656K), 0.0084050 secs] [Times: user=0.02 sys=0.00, real=0.01 secs] 
2014-07-07T19:48:08.699+0000: 356.619: [GC [PSYoungGen: 207606K->948K(202880K)] 292473K->85847K(889856K), 0.0058590 secs] [Times: user=0.01 sys=0.00, real=0.00 secs] 
2014-07-07T19:48:09.628+0000: 357.548: [GC [PSYoungGen: 202868K->1140K(198656K)] 287767K->86071K(885632K), 0.0047450 secs] [Times: user=0.01 sys=0.00, real=0.01 secs] 
2014-07-07T19:48:10.518+0000: 358.438: [GC [PSYoungGen: 198644K->948K(194240K)] 283575K->85903K(881216K), 0.0035400 secs] [Times: user=0.00 sys=0.00, real=0.01 secs] 
2014-07-07T19:48:11.401+0000: 359.321: [GC [PSYoungGen: 194184K->1133K(190336K)] 279139K->86184K(877312K), 0.0047540 secs] [Times: user=0.02 sys=0.00, real=0.00 secs] 
2014-07-07T19:48:12.268+0000: 360.188: [GC [PSYoungGen: 190317K->1012K(186240K)] 275368K->86079K(873216K), 0.0043280 secs] [Times: user=0.01 sys=0.00, real=0.01 secs] 
2014-07-07T19:48:13.101+0000: 361.021: [GC [PSYoungGen: 186228K->1076K(182464K)] 271295K->86271K(869440K), 0.0150590 secs] [Times: user=0.04 sys=0.00, real=0.01 secs] 
2014-07-07T19:48:13.930+0000: 361.850: [GC [PSYoungGen: 182452K->1392K(179072K)] 267647K->86635K(866048K), 0.0078210 secs] [Times: user=0.03 sys=0.00, real=0.00 secs] 
2014-07-07T19:48:14.736+0000: 362.656: [GC [PSYoungGen: 179055K->638K(174720K)] 264298K->86567K(861696K), 0.0097970 secs] [Times: user=0.02 sys=0.00, real=0.01 secs] 
2014-07-07T19:48:15.538+0000: 363.459: [GC [PSYoungGen: 174718K->1294K(171968K)] 260647K->87239K(858944K), 0.0051380 secs] [Times: user=0.00 sys=0.00, real=0.01 secs] 
2014-07-07T19:48:16.312+0000: 364.232: [GC [PSYoungGen: 171915K->1332K(168576K)] 257860K->87613K(855552K), 0.0040840 secs] [Times: user=0.02 sys=0.00, real=0.00 secs] 
2014-07-07T19:48:17.057+0000: 364.977: [GC [PSYoungGen: 168564K->1104K(165120K)] 254845K->87425K(852096K), 0.0076590 secs] [Times: user=0.01 sys=0.00, real=0.01 secs] 
2014-07-07T19:48:17.800+0000: 365.721: [GC [PSYoungGen: 165040K->884K(161728K)] 251362K->87359K(848704K), 0.0083760 secs] [Times: user=0.01 sys=0.00, real=0.01 secs] 
2014-07-07T19:48:18.536+0000: 366.456: [GC [PSYoungGen: 161716K->1094K(158912K)] 248191K->87609K(845888K), 0.0080160 secs] [Times: user=0.03 sys=0.00, real=0.01 secs] 
2014-07-07T19:48:19.266+0000: 367.187: [GC [PSYoungGen: 158854K->1012K(155840K)] 245369K->87657K(842816K), 0.0063310 secs] [Times: user=0.02 sys=0.00, real=0.01 secs] 
2014-07-07T19:48:19.967+0000: 367.887: [GC [PSYoungGen: 155795K->1094K(153088K)] 242440K->87763K(840064K), 0.0057140 secs] [Times: user=0.02 sys=0.00, real=0.01 secs] 
2014-07-07T19:48:20.658+0000: 368.578: [GC [PSYoungGen: 153030K->948K(150080K)] 239699K->87633K(837056K), 0.0059580 secs] [Times: user=0.01 sys=0.00, real=0.01 secs] 
2014-07-07T19:48:21.338+0000: 369.258: [GC [PSYoungGen: 150030K->1030K(147520K)] 236716K->87755K(834496K), 0.0060650 secs] [Times: user=0.02 sys=0.00, real=0.01 secs] 
2014-07-07T19:48:22.004+0000: 369.924: [GC [PSYoungGen: 147462K->1086K(144896K)] 234187K->87885K(831872K), 0.0075130 secs] [Times: user=0.02 sys=0.00, real=0.01 secs] 
2014-07-07T19:48:22.648+0000: 370.569: [GC [PSYoungGen: 144894K->1424K(142720K)] 231693K->88271K(829696K), 0.0049930 secs] [Times: user=0.02 sys=0.00, real=0.01 secs] 
2014-07-07T19:48:23.281+0000: 371.201: [GC [PSYoungGen: 142595K->445K(139200K)] 229443K->88102K(826176K), 0.0038300 secs] [Times: user=0.00 sys=0.00, real=0.01 secs] 
2014-07-07T19:48:23.910+0000: 371.830: [GC [PSYoungGen: 139168K->1429K(137856K)] 226825K->89102K(824832K), 0.0033960 secs] [Times: user=0.01 sys=0.00, real=0.01 secs] 
2014-07-07T19:48:24.528+0000: 372.448: [GC [PSYoungGen: 137813K->948K(135040K)] 225486K->89118K(822016K), 0.0087780 secs] [Times: user=0.03 sys=0.00, real=0.01 secs] 
2014-07-07T19:48:25.133+0000: 373.053: [GC [PSYoungGen: 135023K->1250K(133120K)] 223193K->89468K(820096K), 0.0032950 secs] [Times: user=0.00 sys=0.00, real=0.00 secs] 
2014-07-07T19:48:25.719+0000: 373.639: [GC [PSYoungGen: 133090K->1018K(130688K)] 221308K->89506K(817664K), 0.0043090 secs] [Times: user=0.01 sys=0.00, real=0.01 secs] 
2014-07-07T19:48:26.296+0000: 374.217: [GC [PSYoungGen: 130682K->1507K(129088K)] 219170K->90027K(816064K), 0.0063150 secs] [Times: user=0.02 sys=0.00, real=0.01 secs] 
2014-07-07T19:48:26.882+0000: 374.802: [GC [PSYoungGen: 129059K->688K(126208K)] 217579K->89738K(813184K), 0.0050780 secs] [Times: user=0.02 sys=0.00, real=0.01 secs] 
2014-07-07T19:48:27.460+0000: 375.381: [GC [PSYoungGen: 126192K->1282K(124800K)] 215242K->90372K(811776K), 0.0068140 secs] [Times: user=0.02 sys=0.00, real=0.01 secs] 
2014-07-07T19:48:28.020+0000: 375.940: [GC [PSYoungGen: 124738K->948K(122432K)] 213828K->90192K(809408K), 0.0059660 secs] [Times: user=0.01 sys=0.00, real=0.01 secs] 
2014-07-07T19:48:28.578+0000: 376.498: [GC [PSYoungGen: 122420K->1136K(120704K)] 211664K->90404K(807680K), 0.0033300 secs] [Times: user=0.01 sys=0.00, real=0.00 secs] 
2014-07-07T19:48:29.127+0000: 377.047: [GC [PSYoungGen: 120667K->1226K(118976K)] 209936K->90542K(805952K), 0.0062930 secs] [Times: user=0.03 sys=0.00, real=0.01 secs] 
2014-07-07T19:48:29.658+0000: 377.578: [GC [PSYoungGen: 118921K->1104K(117056K)] 208238K->90444K(804032K), 0.0060560 secs] [Times: user=0.01 sys=0.00, real=0.01 secs] 
2014-07-07T19:48:30.181+0000: 378.101: [GC [PSYoungGen: 117008K->802K(114944K)] 206348K->90352K(801920K), 0.0043620 secs] [Times: user=0.01 sys=0.00, real=0.01 secs] 
2014-07-07T19:48:30.689+0000: 378.609: [GC [PSYoungGen: 114914K->1136K(113536K)] 204464K->90710K(800512K), 0.0056980 secs] [Times: user=0.01 sys=0.00, real=0.01 secs] 
2014-07-07T19:48:31.207+0000: 379.128: [GC [PSYoungGen: 113520K->1044K(136000K)] 203094K->90690K(822976K), 0.0076100 secs] [Times: user=0.02 sys=0.00, real=0.01 secs] 
2014-07-07T19:48:31.824+0000: 379.744: [GC [PSYoungGen: 135956K->1012K(133632K)] 225602K->90706K(820608K), 0.0034100 secs] [Times: user=0.01 sys=0.00, real=0.00 secs] 
2014-07-07T19:48:32.433+0000: 380.353: [GC [PSYoungGen: 133575K->998K(131392K)] 223269K->90796K(818368K), 0.0041490 secs] [Times: user=0.01 sys=0.00, real=0.01 secs] 
2014-07-07T19:48:33.031+0000: 380.951: [GC [PSYoungGen: 131366K->1108K(129344K)] 221164K->90946K(816320K), 0.0064360 secs] [Times: user=0.02 sys=0.00, real=0.01 secs] 
2014-07-07T19:48:33.617+0000: 381.537: [GC [PSYoungGen: 129296K->805K(126912K)] 219134K->91019K(813888K), 0.0066720 secs] [Times: user=0.01 sys=0.00, real=0.01 secs] 
2014-07-07T19:48:34.197+0000: 382.117: [GC [PSYoungGen: 126855K->1400K(125440K)] 217069K->91631K(812416K), 0.0039550 secs] [Times: user=0.01 sys=0.00, real=0.00 secs] 
2014-07-07T19:48:34.746+0000: 382.666: [GC [PSYoungGen: 125395K->752K(122816K)] 215626K->91410K(809792K), 0.0052310 secs] [Times: user=0.01 sys=0.00, real=0.00 secs] 
2014-07-07T19:48:35.299+0000: 383.219: [GC [PSYoungGen: 122776K->1030K(121216K)] 213435K->91754K(808192K), 0.0046300 secs] [Times: user=0.01 sys=0.00, real=0.01 secs] 
2014-07-07T19:48:35.841+0000: 383.761: [GC [PSYoungGen: 121158K->1044K(119360K)] 211882K->91882K(806336K), 0.0035870 secs] [Times: user=0.01 sys=0.00, real=0.01 secs] 
2014-07-07T19:48:36.374+0000: 384.294: [GC [PSYoungGen: 119307K->1247K(117696K)] 210146K->92117K(804672K), 0.0076800 secs] [Times: user=0.03 sys=0.00, real=0.00 secs] 
2014-07-07T19:48:36.898+0000: 384.819: [GC [PSYoungGen: 117663K->638K(140352K)] 208533K->91906K(827328K), 0.0081230 secs] [Times: user=0.02 sys=0.00, real=0.01 secs] 
2014-07-07T19:48:37.528+0000: 385.448: [GC [PSYoungGen: 140350K->1414K(169152K)] 231618K->92723K(856128K), 0.0171750 secs] [Times: user=0.06 sys=0.00, real=0.02 secs] 
2014-07-07T19:48:38.281+0000: 386.201: [GC [PSYoungGen: 169063K->882K(202112K)] 260371K->93000K(889088K), 0.0044430 secs] [Times: user=0.01 sys=0.00, real=0.01 secs] 
2014-07-07T19:48:39.191+0000: 387.111: [GC [PSYoungGen: 202098K->1439K(242944K)] 294216K->93597K(929920K), 0.0141150 secs] [Times: user=0.04 sys=0.00, real=0.02 secs] 
2014-07-07T19:48:40.278+0000: 388.199: [GC [PSYoungGen: 242911K->1136K(290944K)] 335069K->93609K(977920K), 0.0034360 secs] [Times: user=0.01 sys=0.00, real=0.00 secs] 
2014-07-07T19:48:41.595+0000: 389.515: [GC [PSYoungGen: 290928K->1200K(283392K)] 383401K->93697K(970368K), 0.0071480 secs] [Times: user=0.02 sys=0.00, real=0.00 secs] 
2014-07-07T19:48:42.865+0000: 390.785: [GC [PSYoungGen: 283376K->980K(275840K)] 375873K->93525K(962816K), 0.0033840 secs] [Times: user=0.00 sys=0.01, real=0.00 secs] 
2014-07-07T19:48:44.104+0000: 392.024: [GC [PSYoungGen: 275796K->1172K(268992K)] 368341K->93741K(955968K), 0.0216710 secs] [Times: user=0.07 sys=0.00, real=0.03 secs] 
2014-07-07T19:48:45.346+0000: 393.267: [GC [PSYoungGen: 268948K->1264K(262272K)] 361517K->93865K(949248K), 0.0081510 secs] [Times: user=0.02 sys=0.00, real=0.00 secs] 
2014-07-07T19:48:46.547+0000: 394.467: [GC [PSYoungGen: 262256K->1488K(256000K)] 354857K->94121K(942976K), 0.0121190 secs] [Times: user=0.04 sys=0.00, real=0.01 secs] 
2014-07-07T19:48:47.693+0000: 395.613: [GC [PSYoungGen: 255907K->556K(305984K)] 348540K->93781K(992960K), 0.0156370 secs] [Times: user=0.05 sys=0.00, real=0.02 secs] 
2014-07-07T19:48:49.096+0000: 397.017: [GC [PSYoungGen: 305964K->1340K(298496K)] 399189K->94613K(985472K), 0.0083850 secs] [Times: user=0.03 sys=0.00, real=0.00 secs] 
2014-07-07T19:48:50.423+0000: 398.343: [GC [PSYoungGen: 298492K->1296K(290560K)] 391765K->94954K(977536K), 0.0076080 secs] [Times: user=0.02 sys=0.00, real=0.01 secs] 
2014-07-07T19:48:51.746+0000: 399.666: [GC [PSYoungGen: 290512K->948K(282560K)] 384170K->94621K(969536K), 0.0050730 secs] [Times: user=0.01 sys=0.01, real=0.01 secs] 
2014-07-07T19:48:53.048+0000: 400.969: [GC [PSYoungGen: 282506K->948K(275264K)] 376179K->94645K(962240K), 0.0048110 secs] [Times: user=0.02 sys=0.00, real=0.00 secs] 
2014-07-07T19:48:54.306+0000: 402.226: [GC [PSYoungGen: 275252K->1197K(268480K)] 368949K->94910K(955456K), 0.0095110 secs] [Times: user=0.02 sys=0.00, real=0.01 secs] 
2014-07-07T19:48:55.539+0000: 403.459: [GC [PSYoungGen: 268421K->1197K(261696K)] 362134K->94990K(948672K), 0.0122380 secs] [Times: user=0.05 sys=0.00, real=0.01 secs] 
2014-07-07T19:48:56.718+0000: 404.638: [GC [PSYoungGen: 261677K->1208K(255168K)] 355470K->95041K(942144K), 0.0071960 secs] [Times: user=0.03 sys=0.00, real=0.00 secs] 
2014-07-07T19:48:57.868+0000: 405.788: [GC [PSYoungGen: 255160K->816K(248512K)] 348993K->94861K(935488K), 0.0033010 secs] [Times: user=0.01 sys=0.00, real=0.00 secs] 
2014-07-07T19:48:58.988+0000: 406.908: [GC [PSYoungGen: 248496K->1108K(242816K)] 342541K->95201K(929792K), 0.0095320 secs] [Times: user=0.03 sys=0.00, real=0.01 secs] 
2014-07-07T19:49:00.078+0000: 407.998: [GC [PSYoungGen: 242762K->1012K(236864K)] 336855K->95169K(923840K), 0.0043870 secs] [Times: user=0.00 sys=0.00, real=0.00 secs] 
2014-07-07T19:49:01.143+0000: 409.063: [GC [PSYoungGen: 236841K->1104K(231360K)] 330998K->95277K(918336K), 0.0055350 secs] [Times: user=0.01 sys=0.00, real=0.01 secs] 
2014-07-07T19:49:02.189+0000: 410.109: [GC [PSYoungGen: 231263K->958K(225792K)] 325436K->95294K(912768K), 0.0036500 secs] [Times: user=0.00 sys=0.00, real=0.00 secs] 
2014-07-07T19:49:03.213+0000: 411.133: [GC [PSYoungGen: 225751K->1208K(220864K)] 320087K->95583K(907840K), 0.0113920 secs] [Times: user=0.04 sys=0.00, real=0.01 secs] 
2014-07-07T19:49:04.188+0000: 412.108: [GC [PSYoungGen: 220856K->826K(215488K)] 315231K->95616K(902464K), 0.0071080 secs] [Times: user=0.02 sys=0.00, real=0.01 secs] 
2014-07-07T19:49:05.167+0000: 413.087: [GC [PSYoungGen: 215451K->1112K(210944K)] 310241K->95909K(897920K), 0.0050770 secs] [Times: user=0.01 sys=0.00, real=0.01 secs] 
2014-07-07T19:49:06.115+0000: 414.035: [GC [PSYoungGen: 210904K->1022K(206144K)] 305701K->96098K(893120K), 0.0032160 secs] [Times: user=0.01 sys=0.00, real=0.01 secs] 
2014-07-07T19:49:07.073+0000: 414.993: [GC [PSYoungGen: 206142K->1272K(201856K)] 301218K->96395K(888832K), 0.0060150 secs] [Times: user=0.02 sys=0.00, real=0.01 secs] 
2014-07-07T19:49:07.969+0000: 415.889: [GC [PSYoungGen: 201848K->688K(196928K)] 296971K->96175K(883904K), 0.0054280 secs] [Times: user=0.01 sys=0.00, real=0.00 secs] 
2014-07-07T19:49:08.857+0000: 416.778: [GC [PSYoungGen: 196912K->1240K(193280K)] 292399K->96775K(880256K), 0.0070420 secs] [Times: user=0.03 sys=0.00, real=0.01 secs] 
2014-07-07T19:49:09.736+0000: 417.656: [GC [PSYoungGen: 193240K->1012K(188928K)] 288775K->96895K(875904K), 0.0050880 secs] [Times: user=0.01 sys=0.01, real=0.01 secs] 
2014-07-07T19:49:10.586+0000: 418.506: [GC [PSYoungGen: 188916K->1346K(185408K)] 284799K->97278K(872384K), 0.0048430 secs] [Times: user=0.01 sys=0.00, real=0.01 secs] 
2014-07-07T19:49:11.429+0000: 419.349: [GC [PSYoungGen: 185333K->688K(180928K)] 281264K->97147K(867904K), 0.0137780 secs] [Times: user=0.05 sys=0.00, real=0.02 secs] 
2014-07-07T19:49:12.233+0000: 420.153: [GC [PSYoungGen: 180912K->1527K(178112K)] 277371K->98239K(865088K), 0.0049590 secs] [Times: user=0.02 sys=0.00, real=0.00 secs] 
2014-07-07T19:49:13.045+0000: 420.965: [GC [PSYoungGen: 178057K->870K(173888K)] 274768K->98232K(860864K), 0.0059630 secs] [Times: user=0.01 sys=0.00, real=0.01 secs] 
2014-07-07T19:49:13.826+0000: 421.746: [GC [PSYoungGen: 173862K->1379K(209024K)] 271224K->98898K(896000K), 0.0166930 secs] [Times: user=0.06 sys=0.00, real=0.02 secs] 
2014-07-07T19:49:14.785+0000: 422.706: [GC [PSYoungGen: 208995K->1044K(204096K)] 306514K->98766K(891072K), 0.0043890 secs] [Times: user=0.02 sys=0.00, real=0.01 secs] 
2014-07-07T19:49:15.690+0000: 423.610: [GC [PSYoungGen: 204052K->948K(199552K)] 301774K->98678K(886528K), 0.0045540 secs] [Times: user=0.00 sys=0.00, real=0.01 secs] 
2014-07-07T19:49:16.606+0000: 424.527: [GC [PSYoungGen: 199539K->1044K(195392K)] 297270K->98806K(882368K), 0.0078790 secs] [Times: user=0.02 sys=0.01, real=0.01 secs] 
2014-07-07T19:49:17.504+0000: 425.424: [GC [PSYoungGen: 195321K->1108K(191296K)] 293083K->98934K(878272K), 0.0053880 secs] [Times: user=0.02 sys=0.00, real=0.00 secs] 
2014-07-07T19:49:18.399+0000: 426.319: [GC [PSYoungGen: 191252K->980K(229248K)] 289078K->98846K(916224K), 0.0176890 secs] [Times: user=0.05 sys=0.00, real=0.02 secs] 
2014-07-07T19:49:19.434+0000: 427.354: [GC [PSYoungGen: 229194K->980K(223936K)] 327061K->98894K(910912K), 0.0037120 secs] [Times: user=0.01 sys=0.00, real=0.00 secs] 
2014-07-07T19:49:20.447+0000: 428.367: [GC [PSYoungGen: 223892K->1204K(219008K)] 321806K->99142K(905984K), 0.0099550 secs] [Times: user=0.03 sys=0.00, real=0.01 secs] 
2014-07-07T19:49:21.410+0000: 429.330: [GC [PSYoungGen: 218996K->1232K(214144K)] 316934K->99202K(901120K), 0.0066530 secs] [Times: user=0.02 sys=0.00, real=0.00 secs] 
2014-07-07T19:49:22.358+0000: 430.278: [GC [PSYoungGen: 214096K->876K(208960K)] 312066K->99058K(895936K), 0.0038990 secs] [Times: user=0.01 sys=0.00, real=0.01 secs] 
2014-07-07T19:49:23.294+0000: 431.214: [GC [PSYoungGen: 208940K->1108K(204608K)] 307122K->99298K(891584K), 0.0056450 secs] [Times: user=0.01 sys=0.00, real=0.00 secs] 
2014-07-07T19:49:24.221+0000: 432.142: [GC [PSYoungGen: 204564K->1172K(200192K)] 302754K->99450K(887168K), 0.0033300 secs] [Times: user=0.00 sys=0.00, real=0.00 secs] 
2014-07-07T19:49:25.122+0000: 433.042: [GC [PSYoungGen: 200130K->1076K(195776K)] 298408K->99386K(882752K), 0.0056830 secs] [Times: user=0.02 sys=0.00, real=0.00 secs] 
2014-07-07T19:49:26.023+0000: 433.944: [GC [PSYoungGen: 195722K->820K(191360K)] 294032K->99282K(878336K), 0.0057210 secs] [Times: user=0.01 sys=0.00, real=0.00 secs] 
2014-07-07T19:49:26.877+0000: 434.797: [GC [PSYoungGen: 191348K->1296K(187840K)] 289810K->99783K(874816K), 0.0076870 secs] [Times: user=0.03 sys=0.00, real=0.01 secs] 
2014-07-07T19:49:27.732+0000: 435.653: [GC [PSYoungGen: 187787K->948K(183552K)] 286274K->99594K(870528K), 0.0095090 secs] [Times: user=0.03 sys=0.00, real=0.01 secs] 
2014-07-07T19:49:28.569+0000: 436.489: [GC [PSYoungGen: 183540K->1133K(179968K)] 282186K->99804K(866944K), 0.0048760 secs] [Times: user=0.01 sys=0.00, real=0.01 secs] 
2014-07-07T19:49:29.387+0000: 437.307: [GC [PSYoungGen: 179949K->1022K(176192K)] 278620K->99911K(863168K), 0.0066260 secs] [Times: user=0.02 sys=0.01, real=0.01 secs] 
2014-07-07T19:49:30.187+0000: 438.107: [GC [PSYoungGen: 176130K->1460K(173120K)] 275018K->100445K(860096K), 0.0074010 secs] [Times: user=0.01 sys=0.00, real=0.01 secs] 
2014-07-07T19:49:30.966+0000: 438.886: [GC [PSYoungGen: 173108K->506K(206528K)] 272093K->100084K(893504K), 0.0224430 secs] [Times: user=0.08 sys=0.00, real=0.02 secs] 
2014-07-07T19:49:31.885+0000: 439.805: [GC [PSYoungGen: 206522K->1592K(248832K)] 306100K->101251K(935808K), 0.0159370 secs] [Times: user=0.05 sys=0.00, real=0.01 secs] 
2014-07-07T19:49:33.020+0000: 440.940: [GC [PSYoungGen: 248768K->1144K(297856K)] 348427K->101179K(984832K), 0.0120500 secs] [Times: user=0.04 sys=0.00, real=0.01 secs] 
2014-07-07T19:49:34.379+0000: 442.299: [GC [PSYoungGen: 297827K->1162K(357312K)] 397862K->101237K(1044288K), 0.0068010 secs] [Times: user=0.02 sys=0.00, real=0.01 secs] 
2014-07-07T19:49:36.024+0000: 443.944: [GC [PSYoungGen: 357258K->948K(346752K)] 457333K->101047K(1033728K), 0.0067770 secs] [Times: user=0.02 sys=0.00, real=0.00 secs] 
2014-07-07T19:49:37.625+0000: 445.545: [GC [PSYoungGen: 346710K->1140K(337088K)] 446809K->101279K(1024064K), 0.0052240 secs] [Times: user=0.02 sys=0.00, real=0.00 secs] 
2014-07-07T19:49:39.152+0000: 447.072: [GC [PSYoungGen: 337038K->1218K(327744K)] 437177K->101429K(1014720K), 0.0033640 secs] [Times: user=0.01 sys=0.00, real=0.01 secs] 
2014-07-07T19:49:40.645+0000: 448.565: [GC [PSYoungGen: 327682K->1172K(318592K)] 427892K->101423K(1005568K), 0.0060260 secs] [Times: user=0.02 sys=0.00, real=0.00 secs] 
2014-07-07T19:49:42.070+0000: 449.990: [GC [PSYoungGen: 318510K->884K(309568K)] 418761K->101255K(996544K), 0.0101840 secs] [Times: user=0.04 sys=0.00, real=0.01 secs] 
2014-07-07T19:49:43.459+0000: 451.379: [GC [PSYoungGen: 309556K->1268K(301568K)] 409927K->101687K(988544K), 0.0049580 secs] [Times: user=0.02 sys=0.00, real=0.00 secs] 
2014-07-07T19:49:44.829+0000: 452.749: [GC [PSYoungGen: 301556K->1136K(293376K)] 401975K->101619K(980352K), 0.0071890 secs] [Times: user=0.02 sys=0.00, real=0.01 secs] 
2014-07-07T19:49:46.152+0000: 454.073: [GC [PSYoungGen: 293360K->1592K(286080K)] 393843K->102130K(973056K), 0.0090720 secs] [Times: user=0.03 sys=0.01, real=0.01 secs] 
2014-07-07T19:49:47.446+0000: 455.366: [GC [PSYoungGen: 286072K->506K(277568K)] 386610K->101631K(964544K), 0.0075000 secs] [Times: user=0.02 sys=0.01, real=0.00 secs] 
2014-07-07T19:49:48.716+0000: 456.636: [GC [PSYoungGen: 277562K->1372K(271296K)] 378687K->102553K(958272K), 0.0062660 secs] [Times: user=0.02 sys=0.00, real=0.00 secs] 
2014-07-07T19:49:49.943+0000: 457.863: [GC [PSYoungGen: 271260K->1104K(264192K)] 372441K->102613K(951168K), 0.0057920 secs] [Times: user=0.01 sys=0.01, real=0.01 secs] 
2014-07-07T19:49:51.122+0000: 459.042: [GC [PSYoungGen: 264111K->1104K(257600K)] 365620K->102629K(944576K), 0.0063210 secs] [Times: user=0.01 sys=0.00, real=0.01 secs] 
2014-07-07T19:49:52.294+0000: 460.215: [GC [PSYoungGen: 257540K->1072K(251200K)] 359065K->102749K(938176K), 0.0030180 secs] [Times: user=0.01 sys=0.00, real=0.01 secs] 
2014-07-07T19:49:53.439+0000: 461.359: [GC [PSYoungGen: 251184K->1438K(245440K)] 352861K->103163K(932416K), 0.0036230 secs] [Times: user=0.01 sys=0.01, real=0.00 secs] 
2014-07-07T19:49:54.542+0000: 462.462: [GC [PSYoungGen: 245405K->818K(238912K)] 347131K->103073K(925888K), 0.0074150 secs] [Times: user=0.03 sys=0.00, real=0.01 secs] 
2014-07-07T19:49:55.602+0000: 463.523: [GC [PSYoungGen: 238898K->1571K(233984K)] 341153K->103858K(920960K), 0.0053100 secs] [Times: user=0.01 sys=0.00, real=0.01 secs] 
2014-07-07T19:49:56.670+0000: 464.591: [GC [PSYoungGen: 233937K->948K(227840K)] 336224K->103597K(914816K), 0.0033260 secs] [Times: user=0.01 sys=0.00, real=0.00 secs] 
2014-07-07T19:49:57.718+0000: 465.638: [GC [PSYoungGen: 227825K->1044K(222720K)] 330475K->103765K(909696K), 0.0093530 secs] [Times: user=0.04 sys=0.00, real=0.01 secs] 
2014-07-07T19:49:58.744+0000: 466.664: [GC [PSYoungGen: 222663K->1108K(217664K)] 325384K->103901K(904640K), 0.0041390 secs] [Times: user=0.01 sys=0.00, real=0.01 secs] 
2014-07-07T19:49:59.725+0000: 467.646: [GC [PSYoungGen: 217591K->1236K(212864K)] 320384K->104061K(899840K), 0.0101590 secs] [Times: user=0.04 sys=0.00, real=0.01 secs] 
2014-07-07T19:50:00.691+0000: 468.612: [GC [PSYoungGen: 212820K->1072K(207936K)] 315645K->103913K(894912K), 0.0059600 secs] [Times: user=0.01 sys=0.00, real=0.01 secs] 
2014-07-07T19:50:01.639+0000: 469.560: [GC [PSYoungGen: 207920K->1172K(203520K)] 310761K->104061K(890496K), 0.0060020 secs] [Times: user=0.02 sys=0.00, real=0.00 secs] 
2014-07-07T19:50:02.557+0000: 470.477: [GC [PSYoungGen: 203423K->1072K(198976K)] 306312K->104213K(885952K), 0.0059460 secs] [Times: user=0.02 sys=0.00, real=0.01 secs] 
2014-07-07T19:50:03.447+0000: 471.367: [GC [PSYoungGen: 198960K->1172K(194816K)] 302101K->104369K(881792K), 0.0063530 secs] [Times: user=0.02 sys=0.00, real=0.01 secs] 
2014-07-07T19:50:04.311+0000: 472.232: [GC [PSYoungGen: 194772K->954K(190464K)] 297969K->104509K(877440K), 0.0057670 secs] [Times: user=0.01 sys=0.00, real=0.01 secs] 
2014-07-07T19:50:05.151+0000: 473.071: [GC [PSYoungGen: 190458K->1357K(186944K)] 294013K->104952K(873920K), 0.0082190 secs] [Times: user=0.03 sys=0.00, real=0.01 secs] 
2014-07-07T19:50:06.008+0000: 473.928: [GC [PSYoungGen: 186880K->884K(182592K)] 290475K->104615K(869568K), 0.0105410 secs] [Times: user=0.04 sys=0.00, real=0.01 secs] 
2014-07-07T19:50:06.855+0000: 474.775: [GC [PSYoungGen: 182563K->1076K(179072K)] 286294K->104831K(866048K), 0.0102890 secs] [Times: user=0.03 sys=0.01, real=0.01 secs] 
2014-07-07T19:50:07.655+0000: 475.576: [GC [PSYoungGen: 179020K->948K(175360K)] 282776K->104791K(862336K), 0.0067320 secs] [Times: user=0.02 sys=0.00, real=0.01 secs] 
2014-07-07T19:50:08.448+0000: 476.368: [GC [PSYoungGen: 175315K->1204K(172160K)] 279159K->105095K(859136K), 0.0102770 secs] [Times: user=0.03 sys=0.00, real=0.01 secs] 
2014-07-07T19:50:09.216+0000: 477.136: [GC [PSYoungGen: 172135K->1062K(206272K)] 276026K->105017K(893248K), 0.0094500 secs] [Times: user=0.03 sys=0.00, real=0.01 secs] 
2014-07-07T19:50:10.149+0000: 478.069: [GC [PSYoungGen: 206226K->948K(201600K)] 310181K->104911K(888576K), 0.0065090 secs] [Times: user=0.01 sys=0.00, real=0.00 secs] 
2014-07-07T19:50:11.064+0000: 478.984: [GC [PSYoungGen: 201567K->1065K(197376K)] 305530K->105314K(884352K), 0.0051000 secs] [Times: user=0.01 sys=0.00, real=0.01 secs] 
2014-07-07T19:50:11.971+0000: 479.891: [GC [PSYoungGen: 197353K->1158K(193280K)] 301602K->105431K(880256K), 0.0054790 secs] [Times: user=0.01 sys=0.01, real=0.00 secs] 
2014-07-07T19:50:12.867+0000: 480.787: [GC [PSYoungGen: 193222K->948K(188928K)] 297495K->105407K(875904K), 0.0054120 secs] [Times: user=0.02 sys=0.00, real=0.01 secs] 
2014-07-07T19:50:13.720+0000: 481.640: [GC [PSYoungGen: 188916K->1172K(185280K)] 293375K->105671K(872256K), 0.0134700 secs] [Times: user=0.05 sys=0.00, real=0.01 secs] 
2014-07-07T19:50:14.571+0000: 482.491: [GC [PSYoungGen: 185189K->934K(181248K)] 289689K->105569K(868224K), 0.0052870 secs] [Times: user=0.02 sys=0.00, real=0.00 secs] 
2014-07-07T19:50:15.384+0000: 483.304: [GC [PSYoungGen: 181200K->980K(177664K)] 285835K->105631K(864640K), 0.0098960 secs] [Times: user=0.03 sys=0.00, real=0.01 secs] 
2014-07-07T19:50:16.194+0000: 484.115: [GC [PSYoungGen: 177577K->1001K(174080K)] 282228K->105854K(861056K), 0.0077740 secs] [Times: user=0.03 sys=0.00, real=0.01 secs] 
2014-07-07T19:50:16.971+0000: 484.891: [GC [PSYoungGen: 174055K->1012K(170624K)] 278908K->105905K(857600K), 0.0042030 secs] [Times: user=0.00 sys=0.01, real=0.00 secs] 
2014-07-07T19:50:17.744+0000: 485.664: [GC [PSYoungGen: 170612K->948K(167232K)] 275505K->105953K(854208K), 0.0083400 secs] [Times: user=0.03 sys=0.00, real=0.01 secs] 
2014-07-07T19:50:18.492+0000: 486.412: [GC [PSYoungGen: 167207K->1130K(164224K)] 272212K->106167K(851200K), 0.0073930 secs] [Times: user=0.01 sys=0.00, real=0.01 secs] 
2014-07-07T19:50:19.231+0000: 487.151: [GC [PSYoungGen: 164159K->884K(160832K)] 269197K->106199K(847808K), 0.0044810 secs] [Times: user=0.01 sys=0.00, real=0.00 secs] 
2014-07-07T19:50:19.958+0000: 487.878: [GC [PSYoungGen: 160818K->1030K(158016K)] 266133K->106369K(844992K), 0.0037650 secs] [Times: user=0.01 sys=0.00, real=0.01 secs] 
2014-07-07T19:50:20.671+0000: 488.591: [GC [PSYoungGen: 157958K->884K(154880K)] 263297K->106327K(841856K), 0.0064050 secs] [Times: user=0.02 sys=0.00, real=0.00 secs] 
2014-07-07T19:50:21.382+0000: 489.302: [GC [PSYoungGen: 154867K->1140K(152320K)] 260310K->106623K(839296K), 0.0025680 secs] [Times: user=0.01 sys=0.00, real=0.00 secs] 
2014-07-07T19:50:22.068+0000: 489.988: [GC [PSYoungGen: 152299K->820K(149248K)] 257782K->106553K(836224K), 0.0050940 secs] [Times: user=0.01 sys=0.00, real=0.01 secs] 
2014-07-07T19:50:22.755+0000: 490.675: [GC [PSYoungGen: 149236K->1076K(146816K)] 254969K->106825K(833792K), 0.0091930 secs] [Times: user=0.03 sys=0.00, real=0.01 secs] 
2014-07-07T19:50:23.427+0000: 491.347: [GC [PSYoungGen: 146779K->816K(175744K)] 252528K->106843K(862720K), 0.0207280 secs] [Times: user=0.07 sys=0.00, real=0.02 secs] 
2014-07-07T19:50:24.228+0000: 492.149: [GC [PSYoungGen: 175728K->980K(210944K)] 281755K->107031K(897920K), 0.0070950 secs] [Times: user=0.02 sys=0.00, real=0.01 secs] 
2014-07-07T19:50:25.195+0000: 493.115: [GC [PSYoungGen: 210900K->884K(252800K)] 316951K->107039K(939776K), 0.0157780 secs] [Times: user=0.06 sys=0.00, real=0.02 secs] 
2014-07-07T19:50:26.346+0000: 494.267: [GC [PSYoungGen: 252788K->1296K(303680K)] 358943K->107484K(990656K), 0.0114660 secs] [Times: user=0.04 sys=0.00, real=0.01 secs] 
2014-07-07T19:50:27.750+0000: 495.671: [GC [PSYoungGen: 303632K->506K(363328K)] 409820K->107345K(1050304K), 0.0090510 secs] [Times: user=0.03 sys=0.00, real=0.00 secs] 
2014-07-07T19:50:29.401+0000: 497.321: [GC [PSYoungGen: 363322K->1400K(353664K)] 470161K->108328K(1040640K), 0.0115330 secs] [Times: user=0.04 sys=0.00, real=0.02 secs] 
2014-07-07T19:50:31.018+0000: 498.939: [GC [PSYoungGen: 353656K->948K(343104K)] 460584K->108284K(1030080K), 0.0090590 secs] [Times: user=0.03 sys=0.00, real=0.01 secs] 
2014-07-07T19:50:32.604+0000: 500.524: [GC [PSYoungGen: 343085K->1254K(333696K)] 450421K->108662K(1020672K), 0.0050040 secs] [Times: user=0.02 sys=0.00, real=0.00 secs] 
2014-07-07T19:50:34.117+0000: 502.037: [GC [PSYoungGen: 333641K->890K(323968K)] 441049K->108682K(1010944K), 0.0071380 secs] [Times: user=0.02 sys=0.00, real=0.01 secs] 
2014-07-07T19:50:35.573+0000: 503.493: [GC [PSYoungGen: 323944K->1517K(315648K)] 431736K->109437K(1002624K), 0.0083490 secs] [Times: user=0.03 sys=0.00, real=0.00 secs] 
2014-07-07T19:50:36.999+0000: 504.919: [GC [PSYoungGen: 315629K->702K(306240K)] 423549K->109166K(993216K), 0.0077120 secs] [Times: user=0.02 sys=0.00, real=0.01 secs] 
2014-07-07T19:50:38.381+0000: 506.301: [GC [PSYoungGen: 306238K->1464K(298752K)] 414702K->110024K(985728K), 0.0059650 secs] [Times: user=0.01 sys=0.01, real=0.01 secs] 
2014-07-07T19:50:39.714+0000: 507.635: [GC [PSYoungGen: 298744K->1207K(290560K)] 407304K->110165K(977536K), 0.0084440 secs] [Times: user=0.03 sys=0.00, real=0.01 secs] 
2014-07-07T19:50:41.033+0000: 508.953: [GC [PSYoungGen: 290551K->1424K(283200K)] 399509K->110430K(970176K), 0.0053370 secs] [Times: user=0.01 sys=0.00, real=0.01 secs] 
2014-07-07T19:50:42.326+0000: 510.247: [GC [PSYoungGen: 283152K->948K(275392K)] 392158K->109986K(962368K), 0.0064630 secs] [Times: user=0.02 sys=0.00, real=0.01 secs] 
2014-07-07T19:50:43.595+0000: 511.515: [GC [PSYoungGen: 275380K->1012K(268416K)] 384418K->110082K(955392K), 0.0077170 secs] [Times: user=0.02 sys=0.00, real=0.00 secs] 
2014-07-07T19:50:44.816+0000: 512.736: [GC [PSYoungGen: 268404K->980K(261632K)] 377474K->110074K(948608K), 0.0040510 secs] [Times: user=0.01 sys=0.01, real=0.00 secs] 
2014-07-07T19:50:45.993+0000: 513.914: [GC [PSYoungGen: 261588K->1332K(255424K)] 370682K->110458K(942400K), 0.0068020 secs] [Times: user=0.02 sys=0.00, real=0.00 secs] 
2014-07-07T19:50:47.161+0000: 515.082: [GC [PSYoungGen: 255412K->1268K(249088K)] 364538K->110434K(936064K), 0.0066050 secs] [Times: user=0.02 sys=0.00, real=0.01 secs] 
2014-07-07T19:50:48.291+0000: 516.211: [GC [PSYoungGen: 249076K->1236K(243072K)] 358242K->110466K(930048K), 0.0084010 secs] [Times: user=0.01 sys=0.00, real=0.01 secs] 
2014-07-07T19:50:49.399+0000: 517.319: [GC [PSYoungGen: 243027K->944K(236928K)] 352257K->110484K(923904K), 0.0073240 secs] [Times: user=0.02 sys=0.00, real=0.01 secs] 
2014-07-07T19:50:50.469+0000: 518.390: [GC [PSYoungGen: 236888K->1411K(231808K)] 346428K->110983K(918784K), 0.0042660 secs] [Times: user=0.01 sys=0.00, real=0.00 secs] 
2014-07-07T19:50:51.504+0000: 519.424: [GC [PSYoungGen: 231710K->958K(225920K)] 341282K->110980K(912896K), 0.0111920 secs] [Times: user=0.04 sys=0.00, real=0.02 secs] 
2014-07-07T19:50:52.530+0000: 520.450: [GC [PSYoungGen: 225895K->1168K(220992K)] 335917K->111222K(907968K), 0.0056710 secs] [Times: user=0.02 sys=0.00, real=0.01 secs] 
2014-07-07T19:50:53.547+0000: 521.467: [GC [PSYoungGen: 220944K->1303K(216064K)] 330998K->111488K(903040K), 0.0056820 secs] [Times: user=0.02 sys=0.00, real=0.00 secs] 
2014-07-07T19:50:54.517+0000: 522.438: [GC [PSYoungGen: 216023K->1140K(211008K)] 326208K->111380K(897984K), 0.0047850 secs] [Times: user=0.02 sys=0.00, real=0.00 secs] 
2014-07-07T19:50:55.495+0000: 523.415: [GC [PSYoungGen: 210996K->876K(206080K)] 321236K->111404K(893056K), 0.0068890 secs] [Times: user=0.03 sys=0.00, real=0.00 secs] 
2014-07-07T19:50:56.438+0000: 524.358: [GC [PSYoungGen: 206043K->1290K(201984K)] 316571K->111842K(888960K), 0.0050190 secs] [Times: user=0.01 sys=0.00, real=0.00 secs] 
2014-07-07T19:50:57.358+0000: 525.279: [GC [PSYoungGen: 201911K->998K(197312K)] 312464K->111820K(884288K), 0.0158840 secs] [Times: user=0.05 sys=0.00, real=0.01 secs] 
2014-07-07T19:50:58.256+0000: 526.176: [GC [PSYoungGen: 197286K->1044K(193152K)] 308108K->111906K(880128K), 0.0035180 secs] [Times: user=0.01 sys=0.00, real=0.00 secs] 
2014-07-07T19:50:59.116+0000: 527.036: [GC [PSYoungGen: 193108K->1126K(189120K)] 303970K->112068K(876096K), 0.0060080 secs] [Times: user=0.02 sys=0.01, real=0.00 secs] 
2014-07-07T19:50:59.981+0000: 527.901: [GC [PSYoungGen: 189094K->1204K(185280K)] 300036K->112178K(872256K), 0.0096120 secs] [Times: user=0.03 sys=0.00, real=0.01 secs] 
2014-07-07T19:51:00.819+0000: 528.739: [GC [PSYoungGen: 185236K->752K(181056K)] 296210K->111962K(868032K), 0.0060290 secs] [Times: user=0.02 sys=0.00, real=0.00 secs] 
2014-07-07T19:51:01.632+0000: 529.552: [GC [PSYoungGen: 181011K->1044K(177728K)] 292221K->112286K(864704K), 0.0041530 secs] [Times: user=0.01 sys=0.00, real=0.01 secs] 
2014-07-07T19:51:02.444+0000: 530.364: [GC [PSYoungGen: 177641K->1062K(174144K)] 288883K->112376K(861120K), 0.0087620 secs] [Times: user=0.03 sys=0.00, real=0.01 secs] 
2014-07-07T19:51:03.229+0000: 531.149: [GC [PSYoungGen: 174118K->1012K(170624K)] 285432K->112350K(857600K), 0.0038010 secs] [Times: user=0.00 sys=0.01, real=0.00 secs] 
2014-07-07T19:51:03.996+0000: 531.916: [GC [PSYoungGen: 170612K->1012K(167296K)] 281950K->112390K(854272K), 0.0146550 secs] [Times: user=0.05 sys=0.00, real=0.01 secs] 
2014-07-07T19:51:04.751+0000: 532.671: [GC [PSYoungGen: 167280K->980K(164096K)] 278659K->112382K(851072K), 0.0042740 secs] [Times: user=0.01 sys=0.00, real=0.00 secs] 
2014-07-07T19:51:05.485+0000: 533.405: [GC [PSYoungGen: 164007K->1072K(161024K)] 275409K->112660K(848000K), 0.0101500 secs] [Times: user=0.03 sys=0.00, real=0.01 secs] 
2014-07-07T19:51:06.224+0000: 534.144: [GC [PSYoungGen: 161008K->1080K(158016K)] 272596K->112676K(844992K), 0.0060050 secs] [Times: user=0.00 sys=0.01, real=0.01 secs] 
2014-07-07T19:51:06.936+0000: 534.856: [GC [PSYoungGen: 158008K->932K(154944K)] 269604K->113001K(841920K), 0.0060090 secs] [Times: user=0.02 sys=0.01, real=0.00 secs] 
2014-07-07T19:51:07.643+0000: 535.563: [GC [PSYoungGen: 154916K->1531K(186368K)] 266984K->113793K(873344K), 0.0106020 secs] [Times: user=0.04 sys=0.00, real=0.01 secs] 
2014-07-07T19:51:08.460+0000: 536.380: [GC [PSYoungGen: 186363K->638K(222464K)] 298625K->113571K(909440K), 0.0296570 secs] [Times: user=0.09 sys=0.00, real=0.03 secs] 
2014-07-07T19:51:09.484+0000: 537.404: [GC [PSYoungGen: 222430K->1311K(267584K)] 335363K->114276K(954560K), 0.0047130 secs] [Times: user=0.01 sys=0.00, real=0.01 secs] 
2014-07-07T19:51:10.694+0000: 538.614: [GC [PSYoungGen: 267502K->1130K(320640K)] 380467K->114339K(1007616K), 0.0166420 secs] [Times: user=0.05 sys=0.00, real=0.02 secs] 
2014-07-07T19:51:12.143+0000: 540.063: [GC [PSYoungGen: 320618K->1140K(384576K)] 433827K->114389K(1071552K), 0.0046100 secs] [Times: user=0.01 sys=0.00, real=0.01 secs] 
2014-07-07T19:51:13.859+0000: 541.780: [GC [PSYoungGen: 384564K->980K(372992K)] 497813K->114261K(1059968K), 0.0039700 secs] [Times: user=0.01 sys=0.00, real=0.00 secs] 
2014-07-07T19:51:15.543+0000: 543.464: [GC [PSYoungGen: 372948K->1126K(362176K)] 486229K->114431K(1049152K), 0.0069890 secs] [Times: user=0.03 sys=0.01, real=0.01 secs] 
2014-07-07T19:51:17.196+0000: 545.116: [GC [PSYoungGen: 362140K->1200K(351744K)] 475445K->114537K(1038720K), 0.0053850 secs] [Times: user=0.02 sys=0.00, real=0.01 secs] 
2014-07-07T19:51:18.799+0000: 546.719: [GC [PSYoungGen: 351713K->1030K(341568K)] 465050K->114423K(1028544K), 0.0068690 secs] [Times: user=0.01 sys=0.00, real=0.00 secs] 
2014-07-07T19:51:20.344+0000: 548.264: [GC [PSYoungGen: 341510K->948K(331776K)] 454903K->114553K(1018752K), 0.0107910 secs] [Times: user=0.04 sys=0.00, real=0.01 secs] 
2014-07-07T19:51:21.870+0000: 549.790: [GC [PSYoungGen: 331721K->1076K(322624K)] 445326K->114713K(1009600K), 0.0033790 secs] [Times: user=0.00 sys=0.00, real=0.00 secs] 
2014-07-07T19:51:23.342+0000: 551.262: [GC [PSYoungGen: 322607K->1062K(313728K)] 436244K->114843K(1000704K), 0.0070610 secs] [Times: user=0.03 sys=0.00, real=0.01 secs] 
2014-07-07T19:51:24.755+0000: 552.676: [GC [PSYoungGen: 313702K->980K(305152K)] 427483K->114769K(992128K), 0.0062760 secs] [Times: user=0.00 sys=0.00, real=0.01 secs] 
2014-07-07T19:51:26.167+0000: 554.088: [GC [PSYoungGen: 305082K->1012K(296960K)] 418871K->114905K(983936K), 0.0086780 secs] [Times: user=0.03 sys=0.00, real=0.01 secs] 
2014-07-07T19:51:27.528+0000: 555.448: [GC [PSYoungGen: 296948K->1140K(289216K)] 410841K->115065K(976192K), 0.0081920 secs] [Times: user=0.03 sys=0.00, real=0.01 secs] 
2014-07-07T19:51:28.835+0000: 556.755: [GC [PSYoungGen: 289155K->805K(281344K)] 403080K->115088K(968320K), 0.0079180 secs] [Times: user=0.03 sys=0.00, real=0.01 secs] 
2014-07-07T19:51:30.086+0000: 558.006: [GC [PSYoungGen: 281280K->1308K(274560K)] 395563K->115639K(961536K), 0.0046490 secs] [Times: user=0.02 sys=0.00, real=0.01 secs] 
2014-07-07T19:51:31.350+0000: 559.270: [GC [PSYoungGen: 274523K->688K(266944K)] 388854K->115599K(953920K), 0.0065770 secs] [Times: user=0.02 sys=0.00, real=0.00 secs] 
2014-07-07T19:51:32.544+0000: 560.464: [GC [PSYoungGen: 266927K->1442K(260992K)] 381839K->116612K(947968K), 0.0094510 secs] [Times: user=0.03 sys=0.00, real=0.01 secs] 
2014-07-07T19:51:33.729+0000: 561.650: [GC [PSYoungGen: 260962K->816K(253888K)] 376132K->116425K(940864K), 0.0146450 secs] [Times: user=0.05 sys=0.00, real=0.02 secs] 
2014-07-07T19:51:34.902+0000: 562.823: [GC [PSYoungGen: 253826K->1517K(248384K)] 369436K->117199K(935360K), 0.0082210 secs] [Times: user=0.02 sys=0.00, real=0.00 secs] 
2014-07-07T19:51:36.028+0000: 563.948: [GC [PSYoungGen: 248318K->890K(241728K)] 364000K->116964K(928704K), 0.0066720 secs] [Times: user=0.01 sys=0.00, real=0.01 secs] 
2014-07-07T19:51:37.115+0000: 565.035: [GC [PSYoungGen: 241678K->1621K(236736K)] 357751K->117734K(923712K), 0.0136420 secs] [Times: user=0.05 sys=0.01, real=0.01 secs] 
2014-07-07T19:51:38.179+0000: 566.099: [GC [PSYoungGen: 236693K->826K(230336K)] 352806K->117652K(917312K), 0.0117250 secs] [Times: user=0.04 sys=0.00, real=0.01 secs] 
2014-07-07T19:51:39.241+0000: 567.161: [GC [PSYoungGen: 230330K->1176K(225344K)] 347156K->118058K(912320K), 0.0066450 secs] [Times: user=0.02 sys=0.00, real=0.01 secs] 
2014-07-07T19:51:40.271+0000: 568.192: [GC [PSYoungGen: 225304K->1012K(219968K)] 342186K->118106K(906944K), 0.0050160 secs] [Times: user=0.01 sys=0.01, real=0.01 secs] 
2014-07-07T19:51:41.242+0000: 569.162: [GC [PSYoungGen: 219956K->1172K(215168K)] 337050K->118298K(902144K), 0.0118740 secs] [Times: user=0.04 sys=0.00, real=0.02 secs] 
2014-07-07T19:51:42.224+0000: 570.144: [GC [PSYoungGen: 215094K->1112K(210304K)] 332220K->118246K(897280K), 0.0053970 secs] [Times: user=0.01 sys=0.00, real=0.00 secs] 
2014-07-07T19:51:43.192+0000: 571.112: [GC [PSYoungGen: 210264K->1172K(205696K)] 327398K->118346K(892672K), 0.0049320 secs] [Times: user=0.01 sys=0.00, real=0.00 secs] 
2014-07-07T19:51:44.133+0000: 572.053: [GC [PSYoungGen: 205648K->980K(201024K)] 322822K->118194K(888000K), 0.0057730 secs] [Times: user=0.02 sys=0.01, real=0.00 secs] 
2014-07-07T19:51:45.059+0000: 572.979: [GC [PSYoungGen: 200980K->1140K(196800K)] 318194K->118386K(883776K), 0.0054120 secs] [Times: user=0.02 sys=0.00, real=0.01 secs] 
2014-07-07T19:51:45.963+0000: 573.883: [GC [PSYoungGen: 196788K->1324K(192832K)] 314034K->118626K(879808K), 0.0032570 secs] [Times: user=0.01 sys=0.00, real=0.00 secs] 
2014-07-07T19:51:46.835+0000: 574.755: [GC [PSYoungGen: 192811K->980K(188480K)] 310113K->118298K(875456K), 0.0081910 secs] [Times: user=0.00 sys=0.00, real=0.01 secs] 
2014-07-07T19:51:47.695+0000: 575.615: [GC [PSYoungGen: 188435K->1012K(184576K)] 305753K->118482K(871552K), 0.0146760 secs] [Times: user=0.04 sys=0.01, real=0.01 secs] 
2014-07-07T19:51:48.544+0000: 576.464: [GC [PSYoungGen: 184563K->1108K(180928K)] 302033K->118626K(867904K), 0.0061200 secs] [Times: user=0.02 sys=0.00, real=0.00 secs] 
2014-07-07T19:51:49.383+0000: 577.304: [GC [PSYoungGen: 180812K->1165K(177344K)] 298330K->118731K(864320K), 0.0067640 secs] [Times: user=0.02 sys=0.00, real=0.00 secs] 
2014-07-07T19:51:50.196+0000: 578.116: [GC [PSYoungGen: 177245K->980K(173632K)] 294811K->118562K(860608K), 0.0035930 secs] [Times: user=0.01 sys=0.00, real=0.00 secs] 
2014-07-07T19:51:50.995+0000: 578.915: [GC [PSYoungGen: 173587K->1012K(170176K)] 291169K->118618K(857152K), 0.0055840 secs] [Times: user=0.02 sys=0.00, real=0.00 secs] 
2014-07-07T19:51:51.758+0000: 579.678: [GC [PSYoungGen: 170145K->980K(166848K)] 287751K->118618K(853824K), 0.0082930 secs] [Times: user=0.02 sys=0.00, real=0.01 secs] 
2014-07-07T19:51:52.531+0000: 580.451: [GC [PSYoungGen: 166801K->1172K(163840K)] 284439K->118842K(850816K), 0.0094510 secs] [Times: user=0.03 sys=0.00, real=0.01 secs] 
2014-07-07T19:51:53.270+0000: 581.190: [GC [PSYoungGen: 163796K->1108K(160640K)] 281466K->118810K(847616K), 0.0070480 secs] [Times: user=0.02 sys=0.00, real=0.01 secs] 
2014-07-07T19:51:54.007+0000: 581.927: [GC [PSYoungGen: 160589K->752K(157248K)] 278291K->118772K(844224K), 0.0084360 secs] [Times: user=0.03 sys=0.00, real=0.01 secs] 
2014-07-07T19:51:54.711+0000: 582.631: [GC [PSYoungGen: 157232K->1144K(188928K)] 275252K->119196K(875904K), 0.0088650 secs] [Times: user=0.03 sys=0.00, real=0.01 secs] 
2014-07-07T19:51:55.572+0000: 583.492: [GC [PSYoungGen: 188920K->1076K(184960K)] 306972K->119308K(871936K), 0.0073440 secs] [Times: user=0.02 sys=0.00, real=0.01 secs] 
2014-07-07T19:51:56.416+0000: 584.336: [GC [PSYoungGen: 184902K->1044K(181184K)] 303134K->119316K(868160K), 0.0070880 secs] [Times: user=0.02 sys=0.00, real=0.00 secs] 
2014-07-07T19:51:57.226+0000: 585.147: [GC [PSYoungGen: 181130K->688K(216832K)] 299402K->119276K(903808K), 0.0312590 secs] [Times: user=0.11 sys=0.00, real=0.03 secs] 
2014-07-07T19:51:58.214+0000: 586.134: [GC [PSYoungGen: 216816K->1386K(260800K)] 335404K->120120K(947776K), 0.0089060 secs] [Times: user=0.02 sys=0.00, real=0.01 secs] 
2014-07-07T19:51:59.397+0000: 587.317: [GC [PSYoungGen: 260778K->752K(312064K)] 379512K->120008K(999040K), 0.0080590 secs] [Times: user=0.03 sys=0.00, real=0.01 secs] 
2014-07-07T19:52:00.832+0000: 588.752: [GC [PSYoungGen: 312048K->1432K(304256K)] 431304K->120736K(991232K), 0.0036740 secs] [Times: user=0.01 sys=0.00, real=0.01 secs] 
2014-07-07T19:52:02.214+0000: 590.134: [GC [PSYoungGen: 304216K->884K(295552K)] 423520K->120440K(982528K), 0.0068010 secs] [Times: user=0.01 sys=0.00, real=0.01 secs] 
2014-07-07T19:52:03.573+0000: 591.493: [GC [PSYoungGen: 295498K->1158K(288064K)] 415055K->120746K(975040K), 0.0088930 secs] [Times: user=0.03 sys=0.00, real=0.01 secs] 
2014-07-07T19:52:04.881+0000: 592.801: [GC [PSYoungGen: 288006K->948K(280256K)] 407594K->120584K(967232K), 0.0110900 secs] [Times: user=0.03 sys=0.00, real=0.01 secs] 
2014-07-07T19:52:06.130+0000: 594.050: [GC [PSYoungGen: 280244K->1332K(273408K)] 399880K->121000K(960384K), 0.0094300 secs] [Times: user=0.03 sys=0.00, real=0.01 secs] 
2014-07-07T19:52:07.368+0000: 595.288: [GC [PSYoungGen: 273396K->816K(265920K)] 393064K->120744K(952896K), 0.0047180 secs] [Times: user=0.01 sys=0.00, real=0.00 secs] 
2014-07-07T19:52:08.603+0000: 596.523: [GC [PSYoungGen: 265903K->1496K(259904K)] 385831K->121496K(946880K), 0.0067680 secs] [Times: user=0.01 sys=0.00, real=0.01 secs] 
2014-07-07T19:52:09.762+0000: 597.682: [GC [PSYoungGen: 259864K->752K(252672K)] 379864K->121192K(939648K), 0.0173880 secs] [Times: user=0.05 sys=0.00, real=0.02 secs] 
2014-07-07T19:52:10.926+0000: 598.846: [GC [PSYoungGen: 252628K->1194K(246912K)] 373069K->121666K(933888K), 0.0035500 secs] [Times: user=0.01 sys=0.00, real=0.01 secs] 
2014-07-07T19:52:12.048+0000: 599.968: [GC [PSYoungGen: 246855K->1200K(240960K)] 367328K->121837K(927936K), 0.0124960 secs] [Times: user=0.04 sys=0.00, real=0.01 secs] 
2014-07-07T19:52:13.143+0000: 601.063: [GC [PSYoungGen: 240944K->948K(234944K)] 361581K->121600K(921920K), 0.0036590 secs] [Times: user=0.01 sys=0.00, real=0.01 secs] 
2014-07-07T19:52:14.214+0000: 602.134: [GC [PSYoungGen: 234932K->948K(229440K)] 355584K->121712K(916416K), 0.0030700 secs] [Times: user=0.00 sys=0.00, real=0.01 secs] 
2014-07-07T19:52:15.239+0000: 603.159: [GC [PSYoungGen: 229410K->1044K(224256K)] 350175K->121832K(911232K), 0.0096580 secs] [Times: user=0.04 sys=0.00, real=0.01 secs] 
2014-07-07T19:52:16.259+0000: 604.179: [GC [PSYoungGen: 224212K->1012K(219072K)] 345000K->121872K(906048K), 0.0074490 secs] [Times: user=0.02 sys=0.00, real=0.00 secs] 
2014-07-07T19:52:17.256+0000: 605.176: [GC [PSYoungGen: 219044K->1510K(214592K)] 339904K->122427K(901568K), 0.0068290 secs] [Times: user=0.02 sys=0.00, real=0.01 secs] 
2014-07-07T19:52:18.236+0000: 606.156: [GC [PSYoungGen: 214557K->556K(208832K)] 335474K->121952K(895808K), 0.0098810 secs] [Times: user=0.03 sys=0.00, real=0.01 secs] 
2014-07-07T19:52:19.173+0000: 607.094: [GC [PSYoungGen: 208812K->1599K(205248K)] 330208K->123036K(892224K), 0.0037340 secs] [Times: user=0.01 sys=0.00, real=0.01 secs] 
2014-07-07T19:52:20.111+0000: 608.031: [GC [PSYoungGen: 205236K->1076K(200256K)] 326672K->122854K(887232K), 0.0105980 secs] [Times: user=0.04 sys=0.00, real=0.01 secs] 
2014-07-07T19:52:21.002+0000: 608.922: [GC [PSYoungGen: 200177K->1240K(196160K)] 321956K->123059K(883136K), 0.0066870 secs] [Times: user=0.03 sys=0.00, real=0.01 secs] 
2014-07-07T19:52:21.900+0000: 609.821: [GC [PSYoungGen: 196120K->1030K(191808K)] 317939K->122889K(878784K), 0.0048490 secs] [Times: user=0.01 sys=0.00, real=0.00 secs] 
2014-07-07T19:52:22.758+0000: 610.679: [GC [PSYoungGen: 191750K->1044K(187776K)] 313609K->122950K(874752K), 0.0048060 secs] [Times: user=0.01 sys=0.00, real=0.00 secs] 
2014-07-07T19:52:23.613+0000: 611.533: [GC [PSYoungGen: 187689K->1193K(184000K)] 309596K->123182K(870976K), 0.0093640 secs] [Times: user=0.03 sys=0.00, real=0.01 secs] 
2014-07-07T19:52:24.453+0000: 612.373: [GC [PSYoungGen: 183977K->1108K(180160K)] 305966K->123129K(867136K), 0.0099240 secs] [Times: user=0.04 sys=0.00, real=0.01 secs] 
2014-07-07T19:52:25.279+0000: 613.199: [GC [PSYoungGen: 180116K->1012K(176384K)] 302136K->123129K(863360K), 0.0075090 secs] [Times: user=0.03 sys=0.00, real=0.00 secs] 
2014-07-07T19:52:26.074+0000: 613.994: [GC [PSYoungGen: 176289K->1261K(173120K)] 298405K->123418K(860096K), 0.0104070 secs] [Times: user=0.04 sys=0.00, real=0.01 secs] 
2014-07-07T19:52:26.864+0000: 614.784: [GC [PSYoungGen: 173097K->948K(169408K)] 295253K->123177K(856384K), 0.0040710 secs] [Times: user=0.01 sys=0.00, real=0.00 secs] 
2014-07-07T19:52:27.632+0000: 615.552: [GC [PSYoungGen: 169396K->1325K(166464K)] 291625K->123610K(853440K), 0.0089600 secs] [Times: user=0.03 sys=0.00, real=0.01 secs] 
2014-07-07T19:52:28.386+0000: 616.306: [GC [PSYoungGen: 166444K->802K(162752K)] 288729K->123321K(849728K), 0.0064290 secs] [Times: user=0.02 sys=0.00, real=0.01 secs] 
2014-07-07T19:52:29.120+0000: 617.040: [GC [PSYoungGen: 162715K->1258K(160128K)] 285233K->123817K(847104K), 0.0055740 secs] [Times: user=0.02 sys=0.00, real=0.00 secs] 
2014-07-07T19:52:29.860+0000: 617.780: [GC [PSYoungGen: 160106K->1108K(191808K)] 282665K->123821K(878784K), 0.0222570 secs] [Times: user=0.07 sys=0.00, real=0.02 secs] 
2014-07-07T19:52:30.744+0000: 618.664: [GC [PSYoungGen: 191764K->1172K(230016K)] 314477K->123917K(916992K), 0.0112690 secs] [Times: user=0.04 sys=0.00, real=0.01 secs] 
2014-07-07T19:52:31.781+0000: 619.702: [GC [PSYoungGen: 229953K->752K(275328K)] 352698K->123709K(962304K), 0.0108400 secs] [Times: user=0.04 sys=0.00, real=0.01 secs] 
2014-07-07T19:52:33.035+0000: 620.955: [GC [PSYoungGen: 275312K->1410K(330944K)] 398269K->124457K(1017920K), 0.0117240 secs] [Times: user=0.04 sys=0.00, real=0.01 secs] 
2014-07-07T19:52:34.542+0000: 622.462: [GC [PSYoungGen: 330850K->884K(321152K)] 453897K->124173K(1008128K), 0.0056080 secs] [Times: user=0.02 sys=0.00, real=0.00 secs] 
2014-07-07T19:52:36.000+0000: 623.920: [GC [PSYoungGen: 321109K->1144K(312576K)] 444398K->124457K(999552K), 0.0066230 secs] [Times: user=0.02 sys=0.00, real=0.01 secs] 
2014-07-07T19:52:37.418+0000: 625.338: [GC [PSYoungGen: 312568K->980K(303936K)] 435881K->124399K(990912K), 0.0064390 secs] [Times: user=0.01 sys=0.00, real=0.01 secs] 
2014-07-07T19:52:38.787+0000: 626.707: [GC [PSYoungGen: 303891K->1076K(295872K)] 427310K->124575K(982848K), 0.0129230 secs] [Times: user=0.05 sys=0.00, real=0.01 secs] 
2014-07-07T19:52:40.123+0000: 628.043: [GC [PSYoungGen: 295847K->1012K(288000K)] 419346K->124559K(974976K), 0.0082740 secs] [Times: user=0.02 sys=0.00, real=0.01 secs] 
2014-07-07T19:52:41.443+0000: 629.364: [GC [PSYoungGen: 287979K->1030K(280512K)] 411526K->124617K(967488K), 0.0082600 secs] [Times: user=0.02 sys=0.00, real=0.01 secs] 
2014-07-07T19:52:42.710+0000: 630.630: [GC [PSYoungGen: 280438K->887K(273088K)] 404025K->124688K(960064K), 0.0065990 secs] [Times: user=0.01 sys=0.00, real=0.01 secs] 
2014-07-07T19:52:43.955+0000: 631.875: [GC [PSYoungGen: 273043K->1258K(266496K)] 396844K->125149K(953472K), 0.0091660 secs] [Times: user=0.03 sys=0.00, real=0.01 secs] 
2014-07-07T19:52:45.174+0000: 633.095: [GC [PSYoungGen: 266474K->826K(259328K)] 390365K->125153K(946304K), 0.0054240 secs] [Times: user=0.01 sys=0.00, real=0.00 secs] 
2014-07-07T19:52:46.346+0000: 634.266: [GC [PSYoungGen: 259322K->1457K(253504K)] 383649K->125832K(940480K), 0.0090470 secs] [Times: user=0.03 sys=0.00, real=0.01 secs] 
2014-07-07T19:52:47.494+0000: 635.415: [GC [PSYoungGen: 253434K->688K(246528K)] 377809K->125659K(933504K), 0.0030870 secs] [Times: user=0.01 sys=0.00, real=0.00 secs] 
2014-07-07T19:52:48.623+0000: 636.543: [GC [PSYoungGen: 246500K->1518K(241408K)] 371472K->126537K(928384K), 0.0065590 secs] [Times: user=0.01 sys=0.01, real=0.00 secs] 
2014-07-07T19:52:49.694+0000: 637.614: [GC [PSYoungGen: 241390K->948K(235072K)] 366409K->126279K(922048K), 0.0092200 secs] [Times: user=0.03 sys=0.00, real=0.01 secs] 
2014-07-07T19:52:50.759+0000: 638.679: [GC [PSYoungGen: 235060K->1012K(229568K)] 360391K->126383K(916544K), 0.0083580 secs] [Times: user=0.03 sys=0.00, real=0.01 secs] 
2014-07-07T19:52:51.816+0000: 639.736: [GC [PSYoungGen: 229556K->1012K(224256K)] 354927K->126423K(911232K), 0.0062030 secs] [Times: user=0.01 sys=0.00, real=0.01 secs] 
2014-07-07T19:52:52.825+0000: 640.745: [GC [PSYoungGen: 224244K->1108K(219264K)] 349655K->126559K(906240K), 0.0086490 secs] [Times: user=0.03 sys=0.00, real=0.01 secs] 
2014-07-07T19:52:53.833+0000: 641.753: [GC [PSYoungGen: 219220K->1204K(214336K)] 344671K->126695K(901312K), 0.0139410 secs] [Times: user=0.05 sys=0.00, real=0.02 secs] 
2014-07-07T19:52:54.811+0000: 642.732: [GC [PSYoungGen: 214323K->1236K(209600K)] 339814K->126759K(896576K), 0.0078410 secs] [Times: user=0.02 sys=0.00, real=0.01 secs] 
2014-07-07T19:52:55.763+0000: 643.683: [GC [PSYoungGen: 209556K->752K(204480K)] 335079K->126527K(891456K), 0.0087560 secs] [Times: user=0.03 sys=0.00, real=0.01 secs] 
2014-07-07T19:52:56.689+0000: 644.609: [GC [PSYoungGen: 204464K->1250K(200512K)] 330239K->127049K(887488K), 0.0090130 secs] [Times: user=0.03 sys=0.00, real=0.01 secs] 
2014-07-07T19:52:57.604+0000: 645.524: [GC [PSYoungGen: 200440K->1204K(240320K)] 326239K->127181K(927296K), 0.0266750 secs] [Times: user=0.09 sys=0.00, real=0.02 secs] 
2014-07-07T19:52:58.701+0000: 646.621: [GC [PSYoungGen: 240308K->1012K(288000K)] 366285K->127037K(974976K), 0.0074500 secs] [Times: user=0.02 sys=0.00, real=0.01 secs] 
2014-07-07T19:53:00.039+0000: 647.959: [GC [PSYoungGen: 287988K->948K(280384K)] 414013K->127005K(967360K), 0.0055440 secs] [Times: user=0.01 sys=0.00, real=0.01 secs] 
2014-07-07T19:53:01.326+0000: 649.246: [GC [PSYoungGen: 280372K->1204K(336576K)] 406429K->127285K(1023552K), 0.0139870 secs] [Times: user=0.04 sys=0.00, real=0.01 secs] 
2014-07-07T19:53:02.871+0000: 650.792: [GC [PSYoungGen: 336546K->1086K(326976K)] 462627K->127362K(1013952K), 0.0081350 secs] [Times: user=0.02 sys=0.00, real=0.01 secs] 
2014-07-07T19:53:04.355+0000: 652.275: [GC [PSYoungGen: 326974K->1286K(318144K)] 453250K->127601K(1005120K), 0.0077340 secs] [Times: user=0.02 sys=0.00, real=0.00 secs] 
2014-07-07T19:53:05.788+0000: 653.708: [GC [PSYoungGen: 318086K->802K(308928K)] 444401K->127361K(995904K), 0.0054260 secs] [Times: user=0.01 sys=0.00, real=0.00 secs] 
2014-07-07T19:53:07.206+0000: 655.127: [GC [PSYoungGen: 308892K->1343K(301056K)] 435451K->127918K(988032K), 0.0040790 secs] [Times: user=0.01 sys=0.00, real=0.00 secs] 
2014-07-07T19:53:08.573+0000: 656.493: [GC [PSYoungGen: 301018K->1076K(292800K)] 427594K->127787K(979776K), 0.0028890 secs] [Times: user=0.01 sys=0.00, real=0.01 secs] 
2014-07-07T19:53:09.906+0000: 657.826: [GC [PSYoungGen: 292755K->1595K(285632K)] 419466K->128370K(972608K), 0.0034630 secs] [Times: user=0.01 sys=0.00, real=0.00 secs] 
2014-07-07T19:53:11.195+0000: 659.116: [GC [PSYoungGen: 285627K->556K(277184K)] 412402K->128025K(964160K), 0.0055770 secs] [Times: user=0.01 sys=0.00, real=0.00 secs] 
2014-07-07T19:53:12.447+0000: 660.367: [GC [PSYoungGen: 277146K->1643K(271168K)] 404615K->129145K(958144K), 0.0087250 secs] [Times: user=0.03 sys=0.00, real=0.00 secs] 
2014-07-07T19:53:13.695+0000: 661.616: [GC [PSYoungGen: 271112K->1144K(263808K)] 398613K->129122K(950784K), 0.0074020 secs] [Times: user=0.02 sys=0.01, real=0.01 secs] 
2014-07-07T19:53:14.905+0000: 662.826: [GC [PSYoungGen: 263800K->1204K(257280K)] 391778K->129222K(944256K), 0.0070800 secs] [Times: user=0.03 sys=0.01, real=0.01 secs] 
2014-07-07T19:53:16.058+0000: 663.978: [GC [PSYoungGen: 257223K->1232K(251008K)] 385240K->129306K(937984K), 0.0061650 secs] [Times: user=0.02 sys=0.00, real=0.00 secs] 
2014-07-07T19:53:17.215+0000: 665.135: [GC [PSYoungGen: 250959K->1232K(244864K)] 379033K->129354K(931840K), 0.0065220 secs] [Times: user=0.01 sys=0.00, real=0.01 secs] 
2014-07-07T19:53:18.335+0000: 666.255: [GC [PSYoungGen: 244816K->1083K(238784K)] 372938K->129253K(925760K), 0.0044070 secs] [Times: user=0.01 sys=0.00, real=0.01 secs] 
2014-07-07T19:53:19.417+0000: 667.338: [GC [PSYoungGen: 238779K->1325K(233344K)] 366949K->129543K(920320K), 0.0084330 secs] [Times: user=0.03 sys=0.00, real=0.00 secs] 
2014-07-07T19:53:20.479+0000: 668.399: [GC [PSYoungGen: 233325K->1076K(227648K)] 361543K->129350K(914624K), 0.0072210 secs] [Times: user=0.01 sys=0.00, real=0.00 secs] 
2014-07-07T19:53:21.504+0000: 669.424: [GC [PSYoungGen: 227635K->1407K(222720K)] 355909K->129721K(909696K), 0.0083330 secs] [Times: user=0.03 sys=0.00, real=0.01 secs] 
2014-07-07T19:53:22.499+0000: 670.420: [GC [PSYoungGen: 222719K->1012K(217280K)] 351033K->129374K(904256K), 0.0059450 secs] [Times: user=0.01 sys=0.00, real=0.00 secs] 
2014-07-07T19:53:23.493+0000: 671.414: [GC [PSYoungGen: 217268K->1076K(212416K)] 345630K->129478K(899392K), 0.0035700 secs] [Times: user=0.01 sys=0.00, real=0.01 secs] 
2014-07-07T19:53:24.458+0000: 672.379: [GC [PSYoungGen: 212404K->1140K(207744K)] 340806K->129598K(894720K), 0.0103450 secs] [Times: user=0.03 sys=0.00, real=0.01 secs] 
2014-07-07T19:53:25.382+0000: 673.302: [GC [PSYoungGen: 207732K->1133K(249088K)] 336190K->129607K(936064K), 0.0297220 secs] [Times: user=0.11 sys=0.00, real=0.03 secs] 
2014-07-07T19:53:26.503+0000: 674.424: [GC [PSYoungGen: 249068K->1072K(298624K)] 377541K->129658K(985600K), 0.0075100 secs] [Times: user=0.02 sys=0.00, real=0.01 secs] 
2014-07-07T19:53:27.867+0000: 675.787: [GC [PSYoungGen: 298574K->1140K(290752K)] 427160K->129782K(977728K), 0.0041360 secs] [Times: user=0.01 sys=0.01, real=0.01 secs] 
2014-07-07T19:53:29.206+0000: 677.126: [GC [PSYoungGen: 290739K->998K(283008K)] 419381K->129970K(969984K), 0.0087330 secs] [Times: user=0.03 sys=0.00, real=0.01 secs] 
2014-07-07T19:53:30.478+0000: 678.398: [GC [PSYoungGen: 282982K->1236K(275904K)] 411954K->130248K(962880K), 0.0122040 secs] [Times: user=0.04 sys=0.00, real=0.01 secs] 
2014-07-07T19:53:31.740+0000: 679.660: [GC [PSYoungGen: 275860K->948K(268544K)] 404872K->130064K(955520K), 0.0173090 secs] [Times: user=0.05 sys=0.00, real=0.01 secs] 
2014-07-07T19:53:32.963+0000: 680.883: [GC [PSYoungGen: 268532K->1076K(261888K)] 397648K->130216K(948864K), 0.0042140 secs] [Times: user=0.01 sys=0.00, real=0.00 secs] 
2014-07-07T19:53:34.176+0000: 682.096: [GC [PSYoungGen: 261876K->1190K(255488K)] 391016K->130386K(942464K), 0.0150270 secs] [Times: user=0.05 sys=0.00, real=0.02 secs] 
2014-07-07T19:53:35.341+0000: 683.261: [GC [PSYoungGen: 255451K->1236K(306432K)] 384647K->130504K(993408K), 0.0198650 secs] [Times: user=0.06 sys=0.00, real=0.02 secs] 
2014-07-07T19:53:36.757+0000: 684.678: [GC [PSYoungGen: 306388K->620K(297536K)] 435656K->130500K(984512K), 0.0041410 secs] [Times: user=0.01 sys=0.00, real=0.01 secs] 
2014-07-07T19:53:38.105+0000: 686.025: [GC [PSYoungGen: 297495K->1514K(290496K)] 427376K->131466K(977472K), 0.0137820 secs] [Times: user=0.05 sys=0.01, real=0.02 secs] 
2014-07-07T19:53:39.409+0000: 687.330: [GC [PSYoungGen: 290460K->940K(282304K)] 420412K->131364K(969280K), 0.0060240 secs] [Times: user=0.02 sys=0.00, real=0.01 secs] 
2014-07-07T19:53:40.690+0000: 688.611: [GC [PSYoungGen: 282284K->1378K(275456K)] 412708K->131843K(962432K), 0.0053060 secs] [Times: user=0.01 sys=0.00, real=0.00 secs] 
2014-07-07T19:53:41.926+0000: 689.846: [GC [PSYoungGen: 275409K->998K(268032K)] 405873K->131568K(955008K), 0.0040240 secs] [Times: user=0.01 sys=0.00, real=0.00 secs] 
2014-07-07T19:53:43.141+0000: 691.061: [GC [PSYoungGen: 267979K->1247K(261504K)] 398549K->131857K(948480K), 0.0149430 secs] [Times: user=0.06 sys=0.00, real=0.01 secs] 
2014-07-07T19:53:44.310+0000: 692.230: [GC [PSYoungGen: 261408K->1069K(254784K)] 392019K->131767K(941760K), 0.0042520 secs] [Times: user=0.01 sys=0.00, real=0.00 secs] 
2014-07-07T19:53:45.474+0000: 693.394: [GC [PSYoungGen: 254765K->1094K(248576K)] 385463K->131824K(935552K), 0.0074050 secs] [Times: user=0.02 sys=0.00, real=0.01 secs] 
2014-07-07T19:53:46.587+0000: 694.508: [GC [PSYoungGen: 248518K->1001K(242432K)] 379248K->132166K(929408K), 0.0101140 secs] [Times: user=0.04 sys=0.00, real=0.01 secs] 
2014-07-07T19:53:47.688+0000: 695.609: [GC [PSYoungGen: 242409K->1012K(236608K)] 373574K->132225K(923584K), 0.0058550 secs] [Times: user=0.01 sys=0.00, real=0.01 secs] 
2014-07-07T19:53:48.780+0000: 696.700: [GC [PSYoungGen: 236596K->980K(231040K)] 367809K->132273K(918016K), 0.0085660 secs] [Times: user=0.03 sys=0.00, real=0.01 secs] 
2014-07-07T19:53:49.834+0000: 697.754: [GC [PSYoungGen: 230994K->1296K(225984K)] 362287K->132629K(912960K), 0.0061760 secs] [Times: user=0.01 sys=0.00, real=0.00 secs] 
2014-07-07T19:53:50.863+0000: 698.783: [GC [PSYoungGen: 225881K->1016K(220480K)] 357214K->132469K(907456K), 0.0071030 secs] [Times: user=0.02 sys=0.00, real=0.00 secs] 
2014-07-07T19:53:51.854+0000: 699.774: [GC [PSYoungGen: 220472K->1076K(215552K)] 351925K->132553K(902528K), 0.0038670 secs] [Times: user=0.01 sys=0.00, real=0.00 secs] 
2014-07-07T19:53:52.843+0000: 700.763: [GC [PSYoungGen: 215539K->1044K(210688K)] 347016K->132593K(897664K), 0.0097170 secs] [Times: user=0.04 sys=0.00, real=0.01 secs] 
2014-07-07T19:53:53.807+0000: 701.727: [GC [PSYoungGen: 210617K->1200K(206144K)] 342166K->132773K(893120K), 0.0110940 secs] [Times: user=0.04 sys=0.00, real=0.01 secs] 
2014-07-07T19:53:54.750+0000: 702.670: [GC [PSYoungGen: 206126K->930K(201408K)] 337698K->132755K(888384K), 0.0029800 secs] [Times: user=0.01 sys=0.00, real=0.01 secs] 
2014-07-07T19:53:55.662+0000: 703.582: [GC [PSYoungGen: 201378K->1456K(197568K)] 333203K->133289K(884544K), 0.0074950 secs] [Times: user=0.02 sys=0.00, real=0.00 secs] 
2014-07-07T19:53:56.557+0000: 704.477: [GC [PSYoungGen: 197552K->688K(192576K)] 329385K->132985K(879552K), 0.0043920 secs] [Times: user=0.01 sys=0.00, real=0.00 secs] 
2014-07-07T19:53:57.431+0000: 705.351: [GC [PSYoungGen: 192560K->1428K(189312K)] 324857K->133781K(876288K), 0.0078000 secs] [Times: user=0.02 sys=0.00, real=0.01 secs] 
2014-07-07T19:53:58.280+0000: 706.200: [GC [PSYoungGen: 189268K->1076K(185024K)] 321621K->133681K(872000K), 0.0066150 secs] [Times: user=0.01 sys=0.00, real=0.01 secs] 
2014-07-07T19:53:59.114+0000: 707.034: [GC [PSYoungGen: 185012K->1012K(181184K)] 317617K->133665K(868160K), 0.0123470 secs] [Times: user=0.04 sys=0.00, real=0.01 secs] 
2014-07-07T19:53:59.956+0000: 707.877: [GC [PSYoungGen: 181170K->1136K(177664K)] 313823K->133949K(864640K), 0.0080830 secs] [Times: user=0.03 sys=0.00, real=0.01 secs] 
2014-07-07T19:54:00.766+0000: 708.687: [GC [PSYoungGen: 177647K->980K(173952K)] 310460K->133825K(860928K), 0.0090660 secs] [Times: user=0.03 sys=0.00, real=0.01 secs] 
2014-07-07T19:54:01.548+0000: 709.468: [GC [PSYoungGen: 173908K->1076K(208640K)] 306753K->134017K(895616K), 0.0144600 secs] [Times: user=0.04 sys=0.00, real=0.01 secs] 
2014-07-07T19:54:02.513+0000: 710.433: [GC [PSYoungGen: 208628K->1044K(204032K)] 341569K->134001K(891008K), 0.0039630 secs] [Times: user=0.01 sys=0.00, real=0.00 secs] 
2014-07-07T19:54:03.426+0000: 711.346: [GC [PSYoungGen: 203988K->948K(199488K)] 336945K->133929K(886464K), 0.0053160 secs] [Times: user=0.01 sys=0.00, real=0.00 secs] 
2014-07-07T19:54:04.347+0000: 712.267: [GC [PSYoungGen: 199434K->1378K(195648K)] 332415K->134391K(882624K), 0.0041450 secs] [Times: user=0.01 sys=0.01, real=0.00 secs] 
2014-07-07T19:54:05.219+0000: 713.139: [GC [PSYoungGen: 195597K->884K(190976K)] 328610K->134009K(877952K), 0.0120550 secs] [Times: user=0.04 sys=0.00, real=0.01 secs] 
2014-07-07T19:54:06.095+0000: 714.016: [GC [PSYoungGen: 190964K->1360K(187456K)] 324089K->134517K(874432K), 0.0081170 secs] [Times: user=0.03 sys=0.00, real=0.00 secs] 
2014-07-07T19:54:06.946+0000: 714.867: [GC [PSYoungGen: 187406K->948K(183168K)] 320563K->134337K(870144K), 0.0078310 secs] [Times: user=0.02 sys=0.01, real=0.01 secs] 
2014-07-07T19:54:07.773+0000: 715.693: [GC [PSYoungGen: 183156K->1328K(179840K)] 316545K->134797K(866816K), 0.0081160 secs] [Times: user=0.03 sys=0.00, real=0.01 secs] 
2014-07-07T19:54:08.577+0000: 716.498: [GC [PSYoungGen: 179824K->951K(175808K)] 313293K->134767K(862784K), 0.0036980 secs] [Times: user=0.01 sys=0.00, real=0.00 secs] 
2014-07-07T19:54:09.382+0000: 717.303: [GC [PSYoungGen: 175775K->1222K(211136K)] 309591K->135117K(898112K), 0.0136280 secs] [Times: user=0.05 sys=0.00, real=0.02 secs] 
2014-07-07T19:54:10.328+0000: 718.248: [GC [PSYoungGen: 211034K->998K(206208K)] 344930K->135207K(893184K), 0.0075080 secs] [Times: user=0.02 sys=0.00, real=0.01 secs] 
2014-07-07T19:54:11.252+0000: 719.172: [GC [PSYoungGen: 206165K->1012K(201664K)] 340373K->135269K(888640K), 0.0049610 secs] [Times: user=0.02 sys=0.00, real=0.01 secs] 
2014-07-07T19:54:12.182+0000: 720.102: [GC [PSYoungGen: 201651K->1076K(197376K)] 335908K->135381K(884352K), 0.0099700 secs] [Times: user=0.04 sys=0.00, real=0.01 secs] 
2014-07-07T19:54:13.091+0000: 721.011: [GC [PSYoungGen: 197364K->1130K(193216K)] 331669K->135459K(880192K), 0.0037460 secs] [Times: user=0.01 sys=0.00, real=0.00 secs] 
2014-07-07T19:54:13.967+0000: 721.887: [GC [PSYoungGen: 193194K->1019K(188992K)] 327523K->135545K(875968K), 0.0101130 secs] [Times: user=0.03 sys=0.00, real=0.01 secs] 
2014-07-07T19:54:14.799+0000: 722.720: [GC [PSYoungGen: 188987K->1108K(185216K)] 323513K->135666K(872192K), 0.0095730 secs] [Times: user=0.04 sys=0.00, real=0.01 secs] 
2014-07-07T19:54:15.637+0000: 723.557: [GC [PSYoungGen: 185123K->948K(181248K)] 319681K->135594K(868224K), 0.0096370 secs] [Times: user=0.03 sys=0.00, real=0.01 secs] 
2014-07-07T19:54:16.451+0000: 724.371: [GC [PSYoungGen: 181236K->1289K(177984K)] 315882K->135943K(864960K), 0.0062650 secs] [Times: user=0.01 sys=0.00, real=0.01 secs] 
2014-07-07T19:54:17.262+0000: 725.182: [GC [PSYoungGen: 177928K->816K(173888K)] 312582K->135714K(860864K), 0.0098700 secs] [Times: user=0.03 sys=0.00, real=0.01 secs] 
2014-07-07T19:54:18.046+0000: 725.966: [GC [PSYoungGen: 173872K->1044K(170688K)] 308770K->135974K(857664K), 0.0053740 secs] [Times: user=0.02 sys=0.00, real=0.00 secs] 
2014-07-07T19:54:18.833+0000: 726.753: [GC [PSYoungGen: 170643K->1012K(167296K)] 305574K->136022K(854272K), 0.0065310 secs] [Times: user=0.02 sys=0.00, real=0.01 secs] 
2014-07-07T19:54:19.594+0000: 727.514: [GC [PSYoungGen: 167259K->1062K(200640K)] 302269K->136104K(887616K), 0.0179830 secs] [Times: user=0.06 sys=0.00, real=0.02 secs] 
2014-07-07T19:54:20.521+0000: 728.441: [GC [PSYoungGen: 200614K->884K(240384K)] 335656K->136038K(927360K), 0.0104240 secs] [Times: user=0.03 sys=0.00, real=0.01 secs] 
2014-07-07T19:54:21.625+0000: 729.545: [GC [PSYoungGen: 240350K->1012K(288448K)] 375504K->136182K(975424K), 0.0061740 secs] [Times: user=0.01 sys=0.00, real=0.01 secs] 
2014-07-07T19:54:22.930+0000: 730.850: [GC [PSYoungGen: 288436K->980K(280896K)] 423606K->136222K(967872K), 0.0057650 secs] [Times: user=0.01 sys=0.01, real=0.00 secs] 
2014-07-07T19:54:24.230+0000: 732.151: [GC [PSYoungGen: 280851K->1136K(273792K)] 416093K->136410K(960768K), 0.0079250 secs] [Times: user=0.02 sys=0.00, real=0.01 secs] 
2014-07-07T19:54:25.486+0000: 733.406: [GC [PSYoungGen: 273776K->683K(266368K)] 409050K->136551K(953344K), 0.0106270 secs] [Times: user=0.04 sys=0.00, real=0.01 secs] 
2014-07-07T19:54:26.701+0000: 734.621: [GC [PSYoungGen: 266337K->1240K(260224K)] 402205K->137131K(947200K), 0.0087250 secs] [Times: user=0.03 sys=0.00, real=0.01 secs] 
2014-07-07T19:54:27.893+0000: 735.813: [GC [PSYoungGen: 260158K->1012K(311808K)] 396049K->137203K(998784K), 0.0213640 secs] [Times: user=0.08 sys=0.00, real=0.02 secs] 
2014-07-07T19:54:29.304+0000: 737.224: [GC [PSYoungGen: 311782K->1012K(303360K)] 447973K->137251K(990336K), 0.0076620 secs] [Times: user=0.02 sys=0.00, real=0.01 secs] 
2014-07-07T19:54:30.696+0000: 738.617: [GC [PSYoungGen: 303348K->1076K(295296K)] 439587K->137435K(982272K), 0.0123870 secs] [Times: user=0.04 sys=0.00, real=0.02 secs] 
2014-07-07T19:54:32.018+0000: 739.938: [GC [PSYoungGen: 295236K->1126K(287552K)] 431596K->137557K(974528K), 0.0059610 secs] [Times: user=0.02 sys=0.00, real=0.01 secs] 
2014-07-07T19:54:33.310+0000: 741.231: [GC [PSYoungGen: 287526K->762K(279680K)] 423957K->137600K(966656K), 0.0040900 secs] [Times: user=0.01 sys=0.00, real=0.00 secs] 
2014-07-07T19:54:34.577+0000: 742.497: [GC [PSYoungGen: 279649K->1454K(273152K)] 416487K->138339K(960128K), 0.0033590 secs] [Times: user=0.00 sys=0.00, real=0.01 secs] 
2014-07-07T19:54:35.811+0000: 743.731: [GC [PSYoungGen: 273134K->738K(265536K)] 410019K->138029K(952512K), 0.0075070 secs] [Times: user=0.03 sys=0.00, real=0.01 secs] 
2014-07-07T19:54:36.999+0000: 744.919: [GC [PSYoungGen: 265506K->1108K(259264K)] 402797K->138415K(946240K), 0.0108270 secs] [Times: user=0.04 sys=0.00, real=0.01 secs] 
2014-07-07T19:54:38.187+0000: 746.108: [GC [PSYoungGen: 259184K->1208K(252928K)] 396492K->138699K(939904K), 0.0202180 secs] [Times: user=0.06 sys=0.00, real=0.02 secs] 
2014-07-07T19:54:39.342+0000: 747.262: [GC [PSYoungGen: 252920K->1158K(246720K)] 390411K->138705K(933696K), 0.0065080 secs] [Times: user=0.00 sys=0.00, real=0.00 secs] 
2014-07-07T19:54:40.438+0000: 748.359: [GC [PSYoungGen: 246623K->688K(240256K)] 384171K->138633K(927232K), 0.0069000 secs] [Times: user=0.02 sys=0.00, real=0.01 secs] 
2014-07-07T19:54:41.524+0000: 749.444: [GC [PSYoungGen: 240229K->1386K(235200K)] 378174K->139414K(922176K), 0.0074710 secs] [Times: user=0.02 sys=0.01, real=0.01 secs] 
2014-07-07T19:54:42.582+0000: 750.503: [GC [PSYoungGen: 235178K->880K(229184K)] 373206K->139342K(916160K), 0.0164050 secs] [Times: user=0.06 sys=0.00, real=0.01 secs] 
2014-07-07T19:54:43.621+0000: 751.541: [GC [PSYoungGen: 229103K->1495K(224512K)] 367565K->140113K(911488K), 0.0099330 secs] [Times: user=0.03 sys=0.00, real=0.01 secs] 
2014-07-07T19:54:44.651+0000: 752.571: [GC [PSYoungGen: 224440K->688K(218560K)] 363058K->139867K(905536K), 0.0083030 secs] [Times: user=0.03 sys=0.00, real=0.00 secs] 
2014-07-07T19:54:45.647+0000: 753.567: [GC [PSYoungGen: 218544K->1126K(214080K)] 357723K->140337K(901056K), 0.0075930 secs] [Times: user=0.02 sys=0.00, real=0.01 secs] 
2014-07-07T19:54:46.623+0000: 754.544: [GC [PSYoungGen: 214042K->980K(209152K)] 353253K->140337K(896128K), 0.0051390 secs] [Times: user=0.01 sys=0.00, real=0.00 secs] 
2014-07-07T19:54:47.572+0000: 755.492: [GC [PSYoungGen: 209107K->1030K(204608K)] 348465K->140443K(891584K), 0.0037400 secs] [Times: user=0.01 sys=0.00, real=0.00 secs] 
2014-07-07T19:54:48.502+0000: 756.423: [GC [PSYoungGen: 204519K->1136K(200192K)] 343933K->140737K(887168K), 0.0058910 secs] [Times: user=0.02 sys=0.00, real=0.00 secs] 
2014-07-07T19:54:49.400+0000: 757.320: [GC [PSYoungGen: 200174K->1314K(196096K)] 339775K->140963K(883072K), 0.0061340 secs] [Times: user=0.02 sys=0.01, real=0.01 secs] 
2014-07-07T19:54:50.292+0000: 758.212: [GC [PSYoungGen: 196028K->752K(191360K)] 335677K->140669K(878336K), 0.0184240 secs] [Times: user=0.06 sys=0.00, real=0.02 secs] 
2014-07-07T19:54:51.172+0000: 759.092: [GC [PSYoungGen: 191342K->1414K(188032K)] 331259K->141371K(875008K), 0.0082700 secs] [Times: user=0.03 sys=0.00, real=0.00 secs] 
2014-07-07T19:54:52.018+0000: 759.938: [GC [PSYoungGen: 187943K->948K(183616K)] 327900K->141103K(870592K), 0.0063980 secs] [Times: user=0.01 sys=0.00, real=0.01 secs] 
2014-07-07T19:54:52.857+0000: 760.777: [GC [PSYoungGen: 183564K->1392K(220608K)] 323719K->141580K(907584K), 0.0168430 secs] [Times: user=0.05 sys=0.00, real=0.02 secs] 
2014-07-07T19:54:53.873+0000: 761.793: [GC [PSYoungGen: 220550K->980K(215232K)] 360737K->141191K(902208K), 0.0034290 secs] [Times: user=0.00 sys=0.00, real=0.00 secs] 
2014-07-07T19:54:54.859+0000: 762.779: [GC [PSYoungGen: 215158K->1115K(210560K)] 355370K->141366K(897536K), 0.0098560 secs] [Times: user=0.03 sys=0.01, real=0.01 secs] 
2014-07-07T19:54:55.795+0000: 763.716: [GC [PSYoungGen: 210513K->948K(205696K)] 350765K->141215K(892672K), 0.0042750 secs] [Times: user=0.01 sys=0.00, real=0.00 secs] 
2014-07-07T19:54:56.738+0000: 764.658: [GC [PSYoungGen: 205654K->1030K(201344K)] 345921K->141305K(888320K), 0.0063920 secs] [Times: user=0.01 sys=0.00, real=0.01 secs] 
2014-07-07T19:54:57.663+0000: 765.583: [GC [PSYoungGen: 201286K->1076K(196992K)] 341561K->141431K(883968K), 0.0073680 secs] [Times: user=0.03 sys=0.00, real=0.00 secs] 
2014-07-07T19:54:58.552+0000: 766.473: [GC [PSYoungGen: 196979K->980K(192704K)] 337334K->141367K(879680K), 0.0058800 secs] [Times: user=0.01 sys=0.00, real=0.00 secs] 
2014-07-07T19:54:59.422+0000: 767.342: [GC [PSYoungGen: 192660K->1044K(188736K)] 333047K->141463K(875712K), 0.0039000 secs] [Times: user=0.01 sys=0.00, real=0.00 secs] 
2014-07-07T19:55:00.277+0000: 768.197: [GC [PSYoungGen: 188692K->998K(184768K)] 329111K->141433K(871744K), 0.0066680 secs] [Times: user=0.01 sys=0.00, real=0.01 secs] 
2014-07-07T19:55:01.123+0000: 769.044: [GC [PSYoungGen: 184742K->998K(180992K)] 325177K->141523K(867968K), 0.0069200 secs] [Times: user=0.03 sys=0.00, real=0.00 secs] 
2014-07-07T19:55:01.936+0000: 769.856: [GC [PSYoungGen: 180960K->1012K(177344K)] 321485K->141569K(864320K), 0.0033290 secs] [Times: user=0.01 sys=0.00, real=0.00 secs] 
2014-07-07T19:55:02.729+0000: 770.649: [GC [PSYoungGen: 177297K->954K(173760K)] 317855K->141862K(860736K), 0.0035850 secs] [Times: user=0.01 sys=0.00, real=0.01 secs] 
2014-07-07T19:55:03.507+0000: 771.427: [GC [PSYoungGen: 173754K->1432K(170816K)] 314662K->142371K(857792K), 0.0177260 secs] [Times: user=0.06 sys=0.00, real=0.02 secs] 
2014-07-07T19:55:04.269+0000: 772.189: [GC [PSYoungGen: 170740K->688K(203968K)] 311679K->142229K(890944K), 0.0146900 secs] [Times: user=0.05 sys=0.00, real=0.02 secs] 
2014-07-07T19:55:05.198+0000: 773.118: [GC [PSYoungGen: 203952K->1518K(245504K)] 345493K->143099K(932480K), 0.0153090 secs] [Times: user=0.05 sys=0.00, real=0.02 secs] 
2014-07-07T19:55:06.309+0000: 774.229: [GC [PSYoungGen: 245458K->1004K(293824K)] 387040K->143034K(980800K), 0.0072310 secs] [Times: user=0.02 sys=0.01, real=0.01 secs] 
2014-07-07T19:55:07.665+0000: 775.585: [GC [PSYoungGen: 293804K->1510K(286592K)] 435834K->143611K(973568K), 0.0065280 secs] [Times: user=0.01 sys=0.00, real=0.00 secs] 
2014-07-07T19:55:08.995+0000: 776.916: [GC [PSYoungGen: 286566K->948K(278592K)] 428667K->143307K(965568K), 0.0090130 secs] [Times: user=0.03 sys=0.00, real=0.01 secs] 
2014-07-07T19:55:10.272+0000: 778.193: [GC [PSYoungGen: 278580K->1364K(271872K)] 420939K->143771K(958848K), 0.0109080 secs] [Times: user=0.04 sys=0.00, real=0.02 secs] 
2014-07-07T19:55:11.506+0000: 779.427: [GC [PSYoungGen: 271794K->1094K(264704K)] 414202K->143533K(951680K), 0.0140370 secs] [Times: user=0.04 sys=0.00, real=0.01 secs] 
2014-07-07T19:55:12.692+0000: 780.612: [GC [PSYoungGen: 264645K->1172K(317504K)] 407085K->143651K(1004480K), 0.0154510 secs] [Times: user=0.05 sys=0.00, real=0.02 secs] 
2014-07-07T19:55:14.144+0000: 782.064: [GC [PSYoungGen: 317431K->1094K(308736K)] 459911K->143613K(995712K), 0.0088160 secs] [Times: user=0.03 sys=0.00, real=0.01 secs] 
2014-07-07T19:55:15.538+0000: 783.458: [GC [PSYoungGen: 308678K->1108K(300416K)] 451197K->143651K(987392K), 0.0064830 secs] [Times: user=0.01 sys=0.01, real=0.01 secs] 
2014-07-07T19:55:16.924+0000: 784.844: [GC [PSYoungGen: 300372K->1076K(292352K)] 442915K->143763K(979328K), 0.0071170 secs] [Times: user=0.03 sys=0.01, real=0.00 secs] 
2014-07-07T19:55:18.226+0000: 786.146: [GC [PSYoungGen: 292340K->1200K(284800K)] 435027K->143944K(971776K), 0.0065330 secs] [Times: user=0.02 sys=0.00, real=0.00 secs] 
2014-07-07T19:55:19.518+0000: 787.438: [GC [PSYoungGen: 284784K->948K(277120K)] 427528K->143877K(964096K), 0.0072300 secs] [Times: user=0.03 sys=0.00, real=0.01 secs] 
2014-07-07T19:55:20.793+0000: 788.713: [GC [PSYoungGen: 277108K->1296K(270400K)] 420037K->144266K(957376K), 0.0074070 secs] [Times: user=0.03 sys=0.00, real=0.01 secs] 
2014-07-07T19:55:22.028+0000: 789.948: [GC [PSYoungGen: 270352K->826K(263040K)] 413322K->144114K(950016K), 0.0121790 secs] [Times: user=0.04 sys=0.00, real=0.01 secs] 
2014-07-07T19:55:23.218+0000: 791.138: [GC [PSYoungGen: 263034K->1254K(256896K)] 406322K->144558K(943872K), 0.0225010 secs] [Times: user=0.08 sys=0.00, real=0.02 secs] 
2014-07-07T19:55:24.397+0000: 792.318: [GC [PSYoungGen: 256870K->948K(250240K)] 400174K->144382K(937216K), 0.0056560 secs] [Times: user=0.01 sys=0.00, real=0.00 secs] 
2014-07-07T19:55:25.532+0000: 793.452: [GC [PSYoungGen: 250197K->1343K(244544K)] 393631K->144809K(931520K), 0.0134260 secs] [Times: user=0.04 sys=0.00, real=0.01 secs] 
2014-07-07T19:55:26.633+0000: 794.553: [GC [PSYoungGen: 244529K->826K(238144K)] 387994K->144811K(925120K), 0.0082390 secs] [Times: user=0.03 sys=0.00, real=0.01 secs] 
2014-07-07T19:55:27.722+0000: 795.643: [GC [PSYoungGen: 238128K->1521K(233216K)] 382113K->145612K(920192K), 0.0072200 secs] [Times: user=0.01 sys=0.00, real=0.01 secs] 
2014-07-07T19:55:28.770+0000: 796.691: [GC [PSYoungGen: 233155K->884K(227136K)] 377246K->145594K(914112K), 0.0067980 secs] [Times: user=0.02 sys=0.00, real=0.01 secs] 
2014-07-07T19:55:29.789+0000: 797.709: [GC [PSYoungGen: 227124K->980K(222016K)] 371834K->145714K(908992K), 0.0045610 secs] [Times: user=0.01 sys=0.00, real=0.00 secs] 
2014-07-07T19:55:30.790+0000: 798.711: [GC [PSYoungGen: 221971K->1076K(266304K)] 366705K->145866K(953280K), 0.0207880 secs] [Times: user=0.07 sys=0.00, real=0.02 secs] 
2014-07-07T19:55:31.994+0000: 799.914: [GC [PSYoungGen: 266292K->1104K(319424K)] 411082K->145910K(1006400K), 0.0266570 secs] [Times: user=0.09 sys=0.00, real=0.03 secs] 
2014-07-07T19:55:33.463+0000: 801.383: [GC [PSYoungGen: 319367K->1062K(383040K)] 464173K->145900K(1070016K), 0.0079110 secs] [Times: user=0.03 sys=0.00, real=0.01 secs] 
2014-07-07T19:55:35.206+0000: 803.126: [GC [PSYoungGen: 383014K->948K(371520K)] 527852K->145794K(1058496K), 0.0061350 secs] [Times: user=0.01 sys=0.00, real=0.01 secs] 
2014-07-07T19:55:36.887+0000: 804.807: [GC [PSYoungGen: 371467K->1342K(446016K)] 516313K->146328K(1132992K), 0.0225930 secs] [Times: user=0.08 sys=0.00, real=0.03 secs] 
2014-07-07T19:55:38.930+0000: 806.850: [GC [PSYoungGen: 445984K->1513K(432192K)] 590970K->146580K(1119168K), 0.0047050 secs] [Times: user=0.01 sys=0.00, real=0.00 secs] 
2014-07-07T19:55:40.880+0000: 808.800: [GC [PSYoungGen: 432169K->638K(417856K)] 577236K->146158K(1104832K), 0.0122620 secs] [Times: user=0.05 sys=0.00, real=0.01 secs] 
2014-07-07T19:55:42.799+0000: 810.719: [GC [PSYoungGen: 417832K->1176K(405568K)] 563353K->146736K(1092544K), 0.0063380 secs] [Times: user=0.02 sys=0.00, real=0.00 secs] 
2014-07-07T19:55:44.663+0000: 812.583: [GC [PSYoungGen: 405528K->1254K(393344K)] 551088K->147018K(1080320K), 0.0104060 secs] [Times: user=0.03 sys=0.00, real=0.01 secs] 
2014-07-07T19:55:46.457+0000: 814.377: [GC [PSYoungGen: 393318K->1012K(381312K)] 539082K->146800K(1068288K), 0.0095710 secs] [Times: user=0.02 sys=0.00, real=0.01 secs] 
2014-07-07T19:55:48.189+0000: 816.109: [GC [PSYoungGen: 381250K->980K(369984K)] 527039K->146808K(1056960K), 0.0060250 secs] [Times: user=0.01 sys=0.00, real=0.00 secs] 
2014-07-07T19:55:49.904+0000: 817.825: [GC [PSYoungGen: 369940K->948K(359104K)] 515768K->146824K(1046080K), 0.0077770 secs] [Times: user=0.02 sys=0.00, real=0.01 secs] 
2014-07-07T19:55:51.517+0000: 819.438: [GC [PSYoungGen: 359092K->980K(348800K)] 504968K->146888K(1035776K), 0.0098050 secs] [Times: user=0.04 sys=0.00, real=0.01 secs] 
2014-07-07T19:55:53.097+0000: 821.017: [GC [PSYoungGen: 348756K->1168K(339008K)] 494664K->147100K(1025984K), 0.0037200 secs] [Times: user=0.01 sys=0.00, real=0.01 secs] 
2014-07-07T19:55:54.650+0000: 822.570: [GC [PSYoungGen: 338955K->1126K(329408K)] 484887K->147090K(1016384K), 0.0067970 secs] [Times: user=0.02 sys=0.00, real=0.00 secs] 
2014-07-07T19:55:56.147+0000: 824.067: [GC [PSYoungGen: 329382K->948K(320064K)] 475346K->146920K(1007040K), 0.0073200 secs] [Times: user=0.02 sys=0.00, real=0.01 secs] 
2014-07-07T19:55:57.604+0000: 825.524: [GC [PSYoungGen: 320052K->1133K(311488K)] 466024K->147247K(998464K), 0.0103030 secs] [Times: user=0.03 sys=0.00, real=0.01 secs] 
2014-07-07T19:55:59.023+0000: 826.943: [GC [PSYoungGen: 311469K->1200K(303104K)] 457583K->147378K(990080K), 0.0161300 secs] [Times: user=0.05 sys=0.00, real=0.01 secs] 
2014-07-07T19:56:00.426+0000: 828.346: [GC [PSYoungGen: 303048K->866K(294656K)] 449225K->147237K(981632K), 0.0083940 secs] [Times: user=0.03 sys=0.00, real=0.01 secs] 
2014-07-07T19:56:01.766+0000: 829.686: [GC [PSYoungGen: 294595K->1449K(287424K)] 440967K->147911K(974400K), 0.0045260 secs] [Times: user=0.01 sys=0.00, real=0.00 secs] 
2014-07-07T19:56:03.056+0000: 830.976: [GC [PSYoungGen: 287401K->752K(279232K)] 433863K->147579K(966208K), 0.0169860 secs] [Times: user=0.06 sys=0.01, real=0.02 secs] 
2014-07-07T19:56:04.321+0000: 832.242: [GC [PSYoungGen: 279216K->1350K(272704K)] 426043K->148210K(959680K), 0.0069880 secs] [Times: user=0.01 sys=0.00, real=0.01 secs] 
2014-07-07T19:56:05.541+0000: 833.461: [GC [PSYoungGen: 272596K->1086K(265472K)] 419456K->148278K(952448K), 0.0057090 secs] [Times: user=0.01 sys=0.00, real=0.01 secs] 
2014-07-07T19:56:06.735+0000: 834.655: [GC [PSYoungGen: 265470K->1585K(259328K)] 412662K->148832K(946304K), 0.0054790 secs] [Times: user=0.02 sys=0.01, real=0.00 secs] 
2014-07-07T19:56:07.929+0000: 835.849: [GC [PSYoungGen: 259313K->688K(252032K)] 406560K->148408K(939008K), 0.0048050 secs] [Times: user=0.01 sys=0.00, real=0.01 secs] 
2014-07-07T19:56:09.085+0000: 837.005: [GC [PSYoungGen: 252016K->1144K(246336K)] 399736K->148896K(933312K), 0.0043080 secs] [Times: user=0.00 sys=0.01, real=0.00 secs] 
2014-07-07T19:56:10.207+0000: 838.127: [GC [PSYoungGen: 246328K->1204K(240448K)] 394080K->149160K(927424K), 0.0068900 secs] [Times: user=0.02 sys=0.00, real=0.01 secs] 
2014-07-07T19:56:11.325+0000: 839.246: [GC [PSYoungGen: 240388K->1101K(234688K)] 388344K->149073K(921664K), 0.0039170 secs] [Times: user=0.01 sys=0.00, real=0.00 secs] 
2014-07-07T19:56:12.398+0000: 840.319: [GC [PSYoungGen: 234637K->1016K(229056K)] 382609K->149084K(916032K), 0.0080740 secs] [Times: user=0.02 sys=0.00, real=0.01 secs] 
2014-07-07T19:56:13.424+0000: 841.344: [GC [PSYoungGen: 229048K->1236K(224000K)] 377116K->149336K(910976K), 0.0153940 secs] [Times: user=0.06 sys=0.00, real=0.01 secs] 
2014-07-07T19:56:14.449+0000: 842.369: [GC [PSYoungGen: 223956K->934K(218560K)] 372056K->149154K(905536K), 0.0040030 secs] [Times: user=0.01 sys=0.01, real=0.01 secs] 
2014-07-07T19:56:15.430+0000: 843.350: [GC [PSYoungGen: 218435K->1449K(214144K)] 366655K->149709K(901120K), 0.0064080 secs] [Times: user=0.03 sys=0.00, real=0.01 secs] 
2014-07-07T19:56:16.416+0000: 844.337: [GC [PSYoungGen: 214121K->816K(208704K)] 362381K->149418K(895680K), 0.0074650 secs] [Times: user=0.03 sys=0.00, real=0.01 secs] 
2014-07-07T19:56:17.359+0000: 845.279: [GC [PSYoungGen: 208688K->1208K(204480K)] 357290K->149866K(891456K), 0.0112980 secs] [Times: user=0.04 sys=0.00, real=0.01 secs] 
2014-07-07T19:56:18.293+0000: 846.213: [GC [PSYoungGen: 204472K->1012K(199808K)] 353130K->149866K(886784K), 0.0051930 secs] [Times: user=0.02 sys=0.00, real=0.01 secs] 
2014-07-07T19:56:19.207+0000: 847.127: [GC [PSYoungGen: 199796K->1296K(195840K)] 348650K->150190K(882816K), 0.0086290 secs] [Times: user=0.03 sys=0.00, real=0.01 secs] 
2014-07-07T19:56:20.089+0000: 848.009: [GC [PSYoungGen: 195791K->890K(191232K)] 344685K->149982K(878208K), 0.0053320 secs] [Times: user=0.00 sys=0.00, real=0.01 secs] 
2014-07-07T19:56:20.956+0000: 848.876: [GC [PSYoungGen: 191226K->1200K(187520K)] 340318K->150324K(874496K), 0.0037130 secs] [Times: user=0.01 sys=0.00, real=0.00 secs] 
2014-07-07T19:56:21.807+0000: 849.728: [GC [PSYoungGen: 187504K->1012K(183424K)] 336628K->150176K(870400K), 0.0053170 secs] [Times: user=0.01 sys=0.00, real=0.00 secs] 
2014-07-07T19:56:22.641+0000: 850.562: [GC [PSYoungGen: 183412K->980K(179648K)] 332576K->150168K(866624K), 0.0036470 secs] [Times: user=0.01 sys=0.00, real=0.01 secs] 
2014-07-07T19:56:23.471+0000: 851.391: [GC [PSYoungGen: 179586K->1076K(176064K)] 328774K->150280K(863040K), 0.0048440 secs] [Times: user=0.02 sys=0.00, real=0.01 secs] 
2014-07-07T19:56:24.269+0000: 852.189: [GC [PSYoungGen: 176052K->1158K(172672K)] 325256K->150402K(859648K), 0.0144810 secs] [Times: user=0.06 sys=0.00, real=0.01 secs] 
2014-07-07T19:56:25.073+0000: 852.993: [GC [PSYoungGen: 172613K->802K(168896K)] 321857K->150328K(855872K), 0.0049590 secs] [Times: user=0.02 sys=0.00, real=0.01 secs] 
2014-07-07T19:56:25.843+0000: 853.764: [GC [PSYoungGen: 168797K->1279K(166080K)] 318323K->150821K(853056K), 0.0075700 secs] [Times: user=0.03 sys=0.00, real=0.01 secs] 
2014-07-07T19:56:26.614+0000: 854.534: [GC [PSYoungGen: 166079K->866K(162496K)] 315621K->150636K(849472K), 0.0109330 secs] [Times: user=0.04 sys=0.00, real=0.01 secs] 
2014-07-07T19:56:27.356+0000: 855.277: [GC [PSYoungGen: 162444K->1300K(159872K)] 312214K->151126K(846848K), 0.0055930 secs] [Times: user=0.02 sys=0.00, real=0.00 secs] 
2014-07-07T19:56:28.101+0000: 856.021: [GC [PSYoungGen: 159826K->752K(156288K)] 309652K->150854K(843264K), 0.0092480 secs] [Times: user=0.03 sys=0.00, real=0.01 secs] 
2014-07-07T19:56:28.809+0000: 856.729: [GC [PSYoungGen: 156264K->1358K(154048K)] 306366K->151550K(841024K), 0.0034750 secs] [Times: user=0.01 sys=0.00, real=0.00 secs] 
2014-07-07T19:56:29.500+0000: 857.420: [GC [PSYoungGen: 153998K->802K(150656K)] 304190K->151352K(837632K), 0.0049930 secs] [Times: user=0.01 sys=0.00, real=0.00 secs] 
2014-07-07T19:56:30.170+0000: 858.090: [GC [PSYoungGen: 150626K->1204K(181056K)] 301176K->151770K(868032K), 0.0182620 secs] [Times: user=0.06 sys=0.00, real=0.02 secs] 
2014-07-07T19:56:30.966+0000: 858.886: [GC [PSYoungGen: 181042K->948K(216768K)] 331609K->151694K(903744K), 0.0074800 secs] [Times: user=0.01 sys=0.00, real=0.01 secs] 
2014-07-07T19:56:31.966+0000: 859.886: [GC [PSYoungGen: 216756K->948K(259968K)] 367502K->151710K(946944K), 0.0070250 secs] [Times: user=0.01 sys=0.00, real=0.01 secs] 
2014-07-07T19:56:33.135+0000: 861.056: [GC [PSYoungGen: 259956K->1076K(253632K)] 410718K->151942K(940608K), 0.0064950 secs] [Times: user=0.02 sys=0.00, real=0.01 secs] 
2014-07-07T19:56:34.302+0000: 862.222: [GC [PSYoungGen: 253620K->1200K(247552K)] 404486K->152106K(934528K), 0.0073630 secs] [Times: user=0.03 sys=0.00, real=0.01 secs] 
2014-07-07T19:56:35.431+0000: 863.351: [GC [PSYoungGen: 247488K->688K(241024K)] 398395K->152075K(928000K), 0.0087460 secs] [Times: user=0.03 sys=0.00, real=0.01 secs] 
2014-07-07T19:56:36.528+0000: 864.449: [GC [PSYoungGen: 241008K->1304K(235904K)] 392395K->152765K(922880K), 0.0039500 secs] [Times: user=0.01 sys=0.00, real=0.00 secs] 
2014-07-07T19:56:37.610+0000: 865.530: [GC [PSYoungGen: 235863K->951K(229952K)] 387324K->152896K(916928K), 0.0090920 secs] [Times: user=0.02 sys=0.00, real=0.01 secs] 
2014-07-07T19:56:38.655+0000: 866.575: [GC [PSYoungGen: 229943K->980K(224640K)] 381888K->152965K(911616K), 0.0048340 secs] [Times: user=0.01 sys=0.00, real=0.01 secs] 
2014-07-07T19:56:39.689+0000: 867.609: [GC [PSYoungGen: 224596K->1136K(219584K)] 376581K->153281K(906560K), 0.0056760 secs] [Times: user=0.02 sys=0.00, real=0.00 secs] 
2014-07-07T19:56:40.681+0000: 868.601: [GC [PSYoungGen: 219568K->1204K(214656K)] 371713K->153397K(901632K), 0.0092180 secs] [Times: user=0.03 sys=0.00, real=0.01 secs] 
2014-07-07T19:56:41.677+0000: 869.597: [GC [PSYoungGen: 214644K->868K(209536K)] 366837K->153802K(896512K), 0.0079900 secs] [Times: user=0.03 sys=0.00, real=0.01 secs] 
2014-07-07T19:56:42.611+0000: 870.531: [GC [PSYoungGen: 209508K->1208K(205248K)] 362442K->154173K(892224K), 0.0105540 secs] [Times: user=0.03 sys=0.00, real=0.01 secs] 
2014-07-07T19:56:43.540+0000: 871.460: [GC [PSYoungGen: 205240K->1104K(200704K)] 358205K->154290K(887680K), 0.0038540 secs] [Times: user=0.01 sys=0.00, real=0.00 secs] 
2014-07-07T19:56:44.457+0000: 872.377: [GC [PSYoungGen: 200656K->1464K(196672K)] 353842K->154681K(883648K), 0.0075420 secs] [Times: user=0.02 sys=0.00, real=0.01 secs] 
2014-07-07T19:56:45.347+0000: 873.268: [GC [PSYoungGen: 196664K->609K(191680K)] 349881K->154409K(878656K), 0.0049320 secs] [Times: user=0.01 sys=0.00, real=0.01 secs] 
2014-07-07T19:56:46.212+0000: 874.132: [GC [PSYoungGen: 191610K->1528K(188544K)] 345410K->155353K(875520K), 0.0066120 secs] [Times: user=0.01 sys=0.00, real=0.01 secs] 
2014-07-07T19:56:47.083+0000: 875.004: [GC [PSYoungGen: 188498K->1208K(184320K)] 342323K->155407K(871296K), 0.0101540 secs] [Times: user=0.04 sys=0.00, real=0.01 secs] 
2014-07-07T19:56:47.918+0000: 875.838: [GC [PSYoungGen: 184255K->1261K(221056K)] 338453K->155532K(908032K), 0.0141370 secs] [Times: user=0.05 sys=0.00, real=0.01 secs] 
2014-07-07T19:56:48.938+0000: 876.858: [GC [PSYoungGen: 221000K->1126K(215872K)] 375270K->155468K(902848K), 0.0077540 secs] [Times: user=0.03 sys=0.00, real=0.01 secs] 
2014-07-07T19:56:49.937+0000: 877.857: [GC [PSYoungGen: 215824K->1282K(211200K)] 370166K->155657K(898176K), 0.0072530 secs] [Times: user=0.02 sys=0.00, real=0.01 secs] 
2014-07-07T19:56:50.898+0000: 878.818: [GC [PSYoungGen: 211138K->994K(206208K)] 365513K->155458K(893184K), 0.0053430 secs] [Times: user=0.02 sys=0.00, real=0.01 secs] 
2014-07-07T19:56:51.818+0000: 879.738: [GC [PSYoungGen: 206167K->1325K(201984K)] 360631K->155838K(888960K), 0.0100300 secs] [Times: user=0.04 sys=0.00, real=0.01 secs] 
2014-07-07T19:56:52.734+0000: 880.654: [GC [PSYoungGen: 201965K->1012K(197312K)] 356478K->155564K(884288K), 0.0074210 secs] [Times: user=0.02 sys=0.00, real=0.01 secs] 
2014-07-07T19:56:53.623+0000: 881.543: [GC [PSYoungGen: 197290K->1062K(236672K)] 351843K->155647K(923648K), 0.0380470 secs] [Times: user=0.14 sys=0.00, real=0.04 secs] 
2014-07-07T19:56:54.690+0000: 882.611: [GC [PSYoungGen: 236646K->1140K(283904K)] 391231K->155764K(970880K), 0.0083940 secs] [Times: user=0.03 sys=0.00, real=0.00 secs] 
2014-07-07T19:56:55.977+0000: 883.897: [GC [PSYoungGen: 283866K->1410K(340800K)] 438491K->156067K(1027776K), 0.0092290 secs] [Times: user=0.03 sys=0.00, real=0.01 secs] 
2014-07-07T19:56:57.530+0000: 885.451: [GC [PSYoungGen: 340738K->752K(408000K)] 495395K->155668K(1094976K), 0.0078720 secs] [Times: user=0.03 sys=0.00, real=0.00 secs] 
2014-07-07T19:56:59.391+0000: 887.311: [GC [PSYoungGen: 407953K->1474K(396352K)] 562869K->156471K(1083328K), 0.0073430 secs] [Times: user=0.03 sys=0.00, real=0.00 secs] 
2014-07-07T19:57:01.199+0000: 889.119: [GC [PSYoungGen: 396290K->1076K(384000K)] 551286K->156235K(1070976K), 0.0061030 secs] [Times: user=0.01 sys=0.01, real=0.01 secs] 
2014-07-07T19:57:02.959+0000: 890.879: [GC [PSYoungGen: 383988K->1264K(372800K)] 539147K->156463K(1059776K), 0.0161420 secs] [Times: user=0.06 sys=0.00, real=0.02 secs] 
2014-07-07T19:57:04.641+0000: 892.561: [GC [PSYoungGen: 372784K->1008K(361600K)] 527983K->156411K(1048576K), 0.0171010 secs] [Times: user=0.06 sys=0.00, real=0.01 secs] 
2014-07-07T19:57:06.275+0000: 894.195: [GC [PSYoungGen: 361584K->1094K(351232K)] 516987K->156529K(1038208K), 0.0148590 secs] [Times: user=0.05 sys=0.00, real=0.01 secs] 
2014-07-07T19:57:07.858+0000: 895.779: [GC [PSYoungGen: 351137K->1076K(341120K)] 506572K->156673K(1028096K), 0.0076220 secs] [Times: user=0.03 sys=0.00, real=0.01 secs] 
2014-07-07T19:57:09.429+0000: 897.350: [GC [PSYoungGen: 341108K->1392K(331776K)] 496705K->157045K(1018752K), 0.0091290 secs] [Times: user=0.03 sys=0.01, real=0.01 secs] 
2014-07-07T19:57:10.959+0000: 898.879: [GC [PSYoungGen: 331760K->752K(321920K)] 487413K->156665K(1008896K), 0.0133180 secs] [Times: user=0.05 sys=0.00, real=0.02 secs] 
2014-07-07T19:57:12.431+0000: 900.352: [GC [PSYoungGen: 321904K->1200K(313472K)] 477817K->157137K(1000448K), 0.0118550 secs] [Times: user=0.04 sys=0.00, real=0.02 secs] 
2014-07-07T19:57:13.847+0000: 901.768: [GC [PSYoungGen: 313456K->948K(304704K)] 469393K->156933K(991680K), 0.0069930 secs] [Times: user=0.00 sys=0.00, real=0.01 secs] 
2014-07-07T19:57:15.240+0000: 903.161: [GC [PSYoungGen: 304654K->998K(296576K)] 460639K->156991K(983552K), 0.0057720 secs] [Times: user=0.01 sys=0.00, real=0.01 secs] 
2014-07-07T19:57:16.595+0000: 904.515: [GC [PSYoungGen: 296550K->1112K(288832K)] 452543K->157145K(975808K), 0.0056300 secs] [Times: user=0.01 sys=0.00, real=0.00 secs] 
2014-07-07T19:57:17.906+0000: 905.826: [GC [PSYoungGen: 288792K->1136K(281280K)] 444825K->157217K(968256K), 0.0076520 secs] [Times: user=0.01 sys=0.00, real=0.01 secs] 
2014-07-07T19:57:19.158+0000: 907.078: [GC [PSYoungGen: 281253K->802K(273728K)] 437334K->157159K(960704K), 0.0073400 secs] [Times: user=0.03 sys=0.00, real=0.01 secs] 
2014-07-07T19:57:20.413+0000: 908.333: [GC [PSYoungGen: 273670K->1378K(267328K)] 430027K->157783K(954304K), 0.0058230 secs] [Times: user=0.02 sys=0.00, real=0.01 secs] 
2014-07-07T19:57:21.629+0000: 909.550: [GC [PSYoungGen: 267263K->884K(260096K)] 423668K->157705K(947072K), 0.0068690 secs] [Times: user=0.03 sys=0.00, real=0.01 secs] 
2014-07-07T19:57:22.820+0000: 910.740: [GC [PSYoungGen: 260069K->1012K(253760K)] 416890K->157857K(940736K), 0.0110500 secs] [Times: user=0.04 sys=0.00, real=0.01 secs] 
2014-07-07T19:57:23.973+0000: 911.893: [GC [PSYoungGen: 253708K->1204K(247744K)] 410553K->158129K(934720K), 0.0063930 secs] [Times: user=0.02 sys=0.00, real=0.01 secs] 
2014-07-07T19:57:25.085+0000: 913.005: [GC [PSYoungGen: 247716K->1247K(241792K)] 404641K->158212K(928768K), 0.0033200 secs] [Times: user=0.01 sys=0.00, real=0.00 secs] 
2014-07-07T19:57:26.170+0000: 914.090: [GC [PSYoungGen: 241743K->627K(235392K)] 398708K->158175K(922368K), 0.0027620 secs] [Times: user=0.01 sys=0.01, real=0.00 secs] 
2014-07-07T19:57:27.229+0000: 915.149: [GC [PSYoungGen: 235378K->1528K(230720K)] 392926K->159257K(917696K), 0.0245490 secs] [Times: user=0.08 sys=0.00, real=0.02 secs] 
2014-07-07T19:57:28.262+0000: 916.182: [GC [PSYoungGen: 230712K->954K(224768K)] 388441K->159280K(911744K), 0.0109120 secs] [Times: user=0.04 sys=0.00, real=0.01 secs] 
2014-07-07T19:57:29.289+0000: 917.210: [GC [PSYoungGen: 224762K->1264K(269888K)] 383088K->159655K(956864K), 0.0144380 secs] [Times: user=0.05 sys=0.00, real=0.01 secs] 
2014-07-07T19:57:30.507+0000: 918.427: [GC [PSYoungGen: 269872K->1076K(262848K)] 428263K->159546K(949824K), 0.0090610 secs] [Times: user=0.03 sys=0.00, real=0.01 secs] 
2014-07-07T19:57:31.698+0000: 919.619: [GC [PSYoungGen: 262836K->1012K(256192K)] 421306K->159522K(943168K), 0.0083310 secs] [Times: user=0.03 sys=0.00, real=0.01 secs] 
2014-07-07T19:57:32.876+0000: 920.796: [GC [PSYoungGen: 256180K->1346K(250240K)] 414690K->159897K(937216K), 0.0057490 secs] [Times: user=0.02 sys=0.00, real=0.00 secs] 
2014-07-07T19:57:34.016+0000: 921.936: [GC [PSYoungGen: 250178K->948K(243712K)] 408729K->159522K(930688K), 0.0045860 secs] [Times: user=0.01 sys=0.00, real=0.00 secs] 
2014-07-07T19:57:35.146+0000: 923.066: [GC [PSYoungGen: 243700K->1136K(238080K)] 402274K->159866K(925056K), 0.0039570 secs] [Times: user=0.01 sys=0.00, real=0.00 secs] 
2014-07-07T19:57:36.230+0000: 924.150: [GC [PSYoungGen: 238063K->1190K(232512K)] 396794K->159936K(919488K), 0.0071250 secs] [Times: user=0.01 sys=0.00, real=0.01 secs] 
2014-07-07T19:57:37.280+0000: 925.200: [GC [PSYoungGen: 232462K->1001K(226880K)] 391208K->159961K(913856K), 0.0065320 secs] [Times: user=0.01 sys=0.00, real=0.01 secs] 
2014-07-07T19:57:38.338+0000: 926.258: [GC [PSYoungGen: 226857K->1292K(272384K)] 385817K->160301K(959360K), 0.0334680 secs] [Times: user=0.12 sys=0.00, real=0.03 secs] 
2014-07-07T19:57:39.594+0000: 927.514: [GC [PSYoungGen: 272323K->890K(326144K)] 431332K->160193K(1013120K), 0.0136350 secs] [Times: user=0.05 sys=0.00, real=0.02 secs] 
2014-07-07T19:57:41.067+0000: 928.987: [GC [PSYoungGen: 326115K->1133K(317376K)] 485418K->160460K(1004352K), 0.0061550 secs] [Times: user=0.01 sys=0.00, real=0.00 secs] 
2014-07-07T19:57:42.493+0000: 930.413: [GC [PSYoungGen: 317357K->948K(308480K)] 476684K->160372K(995456K), 0.0148750 secs] [Times: user=0.05 sys=0.00, real=0.02 secs] 
2014-07-07T19:57:43.929+0000: 931.850: [GC [PSYoungGen: 308428K->1314K(300544K)] 467853K->160779K(987520K), 0.0086390 secs] [Times: user=0.03 sys=0.00, real=0.01 secs] 
2014-07-07T19:57:45.289+0000: 933.209: [GC [PSYoungGen: 300514K->934K(292160K)] 459979K->160670K(979136K), 0.0073410 secs] [Times: user=0.02 sys=0.00, real=0.00 secs] 
2014-07-07T19:57:46.603+0000: 934.523: [GC [PSYoungGen: 292134K->1392K(284928K)] 451870K->161152K(971904K), 0.0164840 secs] [Times: user=0.05 sys=0.00, real=0.02 secs] 
2014-07-07T19:57:47.884+0000: 935.805: [GC [PSYoungGen: 284912K->752K(276864K)] 444672K->160868K(963840K), 0.0149990 secs] [Times: user=0.05 sys=0.00, real=0.02 secs] 
2014-07-07T19:57:49.158+0000: 937.078: [GC [PSYoungGen: 276848K->1094K(270144K)] 436964K->161250K(957120K), 0.0114750 secs] [Times: user=0.02 sys=0.00, real=0.02 secs] 
2014-07-07T19:57:50.382+0000: 938.302: [GC [PSYoungGen: 270086K->1236K(263424K)] 430242K->161538K(950400K), 0.0076280 secs] [Times: user=0.02 sys=0.01, real=0.01 secs] 
2014-07-07T19:57:51.603+0000: 939.523: [GC [PSYoungGen: 263380K->1378K(256960K)] 423682K->161728K(943936K), 0.0096500 secs] [Times: user=0.04 sys=0.00, real=0.01 secs] 
2014-07-07T19:57:52.778+0000: 940.699: [GC [PSYoungGen: 256921K->442K(249664K)] 417271K->161550K(936640K), 0.0109040 secs] [Times: user=0.03 sys=0.00, real=0.01 secs] 
2014-07-07T19:57:53.926+0000: 941.846: [GC [PSYoungGen: 249658K->1404K(244544K)] 410766K->162552K(931520K), 0.0088040 secs] [Times: user=0.03 sys=0.00, real=0.01 secs] 
2014-07-07T19:57:55.036+0000: 942.956: [GC [PSYoungGen: 244540K->1108K(238400K)] 405688K->162624K(925376K), 0.0064610 secs] [Times: user=0.02 sys=0.00, real=0.01 secs] 
2014-07-07T19:57:56.124+0000: 944.045: [GC [PSYoungGen: 238356K->1136K(232768K)] 399872K->162669K(919744K), 0.0065700 secs] [Times: user=0.01 sys=0.00, real=0.01 secs] 
2014-07-07T19:57:57.184+0000: 945.104: [GC [PSYoungGen: 232751K->948K(227136K)] 394283K->162608K(914112K), 0.0082060 secs] [Times: user=0.03 sys=0.00, real=0.01 secs] 
2014-07-07T19:57:58.216+0000: 946.136: [GC [PSYoungGen: 227123K->1140K(222080K)] 388783K->162864K(909056K), 0.0107410 secs] [Times: user=0.04 sys=0.00, real=0.01 secs] 
2014-07-07T19:57:59.231+0000: 947.151: [GC [PSYoungGen: 222068K->948K(266112K)] 383792K->162720K(953088K), 0.0296710 secs] [Times: user=0.10 sys=0.00, real=0.03 secs] 
2014-07-07T19:58:00.446+0000: 948.366: [GC [PSYoungGen: 266086K->980K(319232K)] 427858K->162776K(1006208K), 0.0091140 secs] [Times: user=0.02 sys=0.00, real=0.01 secs] 
2014-07-07T19:58:01.893+0000: 949.813: [GC [PSYoungGen: 319188K->1012K(310464K)] 480984K->162848K(997440K), 0.0046260 secs] [Times: user=0.01 sys=0.00, real=0.00 secs] 
2014-07-07T19:58:03.314+0000: 951.235: [GC [PSYoungGen: 310452K->1012K(302080K)] 472288K->162880K(989056K), 0.0109920 secs] [Times: user=0.03 sys=0.00, real=0.01 secs] 
2014-07-07T19:58:04.687+0000: 952.608: [GC [PSYoungGen: 302062K->1087K(294080K)] 463931K->163131K(981056K), 0.0067920 secs] [Times: user=0.02 sys=0.00, real=0.01 secs] 
2014-07-07T19:58:06.042+0000: 953.962: [GC [PSYoungGen: 294002K->1261K(286528K)] 456047K->163345K(973504K), 0.0057540 secs] [Times: user=0.01 sys=0.01, real=0.00 secs] 
2014-07-07T19:58:07.359+0000: 955.279: [GC [PSYoungGen: 286509K->752K(278528K)] 448593K->163136K(965504K), 0.0084700 secs] [Times: user=0.02 sys=0.00, real=0.01 secs] 
2014-07-07T19:58:08.625+0000: 956.545: [GC [PSYoungGen: 278472K->1534K(272128K)] 440857K->163991K(959104K), 0.0074690 secs] [Times: user=0.03 sys=0.01, real=0.01 secs] 
2014-07-07T19:58:09.862+0000: 957.782: [GC [PSYoungGen: 272085K->816K(264512K)] 434542K->163654K(951488K), 0.0050880 secs] [Times: user=0.01 sys=0.00, real=0.00 secs] 
2014-07-07T19:58:11.074+0000: 958.994: [GC [PSYoungGen: 264496K->1094K(258176K)] 427334K->163964K(945152K), 0.0091990 secs] [Times: user=0.03 sys=0.00, real=0.01 secs] 
2014-07-07T19:58:12.269+0000: 960.189: [GC [PSYoungGen: 258118K->948K(251584K)] 420988K->163924K(938560K), 0.0080650 secs] [Times: user=0.01 sys=0.01, real=0.01 secs] 
2014-07-07T19:58:13.407+0000: 961.327: [GC [PSYoungGen: 251554K->948K(245440K)] 414530K->163940K(932416K), 0.0069180 secs] [Times: user=0.01 sys=0.01, real=0.01 secs] 
2014-07-07T19:58:14.534+0000: 962.455: [GC [PSYoungGen: 245428K->1232K(239872K)] 408420K->164265K(926848K), 0.0060880 secs] [Times: user=0.02 sys=0.00, real=0.00 secs] 
2014-07-07T19:58:15.640+0000: 963.560: [GC [PSYoungGen: 239814K->1062K(233984K)] 402846K->164118K(920960K), 0.0132790 secs] [Times: user=0.05 sys=0.00, real=0.02 secs] 
2014-07-07T19:58:16.722+0000: 964.642: [GC [PSYoungGen: 233958K->866K(280384K)] 397014K->164190K(967360K), 0.0205230 secs] [Times: user=0.07 sys=0.00, real=0.02 secs] 
2014-07-07T19:58:17.997+0000: 965.918: [GC [PSYoungGen: 280354K->1521K(273792K)] 443678K->164925K(960768K), 0.0068990 secs] [Times: user=0.03 sys=0.00, real=0.01 secs] 
2014-07-07T19:58:19.245+0000: 967.165: [GC [PSYoungGen: 273763K->691K(265984K)] 437167K->164752K(952960K), 0.0038650 secs] [Times: user=0.01 sys=0.01, real=0.00 secs] 
2014-07-07T19:58:20.437+0000: 968.357: [GC [PSYoungGen: 265928K->1304K(259904K)] 429988K->165413K(946880K), 0.0059640 secs] [Times: user=0.02 sys=0.00, real=0.01 secs] 
2014-07-07T19:58:21.602+0000: 969.522: [GC [PSYoungGen: 259864K->1332K(253440K)] 423973K->165757K(940416K), 0.0099670 secs] [Times: user=0.03 sys=0.00, real=0.01 secs] 
2014-07-07T19:58:22.754+0000: 970.675: [GC [PSYoungGen: 253428K->1268K(247168K)] 417853K->165733K(934144K), 0.0073960 secs] [Times: user=0.02 sys=0.00, real=0.00 secs] 
2014-07-07T19:58:23.875+0000: 971.796: [GC [PSYoungGen: 247113K->1022K(240960K)] 411577K->165723K(927936K), 0.0072320 secs] [Times: user=0.02 sys=0.00, real=0.00 secs] 
2014-07-07T19:58:24.974+0000: 972.894: [GC [PSYoungGen: 240958K->1094K(235328K)] 405659K->165827K(922304K), 0.0043530 secs] [Times: user=0.01 sys=0.00, real=0.00 secs] 
2014-07-07T19:58:26.049+0000: 973.969: [GC [PSYoungGen: 235270K->1204K(229824K)] 400003K->166035K(916800K), 0.0053790 secs] [Times: user=0.01 sys=0.00, real=0.01 secs] 
2014-07-07T19:58:27.087+0000: 975.007: [GC [PSYoungGen: 229812K->1488K(224832K)] 394643K->166383K(911808K), 0.0081400 secs] [Times: user=0.02 sys=0.00, real=0.01 secs] 
2014-07-07T19:58:28.126+0000: 976.046: [GC [PSYoungGen: 224782K->620K(218816K)] 389677K->166311K(905792K), 0.0045830 secs] [Times: user=0.01 sys=0.00, real=0.00 secs] 
2014-07-07T19:58:29.110+0000: 977.030: [GC [PSYoungGen: 218790K->1698K(214912K)] 384481K->167543K(901888K), 0.0064660 secs] [Times: user=0.01 sys=0.00, real=0.01 secs] 
2014-07-07T19:58:30.073+0000: 977.994: [GC [PSYoungGen: 214856K->1140K(209536K)] 380702K->167525K(896512K), 0.0067010 secs] [Times: user=0.01 sys=0.00, real=0.01 secs] 
2014-07-07T19:58:31.018+0000: 978.938: [GC [PSYoungGen: 209524K->1094K(204928K)] 375909K->167561K(891904K), 0.0046050 secs] [Times: user=0.01 sys=0.00, real=0.00 secs] 
2014-07-07T19:58:31.956+0000: 979.877: [GC [PSYoungGen: 204869K->1378K(200704K)] 371336K->167967K(887680K), 0.0062820 secs] [Times: user=0.02 sys=0.00, real=0.00 secs] 
2014-07-07T19:58:32.872+0000: 980.792: [GC [PSYoungGen: 200674K->980K(196032K)] 367263K->167601K(883008K), 0.0182420 secs] [Times: user=0.06 sys=0.01, real=0.02 secs] 
2014-07-07T19:58:33.753+0000: 981.673: [GC [PSYoungGen: 195987K->1012K(191872K)] 362609K->167649K(878848K), 0.0073720 secs] [Times: user=0.03 sys=0.00, real=0.01 secs] 
2014-07-07T19:58:34.621+0000: 982.541: [GC [PSYoungGen: 191860K->1324K(188160K)] 358497K->167986K(875136K), 0.0043590 secs] [Times: user=0.01 sys=0.00, real=0.01 secs] 
2014-07-07T19:58:35.480+0000: 983.400: [GC [PSYoungGen: 188140K->980K(183936K)] 354802K->167649K(870912K), 0.0058100 secs] [Times: user=0.01 sys=0.00, real=0.01 secs] 
2014-07-07T19:58:36.307+0000: 984.228: [GC [PSYoungGen: 183885K->980K(180160K)] 350554K->167657K(867136K), 0.0085500 secs] [Times: user=0.01 sys=0.01, real=0.01 secs] 
2014-07-07T19:58:37.129+0000: 985.049: [GC [PSYoungGen: 180116K->1407K(176896K)] 346793K->168132K(863872K), 0.0065380 secs] [Times: user=0.01 sys=0.00, real=0.01 secs] 
2014-07-07T19:58:37.929+0000: 985.849: [GC [PSYoungGen: 176888K->1204K(173184K)] 343614K->168001K(860160K), 0.0123380 secs] [Times: user=0.04 sys=0.00, real=0.01 secs] 
2014-07-07T19:58:38.714+0000: 986.634: [GC [PSYoungGen: 173155K->1139K(169728K)] 339953K->168289K(856704K), 0.0066660 secs] [Times: user=0.01 sys=0.00, real=0.01 secs] 
2014-07-07T19:58:39.487+0000: 987.407: [GC [PSYoungGen: 169666K->1250K(203584K)] 336815K->168455K(890560K), 0.0096470 secs] [Times: user=0.03 sys=0.00, real=0.01 secs] 
2014-07-07T19:58:40.429+0000: 988.349: [GC [PSYoungGen: 203554K->1044K(198976K)] 370759K->168305K(885952K), 0.0074810 secs] [Times: user=0.02 sys=0.00, real=0.01 secs] 
2014-07-07T19:58:41.323+0000: 989.244: [GC [PSYoungGen: 198932K->948K(194560K)] 366193K->168225K(881536K), 0.0064070 secs] [Times: user=0.01 sys=0.00, real=0.01 secs] 
2014-07-07T19:58:42.221+0000: 990.141: [GC [PSYoungGen: 194509K->1101K(190656K)] 361786K->168394K(877632K), 0.0062880 secs] [Times: user=0.00 sys=0.00, real=0.01 secs] 
2014-07-07T19:58:43.066+0000: 990.986: [GC [PSYoungGen: 190605K->1452K(187008K)] 357898K->168786K(873984K), 0.0076910 secs] [Times: user=0.03 sys=0.00, real=0.00 secs] 
2014-07-07T19:58:43.940+0000: 991.861: [GC [PSYoungGen: 186898K->879K(182592K)] 354232K->168655K(869568K), 0.0107970 secs] [Times: user=0.03 sys=0.00, real=0.01 secs] 
2014-07-07T19:58:44.786+0000: 992.706: [GC [PSYoungGen: 182575K->1226K(179264K)] 350351K->169033K(866240K), 0.0052480 secs] [Times: user=0.01 sys=0.00, real=0.00 secs] 
2014-07-07T19:58:45.599+0000: 993.519: [GC [PSYoungGen: 179210K->1076K(175488K)] 347017K->169129K(862464K), 0.0028790 secs] [Times: user=0.01 sys=0.00, real=0.00 secs] 
2014-07-07T19:58:46.400+0000: 994.320: [GC [PSYoungGen: 175457K->1062K(172032K)] 343511K->169147K(859008K), 0.0107320 secs] [Times: user=0.04 sys=0.00, real=0.01 secs] 
2014-07-07T19:58:47.182+0000: 995.102: [GC [PSYoungGen: 171971K->1232K(206464K)] 340057K->169382K(893440K), 0.0246010 secs] [Times: user=0.08 sys=0.00, real=0.03 secs] 
2014-07-07T19:58:48.119+0000: 996.039: [GC [PSYoungGen: 206416K->1012K(247296K)] 374566K->169217K(934272K), 0.0109650 secs] [Times: user=0.04 sys=0.00, real=0.01 secs] 
2014-07-07T19:58:49.254+0000: 997.174: [GC [PSYoungGen: 247284K->1076K(296640K)] 415489K->169566K(983616K), 0.0076850 secs] [Times: user=0.03 sys=0.00, real=0.01 secs] 
2014-07-07T19:58:50.615+0000: 998.535: [GC [PSYoungGen: 296628K->1140K(288832K)] 465118K->169686K(975808K), 0.0047790 secs] [Times: user=0.01 sys=0.00, real=0.01 secs] 
2014-07-07T19:58:51.978+0000: 999.898: [GC [PSYoungGen: 288820K->1012K(281152K)] 457366K->169614K(968128K), 0.0136020 secs] [Times: user=0.04 sys=0.00, real=0.01 secs] 
2014-07-07T19:58:53.284+0000: 1001.204: [GC [PSYoungGen: 281106K->1190K(337408K)] 449708K->169848K(1024384K), 0.0146140 secs] [Times: user=0.04 sys=0.00, real=0.02 secs] 
2014-07-07T19:58:54.807+0000: 1002.727: [GC [PSYoungGen: 337359K->1016K(327744K)] 506017K->169786K(1014720K), 0.0074890 secs] [Times: user=0.02 sys=0.00, real=0.01 secs] 
2014-07-07T19:58:56.304+0000: 1004.224: [GC [PSYoungGen: 327729K->1346K(319040K)] 496498K->170156K(1006016K), 0.0077780 secs] [Times: user=0.03 sys=0.00, real=0.01 secs] 
2014-07-07T19:58:57.777+0000: 1005.697: [GC [PSYoungGen: 318978K->688K(309632K)] 487788K->169894K(996608K), 0.0206150 secs] [Times: user=0.07 sys=0.00, real=0.02 secs] 
2014-07-07T19:58:59.202+0000: 1007.122: [GC [PSYoungGen: 309616K->1290K(301888K)] 478822K->170594K(988864K), 0.0052180 secs] [Times: user=0.01 sys=0.00, real=0.00 secs] 
2014-07-07T19:59:00.579+0000: 1008.499: [GC [PSYoungGen: 301834K->1044K(293568K)] 471138K->170618K(980544K), 0.0083800 secs] [Times: user=0.03 sys=0.00, real=0.00 secs] 
2014-07-07T19:59:01.910+0000: 1009.830: [GC [PSYoungGen: 293497K->1108K(285888K)] 463071K->170714K(972864K), 0.0055370 secs] [Times: user=0.01 sys=0.00, real=0.00 secs] 
2014-07-07T19:59:03.223+0000: 1011.143: [GC [PSYoungGen: 285844K->884K(278208K)] 455450K->170650K(965184K), 0.0130130 secs] [Times: user=0.05 sys=0.00, real=0.01 secs] 
2014-07-07T19:59:04.501+0000: 1012.422: [GC [PSYoungGen: 278170K->1172K(271360K)] 447936K->170978K(958336K), 0.0176470 secs] [Times: user=0.06 sys=0.00, real=0.02 secs] 
2014-07-07T19:59:05.736+0000: 1013.656: [GC [PSYoungGen: 271316K->1012K(264256K)] 441122K->170874K(951232K), 0.0074100 secs] [Times: user=0.03 sys=0.00, real=0.01 secs] 
2014-07-07T19:59:06.954+0000: 1014.874: [GC [PSYoungGen: 264240K->1094K(257792K)] 434102K->170980K(944768K), 0.0042570 secs] [Times: user=0.01 sys=0.00, real=0.00 secs] 
2014-07-07T19:59:08.110+0000: 1016.030: [GC [PSYoungGen: 257734K->816K(251072K)] 427620K->171018K(938048K), 0.0088170 secs] [Times: user=0.03 sys=0.00, real=0.01 secs] 
2014-07-07T19:59:09.251+0000: 1017.171: [GC [PSYoungGen: 251038K->1386K(245504K)] 421240K->171652K(932480K), 0.0051530 secs] [Times: user=0.01 sys=0.00, real=0.00 secs] 
2014-07-07T19:59:10.371+0000: 1018.291: [GC [PSYoungGen: 245482K->638K(238848K)] 415748K->171662K(925824K), 0.0109970 secs] [Times: user=0.03 sys=0.00, real=0.01 secs] 
2014-07-07T19:59:11.449+0000: 1019.369: [GC [PSYoungGen: 238845K->1396K(233920K)] 409870K->172437K(920896K), 0.0037900 secs] [Times: user=0.01 sys=0.00, real=0.01 secs] 
2014-07-07T19:59:12.520+0000: 1020.441: [GC [PSYoungGen: 233908K->1208K(228224K)] 404949K->172500K(915200K), 0.0192000 secs] [Times: user=0.06 sys=0.00, real=0.01 secs] 
2014-07-07T19:59:13.548+0000: 1021.468: [GC [PSYoungGen: 228129K->1453K(273920K)] 399421K->172778K(960896K), 0.0166110 secs] [Times: user=0.04 sys=0.00, real=0.02 secs] 
2014-07-07T19:59:14.806+0000: 1022.726: [GC [PSYoungGen: 273884K->702K(327680K)] 445209K->172711K(1014656K), 0.0156330 secs] [Times: user=0.05 sys=0.00, real=0.02 secs] 
2014-07-07T19:59:16.296+0000: 1024.216: [GC [PSYoungGen: 327678K->1464K(319360K)] 499687K->173529K(1006336K), 0.0074210 secs] [Times: user=0.03 sys=0.00, real=0.01 secs] 
2014-07-07T19:59:17.733+0000: 1025.653: [GC [PSYoungGen: 319342K->1158K(310336K)] 491407K->173475K(997312K), 0.0143690 secs] [Times: user=0.05 sys=0.00, real=0.01 secs] 
2014-07-07T19:59:19.143+0000: 1027.063: [GC [PSYoungGen: 310278K->1264K(302016K)] 482595K->173645K(988992K), 0.0064390 secs] [Times: user=0.01 sys=0.00, real=0.00 secs] 
2014-07-07T19:59:20.528+0000: 1028.448: [GC [PSYoungGen: 302000K->1012K(293696K)] 474381K->173489K(980672K), 0.0049530 secs] [Times: user=0.01 sys=0.00, real=0.01 secs] 
2014-07-07T19:59:21.873+0000: 1029.793: [GC [PSYoungGen: 293684K->1108K(286080K)] 466161K->173633K(973056K), 0.0075170 secs] [Times: user=0.03 sys=0.00, real=0.00 secs] 
2014-07-07T19:59:23.181+0000: 1031.101: [GC [PSYoungGen: 285988K->1204K(278720K)] 458513K->173785K(965696K), 0.0034020 secs] [Times: user=0.01 sys=0.00, real=0.01 secs] 
2014-07-07T19:59:24.468+0000: 1032.388: [GC [PSYoungGen: 278708K->980K(271360K)] 451289K->173585K(958336K), 0.0101870 secs] [Times: user=0.04 sys=0.00, real=0.01 secs] 
2014-07-07T19:59:25.720+0000: 1033.640: [GC [PSYoungGen: 271316K->980K(264448K)] 443921K->173609K(951424K), 0.0046130 secs] [Times: user=0.01 sys=0.00, real=0.01 secs] 
2014-07-07T19:59:26.928+0000: 1034.848: [GC [PSYoungGen: 264402K->1204K(257984K)] 437031K->173857K(944960K), 0.0070620 secs] [Times: user=0.01 sys=0.00, real=0.01 secs] 
2014-07-07T19:59:28.075+0000: 1035.995: [GC [PSYoungGen: 257972K->1076K(251456K)] 430625K->173801K(938432K), 0.0125650 secs] [Times: user=0.04 sys=0.00, real=0.01 secs] 
2014-07-07T19:59:29.199+0000: 1037.119: [GC [PSYoungGen: 251433K->1044K(245312K)] 424158K->173817K(932288K), 0.0099380 secs] [Times: user=0.03 sys=0.00, real=0.01 secs] 
2014-07-07T19:59:30.325+0000: 1038.245: [GC [PSYoungGen: 245246K->1072K(239424K)] 418019K->174057K(926400K), 0.0125040 secs] [Times: user=0.04 sys=0.00, real=0.01 secs] 
2014-07-07T19:59:31.433+0000: 1039.353: [GC [PSYoungGen: 239408K->1012K(233664K)] 412393K->174021K(920640K), 0.0073220 secs] [Times: user=0.02 sys=0.00, real=0.00 secs] 
2014-07-07T19:59:32.484+0000: 1040.404: [GC [PSYoungGen: 233616K->1151K(228288K)] 406626K->174288K(915264K), 0.0041720 secs] [Times: user=0.01 sys=0.00, real=0.00 secs] 
2014-07-07T19:59:33.516+0000: 1041.437: [GC [PSYoungGen: 228287K->1296K(223168K)] 401424K->174481K(910144K), 0.0073950 secs] [Times: user=0.03 sys=0.00, real=0.01 secs] 
2014-07-07T19:59:34.536+0000: 1042.456: [GC [PSYoungGen: 223120K->752K(217472K)] 396305K->174433K(904448K), 0.0076470 secs] [Times: user=0.01 sys=0.00, real=0.01 secs] 
2014-07-07T19:59:35.549+0000: 1043.469: [GC [PSYoungGen: 217455K->1208K(212992K)] 391137K->174937K(899968K), 0.0071190 secs] [Times: user=0.03 sys=0.00, real=0.01 secs] 
2014-07-07T19:59:36.511+0000: 1044.431: [GC [PSYoungGen: 212984K->1267K(208320K)] 386713K->175412K(895296K), 0.0094260 secs] [Times: user=0.03 sys=0.00, real=0.01 secs] 
2014-07-07T19:59:37.458+0000: 1045.379: [GC [PSYoungGen: 208307K->1360K(203840K)] 382452K->175577K(890816K), 0.0088530 secs] [Times: user=0.03 sys=0.00, real=0.01 secs] 
2014-07-07T19:59:38.395+0000: 1046.315: [GC [PSYoungGen: 203792K->688K(198720K)] 378009K->175269K(885696K), 0.0107090 secs] [Times: user=0.04 sys=0.00, real=0.01 secs] 
2014-07-07T19:59:39.300+0000: 1047.220: [GC [PSYoungGen: 198671K->1489K(239168K)] 373251K->176118K(926144K), 0.0228130 secs] [Times: user=0.07 sys=0.00, real=0.02 secs] 
2014-07-07T19:59:40.366+0000: 1048.286: [GC [PSYoungGen: 239120K->1136K(286336K)] 413749K->175967K(973312K), 0.0168780 secs] [Times: user=0.06 sys=0.00, real=0.01 secs] 
2014-07-07T19:59:41.669+0000: 1049.590: [GC [PSYoungGen: 286320K->1076K(343360K)] 461151K->175947K(1030336K), 0.0082090 secs] [Times: user=0.02 sys=0.00, real=0.01 secs] 
2014-07-07T19:59:43.244+0000: 1051.164: [GC [PSYoungGen: 343348K->1269K(333824K)] 518219K->176318K(1020800K), 0.0078770 secs] [Times: user=0.03 sys=0.00, real=0.01 secs] 
2014-07-07T19:59:44.782+0000: 1052.702: [GC [PSYoungGen: 333800K->1140K(324352K)] 508849K->176221K(1011328K), 0.0122250 secs] [Times: user=0.04 sys=0.00, real=0.01 secs] 
2014-07-07T19:59:46.285+0000: 1054.205: [GC [PSYoungGen: 324340K->1044K(315328K)] 499421K->176189K(1002304K), 0.0124400 secs] [Times: user=0.04 sys=0.00, real=0.01 secs] 
2014-07-07T19:59:47.701+0000: 1055.621: [GC [PSYoungGen: 315284K->1442K(307136K)] 490429K->176651K(994112K), 0.0085400 secs] [Times: user=0.01 sys=0.00, real=0.01 secs] 
2014-07-07T19:59:49.116+0000: 1057.036: [GC [PSYoungGen: 307106K->930K(367808K)] 482315K->176253K(1054784K), 0.0273840 secs] [Times: user=0.09 sys=0.00, real=0.03 secs] 
2014-07-07T19:59:50.824+0000: 1058.745: [GC [PSYoungGen: 367778K->948K(357056K)] 543101K->176303K(1044032K), 0.0041420 secs] [Times: user=0.01 sys=0.00, real=0.01 secs] 
2014-07-07T19:59:52.440+0000: 1060.360: [GC [PSYoungGen: 357044K->1328K(347136K)] 532399K->176723K(1034112K), 0.0081710 secs] [Times: user=0.03 sys=0.00, real=0.01 secs] 
2014-07-07T19:59:54.013+0000: 1061.934: [GC [PSYoungGen: 347120K->948K(415936K)] 522515K->176359K(1102912K), 0.0273450 secs] [Times: user=0.10 sys=0.00, real=0.03 secs] 
2014-07-07T19:59:55.910+0000: 1063.831: [GC [PSYoungGen: 415900K->1076K(403328K)] 591311K->176527K(1090304K), 0.0078400 secs] [Times: user=0.03 sys=0.00, real=0.01 secs] 
2014-07-07T19:59:57.738+0000: 1065.658: [GC [PSYoungGen: 403273K->1044K(391104K)] 578724K->176519K(1078080K), 0.0132730 secs] [Times: user=0.05 sys=0.00, real=0.01 secs] 
2014-07-07T19:59:59.519+0000: 1067.439: [GC [PSYoungGen: 391054K->1282K(379648K)] 566528K->176853K(1066624K), 0.0045210 secs] [Times: user=0.01 sys=0.00, real=0.00 secs] 
2014-07-07T20:00:01.245+0000: 1069.165: [GC [PSYoungGen: 379585K->1044K(368192K)] 555156K->176647K(1055168K), 0.0034800 secs] [Times: user=0.01 sys=0.00, real=0.01 secs] 
2014-07-07T20:00:02.911+0000: 1070.831: [GC [PSYoungGen: 368148K->948K(357312K)] 543751K->176575K(1044288K), 0.0077370 secs] [Times: user=0.02 sys=0.00, real=0.01 secs] 
2014-07-07T20:00:04.581+0000: 1072.501: [GC [PSYoungGen: 357300K->1328K(347392K)] 532927K->176995K(1034368K), 0.0114290 secs] [Times: user=0.03 sys=0.00, real=0.01 secs] 
2014-07-07T20:00:06.170+0000: 1074.090: [GC [PSYoungGen: 347349K->1069K(337280K)] 523016K->176816K(1024256K), 0.0091180 secs] [Times: user=0.03 sys=0.00, real=0.01 secs] 
2014-07-07T20:00:07.704+0000: 1075.624: [GC [PSYoungGen: 337251K->1108K(327872K)] 512998K->176895K(1014848K), 0.0155540 secs] [Times: user=0.04 sys=0.00, real=0.02 secs] 
2014-07-07T20:00:09.211+0000: 1077.132: [GC [PSYoungGen: 327828K->980K(318656K)] 503615K->176847K(1005632K), 0.0268760 secs] [Times: user=0.09 sys=0.00, real=0.02 secs] 
2014-07-07T20:00:10.669+0000: 1078.589: [GC [PSYoungGen: 318609K->948K(382144K)] 494476K->176847K(1069120K), 0.0201630 secs] [Times: user=0.06 sys=0.00, real=0.02 secs] 
2014-07-07T20:00:12.412+0000: 1080.333: [GC [PSYoungGen: 382132K->1264K(371136K)] 558031K->177211K(1058112K), 0.0101620 secs] [Times: user=0.04 sys=0.00, real=0.01 secs] 
2014-07-07T20:00:14.120+0000: 1082.040: [GC [PSYoungGen: 371120K->1140K(360128K)] 547067K->177119K(1047104K), 0.0205790 secs] [Times: user=0.07 sys=0.00, real=0.02 secs] 
2014-07-07T20:00:15.761+0000: 1083.681: [GC [PSYoungGen: 360105K->802K(349376K)] 536084K->177115K(1036352K), 0.0093760 secs] [Times: user=0.04 sys=0.00, real=0.01 secs] 
2014-07-07T20:00:17.358+0000: 1085.279: [GC [PSYoungGen: 349335K->1446K(340032K)] 525648K->177783K(1027008K), 0.0088910 secs] [Times: user=0.03 sys=0.00, real=0.01 secs] 
2014-07-07T20:00:18.907+0000: 1086.827: [GC [PSYoungGen: 340006K->702K(329664K)] 516343K->177597K(1016640K), 0.0135960 secs] [Times: user=0.04 sys=0.00, real=0.02 secs] 
2014-07-07T20:00:20.436+0000: 1088.356: [GC [PSYoungGen: 329662K->1553K(321344K)] 506557K->178520K(1008320K), 0.0058100 secs] [Times: user=0.01 sys=0.00, real=0.01 secs] 
2014-07-07T20:00:21.892+0000: 1089.812: [GC [PSYoungGen: 321297K->944K(311872K)] 498264K->178251K(998848K), 0.0153110 secs] [Times: user=0.05 sys=0.00, real=0.01 secs] 
2014-07-07T20:00:23.329+0000: 1091.249: [GC [PSYoungGen: 311821K->948K(303424K)] 489128K->178271K(990400K), 0.0076010 secs] [Times: user=0.01 sys=0.00, real=0.01 secs] 
2014-07-07T20:00:24.690+0000: 1092.610: [GC [PSYoungGen: 303408K->1030K(295424K)] 480731K->178393K(982400K), 0.0096840 secs] [Times: user=0.03 sys=0.00, real=0.01 secs] 
2014-07-07T20:00:26.040+0000: 1093.960: [GC [PSYoungGen: 295366K->1012K(287552K)] 472729K->178407K(974528K), 0.0058260 secs] [Times: user=0.01 sys=0.00, real=0.01 secs] 
2014-07-07T20:00:27.352+0000: 1095.272: [GC [PSYoungGen: 287540K->1108K(280192K)] 464935K->178551K(967168K), 0.0067170 secs] [Times: user=0.02 sys=0.01, real=0.01 secs] 
2014-07-07T20:00:28.629+0000: 1096.550: [GC [PSYoungGen: 280148K->1204K(273024K)] 457591K->178719K(960000K), 0.0105860 secs] [Times: user=0.04 sys=0.00, real=0.01 secs] 
2014-07-07T20:00:29.865+0000: 1097.785: [GC [PSYoungGen: 272993K->884K(265792K)] 450508K->178577K(952768K), 0.0033730 secs] [Times: user=0.01 sys=0.00, real=0.00 secs] 
2014-07-07T20:00:31.072+0000: 1098.993: [GC [PSYoungGen: 265780K->1044K(259328K)] 443473K->178769K(946304K), 0.0082560 secs] [Times: user=0.02 sys=0.00, real=0.00 secs] 
2014-07-07T20:00:32.248+0000: 1100.169: [GC [PSYoungGen: 259265K->1136K(252992K)] 436990K->178933K(939968K), 0.0090640 secs] [Times: user=0.03 sys=0.00, real=0.01 secs] 
2014-07-07T20:00:33.413+0000: 1101.333: [GC [PSYoungGen: 252976K->1324K(246976K)] 430773K->179146K(933952K), 0.0037680 secs] [Times: user=0.01 sys=0.00, real=0.01 secs] 
2014-07-07T20:00:34.543+0000: 1102.464: [GC [PSYoungGen: 246956K->624K(240320K)] 424778K->178785K(927296K), 0.0060870 secs] [Times: user=0.02 sys=0.00, real=0.00 secs] 
2014-07-07T20:00:35.621+0000: 1103.542: [GC [PSYoungGen: 240304K->1400K(235328K)] 418465K->179569K(922304K), 0.0158970 secs] [Times: user=0.05 sys=0.00, real=0.02 secs] 
2014-07-07T20:00:36.682+0000: 1104.602: [GC [PSYoungGen: 235320K->1076K(229504K)] 413489K->179537K(916480K), 0.0073860 secs] [Times: user=0.01 sys=0.00, real=0.01 secs] 
2014-07-07T20:00:37.725+0000: 1105.645: [GC [PSYoungGen: 229492K->1076K(224192K)] 407953K->179601K(911168K), 0.0033990 secs] [Times: user=0.01 sys=0.01, real=0.00 secs] 
2014-07-07T20:00:38.764+0000: 1106.684: [GC [PSYoungGen: 224180K->1204K(219200K)] 402705K->179793K(906176K), 0.0065490 secs] [Times: user=0.02 sys=0.00, real=0.00 secs] 
2014-07-07T20:00:39.757+0000: 1107.677: [GC [PSYoungGen: 219169K->1591K(214592K)] 397758K->180400K(901568K), 0.0132160 secs] [Times: user=0.04 sys=0.00, real=0.01 secs] 
2014-07-07T20:00:40.742+0000: 1108.662: [GC [PSYoungGen: 214583K->442K(208640K)] 393392K->180164K(895616K), 0.0098600 secs] [Times: user=0.03 sys=0.00, real=0.01 secs] 
2014-07-07T20:00:41.703+0000: 1109.624: [GC [PSYoungGen: 208634K->1578K(205184K)] 388356K->181465K(892160K), 0.0143300 secs] [Times: user=0.05 sys=0.00, real=0.02 secs] 
2014-07-07T20:00:42.629+0000: 1110.549: [GC [PSYoungGen: 205162K->1168K(200320K)] 385049K->181505K(887296K), 0.0069280 secs] [Times: user=0.01 sys=0.00, real=0.01 secs] 
2014-07-07T20:00:43.548+0000: 1111.468: [GC [PSYoungGen: 200254K->1449K(196288K)] 380591K->181818K(883264K), 0.0047420 secs] [Times: user=0.01 sys=0.00, real=0.00 secs] 
2014-07-07T20:00:44.427+0000: 1112.347: [GC [PSYoungGen: 196265K->934K(234752K)] 376634K->181439K(921728K), 0.0435770 secs] [Times: user=0.15 sys=0.00, real=0.04 secs] 
2014-07-07T20:00:45.509+0000: 1113.430: [GC [PSYoungGen: 234726K->1354K(281984K)] 415231K->181891K(968960K), 0.0110860 secs] [Times: user=0.03 sys=0.00, real=0.01 secs] 
2014-07-07T20:00:46.798+0000: 1114.718: [GC [PSYoungGen: 281930K->1232K(337984K)] 462467K->181825K(1024960K), 0.0046120 secs] [Times: user=0.01 sys=0.01, real=0.00 secs] 
2014-07-07T20:00:48.336+0000: 1116.257: [GC [PSYoungGen: 337916K->1254K(405376K)] 518509K->181911K(1092352K), 0.0045170 secs] [Times: user=0.01 sys=0.00, real=0.00 secs] 
2014-07-07T20:00:50.188+0000: 1118.108: [GC [PSYoungGen: 405305K->954K(392768K)] 585962K->181873K(1079744K), 0.0108320 secs] [Times: user=0.03 sys=0.00, real=0.01 secs] 
2014-07-07T20:00:51.999+0000: 1119.919: [GC [PSYoungGen: 392715K->1286K(381376K)] 573634K->182245K(1068352K), 0.0154180 secs] [Times: user=0.05 sys=0.00, real=0.01 secs] 
2014-07-07T20:00:53.733+0000: 1121.653: [GC [PSYoungGen: 381309K->1076K(457152K)] 562268K->182083K(1144128K), 0.0340910 secs] [Times: user=0.12 sys=0.00, real=0.04 secs] 
2014-07-07T20:00:55.836+0000: 1123.756: [GC [PSYoungGen: 457140K->1133K(442688K)] 638147K->182156K(1129664K), 0.0049130 secs] [Times: user=0.01 sys=0.00, real=0.00 secs] 
2014-07-07T20:00:57.840+0000: 1125.760: [GC [PSYoungGen: 442644K->1147K(428800K)] 623667K->182250K(1115776K), 0.0078380 secs] [Times: user=0.03 sys=0.00, real=0.01 secs] 
2014-07-07T20:00:59.797+0000: 1127.717: [GC [PSYoungGen: 428795K->1076K(415424K)] 609898K->182275K(1102400K), 0.0138870 secs] [Times: user=0.05 sys=0.00, real=0.01 secs] 
2014-07-07T20:01:01.696+0000: 1129.616: [GC [PSYoungGen: 415399K->1012K(402624K)] 596598K->182323K(1089600K), 0.0088400 secs] [Times: user=0.04 sys=0.00, real=0.01 secs] 
2014-07-07T20:01:03.518+0000: 1131.438: [GC [PSYoungGen: 402612K->1108K(390528K)] 583923K->182451K(1077504K), 0.0121530 secs] [Times: user=0.04 sys=0.00, real=0.01 secs] 
2014-07-07T20:01:05.325+0000: 1133.245: [GC [PSYoungGen: 390484K->1080K(378752K)] 571827K->182559K(1065728K), 0.0058670 secs] [Times: user=0.02 sys=0.00, real=0.01 secs] 
2014-07-07T20:01:07.086+0000: 1135.006: [GC [PSYoungGen: 378732K->1172K(367680K)] 560211K->182691K(1054656K), 0.0070200 secs] [Times: user=0.03 sys=0.00, real=0.01 secs] 
2014-07-07T20:01:08.725+0000: 1136.646: [GC [PSYoungGen: 367636K->816K(356544K)] 549155K->182603K(1043520K), 0.0172950 secs] [Times: user=0.06 sys=0.00, real=0.02 secs] 
2014-07-07T20:01:10.347+0000: 1138.267: [GC [PSYoungGen: 356528K->1204K(346624K)] 538315K->183047K(1033600K), 0.0128500 secs] [Times: user=0.04 sys=0.00, real=0.02 secs] 
2014-07-07T20:01:11.950+0000: 1139.870: [GC [PSYoungGen: 346612K->948K(336512K)] 528455K->182879K(1023488K), 0.0095300 secs] [Times: user=0.03 sys=0.00, real=0.01 secs] 
2014-07-07T20:01:13.472+0000: 1141.393: [GC [PSYoungGen: 336500K->1360K(327488K)] 518431K->183323K(1014464K), 0.0081990 secs] [Times: user=0.03 sys=0.00, real=0.01 secs] 
2014-07-07T20:01:14.951+0000: 1142.871: [GC [PSYoungGen: 327440K->638K(317632K)] 509403K->183047K(1004608K), 0.0044690 secs] [Times: user=0.02 sys=0.00, real=0.00 secs] 
2014-07-07T20:01:16.405+0000: 1144.326: [GC [PSYoungGen: 317630K->1524K(309824K)] 500039K->183997K(996800K), 0.0140090 secs] [Times: user=0.05 sys=0.00, real=0.02 secs] 
2014-07-07T20:01:17.844+0000: 1145.764: [GC [PSYoungGen: 309812K->930K(300864K)] 492285K->183801K(987840K), 0.0144430 secs] [Times: user=0.05 sys=0.00, real=0.01 secs] 
2014-07-07T20:01:19.203+0000: 1147.123: [GC [PSYoungGen: 300834K->1044K(292928K)] 483705K->183995K(979904K), 0.0039160 secs] [Times: user=0.01 sys=0.00, real=0.00 secs] 
2014-07-07T20:01:20.553+0000: 1148.473: [GC [PSYoungGen: 292884K->980K(285120K)] 475835K->183979K(972096K), 0.0098960 secs] [Times: user=0.03 sys=0.00, real=0.01 secs] 
2014-07-07T20:01:21.858+0000: 1149.778: [GC [PSYoungGen: 285076K->1140K(277824K)] 468075K->184179K(964800K), 0.0038490 secs] [Times: user=0.01 sys=0.00, real=0.01 secs] 
2014-07-07T20:01:23.115+0000: 1151.035: [GC [PSYoungGen: 277809K->1076K(270656K)] 460848K->184155K(957632K), 0.0110100 secs] [Times: user=0.04 sys=0.00, real=0.01 secs] 
2014-07-07T20:01:24.352+0000: 1152.272: [GC [PSYoungGen: 270640K->1261K(264000K)] 453719K->184380K(950976K), 0.0168820 secs] [Times: user=0.06 sys=0.00, real=0.01 secs] 
2014-07-07T20:01:25.553+0000: 1153.473: [GC [PSYoungGen: 263981K->866K(257024K)] 447100K->184099K(944000K), 0.0039610 secs] [Times: user=0.01 sys=0.00, real=0.00 secs] 
2014-07-07T20:01:26.717+0000: 1154.637: [GC [PSYoungGen: 256987K->1190K(251008K)] 440221K->184455K(937984K), 0.0091900 secs] [Times: user=0.04 sys=0.00, real=0.01 secs] 
2014-07-07T20:01:27.861+0000: 1155.781: [GC [PSYoungGen: 250939K->1133K(244800K)] 434205K->184618K(931776K), 0.0114930 secs] [Times: user=0.04 sys=0.00, real=0.01 secs] 
2014-07-07T20:01:28.989+0000: 1156.909: [GC [PSYoungGen: 244740K->1293K(239104K)] 428225K->184826K(926080K), 0.0080930 secs] [Times: user=0.01 sys=0.00, real=0.01 secs] 
2014-07-07T20:01:30.078+0000: 1157.998: [GC [PSYoungGen: 239053K->765K(232832K)] 422586K->184874K(919808K), 0.0034980 secs] [Times: user=0.01 sys=0.00, real=0.01 secs] 
2014-07-07T20:01:31.146+0000: 1159.067: [GC [PSYoungGen: 232829K->1336K(227968K)] 416938K->185452K(914944K), 0.0065430 secs] [Times: user=0.01 sys=0.00, real=0.01 secs] 
2014-07-07T20:01:32.206+0000: 1160.126: [GC [PSYoungGen: 227940K->1080K(222464K)] 412057K->185416K(909440K), 0.0157280 secs] [Times: user=0.05 sys=0.00, real=0.02 secs] 
2014-07-07T20:01:33.212+0000: 1161.133: [GC [PSYoungGen: 222456K->1264K(266944K)] 406792K->185625K(953920K), 0.0153890 secs] [Times: user=0.05 sys=0.00, real=0.01 secs] 
2014-07-07T20:01:34.409+0000: 1162.329: [GC [PSYoungGen: 266882K->884K(259840K)] 451243K->185324K(946816K), 0.0063330 secs] [Times: user=0.01 sys=0.00, real=0.01 secs] 
2014-07-07T20:01:35.587+0000: 1163.507: [GC [PSYoungGen: 259828K->1218K(312064K)] 444268K->185675K(999040K), 0.0223230 secs] [Times: user=0.07 sys=0.00, real=0.02 secs] 
2014-07-07T20:01:36.997+0000: 1164.918: [GC [PSYoungGen: 312002K->1076K(303424K)] 496459K->185638K(990400K), 0.0040780 secs] [Times: user=0.01 sys=0.00, real=0.00 secs] 
2014-07-07T20:01:38.382+0000: 1166.302: [GC [PSYoungGen: 303412K->1328K(295552K)] 487974K->185971K(982528K), 0.0155410 secs] [Times: user=0.05 sys=0.00, real=0.02 secs] 
2014-07-07T20:01:39.732+0000: 1167.652: [GC [PSYoungGen: 295512K->694K(353792K)] 480155K->185959K(1040768K), 0.0302970 secs] [Times: user=0.11 sys=0.00, real=0.03 secs] 
2014-07-07T20:01:41.343+0000: 1169.264: [GC [PSYoungGen: 353758K->1461K(425216K)] 539023K->186758K(1112192K), 0.0099410 secs] [Times: user=0.04 sys=0.00, real=0.01 secs] 
2014-07-07T20:01:43.323+0000: 1171.243: [GC [PSYoungGen: 425204K->1066K(411712K)] 610501K->186667K(1098688K), 0.0083810 secs] [Times: user=0.01 sys=0.00, real=0.01 secs] 
2014-07-07T20:01:45.205+0000: 1173.125: [GC [PSYoungGen: 411675K->1076K(399104K)] 597275K->186717K(1086080K), 0.0087110 secs] [Times: user=0.03 sys=0.00, real=0.01 secs] 
2014-07-07T20:01:47.046+0000: 1174.966: [GC [PSYoungGen: 399053K->1126K(387136K)] 584694K->186807K(1074112K), 0.0100780 secs] [Times: user=0.03 sys=0.00, real=0.01 secs] 
2014-07-07T20:01:48.830+0000: 1176.750: [GC [PSYoungGen: 387100K->1396K(375872K)] 572781K->187157K(1062848K), 0.0161690 secs] [Times: user=0.04 sys=0.00, real=0.02 secs] 
2014-07-07T20:01:50.563+0000: 1178.483: [GC [PSYoungGen: 375770K->702K(364096K)] 561531K->187017K(1051072K), 0.0055860 secs] [Times: user=0.02 sys=0.00, real=0.01 secs] 
2014-07-07T20:01:52.227+0000: 1180.147: [GC [PSYoungGen: 364094K->1496K(354304K)] 550409K->187867K(1041280K), 0.0139140 secs] [Times: user=0.05 sys=0.00, real=0.01 secs] 
2014-07-07T20:01:53.843+0000: 1181.763: [GC [PSYoungGen: 354264K->1016K(343616K)] 540635K->187746K(1030592K), 0.0042250 secs] [Times: user=0.01 sys=0.00, real=0.01 secs] 
2014-07-07T20:01:55.411+0000: 1183.331: [GC [PSYoungGen: 343608K->1012K(333888K)] 530338K->187766K(1020864K), 0.0081830 secs] [Times: user=0.03 sys=0.00, real=0.01 secs] 
2014-07-07T20:01:56.926+0000: 1184.847: [GC [PSYoungGen: 333837K->1328K(324864K)] 520591K->188138K(1011840K), 0.0072490 secs] [Times: user=0.02 sys=0.00, real=0.00 secs] 
2014-07-07T20:01:58.412+0000: 1186.332: [GC [PSYoungGen: 324848K->1108K(315712K)] 511658K->187990K(1002688K), 0.0132220 secs] [Times: user=0.05 sys=0.00, real=0.02 secs] 
2014-07-07T20:01:59.860+0000: 1187.780: [GC [PSYoungGen: 315654K->998K(306944K)] 502536K->188032K(993920K), 0.0041140 secs] [Times: user=0.01 sys=0.00, real=0.00 secs] 
2014-07-07T20:02:01.262+0000: 1189.182: [GC [PSYoungGen: 306898K->1062K(368192K)] 493932K->188128K(1055168K), 0.0435560 secs] [Times: user=0.15 sys=0.00, real=0.04 secs] 
2014-07-07T20:02:02.958+0000: 1190.878: [GC [PSYoungGen: 368109K->1229K(357632K)] 555175K->188335K(1044608K), 0.0079190 secs] [Times: user=0.02 sys=0.00, real=0.00 secs] 
2014-07-07T20:02:04.604+0000: 1192.524: [GC [PSYoungGen: 357581K->1012K(347072K)] 544687K->188142K(1034048K), 0.0047310 secs] [Times: user=0.01 sys=0.00, real=0.01 secs] 
2014-07-07T20:02:06.202+0000: 1194.122: [GC [PSYoungGen: 347060K->948K(337152K)] 534190K->188150K(1024128K), 0.0031250 secs] [Times: user=0.01 sys=0.00, real=0.00 secs] 
2014-07-07T20:02:07.734+0000: 1195.654: [GC [PSYoungGen: 337140K->1236K(328000K)] 524342K->188478K(1014976K), 0.0139970 secs] [Times: user=0.05 sys=0.00, real=0.02 secs] 
2014-07-07T20:02:09.227+0000: 1197.147: [GC [PSYoungGen: 327939K->1004K(318656K)] 515181K->188648K(1005632K), 0.0112160 secs] [Times: user=0.04 sys=0.00, real=0.01 secs] 
2014-07-07T20:02:10.689+0000: 1198.610: [GC [PSYoungGen: 318636K->1236K(310208K)] 506280K->188912K(997184K), 0.0091660 secs] [Times: user=0.01 sys=0.00, real=0.01 secs] 
2014-07-07T20:02:12.118+0000: 1200.039: [GC [PSYoungGen: 310162K->1076K(301632K)] 497839K->188792K(988608K), 0.0062080 secs] [Times: user=0.01 sys=0.00, real=0.00 secs] 
2014-07-07T20:02:13.498+0000: 1201.418: [GC [PSYoungGen: 301620K->1172K(293696K)] 489336K->188960K(980672K), 0.0299200 secs] [Times: user=0.10 sys=0.00, real=0.03 secs] 
2014-07-07T20:02:14.838+0000: 1202.758: [GC [PSYoungGen: 293629K->954K(285696K)] 481417K->189118K(972672K), 0.0057360 secs] [Times: user=0.02 sys=0.00, real=0.00 secs] 
2014-07-07T20:02:16.158+0000: 1204.079: [GC [PSYoungGen: 285690K->1197K(278528K)] 473854K->189393K(965504K), 0.0105750 secs] [Times: user=0.04 sys=0.00, real=0.01 secs] 
2014-07-07T20:02:17.433+0000: 1205.353: [GC [PSYoungGen: 278509K->1012K(271168K)] 466705K->189272K(958144K), 0.0104790 secs] [Times: user=0.03 sys=0.00, real=0.01 secs] 
2014-07-07T20:02:18.684+0000: 1206.604: [GC [PSYoungGen: 271156K->1012K(264256K)] 459416K->189328K(951232K), 0.0083440 secs] [Times: user=0.03 sys=0.00, real=0.01 secs] 
2014-07-07T20:02:19.885+0000: 1207.805: [GC [PSYoungGen: 264200K->1062K(257728K)] 452516K->189450K(944704K), 0.0183640 secs] [Times: user=0.06 sys=0.00, real=0.02 secs] 
2014-07-07T20:02:21.060+0000: 1208.980: [GC [PSYoungGen: 257702K->1197K(251456K)] 446090K->189625K(938432K), 0.0065890 secs] [Times: user=0.01 sys=0.00, real=0.00 secs] 
2014-07-07T20:02:22.195+0000: 1210.115: [GC [PSYoungGen: 251412K->802K(244928K)] 439840K->189392K(931904K), 0.0044820 secs] [Times: user=0.01 sys=0.00, real=0.01 secs] 
2014-07-07T20:02:23.305+0000: 1211.225: [GC [PSYoungGen: 244897K->1378K(239616K)] 433487K->190017K(926592K), 0.0116470 secs] [Times: user=0.04 sys=0.00, real=0.01 secs] 
2014-07-07T20:02:24.400+0000: 1212.320: [GC [PSYoungGen: 239539K->752K(233280K)] 428177K->189708K(920256K), 0.0127170 secs] [Times: user=0.04 sys=0.00, real=0.01 secs] 
2014-07-07T20:02:25.439+0000: 1213.359: [GC [PSYoungGen: 233211K->1212K(228224K)] 422168K->190200K(915200K), 0.0099700 secs] [Times: user=0.03 sys=0.00, real=0.01 secs] 
2014-07-07T20:02:26.487+0000: 1214.407: [GC [PSYoungGen: 228219K->1150K(273600K)] 417207K->190359K(960576K), 0.0151230 secs] [Times: user=0.04 sys=0.00, real=0.02 secs] 
2014-07-07T20:02:27.726+0000: 1215.646: [GC [PSYoungGen: 273588K->1425K(328448K)] 462797K->190698K(1015424K), 0.0209940 secs] [Times: user=0.07 sys=0.00, real=0.02 secs] 
2014-07-07T20:02:29.208+0000: 1217.128: [GC [PSYoungGen: 328392K->506K(392896K)] 517664K->190326K(1079872K), 0.0091130 secs] [Times: user=0.01 sys=0.00, real=0.01 secs] 
2014-07-07T20:02:31.010+0000: 1218.930: [GC [PSYoungGen: 392890K->1589K(382144K)] 582710K->191474K(1069120K), 0.0059070 secs] [Times: user=0.02 sys=0.00, real=0.00 secs] 
2014-07-07T20:02:32.745+0000: 1220.665: [GC [PSYoungGen: 382085K->980K(370240K)] 571969K->191193K(1057216K), 0.0136160 secs] [Times: user=0.04 sys=0.01, real=0.01 secs] 
2014-07-07T20:02:34.429+0000: 1222.349: [GC [PSYoungGen: 370196K->1108K(359552K)] 560409K->191369K(1046528K), 0.0057990 secs] [Times: user=0.02 sys=0.00, real=0.01 secs] 
2014-07-07T20:02:36.070+0000: 1223.990: [GC [PSYoungGen: 359508K->1236K(349312K)] 549769K->191537K(1036288K), 0.0072880 secs] [Times: user=0.03 sys=0.00, real=0.01 secs] 
2014-07-07T20:02:37.676+0000: 1225.596: [GC [PSYoungGen: 349268K->1044K(339136K)] 539569K->191377K(1026112K), 0.0147340 secs] [Times: user=0.05 sys=0.00, real=0.02 secs] 
2014-07-07T20:02:39.238+0000: 1227.158: [GC [PSYoungGen: 339092K->1012K(329536K)] 529425K->191433K(1016512K), 0.0064540 secs] [Times: user=0.02 sys=0.00, real=0.01 secs] 
2014-07-07T20:02:40.758+0000: 1228.678: [GC [PSYoungGen: 329524K->1300K(320704K)] 519945K->191777K(1007680K), 0.0090730 secs] [Times: user=0.03 sys=0.00, real=0.01 secs] 
2014-07-07T20:02:42.224+0000: 1230.144: [GC [PSYoungGen: 320626K->872K(311424K)] 511103K->191757K(998400K), 0.0059890 secs] [Times: user=0.01 sys=0.00, real=0.00 secs] 
2014-07-07T20:02:43.659+0000: 1231.580: [GC [PSYoungGen: 311384K->1592K(303680K)] 502269K->192501K(990656K), 0.0069320 secs] [Times: user=0.01 sys=0.00, real=0.01 secs] 
2014-07-07T20:02:45.042+0000: 1232.963: [GC [PSYoungGen: 303672K->762K(294720K)] 494581K->192465K(981696K), 0.0255390 secs] [Times: user=0.08 sys=0.00, real=0.03 secs] 
2014-07-07T20:02:46.386+0000: 1234.306: [GC [PSYoungGen: 294713K->1564K(287744K)] 486416K->193299K(974720K), 0.0100380 secs] [Times: user=0.03 sys=0.00, real=0.01 secs] 
2014-07-07T20:02:47.686+0000: 1235.606: [GC [PSYoungGen: 287708K->1260K(279936K)] 479443K->193527K(966912K), 0.0066800 secs] [Times: user=0.02 sys=0.00, real=0.01 secs] 
2014-07-07T20:02:48.966+0000: 1236.886: [GC [PSYoungGen: 279916K->1208K(272640K)] 472183K->193563K(959616K), 0.0095190 secs] [Times: user=0.03 sys=0.00, real=0.01 secs] 
2014-07-07T20:02:50.202+0000: 1238.122: [GC [PSYoungGen: 272632K->1236K(265792K)] 464987K->193713K(952768K), 0.0097560 secs] [Times: user=0.03 sys=0.00, real=0.01 secs] 
2014-07-07T20:02:51.423+0000: 1239.343: [GC [PSYoungGen: 265748K->980K(258880K)] 458225K->193489K(945856K), 0.0087670 secs] [Times: user=0.03 sys=0.00, real=0.01 secs] 
2014-07-07T20:02:52.622+0000: 1240.542: [GC [PSYoungGen: 258817K->980K(252480K)] 451326K->193521K(939456K), 0.0085400 secs] [Times: user=0.03 sys=0.00, real=0.01 secs] 
2014-07-07T20:02:53.778+0000: 1241.698: [GC [PSYoungGen: 252415K->1172K(246464K)] 444956K->193737K(933440K), 0.0149630 secs] [Times: user=0.05 sys=0.00, real=0.01 secs] 
2014-07-07T20:02:54.916+0000: 1242.837: [GC [PSYoungGen: 246406K->1076K(240384K)] 438972K->193689K(927360K), 0.0055110 secs] [Times: user=0.02 sys=0.00, real=0.00 secs] 
2014-07-07T20:02:56.024+0000: 1243.945: [GC [PSYoungGen: 240372K->1190K(234752K)] 432985K->193851K(921728K), 0.0080560 secs] [Times: user=0.03 sys=0.00, real=0.00 secs] 
2014-07-07T20:02:57.088+0000: 1245.009: [GC [PSYoungGen: 234726K->1268K(229312K)] 427387K->193953K(916288K), 0.0100450 secs] [Times: user=0.04 sys=0.00, real=0.01 secs] 
2014-07-07T20:02:58.132+0000: 1246.053: [GC [PSYoungGen: 229276K->1378K(275072K)] 421961K->194143K(962048K), 0.0186800 secs] [Times: user=0.05 sys=0.00, real=0.02 secs] 
2014-07-07T20:02:59.402+0000: 1247.322: [GC [PSYoungGen: 275028K->802K(329280K)] 467793K->193891K(1016256K), 0.0155560 secs] [Times: user=0.05 sys=0.00, real=0.02 secs] 
2014-07-07T20:03:00.892+0000: 1248.813: [GC [PSYoungGen: 329250K->1336K(320640K)] 522339K->194465K(1007616K), 0.0041630 secs] [Times: user=0.01 sys=0.00, real=0.01 secs] 
2014-07-07T20:03:02.360+0000: 1250.281: [GC [PSYoungGen: 320632K->1044K(311552K)] 513761K->194391K(998528K), 0.0133340 secs] [Times: user=0.04 sys=0.00, real=0.01 secs] 
2014-07-07T20:03:03.759+0000: 1251.679: [GC [PSYoungGen: 311508K->980K(303040K)] 504855K->194343K(990016K), 0.0043000 secs] [Times: user=0.01 sys=0.00, real=0.00 secs] 
2014-07-07T20:03:05.143+0000: 1253.064: [GC [PSYoungGen: 302994K->1247K(295168K)] 496357K->194650K(982144K), 0.0082030 secs] [Times: user=0.03 sys=0.00, real=0.01 secs] 
2014-07-07T20:03:06.488+0000: 1254.409: [GC [PSYoungGen: 295120K->1204K(287296K)] 488523K->194639K(974272K), 0.0100890 secs] [Times: user=0.04 sys=0.00, real=0.01 secs] 
2014-07-07T20:03:07.809+0000: 1255.729: [GC [PSYoungGen: 287284K->880K(279488K)] 480719K->194559K(966464K), 0.0046110 secs] [Times: user=0.01 sys=0.00, real=0.00 secs] 
2014-07-07T20:03:09.070+0000: 1256.990: [GC [PSYoungGen: 279472K->1076K(272448K)] 473151K->194811K(959424K), 0.0079130 secs] [Times: user=0.01 sys=0.01, real=0.01 secs] 
2014-07-07T20:03:10.319+0000: 1258.239: [GC [PSYoungGen: 272397K->948K(265408K)] 466132K->194723K(952384K), 0.0086470 secs] [Times: user=0.01 sys=0.00, real=0.01 secs] 
2014-07-07T20:03:11.536+0000: 1259.456: [GC [PSYoungGen: 265396K->1272K(259072K)] 459171K->195071K(946048K), 0.0052890 secs] [Times: user=0.01 sys=0.01, real=0.01 secs] 
2014-07-07T20:03:12.725+0000: 1260.646: [GC [PSYoungGen: 259064K->1019K(252416K)] 452863K->195028K(939392K), 0.0044020 secs] [Times: user=0.01 sys=0.00, real=0.01 secs] 
2014-07-07T20:03:13.898+0000: 1261.819: [GC [PSYoungGen: 252411K->1126K(246400K)] 446420K->195167K(933376K), 0.0183830 secs] [Times: user=0.07 sys=0.00, real=0.01 secs] 
2014-07-07T20:03:15.026+0000: 1262.946: [GC [PSYoungGen: 246374K->1076K(240384K)] 440415K->195247K(927360K), 0.0139460 secs] [Times: user=0.04 sys=0.00, real=0.02 secs] 
2014-07-07T20:03:16.138+0000: 1264.058: [GC [PSYoungGen: 240372K->1044K(234624K)] 434543K->195255K(921600K), 0.0088980 secs] [Times: user=0.03 sys=0.00, real=0.00 secs] 
2014-07-07T20:03:17.228+0000: 1265.149: [GC [PSYoungGen: 234579K->948K(281216K)] 428790K->195215K(968192K), 0.0272480 secs] [Times: user=0.09 sys=0.00, real=0.02 secs] 
2014-07-07T20:03:18.520+0000: 1266.440: [GC [PSYoungGen: 281204K->1296K(337664K)] 475471K->195627K(1024640K), 0.0110890 secs] [Times: user=0.03 sys=0.00, real=0.01 secs] 
2014-07-07T20:03:20.042+0000: 1267.962: [GC [PSYoungGen: 337615K->816K(327680K)] 531946K->195415K(1014656K), 0.0069120 secs] [Times: user=0.02 sys=0.01, real=0.01 secs] 
2014-07-07T20:03:21.577+0000: 1269.498: [GC [PSYoungGen: 327655K->1506K(319296K)] 522254K->196185K(1006272K), 0.0119060 secs] [Times: user=0.05 sys=0.00, real=0.02 secs] 
2014-07-07T20:03:23.041+0000: 1270.961: [GC [PSYoungGen: 319255K->762K(309760K)] 513935K->195958K(996736K), 0.0049990 secs] [Times: user=0.01 sys=0.01, real=0.00 secs] 
2014-07-07T20:03:24.514+0000: 1272.434: [GC [PSYoungGen: 309754K->1400K(302016K)] 504950K->196620K(988992K), 0.0145470 secs] [Times: user=0.05 sys=0.00, real=0.01 secs] 
2014-07-07T20:03:25.882+0000: 1273.802: [GC [PSYoungGen: 302007K->1076K(293632K)] 497227K->196572K(980608K), 0.0145390 secs] [Times: user=0.04 sys=0.00, real=0.01 secs] 
2014-07-07T20:03:27.251+0000: 1275.171: [GC [PSYoungGen: 293570K->1108K(285952K)] 489066K->196644K(972928K), 0.0101130 secs] [Times: user=0.03 sys=0.00, real=0.01 secs] 
2014-07-07T20:03:28.563+0000: 1276.483: [GC [PSYoungGen: 285903K->998K(278400K)] 481439K->196614K(965376K), 0.0053220 secs] [Times: user=0.01 sys=0.00, real=0.00 secs] 
2014-07-07T20:03:29.845+0000: 1277.765: [GC [PSYoungGen: 278335K->1186K(271424K)] 473951K->196850K(958400K), 0.0045560 secs] [Times: user=0.01 sys=0.00, real=0.01 secs] 
2014-07-07T20:03:31.080+0000: 1279.001: [GC [PSYoungGen: 271358K->1044K(264384K)] 467022K->196740K(951360K), 0.0101710 secs] [Times: user=0.03 sys=0.00, real=0.01 secs] 
2014-07-07T20:03:32.270+0000: 1280.190: [GC [PSYoungGen: 264340K->1321K(258048K)] 460036K->197033K(945024K), 0.0053880 secs] [Times: user=0.01 sys=0.00, real=0.01 secs] 
2014-07-07T20:03:33.467+0000: 1281.388: [GC [PSYoungGen: 257982K->820K(251136K)] 453694K->196742K(938112K), 0.0041830 secs] [Times: user=0.01 sys=0.00, real=0.01 secs] 
2014-07-07T20:03:34.623+0000: 1282.544: [GC [PSYoungGen: 251033K->1290K(245504K)] 446955K->197236K(932480K), 0.0245170 secs] [Times: user=0.09 sys=0.00, real=0.02 secs] 
2014-07-07T20:03:35.739+0000: 1283.659: [GC [PSYoungGen: 245450K->1086K(239360K)] 441396K->197372K(926336K), 0.0061330 secs] [Times: user=0.02 sys=0.00, real=0.01 secs] 
2014-07-07T20:03:36.856+0000: 1284.777: [GC [PSYoungGen: 239357K->1570K(287552K)] 435643K->197872K(974528K), 0.0185510 secs] [Times: user=0.06 sys=0.00, real=0.02 secs] 
2014-07-07T20:03:38.153+0000: 1286.073: [GC [PSYoungGen: 287515K->688K(279168K)] 483817K->197478K(966144K), 0.0090910 secs] [Times: user=0.01 sys=0.00, real=0.01 secs] 
2014-07-07T20:03:39.430+0000: 1287.350: [GC [PSYoungGen: 279109K->1368K(272704K)] 475899K->198214K(959680K), 0.0132050 secs] [Times: user=0.04 sys=0.00, real=0.02 secs] 
2014-07-07T20:03:40.672+0000: 1288.592: [GC [PSYoungGen: 272664K->1328K(265728K)] 469510K->198386K(952704K), 0.0104730 secs] [Times: user=0.03 sys=0.00, real=0.01 secs] 
2014-07-07T20:03:41.884+0000: 1289.805: [GC [PSYoungGen: 265712K->1360K(259136K)] 462770K->198458K(946112K), 0.0084820 secs] [Times: user=0.02 sys=0.00, real=0.01 secs] 
2014-07-07T20:03:43.047+0000: 1290.967: [GC [PSYoungGen: 259058K->752K(310080K)] 456156K->198038K(997056K), 0.0290220 secs] [Times: user=0.10 sys=0.00, real=0.03 secs] 
2014-07-07T20:03:44.465+0000: 1292.385: [GC [PSYoungGen: 310064K->1222K(372480K)] 507350K->198574K(1059456K), 0.0157070 secs] [Times: user=0.04 sys=0.00, real=0.01 secs] 
2014-07-07T20:03:46.165+0000: 1294.085: [GC [PSYoungGen: 372422K->1204K(446656K)] 569774K->198662K(1133632K), 0.0113230 secs] [Times: user=0.04 sys=0.00, real=0.01 secs] 
2014-07-07T20:03:48.195+0000: 1296.115: [GC [PSYoungGen: 446644K->1140K(432512K)] 644102K->198662K(1119488K), 0.0082920 secs] [Times: user=0.02 sys=0.00, real=0.01 secs] 
2014-07-07T20:03:50.159+0000: 1298.080: [GC [PSYoungGen: 432451K->948K(418880K)] 629973K->198542K(1105856K), 0.0069540 secs] [Times: user=0.01 sys=0.00, real=0.01 secs] 
2014-07-07T20:03:52.055+0000: 1299.975: [GC [PSYoungGen: 418868K->1076K(406144K)] 616462K->198710K(1093120K), 0.0094310 secs] [Times: user=0.03 sys=0.00, real=0.01 secs] 
2014-07-07T20:03:53.908+0000: 1301.828: [GC [PSYoungGen: 406132K->980K(393728K)] 603766K->198638K(1080704K), 0.0088390 secs] [Times: user=0.03 sys=0.00, real=0.01 secs] 
2014-07-07T20:03:55.709+0000: 1303.629: [GC [PSYoungGen: 393672K->1140K(382016K)] 591330K->198822K(1068992K), 0.0043490 secs] [Times: user=0.01 sys=0.00, real=0.01 secs] 
2014-07-07T20:03:57.449+0000: 1305.369: [GC [PSYoungGen: 381957K->1058K(370624K)] 579640K->198904K(1057600K), 0.0204750 secs] [Times: user=0.06 sys=0.00, real=0.02 secs] 
2014-07-07T20:03:59.159+0000: 1307.079: [GC [PSYoungGen: 370578K->1172K(359872K)] 568424K->199098K(1046848K), 0.0089440 secs] [Times: user=0.03 sys=0.00, real=0.01 secs] 
2014-07-07T20:04:00.819+0000: 1308.740: [GC [PSYoungGen: 359828K->822K(349056K)] 557754K->199262K(1036032K), 0.0145010 secs] [Times: user=0.04 sys=0.00, real=0.02 secs] 
2014-07-07T20:04:02.402+0000: 1310.322: [GC [PSYoungGen: 348954K->1514K(339776K)] 547394K->200026K(1026752K), 0.0100390 secs] [Times: user=0.03 sys=0.00, real=0.01 secs] 
2014-07-07T20:04:03.957+0000: 1311.877: [GC [PSYoungGen: 339741K->752K(329472K)] 538254K->199828K(1016448K), 0.0084050 secs] [Times: user=0.04 sys=0.00, real=0.01 secs] 
2014-07-07T20:04:05.461+0000: 1313.381: [GC [PSYoungGen: 329456K->1158K(320768K)] 528532K->200282K(1007744K), 0.0106940 secs] [Times: user=0.04 sys=0.00, real=0.01 secs] 
2014-07-07T20:04:06.951+0000: 1314.871: [GC [PSYoungGen: 320710K->1328K(312064K)] 519834K->200615K(999040K), 0.0220740 secs] [Times: user=0.07 sys=0.00, real=0.02 secs] 
2014-07-07T20:04:08.354+0000: 1316.274: [GC [PSYoungGen: 312021K->1112K(303424K)] 511307K->200470K(990400K), 0.0127440 secs] [Times: user=0.04 sys=0.00, real=0.02 secs] 
2014-07-07T20:04:09.751+0000: 1317.671: [GC [PSYoungGen: 303384K->752K(294912K)] 502742K->200442K(981888K), 0.0181020 secs] [Times: user=0.06 sys=0.00, real=0.02 secs] 
2014-07-07T20:04:11.082+0000: 1319.002: [GC [PSYoungGen: 294875K->1144K(287488K)] 494566K->200866K(974464K), 0.0040290 secs] [Times: user=0.01 sys=0.00, real=0.00 secs] 
2014-07-07T20:04:12.402+0000: 1320.323: [GC [PSYoungGen: 287480K->1236K(344896K)] 487202K->201146K(1031872K), 0.0238700 secs] [Times: user=0.08 sys=0.00, real=0.03 secs] 
2014-07-07T20:04:13.986+0000: 1321.907: [GC [PSYoungGen: 344852K->1140K(334976K)] 544762K->201074K(1021952K), 0.0048170 secs] [Times: user=0.02 sys=0.00, real=0.00 secs] 
2014-07-07T20:04:15.521+0000: 1323.441: [GC [PSYoungGen: 334917K->688K(325120K)] 534851K->201080K(1012096K), 0.0108580 secs] [Times: user=0.04 sys=0.00, real=0.01 secs] 
2014-07-07T20:04:17.010+0000: 1324.930: [GC [PSYoungGen: 325079K->1482K(390848K)] 525471K->201891K(1077824K), 0.0482270 secs] [Times: user=0.15 sys=0.00, real=0.05 secs] 
2014-07-07T20:04:18.829+0000: 1326.749: [GC [PSYoungGen: 390774K->880K(468096K)] 591183K->201869K(1155072K), 0.0049400 secs] [Times: user=0.01 sys=0.00, real=0.00 secs] 
2014-07-07T20:04:20.983+0000: 1328.903: [GC [PSYoungGen: 468056K->1062K(453248K)] 669045K->202165K(1140224K), 0.0049720 secs] [Times: user=0.01 sys=0.00, real=0.01 secs] 
2014-07-07T20:04:23.057+0000: 1330.977: [GC [PSYoungGen: 453193K->1400K(439168K)] 654296K->202609K(1126144K), 0.0087070 secs] [Times: user=0.03 sys=0.00, real=0.00 secs] 
2014-07-07T20:04:25.065+0000: 1332.985: [GC [PSYoungGen: 439159K->1520K(425536K)] 640368K->202793K(1112512K), 0.0218800 secs] [Times: user=0.08 sys=0.00, real=0.02 secs] 
2014-07-07T20:04:26.993+0000: 1334.913: [GC [PSYoungGen: 425493K->438K(411264K)] 626765K->202373K(1098240K), 0.0047430 secs] [Times: user=0.01 sys=0.00, real=0.00 secs] 
2014-07-07T20:04:28.903+0000: 1336.824: [GC [PSYoungGen: 411228K->1486K(399744K)] 613163K->203485K(1086720K), 0.0053490 secs] [Times: user=0.01 sys=0.00, real=0.01 secs] 
2014-07-07T20:04:30.738+0000: 1338.658: [GC [PSYoungGen: 399622K->1229K(387456K)] 601621K->203670K(1074432K), 0.0090120 secs] [Times: user=0.01 sys=0.00, real=0.01 secs] 
2014-07-07T20:04:32.506+0000: 1340.426: [GC [PSYoungGen: 387405K->1424K(376128K)] 589846K->203929K(1063104K), 0.0084570 secs] [Times: user=0.03 sys=0.00, real=0.01 secs] 
2014-07-07T20:04:34.245+0000: 1342.165: [GC [PSYoungGen: 376061K->752K(364352K)] 578566K->203609K(1051328K), 0.0053240 secs] [Times: user=0.02 sys=0.00, real=0.01 secs] 
2014-07-07T20:04:35.936+0000: 1343.856: [GC [PSYoungGen: 364336K->1258K(354240K)] 567193K->204197K(1041216K), 0.0119680 secs] [Times: user=0.04 sys=0.00, real=0.01 secs] 
2014-07-07T20:04:37.541+0000: 1345.461: [GC [PSYoungGen: 354207K->1407K(344192K)] 557146K->204518K(1031168K), 0.0164100 secs] [Times: user=0.06 sys=0.00, real=0.01 secs] 
2014-07-07T20:04:39.147+0000: 1347.067: [GC [PSYoungGen: 344163K->1140K(334208K)] 547275K->204331K(1021184K), 0.0156600 secs] [Times: user=0.06 sys=0.00, real=0.02 secs] 
2014-07-07T20:04:40.665+0000: 1348.585: [GC [PSYoungGen: 334123K->948K(324672K)] 537314K->204397K(1011648K), 0.0062040 secs] [Times: user=0.01 sys=0.00, real=0.01 secs] 
2014-07-07T20:04:42.144+0000: 1350.064: [GC [PSYoungGen: 324636K->1044K(315840K)] 528085K->204541K(1002816K), 0.0089590 secs] [Times: user=0.02 sys=0.00, real=0.01 secs] 
2014-07-07T20:04:43.595+0000: 1351.515: [GC [PSYoungGen: 315775K->1229K(307392K)] 519272K->204774K(994368K), 0.0084720 secs] [Times: user=0.02 sys=0.00, real=0.01 secs] 
2014-07-07T20:04:44.995+0000: 1352.915: [GC [PSYoungGen: 307329K->1172K(299072K)] 510874K->204749K(986048K), 0.0125110 secs] [Times: user=0.04 sys=0.00, real=0.01 secs] 
2014-07-07T20:04:46.362+0000: 1354.283: [GC [PSYoungGen: 299028K->752K(290688K)] 502605K->204557K(977664K), 0.0075620 secs] [Times: user=0.02 sys=0.00, real=0.00 secs] 
2014-07-07T20:04:47.688+0000: 1355.608: [GC [PSYoungGen: 290672K->1360K(283712K)] 494477K->205205K(970688K), 0.0089570 secs] [Times: user=0.03 sys=0.00, real=0.01 secs] 
2014-07-07T20:04:49.009+0000: 1356.929: [GC [PSYoungGen: 283664K->1086K(276032K)] 487509K->205191K(963008K), 0.0102290 secs] [Times: user=0.04 sys=0.00, real=0.01 secs] 
2014-07-07T20:04:50.288+0000: 1358.208: [GC [PSYoungGen: 276030K->980K(268928K)] 480135K->205125K(955904K), 0.0154500 secs] [Times: user=0.05 sys=0.00, real=0.02 secs] 
2014-07-07T20:04:51.513+0000: 1359.434: [GC [PSYoungGen: 268884K->1140K(262272K)] 473029K->205341K(949248K), 0.0094740 secs] [Times: user=0.04 sys=0.00, real=0.01 secs] 
2014-07-07T20:04:52.717+0000: 1360.637: [GC [PSYoungGen: 262249K->1108K(255744K)] 466450K->205349K(942720K), 0.0064360 secs] [Times: user=0.02 sys=0.00, real=0.01 secs] 
2014-07-07T20:04:53.855+0000: 1361.775: [GC [PSYoungGen: 255700K->934K(249280K)] 459941K->205295K(936256K), 0.0029910 secs] [Times: user=0.01 sys=0.01, real=0.00 secs] 
2014-07-07T20:04:54.992+0000: 1362.913: [GC [PSYoungGen: 249214K->1325K(243584K)] 453575K->205750K(930560K), 0.0061680 secs] [Times: user=0.02 sys=0.00, real=0.00 secs] 
2014-07-07T20:04:56.088+0000: 1364.009: [GC [PSYoungGen: 243565K->948K(237376K)] 447990K->205565K(924352K), 0.0095290 secs] [Times: user=0.03 sys=0.00, real=0.01 secs] 
2014-07-07T20:04:57.178+0000: 1365.099: [GC [PSYoungGen: 237363K->1232K(232064K)] 441980K->205873K(919040K), 0.0065820 secs] [Times: user=0.02 sys=0.00, real=0.01 secs] 
2014-07-07T20:04:58.263+0000: 1366.183: [GC [PSYoungGen: 231991K->1001K(226368K)] 436631K->205960K(913344K), 0.0122530 secs] [Times: user=0.05 sys=0.00, real=0.02 secs] 
2014-07-07T20:04:59.292+0000: 1367.212: [GC [PSYoungGen: 226345K->1172K(221312K)] 431304K->206187K(908288K), 0.0135630 secs] [Times: user=0.05 sys=0.00, real=0.02 secs] 
2014-07-07T20:05:00.306+0000: 1368.226: [GC [PSYoungGen: 221232K->890K(215936K)] 426247K->206191K(902912K), 0.0092630 secs] [Times: user=0.03 sys=0.00, real=0.01 secs] 
2014-07-07T20:05:01.323+0000: 1369.243: [GC [PSYoungGen: 215930K->1112K(211328K)] 421231K->206429K(898304K), 0.0060350 secs] [Times: user=0.01 sys=0.00, real=0.00 secs] 
2014-07-07T20:05:02.278+0000: 1370.198: [GC [PSYoungGen: 211288K->1012K(206528K)] 416605K->206409K(893504K), 0.0143750 secs] [Times: user=0.05 sys=0.00, real=0.01 secs] 
2014-07-07T20:05:03.206+0000: 1371.126: [GC [PSYoungGen: 206490K->1076K(247744K)] 411887K->206505K(934720K), 0.0108740 secs] [Times: user=0.04 sys=0.00, real=0.01 secs] 
2014-07-07T20:05:04.356+0000: 1372.276: [GC [PSYoungGen: 247732K->876K(241536K)] 453161K->206525K(928512K), 0.0040010 secs] [Times: user=0.00 sys=0.00, real=0.00 secs] 
2014-07-07T20:05:05.476+0000: 1373.396: [GC [PSYoungGen: 241509K->1044K(235968K)] 447158K->206725K(922944K), 0.0068400 secs] [Times: user=0.03 sys=0.00, real=0.00 secs] 
2014-07-07T20:05:06.557+0000: 1374.477: [GC [PSYoungGen: 235910K->1012K(230336K)] 441591K->206953K(917312K), 0.0103270 secs] [Times: user=0.04 sys=0.00, real=0.01 secs] 
2014-07-07T20:05:07.611+0000: 1375.531: [GC [PSYoungGen: 230278K->1094K(225088K)] 436219K->207091K(912064K), 0.0094410 secs] [Times: user=0.04 sys=0.00, real=0.01 secs] 
2014-07-07T20:05:08.635+0000: 1376.556: [GC [PSYoungGen: 225020K->816K(269568K)] 431017K->207129K(956544K), 0.0241290 secs] [Times: user=0.09 sys=0.00, real=0.02 secs] 
2014-07-07T20:05:09.870+0000: 1377.791: [GC [PSYoungGen: 269548K->1382K(323904K)] 475861K->207905K(1010880K), 0.0068410 secs] [Times: user=0.02 sys=0.00, real=0.01 secs] 
2014-07-07T20:05:11.354+0000: 1379.274: [GC [PSYoungGen: 323878K->638K(314176K)] 530401K->207701K(1001152K), 0.0041820 secs] [Times: user=0.01 sys=0.00, real=0.01 secs] 
2014-07-07T20:05:12.792+0000: 1380.713: [GC [PSYoungGen: 314174K->1382K(306368K)] 521237K->208501K(993344K), 0.0115660 secs] [Times: user=0.04 sys=0.00, real=0.01 secs] 
2014-07-07T20:05:14.199+0000: 1382.119: [GC [PSYoungGen: 306342K->1012K(297728K)] 513461K->208343K(984704K), 0.0033340 secs] [Times: user=0.01 sys=0.00, real=0.00 secs] 
2014-07-07T20:05:15.578+0000: 1383.498: [GC [PSYoungGen: 297716K->1264K(290048K)] 505047K->208643K(977024K), 0.0173870 secs] [Times: user=0.07 sys=0.00, real=0.02 secs] 
2014-07-07T20:05:16.900+0000: 1384.820: [GC [PSYoungGen: 290032K->948K(282112K)] 497411K->208409K(969088K), 0.0077200 secs] [Times: user=0.01 sys=0.00, real=0.01 secs] 
2014-07-07T20:05:18.188+0000: 1386.108: [GC [PSYoungGen: 282085K->1044K(274944K)] 489546K->208569K(961920K), 0.0094650 secs] [Times: user=0.03 sys=0.00, real=0.01 secs] 
2014-07-07T20:05:19.465+0000: 1387.386: [GC [PSYoungGen: 274900K->1057K(267904K)] 482425K->208976K(954880K), 0.0055370 secs] [Times: user=0.02 sys=0.00, real=0.01 secs] 
2014-07-07T20:05:20.704+0000: 1388.624: [GC [PSYoungGen: 267830K->1108K(261184K)] 475750K->209059K(948160K), 0.0113680 secs] [Times: user=0.04 sys=0.00, real=0.01 secs] 
2014-07-07T20:05:21.895+0000: 1389.816: [GC [PSYoungGen: 261090K->1012K(254528K)] 469042K->209059K(941504K), 0.0040320 secs] [Times: user=0.01 sys=0.01, real=0.01 secs] 
2014-07-07T20:05:23.061+0000: 1390.981: [GC [PSYoungGen: 254508K->1268K(248512K)] 462556K->209371K(935488K), 0.0116130 secs] [Times: user=0.04 sys=0.00, real=0.01 secs] 
2014-07-07T20:05:24.181+0000: 1392.102: [GC [PSYoungGen: 248500K->951K(242176K)] 456603K->209374K(929152K), 0.0045010 secs] [Times: user=0.01 sys=0.00, real=0.00 secs] 
2014-07-07T20:05:25.272+0000: 1393.192: [GC [PSYoungGen: 242167K->1076K(236480K)] 450590K->209531K(923456K), 0.0050180 secs] [Times: user=0.01 sys=0.00, real=0.01 secs] 
2014-07-07T20:05:26.336+0000: 1394.256: [GC [PSYoungGen: 236442K->1083K(230912K)] 444898K->209734K(917888K), 0.0052670 secs] [Times: user=0.01 sys=0.01, real=0.01 secs] 
2014-07-07T20:05:27.433+0000: 1395.354: [GC [PSYoungGen: 230907K->1076K(225536K)] 439558K->209799K(912512K), 0.0153180 secs] [Times: user=0.05 sys=0.00, real=0.02 secs] 
2014-07-07T20:05:28.464+0000: 1396.384: [GC [PSYoungGen: 225498K->948K(220224K)] 434222K->209783K(907200K), 0.0045140 secs] [Times: user=0.01 sys=0.00, real=0.01 secs] 
2014-07-07T20:05:29.466+0000: 1397.386: [GC [PSYoungGen: 220212K->1428K(215744K)] 429047K->210312K(902720K), 0.0071280 secs] [Times: user=0.02 sys=0.00, real=0.01 secs] 
2014-07-07T20:05:30.444+0000: 1398.364: [GC [PSYoungGen: 215654K->688K(257856K)] 424537K->209955K(944832K), 0.0220780 secs] [Times: user=0.08 sys=0.00, real=0.02 secs] 
2014-07-07T20:05:31.615+0000: 1399.535: [GC [PSYoungGen: 257825K->1262K(252032K)] 467093K->210546K(939008K), 0.0050160 secs] [Times: user=0.01 sys=0.00, real=0.01 secs] 
2014-07-07T20:05:32.777+0000: 1400.697: [GC [PSYoungGen: 252014K->1140K(302080K)] 461298K->210720K(989056K), 0.0168450 secs] [Times: user=0.05 sys=0.00, real=0.02 secs] 
2014-07-07T20:05:34.183+0000: 1402.103: [GC [PSYoungGen: 302068K->1360K(294272K)] 511648K->210980K(981248K), 0.0080330 secs] [Times: user=0.02 sys=0.00, real=0.01 secs] 
2014-07-07T20:05:35.518+0000: 1403.439: [GC [PSYoungGen: 294224K->545K(285696K)] 503844K->210785K(972672K), 0.0072010 secs] [Times: user=0.02 sys=0.00, real=0.00 secs] 
2014-07-07T20:05:36.826+0000: 1404.747: [GC [PSYoungGen: 285654K->1504K(279232K)] 495894K->211784K(966208K), 0.0147760 secs] [Times: user=0.05 sys=0.00, real=0.02 secs] 
2014-07-07T20:05:38.101+0000: 1406.021: [GC [PSYoungGen: 279183K->998K(334272K)] 489463K->211786K(1021248K), 0.0208620 secs] [Times: user=0.07 sys=0.00, real=0.02 secs] 
2014-07-07T20:05:39.633+0000: 1407.553: [GC [PSYoungGen: 334246K->1168K(401152K)] 545034K->212004K(1088128K), 0.0134720 secs] [Times: user=0.04 sys=0.00, real=0.01 secs] 
2014-07-07T20:05:41.473+0000: 1409.393: [GC [PSYoungGen: 401104K->1270K(389056K)] 611940K->212336K(1076032K), 0.0061770 secs] [Times: user=0.01 sys=0.00, real=0.01 secs] 
2014-07-07T20:05:43.262+0000: 1411.182: [GC [PSYoungGen: 389032K->1357K(377600K)] 600098K->212455K(1064576K), 0.0149050 secs] [Times: user=0.05 sys=0.00, real=0.01 secs] 
2014-07-07T20:05:44.965+0000: 1412.886: [GC [PSYoungGen: 377512K->823K(365888K)] 588610K->212297K(1052864K), 0.0091360 secs] [Times: user=0.04 sys=0.00, real=0.01 secs] 
2014-07-07T20:05:46.654+0000: 1414.574: [GC [PSYoungGen: 365830K->1208K(355584K)] 577304K->212706K(1042560K), 0.0101070 secs] [Times: user=0.04 sys=0.00, real=0.01 secs] 
2014-07-07T20:05:48.276+0000: 1416.197: [GC [PSYoungGen: 355575K->1247K(345408K)] 567073K->212923K(1032384K), 0.0075220 secs] [Times: user=0.02 sys=0.00, real=0.01 secs] 
2014-07-07T20:05:49.847+0000: 1417.767: [GC [PSYoungGen: 345374K->1076K(335424K)] 557050K->212808K(1022400K), 0.0185660 secs] [Times: user=0.07 sys=0.00, real=0.02 secs] 
2014-07-07T20:05:51.374+0000: 1419.294: [GC [PSYoungGen: 335412K->980K(325952K)] 547144K->212736K(1012928K), 0.0075630 secs] [Times: user=0.01 sys=0.00, real=0.01 secs] 
2014-07-07T20:05:52.902+0000: 1420.822: [GC [PSYoungGen: 325908K->1012K(316928K)] 537664K->212792K(1003904K), 0.0134750 secs] [Times: user=0.05 sys=0.00, real=0.01 secs] 
2014-07-07T20:05:54.322+0000: 1422.243: [GC [PSYoungGen: 316916K->1328K(308608K)] 528696K->213132K(995584K), 0.0086490 secs] [Times: user=0.03 sys=0.00, real=0.01 secs] 
2014-07-07T20:05:55.756+0000: 1423.676: [GC [PSYoungGen: 308568K->1126K(300096K)] 520372K->212954K(987072K), 0.0108530 secs] [Times: user=0.03 sys=0.00, real=0.01 secs] 
2014-07-07T20:05:57.117+0000: 1425.037: [GC [PSYoungGen: 300070K->866K(291840K)] 511898K->212864K(978816K), 0.0100620 secs] [Times: user=0.03 sys=0.00, real=0.01 secs] 
2014-07-07T20:05:58.470+0000: 1426.390: [GC [PSYoungGen: 291808K->1076K(284352K)] 503807K->213154K(971328K), 0.0251380 secs] [Times: user=0.08 sys=0.00, real=0.03 secs] 
2014-07-07T20:05:59.783+0000: 1427.703: [GC [PSYoungGen: 284340K->1268K(277184K)] 496418K->213426K(964160K), 0.0048640 secs] [Times: user=0.01 sys=0.00, real=0.00 secs] 
2014-07-07T20:06:01.050+0000: 1428.971: [GC [PSYoungGen: 277172K->1268K(332416K)] 489330K->213466K(1019392K), 0.0205770 secs] [Times: user=0.06 sys=0.00, real=0.02 secs] 
2014-07-07T20:06:02.569+0000: 1430.489: [GC [PSYoungGen: 332394K->688K(322560K)] 544592K->213194K(1009536K), 0.0065980 secs] [Times: user=0.01 sys=0.00, real=0.01 secs] 
2014-07-07T20:06:04.039+0000: 1431.960: [GC [PSYoungGen: 322516K->1176K(314176K)] 535022K->213714K(1001152K), 0.0122340 secs] [Times: user=0.04 sys=0.00, real=0.01 secs] 
2014-07-07T20:06:05.477+0000: 1433.397: [GC [PSYoungGen: 314112K->1190K(305600K)] 526651K->213940K(992576K), 0.0121710 secs] [Times: user=0.04 sys=0.00, real=0.01 secs] 
2014-07-07T20:06:06.895+0000: 1434.815: [GC [PSYoungGen: 305530K->1350K(297600K)] 518281K->214124K(984576K), 0.0135570 secs] [Times: user=0.05 sys=0.00, real=0.01 secs] 
2014-07-07T20:06:08.257+0000: 1436.177: [GC [PSYoungGen: 297542K->488K(288832K)] 510316K->213922K(975808K), 0.0087850 secs] [Times: user=0.01 sys=0.01, real=0.01 secs] 
2014-07-07T20:06:09.591+0000: 1437.512: [GC [PSYoungGen: 288760K->1518K(282304K)] 502195K->215058K(969280K), 0.0160510 secs] [Times: user=0.05 sys=0.00, real=0.02 secs] 
2014-07-07T20:06:10.892+0000: 1438.812: [GC [PSYoungGen: 282286K->1058K(274560K)] 495826K->215186K(961536K), 0.0136790 secs] [Times: user=0.04 sys=0.00, real=0.02 secs] 
2014-07-07T20:06:12.154+0000: 1440.074: [GC [PSYoungGen: 274501K->1012K(329216K)] 488630K->215180K(1016192K), 0.0245750 secs] [Times: user=0.09 sys=0.00, real=0.03 secs] 
2014-07-07T20:06:13.681+0000: 1441.601: [GC [PSYoungGen: 329203K->1382K(395264K)] 543371K->215615K(1082240K), 0.0099020 secs] [Times: user=0.04 sys=0.00, real=0.01 secs] 
2014-07-07T20:06:15.491+0000: 1443.412: [GC [PSYoungGen: 395238K->1240K(383296K)] 609471K->215512K(1070272K), 0.0095490 secs] [Times: user=0.03 sys=0.00, real=0.01 secs] 
2014-07-07T20:06:17.230+0000: 1445.150: [GC [PSYoungGen: 383256K->948K(371584K)] 597528K->215284K(1058560K), 0.0093430 secs] [Times: user=0.03 sys=0.00, real=0.01 secs] 
2014-07-07T20:06:18.929+0000: 1446.850: [GC [PSYoungGen: 371547K->1076K(360832K)] 585883K->215484K(1047808K), 0.0046980 secs] [Times: user=0.01 sys=0.00, real=0.00 secs] 
2014-07-07T20:06:20.554+0000: 1448.474: [GC [PSYoungGen: 360820K->1044K(350400K)] 575228K->215532K(1037376K), 0.0115930 secs] [Times: user=0.04 sys=0.00, real=0.02 secs] 
2014-07-07T20:06:22.167+0000: 1450.087: [GC [PSYoungGen: 350356K->948K(340224K)] 564844K->215468K(1027200K), 0.0112450 secs] [Times: user=0.04 sys=0.00, real=0.01 secs] 
2014-07-07T20:06:23.705+0000: 1451.625: [GC [PSYoungGen: 340212K->1332K(331008K)] 554732K->215986K(1017984K), 0.0107960 secs] [Times: user=0.03 sys=0.00, real=0.01 secs] 
2014-07-07T20:06:25.216+0000: 1453.136: [GC [PSYoungGen: 330996K->1484K(321984K)] 545650K->216170K(1008960K), 0.0106990 secs] [Times: user=0.04 sys=0.00, real=0.02 secs] 
2014-07-07T20:06:26.694+0000: 1454.614: [GC [PSYoungGen: 321926K->638K(312256K)] 536612K->215740K(999232K), 0.0048690 secs] [Times: user=0.01 sys=0.00, real=0.01 secs] 
2014-07-07T20:06:28.135+0000: 1456.055: [GC [PSYoungGen: 312254K->1308K(304448K)] 527356K->216450K(991424K), 0.0087860 secs] [Times: user=0.01 sys=0.00, real=0.01 secs] 
2014-07-07T20:06:29.530+0000: 1457.450: [GC [PSYoungGen: 304412K->1012K(296000K)] 519554K->216506K(982976K), 0.0146300 secs] [Times: user=0.04 sys=0.01, real=0.01 secs] 
2014-07-07T20:06:30.901+0000: 1458.822: [GC [PSYoungGen: 295958K->1556K(288768K)] 511452K->217098K(975744K), 0.0068570 secs] [Times: user=0.02 sys=0.00, real=0.01 secs] 
2014-07-07T20:06:32.200+0000: 1460.120: [GC [PSYoungGen: 288708K->866K(280512K)] 504250K->216626K(967488K), 0.0149280 secs] [Times: user=0.05 sys=0.00, real=0.01 secs] 
2014-07-07T20:06:33.504+0000: 1461.424: [GC [PSYoungGen: 280482K->1158K(273600K)] 496242K->216958K(960576K), 0.0073280 secs] [Times: user=0.03 sys=0.00, real=0.01 secs] 
2014-07-07T20:06:34.762+0000: 1462.682: [GC [PSYoungGen: 273515K->1499K(266944K)] 489315K->217413K(953920K), 0.0101160 secs] [Times: user=0.04 sys=0.00, real=0.01 secs] 
2014-07-07T20:06:35.972+0000: 1463.892: [GC [PSYoungGen: 266882K->1392K(260096K)] 482796K->217354K(947072K), 0.0200330 secs] [Times: user=0.08 sys=0.00, real=0.02 secs] 
2014-07-07T20:06:37.181+0000: 1465.101: [GC [PSYoungGen: 260080K->702K(252928K)] 476042K->217126K(939904K), 0.0100110 secs] [Times: user=0.04 sys=0.00, real=0.01 secs] 
2014-07-07T20:06:38.337+0000: 1466.257: [GC [PSYoungGen: 252926K->1460K(247488K)] 469350K->217964K(934464K), 0.0044950 secs] [Times: user=0.02 sys=0.00, real=0.01 secs] 
2014-07-07T20:06:39.464+0000: 1467.385: [GC [PSYoungGen: 247436K->1165K(241280K)] 463940K->217889K(928256K), 0.0087970 secs] [Times: user=0.03 sys=0.00, real=0.01 secs] 
2014-07-07T20:06:40.564+0000: 1468.484: [GC [PSYoungGen: 241229K->1044K(289216K)] 457953K->217792K(976192K), 0.0201910 secs] [Times: user=0.07 sys=0.00, real=0.02 secs] 
2014-07-07T20:06:41.876+0000: 1469.797: [GC [PSYoungGen: 289172K->1292K(281920K)] 505920K->218073K(968896K), 0.0071370 secs] [Times: user=0.02 sys=0.00, real=0.01 secs] 
2014-07-07T20:06:43.169+0000: 1471.089: [GC [PSYoungGen: 281867K->1264K(274560K)] 498648K->218084K(961536K), 0.0099590 secs] [Times: user=0.03 sys=0.00, real=0.01 secs] 
2014-07-07T20:06:44.425+0000: 1472.345: [GC [PSYoungGen: 274517K->880K(267200K)] 491337K->217960K(954176K), 0.0067010 secs] [Times: user=0.02 sys=0.00, real=0.01 secs] 
2014-07-07T20:06:45.640+0000: 1473.560: [GC [PSYoungGen: 267184K->1218K(260864K)] 484264K->218314K(947840K), 0.0044760 secs] [Times: user=0.01 sys=0.00, real=0.00 secs] 
2014-07-07T20:06:46.829+0000: 1474.750: [GC [PSYoungGen: 260802K->1172K(254336K)] 477898K->218382K(941312K), 0.0075090 secs] [Times: user=0.02 sys=0.00, real=0.00 secs] 
2014-07-07T20:06:47.995+0000: 1475.915: [GC [PSYoungGen: 254252K->1410K(248384K)] 471463K->218676K(935360K), 0.0043410 secs] [Times: user=0.02 sys=0.00, real=0.01 secs] 
2014-07-07T20:06:49.141+0000: 1477.061: [GC [PSYoungGen: 248322K->556K(241472K)] 465588K->218336K(928448K), 0.0232110 secs] [Times: user=0.08 sys=0.00, real=0.02 secs] 
2014-07-07T20:06:50.271+0000: 1478.191: [GC [PSYoungGen: 241450K->1208K(236352K)] 459231K->219036K(923328K), 0.0094730 secs] [Times: user=0.03 sys=0.00, real=0.01 secs] 
2014-07-07T20:06:51.362+0000: 1479.282: [GC [PSYoungGen: 236344K->1140K(230720K)] 454172K->219180K(917696K), 0.0048500 secs] [Times: user=0.01 sys=0.00, real=0.00 secs] 
2014-07-07T20:06:52.417+0000: 1480.337: [GC [PSYoungGen: 230691K->1158K(276736K)] 448731K->219222K(963712K), 0.0181760 secs] [Times: user=0.06 sys=0.00, real=0.02 secs] 
2014-07-07T20:06:53.693+0000: 1481.613: [GC [PSYoungGen: 276656K->884K(269312K)] 494721K->219142K(956288K), 0.0121320 secs] [Times: user=0.04 sys=0.00, real=0.01 secs] 
2014-07-07T20:06:54.920+0000: 1482.841: [GC [PSYoungGen: 269300K->1108K(262784K)] 487558K->219398K(949760K), 0.0102720 secs] [Times: user=0.04 sys=0.00, real=0.01 secs] 
2014-07-07T20:06:56.133+0000: 1484.053: [GC [PSYoungGen: 262723K->1076K(256192K)] 481013K->219454K(943168K), 0.0065100 secs] [Times: user=0.01 sys=0.00, real=0.00 secs] 
2014-07-07T20:06:57.277+0000: 1485.197: [GC [PSYoungGen: 256180K->1080K(249856K)] 474558K->219482K(936832K), 0.0072380 secs] [Times: user=0.01 sys=0.01, real=0.01 secs] 
2014-07-07T20:06:58.439+0000: 1486.359: [GC [PSYoungGen: 249835K->951K(299520K)] 468237K->219663K(986496K), 0.0228650 secs] [Times: user=0.08 sys=0.00, real=0.03 secs] 
2014-07-07T20:06:59.834+0000: 1487.754: [GC [PSYoungGen: 299511K->1126K(291712K)] 518223K->219894K(978688K), 0.0100670 secs] [Times: user=0.04 sys=0.00, real=0.01 secs] 
2014-07-07T20:07:01.165+0000: 1489.085: [GC [PSYoungGen: 291686K->1012K(283904K)] 510454K->219902K(970880K), 0.0075020 secs] [Times: user=0.02 sys=0.01, real=0.01 secs] 
2014-07-07T20:07:02.452+0000: 1490.372: [GC [PSYoungGen: 283892K->1076K(276608K)] 502782K->220014K(963584K), 0.0088400 secs] [Times: user=0.03 sys=0.00, real=0.00 secs] 
2014-07-07T20:07:03.705+0000: 1491.625: [GC [PSYoungGen: 276563K->866K(269312K)] 495502K->220064K(956288K), 0.0056290 secs] [Times: user=0.01 sys=0.00, real=0.00 secs] 
2014-07-07T20:07:04.944+0000: 1492.864: [GC [PSYoungGen: 269282K->1030K(262720K)] 488480K->220252K(949696K), 0.0038580 secs] [Times: user=0.01 sys=0.00, real=0.00 secs] 
2014-07-07T20:07:06.165+0000: 1494.085: [GC [PSYoungGen: 262662K->884K(256000K)] 481884K->220497K(942976K), 0.0070220 secs] [Times: user=0.02 sys=0.00, real=0.01 secs] 
2014-07-07T20:07:07.364+0000: 1495.285: [GC [PSYoungGen: 255988K->1236K(250048K)] 475601K->220889K(937024K), 0.0085160 secs] [Times: user=0.02 sys=0.00, real=0.01 secs] 
2014-07-07T20:07:08.523+0000: 1496.443: [GC [PSYoungGen: 250004K->816K(243520K)] 469657K->220737K(930496K), 0.0090820 secs] [Times: user=0.03 sys=0.00, real=0.00 secs] 
2014-07-07T20:07:09.646+0000: 1497.566: [GC [PSYoungGen: 243504K->1424K(238336K)] 463425K->221393K(925312K), 0.0076870 secs] [Times: user=0.02 sys=0.00, real=0.01 secs] 
2014-07-07T20:07:10.744+0000: 1498.664: [GC [PSYoungGen: 238241K->694K(231936K)] 458210K->221217K(918912K), 0.0102700 secs] [Times: user=0.03 sys=0.00, real=0.01 secs] 
2014-07-07T20:07:11.812+0000: 1499.733: [GC [PSYoungGen: 231926K->1528K(227328K)] 452449K->222221K(914304K), 0.0164170 secs] [Times: user=0.05 sys=0.01, real=0.02 secs] 
2014-07-07T20:07:12.854+0000: 1500.774: [GC [PSYoungGen: 227280K->884K(271872K)] 447973K->222051K(958848K), 0.0131450 secs] [Times: user=0.05 sys=0.00, real=0.01 secs] 
2014-07-07T20:07:14.101+0000: 1502.022: [GC [PSYoungGen: 271849K->980K(326208K)] 493016K->222179K(1013184K), 0.0190370 secs] [Times: user=0.06 sys=0.00, real=0.02 secs] 
2014-07-07T20:07:15.603+0000: 1503.523: [GC [PSYoungGen: 326162K->980K(317184K)] 547361K->222243K(1004160K), 0.0049010 secs] [Times: user=0.01 sys=0.00, real=0.01 secs] 
2014-07-07T20:07:17.050+0000: 1504.970: [GC [PSYoungGen: 317140K->1140K(308608K)] 538403K->222443K(995584K), 0.0099230 secs] [Times: user=0.03 sys=0.00, real=0.01 secs] 
2014-07-07T20:07:18.482+0000: 1506.402: [GC [PSYoungGen: 308596K->1140K(300288K)] 529899K->222539K(987264K), 0.0072720 secs] [Times: user=0.01 sys=0.00, real=0.01 secs] 
2014-07-07T20:07:19.843+0000: 1507.763: [GC [PSYoungGen: 300276K->1140K(292288K)] 521675K->222603K(979264K), 0.0087480 secs] [Times: user=0.03 sys=0.00, real=0.01 secs] 
2014-07-07T20:07:21.195+0000: 1509.115: [GC [PSYoungGen: 292276K->940K(284416K)] 513739K->222671K(971392K), 0.0080720 secs] [Times: user=0.03 sys=0.00, real=0.01 secs] 
2014-07-07T20:07:22.514+0000: 1510.434: [GC [PSYoungGen: 284396K->1108K(277248K)] 506127K->222871K(964224K), 0.0044580 secs] [Times: user=0.01 sys=0.00, real=0.01 secs] 
2014-07-07T20:07:23.787+0000: 1511.708: [GC [PSYoungGen: 277197K->998K(270016K)] 498961K->222953K(956992K), 0.0112730 secs] [Times: user=0.03 sys=0.00, real=0.01 secs] 
2014-07-07T20:07:25.028+0000: 1512.948: [GC [PSYoungGen: 269962K->1343K(263488K)] 491917K->223314K(950464K), 0.0121840 secs] [Times: user=0.03 sys=0.00, real=0.01 secs] 
2014-07-07T20:07:26.222+0000: 1514.142: [GC [PSYoungGen: 263445K->752K(315392K)] 485416K->222983K(1002368K), 0.0218210 secs] [Times: user=0.08 sys=0.00, real=0.02 secs] 
2014-07-07T20:07:27.687+0000: 1515.608: [GC [PSYoungGen: 315330K->1144K(378752K)] 537561K->223457K(1065728K), 0.0242060 secs] [Times: user=0.08 sys=0.00, real=0.02 secs] 
2014-07-07T20:07:29.436+0000: 1517.356: [GC [PSYoungGen: 378744K->1172K(367616K)] 601057K->223713K(1054592K), 0.0077250 secs] [Times: user=0.02 sys=0.01, real=0.01 secs] 
2014-07-07T20:07:31.115+0000: 1519.035: [GC [PSYoungGen: 367572K->1456K(441152K)] 590113K->224086K(1128128K), 0.0192920 secs] [Times: user=0.06 sys=0.00, real=0.02 secs] 
2014-07-07T20:07:33.132+0000: 1521.052: [GC [PSYoungGen: 441122K->310K(426176K)] 663752K->223617K(1113152K), 0.0045340 secs] [Times: user=0.01 sys=0.00, real=0.01 secs] 
2014-07-07T20:07:35.081+0000: 1523.002: [GC [PSYoungGen: 426166K->1582K(414208K)] 649473K->225012K(1101184K), 0.0147540 secs] [Times: user=0.06 sys=0.00, real=0.01 secs] 
2014-07-07T20:07:36.956+0000: 1524.876: [GC [PSYoungGen: 414190K->1338K(401280K)] 637620K->226087K(1088256K), 0.0102020 secs] [Times: user=0.03 sys=0.00, real=0.01 secs] 
2014-07-07T20:07:38.794+0000: 1526.714: [GC [PSYoungGen: 401266K->1190K(388992K)] 626015K->226035K(1075968K), 0.0161760 secs] [Times: user=0.05 sys=0.00, real=0.02 secs] 
2014-07-07T20:07:40.605+0000: 1528.525: [GC [PSYoungGen: 388966K->1200K(377408K)] 613811K->226191K(1064384K), 0.0117640 secs] [Times: user=0.04 sys=0.00, real=0.01 secs] 
2014-07-07T20:07:42.337+0000: 1530.257: [GC [PSYoungGen: 377363K->1044K(366144K)] 602354K->226067K(1053120K), 0.0139870 secs] [Times: user=0.05 sys=0.00, real=0.02 secs] 
2014-07-07T20:07:44.009+0000: 1531.930: [GC [PSYoungGen: 366084K->1062K(355456K)] 591107K->226125K(1042432K), 0.0102030 secs] [Times: user=0.04 sys=0.00, real=0.01 secs] 
2014-07-07T20:07:45.642+0000: 1533.562: [GC [PSYoungGen: 355430K->1200K(345344K)] 580493K->226295K(1032320K), 0.0122760 secs] [Times: user=0.04 sys=0.00, real=0.01 secs] 
2014-07-07T20:07:47.214+0000: 1535.134: [GC [PSYoungGen: 345313K->1382K(335744K)] 570408K->226517K(1022720K), 0.0156870 secs] [Times: user=0.05 sys=0.00, real=0.02 secs] 
2014-07-07T20:07:48.760+0000: 1536.681: [GC [PSYoungGen: 335718K->1140K(326080K)] 560853K->226371K(1013056K), 0.0107230 secs] [Times: user=0.04 sys=0.00, real=0.01 secs] 
2014-07-07T20:07:50.238+0000: 1538.158: [GC [PSYoungGen: 326029K->1108K(317056K)] 551260K->226387K(1004032K), 0.0122520 secs] [Times: user=0.04 sys=0.00, real=0.02 secs] 
2014-07-07T20:07:51.681+0000: 1539.601: [GC [PSYoungGen: 317012K->1232K(308544K)] 542291K->226551K(995520K), 0.0171490 secs] [Times: user=0.06 sys=0.00, real=0.01 secs] 
2014-07-07T20:07:53.114+0000: 1541.035: [GC [PSYoungGen: 308496K->1126K(300096K)] 533815K->226493K(987072K), 0.0176450 secs] [Times: user=0.07 sys=0.00, real=0.02 secs] 
2014-07-07T20:07:54.485+0000: 1542.405: [GC [PSYoungGen: 300049K->1140K(292096K)] 525416K->226547K(979072K), 0.0098030 secs] [Times: user=0.03 sys=0.00, real=0.01 secs] 
2014-07-07T20:07:55.825+0000: 1543.746: [GC [PSYoungGen: 292055K->1268K(284544K)] 517462K->226699K(971520K), 0.0144420 secs] [Times: user=0.05 sys=0.00, real=0.01 secs] 
2014-07-07T20:07:57.136+0000: 1545.056: [GC [PSYoungGen: 284532K->1012K(276928K)] 509963K->226459K(963904K), 0.0047650 secs] [Times: user=0.01 sys=0.00, real=0.01 secs] 
2014-07-07T20:07:58.390+0000: 1546.310: [GC [PSYoungGen: 276916K->1200K(332352K)] 502363K->226751K(1019328K), 0.0220760 secs] [Times: user=0.06 sys=0.00, real=0.03 secs] 
2014-07-07T20:07:59.913+0000: 1547.833: [GC [PSYoungGen: 332324K->1204K(323072K)] 557875K->226827K(1010048K), 0.0073180 secs] [Times: user=0.02 sys=0.00, real=0.01 secs] 
2014-07-07T20:08:01.362+0000: 1549.283: [GC [PSYoungGen: 323037K->1076K(314048K)] 548660K->226739K(1001024K), 0.0077560 secs] [Times: user=0.02 sys=0.00, real=0.00 secs] 
2014-07-07T20:08:02.800+0000: 1550.720: [GC [PSYoungGen: 313994K->1200K(305600K)] 539657K->226895K(992576K), 0.0153020 secs] [Times: user=0.05 sys=0.00, real=0.02 secs] 
2014-07-07T20:08:04.203+0000: 1552.123: [GC [PSYoungGen: 305570K->1066K(366400K)] 531265K->226857K(1053376K), 0.0240550 secs] [Times: user=0.09 sys=0.00, real=0.02 secs] 
2014-07-07T20:08:05.855+0000: 1553.775: [GC [PSYoungGen: 366378K->998K(355648K)] 592169K->226797K(1042624K), 0.0069610 secs] [Times: user=0.01 sys=0.00, real=0.01 secs] 
2014-07-07T20:08:07.505+0000: 1555.425: [GC [PSYoungGen: 355622K->1126K(345536K)] 581421K->227029K(1032512K), 0.0119210 secs] [Times: user=0.05 sys=0.00, real=0.01 secs] 
2014-07-07T20:08:09.106+0000: 1557.026: [GC [PSYoungGen: 345510K->1264K(335872K)] 571413K->227255K(1022848K), 0.0055700 secs] [Times: user=0.02 sys=0.00, real=0.00 secs] 
2014-07-07T20:08:10.628+0000: 1558.548: [GC [PSYoungGen: 335850K->691K(325888K)] 561841K->227466K(1012864K), 0.0136030 secs] [Times: user=0.05 sys=0.00, real=0.01 secs] 
2014-07-07T20:08:12.109+0000: 1560.029: [GC [PSYoungGen: 325873K->1240K(317440K)] 552648K->228039K(1004416K), 0.0060450 secs] [Times: user=0.02 sys=0.00, real=0.01 secs] 
2014-07-07T20:08:13.582+0000: 1561.502: [GC [PSYoungGen: 317306K->1261K(308736K)] 544105K->228280K(995712K), 0.0069350 secs] [Times: user=0.02 sys=0.00, real=0.00 secs] 
2014-07-07T20:08:14.976+0000: 1562.896: [GC [PSYoungGen: 308691K->1200K(300352K)] 535711K->228260K(987328K), 0.0161310 secs] [Times: user=0.05 sys=0.00, real=0.01 secs] 
2014-07-07T20:08:16.345+0000: 1564.265: [GC [PSYoungGen: 300336K->752K(291904K)] 527396K->228220K(978880K), 0.0034560 secs] [Times: user=0.01 sys=0.00, real=0.00 secs] 
2014-07-07T20:08:17.664+0000: 1565.584: [GC [PSYoungGen: 291888K->1410K(284928K)] 519356K->228942K(971904K), 0.0065760 secs] [Times: user=0.03 sys=0.00, real=0.00 secs] 
2014-07-07T20:08:18.967+0000: 1566.887: [GC [PSYoungGen: 284866K->866K(276992K)] 512398K->228690K(963968K), 0.0191660 secs] [Times: user=0.07 sys=0.00, real=0.02 secs] 
2014-07-07T20:08:20.259+0000: 1568.179: [GC [PSYoungGen: 276962K->1254K(270272K)] 504786K->229184K(957248K), 0.0088900 secs] [Times: user=0.04 sys=0.00, real=0.01 secs] 
2014-07-07T20:08:21.466+0000: 1569.386: [GC [PSYoungGen: 270246K->934K(263104K)] 498176K->229095K(950080K), 0.0042540 secs] [Times: user=0.01 sys=0.00, real=0.00 secs] 
2014-07-07T20:08:22.658+0000: 1570.578: [GC [PSYoungGen: 263078K->1190K(256768K)] 491239K->229375K(943744K), 0.0142730 secs] [Times: user=0.05 sys=0.00, real=0.01 secs] 
2014-07-07T20:08:23.837+0000: 1571.757: [GC [PSYoungGen: 256700K->948K(250176K)] 484886K->229245K(937152K), 0.0096620 secs] [Times: user=0.03 sys=0.00, real=0.01 secs] 
2014-07-07T20:08:24.992+0000: 1572.912: [GC [PSYoungGen: 250162K->1108K(244288K)] 478459K->229437K(931264K), 0.0102350 secs] [Times: user=0.03 sys=0.00, real=0.01 secs] 
2014-07-07T20:08:26.135+0000: 1574.056: [GC [PSYoungGen: 244244K->980K(238272K)] 472573K->229341K(925248K), 0.0047730 secs] [Times: user=0.01 sys=0.00, real=0.00 secs] 
2014-07-07T20:08:27.239+0000: 1575.160: [GC [PSYoungGen: 238196K->1158K(232832K)] 466557K->229559K(919808K), 0.0061270 secs] [Times: user=0.02 sys=0.00, real=0.01 secs] 
2014-07-07T20:08:28.292+0000: 1576.212: [GC [PSYoungGen: 232774K->866K(227072K)] 461175K->229429K(914048K), 0.0051510 secs] [Times: user=0.01 sys=0.00, real=0.01 secs] 
2014-07-07T20:08:29.346+0000: 1577.267: [GC [PSYoungGen: 227041K->1062K(222016K)] 455604K->229673K(908992K), 0.0110180 secs] [Times: user=0.03 sys=0.00, real=0.01 secs] 
2014-07-07T20:08:30.354+0000: 1578.274: [GC [PSYoungGen: 221990K->1022K(216896K)] 450601K->229959K(903872K), 0.0104050 secs] [Times: user=0.04 sys=0.00, real=0.01 secs] 
2014-07-07T20:08:31.356+0000: 1579.276: [GC [PSYoungGen: 216894K->1236K(212288K)] 445831K->230205K(899264K), 0.0076460 secs] [Times: user=0.02 sys=0.00, real=0.00 secs] 
2014-07-07T20:08:32.329+0000: 1580.249: [GC [PSYoungGen: 212241K->802K(207104K)] 441211K->230013K(894080K), 0.0086710 secs] [Times: user=0.03 sys=0.00, real=0.01 secs] 
2014-07-07T20:08:33.267+0000: 1581.187: [GC [PSYoungGen: 207071K->1126K(202880K)] 436282K->230385K(889856K), 0.0101500 secs] [Times: user=0.04 sys=0.00, real=0.01 secs] 
2014-07-07T20:08:34.186+0000: 1582.106: [GC [PSYoungGen: 202854K->1012K(198336K)] 432113K->230399K(885312K), 0.0090270 secs] [Times: user=0.03 sys=0.00, real=0.00 secs] 
2014-07-07T20:08:35.080+0000: 1583.000: [GC [PSYoungGen: 198284K->1200K(194304K)] 427672K->230627K(881280K), 0.0074510 secs] [Times: user=0.03 sys=0.00, real=0.01 secs] 
2014-07-07T20:08:35.968+0000: 1583.888: [GC [PSYoungGen: 194288K->752K(189760K)] 423715K->230407K(876736K), 0.0039370 secs] [Times: user=0.01 sys=0.00, real=0.00 secs] 
2014-07-07T20:08:36.820+0000: 1584.740: [GC [PSYoungGen: 189744K->1172K(186240K)] 419399K->230851K(873216K), 0.0115580 secs] [Times: user=0.04 sys=0.00, real=0.01 secs] 
2014-07-07T20:08:37.682+0000: 1585.602: [GC [PSYoungGen: 186196K->980K(182208K)] 415875K->230763K(869184K), 0.0078530 secs] [Times: user=0.02 sys=0.00, real=0.01 secs] 
2014-07-07T20:08:38.520+0000: 1586.441: [GC [PSYoungGen: 182164K->1076K(178560K)] 411947K->230923K(865536K), 0.0090280 secs] [Times: user=0.02 sys=0.00, real=0.01 secs] 
2014-07-07T20:08:39.346+0000: 1587.266: [GC [PSYoungGen: 178539K->752K(213760K)] 408387K->230851K(900736K), 0.0106960 secs] [Times: user=0.02 sys=0.00, real=0.02 secs] 
2014-07-07T20:08:40.359+0000: 1588.279: [GC [PSYoungGen: 213744K->1062K(256704K)] 443843K->231193K(943680K), 0.0134670 secs] [Times: user=0.04 sys=0.00, real=0.01 secs] 
2014-07-07T20:08:41.519+0000: 1589.439: [GC [PSYoungGen: 256678K->980K(250304K)] 486809K->231225K(937280K), 0.0066130 secs] [Times: user=0.02 sys=0.00, real=0.00 secs] 
2014-07-07T20:08:42.668+0000: 1590.588: [GC [PSYoungGen: 250256K->1197K(300352K)] 480501K->231474K(987328K), 0.0138660 secs] [Times: user=0.06 sys=0.00, real=0.01 secs] 
2014-07-07T20:08:44.014+0000: 1591.935: [GC [PSYoungGen: 300324K->638K(291776K)] 530601K->231315K(978752K), 0.0087530 secs] [Times: user=0.04 sys=0.00, real=0.01 secs] 
2014-07-07T20:08:45.370+0000: 1593.291: [GC [PSYoungGen: 291774K->1144K(284608K)] 522451K->231853K(971584K), 0.0112140 secs] [Times: user=0.04 sys=0.00, real=0.01 secs] 
2014-07-07T20:08:46.675+0000: 1594.595: [GC [PSYoungGen: 284584K->1080K(277184K)] 515294K->232081K(964160K), 0.0106760 secs] [Times: user=0.03 sys=0.00, real=0.01 secs] 
2014-07-07T20:08:47.935+0000: 1595.856: [GC [PSYoungGen: 277157K->1453K(270464K)] 508158K->232566K(957440K), 0.0153820 secs] [Times: user=0.05 sys=0.00, real=0.02 secs] 
2014-07-07T20:08:49.171+0000: 1597.092: [GC [PSYoungGen: 270445K->424K(262592K)] 501558K->232221K(949568K), 0.0133090 secs] [Times: user=0.04 sys=0.00, real=0.01 secs] 
2014-07-07T20:08:50.356+0000: 1598.276: [GC [PSYoungGen: 262568K->1511K(316160K)] 494365K->233463K(1003136K), 0.0218390 secs] [Times: user=0.08 sys=0.00, real=0.02 secs] 
2014-07-07T20:08:51.821+0000: 1599.741: [GC [PSYoungGen: 316135K->1133K(378752K)] 548087K->233509K(1065728K), 0.0078140 secs] [Times: user=0.03 sys=0.00, real=0.01 secs] 
2014-07-07T20:08:53.571+0000: 1601.491: [GC [PSYoungGen: 378659K->1165K(367616K)] 611034K->233597K(1054592K), 0.0042230 secs] [Times: user=0.01 sys=0.00, real=0.00 secs] 
2014-07-07T20:08:55.263+0000: 1603.183: [GC [PSYoungGen: 367522K->1222K(440960K)] 599954K->233725K(1127936K), 0.0333300 secs] [Times: user=0.12 sys=0.00, real=0.03 secs] 
2014-07-07T20:08:57.274+0000: 1605.194: [GC [PSYoungGen: 440902K->1268K(427136K)] 673405K->233811K(1114112K), 0.0052390 secs] [Times: user=0.01 sys=0.01, real=0.01 secs] 
2014-07-07T20:08:59.234+0000: 1607.154: [GC [PSYoungGen: 427123K->930K(413568K)] 659667K->233691K(1100544K), 0.0085250 secs] [Times: user=0.03 sys=0.00, real=0.01 secs] 
2014-07-07T20:09:01.111+0000: 1609.031: [GC [PSYoungGen: 413533K->1240K(401216K)] 646294K->234058K(1088192K), 0.0101040 secs] [Times: user=0.03 sys=0.00, real=0.01 secs] 
2014-07-07T20:09:02.974+0000: 1610.894: [GC [PSYoungGen: 401130K->1076K(388864K)] 633947K->234000K(1075840K), 0.0112370 secs] [Times: user=0.04 sys=0.00, real=0.01 secs] 
2014-07-07T20:09:04.726+0000: 1612.646: [GC [PSYoungGen: 388852K->1012K(377216K)] 621776K->233968K(1064192K), 0.0174250 secs] [Times: user=0.07 sys=0.00, real=0.02 secs] 
2014-07-07T20:09:06.429+0000: 1614.349: [GC [PSYoungGen: 377156K->1126K(366208K)] 610111K->234130K(1053184K), 0.0041730 secs] [Times: user=0.00 sys=0.00, real=0.01 secs] 
2014-07-07T20:09:08.109+0000: 1616.029: [GC [PSYoungGen: 366182K->1204K(355584K)] 599186K->234272K(1042560K), 0.0151930 secs] [Times: user=0.05 sys=0.00, real=0.02 secs] 
2014-07-07T20:09:09.750+0000: 1617.670: [GC [PSYoungGen: 355539K->866K(345024K)] 588607K->234128K(1032000K), 0.0116780 secs] [Times: user=0.03 sys=0.00, real=0.02 secs] 
2014-07-07T20:09:11.328+0000: 1619.249: [GC [PSYoungGen: 344962K->1126K(335488K)] 578223K->234428K(1022464K), 0.0033480 secs] [Times: user=0.01 sys=0.00, real=0.01 secs] 
2014-07-07T20:09:12.878+0000: 1620.799: [GC [PSYoungGen: 335425K->1080K(326016K)] 568726K->234536K(1012992K), 0.0100690 secs] [Times: user=0.03 sys=0.00, real=0.01 secs] 
2014-07-07T20:09:14.398+0000: 1622.318: [GC [PSYoungGen: 326008K->1012K(316928K)] 559464K->234484K(1003904K), 0.0055940 secs] [Times: user=0.01 sys=0.00, real=0.01 secs] 
2014-07-07T20:09:15.866+0000: 1623.786: [GC [PSYoungGen: 316874K->880K(308160K)] 550345K->234670K(995136K), 0.0142110 secs] [Times: user=0.04 sys=0.00, real=0.01 secs] 
2014-07-07T20:09:17.267+0000: 1625.187: [GC [PSYoungGen: 308114K->1208K(300160K)] 541904K->235038K(987136K), 0.0096610 secs] [Times: user=0.03 sys=0.00, real=0.01 secs] 
2014-07-07T20:09:18.621+0000: 1626.542: [GC [PSYoungGen: 300112K->866K(291840K)] 533941K->235004K(978816K), 0.0124040 secs] [Times: user=0.04 sys=0.00, real=0.02 secs] 
2014-07-07T20:09:19.972+0000: 1627.892: [GC [PSYoungGen: 291810K->1470K(284736K)] 525948K->235810K(971712K), 0.0073030 secs] [Times: user=0.02 sys=0.00, real=0.01 secs] 
2014-07-07T20:09:21.266+0000: 1629.187: [GC [PSYoungGen: 284734K->638K(276544K)] 519074K->235434K(963520K), 0.0105980 secs] [Times: user=0.03 sys=0.00, real=0.01 secs] 
2014-07-07T20:09:22.532+0000: 1630.452: [GC [PSYoungGen: 276541K->1222K(270080K)] 511337K->236066K(957056K), 0.0115480 secs] [Times: user=0.04 sys=0.01, real=0.02 secs] 
2014-07-07T20:09:23.769+0000: 1631.689: [GC [PSYoungGen: 269951K->1112K(263104K)] 504795K->236094K(950080K), 0.0048850 secs] [Times: user=0.01 sys=0.00, real=0.01 secs] 
2014-07-07T20:09:24.974+0000: 1632.894: [GC [PSYoungGen: 263064K->1264K(256640K)] 498046K->236278K(943616K), 0.0201390 secs] [Times: user=0.07 sys=0.00, real=0.02 secs] 
2014-07-07T20:09:26.157+0000: 1634.077: [GC [PSYoungGen: 256582K->688K(249728K)] 491596K->236102K(936704K), 0.0087400 secs] [Times: user=0.01 sys=0.00, real=0.01 secs] 
2014-07-07T20:09:27.321+0000: 1635.242: [GC [PSYoungGen: 249712K->1308K(244288K)] 485126K->236762K(931264K), 0.0146160 secs] [Times: user=0.05 sys=0.00, real=0.02 secs] 
2014-07-07T20:09:28.413+0000: 1636.333: [GC [PSYoungGen: 244252K->1076K(238144K)] 479706K->236906K(925120K), 0.0083680 secs] [Times: user=0.03 sys=0.00, real=0.01 secs] 
2014-07-07T20:09:29.514+0000: 1637.434: [GC [PSYoungGen: 238132K->1094K(232576K)] 473962K->236972K(919552K), 0.0066800 secs] [Times: user=0.02 sys=0.00, real=0.01 secs] 
2014-07-07T20:09:30.578+0000: 1638.498: [GC [PSYoungGen: 232472K->1016K(227008K)] 468350K->236992K(913984K), 0.0049580 secs] [Times: user=0.01 sys=0.00, real=0.00 secs] 
2014-07-07T20:09:31.616+0000: 1639.536: [GC [PSYoungGen: 227000K->1044K(221824K)] 462976K->237044K(908800K), 0.0047050 secs] [Times: user=0.01 sys=0.00, real=0.00 secs] 
2014-07-07T20:09:32.649+0000: 1640.569: [GC [PSYoungGen: 221780K->980K(216704K)] 457780K->237020K(903680K), 0.0087400 secs] [Times: user=0.03 sys=0.00, real=0.01 secs] 
2014-07-07T20:09:33.643+0000: 1641.563: [GC [PSYoungGen: 216660K->1264K(212096K)] 452700K->237337K(899072K), 0.0142670 secs] [Times: user=0.05 sys=0.00, real=0.02 secs] 
2014-07-07T20:09:34.627+0000: 1642.547: [GC [PSYoungGen: 212030K->948K(253952K)] 448103K->237110K(940928K), 0.0360310 secs] [Times: user=0.13 sys=0.00, real=0.03 secs] 
2014-07-07T20:09:35.787+0000: 1643.708: [GC [PSYoungGen: 253940K->1325K(304960K)] 490102K->237527K(991936K), 0.0159780 secs] [Times: user=0.05 sys=0.00, real=0.01 secs] 
2014-07-07T20:09:37.159+0000: 1645.079: [GC [PSYoungGen: 304900K->829K(365184K)] 541103K->237605K(1052160K), 0.0045160 secs] [Times: user=0.01 sys=0.00, real=0.00 secs] 
2014-07-07T20:09:38.837+0000: 1646.758: [GC [PSYoungGen: 365138K->1322K(438592K)] 601914K->238170K(1125568K), 0.0387420 secs] [Times: user=0.14 sys=0.00, real=0.04 secs] 
2014-07-07T20:09:40.861+0000: 1648.781: [GC [PSYoungGen: 438570K->1076K(525824K)] 675418K->238176K(1212800K), 0.0100370 secs] [Times: user=0.04 sys=0.00, real=0.01 secs] 
2014-07-07T20:09:43.261+0000: 1651.181: [GC [PSYoungGen: 525812K->1012K(508224K)] 762912K->238152K(1195200K), 0.0032570 secs] [Times: user=0.02 sys=0.00, real=0.00 secs] 
2014-07-07T20:09:45.611+0000: 1653.532: [GC [PSYoungGen: 508185K->1232K(491712K)] 745325K->238413K(1178688K), 0.0116830 secs] [Times: user=0.04 sys=0.00, real=0.01 secs] 
2014-07-07T20:09:47.866+0000: 1655.786: [GC [PSYoungGen: 491664K->1456K(475840K)] 728845K->238669K(1162816K), 0.0078930 secs] [Times: user=0.01 sys=0.00, real=0.01 secs] 
2014-07-07T20:09:50.050+0000: 1657.970: [GC [PSYoungGen: 475824K->494K(459520K)] 713037K->238589K(1146496K), 0.0229970 secs] [Times: user=0.09 sys=0.00, real=0.02 secs] 
2014-07-07T20:09:52.171+0000: 1660.091: [GC [PSYoungGen: 459494K->1440K(445824K)] 697589K->239583K(1132800K), 0.0057390 secs] [Times: user=0.01 sys=0.00, real=0.00 secs] 
2014-07-07T20:09:54.235+0000: 1662.155: [GC [PSYoungGen: 445792K->1172K(431552K)] 683935K->239791K(1118528K), 0.0098070 secs] [Times: user=0.02 sys=0.00, real=0.01 secs] 
2014-07-07T20:09:56.206+0000: 1664.127: [GC [PSYoungGen: 431508K->1599K(418496K)] 670127K->240257K(1105472K), 0.0157950 secs] [Times: user=0.05 sys=0.00, real=0.02 secs] 
2014-07-07T20:09:58.121+0000: 1666.041: [GC [PSYoungGen: 418451K->556K(404608K)] 657110K->239735K(1091584K), 0.0090060 secs] [Times: user=0.04 sys=0.00, real=0.01 secs] 
2014-07-07T20:09:59.980+0000: 1667.900: [GC [PSYoungGen: 404568K->1685K(393472K)] 643747K->240928K(1080448K), 0.0088510 secs] [Times: user=0.03 sys=0.00, real=0.00 secs] 
2014-07-07T20:10:01.792+0000: 1669.713: [GC [PSYoungGen: 393429K->1108K(381120K)] 632672K->240695K(1068096K), 0.0146060 secs] [Times: user=0.05 sys=0.00, real=0.01 secs] 
2014-07-07T20:10:03.537+0000: 1671.457: [GC [PSYoungGen: 381075K->1030K(369792K)] 620662K->240641K(1056768K), 0.0180070 secs] [Times: user=0.05 sys=0.00, real=0.02 secs] 
2014-07-07T20:10:05.243+0000: 1673.163: [GC [PSYoungGen: 369734K->1168K(359104K)] 609345K->240811K(1046080K), 0.0087150 secs] [Times: user=0.03 sys=0.00, real=0.01 secs] 
2014-07-07T20:10:06.892+0000: 1674.812: [GC [PSYoungGen: 359056K->1172K(348736K)] 598699K->240863K(1035712K), 0.0090770 secs] [Times: user=0.04 sys=0.00, real=0.01 secs] 
2014-07-07T20:10:08.510+0000: 1676.430: [GC [PSYoungGen: 348666K->1214K(338816K)] 588357K->241067K(1025792K), 0.0268490 secs] [Times: user=0.09 sys=0.00, real=0.02 secs] 
2014-07-07T20:10:10.068+0000: 1677.989: [GC [PSYoungGen: 338814K->1144K(329216K)] 578667K->241061K(1016192K), 0.0052600 secs] [Times: user=0.02 sys=0.00, real=0.01 secs] 
2014-07-07T20:10:11.559+0000: 1679.479: [GC [PSYoungGen: 329208K->1229K(320192K)] 569125K->241186K(1007168K), 0.0034450 secs] [Times: user=0.01 sys=0.00, real=0.01 secs] 
2014-07-07T20:10:13.016+0000: 1680.937: [GC [PSYoungGen: 320141K->1140K(311296K)] 560098K->241145K(998272K), 0.0162990 secs] [Times: user=0.06 sys=0.00, real=0.02 secs] 
2014-07-07T20:10:14.430+0000: 1682.350: [GC [PSYoungGen: 311274K->940K(302656K)] 551279K->241338K(989632K), 0.0081150 secs] [Times: user=0.03 sys=0.00, real=0.01 secs] 
2014-07-07T20:10:15.830+0000: 1683.750: [GC [PSYoungGen: 302636K->1442K(295040K)] 543034K->241880K(982016K), 0.0090810 secs] [Times: user=0.04 sys=0.00, real=0.01 secs] 
2014-07-07T20:10:17.200+0000: 1685.120: [GC [PSYoungGen: 295010K->944K(286720K)] 535448K->241633K(973696K), 0.0171770 secs] [Times: user=0.05 sys=0.01, real=0.02 secs] 
2014-07-07T20:10:18.514+0000: 1686.435: [GC [PSYoungGen: 286704K->1393K(279680K)] 527393K->242163K(966656K), 0.0057620 secs] [Times: user=0.02 sys=0.00, real=0.00 secs] 
2014-07-07T20:10:19.772+0000: 1687.692: [GC [PSYoungGen: 279665K->1012K(272128K)] 520435K->241951K(959104K), 0.0079930 secs] [Times: user=0.03 sys=0.00, real=0.01 secs] 
2014-07-07T20:10:20.999+0000: 1688.919: [GC [PSYoungGen: 272085K->1094K(265344K)] 513025K->242065K(952320K), 0.0141900 secs] [Times: user=0.04 sys=0.00, real=0.02 secs] 
2014-07-07T20:10:22.223+0000: 1690.143: [GC [PSYoungGen: 265286K->1200K(258752K)] 506257K->242220K(945728K), 0.0144380 secs] [Times: user=0.05 sys=0.00, real=0.01 secs] 
2014-07-07T20:10:23.411+0000: 1691.332: [GC [PSYoungGen: 258720K->1076K(252224K)] 499740K->242127K(939200K), 0.0045730 secs] [Times: user=0.01 sys=0.00, real=0.01 secs] 
2014-07-07T20:10:24.565+0000: 1692.485: [GC [PSYoungGen: 252197K->948K(245952K)] 493249K->242111K(932928K), 0.0043030 secs] [Times: user=0.01 sys=0.00, real=0.00 secs] 
2014-07-07T20:10:25.708+0000: 1693.628: [GC [PSYoungGen: 245940K->1108K(240192K)] 487103K->242319K(927168K), 0.0054610 secs] [Times: user=0.01 sys=0.00, real=0.01 secs] 
2014-07-07T20:10:26.815+0000: 1694.735: [GC [PSYoungGen: 240143K->1094K(234496K)] 481355K->242369K(921472K), 0.0099210 secs] [Times: user=0.04 sys=0.00, real=0.01 secs] 
2014-07-07T20:10:27.889+0000: 1695.809: [GC [PSYoungGen: 234424K->1222K(229120K)] 475700K->242569K(916096K), 0.0151460 secs] [Times: user=0.05 sys=0.00, real=0.02 secs] 
2014-07-07T20:10:28.936+0000: 1696.857: [GC [PSYoungGen: 229051K->826K(274240K)] 470399K->242762K(961216K), 0.0167670 secs] [Times: user=0.05 sys=0.00, real=0.02 secs] 
2014-07-07T20:10:30.236+0000: 1698.156: [GC [PSYoungGen: 274234K->1272K(267712K)] 516170K->243248K(954688K), 0.0079470 secs] [Times: user=0.03 sys=0.00, real=0.01 secs] 
2014-07-07T20:10:31.448+0000: 1699.368: [GC [PSYoungGen: 267704K->1129K(260864K)] 509680K->243481K(947840K), 0.0090960 secs] [Times: user=0.02 sys=0.00, real=0.01 secs] 
2014-07-07T20:10:32.644+0000: 1700.565: [GC [PSYoungGen: 260841K->1410K(254720K)] 503193K->243802K(941696K), 0.0077950 secs] [Times: user=0.03 sys=0.00, real=0.00 secs] 
2014-07-07T20:10:33.847+0000: 1701.767: [GC [PSYoungGen: 254658K->752K(247744K)] 497050K->243526K(934720K), 0.0120860 secs] [Times: user=0.04 sys=0.00, real=0.01 secs] 
2014-07-07T20:10:34.991+0000: 1702.912: [GC [PSYoungGen: 247700K->1474K(242496K)] 490475K->244296K(929472K), 0.0126970 secs] [Times: user=0.05 sys=0.00, real=0.02 secs] 
2014-07-07T20:10:36.094+0000: 1704.014: [GC [PSYoungGen: 242400K->1062K(290240K)] 485222K->243948K(977216K), 0.0193230 secs] [Times: user=0.07 sys=0.00, real=0.01 secs] 
2014-07-07T20:10:37.437+0000: 1705.357: [GC [PSYoungGen: 290191K->1314K(282880K)] 533078K->244233K(969856K), 0.0079660 secs] [Times: user=0.03 sys=0.00, real=0.01 secs] 
2014-07-07T20:10:38.737+0000: 1706.657: [GC [PSYoungGen: 282849K->948K(275200K)] 525767K->244211K(962176K), 0.0072540 secs] [Times: user=0.01 sys=0.00, real=0.00 secs] 
2014-07-07T20:10:40.021+0000: 1707.941: [GC [PSYoungGen: 275151K->1208K(268416K)] 518415K->244527K(955392K), 0.0074060 secs] [Times: user=0.02 sys=0.00, real=0.01 secs] 
2014-07-07T20:10:41.242+0000: 1709.162: [GC [PSYoungGen: 268408K->948K(261376K)] 511727K->244389K(948352K), 0.0076300 secs] [Times: user=0.02 sys=0.00, real=0.01 secs] 
2014-07-07T20:10:42.452+0000: 1710.373: [GC [PSYoungGen: 261341K->1204K(255104K)] 504782K->244669K(942080K), 0.0074590 secs] [Times: user=0.01 sys=0.00, real=0.01 secs] 
2014-07-07T20:10:43.630+0000: 1711.550: [GC [PSYoungGen: 255092K->1012K(248640K)] 498557K->244509K(935616K), 0.0046080 secs] [Times: user=0.01 sys=0.00, real=0.00 secs] 
2014-07-07T20:10:44.764+0000: 1712.684: [GC [PSYoungGen: 248628K->1360K(243008K)] 492125K->244905K(929984K), 0.0238410 secs] [Times: user=0.08 sys=0.00, real=0.03 secs] 
2014-07-07T20:10:45.909+0000: 1713.829: [GC [PSYoungGen: 242960K->802K(236608K)] 486505K->244501K(923584K), 0.0055550 secs] [Times: user=0.01 sys=0.00, real=0.00 secs] 
2014-07-07T20:10:47.001+0000: 1714.921: [GC [PSYoungGen: 236578K->1204K(231360K)] 480277K->244935K(918336K), 0.0104170 secs] [Times: user=0.03 sys=0.00, real=0.01 secs] 
2014-07-07T20:10:48.056+0000: 1715.976: [GC [PSYoungGen: 231348K->1062K(225856K)] 475079K->244913K(912832K), 0.0120040 secs] [Times: user=0.05 sys=0.01, real=0.01 secs] 
2014-07-07T20:10:49.116+0000: 1717.036: [GC [PSYoungGen: 225830K->1044K(270848K)] 469681K->244959K(957824K), 0.0139060 secs] [Times: user=0.06 sys=0.00, real=0.01 secs] 
2014-07-07T20:10:50.367+0000: 1718.287: [GC [PSYoungGen: 270804K->1044K(264000K)] 514719K->244991K(950976K), 0.0088150 secs] [Times: user=0.03 sys=0.00, real=0.00 secs] 
2014-07-07T20:10:51.569+0000: 1719.490: [GC [PSYoungGen: 263956K->1232K(257600K)] 507903K->245204K(944576K), 0.0045700 secs] [Times: user=0.01 sys=0.01, real=0.00 secs] 
2014-07-07T20:10:52.771+0000: 1720.691: [GC [PSYoungGen: 257552K->752K(250752K)] 501524K->244975K(937728K), 0.0164590 secs] [Times: user=0.06 sys=0.00, real=0.02 secs] 
2014-07-07T20:10:53.924+0000: 1721.844: [GC [PSYoungGen: 250736K->1300K(301376K)] 494959K->245563K(988352K), 0.0157450 secs] [Times: user=0.04 sys=0.01, real=0.02 secs] 
2014-07-07T20:10:55.299+0000: 1723.219: [GC [PSYoungGen: 301315K->1016K(292992K)] 545579K->245431K(979968K), 0.0114450 secs] [Times: user=0.04 sys=0.00, real=0.01 secs] 
2014-07-07T20:10:56.651+0000: 1724.572: [GC [PSYoungGen: 292943K->1204K(285440K)] 537359K->245659K(972416K), 0.0101640 secs] [Times: user=0.03 sys=0.00, real=0.01 secs] 
2014-07-07T20:10:57.987+0000: 1725.907: [GC [PSYoungGen: 285428K->866K(342016K)] 529883K->245499K(1028992K), 0.0295020 secs] [Times: user=0.10 sys=0.00, real=0.02 secs] 
2014-07-07T20:10:59.555+0000: 1727.475: [GC [PSYoungGen: 341986K->1222K(410624K)] 586619K->245927K(1097600K), 0.0165350 secs] [Times: user=0.06 sys=0.00, real=0.02 secs] 
2014-07-07T20:11:01.428+0000: 1729.348: [GC [PSYoungGen: 410535K->802K(397632K)] 655240K->245875K(1084608K), 0.0038060 secs] [Times: user=0.01 sys=0.00, real=0.01 secs] 
2014-07-07T20:11:03.249+0000: 1731.169: [GC [PSYoungGen: 397602K->1404K(386240K)] 642675K->246510K(1073216K), 0.0098040 secs] [Times: user=0.02 sys=0.00, real=0.01 secs] 
2014-07-07T20:11:05.017+0000: 1732.938: [GC [PSYoungGen: 386228K->752K(374080K)] 631333K->246398K(1061056K), 0.0162850 secs] [Times: user=0.05 sys=0.00, real=0.02 secs] 
2014-07-07T20:11:06.709+0000: 1734.629: [GC [PSYoungGen: 374048K->1514K(449536K)] 619694K->247218K(1136512K), 0.0306170 secs] [Times: user=0.10 sys=0.00, real=0.03 secs] 
2014-07-07T20:11:08.789+0000: 1736.709: [GC [PSYoungGen: 449486K->830K(538432K)] 695189K->247132K(1225408K), 0.0208510 secs] [Times: user=0.06 sys=0.00, real=0.02 secs] 
2014-07-07T20:11:11.243+0000: 1739.164: [GC [PSYoungGen: 538430K->1126K(520640K)] 784732K->247508K(1207616K), 0.0059850 secs] [Times: user=0.02 sys=0.00, real=0.00 secs] 
2014-07-07T20:11:13.636+0000: 1741.556: [GC [PSYoungGen: 520614K->1108K(503296K)] 766996K->247604K(1190272K), 0.0167100 secs] [Times: user=0.05 sys=0.00, real=0.02 secs] 
2014-07-07T20:11:15.953+0000: 1743.873: [GC [PSYoungGen: 503252K->1012K(486592K)] 749748K->247532K(1173568K), 0.0052240 secs] [Times: user=0.01 sys=0.00, real=0.00 secs] 
2014-07-07T20:11:18.185+0000: 1746.105: [GC [PSYoungGen: 486580K->1058K(470848K)] 733100K->247684K(1157824K), 0.0087880 secs] [Times: user=0.02 sys=0.01, real=0.01 secs] 
2014-07-07T20:11:20.343+0000: 1748.263: [GC [PSYoungGen: 470818K->1304K(456000K)] 717444K->248034K(1142976K), 0.0142880 secs] [Times: user=0.04 sys=0.00, real=0.01 secs] 
2014-07-07T20:11:22.463+0000: 1750.383: [GC [PSYoungGen: 455960K->816K(441024K)] 702690K->247710K(1128000K), 0.0265900 secs] [Times: user=0.09 sys=0.00, real=0.02 secs] 
2014-07-07T20:11:24.469+0000: 1752.389: [GC [PSYoungGen: 440980K->1076K(427456K)] 687874K->248002K(1114432K), 0.0101540 secs] [Times: user=0.03 sys=0.00, real=0.01 secs] 
2014-07-07T20:11:26.432+0000: 1754.352: [GC [PSYoungGen: 427444K->1296K(414464K)] 674370K->248270K(1101440K), 0.0080050 secs] [Times: user=0.01 sys=0.00, real=0.01 secs] 
2014-07-07T20:11:28.335+0000: 1756.255: [GC [PSYoungGen: 414317K->1240K(401728K)] 661291K->248270K(1088704K), 0.0147400 secs] [Times: user=0.05 sys=0.00, real=0.01 secs] 
2014-07-07T20:11:30.183+0000: 1758.104: [GC [PSYoungGen: 401688K->638K(388928K)] 648718K->248251K(1075904K), 0.0109440 secs] [Times: user=0.04 sys=0.00, real=0.01 secs] 
2014-07-07T20:11:31.992+0000: 1759.912: [GC [PSYoungGen: 388926K->1340K(377984K)] 636539K->248993K(1064960K), 0.0127280 secs] [Times: user=0.04 sys=0.00, real=0.02 secs] 
2014-07-07T20:11:33.739+0000: 1761.659: [GC [PSYoungGen: 377980K->1126K(366656K)] 625633K->249219K(1053632K), 0.0241340 secs] [Times: user=0.08 sys=0.00, real=0.03 secs] 
2014-07-07T20:11:35.425+0000: 1763.346: [GC [PSYoungGen: 366618K->1108K(355968K)] 614712K->249241K(1042944K), 0.0234300 secs] [Times: user=0.08 sys=0.00, real=0.02 secs] 
2014-07-07T20:11:37.078+0000: 1764.998: [GC [PSYoungGen: 355924K->1076K(345664K)] 604057K->249313K(1032640K), 0.0141790 secs] [Times: user=0.05 sys=0.00, real=0.01 secs] 
2014-07-07T20:11:38.648+0000: 1766.569: [GC [PSYoungGen: 345637K->1279K(336000K)] 593875K->249596K(1022976K), 0.0177250 secs] [Times: user=0.06 sys=0.00, real=0.02 secs] 
2014-07-07T20:11:40.190+0000: 1768.110: [GC [PSYoungGen: 335966K->869K(326208K)] 584283K->249496K(1013184K), 0.0088400 secs] [Times: user=0.03 sys=0.00, real=0.01 secs] 
2014-07-07T20:11:41.696+0000: 1769.616: [GC [PSYoungGen: 326181K->1524K(317824K)] 574808K->250200K(1004800K), 0.0121210 secs] [Times: user=0.04 sys=0.01, real=0.01 secs] 
2014-07-07T20:11:43.176+0000: 1771.096: [GC [PSYoungGen: 317812K->816K(308416K)] 566488K->249811K(995392K), 0.0198410 secs] [Times: user=0.08 sys=0.00, real=0.02 secs] 
2014-07-07T20:11:44.575+0000: 1772.496: [GC [PSYoungGen: 308367K->1094K(300416K)] 557363K->250137K(987392K), 0.0107650 secs] [Times: user=0.04 sys=0.00, real=0.01 secs] 
2014-07-07T20:11:45.954+0000: 1773.874: [GC [PSYoungGen: 300340K->1030K(292352K)] 549383K->250121K(979328K), 0.0053910 secs] [Times: user=0.01 sys=0.00, real=0.01 secs] 
2014-07-07T20:11:47.286+0000: 1775.206: [GC [PSYoungGen: 292294K->1389K(350976K)] 541385K->250521K(1037952K), 0.0224960 secs] [Times: user=0.07 sys=0.00, real=0.02 secs] 
2014-07-07T20:11:48.931+0000: 1776.851: [GC [PSYoungGen: 350957K->744K(420288K)] 600089K->250412K(1107264K), 0.0166690 secs] [Times: user=0.05 sys=0.00, real=0.02 secs] 
2014-07-07T20:11:50.867+0000: 1778.787: [GC [PSYoungGen: 420257K->1258K(407808K)] 669925K->250973K(1094784K), 0.0160020 secs] [Times: user=0.05 sys=0.00, real=0.01 secs] 
2014-07-07T20:11:52.745+0000: 1780.665: [GC [PSYoungGen: 407786K->1328K(395456K)] 657501K->251312K(1082432K), 0.0080200 secs] [Times: user=0.02 sys=0.00, real=0.01 secs] 
2014-07-07T20:11:54.562+0000: 1782.483: [GC [PSYoungGen: 395439K->1204K(383424K)] 645423K->251235K(1070400K), 0.0062820 secs] [Times: user=0.02 sys=0.00, real=0.01 secs] 
2014-07-07T20:11:56.336+0000: 1784.257: [GC [PSYoungGen: 383395K->702K(371520K)] 633426K->251099K(1058496K), 0.0096830 secs] [Times: user=0.03 sys=0.00, real=0.01 secs] 
2014-07-07T20:11:58.040+0000: 1785.961: [GC [PSYoungGen: 371489K->1442K(361408K)] 621887K->251888K(1048384K), 0.0098130 secs] [Times: user=0.04 sys=0.00, real=0.01 secs] 
2014-07-07T20:11:59.691+0000: 1787.611: [GC [PSYoungGen: 361378K->1012K(350528K)] 611824K->251668K(1037504K), 0.0066910 secs] [Times: user=0.02 sys=0.00, real=0.01 secs] 
2014-07-07T20:12:01.291+0000: 1789.212: [GC [PSYoungGen: 350487K->1318K(340800K)] 601143K->252038K(1027776K), 0.0103770 secs] [Times: user=0.02 sys=0.00, real=0.01 secs] 
2014-07-07T20:12:02.881+0000: 1790.802: [GC [PSYoungGen: 340759K->998K(330880K)] 591479K->251830K(1017856K), 0.0187160 secs] [Times: user=0.06 sys=0.01, real=0.02 secs] 
2014-07-07T20:12:04.400+0000: 1792.320: [GC [PSYoungGen: 330854K->1410K(322112K)] 581686K->252282K(1009088K), 0.0162720 secs] [Times: user=0.06 sys=0.00, real=0.01 secs] 
2014-07-07T20:12:05.890+0000: 1793.810: [GC [PSYoungGen: 322000K->752K(385536K)] 572872K->251940K(1072512K), 0.0291870 secs] [Times: user=0.10 sys=0.00, real=0.03 secs] 
2014-07-07T20:12:07.689+0000: 1795.609: [GC [PSYoungGen: 385519K->1368K(374656K)] 636707K->252596K(1061632K), 0.0078680 secs] [Times: user=0.03 sys=0.00, real=0.00 secs] 
2014-07-07T20:12:09.414+0000: 1797.334: [GC [PSYoungGen: 374616K->1076K(363328K)] 625844K->252498K(1050304K), 0.0064680 secs] [Times: user=0.02 sys=0.00, real=0.01 secs] 
2014-07-07T20:12:11.091+0000: 1799.011: [GC [PSYoungGen: 363316K->1204K(352896K)] 614738K->252682K(1039872K), 0.0106470 secs] [Times: user=0.03 sys=0.00, real=0.01 secs] 
2014-07-07T20:12:12.706+0000: 1800.626: [GC [PSYoungGen: 352867K->1078K(342656K)] 604345K->252834K(1029632K), 0.0098640 secs] [Times: user=0.02 sys=0.00, real=0.01 secs] 
2014-07-07T20:12:14.304+0000: 1802.224: [GC [PSYoungGen: 342646K->1190K(333056K)] 594402K->253028K(1020032K), 0.0096000 secs] [Times: user=0.04 sys=0.00, real=0.01 secs] 
2014-07-07T20:12:15.844+0000: 1803.764: [GC [PSYoungGen: 332992K->934K(323520K)] 584830K->252998K(1010496K), 0.0087030 secs] [Times: user=0.03 sys=0.00, real=0.01 secs] 
2014-07-07T20:12:17.328+0000: 1805.249: [GC [PSYoungGen: 323494K->1158K(314816K)] 575558K->253246K(1001792K), 0.0117990 secs] [Times: user=0.04 sys=0.00, real=0.02 secs] 
2014-07-07T20:12:18.770+0000: 1806.690: [GC [PSYoungGen: 314721K->1086K(306112K)] 566809K->253424K(993088K), 0.0056880 secs] [Times: user=0.01 sys=0.00, real=0.01 secs] 
2014-07-07T20:12:20.170+0000: 1808.090: [GC [PSYoungGen: 306110K->1200K(297984K)] 558448K->253594K(984960K), 0.0136820 secs] [Times: user=0.05 sys=0.00, real=0.02 secs] 
2014-07-07T20:12:21.550+0000: 1809.471: [GC [PSYoungGen: 297968K->816K(289664K)] 550362K->253454K(976640K), 0.0099460 secs] [Times: user=0.04 sys=0.00, real=0.01 secs] 
2014-07-07T20:12:22.890+0000: 1810.811: [GC [PSYoungGen: 289626K->1367K(282624K)] 542264K->254061K(969600K), 0.0073620 secs] [Times: user=0.02 sys=0.00, real=0.00 secs] 
2014-07-07T20:12:24.169+0000: 1812.090: [GC [PSYoungGen: 282557K->890K(274816K)] 535251K->253854K(961792K), 0.0096420 secs] [Times: user=0.03 sys=0.00, real=0.01 secs] 
2014-07-07T20:12:25.448+0000: 1813.368: [GC [PSYoungGen: 274810K->1126K(268032K)] 527774K->254146K(955008K), 0.0061570 secs] [Times: user=0.02 sys=0.00, real=0.01 secs] 
2014-07-07T20:12:26.685+0000: 1814.605: [GC [PSYoungGen: 268005K->1086K(261184K)] 521025K->254358K(948160K), 0.0080940 secs] [Times: user=0.03 sys=0.00, real=0.01 secs] 
2014-07-07T20:12:27.883+0000: 1815.803: [GC [PSYoungGen: 261182K->1172K(254784K)] 514454K->254500K(941760K), 0.0133230 secs] [Times: user=0.04 sys=0.00, real=0.01 secs] 
2014-07-07T20:12:29.066+0000: 1816.986: [GC [PSYoungGen: 254740K->816K(248128K)] 508068K->254380K(935104K), 0.0097980 secs] [Times: user=0.03 sys=0.00, real=0.01 secs] 
2014-07-07T20:12:30.215+0000: 1818.135: [GC [PSYoungGen: 248083K->1076K(242368K)] 501648K->254672K(929344K), 0.0088290 secs] [Times: user=0.03 sys=0.00, real=0.01 secs] 
2014-07-07T20:12:31.307+0000: 1819.227: [GC [PSYoungGen: 242334K->1044K(236544K)] 495930K->254704K(923520K), 0.0040450 secs] [Times: user=0.01 sys=0.00, real=0.00 secs] 
2014-07-07T20:12:32.405+0000: 1820.325: [GC [PSYoungGen: 236499K->948K(283520K)] 490160K->254632K(970496K), 0.0305110 secs] [Times: user=0.10 sys=0.00, real=0.03 secs] 
2014-07-07T20:12:33.724+0000: 1821.644: [GC [PSYoungGen: 283479K->1072K(340160K)] 537164K->254960K(1027136K), 0.0087010 secs] [Times: user=0.01 sys=0.00, real=0.01 secs] 
2014-07-07T20:12:35.272+0000: 1823.192: [GC [PSYoungGen: 340144K->1030K(330560K)] 594032K->254992K(1017536K), 0.0072380 secs] [Times: user=0.03 sys=0.00, real=0.01 secs] 
2014-07-07T20:12:36.783+0000: 1824.703: [GC [PSYoungGen: 330474K->930K(321216K)] 584437K->255152K(1008192K), 0.0152340 secs] [Times: user=0.06 sys=0.00, real=0.01 secs] 
2014-07-07T20:12:38.098+0000: 1826.018: [GC [PSYoungGen: 321150K->1208K(312640K)] 575372K->255478K(999616K), 0.0062050 secs] [Times: user=0.01 sys=0.00, real=0.01 secs] 
2014-07-07T20:12:39.291+0000: 1827.211: [GC [PSYoungGen: 312632K->930K(303872K)] 566902K->255598K(990848K), 0.0076500 secs] [Times: user=0.02 sys=0.00, real=0.01 secs] 
2014-07-07T20:12:40.443+0000: 1828.363: [GC [PSYoungGen: 303760K->1407K(296192K)] 558428K->256115K(983168K), 0.0095410 secs] [Times: user=0.02 sys=0.01, real=0.00 secs] 
2014-07-07T20:12:41.578+0000: 1829.498: [GC [PSYoungGen: 296176K->748K(287744K)] 550884K->255882K(974720K), 0.0094150 secs] [Times: user=0.03 sys=0.00, real=0.01 secs] 
2014-07-07T20:12:42.698+0000: 1830.618: [GC [PSYoungGen: 287689K->1208K(280640K)] 542823K->256382K(967616K), 0.0105410 secs] [Times: user=0.03 sys=0.00, real=0.01 secs] 
2014-07-07T20:12:43.771+0000: 1831.691: [GC [PSYoungGen: 280619K->1126K(273344K)] 535794K->256552K(960320K), 0.0125220 secs] [Times: user=0.05 sys=0.00, real=0.01 secs] 
2014-07-07T20:12:44.826+0000: 1832.747: [GC [PSYoungGen: 273318K->1424K(328128K)] 528744K->256891K(1015104K), 0.0146580 secs] [Times: user=0.05 sys=0.00, real=0.01 secs] 
2014-07-07T20:12:46.119+0000: 1834.039: [GC [PSYoungGen: 328075K->492K(318080K)] 583542K->256698K(1005056K), 0.0063540 secs] [Times: user=0.02 sys=0.00, real=0.01 secs] 
2014-07-07T20:12:47.373+0000: 1835.293: [GC [PSYoungGen: 318060K->1450K(310336K)] 574266K->257689K(997312K), 0.0074220 secs] [Times: user=0.03 sys=0.00, real=0.01 secs] 
2014-07-07T20:12:48.536+0000: 1836.456: [GC [PSYoungGen: 310314K->1268K(301760K)] 566553K->257881K(988736K), 0.0113830 secs] [Times: user=0.03 sys=0.00, real=0.01 secs] 
2014-07-07T20:12:49.689+0000: 1837.609: [GC [PSYoungGen: 301712K->1140K(293568K)] 558325K->257809K(980544K), 0.0102870 secs] [Times: user=0.03 sys=0.00, real=0.01 secs] 
2014-07-07T20:12:50.812+0000: 1838.732: [GC [PSYoungGen: 293556K->816K(285504K)] 550225K->258093K(972480K), 0.0052850 secs] [Times: user=0.02 sys=0.00, real=0.01 secs] 
2014-07-07T20:12:51.915+0000: 1839.835: [GC [PSYoungGen: 285488K->1190K(278464K)] 542765K->258499K(965440K), 0.0086160 secs] [Times: user=0.03 sys=0.00, real=0.00 secs] 
2014-07-07T20:12:53.010+0000: 1840.930: [GC [PSYoungGen: 278438K->1200K(333952K)] 535747K->258843K(1020928K), 0.0258380 secs] [Times: user=0.09 sys=0.01, real=0.03 secs] 
2014-07-07T20:12:54.318+0000: 1842.238: [GC [PSYoungGen: 333895K->1144K(324544K)] 591538K->258827K(1011520K), 0.0051500 secs] [Times: user=0.01 sys=0.00, real=0.00 secs] 
2014-07-07T20:12:55.576+0000: 1843.497: [GC [PSYoungGen: 324536K->998K(315456K)] 582219K->258771K(1002432K), 0.0082820 secs] [Times: user=0.01 sys=0.00, real=0.00 secs] 
2014-07-07T20:12:56.800+0000: 1844.721: [GC [PSYoungGen: 315430K->1549K(307456K)] 573203K->259362K(994432K), 0.0108830 secs] [Times: user=0.04 sys=0.00, real=0.01 secs] 
2014-07-07T20:12:57.997+0000: 1845.918: [GC [PSYoungGen: 307368K->766K(298368K)] 565181K->258937K(985344K), 0.0037540 secs] [Times: user=0.01 sys=0.00, real=0.00 secs] 
2014-07-07T20:12:59.138+0000: 1847.058: [GC [PSYoungGen: 298366K->1492K(291200K)] 556537K->259743K(978176K), 0.0075590 secs] [Times: user=0.02 sys=0.00, real=0.00 secs] 
2014-07-07T20:13:00.250+0000: 1848.170: [GC [PSYoungGen: 291156K->1012K(283072K)] 549407K->259443K(970048K), 0.0038150 secs] [Times: user=0.01 sys=0.00, real=0.00 secs] 
2014-07-07T20:13:01.337+0000: 1849.257: [GC [PSYoungGen: 283050K->1222K(275968K)] 541481K->259693K(962944K), 0.0060510 secs] [Times: user=0.01 sys=0.00, real=0.00 secs] 
2014-07-07T20:13:02.400+0000: 1850.320: [GC [PSYoungGen: 275910K->1140K(268800K)] 534381K->259643K(955776K), 0.0174660 secs] [Times: user=0.06 sys=0.01, real=0.02 secs] 
2014-07-07T20:13:03.438+0000: 1851.358: [GC [PSYoungGen: 268786K->1190K(262080K)] 527289K->259717K(949056K), 0.0133710 secs] [Times: user=0.04 sys=0.00, real=0.01 secs] 
2014-07-07T20:13:04.430+0000: 1852.350: [GC [PSYoungGen: 262054K->1146K(314240K)] 520581K->259911K(1001216K), 0.0212460 secs] [Times: user=0.07 sys=0.00, real=0.02 secs] 
2014-07-07T20:13:05.613+0000: 1853.533: [GC [PSYoungGen: 314234K->1172K(376960K)] 572999K->259977K(1063936K), 0.0111300 secs] [Times: user=0.04 sys=0.01, real=0.01 secs] 
2014-07-07T20:13:07.090+0000: 1855.010: [GC [PSYoungGen: 376916K->1018K(451968K)] 635721K->260125K(1138944K), 0.0206390 secs] [Times: user=0.07 sys=0.00, real=0.02 secs] 
2014-07-07T20:13:08.807+0000: 1856.727: [GC [PSYoungGen: 451962K->1314K(542528K)] 711069K->260493K(1229504K), 0.0156810 secs] [Times: user=0.06 sys=0.00, real=0.01 secs] 
2014-07-07T20:13:10.894+0000: 1858.814: [GC [PSYoungGen: 542498K->994K(523904K)] 801677K->260441K(1210880K), 0.0110990 secs] [Times: user=0.04 sys=0.00, real=0.01 secs] 
2014-07-07T20:13:12.920+0000: 1860.841: [GC [PSYoungGen: 523799K->1290K(628800K)] 783246K->260793K(1315776K), 0.0267210 secs] [Times: user=0.10 sys=0.00, real=0.02 secs] 
2014-07-07T20:13:15.357+0000: 1863.277: [GC [PSYoungGen: 628703K->890K(606144K)] 888206K->260754K(1293120K), 0.0089680 secs] [Times: user=0.02 sys=0.00, real=0.01 secs] 
2014-07-07T20:13:17.693+0000: 1865.613: [GC [PSYoungGen: 606104K->1528K(585600K)] 865967K->261440K(1272576K), 0.0242660 secs] [Times: user=0.08 sys=0.00, real=0.02 secs] 
2014-07-07T20:13:19.983+0000: 1867.903: [GC [PSYoungGen: 585590K->702K(564544K)] 845502K->261183K(1251520K), 0.0108620 secs] [Times: user=0.04 sys=0.00, real=0.01 secs] 
2014-07-07T20:13:22.137+0000: 1870.057: [GC [PSYoungGen: 564542K->1400K(545920K)] 825023K->261953K(1232896K), 0.0092280 secs] [Times: user=0.03 sys=0.00, real=0.01 secs] 
2014-07-07T20:13:24.249+0000: 1872.169: [GC [PSYoungGen: 545912K->980K(527104K)] 806465K->261745K(1214080K), 0.0052860 secs] [Times: user=0.01 sys=0.00, real=0.01 secs] 
2014-07-07T20:13:26.262+0000: 1874.182: [GC [PSYoungGen: 527042K->1222K(509760K)] 787807K->262020K(1196736K), 0.0107580 secs] [Times: user=0.04 sys=0.00, real=0.01 secs] 
2014-07-07T20:13:28.237+0000: 1876.157: [GC [PSYoungGen: 509690K->1076K(492736K)] 770488K->262028K(1179712K), 0.0080810 secs] [Times: user=0.01 sys=0.00, real=0.01 secs] 
2014-07-07T20:13:30.133+0000: 1878.053: [GC [PSYoungGen: 492724K->1350K(476992K)] 753676K->262406K(1163968K), 0.0083600 secs] [Times: user=0.03 sys=0.00, real=0.01 secs] 
2014-07-07T20:13:31.980+0000: 1879.901: [GC [PSYoungGen: 476934K->752K(460992K)] 737990K->262222K(1147968K), 0.0098320 secs] [Times: user=0.03 sys=0.00, real=0.01 secs] 
2014-07-07T20:13:33.751+0000: 1881.671: [GC [PSYoungGen: 460976K->1254K(446784K)] 722446K->262764K(1133760K), 0.0097670 secs] [Times: user=0.04 sys=0.00, real=0.01 secs] 
2014-07-07T20:13:35.464+0000: 1883.384: [GC [PSYoungGen: 446758K->1044K(432512K)] 708268K->262692K(1119488K), 0.0165480 secs] [Times: user=0.06 sys=0.00, real=0.01 secs] 
2014-07-07T20:13:37.137+0000: 1885.058: [GC [PSYoungGen: 432439K->1350K(419328K)] 694087K->263038K(1106304K), 0.0114310 secs] [Times: user=0.04 sys=0.01, real=0.01 secs] 
2014-07-07T20:13:38.733+0000: 1886.654: [GC [PSYoungGen: 419270K->626K(405696K)] 680958K->263008K(1092672K), 0.0057260 secs] [Times: user=0.01 sys=0.00, real=0.00 secs] 
2014-07-07T20:13:40.321+0000: 1888.242: [GC [PSYoungGen: 405682K->1496K(394240K)] 668064K->263926K(1081216K), 0.0066030 secs] [Times: user=0.02 sys=0.00, real=0.01 secs] 
2014-07-07T20:13:41.834+0000: 1889.755: [GC [PSYoungGen: 394199K->1086K(381952K)] 656629K->263914K(1068928K), 0.0145620 secs] [Times: user=0.06 sys=0.00, real=0.01 secs] 
2014-07-07T20:13:43.291+0000: 1891.211: [GC [PSYoungGen: 381950K->1254K(370816K)] 644778K->264130K(1057792K), 0.0056260 secs] [Times: user=0.01 sys=0.00, real=0.01 secs] 
2014-07-07T20:13:44.706+0000: 1892.626: [GC [PSYoungGen: 370760K->1012K(359680K)] 633636K->263994K(1046656K), 0.0048080 secs] [Times: user=0.01 sys=0.00, real=0.00 secs] 
2014-07-07T20:13:46.110+0000: 1894.030: [GC [PSYoungGen: 359654K->1076K(349312K)] 622637K->264074K(1036288K), 0.0057100 secs] [Times: user=0.01 sys=0.00, real=0.01 secs] 
2014-07-07T20:13:47.461+0000: 1895.381: [GC [PSYoungGen: 349300K->1076K(339328K)] 612298K->264122K(1026304K), 0.0111260 secs] [Times: user=0.04 sys=0.00, real=0.01 secs] 
2014-07-07T20:13:48.757+0000: 1896.677: [GC [PSYoungGen: 339316K->1644K(330368K)] 602362K->264802K(1017344K), 0.0111610 secs] [Times: user=0.04 sys=0.00, real=0.01 secs] 
2014-07-07T20:13:50.047+0000: 1897.967: [GC [PSYoungGen: 330348K->620K(320192K)] 593506K->264258K(1007168K), 0.0140510 secs] [Times: user=0.05 sys=0.00, real=0.01 secs] 
2014-07-07T20:13:51.284+0000: 1899.204: [GC [PSYoungGen: 320172K->1336K(312064K)] 583810K->264998K(999040K), 0.0119930 secs] [Times: user=0.03 sys=0.00, real=0.02 secs] 
2014-07-07T20:13:52.508+0000: 1900.429: [GC [PSYoungGen: 312056K->1136K(303424K)] 575718K->265002K(990400K), 0.0056080 secs] [Times: user=0.02 sys=0.00, real=0.00 secs] 
2014-07-07T20:13:53.680+0000: 1901.600: [GC [PSYoungGen: 303406K->1357K(295552K)] 567273K->265271K(982528K), 0.0105090 secs] [Times: user=0.04 sys=0.00, real=0.01 secs] 
2014-07-07T20:13:54.827+0000: 1902.748: [GC [PSYoungGen: 295470K->930K(287296K)] 559385K->265120K(974272K), 0.0160370 secs] [Times: user=0.05 sys=0.00, real=0.01 secs] 
2014-07-07T20:13:55.931+0000: 1903.851: [GC [PSYoungGen: 287253K->1144K(344768K)] 551444K->265366K(1031744K), 0.0192840 secs] [Times: user=0.07 sys=0.00, real=0.02 secs] 
2014-07-07T20:13:57.267+0000: 1905.187: [GC [PSYoungGen: 344760K->1158K(413568K)] 608982K->265534K(1100544K), 0.0122900 secs] [Times: user=0.04 sys=0.00, real=0.01 secs] 
2014-07-07T20:13:58.846+0000: 1906.766: [GC [PSYoungGen: 413510K->1076K(400768K)] 677886K->265556K(1087744K), 0.0133590 secs] [Times: user=0.04 sys=0.00, real=0.01 secs] 
2014-07-07T20:14:00.400+0000: 1908.320: [GC [PSYoungGen: 400744K->1086K(388672K)] 665225K->265761K(1075648K), 0.0065380 secs] [Times: user=0.03 sys=0.00, real=0.01 secs] 
2014-07-07T20:14:01.923+0000: 1909.843: [GC [PSYoungGen: 388626K->1172K(377216K)] 653300K->265902K(1064192K), 0.0149650 secs] [Times: user=0.06 sys=0.00, real=0.02 secs] 
2014-07-07T20:14:03.359+0000: 1911.280: [GC [PSYoungGen: 377172K->948K(365824K)] 641902K->265798K(1052800K), 0.0090270 secs] [Times: user=0.03 sys=0.00, real=0.01 secs] 
2014-07-07T20:14:04.754+0000: 1912.674: [GC [PSYoungGen: 365804K->1236K(355456K)] 630654K->266126K(1042432K), 0.0145400 secs] [Times: user=0.05 sys=0.00, real=0.02 secs] 
2014-07-07T20:14:06.138+0000: 1914.058: [GC [PSYoungGen: 355407K->1022K(344960K)] 620297K->266262K(1031936K), 0.0078850 secs] [Times: user=0.01 sys=0.00, real=0.00 secs] 
2014-07-07T20:14:07.457+0000: 1915.377: [GC [PSYoungGen: 344957K->1524K(335680K)] 610198K->266820K(1022656K), 0.0134180 secs] [Times: user=0.05 sys=0.00, real=0.01 secs] 
2014-07-07T20:14:08.728+0000: 1916.649: [GC [PSYoungGen: 335668K->694K(325440K)] 600964K->266905K(1012416K), 0.0054370 secs] [Times: user=0.01 sys=0.00, real=0.00 secs] 
2014-07-07T20:14:09.981+0000: 1917.901: [GC [PSYoungGen: 325430K->1464K(317184K)] 591641K->267731K(1004160K), 0.0050570 secs] [Times: user=0.01 sys=0.00, real=0.00 secs] 
2014-07-07T20:14:11.225+0000: 1919.146: [GC [PSYoungGen: 317176K->1094K(308224K)] 583443K->267613K(995200K), 0.0088570 secs] [Times: user=0.03 sys=0.00, real=0.01 secs] 
2014-07-07T20:14:12.427+0000: 1920.347: [GC [PSYoungGen: 308152K->1140K(299904K)] 574671K->267699K(986880K), 0.0072080 secs] [Times: user=0.02 sys=0.00, real=0.00 secs] 
2014-07-07T20:14:13.575+0000: 1921.496: [GC [PSYoungGen: 299888K->998K(291776K)] 566446K->267573K(978752K), 0.0074590 secs] [Times: user=0.01 sys=0.00, real=0.01 secs] 
2014-07-07T20:14:14.701+0000: 1922.621: [GC [PSYoungGen: 291750K->1364K(284480K)] 558325K->267971K(971456K), 0.0072850 secs] [Times: user=0.01 sys=0.00, real=0.01 secs] 
2014-07-07T20:14:15.807+0000: 1923.727: [GC [PSYoungGen: 284436K->1044K(276800K)] 551043K->267675K(963776K), 0.0048270 secs] [Times: user=0.01 sys=0.00, real=0.01 secs] 
2014-07-07T20:14:16.887+0000: 1924.807: [GC [PSYoungGen: 276732K->1172K(269824K)] 543363K->267835K(956800K), 0.0195910 secs] [Times: user=0.06 sys=0.00, real=0.02 secs] 
2014-07-07T20:14:17.908+0000: 1925.829: [GC [PSYoungGen: 269747K->1044K(262848K)] 536410K->267795K(949824K), 0.0045390 secs] [Times: user=0.00 sys=0.00, real=0.00 secs] 
2014-07-07T20:14:18.901+0000: 1926.821: [GC [PSYoungGen: 262801K->1190K(256384K)] 529552K->268013K(943360K), 0.0085820 secs] [Times: user=0.03 sys=0.00, real=0.01 secs] 
2014-07-07T20:14:19.892+0000: 1927.812: [GC [PSYoungGen: 256313K->1083K(249920K)] 523136K->268108K(936896K), 0.0086750 secs] [Times: user=0.03 sys=0.00, real=0.01 secs] 
2014-07-07T20:14:20.847+0000: 1928.768: [GC [PSYoungGen: 249889K->1464K(244224K)] 516914K->268553K(931200K), 0.0095940 secs] [Times: user=0.03 sys=0.00, real=0.01 secs] 
2014-07-07T20:14:21.808+0000: 1929.728: [GC [PSYoungGen: 244216K->816K(292160K)] 511305K->268191K(979136K), 0.0189680 secs] [Times: user=0.06 sys=0.00, real=0.01 secs] 
2014-07-07T20:14:22.953+0000: 1930.873: [GC [PSYoungGen: 292105K->1094K(350784K)] 559480K->268493K(1037760K), 0.0100840 secs] [Times: user=0.03 sys=0.00, real=0.01 secs] 
2014-07-07T20:14:24.303+0000: 1932.223: [GC [PSYoungGen: 350726K->1328K(340928K)] 618125K->268799K(1027904K), 0.0106930 secs] [Times: user=0.04 sys=0.00, real=0.01 secs] 
2014-07-07T20:14:25.586+0000: 1933.506: [GC [PSYoungGen: 340912K->1200K(331200K)] 608383K->268703K(1018176K), 0.0136130 secs] [Times: user=0.05 sys=0.00, real=0.02 secs] 
2014-07-07T20:14:26.888+0000: 1934.809: [GC [PSYoungGen: 331143K->805K(396864K)] 598646K->268780K(1083840K), 0.0140800 secs] [Times: user=0.05 sys=0.00, real=0.02 secs] 
2014-07-07T20:14:28.451+0000: 1936.371: [GC [PSYoungGen: 396837K->1468K(385536K)] 664812K->269507K(1072512K), 0.0135480 secs] [Times: user=0.05 sys=0.00, real=0.01 secs] 
2014-07-07T20:14:29.924+0000: 1937.845: [GC [PSYoungGen: 385532K->948K(373568K)] 653571K->269411K(1060544K), 0.0125760 secs] [Times: user=0.04 sys=0.00, real=0.01 secs] 
2014-07-07T20:14:31.377+0000: 1939.297: [GC [PSYoungGen: 373528K->1456K(363072K)] 641991K->269967K(1050048K), 0.0059040 secs] [Times: user=0.02 sys=0.00, real=0.01 secs] 
2014-07-07T20:14:32.742+0000: 1940.662: [GC [PSYoungGen: 363056K->948K(352064K)] 631567K->269579K(1039040K), 0.0049280 secs] [Times: user=0.01 sys=0.00, real=0.00 secs] 
2014-07-07T20:14:34.118+0000: 1942.038: [GC [PSYoungGen: 352052K->1392K(342400K)] 620683K->270055K(1029376K), 0.0076880 secs] [Times: user=0.01 sys=0.00, real=0.01 secs] 
2014-07-07T20:14:35.414+0000: 1943.334: [GC [PSYoungGen: 342382K->1128K(332480K)] 611045K->270051K(1019456K), 0.0077440 secs] [Times: user=0.02 sys=0.00, real=0.01 secs] 
2014-07-07T20:14:36.687+0000: 1944.608: [GC [PSYoungGen: 332456K->1172K(398848K)] 601379K->270119K(1085824K), 0.0450940 secs] [Times: user=0.15 sys=0.00, real=0.05 secs] 
2014-07-07T20:14:38.222+0000: 1946.143: [GC [PSYoungGen: 398804K->1150K(478336K)] 667751K->270331K(1165312K), 0.0051250 secs] [Times: user=0.01 sys=0.00, real=0.00 secs] 
2014-07-07T20:14:40.072+0000: 1947.992: [GC [PSYoungGen: 478334K->1204K(462912K)] 747515K->270473K(1149888K), 0.0091420 secs] [Times: user=0.03 sys=0.00, real=0.01 secs] 
2014-07-07T20:14:41.861+0000: 1949.781: [GC [PSYoungGen: 462900K->1004K(447936K)] 732169K->270525K(1134912K), 0.0102980 secs] [Times: user=0.03 sys=0.00, real=0.01 secs] 
2014-07-07T20:14:43.563+0000: 1951.484: [GC [PSYoungGen: 447916K->1364K(537728K)] 717437K->270917K(1224704K), 0.0480760 secs] [Times: user=0.17 sys=0.00, real=0.04 secs] 
2014-07-07T20:14:45.614+0000: 1953.535: [GC [PSYoungGen: 537656K->948K(644544K)] 807210K->270769K(1331520K), 0.0092850 secs] [Times: user=0.04 sys=0.00, real=0.01 secs] 
2014-07-07T20:14:48.121+0000: 1956.041: [GC [PSYoungGen: 644482K->1204K(621824K)] 914304K->271057K(1308800K), 0.0138270 secs] [Times: user=0.05 sys=0.00, real=0.02 secs] 
2014-07-07T20:14:50.511+0000: 1958.431: [GC [PSYoungGen: 621782K->1068K(599808K)] 891635K->271245K(1286784K), 0.0088840 secs] [Times: user=0.03 sys=0.00, real=0.01 secs] 
2014-07-07T20:14:52.807+0000: 1960.728: [GC [PSYoungGen: 599788K->1296K(579200K)] 869965K->271530K(1266176K), 0.0132300 secs] [Times: user=0.04 sys=0.00, real=0.01 secs] 
2014-07-07T20:14:55.039+0000: 1962.959: [GC [PSYoungGen: 579145K->816K(558720K)] 849378K->271309K(1245696K), 0.0039170 secs] [Times: user=0.01 sys=0.00, real=0.00 secs] 
2014-07-07T20:14:57.184+0000: 1965.104: [GC [PSYoungGen: 558704K->1204K(540032K)] 829197K->271729K(1227008K), 0.0066870 secs] [Times: user=0.01 sys=0.00, real=0.01 secs] 
2014-07-07T20:14:59.242+0000: 1967.162: [GC [PSYoungGen: 540011K->1140K(521792K)] 810536K->271785K(1208768K), 0.0125420 secs] [Times: user=0.05 sys=0.00, real=0.02 secs] 
2014-07-07T20:15:01.267+0000: 1969.187: [GC [PSYoungGen: 521780K->1076K(504320K)] 792425K->271801K(1191296K), 0.0245070 secs] [Times: user=0.08 sys=0.00, real=0.02 secs] 
2014-07-07T20:15:03.194+0000: 1971.114: [GC [PSYoungGen: 504308K->888K(487552K)] 775033K->272366K(1174528K), 0.0104260 secs] [Times: user=0.03 sys=0.00, real=0.01 secs] 
2014-07-07T20:15:05.055+0000: 1972.975: [GC [PSYoungGen: 487544K->1422K(472256K)] 759022K->272931K(1159232K), 0.0085920 secs] [Times: user=0.02 sys=0.00, real=0.00 secs] 
2014-07-07T20:15:06.856+0000: 1974.776: [GC [PSYoungGen: 472195K->1012K(456640K)] 743705K->272931K(1143616K), 0.0136360 secs] [Times: user=0.05 sys=0.00, real=0.01 secs] 
2014-07-07T20:15:08.586+0000: 1976.506: [GC [PSYoungGen: 456628K->1140K(442240K)] 728547K->273155K(1129216K), 0.0079760 secs] [Times: user=0.03 sys=0.00, real=0.01 secs] 
2014-07-07T20:15:10.293+0000: 1978.213: [GC [PSYoungGen: 442228K->1076K(428288K)] 714243K->273187K(1115264K), 0.0134870 secs] [Times: user=0.05 sys=0.00, real=0.02 secs] 
2014-07-07T20:15:11.943+0000: 1979.863: [GC [PSYoungGen: 428276K->1204K(415104K)] 700387K->273355K(1102080K), 0.0192820 secs] [Times: user=0.07 sys=0.00, real=0.02 secs] 
2014-07-07T20:15:13.529+0000: 1981.450: [GC [PSYoungGen: 415092K->1200K(402368K)] 687243K->273424K(1089344K), 0.0054880 secs] [Times: user=0.02 sys=0.00, real=0.00 secs] 
2014-07-07T20:15:15.079+0000: 1983.000: [GC [PSYoungGen: 402331K->1254K(390272K)] 674554K->273509K(1077248K), 0.0085730 secs] [Times: user=0.03 sys=0.00, real=0.01 secs] 
2014-07-07T20:15:16.610+0000: 1984.530: [GC [PSYoungGen: 390246K->890K(378240K)] 662501K->273456K(1065216K), 0.0046380 secs] [Times: user=0.01 sys=0.00, real=0.00 secs] 
2014-07-07T20:15:18.080+0000: 1986.001: [GC [PSYoungGen: 378234K->1222K(367424K)] 650800K->273836K(1054400K), 0.0123180 secs] [Times: user=0.04 sys=0.00, real=0.01 secs] 
2014-07-07T20:15:19.490+0000: 1987.410: [GC [PSYoungGen: 367366K->1071K(356544K)] 639980K->274225K(1043520K), 0.0063790 secs] [Times: user=0.03 sys=0.00, real=0.00 secs] 
2014-07-07T20:15:20.859+0000: 1988.779: [GC [PSYoungGen: 356527K->1172K(346432K)] 629681K->274390K(1033408K), 0.0086760 secs] [Times: user=0.01 sys=0.00, real=0.01 secs] 
2014-07-07T20:15:22.214+0000: 1990.134: [GC [PSYoungGen: 346388K->1076K(336448K)] 619606K->274366K(1023424K), 0.0064410 secs] [Times: user=0.03 sys=0.00, real=0.01 secs] 
2014-07-07T20:15:23.490+0000: 1991.410: [GC [PSYoungGen: 336436K->1044K(326976K)] 609726K->274374K(1013952K), 0.0089470 secs] [Times: user=0.03 sys=0.01, real=0.01 secs] 
2014-07-07T20:15:24.755+0000: 1992.675: [GC [PSYoungGen: 326898K->1044K(317888K)] 600228K->274414K(1004864K), 0.0047960 secs] [Times: user=0.01 sys=0.00, real=0.01 secs] 
2014-07-07T20:15:26.001+0000: 1993.921: [GC [PSYoungGen: 317844K->1432K(309568K)] 591214K->274826K(996544K), 0.0246230 secs] [Times: user=0.08 sys=0.00, real=0.02 secs] 
2014-07-07T20:15:27.205+0000: 1995.125: [GC [PSYoungGen: 309528K->808K(300544K)] 582922K->274658K(987520K), 0.0073250 secs] [Times: user=0.03 sys=0.00, real=0.01 secs] 
2014-07-07T20:15:28.353+0000: 1996.273: [GC [PSYoungGen: 300520K->1240K(292992K)] 574370K->275162K(979968K), 0.0106900 secs] [Times: user=0.04 sys=0.00, real=0.01 secs] 
2014-07-07T20:15:29.484+0000: 1997.405: [GC [PSYoungGen: 292913K->1140K(285184K)] 566835K->275314K(972160K), 0.0147230 secs] [Times: user=0.05 sys=0.00, real=0.02 secs] 
2014-07-07T20:15:30.589+0000: 1998.509: [GC [PSYoungGen: 285127K->1140K(342016K)] 559301K->275370K(1028992K), 0.0158020 secs] [Times: user=0.04 sys=0.00, real=0.01 secs] 
2014-07-07T20:15:31.919+0000: 1999.839: [GC [PSYoungGen: 342004K->948K(332160K)] 616234K->275354K(1019136K), 0.0104060 secs] [Times: user=0.04 sys=0.00, real=0.02 secs] 
2014-07-07T20:15:33.188+0000: 2001.108: [GC [PSYoungGen: 332116K->1520K(398976K)] 606522K->276072K(1085952K), 0.0185420 secs] [Times: user=0.06 sys=0.00, real=0.02 secs] 
2014-07-07T20:15:34.713+0000: 2002.634: [GC [PSYoungGen: 398960K->638K(477568K)] 673512K->275636K(1164544K), 0.0148820 secs] [Times: user=0.06 sys=0.00, real=0.01 secs] 
2014-07-07T20:15:36.566+0000: 2004.486: [GC [PSYoungGen: 477566K->1638K(463168K)] 752564K->276684K(1150144K), 0.0090940 secs] [Times: user=0.03 sys=0.00, real=0.01 secs] 
2014-07-07T20:15:38.350+0000: 2006.270: [GC [PSYoungGen: 463142K->1058K(447808K)] 738188K->276542K(1134784K), 0.0084020 secs] [Times: user=0.02 sys=0.00, real=0.00 secs] 
2014-07-07T20:15:40.063+0000: 2007.983: [GC [PSYoungGen: 447778K->1254K(433856K)] 723262K->276810K(1120832K), 0.0227760 secs] [Times: user=0.08 sys=0.00, real=0.02 secs] 
2014-07-07T20:15:41.706+0000: 2009.626: [GC [PSYoungGen: 433830K->1328K(420416K)] 709386K->277014K(1107392K), 0.0064320 secs] [Times: user=0.02 sys=0.00, real=0.01 secs] 
2014-07-07T20:15:43.353+0000: 2011.273: [GC [PSYoungGen: 420400K->1296K(407488K)] 696086K->277030K(1094464K), 0.0182630 secs] [Times: user=0.07 sys=0.00, real=0.02 secs] 
2014-07-07T20:15:44.919+0000: 2012.839: [GC [PSYoungGen: 407440K->948K(394688K)] 683174K->276826K(1081664K), 0.0053280 secs] [Times: user=0.01 sys=0.01, real=0.01 secs] 
2014-07-07T20:15:46.460+0000: 2014.380: [GC [PSYoungGen: 394676K->1204K(383104K)] 670554K->277106K(1070080K), 0.0204530 secs] [Times: user=0.07 sys=0.00, real=0.02 secs] 
2014-07-07T20:15:47.939+0000: 2015.860: [GC [PSYoungGen: 383016K->1325K(459648K)] 658918K->277363K(1146624K), 0.0488730 secs] [Times: user=0.17 sys=0.00, real=0.05 secs] 
2014-07-07T20:15:49.713+0000: 2017.633: [GC [PSYoungGen: 459629K->1140K(551168K)] 735667K->277258K(1238144K), 0.0225600 secs] [Times: user=0.07 sys=0.00, real=0.02 secs] 
2014-07-07T20:15:51.836+0000: 2019.756: [GC [PSYoungGen: 551120K->1001K(661056K)] 827239K->277389K(1348032K), 0.0086400 secs] [Times: user=0.02 sys=0.00, real=0.01 secs] 
2014-07-07T20:15:54.390+0000: 2022.310: [GC [PSYoungGen: 661033K->1172K(637568K)] 937421K->277616K(1324544K), 0.0098630 secs] [Times: user=0.03 sys=0.00, real=0.01 secs] 
2014-07-07T20:15:56.874+0000: 2024.794: [GC [PSYoungGen: 637524K->1135K(614912K)] 913968K->278077K(1301888K), 0.0116800 secs] [Times: user=0.04 sys=0.00, real=0.01 secs] 
2014-07-07T20:15:59.263+0000: 2027.183: [GC [PSYoungGen: 614895K->1346K(593600K)] 891837K->278352K(1280576K), 0.0192790 secs] [Times: user=0.07 sys=0.00, real=0.02 secs] 
2014-07-07T20:16:01.562+0000: 2029.482: [GC [PSYoungGen: 593538K->954K(572544K)] 870544K->278384K(1259520K), 0.0046420 secs] [Times: user=0.02 sys=0.00, real=0.01 secs] 
2014-07-07T20:16:03.729+0000: 2031.650: [GC [PSYoungGen: 572538K->1264K(553216K)] 849968K->278750K(1240192K), 0.0124920 secs] [Times: user=0.04 sys=0.00, real=0.01 secs] 
2014-07-07T20:16:05.860+0000: 2033.780: [GC [PSYoungGen: 553200K->1232K(534464K)] 830686K->278766K(1221440K), 0.0129460 secs] [Times: user=0.05 sys=0.00, real=0.01 secs] 
2014-07-07T20:16:07.887+0000: 2035.807: [GC [PSYoungGen: 534416K->1236K(516544K)] 811950K->278802K(1203520K), 0.0158270 secs] [Times: user=0.04 sys=0.00, real=0.01 secs] 
2014-07-07T20:16:09.902+0000: 2037.822: [GC [PSYoungGen: 516480K->805K(498944K)] 794047K->278933K(1185920K), 0.0124650 secs] [Times: user=0.04 sys=0.01, real=0.01 secs] 
2014-07-07T20:16:11.839+0000: 2039.759: [GC [PSYoungGen: 498911K->1528K(483264K)] 777039K->279696K(1170240K), 0.0292360 secs] [Times: user=0.10 sys=0.00, real=0.03 secs] 
2014-07-07T20:16:13.711+0000: 2041.631: [GC [PSYoungGen: 483220K->1001K(467072K)] 761388K->279554K(1154048K), 0.0080060 secs] [Times: user=0.03 sys=0.00, real=0.01 secs] 
2014-07-07T20:16:15.536+0000: 2043.457: [GC [PSYoungGen: 467049K->1172K(452288K)] 745602K->279772K(1139264K), 0.0142210 secs] [Times: user=0.05 sys=0.00, real=0.01 secs] 
2014-07-07T20:16:17.292+0000: 2045.212: [GC [PSYoungGen: 452242K->1122K(437888K)] 730843K->279908K(1124864K), 0.0098900 secs] [Times: user=0.02 sys=0.00, real=0.01 secs] 
2014-07-07T20:16:18.990+0000: 2046.910: [GC [PSYoungGen: 437858K->1286K(424384K)] 716644K->280176K(1111360K), 0.0115640 secs] [Times: user=0.04 sys=0.00, real=0.01 secs] 
2014-07-07T20:16:20.623+0000: 2048.543: [GC [PSYoungGen: 424326K->866K(410816K)] 703216K->280048K(1097792K), 0.0052130 secs] [Times: user=0.01 sys=0.00, real=0.01 secs] 
2014-07-07T20:16:22.215+0000: 2050.135: [GC [PSYoungGen: 410786K->1460K(398848K)] 689968K->280691K(1085824K), 0.0101490 secs] [Times: user=0.04 sys=0.00, real=0.01 secs] 
2014-07-07T20:16:23.745+0000: 2051.665: [GC [PSYoungGen: 398830K->890K(386240K)] 678061K->280553K(1073216K), 0.0091210 secs] [Times: user=0.02 sys=0.00, real=0.01 secs] 
2014-07-07T20:16:25.260+0000: 2053.181: [GC [PSYoungGen: 386205K->1108K(374976K)] 665867K->280811K(1061952K), 0.0127080 secs] [Times: user=0.04 sys=0.00, real=0.01 secs] 
2014-07-07T20:16:26.675+0000: 2054.595: [GC [PSYoungGen: 374932K->1200K(364032K)] 654635K->281063K(1051008K), 0.0244190 secs] [Times: user=0.08 sys=0.00, real=0.03 secs] 
2014-07-07T20:16:28.117+0000: 2056.037: [GC [PSYoungGen: 364016K->1108K(353408K)] 643879K->281051K(1040384K), 0.0153590 secs] [Times: user=0.06 sys=0.00, real=0.02 secs] 
2014-07-07T20:16:29.495+0000: 2057.415: [GC [PSYoungGen: 353294K->883K(343040K)] 633237K->281284K(1030016K), 0.0099610 secs] [Times: user=0.03 sys=0.00, real=0.01 secs] 
2014-07-07T20:16:30.796+0000: 2058.716: [GC [PSYoungGen: 343027K->1570K(334016K)] 623428K->282131K(1020992K), 0.0098140 secs] [Times: user=0.04 sys=0.00, real=0.01 secs] 
2014-07-07T20:16:32.106+0000: 2060.027: [GC [PSYoungGen: 333965K->752K(323840K)] 614526K->281763K(1010816K), 0.0092790 secs] [Times: user=0.03 sys=0.00, real=0.01 secs] 
2014-07-07T20:16:33.351+0000: 2061.271: [GC [PSYoungGen: 323824K->1254K(315392K)] 604835K->282321K(1002368K), 0.0131720 secs] [Times: user=0.05 sys=0.00, real=0.01 secs] 
2014-07-07T20:16:34.576+0000: 2062.496: [GC [PSYoungGen: 315366K->1272K(306816K)] 596433K->282493K(993792K), 0.0126110 secs] [Times: user=0.05 sys=0.00, real=0.01 secs] 
2014-07-07T20:16:35.736+0000: 2063.656: [GC [PSYoungGen: 306762K->1108K(298432K)] 587983K->282369K(985408K), 0.0057590 secs] [Times: user=0.02 sys=0.00, real=0.01 secs] 
2014-07-07T20:16:36.898+0000: 2064.818: [GC [PSYoungGen: 298388K->948K(290304K)] 579649K->282369K(977280K), 0.0118490 secs] [Times: user=0.04 sys=0.00, real=0.02 secs] 
2014-07-07T20:16:38.023+0000: 2065.943: [GC [PSYoungGen: 290292K->1172K(282944K)] 571713K->282665K(969920K), 0.0140550 secs] [Times: user=0.04 sys=0.00, real=0.01 secs] 
2014-07-07T20:16:39.121+0000: 2067.041: [GC [PSYoungGen: 282900K->1208K(275648K)] 564393K->282861K(962624K), 0.0085610 secs] [Times: user=0.03 sys=0.00, real=0.01 secs] 
2014-07-07T20:16:40.206+0000: 2068.126: [GC [PSYoungGen: 275640K->1204K(268608K)] 557293K->282905K(955584K), 0.0135660 secs] [Times: user=0.05 sys=0.00, real=0.01 secs] 
2014-07-07T20:16:41.227+0000: 2069.147: [GC [PSYoungGen: 268596K->948K(261568K)] 550297K->282745K(948544K), 0.0063280 secs] [Times: user=0.02 sys=0.00, real=0.01 secs] 
2014-07-07T20:16:42.226+0000: 2070.146: [GC [PSYoungGen: 261519K->1392K(255488K)] 543316K->283229K(942464K), 0.0046060 secs] [Times: user=0.02 sys=0.00, real=0.01 secs] 
2014-07-07T20:16:43.204+0000: 2071.124: [GC [PSYoungGen: 255472K->1012K(248832K)] 537309K->282921K(935808K), 0.0042450 secs] [Times: user=0.01 sys=0.00, real=0.00 secs] 
2014-07-07T20:16:44.155+0000: 2072.075: [GC [PSYoungGen: 248802K->1236K(243072K)] 530711K->283177K(930048K), 0.0066710 secs] [Times: user=0.01 sys=0.01, real=0.01 secs] 
2014-07-07T20:16:45.092+0000: 2073.012: [GC [PSYoungGen: 243016K->1076K(237056K)] 524957K->283201K(924032K), 0.0050850 secs] [Times: user=0.01 sys=0.00, real=0.00 secs] 
2014-07-07T20:16:46.029+0000: 2073.950: [GC [PSYoungGen: 237044K->1268K(231616K)] 519169K->283433K(918592K), 0.0086700 secs] [Times: user=0.03 sys=0.00, real=0.01 secs] 
2014-07-07T20:16:46.926+0000: 2074.846: [GC [PSYoungGen: 231604K->880K(225856K)] 513769K->283361K(912832K), 0.0097270 secs] [Times: user=0.03 sys=0.00, real=0.01 secs] 
2014-07-07T20:16:47.808+0000: 2075.728: [GC [PSYoungGen: 225840K->1200K(220992K)] 508321K->283729K(907968K), 0.0093850 secs] [Times: user=0.01 sys=0.00, real=0.01 secs] 
2014-07-07T20:16:48.662+0000: 2076.582: [GC [PSYoungGen: 220976K->996K(264768K)] 503505K->283941K(951744K), 0.0156570 secs] [Times: user=0.05 sys=0.00, real=0.01 secs] 
2014-07-07T20:16:49.728+0000: 2077.648: [GC [PSYoungGen: 264740K->1190K(258304K)] 547685K->284191K(945280K), 0.0077740 secs] [Times: user=0.03 sys=0.00, real=0.01 secs] 
2014-07-07T20:16:50.732+0000: 2078.652: [GC [PSYoungGen: 258278K->866K(309440K)] 541279K->284145K(996416K), 0.0150070 secs] [Times: user=0.05 sys=0.00, real=0.01 secs] 
2014-07-07T20:16:51.936+0000: 2079.856: [GC [PSYoungGen: 309399K->1371K(371712K)] 592678K->284682K(1058688K), 0.0135560 secs] [Times: user=0.05 sys=0.00, real=0.01 secs] 
2014-07-07T20:16:53.379+0000: 2081.299: [GC [PSYoungGen: 371675K->805K(445248K)] 654986K->284548K(1132224K), 0.0245960 secs] [Times: user=0.09 sys=0.00, real=0.03 secs] 
2014-07-07T20:16:55.122+0000: 2083.042: [GC [PSYoungGen: 445147K->1527K(534848K)] 728891K->285559K(1221824K), 0.0312040 secs] [Times: user=0.11 sys=0.00, real=0.03 secs] 
2014-07-07T20:16:57.215+0000: 2085.135: [GC [PSYoungGen: 534839K->752K(640768K)] 818871K->285311K(1327744K), 0.0141150 secs] [Times: user=0.05 sys=0.00, real=0.01 secs] 
2014-07-07T20:16:59.698+0000: 2087.618: [GC [PSYoungGen: 640752K->1620K(618880K)] 925311K->286302K(1305856K), 0.0057920 secs] [Times: user=0.01 sys=0.00, real=0.01 secs] 
2014-07-07T20:17:02.128+0000: 2090.049: [GC [PSYoungGen: 618836K->948K(596416K)] 903518K->286017K(1283392K), 0.0130660 secs] [Times: user=0.04 sys=0.00, real=0.01 secs] 
2014-07-07T20:17:04.436+0000: 2092.356: [GC [PSYoungGen: 596398K->1168K(575936K)] 881467K->286262K(1262912K), 0.0085990 secs] [Times: user=0.01 sys=0.00, real=0.01 secs] 
2014-07-07T20:17:06.650+0000: 2094.570: [GC [PSYoungGen: 575888K->1012K(555968K)] 860982K->286153K(1242944K), 0.0053710 secs] [Times: user=0.01 sys=0.01, real=0.01 secs] 
2014-07-07T20:17:08.808+0000: 2096.728: [GC [PSYoungGen: 555941K->1378K(537408K)] 841083K->286592K(1224384K), 0.0038650 secs] [Times: user=0.01 sys=0.00, real=0.00 secs] 
2014-07-07T20:17:10.891+0000: 2098.811: [GC [PSYoungGen: 537352K->1086K(519040K)] 822565K->286517K(1206016K), 0.0111430 secs] [Times: user=0.04 sys=0.00, real=0.01 secs] 
2014-07-07T20:17:12.882+0000: 2100.802: [GC [PSYoungGen: 519038K->1346K(502080K)] 804469K->286826K(1189056K), 0.0050390 secs] [Times: user=0.01 sys=0.00, real=0.01 secs] 
2014-07-07T20:17:14.871+0000: 2102.792: [GC [PSYoungGen: 502018K->866K(485056K)] 787498K->286549K(1172032K), 0.0053260 secs] [Times: user=0.01 sys=0.00, real=0.01 secs] 
2014-07-07T20:17:16.735+0000: 2104.655: [GC [PSYoungGen: 485026K->1172K(469632K)] 770709K->286871K(1156608K), 0.0056950 secs] [Times: user=0.01 sys=0.00, real=0.00 secs] 
2014-07-07T20:17:18.574+0000: 2106.494: [GC [PSYoungGen: 469588K->1076K(454400K)] 755287K->286863K(1141376K), 0.0061590 secs] [Times: user=0.01 sys=0.00, real=0.01 secs] 
2014-07-07T20:17:20.310+0000: 2108.230: [GC [PSYoungGen: 454388K->1644K(440576K)] 740175K->287576K(1127552K), 0.0166020 secs] [Times: user=0.04 sys=0.00, real=0.02 secs] 
2014-07-07T20:17:21.995+0000: 2109.916: [GC [PSYoungGen: 440556K->612K(425728K)] 726488K->287204K(1112704K), 0.0257650 secs] [Times: user=0.09 sys=0.00, real=0.03 secs] 
2014-07-07T20:17:23.665+0000: 2111.585: [GC [PSYoungGen: 425700K->1550K(413504K)] 712292K->288182K(1100480K), 0.0102000 secs] [Times: user=0.03 sys=0.00, real=0.01 secs] 
2014-07-07T20:17:25.235+0000: 2113.155: [GC [PSYoungGen: 413408K->1378K(400704K)] 700040K->288428K(1087680K), 0.0093200 secs] [Times: user=0.03 sys=0.00, real=0.01 secs] 
2014-07-07T20:17:26.793+0000: 2114.713: [GC [PSYoungGen: 400674K->1232K(388480K)] 687724K->288322K(1075456K), 0.0077930 secs] [Times: user=0.01 sys=0.01, real=0.01 secs] 
2014-07-07T20:17:28.298+0000: 2116.218: [GC [PSYoungGen: 388391K->1211K(376832K)] 675481K->288505K(1063808K), 0.0168250 secs] [Times: user=0.06 sys=0.00, real=0.01 secs] 
2014-07-07T20:17:29.764+0000: 2117.684: [GC [PSYoungGen: 376827K->1168K(365696K)] 664121K->288526K(1052672K), 0.0085740 secs] [Times: user=0.01 sys=0.00, real=0.01 secs] 
2014-07-07T20:17:31.209+0000: 2119.129: [GC [PSYoungGen: 365648K->1136K(355008K)] 653006K->288534K(1041984K), 0.0220860 secs] [Times: user=0.07 sys=0.00, real=0.02 secs] 
2014-07-07T20:17:32.569+0000: 2120.490: [GC [PSYoungGen: 354963K->1044K(425728K)] 642361K->288466K(1112704K), 0.0202530 secs] [Times: user=0.07 sys=0.00, real=0.02 secs] 
2014-07-07T20:17:34.253+0000: 2122.173: [GC [PSYoungGen: 425684K->1076K(412544K)] 713106K->288522K(1099520K), 0.0110760 secs] [Times: user=0.03 sys=0.00, real=0.01 secs] 
2014-07-07T20:17:35.839+0000: 2123.760: [GC [PSYoungGen: 412499K->1012K(399872K)] 699945K->288490K(1086848K), 0.0109970 secs] [Times: user=0.03 sys=0.00, real=0.01 secs] 
2014-07-07T20:17:37.391+0000: 2125.311: [GC [PSYoungGen: 399857K->1126K(387904K)] 687335K->288628K(1074880K), 0.0051040 secs] [Times: user=0.01 sys=0.00, real=0.00 secs] 
2014-07-07T20:17:38.897+0000: 2126.818: [GC [PSYoungGen: 387839K->1410K(376640K)] 675341K->289016K(1063616K), 0.0054750 secs] [Times: user=0.01 sys=0.00, real=0.01 secs] 
2014-07-07T20:17:40.358+0000: 2128.278: [GC [PSYoungGen: 376578K->1004K(365120K)] 664184K->288806K(1052096K), 0.0049180 secs] [Times: user=0.02 sys=0.00, real=0.01 secs] 
2014-07-07T20:17:41.765+0000: 2129.685: [GC [PSYoungGen: 365100K->1044K(354560K)] 652902K->288886K(1041536K), 0.0174840 secs] [Times: user=0.06 sys=0.00, real=0.02 secs] 
2014-07-07T20:17:43.147+0000: 2131.067: [GC [PSYoungGen: 354516K->1513K(344832K)] 642358K->289459K(1031808K), 0.0117050 secs] [Times: user=0.04 sys=0.00, real=0.02 secs] 
2014-07-07T20:17:44.483+0000: 2132.404: [GC [PSYoungGen: 344809K->1232K(334784K)] 632755K->289202K(1021760K), 0.0137270 secs] [Times: user=0.05 sys=0.00, real=0.01 secs] 
2014-07-07T20:17:45.781+0000: 2133.701: [GC [PSYoungGen: 334736K->948K(325120K)] 622706K->289210K(1012096K), 0.0190410 secs] [Times: user=0.07 sys=0.00, real=0.02 secs] 
2014-07-07T20:17:47.069+0000: 2134.989: [GC [PSYoungGen: 325076K->1140K(390144K)] 613338K->289426K(1077120K), 0.0141040 secs] [Times: user=0.05 sys=0.00, real=0.02 secs] 
2014-07-07T20:17:48.578+0000: 2136.499: [GC [PSYoungGen: 390132K->1044K(378432K)] 678418K->289450K(1065408K), 0.0050510 secs] [Times: user=0.01 sys=0.00, real=0.01 secs] 
2014-07-07T20:17:50.081+0000: 2138.001: [GC [PSYoungGen: 378388K->1356K(367552K)] 666794K->289834K(1054528K), 0.0061270 secs] [Times: user=0.01 sys=0.00, real=0.00 secs] 
2014-07-07T20:17:51.501+0000: 2139.421: [GC [PSYoungGen: 367500K->976K(356480K)] 655978K->289610K(1043456K), 0.0186930 secs] [Times: user=0.06 sys=0.00, real=0.02 secs] 
2014-07-07T20:17:52.901+0000: 2140.821: [GC [PSYoungGen: 356432K->1140K(346368K)] 645066K->289822K(1033344K), 0.0104730 secs] [Times: user=0.04 sys=0.00, real=0.02 secs] 
2014-07-07T20:17:54.256+0000: 2142.177: [GC [PSYoungGen: 346356K->1108K(336512K)] 635038K->289822K(1023488K), 0.0151740 secs] [Times: user=0.05 sys=0.01, real=0.02 secs] 
2014-07-07T20:17:55.533+0000: 2143.453: [GC [PSYoungGen: 336468K->1644K(327552K)] 625182K->290407K(1014528K), 0.0092290 secs] [Times: user=0.03 sys=0.00, real=0.01 secs] 
2014-07-07T20:17:56.824+0000: 2144.744: [GC [PSYoungGen: 327528K->556K(317376K)] 616291K->289904K(1004352K), 0.0124860 secs] [Times: user=0.05 sys=0.00, real=0.01 secs] 
2014-07-07T20:17:58.107+0000: 2146.027: [GC [PSYoungGen: 317356K->1684K(309824K)] 606704K->291080K(996800K), 0.0155800 secs] [Times: user=0.05 sys=0.00, real=0.02 secs] 
2014-07-07T20:17:59.297+0000: 2147.217: [GC [PSYoungGen: 309754K->1324K(371072K)] 599151K->291077K(1058048K), 0.0155970 secs] [Times: user=0.06 sys=0.00, real=0.02 secs] 
2014-07-07T20:18:00.728+0000: 2148.648: [GC [PSYoungGen: 371048K->1200K(360064K)] 660801K->290985K(1047040K), 0.0106620 secs] [Times: user=0.04 sys=0.00, real=0.01 secs] 
2014-07-07T20:18:02.146+0000: 2150.066: [GC [PSYoungGen: 360048K->1332K(349760K)] 649833K->291172K(1036736K), 0.0059260 secs] [Times: user=0.02 sys=0.00, real=0.00 secs] 
2014-07-07T20:18:03.505+0000: 2151.425: [GC [PSYoungGen: 349728K->980K(339456K)] 639568K->290860K(1026432K), 0.0058850 secs] [Times: user=0.01 sys=0.00, real=0.00 secs] 
2014-07-07T20:18:04.825+0000: 2152.745: [GC [PSYoungGen: 339412K->1140K(329984K)] 629292K->291052K(1016960K), 0.0151830 secs] [Times: user=0.06 sys=0.00, real=0.01 secs] 
2014-07-07T20:18:06.095+0000: 2154.015: [GC [PSYoungGen: 329904K->1229K(320896K)] 619816K->291173K(1007872K), 0.0163830 secs] [Times: user=0.06 sys=0.00, real=0.01 secs] 
2014-07-07T20:18:07.351+0000: 2155.272: [GC [PSYoungGen: 320797K->1204K(312000K)] 610742K->291196K(998976K), 0.0083980 secs] [Times: user=0.03 sys=0.00, real=0.01 secs] 
2014-07-07T20:18:08.550+0000: 2156.470: [GC [PSYoungGen: 311988K->1012K(303360K)] 601980K->291084K(990336K), 0.0058690 secs] [Times: user=0.01 sys=0.01, real=0.01 secs] 
2014-07-07T20:18:09.722+0000: 2157.643: [GC [PSYoungGen: 303348K->1044K(295296K)] 593420K->291172K(982272K), 0.0063700 secs] [Times: user=0.03 sys=0.00, real=0.01 secs] 
2014-07-07T20:18:10.844+0000: 2158.764: [GC [PSYoungGen: 295216K->1414K(287872K)] 585344K->291590K(974848K), 0.0189190 secs] [Times: user=0.06 sys=0.00, real=0.01 secs] 
2014-07-07T20:18:11.949+0000: 2159.869: [GC [PSYoungGen: 287735K->951K(344640K)] 577911K->291562K(1031616K), 0.0161840 secs] [Times: user=0.05 sys=0.00, real=0.02 secs] 
2014-07-07T20:18:13.329+0000: 2161.249: [GC [PSYoungGen: 344631K->1204K(413632K)] 635242K->291871K(1100608K), 0.0198020 secs] [Times: user=0.07 sys=0.00, real=0.02 secs] 
2014-07-07T20:18:14.961+0000: 2162.881: [GC [PSYoungGen: 413618K->1453K(496384K)] 704285K->292183K(1183360K), 0.0140230 secs] [Times: user=0.05 sys=0.00, real=0.02 secs] 
2014-07-07T20:18:16.893+0000: 2164.813: [GC [PSYoungGen: 496365K->1172K(479872K)] 787095K->291943K(1166848K), 0.0116970 secs] [Times: user=0.04 sys=0.00, real=0.02 secs] 
2014-07-07T20:18:18.753+0000: 2166.673: [GC [PSYoungGen: 479801K->816K(463936K)] 770572K->292035K(1150912K), 0.0095300 secs] [Times: user=0.03 sys=0.00, real=0.01 secs] 
2014-07-07T20:18:20.555+0000: 2168.475: [GC [PSYoungGen: 463920K->1450K(449728K)] 755139K->292741K(1136704K), 0.0133290 secs] [Times: user=0.04 sys=0.00, real=0.02 secs] 
2014-07-07T20:18:22.299+0000: 2170.219: [GC [PSYoungGen: 449706K->1072K(435136K)] 740997K->292813K(1122112K), 0.0104550 secs] [Times: user=0.02 sys=0.01, real=0.01 secs] 
2014-07-07T20:18:23.984+0000: 2171.904: [GC [PSYoungGen: 435119K->1418K(421952K)] 726861K->293199K(1108928K), 0.0073960 secs] [Times: user=0.03 sys=0.00, real=0.01 secs] 
2014-07-07T20:18:25.614+0000: 2173.534: [GC [PSYoungGen: 421848K->1076K(408576K)] 713629K->293077K(1095552K), 0.0076820 secs] [Times: user=0.03 sys=0.00, real=0.01 secs] 
2014-07-07T20:18:27.229+0000: 2175.150: [GC [PSYoungGen: 408564K->1456K(396480K)] 700565K->293513K(1083456K), 0.0107270 secs] [Times: user=0.03 sys=0.00, real=0.01 secs] 
2014-07-07T20:18:28.745+0000: 2176.666: [GC [PSYoungGen: 396464K->954K(384064K)] 688521K->293353K(1071040K), 0.0153500 secs] [Times: user=0.06 sys=0.00, real=0.02 secs] 
2014-07-07T20:18:30.254+0000: 2178.174: [GC [PSYoungGen: 384058K->1094K(372864K)] 676457K->293541K(1059840K), 0.0218890 secs] [Times: user=0.08 sys=0.00, real=0.02 secs] 
2014-07-07T20:18:31.695+0000: 2179.615: [GC [PSYoungGen: 372806K->1286K(362112K)] 665253K->293839K(1049088K), 0.0147510 secs] [Times: user=0.06 sys=0.00, real=0.02 secs] 
2014-07-07T20:18:33.096+0000: 2181.016: [GC [PSYoungGen: 361959K->1332K(351616K)] 654512K->293925K(1038592K), 0.0081400 secs] [Times: user=0.03 sys=0.00, real=0.01 secs] 
2014-07-07T20:18:34.485+0000: 2182.405: [GC [PSYoungGen: 351604K->688K(340928K)] 644197K->293970K(1027904K), 0.0110730 secs] [Times: user=0.03 sys=0.00, real=0.01 secs] 
2014-07-07T20:18:35.799+0000: 2183.719: [GC [PSYoungGen: 340872K->1418K(332032K)] 634154K->294732K(1019008K), 0.0122780 secs] [Times: user=0.05 sys=0.00, real=0.01 secs] 
2014-07-07T20:18:37.102+0000: 2185.022: [GC [PSYoungGen: 331978K->1204K(397888K)] 625292K->294772K(1084864K), 0.0249370 secs] [Times: user=0.08 sys=0.00, real=0.02 secs] 
2014-07-07T20:18:38.657+0000: 2186.577: [GC [PSYoungGen: 397876K->1396K(477440K)] 691444K->295060K(1164416K), 0.0302370 secs] [Times: user=0.10 sys=0.00, real=0.03 secs] 
2014-07-07T20:18:40.526+0000: 2188.446: [GC [PSYoungGen: 477381K->752K(572032K)] 771046K->294756K(1259008K), 0.0106390 secs] [Times: user=0.03 sys=0.00, real=0.01 secs] 
2014-07-07T20:18:42.753+0000: 2190.673: [GC [PSYoungGen: 572016K->1354K(686976K)] 866020K->295473K(1373952K), 0.0160140 secs] [Times: user=0.05 sys=0.00, real=0.02 secs] 
2014-07-07T20:18:45.422+0000: 2193.343: [GC [PSYoungGen: 686922K->1204K(661888K)] 981041K->295585K(1348864K), 0.0093060 secs] [Times: user=0.03 sys=0.00, real=0.01 secs] 
2014-07-07T20:18:47.931+0000: 2195.851: [GC [PSYoungGen: 661876K->1360K(638336K)] 956257K->295781K(1325312K), 0.0284510 secs] [Times: user=0.10 sys=0.00, real=0.03 secs] 
2014-07-07T20:18:50.397+0000: 2198.317: [GC [PSYoungGen: 638288K->752K(615040K)] 932709K->295553K(1302016K), 0.0110980 secs] [Times: user=0.04 sys=0.00, real=0.01 secs] 
2014-07-07T20:18:52.748+0000: 2200.668: [GC [PSYoungGen: 615024K->1208K(593856K)] 909825K->296073K(1280832K), 0.0099440 secs] [Times: user=0.04 sys=0.00, real=0.01 secs] 
2014-07-07T20:18:55.068+0000: 2202.989: [GC [PSYoungGen: 593848K->1364K(573440K)] 888713K->296433K(1260416K), 0.0075600 secs] [Times: user=0.01 sys=0.00, real=0.01 secs] 
2014-07-07T20:18:57.300+0000: 2205.220: [GC [PSYoungGen: 573396K->1268K(553600K)] 868465K->296377K(1240576K), 0.0088920 secs] [Times: user=0.03 sys=0.00, real=0.01 secs] 
2014-07-07T20:18:59.400+0000: 2207.320: [GC [PSYoungGen: 553588K->702K(534208K)] 848697K->296421K(1221184K), 0.0156340 secs] [Times: user=0.06 sys=0.01, real=0.02 secs] 
2014-07-07T20:19:01.490+0000: 2209.410: [GC [PSYoungGen: 534204K->1240K(516800K)] 829924K->297031K(1203776K), 0.0042120 secs] [Times: user=0.02 sys=0.00, real=0.01 secs] 
2014-07-07T20:19:03.491+0000: 2211.411: [GC [PSYoungGen: 516760K->1012K(499392K)] 812551K->297007K(1186368K), 0.0060800 secs] [Times: user=0.01 sys=0.01, real=0.00 secs] 
2014-07-07T20:19:05.440+0000: 2213.360: [GC [PSYoungGen: 499366K->1442K(483456K)] 795361K->297485K(1170432K), 0.0125280 secs] [Times: user=0.04 sys=0.00, real=0.02 secs] 
2014-07-07T20:19:07.294+0000: 2215.214: [GC [PSYoungGen: 483410K->752K(467072K)] 779454K->297183K(1154048K), 0.0166340 secs] [Times: user=0.05 sys=0.00, real=0.01 secs] 
2014-07-07T20:19:09.122+0000: 2217.042: [GC [PSYoungGen: 467015K->1428K(452800K)] 763446K->297924K(1139776K), 0.0144930 secs] [Times: user=0.04 sys=0.00, real=0.02 secs] 
2014-07-07T20:19:10.879+0000: 2218.799: [GC [PSYoungGen: 452756K->1012K(438016K)] 749252K->298035K(1124992K), 0.0102150 secs] [Times: user=0.04 sys=0.00, real=0.01 secs] 
2014-07-07T20:19:12.564+0000: 2220.484: [GC [PSYoungGen: 438004K->1012K(424320K)] 735027K->298083K(1111296K), 0.0053250 secs] [Times: user=0.02 sys=0.00, real=0.00 secs] 
2014-07-07T20:19:14.213+0000: 2222.133: [GC [PSYoungGen: 424265K->1076K(411264K)] 721336K->298195K(1098240K), 0.0054870 secs] [Times: user=0.01 sys=0.00, real=0.01 secs] 
2014-07-07T20:19:15.824+0000: 2223.745: [GC [PSYoungGen: 411250K->1076K(398720K)] 708369K->298235K(1085696K), 0.0170530 secs] [Times: user=0.06 sys=0.00, real=0.01 secs] 
2014-07-07T20:19:17.385+0000: 2225.305: [GC [PSYoungGen: 398708K->1332K(386944K)] 695867K->298531K(1073920K), 0.0118600 secs] [Times: user=0.04 sys=0.00, real=0.01 secs] 
2014-07-07T20:19:18.883+0000: 2226.803: [GC [PSYoungGen: 386920K->1456K(375552K)] 684119K->298768K(1062528K), 0.0104020 secs] [Times: user=0.02 sys=0.00, real=0.01 secs] 
2014-07-07T20:19:20.363+0000: 2228.283: [GC [PSYoungGen: 375513K->673K(363712K)] 672825K->298606K(1050688K), 0.0227220 secs] [Times: user=0.08 sys=0.00, real=0.03 secs] 
2014-07-07T20:19:21.761+0000: 2229.681: [GC [PSYoungGen: 363681K->1176K(353664K)] 661614K->299141K(1040640K), 0.0155480 secs] [Times: user=0.06 sys=0.00, real=0.02 secs] 
2014-07-07T20:19:23.142+0000: 2231.063: [GC [PSYoungGen: 353624K->1424K(343744K)] 651589K->299610K(1030720K), 0.0127490 secs] [Times: user=0.05 sys=0.00, real=0.02 secs] 
2014-07-07T20:19:24.505+0000: 2232.426: [GC [PSYoungGen: 343696K->1076K(411840K)] 641882K->299285K(1098816K), 0.0238350 secs] [Times: user=0.09 sys=0.00, real=0.02 secs] 
2014-07-07T20:19:26.105+0000: 2234.026: [GC [PSYoungGen: 411827K->930K(493888K)] 710037K->299253K(1180864K), 0.0185390 secs] [Times: user=0.05 sys=0.00, real=0.01 secs] 
2014-07-07T20:19:28.017+0000: 2235.937: [GC [PSYoungGen: 493858K->1236K(592832K)] 792181K->299615K(1279808K), 0.0199050 secs] [Times: user=0.07 sys=0.00, real=0.02 secs] 
2014-07-07T20:19:30.321+0000: 2238.241: [GC [PSYoungGen: 592788K->1132K(711040K)] 891167K->299716K(1398016K), 0.0346160 secs] [Times: user=0.12 sys=0.01, real=0.04 secs] 
2014-07-07T20:19:33.079+0000: 2240.999: [GC [PSYoungGen: 710975K->1236K(853184K)] 1009559K->299884K(1540160K), 0.0141170 secs] [Times: user=0.05 sys=0.00, real=0.01 secs] 
2014-07-07T20:19:36.417+0000: 2244.337: [GC [PSYoungGen: 853094K->816K(820096K)] 1151742K->299756K(1507072K), 0.0147660 secs] [Times: user=0.06 sys=0.00, real=0.01 secs] 
2014-07-07T20:19:39.594+0000: 2247.515: [GC [PSYoungGen: 820043K->1336K(789504K)] 1118983K->300356K(1476480K), 0.0201900 secs] [Times: user=0.06 sys=0.00, real=0.02 secs] 
2014-07-07T20:19:42.660+0000: 2250.580: [GC [PSYoungGen: 789496K->1086K(759552K)] 1088516K->300480K(1446528K), 0.0096130 secs] [Times: user=0.01 sys=0.00, real=0.01 secs] 
2014-07-07T20:19:45.628+0000: 2253.548: [GC [PSYoungGen: 759550K->1325K(731520K)] 1058944K->300767K(1418496K), 0.0097100 secs] [Times: user=0.04 sys=0.00, real=0.01 secs] 
2014-07-07T20:19:48.467+0000: 2256.387: [GC [PSYoungGen: 731501K->958K(704192K)] 1030943K->300662K(1391168K), 0.0190770 secs] [Times: user=0.07 sys=0.00, real=0.02 secs] 
2014-07-07T20:19:51.227+0000: 2259.148: [GC [PSYoungGen: 704180K->1350K(678912K)] 1003884K->301190K(1365888K), 0.0104460 secs] [Times: user=0.02 sys=0.00, real=0.01 secs] 
2014-07-07T20:19:53.862+0000: 2261.782: [GC [PSYoungGen: 678854K->880K(653888K)] 978694K->301054K(1340864K), 0.0263990 secs] [Times: user=0.09 sys=0.00, real=0.02 secs] 
2014-07-07T20:19:56.419+0000: 2264.339: [GC [PSYoungGen: 653871K->1386K(631040K)] 954045K->301608K(1318016K), 0.0118370 secs] [Times: user=0.04 sys=0.00, real=0.01 secs] 
2014-07-07T20:19:58.882+0000: 2266.803: [GC [PSYoungGen: 631018K->928K(608256K)] 931240K->301961K(1295232K), 0.0135050 secs] [Times: user=0.04 sys=0.00, real=0.01 secs] 
2014-07-07T20:20:01.251+0000: 2269.171: [GC [PSYoungGen: 608224K->1436K(587456K)] 909257K->302572K(1274432K), 0.0219720 secs] [Times: user=0.07 sys=0.00, real=0.02 secs] 
2014-07-07T20:20:03.533+0000: 2271.453: [GC [PSYoungGen: 587420K->1086K(566784K)] 888556K->302657K(1253760K), 0.0107180 secs] [Times: user=0.04 sys=0.00, real=0.01 secs] 
2014-07-07T20:20:05.698+0000: 2273.619: [GC [PSYoungGen: 566782K->1172K(547520K)] 868353K->302782K(1234496K), 0.0041590 secs] [Times: user=0.01 sys=0.00, real=0.01 secs] 
2014-07-07T20:20:07.824+0000: 2275.744: [GC [PSYoungGen: 547470K->1268K(529088K)] 849081K->302966K(1216064K), 0.0098470 secs] [Times: user=0.04 sys=0.00, real=0.01 secs] 
2014-07-07T20:20:09.876+0000: 2277.796: [GC [PSYoungGen: 529076K->1172K(511296K)] 830774K->302990K(1198272K), 0.0132170 secs] [Times: user=0.05 sys=0.00, real=0.01 secs] 
2014-07-07T20:20:11.846+0000: 2279.766: [GC [PSYoungGen: 511202K->1012K(494208K)] 813021K->302952K(1181184K), 0.0221270 secs] [Times: user=0.08 sys=0.00, real=0.02 secs] 
2014-07-07T20:20:13.777+0000: 2281.697: [GC [PSYoungGen: 494196K->1044K(478080K)] 796136K->303024K(1165056K), 0.0211250 secs] [Times: user=0.08 sys=0.00, real=0.02 secs] 
2014-07-07T20:20:15.645+0000: 2283.566: [GC [PSYoungGen: 478035K->1168K(462784K)] 780015K->303181K(1149760K), 0.0086270 secs] [Times: user=0.01 sys=0.00, real=0.01 secs] 
2014-07-07T20:20:17.465+0000: 2285.385: [GC [PSYoungGen: 462725K->1357K(448192K)] 764738K->303409K(1135168K), 0.0098330 secs] [Times: user=0.04 sys=0.00, real=0.01 secs] 
2014-07-07T20:20:19.186+0000: 2287.106: [GC [PSYoungGen: 448141K->890K(433536K)] 750193K->303324K(1120512K), 0.0167840 secs] [Times: user=0.05 sys=0.00, real=0.01 secs] 
2014-07-07T20:20:20.847+0000: 2288.768: [GC [PSYoungGen: 433530K->1368K(420544K)] 735964K->303858K(1107520K), 0.0070990 secs] [Times: user=0.02 sys=0.00, real=0.01 secs] 
2014-07-07T20:20:22.497+0000: 2290.417: [GC [PSYoungGen: 420504K->1012K(407232K)] 722994K->303690K(1094208K), 0.0159280 secs] [Times: user=0.06 sys=0.00, real=0.02 secs] 
2014-07-07T20:20:24.078+0000: 2291.998: [GC [PSYoungGen: 407215K->1126K(394944K)] 709893K->303852K(1081920K), 0.0056120 secs] [Times: user=0.01 sys=0.00, real=0.00 secs] 
2014-07-07T20:20:25.592+0000: 2293.512: [GC [PSYoungGen: 394918K->1044K(383040K)] 697644K->303802K(1070016K), 0.0108530 secs] [Times: user=0.03 sys=0.00, real=0.01 secs] 
2014-07-07T20:20:27.113+0000: 2295.033: [GC [PSYoungGen: 382972K->1404K(371968K)] 685731K->304194K(1058944K), 0.0100370 secs] [Times: user=0.02 sys=0.00, real=0.01 secs] 
2014-07-07T20:20:28.566+0000: 2296.486: [GC [PSYoungGen: 371964K->880K(360576K)] 674754K->303978K(1047552K), 0.0084700 secs] [Times: user=0.02 sys=0.00, real=0.01 secs] 
2014-07-07T20:20:29.972+0000: 2297.892: [GC [PSYoungGen: 360547K->1304K(350592K)] 663646K->304482K(1037568K), 0.0210620 secs] [Times: user=0.07 sys=0.00, real=0.02 secs] 
2014-07-07T20:20:31.327+0000: 2299.247: [GC [PSYoungGen: 350506K->1140K(340416K)] 653684K->304538K(1027392K), 0.0071370 secs] [Times: user=0.01 sys=0.00, real=0.00 secs] 
2014-07-07T20:20:32.642+0000: 2300.562: [GC [PSYoungGen: 340404K->1044K(330752K)] 643802K->304466K(1017728K), 0.0046050 secs] [Times: user=0.01 sys=0.01, real=0.01 secs] 
2014-07-07T20:20:33.954+0000: 2301.874: [GC [PSYoungGen: 330708K->1136K(321600K)] 634130K->304719K(1008576K), 0.0159430 secs] [Times: user=0.06 sys=0.00, real=0.02 secs] 
2014-07-07T20:20:35.173+0000: 2303.093: [GC [PSYoungGen: 321584K->1108K(312768K)] 625167K->304730K(999744K), 0.0082680 secs] [Times: user=0.03 sys=0.00, real=0.01 secs] 
2014-07-07T20:20:36.415+0000: 2304.335: [GC [PSYoungGen: 312724K->948K(304064K)] 616346K->304786K(991040K), 0.0150200 secs] [Times: user=0.06 sys=0.00, real=0.01 secs] 
2014-07-07T20:20:37.598+0000: 2305.518: [GC [PSYoungGen: 304004K->1044K(296064K)] 607843K->304938K(983040K), 0.0083710 secs] [Times: user=0.00 sys=0.00, real=0.01 secs] 
2014-07-07T20:20:38.733+0000: 2306.653: [GC [PSYoungGen: 296020K->1012K(288192K)] 599914K->305010K(975168K), 0.0082470 secs] [Times: user=0.01 sys=0.00, real=0.01 secs] 
2014-07-07T20:20:39.854+0000: 2307.774: [GC [PSYoungGen: 288122K->1581K(346240K)] 592121K->305651K(1033216K), 0.0249850 secs] [Times: user=0.10 sys=0.00, real=0.03 secs] 
2014-07-07T20:20:41.232+0000: 2309.152: [GC [PSYoungGen: 346221K->620K(414208K)] 650291K->305359K(1101184K), 0.0089800 secs] [Times: user=0.04 sys=0.00, real=0.01 secs] 
2014-07-07T20:20:42.840+0000: 2310.761: [GC [PSYoungGen: 414188K->1222K(497600K)] 718927K->306001K(1184576K), 0.0163920 secs] [Times: user=0.06 sys=0.00, real=0.02 secs] 
2014-07-07T20:20:44.781+0000: 2312.701: [GC [PSYoungGen: 497542K->1350K(481408K)] 802321K->306308K(1168384K), 0.0055040 secs] [Times: user=0.01 sys=0.00, real=0.00 secs] 
2014-07-07T20:20:46.680+0000: 2314.600: [GC [PSYoungGen: 481350K->1474K(465984K)] 786308K->306455K(1152960K), 0.0143200 secs] [Times: user=0.04 sys=0.00, real=0.01 secs] 
2014-07-07T20:20:48.504+0000: 2316.424: [GC [PSYoungGen: 465922K->438K(449984K)] 770903K->306432K(1136960K), 0.0143960 secs] [Times: user=0.06 sys=0.00, real=0.02 secs] 
2014-07-07T20:20:50.242+0000: 2318.163: [GC [PSYoungGen: 449925K->1710K(436992K)] 755919K->307819K(1123968K), 0.0060870 secs] [Times: user=0.02 sys=0.00, real=0.01 secs] 
2014-07-07T20:20:51.935+0000: 2319.855: [GC [PSYoungGen: 436968K->1204K(422848K)] 743077K->307826K(1109824K), 0.0163030 secs] [Times: user=0.06 sys=0.00, real=0.02 secs] 
2014-07-07T20:20:53.590+0000: 2321.510: [GC [PSYoungGen: 422836K->1012K(409600K)] 729458K->307666K(1096576K), 0.0047870 secs] [Times: user=0.01 sys=0.00, real=0.00 secs] 
2014-07-07T20:20:55.178+0000: 2323.099: [GC [PSYoungGen: 409588K->1044K(397184K)] 716242K->307722K(1084160K), 0.0204200 secs] [Times: user=0.07 sys=0.00, real=0.02 secs] 
2014-07-07T20:20:56.736+0000: 2324.656: [GC [PSYoungGen: 397140K->1236K(385408K)] 703818K->307946K(1072384K), 0.0087920 secs] [Times: user=0.03 sys=0.00, real=0.01 secs] 
2014-07-07T20:20:58.276+0000: 2326.196: [GC [PSYoungGen: 385364K->1392K(374080K)] 692074K->308222K(1061056K), 0.0110370 secs] [Times: user=0.04 sys=0.00, real=0.01 secs] 
2014-07-07T20:20:59.720+0000: 2327.640: [GC [PSYoungGen: 374064K->1392K(363072K)] 680894K->308310K(1050048K), 0.0082070 secs] [Times: user=0.03 sys=0.00, real=0.00 secs] 
2014-07-07T20:21:01.156+0000: 2329.077: [GC [PSYoungGen: 363056K->948K(352128K)] 669974K->307994K(1039104K), 0.0053690 secs] [Times: user=0.01 sys=0.00, real=0.01 secs] 
2014-07-07T20:21:02.518+0000: 2330.438: [GC [PSYoungGen: 352116K->1108K(342208K)] 659162K->308202K(1029184K), 0.0084700 secs] [Times: user=0.02 sys=0.00, real=0.01 secs] 
2014-07-07T20:21:03.854+0000: 2331.774: [GC [PSYoungGen: 342158K->1158K(332608K)] 649252K->308316K(1019584K), 0.0055290 secs] [Times: user=0.02 sys=0.00, real=0.00 secs] 
2014-07-07T20:21:05.211+0000: 2333.131: [GC [PSYoungGen: 332509K->1222K(323392K)] 639667K->308420K(1010368K), 0.0130790 secs] [Times: user=0.05 sys=0.00, real=0.01 secs] 
2014-07-07T20:21:06.485+0000: 2334.405: [GC [PSYoungGen: 323333K->1150K(314368K)] 630531K->308494K(1001344K), 0.0116870 secs] [Times: user=0.04 sys=0.00, real=0.01 secs] 
2014-07-07T20:21:07.666+0000: 2335.586: [GC [PSYoungGen: 314366K->1140K(305792K)] 621710K->308564K(992768K), 0.0164020 secs] [Times: user=0.06 sys=0.00, real=0.02 secs] 
2014-07-07T20:21:08.885+0000: 2336.806: [GC [PSYoungGen: 305760K->1062K(297536K)] 613184K->308646K(984512K), 0.0104910 secs] [Times: user=0.03 sys=0.00, real=0.01 secs] 
2014-07-07T20:21:10.084+0000: 2338.004: [GC [PSYoungGen: 297510K->1268K(357056K)] 605094K->308908K(1044032K), 0.0261720 secs] [Times: user=0.09 sys=0.01, real=0.02 secs] 
2014-07-07T20:21:11.493+0000: 2339.413: [GC [PSYoungGen: 357015K->998K(427968K)] 664655K->308858K(1114944K), 0.0082600 secs] [Times: user=0.03 sys=0.00, real=0.01 secs] 
2014-07-07T20:21:13.124+0000: 2341.045: [GC [PSYoungGen: 427924K->1538K(415296K)] 735784K->309438K(1102272K), 0.0078990 secs] [Times: user=0.02 sys=0.00, real=0.01 secs] 
2014-07-07T20:21:14.756+0000: 2342.676: [GC [PSYoungGen: 415229K->638K(401600K)] 723129K->308952K(1088576K), 0.0119940 secs] [Times: user=0.04 sys=0.00, real=0.01 secs] 
2014-07-07T20:21:16.344+0000: 2344.264: [GC [PSYoungGen: 401598K->1418K(390272K)] 709912K->309748K(1077248K), 0.0134830 secs] [Times: user=0.04 sys=0.00, real=0.01 secs] 
2014-07-07T20:21:17.845+0000: 2345.765: [GC [PSYoungGen: 390218K->1044K(378240K)] 698548K->309660K(1065216K), 0.0044650 secs] [Times: user=0.01 sys=0.00, real=0.00 secs] 
2014-07-07T20:21:19.312+0000: 2347.233: [GC [PSYoungGen: 378196K->1456K(367424K)] 686812K->310152K(1054400K), 0.0085640 secs] [Times: user=0.02 sys=0.00, real=0.00 secs] 
2014-07-07T20:21:20.713+0000: 2348.634: [GC [PSYoungGen: 367362K->816K(356096K)] 676059K->309740K(1043072K), 0.0054770 secs] [Times: user=0.01 sys=0.00, real=0.00 secs] 
2014-07-07T20:21:22.113+0000: 2350.033: [GC [PSYoungGen: 356034K->1272K(346304K)] 664959K->310244K(1033280K), 0.0122180 secs] [Times: user=0.04 sys=0.00, real=0.01 secs] 
2014-07-07T20:21:23.467+0000: 2351.387: [GC [PSYoungGen: 346295K->1388K(336576K)] 655268K->310571K(1023552K), 0.0041130 secs] [Times: user=0.02 sys=0.00, real=0.00 secs] 
2014-07-07T20:21:24.765+0000: 2352.686: [GC [PSYoungGen: 336556K->1268K(326976K)] 645739K->310490K(1013952K), 0.0162100 secs] [Times: user=0.05 sys=0.00, real=0.01 secs] 
2014-07-07T20:21:26.066+0000: 2353.987: [GC [PSYoungGen: 326964K->954K(317568K)] 636186K->310707K(1004544K), 0.0060610 secs] [Times: user=0.02 sys=0.01, real=0.00 secs] 
2014-07-07T20:21:27.297+0000: 2355.217: [GC [PSYoungGen: 317562K->1449K(309376K)] 627315K->311234K(996352K), 0.0127640 secs] [Times: user=0.04 sys=0.01, real=0.01 secs] 
2014-07-07T20:21:28.484+0000: 2356.404: [GC [PSYoungGen: 309353K->1172K(300800K)] 619138K->311076K(987776K), 0.0135760 secs] [Times: user=0.05 sys=0.00, real=0.01 secs] 
2014-07-07T20:21:29.678+0000: 2357.598: [GC [PSYoungGen: 300756K->1204K(292800K)] 610660K->311180K(979776K), 0.0106300 secs] [Times: user=0.04 sys=0.00, real=0.01 secs] 
2014-07-07T20:21:30.804+0000: 2358.724: [GC [PSYoungGen: 292788K->1072K(284992K)] 602764K->311177K(971968K), 0.0088280 secs] [Times: user=0.03 sys=0.00, real=0.01 secs] 
2014-07-07T20:21:31.918+0000: 2359.839: [GC [PSYoungGen: 284975K->1296K(277824K)] 595080K->311449K(964800K), 0.0075230 secs] [Times: user=0.02 sys=0.00, real=0.01 secs] 
2014-07-07T20:21:32.999+0000: 2360.919: [GC [PSYoungGen: 277737K->1083K(270464K)] 587890K->311409K(957440K), 0.0059040 secs] [Times: user=0.02 sys=0.00, real=0.01 secs] 
2014-07-07T20:21:34.074+0000: 2361.994: [GC [PSYoungGen: 270458K->1140K(263680K)] 580784K->311506K(950656K), 0.0127090 secs] [Times: user=0.05 sys=0.00, real=0.02 secs] 
2014-07-07T20:21:35.120+0000: 2363.041: [GC [PSYoungGen: 263663K->1143K(257088K)] 574029K->311793K(944064K), 0.0108820 secs] [Times: user=0.02 sys=0.00, real=0.01 secs] 
2014-07-07T20:21:36.136+0000: 2364.056: [GC [PSYoungGen: 257079K->1304K(250944K)] 567729K->312002K(937920K), 0.0133560 secs] [Times: user=0.05 sys=0.00, real=0.01 secs] 
2014-07-07T20:21:37.108+0000: 2365.028: [GC [PSYoungGen: 250904K->890K(244416K)] 561602K->312118K(931392K), 0.0063610 secs] [Times: user=0.01 sys=0.00, real=0.00 secs] 
2014-07-07T20:21:38.062+0000: 2365.982: [GC [PSYoungGen: 244410K->1176K(238848K)] 555638K->312452K(925824K), 0.0087380 secs] [Times: user=0.02 sys=0.00, real=0.01 secs] 
2014-07-07T20:21:39.010+0000: 2366.930: [GC [PSYoungGen: 238808K->1261K(286464K)] 550084K->312781K(973440K), 0.0195930 secs] [Times: user=0.07 sys=0.00, real=0.02 secs] 
2014-07-07T20:21:40.128+0000: 2368.048: [GC [PSYoungGen: 286445K->1236K(343552K)] 597965K->312796K(1030528K), 0.0105480 secs] [Times: user=0.03 sys=0.00, real=0.01 secs] 
2014-07-07T20:21:41.473+0000: 2369.393: [GC [PSYoungGen: 343427K->826K(411584K)] 654987K->312836K(1098560K), 0.0113720 secs] [Times: user=0.03 sys=0.00, real=0.01 secs] 
2014-07-07T20:21:43.071+0000: 2370.991: [GC [PSYoungGen: 411578K->1478K(494464K)] 723588K->313520K(1181440K), 0.0145810 secs] [Times: user=0.06 sys=0.00, real=0.01 secs] 
2014-07-07T20:21:45.019+0000: 2372.939: [GC [PSYoungGen: 494406K->1022K(477824K)] 806448K->313644K(1164800K), 0.0092900 secs] [Times: user=0.03 sys=0.01, real=0.01 secs] 
2014-07-07T20:21:46.865+0000: 2374.785: [GC [PSYoungGen: 477822K->1578K(462976K)] 790444K->314224K(1149952K), 0.0186950 secs] [Times: user=0.07 sys=0.00, real=0.02 secs] 
2014-07-07T20:21:48.687+0000: 2376.607: [GC [PSYoungGen: 462954K->880K(447488K)] 775600K->313908K(1134464K), 0.0114340 secs] [Times: user=0.04 sys=0.00, real=0.01 secs] 
2014-07-07T20:21:50.444+0000: 2378.365: [GC [PSYoungGen: 447472K->1272K(433728K)] 760500K->314380K(1120704K), 0.0077640 secs] [Times: user=0.02 sys=0.00, real=0.01 secs] 
2014-07-07T20:21:52.138+0000: 2380.058: [GC [PSYoungGen: 433720K->1044K(420032K)] 746828K->314332K(1107008K), 0.0139050 secs] [Times: user=0.05 sys=0.00, real=0.01 secs] 
2014-07-07T20:21:53.785+0000: 2381.706: [GC [PSYoungGen: 419913K->1197K(407232K)] 733201K->314509K(1094208K), 0.0049270 secs] [Times: user=0.01 sys=0.01, real=0.01 secs] 
2014-07-07T20:21:55.390+0000: 2383.311: [GC [PSYoungGen: 407213K->1108K(394752K)] 720525K->314460K(1081728K), 0.0209300 secs] [Times: user=0.07 sys=0.00, real=0.02 secs] 
2014-07-07T20:21:56.922+0000: 2384.842: [GC [PSYoungGen: 394663K->1485K(383296K)] 708016K->314861K(1070272K), 0.0145410 secs] [Times: user=0.04 sys=0.01, real=0.01 secs] 
2014-07-07T20:21:58.439+0000: 2386.359: [GC [PSYoungGen: 383245K->830K(371200K)] 696621K->314532K(1058176K), 0.0096720 secs] [Times: user=0.03 sys=0.00, real=0.01 secs] 
2014-07-07T20:21:59.871+0000: 2387.791: [GC [PSYoungGen: 371198K->1300K(445824K)] 684900K->315098K(1132800K), 0.0289910 secs] [Times: user=0.09 sys=0.00, real=0.03 secs] 
2014-07-07T20:22:01.627+0000: 2389.547: [GC [PSYoungGen: 445780K->1012K(534400K)] 759578K->314874K(1221376K), 0.0139300 secs] [Times: user=0.05 sys=0.00, real=0.02 secs] 
2014-07-07T20:22:03.748+0000: 2391.668: [GC [PSYoungGen: 534385K->1172K(516672K)] 848248K->315106K(1203648K), 0.0156190 secs] [Times: user=0.04 sys=0.00, real=0.02 secs] 
2014-07-07T20:22:05.762+0000: 2393.682: [GC [PSYoungGen: 516628K->1172K(619776K)] 830562K->315146K(1306752K), 0.0294150 secs] [Times: user=0.09 sys=0.00, real=0.03 secs] 
2014-07-07T20:22:08.239+0000: 2396.159: [GC [PSYoungGen: 619721K->1332K(598080K)] 933695K->315346K(1285056K), 0.0122160 secs] [Times: user=0.05 sys=0.01, real=0.01 secs] 
2014-07-07T20:22:10.558+0000: 2398.479: [GC [PSYoungGen: 598068K->816K(576768K)] 912082K->315130K(1263744K), 0.0053590 secs] [Times: user=0.02 sys=0.00, real=0.01 secs] 
2014-07-07T20:22:12.829+0000: 2400.749: [GC [PSYoungGen: 576716K->1226K(557376K)] 891031K->315596K(1244352K), 0.0125060 secs] [Times: user=0.04 sys=0.00, real=0.02 secs] 
2014-07-07T20:22:15.004+0000: 2402.924: [GC [PSYoungGen: 557322K->1108K(538304K)] 871692K->315650K(1225280K), 0.0101360 secs] [Times: user=0.04 sys=0.00, real=0.01 secs] 
2014-07-07T20:22:17.087+0000: 2405.007: [GC [PSYoungGen: 538260K->1204K(520256K)] 852802K->315770K(1207232K), 0.0106710 secs] [Times: user=0.01 sys=0.00, real=0.01 secs] 
2014-07-07T20:22:19.118+0000: 2407.038: [GC [PSYoungGen: 520244K->882K(502656K)] 834810K->316019K(1189632K), 0.0095330 secs] [Times: user=0.02 sys=0.00, real=0.01 secs] 
2014-07-07T20:22:21.103+0000: 2409.023: [GC [PSYoungGen: 502641K->1432K(486720K)] 817778K->316632K(1173696K), 0.0060280 secs] [Times: user=0.01 sys=0.00, real=0.00 secs] 
2014-07-07T20:22:23.004+0000: 2410.925: [GC [PSYoungGen: 486680K->880K(470336K)] 801880K->316560K(1157312K), 0.0158960 secs] [Times: user=0.06 sys=0.00, real=0.01 secs] 
2014-07-07T20:22:24.827+0000: 2412.747: [GC [PSYoungGen: 470320K->1126K(455488K)] 786000K->316838K(1142464K), 0.0130660 secs] [Times: user=0.05 sys=0.00, real=0.01 secs] 
2014-07-07T20:22:26.630+0000: 2414.551: [GC [PSYoungGen: 455453K->1204K(441088K)] 771165K->317054K(1128064K), 0.0204410 secs] [Times: user=0.07 sys=0.00, real=0.02 secs] 
2014-07-07T20:22:28.369+0000: 2416.290: [GC [PSYoungGen: 441076K->1094K(427200K)] 756926K->317016K(1114176K), 0.0109250 secs] [Times: user=0.03 sys=0.00, real=0.01 secs] 
2014-07-07T20:22:30.043+0000: 2417.963: [GC [PSYoungGen: 427140K->866K(413696K)] 743063K->317014K(1100672K), 0.0264950 secs] [Times: user=0.09 sys=0.00, real=0.02 secs] 
2014-07-07T20:22:31.651+0000: 2419.572: [GC [PSYoungGen: 413648K->1304K(401472K)] 729796K->317508K(1088448K), 0.0137780 secs] [Times: user=0.04 sys=0.00, real=0.02 secs] 
2014-07-07T20:22:33.228+0000: 2421.148: [GC [PSYoungGen: 401430K->1022K(388992K)] 717635K->317455K(1075968K), 0.0197740 secs] [Times: user=0.08 sys=0.00, real=0.02 secs] 
2014-07-07T20:22:34.757+0000: 2422.677: [GC [PSYoungGen: 388990K->1300K(377664K)] 705423K->317764K(1064640K), 0.0128790 secs] [Times: user=0.05 sys=0.00, real=0.01 secs] 
2014-07-07T20:22:36.247+0000: 2424.167: [GC [PSYoungGen: 377620K->866K(366080K)] 694084K->317636K(1053056K), 0.0168910 secs] [Times: user=0.06 sys=0.00, real=0.02 secs] 
2014-07-07T20:22:37.642+0000: 2425.563: [GC [PSYoungGen: 366050K->1222K(355776K)] 682820K->318049K(1042752K), 0.0116810 secs] [Times: user=0.04 sys=0.00, real=0.02 secs] 
2014-07-07T20:22:39.032+0000: 2426.952: [GC [PSYoungGen: 355674K->930K(345216K)] 672501K->318073K(1032192K), 0.0097820 secs] [Times: user=0.03 sys=0.00, real=0.01 secs] 
2014-07-07T20:22:40.355+0000: 2428.275: [GC [PSYoungGen: 345186K->1432K(335936K)] 662329K->318631K(1022912K), 0.0158450 secs] [Times: user=0.06 sys=0.00, real=0.01 secs] 
2014-07-07T20:22:41.666+0000: 2429.586: [GC [PSYoungGen: 335896K->556K(325632K)] 653095K->318315K(1012608K), 0.0090180 secs] [Times: user=0.03 sys=0.00, real=0.01 secs] 
2014-07-07T20:22:42.955+0000: 2430.875: [GC [PSYoungGen: 325577K->1443K(317504K)] 643335K->319234K(1004480K), 0.0048570 secs] [Times: user=0.02 sys=0.00, real=0.00 secs] 
2014-07-07T20:22:44.202+0000: 2432.122: [GC [PSYoungGen: 317475K->1044K(308480K)] 635266K->319055K(995456K), 0.0036930 secs] [Times: user=0.01 sys=0.00, real=0.01 secs] 
2014-07-07T20:22:45.414+0000: 2433.334: [GC [PSYoungGen: 308401K->1044K(300160K)] 626412K->319079K(987136K), 0.0215920 secs] [Times: user=0.08 sys=0.00, real=0.03 secs] 
2014-07-07T20:22:46.584+0000: 2434.504: [GC [PSYoungGen: 300068K->1062K(360000K)] 618103K->319241K(1046976K), 0.0224620 secs] [Times: user=0.06 sys=0.00, real=0.03 secs] 
2014-07-07T20:22:47.993+0000: 2435.914: [GC [PSYoungGen: 359974K->1392K(432128K)] 678153K->319643K(1119104K), 0.0177280 secs] [Times: user=0.05 sys=0.00, real=0.02 secs] 
2014-07-07T20:22:49.669+0000: 2437.589: [GC [PSYoungGen: 432112K->752K(517632K)] 750363K->319311K(1204608K), 0.0085920 secs] [Times: user=0.01 sys=0.00, real=0.01 secs] 
2014-07-07T20:22:51.727+0000: 2439.647: [GC [PSYoungGen: 517589K->1304K(500992K)] 836148K->319927K(1187968K), 0.0077460 secs] [Times: user=0.01 sys=0.00, real=0.00 secs] 
2014-07-07T20:22:53.662+0000: 2441.582: [GC [PSYoungGen: 500915K->1140K(484352K)] 819538K->319975K(1171328K), 0.0140230 secs] [Times: user=0.05 sys=0.00, real=0.01 secs] 
2014-07-07T20:22:55.558+0000: 2443.479: [GC [PSYoungGen: 484290K->1414K(468928K)] 803125K->320281K(1155904K), 0.0130880 secs] [Times: user=0.05 sys=0.00, real=0.01 secs] 
2014-07-07T20:22:57.394+0000: 2445.315: [GC [PSYoungGen: 468846K->620K(453056K)] 787713K->320041K(1140032K), 0.0083350 secs] [Times: user=0.03 sys=0.00, real=0.01 secs] 
2014-07-07T20:22:59.156+0000: 2447.077: [GC [PSYoungGen: 453028K->1500K(439552K)] 772449K->321017K(1126528K), 0.0183030 secs] [Times: user=0.07 sys=0.00, real=0.02 secs] 
2014-07-07T20:23:00.882+0000: 2448.802: [GC [PSYoungGen: 439516K->1086K(425344K)] 759033K->321109K(1112320K), 0.0242660 secs] [Times: user=0.09 sys=0.00, real=0.02 secs] 
2014-07-07T20:23:02.567+0000: 2450.487: [GC [PSYoungGen: 425338K->1062K(412160K)] 745361K->321117K(1099136K), 0.0059200 secs] [Times: user=0.01 sys=0.00, real=0.01 secs] 
2014-07-07T20:23:04.179+0000: 2452.099: [GC [PSYoungGen: 412098K->1314K(399808K)] 732153K->321449K(1086784K), 0.0158120 secs] [Times: user=0.06 sys=0.00, real=0.01 secs] 
2014-07-07T20:23:05.747+0000: 2453.667: [GC [PSYoungGen: 399778K->1108K(387520K)] 719913K->321291K(1074496K), 0.0168880 secs] [Times: user=0.05 sys=0.00, real=0.02 secs] 
2014-07-07T20:23:07.256+0000: 2455.177: [GC [PSYoungGen: 387476K->994K(375808K)] 707659K->321315K(1062784K), 0.0187460 secs] [Times: user=0.07 sys=0.00, real=0.02 secs] 
2014-07-07T20:23:08.706+0000: 2456.626: [GC [PSYoungGen: 375778K->1144K(364864K)] 696099K->321561K(1051840K), 0.0122660 secs] [Times: user=0.04 sys=0.00, real=0.01 secs] 
2014-07-07T20:23:10.141+0000: 2458.061: [GC [PSYoungGen: 364837K->1314K(354432K)] 685255K->321859K(1041408K), 0.0133650 secs] [Times: user=0.05 sys=0.00, real=0.01 secs] 
2014-07-07T20:23:11.537+0000: 2459.457: [GC [PSYoungGen: 354402K->1076K(424832K)] 674947K->321661K(1111808K), 0.0198140 secs] [Times: user=0.06 sys=0.00, real=0.02 secs] 
2014-07-07T20:23:13.201+0000: 2461.122: [GC [PSYoungGen: 424820K->1076K(411712K)] 745405K->321805K(1098688K), 0.0135910 secs] [Times: user=0.05 sys=0.00, real=0.01 secs] 
2014-07-07T20:23:14.803+0000: 2462.723: [GC [PSYoungGen: 411663K->1140K(399168K)] 732392K->321901K(1086144K), 0.0134640 secs] [Times: user=0.05 sys=0.00, real=0.01 secs] 
2014-07-07T20:23:16.357+0000: 2464.277: [GC [PSYoungGen: 399156K->1136K(387136K)] 719917K->322065K(1074112K), 0.0081040 secs] [Times: user=0.02 sys=0.00, real=0.01 secs] 
2014-07-07T20:23:17.848+0000: 2465.768: [GC [PSYoungGen: 387120K->1172K(375680K)] 708049K->322165K(1062656K), 0.0045160 secs] [Times: user=0.01 sys=0.00, real=0.01 secs] 
2014-07-07T20:23:19.332+0000: 2467.252: [GC [PSYoungGen: 375636K->1008K(364416K)] 696629K->322205K(1051392K), 0.0095690 secs] [Times: user=0.02 sys=0.00, real=0.01 secs] 
2014-07-07T20:23:20.756+0000: 2468.677: [GC [PSYoungGen: 364399K->1264K(354048K)] 685597K->322517K(1041024K), 0.0110490 secs] [Times: user=0.02 sys=0.00, real=0.01 secs] 
2014-07-07T20:23:22.154+0000: 2470.074: [GC [PSYoungGen: 354032K->930K(343552K)] 675285K->322403K(1030528K), 0.0159620 secs] [Times: user=0.04 sys=0.00, real=0.01 secs] 
2014-07-07T20:23:23.489+0000: 2471.409: [GC [PSYoungGen: 343522K->1094K(334016K)] 664995K->322615K(1020992K), 0.0150490 secs] [Times: user=0.05 sys=0.01, real=0.02 secs] 
2014-07-07T20:23:24.805+0000: 2472.726: [GC [PSYoungGen: 333912K->1151K(324672K)] 655433K->322818K(1011648K), 0.0045210 secs] [Times: user=0.01 sys=0.00, real=0.00 secs] 
2014-07-07T20:23:26.079+0000: 2473.999: [GC [PSYoungGen: 324652K->1378K(315968K)] 646320K->323085K(1002944K), 0.0129570 secs] [Times: user=0.04 sys=0.00, real=0.02 secs] 
2014-07-07T20:23:27.313+0000: 2475.233: [GC [PSYoungGen: 315906K->570K(306496K)] 637614K->322937K(993472K), 0.0184160 secs] [Times: user=0.07 sys=0.00, real=0.02 secs] 
2014-07-07T20:23:28.510+0000: 2476.430: [GC [PSYoungGen: 306489K->1492K(299200K)] 628857K->323916K(986176K), 0.0118480 secs] [Times: user=0.04 sys=0.00, real=0.02 secs] 
2014-07-07T20:23:29.680+0000: 2477.600: [GC [PSYoungGen: 299156K->1012K(290752K)] 621580K->323799K(977728K), 0.0113340 secs] [Times: user=0.04 sys=0.00, real=0.01 secs] 
2014-07-07T20:23:30.838+0000: 2478.758: [GC [PSYoungGen: 290740K->1140K(283264K)] 613527K->323967K(970240K), 0.0110890 secs] [Times: user=0.03 sys=0.00, real=0.01 secs] 
2014-07-07T20:23:31.952+0000: 2479.872: [GC [PSYoungGen: 283252K->1200K(339776K)] 606079K->324132K(1026752K), 0.0240320 secs] [Times: user=0.09 sys=0.00, real=0.02 secs] 
2014-07-07T20:23:33.307+0000: 2481.228: [GC [PSYoungGen: 339750K->1190K(407488K)] 662681K->324161K(1094464K), 0.0088500 secs] [Times: user=0.02 sys=0.00, real=0.01 secs] 
2014-07-07T20:23:34.905+0000: 2482.825: [GC [PSYoungGen: 407462K->802K(488384K)] 730433K->324039K(1175360K), 0.0136260 secs] [Times: user=0.05 sys=0.00, real=0.01 secs] 
2014-07-07T20:23:36.780+0000: 2484.700: [GC [PSYoungGen: 488354K->1328K(472960K)] 811591K->324598K(1159936K), 0.0043050 secs] [Times: user=0.02 sys=0.01, real=0.01 secs] 
2014-07-07T20:23:38.609+0000: 2486.529: [GC [PSYoungGen: 472944K->1062K(567040K)] 796214K->324523K(1254016K), 0.0349000 secs] [Times: user=0.12 sys=0.00, real=0.04 secs] 
2014-07-07T20:23:40.834+0000: 2488.754: [GC [PSYoungGen: 567014K->1076K(680256K)] 890475K->324633K(1367232K), 0.0236820 secs] [Times: user=0.09 sys=0.00, real=0.02 secs] 
2014-07-07T20:23:43.508+0000: 2491.428: [GC [PSYoungGen: 680244K->948K(655552K)] 1003801K->324641K(1342528K), 0.0101650 secs] [Times: user=0.04 sys=0.00, real=0.01 secs] 
2014-07-07T20:23:46.079+0000: 2493.999: [GC [PSYoungGen: 655492K->1204K(632384K)] 979185K->324937K(1319360K), 0.0294460 secs] [Times: user=0.10 sys=0.00, real=0.03 secs] 
2014-07-07T20:23:48.534+0000: 2496.454: [GC [PSYoungGen: 632372K->944K(758400K)] 956105K->324945K(1445376K), 0.0320480 secs] [Times: user=0.11 sys=0.00, real=0.04 secs] 
2014-07-07T20:23:51.494+0000: 2499.414: [GC [PSYoungGen: 758345K->1448K(910400K)] 1082347K->325822K(1597376K), 0.0303450 secs] [Times: user=0.11 sys=0.00, real=0.03 secs] 
2014-07-07T20:23:55.054+0000: 2502.974: [GC [PSYoungGen: 910376K->556K(874112K)] 1234750K->325638K(1561088K), 0.0207650 secs] [Times: user=0.07 sys=0.00, real=0.02 secs] 
2014-07-07T20:23:58.442+0000: 2506.362: [GC [PSYoungGen: 874056K->1652K(841536K)] 1199138K->326890K(1528512K), 0.0201630 secs] [Times: user=0.06 sys=0.01, real=0.02 secs] 
2014-07-07T20:24:01.744+0000: 2509.664: [GC [PSYoungGen: 841524K->1140K(808896K)] 1166762K->326760K(1495872K), 0.0097810 secs] [Times: user=0.03 sys=0.00, real=0.01 secs] 
2014-07-07T20:24:04.891+0000: 2512.812: [GC [PSYoungGen: 808858K->1588K(778752K)] 1134478K->327280K(1465728K), 0.0188510 secs] [Times: user=0.07 sys=0.00, real=0.02 secs] 
2014-07-07T20:24:07.933+0000: 2515.853: [GC [PSYoungGen: 778720K->890K(748928K)] 1104413K->327012K(1435904K), 0.0148520 secs] [Times: user=0.04 sys=0.01, real=0.01 secs] 
2014-07-07T20:24:10.870+0000: 2518.790: [GC [PSYoungGen: 748922K->1418K(721728K)] 1075044K->327652K(1408704K), 0.0114250 secs] [Times: user=0.04 sys=0.00, real=0.01 secs] 
2014-07-07T20:24:13.669+0000: 2521.589: [GC [PSYoungGen: 721674K->1264K(695040K)] 1047908K->327816K(1382016K), 0.0155210 secs] [Times: user=0.05 sys=0.00, real=0.01 secs] 
2014-07-07T20:24:16.391+0000: 2524.312: [GC [PSYoungGen: 695024K->1364K(669888K)] 1021576K->327972K(1356864K), 0.0160230 secs] [Times: user=0.05 sys=0.00, real=0.01 secs] 
2014-07-07T20:24:18.989+0000: 2526.909: [GC [PSYoungGen: 669776K->933K(645376K)] 996384K->327869K(1332352K), 0.0053940 secs] [Times: user=0.02 sys=0.00, real=0.01 secs] 
2014-07-07T20:24:21.512+0000: 2529.432: [GC [PSYoungGen: 645349K->1507K(622976K)] 972285K->328548K(1309952K), 0.0088510 secs] [Times: user=0.03 sys=0.00, real=0.01 secs] 
2014-07-07T20:24:23.969+0000: 2531.889: [GC [PSYoungGen: 622947K->1012K(600512K)] 949988K->328370K(1287488K), 0.0148440 secs] [Times: user=0.06 sys=0.00, real=0.02 secs] 
2014-07-07T20:24:26.296+0000: 2534.216: [GC [PSYoungGen: 600500K->1520K(580096K)] 927858K->328927K(1267072K), 0.0195890 secs] [Times: user=0.07 sys=0.00, real=0.02 secs] 
2014-07-07T20:24:28.581+0000: 2536.501: [GC [PSYoungGen: 580080K->944K(559552K)] 907487K->328554K(1246528K), 0.0044610 secs] [Times: user=0.01 sys=0.00, real=0.01 secs] 
2014-07-07T20:24:30.744+0000: 2538.664: [GC [PSYoungGen: 559536K->1204K(540736K)] 887146K->328926K(1227712K), 0.0118390 secs] [Times: user=0.04 sys=0.00, real=0.01 secs] 
2014-07-07T20:24:32.875+0000: 2540.795: [GC [PSYoungGen: 540724K->1328K(522624K)] 868446K->329179K(1209600K), 0.0093420 secs] [Times: user=0.04 sys=0.00, real=0.01 secs] 
2014-07-07T20:24:34.922+0000: 2542.842: [GC [PSYoungGen: 522608K->1108K(505024K)] 850459K->328998K(1192000K), 0.0115940 secs] [Times: user=0.04 sys=0.00, real=0.01 secs] 
2014-07-07T20:24:36.914+0000: 2544.834: [GC [PSYoungGen: 504980K->1012K(488256K)] 832870K->329022K(1175232K), 0.0155890 secs] [Times: user=0.05 sys=0.00, real=0.01 secs] 
2014-07-07T20:24:38.839+0000: 2546.759: [GC [PSYoungGen: 488244K->1264K(472640K)] 816254K->329339K(1159616K), 0.0288110 secs] [Times: user=0.11 sys=0.00, real=0.03 secs] 
2014-07-07T20:24:40.706+0000: 2548.627: [GC [PSYoungGen: 472588K->1204K(457344K)] 800662K->329422K(1144320K), 0.0158850 secs] [Times: user=0.06 sys=0.00, real=0.01 secs] 
2014-07-07T20:24:42.511+0000: 2550.431: [GC [PSYoungGen: 457246K->1503K(443136K)] 785464K->329786K(1130112K), 0.0060360 secs] [Times: user=0.01 sys=0.00, real=0.01 secs] 
2014-07-07T20:24:44.242+0000: 2552.162: [GC [PSYoungGen: 443103K->638K(428352K)] 771386K->329492K(1115328K), 0.0304910 secs] [Times: user=0.11 sys=0.00, real=0.03 secs] 
2014-07-07T20:24:45.909+0000: 2553.829: [GC [PSYoungGen: 428348K->1718K(416128K)] 757203K->330621K(1103104K), 0.0188040 secs] [Times: user=0.06 sys=0.00, real=0.02 secs] 
2014-07-07T20:24:47.529+0000: 2555.449: [GC [PSYoungGen: 416118K->1150K(402816K)] 745021K->330481K(1089792K), 0.0039930 secs] [Times: user=0.02 sys=0.00, real=0.00 secs] 
2014-07-07T20:24:49.077+0000: 2556.997: [GC [PSYoungGen: 402814K->1328K(390784K)] 732145K->330771K(1077760K), 0.0198060 secs] [Times: user=0.07 sys=0.00, real=0.02 secs] 
2014-07-07T20:24:50.613+0000: 2558.534: [GC [PSYoungGen: 390734K->1272K(379008K)] 720177K->330845K(1065984K), 0.0075000 secs] [Times: user=0.02 sys=0.00, real=0.01 secs] 
2014-07-07T20:24:52.116+0000: 2560.036: [GC [PSYoungGen: 378993K->1424K(368000K)] 708566K->331037K(1054976K), 0.0241290 secs] [Times: user=0.08 sys=0.00, real=0.02 secs] 
2014-07-07T20:24:53.558+0000: 2561.478: [GC [PSYoungGen: 367951K->879K(356672K)] 697564K->330958K(1043648K), 0.0123160 secs] [Times: user=0.04 sys=0.00, real=0.01 secs] 
2014-07-07T20:24:54.935+0000: 2562.855: [GC [PSYoungGen: 356655K->1404K(428352K)] 686734K->331515K(1115328K), 0.0178860 secs] [Times: user=0.07 sys=0.00, real=0.02 secs] 
2014-07-07T20:24:56.616+0000: 2564.536: [GC [PSYoungGen: 428348K->1188K(513600K)] 758459K->331875K(1200576K), 0.0250000 secs] [Times: user=0.09 sys=0.00, real=0.02 secs] 
2014-07-07T20:24:58.630+0000: 2566.550: [GC [PSYoungGen: 513572K->1372K(616320K)] 844259K->332147K(1303296K), 0.0118120 secs] [Times: user=0.05 sys=0.00, real=0.01 secs] 
2014-07-07T20:25:01.059+0000: 2568.979: [GC [PSYoungGen: 616284K->1140K(594432K)] 947059K->332259K(1281408K), 0.0068390 secs] [Times: user=0.01 sys=0.00, real=0.00 secs] 
2014-07-07T20:25:03.382+0000: 2571.302: [GC [PSYoungGen: 594420K->1296K(573952K)] 925539K->332471K(1260928K), 0.0051100 secs] [Times: user=0.02 sys=0.00, real=0.01 secs] 
2014-07-07T20:25:05.636+0000: 2573.556: [GC [PSYoungGen: 573904K->980K(553920K)] 905079K->332187K(1240896K), 0.0051160 secs] [Times: user=0.01 sys=0.00, real=0.00 secs] 
2014-07-07T20:25:07.823+0000: 2575.743: [GC [PSYoungGen: 553868K->1332K(535424K)] 885076K->332587K(1222400K), 0.0046580 secs] [Times: user=0.02 sys=0.01, real=0.01 secs] 
2014-07-07T20:25:09.926+0000: 2577.847: [GC [PSYoungGen: 535412K->1140K(517248K)] 866667K->332507K(1204224K), 0.0113890 secs] [Times: user=0.04 sys=0.00, real=0.02 secs] 
2014-07-07T20:25:11.964+0000: 2579.885: [GC [PSYoungGen: 517236K->1332K(500288K)] 848603K->332779K(1187264K), 0.0097990 secs] [Times: user=0.02 sys=0.00, real=0.01 secs] 
2014-07-07T20:25:13.891+0000: 2581.812: [GC [PSYoungGen: 500262K->1108K(483648K)] 831709K->332595K(1170624K), 0.0165350 secs] [Times: user=0.06 sys=0.00, real=0.02 secs] 
2014-07-07T20:25:15.807+0000: 2583.728: [GC [PSYoungGen: 483554K->1332K(468160K)] 815041K->332859K(1155136K), 0.0101970 secs] [Times: user=0.04 sys=0.00, real=0.01 secs] 
2014-07-07T20:25:17.638+0000: 2585.558: [GC [PSYoungGen: 468148K->1012K(452864K)] 799675K->332693K(1139840K), 0.0224860 secs] [Times: user=0.06 sys=0.00, real=0.02 secs] 
2014-07-07T20:25:19.438+0000: 2587.358: [GC [PSYoungGen: 452832K->1140K(438656K)] 784513K->332941K(1125632K), 0.0287190 secs] [Times: user=0.09 sys=0.00, real=0.02 secs] 
2014-07-07T20:25:21.195+0000: 2589.115: [GC [PSYoungGen: 438606K->1108K(526208K)] 770408K->333005K(1213184K), 0.0316890 secs] [Times: user=0.11 sys=0.00, real=0.03 secs] 
2014-07-07T20:25:23.268+0000: 2591.188: [GC [PSYoungGen: 526164K->1012K(508480K)] 858061K->332941K(1195456K), 0.0065310 secs] [Times: user=0.01 sys=0.00, real=0.01 secs] 
2014-07-07T20:25:25.232+0000: 2593.153: [GC [PSYoungGen: 508468K->1207K(491904K)] 840397K->333341K(1178880K), 0.0147910 secs] [Times: user=0.05 sys=0.00, real=0.01 secs] 
2014-07-07T20:25:27.204+0000: 2595.124: [GC [PSYoungGen: 491895K->1300K(475968K)] 824029K->333474K(1162944K), 0.0153440 secs] [Times: user=0.04 sys=0.00, real=0.01 secs] 
2014-07-07T20:25:29.098+0000: 2597.018: [GC [PSYoungGen: 475924K->944K(460224K)] 808098K->333591K(1147200K), 0.0109230 secs] [Times: user=0.04 sys=0.00, real=0.01 secs] 
2014-07-07T20:25:30.907+0000: 2598.827: [GC [PSYoungGen: 460208K->1332K(445952K)] 792855K->334059K(1132928K), 0.0103870 secs] [Times: user=0.03 sys=0.00, real=0.01 secs] 
2014-07-07T20:25:32.652+0000: 2600.572: [GC [PSYoungGen: 445912K->1062K(431680K)] 778639K->333837K(1118656K), 0.0054150 secs] [Times: user=0.01 sys=0.01, real=0.00 secs] 
2014-07-07T20:25:34.336+0000: 2602.256: [GC [PSYoungGen: 431639K->1204K(418368K)] 764414K->334011K(1105344K), 0.0127430 secs] [Times: user=0.04 sys=0.00, real=0.01 secs] 
2014-07-07T20:25:36.002+0000: 2603.923: [GC [PSYoungGen: 418341K->1086K(405376K)] 751148K->334081K(1092352K), 0.0280700 secs] [Times: user=0.09 sys=0.00, real=0.02 secs] 
2014-07-07T20:25:37.608+0000: 2605.529: [GC [PSYoungGen: 405340K->1272K(486464K)] 738335K->334307K(1173440K), 0.0256810 secs] [Times: user=0.09 sys=0.00, real=0.03 secs] 
2014-07-07T20:25:39.531+0000: 2607.451: [GC [PSYoungGen: 486419K->880K(583168K)] 819454K->334281K(1270144K), 0.0166140 secs] [Times: user=0.06 sys=0.00, real=0.01 secs] 
2014-07-07T20:25:41.812+0000: 2609.732: [GC [PSYoungGen: 583152K->1595K(563712K)] 916553K->335148K(1250688K), 0.0107840 secs] [Times: user=0.04 sys=0.00, real=0.01 secs] 
2014-07-07T20:25:44.020+0000: 2611.941: [GC [PSYoungGen: 563707K->752K(543616K)] 897260K->334687K(1230592K), 0.0060360 secs] [Times: user=0.02 sys=0.00, real=0.01 secs] 
2014-07-07T20:25:46.189+0000: 2614.109: [GC [PSYoungGen: 543600K->1428K(525952K)] 877535K->335445K(1212928K), 0.0130360 secs] [Times: user=0.04 sys=0.00, real=0.01 secs] 
2014-07-07T20:25:48.238+0000: 2616.158: [GC [PSYoungGen: 525908K->1232K(508224K)] 859925K->335445K(1195200K), 0.0056600 secs] [Times: user=0.01 sys=0.00, real=0.01 secs] 
2014-07-07T20:25:50.228+0000: 2618.148: [GC [PSYoungGen: 508144K->1204K(491392K)] 842357K->335529K(1178368K), 0.0063890 secs] [Times: user=0.01 sys=0.00, real=0.01 secs] 
2014-07-07T20:25:52.144+0000: 2620.065: [GC [PSYoungGen: 491380K->1012K(475200K)] 825705K->335481K(1162176K), 0.0077550 secs] [Times: user=0.02 sys=0.00, real=0.00 secs] 
2014-07-07T20:25:53.994+0000: 2621.914: [GC [PSYoungGen: 475167K->1332K(460160K)] 809636K->335849K(1147136K), 0.0153920 secs] [Times: user=0.05 sys=0.01, real=0.01 secs] 
2014-07-07T20:25:55.816+0000: 2623.736: [GC [PSYoungGen: 460148K->1012K(445184K)] 794665K->335633K(1132160K), 0.0199410 secs] [Times: user=0.07 sys=0.00, real=0.02 secs] 
2014-07-07T20:25:57.565+0000: 2625.485: [GC [PSYoungGen: 445073K->1336K(431488K)] 779694K->335997K(1118464K), 0.0123380 secs] [Times: user=0.04 sys=0.01, real=0.01 secs] 
2014-07-07T20:25:59.269+0000: 2627.189: [GC [PSYoungGen: 431480K->1012K(417728K)] 766141K->335841K(1104704K), 0.0128700 secs] [Times: user=0.05 sys=0.00, real=0.01 secs] 
2014-07-07T20:26:00.886+0000: 2628.807: [GC [PSYoungGen: 417716K->1204K(405056K)] 752545K->336081K(1092032K), 0.0109740 secs] [Times: user=0.04 sys=0.00, real=0.01 secs] 
2014-07-07T20:26:02.490+0000: 2630.411: [GC [PSYoungGen: 405032K->1022K(392576K)] 739909K->336077K(1079552K), 0.0094520 secs] [Times: user=0.03 sys=0.00, real=0.01 secs] 
2014-07-07T20:26:04.045+0000: 2631.965: [GC [PSYoungGen: 392476K->1197K(380992K)] 727531K->336284K(1067968K), 0.0193320 secs] [Times: user=0.07 sys=0.00, real=0.02 secs] 
2014-07-07T20:26:05.543+0000: 2633.463: [GC [PSYoungGen: 380973K->1012K(369536K)] 716060K->336211K(1056512K), 0.0089550 secs] [Times: user=0.03 sys=0.00, real=0.01 secs] 
2014-07-07T20:26:07.014+0000: 2634.935: [GC [PSYoungGen: 369524K->1360K(359104K)] 704723K->336583K(1046080K), 0.0144060 secs] [Times: user=0.04 sys=0.00, real=0.02 secs] 
2014-07-07T20:26:08.439+0000: 2636.359: [GC [PSYoungGen: 359055K->702K(348032K)] 694278K->336583K(1035008K), 0.0135720 secs] [Times: user=0.05 sys=0.00, real=0.01 secs] 
2014-07-07T20:26:09.798+0000: 2637.719: [GC [PSYoungGen: 348029K->1585K(339008K)] 683910K->337530K(1025984K), 0.0127330 secs] [Times: user=0.03 sys=0.00, real=0.01 secs] 
2014-07-07T20:26:11.127+0000: 2639.047: [GC [PSYoungGen: 338993K->948K(405888K)] 674938K->337414K(1092864K), 0.0231370 secs] [Times: user=0.08 sys=0.00, real=0.02 secs] 
2014-07-07T20:26:12.719+0000: 2640.639: [GC [PSYoungGen: 405876K->1012K(393600K)] 742342K->337502K(1080576K), 0.0087420 secs] [Times: user=0.01 sys=0.00, real=0.01 secs] 
2014-07-07T20:26:14.293+0000: 2642.213: [GC [PSYoungGen: 393588K->1424K(382208K)] 730078K->337962K(1069184K), 0.0049400 secs] [Times: user=0.01 sys=0.00, real=0.01 secs] 
2014-07-07T20:26:15.786+0000: 2643.706: [GC [PSYoungGen: 382160K->1172K(370624K)] 718698K->337758K(1057600K), 0.0175330 secs] [Times: user=0.05 sys=0.00, real=0.02 secs] 
2014-07-07T20:26:17.247+0000: 2645.168: [GC [PSYoungGen: 370580K->816K(359424K)] 707166K->337638K(1046400K), 0.0169520 secs] [Times: user=0.06 sys=0.00, real=0.01 secs] 
2014-07-07T20:26:18.674+0000: 2646.594: [GC [PSYoungGen: 359396K->1354K(349632K)] 696218K->338264K(1036608K), 0.0080420 secs] [Times: user=0.03 sys=0.00, real=0.01 secs] 
2014-07-07T20:26:20.051+0000: 2647.971: [GC [PSYoungGen: 349549K->1254K(339520K)] 686459K->338392K(1026496K), 0.0054040 secs] [Times: user=0.01 sys=0.00, real=0.00 secs] 
2014-07-07T20:26:21.379+0000: 2649.300: [GC [PSYoungGen: 339494K->1012K(329728K)] 676632K->338190K(1016704K), 0.0046530 secs] [Times: user=0.02 sys=0.00, real=0.00 secs] 
2014-07-07T20:26:22.670+0000: 2650.590: [GC [PSYoungGen: 329691K->1140K(320704K)] 666869K->338374K(1007680K), 0.0077710 secs] [Times: user=0.01 sys=0.00, real=0.00 secs] 
2014-07-07T20:26:23.917+0000: 2651.837: [GC [PSYoungGen: 320692K->1236K(312000K)] 657926K->338502K(998976K), 0.0200620 secs] [Times: user=0.07 sys=0.00, real=0.02 secs] 
2014-07-07T20:26:25.157+0000: 2653.077: [GC [PSYoungGen: 311883K->1083K(373952K)] 649149K->338739K(1060928K), 0.0178260 secs] [Times: user=0.05 sys=0.00, real=0.02 secs] 
2014-07-07T20:26:26.628+0000: 2654.549: [GC [PSYoungGen: 373947K->1190K(363072K)] 711603K->338886K(1050048K), 0.0133200 secs] [Times: user=0.06 sys=0.00, real=0.02 secs] 
2014-07-07T20:26:28.065+0000: 2655.985: [GC [PSYoungGen: 363046K->1172K(352512K)] 700742K->339062K(1039488K), 0.0144670 secs] [Times: user=0.05 sys=0.00, real=0.02 secs] 
2014-07-07T20:26:29.452+0000: 2657.372: [GC [PSYoungGen: 352468K->1108K(342336K)] 690358K->339086K(1029312K), 0.0044510 secs] [Times: user=0.01 sys=0.00, real=0.00 secs] 
2014-07-07T20:26:30.800+0000: 2658.720: [GC [PSYoungGen: 342292K->1012K(332544K)] 680270K->339086K(1019520K), 0.0161260 secs] [Times: user=0.05 sys=0.00, real=0.01 secs] 
2014-07-07T20:26:32.116+0000: 2660.036: [GC [PSYoungGen: 332532K->1076K(323328K)] 670606K->339174K(1010304K), 0.0075350 secs] [Times: user=0.01 sys=0.00, real=0.01 secs] 
2014-07-07T20:26:33.395+0000: 2661.315: [GC [PSYoungGen: 323293K->1258K(314624K)] 661391K->339412K(1001600K), 0.0135570 secs] [Times: user=0.04 sys=0.00, real=0.01 secs] 
2014-07-07T20:26:34.631+0000: 2662.551: [GC [PSYoungGen: 314602K->1076K(305856K)] 652756K->339262K(992832K), 0.0143090 secs] [Times: user=0.05 sys=0.00, real=0.01 secs] 
2014-07-07T20:26:35.813+0000: 2663.733: [GC [PSYoungGen: 305844K->866K(297408K)] 644030K->339426K(984384K), 0.0128030 secs] [Times: user=0.04 sys=0.00, real=0.01 secs] 
2014-07-07T20:26:36.991+0000: 2664.912: [GC [PSYoungGen: 297378K->1460K(357312K)] 635938K->340069K(1044288K), 0.0151620 secs] [Times: user=0.05 sys=0.01, real=0.01 secs] 
2014-07-07T20:26:38.388+0000: 2666.308: [GC [PSYoungGen: 357300K->880K(427904K)] 695909K->339780K(1114880K), 0.0175170 secs] [Times: user=0.06 sys=0.00, real=0.02 secs] 
2014-07-07T20:26:40.045+0000: 2667.966: [GC [PSYoungGen: 427888K->1314K(513792K)] 766788K->340295K(1200768K), 0.0153940 secs] [Times: user=0.06 sys=0.00, real=0.01 secs] 
2014-07-07T20:26:42.069+0000: 2669.990: [GC [PSYoungGen: 513762K->1001K(496448K)] 852743K->340277K(1183424K), 0.0109360 secs] [Times: user=0.02 sys=0.01, real=0.01 secs] 
2014-07-07T20:26:44.024+0000: 2671.944: [GC [PSYoungGen: 496407K->1236K(480448K)] 835683K->340552K(1167424K), 0.0199990 secs] [Times: user=0.05 sys=0.00, real=0.02 secs] 
2014-07-07T20:26:45.900+0000: 2673.821: [GC [PSYoungGen: 480404K->948K(464576K)] 819720K->340440K(1151552K), 0.0133620 secs] [Times: user=0.04 sys=0.00, real=0.02 secs] 
2014-07-07T20:26:47.735+0000: 2675.655: [GC [PSYoungGen: 464496K->1513K(450304K)] 803988K->341045K(1137280K), 0.0191890 secs] [Times: user=0.07 sys=0.00, real=0.02 secs] 
2014-07-07T20:26:49.519+0000: 2677.439: [GC [PSYoungGen: 450281K->626K(435200K)] 789813K->341020K(1122176K), 0.0097780 secs] [Times: user=0.03 sys=0.00, real=0.01 secs] 
2014-07-07T20:26:51.206+0000: 2679.127: [GC [PSYoungGen: 435170K->1652K(422592K)] 775565K->342224K(1109568K), 0.0087440 secs] [Times: user=0.01 sys=0.00, real=0.01 secs] 
2014-07-07T20:26:52.863+0000: 2680.783: [GC [PSYoungGen: 422555K->1086K(409024K)] 763128K->342142K(1096000K), 0.0129790 secs] [Times: user=0.05 sys=0.00, real=0.01 secs] 
2014-07-07T20:26:54.494+0000: 2682.415: [GC [PSYoungGen: 409022K->1296K(396800K)] 750078K->342482K(1083776K), 0.0150380 secs] [Times: user=0.05 sys=0.00, real=0.01 secs] 
2014-07-07T20:26:56.048+0000: 2683.969: [GC [PSYoungGen: 396752K->1140K(384640K)] 737938K->342406K(1071616K), 0.0103880 secs] [Times: user=0.02 sys=0.00, real=0.01 secs] 
2014-07-07T20:26:57.567+0000: 2685.487: [GC [PSYoungGen: 384599K->1296K(373376K)] 725865K->342610K(1060352K), 0.0103590 secs] [Times: user=0.04 sys=0.00, real=0.01 secs] 
2014-07-07T20:26:59.010+0000: 2686.930: [GC [PSYoungGen: 373237K->1271K(362368K)] 714552K->342831K(1049344K), 0.0260690 secs] [Times: user=0.09 sys=0.00, real=0.03 secs] 
2014-07-07T20:27:00.402+0000: 2688.323: [GC [PSYoungGen: 362359K->1140K(434496K)] 703919K->342756K(1121472K), 0.0205710 secs] [Times: user=0.07 sys=0.00, real=0.02 secs] 
2014-07-07T20:27:02.099+0000: 2690.019: [GC [PSYoungGen: 434484K->1200K(521280K)] 776100K->342897K(1208256K), 0.0264510 secs] [Times: user=0.10 sys=0.00, real=0.03 secs] 
2014-07-07T20:27:04.157+0000: 2692.077: [GC [PSYoungGen: 521264K->1264K(625408K)] 862961K->343008K(1312384K), 0.0171710 secs] [Times: user=0.05 sys=0.00, real=0.02 secs] 
2014-07-07T20:27:06.619+0000: 2694.539: [GC [PSYoungGen: 625392K->1004K(603072K)] 967136K->342984K(1290048K), 0.0123040 secs] [Times: user=0.04 sys=0.00, real=0.01 secs] 
2014-07-07T20:27:09.010+0000: 2696.930: [GC [PSYoungGen: 603052K->1400K(582400K)] 945032K->343444K(1269376K), 0.0223800 secs] [Times: user=0.08 sys=0.00, real=0.02 secs] 
2014-07-07T20:27:11.325+0000: 2699.245: [GC [PSYoungGen: 582392K->930K(561856K)] 924436K->343264K(1248832K), 0.0188920 secs] [Times: user=0.06 sys=0.00, real=0.02 secs] 
2014-07-07T20:27:13.532+0000: 2701.452: [GC [PSYoungGen: 561826K->1574K(543296K)] 904160K->343972K(1230272K), 0.0124720 secs] [Times: user=0.03 sys=0.00, real=0.01 secs] 
2014-07-07T20:27:15.651+0000: 2703.571: [GC [PSYoungGen: 543270K->816K(524224K)] 885668K->343506K(1211200K), 0.0087640 secs] [Times: user=0.03 sys=0.00, real=0.01 secs] 
2014-07-07T20:27:17.724+0000: 2705.644: [GC [PSYoungGen: 524208K->1268K(507200K)] 866898K->343982K(1194176K), 0.0203710 secs] [Times: user=0.08 sys=0.00, real=0.02 secs] 
2014-07-07T20:27:19.734+0000: 2707.655: [GC [PSYoungGen: 507163K->1140K(490368K)] 849877K->344022K(1177344K), 0.0165160 secs] [Times: user=0.06 sys=0.00, real=0.02 secs] 
2014-07-07T20:27:21.656+0000: 2709.576: [GC [PSYoungGen: 490356K->1229K(474496K)] 833238K->344175K(1161472K), 0.0098040 secs] [Times: user=0.02 sys=0.00, real=0.01 secs] 
2014-07-07T20:27:23.527+0000: 2711.447: [GC [PSYoungGen: 474357K->940K(458880K)] 817304K->344231K(1145856K), 0.0049210 secs] [Times: user=0.02 sys=0.00, real=0.01 secs] 
2014-07-07T20:27:25.342+0000: 2713.262: [GC [PSYoungGen: 458843K->1361K(444736K)] 802134K->344676K(1131712K), 0.0056460 secs] [Times: user=0.01 sys=0.00, real=0.00 secs] 
2014-07-07T20:27:27.056+0000: 2714.976: [GC [PSYoungGen: 444687K->880K(430208K)] 788002K->344620K(1117184K), 0.0156740 secs] [Times: user=0.05 sys=0.00, real=0.02 secs] 
2014-07-07T20:27:28.729+0000: 2716.649: [GC [PSYoungGen: 430192K->1094K(417088K)] 773932K->344898K(1104064K), 0.0215520 secs] [Times: user=0.08 sys=0.00, real=0.02 secs] 
2014-07-07T20:27:30.387+0000: 2718.307: [GC [PSYoungGen: 417030K->1200K(404352K)] 760834K->345224K(1091328K), 0.0101710 secs] [Times: user=0.03 sys=0.00, real=0.01 secs] 
2014-07-07T20:27:31.950+0000: 2719.871: [GC [PSYoungGen: 404336K->1076K(391936K)] 748360K->345140K(1078912K), 0.0101320 secs] [Times: user=0.03 sys=0.00, real=0.01 secs] 
2014-07-07T20:27:33.500+0000: 2721.420: [GC [PSYoungGen: 391924K->948K(380032K)] 735988K->345337K(1067008K), 0.0130580 secs] [Times: user=0.04 sys=0.00, real=0.01 secs] 
2014-07-07T20:27:34.999+0000: 2722.919: [GC [PSYoungGen: 380020K->1552K(369408K)] 724409K->345997K(1056384K), 0.0115100 secs] [Times: user=0.04 sys=0.00, real=0.02 secs] 
2014-07-07T20:27:36.464+0000: 2724.385: [GC [PSYoungGen: 369308K->691K(357760K)] 713753K->345740K(1044736K), 0.0052430 secs] [Times: user=0.01 sys=0.00, real=0.01 secs] 
2014-07-07T20:27:38.006+0000: 2725.926: [GC [PSYoungGen: 357747K->1400K(348096K)] 702796K->346505K(1035072K), 0.0119480 secs] [Times: user=0.05 sys=0.00, real=0.01 secs] 
2014-07-07T20:27:39.614+0000: 2727.534: [GC [PSYoungGen: 348085K->1261K(338048K)] 693190K->346642K(1025024K), 0.0126690 secs] [Times: user=0.04 sys=0.01, real=0.01 secs] 
2014-07-07T20:27:41.191+0000: 2729.112: [GC [PSYoungGen: 338029K->1140K(328384K)] 683410K->346577K(1015360K), 0.0273880 secs] [Times: user=0.10 sys=0.00, real=0.02 secs] 
2014-07-07T20:27:42.694+0000: 2730.614: [GC [PSYoungGen: 328365K->948K(319040K)] 673803K->346409K(1006016K), 0.0057420 secs] [Times: user=0.01 sys=0.00, real=0.00 secs] 
2014-07-07T20:27:44.184+0000: 2732.104: [GC [PSYoungGen: 319028K->1012K(310336K)] 664489K->346497K(997312K), 0.0057880 secs] [Times: user=0.02 sys=0.00, real=0.00 secs] 
2014-07-07T20:27:45.633+0000: 2733.553: [GC [PSYoungGen: 310276K->1144K(302080K)] 655761K->346661K(989056K), 0.0055950 secs] [Times: user=0.01 sys=0.00, real=0.00 secs] 
2014-07-07T20:27:47.033+0000: 2734.953: [GC [PSYoungGen: 302026K->1346K(294272K)] 647543K->346911K(981248K), 0.0179730 secs] [Times: user=0.07 sys=0.00, real=0.01 secs] 
2014-07-07T20:27:48.367+0000: 2736.287: [GC [PSYoungGen: 294210K->954K(286080K)] 639775K->346805K(973056K), 0.0143610 secs] [Times: user=0.05 sys=0.00, real=0.02 secs] 
2014-07-07T20:27:49.697+0000: 2737.617: [GC [PSYoungGen: 286026K->1578K(279296K)] 631877K->347485K(966272K), 0.0101130 secs] [Times: user=0.03 sys=0.00, real=0.01 secs] 
2014-07-07T20:27:50.992+0000: 2738.912: [GC [PSYoungGen: 279265K->805K(271360K)] 625172K->347400K(958336K), 0.0146730 secs] [Times: user=0.05 sys=0.00, real=0.01 secs] 
2014-07-07T20:27:52.251+0000: 2740.171: [GC [PSYoungGen: 271333K->1350K(265024K)] 617928K->347993K(952000K), 0.0104910 secs] [Times: user=0.03 sys=0.00, real=0.01 secs] 
2014-07-07T20:27:53.467+0000: 2741.388: [GC [PSYoungGen: 264950K->1012K(257984K)] 611593K->347801K(944960K), 0.0165000 secs] [Times: user=0.06 sys=0.00, real=0.02 secs] 
2014-07-07T20:27:54.632+0000: 2742.552: [GC [PSYoungGen: 257964K->1243K(309632K)] 604754K->348072K(996608K), 0.0184620 secs] [Times: user=0.06 sys=0.00, real=0.02 secs] 
2014-07-07T20:27:56.099+0000: 2744.020: [GC [PSYoungGen: 309577K->1321K(371392K)] 656406K->348183K(1058368K), 0.0227180 secs] [Times: user=0.08 sys=0.00, real=0.03 secs] 
2014-07-07T20:27:57.831+0000: 2745.751: [GC [PSYoungGen: 371369K->1268K(445376K)] 718231K->348185K(1132352K), 0.0160870 secs] [Times: user=0.05 sys=0.00, real=0.02 secs] 
2014-07-07T20:27:59.918+0000: 2747.838: [GC [PSYoungGen: 445327K->866K(430976K)] 792244K->347969K(1117952K), 0.0056230 secs] [Times: user=0.01 sys=0.00, real=0.01 secs] 
2014-07-07T20:28:01.926+0000: 2749.846: [GC [PSYoungGen: 430930K->1176K(417856K)] 778033K->348351K(1104832K), 0.0097760 secs] [Times: user=0.02 sys=0.01, real=0.01 secs] 
2014-07-07T20:28:03.875+0000: 2751.796: [GC [PSYoungGen: 417816K->1257K(405056K)] 764991K->348603K(1092032K), 0.0181890 secs] [Times: user=0.07 sys=0.00, real=0.02 secs] 
2014-07-07T20:28:05.726+0000: 2753.646: [GC [PSYoungGen: 404985K->1296K(392832K)] 752330K->348682K(1079808K), 0.0161280 secs] [Times: user=0.06 sys=0.00, real=0.01 secs] 
2014-07-07T20:28:07.578+0000: 2755.498: [GC [PSYoungGen: 392784K->752K(380480K)] 740170K->348708K(1067456K), 0.0165200 secs] [Times: user=0.06 sys=0.00, real=0.02 secs] 
2014-07-07T20:28:09.319+0000: 2757.239: [GC [PSYoungGen: 380464K->1432K(457152K)] 728420K->349468K(1144128K), 0.0407020 secs] [Times: user=0.15 sys=0.00, real=0.04 secs] 
2014-07-07T20:28:11.417+0000: 2759.338: [GC [PSYoungGen: 457099K->1129K(547968K)] 805134K->349459K(1234944K), 0.0178300 secs] [Times: user=0.05 sys=0.00, real=0.02 secs] 
2014-07-07T20:28:13.965+0000: 2761.886: [GC [PSYoungGen: 547945K->1407K(529664K)] 896275K->349809K(1216640K), 0.0143530 secs] [Times: user=0.05 sys=0.00, real=0.01 secs] 
2014-07-07T20:28:16.451+0000: 2764.371: [GC [PSYoungGen: 529663K->805K(511360K)] 878065K->349591K(1198336K), 0.0046870 secs] [Times: user=0.01 sys=0.00, real=0.01 secs] 
2014-07-07T20:28:18.824+0000: 2766.744: [GC [PSYoungGen: 511333K->1468K(495040K)] 860119K->350326K(1182016K), 0.0296670 secs] [Times: user=0.10 sys=0.00, real=0.03 secs] 
2014-07-07T20:28:21.132+0000: 2769.053: [GC [PSYoungGen: 494990K->1065K(478464K)] 843848K->350373K(1165440K), 0.0162570 secs] [Times: user=0.06 sys=0.00, real=0.02 secs] 
2014-07-07T20:28:23.360+0000: 2771.280: [GC [PSYoungGen: 478441K->1158K(463104K)] 827749K->350522K(1150080K), 0.0282720 secs] [Times: user=0.11 sys=0.00, real=0.03 secs] 
2014-07-07T20:28:25.505+0000: 2773.425: [GC [PSYoungGen: 463046K->980K(448128K)] 812410K->350442K(1135104K), 0.0176800 secs] [Times: user=0.05 sys=0.00, real=0.02 secs] 
2014-07-07T20:28:27.569+0000: 2775.489: [GC [PSYoungGen: 448062K->1290K(434304K)] 797524K->350776K(1121280K), 0.0102050 secs] [Times: user=0.03 sys=0.00, real=0.01 secs] 
2014-07-07T20:28:29.583+0000: 2777.503: [GC [PSYoungGen: 434250K->1150K(420544K)] 783736K->350822K(1107520K), 0.0104070 secs] [Times: user=0.04 sys=0.00, real=0.01 secs] 
2014-07-07T20:28:31.576+0000: 2779.496: [GC [PSYoungGen: 420517K->1385K(407872K)] 770189K->351106K(1094848K), 0.0166760 secs] [Times: user=0.05 sys=0.00, real=0.02 secs] 
2014-07-07T20:28:33.508+0000: 2781.429: [GC [PSYoungGen: 407848K->826K(394880K)] 757569K->350872K(1081856K), 0.0112740 secs] [Times: user=0.04 sys=0.00, real=0.01 secs] 
2014-07-07T20:28:35.345+0000: 2783.266: [GC [PSYoungGen: 394874K->1360K(383552K)] 744920K->351430K(1070528K), 0.0063520 secs] [Times: user=0.01 sys=0.00, real=0.01 secs] 
2014-07-07T20:28:37.116+0000: 2785.037: [GC [PSYoungGen: 383504K->1140K(371904K)] 733574K->351338K(1058880K), 0.0150140 secs] [Times: user=0.05 sys=0.00, real=0.02 secs] 
2014-07-07T20:28:38.815+0000: 2786.735: [GC [PSYoungGen: 371867K->1044K(360960K)] 722066K->351314K(1047936K), 0.0174880 secs] [Times: user=0.07 sys=0.00, real=0.02 secs] 
2014-07-07T20:28:40.453+0000: 2788.373: [GC [PSYoungGen: 360906K->1126K(350592K)] 711176K->351484K(1037568K), 0.0154070 secs] [Times: user=0.05 sys=0.00, real=0.01 secs] 
2014-07-07T20:28:42.086+0000: 2790.006: [GC [PSYoungGen: 350559K->1158K(340608K)] 700917K->351564K(1027584K), 0.0221160 secs] [Times: user=0.07 sys=0.00, real=0.02 secs] 
2014-07-07T20:28:43.656+0000: 2791.576: [GC [PSYoungGen: 340550K->882K(330688K)] 690956K->351755K(1017664K), 0.0102730 secs] [Times: user=0.04 sys=0.00, real=0.01 secs] 
2014-07-07T20:28:45.188+0000: 2793.109: [GC [PSYoungGen: 330670K->1528K(322112K)] 681543K->352432K(1009088K), 0.0067850 secs] [Times: user=0.01 sys=0.00, real=0.01 secs] 
2014-07-07T20:28:46.689+0000: 2794.609: [GC [PSYoungGen: 322095K->816K(312576K)] 672999K->352046K(999552K), 0.0039090 secs] [Times: user=0.01 sys=0.00, real=0.01 secs] 
2014-07-07T20:28:48.182+0000: 2796.102: [GC [PSYoungGen: 312560K->1222K(304512K)] 663790K->352508K(991488K), 0.0246240 secs] [Times: user=0.09 sys=0.00, real=0.02 secs] 
2014-07-07T20:28:49.615+0000: 2797.535: [GC [PSYoungGen: 304454K->1133K(365056K)] 655740K->352557K(1052032K), 0.0199260 secs] [Times: user=0.07 sys=0.00, real=0.02 secs] 
2014-07-07T20:28:51.283+0000: 2799.203: [GC [PSYoungGen: 365036K->1360K(354688K)] 716460K->352816K(1041664K), 0.0150310 secs] [Times: user=0.05 sys=0.00, real=0.01 secs] 
2014-07-07T20:28:52.944+0000: 2800.864: [GC [PSYoungGen: 354640K->688K(343808K)] 706096K->352609K(1030784K), 0.0147300 secs] [Times: user=0.05 sys=0.00, real=0.01 secs] 
2014-07-07T20:28:54.534+0000: 2802.454: [GC [PSYoungGen: 343792K->1190K(334528K)] 695713K->353159K(1021504K), 0.0142660 secs] [Times: user=0.05 sys=0.00, real=0.01 secs] 
2014-07-07T20:28:56.109+0000: 2804.030: [GC [PSYoungGen: 334502K->1314K(401344K)] 686471K->353511K(1088320K), 0.0331570 secs] [Times: user=0.11 sys=0.00, real=0.04 secs] 
2014-07-07T20:28:57.970+0000: 2805.890: [GC [PSYoungGen: 401314K->1140K(481152K)] 753511K->353377K(1168128K), 0.0582720 secs] [Times: user=0.17 sys=0.00, real=0.06 secs] 
2014-07-07T20:29:00.184+0000: 2808.104: [GC [PSYoungGen: 481069K->766K(576768K)] 833306K->353445K(1263744K), 0.0170020 secs] [Times: user=0.05 sys=0.00, real=0.01 secs] 
2014-07-07T20:29:02.873+0000: 2810.793: [GC [PSYoungGen: 576752K->1504K(692736K)] 929431K->354329K(1379712K), 0.0207430 secs] [Times: user=0.06 sys=0.00, real=0.02 secs] 
2014-07-07T20:29:06.090+0000: 2814.010: [GC [PSYoungGen: 692700K->816K(830272K)] 1045525K->354127K(1517248K), 0.0266170 secs] [Times: user=0.09 sys=0.00, real=0.03 secs] 
2014-07-07T20:29:09.952+0000: 2817.872: [GC [PSYoungGen: 830256K->1514K(799360K)] 1183567K->354947K(1486336K), 0.0154180 secs] [Times: user=0.05 sys=0.00, real=0.02 secs] 
2014-07-07T20:29:13.707+0000: 2821.627: [GC [PSYoungGen: 799317K->980K(768704K)] 1152750K->354723K(1455680K), 0.0043200 secs] [Times: user=0.01 sys=0.00, real=0.00 secs] 
2014-07-07T20:29:17.283+0000: 2825.203: [GC [PSYoungGen: 768660K->1232K(740224K)] 1122403K->355007K(1427200K), 0.0045020 secs] [Times: user=0.01 sys=0.00, real=0.01 secs] 
2014-07-07T20:29:20.718+0000: 2828.638: [GC [PSYoungGen: 740138K->1200K(712768K)] 1093914K->355119K(1399744K), 0.0103910 secs] [Times: user=0.04 sys=0.01, real=0.01 secs] 
2014-07-07T20:29:24.047+0000: 2831.967: [GC [PSYoungGen: 712752K->1268K(686720K)] 1066671K->355259K(1373696K), 0.0111180 secs] [Times: user=0.02 sys=0.00, real=0.01 secs] 
2014-07-07T20:29:27.288+0000: 2835.209: [GC [PSYoungGen: 686708K->882K(661440K)] 1040699K->355428K(1348416K), 0.0224040 secs] [Times: user=0.07 sys=0.00, real=0.02 secs] 
2014-07-07T20:29:30.386+0000: 2838.306: [GC [PSYoungGen: 661426K->1658K(638464K)] 1015972K->356671K(1325440K), 0.0092880 secs] [Times: user=0.03 sys=0.00, real=0.01 secs] 
2014-07-07T20:29:33.383+0000: 2841.304: [GC [PSYoungGen: 638458K->816K(614976K)] 993471K->356448K(1301952K), 0.0264020 secs] [Times: user=0.09 sys=0.00, real=0.03 secs] 
2014-07-07T20:29:36.242+0000: 2844.163: [GC [PSYoungGen: 614960K->1336K(593920K)] 970592K->357056K(1280896K), 0.0314530 secs] [Times: user=0.11 sys=0.00, real=0.03 secs] 
2014-07-07T20:29:39.002+0000: 2846.922: [GC [PSYoungGen: 593912K->1520K(573504K)] 949632K->357444K(1260480K), 0.0252210 secs] [Times: user=0.09 sys=0.00, real=0.02 secs] 
2014-07-07T20:29:41.664+0000: 2849.585: [GC [PSYoungGen: 573488K->1140K(553408K)] 929412K->357168K(1240384K), 0.0098440 secs] [Times: user=0.03 sys=0.00, real=0.01 secs] 
2014-07-07T20:29:44.225+0000: 2852.145: [GC [PSYoungGen: 553377K->1076K(534528K)] 909406K->357144K(1221504K), 0.0119260 secs] [Times: user=0.05 sys=0.00, real=0.01 secs] 
2014-07-07T20:29:46.719+0000: 2854.639: [GC [PSYoungGen: 534516K->1076K(516608K)] 890584K->357184K(1203584K), 0.0089240 secs] [Times: user=0.03 sys=0.00, real=0.00 secs] 
2014-07-07T20:29:49.134+0000: 2857.054: [GC [PSYoungGen: 516596K->1236K(499648K)] 872704K->357416K(1186624K), 0.0161340 secs] [Times: user=0.05 sys=0.00, real=0.02 secs] 
2014-07-07T20:29:51.431+0000: 2859.351: [GC [PSYoungGen: 499559K->1286K(483328K)] 855739K->357554K(1170304K), 0.0176860 secs] [Times: user=0.07 sys=0.00, real=0.01 secs] 
2014-07-07T20:29:53.626+0000: 2861.546: [GC [PSYoungGen: 483268K->1133K(467456K)] 839536K->357481K(1154432K), 0.0172640 secs] [Times: user=0.06 sys=0.00, real=0.02 secs] 
2014-07-07T20:29:55.789+0000: 2863.709: [GC [PSYoungGen: 467385K->1197K(452544K)] 823733K->357593K(1139520K), 0.0100650 secs] [Times: user=0.04 sys=0.00, real=0.01 secs] 
2014-07-07T20:29:57.891+0000: 2865.811: [GC [PSYoungGen: 452525K->1130K(438144K)] 808921K->357598K(1125120K), 0.0159510 secs] [Times: user=0.06 sys=0.00, real=0.01 secs] 
2014-07-07T20:29:59.923+0000: 2867.843: [GC [PSYoungGen: 438107K->1062K(424384K)] 794575K->357634K(1111360K), 0.0101080 secs] [Times: user=0.03 sys=0.00, real=0.01 secs] 
2014-07-07T20:30:01.898+0000: 2869.818: [GC [PSYoungGen: 424338K->998K(508992K)] 780910K->357618K(1195968K), 0.0469060 secs] [Times: user=0.15 sys=0.00, real=0.05 secs] 
2014-07-07T20:30:04.244+0000: 2872.164: [GC [PSYoungGen: 508966K->1044K(492224K)] 865586K->357720K(1179200K), 0.0118380 secs] [Times: user=0.04 sys=0.00, real=0.01 secs] 
2014-07-07T20:30:06.547+0000: 2874.467: [GC [PSYoungGen: 492180K->1311K(476416K)] 848856K->358059K(1163392K), 0.0107150 secs] [Times: user=0.03 sys=0.00, real=0.01 secs] 
2014-07-07T20:30:08.737+0000: 2876.657: [GC [PSYoungGen: 476383K->1172K(460928K)] 833131K->357992K(1147904K), 0.0166580 secs] [Times: user=0.05 sys=0.00, real=0.02 secs] 
2014-07-07T20:30:10.876+0000: 2878.797: [GC [PSYoungGen: 460884K->826K(445824K)] 817704K->358044K(1132800K), 0.0115120 secs] [Times: user=0.04 sys=0.00, real=0.01 secs] 
2014-07-07T20:30:12.938+0000: 2880.858: [GC [PSYoungGen: 445800K->1144K(432064K)] 803018K->358394K(1119040K), 0.0036300 secs] [Times: user=0.01 sys=0.00, real=0.00 secs] 
2014-07-07T20:30:14.951+0000: 2882.871: [GC [PSYoungGen: 432056K->1076K(418560K)] 789306K->358522K(1105536K), 0.0044150 secs] [Times: user=0.01 sys=0.00, real=0.01 secs] 
2014-07-07T20:30:16.887+0000: 2884.808: [GC [PSYoungGen: 418548K->1204K(405824K)] 775994K->358698K(1092800K), 0.0128300 secs] [Times: user=0.04 sys=0.00, real=0.01 secs] 
2014-07-07T20:30:18.794+0000: 2886.714: [GC [PSYoungGen: 405812K->948K(393216K)] 763306K->358562K(1080192K), 0.0045440 secs] [Times: user=0.01 sys=0.00, real=0.00 secs] 
2014-07-07T20:30:20.608+0000: 2888.528: [GC [PSYoungGen: 393204K->1516K(382016K)] 750818K->359211K(1068992K), 0.0110980 secs] [Times: user=0.04 sys=0.00, real=0.01 secs] 
2014-07-07T20:30:22.358+0000: 2890.278: [GC [PSYoungGen: 381958K->638K(369792K)] 739652K->358788K(1056768K), 0.0266390 secs] [Times: user=0.10 sys=0.00, real=0.03 secs] 
2014-07-07T20:30:24.101+0000: 2892.021: [GC [PSYoungGen: 369753K->1176K(359552K)] 727904K->359358K(1046528K), 0.0150360 secs] [Times: user=0.03 sys=0.00, real=0.02 secs] 
2014-07-07T20:30:25.782+0000: 2893.702: [GC [PSYoungGen: 359489K->1324K(349312K)] 717671K->359711K(1036288K), 0.0130610 secs] [Times: user=0.04 sys=0.00, real=0.02 secs] 
2014-07-07T20:30:27.405+0000: 2895.325: [GC [PSYoungGen: 349292K->1076K(339072K)] 707679K->359486K(1026048K), 0.0115730 secs] [Times: user=0.04 sys=0.00, real=0.01 secs] 
2014-07-07T20:30:28.976+0000: 2896.897: [GC [PSYoungGen: 339054K->816K(329280K)] 697464K->359502K(1016256K), 0.0137190 secs] [Times: user=0.04 sys=0.00, real=0.01 secs] 
2014-07-07T20:30:30.506+0000: 2898.426: [GC [PSYoungGen: 329241K->1158K(320512K)] 687927K->359908K(1007488K), 0.0059280 secs] [Times: user=0.01 sys=0.00, real=0.00 secs] 
2014-07-07T20:30:31.989+0000: 2899.909: [GC [PSYoungGen: 320454K->1012K(311488K)] 679204K->359884K(998464K), 0.0129080 secs] [Times: user=0.05 sys=0.00, real=0.01 secs] 
2014-07-07T20:30:33.455+0000: 2901.375: [GC [PSYoungGen: 311476K->1076K(303104K)] 670348K->359980K(990080K), 0.0067040 secs] [Times: user=0.02 sys=0.00, real=0.01 secs] 
2014-07-07T20:30:34.874+0000: 2902.794: [GC [PSYoungGen: 303091K->1019K(294912K)] 661995K->360113K(981888K), 0.0050500 secs] [Times: user=0.02 sys=0.00, real=0.01 secs] 
2014-07-07T20:30:36.228+0000: 2904.148: [GC [PSYoungGen: 294871K->1158K(287296K)] 653965K->360284K(974272K), 0.0126620 secs] [Times: user=0.05 sys=0.00, real=0.01 secs] 
2014-07-07T20:30:37.571+0000: 2905.492: [GC [PSYoungGen: 287238K->866K(279488K)] 646364K->360210K(966464K), 0.0189780 secs] [Times: user=0.07 sys=0.00, real=0.02 secs] 
2014-07-07T20:30:38.865+0000: 2906.786: [GC [PSYoungGen: 279458K->1453K(272832K)] 638802K->360877K(959808K), 0.0121950 secs] [Times: user=0.05 sys=0.00, real=0.02 secs] 
2014-07-07T20:30:40.132+0000: 2908.052: [GC [PSYoungGen: 272813K->634K(326272K)] 632237K->360532K(1013248K), 0.0197400 secs] [Times: user=0.06 sys=0.00, real=0.02 secs] 
2014-07-07T20:30:41.650+0000: 2909.571: [GC [PSYoungGen: 326266K->1372K(317952K)] 686164K->361318K(1004928K), 0.0110260 secs] [Times: user=0.04 sys=0.00, real=0.01 secs] 
2014-07-07T20:30:43.116+0000: 2911.036: [GC [PSYoungGen: 317905K->1012K(308864K)] 677851K->361230K(995840K), 0.0145360 secs] [Times: user=0.06 sys=0.00, real=0.02 secs] 
2014-07-07T20:30:44.555+0000: 2912.475: [GC [PSYoungGen: 308852K->1204K(300736K)] 669070K->361462K(987712K), 0.0089280 secs] [Times: user=0.02 sys=0.00, real=0.01 secs] 
2014-07-07T20:30:45.943+0000: 2913.863: [GC [PSYoungGen: 300724K->998K(292544K)] 660982K->361498K(979520K), 0.0109550 secs] [Times: user=0.04 sys=0.00, real=0.01 secs] 
2014-07-07T20:30:47.303+0000: 2915.223: [GC [PSYoungGen: 292499K->1282K(285184K)] 652999K->361823K(972160K), 0.0044350 secs] [Times: user=0.01 sys=0.00, real=0.00 secs] 
2014-07-07T20:30:48.631+0000: 2916.552: [GC [PSYoungGen: 285122K->755K(277184K)] 645663K->361793K(964160K), 0.0140900 secs] [Times: user=0.06 sys=0.00, real=0.01 secs] 
2014-07-07T20:30:49.928+0000: 2917.848: [GC [PSYoungGen: 277170K->1382K(270720K)] 638209K->362477K(957696K), 0.0126340 secs] [Times: user=0.04 sys=0.01, real=0.02 secs] 
2014-07-07T20:30:51.218+0000: 2919.139: [GC [PSYoungGen: 270693K->940K(263424K)] 631787K->362549K(950400K), 0.0118720 secs] [Times: user=0.04 sys=0.00, real=0.02 secs] 
2014-07-07T20:30:52.455+0000: 2920.375: [GC [PSYoungGen: 263383K->1240K(257152K)] 624992K->362889K(944128K), 0.0067990 secs] [Times: user=0.02 sys=0.00, real=0.01 secs] 
2014-07-07T20:30:53.633+0000: 2921.553: [GC [PSYoungGen: 257089K->1008K(250560K)] 618738K->362957K(937536K), 0.0054480 secs] [Times: user=0.01 sys=0.01, real=0.00 secs] 
2014-07-07T20:30:54.793+0000: 2922.713: [GC [PSYoungGen: 250544K->1300K(244800K)] 612493K->363289K(931776K), 0.0145020 secs] [Times: user=0.06 sys=0.00, real=0.01 secs] 
2014-07-07T20:30:55.919+0000: 2923.840: [GC [PSYoungGen: 244737K->884K(238464K)] 606726K->363017K(925440K), 0.0054180 secs] [Times: user=0.01 sys=0.00, real=0.01 secs] 
2014-07-07T20:30:57.024+0000: 2924.944: [GC [PSYoungGen: 238452K->1236K(233152K)] 600585K->363401K(920128K), 0.0178090 secs] [Times: user=0.07 sys=0.00, real=0.02 secs] 
2014-07-07T20:30:58.123+0000: 2926.044: [GC [PSYoungGen: 233108K->1076K(227520K)] 595273K->363369K(914496K), 0.0057240 secs] [Times: user=0.02 sys=0.01, real=0.00 secs] 
2014-07-07T20:30:59.163+0000: 2927.083: [GC [PSYoungGen: 227508K->1488K(273280K)] 589801K->363861K(960256K), 0.0197170 secs] [Times: user=0.07 sys=0.00, real=0.02 secs] 
2014-07-07T20:31:00.422+0000: 2928.342: [GC [PSYoungGen: 273232K->506K(326656K)] 635605K->363530K(1013632K), 0.0245200 secs] [Times: user=0.09 sys=0.00, real=0.02 secs] 
2014-07-07T20:31:01.931+0000: 2929.851: [GC [PSYoungGen: 326650K->1329K(392768K)] 689674K->364393K(1079744K), 0.0039060 secs] [Times: user=0.01 sys=0.00, real=0.00 secs] 
2014-07-07T20:31:03.755+0000: 2931.675: [GC [PSYoungGen: 392753K->1140K(470912K)] 755817K->364577K(1157888K), 0.0250370 secs] [Times: user=0.09 sys=0.00, real=0.02 secs] 
2014-07-07T20:31:05.956+0000: 2933.876: [GC [PSYoungGen: 470900K->1200K(455872K)] 834337K->364669K(1142848K), 0.0055390 secs] [Times: user=0.01 sys=0.01, real=0.01 secs] 
2014-07-07T20:31:08.068+0000: 2935.988: [GC [PSYoungGen: 455847K->880K(441088K)] 819317K->364603K(1128064K), 0.0119530 secs] [Times: user=0.03 sys=0.00, real=0.01 secs] 
2014-07-07T20:31:10.114+0000: 2938.034: [GC [PSYoungGen: 441064K->1506K(427904K)] 804787K->365547K(1114880K), 0.0141640 secs] [Times: user=0.04 sys=0.00, real=0.01 secs] 
2014-07-07T20:31:12.103+0000: 2940.023: [GC [PSYoungGen: 427874K->688K(413824K)] 791915K->365257K(1100800K), 0.0137230 secs] [Times: user=0.04 sys=0.00, real=0.01 secs] 
2014-07-07T20:31:14.031+0000: 2941.951: [GC [PSYoungGen: 413777K->1446K(401920K)] 778346K->366048K(1088896K), 0.0158400 secs] [Times: user=0.06 sys=0.00, real=0.02 secs] 
2014-07-07T20:31:15.907+0000: 2943.827: [GC [PSYoungGen: 401894K->1108K(389440K)] 766496K->365929K(1076416K), 0.0106400 secs] [Times: user=0.03 sys=0.00, real=0.01 secs] 
2014-07-07T20:31:17.709+0000: 2945.630: [GC [PSYoungGen: 389396K->1140K(377792K)] 754217K->366009K(1064768K), 0.0114340 secs] [Times: user=0.03 sys=0.00, real=0.01 secs] 
2014-07-07T20:31:19.481+0000: 2947.401: [GC [PSYoungGen: 377738K->1204K(366720K)] 742608K->366177K(1053696K), 0.0172730 secs] [Times: user=0.05 sys=0.00, real=0.02 secs] 
2014-07-07T20:31:21.198+0000: 2949.118: [GC [PSYoungGen: 366665K->1268K(356096K)] 731639K->366305K(1043072K), 0.0128210 secs] [Times: user=0.04 sys=0.00, real=0.01 secs] 
2014-07-07T20:31:22.863+0000: 2950.783: [GC [PSYoungGen: 356047K->884K(345472K)] 721084K->366067K(1032448K), 0.0178480 secs] [Times: user=0.06 sys=0.00, real=0.02 secs] 
2014-07-07T20:31:24.467+0000: 2952.387: [GC [PSYoungGen: 345457K->1264K(336000K)] 710640K->366480K(1022976K), 0.0106490 secs] [Times: user=0.04 sys=0.00, real=0.01 secs] 
2014-07-07T20:31:26.042+0000: 2953.962: [GC [PSYoungGen: 335984K->948K(326272K)] 701200K->366219K(1013248K), 0.0160530 secs] [Times: user=0.05 sys=0.00, real=0.02 secs] 
2014-07-07T20:31:27.551+0000: 2955.471: [GC [PSYoungGen: 326260K->1357K(317696K)] 691531K->366669K(1004672K), 0.0194620 secs] [Times: user=0.06 sys=0.00, real=0.02 secs] 
2014-07-07T20:31:29.016+0000: 2956.937: [GC [PSYoungGen: 317645K->880K(380480K)] 682957K->366467K(1067456K), 0.0219880 secs] [Times: user=0.08 sys=0.00, real=0.02 secs] 
2014-07-07T20:31:30.810+0000: 2958.730: [GC [PSYoungGen: 380436K->1222K(369600K)] 746024K->366865K(1056576K), 0.0135720 secs] [Times: user=0.04 sys=0.00, real=0.01 secs] 
2014-07-07T20:31:32.505+0000: 2960.425: [GC [PSYoungGen: 369508K->1062K(443072K)] 735151K->366867K(1130048K), 0.0179150 secs] [Times: user=0.07 sys=0.00, real=0.01 secs] 
2014-07-07T20:31:34.562+0000: 2962.482: [GC [PSYoungGen: 443042K->1240K(429312K)] 808848K->367086K(1116288K), 0.0084950 secs] [Times: user=0.03 sys=0.00, real=0.01 secs] 
2014-07-07T20:31:36.540+0000: 2964.460: [GC [PSYoungGen: 429245K->766K(415488K)] 795091K->367030K(1102464K), 0.0156080 secs] [Times: user=0.04 sys=0.00, real=0.01 secs] 
2014-07-07T20:31:38.476+0000: 2966.396: [GC [PSYoungGen: 415486K->1496K(403520K)] 781750K->367848K(1090496K), 0.0109300 secs] [Times: user=0.04 sys=0.01, real=0.01 secs] 
2014-07-07T20:31:40.337+0000: 2968.257: [GC [PSYoungGen: 403480K->816K(390592K)] 769832K->367568K(1077568K), 0.0101970 secs] [Times: user=0.04 sys=0.00, real=0.01 secs] 
2014-07-07T20:31:42.148+0000: 2970.068: [GC [PSYoungGen: 390575K->1382K(379456K)] 757327K->368166K(1066432K), 0.0143530 secs] [Times: user=0.05 sys=0.00, real=0.01 secs] 
2014-07-07T20:31:43.888+0000: 2971.808: [GC [PSYoungGen: 379391K->880K(367744K)] 746175K->367894K(1054720K), 0.0045440 secs] [Times: user=0.01 sys=0.00, real=0.00 secs] 
2014-07-07T20:31:45.606+0000: 2973.526: [GC [PSYoungGen: 367713K->1062K(357184K)] 734728K->368108K(1044160K), 0.0109990 secs] [Times: user=0.04 sys=0.00, real=0.02 secs] 
2014-07-07T20:31:47.268+0000: 2975.188: [GC [PSYoungGen: 357157K->1076K(346880K)] 724203K->368154K(1033856K), 0.0061810 secs] [Times: user=0.01 sys=0.00, real=0.00 secs] 
2014-07-07T20:31:48.890+0000: 2976.810: [GC [PSYoungGen: 346868K->1108K(337088K)] 713946K->368274K(1024064K), 0.0181940 secs] [Times: user=0.06 sys=0.00, real=0.02 secs] 
2014-07-07T20:31:50.437+0000: 2978.357: [GC [PSYoungGen: 337044K->1001K(327488K)] 704210K->368387K(1014464K), 0.0147440 secs] [Times: user=0.05 sys=0.00, real=0.02 secs] 
2014-07-07T20:31:51.964+0000: 2979.885: [GC [PSYoungGen: 327447K->1372K(318784K)] 694833K->368806K(1005760K), 0.0136400 secs] [Times: user=0.05 sys=0.00, real=0.02 secs] 
2014-07-07T20:31:53.447+0000: 2981.367: [GC [PSYoungGen: 318699K->694K(309376K)] 686133K->368811K(996352K), 0.0122980 secs] [Times: user=0.04 sys=0.00, real=0.02 secs] 
2014-07-07T20:31:54.857+0000: 2982.777: [GC [PSYoungGen: 309366K->1322K(301632K)] 677483K->369478K(988608K), 0.0087620 secs] [Times: user=0.03 sys=0.00, real=0.01 secs] 
2014-07-07T20:31:56.276+0000: 2984.196: [GC [PSYoungGen: 301610K->1108K(293376K)] 669766K->369502K(980352K), 0.0176270 secs] [Times: user=0.06 sys=0.00, real=0.02 secs] 
2014-07-07T20:31:57.637+0000: 2985.558: [GC [PSYoungGen: 293332K->1172K(285696K)] 661726K->369638K(972672K), 0.0096350 secs] [Times: user=0.02 sys=0.00, real=0.01 secs] 
2014-07-07T20:31:58.961+0000: 2986.881: [GC [PSYoungGen: 285605K->880K(277952K)] 654072K->369666K(964928K), 0.0131020 secs] [Times: user=0.05 sys=0.00, real=0.01 secs] 
2014-07-07T20:32:00.255+0000: 2988.175: [GC [PSYoungGen: 277936K->1282K(271232K)] 646722K->370101K(958208K), 0.0173110 secs] [Times: user=0.07 sys=0.00, real=0.02 secs] 
2014-07-07T20:32:01.512+0000: 2989.432: [GC [PSYoungGen: 271170K->894K(263936K)] 639988K->370016K(950912K), 0.0057740 secs] [Times: user=0.02 sys=0.00, real=0.00 secs] 
2014-07-07T20:32:02.736+0000: 2990.656: [GC [PSYoungGen: 263934K->1290K(257792K)] 633056K->370452K(944768K), 0.0106070 secs] [Times: user=0.03 sys=0.00, real=0.01 secs] 
2014-07-07T20:32:03.939+0000: 2991.859: [GC [PSYoungGen: 257738K->890K(251008K)] 626900K->370473K(937984K), 0.0165240 secs] [Times: user=0.06 sys=0.00, real=0.02 secs] 
2014-07-07T20:32:05.096+0000: 2993.017: [GC [PSYoungGen: 251002K->1044K(301248K)] 620585K->370666K(988224K), 0.0223380 secs] [Times: user=0.08 sys=0.00, real=0.02 secs] 
2014-07-07T20:32:06.515+0000: 2994.435: [GC [PSYoungGen: 301202K->1044K(361280K)] 670825K->370738K(1048256K), 0.0231540 secs] [Times: user=0.09 sys=0.00, real=0.02 secs] 
2014-07-07T20:32:08.182+0000: 2996.103: [GC [PSYoungGen: 361236K->1204K(433472K)] 730930K->370970K(1120448K), 0.0258310 secs] [Times: user=0.09 sys=0.00, real=0.02 secs] 
2014-07-07T20:32:10.201+0000: 2998.121: [GC [PSYoungGen: 433410K->826K(519552K)] 803177K->370991K(1206528K), 0.0101380 secs] [Times: user=0.01 sys=0.01, real=0.01 secs] 
2014-07-07T20:32:12.597+0000: 3000.518: [GC [PSYoungGen: 519546K->1290K(623808K)] 889711K->371519K(1310784K), 0.0156780 secs] [Times: user=0.05 sys=0.00, real=0.02 secs] 
2014-07-07T20:32:15.463+0000: 3003.383: [GC [PSYoungGen: 623714K->805K(601344K)] 993943K->371632K(1288320K), 0.0197040 secs] [Times: user=0.07 sys=0.00, real=0.02 secs] 
2014-07-07T20:32:18.281+0000: 3006.201: [GC [PSYoungGen: 601317K->1514K(581056K)] 972144K->372397K(1268032K), 0.0192140 secs] [Times: user=0.06 sys=0.00, real=0.02 secs] 
2014-07-07T20:32:20.991+0000: 3008.911: [GC [PSYoungGen: 581020K->752K(560256K)] 951903K->372231K(1247232K), 0.0274520 secs] [Times: user=0.10 sys=0.00, real=0.03 secs] 
2014-07-07T20:32:23.563+0000: 3011.483: [GC [PSYoungGen: 560240K->1556K(541952K)] 931719K->373091K(1228928K), 0.0094750 secs] [Times: user=0.03 sys=0.00, real=0.00 secs] 
2014-07-07T20:32:26.060+0000: 3013.980: [GC [PSYoungGen: 541908K->890K(523008K)] 913443K->372899K(1209984K), 0.0244140 secs] [Times: user=0.09 sys=0.00, real=0.03 secs] 
2014-07-07T20:32:28.506+0000: 3016.426: [GC [PSYoungGen: 522967K->1382K(506048K)] 894976K->373431K(1193024K), 0.0083820 secs] [Times: user=0.03 sys=0.01, real=0.01 secs] 
2014-07-07T20:32:30.850+0000: 3018.770: [GC [PSYoungGen: 506022K->1044K(489088K)] 878071K->373295K(1176064K), 0.0143840 secs] [Times: user=0.05 sys=0.00, real=0.02 secs] 
2014-07-07T20:32:33.144+0000: 3021.064: [GC [PSYoungGen: 489044K->1300K(473408K)] 861295K->373599K(1160384K), 0.0136770 secs] [Times: user=0.03 sys=0.00, real=0.01 secs] 
2014-07-07T20:32:35.358+0000: 3023.278: [GC [PSYoungGen: 473364K->948K(457792K)] 845663K->373335K(1144768K), 0.0172830 secs] [Times: user=0.07 sys=0.00, real=0.02 secs] 
2014-07-07T20:32:37.497+0000: 3025.417: [GC [PSYoungGen: 457734K->1328K(443584K)] 830121K->373747K(1130560K), 0.0178090 secs] [Times: user=0.07 sys=0.00, real=0.02 secs] 
2014-07-07T20:32:39.574+0000: 3027.494: [GC [PSYoungGen: 443568K->1072K(429376K)] 815987K->373743K(1116352K), 0.0142200 secs] [Times: user=0.05 sys=0.00, real=0.02 secs] 
2014-07-07T20:32:41.585+0000: 3029.505: [GC [PSYoungGen: 429360K->1140K(416128K)] 802031K->373867K(1103104K), 0.0081880 secs] [Times: user=0.02 sys=0.00, real=0.01 secs] 
2014-07-07T20:32:43.524+0000: 3031.445: [GC [PSYoungGen: 416116K->1146K(403392K)] 788843K->374111K(1090368K), 0.0133820 secs] [Times: user=0.03 sys=0.00, real=0.02 secs] 
2014-07-07T20:32:45.397+0000: 3033.317: [GC [PSYoungGen: 403386K->1314K(391360K)] 776351K->374311K(1078336K), 0.0197580 secs] [Times: user=0.06 sys=0.00, real=0.02 secs] 
2014-07-07T20:32:47.234+0000: 3035.154: [GC [PSYoungGen: 391330K->866K(379200K)] 764327K->374199K(1066176K), 0.0066380 secs] [Times: user=0.02 sys=0.00, real=0.01 secs] 
2014-07-07T20:32:49.006+0000: 3036.927: [GC [PSYoungGen: 379170K->1126K(368256K)] 752503K->374539K(1055232K), 0.0123330 secs] [Times: user=0.04 sys=0.00, real=0.02 secs] 
2014-07-07T20:32:50.723+0000: 3038.643: [GC [PSYoungGen: 368187K->1186K(357568K)] 741601K->374804K(1044544K), 0.0133240 secs] [Times: user=0.05 sys=0.00, real=0.01 secs] 
2014-07-07T20:32:52.380+0000: 3040.300: [GC [PSYoungGen: 357538K->1204K(347264K)] 731156K->374869K(1034240K), 0.0071820 secs] [Times: user=0.02 sys=0.00, real=0.01 secs] 
2014-07-07T20:32:54.016+0000: 3041.937: [GC [PSYoungGen: 347252K->816K(337024K)] 720917K->374799K(1024000K), 0.0099060 secs] [Times: user=0.02 sys=0.00, real=0.01 secs] 
2014-07-07T20:32:55.578+0000: 3043.498: [GC [PSYoungGen: 336975K->1397K(328128K)] 710959K->375421K(1015104K), 0.0342170 secs] [Times: user=0.13 sys=0.00, real=0.03 secs] 
2014-07-07T20:32:57.112+0000: 3045.032: [GC [PSYoungGen: 328117K->1012K(318656K)] 702141K->375337K(1005632K), 0.0149990 secs] [Times: user=0.06 sys=0.00, real=0.01 secs] 
2014-07-07T20:32:58.609+0000: 3046.530: [GC [PSYoungGen: 318644K->1108K(310080K)] 692969K->375513K(997056K), 0.0054460 secs] [Times: user=0.02 sys=0.00, real=0.00 secs] 
2014-07-07T20:33:00.024+0000: 3047.944: [GC [PSYoungGen: 310036K->1086K(301632K)] 684441K->375662K(988608K), 0.0044020 secs] [Times: user=0.02 sys=0.00, real=0.01 secs] 
2014-07-07T20:33:01.448+0000: 3049.368: [GC [PSYoungGen: 301609K->1254K(293760K)] 676184K->375869K(980736K), 0.0121140 secs] [Times: user=0.04 sys=0.00, real=0.02 secs] 
2014-07-07T20:33:02.824+0000: 3050.744: [GC [PSYoungGen: 293718K->762K(285504K)] 668334K->375852K(972480K), 0.0165720 secs] [Times: user=0.05 sys=0.00, real=0.02 secs] 
2014-07-07T20:33:04.133+0000: 3052.053: [GC [PSYoungGen: 285459K->1529K(278848K)] 660549K->376829K(965824K), 0.0070000 secs] [Times: user=0.02 sys=0.00, real=0.01 secs] 
2014-07-07T20:33:05.439+0000: 3053.360: [GC [PSYoungGen: 278841K->822K(270976K)] 654141K->376920K(957952K), 0.0226770 secs] [Times: user=0.08 sys=0.00, real=0.02 secs] 
2014-07-07T20:33:06.705+0000: 3054.625: [GC [PSYoungGen: 270966K->1354K(325632K)] 647064K->377556K(1012608K), 0.0185130 secs] [Times: user=0.07 sys=0.00, real=0.02 secs] 
2014-07-07T20:33:08.204+0000: 3056.124: [GC [PSYoungGen: 325578K->1204K(390336K)] 701780K->377692K(1077312K), 0.0136300 secs] [Times: user=0.05 sys=0.00, real=0.01 secs] 
2014-07-07T20:33:10.024+0000: 3057.944: [GC [PSYoungGen: 390324K->1200K(468160K)] 766812K->377744K(1155136K), 0.0355210 secs] [Times: user=0.13 sys=0.00, real=0.03 secs] 
2014-07-07T20:33:12.228+0000: 3060.148: [GC [PSYoungGen: 468122K->1012K(561408K)] 844666K->377596K(1248384K), 0.0201490 secs] [Times: user=0.07 sys=0.00, real=0.02 secs] 
2014-07-07T20:33:14.878+0000: 3062.798: [GC [PSYoungGen: 561396K->1076K(542336K)] 937980K->377716K(1229312K), 0.0122150 secs] [Times: user=0.02 sys=0.01, real=0.01 secs] 
2014-07-07T20:33:17.442+0000: 3065.362: [GC [PSYoungGen: 542276K->1396K(524352K)] 918917K->378108K(1211328K), 0.0112680 secs] [Times: user=0.03 sys=0.00, real=0.01 secs] 
2014-07-07T20:33:19.909+0000: 3067.829: [GC [PSYoungGen: 524340K->1076K(506560K)] 901052K->377876K(1193536K), 0.0185020 secs] [Times: user=0.07 sys=0.00, real=0.02 secs] 
2014-07-07T20:33:22.276+0000: 3070.196: [GC [PSYoungGen: 506548K->998K(489792K)] 883348K->377974K(1176768K), 0.0251150 secs] [Times: user=0.06 sys=0.00, real=0.02 secs] 
2014-07-07T20:33:24.563+0000: 3072.483: [GC [PSYoungGen: 489766K->1044K(473856K)] 866742K->378068K(1160832K), 0.0211740 secs] [Times: user=0.08 sys=0.00, real=0.02 secs] 
2014-07-07T20:33:26.807+0000: 3074.727: [GC [PSYoungGen: 473798K->1076K(458560K)] 850822K->378156K(1145536K), 0.0253020 secs] [Times: user=0.10 sys=0.00, real=0.02 secs] 
2014-07-07T20:33:28.972+0000: 3076.892: [GC [PSYoungGen: 458501K->1147K(444032K)] 835581K->378291K(1131008K), 0.0043760 secs] [Times: user=0.01 sys=0.00, real=0.01 secs] 
2014-07-07T20:33:31.066+0000: 3078.986: [GC [PSYoungGen: 443993K->1126K(430080K)] 821137K->378366K(1117056K), 0.0143740 secs] [Times: user=0.04 sys=0.00, real=0.01 secs] 
2014-07-07T20:33:33.041+0000: 3080.961: [GC [PSYoungGen: 430054K->1044K(416640K)] 807294K->378356K(1103616K), 0.0195290 secs] [Times: user=0.06 sys=0.00, real=0.02 secs] 
2014-07-07T20:33:34.948+0000: 3082.868: [GC [PSYoungGen: 416574K->1012K(403776K)] 793886K->378420K(1090752K), 0.0066300 secs] [Times: user=0.02 sys=0.01, real=0.01 secs] 
2014-07-07T20:33:36.820+0000: 3084.740: [GC [PSYoungGen: 403764K->1172K(391744K)] 781172K->378620K(1078720K), 0.0061630 secs] [Times: user=0.02 sys=0.00, real=0.01 secs] 
2014-07-07T20:33:38.639+0000: 3086.559: [GC [PSYoungGen: 391700K->1012K(379840K)] 769148K->378588K(1066816K), 0.0262930 secs] [Times: user=0.09 sys=0.00, real=0.03 secs] 
2014-07-07T20:33:40.416+0000: 3088.336: [GC [PSYoungGen: 379828K->1300K(368896K)] 757404K->378940K(1055872K), 0.0110690 secs] [Times: user=0.04 sys=0.01, real=0.01 secs] 
2014-07-07T20:33:42.122+0000: 3090.042: [GC [PSYoungGen: 368815K->765K(441856K)] 746455K->379012K(1128832K), 0.0329010 secs] [Times: user=0.11 sys=0.01, real=0.03 secs] 
2014-07-07T20:33:44.193+0000: 3092.113: [GC [PSYoungGen: 441853K->1592K(428800K)] 820100K->379929K(1115776K), 0.0110700 secs] [Times: user=0.03 sys=0.00, real=0.01 secs] 
2014-07-07T20:33:46.206+0000: 3094.126: [GC [PSYoungGen: 428792K->866K(414784K)] 807129K->379773K(1101760K), 0.0236300 secs] [Times: user=0.08 sys=0.00, real=0.02 secs] 
2014-07-07T20:33:48.129+0000: 3096.049: [GC [PSYoungGen: 414754K->1254K(402432K)] 793661K->380217K(1089408K), 0.0168830 secs] [Times: user=0.06 sys=0.00, real=0.02 secs] 
2014-07-07T20:33:50.001+0000: 3097.922: [GC [PSYoungGen: 402390K->1012K(390016K)] 781354K->380169K(1076992K), 0.0055120 secs] [Times: user=0.01 sys=0.00, real=0.01 secs] 
2014-07-07T20:33:51.816+0000: 3099.737: [GC [PSYoungGen: 390004K->1044K(378432K)] 769161K->380265K(1065408K), 0.0273150 secs] [Times: user=0.10 sys=0.00, real=0.02 secs] 
2014-07-07T20:33:53.572+0000: 3101.492: [GC [PSYoungGen: 378388K->1108K(367296K)] 757609K->380393K(1054272K), 0.0125050 secs] [Times: user=0.03 sys=0.00, real=0.01 secs] 
2014-07-07T20:33:55.261+0000: 3103.181: [GC [PSYoungGen: 367185K->1112K(356608K)] 746471K->380429K(1043584K), 0.0142120 secs] [Times: user=0.05 sys=0.01, real=0.01 secs] 
2014-07-07T20:33:56.911+0000: 3104.831: [GC [PSYoungGen: 356539K->1062K(346304K)] 735857K->380459K(1033280K), 0.0117190 secs] [Times: user=0.03 sys=0.00, real=0.01 secs] 
2014-07-07T20:33:58.525+0000: 3106.445: [GC [PSYoungGen: 346273K->1204K(415488K)] 725671K->380705K(1102464K), 0.0301130 secs] [Times: user=0.10 sys=0.00, real=0.03 secs] 
2014-07-07T20:34:00.427+0000: 3108.348: [GC [PSYoungGen: 415476K->948K(498112K)] 794977K->380593K(1185088K), 0.0159790 secs] [Times: user=0.06 sys=0.00, real=0.02 secs] 
2014-07-07T20:34:02.737+0000: 3110.657: [GC [PSYoungGen: 498100K->1108K(481984K)] 877745K->380809K(1168960K), 0.0126890 secs] [Times: user=0.05 sys=0.00, real=0.02 secs] 
2014-07-07T20:34:05.003+0000: 3112.923: [GC [PSYoungGen: 481932K->998K(466240K)] 861634K->380972K(1153216K), 0.0047020 secs] [Times: user=0.01 sys=0.00, real=0.00 secs] 
2014-07-07T20:34:07.155+0000: 3115.075: [GC [PSYoungGen: 466214K->1179K(451520K)] 846188K->381178K(1138496K), 0.0052820 secs] [Times: user=0.02 sys=0.00, real=0.01 secs] 
2014-07-07T20:34:09.269+0000: 3117.190: [GC [PSYoungGen: 451443K->866K(436928K)] 831441K->381258K(1123904K), 0.0338310 secs] [Times: user=0.12 sys=0.00, real=0.03 secs] 
2014-07-07T20:34:11.292+0000: 3119.212: [GC [PSYoungGen: 436898K->1240K(423616K)] 817290K->381688K(1110592K), 0.0149380 secs] [Times: user=0.04 sys=0.00, real=0.01 secs] 
2014-07-07T20:34:13.283+0000: 3121.203: [GC [PSYoungGen: 423535K->940K(410240K)] 803983K->381814K(1097216K), 0.0135030 secs] [Times: user=0.05 sys=0.00, real=0.01 secs] 
2014-07-07T20:34:15.192+0000: 3123.112: [GC [PSYoungGen: 410220K->1268K(398016K)] 791094K->382190K(1084992K), 0.0207650 secs] [Times: user=0.07 sys=0.00, real=0.02 secs] 
2014-07-07T20:34:17.038+0000: 3124.959: [GC [PSYoungGen: 398004K->866K(385664K)] 778926K->382006K(1072640K), 0.0162210 secs] [Times: user=0.06 sys=0.00, real=0.02 secs] 
2014-07-07T20:34:18.825+0000: 3126.745: [GC [PSYoungGen: 385634K->1062K(374336K)] 766774K->382274K(1061312K), 0.0224170 secs] [Times: user=0.08 sys=0.00, real=0.02 secs] 
2014-07-07T20:34:20.577+0000: 3128.497: [GC [PSYoungGen: 374284K->1126K(363392K)] 755496K->382500K(1050368K), 0.0155110 secs] [Times: user=0.06 sys=0.00, real=0.02 secs] 
2014-07-07T20:34:22.269+0000: 3130.189: [GC [PSYoungGen: 363343K->1318K(353024K)] 744717K->382740K(1040000K), 0.0139820 secs] [Times: user=0.04 sys=0.00, real=0.02 secs] 
2014-07-07T20:34:23.909+0000: 3131.829: [GC [PSYoungGen: 352998K->609K(342208K)] 734420K->382582K(1029184K), 0.0111300 secs] [Times: user=0.03 sys=0.00, real=0.01 secs] 
2014-07-07T20:34:25.490+0000: 3133.411: [GC [PSYoungGen: 342174K->1308K(333184K)] 724148K->383305K(1020160K), 0.0211870 secs] [Times: user=0.07 sys=0.00, real=0.03 secs] 
2014-07-07T20:34:27.044+0000: 3134.964: [GC [PSYoungGen: 333148K->1140K(399360K)] 715145K->383473K(1086336K), 0.0329450 secs] [Times: user=0.12 sys=0.00, real=0.03 secs] 
2014-07-07T20:34:28.912+0000: 3136.832: [GC [PSYoungGen: 399348K->1044K(478976K)] 781681K->383457K(1165952K), 0.0118740 secs] [Times: user=0.02 sys=0.00, real=0.01 secs] 
2014-07-07T20:34:31.155+0000: 3139.075: [GC [PSYoungGen: 478932K->880K(463296K)] 861345K->383537K(1150272K), 0.0043850 secs] [Times: user=0.01 sys=0.00, real=0.00 secs] 
2014-07-07T20:34:33.322+0000: 3141.242: [GC [PSYoungGen: 463255K->1456K(449088K)] 845913K->384194K(1136064K), 0.0272890 secs] [Times: user=0.10 sys=0.00, real=0.03 secs] 
2014-07-07T20:34:35.384+0000: 3143.304: [GC [PSYoungGen: 449071K->638K(434112K)] 831809K->383905K(1121088K), 0.0171230 secs] [Times: user=0.06 sys=0.00, real=0.01 secs] 
2014-07-07T20:34:37.395+0000: 3145.315: [GC [PSYoungGen: 434101K->1322K(421248K)] 817369K->384622K(1108224K), 0.0164230 secs] [Times: user=0.06 sys=0.00, real=0.01 secs] 
2014-07-07T20:34:39.340+0000: 3147.261: [GC [PSYoungGen: 421226K->1208K(408128K)] 804526K->384792K(1095104K), 0.0140180 secs] [Times: user=0.04 sys=0.00, real=0.02 secs] 
2014-07-07T20:34:41.226+0000: 3149.146: [GC [PSYoungGen: 408119K->1417K(395968K)] 791703K->385065K(1082944K), 0.0233630 secs] [Times: user=0.08 sys=0.00, real=0.02 secs] 
2014-07-07T20:34:43.061+0000: 3150.981: [GC [PSYoungGen: 395913K->442K(383040K)] 779561K->384668K(1070016K), 0.0168810 secs] [Times: user=0.05 sys=0.00, real=0.02 secs] 
2014-07-07T20:34:44.844+0000: 3152.764: [GC [PSYoungGen: 383004K->1454K(372672K)] 767230K->385720K(1059648K), 0.0095550 secs] [Times: user=0.03 sys=0.00, real=0.00 secs] 
2014-07-07T20:34:46.595+0000: 3154.515: [GC [PSYoungGen: 372650K->1076K(361344K)] 756916K->385718K(1048320K), 0.0095040 secs] [Times: user=0.03 sys=0.00, real=0.01 secs] 
2014-07-07T20:34:48.283+0000: 3156.203: [GC [PSYoungGen: 361319K->1296K(351104K)] 745961K->386002K(1038080K), 0.0262160 secs] [Times: user=0.09 sys=0.00, real=0.03 secs] 
2014-07-07T20:34:49.920+0000: 3157.840: [GC [PSYoungGen: 351056K->948K(340672K)] 735762K->385750K(1027648K), 0.0144470 secs] [Times: user=0.05 sys=0.00, real=0.01 secs] 
2014-07-07T20:34:51.503+0000: 3159.424: [GC [PSYoungGen: 340660K->1200K(331328K)] 725462K->386034K(1018304K), 0.0090280 secs] [Times: user=0.03 sys=0.00, real=0.01 secs] 
2014-07-07T20:34:53.046+0000: 3160.967: [GC [PSYoungGen: 331291K->1066K(321984K)] 716125K->386020K(1008960K), 0.0140380 secs] [Times: user=0.05 sys=0.00, real=0.01 secs] 
2014-07-07T20:34:54.557+0000: 3162.477: [GC [PSYoungGen: 321933K->1378K(313408K)] 706887K->386364K(1000384K), 0.0134790 secs] [Times: user=0.05 sys=0.00, real=0.01 secs] 
2014-07-07T20:34:56.041+0000: 3163.961: [GC [PSYoungGen: 313330K->624K(304128K)] 698316K->386096K(991104K), 0.0065410 secs] [Times: user=0.02 sys=0.00, real=0.01 secs] 
2014-07-07T20:34:57.454+0000: 3165.374: [GC [PSYoungGen: 304112K->1588K(365824K)] 689584K->387100K(1052800K), 0.0293440 secs] [Times: user=0.10 sys=0.00, real=0.03 secs] 
2014-07-07T20:34:59.159+0000: 3167.079: [GC [PSYoungGen: 365811K->994K(354624K)] 751323K->386864K(1041600K), 0.0075800 secs] [Times: user=0.02 sys=0.00, real=0.00 secs] 
2014-07-07T20:35:00.825+0000: 3168.745: [GC [PSYoungGen: 354594K->1222K(425600K)] 740464K->387156K(1112576K), 0.0264390 secs] [Times: user=0.09 sys=0.00, real=0.03 secs] 
2014-07-07T20:35:02.806+0000: 3170.726: [GC [PSYoungGen: 425533K->1072K(510272K)] 811467K->387160K(1197248K), 0.0248450 secs] [Times: user=0.09 sys=0.00, real=0.03 secs] 
2014-07-07T20:35:05.181+0000: 3173.102: [GC [PSYoungGen: 510256K->1332K(493632K)] 896344K->387452K(1180608K), 0.0135680 secs] [Times: user=0.04 sys=0.00, real=0.01 secs] 
2014-07-07T20:35:07.487+0000: 3175.407: [GC [PSYoungGen: 493620K->830K(476992K)] 879740K->387212K(1163968K), 0.0231160 secs] [Times: user=0.08 sys=0.00, real=0.03 secs] 
2014-07-07T20:35:09.726+0000: 3177.646: [GC [PSYoungGen: 476957K->1176K(461952K)] 863339K->387646K(1148928K), 0.0178130 secs] [Times: user=0.07 sys=0.00, real=0.02 secs] 
2014-07-07T20:35:11.870+0000: 3179.790: [GC [PSYoungGen: 461863K->1044K(447104K)] 848334K->387636K(1134080K), 0.0168020 secs] [Times: user=0.06 sys=0.00, real=0.01 secs] 
2014-07-07T20:35:13.998+0000: 3181.918: [GC [PSYoungGen: 446962K->1048K(433024K)] 833554K->387664K(1120000K), 0.0268160 secs] [Times: user=0.08 sys=0.00, real=0.03 secs] 
2014-07-07T20:35:16.025+0000: 3183.945: [GC [PSYoungGen: 432984K->1086K(419520K)] 819600K->387816K(1106496K), 0.0126490 secs] [Times: user=0.04 sys=0.00, real=0.01 secs] 
2014-07-07T20:35:17.972+0000: 3185.892: [GC [PSYoungGen: 419518K->1236K(406784K)] 806248K->388030K(1093760K), 0.0104290 secs] [Times: user=0.02 sys=0.00, real=0.01 secs] 
2014-07-07T20:35:19.856+0000: 3187.776: [GC [PSYoungGen: 406740K->744K(393920K)] 793534K->388018K(1080896K), 0.0093300 secs] [Times: user=0.03 sys=0.00, real=0.01 secs] 
2014-07-07T20:35:21.676+0000: 3189.597: [GC [PSYoungGen: 393896K->1272K(382592K)] 781170K->388594K(1069568K), 0.0151890 secs] [Times: user=0.06 sys=0.00, real=0.02 secs] 
2014-07-07T20:35:23.470+0000: 3191.390: [GC [PSYoungGen: 382577K->1076K(371072K)] 769899K->388674K(1058048K), 0.0168870 secs] [Times: user=0.06 sys=0.01, real=0.01 secs] 
2014-07-07T20:35:25.185+0000: 3193.105: [GC [PSYoungGen: 371047K->1279K(360384K)] 758646K->388901K(1047360K), 0.0215940 secs] [Times: user=0.08 sys=0.00, real=0.02 secs] 
2014-07-07T20:35:26.848+0000: 3194.769: [GC [PSYoungGen: 360383K->748K(349440K)] 748005K->388724K(1036416K), 0.0070800 secs] [Times: user=0.01 sys=0.00, real=0.01 secs] 
2014-07-07T20:35:28.493+0000: 3196.413: [GC [PSYoungGen: 349420K->1336K(340032K)] 737396K->389400K(1027008K), 0.0160700 secs] [Times: user=0.05 sys=0.00, real=0.01 secs] 
2014-07-07T20:35:30.104+0000: 3198.025: [GC [PSYoungGen: 340024K->1018K(330112K)] 728088K->389509K(1017088K), 0.0153810 secs] [Times: user=0.05 sys=0.00, real=0.01 secs] 
2014-07-07T20:35:31.637+0000: 3199.557: [GC [PSYoungGen: 330033K->1247K(321152K)] 718524K->389770K(1008128K), 0.0191100 secs] [Times: user=0.07 sys=0.00, real=0.02 secs] 
2014-07-07T20:35:33.146+0000: 3201.067: [GC [PSYoungGen: 321119K->948K(312000K)] 709642K->389768K(998976K), 0.0150460 secs] [Times: user=0.05 sys=0.00, real=0.01 secs] 
2014-07-07T20:35:34.558+0000: 3202.478: [GC [PSYoungGen: 311988K->1229K(303872K)] 700808K->390082K(990848K), 0.0128430 secs] [Times: user=0.04 sys=0.00, real=0.01 secs] 
2014-07-07T20:35:35.987+0000: 3203.908: [GC [PSYoungGen: 303821K->884K(295360K)] 692674K->389888K(982336K), 0.0131280 secs] [Times: user=0.04 sys=0.00, real=0.01 secs] 
2014-07-07T20:35:37.368+0000: 3205.288: [GC [PSYoungGen: 295348K->1172K(354624K)] 684352K->390224K(1041600K), 0.0478760 secs] [Times: user=0.15 sys=0.00, real=0.05 secs] 
2014-07-07T20:35:39.010+0000: 3206.931: [GC [PSYoungGen: 354572K->1012K(425152K)] 743624K->390308K(1112128K), 0.0111630 secs] [Times: user=0.03 sys=0.00, real=0.01 secs] 
2014-07-07T20:35:40.989+0000: 3208.909: [GC [PSYoungGen: 425140K->1372K(510400K)] 814436K->390741K(1197376K), 0.0106610 secs] [Times: user=0.03 sys=0.00, real=0.01 secs] 
2014-07-07T20:35:43.373+0000: 3211.293: [GC [PSYoungGen: 510357K->574K(492736K)] 899725K->390465K(1179712K), 0.0107350 secs] [Times: user=0.03 sys=0.01, real=0.01 secs] 
2014-07-07T20:35:45.688+0000: 3213.609: [GC [PSYoungGen: 492706K->1524K(592128K)] 882597K->391497K(1279104K), 0.0382790 secs] [Times: user=0.13 sys=0.00, real=0.04 secs] 
2014-07-07T20:35:48.482+0000: 3216.402: [GC [PSYoungGen: 592116K->1012K(709760K)] 982089K->391277K(1396736K), 0.0225750 secs] [Times: user=0.09 sys=0.00, real=0.03 secs] 
2014-07-07T20:35:51.802+0000: 3219.722: [GC [PSYoungGen: 709748K->1044K(683840K)] 1100013K->391421K(1370816K), 0.0276830 secs] [Times: user=0.10 sys=0.00, real=0.03 secs] 
2014-07-07T20:35:55.013+0000: 3222.933: [GC [PSYoungGen: 683796K->1150K(659136K)] 1074173K->391705K(1346112K), 0.0111350 secs] [Times: user=0.04 sys=0.00, real=0.01 secs] 
2014-07-07T20:35:58.107+0000: 3226.027: [GC [PSYoungGen: 659134K->1158K(635584K)] 1049689K->391745K(1322560K), 0.0051220 secs] [Times: user=0.01 sys=0.00, real=0.00 secs] 
2014-07-07T20:36:01.058+0000: 3228.979: [GC [PSYoungGen: 635526K->880K(612736K)] 1026113K->391777K(1299712K), 0.0237220 secs] [Times: user=0.08 sys=0.00, real=0.02 secs] 
2014-07-07T20:36:03.935+0000: 3231.856: [GC [PSYoungGen: 612678K->1126K(591488K)] 1003575K->392087K(1278464K), 0.0125410 secs] [Times: user=0.05 sys=0.00, real=0.02 secs] 
2014-07-07T20:36:06.707+0000: 3234.627: [GC [PSYoungGen: 591462K->1076K(570880K)] 982423K->392141K(1257856K), 0.0137830 secs] [Times: user=0.05 sys=0.00, real=0.01 secs] 
2014-07-07T20:36:09.385+0000: 3237.305: [GC [PSYoungGen: 570823K->1222K(551488K)] 961888K->392383K(1238464K), 0.0204690 secs] [Times: user=0.07 sys=0.00, real=0.02 secs] 
2014-07-07T20:36:11.982+0000: 3239.903: [GC [PSYoungGen: 551430K->752K(532288K)] 942591K->392189K(1219264K), 0.0321550 secs] [Times: user=0.11 sys=0.00, real=0.03 secs] 
2014-07-07T20:36:14.464+0000: 3242.384: [GC [PSYoungGen: 532272K->1112K(514816K)] 923709K->392589K(1201792K), 0.0132780 secs] [Times: user=0.04 sys=0.00, real=0.01 secs] 
2014-07-07T20:36:16.880+0000: 3244.800: [GC [PSYoungGen: 514776K->1204K(497792K)] 906253K->392877K(1184768K), 0.0204380 secs] [Times: user=0.07 sys=0.00, real=0.02 secs] 
2014-07-07T20:36:19.192+0000: 3247.113: [GC [PSYoungGen: 497780K->1076K(481344K)] 889453K->392829K(1168320K), 0.0136860 secs] [Times: user=0.04 sys=0.00, real=0.01 secs] 
2014-07-07T20:36:21.436+0000: 3249.356: [GC [PSYoungGen: 481332K->702K(465344K)] 873085K->392829K(1152320K), 0.0156910 secs] [Times: user=0.05 sys=0.00, real=0.02 secs] 
2014-07-07T20:36:23.631+0000: 3251.552: [GC [PSYoungGen: 465338K->1272K(451008K)] 857466K->393439K(1137984K), 0.0046500 secs] [Times: user=0.02 sys=0.00, real=0.00 secs] 
2014-07-07T20:36:25.745+0000: 3253.665: [GC [PSYoungGen: 450999K->994K(436480K)] 843166K->393471K(1123456K), 0.0088930 secs] [Times: user=0.02 sys=0.00, real=0.01 secs] 
2014-07-07T20:36:27.794+0000: 3255.714: [GC [PSYoungGen: 436428K->1296K(423168K)] 828906K->393813K(1110144K), 0.0046770 secs] [Times: user=0.02 sys=0.00, real=0.00 secs] 
2014-07-07T20:36:29.784+0000: 3257.704: [GC [PSYoungGen: 423120K->638K(409408K)] 815637K->393649K(1096384K), 0.0251790 secs] [Times: user=0.09 sys=0.00, real=0.02 secs] 
2014-07-07T20:36:31.678+0000: 3259.598: [GC [PSYoungGen: 409398K->1322K(397632K)] 802409K->394397K(1084608K), 0.0116220 secs] [Times: user=0.04 sys=0.00, real=0.01 secs] 
2014-07-07T20:36:33.533+0000: 3261.453: [GC [PSYoungGen: 397610K->1022K(385344K)] 790685K->394431K(1072320K), 0.0156180 secs] [Times: user=0.06 sys=0.00, real=0.01 secs] 
2014-07-07T20:36:35.328+0000: 3263.248: [GC [PSYoungGen: 385342K->1076K(373952K)] 778751K->394509K(1060928K), 0.0236170 secs] [Times: user=0.08 sys=0.00, real=0.03 secs] 
2014-07-07T20:36:37.052+0000: 3264.972: [GC [PSYoungGen: 373940K->1004K(362880K)] 767373K->394626K(1049856K), 0.0061620 secs] [Times: user=0.02 sys=0.00, real=0.00 secs] 
2014-07-07T20:36:38.736+0000: 3266.656: [GC [PSYoungGen: 362860K->1328K(352640K)] 756482K->395021K(1039616K), 0.0180880 secs] [Times: user=0.06 sys=0.00, real=0.02 secs] 
2014-07-07T20:36:40.396+0000: 3268.316: [GC [PSYoungGen: 352624K->758K(341952K)] 746317K->394926K(1028928K), 0.0135390 secs] [Times: user=0.05 sys=0.00, real=0.01 secs] 
2014-07-07T20:36:42.008+0000: 3269.928: [GC [PSYoungGen: 341941K->1346K(332928K)] 736109K->395553K(1019904K), 0.0146350 secs] [Times: user=0.06 sys=0.00, real=0.02 secs] 
2014-07-07T20:36:43.568+0000: 3271.488: [GC [PSYoungGen: 332852K->816K(323072K)] 727059K->395365K(1010048K), 0.0199830 secs] [Times: user=0.07 sys=0.00, real=0.02 secs] 
2014-07-07T20:36:45.060+0000: 3272.980: [GC [PSYoungGen: 323056K->1356K(388096K)] 717605K->395930K(1075072K), 0.0211310 secs] [Times: user=0.06 sys=0.00, real=0.02 secs] 
2014-07-07T20:36:46.854+0000: 3274.774: [GC [PSYoungGen: 388044K->880K(376000K)] 782618K->395713K(1062976K), 0.0111340 secs] [Times: user=0.04 sys=0.00, real=0.01 secs] 
2014-07-07T20:36:48.615+0000: 3276.536: [GC [PSYoungGen: 375936K->1108K(365184K)] 770769K->396037K(1052160K), 0.0121850 secs] [Times: user=0.04 sys=0.00, real=0.01 secs] 
2014-07-07T20:36:50.293+0000: 3278.213: [GC [PSYoungGen: 365140K->1076K(354496K)] 760069K->396141K(1041472K), 0.0139380 secs] [Times: user=0.04 sys=0.00, real=0.02 secs] 
2014-07-07T20:36:51.944+0000: 3279.864: [GC [PSYoungGen: 354484K->1172K(344448K)] 749549K->396277K(1031424K), 0.0122170 secs] [Times: user=0.04 sys=0.00, real=0.01 secs] 
2014-07-07T20:36:53.575+0000: 3281.495: [GC [PSYoungGen: 344386K->691K(412608K)] 739491K->396255K(1099584K), 0.0259170 secs] [Times: user=0.09 sys=0.00, real=0.02 secs] 
2014-07-07T20:36:55.477+0000: 3283.397: [GC [PSYoungGen: 412595K->1446K(495808K)] 808159K->397332K(1182784K), 0.0229810 secs] [Times: user=0.08 sys=0.00, real=0.02 secs] 
2014-07-07T20:36:57.775+0000: 3285.695: [GC [PSYoungGen: 495782K->825K(594048K)] 891668K->397528K(1281024K), 0.0325330 secs] [Times: user=0.11 sys=0.00, real=0.04 secs] 
2014-07-07T20:37:00.513+0000: 3288.433: [GC [PSYoungGen: 594041K->1386K(713280K)] 990744K->398201K(1400256K), 0.0165380 secs] [Times: user=0.06 sys=0.00, real=0.02 secs] 
2014-07-07T20:37:03.824+0000: 3291.745: [GC [PSYoungGen: 713258K->1264K(687040K)] 1110073K->398398K(1374016K), 0.0114720 secs] [Times: user=0.04 sys=0.00, real=0.02 secs] 
2014-07-07T20:37:07.045+0000: 3294.965: [GC [PSYoungGen: 687024K->1332K(662208K)] 1084158K->398513K(1349184K), 0.0267660 secs] [Times: user=0.09 sys=0.00, real=0.03 secs] 
2014-07-07T20:37:10.141+0000: 3298.061: [GC [PSYoungGen: 662155K->1012K(638144K)] 1059336K->398321K(1325120K), 0.0173380 secs] [Times: user=0.05 sys=0.00, real=0.02 secs] 
2014-07-07T20:37:13.151+0000: 3301.071: [GC [PSYoungGen: 638132K->1392K(615872K)] 1035441K->398789K(1302848K), 0.0216850 secs] [Times: user=0.07 sys=0.00, real=0.02 secs] 
2014-07-07T20:37:16.018+0000: 3303.938: [GC [PSYoungGen: 615856K->1086K(593920K)] 1013253K->398685K(1280896K), 0.0299010 secs] [Times: user=0.12 sys=0.00, real=0.03 secs] 
2014-07-07T20:37:18.797+0000: 3306.718: [GC [PSYoungGen: 593877K->1076K(573312K)] 991476K->398723K(1260288K), 0.0133250 secs] [Times: user=0.05 sys=0.00, real=0.02 secs] 
2014-07-07T20:37:21.478+0000: 3309.398: [GC [PSYoungGen: 573292K->1062K(553600K)] 970939K->398845K(1240576K), 0.0065670 secs] [Times: user=0.01 sys=0.00, real=0.00 secs] 
2014-07-07T20:37:24.043+0000: 3311.963: [GC [PSYoungGen: 553569K->1140K(534848K)] 951352K->398971K(1221824K), 0.0120780 secs] [Times: user=0.04 sys=0.00, real=0.01 secs] 
2014-07-07T20:37:26.545+0000: 3314.465: [GC [PSYoungGen: 534822K->1204K(516928K)] 932654K->399083K(1203904K), 0.0066790 secs] [Times: user=0.02 sys=0.00, real=0.01 secs] 
2014-07-07T20:37:28.956+0000: 3316.877: [GC [PSYoungGen: 516916K->1197K(499776K)] 914795K->399156K(1186752K), 0.0136610 secs] [Times: user=0.05 sys=0.00, real=0.02 secs] 
2014-07-07T20:37:31.265+0000: 3319.185: [GC [PSYoungGen: 499726K->948K(483136K)] 897685K->399093K(1170112K), 0.0116150 secs] [Times: user=0.05 sys=0.00, real=0.01 secs] 
2014-07-07T20:37:33.539+0000: 3321.460: [GC [PSYoungGen: 483124K->1140K(467648K)] 881269K->399325K(1154624K), 0.0163350 secs] [Times: user=0.06 sys=0.00, real=0.02 secs] 
2014-07-07T20:37:35.748+0000: 3323.668: [GC [PSYoungGen: 467636K->1122K(452672K)] 865821K->399389K(1139648K), 0.0102400 secs] [Times: user=0.01 sys=0.00, real=0.01 secs] 
2014-07-07T20:37:37.891+0000: 3325.811: [GC [PSYoungGen: 452614K->1115K(438336K)] 850881K->399414K(1125312K), 0.0190600 secs] [Times: user=0.07 sys=0.00, real=0.02 secs] 
2014-07-07T20:37:39.933+0000: 3327.854: [GC [PSYoungGen: 438288K->948K(424448K)] 836588K->399425K(1111424K), 0.0205890 secs] [Times: user=0.07 sys=0.00, real=0.02 secs] 
2014-07-07T20:37:41.896+0000: 3329.817: [GC [PSYoungGen: 424436K->1030K(411456K)] 822913K->399563K(1098432K), 0.0156000 secs] [Times: user=0.05 sys=0.00, real=0.02 secs] 
2014-07-07T20:37:43.828+0000: 3331.748: [GC [PSYoungGen: 411364K->1076K(398912K)] 809897K->399715K(1085888K), 0.0162300 secs] [Times: user=0.06 sys=0.00, real=0.02 secs] 
2014-07-07T20:37:45.668+0000: 3333.589: [GC [PSYoungGen: 398900K->1286K(387136K)] 797539K->399949K(1074112K), 0.0059510 secs] [Times: user=0.01 sys=0.00, real=0.01 secs] 
2014-07-07T20:37:47.462+0000: 3335.382: [GC [PSYoungGen: 387078K->702K(374976K)] 785741K->399795K(1061952K), 0.0193770 secs] [Times: user=0.07 sys=0.00, real=0.02 secs] 
2014-07-07T20:37:49.206+0000: 3337.126: [GC [PSYoungGen: 374953K->1400K(364608K)] 774047K->400573K(1051584K), 0.0136810 secs] [Times: user=0.05 sys=0.00, real=0.01 secs] 
2014-07-07T20:37:50.905+0000: 3338.826: [GC [PSYoungGen: 364600K->866K(353536K)] 763773K->400413K(1040512K), 0.0196420 secs] [Times: user=0.06 sys=0.00, real=0.02 secs] 
2014-07-07T20:37:52.501+0000: 3340.422: [GC [PSYoungGen: 353506K->1534K(344000K)] 753053K->401170K(1030976K), 0.0056420 secs] [Times: user=0.01 sys=0.00, real=0.01 secs] 
2014-07-07T20:37:54.071+0000: 3341.991: [GC [PSYoungGen: 343973K->688K(411712K)] 743608K->400827K(1098688K), 0.0299020 secs] [Times: user=0.11 sys=0.00, real=0.03 secs] 
2014-07-07T20:37:55.989+0000: 3343.909: [GC [PSYoungGen: 411696K->1368K(494656K)] 811835K->401539K(1181632K), 0.0229640 secs] [Times: user=0.08 sys=0.00, real=0.02 secs] 
2014-07-07T20:37:58.285+0000: 3346.205: [GC [PSYoungGen: 494568K->1126K(593088K)] 894740K->401581K(1280064K), 0.0332740 secs] [Times: user=0.11 sys=0.00, real=0.03 secs] 
2014-07-07T20:38:01.074+0000: 3348.994: [GC [PSYoungGen: 593062K->1236K(572608K)] 993517K->401803K(1259584K), 0.0066040 secs] [Times: user=0.02 sys=0.00, real=0.00 secs] 
2014-07-07T20:38:03.760+0000: 3351.680: [GC [PSYoungGen: 572527K->948K(552640K)] 973095K->401645K(1239616K), 0.0060270 secs] [Times: user=0.02 sys=0.01, real=0.01 secs] 
2014-07-07T20:38:06.331+0000: 3354.251: [GC [PSYoungGen: 552607K->1300K(534272K)] 953305K->402045K(1221248K), 0.0297870 secs] [Times: user=0.11 sys=0.00, real=0.03 secs] 
2014-07-07T20:38:08.815+0000: 3356.735: [GC [PSYoungGen: 534215K->958K(515968K)] 934961K->401933K(1202944K), 0.0101210 secs] [Times: user=0.02 sys=0.00, real=0.01 secs] 
2014-07-07T20:38:11.226+0000: 3359.146: [GC [PSYoungGen: 515949K->1218K(499136K)] 916925K->402274K(1186112K), 0.0130170 secs] [Times: user=0.05 sys=0.00, real=0.02 secs] 
2014-07-07T20:38:13.537+0000: 3361.457: [GC [PSYoungGen: 499074K->1012K(482496K)] 900130K->402158K(1169472K), 0.0191480 secs] [Times: user=0.07 sys=0.00, real=0.02 secs] 
2014-07-07T20:38:15.799+0000: 3363.719: [GC [PSYoungGen: 482484K->1524K(467328K)] 883630K->402742K(1154304K), 0.0097670 secs] [Times: user=0.02 sys=0.00, real=0.01 secs] 
2014-07-07T20:38:17.958+0000: 3365.878: [GC [PSYoungGen: 467316K->702K(451520K)] 868534K->402342K(1138496K), 0.0216150 secs] [Times: user=0.07 sys=0.00, real=0.02 secs] 
2014-07-07T20:38:20.060+0000: 3367.980: [GC [PSYoungGen: 451518K->1368K(437888K)] 853158K->403080K(1124864K), 0.0176750 secs] [Times: user=0.06 sys=0.00, real=0.02 secs] 
2014-07-07T20:38:22.147+0000: 3370.068: [GC [PSYoungGen: 437819K->1108K(423936K)] 839531K->403040K(1110912K), 0.0199250 secs] [Times: user=0.06 sys=0.00, real=0.02 secs] 
2014-07-07T20:38:24.107+0000: 3372.027: [GC [PSYoungGen: 423892K->1204K(410880K)] 825824K->403200K(1097856K), 0.0257030 secs] [Times: user=0.07 sys=0.00, real=0.03 secs] 
2014-07-07T20:38:26.025+0000: 3373.946: [GC [PSYoungGen: 410821K->1019K(398144K)] 812817K->403219K(1085120K), 0.0077090 secs] [Times: user=0.03 sys=0.00, real=0.01 secs] 
2014-07-07T20:38:27.915+0000: 3375.835: [GC [PSYoungGen: 398139K->1108K(386240K)] 800339K->403356K(1073216K), 0.0157580 secs] [Times: user=0.05 sys=0.00, real=0.02 secs] 
2014-07-07T20:38:29.754+0000: 3377.674: [GC [PSYoungGen: 386196K->1076K(374656K)] 788444K->403476K(1061632K), 0.0121590 secs] [Times: user=0.04 sys=0.00, real=0.01 secs] 
2014-07-07T20:38:31.478+0000: 3379.399: [GC [PSYoungGen: 374643K->1200K(449536K)] 777043K->403656K(1136512K), 0.0340290 secs] [Times: user=0.12 sys=0.01, real=0.04 secs] 
2014-07-07T20:38:33.590+0000: 3381.510: [GC [PSYoungGen: 449520K->816K(434944K)] 851976K->403468K(1121920K), 0.0167820 secs] [Times: user=0.05 sys=0.00, real=0.01 secs] 
2014-07-07T20:38:35.646+0000: 3383.566: [GC [PSYoungGen: 434928K->1222K(421824K)] 837580K->403922K(1108800K), 0.0123670 secs] [Times: user=0.03 sys=0.00, real=0.01 secs] 
2014-07-07T20:38:37.621+0000: 3385.541: [GC [PSYoungGen: 421729K->1015K(408576K)] 824429K->404025K(1095552K), 0.0188580 secs] [Times: user=0.07 sys=0.00, real=0.01 secs] 
2014-07-07T20:38:39.495+0000: 3387.416: [GC [PSYoungGen: 408567K->1200K(396288K)] 811577K->404282K(1083264K), 0.0061040 secs] [Times: user=0.02 sys=0.00, real=0.01 secs] 
2014-07-07T20:38:41.343+0000: 3389.263: [GC [PSYoungGen: 396272K->872K(384064K)] 799354K->404378K(1071040K), 0.0259690 secs] [Times: user=0.09 sys=0.00, real=0.02 secs] 
2014-07-07T20:38:43.150+0000: 3391.070: [GC [PSYoungGen: 384040K->1272K(373056K)] 787546K->404858K(1060032K), 0.0099180 secs] [Times: user=0.03 sys=0.00, real=0.01 secs] 
2014-07-07T20:38:44.879+0000: 3392.799: [GC [PSYoungGen: 373048K->816K(361664K)] 776634K->404874K(1048640K), 0.0144270 secs] [Times: user=0.04 sys=0.00, real=0.02 secs] 
2014-07-07T20:38:46.562+0000: 3394.482: [GC [PSYoungGen: 361648K->1368K(434432K)] 765706K->405458K(1121408K), 0.0327160 secs] [Times: user=0.09 sys=0.00, real=0.03 secs] 
2014-07-07T20:38:48.620+0000: 3396.540: [GC [PSYoungGen: 434392K->752K(520448K)] 838482K->405322K(1207424K), 0.0230710 secs] [Times: user=0.09 sys=0.00, real=0.03 secs] 
2014-07-07T20:38:51.065+0000: 3398.986: [GC [PSYoungGen: 520432K->1460K(503808K)] 925002K->406318K(1190784K), 0.0089820 secs] [Times: user=0.01 sys=0.00, real=0.01 secs] 
2014-07-07T20:38:53.409+0000: 3401.330: [GC [PSYoungGen: 503796K->752K(486528K)] 908654K->406016K(1173504K), 0.0192290 secs] [Times: user=0.07 sys=0.00, real=0.02 secs] 
2014-07-07T20:38:55.677+0000: 3403.597: [GC [PSYoungGen: 486473K->1108K(471104K)] 891737K->406412K(1158080K), 0.0156740 secs] [Times: user=0.05 sys=0.00, real=0.02 secs] 
2014-07-07T20:38:57.898+0000: 3405.818: [GC [PSYoungGen: 471060K->1190K(456000K)] 876364K->406574K(1142976K), 0.0051400 secs] [Times: user=0.02 sys=0.00, real=0.00 secs] 
2014-07-07T20:39:00.027+0000: 3407.947: [GC [PSYoungGen: 455972K->1012K(441344K)] 861357K->406500K(1128320K), 0.0081280 secs] [Times: user=0.01 sys=0.00, real=0.01 secs] 
2014-07-07T20:39:02.087+0000: 3410.007: [GC [PSYoungGen: 441332K->1012K(427520K)] 846820K->406612K(1114496K), 0.0179990 secs] [Times: user=0.07 sys=0.00, real=0.02 secs] 
2014-07-07T20:39:04.103+0000: 3412.023: [GC [PSYoungGen: 427508K->1268K(414528K)] 833108K->406916K(1101504K), 0.0164820 secs] [Times: user=0.06 sys=0.00, real=0.02 secs] 
2014-07-07T20:39:06.077+0000: 3413.997: [GC [PSYoungGen: 414516K->948K(401536K)] 820164K->406748K(1088512K), 0.0095560 secs] [Times: user=0.03 sys=0.00, real=0.01 secs] 
2014-07-07T20:39:07.962+0000: 3415.883: [GC [PSYoungGen: 401509K->1460K(389888K)] 807310K->407300K(1076864K), 0.0241920 secs] [Times: user=0.08 sys=0.00, real=0.03 secs] 
2014-07-07T20:39:09.773+0000: 3417.693: [GC [PSYoungGen: 389864K->819K(377600K)] 795704K->407109K(1064576K), 0.0077630 secs] [Times: user=0.03 sys=0.00, real=0.01 secs] 
2014-07-07T20:39:11.540+0000: 3419.460: [GC [PSYoungGen: 377587K->1279K(366912K)] 783877K->407618K(1053888K), 0.0159510 secs] [Times: user=0.05 sys=0.00, real=0.02 secs] 
2014-07-07T20:39:13.258+0000: 3421.178: [GC [PSYoungGen: 366911K->1140K(356096K)] 773250K->407616K(1043072K), 0.0148500 secs] [Times: user=0.05 sys=0.00, real=0.01 secs] 
2014-07-07T20:39:14.912+0000: 3422.832: [GC [PSYoungGen: 356083K->1226K(345984K)] 762559K->407750K(1032960K), 0.0077970 secs] [Times: user=0.02 sys=0.00, real=0.01 secs] 
2014-07-07T20:39:16.497+0000: 3424.417: [GC [PSYoungGen: 345930K->816K(335680K)] 752454K->407568K(1022656K), 0.0049440 secs] [Times: user=0.02 sys=0.00, real=0.00 secs] 
2014-07-07T20:39:18.070+0000: 3425.990: [GC [PSYoungGen: 335645K->1158K(326656K)] 742398K->407982K(1013632K), 0.0215970 secs] [Times: user=0.07 sys=0.00, real=0.02 secs] 
2014-07-07T20:39:19.587+0000: 3427.507: [GC [PSYoungGen: 326598K->1086K(317504K)] 733422K->408065K(1004480K), 0.0101670 secs] [Times: user=0.03 sys=0.01, real=0.01 secs] 
2014-07-07T20:39:21.091+0000: 3429.011: [GC [PSYoungGen: 317478K->1250K(308992K)] 724457K->408269K(995968K), 0.0135160 secs] [Times: user=0.02 sys=0.00, real=0.01 secs] 
2014-07-07T20:39:22.514+0000: 3430.435: [GC [PSYoungGen: 308962K->744K(300160K)] 715981K->408283K(987136K), 0.0165360 secs] [Times: user=0.07 sys=0.00, real=0.02 secs] 
2014-07-07T20:39:23.904+0000: 3431.824: [GC [PSYoungGen: 300136K->1240K(360576K)] 707675K->408819K(1047552K), 0.0221040 secs] [Times: user=0.07 sys=0.00, real=0.02 secs] 
2014-07-07T20:39:25.583+0000: 3433.504: [GC [PSYoungGen: 360495K->944K(432128K)] 768074K->409071K(1119104K), 0.0205990 secs] [Times: user=0.07 sys=0.00, real=0.02 secs] 
2014-07-07T20:39:27.605+0000: 3435.525: [GC [PSYoungGen: 432076K->1454K(518912K)] 840203K->409613K(1205888K), 0.0227090 secs] [Times: user=0.08 sys=0.00, real=0.03 secs] 
2014-07-07T20:39:30.044+0000: 3437.964: [GC [PSYoungGen: 518894K->694K(500928K)] 927053K->409711K(1187904K), 0.0141870 secs] [Times: user=0.05 sys=0.00, real=0.02 secs] 
2014-07-07T20:39:32.368+0000: 3440.288: [GC [PSYoungGen: 500895K->1614K(485440K)] 909912K->410687K(1172416K), 0.0056250 secs] [Times: user=0.01 sys=0.00, real=0.01 secs] 
2014-07-07T20:39:34.629+0000: 3442.549: [GC [PSYoungGen: 485390K->1012K(469056K)] 894463K->410461K(1156032K), 0.0071720 secs] [Times: user=0.02 sys=0.01, real=0.00 secs] 
2014-07-07T20:39:36.819+0000: 3444.739: [GC [PSYoungGen: 469007K->1392K(454400K)] 878456K->410897K(1141376K), 0.0101910 secs] [Times: user=0.02 sys=0.00, real=0.01 secs] 
2014-07-07T20:39:38.953+0000: 3446.874: [GC [PSYoungGen: 454381K->1062K(439680K)] 863886K->410787K(1126656K), 0.0086670 secs] [Times: user=0.01 sys=0.00, real=0.01 secs] 
2014-07-07T20:39:40.990+0000: 3448.910: [GC [PSYoungGen: 439648K->1030K(425920K)] 849374K->410835K(1112896K), 0.0042050 secs] [Times: user=0.02 sys=0.00, real=0.00 secs] 
2014-07-07T20:39:42.960+0000: 3450.881: [GC [PSYoungGen: 425862K->1140K(412800K)] 835667K->411009K(1099776K), 0.0157220 secs] [Times: user=0.05 sys=0.00, real=0.01 secs] 
2014-07-07T20:39:44.881+0000: 3452.801: [GC [PSYoungGen: 412780K->948K(400000K)] 822649K->410841K(1086976K), 0.0127210 secs] [Times: user=0.05 sys=0.00, real=0.01 secs] 
2014-07-07T20:39:46.750+0000: 3454.670: [GC [PSYoungGen: 399951K->1254K(388224K)] 809844K->411203K(1075200K), 0.0154480 secs] [Times: user=0.04 sys=0.00, real=0.02 secs] 
2014-07-07T20:39:48.584+0000: 3456.505: [GC [PSYoungGen: 388198K->1325K(376704K)] 798147K->411354K(1063680K), 0.0076630 secs] [Times: user=0.02 sys=0.00, real=0.01 secs] 
2014-07-07T20:39:50.330+0000: 3458.250: [GC [PSYoungGen: 376685K->762K(365056K)] 786714K->411201K(1052032K), 0.0220550 secs] [Times: user=0.07 sys=0.00, real=0.03 secs] 
2014-07-07T20:39:52.036+0000: 3459.956: [GC [PSYoungGen: 365050K->1340K(355008K)] 775489K->411835K(1041984K), 0.0179510 secs] [Times: user=0.06 sys=0.00, real=0.02 secs] 
2014-07-07T20:39:53.688+0000: 3461.608: [GC [PSYoungGen: 355004K->1076K(344576K)] 765499K->411819K(1031552K), 0.0118440 secs] [Times: user=0.05 sys=0.00, real=0.01 secs] 
2014-07-07T20:39:55.298+0000: 3463.219: [GC [PSYoungGen: 344548K->1343K(335040K)] 755291K->412118K(1022016K), 0.0049350 secs] [Times: user=0.02 sys=0.00, real=0.01 secs] 
2014-07-07T20:39:56.844+0000: 3464.764: [GC [PSYoungGen: 335037K->948K(325248K)] 745813K->411973K(1012224K), 0.0140270 secs] [Times: user=0.05 sys=0.00, real=0.01 secs] 
2014-07-07T20:39:58.362+0000: 3466.282: [GC [PSYoungGen: 325236K->1336K(316608K)] 736261K->412441K(1003584K), 0.0101790 secs] [Times: user=0.03 sys=0.00, real=0.02 secs] 
2014-07-07T20:39:59.838+0000: 3467.758: [GC [PSYoungGen: 316600K->948K(307584K)] 727705K->412245K(994560K), 0.0228520 secs] [Times: user=0.08 sys=0.00, real=0.02 secs] 
2014-07-07T20:40:01.298+0000: 3469.218: [GC [PSYoungGen: 307546K->1158K(299520K)] 718843K->412535K(986496K), 0.0145520 secs] [Times: user=0.04 sys=0.00, real=0.02 secs] 
2014-07-07T20:40:02.683+0000: 3470.603: [GC [PSYoungGen: 299462K->980K(359040K)] 710839K->412413K(1046016K), 0.0295450 secs] [Times: user=0.11 sys=0.00, real=0.03 secs] 
2014-07-07T20:40:04.367+0000: 3472.287: [GC [PSYoungGen: 358961K->1353K(431040K)] 770393K->412826K(1118016K), 0.0277040 secs] [Times: user=0.09 sys=0.00, real=0.03 secs] 
2014-07-07T20:40:06.345+0000: 3474.265: [GC [PSYoungGen: 430985K->816K(516416K)] 842458K->412565K(1203392K), 0.0058340 secs] [Times: user=0.02 sys=0.00, real=0.00 secs] 
2014-07-07T20:40:08.775+0000: 3476.695: [GC [PSYoungGen: 516400K->1428K(499904K)] 928149K->413233K(1186880K), 0.0126550 secs] [Times: user=0.04 sys=0.01, real=0.01 secs] 
2014-07-07T20:40:11.145+0000: 3479.065: [GC [PSYoungGen: 499860K->948K(483008K)] 911665K->412945K(1169984K), 0.0203210 secs] [Times: user=0.07 sys=0.00, real=0.02 secs] 
2014-07-07T20:40:13.405+0000: 3481.325: [GC [PSYoungGen: 482996K->1204K(467584K)] 894993K->413233K(1154560K), 0.0183900 secs] [Times: user=0.06 sys=0.00, real=0.01 secs] 
2014-07-07T20:40:15.622+0000: 3483.543: [GC [PSYoungGen: 467572K->1076K(452480K)] 879601K->413169K(1139456K), 0.0127300 secs] [Times: user=0.05 sys=0.00, real=0.02 secs] 
2014-07-07T20:40:17.736+0000: 3485.656: [GC [PSYoungGen: 452468K->1268K(438336K)] 864561K->413385K(1125312K), 0.0107370 secs] [Times: user=0.02 sys=0.00, real=0.01 secs] 
2014-07-07T20:40:19.774+0000: 3487.694: [GC [PSYoungGen: 438324K->880K(424256K)] 850441K->413265K(1111232K), 0.0270030 secs] [Times: user=0.09 sys=0.00, real=0.03 secs] 
2014-07-07T20:40:21.755+0000: 3489.675: [GC [PSYoungGen: 424240K->1332K(509376K)] 836625K->413789K(1196352K), 0.0298740 secs] [Times: user=0.11 sys=0.00, real=0.03 secs] 
2014-07-07T20:40:24.158+0000: 3492.078: [GC [PSYoungGen: 509337K->887K(492096K)] 921794K->413564K(1179072K), 0.0060000 secs] [Times: user=0.02 sys=0.00, real=0.00 secs] 
2014-07-07T20:40:26.428+0000: 3494.348: [GC [PSYoungGen: 492087K->1268K(476416K)] 904764K->413993K(1163392K), 0.0259580 secs] [Times: user=0.09 sys=0.00, real=0.02 secs] 
2014-07-07T20:40:28.669+0000: 3496.589: [GC [PSYoungGen: 476400K->958K(460736K)] 889125K->413953K(1147712K), 0.0245520 secs] [Times: user=0.08 sys=0.00, real=0.02 secs] 
2014-07-07T20:40:30.824+0000: 3498.744: [GC [PSYoungGen: 460702K->1347K(446464K)] 873697K->414422K(1133440K), 0.0116020 secs] [Times: user=0.04 sys=0.00, real=0.01 secs] 
2014-07-07T20:40:32.885+0000: 3500.805: [GC [PSYoungGen: 446403K->752K(431744K)] 859478K->414111K(1118720K), 0.0150170 secs] [Times: user=0.05 sys=0.00, real=0.02 secs] 
2014-07-07T20:40:34.899+0000: 3502.820: [GC [PSYoungGen: 431728K->1240K(418816K)] 845087K->414631K(1105792K), 0.0153510 secs] [Times: user=0.05 sys=0.01, real=0.01 secs] 
2014-07-07T20:40:36.855+0000: 3504.775: [GC [PSYoungGen: 418776K->1192K(405888K)] 832167K->414893K(1092864K), 0.0166560 secs] [Times: user=0.06 sys=0.00, real=0.02 secs] 
2014-07-07T20:40:38.751+0000: 3506.671: [GC [PSYoungGen: 405864K->1204K(393536K)] 819565K->414977K(1080512K), 0.0185590 secs] [Times: user=0.06 sys=0.00, real=0.02 secs] 
2014-07-07T20:40:40.592+0000: 3508.512: [GC [PSYoungGen: 393517K->943K(381504K)] 807290K->415352K(1068480K), 0.0229180 secs] [Times: user=0.07 sys=0.00, real=0.02 secs] 
2014-07-07T20:40:42.372+0000: 3510.293: [GC [PSYoungGen: 381487K->1468K(458176K)] 795896K->415917K(1145152K), 0.0258200 secs] [Times: user=0.09 sys=0.00, real=0.02 secs] 
2014-07-07T20:40:44.529+0000: 3512.450: [GC [PSYoungGen: 458172K->1068K(443200K)] 872621K->416009K(1130176K), 0.0079510 secs] [Times: user=0.02 sys=0.00, real=0.00 secs] 
2014-07-07T20:40:46.632+0000: 3514.553: [GC [PSYoungGen: 443180K->1172K(429376K)] 858121K->416203K(1116352K), 0.0090410 secs] [Times: user=0.02 sys=0.00, real=0.01 secs] 
2014-07-07T20:40:48.622+0000: 3516.542: [GC [PSYoungGen: 429332K->1268K(416128K)] 844363K->416403K(1103104K), 0.0155760 secs] [Times: user=0.05 sys=0.00, real=0.01 secs] 
2014-07-07T20:40:50.551+0000: 3518.471: [GC [PSYoungGen: 416116K->1328K(403456K)] 831251K->416559K(1090432K), 0.0247950 secs] [Times: user=0.09 sys=0.00, real=0.02 secs] 
2014-07-07T20:40:52.454+0000: 3520.374: [GC [PSYoungGen: 403440K->894K(390784K)] 818671K->416451K(1077760K), 0.0117390 secs] [Times: user=0.03 sys=0.00, real=0.01 secs] 
2014-07-07T20:40:54.266+0000: 3522.186: [GC [PSYoungGen: 390782K->1446K(379648K)] 806339K->417027K(1066624K), 0.0233920 secs] [Times: user=0.09 sys=0.00, real=0.02 secs] 
2014-07-07T20:40:56.051+0000: 3523.972: [GC [PSYoungGen: 379622K->1022K(454848K)] 795203K->417160K(1141824K), 0.0262620 secs] [Times: user=0.10 sys=0.00, real=0.02 secs] 
2014-07-07T20:40:58.220+0000: 3526.141: [GC [PSYoungGen: 454846K->1396K(546048K)] 870984K->417565K(1233024K), 0.0322540 secs] [Times: user=0.11 sys=0.00, real=0.04 secs] 
2014-07-07T20:41:00.790+0000: 3528.710: [GC [PSYoungGen: 546036K->1204K(527424K)] 962205K->417501K(1214400K), 0.0104160 secs] [Times: user=0.03 sys=0.00, real=0.01 secs] 
2014-07-07T20:41:03.262+0000: 3531.183: [GC [PSYoungGen: 527412K->1200K(509824K)] 943709K->417554K(1196800K), 0.0055750 secs] [Times: user=0.02 sys=0.00, real=0.00 secs] 
2014-07-07T20:41:05.686+0000: 3533.607: [GC [PSYoungGen: 509780K->980K(492800K)] 926134K->417365K(1179776K), 0.0044400 secs] [Times: user=0.01 sys=0.00, real=0.00 secs] 
2014-07-07T20:41:08.015+0000: 3535.935: [GC [PSYoungGen: 492753K->1044K(476736K)] 909138K->417461K(1163712K), 0.0165880 secs] [Times: user=0.06 sys=0.00, real=0.01 secs] 
2014-07-07T20:41:10.275+0000: 3538.196: [GC [PSYoungGen: 476659K->1382K(461632K)] 893077K->417912K(1148608K), 0.0222280 secs] [Times: user=0.08 sys=0.00, real=0.02 secs] 
2014-07-07T20:41:12.449+0000: 3540.369: [GC [PSYoungGen: 461606K->1108K(446656K)] 878136K->417693K(1133632K), 0.0179010 secs] [Times: user=0.07 sys=0.00, real=0.02 secs] 
2014-07-07T20:41:14.535+0000: 3542.455: [GC [PSYoungGen: 446612K->948K(432384K)] 863197K->417661K(1119360K), 0.0120040 secs] [Times: user=0.04 sys=0.00, real=0.01 secs] 
2014-07-07T20:41:16.562+0000: 3544.482: [GC [PSYoungGen: 432371K->1204K(419136K)] 849084K->417949K(1106112K), 0.0169390 secs] [Times: user=0.06 sys=0.00, real=0.02 secs] 
2014-07-07T20:41:18.511+0000: 3546.431: [GC [PSYoungGen: 419109K->1044K(406144K)] 835855K->417885K(1093120K), 0.0203060 secs] [Times: user=0.07 sys=0.00, real=0.02 secs] 
2014-07-07T20:41:20.409+0000: 3548.329: [GC [PSYoungGen: 406021K->1261K(393984K)] 822862K->418199K(1080960K), 0.0256290 secs] [Times: user=0.09 sys=0.00, real=0.03 secs] 
2014-07-07T20:41:22.255+0000: 3550.175: [GC [PSYoungGen: 393965K->1018K(381888K)] 810903K->418258K(1068864K), 0.0164200 secs] [Times: user=0.05 sys=0.00, real=0.02 secs] 
2014-07-07T20:41:24.034+0000: 3551.954: [GC [PSYoungGen: 381882K->1450K(371008K)] 799122K->418714K(1057984K), 0.0181730 secs] [Times: user=0.06 sys=0.00, real=0.02 secs] 
2014-07-07T20:41:25.770+0000: 3553.691: [GC [PSYoungGen: 370986K->884K(359552K)] 788250K->418514K(1046528K), 0.0133060 secs] [Times: user=0.05 sys=0.00, real=0.01 secs] 
2014-07-07T20:41:27.440+0000: 3555.361: [GC [PSYoungGen: 359540K->1360K(431808K)] 777170K->419030K(1118784K), 0.0282610 secs] [Times: user=0.10 sys=0.00, real=0.03 secs] 
2014-07-07T20:41:29.473+0000: 3557.393: [GC [PSYoungGen: 431760K->1012K(417984K)] 849430K->418794K(1104960K), 0.0051590 secs] [Times: user=0.01 sys=0.00, real=0.01 secs] 
2014-07-07T20:41:31.450+0000: 3559.370: [GC [PSYoungGen: 417972K->1076K(405184K)] 835754K->418938K(1092160K), 0.0211780 secs] [Times: user=0.07 sys=0.00, real=0.02 secs] 
2014-07-07T20:41:33.317+0000: 3561.237: [GC [PSYoungGen: 405172K->1240K(393088K)] 823033K->419142K(1080064K), 0.0208620 secs] [Times: user=0.08 sys=0.00, real=0.02 secs] 
2014-07-07T20:41:35.150+0000: 3563.070: [GC [PSYoungGen: 392961K->1300K(381376K)] 810863K->419250K(1068352K), 0.0112670 secs] [Times: user=0.04 sys=0.00, real=0.01 secs] 
2014-07-07T20:41:36.919+0000: 3564.839: [GC [PSYoungGen: 381332K->638K(369408K)] 799282K->419026K(1056384K), 0.0243300 secs] [Times: user=0.08 sys=0.00, real=0.02 secs] 
2014-07-07T20:41:38.674+0000: 3566.594: [GC [PSYoungGen: 369362K->1272K(359232K)] 787750K->419724K(1046208K), 0.0162560 secs] [Times: user=0.06 sys=0.00, real=0.02 secs] 
2014-07-07T20:41:40.362+0000: 3568.282: [GC [PSYoungGen: 359153K->1165K(348800K)] 777605K->419869K(1035776K), 0.0055940 secs] [Times: user=0.02 sys=0.00, real=0.00 secs] 
2014-07-07T20:41:42.018+0000: 3569.938: [GC [PSYoungGen: 348749K->1293K(339008K)] 767453K->420053K(1025984K), 0.0134400 secs] [Times: user=0.04 sys=0.00, real=0.01 secs] 
2014-07-07T20:41:43.622+0000: 3571.542: [GC [PSYoungGen: 338957K->574K(328704K)] 757717K->419904K(1015680K), 0.0174670 secs] [Times: user=0.06 sys=0.00, real=0.02 secs] 
2014-07-07T20:41:45.191+0000: 3573.111: [GC [PSYoungGen: 328702K->1428K(320448K)] 748032K->420791K(1007424K), 0.0184520 secs] [Times: user=0.05 sys=0.00, real=0.02 secs] 
2014-07-07T20:41:46.692+0000: 3574.612: [GC [PSYoungGen: 320354K->1083K(311296K)] 739717K->420681K(998272K), 0.0154940 secs] [Times: user=0.06 sys=0.00, real=0.01 secs] 
2014-07-07T20:41:48.138+0000: 3576.058: [GC [PSYoungGen: 311291K->1076K(373376K)] 730889K->420762K(1060352K), 0.0327000 secs] [Times: user=0.12 sys=0.00, real=0.04 secs] 
2014-07-07T20:41:49.864+0000: 3577.784: [GC [PSYoungGen: 373364K->1058K(447872K)] 793050K->420914K(1134848K), 0.0209320 secs] [Times: user=0.08 sys=0.00, real=0.02 secs] 
2014-07-07T20:41:51.955+0000: 3579.876: [GC [PSYoungGen: 447830K->1172K(537408K)] 867686K->421084K(1224384K), 0.0127460 secs] [Times: user=0.04 sys=0.00, real=0.01 secs] 
2014-07-07T20:41:54.451+0000: 3582.372: [GC [PSYoungGen: 537364K->805K(644288K)] 957276K->421141K(1331264K), 0.0208160 secs] [Times: user=0.07 sys=0.00, real=0.02 secs] 
2014-07-07T20:41:57.456+0000: 3585.376: [GC [PSYoungGen: 644243K->1396K(621952K)] 1064580K->421773K(1308928K), 0.0140730 secs] [Times: user=0.06 sys=0.00, real=0.02 secs] 
2014-07-07T20:42:00.319+0000: 3588.239: [GC [PSYoungGen: 621940K->864K(599552K)] 1042317K->421961K(1286528K), 0.0093910 secs] [Times: user=0.03 sys=0.00, real=0.01 secs] 
2014-07-07T20:42:03.118+0000: 3591.038: [GC [PSYoungGen: 599520K->1344K(719808K)] 1020617K->422497K(1406784K), 0.0569040 secs] [Times: user=0.19 sys=0.00, real=0.06 secs] 
2014-07-07T20:42:06.488+0000: 3594.408: [GC [PSYoungGen: 719738K->1076K(693056K)] 1140891K->422699K(1380032K), 0.0239040 secs] [Times: user=0.07 sys=0.01, real=0.03 secs] 
2014-07-07T20:42:09.725+0000: 3597.645: [GC [PSYoungGen: 693044K->1172K(668032K)] 1114667K->422883K(1355008K), 0.0111270 secs] [Times: user=0.04 sys=0.00, real=0.01 secs] 
2014-07-07T20:42:12.812+0000: 3600.732: [GC [PSYoungGen: 667967K->1197K(644032K)] 1089678K->423110K(1331008K), 0.0158590 secs] [Times: user=0.06 sys=0.00, real=0.02 secs] 
2014-07-07T20:42:15.809+0000: 3603.730: [GC [PSYoungGen: 644013K->1108K(621056K)] 1065926K->423085K(1308032K), 0.0073070 secs] [Times: user=0.02 sys=0.00, real=0.01 secs] 
2014-07-07T20:42:18.758+0000: 3606.678: [GC [PSYoungGen: 620989K->994K(599040K)] 1042966K->423259K(1286016K), 0.0173180 secs] [Times: user=0.06 sys=0.00, real=0.02 secs] 
2014-07-07T20:42:21.575+0000: 3609.495: [GC [PSYoungGen: 599010K->1076K(578240K)] 1021275K->423453K(1265216K), 0.0213600 secs] [Times: user=0.07 sys=0.00, real=0.02 secs] 
2014-07-07T20:42:24.306+0000: 3612.226: [GC [PSYoungGen: 578228K->1044K(558336K)] 1000605K->423469K(1245312K), 0.0131990 secs] [Times: user=0.04 sys=0.00, real=0.01 secs] 
2014-07-07T20:42:26.933+0000: 3614.853: [GC [PSYoungGen: 558292K->1076K(539328K)] 980717K->423533K(1226304K), 0.0210080 secs] [Times: user=0.07 sys=0.00, real=0.02 secs] 
2014-07-07T20:42:29.485+0000: 3617.405: [GC [PSYoungGen: 539276K->1172K(521280K)] 961733K->423701K(1208256K), 0.0125200 secs] [Times: user=0.04 sys=0.00, real=0.01 secs] 
2014-07-07T20:42:31.912+0000: 3619.832: [GC [PSYoungGen: 521236K->1140K(503872K)] 943765K->423765K(1190848K), 0.0234830 secs] [Times: user=0.08 sys=0.00, real=0.03 secs] 
2014-07-07T20:42:34.301+0000: 3622.221: [GC [PSYoungGen: 503860K->884K(487040K)] 926485K->423669K(1174016K), 0.0248540 secs] [Times: user=0.07 sys=0.01, real=0.03 secs] 
2014-07-07T20:42:36.874+0000: 3624.794: [GC [PSYoungGen: 486989K->1044K(471360K)] 909773K->423861K(1158336K), 0.0080240 secs] [Times: user=0.02 sys=0.00, real=0.01 secs] 
Heap
 PSYoungGen      total 471360K, used 190572K [0x0000000755560000, 0x000000078ad50000, 0x0000000800000000)
  eden space 470272K, 40% used [0x0000000755560000,0x0000000760e76220,0x00000007720a0000)
  from space 1088K, 95% used [0x000000078ab00000,0x000000078ac050f0,0x000000078ac10000)
  to   space 1280K, 0% used [0x000000078ac10000,0x000000078ac10000,0x000000078ad50000)
 ParOldGen       total 686976K, used 422816K [0x0000000600000000, 0x0000000629ee0000, 0x0000000755560000)
  object space 686976K, 61% used [0x0000000600000000,0x0000000619ce83a0,0x0000000629ee0000)
 PSPermGen       total 21248K, used 11295K [0x00000005f5a00000, 0x00000005f6ec0000, 0x0000000600000000)
  object space 21248K, 53% used [0x00000005f5a00000,0x00000005f6507ea0,0x00000005f6ec0000)
