2014-07-07T20:55:21.199+0000: 23.219: [GC [PSYoungGen: 257728K->15349K(300608K)] 257728K->15357K(987584K), 0.0161680 secs] [Times: user=0.04 sys=0.02, real=0.02 secs] 
2014-07-07T20:55:25.150+0000: 27.170: [GC [PSYoungGen: 273077K->18049K(300608K)] 273085K->18065K(987584K), 0.0099470 secs] [Times: user=0.04 sys=0.01, real=0.01 secs] 
2014-07-07T20:55:26.954+0000: 28.974: [GC [PSYoungGen: 275777K->22822K(300608K)] 275793K->22846K(987584K), 0.0062570 secs] [Times: user=0.04 sys=0.01, real=0.00 secs] 
2014-07-07T20:55:28.998+0000: 31.018: [GC [PSYoungGen: 280550K->24909K(300608K)] 280574K->24933K(987584K), 0.0212200 secs] [Times: user=0.14 sys=0.00, real=0.02 secs] 
2014-07-07T20:55:31.085+0000: 33.105: [GC [PSYoungGen: 282637K->26268K(277632K)] 282661K->26300K(964608K), 0.0078200 secs] [Times: user=0.03 sys=0.00, real=0.00 secs] 
2014-07-07T20:55:33.049+0000: 35.069: [GC [PSYoungGen: 277596K->27991K(273216K)] 277628K->28031K(960192K), 0.0078040 secs] [Times: user=0.03 sys=0.01, real=0.01 secs] 
2014-07-07T20:55:35.140+0000: 37.160: [GC [PSYoungGen: 273175K->12000K(251264K)] 273215K->28706K(938240K), 0.0180800 secs] [Times: user=0.11 sys=0.01, real=0.02 secs] 
2014-07-07T20:55:37.038+0000: 39.058: [GC [PSYoungGen: 251232K->4900K(264768K)] 267938K->28968K(951744K), 0.0095460 secs] [Times: user=0.05 sys=0.01, real=0.01 secs] 
2014-07-07T20:55:38.825+0000: 40.845: [GC [PSYoungGen: 238436K->2175K(230208K)] 262504K->29589K(917184K), 0.0047180 secs] [Times: user=0.02 sys=0.01, real=0.01 secs] 
2014-07-07T20:55:40.447+0000: 42.467: [GC [PSYoungGen: 230207K->1582K(255424K)] 257621K->29979K(942400K), 0.0042250 secs] [Times: user=0.03 sys=0.00, real=0.00 secs] 
2014-07-07T20:55:42.053+0000: 44.073: [GC [PSYoungGen: 224302K->778K(218432K)] 252699K->30067K(905408K), 0.0049710 secs] [Times: user=0.02 sys=0.00, real=0.01 secs] 
2014-07-07T20:55:43.596+0000: 45.616: [GC [PSYoungGen: 218378K->566K(245312K)] 247667K->30175K(932288K), 0.0056740 secs] [Times: user=0.03 sys=0.00, real=0.00 secs] 
2014-07-07T20:55:45.098+0000: 47.118: [GC [PSYoungGen: 213238K->961K(208896K)] 242847K->30626K(895872K), 0.0054870 secs] [Times: user=0.02 sys=0.00, real=0.00 secs] 
2014-07-07T20:55:46.462+0000: 48.482: [GC [PSYoungGen: 208833K->352K(234560K)] 238498K->30314K(921536K), 0.0047700 secs] [Times: user=0.01 sys=0.00, real=0.01 secs] 
2014-07-07T20:55:47.769+0000: 49.789: [GC [PSYoungGen: 203616K->566K(199360K)] 233578K->30576K(886336K), 0.0048340 secs] [Times: user=0.02 sys=0.00, real=0.00 secs] 
2014-07-07T20:55:48.973+0000: 50.993: [GC [PSYoungGen: 199350K->762K(223552K)] 229360K->30868K(910528K), 0.0087050 secs] [Times: user=0.05 sys=0.00, real=0.01 secs] 
2014-07-07T20:55:50.148+0000: 52.168: [GC [PSYoungGen: 195258K->566K(190912K)] 225364K->30736K(877888K), 0.0045010 secs] [Times: user=0.02 sys=0.00, real=0.00 secs] 
2014-07-07T20:55:51.292+0000: 53.312: [GC [PSYoungGen: 190902K->548K(212928K)] 221072K->30758K(899904K), 0.0035650 secs] [Times: user=0.01 sys=0.00, real=0.00 secs] 
2014-07-07T20:55:52.366+0000: 54.386: [GC [PSYoungGen: 186852K->748K(183168K)] 217062K->31022K(870144K), 0.0053550 secs] [Times: user=0.02 sys=0.01, real=0.01 secs] 
2014-07-07T20:55:53.483+0000: 55.504: [GC [PSYoungGen: 183111K->698K(202624K)] 213385K->31012K(889600K), 0.0130260 secs] [Times: user=0.06 sys=0.00, real=0.01 secs] 
2014-07-07T20:55:54.578+0000: 56.598: [GC [PSYoungGen: 179320K->448K(175424K)] 209634K->30834K(862400K), 0.0058400 secs] [Times: user=0.03 sys=0.00, real=0.00 secs] 
2014-07-07T20:55:55.592+0000: 57.612: [GC [PSYoungGen: 175424K->566K(192896K)] 205810K->31000K(879872K), 0.0059830 secs] [Times: user=0.02 sys=0.00, real=0.01 secs] 
2014-07-07T20:55:56.630+0000: 58.650: [GC [PSYoungGen: 171985K->598K(168704K)] 202420K->31088K(855680K), 0.0037430 secs] [Times: user=0.01 sys=0.00, real=0.00 secs] 
2014-07-07T20:55:57.627+0000: 59.647: [GC [PSYoungGen: 168662K->620K(183744K)] 199152K->31126K(870720K), 0.0046770 secs] [Times: user=0.01 sys=0.00, real=0.01 secs] 
2014-07-07T20:55:58.598+0000: 60.618: [GC [PSYoungGen: 165420K->540K(162176K)] 195926K->31078K(849152K), 0.0041880 secs] [Times: user=0.02 sys=0.00, real=0.01 secs] 
2014-07-07T20:55:59.560+0000: 61.580: [GC [PSYoungGen: 162140K->566K(174976K)] 192678K->31152K(861952K), 0.0052100 secs] [Times: user=0.02 sys=0.00, real=0.00 secs] 
2014-07-07T20:56:00.498+0000: 62.518: [GC [PSYoungGen: 159094K->648K(156224K)] 189680K->31282K(843200K), 0.0056610 secs] [Times: user=0.02 sys=0.00, real=0.01 secs] 
2014-07-07T20:56:01.419+0000: 63.439: [GC [PSYoungGen: 156118K->548K(166912K)] 186753K->31254K(853888K), 0.0031120 secs] [Times: user=0.01 sys=0.00, real=0.00 secs] 
2014-07-07T20:56:02.388+0000: 64.408: [GC [PSYoungGen: 153188K->634K(150464K)] 183894K->31388K(837440K), 0.0034630 secs] [Times: user=0.01 sys=0.00, real=0.01 secs] 
2014-07-07T20:56:03.333+0000: 65.353: [GC [PSYoungGen: 150458K->722K(159232K)] 181212K->31524K(846208K), 0.0046860 secs] [Times: user=0.02 sys=0.00, real=0.00 secs] 
2014-07-07T20:56:04.222+0000: 66.242: [GC [PSYoungGen: 147793K->452K(144960K)] 178595K->31270K(831936K), 0.0045440 secs] [Times: user=0.01 sys=0.01, real=0.00 secs] 
2014-07-07T20:56:05.072+0000: 67.092: [GC [PSYoungGen: 144900K->598K(152448K)] 175718K->31472K(839424K), 0.0060770 secs] [Times: user=0.03 sys=0.00, real=0.00 secs] 
2014-07-07T20:56:05.897+0000: 67.917: [GC [PSYoungGen: 142486K->484K(139904K)] 173360K->31406K(826880K), 0.0094550 secs] [Times: user=0.05 sys=0.00, real=0.01 secs] 
2014-07-07T20:56:06.723+0000: 68.743: [GC [PSYoungGen: 139876K->730K(145856K)] 170798K->31724K(832832K), 0.0042970 secs] [Times: user=0.02 sys=0.00, real=0.00 secs] 
2014-07-07T20:56:07.533+0000: 69.553: [GC [PSYoungGen: 137690K->580K(135232K)] 168684K->31654K(822208K), 0.0046490 secs] [Times: user=0.02 sys=0.00, real=0.00 secs] 
2014-07-07T20:56:08.312+0000: 70.332: [GC [PSYoungGen: 135172K->598K(139840K)] 166246K->31728K(826816K), 0.0042380 secs] [Times: user=0.02 sys=0.00, real=0.00 secs] 
2014-07-07T20:56:09.066+0000: 71.086: [GC [PSYoungGen: 132886K->744K(130816K)] 164016K->31954K(817792K), 0.0041630 secs] [Times: user=0.02 sys=0.00, real=0.01 secs] 
2014-07-07T20:56:09.817+0000: 71.837: [GC [PSYoungGen: 130789K->698K(134144K)] 162000K->31980K(821120K), 0.0045880 secs] [Times: user=0.02 sys=0.00, real=0.01 secs] 
2014-07-07T20:56:10.535+0000: 72.555: [GC [PSYoungGen: 128539K->712K(126528K)] 159821K->32050K(813504K), 0.0047810 secs] [Times: user=0.02 sys=0.00, real=0.00 secs] 
2014-07-07T20:56:11.268+0000: 73.288: [GC [PSYoungGen: 126472K->558K(129024K)] 157810K->31912K(816000K), 0.0042290 secs] [Times: user=0.01 sys=0.01, real=0.01 secs] 
2014-07-07T20:56:11.996+0000: 74.016: [GC [PSYoungGen: 124270K->716K(122496K)] 155624K->32126K(809472K), 0.0057600 secs] [Times: user=0.02 sys=0.00, real=0.01 secs] 
2014-07-07T20:56:12.734+0000: 74.754: [GC [PSYoungGen: 122444K->783K(124096K)] 153854K->32273K(811072K), 0.0048840 secs] [Times: user=0.02 sys=0.01, real=0.00 secs] 
2014-07-07T20:56:13.600+0000: 75.620: [GC [PSYoungGen: 120558K->502K(118464K)] 152048K->32024K(805440K), 0.0064850 secs] [Times: user=0.03 sys=0.00, real=0.01 secs] 
2014-07-07T20:56:14.263+0000: 76.283: [GC [PSYoungGen: 118454K->666K(119808K)] 149976K->32244K(806784K), 0.0045640 secs] [Times: user=0.02 sys=0.01, real=0.00 secs] 
2014-07-07T20:56:14.918+0000: 76.938: [GC [PSYoungGen: 116826K->684K(115072K)] 148404K->32310K(802048K), 0.0052940 secs] [Times: user=0.02 sys=0.01, real=0.01 secs] 
2014-07-07T20:56:15.533+0000: 77.553: [GC [PSYoungGen: 115052K->768K(115648K)] 146678K->32474K(802624K), 0.0040600 secs] [Times: user=0.02 sys=0.00, real=0.00 secs] 
2014-07-07T20:56:16.158+0000: 78.178: [GC [PSYoungGen: 113408K->648K(111680K)] 145114K->32394K(798656K), 0.0073040 secs] [Times: user=0.03 sys=0.00, real=0.01 secs] 
2014-07-07T20:56:16.793+0000: 78.813: [GC [PSYoungGen: 111622K->620K(111744K)] 143368K->32406K(798720K), 0.0049810 secs] [Times: user=0.02 sys=0.00, real=0.00 secs] 
2014-07-07T20:56:17.408+0000: 79.428: [GC [PSYoungGen: 109932K->772K(108544K)] 141718K->32622K(795520K), 0.0059510 secs] [Times: user=0.03 sys=0.00, real=0.01 secs] 
2014-07-07T20:56:18.020+0000: 80.040: [GC [PSYoungGen: 108484K->666K(108224K)] 140334K->32596K(795200K), 0.0046530 secs] [Times: user=0.02 sys=0.01, real=0.01 secs] 
2014-07-07T20:56:18.636+0000: 80.656: [GC [PSYoungGen: 106828K->666K(105344K)] 138759K->32628K(792320K), 0.0072240 secs] [Times: user=0.03 sys=0.00, real=0.01 secs] 
2014-07-07T20:56:19.234+0000: 81.254: [GC [PSYoungGen: 105306K->634K(104704K)] 137268K->32628K(791680K), 0.0047280 secs] [Times: user=0.01 sys=0.00, real=0.00 secs] 
2014-07-07T20:56:19.788+0000: 81.808: [GC [PSYoungGen: 103797K->616K(102336K)] 135792K->32666K(789312K), 0.0048020 secs] [Times: user=0.02 sys=0.00, real=0.01 secs] 
2014-07-07T20:56:20.348+0000: 82.368: [GC [PSYoungGen: 102291K->836K(101248K)] 134341K->32958K(788224K), 0.0087040 secs] [Times: user=0.05 sys=0.00, real=0.01 secs] 
2014-07-07T20:56:20.914+0000: 82.934: [GC [PSYoungGen: 101124K->566K(103232K)] 133246K->32728K(790208K), 0.0076000 secs] [Times: user=0.04 sys=0.00, real=0.01 secs] 
2014-07-07T20:56:21.447+0000: 83.467: [GC [PSYoungGen: 100852K->662K(123776K)] 133015K->32912K(810752K), 0.0051770 secs] [Times: user=0.03 sys=0.00, real=0.01 secs] 
2014-07-07T20:56:22.122+0000: 84.142: [GC [PSYoungGen: 122070K->466K(120000K)] 154320K->32796K(806976K), 0.0057470 secs] [Times: user=0.03 sys=0.00, real=0.00 secs] 
2014-07-07T20:56:22.769+0000: 84.789: [GC [PSYoungGen: 119954K->794K(118464K)] 152284K->33180K(805440K), 0.0042040 secs] [Times: user=0.01 sys=0.01, real=0.01 secs] 
2014-07-07T20:56:23.377+0000: 85.397: [GC [PSYoungGen: 118425K->872K(120448K)] 150812K->33322K(807424K), 0.0116710 secs] [Times: user=0.06 sys=0.01, real=0.01 secs] 
2014-07-07T20:56:24.003+0000: 86.023: [GC [PSYoungGen: 119016K->702K(116992K)] 151466K->33192K(803968K), 0.0025990 secs] [Times: user=0.01 sys=0.00, real=0.00 secs] 
2014-07-07T20:56:24.609+0000: 86.629: [GC [PSYoungGen: 116990K->662K(115200K)] 149480K->33208K(802176K), 0.0029870 secs] [Times: user=0.01 sys=0.00, real=0.00 secs] 
2014-07-07T20:56:25.210+0000: 87.230: [GC [PSYoungGen: 115120K->616K(138048K)] 147666K->33234K(825024K), 0.0094460 secs] [Times: user=0.05 sys=0.01, real=0.01 secs] 
2014-07-07T20:56:25.953+0000: 87.973: [GC [PSYoungGen: 138024K->566K(135616K)] 170642K->33232K(822592K), 0.0053290 secs] [Times: user=0.02 sys=0.00, real=0.00 secs] 
2014-07-07T20:56:26.664+0000: 88.685: [GC [PSYoungGen: 135606K->434K(133184K)] 168272K->33132K(820160K), 0.0058570 secs] [Times: user=0.03 sys=0.00, real=0.00 secs] 
2014-07-07T20:56:27.338+0000: 89.358: [GC [PSYoungGen: 133168K->566K(131072K)] 165866K->33288K(818048K), 0.0030850 secs] [Times: user=0.01 sys=0.00, real=0.00 secs] 
2014-07-07T20:56:28.018+0000: 90.038: [GC [PSYoungGen: 131021K->837K(129216K)] 163744K->33599K(816192K), 0.0041950 secs] [Times: user=0.02 sys=0.00, real=0.01 secs] 
2014-07-07T20:56:28.685+0000: 90.705: [GC [PSYoungGen: 129138K->584K(126848K)] 161900K->33362K(813824K), 0.0042570 secs] [Times: user=0.02 sys=0.00, real=0.00 secs] 
2014-07-07T20:56:29.328+0000: 91.348: [GC [PSYoungGen: 126792K->566K(124736K)] 159570K->33384K(811712K), 0.0048440 secs] [Times: user=0.02 sys=0.00, real=0.00 secs] 
2014-07-07T20:56:29.973+0000: 91.993: [GC [PSYoungGen: 124726K->480K(122688K)] 157544K->33354K(809664K), 0.0074250 secs] [Times: user=0.04 sys=0.00, real=0.00 secs] 
2014-07-07T20:56:30.638+0000: 92.658: [GC [PSYoungGen: 122620K->548K(120832K)] 155494K->33478K(807808K), 0.0060690 secs] [Times: user=0.03 sys=0.00, real=0.01 secs] 
2014-07-07T20:56:31.250+0000: 93.270: [GC [PSYoungGen: 120804K->598K(119040K)] 153734K->33568K(806016K), 0.0035310 secs] [Times: user=0.01 sys=0.00, real=0.01 secs] 
2014-07-07T20:56:31.841+0000: 93.861: [GC [PSYoungGen: 118998K->768K(117376K)] 151968K->33794K(804352K), 0.0057260 secs] [Times: user=0.03 sys=0.00, real=0.01 secs] 
2014-07-07T20:56:32.407+0000: 94.427: [GC [PSYoungGen: 117312K->648K(115456K)] 150338K->33722K(802432K), 0.0064670 secs] [Times: user=0.03 sys=0.00, real=0.01 secs] 
2014-07-07T20:56:32.971+0000: 94.991: [GC [PSYoungGen: 115400K->448K(113472K)] 148474K->33578K(800448K), 0.0063540 secs] [Times: user=0.03 sys=0.00, real=0.01 secs] 
2014-07-07T20:56:33.509+0000: 95.529: [GC [PSYoungGen: 113455K->716K(112128K)] 146585K->33886K(799104K), 0.0030610 secs] [Times: user=0.01 sys=0.00, real=0.00 secs] 
2014-07-07T20:56:34.050+0000: 96.070: [GC [PSYoungGen: 112076K->662K(110400K)] 145246K->33912K(797376K), 0.0058510 secs] [Times: user=0.02 sys=0.00, real=0.01 secs] 
2014-07-07T20:56:34.578+0000: 96.598: [GC [PSYoungGen: 110358K->680K(108800K)] 143608K->33978K(795776K), 0.0049430 secs] [Times: user=0.02 sys=0.00, real=0.01 secs] 
2014-07-07T20:56:35.111+0000: 97.131: [GC [PSYoungGen: 108776K->534K(107136K)] 142074K->33880K(794112K), 0.0055350 secs] [Times: user=0.03 sys=0.00, real=0.01 secs] 
2014-07-07T20:56:35.617+0000: 97.637: [GC [PSYoungGen: 107094K->758K(105792K)] 140440K->34136K(792768K), 0.0036040 secs] [Times: user=0.01 sys=0.00, real=0.00 secs] 
2014-07-07T20:56:36.127+0000: 98.147: [GC [PSYoungGen: 105782K->516K(104128K)] 139160K->33966K(791104K), 0.0036410 secs] [Times: user=0.02 sys=0.00, real=0.00 secs] 
2014-07-07T20:56:36.634+0000: 98.654: [GC [PSYoungGen: 104068K->828K(102912K)] 137518K->34318K(789888K), 0.0039810 secs] [Times: user=0.02 sys=0.00, real=0.01 secs] 
2014-07-07T20:56:37.131+0000: 99.151: [GC [PSYoungGen: 102908K->402K(101120K)] 136398K->33940K(788096K), 0.0028700 secs] [Times: user=0.01 sys=0.00, real=0.00 secs] 
2014-07-07T20:56:37.656+0000: 99.676: [GC [PSYoungGen: 101067K->762K(100032K)] 134605K->34372K(787008K), 0.0047490 secs] [Times: user=0.02 sys=0.00, real=0.00 secs] 
2014-07-07T20:56:38.157+0000: 100.177: [GC [PSYoungGen: 100026K->662K(98624K)] 133636K->34360K(785600K), 0.0079540 secs] [Times: user=0.04 sys=0.00, real=0.01 secs] 
2014-07-07T20:56:38.636+0000: 100.656: [GC [PSYoungGen: 98582K->662K(97280K)] 132280K->34424K(784256K), 0.0041550 secs] [Times: user=0.02 sys=0.00, real=0.00 secs] 
2014-07-07T20:56:39.104+0000: 101.124: [GC [PSYoungGen: 97214K->466K(95808K)] 130976K->34292K(782784K), 0.0043350 secs] [Times: user=0.02 sys=0.00, real=0.01 secs] 
2014-07-07T20:56:39.569+0000: 101.589: [GC [PSYoungGen: 95762K->484K(94528K)] 129588K->34358K(781504K), 0.0037460 secs] [Times: user=0.02 sys=0.00, real=0.00 secs] 
2014-07-07T20:56:40.040+0000: 102.060: [GC [PSYoungGen: 94500K->716K(93568K)] 128374K->34622K(780544K), 0.0062490 secs] [Times: user=0.03 sys=0.00, real=0.01 secs] 
2014-07-07T20:56:40.480+0000: 102.500: [GC [PSYoungGen: 93516K->666K(112064K)] 127422K->34636K(799040K), 0.0070900 secs] [Times: user=0.04 sys=0.00, real=0.01 secs] 
2014-07-07T20:56:41.029+0000: 103.049: [GC [PSYoungGen: 112026K->616K(125760K)] 145996K->34634K(812736K), 0.0035920 secs] [Times: user=0.02 sys=0.00, real=0.00 secs] 
2014-07-07T20:56:41.655+0000: 103.675: [GC [PSYoungGen: 125707K->662K(123840K)] 159726K->34744K(810816K), 0.0061660 secs] [Times: user=0.03 sys=0.00, real=0.00 secs] 
2014-07-07T20:56:42.254+0000: 104.274: [GC [PSYoungGen: 123798K->306K(121472K)] 157880K->34616K(808448K), 0.0043980 secs] [Times: user=0.02 sys=0.00, real=0.01 secs] 
2014-07-07T20:56:42.865+0000: 104.885: [GC [PSYoungGen: 121458K->530K(119808K)] 155768K->34920K(806784K), 0.0027320 secs] [Times: user=0.01 sys=0.00, real=0.01 secs] 
2014-07-07T20:56:43.446+0000: 105.466: [GC [PSYoungGen: 119726K->666K(118080K)] 154117K->35112K(805056K), 0.0028170 secs] [Times: user=0.01 sys=0.00, real=0.00 secs] 
2014-07-07T20:56:43.991+0000: 106.011: [GC [PSYoungGen: 118017K->868K(116480K)] 152463K->35468K(803456K), 0.0033100 secs] [Times: user=0.02 sys=0.00, real=0.00 secs] 
2014-07-07T20:56:44.573+0000: 106.593: [GC [PSYoungGen: 116452K->256K(114112K)] 151052K->35180K(801088K), 0.0045440 secs] [Times: user=0.02 sys=0.00, real=0.01 secs] 
2014-07-07T20:56:45.127+0000: 107.147: [GC [PSYoungGen: 114112K->776K(112960K)] 149036K->35772K(799936K), 0.0025930 secs] [Times: user=0.01 sys=0.00, real=0.00 secs] 
2014-07-07T20:56:45.687+0000: 107.708: [GC [PSYoungGen: 112904K->694K(111168K)] 147900K->35870K(798144K), 0.0029370 secs] [Times: user=0.01 sys=0.00, real=0.00 secs] 
2014-07-07T20:56:46.243+0000: 108.263: [GC [PSYoungGen: 111158K->630K(109504K)] 146334K->35862K(796480K), 0.0059560 secs] [Times: user=0.03 sys=0.00, real=0.01 secs] 
2014-07-07T20:56:46.792+0000: 108.812: [GC [PSYoungGen: 109491K->762K(108032K)] 144723K->36224K(795008K), 0.0069120 secs] [Times: user=0.03 sys=0.00, real=0.01 secs] 
2014-07-07T20:56:47.316+0000: 109.336: [GC [PSYoungGen: 108026K->768K(106560K)] 143488K->36326K(793536K), 0.0029130 secs] [Times: user=0.02 sys=0.00, real=0.00 secs] 
2014-07-07T20:56:47.834+0000: 109.854: [GC [PSYoungGen: 106496K->612K(104832K)] 142054K->36234K(791808K), 0.0029790 secs] [Times: user=0.01 sys=0.00, real=0.01 secs] 
2014-07-07T20:56:48.320+0000: 110.340: [GC [PSYoungGen: 104804K->700K(103424K)] 140426K->36394K(790400K), 0.0027890 secs] [Times: user=0.02 sys=0.00, real=0.00 secs] 
2014-07-07T20:56:48.817+0000: 110.837: [GC [PSYoungGen: 103420K->744K(102080K)] 139114K->36534K(789056K), 0.0023000 secs] [Times: user=0.01 sys=0.00, real=0.00 secs] 
2014-07-07T20:56:49.300+0000: 111.320: [GC [PSYoungGen: 102056K->914K(100864K)] 137846K->36768K(787840K), 0.0026060 secs] [Times: user=0.01 sys=0.00, real=0.00 secs] 
2014-07-07T20:56:49.796+0000: 111.816: [GC [PSYoungGen: 100786K->356K(98944K)] 136640K->36498K(785920K), 0.0032500 secs] [Times: user=0.01 sys=0.01, real=0.01 secs] 
2014-07-07T20:56:50.329+0000: 112.350: [GC [PSYoungGen: 98916K->748K(97984K)] 135058K->36930K(784960K), 0.0085250 secs] [Times: user=0.05 sys=0.01, real=0.01 secs] 
2014-07-07T20:56:50.712+0000: 112.732: [GC [PSYoungGen: 97958K->1014K(96960K)] 134141K->37446K(783936K), 0.0024740 secs] [Times: user=0.01 sys=0.00, real=0.00 secs] 
2014-07-07T20:56:51.066+0000: 113.087: [GC [PSYoungGen: 96928K->886K(95552K)] 133360K->37366K(782528K), 0.0059660 secs] [Times: user=0.04 sys=0.00, real=0.00 secs] 
2014-07-07T20:56:51.460+0000: 113.480: [GC [PSYoungGen: 95542K->544K(114176K)] 132022K->37202K(801152K), 0.0060110 secs] [Times: user=0.03 sys=0.00, real=0.00 secs] 
2014-07-07T20:56:51.892+0000: 113.912: [GC [PSYoungGen: 114109K->1064K(119488K)] 150767K->37810K(806464K), 0.0038490 secs] [Times: user=0.02 sys=0.00, real=0.01 secs] 
2014-07-07T20:56:52.349+0000: 114.369: [GC [PSYoungGen: 119400K->694K(117184K)] 156146K->37595K(804160K), 0.0028600 secs] [Times: user=0.01 sys=0.00, real=0.00 secs] 
2014-07-07T20:56:52.812+0000: 114.833: [GC [PSYoungGen: 117174K->648K(115392K)] 154075K->37613K(802368K), 0.0038830 secs] [Times: user=0.02 sys=0.00, real=0.01 secs] 
2014-07-07T20:56:53.258+0000: 115.278: [GC [PSYoungGen: 115336K->780K(113792K)] 152301K->37818K(800768K), 0.0041400 secs] [Times: user=0.01 sys=0.00, real=0.00 secs] 
2014-07-07T20:56:53.706+0000: 115.726: [GC [PSYoungGen: 113739K->690K(112000K)] 150777K->37783K(798976K), 0.0050080 secs] [Times: user=0.02 sys=0.01, real=0.01 secs] 
2014-07-07T20:56:54.152+0000: 116.172: [GC [PSYoungGen: 111986K->640K(110272K)] 149079K->37805K(797248K), 0.0027880 secs] [Times: user=0.02 sys=0.00, real=0.00 secs] 
2014-07-07T20:56:54.581+0000: 116.601: [GC [PSYoungGen: 110272K->676K(108736K)] 147437K->37929K(795712K), 0.0030450 secs] [Times: user=0.01 sys=0.00, real=0.00 secs] 
2014-07-07T20:56:55.031+0000: 117.051: [GC [PSYoungGen: 108707K->996K(130688K)] 145961K->38340K(817664K), 0.0073400 secs] [Times: user=0.03 sys=0.00, real=0.01 secs] 
2014-07-07T20:56:55.524+0000: 117.544: [GC [PSYoungGen: 130660K->854K(128448K)] 168004K->38269K(815424K), 0.0029680 secs] [Times: user=0.01 sys=0.01, real=0.01 secs] 
2014-07-07T20:56:56.002+0000: 118.022: [GC [PSYoungGen: 128406K->569K(126080K)] 165821K->38467K(813056K), 0.0041430 secs] [Times: user=0.03 sys=0.00, real=0.00 secs] 
2014-07-07T20:56:56.474+0000: 118.494: [GC [PSYoungGen: 126073K->822K(124288K)] 163971K->38776K(811264K), 0.0037470 secs] [Times: user=0.01 sys=0.00, real=0.01 secs] 
2014-07-07T20:56:56.938+0000: 118.958: [GC [PSYoungGen: 124278K->662K(122176K)] 162232K->38770K(809152K), 0.0038530 secs] [Times: user=0.02 sys=0.00, real=0.00 secs] 
2014-07-07T20:56:57.391+0000: 119.411: [GC [PSYoungGen: 122134K->566K(120128K)] 160242K->38730K(807104K), 0.0052530 secs] [Times: user=0.03 sys=0.00, real=0.00 secs] 
2014-07-07T20:56:57.826+0000: 119.846: [GC [PSYoungGen: 120118K->448K(132032K)] 158282K->38660K(819008K), 0.0064080 secs] [Times: user=0.04 sys=0.00, real=0.01 secs] 
2014-07-07T20:56:58.314+0000: 120.335: [GC [PSYoungGen: 131264K->808K(132032K)] 169476K->39084K(819008K), 0.0090440 secs] [Times: user=0.05 sys=0.00, real=0.01 secs] 
2014-07-07T20:56:58.807+0000: 120.827: [GC [PSYoungGen: 131594K->822K(158208K)] 169870K->39186K(845184K), 0.0027460 secs] [Times: user=0.02 sys=0.00, real=0.01 secs] 
2014-07-07T20:56:59.394+0000: 121.414: [GC [PSYoungGen: 157785K->762K(158208K)] 196149K->39198K(845184K), 0.0071870 secs] [Times: user=0.04 sys=0.01, real=0.01 secs] 
2014-07-07T20:56:59.987+0000: 122.008: [GC [PSYoungGen: 157754K->726K(154816K)] 196190K->39234K(841792K), 0.0030220 secs] [Times: user=0.02 sys=0.00, real=0.00 secs] 
2014-07-07T20:57:00.565+0000: 122.585: [GC [PSYoungGen: 154774K->434K(151616K)] 193282K->38982K(838592K), 0.0057730 secs] [Times: user=0.02 sys=0.00, real=0.01 secs] 
2014-07-07T20:57:01.142+0000: 123.162: [GC [PSYoungGen: 151602K->762K(149184K)] 190150K->39334K(836160K), 0.0038000 secs] [Times: user=0.02 sys=0.01, real=0.00 secs] 
2014-07-07T20:57:01.697+0000: 123.717: [GC [PSYoungGen: 149178K->762K(146496K)] 187750K->39398K(833472K), 0.0048450 secs] [Times: user=0.02 sys=0.00, real=0.01 secs] 
2014-07-07T20:57:02.247+0000: 124.267: [GC [PSYoungGen: 146490K->584K(143744K)] 185126K->39268K(830720K), 0.0038330 secs] [Times: user=0.02 sys=0.00, real=0.01 secs] 
2014-07-07T20:57:02.775+0000: 124.795: [GC [PSYoungGen: 143688K->648K(141312K)] 182372K->39372K(828288K), 0.0035980 secs] [Times: user=0.02 sys=0.00, real=0.01 secs] 
2014-07-07T20:57:03.305+0000: 125.325: [GC [PSYoungGen: 141256K->736K(138944K)] 179980K->39508K(825920K), 0.0044450 secs] [Times: user=0.02 sys=0.01, real=0.01 secs] 
2014-07-07T20:57:03.791+0000: 125.811: [GC [PSYoungGen: 138911K->986K(136832K)] 177683K->39830K(823808K), 0.0031130 secs] [Times: user=0.02 sys=0.00, real=0.00 secs] 
2014-07-07T20:57:04.331+0000: 126.351: [GC [PSYoungGen: 136794K->310K(133824K)] 175638K->39446K(820800K), 0.0027140 secs] [Times: user=0.01 sys=0.00, real=0.00 secs] 
2014-07-07T20:57:04.832+0000: 126.852: [GC [PSYoungGen: 133814K->648K(131968K)] 172950K->39832K(818944K), 0.0031810 secs] [Times: user=0.01 sys=0.00, real=0.00 secs] 
2014-07-07T20:57:05.323+0000: 127.343: [GC [PSYoungGen: 131912K->484K(129600K)] 171096K->39840K(816576K), 0.0042360 secs] [Times: user=0.01 sys=0.00, real=0.00 secs] 
2014-07-07T20:57:05.808+0000: 127.828: [GC [PSYoungGen: 129571K->626K(127616K)] 168927K->40054K(814592K), 0.0040080 secs] [Times: user=0.02 sys=0.01, real=0.01 secs] 
2014-07-07T20:57:06.276+0000: 128.297: [GC [PSYoungGen: 127602K->484K(125440K)] 167030K->39952K(812416K), 0.0050530 secs] [Times: user=0.03 sys=0.00, real=0.01 secs] 
2014-07-07T20:57:06.729+0000: 128.749: [GC [PSYoungGen: 125410K->616K(123584K)] 164879K->40116K(810560K), 0.0036710 secs] [Times: user=0.01 sys=0.00, real=0.00 secs] 
2014-07-07T20:57:07.177+0000: 129.197: [GC [PSYoungGen: 123560K->786K(121792K)] 163060K->40334K(808768K), 0.0041810 secs] [Times: user=0.02 sys=0.00, real=0.01 secs] 
2014-07-07T20:57:07.612+0000: 129.632: [GC [PSYoungGen: 121742K->1002K(120064K)] 161291K->40688K(807040K), 0.0031570 secs] [Times: user=0.02 sys=0.00, real=0.00 secs] 
2014-07-07T20:57:08.023+0000: 130.043: [GC [PSYoungGen: 120042K->228K(143104K)] 159728K->40278K(830080K), 0.0103740 secs] [Times: user=0.05 sys=0.01, real=0.01 secs] 
2014-07-07T20:57:08.553+0000: 130.573: [GC [PSYoungGen: 143076K->762K(172224K)] 183126K->40902K(859200K), 0.0041350 secs] [Times: user=0.02 sys=0.00, real=0.00 secs] 
2014-07-07T20:57:09.171+0000: 131.191: [GC [PSYoungGen: 172179K->562K(168640K)] 212320K->40948K(855616K), 0.0041740 secs] [Times: user=0.02 sys=0.00, real=0.00 secs] 
2014-07-07T20:57:09.771+0000: 131.791: [GC [PSYoungGen: 168618K->826K(165632K)] 209004K->41276K(852608K), 0.0052360 secs] [Times: user=0.03 sys=0.00, real=0.00 secs] 
2014-07-07T20:57:10.369+0000: 132.389: [GC [PSYoungGen: 165626K->448K(162048K)] 206076K->40954K(849024K), 0.0061450 secs] [Times: user=0.03 sys=0.00, real=0.01 secs] 
2014-07-07T20:57:10.952+0000: 132.972: [GC [PSYoungGen: 162020K->740K(159296K)] 202526K->41262K(846272K), 0.0047730 secs] [Times: user=0.01 sys=0.00, real=0.00 secs] 
2014-07-07T20:57:11.515+0000: 133.535: [GC [PSYoungGen: 159268K->352K(155904K)] 199790K->40890K(842880K), 0.0045130 secs] [Times: user=0.02 sys=0.00, real=0.01 secs] 
2014-07-07T20:57:12.115+0000: 134.135: [GC [PSYoungGen: 155872K->928K(153600K)] 196410K->41498K(840576K), 0.0055970 secs] [Times: user=0.01 sys=0.00, real=0.01 secs] 
2014-07-07T20:57:12.653+0000: 134.673: [GC [PSYoungGen: 153566K->562K(150400K)] 194137K->41196K(837376K), 0.0044640 secs] [Times: user=0.01 sys=0.00, real=0.00 secs] 
2014-07-07T20:57:13.191+0000: 135.211: [GC [PSYoungGen: 150386K->804K(147904K)] 191020K->41479K(834880K), 0.0065850 secs] [Times: user=0.03 sys=0.00, real=0.00 secs] 
2014-07-07T20:57:13.700+0000: 135.720: [GC [PSYoungGen: 147876K->726K(177280K)] 188551K->41456K(864256K), 0.0085980 secs] [Times: user=0.04 sys=0.00, real=0.00 secs] 
2014-07-07T20:57:14.316+0000: 136.336: [GC [PSYoungGen: 177238K->630K(173568K)] 217968K->41400K(860544K), 0.0029640 secs] [Times: user=0.01 sys=0.00, real=0.01 secs] 
2014-07-07T20:57:14.969+0000: 136.989: [GC [PSYoungGen: 173558K->566K(170048K)] 214328K->41384K(857024K), 0.0045050 secs] [Times: user=0.02 sys=0.00, real=0.01 secs] 
2014-07-07T20:57:15.546+0000: 137.566: [GC [PSYoungGen: 170038K->548K(166720K)] 210856K->41382K(853696K), 0.0048800 secs] [Times: user=0.01 sys=0.00, real=0.01 secs] 
2014-07-07T20:57:16.116+0000: 138.136: [GC [PSYoungGen: 166691K->630K(163584K)] 207526K->41528K(850560K), 0.0046930 secs] [Times: user=0.02 sys=0.00, real=0.01 secs] 
2014-07-07T20:57:16.684+0000: 138.704: [GC [PSYoungGen: 163574K->712K(160576K)] 204472K->41650K(847552K), 0.0060390 secs] [Times: user=0.01 sys=0.00, real=0.00 secs] 
2014-07-07T20:57:17.237+0000: 139.257: [GC [PSYoungGen: 160519K->562K(157376K)] 201458K->41548K(844352K), 0.0052670 secs] [Times: user=0.03 sys=0.00, real=0.01 secs] 
2014-07-07T20:57:17.769+0000: 139.789: [GC [PSYoungGen: 157362K->814K(154688K)] 198348K->41841K(841664K), 0.0058160 secs] [Times: user=0.02 sys=0.00, real=0.01 secs] 
2014-07-07T20:57:18.331+0000: 140.351: [GC [PSYoungGen: 154655K->680K(151744K)] 195682K->41810K(838720K), 0.0053280 secs] [Times: user=0.02 sys=0.00, real=0.00 secs] 
2014-07-07T20:57:18.796+0000: 140.816: [GC [PSYoungGen: 151712K->662K(148992K)] 192843K->41840K(835968K), 0.0046580 secs] [Times: user=0.01 sys=0.01, real=0.01 secs] 
2014-07-07T20:57:19.268+0000: 141.288: [GC [PSYoungGen: 148950K->672K(146304K)] 190128K->41883K(833280K), 0.0030350 secs] [Times: user=0.01 sys=0.00, real=0.01 secs] 
2014-07-07T20:57:19.744+0000: 141.764: [GC [PSYoungGen: 146272K->982K(174528K)] 187483K->42248K(861504K), 0.0069040 secs] [Times: user=0.03 sys=0.00, real=0.01 secs] 
2014-07-07T20:57:20.308+0000: 142.328: [GC [PSYoungGen: 174486K->544K(170624K)] 215752K->41866K(857600K), 0.0043780 secs] [Times: user=0.02 sys=0.00, real=0.01 secs] 
2014-07-07T20:57:20.855+0000: 142.875: [GC [PSYoungGen: 170592K->882K(167616K)] 211914K->42261K(854592K), 0.0046680 secs] [Times: user=0.02 sys=0.00, real=0.00 secs] 
2014-07-07T20:57:21.382+0000: 143.402: [GC [PSYoungGen: 167602K->762K(164224K)] 208981K->42180K(851200K), 0.0060190 secs] [Times: user=0.03 sys=0.00, real=0.00 secs] 
2014-07-07T20:57:21.901+0000: 143.921: [GC [PSYoungGen: 164218K->906K(161280K)] 205636K->42373K(848256K), 0.0043040 secs] [Times: user=0.02 sys=0.00, real=0.01 secs] 
2014-07-07T20:57:22.404+0000: 144.424: [GC [PSYoungGen: 161226K->488K(157760K)] 202693K->42198K(844736K), 0.0039820 secs] [Times: user=0.01 sys=0.00, real=0.00 secs] 
2014-07-07T20:57:22.907+0000: 144.927: [GC [PSYoungGen: 157736K->680K(155008K)] 199446K->42430K(841984K), 0.0043890 secs] [Times: user=0.02 sys=0.00, real=0.01 secs] 
2014-07-07T20:57:23.395+0000: 145.415: [GC [PSYoungGen: 154983K->680K(152128K)] 196733K->42552K(839104K), 0.0040670 secs] [Times: user=0.02 sys=0.00, real=0.00 secs] 
2014-07-07T20:57:23.892+0000: 145.912: [GC [PSYoungGen: 152104K->790K(173312K)] 193976K->42718K(860288K), 0.0114020 secs] [Times: user=0.05 sys=0.00, real=0.01 secs] 
2014-07-07T20:57:24.414+0000: 146.434: [GC [PSYoungGen: 173014K->982K(182720K)] 214942K->42982K(869696K), 0.0057430 secs] [Times: user=0.03 sys=0.01, real=0.00 secs] 
2014-07-07T20:57:24.993+0000: 147.013: [GC [PSYoungGen: 182643K->708K(182784K)] 224643K->42780K(869760K), 0.0042840 secs] [Times: user=0.02 sys=0.00, real=0.00 secs] 
2014-07-07T20:57:25.565+0000: 147.585: [GC [PSYoungGen: 182373K->562K(219136K)] 224445K->42698K(906112K), 0.0064200 secs] [Times: user=0.04 sys=0.00, real=0.01 secs] 
2014-07-07T20:57:26.260+0000: 148.280: [GC [PSYoungGen: 218610K->1056K(214144K)] 260746K->43322K(901120K), 0.0049930 secs] [Times: user=0.02 sys=0.01, real=0.01 secs] 
2014-07-07T20:57:26.968+0000: 148.988: [GC [PSYoungGen: 214112K->64K(208320K)] 256378K->42896K(895296K), 0.0039990 secs] [Times: user=0.02 sys=0.01, real=0.01 secs] 
2014-07-07T20:57:27.640+0000: 149.660: [GC [PSYoungGen: 208286K->1190K(204864K)] 251119K->44146K(891840K), 0.0074980 secs] [Times: user=0.05 sys=0.00, real=0.01 secs] 
2014-07-07T20:57:28.309+0000: 150.329: [GC [PSYoungGen: 204837K->712K(199936K)] 247794K->44197K(886912K), 0.0072370 secs] [Times: user=0.04 sys=0.00, real=0.01 secs] 
2014-07-07T20:57:28.980+0000: 151.000: [GC [PSYoungGen: 199880K->776K(195712K)] 243365K->44317K(882688K), 0.0037980 secs] [Times: user=0.03 sys=0.00, real=0.01 secs] 
2014-07-07T20:57:29.508+0000: 151.528: [GC [PSYoungGen: 195656K->626K(191360K)] 239197K->44230K(878336K), 0.0044750 secs] [Times: user=0.03 sys=0.00, real=0.01 secs] 
2014-07-07T20:57:30.072+0000: 152.092: [GC [PSYoungGen: 191346K->772K(187520K)] 234950K->44408K(874496K), 0.0047570 secs] [Times: user=0.02 sys=0.00, real=0.01 secs] 
2014-07-07T20:57:30.605+0000: 152.625: [GC [PSYoungGen: 187460K->690K(183488K)] 231096K->44414K(870464K), 0.0067130 secs] [Times: user=0.04 sys=0.00, real=0.00 secs] 
2014-07-07T20:57:31.171+0000: 153.191: [GC [PSYoungGen: 183474K->918K(179968K)] 227198K->44659K(866944K), 0.0051970 secs] [Times: user=0.01 sys=0.00, real=0.01 secs] 
2014-07-07T20:57:31.898+0000: 153.918: [GC [PSYoungGen: 179926K->686K(176064K)] 223667K->44907K(863040K), 0.0031080 secs] [Times: user=0.02 sys=0.00, real=0.00 secs] 
2014-07-07T20:57:32.725+0000: 154.745: [GC [PSYoungGen: 176046K->1274K(173120K)] 220267K->45783K(860096K), 0.0044730 secs] [Times: user=0.02 sys=0.00, real=0.00 secs] 
2014-07-07T20:57:33.468+0000: 155.488: [GC [PSYoungGen: 173114K->622K(169088K)] 217623K->46157K(856064K), 0.0052530 secs] [Times: user=0.03 sys=0.00, real=0.01 secs] 
2014-07-07T20:57:34.086+0000: 156.106: [GC [PSYoungGen: 169070K->1652K(166784K)] 214605K->47243K(853760K), 0.0033190 secs] [Times: user=0.01 sys=0.00, real=0.00 secs] 
2014-07-07T20:57:34.567+0000: 156.587: [GC [PSYoungGen: 166772K->1092K(163072K)] 212363K->47099K(850048K), 0.0044340 secs] [Times: user=0.01 sys=0.01, real=0.00 secs] 
2014-07-07T20:57:35.038+0000: 157.058: [GC [PSYoungGen: 163012K->1166K(160064K)] 209019K->47229K(847040K), 0.0089500 secs] [Times: user=0.05 sys=0.00, real=0.01 secs] 
2014-07-07T20:57:35.478+0000: 157.498: [GC [PSYoungGen: 160014K->1184K(191872K)] 206077K->47319K(878848K), 0.0060450 secs] [Times: user=0.03 sys=0.00, real=0.01 secs] 
2014-07-07T20:57:35.939+0000: 157.959: [GC [PSYoungGen: 191822K->1612K(188288K)] 237957K->47819K(875264K), 0.0032820 secs] [Times: user=0.01 sys=0.00, real=0.00 secs] 
2014-07-07T20:57:36.432+0000: 158.452: [GC [PSYoungGen: 188236K->744K(183488K)] 234443K->47057K(870464K), 0.0050130 secs] [Times: user=0.02 sys=0.00, real=0.01 secs] 
2014-07-07T20:57:36.878+0000: 158.898: [GC [PSYoungGen: 183434K->1196K(180160K)] 229747K->47597K(867136K), 0.0034790 secs] [Times: user=0.02 sys=0.00, real=0.00 secs] 
2014-07-07T20:57:37.320+0000: 159.340: [GC [PSYoungGen: 180140K->985K(176320K)] 226541K->47410K(863296K), 0.0035340 secs] [Times: user=0.01 sys=0.00, real=0.01 secs] 
2014-07-07T20:57:37.754+0000: 159.774: [GC [PSYoungGen: 176273K->990K(172800K)] 222698K->47503K(859776K), 0.0038010 secs] [Times: user=0.02 sys=0.00, real=0.00 secs] 
2014-07-07T20:57:38.156+0000: 160.176: [GC [PSYoungGen: 172766K->1294K(169728K)] 219279K->47887K(856704K), 0.0027470 secs] [Times: user=0.01 sys=0.00, real=0.00 secs] 
2014-07-07T20:57:38.558+0000: 160.578: [GC [PSYoungGen: 169672K->1413K(166592K)] 216265K->48038K(853568K), 0.0047340 secs] [Times: user=0.01 sys=0.00, real=0.00 secs] 
2014-07-07T20:57:38.971+0000: 160.991: [GC [PSYoungGen: 166510K->802K(162752K)] 213135K->47665K(849728K), 0.0029190 secs] [Times: user=0.01 sys=0.00, real=0.01 secs] 
2014-07-07T20:57:39.343+0000: 161.363: [GC [PSYoungGen: 162720K->1050K(159936K)] 209583K->47937K(846912K), 0.0044520 secs] [Times: user=0.02 sys=0.00, real=0.01 secs] 
2014-07-07T20:57:39.711+0000: 161.731: [GC [PSYoungGen: 159898K->1644K(192320K)] 206785K->48653K(879296K), 0.0048980 secs] [Times: user=0.03 sys=0.00, real=0.01 secs] 
2014-07-07T20:57:40.147+0000: 162.167: [GC [PSYoungGen: 192297K->1484K(188160K)] 239306K->48557K(875136K), 0.0029210 secs] [Times: user=0.02 sys=0.00, real=0.00 secs] 
2014-07-07T20:57:40.587+0000: 162.607: [GC [PSYoungGen: 188108K->570K(183296K)] 235181K->48141K(870272K), 0.0041230 secs] [Times: user=0.01 sys=0.00, real=0.00 secs] 
2014-07-07T20:57:40.972+0000: 162.992: [GC [PSYoungGen: 183273K->1212K(180160K)] 230845K->48799K(867136K), 0.0048640 secs] [Times: user=0.02 sys=0.01, real=0.01 secs] 
2014-07-07T20:57:41.388+0000: 163.409: [GC [PSYoungGen: 180140K->1467K(203584K)] 227727K->49467K(890560K), 0.0051340 secs] [Times: user=0.03 sys=0.00, real=0.00 secs] 
2014-07-07T20:57:41.885+0000: 163.905: [GC [PSYoungGen: 203242K->1409K(203648K)] 251242K->49464K(890624K), 0.0059250 secs] [Times: user=0.03 sys=0.00, real=0.00 secs] 
2014-07-07T20:57:42.327+0000: 164.347: [GC [PSYoungGen: 203201K->1683K(243904K)] 251256K->49794K(930880K), 0.0049400 secs] [Times: user=0.03 sys=0.00, real=0.00 secs] 
2014-07-07T20:57:42.881+0000: 164.901: [GC [PSYoungGen: 243730K->1236K(244032K)] 291841K->49412K(931008K), 0.0052740 secs] [Times: user=0.03 sys=0.00, real=0.01 secs] 
2014-07-07T20:57:43.349+0000: 165.369: [GC [PSYoungGen: 243284K->862K(292416K)] 291460K->49109K(979392K), 0.0048450 secs] [Times: user=0.03 sys=0.00, real=0.01 secs] 
2014-07-07T20:57:43.880+0000: 165.900: [GC [PSYoungGen: 291323K->1393K(292416K)] 339570K->49721K(979392K), 0.0050910 secs] [Times: user=0.02 sys=0.00, real=0.01 secs] 
2014-07-07T20:57:44.558+0000: 166.578: [GC [PSYoungGen: 291889K->1548K(284416K)] 340217K->49956K(971392K), 0.0038720 secs] [Times: user=0.02 sys=0.00, real=0.00 secs] 
2014-07-07T20:57:45.133+0000: 167.153: [GC [PSYoungGen: 284364K->1395K(276864K)] 332772K->49842K(963840K), 0.0048510 secs] [Times: user=0.01 sys=0.00, real=0.01 secs] 
2014-07-07T20:57:45.690+0000: 167.710: [GC [PSYoungGen: 276851K->996K(269376K)] 325298K->49786K(956352K), 0.0027540 secs] [Times: user=0.01 sys=0.01, real=0.00 secs] 
2014-07-07T20:57:46.217+0000: 168.237: [GC [PSYoungGen: 269348K->1176K(262784K)] 318138K->50029K(949760K), 0.0058830 secs] [Times: user=0.03 sys=0.00, real=0.00 secs] 
2014-07-07T20:57:46.789+0000: 168.809: [GC [PSYoungGen: 262744K->1144K(256192K)] 311597K->50154K(943168K), 0.0036130 secs] [Times: user=0.01 sys=0.01, real=0.00 secs] 
2014-07-07T20:57:47.283+0000: 169.303: [GC [PSYoungGen: 256184K->1448K(250176K)] 305194K->50506K(937152K), 0.0052880 secs] [Times: user=0.01 sys=0.00, real=0.01 secs] 
2014-07-07T20:57:47.764+0000: 169.784: [GC [PSYoungGen: 250152K->1143K(243776K)] 299210K->50661K(930752K), 0.0028780 secs] [Times: user=0.02 sys=0.01, real=0.01 secs] 
2014-07-07T20:57:48.247+0000: 170.267: [GC [PSYoungGen: 243732K->1352K(238208K)] 293250K->50934K(925184K), 0.0038380 secs] [Times: user=0.02 sys=0.01, real=0.00 secs] 
2014-07-07T20:57:48.711+0000: 170.731: [GC [PSYoungGen: 238152K->1176K(232384K)] 287734K->50980K(919360K), 0.0043370 secs] [Times: user=0.01 sys=0.00, real=0.01 secs] 
2014-07-07T20:57:49.176+0000: 171.196: [GC [PSYoungGen: 232344K->1196K(226944K)] 282148K->51032K(913920K), 0.0075610 secs] [Times: user=0.04 sys=0.00, real=0.00 secs] 
2014-07-07T20:57:49.640+0000: 171.660: [GC [PSYoungGen: 226924K->798K(271744K)] 276760K->50650K(958720K), 0.0060820 secs] [Times: user=0.02 sys=0.00, real=0.01 secs] 
2014-07-07T20:57:50.177+0000: 172.197: [GC [PSYoungGen: 271676K->1853K(326976K)] 321528K->51801K(1013952K), 0.0051140 secs] [Times: user=0.02 sys=0.00, real=0.00 secs] 
2014-07-07T20:57:50.823+0000: 172.843: [GC [PSYoungGen: 326931K->1080K(342400K)] 376879K->51337K(1029376K), 0.0068000 secs] [Times: user=0.03 sys=0.00, real=0.01 secs] 
2014-07-07T20:57:51.607+0000: 173.627: [GC [PSYoungGen: 342388K->1573K(333248K)] 392645K->51877K(1020224K), 0.0042550 secs] [Times: user=0.02 sys=0.00, real=0.00 secs] 
2014-07-07T20:57:52.286+0000: 174.306: [GC [PSYoungGen: 333173K->438K(322816K)] 383477K->51478K(1009792K), 0.0049280 secs] [Times: user=0.03 sys=0.00, real=0.00 secs] 
2014-07-07T20:57:52.930+0000: 174.950: [GC [PSYoungGen: 322806K->1787K(315264K)] 373846K->52924K(1002240K), 0.0051750 secs] [Times: user=0.03 sys=0.01, real=0.01 secs] 
2014-07-07T20:57:53.608+0000: 175.628: [GC [PSYoungGen: 315242K->1126K(306048K)] 366379K->52965K(993024K), 0.0043290 secs] [Times: user=0.02 sys=0.01, real=0.00 secs] 
2014-07-07T20:57:54.190+0000: 176.210: [GC [PSYoungGen: 306022K->1330K(297984K)] 357861K->53266K(984960K), 0.0044850 secs] [Times: user=0.02 sys=0.00, real=0.00 secs] 
2014-07-07T20:57:54.810+0000: 176.830: [GC [PSYoungGen: 297970K->1384K(290112K)] 349906K->53400K(977088K), 0.0039160 secs] [Times: user=0.02 sys=0.01, real=0.00 secs] 
2014-07-07T20:57:55.412+0000: 177.432: [GC [PSYoungGen: 290088K->1270K(282368K)] 342104K->53326K(969344K), 0.0054750 secs] [Times: user=0.02 sys=0.01, real=0.01 secs] 
2014-07-07T20:57:55.958+0000: 177.978: [GC [PSYoungGen: 282333K->1326K(275136K)] 334389K->53470K(962112K), 0.0048220 secs] [Times: user=0.03 sys=0.00, real=0.00 secs] 
2014-07-07T20:57:56.543+0000: 178.563: [GC [PSYoungGen: 275115K->1505K(268288K)] 327259K->53696K(955264K), 0.0059950 secs] [Times: user=0.02 sys=0.00, real=0.01 secs] 
2014-07-07T20:57:57.092+0000: 179.112: [GC [PSYoungGen: 268257K->994K(261056K)] 320448K->53365K(948032K), 0.0040940 secs] [Times: user=0.02 sys=0.01, real=0.01 secs] 
2014-07-07T20:57:57.778+0000: 179.798: [GC [PSYoungGen: 261026K->1316K(254848K)] 313397K->53760K(941824K), 0.0030780 secs] [Times: user=0.02 sys=0.00, real=0.00 secs] 
2014-07-07T20:57:58.444+0000: 180.464: [GC [PSYoungGen: 254787K->1332K(248576K)] 307230K->53832K(935552K), 0.0047900 secs] [Times: user=0.03 sys=0.00, real=0.01 secs] 
2014-07-07T20:57:59.135+0000: 181.155: [GC [PSYoungGen: 248550K->944K(242176K)] 301049K->53459K(929152K), 0.0056330 secs] [Times: user=0.01 sys=0.00, real=0.01 secs] 
2014-07-07T20:57:59.775+0000: 181.796: [GC [PSYoungGen: 242128K->1326K(236736K)] 294644K->54086K(923712K), 0.0045570 secs] [Times: user=0.02 sys=0.00, real=0.01 secs] 
2014-07-07T20:58:00.341+0000: 182.361: [GC [PSYoungGen: 236651K->862K(230720K)] 289411K->53686K(917696K), 0.0063750 secs] [Times: user=0.04 sys=0.00, real=0.01 secs] 
2014-07-07T20:58:00.791+0000: 182.811: [GC [PSYoungGen: 230686K->1361K(225856K)] 283510K->54283K(912832K), 0.0047780 secs] [Times: user=0.03 sys=0.00, real=0.00 secs] 
2014-07-07T20:58:01.246+0000: 183.266: [GC [PSYoungGen: 225808K->1222K(220544K)] 278730K->54232K(907520K), 0.0051770 secs] [Times: user=0.03 sys=0.00, real=0.01 secs] 
2014-07-07T20:58:01.700+0000: 183.720: [GC [PSYoungGen: 220486K->1082K(215360K)] 273496K->54254K(902336K), 0.0051250 secs] [Times: user=0.02 sys=0.00, real=0.00 secs] 
2014-07-07T20:58:02.142+0000: 184.162: [GC [PSYoungGen: 215354K->1640K(258816K)] 268526K->54860K(945792K), 0.0056570 secs] [Times: user=0.01 sys=0.00, real=0.01 secs] 
2014-07-07T20:58:02.684+0000: 184.704: [GC [PSYoungGen: 258792K->894K(251648K)] 312012K->54510K(938624K), 0.0023880 secs] [Times: user=0.02 sys=0.01, real=0.00 secs] 
2014-07-07T20:58:03.156+0000: 185.176: [GC [PSYoungGen: 251646K->936K(245568K)] 305262K->54608K(932544K), 0.0036870 secs] [Times: user=0.01 sys=0.01, real=0.01 secs] 
2014-07-07T20:58:03.673+0000: 185.693: [GC [PSYoungGen: 245502K->944K(239616K)] 299174K->54672K(926592K), 0.0059370 secs] [Times: user=0.03 sys=0.00, real=0.01 secs] 
2014-07-07T20:58:04.124+0000: 186.144: [GC [PSYoungGen: 239574K->1060K(234048K)] 293303K->54876K(921024K), 0.0031530 secs] [Times: user=0.01 sys=0.01, real=0.01 secs] 
2014-07-07T20:58:04.622+0000: 186.642: [GC [PSYoungGen: 234002K->1200K(228672K)] 287818K->55040K(915648K), 0.0037550 secs] [Times: user=0.01 sys=0.00, real=0.00 secs] 
2014-07-07T20:58:05.056+0000: 187.076: [GC [PSYoungGen: 228648K->1114K(223296K)] 282488K->55018K(910272K), 0.0069830 secs] [Times: user=0.04 sys=0.00, real=0.01 secs] 
2014-07-07T20:58:05.534+0000: 187.554: [GC [PSYoungGen: 223244K->1030K(267712K)] 277148K->54966K(954688K), 0.0077440 secs] [Times: user=0.04 sys=0.00, real=0.01 secs] 
2014-07-07T20:58:06.101+0000: 188.121: [GC [PSYoungGen: 267651K->794K(260736K)] 321587K->54794K(947712K), 0.0033230 secs] [Times: user=0.01 sys=0.00, real=0.00 secs] 
2014-07-07T20:58:06.683+0000: 188.704: [GC [PSYoungGen: 260659K->1068K(254528K)] 314659K->55116K(941504K), 0.0039590 secs] [Times: user=0.02 sys=0.00, real=0.01 secs] 
2014-07-07T20:58:07.249+0000: 189.270: [GC [PSYoungGen: 254508K->1046K(248256K)] 308556K->55158K(935232K), 0.0052030 secs] [Times: user=0.02 sys=0.00, real=0.00 secs] 
2014-07-07T20:58:07.843+0000: 189.863: [GC [PSYoungGen: 248214K->1040K(242240K)] 302326K->55216K(929216K), 0.0037450 secs] [Times: user=0.03 sys=0.00, real=0.00 secs] 
2014-07-07T20:58:08.433+0000: 190.453: [GC [PSYoungGen: 242192K->840K(236224K)] 296368K->55064K(923200K), 0.0058890 secs] [Times: user=0.02 sys=0.00, real=0.01 secs] 
2014-07-07T20:58:09.008+0000: 191.028: [GC [PSYoungGen: 236155K->740K(230528K)] 290379K->55052K(917504K), 0.0032080 secs] [Times: user=0.02 sys=0.00, real=0.00 secs] 
2014-07-07T20:58:09.672+0000: 191.692: [GC [PSYoungGen: 230500K->608K(225024K)] 284812K->55000K(912000K), 0.0055250 secs] [Times: user=0.03 sys=0.00, real=0.00 secs] 
2014-07-07T20:58:10.307+0000: 192.327: [GC [PSYoungGen: 224992K->974K(220224K)] 279384K->55406K(907200K), 0.0102530 secs] [Times: user=0.06 sys=0.00, real=0.01 secs] 
2014-07-07T20:58:10.924+0000: 192.944: [GC [PSYoungGen: 220174K->594K(214848K)] 274606K->55130K(901824K), 0.0041210 secs] [Times: user=0.02 sys=0.00, real=0.01 secs] 
2014-07-07T20:58:11.546+0000: 193.566: [GC [PSYoungGen: 214762K->776K(210240K)] 269298K->55384K(897216K), 0.0044170 secs] [Times: user=0.03 sys=0.00, real=0.01 secs] 
2014-07-07T20:58:12.123+0000: 194.143: [GC [PSYoungGen: 210174K->840K(205632K)] 264782K->55520K(892608K), 0.0038270 secs] [Times: user=0.02 sys=0.00, real=0.00 secs] 
2014-07-07T20:58:12.706+0000: 194.726: [GC [PSYoungGen: 205576K->626K(200896K)] 260256K->55386K(887872K), 0.0039500 secs] [Times: user=0.02 sys=0.00, real=0.01 secs] 
2014-07-07T20:58:13.280+0000: 195.300: [GC [PSYoungGen: 200882K->708K(196672K)] 255642K->55540K(883648K), 0.0051930 secs] [Times: user=0.03 sys=0.00, real=0.00 secs] 
2014-07-07T20:58:13.830+0000: 195.850: [GC [PSYoungGen: 196612K->1042K(192768K)] 251444K->55962K(879744K), 0.0038540 secs] [Times: user=0.02 sys=0.00, real=0.00 secs] 
2014-07-07T20:58:14.386+0000: 196.406: [GC [PSYoungGen: 192722K->926K(188608K)] 247642K->55902K(875584K), 0.0070670 secs] [Times: user=0.03 sys=0.01, real=0.01 secs] 
2014-07-07T20:58:14.898+0000: 196.918: [GC [PSYoungGen: 188573K->1042K(226304K)] 243549K->56140K(913280K), 0.0074550 secs] [Times: user=0.05 sys=0.00, real=0.01 secs] 
2014-07-07T20:58:15.568+0000: 197.588: [GC [PSYoungGen: 226226K->1068K(221056K)] 281324K->56206K(908032K), 0.0053700 secs] [Times: user=0.03 sys=0.00, real=0.01 secs] 
2014-07-07T20:58:16.185+0000: 198.205: [GC [PSYoungGen: 221006K->698K(215616K)] 276144K->55860K(902592K), 0.0062650 secs] [Times: user=0.02 sys=0.00, real=0.01 secs] 
2014-07-07T20:58:16.788+0000: 198.808: [GC [PSYoungGen: 215610K->1114K(211200K)] 270772K->56348K(898176K), 0.0059520 secs] [Times: user=0.04 sys=0.00, real=0.01 secs] 
2014-07-07T20:58:17.410+0000: 199.430: [GC [PSYoungGen: 211162K->840K(206272K)] 266396K->56138K(893248K), 0.0041300 secs] [Times: user=0.02 sys=0.01, real=0.00 secs] 
2014-07-07T20:58:17.981+0000: 200.001: [GC [PSYoungGen: 206216K->576K(201408K)] 261514K->55946K(888384K), 0.0028840 secs] [Times: user=0.01 sys=0.00, real=0.00 secs] 
2014-07-07T20:58:18.582+0000: 200.602: [GC [PSYoungGen: 201401K->961K(197504K)] 256771K->56403K(884480K), 0.0047430 secs] [Times: user=0.02 sys=0.00, real=0.00 secs] 
2014-07-07T20:58:19.128+0000: 201.148: [GC [PSYoungGen: 197441K->762K(193024K)] 252883K->56268K(880000K), 0.0027030 secs] [Times: user=0.01 sys=0.00, real=0.01 secs] 
2014-07-07T20:58:19.712+0000: 201.732: [GC [PSYoungGen: 193016K->594K(188800K)] 248522K->56148K(875776K), 0.0053630 secs] [Times: user=0.02 sys=0.00, real=0.00 secs] 
2014-07-07T20:58:20.257+0000: 202.278: [GC [PSYoungGen: 188754K->1344K(185600K)] 244308K->56978K(872576K), 0.0025830 secs] [Times: user=0.02 sys=0.00, real=0.01 secs] 
2014-07-07T20:58:20.774+0000: 202.794: [GC [PSYoungGen: 185536K->800K(181248K)] 241170K->56546K(868224K), 0.0026310 secs] [Times: user=0.01 sys=0.00, real=0.00 secs] 
2014-07-07T20:58:21.301+0000: 203.321: [GC [PSYoungGen: 181216K->612K(177344K)] 236962K->56390K(864320K), 0.0033020 secs] [Times: user=0.02 sys=0.00, real=0.00 secs] 
2014-07-07T20:58:21.818+0000: 203.838: [GC [PSYoungGen: 177316K->448K(173568K)] 233094K->56266K(860544K), 0.0063650 secs] [Times: user=0.04 sys=0.00, real=0.01 secs] 
2014-07-07T20:58:22.317+0000: 204.337: [GC [PSYoungGen: 173568K->626K(170304K)] 229386K->56500K(857280K), 0.0038960 secs] [Times: user=0.02 sys=0.00, real=0.01 secs] 
2014-07-07T20:58:22.807+0000: 204.827: [GC [PSYoungGen: 170252K->1120K(167488K)] 226126K->57042K(854464K), 0.0039830 secs] [Times: user=0.01 sys=0.00, real=0.01 secs] 
2014-07-07T20:58:23.287+0000: 205.307: [GC [PSYoungGen: 167456K->860K(164032K)] 223378K->56862K(851008K), 0.0029860 secs] [Times: user=0.01 sys=0.00, real=0.01 secs] 
2014-07-07T20:58:23.754+0000: 205.774: [GC [PSYoungGen: 163996K->1072K(161088K)] 219998K->57220K(848064K), 0.0051680 secs] [Times: user=0.01 sys=0.00, real=0.00 secs] 
2014-07-07T20:58:24.209+0000: 206.229: [GC [PSYoungGen: 161072K->704K(157696K)] 217220K->56924K(844672K), 0.0059330 secs] [Times: user=0.02 sys=0.01, real=0.01 secs] 
2014-07-07T20:58:24.663+0000: 206.683: [GC [PSYoungGen: 157696K->562K(154624K)] 213916K->56822K(841600K), 0.0051560 secs] [Times: user=0.03 sys=0.00, real=0.00 secs] 
2014-07-07T20:58:25.093+0000: 207.113: [GC [PSYoungGen: 154610K->1004K(152192K)] 210870K->57376K(839168K), 0.0047240 secs] [Times: user=0.02 sys=0.00, real=0.00 secs] 
2014-07-07T20:58:25.569+0000: 207.589: [GC [PSYoungGen: 152152K->880K(149312K)] 208524K->57308K(836288K), 0.0040180 secs] [Times: user=0.02 sys=0.00, real=0.01 secs] 
2014-07-07T20:58:25.975+0000: 207.996: [GC [PSYoungGen: 149287K->994K(179136K)] 205715K->57486K(866112K), 0.0063000 secs] [Times: user=0.04 sys=0.00, real=0.01 secs] 
2014-07-07T20:58:26.500+0000: 208.520: [GC [PSYoungGen: 179106K->648K(214464K)] 235598K->57156K(901440K), 0.0061330 secs] [Times: user=0.01 sys=0.00, real=0.00 secs] 
2014-07-07T20:58:27.081+0000: 209.102: [GC [PSYoungGen: 214408K->676K(257216K)] 270916K->57232K(944192K), 0.0081480 secs] [Times: user=0.04 sys=0.00, real=0.00 secs] 
2014-07-07T20:58:27.825+0000: 209.845: [GC [PSYoungGen: 257177K->1113K(251328K)] 313733K->57765K(938304K), 0.0040520 secs] [Times: user=0.03 sys=0.00, real=0.00 secs] 
2014-07-07T20:58:28.548+0000: 210.568: [GC [PSYoungGen: 251289K->1451K(245504K)] 307941K->58167K(932480K), 0.0036790 secs] [Times: user=0.02 sys=0.00, real=0.01 secs] 
2014-07-07T20:58:29.249+0000: 211.270: [GC [PSYoungGen: 245424K->384K(238528K)] 302140K->57408K(925504K), 0.0043790 secs] [Times: user=0.03 sys=0.00, real=0.01 secs] 
2014-07-07T20:58:29.930+0000: 211.950: [GC [PSYoungGen: 238528K->944K(233408K)] 295552K->58000K(920384K), 0.0036920 secs] [Times: user=0.01 sys=0.00, real=0.01 secs] 
2014-07-07T20:58:30.622+0000: 212.642: [GC [PSYoungGen: 233389K->1160K(228160K)] 290445K->58670K(915136K), 0.0029140 secs] [Times: user=0.01 sys=0.00, real=0.00 secs] 
2014-07-07T20:58:31.258+0000: 213.278: [GC [PSYoungGen: 228104K->612K(222272K)] 285614K->58178K(909248K), 0.0098920 secs] [Times: user=0.05 sys=0.00, real=0.01 secs] 
2014-07-07T20:58:31.928+0000: 213.948: [GC [PSYoungGen: 222244K->836K(217408K)] 279810K->58474K(904384K), 0.0035720 secs] [Times: user=0.02 sys=0.00, real=0.01 secs] 
2014-07-07T20:58:32.560+0000: 214.580: [GC [PSYoungGen: 217348K->608K(212224K)] 274986K->58342K(899200K), 0.0033710 secs] [Times: user=0.01 sys=0.00, real=0.01 secs] 
2014-07-07T20:58:33.159+0000: 215.179: [GC [PSYoungGen: 212192K->1116K(208000K)] 269926K->58906K(894976K), 0.0035460 secs] [Times: user=0.02 sys=0.01, real=0.01 secs] 
2014-07-07T20:58:33.767+0000: 215.787: [GC [PSYoungGen: 207964K->548K(202880K)] 265754K->58378K(889856K), 0.0053280 secs] [Times: user=0.03 sys=0.00, real=0.01 secs] 
2014-07-07T20:58:34.354+0000: 216.374: [GC [PSYoungGen: 202852K->832K(198720K)] 260682K->58710K(885696K), 0.0035910 secs] [Times: user=0.02 sys=0.00, real=0.00 secs] 
2014-07-07T20:58:34.909+0000: 216.929: [GC [PSYoungGen: 198720K->850K(194496K)] 256598K->58784K(881472K), 0.0034320 secs] [Times: user=0.01 sys=0.00, real=0.01 secs] 
2014-07-07T20:58:35.483+0000: 217.503: [GC [PSYoungGen: 194450K->744K(190272K)] 252384K->58734K(877248K), 0.0039260 secs] [Times: user=0.01 sys=0.00, real=0.00 secs] 
2014-07-07T20:58:36.023+0000: 218.043: [GC [PSYoungGen: 190248K->480K(186048K)] 248238K->58510K(873024K), 0.0028890 secs] [Times: user=0.01 sys=0.01, real=0.00 secs] 
2014-07-07T20:58:36.577+0000: 218.597: [GC [PSYoungGen: 186016K->580K(182336K)] 244046K->58666K(869312K), 0.0061860 secs] [Times: user=0.03 sys=0.00, real=0.01 secs] 
2014-07-07T20:58:37.102+0000: 219.122: [GC [PSYoungGen: 182276K->800K(178816K)] 240362K->58966K(865792K), 0.0035640 secs] [Times: user=0.01 sys=0.01, real=0.01 secs] 
2014-07-07T20:58:37.623+0000: 219.643: [GC [PSYoungGen: 178773K->1146K(175552K)] 236939K->59408K(862528K), 0.0045680 secs] [Times: user=0.03 sys=0.00, real=0.00 secs] 
2014-07-07T20:58:38.122+0000: 220.142: [GC [PSYoungGen: 175546K->914K(171904K)] 233808K->59240K(858880K), 0.0034130 secs] [Times: user=0.01 sys=0.00, real=0.00 secs] 
2014-07-07T20:58:38.676+0000: 220.696: [GC [PSYoungGen: 171843K->708K(168320K)] 230169K->59138K(855296K), 0.0037240 secs] [Times: user=0.02 sys=0.00, real=0.00 secs] 
2014-07-07T20:58:39.154+0000: 221.174: [GC [PSYoungGen: 168260K->818K(165120K)] 226690K->59312K(852096K), 0.0052960 secs] [Times: user=0.02 sys=0.00, real=0.00 secs] 
2014-07-07T20:58:39.636+0000: 221.657: [GC [PSYoungGen: 165106K->608K(161792K)] 223600K->59166K(848768K), 0.0042590 secs] [Times: user=0.02 sys=0.01, real=0.00 secs] 
2014-07-07T20:58:40.094+0000: 222.114: [GC [PSYoungGen: 161760K->850K(158976K)] 220318K->59448K(845952K), 0.0030090 secs] [Times: user=0.01 sys=0.00, real=0.00 secs] 
2014-07-07T20:58:40.584+0000: 222.604: [GC [PSYoungGen: 158930K->826K(155968K)] 217528K->59496K(842944K), 0.0062080 secs] [Times: user=0.03 sys=0.00, real=0.00 secs] 
2014-07-07T20:58:41.012+0000: 223.032: [GC [PSYoungGen: 155931K->1202K(153472K)] 214601K->59985K(840448K), 0.0034480 secs] [Times: user=0.01 sys=0.00, real=0.01 secs] 
2014-07-07T20:58:41.457+0000: 223.477: [GC [PSYoungGen: 153458K->420K(149888K)] 212241K->59956K(836864K), 0.0043310 secs] [Times: user=0.03 sys=0.00, real=0.00 secs] 
2014-07-07T20:58:41.889+0000: 223.909: [GC [PSYoungGen: 149860K->908K(147712K)] 209396K->60516K(834688K), 0.0036400 secs] [Times: user=0.02 sys=0.00, real=0.01 secs] 
2014-07-07T20:58:42.318+0000: 224.338: [GC [PSYoungGen: 147660K->804K(144960K)] 207268K->60658K(831936K), 0.0048180 secs] [Times: user=0.03 sys=0.00, real=0.01 secs] 
2014-07-07T20:58:42.740+0000: 224.761: [GC [PSYoungGen: 144932K->576K(142144K)] 204786K->60502K(829120K), 0.0028040 secs] [Times: user=0.01 sys=0.01, real=0.01 secs] 
2014-07-07T20:58:43.149+0000: 225.169: [GC [PSYoungGen: 142144K->808K(170752K)] 202070K->60774K(857728K), 0.0185310 secs] [Times: user=0.11 sys=0.00, real=0.02 secs] 
2014-07-07T20:58:43.659+0000: 225.680: [GC [PSYoungGen: 170693K->1188K(205120K)] 230660K->61195K(892096K), 0.0073870 secs] [Times: user=0.04 sys=0.00, real=0.01 secs] 
2014-07-07T20:58:44.246+0000: 226.267: [GC [PSYoungGen: 205092K->512K(245248K)] 265099K->60598K(932224K), 0.0048280 secs] [Times: user=0.03 sys=0.00, real=0.00 secs] 
2014-07-07T20:58:44.952+0000: 226.972: [GC [PSYoungGen: 245247K->668K(284864K)] 305334K->60811K(971840K), 0.0039300 secs] [Times: user=0.02 sys=0.01, real=0.01 secs] 
2014-07-07T20:58:45.781+0000: 227.801: [GC [PSYoungGen: 284124K->608K(295104K)] 344267K->60806K(982080K), 0.0038760 secs] [Times: user=0.01 sys=0.01, real=0.01 secs] 
2014-07-07T20:58:46.641+0000: 228.661: [GC [PSYoungGen: 294277K->1178K(287104K)] 354476K->61465K(974080K), 0.0039820 secs] [Times: user=0.02 sys=0.00, real=0.01 secs] 
2014-07-07T20:58:47.465+0000: 229.485: [GC [PSYoungGen: 287066K->256K(278656K)] 347353K->61046K(965632K), 0.0091920 secs] [Times: user=0.06 sys=0.01, real=0.01 secs] 
2014-07-07T20:58:48.285+0000: 230.305: [GC [PSYoungGen: 278656K->754K(272000K)] 339446K->61616K(958976K), 0.0042370 secs] [Times: user=0.02 sys=0.00, real=0.00 secs] 
2014-07-07T20:58:49.075+0000: 231.095: [GC [PSYoungGen: 271986K->936K(265280K)] 332848K->61977K(952256K), 0.0058680 secs] [Times: user=0.02 sys=0.00, real=0.00 secs] 
2014-07-07T20:58:49.840+0000: 231.860: [GC [PSYoungGen: 265256K->740K(258432K)] 326297K->61868K(945408K), 0.0043800 secs] [Times: user=0.02 sys=0.00, real=0.01 secs] 
2014-07-07T20:58:50.604+0000: 232.624: [GC [PSYoungGen: 258360K->992K(252288K)] 319489K->62638K(939264K), 0.0031740 secs] [Times: user=0.01 sys=0.00, real=0.01 secs] 
2014-07-07T20:58:51.325+0000: 233.345: [GC [PSYoungGen: 252256K->889K(246016K)] 313902K->62591K(932992K), 0.0061290 secs] [Times: user=0.04 sys=0.00, real=0.00 secs] 
2014-07-07T20:58:52.027+0000: 234.047: [GC [PSYoungGen: 246009K->811K(240000K)] 307711K->62569K(926976K), 0.0043560 secs] [Times: user=0.01 sys=0.00, real=0.00 secs] 
2014-07-07T20:58:52.716+0000: 234.736: [GC [PSYoungGen: 239931K->848K(234368K)] 301689K->62638K(921344K), 0.0070570 secs] [Times: user=0.04 sys=0.00, real=0.00 secs] 
2014-07-07T20:58:53.405+0000: 235.425: [GC [PSYoungGen: 234320K->946K(228928K)] 296110K->62792K(915904K), 0.0032670 secs] [Times: user=0.01 sys=0.00, real=0.01 secs] 
2014-07-07T20:58:54.067+0000: 236.087: [GC [PSYoungGen: 228914K->794K(223488K)] 290760K->62695K(910464K), 0.0055780 secs] [Times: user=0.02 sys=0.00, real=0.00 secs] 
2014-07-07T20:58:54.716+0000: 236.736: [GC [PSYoungGen: 223429K->944K(218496K)] 285331K->63018K(905472K), 0.0034580 secs] [Times: user=0.01 sys=0.00, real=0.00 secs] 
2014-07-07T20:58:55.351+0000: 237.371: [GC [PSYoungGen: 218480K->658K(213312K)] 280554K->62811K(900288K), 0.0036820 secs] [Times: user=0.02 sys=0.00, real=0.01 secs] 
2014-07-07T20:58:55.987+0000: 238.008: [GC [PSYoungGen: 213266K->704K(208512K)] 275419K->62929K(895488K), 0.0043510 secs] [Times: user=0.02 sys=0.00, real=0.00 secs] 
2014-07-07T20:58:56.608+0000: 238.628: [GC [PSYoungGen: 208512K->768K(204032K)] 270737K->63042K(891008K), 0.0037890 secs] [Times: user=0.02 sys=0.00, real=0.00 secs] 
2014-07-07T20:58:57.199+0000: 239.219: [GC [PSYoungGen: 203940K->1212K(200000K)] 266214K->63666K(886976K), 0.0035280 secs] [Times: user=0.02 sys=0.00, real=0.00 secs] 
2014-07-07T20:58:57.781+0000: 239.801: [GC [PSYoungGen: 199996K->544K(195072K)] 262450K->63061K(882048K), 0.0048050 secs] [Times: user=0.02 sys=0.00, real=0.01 secs] 
2014-07-07T20:58:58.341+0000: 240.361: [GC [PSYoungGen: 195040K->832K(191232K)] 257557K->63414K(878208K), 0.0029950 secs] [Times: user=0.02 sys=0.00, real=0.00 secs] 
2014-07-07T20:58:58.887+0000: 240.907: [GC [PSYoungGen: 191168K->658K(187008K)] 253750K->63303K(873984K), 0.0029950 secs] [Times: user=0.01 sys=0.00, real=0.00 secs] 
2014-07-07T20:58:59.450+0000: 241.471: [GC [PSYoungGen: 186943K->594K(183040K)] 249589K->63271K(870016K), 0.0075190 secs] [Times: user=0.05 sys=0.00, real=0.01 secs] 
2014-07-07T20:58:59.968+0000: 241.988: [GC [PSYoungGen: 182994K->640K(179264K)] 245671K->63389K(866240K), 0.0026470 secs] [Times: user=0.01 sys=0.00, real=0.00 secs] 
2014-07-07T20:59:00.506+0000: 242.526: [GC [PSYoungGen: 179264K->512K(175488K)] 242013K->63309K(862464K), 0.0051840 secs] [Times: user=0.02 sys=0.00, real=0.01 secs] 
2014-07-07T20:59:00.997+0000: 243.017: [GC [PSYoungGen: 175488K->1330K(172800K)] 238285K->64192K(859776K), 0.0039610 secs] [Times: user=0.02 sys=0.00, real=0.00 secs] 
2014-07-07T20:59:01.532+0000: 243.552: [GC [PSYoungGen: 172786K->982K(169088K)] 235648K->63900K(856064K), 0.0040790 secs] [Times: user=0.02 sys=0.00, real=0.01 secs] 
2014-07-07T20:59:02.025+0000: 244.045: [GC [PSYoungGen: 169046K->832K(165632K)] 231964K->63805K(852608K), 0.0047050 secs] [Times: user=0.02 sys=0.01, real=0.01 secs] 
2014-07-07T20:59:02.525+0000: 244.545: [GC [PSYoungGen: 165584K->658K(162304K)] 228558K->63671K(849280K), 0.0069620 secs] [Times: user=0.03 sys=0.00, real=0.01 secs] 
2014-07-07T20:59:02.978+0000: 244.998: [GC [PSYoungGen: 162258K->808K(194752K)] 225271K->63878K(881728K), 0.0061640 secs] [Times: user=0.04 sys=0.00, real=0.00 secs] 
2014-07-07T20:59:03.583+0000: 245.603: [GC [PSYoungGen: 194715K->808K(190592K)] 257785K->63982K(877568K), 0.0027720 secs] [Times: user=0.01 sys=0.00, real=0.00 secs] 
2014-07-07T20:59:04.133+0000: 246.153: [GC [PSYoungGen: 190568K->892K(186688K)] 253742K->64122K(873664K), 0.0062860 secs] [Times: user=0.03 sys=0.00, real=0.01 secs] 
2014-07-07T20:59:04.703+0000: 246.723: [GC [PSYoungGen: 186684K->704K(182656K)] 249914K->63973K(869632K), 0.0042750 secs] [Times: user=0.02 sys=0.00, real=0.01 secs] 
2014-07-07T20:59:05.230+0000: 247.250: [GC [PSYoungGen: 182652K->594K(178880K)] 245922K->63935K(865856K), 0.0030070 secs] [Times: user=0.01 sys=0.00, real=0.00 secs] 
2014-07-07T20:59:05.757+0000: 247.777: [GC [PSYoungGen: 178834K->708K(175424K)] 242175K->64105K(862400K), 0.0044580 secs] [Times: user=0.01 sys=0.00, real=0.00 secs] 
2014-07-07T20:59:06.253+0000: 248.273: [GC [PSYoungGen: 175355K->1032K(172224K)] 238753K->64478K(859200K), 0.0059580 secs] [Times: user=0.03 sys=0.00, real=0.01 secs] 
2014-07-07T20:59:06.796+0000: 248.816: [GC [PSYoungGen: 172168K->630K(168384K)] 235614K->64140K(855360K), 0.0029450 secs] [Times: user=0.01 sys=0.00, real=0.01 secs] 
2014-07-07T20:59:07.287+0000: 249.307: [GC [PSYoungGen: 168338K->715K(165248K)] 231848K->64249K(852224K), 0.0074580 secs] [Times: user=0.04 sys=0.00, real=0.01 secs] 
2014-07-07T20:59:07.760+0000: 249.781: [GC [PSYoungGen: 165195K->754K(198144K)] 228729K->64359K(885120K), 0.0060620 secs] [Times: user=0.02 sys=0.00, real=0.00 secs] 
2014-07-07T20:59:08.352+0000: 250.372: [GC [PSYoungGen: 198130K->576K(193728K)] 261735K->64261K(880704K), 0.0038400 secs] [Times: user=0.02 sys=0.00, real=0.00 secs] 
2014-07-07T20:59:08.911+0000: 250.931: [GC [PSYoungGen: 193728K->608K(189696K)] 257413K->64349K(876672K), 0.0064020 secs] [Times: user=0.02 sys=0.00, real=0.01 secs] 
2014-07-07T20:59:09.473+0000: 251.493: [GC [PSYoungGen: 189664K->498K(185600K)] 253405K->64271K(872576K), 0.0032440 secs] [Times: user=0.01 sys=0.00, real=0.00 secs] 
2014-07-07T20:59:10.022+0000: 252.042: [GC [PSYoungGen: 185586K->704K(181952K)] 249359K->64541K(868928K), 0.0033790 secs] [Times: user=0.02 sys=0.00, real=0.00 secs] 
2014-07-07T20:59:10.565+0000: 252.585: [GC [PSYoungGen: 181921K->925K(178496K)] 245759K->64827K(865472K), 0.0053170 secs] [Times: user=0.02 sys=0.00, real=0.01 secs] 
2014-07-07T20:59:11.055+0000: 253.075: [GC [PSYoungGen: 178461K->700K(174656K)] 242363K->64912K(861632K), 0.0029010 secs] [Times: user=0.02 sys=0.00, real=0.01 secs] 
2014-07-07T20:59:11.582+0000: 253.603: [GC [PSYoungGen: 174652K->744K(171264K)] 238864K->65020K(858240K), 0.0040620 secs] [Times: user=0.02 sys=0.00, real=0.00 secs] 
2014-07-07T20:59:12.119+0000: 254.139: [GC [PSYoungGen: 171212K->1022K(168128K)] 235488K->65418K(855104K), 0.0039240 secs] [Times: user=0.02 sys=0.00, real=0.00 secs] 
2014-07-07T20:59:12.627+0000: 254.647: [GC [PSYoungGen: 168126K->1082K(164928K)] 232522K->65510K(851904K), 0.0054140 secs] [Times: user=0.01 sys=0.00, real=0.01 secs] 
2014-07-07T20:59:13.106+0000: 255.126: [GC [PSYoungGen: 164901K->502K(161216K)] 229329K->65284K(848192K), 0.0037420 secs] [Times: user=0.02 sys=0.00, real=0.01 secs] 
2014-07-07T20:59:13.608+0000: 255.628: [GC [PSYoungGen: 161206K->1276K(158912K)] 225988K->66188K(845888K), 0.0050800 secs] [Times: user=0.03 sys=0.00, real=0.01 secs] 
2014-07-07T20:59:14.046+0000: 256.066: [GC [PSYoungGen: 158900K->956K(155648K)] 223812K->66365K(842624K), 0.0045680 secs] [Times: user=0.03 sys=0.00, real=0.01 secs] 
2014-07-07T20:59:14.525+0000: 256.545: [GC [PSYoungGen: 155644K->594K(152448K)] 221053K->66058K(839424K), 0.0029170 secs] [Times: user=0.01 sys=0.00, real=0.01 secs] 
2014-07-07T20:59:14.972+0000: 256.993: [GC [PSYoungGen: 152402K->1181K(150272K)] 217866K->66725K(837248K), 0.0037940 secs] [Times: user=0.02 sys=0.00, real=0.00 secs] 
2014-07-07T20:59:15.432+0000: 257.452: [GC [PSYoungGen: 150237K->768K(147136K)] 215781K->66400K(834112K), 0.0029870 secs] [Times: user=0.02 sys=0.00, real=0.00 secs] 
2014-07-07T20:59:15.862+0000: 257.882: [GC [PSYoungGen: 147136K->754K(144512K)] 212768K->66426K(831488K), 0.0076290 secs] [Times: user=0.05 sys=0.00, real=0.01 secs] 
2014-07-07T20:59:16.288+0000: 258.308: [GC [PSYoungGen: 144498K->811K(142016K)] 210170K->66523K(828992K), 0.0032180 secs] [Times: user=0.01 sys=0.01, real=0.00 secs] 
2014-07-07T20:59:16.711+0000: 258.731: [GC [PSYoungGen: 141995K->480K(169984K)] 207707K->66232K(856960K), 0.0090770 secs] [Times: user=0.05 sys=0.00, real=0.01 secs] 
2014-07-07T20:59:17.213+0000: 259.233: [GC [PSYoungGen: 169947K->857K(204288K)] 235699K->66673K(891264K), 0.0032550 secs] [Times: user=0.01 sys=0.00, real=0.00 secs] 
2014-07-07T20:59:17.815+0000: 259.835: [GC [PSYoungGen: 204249K->498K(244608K)] 270065K->66354K(931584K), 0.0067310 secs] [Times: user=0.03 sys=0.00, real=0.01 secs] 
2014-07-07T20:59:18.552+0000: 260.572: [GC [PSYoungGen: 244594K->1242K(239488K)] 310450K->67162K(926464K), 0.0027310 secs] [Times: user=0.02 sys=0.00, real=0.00 secs] 
2014-07-07T20:59:19.266+0000: 261.286: [GC [PSYoungGen: 239450K->576K(233088K)] 305370K->66568K(920064K), 0.0050100 secs] [Times: user=0.03 sys=0.00, real=0.01 secs] 
2014-07-07T20:59:19.948+0000: 261.968: [GC [PSYoungGen: 233086K->658K(227712K)] 299079K->66706K(914688K), 0.0046470 secs] [Times: user=0.02 sys=0.00, real=0.01 secs] 
2014-07-07T20:59:20.638+0000: 262.658: [GC [PSYoungGen: 227666K->512K(222208K)] 293714K->66608K(909184K), 0.0075970 secs] [Times: user=0.04 sys=0.00, real=0.01 secs] 
2014-07-07T20:59:21.293+0000: 263.313: [GC [PSYoungGen: 222183K->1154K(217792K)] 288280K->67306K(904768K), 0.0077730 secs] [Times: user=0.04 sys=0.00, real=0.01 secs] 
2014-07-07T20:59:21.942+0000: 263.962: [GC [PSYoungGen: 217730K->946K(212608K)] 283882K->67178K(899584K), 0.0027180 secs] [Times: user=0.02 sys=0.00, real=0.00 secs] 
2014-07-07T20:59:22.601+0000: 264.621: [GC [PSYoungGen: 212546K->633K(207552K)] 278778K->66913K(894528K), 0.0071530 secs] [Times: user=0.04 sys=0.00, real=0.00 secs] 
2014-07-07T20:59:23.248+0000: 265.268: [GC [PSYoungGen: 207545K->672K(203072K)] 273825K->67016K(890048K), 0.0067780 secs] [Times: user=0.04 sys=0.00, real=0.01 secs] 
2014-07-07T20:59:23.850+0000: 265.870: [GC [PSYoungGen: 203040K->626K(198592K)] 269384K->67002K(885568K), 0.0044210 secs] [Times: user=0.01 sys=0.00, real=0.00 secs] 
2014-07-07T20:59:24.485+0000: 266.505: [GC [PSYoungGen: 198578K->672K(194368K)] 264954K->67104K(881344K), 0.0037650 secs] [Times: user=0.02 sys=0.00, real=0.01 secs] 
2014-07-07T20:59:25.102+0000: 267.122: [GC [PSYoungGen: 194336K->740K(190336K)] 260768K->67244K(877312K), 0.0031020 secs] [Times: user=0.01 sys=0.00, real=0.00 secs] 
2014-07-07T20:59:25.715+0000: 267.735: [GC [PSYoungGen: 190271K->918K(186560K)] 256776K->67478K(873536K), 0.0079710 secs] [Times: user=0.05 sys=0.00, real=0.01 secs] 
2014-07-07T20:59:26.309+0000: 268.329: [GC [PSYoungGen: 186518K->962K(182784K)] 253078K->67562K(869760K), 0.0073450 secs] [Times: user=0.04 sys=0.00, real=0.01 secs] 
2014-07-07T20:59:26.881+0000: 268.901: [GC [PSYoungGen: 182715K->754K(178816K)] 249315K->67564K(865792K), 0.0025130 secs] [Times: user=0.02 sys=0.00, real=0.00 secs] 
2014-07-07T20:59:27.470+0000: 269.490: [GC [PSYoungGen: 178802K->658K(175168K)] 245612K->67492K(862144K), 0.0076000 secs] [Times: user=0.02 sys=0.00, real=0.00 secs] 
2014-07-07T20:59:28.028+0000: 270.048: [GC [PSYoungGen: 175122K->832K(171840K)] 241956K->67772K(858816K), 0.0033980 secs] [Times: user=0.02 sys=0.00, real=0.01 secs] 
2014-07-07T20:59:28.607+0000: 270.627: [GC [PSYoungGen: 171776K->1130K(168704K)] 238716K->68134K(855680K), 0.0082590 secs] [Times: user=0.05 sys=0.00, real=0.01 secs] 
2014-07-07T20:59:29.149+0000: 271.169: [GC [PSYoungGen: 168682K->552K(164864K)] 235686K->68108K(851840K), 0.0030640 secs] [Times: user=0.01 sys=0.00, real=0.01 secs] 
2014-07-07T20:59:29.698+0000: 271.718: [GC [PSYoungGen: 164840K->1310K(162496K)] 232396K->68923K(849472K), 0.0052610 secs] [Times: user=0.01 sys=0.00, real=0.01 secs] 
2014-07-07T20:59:30.234+0000: 272.254: [GC [PSYoungGen: 162430K->936K(159040K)] 230043K->68736K(846016K), 0.0027690 secs] [Times: user=0.01 sys=0.00, real=0.00 secs] 
2014-07-07T20:59:30.748+0000: 272.768: [GC [PSYoungGen: 159016K->512K(155648K)] 226816K->68392K(842624K), 0.0043040 secs] [Times: user=0.02 sys=0.00, real=0.01 secs] 
2014-07-07T20:59:31.267+0000: 273.287: [GC [PSYoungGen: 155648K->644K(152960K)] 223528K->68588K(839936K), 0.0032970 secs] [Times: user=0.02 sys=0.00, real=0.01 secs] 
2014-07-07T20:59:31.768+0000: 273.788: [GC [PSYoungGen: 152859K->883K(150336K)] 220804K->68884K(837312K), 0.0059810 secs] [Times: user=0.02 sys=0.00, real=0.01 secs] 
2014-07-07T20:59:32.267+0000: 274.287: [GC [PSYoungGen: 150310K->548K(147328K)] 218311K->68604K(834304K), 0.0063010 secs] [Times: user=0.04 sys=0.00, real=0.01 secs] 
2014-07-07T20:59:32.761+0000: 274.781: [GC [PSYoungGen: 147300K->772K(144960K)] 215356K->68900K(831936K), 0.0033020 secs] [Times: user=0.02 sys=0.00, real=0.01 secs] 
2014-07-07T20:59:33.235+0000: 275.255: [GC [PSYoungGen: 144860K->880K(142464K)] 212989K->69049K(829440K), 0.0051170 secs] [Times: user=0.02 sys=0.00, real=0.00 secs] 
2014-07-07T20:59:33.714+0000: 275.734: [GC [PSYoungGen: 142415K->1068K(171008K)] 210584K->69293K(857984K), 0.0067270 secs] [Times: user=0.03 sys=0.00, real=0.00 secs] 
2014-07-07T20:59:34.288+0000: 276.308: [GC [PSYoungGen: 170975K->748K(167360K)] 239200K->69005K(854336K), 0.0034250 secs] [Times: user=0.02 sys=0.00, real=0.01 secs] 
2014-07-07T20:59:34.852+0000: 276.872: [GC [PSYoungGen: 167340K->516K(163904K)] 235597K->68820K(850880K), 0.0031580 secs] [Times: user=0.02 sys=0.00, real=0.00 secs] 
2014-07-07T20:59:35.402+0000: 277.422: [GC [PSYoungGen: 163842K->904K(161152K)] 232147K->69296K(848128K), 0.0050870 secs] [Times: user=0.02 sys=0.00, real=0.00 secs] 
2014-07-07T20:59:35.948+0000: 277.968: [GC [PSYoungGen: 161096K->708K(157952K)] 229488K->69172K(844928K), 0.0054340 secs] [Times: user=0.02 sys=0.00, real=0.01 secs] 
2014-07-07T20:59:36.475+0000: 278.495: [GC [PSYoungGen: 157885K->1006K(155264K)] 226350K->69733K(842240K), 0.0050630 secs] [Times: user=0.02 sys=0.00, real=0.00 secs] 
2014-07-07T20:59:36.991+0000: 279.011: [GC [PSYoungGen: 155246K->882K(152256K)] 223973K->69657K(839232K), 0.0041430 secs] [Times: user=0.02 sys=0.00, real=0.00 secs] 
2014-07-07T20:59:37.519+0000: 279.539: [GC [PSYoungGen: 152242K->882K(149504K)] 221017K->69713K(836480K), 0.0053470 secs] [Times: user=0.03 sys=0.00, real=0.01 secs] 
2014-07-07T20:59:38.014+0000: 280.034: [GC [PSYoungGen: 149484K->1140K(147072K)] 218315K->70043K(834048K), 0.0045690 secs] [Times: user=0.02 sys=0.00, real=0.00 secs] 
2014-07-07T20:59:38.527+0000: 280.548: [GC [PSYoungGen: 147058K->680K(144000K)] 215961K->69687K(830976K), 0.0033790 secs] [Times: user=0.01 sys=0.00, real=0.00 secs] 
2014-07-07T20:59:38.997+0000: 281.018: [GC [PSYoungGen: 143976K->950K(172928K)] 212983K->70013K(859904K), 0.0084720 secs] [Times: user=0.04 sys=0.00, real=0.01 secs] 
2014-07-07T20:59:39.602+0000: 281.622: [GC [PSYoungGen: 172918K->686K(207104K)] 241981K->69781K(894080K), 0.0062880 secs] [Times: user=0.03 sys=0.00, real=0.01 secs] 
2014-07-07T20:59:40.296+0000: 282.317: [GC [PSYoungGen: 207086K->972K(202880K)] 276181K->70131K(889856K), 0.0027790 secs] [Times: user=0.02 sys=0.00, real=0.00 secs] 
2014-07-07T20:59:40.974+0000: 282.994: [GC [PSYoungGen: 202828K->986K(198464K)] 271987K->70201K(885440K), 0.0031370 secs] [Times: user=0.02 sys=0.00, real=0.00 secs] 
2014-07-07T20:59:41.642+0000: 283.662: [GC [PSYoungGen: 198384K->1224K(194496K)] 267599K->70463K(881472K), 0.0098850 secs] [Times: user=0.05 sys=0.00, real=0.01 secs] 
2014-07-07T20:59:42.282+0000: 284.302: [GC [PSYoungGen: 194440K->434K(189568K)] 263679K->69896K(876544K), 0.0047350 secs] [Times: user=0.02 sys=0.00, real=0.01 secs] 
2014-07-07T20:59:42.900+0000: 284.920: [GC [PSYoungGen: 189554K->1072K(186240K)] 259016K->70583K(873216K), 0.0043540 secs] [Times: user=0.01 sys=0.00, real=0.01 secs] 
2014-07-07T20:59:43.531+0000: 285.551: [GC [PSYoungGen: 186187K->858K(182208K)] 255698K->70723K(869184K), 0.0042280 secs] [Times: user=0.03 sys=0.00, real=0.01 secs] 
2014-07-07T20:59:44.149+0000: 286.169: [GC [PSYoungGen: 182170K->890K(218496K)] 252035K->70787K(905472K), 0.0156270 secs] [Times: user=0.07 sys=0.00, real=0.02 secs] 
2014-07-07T20:59:44.896+0000: 286.916: [GC [PSYoungGen: 218490K->768K(213440K)] 288387K->70745K(900416K), 0.0028510 secs] [Times: user=0.01 sys=0.00, real=0.00 secs] 
2014-07-07T20:59:45.630+0000: 287.650: [GC [PSYoungGen: 213432K->712K(208640K)] 283409K->70745K(895616K), 0.0032090 secs] [Times: user=0.01 sys=0.01, real=0.01 secs] 
2014-07-07T20:59:46.351+0000: 288.371: [GC [PSYoungGen: 208535K->930K(204224K)] 278568K->71003K(891200K), 0.0057090 secs] [Times: user=0.03 sys=0.00, real=0.01 secs] 
2014-07-07T20:59:47.058+0000: 289.078: [GC [PSYoungGen: 204194K->612K(199424K)] 274267K->70725K(886400K), 0.0042470 secs] [Times: user=0.02 sys=0.00, real=0.00 secs] 
2014-07-07T20:59:47.733+0000: 289.753: [GC [PSYoungGen: 199396K->1008K(195520K)] 269509K->71317K(882496K), 0.0029160 secs] [Times: user=0.02 sys=0.00, real=0.00 secs] 
2014-07-07T20:59:48.399+0000: 290.419: [GC [PSYoungGen: 195483K->1177K(191552K)] 265792K->71550K(878528K), 0.0030510 secs] [Times: user=0.02 sys=0.00, real=0.00 secs] 
2014-07-07T20:59:49.045+0000: 291.066: [GC [PSYoungGen: 191513K->611K(186944K)] 261886K->71262K(873920K), 0.0029080 secs] [Times: user=0.02 sys=0.00, real=0.00 secs] 
2014-07-07T20:59:49.681+0000: 291.701: [GC [PSYoungGen: 186915K->1094K(183552K)] 257566K->71841K(870528K), 0.0027600 secs] [Times: user=0.01 sys=0.00, real=0.01 secs] 
2014-07-07T20:59:50.298+0000: 292.318: [GC [PSYoungGen: 183494K->694K(179328K)] 254241K->71721K(866304K), 0.0103180 secs] [Times: user=0.06 sys=0.00, real=0.01 secs] 
2014-07-07T20:59:50.900+0000: 292.920: [GC [PSYoungGen: 179288K->1182K(176192K)] 250315K->72266K(863168K), 0.0068030 secs] [Times: user=0.04 sys=0.00, real=0.01 secs] 
2014-07-07T20:59:51.508+0000: 293.528: [GC [PSYoungGen: 176158K->626K(172096K)] 247241K->71749K(859072K), 0.0046790 secs] [Times: user=0.02 sys=0.00, real=0.01 secs] 
2014-07-07T20:59:52.101+0000: 294.121: [GC [PSYoungGen: 172082K->648K(206464K)] 243205K->71787K(893440K), 0.0135320 secs] [Times: user=0.07 sys=0.00, real=0.02 secs] 
2014-07-07T20:59:52.806+0000: 294.826: [GC [PSYoungGen: 206385K->687K(234624K)] 277524K->71874K(921600K), 0.0071560 secs] [Times: user=0.04 sys=0.00, real=0.00 secs] 
2014-07-07T20:59:53.602+0000: 295.622: [GC [PSYoungGen: 233839K->917K(228608K)] 305026K->72160K(915584K), 0.0032580 secs] [Times: user=0.01 sys=0.00, real=0.01 secs] 
2014-07-07T20:59:54.372+0000: 296.392: [GC [PSYoungGen: 228565K->566K(222912K)] 299808K->71913K(909888K), 0.0040400 secs] [Times: user=0.02 sys=0.00, real=0.01 secs] 
2014-07-07T20:59:55.125+0000: 297.145: [GC [PSYoungGen: 222902K->1126K(218368K)] 294249K->72521K(905344K), 0.0051000 secs] [Times: user=0.02 sys=0.00, real=0.00 secs] 
2014-07-07T20:59:55.866+0000: 297.886: [GC [PSYoungGen: 218342K->1140K(213440K)] 289737K->72741K(900416K), 0.0074090 secs] [Times: user=0.04 sys=0.00, real=0.00 secs] 
2014-07-07T20:59:56.603+0000: 298.623: [GC [PSYoungGen: 213422K->924K(208512K)] 285024K->72573K(895488K), 0.0066300 secs] [Times: user=0.04 sys=0.00, real=0.01 secs] 
2014-07-07T20:59:57.327+0000: 299.347: [GC [PSYoungGen: 208476K->850K(203840K)] 280125K->72679K(890816K), 0.0050060 secs] [Times: user=0.03 sys=0.00, real=0.00 secs] 
2014-07-07T20:59:58.032+0000: 300.052: [GC [PSYoungGen: 203794K->976K(199552K)] 275623K->72861K(886528K), 0.0055450 secs] [Times: user=0.02 sys=0.00, real=0.01 secs] 
2014-07-07T20:59:58.731+0000: 300.751: [GC [PSYoungGen: 199473K->762K(195008K)] 271358K->72695K(881984K), 0.0046550 secs] [Times: user=0.02 sys=0.00, real=0.01 secs] 
2014-07-07T20:59:59.404+0000: 301.424: [GC [PSYoungGen: 194998K->1050K(191168K)] 266931K->73055K(878144K), 0.0049450 secs] [Times: user=0.03 sys=0.00, real=0.01 secs] 
2014-07-07T21:00:00.052+0000: 302.072: [GC [PSYoungGen: 191130K->876K(186944K)] 263135K->72977K(873920K), 0.0039250 secs] [Times: user=0.02 sys=0.00, real=0.01 secs] 
2014-07-07T21:00:00.709+0000: 302.730: [GC [PSYoungGen: 186924K->676K(182912K)] 259025K->72849K(869888K), 0.0064870 secs] [Times: user=0.04 sys=0.00, real=0.01 secs] 
2014-07-07T21:00:01.347+0000: 303.367: [GC [PSYoungGen: 182884K->1108K(179648K)] 255057K->73329K(866624K), 0.0038480 secs] [Times: user=0.01 sys=0.00, real=0.00 secs] 
2014-07-07T21:00:01.960+0000: 303.980: [GC [PSYoungGen: 179604K->676K(175552K)] 251825K->73001K(862528K), 0.0046210 secs] [Times: user=0.02 sys=0.00, real=0.00 secs] 
2014-07-07T21:00:02.584+0000: 304.604: [GC [PSYoungGen: 175524K->498K(171840K)] 247849K->72847K(858816K), 0.0094050 secs] [Times: user=0.05 sys=0.00, real=0.01 secs] 
2014-07-07T21:00:03.184+0000: 305.204: [GC [PSYoungGen: 171776K->958K(168896K)] 244125K->73371K(855872K), 0.0053450 secs] [Times: user=0.03 sys=0.00, real=0.01 secs] 
2014-07-07T21:00:03.763+0000: 305.783: [GC [PSYoungGen: 168894K->562K(165248K)] 241307K->73031K(852224K), 0.0070480 secs] [Times: user=0.04 sys=0.00, real=0.01 secs] 
2014-07-07T21:00:04.331+0000: 306.351: [GC [PSYoungGen: 165234K->912K(162432K)] 237703K->73461K(849408K), 0.0027560 secs] [Times: user=0.02 sys=0.00, real=0.00 secs] 
2014-07-07T21:00:04.879+0000: 306.899: [GC [PSYoungGen: 162348K->434K(158848K)] 234897K->73015K(845824K), 0.0038130 secs] [Times: user=0.01 sys=0.00, real=0.00 secs] 
2014-07-07T21:00:05.430+0000: 307.450: [GC [PSYoungGen: 158834K->832K(156288K)] 231415K->73461K(843264K), 0.0071820 secs] [Times: user=0.03 sys=0.01, real=0.01 secs] 
2014-07-07T21:00:05.958+0000: 307.978: [GC [PSYoungGen: 156224K->930K(153472K)] 228853K->73615K(840448K), 0.0054000 secs] [Times: user=0.02 sys=0.00, real=0.00 secs] 
2014-07-07T21:00:06.493+0000: 308.513: [GC [PSYoungGen: 153442K->1040K(184128K)] 226127K->73797K(871104K), 0.0074680 secs] [Times: user=0.04 sys=0.00, real=0.01 secs] 
2014-07-07T21:00:07.143+0000: 309.163: [GC [PSYoungGen: 184080K->699K(179968K)] 256837K->74082K(866944K), 0.0039930 secs] [Times: user=0.01 sys=0.00, real=0.01 secs] 
2014-07-07T21:00:07.767+0000: 309.787: [GC [PSYoungGen: 179963K->794K(176448K)] 253346K->74249K(863424K), 0.0038950 secs] [Times: user=0.02 sys=0.01, real=0.00 secs] 
2014-07-07T21:00:08.364+0000: 310.384: [GC [PSYoungGen: 176397K->1409K(173568K)] 249852K->75102K(860544K), 0.0038650 secs] [Times: user=0.02 sys=0.00, real=0.01 secs] 
2014-07-07T21:00:08.957+0000: 310.977: [GC [PSYoungGen: 173503K->990K(169728K)] 247196K->74699K(856704K), 0.0051100 secs] [Times: user=0.02 sys=0.00, real=0.00 secs] 
2014-07-07T21:00:09.575+0000: 311.595: [GC [PSYoungGen: 169694K->748K(166144K)] 243403K->74561K(853120K), 0.0028610 secs] [Times: user=0.02 sys=0.01, real=0.01 secs] 
2014-07-07T21:00:10.147+0000: 312.167: [GC [PSYoungGen: 166124K->780K(163008K)] 239937K->74641K(849984K), 0.0042800 secs] [Times: user=0.02 sys=0.00, real=0.00 secs] 
2014-07-07T21:00:10.705+0000: 312.725: [GC [PSYoungGen: 162956K->562K(159680K)] 236817K->74487K(846656K), 0.0048500 secs] [Times: user=0.03 sys=0.00, real=0.01 secs] 
2014-07-07T21:00:11.254+0000: 313.274: [GC [PSYoungGen: 159657K->1267K(157376K)] 233582K->75216K(844352K), 0.0041340 secs] [Times: user=0.01 sys=0.00, real=0.01 secs] 
2014-07-07T21:00:11.794+0000: 313.814: [GC [PSYoungGen: 157363K->794K(153984K)] 231312K->74791K(840960K), 0.0038190 secs] [Times: user=0.01 sys=0.00, real=0.01 secs] 
2014-07-07T21:00:12.337+0000: 314.357: [GC [PSYoungGen: 153946K->762K(151104K)] 227943K->74815K(838080K), 0.0045430 secs] [Times: user=0.02 sys=0.00, real=0.01 secs] 
2014-07-07T21:00:12.866+0000: 314.886: [GC [PSYoungGen: 151098K->914K(148544K)] 225151K->75047K(835520K), 0.0031810 secs] [Times: user=0.01 sys=0.00, real=0.01 secs] 
2014-07-07T21:00:13.380+0000: 315.400: [GC [PSYoungGen: 148461K->776K(145792K)] 222594K->74989K(832768K), 0.0039330 secs] [Times: user=0.01 sys=0.00, real=0.00 secs] 
2014-07-07T21:00:13.891+0000: 315.911: [GC [PSYoungGen: 145736K->772K(143232K)] 219949K->75041K(830208K), 0.0052530 secs] [Times: user=0.01 sys=0.00, real=0.00 secs] 
2014-07-07T21:00:14.384+0000: 316.404: [GC [PSYoungGen: 143172K->994K(140928K)] 217441K->75327K(827904K), 0.0030190 secs] [Times: user=0.01 sys=0.00, real=0.01 secs] 
2014-07-07T21:00:14.878+0000: 316.898: [GC [PSYoungGen: 140895K->551K(138048K)] 215228K->74916K(825024K), 0.0084640 secs] [Times: user=0.05 sys=0.00, real=0.00 secs] 
2014-07-07T21:00:15.358+0000: 317.378: [GC [PSYoungGen: 138023K->662K(135808K)] 212388K->75059K(822784K), 0.0038790 secs] [Times: user=0.02 sys=0.00, real=0.00 secs] 
2014-07-07T21:00:15.832+0000: 317.852: [GC [PSYoungGen: 135766K->676K(133504K)] 210163K->75161K(820480K), 0.0040690 secs] [Times: user=0.02 sys=0.00, real=0.00 secs] 
2014-07-07T21:00:16.299+0000: 318.319: [GC [PSYoungGen: 133476K->762K(131328K)] 207961K->75295K(818304K), 0.0055010 secs] [Times: user=0.03 sys=0.00, real=0.00 secs] 
2014-07-07T21:00:16.755+0000: 318.775: [GC [PSYoungGen: 131308K->1082K(129472K)] 205841K->75663K(816448K), 0.0038810 secs] [Times: user=0.02 sys=0.00, real=0.01 secs] 
2014-07-07T21:00:17.204+0000: 319.224: [GC [PSYoungGen: 129466K->772K(127104K)] 204047K->75441K(814080K), 0.0037980 secs] [Times: user=0.01 sys=0.00, real=0.01 secs] 
2014-07-07T21:00:17.638+0000: 319.658: [GC [PSYoungGen: 127044K->708K(124992K)] 201713K->75441K(811968K), 0.0030580 secs] [Times: user=0.01 sys=0.01, real=0.00 secs] 
2014-07-07T21:00:18.069+0000: 320.089: [GC [PSYoungGen: 124888K->908K(123200K)] 199621K->75705K(810176K), 0.0041870 secs] [Times: user=0.03 sys=0.00, real=0.00 secs] 
2014-07-07T21:00:18.490+0000: 320.510: [GC [PSYoungGen: 123128K->871K(147584K)] 197925K->75732K(834560K), 0.0073650 secs] [Times: user=0.04 sys=0.00, real=0.01 secs] 
2014-07-07T21:00:19.006+0000: 321.026: [GC [PSYoungGen: 147559K->512K(176576K)] 222420K->75429K(863552K), 0.0048100 secs] [Times: user=0.03 sys=0.00, real=0.01 secs] 
2014-07-07T21:00:19.605+0000: 321.625: [GC [PSYoungGen: 176576K->1202K(173760K)] 251493K->76314K(860736K), 0.0039920 secs] [Times: user=0.02 sys=0.00, real=0.01 secs] 
2014-07-07T21:00:20.203+0000: 322.223: [GC [PSYoungGen: 173746K->854K(169984K)] 248858K->76021K(856960K), 0.0053800 secs] [Times: user=0.03 sys=0.00, real=0.01 secs] 
2014-07-07T21:00:20.792+0000: 322.812: [GC [PSYoungGen: 169925K->872K(166656K)] 245092K->76103K(853632K), 0.0050430 secs] [Times: user=0.02 sys=0.00, real=0.00 secs] 
2014-07-07T21:00:21.380+0000: 323.400: [GC [PSYoungGen: 166613K->780K(163392K)] 241845K->76051K(850368K), 0.0053580 secs] [Times: user=0.02 sys=0.00, real=0.00 secs] 
2014-07-07T21:00:21.934+0000: 323.954: [GC [PSYoungGen: 163274K->644K(160128K)] 238545K->75997K(847104K), 0.0042290 secs] [Times: user=0.02 sys=0.00, real=0.01 secs] 
2014-07-07T21:00:22.480+0000: 324.500: [GC [PSYoungGen: 160068K->708K(157184K)] 235421K->76157K(844160K), 0.0040380 secs] [Times: user=0.02 sys=0.00, real=0.00 secs] 
2014-07-07T21:00:23.010+0000: 325.030: [GC [PSYoungGen: 157103K->1042K(154560K)] 232552K->76548K(841536K), 0.0037680 secs] [Times: user=0.01 sys=0.00, real=0.00 secs] 
2014-07-07T21:00:23.546+0000: 325.566: [GC [PSYoungGen: 154490K->715K(151424K)] 229995K->76284K(838400K), 0.0046770 secs] [Times: user=0.02 sys=0.00, real=0.01 secs] 
2014-07-07T21:00:24.066+0000: 326.086: [GC [PSYoungGen: 151371K->892K(148800K)] 226940K->76525K(835776K), 0.0040090 secs] [Times: user=0.02 sys=0.00, real=0.01 secs] 
2014-07-07T21:00:24.594+0000: 326.614: [GC [PSYoungGen: 148796K->676K(145920K)] 224429K->76365K(832896K), 0.0033620 secs] [Times: user=0.02 sys=0.00, real=0.00 secs] 
2014-07-07T21:00:25.105+0000: 327.125: [GC [PSYoungGen: 145892K->854K(143552K)] 221581K->76607K(830528K), 0.0040400 secs] [Times: user=0.02 sys=0.00, real=0.01 secs] 
2014-07-07T21:00:25.601+0000: 327.621: [GC [PSYoungGen: 143510K->480K(140672K)] 219263K->76265K(827648K), 0.0073340 secs] [Times: user=0.04 sys=0.01, real=0.00 secs] 
2014-07-07T21:00:26.097+0000: 328.117: [GC [PSYoungGen: 140640K->832K(138560K)] 216425K->76657K(825536K), 0.0044270 secs] [Times: user=0.01 sys=0.01, real=0.01 secs] 
2014-07-07T21:00:26.571+0000: 328.591: [GC [PSYoungGen: 138558K->944K(136320K)] 214384K->76833K(823296K), 0.0038530 secs] [Times: user=0.01 sys=0.00, real=0.00 secs] 
2014-07-07T21:00:27.043+0000: 329.063: [GC [PSYoungGen: 136304K->448K(133504K)] 212193K->76393K(820480K), 0.0027520 secs] [Times: user=0.02 sys=0.00, real=0.00 secs] 
2014-07-07T21:00:27.505+0000: 329.525: [GC [PSYoungGen: 133504K->722K(131584K)] 209449K->76723K(818560K), 0.0053760 secs] [Times: user=0.03 sys=0.00, real=0.01 secs] 
2014-07-07T21:00:27.962+0000: 329.983: [GC [PSYoungGen: 131538K->654K(129344K)] 207539K->76719K(816320K), 0.0049350 secs] [Times: user=0.03 sys=0.00, real=0.00 secs] 
2014-07-07T21:00:28.404+0000: 330.424: [GC [PSYoungGen: 129255K->1030K(127616K)] 205320K->77135K(814592K), 0.0049350 secs] [Times: user=0.02 sys=0.00, real=0.01 secs] 
2014-07-07T21:00:28.849+0000: 330.870: [GC [PSYoungGen: 127558K->694K(125184K)] 203663K->76961K(812160K), 0.0027510 secs] [Times: user=0.01 sys=0.01, real=0.00 secs] 
2014-07-07T21:00:29.288+0000: 331.308: [GC [PSYoungGen: 125174K->1052K(123584K)] 201441K->77384K(810560K), 0.0061910 secs] [Times: user=0.03 sys=0.01, real=0.01 secs] 
2014-07-07T21:00:29.713+0000: 331.733: [GC [PSYoungGen: 123548K->633K(147648K)] 199879K->77020K(834624K), 0.0046340 secs] [Times: user=0.02 sys=0.00, real=0.00 secs] 
2014-07-07T21:00:30.230+0000: 332.250: [GC [PSYoungGen: 147641K->708K(145152K)] 224028K->77159K(832128K), 0.0051890 secs] [Times: user=0.02 sys=0.00, real=0.00 secs] 
2014-07-07T21:00:30.742+0000: 332.762: [GC [PSYoungGen: 145092K->576K(142400K)] 221543K->77083K(829376K), 0.0029890 secs] [Times: user=0.01 sys=0.00, real=0.00 secs] 
2014-07-07T21:00:31.235+0000: 333.255: [GC [PSYoungGen: 142387K->1250K(140608K)] 218894K->78092K(827584K), 0.0033000 secs] [Times: user=0.01 sys=0.00, real=0.00 secs] 
2014-07-07T21:00:31.723+0000: 333.743: [GC [PSYoungGen: 140578K->744K(137664K)] 217420K->78074K(824640K), 0.0033220 secs] [Times: user=0.01 sys=0.00, real=0.00 secs] 
2014-07-07T21:00:32.193+0000: 334.213: [GC [PSYoungGen: 137615K->943K(135488K)] 214945K->78329K(822464K), 0.0060780 secs] [Times: user=0.03 sys=0.00, real=0.00 secs] 
2014-07-07T21:00:32.662+0000: 334.682: [GC [PSYoungGen: 135471K->1076K(133312K)] 212857K->78568K(820288K), 0.0037240 secs] [Times: user=0.01 sys=0.00, real=0.00 secs] 
2014-07-07T21:00:33.139+0000: 335.159: [GC [PSYoungGen: 133300K->562K(130560K)] 210792K->78086K(817536K), 0.0067800 secs] [Times: user=0.04 sys=0.00, real=0.01 secs] 
2014-07-07T21:00:33.585+0000: 335.605: [GC [PSYoungGen: 130546K->1042K(157120K)] 208070K->78606K(844096K), 0.0047820 secs] [Times: user=0.02 sys=0.00, real=0.01 secs] 
2014-07-07T21:00:34.120+0000: 336.140: [GC [PSYoungGen: 157072K->939K(188224K)] 234636K->78543K(875200K), 0.0057200 secs] [Times: user=0.03 sys=0.00, real=0.00 secs] 
2014-07-07T21:00:34.768+0000: 336.788: [GC [PSYoungGen: 188202K->480K(183872K)] 265806K->78116K(870848K), 0.0039520 secs] [Times: user=0.01 sys=0.00, real=0.01 secs] 
2014-07-07T21:00:35.402+0000: 337.422: [GC [PSYoungGen: 183840K->1324K(180928K)] 261476K->79000K(867904K), 0.0047020 secs] [Times: user=0.01 sys=0.00, real=0.00 secs] 
2014-07-07T21:00:36.037+0000: 338.057: [GC [PSYoungGen: 180908K->616K(176576K)] 258584K->78340K(863552K), 0.0092670 secs] [Times: user=0.05 sys=0.00, real=0.01 secs] 
2014-07-07T21:00:36.641+0000: 338.661: [GC [PSYoungGen: 176552K->928K(173376K)] 254276K->78748K(860352K), 0.0051590 secs] [Times: user=0.04 sys=0.00, real=0.00 secs] 
2014-07-07T21:00:37.234+0000: 339.254: [GC [PSYoungGen: 173323K->1146K(170176K)] 251143K->79054K(857152K), 0.0033180 secs] [Times: user=0.02 sys=0.00, real=0.00 secs] 
2014-07-07T21:00:37.832+0000: 339.852: [GC [PSYoungGen: 170170K->762K(166464K)] 248078K->78734K(853440K), 0.0061910 secs] [Times: user=0.03 sys=0.00, real=0.00 secs] 
2014-07-07T21:00:38.412+0000: 340.432: [GC [PSYoungGen: 166458K->704K(163200K)] 244430K->78724K(850176K), 0.0047480 secs] [Times: user=0.01 sys=0.00, real=0.00 secs] 
2014-07-07T21:00:38.989+0000: 341.009: [GC [PSYoungGen: 163161K->797K(160192K)] 241181K->78897K(847168K), 0.0047420 secs] [Times: user=0.02 sys=0.01, real=0.01 secs] 
2014-07-07T21:00:39.549+0000: 341.569: [GC [PSYoungGen: 160157K->1066K(157440K)] 238257K->79230K(844416K), 0.0074350 secs] [Times: user=0.04 sys=0.00, real=0.01 secs] 
2014-07-07T21:00:40.107+0000: 342.127: [GC [PSYoungGen: 157418K->1182K(154624K)] 235582K->79418K(841600K), 0.0033450 secs] [Times: user=0.02 sys=0.00, real=0.00 secs] 
2014-07-07T21:00:40.648+0000: 342.668: [GC [PSYoungGen: 154590K->702K(151296K)] 232826K->79132K(838272K), 0.0031570 secs] [Times: user=0.02 sys=0.00, real=0.01 secs] 
2014-07-07T21:00:41.177+0000: 343.197: [GC [PSYoungGen: 151287K->676K(148544K)] 229718K->79154K(835520K), 0.0072690 secs] [Times: user=0.03 sys=0.00, real=0.01 secs] 
2014-07-07T21:00:41.691+0000: 343.711: [GC [PSYoungGen: 148516K->772K(145984K)] 226994K->79330K(832960K), 0.0062520 secs] [Times: user=0.03 sys=0.00, real=0.01 secs] 
2014-07-07T21:00:42.197+0000: 344.217: [GC [PSYoungGen: 145923K->1180K(143808K)] 224481K->79778K(830784K), 0.0051400 secs] [Times: user=0.02 sys=0.01, real=0.01 secs] 
2014-07-07T21:00:42.698+0000: 344.719: [GC [PSYoungGen: 143772K->810K(140928K)] 222370K->79721K(827904K), 0.0041280 secs] [Times: user=0.01 sys=0.00, real=0.01 secs] 
2014-07-07T21:00:43.191+0000: 345.211: [GC [PSYoungGen: 140904K->836K(138560K)] 219814K->79834K(825536K), 0.0049220 secs] [Times: user=0.02 sys=0.00, real=0.01 secs] 
2014-07-07T21:00:43.668+0000: 345.688: [GC [PSYoungGen: 138500K->894K(136192K)] 217498K->79964K(823168K), 0.0042900 secs] [Times: user=0.02 sys=0.00, real=0.01 secs] 
2014-07-07T21:00:44.141+0000: 346.161: [GC [PSYoungGen: 136161K->992K(134016K)] 215232K->80103K(820992K), 0.0029310 secs] [Times: user=0.02 sys=0.00, real=0.00 secs] 
2014-07-07T21:00:44.607+0000: 346.627: [GC [PSYoungGen: 133965K->932K(131712K)] 213075K->80206K(818688K), 0.0048950 secs] [Times: user=0.03 sys=0.00, real=0.01 secs] 
2014-07-07T21:00:45.066+0000: 347.086: [GC [PSYoungGen: 131684K->680K(129280K)] 210958K->79994K(816256K), 0.0037280 secs] [Times: user=0.01 sys=0.00, real=0.00 secs] 
2014-07-07T21:00:45.522+0000: 347.542: [GC [PSYoungGen: 129256K->698K(127168K)] 208570K->80028K(814144K), 0.0051610 secs] [Times: user=0.01 sys=0.01, real=0.01 secs] 
2014-07-07T21:00:45.955+0000: 347.975: [GC [PSYoungGen: 127162K->1289K(125760K)] 206492K->80675K(812736K), 0.0043280 secs] [Times: user=0.02 sys=0.00, real=0.00 secs] 
2014-07-07T21:00:46.389+0000: 348.409: [GC [PSYoungGen: 125705K->598K(123072K)] 205091K->80024K(810048K), 0.0038210 secs] [Times: user=0.02 sys=0.00, real=0.01 secs] 
2014-07-07T21:00:46.816+0000: 348.836: [GC [PSYoungGen: 123030K->658K(147648K)] 202456K->80148K(834624K), 0.0071040 secs] [Times: user=0.03 sys=0.00, real=0.01 secs] 
2014-07-07T21:00:47.321+0000: 349.341: [GC [PSYoungGen: 147602K->416K(144768K)] 227092K->79946K(831744K), 0.0038750 secs] [Times: user=0.01 sys=0.00, real=0.01 secs] 
2014-07-07T21:00:47.814+0000: 349.834: [GC [PSYoungGen: 144736K->630K(142400K)] 224266K->80248K(829376K), 0.0041190 secs] [Times: user=0.02 sys=0.00, real=0.00 secs] 
2014-07-07T21:00:48.307+0000: 350.327: [GC [PSYoungGen: 142390K->844K(140160K)] 222008K->80510K(827136K), 0.0043340 secs] [Times: user=0.02 sys=0.00, real=0.00 secs] 
2014-07-07T21:00:48.806+0000: 350.826: [GC [PSYoungGen: 140098K->1152K(168384K)] 219764K->80883K(855360K), 0.0071410 secs] [Times: user=0.04 sys=0.00, real=0.01 secs] 
2014-07-07T21:00:49.400+0000: 351.420: [GC [PSYoungGen: 168319K->764K(164672K)] 248049K->80721K(851648K), 0.0041790 secs] [Times: user=0.01 sys=0.00, real=0.01 secs] 
2014-07-07T21:00:49.974+0000: 351.994: [GC [PSYoungGen: 164651K->1218K(162048K)] 244608K->81272K(849024K), 0.0046110 secs] [Times: user=0.03 sys=0.00, real=0.00 secs] 
2014-07-07T21:00:50.536+0000: 352.556: [GC [PSYoungGen: 161985K->598K(158336K)] 242039K->80898K(845312K), 0.0056290 secs] [Times: user=0.03 sys=0.00, real=0.00 secs] 
2014-07-07T21:00:51.086+0000: 353.106: [GC [PSYoungGen: 158272K->986K(177856K)] 238572K->81334K(864832K), 0.0071080 secs] [Times: user=0.02 sys=0.00, real=0.01 secs] 
2014-07-07T21:00:51.713+0000: 353.733: [GC [PSYoungGen: 177305K->544K(173376K)] 257654K->80948K(860352K), 0.0042460 secs] [Times: user=0.02 sys=0.00, real=0.01 secs] 
2014-07-07T21:00:52.315+0000: 354.335: [GC [PSYoungGen: 173344K->712K(170112K)] 253748K->81172K(857088K), 0.0037490 secs] [Times: user=0.02 sys=0.00, real=0.00 secs] 
2014-07-07T21:00:52.914+0000: 354.934: [GC [PSYoungGen: 170047K->544K(166592K)] 250507K->81076K(853568K), 0.0053900 secs] [Times: user=0.03 sys=0.00, real=0.00 secs] 
2014-07-07T21:00:53.493+0000: 355.513: [GC [PSYoungGen: 166560K->1292K(164160K)] 247092K->81896K(851136K), 0.0027080 secs] [Times: user=0.01 sys=0.01, real=0.01 secs] 
2014-07-07T21:00:54.062+0000: 356.082: [GC [PSYoungGen: 164108K->804K(160512K)] 244712K->81456K(847488K), 0.0048020 secs] [Times: user=0.02 sys=0.00, real=0.01 secs] 
2014-07-07T21:00:54.623+0000: 356.643: [GC [PSYoungGen: 160451K->762K(157440K)] 241104K->81462K(844416K), 0.0068520 secs] [Times: user=0.03 sys=0.00, real=0.01 secs] 
2014-07-07T21:00:55.168+0000: 357.188: [GC [PSYoungGen: 157434K->726K(154496K)] 238134K->81514K(841472K), 0.0035440 secs] [Times: user=0.01 sys=0.00, real=0.00 secs] 
2014-07-07T21:00:55.704+0000: 357.724: [GC [PSYoungGen: 154454K->790K(151744K)] 235242K->81674K(838720K), 0.0039680 secs] [Times: user=0.02 sys=0.00, real=0.00 secs] 
2014-07-07T21:00:56.235+0000: 358.256: [GC [PSYoungGen: 151669K->894K(149056K)] 232554K->81850K(836032K), 0.0048410 secs] [Times: user=0.03 sys=0.00, real=0.00 secs] 
2014-07-07T21:00:56.757+0000: 358.777: [GC [PSYoungGen: 149054K->834K(146368K)] 230010K->81854K(833344K), 0.0046410 secs] [Times: user=0.02 sys=0.00, real=0.00 secs] 
2014-07-07T21:00:57.256+0000: 359.276: [GC [PSYoungGen: 146306K->934K(143808K)] 227326K->82050K(830784K), 0.0065310 secs] [Times: user=0.03 sys=0.00, real=0.01 secs] 
2014-07-07T21:00:57.762+0000: 359.782: [GC [PSYoungGen: 143782K->694K(141056K)] 224898K->81866K(828032K), 0.0040540 secs] [Times: user=0.02 sys=0.00, real=0.01 secs] 
2014-07-07T21:00:58.247+0000: 360.267: [GC [PSYoungGen: 141046K->576K(138496K)] 222218K->81796K(825472K), 0.0054090 secs] [Times: user=0.03 sys=0.00, real=0.00 secs] 
2014-07-07T21:00:58.724+0000: 360.744: [GC [PSYoungGen: 138495K->626K(136192K)] 219715K->81926K(823168K), 0.0029170 secs] [Times: user=0.01 sys=0.00, real=0.00 secs] 
2014-07-07T21:00:59.190+0000: 361.210: [GC [PSYoungGen: 136178K->872K(134144K)] 217478K->82236K(821120K), 0.0055380 secs] [Times: user=0.03 sys=0.00, real=0.01 secs] 
2014-07-07T21:00:59.658+0000: 361.678: [GC [PSYoungGen: 134089K->872K(160832K)] 215454K->82252K(847808K), 0.0074470 secs] [Times: user=0.02 sys=0.01, real=0.01 secs] 
2014-07-07T21:01:00.223+0000: 362.243: [GC [PSYoungGen: 160808K->826K(181312K)] 242188K->82538K(868288K), 0.0071440 secs] [Times: user=0.03 sys=0.00, real=0.01 secs] 
2014-07-07T21:01:00.840+0000: 362.860: [GC [PSYoungGen: 181254K->922K(177728K)] 262966K->82746K(864704K), 0.0030540 secs] [Times: user=0.02 sys=0.00, real=0.00 secs] 
2014-07-07T21:01:01.466+0000: 363.486: [GC [PSYoungGen: 177690K->438K(173632K)] 259514K->82700K(860608K), 0.0024250 secs] [Times: user=0.01 sys=0.00, real=0.00 secs] 
2014-07-07T21:01:02.064+0000: 364.085: [GC [PSYoungGen: 173585K->772K(170560K)] 255847K->83106K(857536K), 0.0042320 secs] [Times: user=0.02 sys=0.00, real=0.00 secs] 
2014-07-07T21:01:02.657+0000: 364.677: [GC [PSYoungGen: 170476K->853K(167296K)] 252810K->83276K(854272K), 0.0068530 secs] [Times: user=0.02 sys=0.00, real=0.00 secs] 
2014-07-07T21:01:03.231+0000: 365.251: [GC [PSYoungGen: 167253K->701K(163840K)] 249676K->83163K(850816K), 0.0037200 secs] [Times: user=0.01 sys=0.01, real=0.01 secs] 
2014-07-07T21:01:03.789+0000: 365.809: [GC [PSYoungGen: 163825K->886K(160896K)] 246287K->83537K(847872K), 0.0050860 secs] [Times: user=0.02 sys=0.00, real=0.01 secs] 
2014-07-07T21:01:04.354+0000: 366.374: [GC [PSYoungGen: 160883K->890K(157888K)] 243534K->83596K(844864K), 0.0034280 secs] [Times: user=0.01 sys=0.00, real=0.00 secs] 
2014-07-07T21:01:04.913+0000: 366.933: [GC [PSYoungGen: 157882K->672K(154752K)] 240588K->83524K(841728K), 0.0040650 secs] [Times: user=0.02 sys=0.00, real=0.01 secs] 
2014-07-07T21:01:05.464+0000: 367.484: [GC [PSYoungGen: 154671K->658K(151872K)] 237524K->83566K(838848K), 0.0044440 secs] [Times: user=0.02 sys=0.00, real=0.01 secs] 
2014-07-07T21:01:05.991+0000: 368.011: [GC [PSYoungGen: 151824K->1000K(149440K)] 234733K->83949K(836416K), 0.0061230 secs] [Times: user=0.03 sys=0.00, real=0.01 secs] 
2014-07-07T21:01:06.513+0000: 368.533: [GC [PSYoungGen: 149416K->1175K(146944K)] 232365K->84188K(833920K), 0.0049200 secs] [Times: user=0.03 sys=0.00, real=0.01 secs] 
2014-07-07T21:01:07.011+0000: 369.031: [GC [PSYoungGen: 146903K->359K(143488K)] 229916K->84123K(830464K), 0.0038150 secs] [Times: user=0.02 sys=0.00, real=0.01 secs] 
2014-07-07T21:01:07.513+0000: 369.533: [GC [PSYoungGen: 143463K->1227K(141888K)] 227227K->85071K(828864K), 0.0035680 secs] [Times: user=0.02 sys=0.00, real=0.01 secs] 
2014-07-07T21:01:08.010+0000: 370.030: [GC [PSYoungGen: 141801K->929K(139136K)] 225645K->84861K(826112K), 0.0032590 secs] [Times: user=0.02 sys=0.00, real=0.00 secs] 
2014-07-07T21:01:08.494+0000: 370.514: [GC [PSYoungGen: 139105K->1104K(136960K)] 223037K->85100K(823936K), 0.0047750 secs] [Times: user=0.02 sys=0.00, real=0.01 secs] 
2014-07-07T21:01:08.972+0000: 370.992: [GC [PSYoungGen: 136837K->744K(163776K)] 220833K->84910K(850752K), 0.0116920 secs] [Times: user=0.06 sys=0.00, real=0.01 secs] 
2014-07-07T21:01:09.550+0000: 371.570: [GC [PSYoungGen: 163722K->1182K(174784K)] 247889K->85444K(861760K), 0.0041370 secs] [Times: user=0.03 sys=0.00, real=0.00 secs] 
2014-07-07T21:01:10.174+0000: 372.194: [GC [PSYoungGen: 174558K->754K(197184K)] 258820K->85170K(884160K), 0.0053520 secs] [Times: user=0.03 sys=0.00, real=0.01 secs] 
2014-07-07T21:01:10.856+0000: 372.876: [GC [PSYoungGen: 196466K->708K(192320K)] 280882K->85172K(879296K), 0.0043700 secs] [Times: user=0.01 sys=0.00, real=0.00 secs] 
2014-07-07T21:01:11.517+0000: 373.537: [GC [PSYoungGen: 192232K->698K(188224K)] 276696K->85308K(875200K), 0.0075720 secs] [Times: user=0.05 sys=0.00, real=0.00 secs] 
2014-07-07T21:01:12.178+0000: 374.198: [GC [PSYoungGen: 188197K->982K(195776K)] 272807K->85616K(882752K), 0.0109550 secs] [Times: user=0.06 sys=0.00, real=0.01 secs] 
2014-07-07T21:01:12.855+0000: 374.876: [GC [PSYoungGen: 195350K->828K(226496K)] 279984K->85574K(913472K), 0.0045700 secs] [Times: user=0.03 sys=0.00, real=0.01 secs] 
2014-07-07T21:01:13.639+0000: 375.659: [GC [PSYoungGen: 225916K->747K(220672K)] 310662K->85557K(907648K), 0.0060780 secs] [Times: user=0.03 sys=0.00, real=0.00 secs] 
2014-07-07T21:01:14.385+0000: 376.405: [GC [PSYoungGen: 220651K->634K(215488K)] 305461K->85590K(902464K), 0.0069720 secs] [Times: user=0.03 sys=0.00, real=0.01 secs] 
2014-07-07T21:01:15.143+0000: 377.163: [GC [PSYoungGen: 215482K->872K(210880K)] 300438K->85892K(897856K), 0.0055470 secs] [Times: user=0.03 sys=0.01, real=0.01 secs] 
2014-07-07T21:01:15.896+0000: 377.917: [GC [PSYoungGen: 210853K->776K(206144K)] 295873K->85876K(893120K), 0.0034880 secs] [Times: user=0.02 sys=0.00, real=0.00 secs] 
2014-07-07T21:01:16.623+0000: 378.643: [GC [PSYoungGen: 206088K->1230K(202048K)] 291188K->86502K(889024K), 0.0028690 secs] [Times: user=0.02 sys=0.00, real=0.01 secs] 
2014-07-07T21:01:17.324+0000: 379.344: [GC [PSYoungGen: 201998K->512K(196928K)] 287270K->85944K(883904K), 0.0047820 secs] [Times: user=0.03 sys=0.00, real=0.01 secs] 
2014-07-07T21:01:18.009+0000: 380.029: [GC [PSYoungGen: 196884K->676K(192896K)] 282317K->86164K(879872K), 0.0052530 secs] [Times: user=0.02 sys=0.00, real=0.00 secs] 
2014-07-07T21:01:18.678+0000: 380.698: [GC [PSYoungGen: 192868K->744K(188864K)] 278356K->86312K(875840K), 0.0061840 secs] [Times: user=0.04 sys=0.00, real=0.00 secs] 
2014-07-07T21:01:19.346+0000: 381.366: [GC [PSYoungGen: 188840K->872K(185088K)] 274408K->86488K(872064K), 0.0062540 secs] [Times: user=0.02 sys=0.00, real=0.01 secs] 
2014-07-07T21:01:19.992+0000: 382.012: [GC [PSYoungGen: 185064K->1032K(181504K)] 270680K->86720K(868480K), 0.0057720 secs] [Times: user=0.02 sys=0.00, real=0.01 secs] 
2014-07-07T21:01:20.628+0000: 382.648: [GC [PSYoungGen: 181439K->1122K(177856K)] 267127K->86890K(864832K), 0.0053300 secs] [Times: user=0.03 sys=0.00, real=0.00 secs] 
2014-07-07T21:01:21.242+0000: 383.262: [GC [PSYoungGen: 177826K->506K(173632K)] 263594K->86648K(860608K), 0.0051440 secs] [Times: user=0.02 sys=0.00, real=0.01 secs] 
2014-07-07T21:01:21.846+0000: 383.866: [GC [PSYoungGen: 173626K->1258K(170944K)] 259768K->87480K(857920K), 0.0056420 secs] [Times: user=0.02 sys=0.00, real=0.01 secs] 
2014-07-07T21:01:22.429+0000: 384.450: [GC [PSYoungGen: 170922K->562K(166912K)] 257144K->87064K(853888K), 0.0032150 secs] [Times: user=0.01 sys=0.00, real=0.00 secs] 
2014-07-07T21:01:23.008+0000: 385.029: [GC [PSYoungGen: 166873K->626K(163776K)] 253376K->87184K(850752K), 0.0080620 secs] [Times: user=0.05 sys=0.00, real=0.00 secs] 
2014-07-07T21:01:23.572+0000: 385.593: [GC [PSYoungGen: 163762K->1076K(161088K)] 250320K->87674K(848064K), 0.0062260 secs] [Times: user=0.03 sys=0.00, real=0.01 secs] 
2014-07-07T21:01:24.133+0000: 386.154: [GC [PSYoungGen: 161076K->562K(157568K)] 247674K->87208K(844544K), 0.0055920 secs] [Times: user=0.03 sys=0.00, real=0.01 secs] 
2014-07-07T21:01:24.694+0000: 386.714: [GC [PSYoungGen: 157472K->862K(154944K)] 244118K->87580K(841920K), 0.0043650 secs] [Times: user=0.03 sys=0.00, real=0.01 secs] 
2014-07-07T21:01:25.231+0000: 387.251: [GC [PSYoungGen: 154910K->1014K(152192K)] 241628K->87828K(839168K), 0.0029200 secs] [Times: user=0.02 sys=0.00, real=0.00 secs] 
2014-07-07T21:01:25.744+0000: 387.764: [GC [PSYoungGen: 152182K->480K(148928K)] 238996K->87350K(835904K), 0.0076640 secs] [Times: user=0.04 sys=0.00, real=0.01 secs] 
2014-07-07T21:01:26.260+0000: 388.280: [GC [PSYoungGen: 148896K->630K(146368K)] 235766K->87548K(833344K), 0.0058200 secs] [Times: user=0.03 sys=0.01, real=0.00 secs] 
2014-07-07T21:01:26.771+0000: 388.791: [GC [PSYoungGen: 146313K->1278K(144384K)] 233232K->88284K(831360K), 0.0036880 secs] [Times: user=0.02 sys=0.00, real=0.00 secs] 
2014-07-07T21:01:27.273+0000: 389.293: [GC [PSYoungGen: 144382K->1100K(172928K)] 231388K->88130K(859904K), 0.0069040 secs] [Times: user=0.01 sys=0.00, real=0.01 secs] 
2014-07-07T21:01:27.881+0000: 389.901: [GC [PSYoungGen: 172876K->690K(169088K)] 259906K->87842K(856064K), 0.0049470 secs] [Times: user=0.03 sys=0.00, real=0.00 secs] 
2014-07-07T21:01:28.462+0000: 390.482: [GC [PSYoungGen: 169073K->1014K(166144K)] 256226K->88238K(853120K), 0.0031200 secs] [Times: user=0.01 sys=0.00, real=0.00 secs] 
2014-07-07T21:01:29.044+0000: 391.064: [GC [PSYoungGen: 166134K->480K(162432K)] 253358K->87752K(849408K), 0.0048650 secs] [Times: user=0.02 sys=0.00, real=0.01 secs] 
2014-07-07T21:01:29.618+0000: 391.639: [GC [PSYoungGen: 162400K->448K(159296K)] 249672K->87744K(846272K), 0.0037380 secs] [Times: user=0.01 sys=0.00, real=0.00 secs] 
2014-07-07T21:01:30.172+0000: 392.192: [GC [PSYoungGen: 159296K->644K(156544K)] 246592K->87988K(843520K), 0.0058460 secs] [Times: user=0.03 sys=0.00, real=0.00 secs] 
2014-07-07T21:01:30.713+0000: 392.733: [GC [PSYoungGen: 156456K->978K(153984K)] 243800K->88370K(840960K), 0.0052880 secs] [Times: user=0.02 sys=0.00, real=0.01 secs] 
2014-07-07T21:01:31.253+0000: 393.273: [GC [PSYoungGen: 153938K->680K(150848K)] 241330K->88096K(837824K), 0.0061160 secs] [Times: user=0.02 sys=0.01, real=0.01 secs] 
2014-07-07T21:01:31.776+0000: 393.796: [GC [PSYoungGen: 150824K->712K(148160K)] 238240K->88208K(835136K), 0.0053930 secs] [Times: user=0.03 sys=0.00, real=0.01 secs] 
2014-07-07T21:01:32.290+0000: 394.310: [GC [PSYoungGen: 148104K->758K(145536K)] 235600K->88334K(832512K), 0.0034830 secs] [Times: user=0.02 sys=0.00, real=0.00 secs] 
2014-07-07T21:01:32.792+0000: 394.812: [GC [PSYoungGen: 145526K->1040K(143296K)] 233102K->88712K(830272K), 0.0027100 secs] [Times: user=0.02 sys=0.00, real=0.00 secs] 
2014-07-07T21:01:33.288+0000: 395.308: [GC [PSYoungGen: 143248K->736K(140480K)] 230920K->88472K(827456K), 0.0037220 secs] [Times: user=0.01 sys=0.01, real=0.01 secs] 
2014-07-07T21:01:33.772+0000: 395.792: [GC [PSYoungGen: 140438K->848K(138176K)] 228174K->88624K(825152K), 0.0038310 secs] [Times: user=0.01 sys=0.00, real=0.00 secs] 
2014-07-07T21:01:34.251+0000: 396.271: [GC [PSYoungGen: 138113K->910K(165696K)] 225889K->88710K(852672K), 0.0095070 secs] [Times: user=0.05 sys=0.01, real=0.01 secs] 
2014-07-07T21:01:34.825+0000: 396.845: [GC [PSYoungGen: 165632K->1267K(162816K)] 253432K->89209K(849792K), 0.0051160 secs] [Times: user=0.03 sys=0.00, real=0.01 secs] 
2014-07-07T21:01:35.402+0000: 397.422: [GC [PSYoungGen: 162796K->356K(158848K)] 250737K->88869K(845824K), 0.0052150 secs] [Times: user=0.03 sys=0.00, real=0.00 secs] 
2014-07-07T21:01:35.955+0000: 397.975: [GC [PSYoungGen: 158819K->944K(156416K)] 247333K->89530K(843392K), 0.0058370 secs] [Times: user=0.04 sys=0.00, real=0.01 secs] 
2014-07-07T21:01:36.510+0000: 398.530: [GC [PSYoungGen: 156375K->1068K(153664K)] 244961K->89758K(840640K), 0.0035650 secs] [Times: user=0.01 sys=0.00, real=0.00 secs] 
2014-07-07T21:01:37.040+0000: 399.060: [GC [PSYoungGen: 153644K->818K(150592K)] 242334K->89603K(837568K), 0.0048590 secs] [Times: user=0.02 sys=0.00, real=0.00 secs] 
2014-07-07T21:01:37.552+0000: 399.573: [GC [PSYoungGen: 150578K->908K(148032K)] 239363K->89774K(835008K), 0.0038320 secs] [Times: user=0.02 sys=0.00, real=0.00 secs] 
2014-07-07T21:01:38.068+0000: 400.088: [GC [PSYoungGen: 147979K->930K(145408K)] 236844K->89876K(832384K), 0.0042310 secs] [Times: user=0.02 sys=0.00, real=0.01 secs] 
2014-07-07T21:01:38.579+0000: 400.599: [GC [PSYoungGen: 145378K->594K(142528K)] 234324K->89595K(829504K), 0.0026430 secs] [Times: user=0.01 sys=0.00, real=0.01 secs] 
2014-07-07T21:01:39.068+0000: 401.088: [GC [PSYoungGen: 142481K->976K(140416K)] 231483K->90042K(827392K), 0.0045050 secs] [Times: user=0.02 sys=0.00, real=0.01 secs] 
2014-07-07T21:01:39.556+0000: 401.576: [GC [PSYoungGen: 140368K->794K(137792K)] 229434K->89908K(824768K), 0.0052000 secs] [Times: user=0.02 sys=0.01, real=0.01 secs] 
2014-07-07T21:01:40.031+0000: 402.051: [GC [PSYoungGen: 137754K->1238K(135872K)] 226868K->90416K(822848K), 0.0062300 secs] [Times: user=0.04 sys=0.00, real=0.00 secs] 
2014-07-07T21:01:40.496+0000: 402.516: [GC [PSYoungGen: 135830K->488K(162048K)] 225008K->90032K(849024K), 0.0063000 secs] [Times: user=0.04 sys=0.00, real=0.01 secs] 
2014-07-07T21:01:41.056+0000: 403.076: [GC [PSYoungGen: 162024K->598K(194496K)] 251568K->90182K(881472K), 0.0086030 secs] [Times: user=0.03 sys=0.00, real=0.01 secs] 
2014-07-07T21:01:41.729+0000: 403.750: [GC [PSYoungGen: 194410K->815K(190528K)] 283994K->90613K(877504K), 0.0038690 secs] [Times: user=0.02 sys=0.00, real=0.01 secs] 
2014-07-07T21:01:42.398+0000: 404.418: [GC [PSYoungGen: 190470K->958K(186688K)] 280268K->90836K(873664K), 0.0045400 secs] [Times: user=0.02 sys=0.00, real=0.01 secs] 
2014-07-07T21:01:43.040+0000: 405.060: [GC [PSYoungGen: 186686K->658K(182592K)] 276564K->90640K(869568K), 0.0037970 secs] [Times: user=0.03 sys=0.00, real=0.01 secs] 
2014-07-07T21:01:43.676+0000: 405.697: [GC [PSYoungGen: 182540K->580K(178816K)] 272522K->90618K(865792K), 0.0050560 secs] [Times: user=0.02 sys=0.00, real=0.01 secs] 
2014-07-07T21:01:44.307+0000: 406.327: [GC [PSYoungGen: 178756K->892K(175488K)] 268794K->90954K(862464K), 0.0035520 secs] [Times: user=0.01 sys=0.00, real=0.00 secs] 
2014-07-07T21:01:44.908+0000: 406.928: [GC [PSYoungGen: 175484K->1138K(172224K)] 265546K->91288K(859200K), 0.0097990 secs] [Times: user=0.05 sys=0.01, real=0.01 secs] 
2014-07-07T21:01:45.511+0000: 407.531: [GC [PSYoungGen: 172183K->562K(198464K)] 262333K->91004K(885440K), 0.0136270 secs] [Times: user=0.05 sys=0.00, real=0.01 secs] 
2014-07-07T21:01:46.199+0000: 408.219: [GC [PSYoungGen: 198406K->1338K(199232K)] 288848K->91909K(886208K), 0.0030030 secs] [Times: user=0.01 sys=0.00, real=0.01 secs] 
2014-07-07T21:01:46.895+0000: 408.915: [GC [PSYoungGen: 199226K->612K(238912K)] 289797K->91470K(925888K), 0.0068900 secs] [Times: user=0.05 sys=0.00, real=0.01 secs] 
2014-07-07T21:01:47.731+0000: 409.752: [GC [PSYoungGen: 238090K->915K(232832K)] 328948K->91903K(919808K), 0.0041200 secs] [Times: user=0.02 sys=0.01, real=0.00 secs] 
2014-07-07T21:01:48.529+0000: 410.550: [GC [PSYoungGen: 232787K->626K(227072K)] 323775K->91720K(914048K), 0.0045870 secs] [Times: user=0.01 sys=0.00, real=0.01 secs] 
2014-07-07T21:01:49.324+0000: 411.345: [GC [PSYoungGen: 227022K->1243K(222464K)] 318116K->92401K(909440K), 0.0036870 secs] [Times: user=0.02 sys=0.00, real=0.00 secs] 
2014-07-07T21:01:50.086+0000: 412.106: [GC [PSYoungGen: 222427K->936K(217088K)] 313585K->92705K(904064K), 0.0070140 secs] [Times: user=0.04 sys=0.00, real=0.01 secs] 
2014-07-07T21:01:50.843+0000: 412.863: [GC [PSYoungGen: 217064K->1366K(212608K)] 308833K->93224K(899584K), 0.0035010 secs] [Times: user=0.02 sys=0.00, real=0.00 secs] 
2014-07-07T21:01:51.572+0000: 413.592: [GC [PSYoungGen: 212566K->866K(207360K)] 304424K->92829K(894336K), 0.0051570 secs] [Times: user=0.03 sys=0.00, real=0.00 secs] 
2014-07-07T21:01:52.289+0000: 414.309: [GC [PSYoungGen: 207312K->830K(202752K)] 299276K->92833K(889728K), 0.0037870 secs] [Times: user=0.02 sys=0.00, real=0.01 secs] 
2014-07-07T21:01:53.006+0000: 415.026: [GC [PSYoungGen: 202750K->576K(198080K)] 294753K->92683K(885056K), 0.0081780 secs] [Times: user=0.05 sys=0.00, real=0.01 secs] 
2014-07-07T21:01:53.699+0000: 415.719: [GC [PSYoungGen: 198080K->862K(194176K)] 290187K->93041K(881152K), 0.0047630 secs] [Times: user=0.02 sys=0.00, real=0.01 secs] 
2014-07-07T21:01:54.368+0000: 416.388: [GC [PSYoungGen: 194142K->826K(190016K)] 286321K->93053K(876992K), 0.0112200 secs] [Times: user=0.05 sys=0.00, real=0.01 secs] 
2014-07-07T21:01:55.029+0000: 417.049: [GC [PSYoungGen: 189995K->890K(186112K)] 282222K->93205K(873088K), 0.0027790 secs] [Times: user=0.02 sys=0.00, real=0.00 secs] 
2014-07-07T21:01:55.682+0000: 417.702: [GC [PSYoungGen: 186106K->994K(182400K)] 278421K->93357K(869376K), 0.0058060 secs] [Times: user=0.03 sys=0.00, real=0.00 secs] 
2014-07-07T21:01:56.325+0000: 418.345: [GC [PSYoungGen: 182346K->654K(178368K)] 274710K->93073K(865344K), 0.0045380 secs] [Times: user=0.02 sys=0.00, real=0.00 secs] 
2014-07-07T21:01:56.954+0000: 418.974: [GC [PSYoungGen: 178280K->754K(174848K)] 270699K->93261K(861824K), 0.0078210 secs] [Times: user=0.05 sys=0.01, real=0.01 secs] 
2014-07-07T21:01:57.561+0000: 419.581: [GC [PSYoungGen: 174834K->740K(209664K)] 267341K->93287K(896640K), 0.0103090 secs] [Times: user=0.06 sys=0.00, real=0.01 secs] 
2014-07-07T21:01:58.291+0000: 420.311: [GC [PSYoungGen: 209636K->854K(205120K)] 302183K->93489K(892096K), 0.0028340 secs] [Times: user=0.01 sys=0.00, real=0.01 secs] 
2014-07-07T21:01:58.994+0000: 421.014: [GC [PSYoungGen: 205078K->1178K(200960K)] 297713K->93909K(887936K), 0.0045880 secs] [Times: user=0.02 sys=0.00, real=0.00 secs] 
2014-07-07T21:01:59.694+0000: 421.714: [GC [PSYoungGen: 200841K->751K(196160K)] 293572K->93807K(883136K), 0.0052910 secs] [Times: user=0.02 sys=0.00, real=0.00 secs] 
2014-07-07T21:02:00.369+0000: 422.389: [GC [PSYoungGen: 196143K->1140K(192384K)] 289199K->94252K(879360K), 0.0027470 secs] [Times: user=0.01 sys=0.00, real=0.00 secs] 
2014-07-07T21:02:01.046+0000: 423.066: [GC [PSYoungGen: 192372K->840K(188096K)] 285484K->94131K(875072K), 0.0027520 secs] [Times: user=0.01 sys=0.00, real=0.00 secs] 
2014-07-07T21:02:01.699+0000: 423.719: [GC [PSYoungGen: 188040K->1214K(184512K)] 281331K->94594K(871488K), 0.0044490 secs] [Times: user=0.01 sys=0.00, real=0.01 secs] 
2014-07-07T21:02:02.355+0000: 424.375: [GC [PSYoungGen: 184510K->876K(180416K)] 277890K->94312K(867392K), 0.0029690 secs] [Times: user=0.02 sys=0.00, real=0.00 secs] 
2014-07-07T21:02:02.977+0000: 424.997: [GC [PSYoungGen: 180396K->1058K(176960K)] 273832K->94558K(863936K), 0.0045450 secs] [Times: user=0.02 sys=0.00, real=0.00 secs] 
2014-07-07T21:02:03.595+0000: 425.615: [GC [PSYoungGen: 176930K->854K(173248K)] 270430K->94449K(860224K), 0.0024720 secs] [Times: user=0.02 sys=0.00, real=0.00 secs] 
2014-07-07T21:02:04.196+0000: 426.216: [GC [PSYoungGen: 173205K->996K(169984K)] 266801K->94672K(856960K), 0.0047050 secs] [Times: user=0.03 sys=0.00, real=0.00 secs] 
2014-07-07T21:02:04.787+0000: 426.807: [GC [PSYoungGen: 169937K->933K(166592K)] 263613K->94715K(853568K), 0.0069050 secs] [Times: user=0.04 sys=0.00, real=0.00 secs] 
2014-07-07T21:02:05.364+0000: 427.384: [GC [PSYoungGen: 166556K->876K(163328K)] 260338K->94722K(850304K), 0.0051900 secs] [Times: user=0.03 sys=0.00, real=0.00 secs] 
2014-07-07T21:02:05.935+0000: 427.955: [GC [PSYoungGen: 163308K->594K(159936K)] 257153K->94511K(846912K), 0.0038610 secs] [Times: user=0.01 sys=0.00, real=0.00 secs] 
2014-07-07T21:02:06.477+0000: 428.498: [GC [PSYoungGen: 159889K->1260K(157568K)] 253807K->95250K(844544K), 0.0052410 secs] [Times: user=0.03 sys=0.00, real=0.00 secs] 
2014-07-07T21:02:07.032+0000: 429.052: [GC [PSYoungGen: 157548K->954K(154304K)] 251538K->95180K(841280K), 0.0055730 secs] [Times: user=0.03 sys=0.00, real=0.01 secs] 
2014-07-07T21:02:07.575+0000: 429.595: [GC [PSYoungGen: 154298K->858K(151424K)] 248524K->95164K(838400K), 0.0042970 secs] [Times: user=0.01 sys=0.00, real=0.00 secs] 
2014-07-07T21:02:08.094+0000: 430.114: [GC [PSYoungGen: 151386K->904K(148736K)] 245692K->95290K(835712K), 0.0025850 secs] [Times: user=0.01 sys=0.00, real=0.00 secs] 
2014-07-07T21:02:08.607+0000: 430.627: [GC [PSYoungGen: 148680K->1072K(146176K)] 243066K->95522K(833152K), 0.0097580 secs] [Times: user=0.05 sys=0.00, real=0.01 secs] 
2014-07-07T21:02:09.120+0000: 431.140: [GC [PSYoungGen: 146160K->512K(143040K)] 240610K->95001K(830016K), 0.0042710 secs] [Times: user=0.01 sys=0.00, real=0.01 secs] 
2014-07-07T21:02:09.620+0000: 431.640: [GC [PSYoungGen: 143040K->580K(140672K)] 237529K->95141K(827648K), 0.0045690 secs] [Times: user=0.03 sys=0.00, real=0.01 secs] 
2014-07-07T21:02:10.110+0000: 432.130: [GC [PSYoungGen: 140612K->816K(168896K)] 235173K->95426K(855872K), 0.0064340 secs] [Times: user=0.03 sys=0.01, real=0.01 secs] 
2014-07-07T21:02:10.696+0000: 432.716: [GC [PSYoungGen: 168879K->932K(165760K)] 263489K->95638K(852736K), 0.0042990 secs] [Times: user=0.03 sys=0.00, real=0.00 secs] 
2014-07-07T21:02:11.255+0000: 433.275: [GC [PSYoungGen: 165710K->1058K(162688K)] 260416K->95878K(849664K), 0.0046590 secs] [Times: user=0.02 sys=0.00, real=0.00 secs] 
2014-07-07T21:02:11.821+0000: 433.841: [GC [PSYoungGen: 162658K->626K(159168K)] 257478K->95533K(846144K), 0.0032370 secs] [Times: user=0.01 sys=0.00, real=0.00 secs] 
2014-07-07T21:02:12.370+0000: 434.390: [GC [PSYoungGen: 159154K->1120K(156672K)] 254061K->96100K(843648K), 0.0028020 secs] [Times: user=0.02 sys=0.00, real=0.00 secs] 
2014-07-07T21:02:12.916+0000: 434.936: [GC [PSYoungGen: 156610K->890K(153536K)] 251590K->95974K(840512K), 0.0051810 secs] [Times: user=0.03 sys=0.01, real=0.00 secs] 
2014-07-07T21:02:13.457+0000: 435.477: [GC [PSYoungGen: 153530K->944K(150784K)] 248614K->96224K(837760K), 0.0048840 secs] [Times: user=0.03 sys=0.00, real=0.00 secs] 
2014-07-07T21:02:13.978+0000: 435.998: [GC [PSYoungGen: 150768K->850K(147968K)] 246048K->96194K(834944K), 0.0028820 secs] [Times: user=0.01 sys=0.00, real=0.00 secs] 
2014-07-07T21:02:14.481+0000: 436.502: [GC [PSYoungGen: 147922K->794K(145280K)] 243266K->96210K(832256K), 0.0034470 secs] [Times: user=0.02 sys=0.00, real=0.01 secs] 
2014-07-07T21:02:14.973+0000: 436.993: [GC [PSYoungGen: 145177K->1380K(143296K)] 240593K->96868K(830272K), 0.0061720 secs] [Times: user=0.04 sys=0.00, real=0.01 secs] 
2014-07-07T21:02:15.471+0000: 437.491: [GC [PSYoungGen: 143268K->612K(170944K)] 238756K->96132K(857920K), 0.0079600 secs] [Times: user=0.04 sys=0.00, real=0.01 secs] 
2014-07-07T21:02:16.066+0000: 438.086: [GC [PSYoungGen: 170889K->648K(167680K)] 266409K->96216K(854656K), 0.0028140 secs] [Times: user=0.01 sys=0.00, real=0.00 secs] 
2014-07-07T21:02:16.650+0000: 438.670: [GC [PSYoungGen: 167624K->704K(164416K)] 263192K->96352K(851392K), 0.0033340 secs] [Times: user=0.01 sys=0.01, real=0.00 secs] 
2014-07-07T21:02:17.222+0000: 439.243: [GC [PSYoungGen: 164416K->890K(161472K)] 260064K->96618K(848448K), 0.0057460 secs] [Times: user=0.04 sys=0.00, real=0.01 secs] 
2014-07-07T21:02:17.787+0000: 439.807: [GC [PSYoungGen: 161451K->772K(158336K)] 257179K->96596K(845312K), 0.0034460 secs] [Times: user=0.02 sys=0.00, real=0.00 secs] 
2014-07-07T21:02:18.328+0000: 440.348: [GC [PSYoungGen: 158255K->826K(155392K)] 254079K->96730K(842368K), 0.0053630 secs] [Times: user=0.04 sys=0.00, real=0.00 secs] 
2014-07-07T21:02:18.855+0000: 440.875: [GC [PSYoungGen: 155386K->690K(152384K)] 251290K->96658K(839360K), 0.0032000 secs] [Times: user=0.01 sys=0.00, real=0.01 secs] 
2014-07-07T21:02:19.379+0000: 441.399: [GC [PSYoungGen: 152369K->794K(182848K)] 248337K->96802K(869824K), 0.0113900 secs] [Times: user=0.07 sys=0.00, real=0.01 secs] 
2014-07-07T21:02:20.029+0000: 442.049: [GC [PSYoungGen: 182810K->732K(209728K)] 278818K->96796K(896704K), 0.0053730 secs] [Times: user=0.03 sys=0.00, real=0.00 secs] 
2014-07-07T21:02:20.765+0000: 442.785: [GC [PSYoungGen: 209244K->640K(204544K)] 305308K->96792K(891520K), 0.0036580 secs] [Times: user=0.02 sys=0.00, real=0.01 secs] 
2014-07-07T21:02:21.469+0000: 443.489: [GC [PSYoungGen: 204544K->676K(208576K)] 300696K->96860K(895552K), 0.0099990 secs] [Times: user=0.06 sys=0.01, real=0.01 secs] 
2014-07-07T21:02:22.198+0000: 444.218: [GC [PSYoungGen: 208516K->1018K(204288K)] 304700K->97266K(891264K), 0.0049160 secs] [Times: user=0.04 sys=0.00, real=0.00 secs] 
2014-07-07T21:02:22.917+0000: 444.937: [GC [PSYoungGen: 204273K->292K(199104K)] 300521K->97237K(886080K), 0.0033660 secs] [Times: user=0.02 sys=0.00, real=0.00 secs] 
2014-07-07T21:02:23.606+0000: 445.627: [GC [PSYoungGen: 199076K->1275K(195776K)] 296021K->98663K(882752K), 0.0041440 secs] [Times: user=0.03 sys=0.00, real=0.01 secs] 
2014-07-07T21:02:24.278+0000: 446.298: [GC [PSYoungGen: 195771K->936K(191296K)] 293159K->98857K(878272K), 0.0077600 secs] [Times: user=0.04 sys=0.00, real=0.00 secs] 
2014-07-07T21:02:24.939+0000: 446.959: [GC [PSYoungGen: 191272K->1366K(187712K)] 289193K->99400K(874688K), 0.0025190 secs] [Times: user=0.01 sys=0.00, real=0.00 secs] 
2014-07-07T21:02:25.601+0000: 447.621: [GC [PSYoungGen: 187663K->744K(183168K)] 285696K->98955K(870144K), 0.0048390 secs] [Times: user=0.03 sys=0.00, real=0.00 secs] 
2014-07-07T21:02:26.245+0000: 448.265: [GC [PSYoungGen: 183144K->854K(179520K)] 281355K->99161K(866496K), 0.0052520 secs] [Times: user=0.03 sys=0.00, real=0.01 secs] 
2014-07-07T21:02:26.872+0000: 448.892: [GC [PSYoungGen: 179478K->744K(175744K)] 277785K->99139K(862720K), 0.0037370 secs] [Times: user=0.02 sys=0.00, real=0.00 secs] 
2014-07-07T21:02:27.483+0000: 449.503: [GC [PSYoungGen: 175720K->744K(172224K)] 274115K->99195K(859200K), 0.0047710 secs] [Times: user=0.02 sys=0.01, real=0.01 secs] 
2014-07-07T21:02:28.075+0000: 450.095: [GC [PSYoungGen: 172200K->544K(168640K)] 270651K->99083K(855616K), 0.0031680 secs] [Times: user=0.02 sys=0.01, real=0.01 secs] 
2014-07-07T21:02:28.669+0000: 450.689: [GC [PSYoungGen: 168608K->690K(165504K)] 267147K->99277K(852480K), 0.0061430 secs] [Times: user=0.02 sys=0.00, real=0.00 secs] 
2014-07-07T21:02:29.248+0000: 451.268: [GC [PSYoungGen: 165490K->830K(162432K)] 264077K->99457K(849408K), 0.0048590 secs] [Times: user=0.02 sys=0.00, real=0.00 secs] 
2014-07-07T21:02:29.808+0000: 451.828: [GC [PSYoungGen: 162430K->1124K(159680K)] 261057K->99807K(846656K), 0.0037410 secs] [Times: user=0.01 sys=0.00, real=0.00 secs] 
2014-07-07T21:02:30.357+0000: 452.377: [GC [PSYoungGen: 159652K->708K(156288K)] 258335K->99463K(843264K), 0.0029150 secs] [Times: user=0.01 sys=0.00, real=0.01 secs] 
2014-07-07T21:02:30.899+0000: 452.919: [GC [PSYoungGen: 156216K->1032K(153728K)] 254971K->99891K(840704K), 0.0064060 secs] [Times: user=0.03 sys=0.00, real=0.00 secs] 
2014-07-07T21:02:31.430+0000: 453.450: [GC [PSYoungGen: 153670K->826K(150656K)] 252530K->99749K(837632K), 0.0054510 secs] [Times: user=0.03 sys=0.00, real=0.00 secs] 
2014-07-07T21:02:31.960+0000: 453.980: [GC [PSYoungGen: 150628K->1108K(148224K)] 249551K->100135K(835200K), 0.0040340 secs] [Times: user=0.03 sys=0.00, real=0.00 secs] 
2014-07-07T21:02:32.476+0000: 454.496: [GC [PSYoungGen: 148159K->894K(145344K)] 247186K->100009K(832320K), 0.0051260 secs] [Times: user=0.03 sys=0.00, real=0.01 secs] 
2014-07-07T21:02:32.990+0000: 455.010: [GC [PSYoungGen: 145304K->790K(142720K)] 244419K->99969K(829696K), 0.0030200 secs] [Times: user=0.02 sys=0.00, real=0.00 secs] 
2014-07-07T21:02:33.492+0000: 455.512: [GC [PSYoungGen: 142678K->960K(140416K)] 241857K->100211K(827392K), 0.0076010 secs] [Times: user=0.04 sys=0.01, real=0.01 secs] 
2014-07-07T21:02:33.974+0000: 455.995: [GC [PSYoungGen: 140352K->772K(137792K)] 239603K->100063K(824768K), 0.0046290 secs] [Times: user=0.02 sys=0.00, real=0.01 secs] 
2014-07-07T21:02:34.453+0000: 456.474: [GC [PSYoungGen: 137686K->868K(165248K)] 236977K->100199K(852224K), 0.0069650 secs] [Times: user=0.02 sys=0.00, real=0.01 secs] 
2014-07-07T21:02:35.029+0000: 457.049: [GC [PSYoungGen: 165220K->994K(197888K)] 264551K->100397K(884864K), 0.0051810 secs] [Times: user=0.03 sys=0.00, real=0.00 secs] 
2014-07-07T21:02:35.716+0000: 457.736: [GC [PSYoungGen: 197602K->950K(193344K)] 297005K->100417K(880320K), 0.0047670 secs] [Times: user=0.03 sys=0.00, real=0.01 secs] 
2014-07-07T21:02:36.404+0000: 458.424: [GC [PSYoungGen: 193334K->1245K(189568K)] 292801K->100800K(876544K), 0.0054400 secs] [Times: user=0.03 sys=0.00, real=0.01 secs] 
2014-07-07T21:02:37.047+0000: 459.067: [GC [PSYoungGen: 189499K->356K(184704K)] 289054K->100545K(871680K), 0.0051720 secs] [Times: user=0.04 sys=0.00, real=0.01 secs] 
2014-07-07T21:02:37.682+0000: 459.702: [GC [PSYoungGen: 184675K->1332K(181824K)] 284865K->101847K(868800K), 0.0050170 secs] [Times: user=0.03 sys=0.00, real=0.00 secs] 
2014-07-07T21:02:38.316+0000: 460.336: [GC [PSYoungGen: 181812K->904K(177728K)] 282327K->101979K(864704K), 0.0036250 secs] [Times: user=0.02 sys=0.01, real=0.01 secs] 
2014-07-07T21:02:38.936+0000: 460.956: [GC [PSYoungGen: 177629K->965K(174208K)] 278705K->102089K(861184K), 0.0035030 secs] [Times: user=0.01 sys=0.00, real=0.01 secs] 
2014-07-07T21:02:39.531+0000: 461.551: [GC [PSYoungGen: 174149K->864K(170624K)] 275273K->102020K(857600K), 0.0062330 secs] [Times: user=0.03 sys=0.00, real=0.00 secs] 
2014-07-07T21:02:40.122+0000: 462.142: [GC [PSYoungGen: 170560K->942K(167360K)] 271716K->102210K(854336K), 0.0037850 secs] [Times: user=0.02 sys=0.01, real=0.00 secs] 
2014-07-07T21:02:40.699+0000: 462.719: [GC [PSYoungGen: 167342K->898K(164096K)] 268610K->102182K(851072K), 0.0048040 secs] [Times: user=0.01 sys=0.01, real=0.01 secs] 
2014-07-07T21:02:41.269+0000: 463.289: [GC [PSYoungGen: 163990K->950K(160960K)] 265274K->102298K(847936K), 0.0043830 secs] [Times: user=0.03 sys=0.00, real=0.00 secs] 
2014-07-07T21:02:41.821+0000: 463.841: [GC [PSYoungGen: 160950K->690K(157696K)] 262298K->102109K(844672K), 0.0043110 secs] [Times: user=0.01 sys=0.00, real=0.00 secs] 
2014-07-07T21:02:42.373+0000: 464.393: [GC [PSYoungGen: 157682K->744K(154816K)] 259101K->102219K(841792K), 0.0042930 secs] [Times: user=0.02 sys=0.00, real=0.00 secs] 
2014-07-07T21:02:42.910+0000: 464.930: [GC [PSYoungGen: 154792K->548K(151744K)] 256267K->102095K(838720K), 0.0036510 secs] [Times: user=0.03 sys=0.00, real=0.00 secs] 
2014-07-07T21:02:43.439+0000: 465.459: [GC [PSYoungGen: 151716K->1104K(149568K)] 253263K->102700K(836544K), 0.0046470 secs] [Times: user=0.02 sys=0.00, real=0.01 secs] 
2014-07-07T21:02:43.959+0000: 465.979: [GC [PSYoungGen: 149520K->1140K(146880K)] 251116K->102808K(833856K), 0.0032650 secs] [Times: user=0.01 sys=0.00, real=0.01 secs] 
2014-07-07T21:02:44.475+0000: 466.495: [GC [PSYoungGen: 146868K->986K(144128K)] 248536K->102718K(831104K), 0.0045440 secs] [Times: user=0.03 sys=0.00, real=0.01 secs] 
2014-07-07T21:02:44.974+0000: 466.994: [GC [PSYoungGen: 144090K->822K(141440K)] 245822K->102740K(828416K), 0.0041540 secs] [Times: user=0.02 sys=0.00, real=0.00 secs] 
2014-07-07T21:02:45.457+0000: 467.477: [GC [PSYoungGen: 141430K->972K(139200K)] 243348K->102922K(826176K), 0.0057260 secs] [Times: user=0.02 sys=0.00, real=0.01 secs] 
2014-07-07T21:02:45.943+0000: 467.963: [GC [PSYoungGen: 139148K->780K(136640K)] 241098K->102826K(823616K), 0.0036740 secs] [Times: user=0.02 sys=0.01, real=0.00 secs] 
2014-07-07T21:02:46.419+0000: 468.439: [GC [PSYoungGen: 136568K->1010K(134528K)] 238614K->103080K(821504K), 0.0044710 secs] [Times: user=0.02 sys=0.00, real=0.01 secs] 
2014-07-07T21:02:46.879+0000: 468.899: [GC [PSYoungGen: 134513K->921K(132224K)] 236582K->103079K(819200K), 0.0030950 secs] [Times: user=0.02 sys=0.00, real=0.01 secs] 
2014-07-07T21:02:47.341+0000: 469.361: [GC [PSYoungGen: 132160K->516K(129664K)] 234318K->102697K(816640K), 0.0041370 secs] [Times: user=0.01 sys=0.00, real=0.00 secs] 
2014-07-07T21:02:47.795+0000: 469.815: [GC [PSYoungGen: 129604K->712K(127744K)] 231785K->102973K(814720K), 0.0049250 secs] [Times: user=0.03 sys=0.00, real=0.01 secs] 
2014-07-07T21:02:48.235+0000: 470.256: [GC [PSYoungGen: 127660K->1004K(125952K)] 229922K->103282K(812928K), 0.0056410 secs] [Times: user=0.02 sys=0.00, real=0.01 secs] 
2014-07-07T21:02:48.687+0000: 470.707: [GC [PSYoungGen: 125932K->612K(123584K)] 228210K->102945K(810560K), 0.0053190 secs] [Times: user=0.02 sys=0.00, real=0.01 secs] 
2014-07-07T21:02:49.114+0000: 471.134: [GC [PSYoungGen: 123556K->498K(121472K)] 225889K->102879K(808448K), 0.0037690 secs] [Times: user=0.01 sys=0.00, real=0.00 secs] 
2014-07-07T21:02:49.545+0000: 471.565: [GC [PSYoungGen: 121458K->790K(119872K)] 223839K->103251K(806848K), 0.0037020 secs] [Times: user=0.01 sys=0.00, real=0.00 secs] 
2014-07-07T21:02:49.958+0000: 471.978: [GC [PSYoungGen: 119830K->1042K(118272K)] 222291K->103552K(805248K), 0.0050180 secs] [Times: user=0.02 sys=0.00, real=0.01 secs] 
2014-07-07T21:02:50.362+0000: 472.382: [GC [PSYoungGen: 118220K->803K(141504K)] 220730K->103443K(828480K), 0.0051410 secs] [Times: user=0.03 sys=0.00, real=0.00 secs] 
2014-07-07T21:02:50.852+0000: 472.872: [GC [PSYoungGen: 141475K->530K(169408K)] 244115K->103265K(856384K), 0.0046350 secs] [Times: user=0.03 sys=0.00, real=0.00 secs] 
2014-07-07T21:02:51.438+0000: 473.458: [GC [PSYoungGen: 169360K->826K(183680K)] 272096K->103618K(870656K), 0.0103160 secs] [Times: user=0.06 sys=0.00, real=0.01 secs] 
2014-07-07T21:02:52.067+0000: 474.087: [GC [PSYoungGen: 183143K->900K(183616K)] 285935K->103748K(870592K), 0.0067160 secs] [Times: user=0.03 sys=0.00, real=0.01 secs] 
2014-07-07T21:02:52.711+0000: 474.731: [GC [PSYoungGen: 183236K->630K(220096K)] 286084K->103525K(907072K), 0.0038620 secs] [Times: user=0.01 sys=0.00, real=0.00 secs] 
2014-07-07T21:02:53.469+0000: 475.489: [GC [PSYoungGen: 219446K->530K(214400K)] 322341K->103481K(901376K), 0.0028840 secs] [Times: user=0.01 sys=0.00, real=0.01 secs] 
2014-07-07T21:02:54.218+0000: 476.238: [GC [PSYoungGen: 214354K->764K(209792K)] 317305K->104108K(896768K), 0.0067040 secs] [Times: user=0.03 sys=0.01, real=0.01 secs] 
2014-07-07T21:02:54.958+0000: 476.979: [GC [PSYoungGen: 209788K->980K(218752K)] 313132K->104380K(905728K), 0.0112970 secs] [Times: user=0.08 sys=0.00, real=0.01 secs] 
2014-07-07T21:02:55.704+0000: 477.724: [GC [PSYoungGen: 218324K->926K(213376K)] 321724K->104430K(900352K), 0.0045130 secs] [Times: user=0.02 sys=0.00, real=0.00 secs] 
2014-07-07T21:02:56.440+0000: 478.460: [GC [PSYoungGen: 213308K->1164K(251904K)] 316812K->104724K(938880K), 0.0096140 secs] [Times: user=0.03 sys=0.00, real=0.01 secs] 
2014-07-07T21:02:57.329+0000: 479.350: [GC [PSYoungGen: 251724K->1192K(256256K)] 355284K->104816K(943232K), 0.0102500 secs] [Times: user=0.05 sys=0.01, real=0.01 secs] 
2014-07-07T21:02:58.224+0000: 480.244: [GC [PSYoungGen: 256040K->1186K(249792K)] 359664K->104890K(936768K), 0.0063750 secs] [Times: user=0.04 sys=0.01, real=0.00 secs] 
2014-07-07T21:02:59.102+0000: 481.122: [GC [PSYoungGen: 249700K->309K(242816K)] 353404K->104582K(929792K), 0.0071770 secs] [Times: user=0.03 sys=0.00, real=0.00 secs] 
2014-07-07T21:02:59.950+0000: 481.970: [GC [PSYoungGen: 242805K->1247K(237952K)] 347078K->105568K(924928K), 0.0051910 secs] [Times: user=0.03 sys=0.00, real=0.01 secs] 
2014-07-07T21:03:00.776+0000: 482.796: [GC [PSYoungGen: 237919K->530K(231616K)] 342240K->105616K(918592K), 0.0061830 secs] [Times: user=0.03 sys=0.00, real=0.01 secs] 
2014-07-07T21:03:01.601+0000: 483.621: [GC [PSYoungGen: 231570K->576K(226176K)] 336656K->105694K(913152K), 0.0060920 secs] [Times: user=0.01 sys=0.00, real=0.01 secs] 
2014-07-07T21:03:02.393+0000: 484.413: [GC [PSYoungGen: 226176K->1032K(221440K)] 331294K->106246K(908416K), 0.0034460 secs] [Times: user=0.01 sys=0.00, real=0.00 secs] 
2014-07-07T21:03:03.162+0000: 485.182: [GC [PSYoungGen: 221384K->1156K(216512K)] 326598K->106419K(903488K), 0.0053270 secs] [Times: user=0.03 sys=0.00, real=0.01 secs] 
2014-07-07T21:03:03.918+0000: 485.938: [GC [PSYoungGen: 216440K->818K(211264K)] 321703K->106203K(898240K), 0.0068730 secs] [Times: user=0.04 sys=0.00, real=0.01 secs] 
2014-07-07T21:03:04.672+0000: 486.692: [GC [PSYoungGen: 211250K->612K(206400K)] 316635K->106044K(893376K), 0.0046930 secs] [Times: user=0.02 sys=0.00, real=0.01 secs] 
2014-07-07T21:03:05.401+0000: 487.421: [GC [PSYoungGen: 206353K->940K(202176K)] 311786K->106444K(889152K), 0.0033210 secs] [Times: user=0.01 sys=0.00, real=0.01 secs] 
2014-07-07T21:03:06.105+0000: 488.125: [GC [PSYoungGen: 202156K->890K(197760K)] 307660K->106490K(884736K), 0.0056550 secs] [Times: user=0.04 sys=0.00, real=0.00 secs] 
2014-07-07T21:03:06.787+0000: 488.807: [GC [PSYoungGen: 197674K->776K(193472K)] 303275K->106432K(880448K), 0.0033360 secs] [Times: user=0.02 sys=0.00, real=0.00 secs] 
2014-07-07T21:03:07.450+0000: 489.470: [GC [PSYoungGen: 193416K->608K(189184K)] 299072K->106336K(876160K), 0.0053090 secs] [Times: user=0.03 sys=0.00, real=0.01 secs] 
2014-07-07T21:03:08.116+0000: 490.136: [GC [PSYoungGen: 189152K->576K(226880K)] 294880K->106352K(913856K), 0.0175640 secs] [Times: user=0.09 sys=0.00, real=0.02 secs] 
2014-07-07T21:03:08.894+0000: 490.914: [GC [PSYoungGen: 226880K->594K(221696K)] 332656K->106450K(908672K), 0.0030170 secs] [Times: user=0.01 sys=0.00, real=0.00 secs] 
2014-07-07T21:03:09.682+0000: 491.702: [GC [PSYoungGen: 221650K->1022K(217024K)] 327506K->106966K(904000K), 0.0029570 secs] [Times: user=0.02 sys=0.00, real=0.01 secs] 
2014-07-07T21:03:10.449+0000: 492.469: [GC [PSYoungGen: 217022K->630K(211776K)] 322966K->106606K(898752K), 0.0085410 secs] [Times: user=0.04 sys=0.00, real=0.01 secs] 
2014-07-07T21:03:11.176+0000: 493.196: [GC [PSYoungGen: 211766K->1020K(207424K)] 317742K->107053K(894400K), 0.0059180 secs] [Times: user=0.03 sys=0.00, real=0.00 secs] 
2014-07-07T21:03:11.898+0000: 493.918: [GC [PSYoungGen: 207406K->708K(202624K)] 313439K->106812K(889600K), 0.0029130 secs] [Times: user=0.02 sys=0.00, real=0.00 secs] 
2014-07-07T21:03:12.589+0000: 494.609: [GC [PSYoungGen: 202563K->886K(198336K)] 308668K->107055K(885312K), 0.0046870 secs] [Times: user=0.03 sys=0.00, real=0.01 secs] 
2014-07-07T21:03:13.269+0000: 495.290: [GC [PSYoungGen: 198326K->1095K(194368K)] 304495K->107280K(881344K), 0.0056180 secs] [Times: user=0.01 sys=0.00, real=0.01 secs] 
2014-07-07T21:03:13.947+0000: 495.968: [GC [PSYoungGen: 194311K->690K(189824K)] 300496K->107004K(876800K), 0.0040690 secs] [Times: user=0.02 sys=0.00, real=0.00 secs] 
2014-07-07T21:03:14.607+0000: 496.627: [GC [PSYoungGen: 189810K->1126K(186304K)] 296124K->107512K(873280K), 0.0040700 secs] [Times: user=0.02 sys=0.00, real=0.00 secs] 
2014-07-07T21:03:15.261+0000: 497.281: [GC [PSYoungGen: 186278K->812K(182144K)] 292664K->107280K(869120K), 0.0081910 secs] [Times: user=0.04 sys=0.00, real=0.01 secs] 
2014-07-07T21:03:15.900+0000: 497.920: [GC [PSYoungGen: 182124K->1012K(178624K)] 288592K->107528K(865600K), 0.0062700 secs] [Times: user=0.01 sys=0.00, real=0.01 secs] 
2014-07-07T21:03:16.528+0000: 498.548: [GC [PSYoungGen: 178612K->889K(174912K)] 285128K->107547K(861888K), 0.0054430 secs] [Times: user=0.03 sys=0.00, real=0.00 secs] 
2014-07-07T21:03:17.141+0000: 499.161: [GC [PSYoungGen: 174905K->942K(171520K)] 281563K->107696K(858496K), 0.0063430 secs] [Times: user=0.04 sys=0.00, real=0.01 secs] 
2014-07-07T21:03:17.735+0000: 499.755: [GC [PSYoungGen: 171502K->890K(205568K)] 278256K->107814K(892544K), 0.0101180 secs] [Times: user=0.06 sys=0.00, real=0.02 secs] 
2014-07-07T21:03:18.448+0000: 500.468: [GC [PSYoungGen: 205562K->676K(200896K)] 312486K->107672K(887872K), 0.0049310 secs] [Times: user=0.03 sys=0.00, real=0.00 secs] 
2014-07-07T21:03:19.138+0000: 501.158: [GC [PSYoungGen: 200818K->1025K(196928K)] 307814K->108069K(883904K), 0.0062900 secs] [Times: user=0.03 sys=0.00, real=0.00 secs] 
2014-07-07T21:03:19.827+0000: 501.847: [GC [PSYoungGen: 196865K->1140K(192768K)] 303909K->108280K(879744K), 0.0045690 secs] [Times: user=0.03 sys=0.00, real=0.00 secs] 
2014-07-07T21:03:20.491+0000: 502.511: [GC [PSYoungGen: 192723K->497K(230464K)] 299863K->107936K(917440K), 0.0098370 secs] [Times: user=0.06 sys=0.00, real=0.01 secs] 
2014-07-07T21:03:21.306+0000: 503.326: [GC [PSYoungGen: 230410K->1008K(225600K)] 337849K->108503K(912576K), 0.0034810 secs] [Times: user=0.02 sys=0.00, real=0.00 secs] 
2014-07-07T21:03:22.085+0000: 504.105: [GC [PSYoungGen: 225566K->1044K(220480K)] 333062K->108835K(907456K), 0.0050890 secs] [Times: user=0.03 sys=0.01, real=0.00 secs] 
2014-07-07T21:03:22.846+0000: 504.866: [GC [PSYoungGen: 220436K->1150K(215552K)] 328227K->109022K(902528K), 0.0043550 secs] [Times: user=0.03 sys=0.00, real=0.00 secs] 
2014-07-07T21:03:23.600+0000: 505.620: [GC [PSYoungGen: 215550K->484K(210048K)] 323422K->108427K(897024K), 0.0062600 secs] [Times: user=0.03 sys=0.01, real=0.01 secs] 
2014-07-07T21:03:24.329+0000: 506.350: [GC [PSYoungGen: 210020K->994K(205888K)] 317963K->108993K(892864K), 0.0071560 secs] [Times: user=0.04 sys=0.00, real=0.01 secs] 
2014-07-07T21:03:25.063+0000: 507.083: [GC [PSYoungGen: 205858K->736K(201152K)] 313857K->108815K(888128K), 0.0047620 secs] [Times: user=0.02 sys=0.00, real=0.01 secs] 
2014-07-07T21:03:25.766+0000: 507.786: [GC [PSYoungGen: 201120K->544K(196608K)] 309199K->108727K(883584K), 0.0037400 secs] [Times: user=0.02 sys=0.00, real=0.00 secs] 
2014-07-07T21:03:26.434+0000: 508.454: [GC [PSYoungGen: 196576K->594K(192448K)] 304759K->108865K(879424K), 0.0044050 secs] [Times: user=0.02 sys=0.00, real=0.01 secs] 
2014-07-07T21:03:27.106+0000: 509.126: [GC [PSYoungGen: 192402K->1140K(188928K)] 300673K->109475K(875904K), 0.0039550 secs] [Times: user=0.01 sys=0.00, real=0.00 secs] 
2014-07-07T21:03:27.763+0000: 509.783: [GC [PSYoungGen: 188916K->690K(184576K)] 297251K->109105K(871552K), 0.0063570 secs] [Times: user=0.05 sys=0.00, real=0.01 secs] 
2014-07-07T21:03:28.387+0000: 510.407: [GC [PSYoungGen: 184562K->968K(181120K)] 292977K->109431K(868096K), 0.0047410 secs] [Times: user=0.01 sys=0.00, real=0.00 secs] 
2014-07-07T21:03:29.029+0000: 511.049: [GC [PSYoungGen: 181016K->1050K(177536K)] 289479K->109586K(864512K), 0.0050170 secs] [Times: user=0.02 sys=0.00, real=0.00 secs] 
2014-07-07T21:03:29.658+0000: 511.679: [GC [PSYoungGen: 177498K->562K(173440K)] 286034K->109153K(860416K), 0.0055030 secs] [Times: user=0.03 sys=0.00, real=0.00 secs] 
2014-07-07T21:03:30.272+0000: 512.293: [GC [PSYoungGen: 173426K->1335K(170752K)] 282017K->109998K(857728K), 0.0034540 secs] [Times: user=0.02 sys=0.00, real=0.00 secs] 
2014-07-07T21:03:30.877+0000: 512.897: [GC [PSYoungGen: 170743K->640K(166720K)] 279406K->109399K(853696K), 0.0048350 secs] [Times: user=0.03 sys=0.00, real=0.01 secs] 
2014-07-07T21:03:31.453+0000: 513.473: [GC [PSYoungGen: 166720K->498K(163392K)] 275479K->109297K(850368K), 0.0035800 secs] [Times: user=0.02 sys=0.00, real=0.01 secs] 
2014-07-07T21:03:32.024+0000: 514.044: [GC [PSYoungGen: 163378K->576K(160320K)] 272177K->109455K(847296K), 0.0043400 secs] [Times: user=0.02 sys=0.00, real=0.01 secs] 
2014-07-07T21:03:32.579+0000: 514.599: [GC [PSYoungGen: 160320K->544K(157312K)] 269199K->109511K(844288K), 0.0043190 secs] [Times: user=0.02 sys=0.00, real=0.00 secs] 
2014-07-07T21:03:33.130+0000: 515.150: [GC [PSYoungGen: 157280K->548K(154368K)] 266247K->109571K(841344K), 0.0056530 secs] [Times: user=0.03 sys=0.01, real=0.00 secs] 
2014-07-07T21:03:33.651+0000: 515.671: [GC [PSYoungGen: 154340K->804K(151808K)] 263363K->109915K(838784K), 0.0036880 secs] [Times: user=0.02 sys=0.00, real=0.00 secs] 
2014-07-07T21:03:34.180+0000: 516.200: [GC [PSYoungGen: 151780K->970K(149248K)] 260891K->110130K(836224K), 0.0051920 secs] [Times: user=0.03 sys=0.00, real=0.00 secs] 
2014-07-07T21:03:34.695+0000: 516.715: [GC [PSYoungGen: 149194K->744K(146304K)] 258354K->109975K(833280K), 0.0066040 secs] [Times: user=0.04 sys=0.00, real=0.01 secs] 
2014-07-07T21:03:35.194+0000: 517.214: [GC [PSYoungGen: 146234K->940K(143872K)] 255465K->110227K(830848K), 0.0056450 secs] [Times: user=0.01 sys=0.00, real=0.01 secs] 
2014-07-07T21:03:35.687+0000: 517.707: [GC [PSYoungGen: 143852K->594K(141056K)] 253139K->109961K(828032K), 0.0047840 secs] [Times: user=0.02 sys=0.00, real=0.00 secs] 
2014-07-07T21:03:36.178+0000: 518.198: [GC [PSYoungGen: 141009K->1246K(139264K)] 250377K->110733K(826240K), 0.0044630 secs] [Times: user=0.03 sys=0.00, real=0.00 secs] 
2014-07-07T21:03:36.657+0000: 518.677: [GC [PSYoungGen: 139230K->818K(136448K)] 248717K->110385K(823424K), 0.0039810 secs] [Times: user=0.02 sys=0.00, real=0.01 secs] 
2014-07-07T21:03:37.128+0000: 519.148: [GC [PSYoungGen: 136434K->1192K(134528K)] 246001K->110872K(821504K), 0.0040500 secs] [Times: user=0.03 sys=0.01, real=0.00 secs] 
2014-07-07T21:03:37.595+0000: 519.615: [GC [PSYoungGen: 134504K->801K(131904K)] 244183K->110724K(818880K), 0.0043380 secs] [Times: user=0.03 sys=0.00, real=0.01 secs] 
2014-07-07T21:03:38.058+0000: 520.078: [GC [PSYoungGen: 131873K->548K(129472K)] 241796K->110535K(816448K), 0.0037150 secs] [Times: user=0.02 sys=0.00, real=0.01 secs] 
2014-07-07T21:03:38.506+0000: 520.526: [GC [PSYoungGen: 129444K->920K(127744K)] 239431K->111014K(814720K), 0.0048370 secs] [Times: user=0.03 sys=0.00, real=0.01 secs] 
2014-07-07T21:03:38.941+0000: 520.961: [GC [PSYoungGen: 127702K->944K(125696K)] 237796K->111101K(812672K), 0.0033370 secs] [Times: user=0.02 sys=0.00, real=0.00 secs] 
2014-07-07T21:03:39.374+0000: 521.394: [GC [PSYoungGen: 125680K->754K(123520K)] 235837K->110999K(810496K), 0.0057320 secs] [Times: user=0.03 sys=0.01, real=0.01 secs] 
2014-07-07T21:03:39.806+0000: 521.826: [GC [PSYoungGen: 123506K->658K(148032K)] 233751K->110975K(835008K), 0.0055580 secs] [Times: user=0.03 sys=0.00, real=0.01 secs] 
2014-07-07T21:03:40.329+0000: 522.349: [GC [PSYoungGen: 147986K->1046K(145792K)] 258303K->111468K(832768K), 0.0050800 secs] [Times: user=0.03 sys=0.00, real=0.00 secs] 
2014-07-07T21:03:40.838+0000: 522.858: [GC [PSYoungGen: 145750K->644K(142848K)] 256172K->111121K(829824K), 0.0037740 secs] [Times: user=0.01 sys=0.00, real=0.00 secs] 
2014-07-07T21:03:41.344+0000: 523.364: [GC [PSYoungGen: 142762K->1074K(140736K)] 253239K->111600K(827712K), 0.0033160 secs] [Times: user=0.01 sys=0.00, real=0.00 secs] 
2014-07-07T21:03:41.832+0000: 523.852: [GC [PSYoungGen: 140722K->826K(138048K)] 251248K->111455K(825024K), 0.0026340 secs] [Times: user=0.01 sys=0.00, real=0.00 secs] 
2014-07-07T21:03:42.312+0000: 524.333: [GC [PSYoungGen: 138042K->930K(135808K)] 248671K->111665K(822784K), 0.0032340 secs] [Times: user=0.02 sys=0.00, real=0.00 secs] 
2014-07-07T21:03:42.790+0000: 524.810: [GC [PSYoungGen: 135680K->754K(133312K)] 246415K->111521K(820288K), 0.0041570 secs] [Times: user=0.01 sys=0.00, real=0.00 secs] 
2014-07-07T21:03:43.250+0000: 525.270: [GC [PSYoungGen: 133272K->686K(131008K)] 244040K->111493K(817984K), 0.0047680 secs] [Times: user=0.02 sys=0.00, real=0.00 secs] 
2014-07-07T21:03:43.711+0000: 525.731: [GC [PSYoungGen: 130990K->640K(128768K)] 241797K->111559K(815744K), 0.0038310 secs] [Times: user=0.03 sys=0.00, real=0.00 secs] 
2014-07-07T21:03:44.156+0000: 526.176: [GC [PSYoungGen: 128768K->782K(126848K)] 239687K->111789K(813824K), 0.0051560 secs] [Times: user=0.02 sys=0.01, real=0.01 secs] 
2014-07-07T21:03:44.601+0000: 526.621: [GC [PSYoungGen: 126798K->662K(124672K)] 237805K->111749K(811648K), 0.0050230 secs] [Times: user=0.03 sys=0.00, real=0.00 secs] 
2014-07-07T21:03:45.033+0000: 527.053: [GC [PSYoungGen: 124630K->862K(149696K)] 235717K->111997K(836672K), 0.0111610 secs] [Times: user=0.05 sys=0.01, real=0.01 secs] 
2014-07-07T21:03:45.563+0000: 527.583: [GC [PSYoungGen: 149645K->648K(179264K)] 260780K->111799K(866240K), 0.0064180 secs] [Times: user=0.01 sys=0.00, real=0.01 secs] 
2014-07-07T21:03:46.183+0000: 528.203: [GC [PSYoungGen: 179208K->890K(214656K)] 290359K->112121K(901632K), 0.0054680 secs] [Times: user=0.03 sys=0.00, real=0.00 secs] 
2014-07-07T21:03:46.935+0000: 528.955: [GC [PSYoungGen: 214497K->939K(214848K)] 325729K->112227K(901824K), 0.0052660 secs] [Times: user=0.02 sys=0.00, real=0.01 secs] 
2014-07-07T21:03:47.678+0000: 529.698: [GC [PSYoungGen: 214566K->1252K(210112K)] 325853K->112710K(897088K), 0.0037220 secs] [Times: user=0.02 sys=0.00, real=0.01 secs] 
2014-07-07T21:03:48.422+0000: 530.442: [GC [PSYoungGen: 210084K->980K(205184K)] 321542K->112453K(892160K), 0.0054520 secs] [Times: user=0.01 sys=0.00, real=0.00 secs] 
2014-07-07T21:03:49.140+0000: 531.160: [GC [PSYoungGen: 205140K->548K(200256K)] 316613K->112133K(887232K), 0.0040290 secs] [Times: user=0.02 sys=0.00, real=0.01 secs] 
2014-07-07T21:03:49.832+0000: 531.852: [GC [PSYoungGen: 200228K->648K(196032K)] 311813K->112297K(883008K), 0.0029410 secs] [Times: user=0.01 sys=0.00, real=0.00 secs] 
2014-07-07T21:03:50.521+0000: 532.541: [GC [PSYoungGen: 195976K->744K(191936K)] 307625K->112441K(878912K), 0.0032460 secs] [Times: user=0.01 sys=0.00, real=0.00 secs] 
2014-07-07T21:03:51.192+0000: 533.212: [GC [PSYoungGen: 191912K->658K(187840K)] 303609K->112403K(874816K), 0.0085840 secs] [Times: user=0.05 sys=0.00, real=0.01 secs] 
2014-07-07T21:03:51.857+0000: 533.877: [GC [PSYoungGen: 187794K->900K(184192K)] 299539K->112733K(871168K), 0.0027870 secs] [Times: user=0.01 sys=0.00, real=0.01 secs] 
2014-07-07T21:03:52.511+0000: 534.531: [GC [PSYoungGen: 184119K->968K(180480K)] 295953K->112866K(867456K), 0.0030990 secs] [Times: user=0.01 sys=0.00, real=0.00 secs] 
2014-07-07T21:03:53.140+0000: 535.160: [GC [PSYoungGen: 180390K->740K(176576K)] 292288K->113261K(863552K), 0.0058350 secs] [Times: user=0.03 sys=0.00, real=0.00 secs] 
2014-07-07T21:03:53.751+0000: 535.771: [GC [PSYoungGen: 176541K->1452K(173760K)] 289062K->114228K(860736K), 0.0055330 secs] [Times: user=0.04 sys=0.00, real=0.00 secs] 
2014-07-07T21:03:54.353+0000: 536.373: [GC [PSYoungGen: 173740K->740K(169664K)] 286516K->114175K(856640K), 0.0026620 secs] [Times: user=0.02 sys=0.00, real=0.00 secs] 
2014-07-07T21:03:54.936+0000: 536.956: [GC [PSYoungGen: 169624K->580K(166208K)] 283060K->114047K(853184K), 0.0107490 secs] [Times: user=0.05 sys=0.01, real=0.01 secs] 
2014-07-07T21:03:55.512+0000: 537.532: [GC [PSYoungGen: 166148K->1172K(163584K)] 279615K->114695K(850560K), 0.0034620 secs] [Times: user=0.01 sys=0.00, real=0.00 secs] 
2014-07-07T21:03:56.075+0000: 538.095: [GC [PSYoungGen: 163540K->658K(159936K)] 277063K->114261K(846912K), 0.0047630 secs] [Times: user=0.03 sys=0.00, real=0.00 secs] 
2014-07-07T21:03:56.626+0000: 538.646: [GC [PSYoungGen: 159890K->898K(157184K)] 273493K->114565K(844160K), 0.0047850 secs] [Times: user=0.04 sys=0.00, real=0.01 secs] 
2014-07-07T21:03:57.178+0000: 539.198: [GC [PSYoungGen: 157122K->762K(154048K)] 270789K->114485K(841024K), 0.0064610 secs] [Times: user=0.03 sys=0.00, real=0.01 secs] 
2014-07-07T21:03:57.716+0000: 539.736: [GC [PSYoungGen: 154016K->808K(151296K)] 267740K->114635K(838272K), 0.0047570 secs] [Times: user=0.03 sys=0.00, real=0.00 secs] 
2014-07-07T21:03:58.238+0000: 540.259: [GC [PSYoungGen: 151272K->830K(148544K)] 265099K->114729K(835520K), 0.0032380 secs] [Times: user=0.02 sys=0.00, real=0.01 secs] 
2014-07-07T21:03:58.762+0000: 540.783: [GC [PSYoungGen: 148542K->626K(145664K)] 262441K->114613K(832640K), 0.0046700 secs] [Times: user=0.03 sys=0.00, real=0.00 secs] 
2014-07-07T21:03:59.267+0000: 541.287: [GC [PSYoungGen: 145645K->676K(143168K)] 259632K->114703K(830144K), 0.0050760 secs] [Times: user=0.01 sys=0.00, real=0.01 secs] 
2014-07-07T21:03:59.769+0000: 541.789: [GC [PSYoungGen: 143099K->908K(140928K)] 257127K->115015K(827904K), 0.0043710 secs] [Times: user=0.02 sys=0.00, real=0.01 secs] 
2014-07-07T21:04:00.267+0000: 542.287: [GC [PSYoungGen: 140837K->530K(138112K)] 254944K->114693K(825088K), 0.0064560 secs] [Times: user=0.03 sys=0.00, real=0.01 secs] 
2014-07-07T21:04:00.747+0000: 542.767: [GC [PSYoungGen: 138066K->658K(135872K)] 252229K->114917K(822848K), 0.0050510 secs] [Times: user=0.03 sys=0.00, real=0.01 secs] 
2014-07-07T21:04:01.215+0000: 543.235: [GC [PSYoungGen: 135826K->950K(133824K)] 250085K->115258K(820800K), 0.0040950 secs] [Times: user=0.02 sys=0.00, real=0.00 secs] 
2014-07-07T21:04:01.677+0000: 543.697: [GC [PSYoungGen: 133779K->1078K(131712K)] 248086K->115590K(818688K), 0.0045540 secs] [Times: user=0.03 sys=0.00, real=0.01 secs] 
2014-07-07T21:04:02.140+0000: 544.160: [GC [PSYoungGen: 131673K->598K(129088K)] 246185K->115125K(816064K), 0.0053320 secs] [Times: user=0.01 sys=0.00, real=0.01 secs] 
2014-07-07T21:04:02.582+0000: 544.602: [GC [PSYoungGen: 129045K->594K(126976K)] 243572K->115235K(813952K), 0.0047960 secs] [Times: user=0.02 sys=0.00, real=0.01 secs] 
2014-07-07T21:04:03.020+0000: 545.040: [GC [PSYoungGen: 126930K->754K(152384K)] 241571K->115467K(839360K), 0.0072730 secs] [Times: user=0.03 sys=0.00, real=0.01 secs] 
2014-07-07T21:04:03.549+0000: 545.569: [GC [PSYoungGen: 152370K->818K(182784K)] 267083K->115588K(869760K), 0.0044470 secs] [Times: user=0.03 sys=0.00, real=0.01 secs] 
2014-07-07T21:04:04.180+0000: 546.200: [GC [PSYoungGen: 182770K->862K(219264K)] 297540K->115663K(906240K), 0.0118980 secs] [Times: user=0.06 sys=0.01, real=0.02 secs] 
2014-07-07T21:04:04.951+0000: 546.971: [GC [PSYoungGen: 219230K->804K(239744K)] 334031K->115701K(926720K), 0.0092490 secs] [Times: user=0.05 sys=0.00, real=0.01 secs] 
2014-07-07T21:04:05.789+0000: 547.809: [GC [PSYoungGen: 239503K->1090K(240000K)] 354401K->116043K(926976K), 0.0055230 secs] [Times: user=0.02 sys=0.01, real=0.01 secs] 
2014-07-07T21:04:06.613+0000: 548.633: [GC [PSYoungGen: 239810K->676K(233728K)] 354763K->115685K(920704K), 0.0045240 secs] [Times: user=0.03 sys=0.01, real=0.00 secs] 
2014-07-07T21:04:07.441+0000: 549.461: [GC [PSYoungGen: 233700K->944K(228480K)] 348709K->116017K(915456K), 0.0080340 secs] [Times: user=0.05 sys=0.01, real=0.01 secs] 
2014-07-07T21:04:08.241+0000: 550.261: [GC [PSYoungGen: 228464K->694K(222912K)] 343537K->115823K(909888K), 0.0064060 secs] [Times: user=0.03 sys=0.00, real=0.01 secs] 
2014-07-07T21:04:09.037+0000: 551.057: [GC [PSYoungGen: 222902K->644K(217792K)] 338031K->115845K(904768K), 0.0066570 secs] [Times: user=0.04 sys=0.00, real=0.01 secs] 
2014-07-07T21:04:09.788+0000: 551.808: [GC [PSYoungGen: 217732K->1056K(213248K)] 332933K->116330K(900224K), 0.0031620 secs] [Times: user=0.01 sys=0.00, real=0.00 secs] 
2014-07-07T21:04:10.531+0000: 552.551: [GC [PSYoungGen: 213199K->914K(208384K)] 328473K->116220K(895360K), 0.0109240 secs] [Times: user=0.07 sys=0.00, real=0.01 secs] 
2014-07-07T21:04:11.255+0000: 553.275: [GC [PSYoungGen: 208338K->686K(203520K)] 323644K->116368K(890496K), 0.0027750 secs] [Times: user=0.02 sys=0.00, real=0.00 secs] 
2014-07-07T21:04:11.971+0000: 553.991: [GC [PSYoungGen: 203476K->680K(199104K)] 319158K->116425K(886080K), 0.0038230 secs] [Times: user=0.02 sys=0.00, real=0.01 secs] 
2014-07-07T21:04:12.667+0000: 554.687: [GC [PSYoungGen: 199080K->960K(195136K)] 314825K->116862K(882112K), 0.0045690 secs] [Times: user=0.03 sys=0.00, real=0.00 secs] 
2014-07-07T21:04:13.341+0000: 555.362: [GC [PSYoungGen: 195071K->697K(190656K)] 310973K->116655K(877632K), 0.0080400 secs] [Times: user=0.04 sys=0.00, real=0.01 secs] 
2014-07-07T21:04:14.011+0000: 556.031: [GC [PSYoungGen: 190634K->1012K(187008K)] 306592K->117050K(873984K), 0.0055920 secs] [Times: user=0.04 sys=0.00, real=0.01 secs] 
2014-07-07T21:04:14.672+0000: 556.692: [GC [PSYoungGen: 186996K->608K(182784K)] 303034K->116741K(869760K), 0.0062840 secs] [Times: user=0.04 sys=0.00, real=0.01 secs] 
2014-07-07T21:04:15.297+0000: 557.317: [GC [PSYoungGen: 182752K->944K(179392K)] 298885K->117174K(866368K), 0.0063170 secs] [Times: user=0.04 sys=0.00, real=0.01 secs] 
2014-07-07T21:04:15.922+0000: 557.942: [GC [PSYoungGen: 179375K->1050K(175872K)] 295605K->117368K(862848K), 0.0055880 secs] [Times: user=0.04 sys=0.00, real=0.01 secs] 
2014-07-07T21:04:16.533+0000: 558.553: [GC [PSYoungGen: 175803K->694K(171968K)] 292121K->117294K(858944K), 0.0048290 secs] [Times: user=0.02 sys=0.00, real=0.01 secs] 
2014-07-07T21:04:17.132+0000: 559.152: [GC [PSYoungGen: 171958K->680K(168576K)] 288558K->117344K(855552K), 0.0042490 secs] [Times: user=0.03 sys=0.00, real=0.01 secs] 
2014-07-07T21:04:17.733+0000: 559.753: [GC [PSYoungGen: 168552K->812K(165440K)] 285216K->117764K(852416K), 0.0056640 secs] [Times: user=0.04 sys=0.00, real=0.01 secs] 
2014-07-07T21:04:18.323+0000: 560.344: [GC [PSYoungGen: 165397K->665K(162112K)] 282349K->117673K(849088K), 0.0030820 secs] [Times: user=0.02 sys=0.01, real=0.01 secs] 
2014-07-07T21:04:18.878+0000: 560.898: [GC [PSYoungGen: 161994K->548K(158912K)] 279002K->117588K(845888K), 0.0066550 secs] [Times: user=0.04 sys=0.00, real=0.01 secs] 
2014-07-07T21:04:19.431+0000: 561.451: [GC [PSYoungGen: 158884K->480K(155840K)] 275924K->117560K(842816K), 0.0045480 secs] [Times: user=0.01 sys=0.00, real=0.01 secs] 
2014-07-07T21:04:19.973+0000: 561.993: [GC [PSYoungGen: 155808K->1153K(187648K)] 272888K->118289K(874624K), 0.0089860 secs] [Times: user=0.04 sys=0.00, real=0.01 secs] 
2014-07-07T21:04:20.635+0000: 562.655: [GC [PSYoungGen: 187585K->608K(183168K)] 304721K->117840K(870144K), 0.0053330 secs] [Times: user=0.03 sys=0.00, real=0.00 secs] 
2014-07-07T21:04:21.268+0000: 563.288: [GC [PSYoungGen: 183131K->1017K(179776K)] 300363K->118403K(866752K), 0.0051210 secs] [Times: user=0.02 sys=0.00, real=0.00 secs] 
2014-07-07T21:04:21.902+0000: 563.923: [GC [PSYoungGen: 179769K->1104K(176256K)] 297155K->118562K(863232K), 0.0071370 secs] [Times: user=0.04 sys=0.00, real=0.01 secs] 
2014-07-07T21:04:22.510+0000: 564.530: [GC [PSYoungGen: 176184K->686K(172288K)] 293643K->118473K(859264K), 0.0040090 secs] [Times: user=0.03 sys=0.00, real=0.00 secs] 
2014-07-07T21:04:23.116+0000: 565.136: [GC [PSYoungGen: 172270K->658K(168896K)] 290057K->118508K(855872K), 0.0060740 secs] [Times: user=0.03 sys=0.00, real=0.00 secs] 
2014-07-07T21:04:23.697+0000: 565.717: [GC [PSYoungGen: 168850K->1086K(166016K)] 286700K->119009K(852992K), 0.0045840 secs] [Times: user=0.02 sys=0.00, real=0.00 secs] 
2014-07-07T21:04:24.281+0000: 566.301: [GC [PSYoungGen: 166014K->626K(198592K)] 283937K->118604K(885568K), 0.0085220 secs] [Times: user=0.03 sys=0.00, real=0.01 secs] 
2014-07-07T21:04:24.975+0000: 566.995: [GC [PSYoungGen: 198578K->1022K(194688K)] 316556K->119097K(881664K), 0.0042340 secs] [Times: user=0.03 sys=0.00, real=0.01 secs] 
2014-07-07T21:04:25.674+0000: 567.694: [GC [PSYoungGen: 194679K->612K(190208K)] 312753K->118750K(877184K), 0.0049570 secs] [Times: user=0.03 sys=0.00, real=0.01 secs] 
2014-07-07T21:04:26.332+0000: 568.352: [GC [PSYoungGen: 190180K->1054K(186688K)] 308318K->119249K(873664K), 0.0065560 secs] [Times: user=0.04 sys=0.00, real=0.01 secs] 
2014-07-07T21:04:26.987+0000: 569.007: [GC [PSYoungGen: 186654K->594K(182400K)] 304849K->118844K(869376K), 0.0052710 secs] [Times: user=0.03 sys=0.01, real=0.00 secs] 
2014-07-07T21:04:27.620+0000: 569.640: [GC [PSYoungGen: 182346K->783K(178880K)] 300597K->119106K(865856K), 0.0053350 secs] [Times: user=0.02 sys=0.01, real=0.01 secs] 
2014-07-07T21:04:28.233+0000: 570.254: [GC [PSYoungGen: 178805K->1000K(175488K)] 297128K->119371K(862464K), 0.0049340 secs] [Times: user=0.03 sys=0.01, real=0.01 secs] 
2014-07-07T21:04:28.844+0000: 570.864: [GC [PSYoungGen: 175449K->1018K(171968K)] 293820K->119601K(858944K), 0.0054120 secs] [Times: user=0.03 sys=0.00, real=0.01 secs] 
2014-07-07T21:04:29.446+0000: 571.466: [GC [PSYoungGen: 171962K->598K(168192K)] 290545K->119212K(855168K), 0.0044680 secs] [Times: user=0.01 sys=0.00, real=0.00 secs] 
2014-07-07T21:04:30.039+0000: 572.059: [GC [PSYoungGen: 168150K->772K(165120K)] 286764K->119490K(852096K), 0.0041420 secs] [Times: user=0.02 sys=0.00, real=0.00 secs] 
2014-07-07T21:04:30.602+0000: 572.622: [GC [PSYoungGen: 165060K->750K(161920K)] 283778K->119533K(848896K), 0.0055830 secs] [Times: user=0.04 sys=0.00, real=0.01 secs] 
2014-07-07T21:04:31.175+0000: 573.195: [GC [PSYoungGen: 161902K->815K(158912K)] 280685K->119630K(845888K), 0.0082160 secs] [Times: user=0.04 sys=0.01, real=0.01 secs] 
2014-07-07T21:04:31.730+0000: 573.750: [GC [PSYoungGen: 158895K->644K(155840K)] 277710K->119562K(842816K), 0.0042810 secs] [Times: user=0.02 sys=0.00, real=0.00 secs] 
2014-07-07T21:04:32.264+0000: 574.284: [GC [PSYoungGen: 155780K->694K(152960K)] 274698K->119652K(839936K), 0.0034770 secs] [Times: user=0.02 sys=0.00, real=0.01 secs] 
2014-07-07T21:04:32.789+0000: 574.809: [GC [PSYoungGen: 152907K->1132K(150592K)] 271866K->120171K(837568K), 0.0045100 secs] [Times: user=0.02 sys=0.00, real=0.00 secs] 
2014-07-07T21:04:33.309+0000: 575.329: [GC [PSYoungGen: 150572K->866K(147648K)] 269611K->120291K(834624K), 0.0040970 secs] [Times: user=0.02 sys=0.00, real=0.00 secs] 
2014-07-07T21:04:33.823+0000: 575.843: [GC [PSYoungGen: 147608K->648K(144832K)] 267033K->120137K(831808K), 0.0029730 secs] [Times: user=0.01 sys=0.00, real=0.00 secs] 
2014-07-07T21:04:34.335+0000: 576.355: [GC [PSYoungGen: 144776K->808K(142400K)] 264265K->120395K(829376K), 0.0077950 secs] [Times: user=0.04 sys=0.01, real=0.01 secs] 
2014-07-07T21:04:34.820+0000: 576.840: [GC [PSYoungGen: 142376K->416K(170368K)] 261963K->120051K(857344K), 0.0066340 secs] [Times: user=0.03 sys=0.01, real=0.01 secs] 
2014-07-07T21:04:35.419+0000: 577.439: [GC [PSYoungGen: 170326K->1110K(205056K)] 289961K->120793K(892032K), 0.0068340 secs] [Times: user=0.04 sys=0.00, real=0.00 secs] 
2014-07-07T21:04:36.143+0000: 578.163: [GC [PSYoungGen: 205014K->782K(200256K)] 324697K->120505K(887232K), 0.0038490 secs] [Times: user=0.01 sys=0.00, real=0.00 secs] 
2014-07-07T21:04:36.843+0000: 578.863: [GC [PSYoungGen: 200206K->1007K(196160K)] 319929K->120802K(883136K), 0.0048000 secs] [Times: user=0.02 sys=0.00, real=0.01 secs] 
2014-07-07T21:04:37.514+0000: 579.534: [GC [PSYoungGen: 196140K->1322K(192320K)] 315935K->121165K(879296K), 0.0073350 secs] [Times: user=0.03 sys=0.00, real=0.01 secs] 
2014-07-07T21:04:38.181+0000: 580.201: [GC [PSYoungGen: 192257K->630K(187584K)] 312100K->120825K(874560K), 0.0071060 secs] [Times: user=0.04 sys=0.00, real=0.01 secs] 
2014-07-07T21:04:38.841+0000: 580.861: [GC [PSYoungGen: 187550K->833K(225280K)] 307745K->121092K(912256K), 0.0080220 secs] [Times: user=0.05 sys=0.00, real=0.01 secs] 
2014-07-07T21:04:39.623+0000: 581.644: [GC [PSYoungGen: 225217K->1246K(220480K)] 345476K->121727K(907456K), 0.0059370 secs] [Times: user=0.03 sys=0.01, real=0.01 secs] 
2014-07-07T21:04:40.381+0000: 582.401: [GC [PSYoungGen: 220446K->1252K(215488K)] 340927K->121829K(902464K), 0.0053190 secs] [Times: user=0.03 sys=0.00, real=0.00 secs] 
2014-07-07T21:04:41.132+0000: 583.152: [GC [PSYoungGen: 215460K->562K(209984K)] 336037K->121381K(896960K), 0.0030630 secs] [Times: user=0.02 sys=0.00, real=0.00 secs] 
2014-07-07T21:04:41.860+0000: 583.880: [GC [PSYoungGen: 209960K->812K(205568K)] 330780K->121711K(892544K), 0.0041200 secs] [Times: user=0.02 sys=0.00, real=0.00 secs] 
2014-07-07T21:04:42.585+0000: 584.606: [GC [PSYoungGen: 205546K->1054K(201344K)] 326445K->122091K(888320K), 0.0036270 secs] [Times: user=0.01 sys=0.00, real=0.01 secs] 
2014-07-07T21:04:43.282+0000: 585.302: [GC [PSYoungGen: 201310K->644K(196608K)] 322347K->121729K(883584K), 0.0073120 secs] [Times: user=0.04 sys=0.00, real=0.01 secs] 
2014-07-07T21:04:43.956+0000: 585.976: [GC [PSYoungGen: 196548K->1320K(193024K)] 317633K->122469K(880000K), 0.0073740 secs] [Times: user=0.04 sys=0.01, real=0.01 secs] 
2014-07-07T21:04:44.625+0000: 586.645: [GC [PSYoungGen: 193000K->1142K(188800K)] 314149K->122340K(875776K), 0.0067840 secs] [Times: user=0.03 sys=0.00, real=0.01 secs] 
2014-07-07T21:04:45.298+0000: 587.318: [GC [PSYoungGen: 188790K->762K(184512K)] 309988K->122031K(871488K), 0.0055050 secs] [Times: user=0.03 sys=0.01, real=0.00 secs] 
2014-07-07T21:04:45.955+0000: 587.975: [GC [PSYoungGen: 184461K->830K(180800K)] 305731K->122147K(867776K), 0.0096730 secs] [Times: user=0.06 sys=0.00, real=0.01 secs] 
2014-07-07T21:04:46.593+0000: 588.613: [GC [PSYoungGen: 180798K->644K(216704K)] 302115K->122041K(903680K), 0.0072200 secs] [Times: user=0.03 sys=0.00, real=0.01 secs] 
2014-07-07T21:04:47.352+0000: 589.372: [GC [PSYoungGen: 216644K->766K(253056K)] 338041K->122211K(940032K), 0.0075730 secs] [Times: user=0.05 sys=0.00, real=0.01 secs] 
2014-07-07T21:04:48.232+0000: 590.252: [GC [PSYoungGen: 252286K->736K(246080K)] 373731K->122213K(933056K), 0.0044910 secs] [Times: user=0.01 sys=0.00, real=0.00 secs] 
2014-07-07T21:04:49.105+0000: 591.125: [GC [PSYoungGen: 246048K->730K(240128K)] 367525K->122255K(927104K), 0.0034320 secs] [Times: user=0.01 sys=0.00, real=0.00 secs] 
2014-07-07T21:04:49.931+0000: 591.951: [GC [PSYoungGen: 240090K->544K(234176K)] 361615K->122133K(921152K), 0.0040300 secs] [Times: user=0.02 sys=0.00, real=0.00 secs] 
2014-07-07T21:04:50.753+0000: 592.773: [GC [PSYoungGen: 234104K->1036K(229184K)] 355693K->122689K(916160K), 0.0050070 secs] [Times: user=0.02 sys=0.01, real=0.00 secs] 
2014-07-07T21:04:51.561+0000: 593.581: [GC [PSYoungGen: 229132K->658K(223488K)] 350785K->122383K(910464K), 0.0040610 secs] [Times: user=0.01 sys=0.00, real=0.00 secs] 
2014-07-07T21:04:52.350+0000: 594.370: [GC [PSYoungGen: 223442K->976K(218688K)] 345167K->122781K(905664K), 0.0056950 secs] [Times: user=0.03 sys=0.00, real=0.00 secs] 
2014-07-07T21:04:53.117+0000: 595.138: [GC [PSYoungGen: 218640K->480K(213248K)] 340445K->122333K(900224K), 0.0048770 secs] [Times: user=0.02 sys=0.01, real=0.01 secs] 
2014-07-07T21:04:53.868+0000: 595.888: [GC [PSYoungGen: 213216K->776K(208768K)] 335069K->122717K(895744K), 0.0038630 secs] [Times: user=0.02 sys=0.00, real=0.01 secs] 
2014-07-07T21:04:54.584+0000: 596.604: [GC [PSYoungGen: 208712K->1014K(204352K)] 330653K->123059K(891328K), 0.0066610 secs] [Times: user=0.04 sys=0.00, real=0.01 secs] 
2014-07-07T21:04:55.305+0000: 597.325: [GC [PSYoungGen: 204342K->821K(199680K)] 326387K->122914K(886656K), 0.0080340 secs] [Times: user=0.04 sys=0.00, real=0.01 secs] 
2014-07-07T21:04:56.012+0000: 598.032: [GC [PSYoungGen: 199668K->996K(195584K)] 321761K->123201K(882560K), 0.0043250 secs] [Times: user=0.02 sys=0.00, real=0.00 secs] 
2014-07-07T21:04:56.694+0000: 598.714: [GC [PSYoungGen: 195556K->768K(191232K)] 317761K->123037K(878208K), 0.0050080 secs] [Times: user=0.03 sys=0.01, real=0.00 secs] 
2014-07-07T21:04:57.361+0000: 599.381: [GC [PSYoungGen: 191168K->686K(187072K)] 313437K->122979K(874048K), 0.0065990 secs] [Times: user=0.01 sys=0.00, real=0.00 secs] 
2014-07-07T21:04:58.013+0000: 600.033: [GC [PSYoungGen: 187054K->1238K(183744K)] 309347K->123595K(870720K), 0.0069000 secs] [Times: user=0.03 sys=0.00, real=0.01 secs] 
2014-07-07T21:04:58.657+0000: 600.677: [GC [PSYoungGen: 183702K->758K(219776K)] 306059K->123237K(906752K), 0.0096030 secs] [Times: user=0.05 sys=0.00, real=0.01 secs] 
2014-07-07T21:04:59.435+0000: 601.455: [GC [PSYoungGen: 219721K->876K(214912K)] 342200K->123419K(901888K), 0.0047730 secs] [Times: user=0.02 sys=0.00, real=0.00 secs] 
2014-07-07T21:05:00.172+0000: 602.192: [GC [PSYoungGen: 214892K->708K(209984K)] 337435K->123489K(896960K), 0.0047150 secs] [Times: user=0.02 sys=0.00, real=0.00 secs] 
2014-07-07T21:05:00.902+0000: 602.922: [GC [PSYoungGen: 209924K->1012K(205568K)] 332705K->123889K(892544K), 0.0047470 secs] [Times: user=0.03 sys=0.00, real=0.00 secs] 
2014-07-07T21:05:01.612+0000: 603.632: [GC [PSYoungGen: 205556K->946K(201024K)] 328433K->123969K(888000K), 0.0044090 secs] [Times: user=0.02 sys=0.00, real=0.00 secs] 
2014-07-07T21:05:02.314+0000: 604.334: [GC [PSYoungGen: 201010K->1042K(196800K)] 324033K->124129K(883776K), 0.0038050 secs] [Times: user=0.02 sys=0.00, real=0.00 secs] 
2014-07-07T21:05:02.990+0000: 605.010: [GC [PSYoungGen: 196751K->698K(192256K)] 319838K->124146K(879232K), 0.0062760 secs] [Times: user=0.03 sys=0.00, real=0.01 secs] 
2014-07-07T21:05:03.686+0000: 605.706: [GC [PSYoungGen: 192250K->843K(188416K)] 315698K->124396K(875392K), 0.0049840 secs] [Times: user=0.03 sys=0.00, real=0.01 secs] 
2014-07-07T21:05:04.337+0000: 606.357: [GC [PSYoungGen: 188363K->566K(184192K)] 311916K->124270K(871168K), 0.0035630 secs] [Times: user=0.01 sys=0.00, real=0.00 secs] 
2014-07-07T21:05:04.974+0000: 606.994: [GC [PSYoungGen: 184182K->730K(180608K)] 307886K->124498K(867584K), 0.0047620 secs] [Times: user=0.02 sys=0.00, real=0.00 secs] 
2014-07-07T21:05:05.601+0000: 607.621: [GC [PSYoungGen: 180568K->576K(176768K)] 304336K->124400K(863744K), 0.0062740 secs] [Times: user=0.04 sys=0.01, real=0.00 secs] 
2014-07-07T21:05:06.208+0000: 608.228: [GC [PSYoungGen: 176768K->530K(173248K)] 300592K->124394K(860224K), 0.0046760 secs] [Times: user=0.02 sys=0.01, real=0.01 secs] 
2014-07-07T21:05:06.806+0000: 608.826: [GC [PSYoungGen: 173184K->1184K(170432K)] 297048K->125152K(857408K), 0.0046950 secs] [Times: user=0.03 sys=0.00, real=0.01 secs] 
2014-07-07T21:05:07.389+0000: 609.409: [GC [PSYoungGen: 170400K->712K(166656K)] 294368K->124752K(853632K), 0.0046330 secs] [Times: user=0.02 sys=0.00, real=0.01 secs] 
2014-07-07T21:05:07.957+0000: 609.977: [GC [PSYoungGen: 166600K->1018K(163712K)] 290640K->125172K(850688K), 0.0043220 secs] [Times: user=0.03 sys=0.00, real=0.01 secs] 
2014-07-07T21:05:08.537+0000: 610.557: [GC [PSYoungGen: 163698K->858K(160448K)] 287852K->125068K(847424K), 0.0046790 secs] [Times: user=0.01 sys=0.00, real=0.01 secs] 
2014-07-07T21:05:09.086+0000: 611.106: [GC [PSYoungGen: 160396K->1064K(157632K)] 284606K->125554K(844608K), 0.0049470 secs] [Times: user=0.03 sys=0.00, real=0.00 secs] 
2014-07-07T21:05:09.639+0000: 611.659: [GC [PSYoungGen: 157582K->1004K(154624K)] 282073K->125566K(841600K), 0.0035400 secs] [Times: user=0.01 sys=0.00, real=0.01 secs] 
2014-07-07T21:05:10.175+0000: 612.195: [GC [PSYoungGen: 154604K->700K(151488K)] 279166K->125310K(838464K), 0.0052580 secs] [Times: user=0.04 sys=0.00, real=0.00 secs] 
2014-07-07T21:05:10.695+0000: 612.715: [GC [PSYoungGen: 151471K->1018K(149056K)] 276081K->125708K(836032K), 0.0050470 secs] [Times: user=0.03 sys=0.00, real=0.00 secs] 
2014-07-07T21:05:11.206+0000: 613.226: [GC [PSYoungGen: 149047K->658K(146048K)] 273738K->125436K(833024K), 0.0052690 secs] [Times: user=0.03 sys=0.00, real=0.00 secs] 
2014-07-07T21:05:11.723+0000: 613.743: [GC [PSYoungGen: 146000K->608K(143424K)] 270778K->125482K(830400K), 0.0050470 secs] [Times: user=0.03 sys=0.00, real=0.00 secs] 
2014-07-07T21:05:12.216+0000: 614.236: [GC [PSYoungGen: 143380K->994K(172416K)] 268254K->125924K(859392K), 0.0069580 secs] [Times: user=0.04 sys=0.00, real=0.01 secs] 
2014-07-07T21:05:12.817+0000: 614.837: [GC [PSYoungGen: 172386K->498K(168512K)] 297316K->125476K(855488K), 0.0061980 secs] [Times: user=0.04 sys=0.00, real=0.01 secs] 
2014-07-07T21:05:13.399+0000: 615.419: [GC [PSYoungGen: 168496K->1140K(202752K)] 293474K->126182K(889728K), 0.0061220 secs] [Times: user=0.03 sys=0.00, real=0.01 secs] 
2014-07-07T21:05:14.103+0000: 616.124: [GC [PSYoungGen: 202732K->858K(198080K)] 327774K->125996K(885056K), 0.0064120 secs] [Times: user=0.04 sys=0.00, real=0.00 secs] 
2014-07-07T21:05:14.792+0000: 616.812: [GC [PSYoungGen: 198042K->950K(193920K)] 323180K->126563K(880896K), 0.0038190 secs] [Times: user=0.02 sys=0.00, real=0.01 secs] 
2014-07-07T21:05:15.472+0000: 617.492: [GC [PSYoungGen: 193910K->950K(189824K)] 319523K->126618K(876800K), 0.0032420 secs] [Times: user=0.01 sys=0.00, real=0.01 secs] 
2014-07-07T21:05:16.139+0000: 618.159: [GC [PSYoungGen: 189814K->917K(185856K)] 315482K->126666K(872832K), 0.0041040 secs] [Times: user=0.02 sys=0.00, real=0.01 secs] 
2014-07-07T21:05:16.785+0000: 618.805: [GC [PSYoungGen: 185780K->886K(181952K)] 311529K->126714K(868928K), 0.0049290 secs] [Times: user=0.02 sys=0.00, real=0.00 secs] 
2014-07-07T21:05:17.419+0000: 619.439: [GC [PSYoungGen: 181942K->1057K(178432K)] 307770K->126949K(865408K), 0.0054640 secs] [Times: user=0.03 sys=0.00, real=0.01 secs] 
2014-07-07T21:05:18.031+0000: 620.051: [GC [PSYoungGen: 178401K->1074K(174848K)] 304293K->127015K(861824K), 0.0039980 secs] [Times: user=0.01 sys=0.00, real=0.01 secs] 
2014-07-07T21:05:18.635+0000: 620.655: [GC [PSYoungGen: 174834K->544K(170880K)] 300775K->126564K(857856K), 0.0091190 secs] [Times: user=0.06 sys=0.00, real=0.01 secs] 
2014-07-07T21:05:19.229+0000: 621.249: [GC [PSYoungGen: 170848K->626K(205056K)] 296868K->126678K(892032K), 0.0143790 secs] [Times: user=0.07 sys=0.00, real=0.02 secs] 
2014-07-07T21:05:19.949+0000: 621.969: [GC [PSYoungGen: 205042K->544K(234944K)] 331094K->126668K(921920K), 0.0071680 secs] [Times: user=0.04 sys=0.00, real=0.01 secs] 
2014-07-07T21:05:20.768+0000: 622.788: [GC [PSYoungGen: 234013K->1249K(229248K)] 360138K->127470K(916224K), 0.0033120 secs] [Times: user=0.02 sys=0.00, real=0.00 secs] 
2014-07-07T21:05:21.561+0000: 623.581: [GC [PSYoungGen: 229217K->242K(222912K)] 355438K->126686K(909888K), 0.0074710 secs] [Times: user=0.04 sys=0.00, real=0.01 secs] 
2014-07-07T21:05:22.327+0000: 624.347: [GC [PSYoungGen: 222898K->1412K(219008K)] 349342K->127905K(905984K), 0.0037470 secs] [Times: user=0.01 sys=0.00, real=0.00 secs] 
2014-07-07T21:05:23.076+0000: 625.096: [GC [PSYoungGen: 218948K->594K(213248K)] 345441K->127256K(900224K), 0.0058450 secs] [Times: user=0.03 sys=0.01, real=0.00 secs] 
2014-07-07T21:05:23.787+0000: 625.807: [GC [PSYoungGen: 213176K->1022K(208832K)] 339839K->127725K(895808K), 0.0032910 secs] [Times: user=0.01 sys=0.00, real=0.00 secs] 
2014-07-07T21:05:24.523+0000: 626.543: [GC [PSYoungGen: 208830K->562K(203776K)] 335533K->127296K(890752K), 0.0042610 secs] [Times: user=0.02 sys=0.00, real=0.01 secs] 
2014-07-07T21:05:25.241+0000: 627.261: [GC [PSYoungGen: 203762K->744K(199552K)] 330496K->127542K(886528K), 0.0054330 secs] [Times: user=0.03 sys=0.00, real=0.01 secs] 
2014-07-07T21:05:25.946+0000: 627.966: [GC [PSYoungGen: 199527K->530K(195072K)] 326326K->127400K(882048K), 0.0060870 secs] [Times: user=0.03 sys=0.00, real=0.00 secs] 
2014-07-07T21:05:26.626+0000: 628.646: [GC [PSYoungGen: 195026K->962K(191360K)] 321896K->127889K(878336K), 0.0052230 secs] [Times: user=0.02 sys=0.00, real=0.00 secs] 
2014-07-07T21:05:27.311+0000: 629.331: [GC [PSYoungGen: 191298K->798K(187136K)] 318225K->127765K(874112K), 0.0059850 secs] [Times: user=0.03 sys=0.00, real=0.01 secs] 
2014-07-07T21:05:27.971+0000: 629.991: [GC [PSYoungGen: 187102K->594K(183040K)] 314069K->127632K(870016K), 0.0051730 secs] [Times: user=0.02 sys=0.00, real=0.01 secs] 
2014-07-07T21:05:28.615+0000: 630.635: [GC [PSYoungGen: 182994K->548K(179200K)] 310032K->127626K(866176K), 0.0067130 secs] [Times: user=0.04 sys=0.00, real=0.00 secs] 
2014-07-07T21:05:29.235+0000: 631.255: [GC [PSYoungGen: 179155K->1154K(176192K)] 306234K->128265K(863168K), 0.0071980 secs] [Times: user=0.04 sys=0.00, real=0.00 secs] 
2014-07-07T21:05:29.846+0000: 631.866: [GC [PSYoungGen: 176130K->948K(172416K)] 303241K->128107K(859392K), 0.0027970 secs] [Times: user=0.01 sys=0.01, real=0.00 secs] 
2014-07-07T21:05:30.458+0000: 632.478: [GC [PSYoungGen: 172361K->1362K(169472K)] 299520K->128561K(856448K), 0.0064980 secs] [Times: user=0.02 sys=0.01, real=0.00 secs] 
2014-07-07T21:05:31.045+0000: 633.066: [GC [PSYoungGen: 169426K->640K(165440K)] 296625K->128000K(852416K), 0.0048330 secs] [Times: user=0.03 sys=0.00, real=0.00 secs] 
2014-07-07T21:05:31.614+0000: 633.634: [GC [PSYoungGen: 165440K->712K(162368K)] 292800K->128160K(849344K), 0.0047610 secs] [Times: user=0.02 sys=0.00, real=0.01 secs] 
2014-07-07T21:05:32.175+0000: 634.195: [GC [PSYoungGen: 162309K->786K(159360K)] 289758K->128290K(846336K), 0.0047930 secs] [Times: user=0.01 sys=0.00, real=0.01 secs] 
2014-07-07T21:05:32.717+0000: 634.737: [GC [PSYoungGen: 159314K->972K(156544K)] 286818K->128581K(843520K), 0.0068840 secs] [Times: user=0.03 sys=0.00, real=0.00 secs] 
2014-07-07T21:05:33.270+0000: 635.290: [GC [PSYoungGen: 156454K->908K(153600K)] 284063K->128597K(840576K), 0.0030200 secs] [Times: user=0.01 sys=0.00, real=0.00 secs] 
2014-07-07T21:05:33.814+0000: 635.834: [GC [PSYoungGen: 153548K->580K(150464K)] 281237K->128292K(837440K), 0.0060380 secs] [Times: user=0.01 sys=0.00, real=0.01 secs] 
2014-07-07T21:05:34.343+0000: 636.363: [GC [PSYoungGen: 150372K->918K(148032K)] 278085K->128694K(835008K), 0.0032800 secs] [Times: user=0.02 sys=0.00, real=0.01 secs] 
2014-07-07T21:05:34.849+0000: 636.869: [GC [PSYoungGen: 147990K->1020K(145472K)] 275766K->128853K(832448K), 0.0048800 secs] [Times: user=0.02 sys=0.00, real=0.00 secs] 
2014-07-07T21:05:35.371+0000: 637.391: [GC [PSYoungGen: 145468K->876K(142784K)] 273301K->128831K(829760K), 0.0059950 secs] [Times: user=0.02 sys=0.00, real=0.01 secs] 
2014-07-07T21:05:35.875+0000: 637.895: [GC [PSYoungGen: 142764K->740K(140160K)] 270719K->128790K(827136K), 0.0029080 secs] [Times: user=0.02 sys=0.00, real=0.01 secs] 
2014-07-07T21:05:36.353+0000: 638.373: [GC [PSYoungGen: 140132K->858K(137856K)] 268182K->129057K(824832K), 0.0043350 secs] [Times: user=0.02 sys=0.01, real=0.01 secs] 
2014-07-07T21:05:36.835+0000: 638.855: [GC [PSYoungGen: 137816K->626K(135232K)] 266015K->128920K(822208K), 0.0043210 secs] [Times: user=0.01 sys=0.00, real=0.01 secs] 
2014-07-07T21:05:37.309+0000: 639.329: [GC [PSYoungGen: 135218K->1000K(133312K)] 263512K->129359K(820288K), 0.0037890 secs] [Times: user=0.01 sys=0.00, real=0.00 secs] 
2014-07-07T21:05:37.781+0000: 639.801: [GC [PSYoungGen: 133288K->544K(130624K)] 261647K->128974K(817600K), 0.0048120 secs] [Times: user=0.02 sys=0.00, real=0.01 secs] 
2014-07-07T21:05:38.233+0000: 640.253: [GC [PSYoungGen: 130592K->812K(128704K)] 259022K->129299K(815680K), 0.0028590 secs] [Times: user=0.01 sys=0.00, real=0.00 secs] 
2014-07-07T21:05:38.689+0000: 640.709: [GC [PSYoungGen: 128684K->658K(126464K)] 257171K->129208K(813440K), 0.0051380 secs] [Times: user=0.02 sys=0.00, real=0.00 secs] 
2014-07-07T21:05:39.133+0000: 641.153: [GC [PSYoungGen: 126418K->658K(124416K)] 254968K->129280K(811392K), 0.0044450 secs] [Times: user=0.02 sys=0.00, real=0.01 secs] 
2014-07-07T21:05:39.571+0000: 641.591: [GC [PSYoungGen: 124369K->1046K(122816K)] 252992K->129765K(809792K), 0.0030990 secs] [Times: user=0.01 sys=0.00, real=0.00 secs] 
2014-07-07T21:05:39.997+0000: 642.017: [GC [PSYoungGen: 122774K->790K(120640K)] 251493K->129607K(807616K), 0.0051980 secs] [Times: user=0.02 sys=0.00, real=0.00 secs] 
2014-07-07T21:05:40.416+0000: 642.436: [GC [PSYoungGen: 120598K->544K(118528K)] 249415K->129424K(805504K), 0.0038750 secs] [Times: user=0.01 sys=0.00, real=0.00 secs] 
2014-07-07T21:05:40.825+0000: 642.845: [GC [PSYoungGen: 118486K->932K(117120K)] 247367K->129901K(804096K), 0.0046070 secs] [Times: user=0.03 sys=0.00, real=0.01 secs] 
2014-07-07T21:05:41.234+0000: 643.254: [GC [PSYoungGen: 117092K->888K(140288K)] 246061K->129913K(827264K), 0.0063470 secs] [Times: user=0.04 sys=0.00, real=0.01 secs] 
2014-07-07T21:05:41.717+0000: 643.737: [GC [PSYoungGen: 140280K->756K(168064K)] 269305K->130348K(855040K), 0.0042240 secs] [Times: user=0.02 sys=0.00, real=0.00 secs] 
2014-07-07T21:05:42.305+0000: 644.325: [GC [PSYoungGen: 168052K->1057K(165120K)] 297644K->130704K(852096K), 0.0056150 secs] [Times: user=0.03 sys=0.00, real=0.01 secs] 
2014-07-07T21:05:42.868+0000: 644.888: [GC [PSYoungGen: 165089K->876K(161792K)] 294736K->130661K(848768K), 0.0033070 secs] [Times: user=0.01 sys=0.00, real=0.00 secs] 
2014-07-07T21:05:43.436+0000: 645.456: [GC [PSYoungGen: 161772K->1070K(158912K)] 291557K->130943K(845888K), 0.0051860 secs] [Times: user=0.03 sys=0.01, real=0.01 secs] 
2014-07-07T21:05:43.990+0000: 646.010: [GC [PSYoungGen: 158894K->530K(155456K)] 288767K->130483K(842432K), 0.0061780 secs] [Times: user=0.04 sys=0.01, real=0.00 secs] 
2014-07-07T21:05:44.534+0000: 646.554: [GC [PSYoungGen: 155391K->794K(152832K)] 285344K->130827K(839808K), 0.0037420 secs] [Times: user=0.02 sys=0.00, real=0.01 secs] 
2014-07-07T21:05:45.074+0000: 647.094: [GC [PSYoungGen: 152794K->598K(149824K)] 282827K->130671K(836800K), 0.0032620 secs] [Times: user=0.02 sys=0.00, real=0.01 secs] 
2014-07-07T21:05:45.601+0000: 647.621: [GC [PSYoungGen: 149782K->633K(147136K)] 279855K->130738K(834112K), 0.0040840 secs] [Times: user=0.02 sys=0.00, real=0.00 secs] 
2014-07-07T21:05:46.107+0000: 648.127: [GC [PSYoungGen: 147129K->1299K(177152K)] 277234K->131468K(864128K), 0.0135920 secs] [Times: user=0.09 sys=0.00, real=0.01 secs] 
2014-07-07T21:05:46.726+0000: 648.746: [GC [PSYoungGen: 177107K->544K(209600K)] 307276K->130769K(896576K), 0.0053720 secs] [Times: user=0.02 sys=0.01, real=0.01 secs] 
2014-07-07T21:05:47.449+0000: 649.469: [GC [PSYoungGen: 208672K->612K(212480K)] 338897K->130901K(899456K), 0.0052400 secs] [Times: user=0.04 sys=0.00, real=0.00 secs] 
2014-07-07T21:05:48.193+0000: 650.213: [GC [PSYoungGen: 211620K->544K(206848K)] 341909K->130905K(893824K), 0.0045590 secs] [Times: user=0.03 sys=0.00, real=0.00 secs] 
2014-07-07T21:05:48.909+0000: 650.929: [GC [PSYoungGen: 206816K->690K(202432K)] 337177K->131083K(889408K), 0.0088540 secs] [Times: user=0.02 sys=0.00, real=0.01 secs] 
2014-07-07T21:05:49.616+0000: 651.636: [GC [PSYoungGen: 202418K->544K(197888K)] 332811K->131017K(884864K), 0.0058460 secs] [Times: user=0.03 sys=0.00, real=0.01 secs] 
2014-07-07T21:05:50.297+0000: 652.317: [GC [PSYoungGen: 197856K->812K(193920K)] 328329K->131341K(880896K), 0.0033680 secs] [Times: user=0.02 sys=0.00, real=0.01 secs] 
2014-07-07T21:05:50.972+0000: 652.992: [GC [PSYoungGen: 193859K->797K(189824K)] 324388K->131414K(876800K), 0.0044720 secs] [Times: user=0.01 sys=0.00, real=0.00 secs] 
2014-07-07T21:05:51.635+0000: 653.655: [GC [PSYoungGen: 189789K->626K(185664K)] 320406K->131315K(872640K), 0.0056420 secs] [Times: user=0.03 sys=0.01, real=0.01 secs] 
2014-07-07T21:05:52.289+0000: 654.309: [GC [PSYoungGen: 185650K->996K(182208K)] 316339K->131781K(869184K), 0.0035960 secs] [Times: user=0.01 sys=0.00, real=0.00 secs] 
2014-07-07T21:05:52.927+0000: 654.947: [GC [PSYoungGen: 182179K->644K(178176K)] 312964K->131501K(865152K), 0.0042050 secs] [Times: user=0.02 sys=0.00, real=0.01 secs] 
2014-07-07T21:05:53.546+0000: 655.566: [GC [PSYoungGen: 178116K->715K(174656K)] 308973K->131628K(861632K), 0.0055100 secs] [Times: user=0.03 sys=0.01, real=0.01 secs] 
2014-07-07T21:05:54.142+0000: 656.162: [GC [PSYoungGen: 174569K->1018K(171456K)] 305482K->131971K(858432K), 0.0033060 secs] [Times: user=0.02 sys=0.00, real=0.00 secs] 
2014-07-07T21:05:54.731+0000: 656.751: [GC [PSYoungGen: 171409K->712K(167808K)] 302362K->131729K(854784K), 0.0053880 secs] [Times: user=0.02 sys=0.00, real=0.00 secs] 
2014-07-07T21:05:55.319+0000: 657.339: [GC [PSYoungGen: 167752K->794K(164608K)] 298769K->131875K(851584K), 0.0046380 secs] [Times: user=0.03 sys=0.00, real=0.00 secs] 
2014-07-07T21:05:55.879+0000: 657.899: [GC [PSYoungGen: 164569K->640K(161280K)] 295651K->131825K(848256K), 0.0049300 secs] [Times: user=0.04 sys=0.00, real=0.01 secs] 
2014-07-07T21:05:56.434+0000: 658.454: [GC [PSYoungGen: 161280K->612K(158208K)] 292465K->131853K(845184K), 0.0051230 secs] [Times: user=0.02 sys=0.00, real=0.01 secs] 
2014-07-07T21:05:56.976+0000: 658.996: [GC [PSYoungGen: 158180K->872K(155520K)] 289421K->132201K(842496K), 0.0044210 secs] [Times: user=0.02 sys=0.00, real=0.01 secs] 
2014-07-07T21:05:57.524+0000: 659.544: [GC [PSYoungGen: 155496K->722K(152512K)] 286825K->132115K(839488K), 0.0045620 secs] [Times: user=0.03 sys=0.00, real=0.00 secs] 
2014-07-07T21:05:58.061+0000: 660.081: [GC [PSYoungGen: 152466K->676K(149696K)] 283859K->132149K(836672K), 0.0055160 secs] [Times: user=0.03 sys=0.00, real=0.00 secs] 
2014-07-07T21:05:58.583+0000: 660.603: [GC [PSYoungGen: 149573K->886K(147200K)] 281046K->132479K(834176K), 0.0053990 secs] [Times: user=0.04 sys=0.00, real=0.00 secs] 
2014-07-07T21:05:59.098+0000: 661.119: [GC [PSYoungGen: 147190K->658K(144384K)] 278783K->132323K(831360K), 0.0065380 secs] [Times: user=0.03 sys=0.00, real=0.01 secs] 
2014-07-07T21:05:59.599+0000: 661.619: [GC [PSYoungGen: 144338K->740K(173184K)] 276003K->132461K(860160K), 0.0061570 secs] [Times: user=0.04 sys=0.00, real=0.01 secs] 
2014-07-07T21:06:00.198+0000: 662.218: [GC [PSYoungGen: 173108K->880K(169920K)] 304829K->132649K(856896K), 0.0036030 secs] [Times: user=0.02 sys=0.00, real=0.01 secs] 
2014-07-07T21:06:00.779+0000: 662.799: [GC [PSYoungGen: 169904K->562K(166272K)] 301673K->132395K(853248K), 0.0068370 secs] [Times: user=0.03 sys=0.00, real=0.01 secs] 
2014-07-07T21:06:01.348+0000: 663.368: [GC [PSYoungGen: 166258K->1146K(200000K)] 298091K->133109K(886976K), 0.0065500 secs] [Times: user=0.04 sys=0.00, real=0.01 secs] 
2014-07-07T21:06:02.038+0000: 664.058: [GC [PSYoungGen: 199994K->594K(195200K)] 331957K->132645K(882176K), 0.0038050 secs] [Times: user=0.02 sys=0.00, real=0.01 secs] 
2014-07-07T21:06:02.714+0000: 664.734: [GC [PSYoungGen: 195104K->850K(191296K)] 327155K->132965K(878272K), 0.0047540 secs] [Times: user=0.01 sys=0.00, real=0.00 secs] 
2014-07-07T21:06:03.377+0000: 665.397: [GC [PSYoungGen: 191250K->626K(187008K)] 323365K->132781K(873984K), 0.0047540 secs] [Times: user=0.02 sys=0.00, real=0.01 secs] 
2014-07-07T21:06:04.023+0000: 666.043: [GC [PSYoungGen: 186994K->800K(183296K)] 319149K->132995K(870272K), 0.0042720 secs] [Times: user=0.01 sys=0.00, real=0.00 secs] 
2014-07-07T21:06:04.658+0000: 666.678: [GC [PSYoungGen: 183264K->1138K(179840K)] 315459K->133413K(866816K), 0.0046170 secs] [Times: user=0.02 sys=0.00, real=0.01 secs] 
2014-07-07T21:06:05.270+0000: 667.290: [GC [PSYoungGen: 179826K->968K(176064K)] 312101K->133307K(863040K), 0.0030750 secs] [Times: user=0.02 sys=0.00, real=0.00 secs] 
2014-07-07T21:06:05.899+0000: 667.919: [GC [PSYoungGen: 175969K->552K(172096K)] 308308K->133257K(859072K), 0.0058510 secs] [Times: user=0.03 sys=0.00, real=0.01 secs] 
2014-07-07T21:06:06.509+0000: 668.529: [GC [PSYoungGen: 172072K->1089K(169280K)] 304777K->133842K(856256K), 0.0035760 secs] [Times: user=0.02 sys=0.00, real=0.01 secs] 
2014-07-07T21:06:07.104+0000: 669.124: [GC [PSYoungGen: 169217K->1006K(165888K)] 301970K->134261K(852864K), 0.0034930 secs] [Times: user=0.02 sys=0.00, real=0.00 secs] 
2014-07-07T21:06:07.686+0000: 669.706: [GC [PSYoungGen: 165870K->580K(162304K)] 299125K->133899K(849280K), 0.0050500 secs] [Times: user=0.03 sys=0.00, real=0.00 secs] 
2014-07-07T21:06:08.247+0000: 670.267: [GC [PSYoungGen: 162244K->626K(159232K)] 295563K->134059K(846208K), 0.0036790 secs] [Times: user=0.02 sys=0.00, real=0.00 secs] 
2014-07-07T21:06:08.800+0000: 670.820: [GC [PSYoungGen: 159218K->544K(156160K)] 292651K->134049K(843136K), 0.0060240 secs] [Times: user=0.03 sys=0.00, real=0.01 secs] 
2014-07-07T21:06:09.344+0000: 671.364: [GC [PSYoungGen: 156112K->1120K(153856K)] 289617K->134681K(840832K), 0.0057040 secs] [Times: user=0.03 sys=0.01, real=0.00 secs] 
2014-07-07T21:06:09.878+0000: 671.899: [GC [PSYoungGen: 153776K->844K(150784K)] 287337K->134485K(837760K), 0.0052900 secs] [Times: user=0.02 sys=0.00, real=0.01 secs] 
2014-07-07T21:06:10.402+0000: 672.422: [GC [PSYoungGen: 150732K->1082K(148224K)] 284373K->134893K(835200K), 0.0060710 secs] [Times: user=0.02 sys=0.00, real=0.00 secs] 
2014-07-07T21:06:10.917+0000: 672.937: [GC [PSYoungGen: 148181K->1445K(145984K)] 281993K->135368K(832960K), 0.0039630 secs] [Times: user=0.02 sys=0.00, real=0.00 secs] 
2014-07-07T21:06:11.431+0000: 673.451: [GC [PSYoungGen: 145957K->448K(142400K)] 279880K->134419K(829376K), 0.0054570 secs] [Times: user=0.03 sys=0.01, real=0.00 secs] 
2014-07-07T21:06:11.916+0000: 673.936: [GC [PSYoungGen: 142400K->580K(171008K)] 276371K->134607K(857984K), 0.0064650 secs] [Times: user=0.04 sys=0.00, real=0.01 secs] 
2014-07-07T21:06:12.512+0000: 674.532: [GC [PSYoungGen: 170948K->1334K(168384K)] 304975K->135474K(855360K), 0.0042510 secs] [Times: user=0.02 sys=0.00, real=0.00 secs] 
2014-07-07T21:06:13.101+0000: 675.121: [GC [PSYoungGen: 168374K->544K(164352K)] 302514K->134803K(851328K), 0.0062630 secs] [Times: user=0.04 sys=0.00, real=0.00 secs] 
2014-07-07T21:06:13.663+0000: 675.683: [GC [PSYoungGen: 164320K->1090K(161792K)] 298579K->135413K(848768K), 0.0055620 secs] [Times: user=0.04 sys=0.00, real=0.00 secs] 
2014-07-07T21:06:14.231+0000: 676.251: [GC [PSYoungGen: 161697K->864K(158464K)] 296020K->135275K(845440K), 0.0052620 secs] [Times: user=0.03 sys=0.00, real=0.01 secs] 
2014-07-07T21:06:14.774+0000: 676.795: [GC [PSYoungGen: 158432K->698K(155328K)] 292843K->135157K(842304K), 0.0052350 secs] [Times: user=0.04 sys=0.00, real=0.00 secs] 
2014-07-07T21:06:15.305+0000: 677.325: [GC [PSYoungGen: 155250K->800K(152576K)] 289709K->135339K(839552K), 0.0050060 secs] [Times: user=0.03 sys=0.00, real=0.00 secs] 
2014-07-07T21:06:15.849+0000: 677.869: [GC [PSYoungGen: 152544K->480K(149504K)] 287083K->135091K(836480K), 0.0055470 secs] [Times: user=0.03 sys=0.00, real=0.01 secs] 
2014-07-07T21:06:16.361+0000: 678.381: [GC [PSYoungGen: 149401K->928K(179776K)] 284012K->135595K(866752K), 0.0106750 secs] [Times: user=0.06 sys=0.00, real=0.01 secs] 
2014-07-07T21:06:16.991+0000: 679.011: [GC [PSYoungGen: 179711K->943K(185792K)] 314378K->135674K(872768K), 0.0051110 secs] [Times: user=0.03 sys=0.00, real=0.01 secs] 
2014-07-07T21:06:17.645+0000: 679.666: [GC [PSYoungGen: 185198K->1214K(185792K)] 319929K->135985K(872768K), 0.0102750 secs] [Times: user=0.06 sys=0.00, real=0.01 secs] 
2014-07-07T21:06:18.278+0000: 680.298: [GC [PSYoungGen: 185470K->1146K(222720K)] 320241K->136037K(909696K), 0.0036680 secs] [Times: user=0.03 sys=0.00, real=0.01 secs] 
2014-07-07T21:06:19.028+0000: 681.048: [GC [PSYoungGen: 222261K->1129K(217216K)] 357152K->136084K(904192K), 0.0041460 secs] [Times: user=0.02 sys=0.00, real=0.01 secs] 
2014-07-07T21:06:19.797+0000: 681.817: [GC [PSYoungGen: 217193K->484K(211712K)] 352148K->135591K(898688K), 0.0044810 secs] [Times: user=0.02 sys=0.00, real=0.00 secs] 
2014-07-07T21:06:20.548+0000: 682.568: [GC [PSYoungGen: 211684K->1072K(207552K)] 346791K->136243K(894528K), 0.0061340 secs] [Times: user=0.03 sys=0.00, real=0.01 secs] 
2014-07-07T21:06:21.266+0000: 683.286: [GC [PSYoungGen: 207536K->694K(202624K)] 342707K->135987K(889600K), 0.0031390 secs] [Times: user=0.01 sys=0.00, real=0.00 secs] 
2014-07-07T21:06:21.966+0000: 683.986: [GC [PSYoungGen: 202614K->594K(219840K)] 337907K->135943K(906816K), 0.0135050 secs] [Times: user=0.08 sys=0.00, real=0.01 secs] 
2014-07-07T21:06:22.734+0000: 684.754: [GC [PSYoungGen: 218834K->1274K(214528K)] 354183K->136703K(901504K), 0.0036040 secs] [Times: user=0.01 sys=0.00, real=0.00 secs] 
2014-07-07T21:06:23.473+0000: 685.493: [GC [PSYoungGen: 214496K->1106K(209600K)] 349926K->136600K(896576K), 0.0050160 secs] [Times: user=0.04 sys=0.00, real=0.00 secs] 
2014-07-07T21:06:24.199+0000: 686.219: [GC [PSYoungGen: 209554K->946K(204800K)] 345048K->136752K(891776K), 0.0046490 secs] [Times: user=0.03 sys=0.00, real=0.01 secs] 
2014-07-07T21:06:24.917+0000: 686.937: [GC [PSYoungGen: 204776K->1090K(200512K)] 340581K->136959K(887488K), 0.0036990 secs] [Times: user=0.01 sys=0.00, real=0.00 secs] 
2014-07-07T21:06:25.612+0000: 687.632: [GC [PSYoungGen: 200450K->544K(195648K)] 336319K->136501K(882624K), 0.0048190 secs] [Times: user=0.03 sys=0.00, real=0.01 secs] 
2014-07-07T21:06:26.305+0000: 688.325: [GC [PSYoungGen: 195616K->562K(191488K)] 331573K->136551K(878464K), 0.0050970 secs] [Times: user=0.02 sys=0.00, real=0.00 secs] 
2014-07-07T21:06:26.978+0000: 688.998: [GC [PSYoungGen: 191474K->1469K(188352K)] 327463K->137538K(875328K), 0.0041600 secs] [Times: user=0.02 sys=0.00, real=0.00 secs] 
2014-07-07T21:06:27.630+0000: 689.650: [GC [PSYoungGen: 188349K->912K(183936K)] 324418K->137069K(870912K), 0.0072790 secs] [Times: user=0.03 sys=0.00, real=0.01 secs] 
2014-07-07T21:06:28.279+0000: 690.299: [GC [PSYoungGen: 183888K->790K(180032K)] 320045K->137035K(867008K), 0.0072580 secs] [Times: user=0.04 sys=0.00, real=0.01 secs] 
2014-07-07T21:06:28.899+0000: 690.919: [GC [PSYoungGen: 179943K->1033K(176640K)] 316189K->137350K(863616K), 0.0054820 secs] [Times: user=0.03 sys=0.01, real=0.01 secs] 
2014-07-07T21:06:29.505+0000: 691.525: [GC [PSYoungGen: 176585K->530K(211264K)] 312902K->136871K(898240K), 0.0134010 secs] [Times: user=0.07 sys=0.00, real=0.01 secs] 
2014-07-07T21:06:30.249+0000: 692.269: [GC [PSYoungGen: 211181K->914K(236416K)] 347522K->137295K(923392K), 0.0162440 secs] [Times: user=0.08 sys=0.00, real=0.02 secs] 
2014-07-07T21:06:31.084+0000: 693.104: [GC [PSYoungGen: 235638K->790K(254528K)] 372020K->137267K(941504K), 0.0064830 secs] [Times: user=0.03 sys=0.00, real=0.01 secs] 
2014-07-07T21:06:31.951+0000: 693.971: [GC [PSYoungGen: 253718K->658K(254464K)] 390195K->137191K(941440K), 0.0032050 secs] [Times: user=0.02 sys=0.00, real=0.00 secs] 
2014-07-07T21:06:32.834+0000: 694.854: [GC [PSYoungGen: 253586K->580K(247360K)] 390119K->137177K(934336K), 0.0050000 secs] [Times: user=0.03 sys=0.00, real=0.00 secs] 
2014-07-07T21:06:33.692+0000: 695.712: [GC [PSYoungGen: 247218K->747K(241472K)] 383816K->137440K(928448K), 0.0078810 secs] [Times: user=0.05 sys=0.00, real=0.01 secs] 
2014-07-07T21:06:34.518+0000: 696.538: [GC [PSYoungGen: 241451K->712K(235712K)] 378144K->137477K(922688K), 0.0039940 secs] [Times: user=0.02 sys=0.00, real=0.00 secs] 
2014-07-07T21:06:35.345+0000: 697.365: [GC [PSYoungGen: 235656K->1188K(230592K)] 372421K->138034K(917568K), 0.0056700 secs] [Times: user=0.03 sys=0.00, real=0.00 secs] 
2014-07-07T21:06:36.182+0000: 698.202: [GC [PSYoungGen: 230522K->890K(224896K)] 367367K->138177K(911872K), 0.0038170 secs] [Times: user=0.02 sys=0.00, real=0.01 secs] 
2014-07-07T21:06:36.942+0000: 698.962: [GC [PSYoungGen: 224890K->1140K(219968K)] 362177K->138581K(906944K), 0.0035720 secs] [Times: user=0.02 sys=0.00, real=0.01 secs] 
2014-07-07T21:06:37.717+0000: 699.737: [GC [PSYoungGen: 219956K->1058K(214912K)] 357397K->139043K(901888K), 0.0042920 secs] [Times: user=0.03 sys=0.00, real=0.00 secs] 
2014-07-07T21:06:38.469+0000: 700.489: [GC [PSYoungGen: 214882K->658K(209728K)] 352867K->138707K(896704K), 0.0037480 secs] [Times: user=0.02 sys=0.00, real=0.00 secs] 
2014-07-07T21:06:39.195+0000: 701.216: [GC [PSYoungGen: 209682K->896K(205312K)] 347731K->139018K(892288K), 0.0042170 secs] [Times: user=0.02 sys=0.01, real=0.00 secs] 
2014-07-07T21:06:39.911+0000: 701.931: [GC [PSYoungGen: 205248K->640K(200512K)] 343370K->138825K(887488K), 0.0061990 secs] [Times: user=0.04 sys=0.00, real=0.01 secs] 
2014-07-07T21:06:40.606+0000: 702.626: [GC [PSYoungGen: 200512K->1110K(196672K)] 338697K->139360K(883648K), 0.0039630 secs] [Times: user=0.02 sys=0.00, real=0.00 secs] 
2014-07-07T21:06:41.298+0000: 703.318: [GC [PSYoungGen: 196630K->808K(192192K)] 334880K->139113K(879168K), 0.0073530 secs] [Times: user=0.04 sys=0.00, real=0.00 secs] 
2014-07-07T21:06:41.976+0000: 703.996: [GC [PSYoungGen: 192168K->1114K(188480K)] 330473K->139526K(875456K), 0.0076110 secs] [Times: user=0.05 sys=0.00, real=0.01 secs] 
2014-07-07T21:06:42.640+0000: 704.661: [GC [PSYoungGen: 188431K->876K(184320K)] 326842K->139351K(871296K), 0.0036230 secs] [Times: user=0.01 sys=0.01, real=0.00 secs] 
2014-07-07T21:06:43.279+0000: 705.299: [GC [PSYoungGen: 184300K->758K(180416K)] 322775K->139305K(867392K), 0.0050780 secs] [Times: user=0.03 sys=0.00, real=0.00 secs] 
2014-07-07T21:06:43.925+0000: 705.945: [GC [PSYoungGen: 180406K->890K(176896K)] 318953K->139509K(863872K), 0.0055390 secs] [Times: user=0.03 sys=0.00, real=0.01 secs] 
2014-07-07T21:06:44.545+0000: 706.566: [GC [PSYoungGen: 176890K->608K(173120K)] 315509K->139291K(860096K), 0.0048080 secs] [Times: user=0.03 sys=0.00, real=0.01 secs] 
2014-07-07T21:06:45.143+0000: 707.163: [GC [PSYoungGen: 173088K->1132K(170176K)] 311771K->139896K(857152K), 0.0054350 secs] [Times: user=0.03 sys=0.00, real=0.01 secs] 
2014-07-07T21:06:45.733+0000: 707.753: [GC [PSYoungGen: 170155K->1060K(166784K)] 308918K->140110K(853760K), 0.0096430 secs] [Times: user=0.05 sys=0.00, real=0.01 secs] 
2014-07-07T21:06:46.319+0000: 708.339: [GC [PSYoungGen: 166756K->448K(162944K)] 305806K->139513K(849920K), 0.0056470 secs] [Times: user=0.01 sys=0.00, real=0.00 secs] 
2014-07-07T21:06:46.883+0000: 708.903: [GC [PSYoungGen: 162944K->1012K(160384K)] 302009K->140166K(847360K), 0.0045370 secs] [Times: user=0.02 sys=0.00, real=0.01 secs] 
2014-07-07T21:06:47.443+0000: 709.463: [GC [PSYoungGen: 160372K->862K(192128K)] 299526K->140079K(879104K), 0.0083130 secs] [Times: user=0.06 sys=0.00, real=0.01 secs] 
2014-07-07T21:06:48.114+0000: 710.134: [GC [PSYoungGen: 192094K->772K(230336K)] 331311K->140037K(917312K), 0.0101270 secs] [Times: user=0.05 sys=0.00, real=0.01 secs] 
2014-07-07T21:06:48.917+0000: 710.937: [GC [PSYoungGen: 230261K->1007K(225152K)] 369526K->140321K(912128K), 0.0038760 secs] [Times: user=0.02 sys=0.00, real=0.01 secs] 
2014-07-07T21:06:49.713+0000: 711.733: [GC [PSYoungGen: 225119K->1132K(220096K)] 364432K->140526K(907072K), 0.0080600 secs] [Times: user=0.05 sys=0.00, real=0.01 secs] 
2014-07-07T21:06:50.475+0000: 712.495: [GC [PSYoungGen: 220076K->748K(214720K)] 359470K->140173K(901696K), 0.0062110 secs] [Times: user=0.02 sys=0.01, real=0.01 secs] 
2014-07-07T21:06:51.214+0000: 713.234: [GC [PSYoungGen: 214689K->676K(209856K)] 354115K->140157K(896832K), 0.0055050 secs] [Times: user=0.02 sys=0.00, real=0.01 secs] 
2014-07-07T21:06:51.942+0000: 713.962: [GC [PSYoungGen: 209828K->466K(204992K)] 349309K->140011K(891968K), 0.0030720 secs] [Times: user=0.02 sys=0.00, real=0.00 secs] 
2014-07-07T21:06:52.675+0000: 714.695: [GC [PSYoungGen: 204919K->743K(200768K)] 344465K->140392K(887744K), 0.0045380 secs] [Times: user=0.02 sys=0.00, real=0.01 secs] 
2014-07-07T21:06:53.382+0000: 715.402: [GC [PSYoungGen: 200741K->958K(196608K)] 340391K->140671K(883584K), 0.0036160 secs] [Times: user=0.01 sys=0.00, real=0.00 secs] 
2014-07-07T21:06:54.064+0000: 716.084: [GC [PSYoungGen: 196604K->576K(192064K)] 336318K->140345K(879040K), 0.0063820 secs] [Times: user=0.03 sys=0.00, real=0.01 secs] 
2014-07-07T21:06:54.745+0000: 716.765: [GC [PSYoungGen: 192064K->790K(188288K)] 331833K->140639K(875264K), 0.0034660 secs] [Times: user=0.02 sys=0.01, real=0.01 secs] 
2014-07-07T21:06:55.398+0000: 717.418: [GC [PSYoungGen: 188225K->730K(184320K)] 328075K->140651K(871296K), 0.0042820 secs] [Times: user=0.02 sys=0.00, real=0.00 secs] 
2014-07-07T21:06:56.041+0000: 718.061: [GC [PSYoungGen: 184282K->726K(180544K)] 324203K->140743K(867520K), 0.0077190 secs] [Times: user=0.04 sys=0.00, real=0.01 secs] 
2014-07-07T21:06:56.662+0000: 718.682: [GC [PSYoungGen: 180502K->826K(176960K)] 320519K->140963K(863936K), 0.0047180 secs] [Times: user=0.03 sys=0.00, real=0.00 secs] 
2014-07-07T21:06:57.271+0000: 719.291: [GC [PSYoungGen: 176937K->1028K(173696K)] 317074K->141246K(860672K), 0.0033180 secs] [Times: user=0.02 sys=0.00, real=0.00 secs] 
2014-07-07T21:06:57.879+0000: 719.899: [GC [PSYoungGen: 173626K->684K(169856K)] 313844K->141085K(856832K), 0.0054080 secs] [Times: user=0.03 sys=0.01, real=0.00 secs] 
2014-07-07T21:06:58.470+0000: 720.490: [GC [PSYoungGen: 169836K->594K(166464K)] 310237K->141043K(853440K), 0.0045290 secs] [Times: user=0.02 sys=0.00, real=0.00 secs] 
2014-07-07T21:06:59.047+0000: 721.067: [GC [PSYoungGen: 166418K->942K(163584K)] 306867K->141498K(850560K), 0.0073900 secs] [Times: user=0.04 sys=0.00, real=0.01 secs] 
2014-07-07T21:06:59.621+0000: 721.641: [GC [PSYoungGen: 163559K->1178K(160704K)] 304115K->141838K(847680K), 0.0056810 secs] [Times: user=0.03 sys=0.00, real=0.00 secs] 
2014-07-07T21:07:00.176+0000: 722.197: [GC [PSYoungGen: 160655K->420K(156928K)] 301314K->141377K(843904K), 0.0030890 secs] [Times: user=0.02 sys=0.00, real=0.01 secs] 
2014-07-07T21:07:00.727+0000: 722.747: [GC [PSYoungGen: 156900K->980K(154560K)] 297857K->142002K(841536K), 0.0059450 secs] [Times: user=0.03 sys=0.00, real=0.01 secs] 
2014-07-07T21:07:01.263+0000: 723.283: [GC [PSYoungGen: 154516K->534K(151296K)] 295538K->142128K(838272K), 0.0039780 secs] [Times: user=0.02 sys=0.00, real=0.00 secs] 
2014-07-07T21:07:01.790+0000: 723.810: [GC [PSYoungGen: 151222K->946K(148928K)] 292817K->142628K(835904K), 0.0050350 secs] [Times: user=0.03 sys=0.00, real=0.00 secs] 
2014-07-07T21:07:02.295+0000: 724.315: [GC [PSYoungGen: 148914K->1054K(146368K)] 290596K->142824K(833344K), 0.0047070 secs] [Times: user=0.03 sys=0.00, real=0.01 secs] 
2014-07-07T21:07:02.804+0000: 724.824: [GC [PSYoungGen: 146334K->683K(143424K)] 288104K->142509K(830400K), 0.0040430 secs] [Times: user=0.03 sys=0.00, real=0.00 secs] 
2014-07-07T21:07:03.301+0000: 725.321: [GC [PSYoungGen: 143403K->658K(140928K)] 285229K->142556K(827904K), 0.0046750 secs] [Times: user=0.02 sys=0.00, real=0.00 secs] 
2014-07-07T21:07:03.786+0000: 725.806: [GC [PSYoungGen: 140858K->683K(138496K)] 282756K->142653K(825472K), 0.0049860 secs] [Times: user=0.03 sys=0.01, real=0.01 secs] 
2014-07-07T21:07:04.270+0000: 726.290: [GC [PSYoungGen: 138475K->914K(136384K)] 280445K->142988K(823360K), 0.0039110 secs] [Times: user=0.02 sys=0.00, real=0.00 secs] 
2014-07-07T21:07:04.746+0000: 726.766: [GC [PSYoungGen: 136338K->740K(133888K)] 278412K->142902K(820864K), 0.0063590 secs] [Times: user=0.04 sys=0.00, real=0.01 secs] 
2014-07-07T21:07:05.212+0000: 727.232: [GC [PSYoungGen: 133816K->1014K(160768K)] 275978K->143232K(847744K), 0.0066220 secs] [Times: user=0.04 sys=0.01, real=0.01 secs] 
2014-07-07T21:07:05.782+0000: 727.802: [GC [PSYoungGen: 160758K->576K(157312K)] 302976K->142858K(844288K), 0.0046040 secs] [Times: user=0.02 sys=0.00, real=0.00 secs] 
2014-07-07T21:07:06.330+0000: 728.350: [GC [PSYoungGen: 157287K->1104K(189248K)] 299569K->143418K(876224K), 0.0090900 secs] [Times: user=0.04 sys=0.01, real=0.00 secs] 
2014-07-07T21:07:06.993+0000: 729.013: [GC [PSYoungGen: 189200K->1166K(226944K)] 331514K->143568K(913920K), 0.0093000 secs] [Times: user=0.06 sys=0.00, real=0.01 secs] 
2014-07-07T21:07:07.784+0000: 729.804: [GC [PSYoungGen: 226894K->384K(271296K)] 369296K->143042K(958272K), 0.0064230 secs] [Times: user=0.03 sys=0.00, real=0.01 secs] 
2014-07-07T21:07:08.743+0000: 730.764: [GC [PSYoungGen: 271296K->986K(265024K)] 413954K->143708K(952000K), 0.0024910 secs] [Times: user=0.01 sys=0.00, real=0.00 secs] 
2014-07-07T21:07:09.657+0000: 731.677: [GC [PSYoungGen: 264975K->922K(258304K)] 407697K->143882K(945280K), 0.0055500 secs] [Times: user=0.03 sys=0.00, real=0.01 secs] 
2014-07-07T21:07:10.552+0000: 732.572: [GC [PSYoungGen: 258266K->1122K(252096K)] 401226K->144138K(939072K), 0.0086870 secs] [Times: user=0.05 sys=0.00, real=0.01 secs] 
2014-07-07T21:07:11.439+0000: 733.459: [GC [PSYoungGen: 252066K->765K(245568K)] 395082K->143914K(932544K), 0.0033190 secs] [Times: user=0.01 sys=0.00, real=0.01 secs] 
2014-07-07T21:07:12.307+0000: 734.327: [GC [PSYoungGen: 245560K->810K(239680K)] 388710K->143975K(926656K), 0.0144380 secs] [Times: user=0.07 sys=0.00, real=0.02 secs] 
2014-07-07T21:07:13.151+0000: 735.171: [GC [PSYoungGen: 239658K->804K(233984K)] 382823K->144041K(920960K), 0.0058190 secs] [Times: user=0.03 sys=0.00, real=0.01 secs] 
2014-07-07T21:07:13.973+0000: 735.993: [GC [PSYoungGen: 233956K->978K(228672K)] 377193K->144287K(915648K), 0.0041820 secs] [Times: user=0.02 sys=0.00, real=0.00 secs] 
2014-07-07T21:07:14.765+0000: 736.785: [GC [PSYoungGen: 228609K->580K(222976K)] 371918K->143921K(909952K), 0.0050070 secs] [Times: user=0.02 sys=0.00, real=0.00 secs] 
2014-07-07T21:07:15.557+0000: 737.577: [GC [PSYoungGen: 222916K->996K(218240K)] 366257K->144401K(905216K), 0.0036630 secs] [Times: user=0.02 sys=0.01, real=0.00 secs] 
2014-07-07T21:07:16.305+0000: 738.325: [GC [PSYoungGen: 218192K->683K(212992K)] 361597K->144128K(899968K), 0.0075970 secs] [Times: user=0.05 sys=0.00, real=0.01 secs] 
2014-07-07T21:07:17.041+0000: 739.061: [GC [PSYoungGen: 212971K->672K(208256K)] 356416K->144181K(895232K), 0.0040070 secs] [Times: user=0.02 sys=0.00, real=0.00 secs] 
2014-07-07T21:07:17.787+0000: 739.807: [GC [PSYoungGen: 208222K->736K(203712K)] 351732K->144277K(890688K), 0.0139540 secs] [Times: user=0.10 sys=0.00, real=0.01 secs] 
2014-07-07T21:07:18.490+0000: 740.510: [GC [PSYoungGen: 203674K->1216K(244864K)] 347216K->144789K(931840K), 0.0089490 secs] [Times: user=0.04 sys=0.01, real=0.01 secs] 
2014-07-07T21:07:19.361+0000: 741.381: [GC [PSYoungGen: 244800K->566K(238272K)] 388373K->144389K(925248K), 0.0059380 secs] [Times: user=0.04 sys=0.00, real=0.00 secs] 
2014-07-07T21:07:20.203+0000: 742.223: [GC [PSYoungGen: 238262K->716K(232768K)] 382085K->144571K(919744K), 0.0040650 secs] [Times: user=0.02 sys=0.00, real=0.00 secs] 
2014-07-07T21:07:21.020+0000: 743.040: [GC [PSYoungGen: 232716K->822K(227392K)] 376571K->144781K(914368K), 0.0037410 secs] [Times: user=0.02 sys=0.00, real=0.01 secs] 
2014-07-07T21:07:21.824+0000: 743.844: [GC [PSYoungGen: 227382K->498K(221824K)] 371341K->144505K(908800K), 0.0066010 secs] [Times: user=0.04 sys=0.00, real=0.00 secs] 
2014-07-07T21:07:22.603+0000: 744.623: [GC [PSYoungGen: 221775K->1014K(217280K)] 365782K->145109K(904256K), 0.0028860 secs] [Times: user=0.02 sys=0.00, real=0.00 secs] 
2014-07-07T21:07:23.356+0000: 745.376: [GC [PSYoungGen: 217270K->846K(212224K)] 361365K->145005K(899200K), 0.0043820 secs] [Times: user=0.02 sys=0.00, real=0.00 secs] 
2014-07-07T21:07:24.101+0000: 746.121: [GC [PSYoungGen: 212141K->676K(207296K)] 356300K->144875K(894272K), 0.0070170 secs] [Times: user=0.04 sys=0.00, real=0.01 secs] 
2014-07-07T21:07:24.817+0000: 746.838: [GC [PSYoungGen: 207268K->544K(202624K)] 351467K->144807K(889600K), 0.0064380 secs] [Times: user=0.03 sys=0.00, real=0.01 secs] 
2014-07-07T21:07:25.525+0000: 747.545: [GC [PSYoungGen: 202592K->1160K(198848K)] 346855K->145471K(885824K), 0.0044700 secs] [Times: user=0.02 sys=0.00, real=0.00 secs] 
2014-07-07T21:07:26.215+0000: 748.235: [GC [PSYoungGen: 198792K->974K(194368K)] 343103K->145342K(881344K), 0.0066790 secs] [Times: user=0.04 sys=0.00, real=0.00 secs] 
2014-07-07T21:07:26.888+0000: 748.909: [GC [PSYoungGen: 194317K->484K(189760K)] 338685K->145117K(876736K), 0.0029390 secs] [Times: user=0.01 sys=0.00, real=0.00 secs] 
2014-07-07T21:07:27.546+0000: 749.566: [GC [PSYoungGen: 189732K->815K(186112K)] 334365K->145520K(873088K), 0.0071960 secs] [Times: user=0.04 sys=0.00, real=0.01 secs] 
2014-07-07T21:07:28.188+0000: 750.208: [GC [PSYoungGen: 186095K->740K(182208K)] 330800K->145533K(869184K), 0.0050940 secs] [Times: user=0.03 sys=0.00, real=0.01 secs] 
2014-07-07T21:07:28.817+0000: 750.837: [GC [PSYoungGen: 182180K->626K(178368K)] 326973K->145507K(865344K), 0.0052800 secs] [Times: user=0.03 sys=0.00, real=0.00 secs] 
2014-07-07T21:07:29.438+0000: 751.458: [GC [PSYoungGen: 178354K->1202K(175360K)] 323235K->146221K(862336K), 0.0059190 secs] [Times: user=0.03 sys=0.00, real=0.01 secs] 
2014-07-07T21:07:30.046+0000: 752.066: [GC [PSYoungGen: 175299K->904K(171648K)] 320319K->145979K(858624K), 0.0062440 secs] [Times: user=0.03 sys=0.00, real=0.00 secs] 
2014-07-07T21:07:30.641+0000: 752.661: [GC [PSYoungGen: 171592K->688K(168000K)] 316667K->146001K(854976K), 0.0058150 secs] [Times: user=0.03 sys=0.00, real=0.01 secs] 
2014-07-07T21:07:31.222+0000: 753.242: [GC [PSYoungGen: 167984K->990K(165056K)] 313297K->146359K(852032K), 0.0039940 secs] [Times: user=0.02 sys=0.00, real=0.01 secs] 
2014-07-07T21:07:31.805+0000: 753.825: [GC [PSYoungGen: 165022K->740K(197632K)] 310391K->146173K(884608K), 0.0099780 secs] [Times: user=0.06 sys=0.00, real=0.01 secs] 
2014-07-07T21:07:32.492+0000: 754.513: [GC [PSYoungGen: 197586K->864K(193536K)] 343019K->146385K(880512K), 0.0051940 secs] [Times: user=0.03 sys=0.00, real=0.01 secs] 
2014-07-07T21:07:33.171+0000: 755.191: [GC [PSYoungGen: 193504K->804K(189376K)] 339025K->146405K(876352K), 0.0041140 secs] [Times: user=0.02 sys=0.00, real=0.01 secs] 
2014-07-07T21:07:33.831+0000: 755.851: [GC [PSYoungGen: 189313K->1012K(185600K)] 334914K->146677K(872576K), 0.0057850 secs] [Times: user=0.04 sys=0.00, real=0.01 secs] 
2014-07-07T21:07:34.477+0000: 756.498: [GC [PSYoungGen: 185588K->762K(181504K)] 331253K->146649K(868480K), 0.0060970 secs] [Times: user=0.03 sys=0.00, real=0.00 secs] 
2014-07-07T21:07:35.120+0000: 757.140: [GC [PSYoungGen: 181493K->1018K(178048K)] 327380K->146961K(865024K), 0.0039990 secs] [Times: user=0.02 sys=0.00, real=0.01 secs] 
2014-07-07T21:07:35.734+0000: 757.754: [GC [PSYoungGen: 178020K->802K(174272K)] 323963K->147098K(861248K), 0.0045490 secs] [Times: user=0.03 sys=0.00, real=0.00 secs] 
2014-07-07T21:07:36.348+0000: 758.368: [GC [PSYoungGen: 174242K->1060K(171072K)] 320538K->147443K(858048K), 0.0052710 secs] [Times: user=0.03 sys=0.00, real=0.00 secs] 
2014-07-07T21:07:36.948+0000: 758.968: [GC [PSYoungGen: 171044K->626K(167296K)] 317427K->147105K(854272K), 0.0040510 secs] [Times: user=0.02 sys=0.00, real=0.00 secs] 
2014-07-07T21:07:37.527+0000: 759.547: [GC [PSYoungGen: 167247K->768K(164224K)] 313727K->147312K(851200K), 0.0048080 secs] [Times: user=0.02 sys=0.00, real=0.00 secs] 
2014-07-07T21:07:38.100+0000: 760.120: [GC [PSYoungGen: 164160K->630K(160896K)] 310704K->147253K(847872K), 0.0053780 secs] [Times: user=0.03 sys=0.00, real=0.01 secs] 
2014-07-07T21:07:38.658+0000: 760.678: [GC [PSYoungGen: 160886K->1063K(158272K)] 307509K->147758K(845248K), 0.0047270 secs] [Times: user=0.03 sys=0.00, real=0.00 secs] 
2014-07-07T21:07:39.194+0000: 761.215: [GC [PSYoungGen: 158244K->580K(154880K)] 304940K->147307K(841856K), 0.0046830 secs] [Times: user=0.01 sys=0.00, real=0.00 secs] 
2014-07-07T21:07:39.741+0000: 761.761: [GC [PSYoungGen: 154820K->562K(151936K)] 301547K->147361K(838912K), 0.0047930 secs] [Times: user=0.02 sys=0.00, real=0.01 secs] 
2014-07-07T21:07:40.267+0000: 762.287: [GC [PSYoungGen: 151922K->892K(149504K)] 298721K->147764K(836480K), 0.0048940 secs] [Times: user=0.02 sys=0.00, real=0.00 secs] 
2014-07-07T21:07:40.779+0000: 762.800: [GC [PSYoungGen: 149500K->594K(146560K)] 296372K->147545K(833536K), 0.0075400 secs] [Times: user=0.04 sys=0.00, real=0.01 secs] 
2014-07-07T21:07:41.297+0000: 763.317: [GC [PSYoungGen: 146514K->498K(175616K)] 293465K->147489K(862592K), 0.0080150 secs] [Times: user=0.03 sys=0.00, real=0.01 secs] 
2014-07-07T21:07:41.922+0000: 763.942: [GC [PSYoungGen: 175602K->978K(172608K)] 322593K->148018K(859584K), 0.0044340 secs] [Times: user=0.01 sys=0.01, real=0.01 secs] 
2014-07-07T21:07:42.509+0000: 764.529: [GC [PSYoungGen: 172528K->730K(206720K)] 319568K->147809K(893696K), 0.0066710 secs] [Times: user=0.02 sys=0.00, real=0.01 secs] 
2014-07-07T21:07:43.221+0000: 765.241: [GC [PSYoungGen: 206682K->1064K(202496K)] 353761K->148200K(889472K), 0.0063830 secs] [Times: user=0.03 sys=0.01, real=0.01 secs] 
2014-07-07T21:07:43.916+0000: 765.936: [GC [PSYoungGen: 202472K->672K(197696K)] 349608K->147895K(884672K), 0.0059450 secs] [Times: user=0.04 sys=0.00, real=0.00 secs] 
2014-07-07T21:07:44.597+0000: 766.617: [GC [PSYoungGen: 197664K->690K(193472K)] 344887K->147985K(880448K), 0.0041540 secs] [Times: user=0.02 sys=0.00, real=0.00 secs] 
2014-07-07T21:07:45.273+0000: 767.293: [GC [PSYoungGen: 193458K->1170K(189888K)] 340753K->148506K(876864K), 0.0041830 secs] [Times: user=0.02 sys=0.00, real=0.01 secs] 
2014-07-07T21:07:45.945+0000: 767.965: [GC [PSYoungGen: 189842K->790K(185536K)] 337178K->148165K(872512K), 0.0053560 secs] [Times: user=0.01 sys=0.01, real=0.00 secs] 
2014-07-07T21:07:46.608+0000: 768.628: [GC [PSYoungGen: 185494K->832K(181696K)] 332869K->148279K(868672K), 0.0085990 secs] [Times: user=0.05 sys=0.01, real=0.01 secs] 
2014-07-07T21:07:47.243+0000: 769.263: [GC [PSYoungGen: 181696K->722K(177920K)] 329143K->148225K(864896K), 0.0061980 secs] [Times: user=0.04 sys=0.00, real=0.01 secs] 
2014-07-07T21:07:47.858+0000: 769.879: [GC [PSYoungGen: 177874K->626K(174208K)] 325377K->148225K(861184K), 0.0063500 secs] [Times: user=0.04 sys=0.00, real=0.00 secs] 
2014-07-07T21:07:48.473+0000: 770.493: [GC [PSYoungGen: 174181K->516K(170688K)] 321780K->148131K(857664K), 0.0058150 secs] [Times: user=0.02 sys=0.00, real=0.01 secs] 
2014-07-07T21:07:49.065+0000: 771.085: [GC [PSYoungGen: 170600K->1123K(167936K)] 318216K->148811K(854912K), 0.0069380 secs] [Times: user=0.05 sys=0.00, real=0.01 secs] 
2014-07-07T21:07:49.647+0000: 771.667: [GC [PSYoungGen: 167907K->826K(164352K)] 315595K->148601K(851328K), 0.0053400 secs] [Times: user=0.03 sys=0.01, real=0.00 secs] 
2014-07-07T21:07:50.228+0000: 772.248: [GC [PSYoungGen: 164346K->690K(196928K)] 312121K->148529K(883904K), 0.0080870 secs] [Times: user=0.05 sys=0.00, real=0.01 secs] 
2014-07-07T21:07:50.900+0000: 772.921: [GC [PSYoungGen: 196889K->1249K(236800K)] 344728K->149218K(923776K), 0.0061470 secs] [Times: user=0.04 sys=0.00, real=0.01 secs] 
2014-07-07T21:07:51.726+0000: 773.746: [GC [PSYoungGen: 236769K->630K(230592K)] 384738K->148671K(917568K), 0.0044050 secs] [Times: user=0.02 sys=0.00, real=0.00 secs] 
2014-07-07T21:07:52.534+0000: 774.554: [GC [PSYoungGen: 230582K->1082K(225664K)] 378623K->149196K(912640K), 0.0060610 secs] [Times: user=0.03 sys=0.00, real=0.01 secs] 
2014-07-07T21:07:53.324+0000: 775.344: [GC [PSYoungGen: 225598K->1249K(220672K)] 373712K->149451K(907648K), 0.0053610 secs] [Times: user=0.04 sys=0.00, real=0.01 secs] 
2014-07-07T21:07:54.084+0000: 776.104: [GC [PSYoungGen: 220641K->1220K(215680K)] 368843K->149550K(902656K), 0.0055090 secs] [Times: user=0.03 sys=0.00, real=0.01 secs] 
2014-07-07T21:07:54.847+0000: 776.867: [GC [PSYoungGen: 215620K->552K(210112K)] 363950K->149321K(897088K), 0.0038870 secs] [Times: user=0.03 sys=0.00, real=0.00 secs] 
2014-07-07T21:07:55.590+0000: 777.610: [GC [PSYoungGen: 210078K->794K(205696K)] 358848K->149627K(892672K), 0.0041060 secs] [Times: user=0.02 sys=0.00, real=0.00 secs] 
2014-07-07T21:07:56.321+0000: 778.341: [GC [PSYoungGen: 205658K->768K(201152K)] 354491K->149681K(888128K), 0.0047070 secs] [Times: user=0.02 sys=0.01, real=0.00 secs] 
2014-07-07T21:07:57.014+0000: 779.034: [GC [PSYoungGen: 201152K->1100K(197184K)] 350065K->150086K(884160K), 0.0047010 secs] [Times: user=0.02 sys=0.00, real=0.01 secs] 
2014-07-07T21:07:57.717+0000: 779.737: [GC [PSYoungGen: 197103K->1096K(192960K)] 346089K->150178K(879936K), 0.0050680 secs] [Times: user=0.02 sys=0.00, real=0.01 secs] 
2014-07-07T21:07:58.381+0000: 780.401: [GC [PSYoungGen: 192904K->1176K(188992K)] 341986K->150306K(875968K), 0.0047650 secs] [Times: user=0.02 sys=0.00, real=0.00 secs] 
2014-07-07T21:07:59.039+0000: 781.059: [GC [PSYoungGen: 188952K->754K(184640K)] 338082K->149939K(871616K), 0.0044770 secs] [Times: user=0.02 sys=0.00, real=0.00 secs] 
2014-07-07T21:07:59.677+0000: 781.697: [GC [PSYoungGen: 184621K->930K(181056K)] 333807K->150187K(868032K), 0.0041560 secs] [Times: user=0.02 sys=0.00, real=0.01 secs] 
2014-07-07T21:08:00.316+0000: 782.336: [GC [PSYoungGen: 181026K->808K(177280K)] 330283K->150153K(864256K), 0.0043130 secs] [Times: user=0.02 sys=0.00, real=0.01 secs] 
2014-07-07T21:08:00.940+0000: 782.960: [GC [PSYoungGen: 177256K->990K(173888K)] 326601K->150399K(860864K), 0.0050800 secs] [Times: user=0.02 sys=0.01, real=0.00 secs] 
2014-07-07T21:08:01.550+0000: 783.570: [GC [PSYoungGen: 173850K->958K(170368K)] 323260K->150423K(857344K), 0.0049900 secs] [Times: user=0.02 sys=0.00, real=0.00 secs] 
2014-07-07T21:08:02.139+0000: 784.159: [GC [PSYoungGen: 170355K->630K(166720K)] 319820K->150159K(853696K), 0.0039640 secs] [Times: user=0.01 sys=0.01, real=0.00 secs] 
2014-07-07T21:08:02.732+0000: 784.752: [GC [PSYoungGen: 166710K->974K(163904K)] 316239K->150592K(850880K), 0.0032350 secs] [Times: user=0.01 sys=0.00, real=0.00 secs] 
2014-07-07T21:08:03.311+0000: 785.331: [GC [PSYoungGen: 163831K->1036K(160832K)] 313449K->150717K(847808K), 0.0031930 secs] [Times: user=0.01 sys=0.00, real=0.00 secs] 
2014-07-07T21:08:03.879+0000: 785.899: [GC [PSYoungGen: 160748K->750K(157504K)] 310430K->150480K(844480K), 0.0042200 secs] [Times: user=0.02 sys=0.00, real=0.00 secs] 
2014-07-07T21:08:04.429+0000: 786.449: [GC [PSYoungGen: 157486K->840K(154688K)] 307216K->150633K(841664K), 0.0070120 secs] [Times: user=0.03 sys=0.00, real=0.00 secs] 
2014-07-07T21:08:04.958+0000: 786.978: [GC [PSYoungGen: 154632K->1082K(185664K)] 304425K->151048K(872640K), 0.0150010 secs] [Times: user=0.09 sys=0.01, real=0.02 secs] 
2014-07-07T21:08:05.608+0000: 787.628: [GC [PSYoungGen: 185658K->1380K(222912K)] 335623K->151476K(909888K), 0.0047820 secs] [Times: user=0.02 sys=0.01, real=0.01 secs] 
2014-07-07T21:08:06.375+0000: 788.395: [GC [PSYoungGen: 222884K->370K(231552K)] 372980K->150829K(918528K), 0.0075890 secs] [Times: user=0.04 sys=0.00, real=0.01 secs] 
2014-07-07T21:08:07.195+0000: 789.215: [GC [PSYoungGen: 231526K->640K(232768K)] 381986K->151147K(919744K), 0.0078760 secs] [Times: user=0.03 sys=0.00, real=0.01 secs] 
2014-07-07T21:08:08.012+0000: 790.032: [GC [PSYoungGen: 231808K->1044K(226816K)] 382315K->151664K(913792K), 0.0051530 secs] [Times: user=0.03 sys=0.01, real=0.00 secs] 
2014-07-07T21:08:08.825+0000: 790.845: [GC [PSYoungGen: 226754K->633K(271552K)] 377374K->151285K(958528K), 0.0185700 secs] [Times: user=0.12 sys=0.00, real=0.02 secs] 
2014-07-07T21:08:09.770+0000: 791.790: [GC [PSYoungGen: 271536K->989K(277568K)] 422188K->151681K(964544K), 0.0070820 secs] [Times: user=0.04 sys=0.00, real=0.00 secs] 
2014-07-07T21:08:10.740+0000: 792.760: [GC [PSYoungGen: 277149K->680K(269760K)] 427841K->151427K(956736K), 0.0053010 secs] [Times: user=0.03 sys=0.00, real=0.00 secs] 
2014-07-07T21:08:11.684+0000: 793.704: [GC [PSYoungGen: 269736K->830K(263040K)] 420483K->151657K(950016K), 0.0047920 secs] [Times: user=0.03 sys=0.00, real=0.00 secs] 
2014-07-07T21:08:12.613+0000: 794.633: [GC [PSYoungGen: 263038K->850K(256512K)] 413865K->151757K(943488K), 0.0051170 secs] [Times: user=0.02 sys=0.01, real=0.00 secs] 
2014-07-07T21:08:13.510+0000: 795.530: [GC [PSYoungGen: 256432K->1078K(250368K)] 407340K->152042K(937344K), 0.0050480 secs] [Times: user=0.02 sys=0.00, real=0.00 secs] 
2014-07-07T21:08:14.383+0000: 796.404: [GC [PSYoungGen: 250358K->736K(243968K)] 401322K->151748K(930944K), 0.0051490 secs] [Times: user=0.03 sys=0.01, real=0.00 secs] 
2014-07-07T21:08:15.245+0000: 797.265: [GC [PSYoungGen: 243936K->690K(238016K)] 394948K->151765K(924992K), 0.0035290 secs] [Times: user=0.02 sys=0.00, real=0.00 secs] 
2014-07-07T21:08:16.085+0000: 798.105: [GC [PSYoungGen: 238001K->1110K(232832K)] 389077K->152258K(919808K), 0.0045840 secs] [Times: user=0.02 sys=0.00, real=0.00 secs] 
2014-07-07T21:08:16.902+0000: 798.922: [GC [PSYoungGen: 232790K->826K(227072K)] 383938K->152045K(914048K), 0.0056170 secs] [Times: user=0.03 sys=0.00, real=0.00 secs] 
2014-07-07T21:08:17.698+0000: 799.718: [GC [PSYoungGen: 227066K->1050K(222080K)] 378285K->152334K(909056K), 0.0046360 secs] [Times: user=0.02 sys=0.00, real=0.01 secs] 
2014-07-07T21:08:18.479+0000: 800.499: [GC [PSYoungGen: 222042K->926K(216896K)] 373326K->152265K(903872K), 0.0062420 secs] [Times: user=0.03 sys=0.00, real=0.01 secs] 
2014-07-07T21:08:19.246+0000: 801.266: [GC [PSYoungGen: 216862K->672K(211776K)] 368201K->152075K(898752K), 0.0038150 secs] [Times: user=0.01 sys=0.01, real=0.00 secs] 
2014-07-07T21:08:19.992+0000: 802.012: [GC [PSYoungGen: 211733K->1082K(207424K)] 363137K->152703K(894400K), 0.0054280 secs] [Times: user=0.03 sys=0.00, real=0.00 secs] 
2014-07-07T21:08:20.730+0000: 802.750: [GC [PSYoungGen: 207418K->708K(202560K)] 359039K->152401K(889536K), 0.0063670 secs] [Times: user=0.04 sys=0.00, real=0.01 secs] 
2014-07-07T21:08:21.407+0000: 803.427: [GC [PSYoungGen: 202500K->580K(198016K)] 354193K->152345K(884992K), 0.0053430 secs] [Times: user=0.03 sys=0.00, real=0.01 secs] 
2014-07-07T21:08:22.098+0000: 804.118: [GC [PSYoungGen: 197955K->544K(193728K)] 349720K->152364K(880704K), 0.0074890 secs] [Times: user=0.05 sys=0.00, real=0.01 secs] 
2014-07-07T21:08:22.768+0000: 804.788: [GC [PSYoungGen: 193696K->1266K(190336K)] 345516K->153167K(877312K), 0.0035420 secs] [Times: user=0.01 sys=0.00, real=0.01 secs] 
2014-07-07T21:08:23.442+0000: 805.462: [GC [PSYoungGen: 190322K->1008K(186112K)] 342223K->152981K(873088K), 0.0046750 secs] [Times: user=0.02 sys=0.00, real=0.00 secs] 
2014-07-07T21:08:24.099+0000: 806.119: [GC [PSYoungGen: 186096K->608K(181888K)] 338069K->152668K(868864K), 0.0093750 secs] [Times: user=0.06 sys=0.01, real=0.01 secs] 
2014-07-07T21:08:24.743+0000: 806.763: [GC [PSYoungGen: 181856K->786K(178368K)] 333916K->152911K(865344K), 0.0032470 secs] [Times: user=0.02 sys=0.00, real=0.00 secs] 
2014-07-07T21:08:25.362+0000: 807.383: [GC [PSYoungGen: 178272K->744K(174720K)] 330397K->152909K(861696K), 0.0092750 secs] [Times: user=0.05 sys=0.00, real=0.01 secs] 
2014-07-07T21:08:25.978+0000: 807.998: [GC [PSYoungGen: 174696K->1292K(171840K)] 326861K->153545K(858816K), 0.0033660 secs] [Times: user=0.01 sys=0.00, real=0.00 secs] 
2014-07-07T21:08:26.570+0000: 808.590: [GC [PSYoungGen: 171788K->766K(167872K)] 324041K->153035K(854848K), 0.0054530 secs] [Times: user=0.01 sys=0.00, real=0.01 secs] 
2014-07-07T21:08:27.158+0000: 809.178: [GC [PSYoungGen: 167870K->928K(164800K)] 320139K->153245K(851776K), 0.0058820 secs] [Times: user=0.03 sys=0.00, real=0.01 secs] 
2014-07-07T21:08:27.732+0000: 809.752: [GC [PSYoungGen: 164766K->917K(161664K)] 317083K->153298K(848640K), 0.0065790 secs] [Times: user=0.03 sys=0.00, real=0.01 secs] 
2014-07-07T21:08:28.301+0000: 810.321: [GC [PSYoungGen: 161621K->416K(158080K)] 314002K->152836K(845056K), 0.0038200 secs] [Times: user=0.01 sys=0.00, real=0.01 secs] 
2014-07-07T21:08:28.862+0000: 810.882: [GC [PSYoungGen: 158048K->780K(155520K)] 310468K->153257K(842496K), 0.0027560 secs] [Times: user=0.01 sys=0.01, real=0.01 secs] 
2014-07-07T21:08:29.413+0000: 811.433: [GC [PSYoungGen: 155468K->498K(152320K)] 307945K->153039K(839296K), 0.0036380 secs] [Times: user=0.02 sys=0.00, real=0.00 secs] 
2014-07-07T21:08:29.953+0000: 811.973: [GC [PSYoungGen: 152306K->811K(149888K)] 304847K->153448K(836864K), 0.0042970 secs] [Times: user=0.03 sys=0.00, real=0.00 secs] 
2014-07-07T21:08:30.484+0000: 812.504: [GC [PSYoungGen: 149867K->548K(179456K)] 302504K->153225K(866432K), 0.0102590 secs] [Times: user=0.06 sys=0.00, real=0.01 secs] 
2014-07-07T21:08:31.107+0000: 813.127: [GC [PSYoungGen: 179428K->1142K(176384K)] 332105K->153899K(863360K), 0.0058760 secs] [Times: user=0.03 sys=0.00, real=0.01 secs] 
2014-07-07T21:08:31.715+0000: 813.735: [GC [PSYoungGen: 176374K->1362K(173120K)] 329131K->154175K(860096K), 0.0034880 secs] [Times: user=0.02 sys=0.01, real=0.00 secs] 
2014-07-07T21:08:32.312+0000: 814.332: [GC [PSYoungGen: 173049K->310K(168640K)] 325862K->153703K(855616K), 0.0042330 secs] [Times: user=0.01 sys=0.01, real=0.01 secs] 
2014-07-07T21:08:32.917+0000: 814.937: [GC [PSYoungGen: 168594K->1392K(166464K)] 321987K->154868K(853440K), 0.0038790 secs] [Times: user=0.01 sys=0.01, real=0.00 secs] 
2014-07-07T21:08:33.496+0000: 815.516: [GC [PSYoungGen: 166448K->1146K(163008K)] 319924K->155001K(849984K), 0.0052400 secs] [Times: user=0.02 sys=0.00, real=0.00 secs] 
2014-07-07T21:08:34.067+0000: 816.087: [GC [PSYoungGen: 162963K->1028K(159872K)] 316819K->154971K(846848K), 0.0055310 secs] [Times: user=0.04 sys=0.00, real=0.00 secs] 
2014-07-07T21:08:34.640+0000: 816.661: [GC [PSYoungGen: 159812K->1124K(156928K)] 313755K->155222K(843904K), 0.0052510 secs] [Times: user=0.03 sys=0.00, real=0.01 secs] 
2014-07-07T21:08:35.181+0000: 817.201: [GC [PSYoungGen: 156900K->1072K(153984K)] 310998K->155209K(840960K), 0.0048640 secs] [Times: user=0.02 sys=0.00, real=0.01 secs] 
2014-07-07T21:08:35.715+0000: 817.735: [GC [PSYoungGen: 153968K->580K(184128K)] 308105K->154749K(871104K), 0.0114720 secs] [Times: user=0.06 sys=0.00, real=0.01 secs] 
2014-07-07T21:08:36.347+0000: 818.367: [GC [PSYoungGen: 184054K->1522K(221760K)] 338223K->155748K(908736K), 0.0041090 secs] [Times: user=0.01 sys=0.00, real=0.00 secs] 
2014-07-07T21:08:37.121+0000: 819.141: [GC [PSYoungGen: 221701K->808K(216000K)] 375926K->155073K(902976K), 0.0050030 secs] [Times: user=0.02 sys=0.00, real=0.01 secs] 
2014-07-07T21:08:37.879+0000: 819.899: [GC [PSYoungGen: 215964K->576K(210880K)] 370229K->154929K(897856K), 0.0071980 secs] [Times: user=0.04 sys=0.00, real=0.01 secs] 
2014-07-07T21:08:38.612+0000: 820.632: [GC [PSYoungGen: 210880K->1040K(206720K)] 365233K->155425K(893696K), 0.0043580 secs] [Times: user=0.01 sys=0.00, real=0.01 secs] 
2014-07-07T21:08:39.333+0000: 821.353: [GC [PSYoungGen: 206672K->616K(201728K)] 361057K->155049K(888704K), 0.0062570 secs] [Times: user=0.04 sys=0.00, real=0.01 secs] 
2014-07-07T21:08:40.046+0000: 822.066: [GC [PSYoungGen: 201700K->644K(197440K)] 356133K->155125K(884416K), 0.0091810 secs] [Times: user=0.05 sys=0.00, real=0.01 secs] 
2014-07-07T21:08:40.732+0000: 822.752: [GC [PSYoungGen: 197379K->1442K(193984K)] 351861K->155987K(880960K), 0.0051590 secs] [Times: user=0.03 sys=0.00, real=0.01 secs] 
2014-07-07T21:08:41.413+0000: 823.433: [GC [PSYoungGen: 193954K->704K(189120K)] 348499K->155345K(876096K), 0.0038540 secs] [Times: user=0.02 sys=0.00, real=0.01 secs] 
2014-07-07T21:08:42.063+0000: 824.083: [GC [PSYoungGen: 189120K->576K(185024K)] 343761K->155329K(872000K), 0.0061070 secs] [Times: user=0.04 sys=0.00, real=0.01 secs] 
2014-07-07T21:08:42.717+0000: 824.737: [GC [PSYoungGen: 185024K->1044K(181696K)] 339777K->155893K(868672K), 0.0039100 secs] [Times: user=0.02 sys=0.00, real=0.00 secs] 
2014-07-07T21:08:43.360+0000: 825.380: [GC [PSYoungGen: 181619K->687K(177600K)] 336469K->155552K(864576K), 0.0054420 secs] [Times: user=0.02 sys=0.00, real=0.01 secs] 
2014-07-07T21:08:43.974+0000: 825.994: [GC [PSYoungGen: 177583K->1040K(174400K)] 332448K->155977K(861376K), 0.0046910 secs] [Times: user=0.02 sys=0.00, real=0.01 secs] 
2014-07-07T21:08:44.569+0000: 826.589: [GC [PSYoungGen: 174352K->1134K(209152K)] 329289K->156119K(896128K), 0.0147590 secs] [Times: user=0.08 sys=0.00, real=0.02 secs] 
2014-07-07T21:08:45.309+0000: 827.329: [GC [PSYoungGen: 209109K->866K(246720K)] 364094K->155883K(933696K), 0.0051380 secs] [Times: user=0.02 sys=0.00, real=0.00 secs] 
2014-07-07T21:08:46.178+0000: 828.198: [GC [PSYoungGen: 246419K->780K(240448K)] 401437K->155861K(927424K), 0.0062620 secs] [Times: user=0.03 sys=0.01, real=0.00 secs] 
2014-07-07T21:08:47.022+0000: 829.042: [GC [PSYoungGen: 240396K->808K(234688K)] 395477K->155929K(921664K), 0.0087300 secs] [Times: user=0.05 sys=0.00, real=0.01 secs] 
2014-07-07T21:08:47.849+0000: 829.870: [GC [PSYoungGen: 234664K->676K(229056K)] 389785K->155877K(916032K), 0.0034850 secs] [Times: user=0.02 sys=0.00, real=0.00 secs] 
2014-07-07T21:08:48.671+0000: 830.691: [GC [PSYoungGen: 229028K->690K(223744K)] 384229K->155979K(910720K), 0.0086510 secs] [Times: user=0.05 sys=0.00, real=0.01 secs] 
2014-07-07T21:08:49.455+0000: 831.475: [GC [PSYoungGen: 223724K->844K(218816K)] 379014K->156189K(905792K), 0.0068990 secs] [Times: user=0.04 sys=0.01, real=0.00 secs] 
2014-07-07T21:08:50.221+0000: 832.241: [GC [PSYoungGen: 218764K->762K(213696K)] 374109K->156195K(900672K), 0.0058520 secs] [Times: user=0.02 sys=0.01, real=0.01 secs] 
2014-07-07T21:08:50.964+0000: 832.984: [GC [PSYoungGen: 213690K->708K(208896K)] 369123K->156213K(895872K), 0.0038430 secs] [Times: user=0.02 sys=0.00, real=0.01 secs] 
2014-07-07T21:08:51.696+0000: 833.716: [GC [PSYoungGen: 208836K->1196K(204736K)] 364341K->156865K(891712K), 0.0057010 secs] [Times: user=0.03 sys=0.00, real=0.00 secs] 
2014-07-07T21:08:52.416+0000: 834.437: [GC [PSYoungGen: 204716K->832K(199936K)] 360385K->156557K(886912K), 0.0059560 secs] [Times: user=0.01 sys=0.00, real=0.00 secs] 
2014-07-07T21:08:53.111+0000: 835.131: [GC [PSYoungGen: 199872K->530K(195328K)] 355597K->156335K(882304K), 0.0061200 secs] [Times: user=0.03 sys=0.00, real=0.01 secs] 
2014-07-07T21:08:53.798+0000: 835.818: [GC [PSYoungGen: 195282K->722K(191360K)] 351087K->156599K(878336K), 0.0089860 secs] [Times: user=0.05 sys=0.00, real=0.01 secs] 
2014-07-07T21:08:54.464+0000: 836.484: [GC [PSYoungGen: 191314K->918K(187520K)] 347191K->156827K(874496K), 0.0057090 secs] [Times: user=0.02 sys=0.00, real=0.01 secs] 
2014-07-07T21:08:55.114+0000: 837.134: [GC [PSYoungGen: 187478K->626K(183296K)] 343387K->156631K(870272K), 0.0043350 secs] [Times: user=0.02 sys=0.00, real=0.01 secs] 
2014-07-07T21:08:55.762+0000: 837.782: [GC [PSYoungGen: 183282K->512K(219712K)] 339287K->156573K(906688K), 0.0122950 secs] [Times: user=0.07 sys=0.01, real=0.01 secs] 
2014-07-07T21:08:56.526+0000: 838.546: [GC [PSYoungGen: 219707K->434K(238272K)] 375769K->156519K(925248K), 0.0087790 secs] [Times: user=0.04 sys=0.01, real=0.00 secs] 
2014-07-07T21:08:57.352+0000: 839.372: [GC [PSYoungGen: 237362K->748K(232064K)] 393447K->156897K(919040K), 0.0030840 secs] [Times: user=0.02 sys=0.00, real=0.00 secs] 
2014-07-07T21:08:58.165+0000: 840.185: [GC [PSYoungGen: 232044K->954K(226816K)] 388193K->157191K(913792K), 0.0064100 secs] [Times: user=0.04 sys=0.01, real=0.01 secs] 
2014-07-07T21:08:58.970+0000: 840.990: [GC [PSYoungGen: 226810K->544K(221184K)] 383047K->156869K(908160K), 0.0055730 secs] [Times: user=0.03 sys=0.00, real=0.00 secs] 
2014-07-07T21:08:59.752+0000: 841.772: [GC [PSYoungGen: 221131K->1319K(216896K)] 377457K->157988K(903872K), 0.0055580 secs] [Times: user=0.03 sys=0.01, real=0.01 secs] 
2014-07-07T21:09:00.520+0000: 842.540: [GC [PSYoungGen: 216871K->566K(211264K)] 373540K->157251K(898240K), 0.0060240 secs] [Times: user=0.02 sys=0.00, real=0.00 secs] 
2014-07-07T21:09:01.267+0000: 843.288: [GC [PSYoungGen: 211254K->480K(206464K)] 367939K->157245K(893440K), 0.0034430 secs] [Times: user=0.02 sys=0.00, real=0.00 secs] 
2014-07-07T21:09:01.990+0000: 844.010: [GC [PSYoungGen: 206359K->979K(202432K)] 363125K->157816K(889408K), 0.0061840 secs] [Times: user=0.04 sys=0.00, real=0.00 secs] 
2014-07-07T21:09:02.689+0000: 844.710: [GC [PSYoungGen: 202387K->722K(197760K)] 359224K->157631K(884736K), 0.0053710 secs] [Times: user=0.03 sys=0.00, real=0.00 secs] 
2014-07-07T21:09:03.377+0000: 845.397: [GC [PSYoungGen: 197714K->598K(193408K)] 354623K->157539K(880384K), 0.0050770 secs] [Times: user=0.02 sys=0.00, real=0.00 secs] 
2014-07-07T21:09:04.065+0000: 846.085: [GC [PSYoungGen: 193366K->722K(189440K)] 350307K->157743K(876416K), 0.0076020 secs] [Times: user=0.04 sys=0.00, real=0.01 secs] 
2014-07-07T21:09:04.715+0000: 846.735: [GC [PSYoungGen: 189378K->1022K(185728K)] 346399K->158115K(872704K), 0.0054610 secs] [Times: user=0.02 sys=0.00, real=0.01 secs] 
2014-07-07T21:09:05.365+0000: 847.385: [GC [PSYoungGen: 185696K->954K(222656K)] 342789K->158071K(909632K), 0.0114920 secs] [Times: user=0.06 sys=0.00, real=0.01 secs] 
2014-07-07T21:09:06.140+0000: 848.161: [GC [PSYoungGen: 222615K->960K(217600K)] 379732K->158141K(904576K), 0.0054260 secs] [Times: user=0.02 sys=0.00, real=0.00 secs] 
2014-07-07T21:09:06.881+0000: 848.901: [GC [PSYoungGen: 217494K->1288K(212992K)] 374675K->158550K(899968K), 0.0058910 secs] [Times: user=0.04 sys=0.00, real=0.00 secs] 
2014-07-07T21:09:07.633+0000: 849.653: [GC [PSYoungGen: 212936K->484K(207424K)] 370198K->157785K(894400K), 0.0054550 secs] [Times: user=0.02 sys=0.00, real=0.01 secs] 
2014-07-07T21:09:08.344+0000: 850.364: [GC [PSYoungGen: 207394K->1126K(203520K)] 364696K->158484K(890496K), 0.0076390 secs] [Times: user=0.04 sys=0.01, real=0.01 secs] 
2014-07-07T21:09:09.066+0000: 851.086: [GC [PSYoungGen: 203494K->956K(198912K)] 360852K->158369K(885888K), 0.0053170 secs] [Times: user=0.03 sys=0.00, real=0.01 secs] 
2014-07-07T21:09:09.755+0000: 851.775: [GC [PSYoungGen: 198908K->1206K(194880K)] 356321K->158700K(881856K), 0.0031300 secs] [Times: user=0.02 sys=0.00, real=0.00 secs] 
2014-07-07T21:09:10.418+0000: 852.438: [GC [PSYoungGen: 194870K->959K(190528K)] 352364K->158818K(877504K), 0.0030500 secs] [Times: user=0.02 sys=0.00, real=0.00 secs] 
2014-07-07T21:09:11.083+0000: 853.103: [GC [PSYoungGen: 190527K->876K(186496K)] 348386K->158799K(873472K), 0.0071070 secs] [Times: user=0.04 sys=0.00, real=0.01 secs] 
2014-07-07T21:09:11.725+0000: 853.745: [GC [PSYoungGen: 186476K->498K(182272K)] 344399K->158793K(869248K), 0.0055160 secs] [Times: user=0.04 sys=0.00, real=0.01 secs] 
2014-07-07T21:09:12.363+0000: 854.383: [GC [PSYoungGen: 182258K->942K(179008K)] 340553K->159286K(865984K), 0.0100110 secs] [Times: user=0.07 sys=0.01, real=0.01 secs] 
2014-07-07T21:09:12.984+0000: 855.004: [GC [PSYoungGen: 178990K->612K(175104K)] 337334K->159011K(862080K), 0.0032590 secs] [Times: user=0.02 sys=0.00, real=0.00 secs] 
2014-07-07T21:09:13.603+0000: 855.623: [GC [PSYoungGen: 175076K->864K(171840K)] 333475K->159336K(858816K), 0.0061140 secs] [Times: user=0.04 sys=0.00, real=0.01 secs] 
2014-07-07T21:09:14.196+0000: 856.217: [GC [PSYoungGen: 171808K->1212K(168768K)] 330280K->159724K(855744K), 0.0070090 secs] [Times: user=0.03 sys=0.00, real=0.01 secs] 
2014-07-07T21:09:14.793+0000: 856.813: [GC [PSYoungGen: 168764K->716K(165056K)] 327276K->159283K(852032K), 0.0068180 secs] [Times: user=0.04 sys=0.01, real=0.01 secs] 
2014-07-07T21:09:15.380+0000: 857.400: [GC [PSYoungGen: 165004K->864K(162048K)] 323571K->159536K(849024K), 0.0028860 secs] [Times: user=0.01 sys=0.01, real=0.00 secs] 
2014-07-07T21:09:15.936+0000: 857.956: [GC [PSYoungGen: 162006K->1356K(159488K)] 320678K->160091K(846464K), 0.0037490 secs] [Times: user=0.01 sys=0.00, real=0.01 secs] 
2014-07-07T21:09:16.490+0000: 858.510: [GC [PSYoungGen: 159436K->662K(155840K)] 318171K->159453K(842816K), 0.0047840 secs] [Times: user=0.03 sys=0.00, real=0.00 secs] 
2014-07-07T21:09:17.028+0000: 859.048: [GC [PSYoungGen: 155798K->994K(153280K)] 314589K->159865K(840256K), 0.0077990 secs] [Times: user=0.05 sys=0.00, real=0.01 secs] 
2014-07-07T21:09:17.559+0000: 859.579: [GC [PSYoungGen: 153250K->608K(150080K)] 312121K->159567K(837056K), 0.0038160 secs] [Times: user=0.02 sys=0.00, real=0.01 secs] 
2014-07-07T21:09:18.075+0000: 860.095: [GC [PSYoungGen: 150048K->776K(180160K)] 309007K->159775K(867136K), 0.0083110 secs] [Times: user=0.04 sys=0.00, real=0.01 secs] 
2014-07-07T21:09:18.699+0000: 860.719: [GC [PSYoungGen: 180104K->876K(216128K)] 339103K->159931K(903104K), 0.0068850 secs] [Times: user=0.04 sys=0.00, real=0.01 secs] 
2014-07-07T21:09:19.458+0000: 861.478: [GC [PSYoungGen: 216108K->1193K(211584K)] 375163K->160320K(898560K), 0.0040990 secs] [Times: user=0.02 sys=0.00, real=0.01 secs] 
2014-07-07T21:09:20.196+0000: 862.216: [GC [PSYoungGen: 211532K->881K(244096K)] 370659K->160247K(931072K), 0.0181900 secs] [Times: user=0.11 sys=0.00, real=0.02 secs] 
2014-07-07T21:09:21.065+0000: 863.085: [GC [PSYoungGen: 244081K->726K(244736K)] 403447K->160139K(931712K), 0.0081860 secs] [Times: user=0.02 sys=0.00, real=0.01 secs] 
2014-07-07T21:09:21.915+0000: 863.935: [GC [PSYoungGen: 243892K->498K(293376K)] 403306K->160067K(980352K), 0.0044960 secs] [Times: user=0.01 sys=0.00, real=0.01 secs] 
2014-07-07T21:09:22.958+0000: 864.978: [GC [PSYoungGen: 292338K->1028K(285184K)] 451907K->160669K(972160K), 0.0062940 secs] [Times: user=0.04 sys=0.00, real=0.01 secs] 
2014-07-07T21:09:23.952+0000: 865.972: [GC [PSYoungGen: 285098K->480K(277184K)] 444739K->160193K(964160K), 0.0094460 secs] [Times: user=0.05 sys=0.01, real=0.01 secs] 
2014-07-07T21:09:24.917+0000: 866.938: [GC [PSYoungGen: 277151K->1110K(270720K)] 436864K->160880K(957696K), 0.0034800 secs] [Times: user=0.01 sys=0.00, real=0.01 secs] 
2014-07-07T21:09:25.864+0000: 867.884: [GC [PSYoungGen: 270678K->1252K(264000K)] 430448K->161086K(950976K), 0.0034430 secs] [Times: user=0.02 sys=0.01, real=0.00 secs] 
2014-07-07T21:09:26.791+0000: 868.811: [GC [PSYoungGen: 263961K->794K(256960K)] 423795K->160675K(943936K), 0.0126050 secs] [Times: user=0.07 sys=0.00, real=0.01 secs] 
2014-07-07T21:09:27.687+0000: 869.707: [GC [PSYoungGen: 256922K->712K(250560K)] 416803K->160641K(937536K), 0.0068950 secs] [Times: user=0.04 sys=0.00, real=0.01 secs] 
2014-07-07T21:09:28.564+0000: 870.584: [GC [PSYoungGen: 250504K->594K(244288K)] 410433K->160587K(931264K), 0.0069390 secs] [Times: user=0.04 sys=0.00, real=0.00 secs] 
2014-07-07T21:09:29.415+0000: 871.435: [GC [PSYoungGen: 244242K->843K(238656K)] 404235K->160876K(925632K), 0.0085800 secs] [Times: user=0.04 sys=0.00, real=0.01 secs] 
2014-07-07T21:09:30.243+0000: 872.263: [GC [PSYoungGen: 238603K->800K(232896K)] 398636K->160889K(919872K), 0.0069900 secs] [Times: user=0.03 sys=0.00, real=0.00 secs] 
2014-07-07T21:09:31.056+0000: 873.076: [GC [PSYoungGen: 232864K->648K(227328K)] 392953K->160809K(914304K), 0.0050730 secs] [Times: user=0.03 sys=0.00, real=0.01 secs] 
2014-07-07T21:09:31.843+0000: 873.864: [GC [PSYoungGen: 227244K->766K(222144K)] 387406K->160967K(909120K), 0.0034180 secs] [Times: user=0.02 sys=0.00, real=0.00 secs] 
2014-07-07T21:09:32.618+0000: 874.639: [GC [PSYoungGen: 222142K->726K(217088K)] 382343K->160967K(904064K), 0.0068250 secs] [Times: user=0.04 sys=0.00, real=0.02 secs] 
2014-07-07T21:09:33.380+0000: 875.400: [GC [PSYoungGen: 217046K->892K(212288K)] 377287K->161221K(899264K), 0.0032970 secs] [Times: user=0.01 sys=0.00, real=0.01 secs] 
2014-07-07T21:09:34.120+0000: 876.140: [GC [PSYoungGen: 212244K->730K(207424K)] 372574K->161099K(894400K), 0.0071070 secs] [Times: user=0.04 sys=0.01, real=0.01 secs] 
2014-07-07T21:09:34.843+0000: 876.863: [GC [PSYoungGen: 207339K->1277K(249280K)] 367709K->161865K(936256K), 0.0151450 secs] [Times: user=0.08 sys=0.00, real=0.01 secs] 
2014-07-07T21:09:35.712+0000: 877.732: [GC [PSYoungGen: 249194K->544K(242496K)] 409782K->161344K(929472K), 0.0038990 secs] [Times: user=0.01 sys=0.00, real=0.00 secs] 
2014-07-07T21:09:36.566+0000: 878.586: [GC [PSYoungGen: 242422K->1342K(237440K)] 403222K->162288K(924416K), 0.0048230 secs] [Times: user=0.02 sys=0.00, real=0.00 secs] 
2014-07-07T21:09:37.410+0000: 879.431: [GC [PSYoungGen: 237438K->900K(231424K)] 398384K->162042K(918400K), 0.0062880 secs] [Times: user=0.03 sys=0.00, real=0.01 secs] 
2014-07-07T21:09:38.213+0000: 880.233: [GC [PSYoungGen: 231364K->967K(226112K)] 392506K->162205K(913088K), 0.0046660 secs] [Times: user=0.03 sys=0.00, real=0.00 secs] 
2014-07-07T21:09:39.005+0000: 881.025: [GC [PSYoungGen: 226055K->544K(220480K)] 387293K->161846K(907456K), 0.0038470 secs] [Times: user=0.02 sys=0.00, real=0.00 secs] 
2014-07-07T21:09:39.771+0000: 881.791: [GC [PSYoungGen: 220448K->1100K(216000K)] 381750K->162450K(902976K), 0.0061740 secs] [Times: user=0.03 sys=0.00, real=0.01 secs] 
2014-07-07T21:09:40.525+0000: 882.545: [GC [PSYoungGen: 215948K->640K(210624K)] 377298K->162062K(897600K), 0.0031290 secs] [Times: user=0.01 sys=0.00, real=0.00 secs] 
2014-07-07T21:09:41.268+0000: 883.288: [GC [PSYoungGen: 210610K->975K(206336K)] 372032K->162469K(893312K), 0.0081510 secs] [Times: user=0.04 sys=0.01, real=0.01 secs] 
2014-07-07T21:09:41.993+0000: 884.013: [GC [PSYoungGen: 206287K->1004K(201792K)] 367781K->162570K(888768K), 0.0066710 secs] [Times: user=0.04 sys=0.00, real=0.01 secs] 
2014-07-07T21:09:42.714+0000: 884.734: [GC [PSYoungGen: 201751K->886K(197312K)] 363318K->162500K(884288K), 0.0035390 secs] [Times: user=0.02 sys=0.00, real=0.00 secs] 
2014-07-07T21:09:43.401+0000: 885.421: [GC [PSYoungGen: 197302K->1078K(193280K)] 358916K->162812K(880256K), 0.0054580 secs] [Times: user=0.03 sys=0.00, real=0.01 secs] 
2014-07-07T21:09:44.082+0000: 886.102: [GC [PSYoungGen: 193270K->722K(188864K)] 355004K->162536K(875840K), 0.0049290 secs] [Times: user=0.03 sys=0.00, real=0.01 secs] 
2014-07-07T21:09:44.733+0000: 886.753: [GC [PSYoungGen: 188818K->1138K(185344K)] 350632K->163199K(872320K), 0.0047080 secs] [Times: user=0.03 sys=0.00, real=0.01 secs] 
2014-07-07T21:09:45.374+0000: 887.395: [GC [PSYoungGen: 185330K->708K(181184K)] 347391K->162840K(868160K), 0.0044510 secs] [Times: user=0.02 sys=0.00, real=0.00 secs] 
2014-07-07T21:09:46.010+0000: 888.030: [GC [PSYoungGen: 181085K->918K(177664K)] 343218K->163154K(864640K), 0.0043380 secs] [Times: user=0.02 sys=0.01, real=0.01 secs] 
2014-07-07T21:09:46.640+0000: 888.660: [GC [PSYoungGen: 177611K->744K(173888K)] 339847K->163028K(860864K), 0.0056040 secs] [Times: user=0.03 sys=0.00, real=0.01 secs] 
2014-07-07T21:09:47.248+0000: 889.268: [GC [PSYoungGen: 173864K->658K(170368K)] 336148K->163006K(857344K), 0.0092530 secs] [Times: user=0.06 sys=0.00, real=0.01 secs] 
2014-07-07T21:09:47.833+0000: 889.854: [GC [PSYoungGen: 170322K->708K(204416K)] 332670K->163136K(891392K), 0.0080610 secs] [Times: user=0.04 sys=0.00, real=0.01 secs] 
2014-07-07T21:09:48.547+0000: 890.567: [GC [PSYoungGen: 204356K->872K(245312K)] 366784K->163348K(932288K), 0.0077260 secs] [Times: user=0.03 sys=0.00, real=0.01 secs] 
2014-07-07T21:09:49.398+0000: 891.418: [GC [PSYoungGen: 245284K->945K(239488K)] 407761K->163470K(926464K), 0.0032250 secs] [Times: user=0.02 sys=0.00, real=0.00 secs] 
2014-07-07T21:09:50.244+0000: 892.264: [GC [PSYoungGen: 239473K->576K(233408K)] 401998K->163180K(920384K), 0.0050250 secs] [Times: user=0.03 sys=0.00, real=0.00 secs] 
2014-07-07T21:09:51.063+0000: 893.083: [GC [PSYoungGen: 233377K->775K(228160K)] 395981K->163451K(915136K), 0.0107550 secs] [Times: user=0.06 sys=0.00, real=0.01 secs] 
2014-07-07T21:09:51.869+0000: 893.889: [GC [PSYoungGen: 228103K->648K(222720K)] 390779K->163364K(909696K), 0.0032620 secs] [Times: user=0.01 sys=0.00, real=0.00 secs] 
2014-07-07T21:09:52.666+0000: 894.686: [GC [PSYoungGen: 222632K->662K(217600K)] 385348K->163450K(904576K), 0.0052160 secs] [Times: user=0.03 sys=0.00, real=0.00 secs] 
2014-07-07T21:09:53.421+0000: 895.441: [GC [PSYoungGen: 217558K->1100K(213120K)] 380346K->163960K(900096K), 0.0031330 secs] [Times: user=0.01 sys=0.00, real=0.00 secs] 
2014-07-07T21:09:54.174+0000: 896.194: [GC [PSYoungGen: 213068K->448K(254848K)] 375928K->163348K(941824K), 0.0171450 secs] [Times: user=0.09 sys=0.00, real=0.02 secs] 
2014-07-07T21:09:55.059+0000: 897.079: [GC [PSYoungGen: 254848K->676K(248832K)] 417748K->163648K(935808K), 0.0055670 secs] [Times: user=0.03 sys=0.00, real=0.00 secs] 
2014-07-07T21:09:55.917+0000: 897.937: [GC [PSYoungGen: 248790K->1061K(243136K)] 411763K->164105K(930112K), 0.0077170 secs] [Times: user=0.04 sys=0.00, real=0.00 secs] 
2014-07-07T21:09:56.782+0000: 898.802: [GC [PSYoungGen: 243109K->644K(236928K)] 406153K->163744K(923904K), 0.0049640 secs] [Times: user=0.02 sys=0.00, real=0.01 secs] 
2014-07-07T21:09:57.619+0000: 899.639: [GC [PSYoungGen: 236868K->708K(231360K)] 399968K->163856K(918336K), 0.0035940 secs] [Times: user=0.02 sys=0.00, real=0.00 secs] 
2014-07-07T21:09:58.436+0000: 900.456: [GC [PSYoungGen: 231300K->1096K(226304K)] 394448K->164332K(913280K), 0.0065300 secs] [Times: user=0.04 sys=0.00, real=0.00 secs] 
2014-07-07T21:09:59.232+0000: 901.252: [GC [PSYoungGen: 226220K->626K(220544K)] 389456K->163942K(907520K), 0.0032820 secs] [Times: user=0.01 sys=0.01, real=0.00 secs] 
2014-07-07T21:09:59.996+0000: 902.016: [GC [PSYoungGen: 220530K->958K(215808K)] 383846K->164346K(902784K), 0.0032860 secs] [Times: user=0.01 sys=0.00, real=0.00 secs] 
2014-07-07T21:10:00.761+0000: 902.781: [GC [PSYoungGen: 215806K->594K(210624K)] 379194K->164046K(897600K), 0.0064340 secs] [Times: user=0.04 sys=0.00, real=0.01 secs] 
2014-07-07T21:10:01.491+0000: 903.511: [GC [PSYoungGen: 210538K->818K(206144K)] 373990K->164310K(893120K), 0.0062460 secs] [Times: user=0.03 sys=0.00, real=0.01 secs] 
2014-07-07T21:10:02.216+0000: 904.236: [GC [PSYoungGen: 206107K->994K(201792K)] 369599K->164574K(888768K), 0.0044780 secs] [Times: user=0.02 sys=0.00, real=0.00 secs] 
2014-07-07T21:10:02.927+0000: 904.947: [GC [PSYoungGen: 201762K->544K(196992K)] 365342K->164196K(883968K), 0.0036440 secs] [Times: user=0.01 sys=0.00, real=0.00 secs] 
2014-07-07T21:10:03.621+0000: 905.641: [GC [PSYoungGen: 196960K->676K(192896K)] 360612K->164384K(879872K), 0.0054130 secs] [Times: user=0.02 sys=0.00, real=0.01 secs] 
2014-07-07T21:10:04.300+0000: 906.321: [GC [PSYoungGen: 192868K->562K(188672K)] 356576K->164318K(875648K), 0.0076230 secs] [Times: user=0.04 sys=0.00, real=0.01 secs] 
2014-07-07T21:10:04.953+0000: 906.973: [GC [PSYoungGen: 188658K->722K(184960K)] 352414K->164582K(871936K), 0.0040120 secs] [Times: user=0.02 sys=0.00, real=0.00 secs] 
2014-07-07T21:10:05.595+0000: 907.615: [GC [PSYoungGen: 184914K->872K(181312K)] 348774K->164788K(868288K), 0.0112430 secs] [Times: user=0.06 sys=0.00, real=0.02 secs] 
2014-07-07T21:10:06.225+0000: 908.245: [GC [PSYoungGen: 181288K->672K(177408K)] 345204K->164660K(864384K), 0.0037550 secs] [Times: user=0.01 sys=0.00, real=0.01 secs] 
2014-07-07T21:10:06.848+0000: 908.868: [GC [PSYoungGen: 177376K->858K(174016K)] 341364K->164984K(860992K), 0.0040670 secs] [Times: user=0.02 sys=0.00, real=0.00 secs] 
2014-07-07T21:10:07.456+0000: 909.476: [GC [PSYoungGen: 173957K->1126K(170816K)] 338083K->165340K(857792K), 0.0044630 secs] [Times: user=0.03 sys=0.00, real=0.01 secs] 
2014-07-07T21:10:08.048+0000: 910.068: [GC [PSYoungGen: 170790K->438K(166784K)] 335004K->165470K(853760K), 0.0060290 secs] [Times: user=0.04 sys=0.00, real=0.00 secs] 
2014-07-07T21:10:08.627+0000: 910.647: [GC [PSYoungGen: 166774K->1264K(164416K)] 331806K->166419K(851392K), 0.0053590 secs] [Times: user=0.03 sys=0.00, real=0.01 secs] 
2014-07-07T21:10:09.209+0000: 911.229: [GC [PSYoungGen: 164400K->512K(160512K)] 329555K->165947K(847488K), 0.0035140 secs] [Times: user=0.01 sys=0.01, real=0.00 secs] 
2014-07-07T21:10:09.774+0000: 911.794: [GC [PSYoungGen: 160477K->858K(157888K)] 325912K->166365K(844864K), 0.0074860 secs] [Times: user=0.05 sys=0.00, real=0.01 secs] 
2014-07-07T21:10:10.320+0000: 912.340: [GC [PSYoungGen: 157850K->644K(154752K)] 323357K->166207K(841728K), 0.0066240 secs] [Times: user=0.04 sys=0.00, real=0.00 secs] 
2014-07-07T21:10:10.848+0000: 912.868: [GC [PSYoungGen: 154692K->908K(152128K)] 320255K->166567K(839104K), 0.0057070 secs] [Times: user=0.04 sys=0.00, real=0.01 secs] 
2014-07-07T21:10:11.393+0000: 913.413: [GC [PSYoungGen: 152076K->964K(149440K)] 317735K->166711K(836416K), 0.0054360 secs] [Times: user=0.03 sys=0.00, real=0.01 secs] 
2014-07-07T21:10:11.923+0000: 913.943: [GC [PSYoungGen: 149380K->598K(146368K)] 315127K->166409K(833344K), 0.0044920 secs] [Times: user=0.03 sys=0.00, real=0.00 secs] 
2014-07-07T21:10:12.439+0000: 914.459: [GC [PSYoungGen: 146326K->1208K(144320K)] 312137K->167099K(831296K), 0.0059910 secs] [Times: user=0.03 sys=0.00, real=0.00 secs] 
2014-07-07T21:10:12.947+0000: 914.967: [GC [PSYoungGen: 144312K->850K(172672K)] 310203K->166837K(859648K), 0.0066600 secs] [Times: user=0.04 sys=0.00, real=0.01 secs] 
2014-07-07T21:10:13.548+0000: 915.568: [GC [PSYoungGen: 172622K->996K(207168K)] 338609K->167057K(894144K), 0.0054730 secs] [Times: user=0.01 sys=0.00, real=0.00 secs] 
2014-07-07T21:10:14.267+0000: 916.287: [GC [PSYoungGen: 207140K->594K(202240K)] 373201K->166719K(889216K), 0.0060230 secs] [Times: user=0.04 sys=0.00, real=0.01 secs] 
2014-07-07T21:10:14.974+0000: 916.994: [GC [PSYoungGen: 202172K->1182K(198400K)] 368297K->167395K(885376K), 0.0033300 secs] [Times: user=0.02 sys=0.00, real=0.00 secs] 
2014-07-07T21:10:15.674+0000: 917.694: [GC [PSYoungGen: 198366K->544K(193536K)] 364579K->166805K(880512K), 0.0066460 secs] [Times: user=0.04 sys=0.00, real=0.01 secs] 
2014-07-07T21:10:16.359+0000: 918.379: [GC [PSYoungGen: 193501K->826K(232384K)] 359762K->167143K(919360K), 0.0103710 secs] [Times: user=0.05 sys=0.00, real=0.01 secs] 
2014-07-07T21:10:17.159+0000: 919.179: [GC [PSYoungGen: 232369K->986K(227136K)] 398686K->167383K(914112K), 0.0068410 secs] [Times: user=0.04 sys=0.00, real=0.00 secs] 
2014-07-07T21:10:17.962+0000: 919.982: [GC [PSYoungGen: 227098K->826K(221696K)] 393495K->167303K(908672K), 0.0029600 secs] [Times: user=0.02 sys=0.00, real=0.00 secs] 
2014-07-07T21:10:18.743+0000: 920.763: [GC [PSYoungGen: 221690K->644K(216512K)] 388167K->167193K(903488K), 0.0036940 secs] [Times: user=0.02 sys=0.00, real=0.00 secs] 
2014-07-07T21:10:19.509+0000: 921.529: [GC [PSYoungGen: 216452K->516K(211520K)] 383001K->167121K(898496K), 0.0041900 secs] [Times: user=0.01 sys=0.00, real=0.01 secs] 
2014-07-07T21:10:20.267+0000: 922.287: [GC [PSYoungGen: 211460K->544K(206784K)] 378065K->167189K(893760K), 0.0047250 secs] [Times: user=0.02 sys=0.00, real=0.01 secs] 
2014-07-07T21:10:20.998+0000: 923.018: [GC [PSYoungGen: 206750K->904K(202624K)] 373395K->167645K(889600K), 0.0070040 secs] [Times: user=0.05 sys=0.00, real=0.01 secs] 
2014-07-07T21:10:21.699+0000: 923.719: [GC [PSYoungGen: 202568K->994K(198272K)] 369309K->167783K(885248K), 0.0053690 secs] [Times: user=0.02 sys=0.00, real=0.01 secs] 
2014-07-07T21:10:22.390+0000: 924.410: [GC [PSYoungGen: 198242K->836K(193920K)] 365031K->167665K(880896K), 0.0034150 secs] [Times: user=0.01 sys=0.00, real=0.00 secs] 
2014-07-07T21:10:23.068+0000: 925.089: [GC [PSYoungGen: 193831K->1338K(190272K)] 360660K->168239K(877248K), 0.0038240 secs] [Times: user=0.01 sys=0.00, real=0.01 secs] 
2014-07-07T21:10:23.733+0000: 925.753: [GC [PSYoungGen: 190247K->488K(185472K)] 357148K->167751K(872448K), 0.0119480 secs] [Times: user=0.06 sys=0.01, real=0.01 secs] 
2014-07-07T21:10:24.382+0000: 926.402: [GC [PSYoungGen: 185448K->996K(182144K)] 352711K->168331K(869120K), 0.0061820 secs] [Times: user=0.04 sys=0.00, real=0.00 secs] 
2014-07-07T21:10:25.024+0000: 927.045: [GC [PSYoungGen: 182116K->658K(178112K)] 349451K->168189K(865088K), 0.0078470 secs] [Times: user=0.04 sys=0.00, real=0.01 secs] 
2014-07-07T21:10:25.657+0000: 927.677: [GC [PSYoungGen: 178049K->779K(174656K)] 345580K->168398K(861632K), 0.0051200 secs] [Times: user=0.03 sys=0.00, real=0.01 secs] 
2014-07-07T21:10:26.271+0000: 928.291: [GC [PSYoungGen: 174603K->1032K(171456K)] 342222K->168731K(858432K), 0.0048300 secs] [Times: user=0.03 sys=0.00, real=0.00 secs] 
2014-07-07T21:10:26.872+0000: 928.892: [GC [PSYoungGen: 171400K->708K(167808K)] 339099K->168495K(854784K), 0.0047260 secs] [Times: user=0.03 sys=0.00, real=0.00 secs] 
2014-07-07T21:10:27.463+0000: 929.483: [GC [PSYoungGen: 167747K->498K(200960K)] 335534K->168349K(887936K), 0.0228250 secs] [Times: user=0.13 sys=0.00, real=0.02 secs] 
2014-07-07T21:10:28.162+0000: 930.182: [GC [PSYoungGen: 200946K->1268K(241856K)] 368797K->169167K(928832K), 0.0158350 secs] [Times: user=0.09 sys=0.00, real=0.01 secs] 
2014-07-07T21:10:28.994+0000: 931.014: [GC [PSYoungGen: 241844K->1076K(242304K)] 409743K->169079K(929280K), 0.0083480 secs] [Times: user=0.05 sys=0.00, real=0.01 secs] 
2014-07-07T21:10:29.848+0000: 931.868: [GC [PSYoungGen: 242292K->926K(242752K)] 410295K->169017K(929728K), 0.0070780 secs] [Times: user=0.05 sys=0.00, real=0.01 secs] 
2014-07-07T21:10:30.681+0000: 932.701: [GC [PSYoungGen: 242142K->1026K(290880K)] 410233K->169197K(977856K), 0.0082870 secs] [Times: user=0.05 sys=0.00, real=0.01 secs] 
2014-07-07T21:10:31.696+0000: 933.716: [GC [PSYoungGen: 290483K->1060K(290944K)] 458654K->169271K(977920K), 0.0096370 secs] [Times: user=0.02 sys=0.00, real=0.01 secs] 
2014-07-07T21:10:32.712+0000: 934.732: [GC [PSYoungGen: 290531K->808K(348864K)] 458742K->169115K(1035840K), 0.0087460 secs] [Times: user=0.06 sys=0.00, real=0.01 secs] 
2014-07-07T21:10:33.941+0000: 935.961: [GC [PSYoungGen: 348200K->776K(338304K)] 516507K->169155K(1025280K), 0.0034690 secs] [Times: user=0.01 sys=0.00, real=0.00 secs] 
2014-07-07T21:10:35.154+0000: 937.174: [GC [PSYoungGen: 338248K->416K(328384K)] 506627K->168843K(1015360K), 0.0063770 secs] [Times: user=0.03 sys=0.00, real=0.00 secs] 
2014-07-07T21:10:36.296+0000: 938.316: [GC [PSYoungGen: 328352K->694K(319488K)] 496779K->169209K(1006464K), 0.0054120 secs] [Times: user=0.03 sys=0.00, real=0.01 secs] 
2014-07-07T21:10:37.402+0000: 939.422: [GC [PSYoungGen: 319478K->994K(311040K)] 487993K->169565K(998016K), 0.0063260 secs] [Times: user=0.03 sys=0.01, real=0.00 secs] 
2014-07-07T21:10:38.509+0000: 940.529: [GC [PSYoungGen: 310989K->580K(302208K)] 479561K->169175K(989184K), 0.0150820 secs] [Times: user=0.09 sys=0.00, real=0.02 secs] 
2014-07-07T21:10:39.566+0000: 941.586: [GC [PSYoungGen: 302143K->868K(294336K)] 470738K->169503K(981312K), 0.0074740 secs] [Times: user=0.05 sys=0.00, real=0.01 secs] 
2014-07-07T21:10:40.589+0000: 942.609: [GC [PSYoungGen: 294303K->1381K(287040K)] 462938K->170048K(974016K), 0.0037440 secs] [Times: user=0.01 sys=0.00, real=0.01 secs] 
2014-07-07T21:10:41.605+0000: 943.625: [GC [PSYoungGen: 287013K->552K(278720K)] 455680K->169307K(965696K), 0.0061710 secs] [Times: user=0.01 sys=0.00, real=0.00 secs] 
2014-07-07T21:10:42.577+0000: 944.597: [GC [PSYoungGen: 278696K->780K(271808K)] 447451K->169625K(958784K), 0.0034770 secs] [Times: user=0.02 sys=0.00, real=0.00 secs] 
2014-07-07T21:10:43.531+0000: 945.551: [GC [PSYoungGen: 271756K->1334K(265408K)] 440601K->170510K(952384K), 0.0044810 secs] [Times: user=0.02 sys=0.00, real=0.01 secs] 
2014-07-07T21:10:44.473+0000: 946.493: [GC [PSYoungGen: 265364K->712K(258176K)] 434539K->169951K(945152K), 0.0034130 secs] [Times: user=0.02 sys=0.00, real=0.01 secs] 
2014-07-07T21:10:45.373+0000: 947.393: [GC [PSYoungGen: 258120K->1126K(252160K)] 427359K->170446K(939136K), 0.0066280 secs] [Times: user=0.05 sys=0.00, real=0.01 secs] 
2014-07-07T21:10:46.232+0000: 948.252: [GC [PSYoungGen: 252132K->1173K(246080K)] 421451K->170557K(933056K), 0.0073800 secs] [Times: user=0.04 sys=0.00, real=0.01 secs] 
2014-07-07T21:10:47.093+0000: 949.113: [GC [PSYoungGen: 246037K->544K(239488K)] 415421K->169991K(926464K), 0.0038160 secs] [Times: user=0.02 sys=0.00, real=0.00 secs] 
2014-07-07T21:10:47.929+0000: 949.949: [GC [PSYoungGen: 239456K->544K(233792K)] 408903K->170111K(920768K), 0.0037580 secs] [Times: user=0.02 sys=0.00, real=0.01 secs] 
2014-07-07T21:10:48.754+0000: 950.775: [GC [PSYoungGen: 233760K->980K(228736K)] 403327K->170611K(915712K), 0.0038500 secs] [Times: user=0.02 sys=0.00, real=0.00 secs] 
2014-07-07T21:10:49.536+0000: 951.556: [GC [PSYoungGen: 228692K->1058K(223488K)] 398323K->170761K(910464K), 0.0066530 secs] [Times: user=0.05 sys=0.00, real=0.01 secs] 
2014-07-07T21:10:50.311+0000: 952.332: [GC [PSYoungGen: 223458K->1127K(218432K)] 393161K->171146K(905408K), 0.0063200 secs] [Times: user=0.03 sys=0.01, real=0.01 secs] 
2014-07-07T21:10:51.085+0000: 953.105: [GC [PSYoungGen: 218407K->1213K(213568K)] 388426K->171295K(900544K), 0.0054760 secs] [Times: user=0.02 sys=0.00, real=0.00 secs] 
2014-07-07T21:10:51.830+0000: 953.850: [GC [PSYoungGen: 213565K->830K(208448K)] 383647K->170992K(895424K), 0.0041910 secs] [Times: user=0.03 sys=0.00, real=0.01 secs] 
2014-07-07T21:10:52.546+0000: 954.566: [GC [PSYoungGen: 208446K->630K(203648K)] 378608K->170832K(890624K), 0.0088130 secs] [Times: user=0.05 sys=0.00, real=0.01 secs] 
2014-07-07T21:10:53.263+0000: 955.283: [GC [PSYoungGen: 203638K->758K(199360K)] 373840K->171016K(886336K), 0.0074010 secs] [Times: user=0.03 sys=0.00, real=0.01 secs] 
2014-07-07T21:10:53.954+0000: 955.974: [GC [PSYoungGen: 199331K->986K(195328K)] 369590K->171300K(882304K), 0.0080470 secs] [Times: user=0.04 sys=0.00, real=0.00 secs] 
2014-07-07T21:10:54.632+0000: 956.652: [GC [PSYoungGen: 195290K->566K(190720K)] 365604K->170920K(877696K), 0.0066250 secs] [Times: user=0.03 sys=0.00, real=0.01 secs] 
2014-07-07T21:10:55.291+0000: 957.311: [GC [PSYoungGen: 190694K->1411K(187584K)] 361048K->171845K(874560K), 0.0085370 secs] [Times: user=0.05 sys=0.00, real=0.01 secs] 
2014-07-07T21:10:55.937+0000: 957.957: [GC [PSYoungGen: 187523K->1150K(183424K)] 357957K->171640K(870400K), 0.0040650 secs] [Times: user=0.02 sys=0.00, real=0.00 secs] 
2014-07-07T21:10:56.586+0000: 958.606: [GC [PSYoungGen: 183422K->1036K(179648K)] 353912K->171583K(866624K), 0.0060930 secs] [Times: user=0.03 sys=0.00, real=0.00 secs] 
2014-07-07T21:10:57.218+0000: 959.238: [GC [PSYoungGen: 179596K->990K(175936K)] 350143K->171608K(862912K), 0.0052650 secs] [Times: user=0.03 sys=0.00, real=0.00 secs] 
2014-07-07T21:10:57.836+0000: 959.856: [GC [PSYoungGen: 175902K->480K(171904K)] 346520K->171154K(858880K), 0.0076850 secs] [Times: user=0.04 sys=0.00, real=0.00 secs] 
2014-07-07T21:10:58.440+0000: 960.460: [GC [PSYoungGen: 171872K->982K(169024K)] 342546K->171696K(856000K), 0.0066340 secs] [Times: user=0.03 sys=0.00, real=0.01 secs] 
2014-07-07T21:10:59.028+0000: 961.048: [GC [PSYoungGen: 168947K->1167K(165952K)] 339662K->171994K(852928K), 0.0051370 secs] [Times: user=0.03 sys=0.00, real=0.00 secs] 
2014-07-07T21:10:59.597+0000: 961.617: [GC [PSYoungGen: 165902K->512K(162048K)] 336728K->171418K(849024K), 0.0054710 secs] [Times: user=0.04 sys=0.00, real=0.00 secs] 
2014-07-07T21:11:00.167+0000: 962.187: [GC [PSYoungGen: 162047K->584K(159104K)] 332954K->171554K(846080K), 0.0034620 secs] [Times: user=0.02 sys=0.00, real=0.00 secs] 
2014-07-07T21:11:00.718+0000: 962.738: [GC [PSYoungGen: 159048K->1221K(156736K)] 330018K->172247K(843712K), 0.0038190 secs] [Times: user=0.01 sys=0.00, real=0.00 secs] 
2014-07-07T21:11:01.274+0000: 963.294: [GC [PSYoungGen: 156677K->912K(153536K)] 327703K->171986K(840512K), 0.0042240 secs] [Times: user=0.02 sys=0.00, real=0.01 secs] 
2014-07-07T21:11:01.805+0000: 963.825: [GC [PSYoungGen: 153462K->1028K(150848K)] 324537K->172182K(837824K), 0.0058610 secs] [Times: user=0.04 sys=0.00, real=0.00 secs] 
2014-07-07T21:11:02.342+0000: 964.362: [GC [PSYoungGen: 150788K->1025K(148160K)] 321942K->172251K(835136K), 0.0044460 secs] [Times: user=0.02 sys=0.00, real=0.01 secs] 
2014-07-07T21:11:02.851+0000: 964.871: [GC [PSYoungGen: 148097K->612K(145088K)] 319323K->171910K(832064K), 0.0067030 secs] [Times: user=0.05 sys=0.00, real=0.01 secs] 
2014-07-07T21:11:03.368+0000: 965.388: [GC [PSYoungGen: 145060K->1000K(174400K)] 316358K->172347K(861376K), 0.0086660 secs] [Times: user=0.05 sys=0.00, real=0.01 secs] 
2014-07-07T21:11:03.971+0000: 965.992: [GC [PSYoungGen: 174376K->836K(208960K)] 345723K->172246K(895936K), 0.0066300 secs] [Times: user=0.03 sys=0.00, real=0.01 secs] 
2014-07-07T21:11:04.697+0000: 966.717: [GC [PSYoungGen: 208900K->894K(250624K)] 380310K->172368K(937600K), 0.0060960 secs] [Times: user=0.02 sys=0.00, real=0.00 secs] 
2014-07-07T21:11:05.574+0000: 967.594: [GC [PSYoungGen: 250622K->1210K(244800K)] 422096K->172872K(931776K), 0.0051780 secs] [Times: user=0.03 sys=0.00, real=0.01 secs] 
2014-07-07T21:11:06.419+0000: 968.440: [GC [PSYoungGen: 244794K->872K(293248K)] 416456K->172559K(980224K), 0.0128440 secs] [Times: user=0.06 sys=0.00, real=0.01 secs] 
2014-07-07T21:11:07.454+0000: 969.474: [GC [PSYoungGen: 293179K->908K(285568K)] 464865K->172642K(972544K), 0.0051710 secs] [Times: user=0.01 sys=0.00, real=0.01 secs] 
2014-07-07T21:11:08.460+0000: 970.480: [GC [PSYoungGen: 285516K->748K(277952K)] 457250K->172546K(964928K), 0.0051520 secs] [Times: user=0.02 sys=0.00, real=0.00 secs] 
2014-07-07T21:11:09.417+0000: 971.437: [GC [PSYoungGen: 277917K->1209K(271232K)] 449716K->173048K(958208K), 0.0132040 secs] [Times: user=0.08 sys=0.00, real=0.01 secs] 
2014-07-07T21:11:10.362+0000: 972.382: [GC [PSYoungGen: 271225K->796K(264000K)] 443064K->172682K(950976K), 0.0076150 secs] [Times: user=0.04 sys=0.00, real=0.01 secs] 
2014-07-07T21:11:11.288+0000: 973.308: [GC [PSYoungGen: 263962K->850K(257472K)] 435848K->172809K(944448K), 0.0033500 secs] [Times: user=0.02 sys=0.00, real=0.00 secs] 
2014-07-07T21:11:12.190+0000: 974.210: [GC [PSYoungGen: 257426K->836K(251072K)] 429385K->172874K(938048K), 0.0040820 secs] [Times: user=0.02 sys=0.00, real=0.00 secs] 
2014-07-07T21:11:13.083+0000: 975.103: [GC [PSYoungGen: 251012K->815K(244864K)] 423050K->172909K(931840K), 0.0088380 secs] [Times: user=0.05 sys=0.01, real=0.01 secs] 
2014-07-07T21:11:13.951+0000: 975.971: [GC [PSYoungGen: 244840K->594K(238784K)] 416934K->172760K(925760K), 0.0034770 secs] [Times: user=0.02 sys=0.00, real=0.00 secs] 
2014-07-07T21:11:14.776+0000: 976.796: [GC [PSYoungGen: 238738K->894K(233344K)] 410904K->173172K(920320K), 0.0041840 secs] [Times: user=0.03 sys=0.00, real=0.01 secs] 
2014-07-07T21:11:15.599+0000: 977.619: [GC [PSYoungGen: 233342K->608K(227584K)] 405620K->172958K(914560K), 0.0066540 secs] [Times: user=0.02 sys=0.00, real=0.00 secs] 
2014-07-07T21:11:16.401+0000: 978.421: [GC [PSYoungGen: 227552K->740K(222400K)] 399902K->173178K(909376K), 0.0044690 secs] [Times: user=0.02 sys=0.00, real=0.00 secs] 
2014-07-07T21:11:17.172+0000: 979.192: [GC [PSYoungGen: 222372K->530K(217088K)] 394810K->173032K(904064K), 0.0051140 secs] [Times: user=0.03 sys=0.00, real=0.00 secs] 
2014-07-07T21:11:17.940+0000: 979.960: [GC [PSYoungGen: 217042K->1156K(212800K)] 389544K->173723K(899776K), 0.0056860 secs] [Times: user=0.03 sys=0.00, real=0.00 secs] 
2014-07-07T21:11:18.694+0000: 980.714: [GC [PSYoungGen: 212725K->961K(207872K)] 385292K->173591K(894848K), 0.0041380 secs] [Times: user=0.02 sys=0.00, real=0.00 secs] 
2014-07-07T21:11:19.420+0000: 981.440: [GC [PSYoungGen: 207809K->612K(202944K)] 380439K->173573K(889920K), 0.0066240 secs] [Times: user=0.02 sys=0.00, real=0.00 secs] 
2014-07-07T21:11:20.116+0000: 982.136: [GC [PSYoungGen: 202916K->1018K(198912K)] 375877K->174034K(885888K), 0.0050540 secs] [Times: user=0.02 sys=0.01, real=0.01 secs] 
2014-07-07T21:11:20.807+0000: 982.827: [GC [PSYoungGen: 198906K->1014K(194624K)] 371922K->174269K(881600K), 0.0060840 secs] [Times: user=0.01 sys=0.00, real=0.01 secs] 
2014-07-07T21:11:21.484+0000: 983.504: [GC [PSYoungGen: 194613K->772K(190336K)] 367868K->174122K(877312K), 0.0033020 secs] [Times: user=0.01 sys=0.01, real=0.00 secs] 
2014-07-07T21:11:22.146+0000: 984.166: [GC [PSYoungGen: 190276K->894K(186432K)] 363626K->174300K(873408K), 0.0036720 secs] [Times: user=0.01 sys=0.00, real=0.01 secs] 
2014-07-07T21:11:22.805+0000: 984.825: [GC [PSYoungGen: 186429K->765K(182464K)] 359836K->174228K(869440K), 0.0053400 secs] [Times: user=0.03 sys=0.00, real=0.01 secs] 
2014-07-07T21:11:23.453+0000: 985.473: [GC [PSYoungGen: 182461K->839K(178880K)] 355924K->174365K(865856K), 0.0058380 secs] [Times: user=0.03 sys=0.01, real=0.00 secs] 
2014-07-07T21:11:24.070+0000: 986.090: [GC [PSYoungGen: 178812K->1157K(175616K)] 352339K->174739K(862592K), 0.0066440 secs] [Times: user=0.04 sys=0.01, real=0.00 secs] 
2014-07-07T21:11:24.674+0000: 986.694: [GC [PSYoungGen: 175557K->484K(171456K)] 349139K->174146K(858432K), 0.0049480 secs] [Times: user=0.01 sys=0.01, real=0.01 secs] 
2014-07-07T21:11:25.282+0000: 987.302: [GC [PSYoungGen: 171428K->954K(168512K)] 345090K->174696K(855488K), 0.0035470 secs] [Times: user=0.02 sys=0.01, real=0.00 secs] 
2014-07-07T21:11:25.864+0000: 987.884: [GC [PSYoungGen: 168506K->1184K(165504K)] 342248K->175049K(852480K), 0.0051220 secs] [Times: user=0.04 sys=0.00, real=0.00 secs] 
2014-07-07T21:11:26.440+0000: 988.460: [GC [PSYoungGen: 165439K->1200K(162368K)] 339304K->175129K(849344K), 0.0057620 secs] [Times: user=0.03 sys=0.01, real=0.00 secs] 
2014-07-07T21:11:27.012+0000: 989.032: [GC [PSYoungGen: 162349K->438K(158528K)] 336278K->174832K(845504K), 0.0057880 secs] [Times: user=0.03 sys=0.00, real=0.00 secs] 
2014-07-07T21:11:27.579+0000: 989.599: [GC [PSYoungGen: 158518K->776K(190528K)] 332912K->175250K(877504K), 0.0092770 secs] [Times: user=0.05 sys=0.00, real=0.00 secs] 
2014-07-07T21:11:28.251+0000: 990.271: [GC [PSYoungGen: 190472K->1106K(186880K)] 364946K->175753K(873856K), 0.0055350 secs] [Times: user=0.03 sys=0.00, real=0.00 secs] 
2014-07-07T21:11:28.898+0000: 990.918: [GC [PSYoungGen: 186808K->1102K(183040K)] 361455K->175845K(870016K), 0.0052590 secs] [Times: user=0.03 sys=0.00, real=0.01 secs] 
2014-07-07T21:11:29.544+0000: 991.564: [GC [PSYoungGen: 182990K->562K(178752K)] 357733K->175464K(865728K), 0.0065230 secs] [Times: user=0.04 sys=0.00, real=0.01 secs] 
2014-07-07T21:11:30.171+0000: 992.191: [GC [PSYoungGen: 178738K->690K(175296K)] 353640K->175664K(862272K), 0.0058840 secs] [Times: user=0.04 sys=0.00, real=0.00 secs] 
2014-07-07T21:11:30.785+0000: 992.806: [GC [PSYoungGen: 175282K->576K(171648K)] 350256K->175654K(858624K), 0.0068600 secs] [Times: user=0.05 sys=0.00, real=0.01 secs] 
2014-07-07T21:11:31.394+0000: 993.414: [GC [PSYoungGen: 171648K->690K(206016K)] 346726K->175808K(892992K), 0.0086610 secs] [Times: user=0.05 sys=0.00, real=0.01 secs] 
2014-07-07T21:11:32.119+0000: 994.139: [GC [PSYoungGen: 206000K->608K(201408K)] 381119K->175774K(888384K), 0.0039330 secs] [Times: user=0.02 sys=0.00, real=0.01 secs] 
2014-07-07T21:11:32.825+0000: 994.845: [GC [PSYoungGen: 201364K->1150K(197568K)] 376530K->176405K(884544K), 0.0044800 secs] [Times: user=0.02 sys=0.00, real=0.00 secs] 
2014-07-07T21:11:33.524+0000: 995.544: [GC [PSYoungGen: 197566K->480K(192704K)] 372821K->175766K(879680K), 0.0049540 secs] [Times: user=0.02 sys=0.01, real=0.00 secs] 
2014-07-07T21:11:34.197+0000: 996.217: [GC [PSYoungGen: 192672K->1234K(189376K)] 367958K->176601K(876352K), 0.0033650 secs] [Times: user=0.02 sys=0.01, real=0.01 secs] 
2014-07-07T21:11:34.853+0000: 996.873: [GC [PSYoungGen: 189329K->512K(184704K)] 364696K->175934K(871680K), 0.0046930 secs] [Times: user=0.02 sys=0.00, real=0.00 secs] 
2014-07-07T21:11:35.517+0000: 997.537: [GC [PSYoungGen: 184697K->1303K(181760K)] 360120K->176774K(868736K), 0.0070570 secs] [Times: user=0.04 sys=0.00, real=0.01 secs] 
2014-07-07T21:11:36.134+0000: 998.154: [GC [PSYoungGen: 181719K->516K(177280K)] 357190K->176034K(864256K), 0.0034460 secs] [Times: user=0.01 sys=0.00, real=0.00 secs] 
2014-07-07T21:11:36.746+0000: 998.766: [GC [PSYoungGen: 177220K->594K(173760K)] 352738K->176168K(860736K), 0.0082510 secs] [Times: user=0.05 sys=0.00, real=0.01 secs] 
2014-07-07T21:11:37.361+0000: 999.381: [GC [PSYoungGen: 173692K->680K(170368K)] 349267K->176278K(857344K), 0.0074270 secs] [Times: user=0.02 sys=0.00, real=0.01 secs] 
2014-07-07T21:11:37.957+0000: 999.977: [GC [PSYoungGen: 170344K->1182K(167552K)] 345942K->176869K(854528K), 0.0051080 secs] [Times: user=0.03 sys=0.00, real=0.01 secs] 
2014-07-07T21:11:38.544+0000: 1000.564: [GC [PSYoungGen: 167475K->808K(200448K)] 343162K->176550K(887424K), 0.0138220 secs] [Times: user=0.08 sys=0.00, real=0.01 secs] 
2014-07-07T21:11:39.259+0000: 1001.279: [GC [PSYoungGen: 200424K->662K(240256K)] 376166K->176484K(927232K), 0.0059370 secs] [Times: user=0.03 sys=0.00, real=0.01 secs] 
2014-07-07T21:11:40.102+0000: 1002.122: [GC [PSYoungGen: 240182K->920K(288448K)] 416005K->176799K(975424K), 0.0054130 secs] [Times: user=0.04 sys=0.00, real=0.00 secs] 
2014-07-07T21:11:41.107+0000: 1003.127: [GC [PSYoungGen: 288408K->1022K(280960K)] 464287K->176973K(967936K), 0.0081450 secs] [Times: user=0.05 sys=0.00, real=0.01 secs] 
2014-07-07T21:11:42.106+0000: 1004.126: [GC [PSYoungGen: 280958K->1014K(273728K)] 456909K->177121K(960704K), 0.0047070 secs] [Times: user=0.02 sys=0.00, real=0.00 secs] 
2014-07-07T21:11:43.065+0000: 1005.085: [GC [PSYoungGen: 273705K->594K(266368K)] 449812K->176772K(953344K), 0.0062010 secs] [Times: user=0.04 sys=0.00, real=0.00 secs] 
2014-07-07T21:11:44.005+0000: 1006.025: [GC [PSYoungGen: 266322K->672K(259712K)] 442500K->176906K(946688K), 0.0078290 secs] [Times: user=0.05 sys=0.00, real=0.01 secs] 
2014-07-07T21:11:44.911+0000: 1006.931: [GC [PSYoungGen: 259680K->690K(253248K)] 435914K->176980K(940224K), 0.0044650 secs] [Times: user=0.02 sys=0.00, real=0.01 secs] 
2014-07-07T21:11:45.806+0000: 1007.826: [GC [PSYoungGen: 253184K->662K(247040K)] 429475K->177025K(934016K), 0.0061740 secs] [Times: user=0.05 sys=0.00, real=0.01 secs] 
2014-07-07T21:11:46.680+0000: 1008.700: [GC [PSYoungGen: 246998K->1008K(241344K)] 423361K->177459K(928320K), 0.0043790 secs] [Times: user=0.03 sys=0.00, real=0.01 secs] 
2014-07-07T21:11:47.539+0000: 1009.559: [GC [PSYoungGen: 241328K->908K(235520K)] 417779K->177447K(922496K), 0.0057970 secs] [Times: user=0.04 sys=0.00, real=0.01 secs] 
2014-07-07T21:11:48.370+0000: 1010.390: [GC [PSYoungGen: 235468K->908K(229952K)] 412007K->177519K(916928K), 0.0062980 secs] [Times: user=0.03 sys=0.00, real=0.01 secs] 
2014-07-07T21:11:49.179+0000: 1011.199: [GC [PSYoungGen: 229878K->942K(224576K)] 406488K->177643K(911552K), 0.0044080 secs] [Times: user=0.02 sys=0.00, real=0.01 secs] 
2014-07-07T21:11:49.974+0000: 1011.994: [GC [PSYoungGen: 224520K->826K(219264K)] 401221K->177591K(906240K), 0.0081390 secs] [Times: user=0.05 sys=0.01, real=0.00 secs] 
2014-07-07T21:11:50.745+0000: 1012.765: [GC [PSYoungGen: 219258K->626K(214080K)] 396023K->177470K(901056K), 0.0035290 secs] [Times: user=0.02 sys=0.00, real=0.00 secs] 
2014-07-07T21:11:51.498+0000: 1013.518: [GC [PSYoungGen: 214066K->844K(209536K)] 390910K->177785K(896512K), 0.0049100 secs] [Times: user=0.03 sys=0.00, real=0.01 secs] 
2014-07-07T21:11:52.230+0000: 1014.250: [GC [PSYoungGen: 209443K->665K(204736K)] 386384K->177646K(891712K), 0.0044440 secs] [Times: user=0.02 sys=0.00, real=0.01 secs] 
2014-07-07T21:11:52.953+0000: 1014.973: [GC [PSYoungGen: 204689K->936K(200512K)] 381670K->177973K(887488K), 0.0034830 secs] [Times: user=0.02 sys=0.00, real=0.00 secs] 
2014-07-07T21:11:53.642+0000: 1015.662: [GC [PSYoungGen: 200442K->942K(196160K)] 377478K->178247K(883136K), 0.0033480 secs] [Times: user=0.01 sys=0.00, real=0.01 secs] 
2014-07-07T21:11:54.327+0000: 1016.347: [GC [PSYoungGen: 196095K->928K(192000K)] 373400K->178281K(878976K), 0.0048190 secs] [Times: user=0.01 sys=0.00, real=0.00 secs] 
2014-07-07T21:11:55.009+0000: 1017.029: [GC [PSYoungGen: 191939K->612K(187648K)] 369292K->178037K(874624K), 0.0048550 secs] [Times: user=0.03 sys=0.00, real=0.01 secs] 
2014-07-07T21:11:55.668+0000: 1017.688: [GC [PSYoungGen: 187620K->790K(183936K)] 365045K->178303K(870912K), 0.0050180 secs] [Times: user=0.02 sys=0.00, real=0.01 secs] 
2014-07-07T21:11:56.305+0000: 1018.325: [GC [PSYoungGen: 183894K->708K(180096K)] 361407K->178277K(867072K), 0.0080820 secs] [Times: user=0.05 sys=0.01, real=0.00 secs] 
2014-07-07T21:11:56.920+0000: 1018.940: [GC [PSYoungGen: 180036K->1248K(176960K)] 357605K->178921K(863936K), 0.0053260 secs] [Times: user=0.02 sys=0.00, real=0.01 secs] 
2014-07-07T21:11:57.530+0000: 1019.550: [GC [PSYoungGen: 176899K->552K(172736K)] 354572K->178647K(859712K), 0.0059470 secs] [Times: user=0.03 sys=0.00, real=0.01 secs] 
2014-07-07T21:11:58.132+0000: 1020.152: [GC [PSYoungGen: 172711K->1008K(169792K)] 350807K->179217K(856768K), 0.0035580 secs] [Times: user=0.02 sys=0.00, real=0.01 secs] 
2014-07-07T21:11:58.723+0000: 1020.743: [GC [PSYoungGen: 169776K->694K(166144K)] 347985K->179225K(853120K), 0.0069840 secs] [Times: user=0.04 sys=0.00, real=0.01 secs] 
2014-07-07T21:11:59.306+0000: 1021.326: [GC [PSYoungGen: 166132K->1153K(163456K)] 344664K->179732K(850432K), 0.0046750 secs] [Times: user=0.02 sys=0.01, real=0.00 secs] 
2014-07-07T21:11:59.879+0000: 1021.899: [GC [PSYoungGen: 163368K->772K(160000K)] 341947K->179407K(846976K), 0.0045440 secs] [Times: user=0.02 sys=0.00, real=0.00 secs] 
2014-07-07T21:12:00.438+0000: 1022.458: [GC [PSYoungGen: 159940K->1068K(157248K)] 338575K->179768K(844224K), 0.0060240 secs] [Times: user=0.04 sys=0.00, real=0.01 secs] 
2014-07-07T21:12:00.983+0000: 1023.003: [GC [PSYoungGen: 157228K->794K(154048K)] 335928K->179557K(841024K), 0.0047830 secs] [Times: user=0.03 sys=0.00, real=0.01 secs] 
2014-07-07T21:12:01.526+0000: 1023.546: [GC [PSYoungGen: 153981K->530K(184448K)] 332745K->179341K(871424K), 0.0102820 secs] [Times: user=0.05 sys=0.00, real=0.01 secs] 
2014-07-07T21:12:02.161+0000: 1024.181: [GC [PSYoungGen: 184402K->1140K(221824K)] 363213K->180031K(908800K), 0.0064810 secs] [Times: user=0.04 sys=0.00, real=0.01 secs] 
2014-07-07T21:12:02.936+0000: 1024.957: [GC [PSYoungGen: 221810K->1235K(216896K)] 400701K->180158K(903872K), 0.0041210 secs] [Times: user=0.02 sys=0.00, real=0.00 secs] 
2014-07-07T21:12:03.715+0000: 1025.735: [GC [PSYoungGen: 216851K->558K(211328K)] 395774K->179773K(898304K), 0.0040860 secs] [Times: user=0.03 sys=0.00, real=0.00 secs] 
2014-07-07T21:12:04.474+0000: 1026.494: [GC [PSYoungGen: 211309K->1106K(254080K)] 390525K->180362K(941056K), 0.0159780 secs] [Times: user=0.09 sys=0.00, real=0.02 secs] 
2014-07-07T21:12:05.383+0000: 1027.403: [GC [PSYoungGen: 254034K->1064K(247808K)] 433290K->180407K(934784K), 0.0038020 secs] [Times: user=0.02 sys=0.00, real=0.01 secs] 
2014-07-07T21:12:06.252+0000: 1028.273: [GC [PSYoungGen: 247770K->1284K(242048K)] 427114K->180699K(929024K), 0.0057510 secs] [Times: user=0.04 sys=0.00, real=0.01 secs] 
2014-07-07T21:12:07.101+0000: 1029.121: [GC [PSYoungGen: 241957K->676K(235648K)] 421373K->180147K(922624K), 0.0076150 secs] [Times: user=0.05 sys=0.00, real=0.01 secs] 
2014-07-07T21:12:07.918+0000: 1029.938: [GC [PSYoungGen: 235576K->830K(230208K)] 415048K->180365K(917184K), 0.0073540 secs] [Times: user=0.05 sys=0.00, real=0.01 secs] 
2014-07-07T21:12:08.731+0000: 1030.751: [GC [PSYoungGen: 230173K->1102K(225152K)] 409708K->180710K(912128K), 0.0035280 secs] [Times: user=0.02 sys=0.00, real=0.00 secs] 
2014-07-07T21:12:09.523+0000: 1031.543: [GC [PSYoungGen: 225102K->512K(219328K)] 404710K->180167K(906304K), 0.0065580 secs] [Times: user=0.03 sys=0.01, real=0.01 secs] 
2014-07-07T21:12:10.290+0000: 1032.310: [GC [PSYoungGen: 219328K->1038K(214912K)] 398983K->180749K(901888K), 0.0040510 secs] [Times: user=0.02 sys=0.00, real=0.00 secs] 
2014-07-07T21:12:11.040+0000: 1033.060: [GC [PSYoungGen: 214861K->672K(209728K)] 394573K->180463K(896704K), 0.0065320 secs] [Times: user=0.04 sys=0.00, real=0.01 secs] 
2014-07-07T21:12:11.782+0000: 1033.803: [GC [PSYoungGen: 209696K->576K(204928K)] 389487K->180439K(891904K), 0.0087790 secs] [Times: user=0.05 sys=0.00, real=0.01 secs] 
2014-07-07T21:12:12.512+0000: 1034.532: [GC [PSYoungGen: 204926K->1359K(201280K)] 384790K->181287K(888256K), 0.0078270 secs] [Times: user=0.05 sys=0.00, real=0.01 secs] 
2014-07-07T21:12:13.230+0000: 1035.250: [GC [PSYoungGen: 201231K->480K(196032K)] 381159K->180471K(883008K), 0.0058150 secs] [Times: user=0.03 sys=0.00, real=0.00 secs] 
2014-07-07T21:12:13.934+0000: 1035.954: [GC [PSYoungGen: 195985K->594K(192000K)] 375977K->180657K(878976K), 0.0041340 secs] [Times: user=0.02 sys=0.00, real=0.01 secs] 
2014-07-07T21:12:14.607+0000: 1036.627: [GC [PSYoungGen: 191954K->944K(188288K)] 372017K->181079K(875264K), 0.0093650 secs] [Times: user=0.05 sys=0.01, real=0.01 secs] 
2014-07-07T21:12:15.277+0000: 1037.297: [GC [PSYoungGen: 188272K->598K(184064K)] 368407K->180797K(871040K), 0.0036920 secs] [Times: user=0.01 sys=0.00, real=0.00 secs] 
2014-07-07T21:12:15.916+0000: 1037.937: [GC [PSYoungGen: 183984K->971K(180672K)] 364184K->181243K(867648K), 0.0063460 secs] [Times: user=0.04 sys=0.00, real=0.01 secs] 
2014-07-07T21:12:16.545+0000: 1038.565: [GC [PSYoungGen: 180602K->839K(176896K)] 360874K->181182K(863872K), 0.0033560 secs] [Times: user=0.01 sys=0.01, real=0.01 secs] 
2014-07-07T21:12:17.176+0000: 1039.196: [GC [PSYoungGen: 176831K->772K(173312K)] 357175K->181171K(860288K), 0.0035780 secs] [Times: user=0.02 sys=0.00, real=0.01 secs] 
2014-07-07T21:12:17.787+0000: 1039.807: [GC [PSYoungGen: 173247K->612K(169664K)] 353647K->181099K(856640K), 0.0054240 secs] [Times: user=0.04 sys=0.00, real=0.00 secs] 
2014-07-07T21:12:18.380+0000: 1040.400: [GC [PSYoungGen: 169636K->978K(166720K)] 350123K->181538K(853696K), 0.0071440 secs] [Times: user=0.03 sys=0.01, real=0.01 secs] 
2014-07-07T21:12:18.954+0000: 1040.974: [GC [PSYoungGen: 166674K->1266K(163776K)] 347234K->181858K(850752K), 0.0050420 secs] [Times: user=0.01 sys=0.00, real=0.01 secs] 
2014-07-07T21:12:19.522+0000: 1041.542: [GC [PSYoungGen: 163762K->548K(159936K)] 344354K->181349K(846912K), 0.0042730 secs] [Times: user=0.02 sys=0.01, real=0.00 secs] 
2014-07-07T21:12:20.080+0000: 1042.100: [GC [PSYoungGen: 159908K->740K(157120K)] 340709K->181613K(844096K), 0.0079440 secs] [Times: user=0.06 sys=0.00, real=0.01 secs] 
2014-07-07T21:12:20.630+0000: 1042.650: [GC [PSYoungGen: 157092K->1036K(188736K)] 337965K->182073K(875712K), 0.0076240 secs] [Times: user=0.05 sys=0.00, real=0.01 secs] 
2014-07-07T21:12:21.278+0000: 1043.298: [GC [PSYoungGen: 188684K->840K(184640K)] 369721K->181949K(871616K), 0.0050480 secs] [Times: user=0.02 sys=0.00, real=0.00 secs] 
2014-07-07T21:12:21.916+0000: 1043.936: [GC [PSYoungGen: 184569K->992K(180992K)] 365679K->182230K(867968K), 0.0045840 secs] [Times: user=0.03 sys=0.00, real=0.01 secs] 
2014-07-07T21:12:22.548+0000: 1044.568: [GC [PSYoungGen: 180916K->862K(177216K)] 362154K->182155K(864192K), 0.0049350 secs] [Times: user=0.03 sys=0.00, real=0.00 secs] 
2014-07-07T21:12:23.171+0000: 1045.191: [GC [PSYoungGen: 177182K->708K(173568K)] 358475K->182081K(860544K), 0.0041500 secs] [Times: user=0.02 sys=0.01, real=0.00 secs] 
2014-07-07T21:12:23.791+0000: 1045.811: [GC [PSYoungGen: 173508K->1160K(170560K)] 354881K->182614K(857536K), 0.0056830 secs] [Times: user=0.04 sys=0.00, real=0.00 secs] 
2014-07-07T21:12:24.385+0000: 1046.405: [GC [PSYoungGen: 170504K->880K(166912K)] 351958K->182487K(853888K), 0.0061760 secs] [Times: user=0.02 sys=0.00, real=0.01 secs] 
2014-07-07T21:12:24.971+0000: 1046.991: [GC [PSYoungGen: 166856K->598K(163456K)] 348464K->182269K(850432K), 0.0046740 secs] [Times: user=0.02 sys=0.00, real=0.00 secs] 
2014-07-07T21:12:25.528+0000: 1047.549: [GC [PSYoungGen: 163370K->1409K(161152K)] 345042K->183210K(848128K), 0.0034440 secs] [Times: user=0.02 sys=0.00, real=0.00 secs] 
2014-07-07T21:12:26.101+0000: 1048.121: [GC [PSYoungGen: 161089K->740K(157440K)] 342890K->182621K(844416K), 0.0041690 secs] [Times: user=0.02 sys=0.00, real=0.00 secs] 
2014-07-07T21:12:26.640+0000: 1048.660: [GC [PSYoungGen: 157380K->744K(154496K)] 339261K->182681K(841472K), 0.0037590 secs] [Times: user=0.02 sys=0.00, real=0.00 secs] 
2014-07-07T21:12:27.184+0000: 1049.204: [GC [PSYoungGen: 154472K->744K(151680K)] 336409K->182761K(838656K), 0.0051700 secs] [Times: user=0.03 sys=0.00, real=0.01 secs] 
2014-07-07T21:12:27.701+0000: 1049.721: [GC [PSYoungGen: 151656K->730K(148928K)] 333673K->182819K(835904K), 0.0055460 secs] [Times: user=0.03 sys=0.00, real=0.00 secs] 
2014-07-07T21:12:28.222+0000: 1050.242: [GC [PSYoungGen: 148890K->680K(146176K)] 330979K->182857K(833152K), 0.0034940 secs] [Times: user=0.01 sys=0.00, real=0.00 secs] 
2014-07-07T21:12:28.741+0000: 1050.761: [GC [PSYoungGen: 146152K->644K(143552K)] 328329K->182901K(830528K), 0.0035640 secs] [Times: user=0.02 sys=0.00, real=0.00 secs] 
2014-07-07T21:12:29.237+0000: 1051.257: [GC [PSYoungGen: 143492K->876K(141248K)] 325749K->183213K(828224K), 0.0043450 secs] [Times: user=0.02 sys=0.00, real=0.01 secs] 
2014-07-07T21:12:29.733+0000: 1051.753: [GC [PSYoungGen: 141228K->1046K(139008K)] 323565K->183472K(825984K), 0.0035000 secs] [Times: user=0.02 sys=0.00, real=0.00 secs] 
2014-07-07T21:12:30.229+0000: 1052.250: [GC [PSYoungGen: 138966K->530K(136128K)] 321392K->183011K(823104K), 0.0034240 secs] [Times: user=0.02 sys=0.00, real=0.00 secs] 
2014-07-07T21:12:30.702+0000: 1052.723: [GC [PSYoungGen: 136082K->898K(134208K)] 318563K->183427K(821184K), 0.0041140 secs] [Times: user=0.02 sys=0.00, real=0.00 secs] 
2014-07-07T21:12:31.160+0000: 1053.180: [GC [PSYoungGen: 134146K->976K(132032K)] 316675K->183585K(819008K), 0.0030700 secs] [Times: user=0.02 sys=0.00, real=0.00 secs] 
2014-07-07T21:12:31.629+0000: 1053.649: [GC [PSYoungGen: 131984K->662K(129536K)] 314593K->183359K(816512K), 0.0040400 secs] [Times: user=0.02 sys=0.00, real=0.01 secs] 
2014-07-07T21:12:32.069+0000: 1054.089: [GC [PSYoungGen: 129494K->1132K(127872K)] 312191K->183902K(814848K), 0.0054030 secs] [Times: user=0.03 sys=0.00, real=0.00 secs] 
2014-07-07T21:12:32.516+0000: 1054.536: [GC [PSYoungGen: 127852K->876K(152960K)] 310622K->183933K(839936K), 0.0083620 secs] [Times: user=0.05 sys=0.00, real=0.01 secs] 
2014-07-07T21:12:33.038+0000: 1055.058: [GC [PSYoungGen: 152940K->630K(183168K)] 335997K->183735K(870144K), 0.0070410 secs] [Times: user=0.03 sys=0.00, real=0.01 secs] 
2014-07-07T21:12:33.693+0000: 1055.713: [GC [PSYoungGen: 183158K->612K(219712K)] 366263K->183773K(906688K), 0.0138110 secs] [Times: user=0.08 sys=0.00, real=0.01 secs] 
2014-07-07T21:12:34.467+0000: 1056.487: [GC [PSYoungGen: 219684K->776K(252736K)] 402845K->184025K(939712K), 0.0045360 secs] [Times: user=0.03 sys=0.00, real=0.01 secs] 
2014-07-07T21:12:35.351+0000: 1057.371: [GC [PSYoungGen: 252040K->580K(264320K)] 435289K->183893K(951296K), 0.0052820 secs] [Times: user=0.03 sys=0.00, real=0.00 secs] 
2014-07-07T21:12:36.252+0000: 1058.272: [GC [PSYoungGen: 263492K->1206K(257536K)] 446805K->184584K(944512K), 0.0049700 secs] [Times: user=0.02 sys=0.01, real=0.00 secs] 
2014-07-07T21:12:37.157+0000: 1059.177: [GC [PSYoungGen: 257526K->256K(250240K)] 440904K->183999K(937216K), 0.0072800 secs] [Times: user=0.05 sys=0.01, real=0.01 secs] 
2014-07-07T21:12:38.028+0000: 1060.048: [GC [PSYoungGen: 250240K->1466K(245312K)] 433983K->185258K(932288K), 0.0046210 secs] [Times: user=0.02 sys=0.00, real=0.01 secs] 
2014-07-07T21:12:38.883+0000: 1060.904: [GC [PSYoungGen: 245306K->922K(238912K)] 429098K->185128K(925888K), 0.0034940 secs] [Times: user=0.02 sys=0.00, real=0.00 secs] 
2014-07-07T21:12:39.722+0000: 1061.742: [GC [PSYoungGen: 238874K->748K(233024K)] 423080K->184994K(920000K), 0.0059550 secs] [Times: user=0.04 sys=0.00, real=0.00 secs] 
2014-07-07T21:12:40.548+0000: 1062.568: [GC [PSYoungGen: 232986K->1120K(227904K)] 417232K->185414K(914880K), 0.0048890 secs] [Times: user=0.02 sys=0.00, real=0.01 secs] 
2014-07-07T21:12:41.327+0000: 1063.347: [GC [PSYoungGen: 227872K->1114K(222656K)] 412166K->185472K(909632K), 0.0056160 secs] [Times: user=0.03 sys=0.00, real=0.01 secs] 
2014-07-07T21:12:42.101+0000: 1064.121: [GC [PSYoungGen: 222522K->886K(217344K)] 406880K->185340K(904320K), 0.0038430 secs] [Times: user=0.02 sys=0.00, real=0.00 secs] 
2014-07-07T21:12:42.861+0000: 1064.881: [GC [PSYoungGen: 217334K->846K(212416K)] 401788K->185356K(899392K), 0.0033720 secs] [Times: user=0.02 sys=0.00, real=0.00 secs] 
2014-07-07T21:12:43.608+0000: 1065.628: [GC [PSYoungGen: 212366K->1146K(207936K)] 396876K->185688K(894912K), 0.0050430 secs] [Times: user=0.02 sys=0.00, real=0.01 secs] 
2014-07-07T21:12:44.345+0000: 1066.365: [GC [PSYoungGen: 207930K->1054K(203328K)] 392472K->185652K(890304K), 0.0037040 secs] [Times: user=0.02 sys=0.00, real=0.00 secs] 
2014-07-07T21:12:45.060+0000: 1067.080: [GC [PSYoungGen: 203293K->676K(198528K)] 387891K->185354K(885504K), 0.0056090 secs] [Times: user=0.03 sys=0.01, real=0.01 secs] 
2014-07-07T21:12:45.764+0000: 1067.784: [GC [PSYoungGen: 198500K->690K(194240K)] 383178K->185423K(881216K), 0.0062070 secs] [Times: user=0.02 sys=0.01, real=0.00 secs] 
2014-07-07T21:12:46.452+0000: 1068.472: [GC [PSYoungGen: 194226K->676K(190144K)] 378959K->185490K(877120K), 0.0073350 secs] [Times: user=0.03 sys=0.00, real=0.00 secs] 
2014-07-07T21:12:47.121+0000: 1069.141: [GC [PSYoungGen: 190081K->1337K(186816K)] 374895K->186239K(873792K), 0.0045990 secs] [Times: user=0.02 sys=0.00, real=0.00 secs] 
2014-07-07T21:12:47.768+0000: 1069.788: [GC [PSYoungGen: 186770K->932K(182592K)] 371672K->186142K(869568K), 0.0032890 secs] [Times: user=0.01 sys=0.01, real=0.01 secs] 
2014-07-07T21:12:48.411+0000: 1070.431: [GC [PSYoungGen: 182564K->690K(178624K)] 367774K->186004K(865600K), 0.0030270 secs] [Times: user=0.02 sys=0.00, real=0.01 secs] 
2014-07-07T21:12:49.028+0000: 1071.048: [GC [PSYoungGen: 178610K->794K(175168K)] 363924K->186230K(862144K), 0.0049660 secs] [Times: user=0.02 sys=0.00, real=0.01 secs] 
2014-07-07T21:12:49.641+0000: 1071.661: [GC [PSYoungGen: 175104K->1356K(172288K)] 360540K->186889K(859264K), 0.0059110 secs] [Times: user=0.03 sys=0.01, real=0.01 secs] 
2014-07-07T21:12:50.233+0000: 1072.253: [GC [PSYoungGen: 172236K->936K(168448K)] 357769K->186532K(855424K), 0.0060470 secs] [Times: user=0.04 sys=0.00, real=0.00 secs] 
2014-07-07T21:12:50.834+0000: 1072.855: [GC [PSYoungGen: 168424K->876K(165120K)] 354020K->186568K(852096K), 0.0069470 secs] [Times: user=0.04 sys=0.00, real=0.00 secs] 
2014-07-07T21:12:51.398+0000: 1073.419: [GC [PSYoungGen: 165100K->832K(161984K)] 350792K->186604K(848960K), 0.0072010 secs] [Times: user=0.04 sys=0.00, real=0.01 secs] 
2014-07-07T21:12:51.960+0000: 1073.980: [GC [PSYoungGen: 161920K->872K(158912K)] 347692K->186700K(845888K), 0.0059600 secs] [Times: user=0.02 sys=0.00, real=0.01 secs] 
2014-07-07T21:12:52.527+0000: 1074.547: [GC [PSYoungGen: 158874K->758K(155840K)] 344703K->186666K(842816K), 0.0036320 secs] [Times: user=0.01 sys=0.01, real=0.00 secs] 
2014-07-07T21:12:53.081+0000: 1075.101: [GC [PSYoungGen: 155830K->626K(152832K)] 341738K->186630K(839808K), 0.0055160 secs] [Times: user=0.03 sys=0.00, real=0.01 secs] 
2014-07-07T21:12:53.609+0000: 1075.629: [GC [PSYoungGen: 152789K->954K(183616K)] 338793K->187014K(870592K), 0.0079500 secs] [Times: user=0.04 sys=0.00, real=0.01 secs] 
2014-07-07T21:12:54.244+0000: 1076.264: [GC [PSYoungGen: 183610K->630K(179520K)] 369670K->186730K(866496K), 0.0038720 secs] [Times: user=0.02 sys=0.00, real=0.00 secs] 
2014-07-07T21:12:54.871+0000: 1076.891: [GC [PSYoungGen: 179510K->498K(175744K)] 365610K->186662K(862720K), 0.0052120 secs] [Times: user=0.03 sys=0.00, real=0.01 secs] 
2014-07-07T21:12:55.473+0000: 1077.493: [GC [PSYoungGen: 175730K->1334K(173056K)] 361894K->187554K(860032K), 0.0052170 secs] [Times: user=0.03 sys=0.00, real=0.00 secs] 
2014-07-07T21:12:56.070+0000: 1078.090: [GC [PSYoungGen: 173046K->1004K(169344K)] 359266K->187426K(856320K), 0.0038850 secs] [Times: user=0.02 sys=0.00, real=0.01 secs] 
2014-07-07T21:12:56.665+0000: 1078.685: [GC [PSYoungGen: 169324K->958K(166016K)] 355746K->187436K(852992K), 0.0041900 secs] [Times: user=0.01 sys=0.00, real=0.00 secs] 
2014-07-07T21:12:57.253+0000: 1079.273: [GC [PSYoungGen: 165975K->1232K(163136K)] 352454K->187807K(850112K), 0.0066400 secs] [Times: user=0.04 sys=0.00, real=0.01 secs] 
2014-07-07T21:12:57.825+0000: 1079.845: [GC [PSYoungGen: 163088K->1014K(159808K)] 349663K->187692K(846784K), 0.0044680 secs] [Times: user=0.03 sys=0.00, real=0.00 secs] 
2014-07-07T21:12:58.381+0000: 1080.401: [GC [PSYoungGen: 159759K->949K(156736K)] 346438K->188065K(843712K), 0.0072480 secs] [Times: user=0.05 sys=0.00, real=0.01 secs] 
2014-07-07T21:12:58.919+0000: 1080.939: [GC [PSYoungGen: 156725K->1308K(154240K)] 343841K->188496K(841216K), 0.0035300 secs] [Times: user=0.01 sys=0.00, real=0.00 secs] 
2014-07-07T21:12:59.455+0000: 1081.475: [GC [PSYoungGen: 154203K->1078K(184576K)] 341391K->188538K(871552K), 0.0088740 secs] [Times: user=0.05 sys=0.00, real=0.01 secs] 
2014-07-07T21:13:00.107+0000: 1082.127: [GC [PSYoungGen: 184566K->1245K(221504K)] 372026K->188753K(908480K), 0.0063210 secs] [Times: user=0.03 sys=0.00, real=0.01 secs] 
2014-07-07T21:13:00.867+0000: 1082.887: [GC [PSYoungGen: 221469K->798K(216000K)] 408977K->188385K(902976K), 0.0055270 secs] [Times: user=0.03 sys=0.00, real=0.00 secs] 
2014-07-07T21:13:01.621+0000: 1083.641: [GC [PSYoungGen: 215966K->1145K(211456K)] 403553K->188836K(898432K), 0.0045250 secs] [Times: user=0.03 sys=0.00, real=0.01 secs] 
2014-07-07T21:13:02.348+0000: 1084.368: [GC [PSYoungGen: 211433K->1178K(241728K)] 399125K->188902K(928704K), 0.0159580 secs] [Times: user=0.09 sys=0.00, real=0.01 secs] 
2014-07-07T21:13:03.193+0000: 1085.213: [GC [PSYoungGen: 241477K->697K(241984K)] 429200K->188477K(928960K), 0.0082710 secs] [Times: user=0.06 sys=0.00, real=0.01 secs] 
2014-07-07T21:13:04.048+0000: 1086.068: [GC [PSYoungGen: 241017K->1359K(289984K)] 428797K->189218K(976960K), 0.0057650 secs] [Times: user=0.04 sys=0.00, real=0.00 secs] 
2014-07-07T21:13:05.074+0000: 1087.094: [GC [PSYoungGen: 289679K->644K(281472K)] 477538K->188575K(968448K), 0.0034620 secs] [Times: user=0.02 sys=0.00, real=0.01 secs] 
2014-07-07T21:13:06.068+0000: 1088.088: [GC [PSYoungGen: 281412K->894K(274368K)] 469343K->188897K(961344K), 0.0051470 secs] [Times: user=0.03 sys=0.00, real=0.00 secs] 
2014-07-07T21:13:07.020+0000: 1089.040: [GC [PSYoungGen: 274366K->708K(267264K)] 462369K->188775K(954240K), 0.0094950 secs] [Times: user=0.05 sys=0.00, real=0.01 secs] 
2014-07-07T21:13:07.954+0000: 1089.974: [GC [PSYoungGen: 267185K->876K(260672K)] 455253K->189023K(947648K), 0.0057910 secs] [Times: user=0.03 sys=0.00, real=0.00 secs] 
2014-07-07T21:13:08.873+0000: 1090.893: [GC [PSYoungGen: 260652K->672K(254016K)] 448799K->188915K(940992K), 0.0048610 secs] [Times: user=0.03 sys=0.00, real=0.01 secs] 
2014-07-07T21:13:09.754+0000: 1091.774: [GC [PSYoungGen: 253984K->876K(247936K)] 442227K->189175K(934912K), 0.0126130 secs] [Times: user=0.07 sys=0.01, real=0.02 secs] 
2014-07-07T21:13:10.625+0000: 1092.645: [GC [PSYoungGen: 247916K->1114K(242176K)] 436215K->189486K(929152K), 0.0065440 secs] [Times: user=0.04 sys=0.00, real=0.01 secs] 
2014-07-07T21:13:11.473+0000: 1093.493: [GC [PSYoungGen: 242095K->818K(236096K)] 430467K->189230K(923072K), 0.0076110 secs] [Times: user=0.03 sys=0.01, real=0.01 secs] 
2014-07-07T21:13:12.304+0000: 1094.324: [GC [PSYoungGen: 236082K->992K(230720K)] 424494K->189492K(917696K), 0.0047310 secs] [Times: user=0.03 sys=0.00, real=0.01 secs] 
2014-07-07T21:13:13.114+0000: 1095.134: [GC [PSYoungGen: 230687K->658K(225024K)] 419187K->189237K(912000K), 0.0047380 secs] [Times: user=0.03 sys=0.00, real=0.01 secs] 
2014-07-07T21:13:13.901+0000: 1095.921: [GC [PSYoungGen: 224978K->1058K(220224K)] 413557K->189750K(907200K), 0.0055210 secs] [Times: user=0.04 sys=0.00, real=0.01 secs] 
2014-07-07T21:13:14.657+0000: 1096.677: [GC [PSYoungGen: 220194K->1209K(215360K)] 408886K->190005K(902336K), 0.0072100 secs] [Times: user=0.05 sys=0.00, real=0.00 secs] 
2014-07-07T21:13:15.399+0000: 1097.419: [GC [PSYoungGen: 215336K->1092K(210496K)] 404132K->189959K(897472K), 0.0092770 secs] [Times: user=0.05 sys=0.00, real=0.01 secs] 
2014-07-07T21:13:16.136+0000: 1098.156: [GC [PSYoungGen: 210436K->758K(205440K)] 399303K->189721K(892416K), 0.0038320 secs] [Times: user=0.02 sys=0.00, real=0.01 secs] 
2014-07-07T21:13:16.847+0000: 1098.867: [GC [PSYoungGen: 205430K->780K(201024K)] 394393K->189823K(888000K), 0.0039960 secs] [Times: user=0.02 sys=0.00, real=0.00 secs] 
2014-07-07T21:13:17.540+0000: 1099.560: [GC [PSYoungGen: 200972K->740K(196608K)] 390015K->189855K(883584K), 0.0078630 secs] [Times: user=0.02 sys=0.00, real=0.01 secs] 
2014-07-07T21:13:18.234+0000: 1100.254: [GC [PSYoungGen: 196571K->930K(192576K)] 385687K->190094K(879552K), 0.0060740 secs] [Times: user=0.03 sys=0.00, real=0.01 secs] 
2014-07-07T21:13:18.915+0000: 1100.935: [GC [PSYoungGen: 192448K->758K(188352K)] 381612K->190001K(875328K), 0.0071350 secs] [Times: user=0.05 sys=0.00, real=0.01 secs] 
2014-07-07T21:13:19.585+0000: 1101.605: [GC [PSYoungGen: 188342K->1074K(184768K)] 377585K->190406K(871744K), 0.0050470 secs] [Times: user=0.03 sys=0.00, real=0.01 secs] 
2014-07-07T21:13:20.240+0000: 1102.260: [GC [PSYoungGen: 184754K->662K(180608K)] 374086K->190105K(867584K), 0.0048800 secs] [Times: user=0.02 sys=0.00, real=0.00 secs] 
2014-07-07T21:13:20.867+0000: 1102.887: [GC [PSYoungGen: 180566K->940K(177216K)] 370009K->190463K(864192K), 0.0078100 secs] [Times: user=0.04 sys=0.00, real=0.00 secs] 
2014-07-07T21:13:21.490+0000: 1103.510: [GC [PSYoungGen: 177187K->612K(173376K)] 366710K->190191K(860352K), 0.0042690 secs] [Times: user=0.02 sys=0.00, real=0.00 secs] 
2014-07-07T21:13:22.098+0000: 1104.118: [GC [PSYoungGen: 173348K->754K(170048K)] 362927K->190429K(857024K), 0.0034790 secs] [Times: user=0.02 sys=0.00, real=0.00 secs] 
2014-07-07T21:13:22.688+0000: 1104.708: [GC [PSYoungGen: 170034K->676K(166656K)] 359709K->190423K(853632K), 0.0035360 secs] [Times: user=0.02 sys=0.00, real=0.00 secs] 
2014-07-07T21:13:23.267+0000: 1105.287: [GC [PSYoungGen: 166628K->797K(163584K)] 356375K->190609K(850560K), 0.0041630 secs] [Times: user=0.02 sys=0.00, real=0.00 secs] 
2014-07-07T21:13:23.829+0000: 1105.849: [GC [PSYoungGen: 163549K->1058K(160704K)] 353361K->190950K(847680K), 0.0061150 secs] [Times: user=0.03 sys=0.01, real=0.00 secs] 
2014-07-07T21:13:24.398+0000: 1106.418: [GC [PSYoungGen: 160674K->871K(157504K)] 350566K->190835K(844480K), 0.0032230 secs] [Times: user=0.02 sys=0.00, real=0.00 secs] 
2014-07-07T21:13:24.958+0000: 1106.978: [GC [PSYoungGen: 157479K->758K(154432K)] 347443K->191080K(841408K), 0.0037910 secs] [Times: user=0.02 sys=0.00, real=0.00 secs] 
2014-07-07T21:13:25.489+0000: 1107.510: [GC [PSYoungGen: 154418K->764K(151616K)] 344740K->191142K(838592K), 0.0036880 secs] [Times: user=0.01 sys=0.00, real=0.00 secs] 
2014-07-07T21:13:26.021+0000: 1108.041: [GC [PSYoungGen: 151612K->804K(181888K)] 341990K->191277K(868864K), 0.0134660 secs] [Times: user=0.09 sys=0.00, real=0.01 secs] 
2014-07-07T21:13:26.659+0000: 1108.679: [GC [PSYoungGen: 181860K->786K(218112K)] 372333K->191308K(905088K), 0.0060710 secs] [Times: user=0.04 sys=0.00, real=0.00 secs] 
2014-07-07T21:13:27.422+0000: 1109.442: [GC [PSYoungGen: 218066K->730K(213120K)] 408588K->191299K(900096K), 0.0051650 secs] [Times: user=0.03 sys=0.00, real=0.01 secs] 
2014-07-07T21:13:28.158+0000: 1110.178: [GC [PSYoungGen: 213042K->1273K(208896K)] 403612K->191997K(895872K), 0.0034510 secs] [Times: user=0.02 sys=0.00, real=0.00 secs] 
2014-07-07T21:13:28.881+0000: 1110.901: [GC [PSYoungGen: 208871K->558K(203584K)] 399595K->191756K(890560K), 0.0047270 secs] [Times: user=0.03 sys=0.00, real=0.00 secs] 
2014-07-07T21:13:29.595+0000: 1111.615: [GC [PSYoungGen: 203566K->804K(199424K)] 394764K->192090K(886400K), 0.0053970 secs] [Times: user=0.03 sys=0.00, real=0.01 secs] 
2014-07-07T21:13:30.291+0000: 1112.311: [GC [PSYoungGen: 199396K->1000K(195328K)] 390682K->192408K(882304K), 0.0049570 secs] [Times: user=0.03 sys=0.00, real=0.00 secs] 
2014-07-07T21:13:30.971+0000: 1112.991: [GC [PSYoungGen: 195304K->690K(190848K)] 386712K->192194K(877824K), 0.0060450 secs] [Times: user=0.03 sys=0.00, real=0.00 secs] 
2014-07-07T21:13:31.651+0000: 1113.671: [GC [PSYoungGen: 190834K->640K(186752K)] 382338K->192208K(873728K), 0.0065070 secs] [Times: user=0.03 sys=0.01, real=0.00 secs] 
2014-07-07T21:13:32.305+0000: 1114.325: [GC [PSYoungGen: 186752K->910K(183232K)] 378320K->192534K(870208K), 0.0103440 secs] [Times: user=0.06 sys=0.00, real=0.01 secs] 
2014-07-07T21:13:32.940+0000: 1114.960: [GC [PSYoungGen: 183137K->1214K(179776K)] 374762K->192918K(866752K), 0.0031030 secs] [Times: user=0.02 sys=0.00, real=0.00 secs] 
2014-07-07T21:13:33.583+0000: 1115.603: [GC [PSYoungGen: 179736K->648K(175616K)] 371441K->192400K(862592K), 0.0036630 secs] [Times: user=0.01 sys=0.00, real=0.00 secs] 
2014-07-07T21:13:34.184+0000: 1116.204: [GC [PSYoungGen: 175560K->830K(210752K)] 367312K->192638K(897728K), 0.0119130 secs] [Times: user=0.07 sys=0.01, real=0.01 secs] 
2014-07-07T21:13:34.920+0000: 1116.940: [GC [PSYoungGen: 210740K->1044K(206336K)] 402548K->192916K(893312K), 0.0043210 secs] [Times: user=0.02 sys=0.00, real=0.00 secs] 
2014-07-07T21:13:35.632+0000: 1117.652: [GC [PSYoungGen: 206292K->940K(201664K)] 398164K->192908K(888640K), 0.0051260 secs] [Times: user=0.03 sys=0.00, real=0.00 secs] 
2014-07-07T21:13:36.345+0000: 1118.365: [GC [PSYoungGen: 201626K->1315K(197696K)] 393595K->193379K(884672K), 0.0047490 secs] [Times: user=0.03 sys=0.00, real=0.01 secs] 
2014-07-07T21:13:37.027+0000: 1119.047: [GC [PSYoungGen: 197648K->566K(192704K)] 389712K->192768K(879680K), 0.0052240 secs] [Times: user=0.03 sys=0.00, real=0.01 secs] 
2014-07-07T21:13:37.698+0000: 1119.718: [GC [PSYoungGen: 192675K->1310K(189376K)] 384877K->193568K(876352K), 0.0092230 secs] [Times: user=0.03 sys=0.00, real=0.01 secs] 
2014-07-07T21:13:38.360+0000: 1120.381: [GC [PSYoungGen: 189342K->1034K(185216K)] 381600K->193381K(872192K), 0.0031400 secs] [Times: user=0.02 sys=0.00, real=0.00 secs] 
2014-07-07T21:13:38.992+0000: 1121.012: [GC [PSYoungGen: 185121K->1178K(181568K)] 377467K->193604K(868544K), 0.0053490 secs] [Times: user=0.02 sys=0.00, real=0.00 secs] 
2014-07-07T21:13:39.630+0000: 1121.650: [GC [PSYoungGen: 181530K->648K(177344K)] 373956K->193122K(864320K), 0.0065570 secs] [Times: user=0.04 sys=0.00, real=0.00 secs] 
2014-07-07T21:13:40.245+0000: 1122.265: [GC [PSYoungGen: 177288K->530K(173632K)] 369762K->193076K(860608K), 0.0079440 secs] [Times: user=0.06 sys=0.00, real=0.01 secs] 
2014-07-07T21:13:40.853+0000: 1122.873: [GC [PSYoungGen: 173586K->908K(170560K)] 366132K->193526K(857536K), 0.0038070 secs] [Times: user=0.01 sys=0.00, real=0.00 secs] 
2014-07-07T21:13:41.437+0000: 1123.457: [GC [PSYoungGen: 170508K->796K(167104K)] 363126K->193510K(854080K), 0.0082340 secs] [Times: user=0.05 sys=0.00, real=0.01 secs] 
2014-07-07T21:13:42.025+0000: 1124.045: [GC [PSYoungGen: 167049K->576K(163648K)] 359763K->193386K(850624K), 0.0041970 secs] [Times: user=0.02 sys=0.00, real=0.00 secs] 
2014-07-07T21:13:42.605+0000: 1124.625: [GC [PSYoungGen: 163620K->994K(160960K)] 356431K->193900K(847936K), 0.0031230 secs] [Times: user=0.02 sys=0.00, real=0.00 secs] 
2014-07-07T21:13:43.180+0000: 1125.200: [GC [PSYoungGen: 160930K->1399K(158336K)] 353836K->194401K(845312K), 0.0044940 secs] [Times: user=0.02 sys=0.00, real=0.00 secs] 
2014-07-07T21:13:43.724+0000: 1125.744: [GC [PSYoungGen: 158327K->812K(189184K)] 351329K->193870K(876160K), 0.0130810 secs] [Times: user=0.09 sys=0.00, real=0.01 secs] 
2014-07-07T21:13:44.380+0000: 1126.400: [GC [PSYoungGen: 189142K->924K(227008K)] 382201K->194046K(913984K), 0.0060120 secs] [Times: user=0.04 sys=0.00, real=0.00 secs] 
2014-07-07T21:13:45.176+0000: 1127.196: [GC [PSYoungGen: 226972K->644K(221504K)] 420094K->193822K(908480K), 0.0049460 secs] [Times: user=0.02 sys=0.00, real=0.01 secs] 
2014-07-07T21:13:45.936+0000: 1127.956: [GC [PSYoungGen: 221412K->1110K(216896K)] 414591K->194353K(903872K), 0.0054570 secs] [Times: user=0.03 sys=0.00, real=0.01 secs] 
2014-07-07T21:13:46.714+0000: 1128.734: [GC [PSYoungGen: 216854K->576K(211456K)] 410097K->193882K(898432K), 0.0032460 secs] [Times: user=0.02 sys=0.00, real=0.00 secs] 
2014-07-07T21:13:47.456+0000: 1129.476: [GC [PSYoungGen: 211454K->808K(206976K)] 404760K->194170K(893952K), 0.0108710 secs] [Times: user=0.06 sys=0.00, real=0.01 secs] 
2014-07-07T21:13:48.173+0000: 1130.193: [GC [PSYoungGen: 206952K->672K(202304K)] 400314K->194090K(889280K), 0.0055570 secs] [Times: user=0.03 sys=0.00, real=0.00 secs] 
2014-07-07T21:13:48.877+0000: 1130.897: [GC [PSYoungGen: 202272K->694K(242624K)] 395690K->194176K(929600K), 0.0113160 secs] [Times: user=0.07 sys=0.00, real=0.01 secs] 
2014-07-07T21:13:49.717+0000: 1131.737: [GC [PSYoungGen: 242614K->898K(237056K)] 436096K->194444K(924032K), 0.0065510 secs] [Times: user=0.04 sys=0.01, real=0.01 secs] 
2014-07-07T21:13:50.554+0000: 1132.574: [GC [PSYoungGen: 236994K->648K(231168K)] 430540K->194250K(918144K), 0.0069230 secs] [Times: user=0.04 sys=0.00, real=0.01 secs] 
2014-07-07T21:13:51.362+0000: 1133.382: [GC [PSYoungGen: 231079K->762K(225856K)] 424682K->194436K(912832K), 0.0048760 secs] [Times: user=0.03 sys=0.00, real=0.00 secs] 
2014-07-07T21:13:52.158+0000: 1134.178: [GC [PSYoungGen: 225826K->1273K(221184K)] 419501K->195192K(908160K), 0.0056110 secs] [Times: user=0.03 sys=0.00, real=0.01 secs] 
2014-07-07T21:13:52.935+0000: 1134.955: [GC [PSYoungGen: 221131K->762K(215616K)] 415049K->194736K(902592K), 0.0061930 secs] [Times: user=0.03 sys=0.01, real=0.01 secs] 
2014-07-07T21:13:53.686+0000: 1135.706: [GC [PSYoungGen: 215610K->968K(211008K)] 409584K->195056K(897984K), 0.0095560 secs] [Times: user=0.05 sys=0.00, real=0.01 secs] 
2014-07-07T21:13:54.397+0000: 1136.417: [GC [PSYoungGen: 210939K->1031K(206400K)] 405028K->195208K(893376K), 0.0043800 secs] [Times: user=0.02 sys=0.00, real=0.00 secs] 
2014-07-07T21:13:55.129+0000: 1137.149: [GC [PSYoungGen: 206343K->726K(201536K)] 400520K->194982K(888512K), 0.0048710 secs] [Times: user=0.03 sys=0.00, real=0.01 secs] 
2014-07-07T21:13:55.837+0000: 1137.857: [GC [PSYoungGen: 201494K->690K(197120K)] 395750K->195018K(884096K), 0.0071930 secs] [Times: user=0.01 sys=0.00, real=0.01 secs] 
2014-07-07T21:13:56.534+0000: 1138.554: [GC [PSYoungGen: 197106K->994K(193216K)] 391434K->195426K(880192K), 0.0035430 secs] [Times: user=0.02 sys=0.00, real=0.00 secs] 
2014-07-07T21:13:57.209+0000: 1139.229: [GC [PSYoungGen: 193186K->676K(188800K)] 387618K->195180K(875776K), 0.0053660 secs] [Times: user=0.03 sys=0.00, real=0.01 secs] 
2014-07-07T21:13:57.877+0000: 1139.897: [GC [PSYoungGen: 188772K->416K(184640K)] 383276K->194968K(871616K), 0.0045670 secs] [Times: user=0.03 sys=0.00, real=0.00 secs] 
2014-07-07T21:13:58.538+0000: 1140.558: [GC [PSYoungGen: 184608K->912K(181376K)] 379160K->195528K(868352K), 0.0064370 secs] [Times: user=0.03 sys=0.00, real=0.01 secs] 
2014-07-07T21:13:59.180+0000: 1141.200: [GC [PSYoungGen: 181328K->962K(177728K)] 375944K->195650K(864704K), 0.0065100 secs] [Times: user=0.04 sys=0.00, real=0.01 secs] 
2014-07-07T21:13:59.797+0000: 1141.817: [GC [PSYoungGen: 177666K->662K(173824K)] 372354K->195430K(860800K), 0.0051850 secs] [Times: user=0.03 sys=0.00, real=0.01 secs] 
2014-07-07T21:14:00.403+0000: 1142.423: [GC [PSYoungGen: 173782K->1134K(170816K)] 368550K->196075K(857792K), 0.0047220 secs] [Times: user=0.03 sys=0.00, real=0.00 secs] 
2014-07-07T21:14:00.994+0000: 1143.014: [GC [PSYoungGen: 170798K->862K(167232K)] 365739K->195834K(854208K), 0.0060380 secs] [Times: user=0.02 sys=0.00, real=0.00 secs] 
2014-07-07T21:14:01.575+0000: 1143.595: [GC [PSYoungGen: 167198K->548K(163712K)] 362170K->195584K(850688K), 0.0084920 secs] [Times: user=0.04 sys=0.00, real=0.01 secs] 
2014-07-07T21:14:02.154+0000: 1144.174: [GC [PSYoungGen: 163684K->384K(160384K)] 358720K->195444K(847360K), 0.0049540 secs] [Times: user=0.01 sys=0.00, real=0.00 secs] 
2014-07-07T21:14:02.727+0000: 1144.748: [GC [PSYoungGen: 160384K->544K(157568K)] 355444K->195652K(844544K), 0.0034920 secs] [Times: user=0.02 sys=0.00, real=0.00 secs] 
2014-07-07T21:14:03.287+0000: 1145.308: [GC [PSYoungGen: 157484K->986K(155072K)] 352593K->196159K(842048K), 0.0035800 secs] [Times: user=0.02 sys=0.00, real=0.00 secs] 
2014-07-07T21:14:03.826+0000: 1145.846: [GC [PSYoungGen: 154996K->1096K(152320K)] 350169K->196349K(839296K), 0.0036280 secs] [Times: user=0.02 sys=0.01, real=0.00 secs] 
2014-07-07T21:14:04.362+0000: 1146.382: [GC [PSYoungGen: 152243K->978K(149440K)] 347496K->196319K(836416K), 0.0046150 secs] [Times: user=0.02 sys=0.00, real=0.01 secs] 
2014-07-07T21:14:04.894+0000: 1146.914: [GC [PSYoungGen: 149394K->814K(146560K)] 344735K->196325K(833536K), 0.0034790 secs] [Times: user=0.02 sys=0.00, real=0.00 secs] 
2014-07-07T21:14:05.404+0000: 1147.424: [GC [PSYoungGen: 146515K->1292K(144448K)] 342026K->196843K(831424K), 0.0063660 secs] [Times: user=0.02 sys=0.00, real=0.00 secs] 
2014-07-07T21:14:05.900+0000: 1147.920: [GC [PSYoungGen: 144377K->815K(141440K)] 339927K->196749K(828416K), 0.0049080 secs] [Times: user=0.02 sys=0.00, real=0.01 secs] 
2014-07-07T21:14:06.407+0000: 1148.427: [GC [PSYoungGen: 141423K->716K(138944K)] 337357K->196682K(825920K), 0.0041110 secs] [Times: user=0.01 sys=0.00, real=0.00 secs] 
2014-07-07T21:14:06.881+0000: 1148.901: [GC [PSYoungGen: 138874K->1142K(136960K)] 334840K->197180K(823936K), 0.0049340 secs] [Times: user=0.03 sys=0.00, real=0.01 secs] 
2014-07-07T21:14:07.365+0000: 1149.385: [GC [PSYoungGen: 136950K->1114K(134656K)] 332988K->197216K(821632K), 0.0063550 secs] [Times: user=0.04 sys=0.00, real=0.00 secs] 
2014-07-07T21:14:07.831+0000: 1149.851: [GC [PSYoungGen: 134618K->730K(161024K)] 330720K->196928K(848000K), 0.0065980 secs] [Times: user=0.04 sys=0.00, real=0.01 secs] 
2014-07-07T21:14:08.401+0000: 1150.421: [GC [PSYoungGen: 160986K->968K(158208K)] 357184K->197206K(845184K), 0.0035740 secs] [Times: user=0.01 sys=0.00, real=0.01 secs] 
2014-07-07T21:14:08.947+0000: 1150.967: [GC [PSYoungGen: 158152K->640K(189312K)] 354390K->196926K(876288K), 0.0090870 secs] [Times: user=0.05 sys=0.00, real=0.01 secs] 
2014-07-07T21:14:09.626+0000: 1151.646: [GC [PSYoungGen: 189303K->804K(227264K)] 385589K->197146K(914240K), 0.0061480 secs] [Times: user=0.03 sys=0.00, real=0.00 secs] 
2014-07-07T21:14:10.418+0000: 1152.438: [GC [PSYoungGen: 227230K->782K(222016K)] 423572K->197204K(908992K), 0.0061000 secs] [Times: user=0.04 sys=0.00, real=0.01 secs] 
2014-07-07T21:14:11.198+0000: 1153.218: [GC [PSYoungGen: 221935K->1302K(217472K)] 418357K->197820K(904448K), 0.0055790 secs] [Times: user=0.04 sys=0.00, real=0.00 secs] 
2014-07-07T21:14:11.970+0000: 1153.990: [GC [PSYoungGen: 217429K->608K(211840K)] 413947K->197214K(898816K), 0.0029220 secs] [Times: user=0.01 sys=0.01, real=0.00 secs] 
2014-07-07T21:14:12.712+0000: 1154.732: [GC [PSYoungGen: 211808K->740K(207232K)] 408414K->197442K(894208K), 0.0043910 secs] [Times: user=0.03 sys=0.00, real=0.01 secs] 
2014-07-07T21:14:13.425+0000: 1155.445: [GC [PSYoungGen: 207204K->882K(202816K)] 403906K->197648K(889792K), 0.0045960 secs] [Times: user=0.02 sys=0.00, real=0.00 secs] 
2014-07-07T21:14:14.140+0000: 1156.160: [GC [PSYoungGen: 202769K->1068K(198592K)] 399535K->197922K(885568K), 0.0075250 secs] [Times: user=0.04 sys=0.00, real=0.01 secs] 
2014-07-07T21:14:14.837+0000: 1156.857: [GC [PSYoungGen: 198572K->640K(193920K)] 395426K->197574K(880896K), 0.0041180 secs] [Times: user=0.03 sys=0.01, real=0.00 secs] 
2014-07-07T21:14:15.526+0000: 1157.546: [GC [PSYoungGen: 193893K->843K(190080K)] 390827K->197865K(877056K), 0.0052660 secs] [Times: user=0.03 sys=0.00, real=0.00 secs] 
2014-07-07T21:14:16.202+0000: 1158.222: [GC [PSYoungGen: 190027K->1390K(186624K)] 387049K->198484K(873600K), 0.0033870 secs] [Times: user=0.02 sys=0.00, real=0.01 secs] 
2014-07-07T21:14:16.848+0000: 1158.868: [GC [PSYoungGen: 186606K->1054K(182464K)] 383700K->198228K(869440K), 0.0035620 secs] [Times: user=0.01 sys=0.00, real=0.00 secs] 
2014-07-07T21:14:17.491+0000: 1159.511: [GC [PSYoungGen: 182428K->633K(178304K)] 379602K->197831K(865280K), 0.0064180 secs] [Times: user=0.01 sys=0.00, real=0.01 secs] 
2014-07-07T21:14:18.109+0000: 1160.129: [GC [PSYoungGen: 178297K->858K(174976K)] 375495K->198136K(861952K), 0.0037190 secs] [Times: user=0.02 sys=0.00, real=0.00 secs] 
2014-07-07T21:14:18.727+0000: 1160.747: [GC [PSYoungGen: 174938K->658K(171328K)] 372216K->197976K(858304K), 0.0091150 secs] [Times: user=0.05 sys=0.00, real=0.01 secs] 
2014-07-07T21:14:19.324+0000: 1161.344: [GC [PSYoungGen: 171282K->612K(167872K)] 368600K->197954K(854848K), 0.0050220 secs] [Times: user=0.01 sys=0.00, real=0.01 secs] 
2014-07-07T21:14:19.909+0000: 1161.929: [GC [PSYoungGen: 167844K->548K(201280K)] 365186K->197922K(888256K), 0.0155760 secs] [Times: user=0.10 sys=0.00, real=0.01 secs] 
2014-07-07T21:14:20.604+0000: 1162.624: [GC [PSYoungGen: 201252K->1146K(226176K)] 398626K->198576K(913152K), 0.0068430 secs] [Times: user=0.03 sys=0.00, real=0.01 secs] 
2014-07-07T21:14:21.396+0000: 1163.416: [GC [PSYoungGen: 225850K->676K(242496K)] 423280K->198194K(929472K), 0.0096160 secs] [Times: user=0.05 sys=0.00, real=0.01 secs] 
2014-07-07T21:14:22.250+0000: 1164.271: [GC [PSYoungGen: 241593K->922K(242432K)] 439112K->198536K(929408K), 0.0059690 secs] [Times: user=0.03 sys=0.00, real=0.01 secs] 
2014-07-07T21:14:23.089+0000: 1165.109: [GC [PSYoungGen: 241882K->926K(236160K)] 439496K->198636K(923136K), 0.0031590 secs] [Times: user=0.02 sys=0.00, real=0.00 secs] 
2014-07-07T21:14:23.912+0000: 1165.933: [GC [PSYoungGen: 236126K->626K(230272K)] 433836K->198424K(917248K), 0.0042570 secs] [Times: user=0.03 sys=0.00, real=0.01 secs] 
2014-07-07T21:14:24.718+0000: 1166.738: [GC [PSYoungGen: 230258K->1039K(225344K)] 428056K->198893K(912320K), 0.0034870 secs] [Times: user=0.02 sys=0.00, real=0.00 secs] 
2014-07-07T21:14:25.511+0000: 1167.531: [GC [PSYoungGen: 225267K->914K(220032K)] 423121K->198840K(907008K), 0.0119050 secs] [Times: user=0.07 sys=0.00, real=0.01 secs] 
2014-07-07T21:14:26.286+0000: 1168.307: [GC [PSYoungGen: 219941K->819K(214912K)] 417868K->198801K(901888K), 0.0046750 secs] [Times: user=0.03 sys=0.00, real=0.00 secs] 
2014-07-07T21:14:27.036+0000: 1169.056: [GC [PSYoungGen: 214899K->466K(209792K)] 412881K->198496K(896768K), 0.0108240 secs] [Times: user=0.06 sys=0.00, real=0.01 secs] 
2014-07-07T21:14:27.769+0000: 1169.789: [GC [PSYoungGen: 209705K->680K(205312K)] 407736K->198766K(892288K), 0.0058640 secs] [Times: user=0.04 sys=0.00, real=0.00 secs] 
2014-07-07T21:14:28.491+0000: 1170.511: [GC [PSYoungGen: 205258K->776K(200960K)] 403344K->198926K(887936K), 0.0049100 secs] [Times: user=0.02 sys=0.00, real=0.00 secs] 
2014-07-07T21:14:29.197+0000: 1171.217: [GC [PSYoungGen: 200861K->962K(196800K)] 399011K->199168K(883776K), 0.0069710 secs] [Times: user=0.05 sys=0.00, real=0.00 secs] 
2014-07-07T21:14:29.890+0000: 1171.911: [GC [PSYoungGen: 196738K->694K(192256K)] 394944K->198948K(879232K), 0.0056560 secs] [Times: user=0.02 sys=0.00, real=0.00 secs] 
2014-07-07T21:14:30.566+0000: 1172.586: [GC [PSYoungGen: 192246K->644K(188224K)] 390500K->198946K(875200K), 0.0053040 secs] [Times: user=0.02 sys=0.00, real=0.01 secs] 
2014-07-07T21:14:31.226+0000: 1173.246: [GC [PSYoungGen: 188164K->530K(184192K)] 386466K->198880K(871168K), 0.0045070 secs] [Times: user=0.02 sys=0.00, real=0.01 secs] 
2014-07-07T21:14:31.876+0000: 1173.896: [GC [PSYoungGen: 184146K->580K(180480K)] 382496K->198978K(867456K), 0.0033760 secs] [Times: user=0.02 sys=0.00, real=0.01 secs] 
2014-07-07T21:14:32.528+0000: 1174.548: [GC [PSYoungGen: 180394K->608K(176832K)] 378793K->199046K(863808K), 0.0092440 secs] [Times: user=0.06 sys=0.00, real=0.01 secs] 
2014-07-07T21:14:33.132+0000: 1175.152: [GC [PSYoungGen: 176800K->466K(173184K)] 375238K->198944K(860160K), 0.0038330 secs] [Times: user=0.01 sys=0.00, real=0.00 secs] 
2014-07-07T21:14:33.741+0000: 1175.761: [GC [PSYoungGen: 173138K->648K(207936K)] 371616K->199174K(894912K), 0.0126220 secs] [Times: user=0.06 sys=0.00, real=0.01 secs] 
2014-07-07T21:14:34.476+0000: 1176.496: [GC [PSYoungGen: 207851K->1138K(249856K)] 406377K->199720K(936832K), 0.0072830 secs] [Times: user=0.04 sys=0.00, real=0.01 secs] 
2014-07-07T21:14:35.345+0000: 1177.365: [GC [PSYoungGen: 249842K->1255K(281600K)] 448424K->199885K(968576K), 0.0099950 secs] [Times: user=0.06 sys=0.01, real=0.01 secs] 
2014-07-07T21:14:36.324+0000: 1178.344: [GC [PSYoungGen: 281575K->878K(273920K)] 480205K->199580K(960896K), 0.0060140 secs] [Times: user=0.03 sys=0.01, real=0.01 secs] 
2014-07-07T21:14:37.274+0000: 1179.294: [GC [PSYoungGen: 273902K->1068K(267136K)] 472604K->199866K(954112K), 0.0046130 secs] [Times: user=0.03 sys=0.00, real=0.01 secs] 
2014-07-07T21:14:38.211+0000: 1180.232: [GC [PSYoungGen: 267116K->480K(259840K)] 465914K->199342K(946816K), 0.0052340 secs] [Times: user=0.03 sys=0.00, real=0.00 secs] 
2014-07-07T21:14:39.121+0000: 1181.141: [GC [PSYoungGen: 259767K->897K(253824K)] 458629K->199815K(940800K), 0.0045820 secs] [Times: user=0.02 sys=0.00, real=0.00 secs] 
2014-07-07T21:14:40.029+0000: 1182.049: [GC [PSYoungGen: 253759K->942K(247616K)] 452677K->199932K(934592K), 0.0059330 secs] [Times: user=0.03 sys=0.00, real=0.00 secs] 
2014-07-07T21:14:40.887+0000: 1182.907: [GC [PSYoungGen: 247598K->908K(241600K)] 446588K->199970K(928576K), 0.0034210 secs] [Times: user=0.02 sys=0.00, real=0.01 secs] 
2014-07-07T21:14:41.731+0000: 1183.751: [GC [PSYoungGen: 241548K->936K(289728K)] 440610K->200046K(976704K), 0.0190200 secs] [Times: user=0.10 sys=0.00, real=0.02 secs] 
2014-07-07T21:14:42.755+0000: 1184.775: [GC [PSYoungGen: 289704K->1026K(282240K)] 488814K->200224K(969216K), 0.0058060 secs] [Times: user=0.04 sys=0.00, real=0.01 secs] 
2014-07-07T21:14:43.751+0000: 1185.771: [GC [PSYoungGen: 282173K->822K(274688K)] 481371K->200238K(961664K), 0.0065010 secs] [Times: user=0.04 sys=0.00, real=0.00 secs] 
2014-07-07T21:14:44.711+0000: 1186.731: [GC [PSYoungGen: 274678K->544K(267392K)] 474094K->200040K(954368K), 0.0054450 secs] [Times: user=0.03 sys=0.01, real=0.00 secs] 
2014-07-07T21:14:45.649+0000: 1187.669: [GC [PSYoungGen: 267360K->716K(260800K)] 466856K->200244K(947776K), 0.0115320 secs] [Times: user=0.05 sys=0.01, real=0.01 secs] 
2014-07-07T21:14:46.579+0000: 1188.599: [GC [PSYoungGen: 260748K->640K(254144K)] 460276K->200216K(941120K), 0.0062140 secs] [Times: user=0.02 sys=0.00, real=0.01 secs] 
2014-07-07T21:14:47.479+0000: 1189.499: [GC [PSYoungGen: 254144K->818K(248064K)] 453720K->200458K(935040K), 0.0058220 secs] [Times: user=0.03 sys=0.01, real=0.01 secs] 
2014-07-07T21:14:48.341+0000: 1190.361: [GC [PSYoungGen: 248033K->847K(242112K)] 447673K->200535K(929088K), 0.0112710 secs] [Times: user=0.06 sys=0.00, real=0.01 secs] 
2014-07-07T21:14:49.188+0000: 1191.208: [GC [PSYoungGen: 242063K->576K(235968K)] 441751K->200328K(922944K), 0.0034910 secs] [Times: user=0.02 sys=0.00, real=0.01 secs] 
2014-07-07T21:14:50.011+0000: 1192.031: [GC [PSYoungGen: 235932K->986K(230848K)] 435684K->200802K(917824K), 0.0085440 secs] [Times: user=0.06 sys=0.00, real=0.00 secs] 
2014-07-07T21:14:50.821+0000: 1192.841: [GC [PSYoungGen: 230810K->644K(225152K)] 430626K->200540K(912128K), 0.0068760 secs] [Times: user=0.05 sys=0.00, real=0.00 secs] 
2014-07-07T21:14:51.607+0000: 1193.627: [GC [PSYoungGen: 225052K->1210K(220480K)] 424948K->201170K(907456K), 0.0032670 secs] [Times: user=0.01 sys=0.00, real=0.01 secs] 
2014-07-07T21:14:52.380+0000: 1194.400: [GC [PSYoungGen: 220474K->672K(214976K)] 420434K->200802K(901952K), 0.0113200 secs] [Times: user=0.06 sys=0.00, real=0.01 secs] 
2014-07-07T21:14:53.138+0000: 1195.158: [GC [PSYoungGen: 214924K->914K(210432K)] 415054K->201092K(897408K), 0.0046230 secs] [Times: user=0.02 sys=0.01, real=0.01 secs] 
2014-07-07T21:14:53.872+0000: 1195.892: [GC [PSYoungGen: 210386K->594K(252032K)] 410564K->200986K(939008K), 0.0155820 secs] [Times: user=0.08 sys=0.00, real=0.01 secs] 
2014-07-07T21:14:54.752+0000: 1196.772: [GC [PSYoungGen: 251986K->982K(289152K)] 452378K->201454K(976128K), 0.0057600 secs] [Times: user=0.04 sys=0.01, real=0.00 secs] 
2014-07-07T21:14:55.764+0000: 1197.784: [GC [PSYoungGen: 288790K->644K(280960K)] 489262K->201204K(967936K), 0.0062190 secs] [Times: user=0.03 sys=0.00, real=0.00 secs] 
2014-07-07T21:14:56.763+0000: 1198.783: [GC [PSYoungGen: 280900K->512K(273472K)] 481460K->201136K(960448K), 0.0034420 secs] [Times: user=0.02 sys=0.00, real=0.00 secs] 
2014-07-07T21:14:57.731+0000: 1199.751: [GC [PSYoungGen: 273442K->694K(266688K)] 474066K->201382K(953664K), 0.0032640 secs] [Times: user=0.02 sys=0.00, real=0.01 secs] 
2014-07-07T21:14:58.679+0000: 1200.699: [GC [PSYoungGen: 266678K->730K(260032K)] 467366K->201490K(947008K), 0.0034130 secs] [Times: user=0.02 sys=0.00, real=0.01 secs] 
2014-07-07T21:14:59.594+0000: 1201.614: [GC [PSYoungGen: 259994K->754K(253568K)] 460754K->201578K(940544K), 0.0102880 secs] [Times: user=0.06 sys=0.00, real=0.01 secs] 
2014-07-07T21:15:00.485+0000: 1202.505: [GC [PSYoungGen: 253554K->580K(247232K)] 454378K->201428K(934208K), 0.0105880 secs] [Times: user=0.06 sys=0.00, real=0.01 secs] 
2014-07-07T21:15:01.330+0000: 1203.350: [GC [PSYoungGen: 247172K->1072K(241664K)] 448020K->202034K(928640K), 0.0093890 secs] [Times: user=0.05 sys=0.00, real=0.01 secs] 
2014-07-07T21:15:02.176+0000: 1204.196: [GC [PSYoungGen: 241646K->968K(235840K)] 442608K->202002K(922816K), 0.0064380 secs] [Times: user=0.04 sys=0.00, real=0.01 secs] 
2014-07-07T21:15:03.005+0000: 1205.025: [GC [PSYoungGen: 235784K->512K(229760K)] 436818K->201690K(916736K), 0.0104000 secs] [Times: user=0.05 sys=0.00, real=0.01 secs] 
2014-07-07T21:15:03.821+0000: 1205.841: [GC [PSYoungGen: 229760K->640K(224512K)] 430938K->201906K(911488K), 0.0039030 secs] [Times: user=0.01 sys=0.00, real=0.01 secs] 
2014-07-07T21:15:04.619+0000: 1206.639: [GC [PSYoungGen: 224512K->747K(219456K)] 425778K->202093K(906432K), 0.0044380 secs] [Times: user=0.02 sys=0.00, real=0.01 secs] 
2014-07-07T21:15:05.385+0000: 1207.405: [GC [PSYoungGen: 219435K->1114K(214848K)] 420781K->202508K(901824K), 0.0069310 secs] [Times: user=0.04 sys=0.00, real=0.00 secs] 
2014-07-07T21:15:06.154+0000: 1208.174: [GC [PSYoungGen: 214810K->562K(209472K)] 416204K->202052K(896448K), 0.0052380 secs] [Times: user=0.03 sys=0.00, real=0.00 secs] 
2014-07-07T21:15:06.898+0000: 1208.918: [GC [PSYoungGen: 209432K->690K(204928K)] 410922K->202236K(891904K), 0.0057530 secs] [Times: user=0.02 sys=0.00, real=0.01 secs] 
2014-07-07T21:15:07.620+0000: 1209.640: [GC [PSYoungGen: 204866K->619K(200384K)] 406412K->202197K(887360K), 0.0121050 secs] [Times: user=0.08 sys=0.00, real=0.01 secs] 
2014-07-07T21:15:08.321+0000: 1210.341: [GC [PSYoungGen: 200363K->704K(240448K)] 401941K->202354K(927424K), 0.0107620 secs] [Times: user=0.07 sys=0.00, real=0.01 secs] 
2014-07-07T21:15:09.157+0000: 1211.177: [GC [PSYoungGen: 240448K->928K(234944K)] 442098K->202674K(921920K), 0.0045310 secs] [Times: user=0.03 sys=0.00, real=0.00 secs] 
2014-07-07T21:15:09.989+0000: 1212.009: [GC [PSYoungGen: 234912K->544K(229056K)] 436658K->202354K(916032K), 0.0086930 secs] [Times: user=0.05 sys=0.01, real=0.01 secs] 
2014-07-07T21:15:10.796+0000: 1212.816: [GC [PSYoungGen: 229024K->612K(223808K)] 430834K->202478K(910784K), 0.0049090 secs] [Times: user=0.03 sys=0.00, real=0.00 secs] 
2014-07-07T21:15:11.584+0000: 1213.604: [GC [PSYoungGen: 223780K->804K(218880K)] 425646K->202702K(905856K), 0.0091830 secs] [Times: user=0.05 sys=0.00, real=0.01 secs] 
2014-07-07T21:15:12.360+0000: 1214.380: [GC [PSYoungGen: 218852K->740K(213824K)] 420750K->202694K(900800K), 0.0077350 secs] [Times: user=0.02 sys=0.00, real=0.01 secs] 
2014-07-07T21:15:13.108+0000: 1215.128: [GC [PSYoungGen: 213796K->862K(209152K)] 415750K->202888K(896128K), 0.0035670 secs] [Times: user=0.02 sys=0.00, real=0.00 secs] 
2014-07-07T21:15:13.847+0000: 1215.867: [GC [PSYoungGen: 209118K->698K(204352K)] 411144K->202992K(891328K), 0.0032360 secs] [Times: user=0.02 sys=0.00, real=0.00 secs] 
2014-07-07T21:15:14.557+0000: 1216.577: [GC [PSYoungGen: 204346K->876K(200064K)] 406640K->203258K(887040K), 0.0040270 secs] [Times: user=0.02 sys=0.01, real=0.00 secs] 
2014-07-07T21:15:15.257+0000: 1217.277: [GC [PSYoungGen: 200044K->886K(195776K)] 402426K->203500K(882752K), 0.0035320 secs] [Times: user=0.01 sys=0.00, real=0.00 secs] 
2014-07-07T21:15:15.951+0000: 1217.971: [GC [PSYoungGen: 195765K->658K(191424K)] 398379K->203368K(878400K), 0.0045370 secs] [Times: user=0.03 sys=0.00, real=0.01 secs] 
2014-07-07T21:15:16.624+0000: 1218.644: [GC [PSYoungGen: 191378K->884K(187584K)] 394088K->203955K(874560K), 0.0074500 secs] [Times: user=0.04 sys=0.00, real=0.01 secs] 
2014-07-07T21:15:17.267+0000: 1219.287: [GC [PSYoungGen: 187572K->594K(183424K)] 390643K->203736K(870400K), 0.0069330 secs] [Times: user=0.04 sys=0.00, real=0.01 secs] 
2014-07-07T21:15:17.901+0000: 1219.921: [GC [PSYoungGen: 183378K->1064K(180096K)] 386520K->204255K(867072K), 0.0073520 secs] [Times: user=0.03 sys=0.00, real=0.01 secs] 
2014-07-07T21:15:18.534+0000: 1220.555: [GC [PSYoungGen: 180072K->780K(176192K)] 383263K->204018K(863168K), 0.0074020 secs] [Times: user=0.04 sys=0.00, real=0.00 secs] 
2014-07-07T21:15:19.147+0000: 1221.167: [GC [PSYoungGen: 176140K->516K(211008K)] 379378K->203802K(897984K), 0.0074670 secs] [Times: user=0.05 sys=0.00, real=0.01 secs] 
2014-07-07T21:15:19.875+0000: 1221.895: [GC [PSYoungGen: 210948K->818K(206592K)] 414234K->204192K(893568K), 0.0053880 secs] [Times: user=0.03 sys=0.01, real=0.00 secs] 
2014-07-07T21:15:20.589+0000: 1222.609: [GC [PSYoungGen: 206578K->1277K(202496K)] 409952K->204753K(889472K), 0.0046180 secs] [Times: user=0.02 sys=0.00, real=0.00 secs] 
2014-07-07T21:15:21.289+0000: 1223.309: [GC [PSYoungGen: 202490K->1346K(198272K)] 405965K->204870K(885248K), 0.0074450 secs] [Times: user=0.04 sys=0.00, real=0.01 secs] 
2014-07-07T21:15:21.983+0000: 1224.003: [GC [PSYoungGen: 198210K->320K(192960K)] 401734K->204035K(879936K), 0.0058840 secs] [Times: user=0.04 sys=0.00, real=0.01 secs] 
2014-07-07T21:15:22.653+0000: 1224.673: [GC [PSYoungGen: 192960K->862K(232064K)] 396675K->204609K(919040K), 0.0138210 secs] [Times: user=0.07 sys=0.00, real=0.02 secs] 
2014-07-07T21:15:23.453+0000: 1225.473: [GC [PSYoungGen: 232018K->1138K(278592K)] 435765K->205208K(965568K), 0.0057660 secs] [Times: user=0.03 sys=0.00, real=0.01 secs] 
2014-07-07T21:15:24.437+0000: 1226.458: [GC [PSYoungGen: 278578K->1042K(271360K)] 482648K->205176K(958336K), 0.0040600 secs] [Times: user=0.01 sys=0.01, real=0.00 secs] 
2014-07-07T21:15:25.378+0000: 1227.398: [GC [PSYoungGen: 271314K->562K(263936K)] 475448K->204743K(950912K), 0.0053350 secs] [Times: user=0.03 sys=0.00, real=0.00 secs] 
2014-07-07T21:15:26.323+0000: 1228.343: [GC [PSYoungGen: 263922K->946K(257728K)] 468103K->205215K(944704K), 0.0075210 secs] [Times: user=0.04 sys=0.00, real=0.01 secs] 
2014-07-07T21:15:27.217+0000: 1229.237: [GC [PSYoungGen: 257714K->1210K(251584K)] 461983K->205536K(938560K), 0.0063170 secs] [Times: user=0.04 sys=0.00, real=0.00 secs] 
2014-07-07T21:15:28.097+0000: 1230.117: [GC [PSYoungGen: 251578K->544K(244800K)] 455904K->204933K(931776K), 0.0072510 secs] [Times: user=0.05 sys=0.00, real=0.00 secs] 
2014-07-07T21:15:28.953+0000: 1230.973: [GC [PSYoungGen: 244737K->1391K(239744K)] 449127K->205845K(926720K), 0.0131240 secs] [Times: user=0.07 sys=0.00, real=0.02 secs] 
2014-07-07T21:15:29.805+0000: 1231.825: [GC [PSYoungGen: 239711K->680K(233344K)] 444164K->205197K(920320K), 0.0066600 secs] [Times: user=0.04 sys=0.00, real=0.01 secs] 
2014-07-07T21:15:30.626+0000: 1232.646: [GC [PSYoungGen: 233320K->1248K(228416K)] 437837K->206044K(915392K), 0.0067790 secs] [Times: user=0.03 sys=0.00, real=0.01 secs] 
2014-07-07T21:15:31.432+0000: 1233.452: [GC [PSYoungGen: 228384K->594K(222464K)] 433180K->205462K(909440K), 0.0083350 secs] [Times: user=0.05 sys=0.00, real=0.01 secs] 
2014-07-07T21:15:32.212+0000: 1234.232: [GC [PSYoungGen: 222383K->594K(217344K)] 427251K->205558K(904320K), 0.0043570 secs] [Times: user=0.02 sys=0.00, real=0.01 secs] 
2014-07-07T21:15:32.986+0000: 1235.007: [GC [PSYoungGen: 217298K->594K(212416K)] 422262K->205630K(899392K), 0.0044200 secs] [Times: user=0.02 sys=0.00, real=0.00 secs] 
2014-07-07T21:15:33.724+0000: 1235.744: [GC [PSYoungGen: 212370K->658K(207744K)] 417406K->205774K(894720K), 0.0058850 secs] [Times: user=0.03 sys=0.00, real=0.01 secs] 
2014-07-07T21:15:34.457+0000: 1236.477: [GC [PSYoungGen: 207675K->1170K(203648K)] 412791K->206351K(890624K), 0.0070560 secs] [Times: user=0.04 sys=0.00, real=0.01 secs] 
2014-07-07T21:15:35.172+0000: 1237.192: [GC [PSYoungGen: 203602K->694K(198720K)] 408783K->205962K(885696K), 0.0047440 secs] [Times: user=0.03 sys=0.00, real=0.00 secs] 
2014-07-07T21:15:35.867+0000: 1237.887: [GC [PSYoungGen: 198710K->780K(194560K)] 403978K->206096K(881536K), 0.0071560 secs] [Times: user=0.04 sys=0.00, real=0.00 secs] 
2014-07-07T21:15:36.561+0000: 1238.581: [GC [PSYoungGen: 194508K->544K(190208K)] 399824K->205932K(877184K), 0.0042460 secs] [Times: user=0.01 sys=0.00, real=0.00 secs] 
2014-07-07T21:15:37.233+0000: 1239.253: [GC [PSYoungGen: 190134K->1160K(186880K)] 395523K->206644K(873856K), 0.0053120 secs] [Times: user=0.03 sys=0.00, real=0.01 secs] 
2014-07-07T21:15:37.889+0000: 1239.909: [GC [PSYoungGen: 186823K->548K(182400K)] 392308K->206112K(869376K), 0.0050750 secs] [Times: user=0.03 sys=0.00, real=0.00 secs] 
2014-07-07T21:15:38.531+0000: 1240.552: [GC [PSYoungGen: 182342K->1124K(179264K)] 387906K->206712K(866240K), 0.0045790 secs] [Times: user=0.02 sys=0.00, real=0.00 secs] 
2014-07-07T21:15:39.164+0000: 1241.184: [GC [PSYoungGen: 179236K->926K(175488K)] 384824K->206594K(862464K), 0.0048260 secs] [Times: user=0.03 sys=0.00, real=0.01 secs] 
2014-07-07T21:15:39.771+0000: 1241.791: [GC [PSYoungGen: 175436K->1043K(172096K)] 381105K->206743K(859072K), 0.0098280 secs] [Times: user=0.06 sys=0.00, real=0.01 secs] 
2014-07-07T21:15:40.372+0000: 1242.393: [GC [PSYoungGen: 172051K->662K(205952K)] 377751K->206394K(892928K), 0.0095080 secs] [Times: user=0.06 sys=0.00, real=0.01 secs] 
2014-07-07T21:15:41.084+0000: 1243.105: [GC [PSYoungGen: 205910K->1207K(247552K)] 411642K->206972K(934528K), 0.0131250 secs] [Times: user=0.08 sys=0.00, real=0.01 secs] 
2014-07-07T21:15:41.944+0000: 1243.964: [GC [PSYoungGen: 247543K->480K(269376K)] 453308K->206316K(956352K), 0.0069080 secs] [Times: user=0.04 sys=0.00, real=0.01 secs] 
2014-07-07T21:15:42.897+0000: 1244.917: [GC [PSYoungGen: 268512K->576K(261824K)] 474348K->206508K(948800K), 0.0048050 secs] [Times: user=0.03 sys=0.00, real=0.01 secs] 
2014-07-07T21:15:43.816+0000: 1245.836: [GC [PSYoungGen: 261824K->698K(255424K)] 467756K->206662K(942400K), 0.0077980 secs] [Times: user=0.03 sys=0.00, real=0.01 secs] 
2014-07-07T21:15:44.719+0000: 1246.739: [GC [PSYoungGen: 255400K->1132K(249600K)] 461364K->207144K(936576K), 0.0042200 secs] [Times: user=0.01 sys=0.00, real=0.00 secs] 
2014-07-07T21:15:45.607+0000: 1247.627: [GC [PSYoungGen: 249574K->872K(243264K)] 455586K->206932K(930240K), 0.0088990 secs] [Times: user=0.06 sys=0.00, real=0.01 secs] 
2014-07-07T21:15:46.457+0000: 1248.477: [GC [PSYoungGen: 243226K->1246K(237824K)] 449286K->207378K(924800K), 0.0070520 secs] [Times: user=0.05 sys=0.00, real=0.01 secs] 
2014-07-07T21:15:47.288+0000: 1249.308: [GC [PSYoungGen: 237772K->889K(231808K)] 443905K->207077K(918784K), 0.0057290 secs] [Times: user=0.04 sys=0.01, real=0.01 secs] 
2014-07-07T21:15:48.094+0000: 1250.114: [GC [PSYoungGen: 231799K->626K(226112K)] 437987K->206910K(913088K), 0.0031660 secs] [Times: user=0.01 sys=0.00, real=0.00 secs] 
2014-07-07T21:15:48.898+0000: 1250.918: [GC [PSYoungGen: 226071K->534K(220800K)] 432355K->206842K(907776K), 0.0049450 secs] [Times: user=0.01 sys=0.01, real=0.01 secs] 
2014-07-07T21:15:49.676+0000: 1251.696: [GC [PSYoungGen: 220758K->530K(215744K)] 427066K->206894K(902720K), 0.0044310 secs] [Times: user=0.03 sys=0.00, real=0.01 secs] 
2014-07-07T21:15:50.415+0000: 1252.435: [GC [PSYoungGen: 215603K->957K(211264K)] 421967K->207417K(898240K), 0.0049570 secs] [Times: user=0.02 sys=0.00, real=0.01 secs] 
2014-07-07T21:15:51.152+0000: 1253.172: [GC [PSYoungGen: 211261K->576K(206208K)] 417721K->207108K(893184K), 0.0072150 secs] [Times: user=0.04 sys=0.00, real=0.01 secs] 
2014-07-07T21:15:51.881+0000: 1253.901: [GC [PSYoungGen: 206201K->986K(202112K)] 412733K->207582K(889088K), 0.0062460 secs] [Times: user=0.03 sys=0.01, real=0.00 secs] 
2014-07-07T21:15:52.585+0000: 1254.605: [GC [PSYoungGen: 202043K->1356K(198144K)] 408639K->208041K(885120K), 0.0048800 secs] [Times: user=0.03 sys=0.00, real=0.01 secs] 
2014-07-07T21:15:53.288+0000: 1255.308: [GC [PSYoungGen: 198092K->544K(193088K)] 404777K->207551K(880064K), 0.0058360 secs] [Times: user=0.02 sys=0.00, real=0.01 secs] 
2014-07-07T21:15:53.978+0000: 1255.998: [GC [PSYoungGen: 193056K->1343K(189760K)] 400063K->208422K(876736K), 0.0046310 secs] [Times: user=0.02 sys=0.00, real=0.01 secs] 
2014-07-07T21:15:54.647+0000: 1256.667: [GC [PSYoungGen: 189759K->762K(185216K)] 396838K->208134K(872192K), 0.0115180 secs] [Times: user=0.05 sys=0.00, real=0.01 secs] 
2014-07-07T21:15:55.294+0000: 1257.314: [GC [PSYoungGen: 185210K->872K(181504K)] 392582K->208308K(868480K), 0.0035500 secs] [Times: user=0.02 sys=0.00, real=0.00 secs] 
2014-07-07T21:15:55.930+0000: 1257.950: [GC [PSYoungGen: 181480K->562K(177472K)] 388916K->208054K(864448K), 0.0087070 secs] [Times: user=0.05 sys=0.00, real=0.00 secs] 
2014-07-07T21:15:56.541+0000: 1258.561: [GC [PSYoungGen: 177457K->530K(173888K)] 384949K->208062K(860864K), 0.0057910 secs] [Times: user=0.02 sys=0.00, real=0.00 secs] 
2014-07-07T21:15:57.158+0000: 1259.178: [GC [PSYoungGen: 173842K->938K(208960K)] 381374K->208535K(895936K), 0.0075930 secs] [Times: user=0.03 sys=0.00, real=0.01 secs] 
2014-07-07T21:15:57.880+0000: 1259.900: [GC [PSYoungGen: 208899K->1021K(250624K)] 416495K->208682K(937600K), 0.0078370 secs] [Times: user=0.05 sys=0.00, real=0.00 secs] 
2014-07-07T21:15:58.753+0000: 1260.773: [GC [PSYoungGen: 250578K->1128K(256064K)] 458239K->208829K(943040K), 0.0110700 secs] [Times: user=0.05 sys=0.00, real=0.01 secs] 
2014-07-07T21:15:59.650+0000: 1261.671: [GC [PSYoungGen: 256040K->872K(249472K)] 463741K->208660K(936448K), 0.0042910 secs] [Times: user=0.02 sys=0.00, real=0.01 secs] 
2014-07-07T21:16:00.527+0000: 1262.547: [GC [PSYoungGen: 249448K->686K(243200K)] 457236K->208612K(930176K), 0.0069020 secs] [Times: user=0.04 sys=0.00, real=0.01 secs] 
2014-07-07T21:16:01.379+0000: 1263.399: [GC [PSYoungGen: 243110K->1018K(237696K)] 451037K->209025K(924672K), 0.0058040 secs] [Times: user=0.03 sys=0.01, real=0.01 secs] 
2014-07-07T21:16:02.198+0000: 1264.219: [GC [PSYoungGen: 237690K->1263K(232320K)] 445697K->209399K(919296K), 0.0034650 secs] [Times: user=0.02 sys=0.01, real=0.01 secs] 
2014-07-07T21:16:03.021+0000: 1265.041: [GC [PSYoungGen: 232303K->754K(226368K)] 440439K->208962K(913344K), 0.0092020 secs] [Times: user=0.02 sys=0.00, real=0.00 secs] 
2014-07-07T21:16:03.819+0000: 1265.839: [GC [PSYoungGen: 226354K->690K(221056K)] 434562K->208994K(908032K), 0.0062040 secs] [Times: user=0.04 sys=0.00, real=0.01 secs] 
2014-07-07T21:16:04.604+0000: 1266.624: [GC [PSYoungGen: 221042K->1035K(216384K)] 429346K->209420K(903360K), 0.0039880 secs] [Times: user=0.02 sys=0.00, real=0.00 secs] 
2014-07-07T21:16:05.350+0000: 1267.370: [GC [PSYoungGen: 216331K->826K(211264K)] 424716K->209306K(898240K), 0.0036060 secs] [Times: user=0.02 sys=0.00, real=0.01 secs] 
2014-07-07T21:16:06.084+0000: 1268.105: [GC [PSYoungGen: 211219K->1150K(206912K)] 419699K->209687K(893888K), 0.0068760 secs] [Times: user=0.03 sys=0.00, real=0.00 secs] 
2014-07-07T21:16:06.806+0000: 1268.826: [GC [PSYoungGen: 206910K->1006K(202240K)] 415447K->209649K(889216K), 0.0063070 secs] [Times: user=0.03 sys=0.00, real=0.01 secs] 
2014-07-07T21:16:07.511+0000: 1269.531: [GC [PSYoungGen: 202178K->1044K(197952K)] 410821K->209798K(884928K), 0.0048500 secs] [Times: user=0.03 sys=0.00, real=0.01 secs] 
2014-07-07T21:16:08.199+0000: 1270.219: [GC [PSYoungGen: 197908K->894K(193536K)] 406662K->209770K(880512K), 0.0039950 secs] [Times: user=0.01 sys=0.00, real=0.01 secs] 
2014-07-07T21:16:08.880+0000: 1270.900: [GC [PSYoungGen: 193496K->993K(189568K)] 402373K->209918K(876544K), 0.0042020 secs] [Times: user=0.02 sys=0.00, real=0.01 secs] 
2014-07-07T21:16:09.559+0000: 1271.579: [GC [PSYoungGen: 189537K->608K(185216K)] 398462K->209620K(872192K), 0.0030310 secs] [Times: user=0.02 sys=0.01, real=0.01 secs] 
2014-07-07T21:16:10.215+0000: 1272.235: [GC [PSYoungGen: 185165K->1196K(181952K)] 394178K->210265K(868928K), 0.0119700 secs] [Times: user=0.07 sys=0.00, real=0.01 secs] 
2014-07-07T21:16:10.846+0000: 1272.866: [GC [PSYoungGen: 181932K->1018K(178048K)] 391001K->210159K(865024K), 0.0050500 secs] [Times: user=0.03 sys=0.00, real=0.00 secs] 
2014-07-07T21:16:11.468+0000: 1273.488: [GC [PSYoungGen: 178042K->544K(174016K)] 387183K->209732K(860992K), 0.0044750 secs] [Times: user=0.01 sys=0.00, real=0.01 secs] 
2014-07-07T21:16:12.069+0000: 1274.089: [GC [PSYoungGen: 173984K->1196K(209344K)] 383172K->210465K(896320K), 0.0164250 secs] [Times: user=0.10 sys=0.00, real=0.02 secs] 
2014-07-07T21:16:12.810+0000: 1274.830: [GC [PSYoungGen: 209324K->734K(246848K)] 418593K->210034K(933824K), 0.0091590 secs] [Times: user=0.06 sys=0.00, real=0.01 secs] 
2014-07-07T21:16:13.689+0000: 1275.710: [GC [PSYoungGen: 246046K->932K(251392K)] 455346K->210304K(938368K), 0.0070670 secs] [Times: user=0.04 sys=0.00, real=0.01 secs] 
2014-07-07T21:16:14.571+0000: 1276.591: [GC [PSYoungGen: 250788K->1154K(251328K)] 460160K->210582K(938304K), 0.0060940 secs] [Times: user=0.01 sys=0.00, real=0.01 secs] 
2014-07-07T21:16:15.457+0000: 1277.477: [GC [PSYoungGen: 250996K->1060K(244800K)] 460424K->210577K(931776K), 0.0076610 secs] [Times: user=0.05 sys=0.00, real=0.01 secs] 
2014-07-07T21:16:16.320+0000: 1278.340: [GC [PSYoungGen: 244770K->612K(293120K)] 454287K->210184K(980096K), 0.0193230 secs] [Times: user=0.12 sys=0.00, real=0.02 secs] 
2014-07-07T21:16:17.355+0000: 1279.375: [GC [PSYoungGen: 293092K->918K(299968K)] 502664K->210554K(986944K), 0.0051860 secs] [Times: user=0.03 sys=0.00, real=0.00 secs] 
2014-07-07T21:16:18.410+0000: 1280.431: [GC [PSYoungGen: 299606K->744K(291456K)] 509242K->210412K(978432K), 0.0053950 secs] [Times: user=0.02 sys=0.00, real=0.01 secs] 
2014-07-07T21:16:19.438+0000: 1281.458: [GC [PSYoungGen: 291430K->760K(283776K)] 501099K->210843K(970752K), 0.0053160 secs] [Times: user=0.03 sys=0.00, real=0.00 secs] 
2014-07-07T21:16:20.439+0000: 1282.459: [GC [PSYoungGen: 283768K->1460K(277120K)] 493851K->211649K(964096K), 0.0057720 secs] [Times: user=0.03 sys=0.01, real=0.01 secs] 
2014-07-07T21:16:21.404+0000: 1283.424: [GC [PSYoungGen: 277108K->766K(269312K)] 487297K->211473K(956288K), 0.0090260 secs] [Times: user=0.05 sys=0.00, real=0.01 secs] 
2014-07-07T21:16:22.369+0000: 1284.389: [GC [PSYoungGen: 269310K->1058K(262784K)] 480017K->211813K(949760K), 0.0086440 secs] [Times: user=0.05 sys=0.00, real=0.01 secs] 
2014-07-07T21:16:23.283+0000: 1285.303: [GC [PSYoungGen: 262754K->594K(255744K)] 473509K->211537K(942720K), 0.0089980 secs] [Times: user=0.06 sys=0.00, real=0.01 secs] 
2014-07-07T21:16:24.187+0000: 1286.207: [GC [PSYoungGen: 255698K->608K(249408K)] 466641K->211647K(936384K), 0.0054130 secs] [Times: user=0.03 sys=0.00, real=0.00 secs] 
2014-07-07T21:16:25.065+0000: 1287.085: [GC [PSYoungGen: 249336K->932K(243648K)] 460375K->212043K(930624K), 0.0092030 secs] [Times: user=0.05 sys=0.00, real=0.01 secs] 
2014-07-07T21:16:25.910+0000: 1287.930: [GC [PSYoungGen: 243620K->548K(291840K)] 454731K->211707K(978816K), 0.0129690 secs] [Times: user=0.08 sys=0.00, real=0.01 secs] 
2014-07-07T21:16:26.944+0000: 1288.964: [GC [PSYoungGen: 291812K->644K(284288K)] 502971K->211891K(971264K), 0.0060540 secs] [Times: user=0.04 sys=0.00, real=0.01 secs] 
2014-07-07T21:16:27.949+0000: 1289.969: [GC [PSYoungGen: 284228K->690K(276864K)] 495475K->212025K(963840K), 0.0088480 secs] [Times: user=0.06 sys=0.01, real=0.01 secs] 
2014-07-07T21:16:28.929+0000: 1290.950: [GC [PSYoungGen: 276850K->658K(269760K)] 488185K->212073K(956736K), 0.0054550 secs] [Times: user=0.02 sys=0.00, real=0.01 secs] 
2014-07-07T21:16:29.880+0000: 1291.900: [GC [PSYoungGen: 269695K->972K(263232K)] 481110K->212435K(950208K), 0.0070170 secs] [Times: user=0.03 sys=0.00, real=0.01 secs] 
2014-07-07T21:16:30.799+0000: 1292.819: [GC [PSYoungGen: 263180K->626K(256256K)] 474643K->212169K(943232K), 0.0069710 secs] [Times: user=0.05 sys=0.00, real=0.01 secs] 
2014-07-07T21:16:31.720+0000: 1293.740: [GC [PSYoungGen: 256235K->1184K(250496K)] 467778K->212751K(937472K), 0.0052670 secs] [Times: user=0.01 sys=0.00, real=0.00 secs] 
2014-07-07T21:16:32.604+0000: 1294.625: [GC [PSYoungGen: 250424K->1024K(244288K)] 461991K->212656K(931264K), 0.0073580 secs] [Times: user=0.04 sys=0.00, real=0.01 secs] 
2014-07-07T21:16:33.475+0000: 1295.495: [GC [PSYoungGen: 244224K->686K(238016K)] 455856K->212341K(924992K), 0.0049990 secs] [Times: user=0.01 sys=0.00, real=0.01 secs] 
2014-07-07T21:16:34.308+0000: 1296.328: [GC [PSYoungGen: 237950K->954K(232640K)] 449606K->212673K(919616K), 0.0070820 secs] [Times: user=0.03 sys=0.01, real=0.00 secs] 
2014-07-07T21:16:35.129+0000: 1297.149: [GC [PSYoungGen: 232632K->730K(227008K)] 444351K->212537K(913984K), 0.0055210 secs] [Times: user=0.04 sys=0.00, real=0.00 secs] 
2014-07-07T21:16:35.916+0000: 1297.936: [GC [PSYoungGen: 226953K->744K(221760K)] 438760K->212607K(908736K), 0.0050470 secs] [Times: user=0.02 sys=0.01, real=0.00 secs] 
2014-07-07T21:16:36.698+0000: 1298.718: [GC [PSYoungGen: 221736K->924K(216896K)] 433599K->212875K(903872K), 0.0075100 secs] [Times: user=0.04 sys=0.01, real=0.00 secs] 
2014-07-07T21:16:37.467+0000: 1299.487: [GC [PSYoungGen: 216858K->512K(211584K)] 428810K->212519K(898560K), 0.0066400 secs] [Times: user=0.03 sys=0.00, real=0.00 secs] 
2014-07-07T21:16:38.212+0000: 1300.232: [GC [PSYoungGen: 211584K->498K(206848K)] 423591K->212577K(893824K), 0.0047080 secs] [Times: user=0.02 sys=0.00, real=0.01 secs] 
2014-07-07T21:16:38.936+0000: 1300.956: [GC [PSYoungGen: 206813K->1088K(202944K)] 418892K->213279K(889920K), 0.0033900 secs] [Times: user=0.02 sys=0.00, real=0.01 secs] 
2014-07-07T21:16:39.661+0000: 1301.681: [GC [PSYoungGen: 202877K->968K(198400K)] 415068K->213223K(885376K), 0.0037940 secs] [Times: user=0.02 sys=0.00, real=0.00 secs] 
2014-07-07T21:16:40.349+0000: 1302.369: [GC [PSYoungGen: 198344K->822K(193984K)] 410599K->213770K(880960K), 0.0033870 secs] [Times: user=0.02 sys=0.00, real=0.00 secs] 
2014-07-07T21:16:41.029+0000: 1303.049: [GC [PSYoungGen: 193965K->1076K(190144K)] 406914K->214104K(877120K), 0.0035690 secs] [Times: user=0.01 sys=0.00, real=0.00 secs] 
2014-07-07T21:16:41.694+0000: 1303.714: [GC [PSYoungGen: 190052K->1046K(186176K)] 403081K->214146K(873152K), 0.0068860 secs] [Times: user=0.04 sys=0.00, real=0.01 secs] 
2014-07-07T21:16:42.343+0000: 1304.363: [GC [PSYoungGen: 186134K->897K(182208K)] 399234K->214085K(869184K), 0.0071550 secs] [Times: user=0.05 sys=0.00, real=0.01 secs] 
2014-07-07T21:16:42.980+0000: 1305.000: [GC [PSYoungGen: 182145K->868K(178432K)] 395333K->214128K(865408K), 0.0066370 secs] [Times: user=0.04 sys=0.00, real=0.01 secs] 
2014-07-07T21:16:43.607+0000: 1305.627: [GC [PSYoungGen: 178404K->1132K(175104K)] 391664K->214416K(862080K), 0.0062780 secs] [Times: user=0.01 sys=0.00, real=0.01 secs] 
2014-07-07T21:16:44.232+0000: 1306.252: [GC [PSYoungGen: 175029K->939K(171456K)] 388313K->214387K(858432K), 0.0057950 secs] [Times: user=0.02 sys=0.01, real=0.01 secs] 
2014-07-07T21:16:44.842+0000: 1306.863: [GC [PSYoungGen: 171413K->740K(167872K)] 384861K->214260K(854848K), 0.0072470 secs] [Times: user=0.04 sys=0.00, real=0.01 secs] 
2014-07-07T21:16:45.434+0000: 1307.454: [GC [PSYoungGen: 167844K->708K(164608K)] 381364K->214292K(851584K), 0.0034550 secs] [Times: user=0.02 sys=0.00, real=0.01 secs] 
2014-07-07T21:16:46.012+0000: 1308.032: [GC [PSYoungGen: 164548K->1008K(161728K)] 378132K->214672K(848704K), 0.0062940 secs] [Times: user=0.04 sys=0.00, real=0.01 secs] 
2014-07-07T21:16:46.586+0000: 1308.606: [GC [PSYoungGen: 161712K->1110K(158784K)] 375376K->214854K(845760K), 0.0030790 secs] [Times: user=0.02 sys=0.00, real=0.01 secs] 
2014-07-07T21:16:47.138+0000: 1309.158: [GC [PSYoungGen: 158742K->548K(155264K)] 372486K->214348K(842240K), 0.0048390 secs] [Times: user=0.02 sys=0.00, real=0.01 secs] 
2014-07-07T21:16:47.679+0000: 1309.699: [GC [PSYoungGen: 155236K->1250K(153088K)] 369036K->215122K(840064K), 0.0058570 secs] [Times: user=0.04 sys=0.00, real=0.00 secs] 
2014-07-07T21:16:48.210+0000: 1310.230: [GC [PSYoungGen: 153058K->640K(149696K)] 366930K->214600K(836672K), 0.0059870 secs] [Times: user=0.03 sys=0.00, real=0.00 secs] 
2014-07-07T21:16:48.747+0000: 1310.767: [GC [PSYoungGen: 149696K->854K(147264K)] 363656K->214886K(834240K), 0.0052170 secs] [Times: user=0.03 sys=0.00, real=0.01 secs] 
2014-07-07T21:16:49.265+0000: 1311.285: [GC [PSYoungGen: 147222K->512K(144256K)] 361254K->214640K(831232K), 0.0039000 secs] [Times: user=0.02 sys=0.00, real=0.01 secs] 
2014-07-07T21:16:49.775+0000: 1311.795: [GC [PSYoungGen: 144256K->794K(173376K)] 358384K->214978K(860352K), 0.0086250 secs] [Times: user=0.05 sys=0.00, real=0.01 secs] 
2014-07-07T21:16:50.380+0000: 1312.400: [GC [PSYoungGen: 173338K->878K(208000K)] 387522K->215118K(894976K), 0.0091490 secs] [Times: user=0.06 sys=0.00, real=0.01 secs] 
2014-07-07T21:16:51.120+0000: 1313.140: [GC [PSYoungGen: 207959K->715K(249344K)] 422199K->215027K(936320K), 0.0052900 secs] [Times: user=0.04 sys=0.00, real=0.00 secs] 
2014-07-07T21:16:52.005+0000: 1314.025: [GC [PSYoungGen: 249291K->512K(272896K)] 463603K->214872K(959872K), 0.0088540 secs] [Times: user=0.06 sys=0.00, real=0.01 secs] 
2014-07-07T21:16:52.966+0000: 1314.986: [GC [PSYoungGen: 272000K->576K(265152K)] 486360K->215024K(952128K), 0.0041390 secs] [Times: user=0.02 sys=0.00, real=0.01 secs] 
2014-07-07T21:16:53.899+0000: 1315.919: [GC [PSYoungGen: 265123K->1306K(259264K)] 479572K->215827K(946240K), 0.0060620 secs] [Times: user=0.03 sys=0.00, real=0.00 secs] 
2014-07-07T21:16:54.824+0000: 1316.844: [GC [PSYoungGen: 259192K->953K(252480K)] 473712K->215545K(939456K), 0.0048540 secs] [Times: user=0.02 sys=0.00, real=0.00 secs] 
2014-07-07T21:16:55.698+0000: 1317.718: [GC [PSYoungGen: 252473K->1022K(246336K)] 467065K->215702K(933312K), 0.0031570 secs] [Times: user=0.02 sys=0.00, real=0.01 secs] 
2014-07-07T21:16:56.549+0000: 1318.569: [GC [PSYoungGen: 246334K->1149K(240512K)] 461014K->215943K(927488K), 0.0070950 secs] [Times: user=0.05 sys=0.00, real=0.01 secs] 
2014-07-07T21:16:57.398+0000: 1319.418: [GC [PSYoungGen: 240506K->971K(234624K)] 455300K->215822K(921600K), 0.0053500 secs] [Times: user=0.04 sys=0.00, real=0.01 secs] 
2014-07-07T21:16:58.206+0000: 1320.226: [GC [PSYoungGen: 234571K->544K(228672K)] 449422K->215466K(915648K), 0.0053890 secs] [Times: user=0.03 sys=0.00, real=0.01 secs] 
2014-07-07T21:16:59.011+0000: 1321.031: [GC [PSYoungGen: 228640K->1220K(224064K)] 443562K->216215K(911040K), 0.0044920 secs] [Times: user=0.03 sys=0.00, real=0.00 secs] 
2014-07-07T21:16:59.793+0000: 1321.813: [GC [PSYoungGen: 224004K->1058K(218752K)] 438999K->216124K(905728K), 0.0051720 secs] [Times: user=0.04 sys=0.00, real=0.00 secs] 
2014-07-07T21:17:00.565+0000: 1322.585: [GC [PSYoungGen: 218722K->672K(213440K)] 433788K->215826K(900416K), 0.0034690 secs] [Times: user=0.02 sys=0.00, real=0.00 secs] 
2014-07-07T21:17:01.309+0000: 1323.329: [GC [PSYoungGen: 213408K->1270K(209216K)] 428562K->216481K(896192K), 0.0106040 secs] [Times: user=0.07 sys=0.00, real=0.01 secs] 
2014-07-07T21:17:02.042+0000: 1324.062: [GC [PSYoungGen: 209206K->576K(203904K)] 424417K->215850K(890880K), 0.0054510 secs] [Times: user=0.02 sys=0.00, real=0.00 secs] 
2014-07-07T21:17:02.767+0000: 1324.787: [GC [PSYoungGen: 203848K->747K(199616K)] 419123K->216093K(886592K), 0.0047630 secs] [Times: user=0.02 sys=0.00, real=0.01 secs] 
2014-07-07T21:17:03.477+0000: 1325.497: [GC [PSYoungGen: 199557K->1114K(195712K)] 414904K->216524K(882688K), 0.0068880 secs] [Times: user=0.04 sys=0.00, real=0.01 secs] 
2014-07-07T21:17:04.171+0000: 1326.191: [GC [PSYoungGen: 195674K->594K(191040K)] 411084K->216060K(878016K), 0.0114330 secs] [Times: user=0.07 sys=0.00, real=0.01 secs] 
2014-07-07T21:17:04.844+0000: 1326.864: [GC [PSYoungGen: 190975K->1466K(187840K)] 406441K->217012K(874816K), 0.0048540 secs] [Times: user=0.03 sys=0.01, real=0.00 secs] 
2014-07-07T21:17:05.501+0000: 1327.521: [GC [PSYoungGen: 187797K->726K(183232K)] 403343K->216328K(870208K), 0.0032000 secs] [Times: user=0.01 sys=0.01, real=0.00 secs] 
2014-07-07T21:17:06.143+0000: 1328.163: [GC [PSYoungGen: 183175K->1154K(179904K)] 398777K->216844K(866880K), 0.0063860 secs] [Times: user=0.04 sys=0.00, real=0.00 secs] 
2014-07-07T21:17:06.767+0000: 1328.787: [GC [PSYoungGen: 179831K->718K(175808K)] 395522K->216480K(862784K), 0.0051110 secs] [Times: user=0.03 sys=0.00, real=0.01 secs] 
2014-07-07T21:17:07.378+0000: 1329.398: [GC [PSYoungGen: 175758K->704K(172224K)] 391520K->216538K(859200K), 0.0036570 secs] [Times: user=0.02 sys=0.00, real=0.01 secs] 
2014-07-07T21:17:07.983+0000: 1330.003: [GC [PSYoungGen: 172224K->740K(168896K)] 388058K->216654K(855872K), 0.0050790 secs] [Times: user=0.02 sys=0.00, real=0.00 secs] 
2014-07-07T21:17:08.582+0000: 1330.602: [GC [PSYoungGen: 168868K->665K(165568K)] 384782K->216643K(852544K), 0.0045960 secs] [Times: user=0.03 sys=0.00, real=0.00 secs] 
2014-07-07T21:17:09.155+0000: 1331.175: [GC [PSYoungGen: 165512K->644K(162368K)] 381490K->216694K(849344K), 0.0048340 secs] [Times: user=0.02 sys=0.00, real=0.00 secs] 
2014-07-07T21:17:09.731+0000: 1331.751: [GC [PSYoungGen: 162308K->548K(159168K)] 378358K->216670K(846144K), 0.0066680 secs] [Times: user=0.05 sys=0.00, real=0.01 secs] 
2014-07-07T21:17:10.276+0000: 1332.296: [GC [PSYoungGen: 159140K->616K(156224K)] 375262K->216810K(843200K), 0.0048350 secs] [Times: user=0.02 sys=0.00, real=0.00 secs] 
2014-07-07T21:17:10.824+0000: 1332.844: [GC [PSYoungGen: 156200K->840K(187648K)] 372394K->217090K(874624K), 0.0117420 secs] [Times: user=0.07 sys=0.00, real=0.01 secs] 
2014-07-07T21:17:11.490+0000: 1333.510: [GC [PSYoungGen: 187551K->1135K(225280K)] 403802K->217457K(912256K), 0.0042670 secs] [Times: user=0.01 sys=0.00, real=0.01 secs] 
2014-07-07T21:17:12.274+0000: 1334.294: [GC [PSYoungGen: 225263K->862K(269888K)] 441585K->217240K(956864K), 0.0097120 secs] [Times: user=0.06 sys=0.00, real=0.01 secs] 
2014-07-07T21:17:13.231+0000: 1335.251: [GC [PSYoungGen: 269852K->548K(262720K)] 486230K->217006K(949696K), 0.0068380 secs] [Times: user=0.04 sys=0.00, real=0.01 secs] 
2014-07-07T21:17:14.158+0000: 1336.178: [GC [PSYoungGen: 262692K->1053K(256640K)] 479150K->217567K(943616K), 0.0092370 secs] [Times: user=0.06 sys=0.00, real=0.01 secs] 
2014-07-07T21:17:15.061+0000: 1337.082: [GC [PSYoungGen: 256605K->448K(249664K)] 473119K->217026K(936640K), 0.0057440 secs] [Times: user=0.04 sys=0.00, real=0.01 secs] 
2014-07-07T21:17:15.919+0000: 1337.939: [GC [PSYoungGen: 249629K->1132K(244288K)] 466208K->217782K(931264K), 0.0046580 secs] [Times: user=0.02 sys=0.00, real=0.01 secs] 
2014-07-07T21:17:16.783+0000: 1338.803: [GC [PSYoungGen: 244268K->922K(238208K)] 460918K->217620K(925184K), 0.0054260 secs] [Times: user=0.03 sys=0.00, real=0.00 secs] 
2014-07-07T21:17:17.619+0000: 1339.639: [GC [PSYoungGen: 238170K->828K(232448K)] 454868K->217590K(919424K), 0.0036300 secs] [Times: user=0.02 sys=0.01, real=0.01 secs] 
2014-07-07T21:17:18.436+0000: 1340.456: [GC [PSYoungGen: 232414K->744K(226944K)] 449177K->217562K(913920K), 0.0039500 secs] [Times: user=0.02 sys=0.00, real=0.00 secs] 
2014-07-07T21:17:19.236+0000: 1341.256: [GC [PSYoungGen: 226920K->1174K(222144K)] 443738K->218049K(909120K), 0.0058530 secs] [Times: user=0.04 sys=0.00, real=0.00 secs] 
2014-07-07T21:17:20.012+0000: 1342.032: [GC [PSYoungGen: 222102K->894K(216768K)] 438977K->217874K(903744K), 0.0041760 secs] [Times: user=0.01 sys=0.00, real=0.01 secs] 
2014-07-07T21:17:20.787+0000: 1342.807: [GC [PSYoungGen: 216733K->851K(211904K)] 433714K->217863K(898880K), 0.0039040 secs] [Times: user=0.02 sys=0.00, real=0.00 secs] 
2014-07-07T21:17:21.523+0000: 1343.543: [GC [PSYoungGen: 211859K->662K(206976K)] 428871K->217738K(893952K), 0.0059080 secs] [Times: user=0.04 sys=0.00, real=0.00 secs] 
2014-07-07T21:17:22.247+0000: 1344.267: [GC [PSYoungGen: 206934K->626K(202368K)] 424010K->217774K(889344K), 0.0049920 secs] [Times: user=0.02 sys=0.00, real=0.00 secs] 
2014-07-07T21:17:22.969+0000: 1344.989: [GC [PSYoungGen: 202354K->750K(198080K)] 419502K->217978K(885056K), 0.0059100 secs] [Times: user=0.04 sys=0.00, real=0.01 secs] 
2014-07-07T21:17:23.656+0000: 1345.676: [GC [PSYoungGen: 198062K->448K(193536K)] 415290K->217732K(880512K), 0.0065580 secs] [Times: user=0.04 sys=0.00, real=0.00 secs] 
2014-07-07T21:17:24.326+0000: 1346.346: [GC [PSYoungGen: 193518K->1198K(190208K)] 410802K->218523K(877184K), 0.0046290 secs] [Times: user=0.02 sys=0.00, real=0.00 secs] 
2014-07-07T21:17:25.001+0000: 1347.021: [GC [PSYoungGen: 190190K->612K(185664K)] 407515K->218024K(872640K), 0.0049490 secs] [Times: user=0.02 sys=0.00, real=0.01 secs] 
2014-07-07T21:17:25.645+0000: 1347.665: [GC [PSYoungGen: 185636K->930K(182144K)] 403048K->218398K(869120K), 0.0050900 secs] [Times: user=0.03 sys=0.00, real=0.00 secs] 
2014-07-07T21:17:26.287+0000: 1348.307: [GC [PSYoungGen: 182114K->929K(178432K)] 399582K->218469K(865408K), 0.0086570 secs] [Times: user=0.05 sys=0.00, real=0.01 secs] 
2014-07-07T21:17:26.909+0000: 1348.929: [GC [PSYoungGen: 178401K->676K(174592K)] 395941K->218304K(861568K), 0.0066870 secs] [Times: user=0.04 sys=0.00, real=0.01 secs] 
2014-07-07T21:17:27.512+0000: 1349.532: [GC [PSYoungGen: 174519K->1012K(171456K)] 392147K->218712K(858432K), 0.0057890 secs] [Times: user=0.02 sys=0.00, real=0.01 secs] 
2014-07-07T21:17:28.102+0000: 1350.122: [GC [PSYoungGen: 171402K->1081K(168128K)] 389102K->218861K(855104K), 0.0041530 secs] [Times: user=0.02 sys=0.00, real=0.01 secs] 
2014-07-07T21:17:28.676+0000: 1350.696: [GC [PSYoungGen: 168073K->730K(164544K)] 385853K->218566K(851520K), 0.0044770 secs] [Times: user=0.01 sys=0.00, real=0.00 secs] 
2014-07-07T21:17:29.251+0000: 1351.271: [GC [PSYoungGen: 164504K->822K(197376K)] 382340K->218690K(884352K), 0.0091390 secs] [Times: user=0.05 sys=0.00, real=0.01 secs] 
2014-07-07T21:17:29.930+0000: 1351.950: [GC [PSYoungGen: 197366K->690K(236608K)] 415234K->218646K(923584K), 0.0075180 secs] [Times: user=0.05 sys=0.00, real=0.01 secs] 
2014-07-07T21:17:30.768+0000: 1352.788: [GC [PSYoungGen: 236587K->1017K(231296K)] 454544K->219054K(918272K), 0.0059630 secs] [Times: user=0.02 sys=0.00, real=0.01 secs] 
2014-07-07T21:17:31.591+0000: 1353.611: [GC [PSYoungGen: 231289K->848K(225792K)] 449326K->218948K(912768K), 0.0039140 secs] [Times: user=0.01 sys=0.00, real=0.00 secs] 
2014-07-07T21:17:32.384+0000: 1354.404: [GC [PSYoungGen: 225744K->822K(220544K)] 443844K->219200K(907520K), 0.0083820 secs] [Times: user=0.05 sys=0.00, real=0.01 secs] 
2014-07-07T21:17:33.148+0000: 1355.168: [GC [PSYoungGen: 220533K->512K(215232K)] 438911K->218954K(902208K), 0.0042070 secs] [Times: user=0.02 sys=0.01, real=0.00 secs] 
2014-07-07T21:17:33.911+0000: 1355.931: [GC [PSYoungGen: 215232K->644K(210560K)] 433674K->219158K(897536K), 0.0052370 secs] [Times: user=0.03 sys=0.00, real=0.01 secs] 
2014-07-07T21:17:34.659+0000: 1356.679: [GC [PSYoungGen: 210454K->1220K(206464K)] 428968K->219775K(893440K), 0.0056280 secs] [Times: user=0.02 sys=0.00, real=0.00 secs] 
2014-07-07T21:17:35.377+0000: 1357.397: [GC [PSYoungGen: 206404K->690K(201344K)] 424959K->219332K(888320K), 0.0051690 secs] [Times: user=0.04 sys=0.00, real=0.00 secs] 
2014-07-07T21:17:36.080+0000: 1358.100: [GC [PSYoungGen: 201330K->512K(196800K)] 419972K->219210K(883776K), 0.0038580 secs] [Times: user=0.02 sys=0.00, real=0.00 secs] 
2014-07-07T21:17:36.771+0000: 1358.791: [GC [PSYoungGen: 196753K->1225K(193344K)] 415452K->219979K(880320K), 0.0057950 secs] [Times: user=0.02 sys=0.00, real=0.01 secs] 
2014-07-07T21:17:37.468+0000: 1359.489: [GC [PSYoungGen: 193287K->1362K(189376K)] 412042K->220164K(876352K), 0.0059540 secs] [Times: user=0.03 sys=0.00, real=0.00 secs] 
2014-07-07T21:17:38.103+0000: 1360.123: [GC [PSYoungGen: 189328K->423K(184512K)] 408130K->219640K(871488K), 0.0082400 secs] [Times: user=0.04 sys=0.00, real=0.01 secs] 
2014-07-07T21:17:38.750+0000: 1360.770: [GC [PSYoungGen: 184448K->980K(181312K)] 403665K->220245K(868288K), 0.0081090 secs] [Times: user=0.05 sys=0.00, real=0.01 secs] 
2014-07-07T21:17:39.391+0000: 1361.411: [GC [PSYoungGen: 181268K->758K(177408K)] 400533K->220537K(864384K), 0.0062370 secs] [Times: user=0.03 sys=0.01, real=0.01 secs] 
2014-07-07T21:17:40.020+0000: 1362.040: [GC [PSYoungGen: 177398K->740K(212736K)] 397177K->220591K(899712K), 0.0088630 secs] [Times: user=0.05 sys=0.00, real=0.01 secs] 
2014-07-07T21:17:40.750+0000: 1362.770: [GC [PSYoungGen: 212708K->900K(255360K)] 432559K->220815K(942336K), 0.0064750 secs] [Times: user=0.04 sys=0.00, real=0.01 secs] 
2014-07-07T21:17:41.657+0000: 1363.677: [GC [PSYoungGen: 255300K->640K(248768K)] 475215K->220603K(935744K), 0.0062340 secs] [Times: user=0.01 sys=0.01, real=0.00 secs] 
2014-07-07T21:17:42.525+0000: 1364.545: [GC [PSYoungGen: 248767K->736K(242816K)] 468730K->220771K(929792K), 0.0069660 secs] [Times: user=0.03 sys=0.00, real=0.01 secs] 
2014-07-07T21:17:43.381+0000: 1365.401: [GC [PSYoungGen: 242758K->1352K(237632K)] 462793K->221468K(924608K), 0.0050700 secs] [Times: user=0.03 sys=0.00, real=0.01 secs] 
2014-07-07T21:17:44.218+0000: 1366.238: [GC [PSYoungGen: 237559K->694K(231296K)] 457674K->221189K(918272K), 0.0075540 secs] [Times: user=0.05 sys=0.00, real=0.00 secs] 
2014-07-07T21:17:45.026+0000: 1367.046: [GC [PSYoungGen: 231286K->862K(226048K)] 451781K->221479K(913024K), 0.0061430 secs] [Times: user=0.04 sys=0.00, real=0.01 secs] 
2014-07-07T21:17:45.839+0000: 1367.859: [GC [PSYoungGen: 226014K->818K(220736K)] 446631K->221789K(907712K), 0.0059900 secs] [Times: user=0.04 sys=0.00, real=0.00 secs] 
2014-07-07T21:17:46.607+0000: 1368.627: [GC [PSYoungGen: 220721K->1118K(216000K)] 441693K->222177K(902976K), 0.0030870 secs] [Times: user=0.02 sys=0.00, real=0.00 secs] 
2014-07-07T21:17:47.364+0000: 1369.384: [GC [PSYoungGen: 215942K->1000K(211008K)] 437002K->222198K(897984K), 0.0041490 secs] [Times: user=0.02 sys=0.00, real=0.01 secs] 
2014-07-07T21:17:48.102+0000: 1370.122: [GC [PSYoungGen: 210959K->853K(206208K)] 432156K->222091K(893184K), 0.0110450 secs] [Times: user=0.06 sys=0.00, real=0.01 secs] 
2014-07-07T21:17:48.824+0000: 1370.845: [GC [PSYoungGen: 206150K->894K(201664K)] 427388K->222211K(888640K), 0.0080490 secs] [Times: user=0.05 sys=0.00, real=0.01 secs] 
2014-07-07T21:17:49.532+0000: 1371.552: [GC [PSYoungGen: 201662K->894K(197312K)] 422979K->222283K(884288K), 0.0077210 secs] [Times: user=0.05 sys=0.00, real=0.01 secs] 
2014-07-07T21:17:50.224+0000: 1372.244: [GC [PSYoungGen: 197310K->626K(192832K)] 418699K->222103K(879808K), 0.0059220 secs] [Times: user=0.03 sys=0.01, real=0.01 secs] 
2014-07-07T21:17:50.895+0000: 1372.915: [GC [PSYoungGen: 192817K->480K(188608K)] 414295K->222029K(875584K), 0.0053870 secs] [Times: user=0.03 sys=0.00, real=0.01 secs] 
2014-07-07T21:17:51.547+0000: 1373.567: [GC [PSYoungGen: 188529K->946K(185152K)] 410079K->222568K(872128K), 0.0053570 secs] [Times: user=0.03 sys=0.00, real=0.01 secs] 
2014-07-07T21:17:52.194+0000: 1374.214: [GC [PSYoungGen: 185058K->840K(181312K)] 406679K->222541K(868288K), 0.0053800 secs] [Times: user=0.03 sys=0.01, real=0.01 secs] 
2014-07-07T21:17:52.838+0000: 1374.858: [GC [PSYoungGen: 181256K->562K(177280K)] 402957K->222319K(864256K), 0.0054040 secs] [Times: user=0.03 sys=0.00, real=0.00 secs] 
2014-07-07T21:17:53.463+0000: 1375.483: [GC [PSYoungGen: 177266K->822K(173952K)] 399023K->222643K(860928K), 0.0068300 secs] [Times: user=0.04 sys=0.00, real=0.01 secs] 
2014-07-07T21:17:54.087+0000: 1376.107: [GC [PSYoungGen: 173942K->1178K(170880K)] 395763K->223064K(857856K), 0.0074660 secs] [Times: user=0.04 sys=0.01, real=0.01 secs] 
2014-07-07T21:17:54.680+0000: 1376.700: [GC [PSYoungGen: 170826K->1389K(167744K)] 392711K->223379K(854720K), 0.0054760 secs] [Times: user=0.04 sys=0.00, real=0.00 secs] 
2014-07-07T21:17:55.271+0000: 1377.291: [GC [PSYoungGen: 167725K->228K(163392K)] 389715K->222884K(850368K), 0.0047910 secs] [Times: user=0.03 sys=0.00, real=0.00 secs] 
2014-07-07T21:17:55.844+0000: 1377.864: [GC [PSYoungGen: 163363K->1358K(197184K)] 386019K->224086K(884160K), 0.0086470 secs] [Times: user=0.06 sys=0.00, real=0.01 secs] 
2014-07-07T21:17:56.536+0000: 1378.556: [GC [PSYoungGen: 197134K->680K(235648K)] 419862K->223870K(922624K), 0.0068140 secs] [Times: user=0.03 sys=0.00, real=0.01 secs] 
2014-07-07T21:17:57.365+0000: 1379.385: [GC [PSYoungGen: 235624K->1118K(230528K)] 458814K->224388K(917504K), 0.0042430 secs] [Times: user=0.02 sys=0.00, real=0.01 secs] 
2014-07-07T21:17:58.191+0000: 1380.212: [GC [PSYoungGen: 230494K->626K(224640K)] 453764K->223952K(911616K), 0.0104500 secs] [Times: user=0.07 sys=0.00, real=0.01 secs] 
2014-07-07T21:17:58.971+0000: 1380.991: [GC [PSYoungGen: 224618K->630K(247040K)] 447945K->224036K(934016K), 0.0090770 secs] [Times: user=0.06 sys=0.00, real=0.01 secs] 
2014-07-07T21:17:59.837+0000: 1381.857: [GC [PSYoungGen: 246068K->804K(270464K)] 469475K->224290K(957440K), 0.0116930 secs] [Times: user=0.07 sys=0.00, real=0.01 secs] 
2014-07-07T21:18:00.787+0000: 1382.807: [GC [PSYoungGen: 269572K->933K(262976K)] 493059K->224483K(949952K), 0.0060690 secs] [Times: user=0.04 sys=0.00, real=0.01 secs] 
2014-07-07T21:18:01.714+0000: 1383.734: [GC [PSYoungGen: 262911K->633K(256064K)] 486462K->224501K(943040K), 0.0068440 secs] [Times: user=0.04 sys=0.01, real=0.01 secs] 
2014-07-07T21:18:02.621+0000: 1384.641: [GC [PSYoungGen: 256057K->1114K(250240K)] 479925K->225096K(937216K), 0.0089260 secs] [Times: user=0.06 sys=0.00, real=0.01 secs] 
2014-07-07T21:18:03.472+0000: 1385.492: [GC [PSYoungGen: 250183K->950K(243968K)] 474165K->225170K(930944K), 0.0035310 secs] [Times: user=0.02 sys=0.01, real=0.00 secs] 
2014-07-07T21:18:04.325+0000: 1386.345: [GC [PSYoungGen: 243958K->1032K(238208K)] 468178K->225316K(925184K), 0.0068510 secs] [Times: user=0.04 sys=0.01, real=0.01 secs] 
2014-07-07T21:18:05.158+0000: 1387.178: [GC [PSYoungGen: 238137K->928K(232448K)] 462422K->225505K(919424K), 0.0039140 secs] [Times: user=0.02 sys=0.00, real=0.01 secs] 
2014-07-07T21:18:05.955+0000: 1387.976: [GC [PSYoungGen: 232416K->1118K(227200K)] 456993K->225775K(914176K), 0.0073130 secs] [Times: user=0.04 sys=0.00, real=0.01 secs] 
2014-07-07T21:18:06.750+0000: 1388.770: [GC [PSYoungGen: 227136K->630K(221440K)] 451793K->225366K(908416K), 0.0073710 secs] [Times: user=0.05 sys=0.00, real=0.00 secs] 
2014-07-07T21:18:07.514+0000: 1389.534: [GC [PSYoungGen: 221430K->1106K(216896K)] 446166K->225915K(903872K), 0.0065890 secs] [Times: user=0.04 sys=0.00, real=0.01 secs] 
2014-07-07T21:18:08.279+0000: 1390.299: [GC [PSYoungGen: 216850K->712K(211648K)] 441659K->225576K(898624K), 0.0085180 secs] [Times: user=0.05 sys=0.00, real=0.01 secs] 
2014-07-07T21:18:09.026+0000: 1391.046: [GC [PSYoungGen: 211585K->794K(206976K)] 436450K->225730K(893952K), 0.0061280 secs] [Times: user=0.03 sys=0.00, real=0.01 secs] 
2014-07-07T21:18:09.758+0000: 1391.778: [GC [PSYoungGen: 206938K->872K(202496K)] 431874K->225888K(889472K), 0.0026900 secs] [Times: user=0.01 sys=0.00, real=0.01 secs] 
2014-07-07T21:18:10.479+0000: 1392.499: [GC [PSYoungGen: 202470K->972K(198208K)] 427487K->226077K(885184K), 0.0049130 secs] [Times: user=0.03 sys=0.00, real=0.01 secs] 
2014-07-07T21:18:11.183+0000: 1393.203: [GC [PSYoungGen: 198156K->780K(193792K)] 423261K->225965K(880768K), 0.0040480 secs] [Times: user=0.02 sys=0.00, real=0.00 secs] 
2014-07-07T21:18:11.865+0000: 1393.886: [GC [PSYoungGen: 193740K->1076K(189952K)] 418925K->226325K(876928K), 0.0067100 secs] [Times: user=0.04 sys=0.00, real=0.01 secs] 
2014-07-07T21:18:12.544+0000: 1394.564: [GC [PSYoungGen: 189940K->544K(185472K)] 415189K->225872K(872448K), 0.0035820 secs] [Times: user=0.02 sys=0.00, real=0.00 secs] 
2014-07-07T21:18:13.193+0000: 1395.214: [GC [PSYoungGen: 185426K->694K(181760K)] 410755K->226118K(868736K), 0.0043780 secs] [Times: user=0.02 sys=0.00, real=0.00 secs] 
2014-07-07T21:18:13.825+0000: 1395.845: [GC [PSYoungGen: 181719K->744K(178112K)] 407144K->226248K(865088K), 0.0080640 secs] [Times: user=0.06 sys=0.00, real=0.01 secs] 
2014-07-07T21:18:14.464+0000: 1396.484: [GC [PSYoungGen: 178088K->712K(213632K)] 403592K->226272K(900608K), 0.0158190 secs] [Times: user=0.10 sys=0.00, real=0.01 secs] 
2014-07-07T21:18:15.228+0000: 1397.248: [GC [PSYoungGen: 213576K->854K(256384K)] 439136K->226510K(943360K), 0.0057150 secs] [Times: user=0.03 sys=0.00, real=0.01 secs] 
2014-07-07T21:18:16.121+0000: 1398.141: [GC [PSYoungGen: 256342K->815K(249984K)] 481998K->226520K(936960K), 0.0035090 secs] [Times: user=0.02 sys=0.00, real=0.01 secs] 
2014-07-07T21:18:17.007+0000: 1399.027: [GC [PSYoungGen: 249967K->890K(243968K)] 475672K->226881K(930944K), 0.0036510 secs] [Times: user=0.01 sys=0.00, real=0.00 secs] 
2014-07-07T21:18:17.856+0000: 1399.876: [GC [PSYoungGen: 243962K->690K(237888K)] 469953K->226720K(924864K), 0.0054540 secs] [Times: user=0.01 sys=0.00, real=0.00 secs] 
2014-07-07T21:18:18.682+0000: 1400.703: [GC [PSYoungGen: 237874K->976K(232576K)] 463904K->227103K(919552K), 0.0034150 secs] [Times: user=0.02 sys=0.00, real=0.00 secs] 
2014-07-07T21:18:19.511+0000: 1401.531: [GC [PSYoungGen: 232528K->890K(227008K)] 458655K->227089K(913984K), 0.0056070 secs] [Times: user=0.03 sys=0.00, real=0.01 secs] 
2014-07-07T21:18:20.303+0000: 1402.323: [GC [PSYoungGen: 226995K->814K(221696K)] 453194K->227109K(908672K), 0.0054150 secs] [Times: user=0.02 sys=0.00, real=0.00 secs] 
2014-07-07T21:18:21.066+0000: 1403.086: [GC [PSYoungGen: 221658K->1067K(216896K)] 447953K->227450K(903872K), 0.0069420 secs] [Times: user=0.05 sys=0.00, real=0.01 secs] 
2014-07-07T21:18:21.824+0000: 1403.844: [GC [PSYoungGen: 216875K->686K(211648K)] 443258K->227273K(898624K), 0.0096220 secs] [Times: user=0.05 sys=0.00, real=0.01 secs] 
2014-07-07T21:18:22.574+0000: 1404.594: [GC [PSYoungGen: 211630K->908K(207168K)] 438217K->227575K(894144K), 0.0057520 secs] [Times: user=0.03 sys=0.00, real=0.00 secs] 
2014-07-07T21:18:23.290+0000: 1405.310: [GC [PSYoungGen: 207116K->922K(202624K)] 433783K->227663K(889600K), 0.0052430 secs] [Times: user=0.01 sys=0.00, real=0.01 secs] 
2014-07-07T21:18:24.010+0000: 1406.030: [GC [PSYoungGen: 202547K->1050K(198336K)] 429288K->227879K(885312K), 0.0041360 secs] [Times: user=0.02 sys=0.00, real=0.01 secs] 
2014-07-07T21:18:24.710+0000: 1406.730: [GC [PSYoungGen: 198298K->434K(193472K)] 425127K->227441K(880448K), 0.0125620 secs] [Times: user=0.08 sys=0.00, real=0.01 secs] 
2014-07-07T21:18:25.394+0000: 1407.414: [GC [PSYoungGen: 193458K->722K(189696K)] 420465K->227817K(876672K), 0.0059810 secs] [Times: user=0.04 sys=0.00, real=0.00 secs] 
2014-07-07T21:18:26.071+0000: 1408.091: [GC [PSYoungGen: 189644K->830K(185792K)] 416739K->228031K(872768K), 0.0075820 secs] [Times: user=0.05 sys=0.00, real=0.01 secs] 
2014-07-07T21:18:26.732+0000: 1408.752: [GC [PSYoungGen: 185790K->900K(182080K)] 412991K->228141K(869056K), 0.0060870 secs] [Times: user=0.02 sys=0.00, real=0.01 secs] 
2014-07-07T21:18:27.361+0000: 1409.381: [GC [PSYoungGen: 182020K->686K(178112K)] 409261K->228041K(865088K), 0.0040560 secs] [Times: user=0.02 sys=0.01, real=0.01 secs] 
2014-07-07T21:18:27.983+0000: 1410.003: [GC [PSYoungGen: 178094K->690K(174528K)] 405449K->228125K(861504K), 0.0052800 secs] [Times: user=0.03 sys=0.01, real=0.00 secs] 
2014-07-07T21:18:28.607+0000: 1410.627: [GC [PSYoungGen: 174480K->1060K(209728K)] 401915K->228691K(896704K), 0.0093760 secs] [Times: user=0.05 sys=0.00, real=0.01 secs] 
2014-07-07T21:18:29.336+0000: 1411.356: [GC [PSYoungGen: 209700K->826K(204864K)] 437331K->228521K(891840K), 0.0063420 secs] [Times: user=0.03 sys=0.00, real=0.00 secs] 
2014-07-07T21:18:30.063+0000: 1412.084: [GC [PSYoungGen: 204858K->512K(200064K)] 432553K->228371K(887040K), 0.0078760 secs] [Times: user=0.03 sys=0.00, real=0.00 secs] 
2014-07-07T21:18:30.764+0000: 1412.784: [GC [PSYoungGen: 200061K->868K(240384K)] 427920K->228783K(927360K), 0.0076540 secs] [Times: user=0.03 sys=0.00, real=0.01 secs] 
2014-07-07T21:18:31.605+0000: 1413.625: [GC [PSYoungGen: 240356K->768K(234560K)] 468271K->228707K(921536K), 0.0055790 secs] [Times: user=0.01 sys=0.00, real=0.00 secs] 
2014-07-07T21:18:32.428+0000: 1414.448: [GC [PSYoungGen: 234496K->876K(229120K)] 462435K->228879K(916096K), 0.0054670 secs] [Times: user=0.04 sys=0.00, real=0.00 secs] 
2014-07-07T21:18:33.231+0000: 1415.251: [GC [PSYoungGen: 229099K->765K(223680K)] 457102K->228970K(910656K), 0.0065980 secs] [Times: user=0.04 sys=0.00, real=0.01 secs] 
2014-07-07T21:18:34.032+0000: 1416.053: [GC [PSYoungGen: 223677K->1192K(219008K)] 451882K->229453K(905984K), 0.0071980 secs] [Times: user=0.04 sys=0.00, real=0.01 secs] 
2014-07-07T21:18:34.789+0000: 1416.810: [GC [PSYoungGen: 218943K->502K(213376K)] 447204K->229376K(900352K), 0.0087760 secs] [Times: user=0.04 sys=0.00, real=0.01 secs] 
2014-07-07T21:18:35.537+0000: 1417.557: [GC [PSYoungGen: 213366K->880K(208960K)] 442240K->229810K(895936K), 0.0033930 secs] [Times: user=0.02 sys=0.00, real=0.00 secs] 
2014-07-07T21:18:36.267+0000: 1418.287: [GC [PSYoungGen: 208944K->644K(204160K)] 437874K->229912K(891136K), 0.0050900 secs] [Times: user=0.03 sys=0.00, real=0.00 secs] 
2014-07-07T21:18:36.979+0000: 1418.999: [GC [PSYoungGen: 204100K->1072K(200064K)] 433368K->230444K(887040K), 0.0062750 secs] [Times: user=0.04 sys=0.00, real=0.01 secs] 
2014-07-07T21:18:37.688+0000: 1419.708: [GC [PSYoungGen: 200048K->872K(195584K)] 429420K->230292K(882560K), 0.0056120 secs] [Times: user=0.02 sys=0.00, real=0.00 secs] 
2014-07-07T21:18:38.380+0000: 1420.400: [GC [PSYoungGen: 195529K->924K(191488K)] 424949K->230408K(878464K), 0.0050880 secs] [Times: user=0.03 sys=0.00, real=0.01 secs] 
2014-07-07T21:18:39.047+0000: 1421.067: [GC [PSYoungGen: 191432K->872K(187392K)] 420916K->230636K(874368K), 0.0051560 secs] [Times: user=0.03 sys=0.00, real=0.00 secs] 
2014-07-07T21:18:39.715+0000: 1421.735: [GC [PSYoungGen: 187353K->1292K(183936K)] 417118K->231112K(870912K), 0.0038360 secs] [Times: user=0.02 sys=0.00, real=0.00 secs] 
2014-07-07T21:18:40.373+0000: 1422.393: [GC [PSYoungGen: 183884K->498K(179328K)] 413704K->230478K(866304K), 0.0044390 secs] [Times: user=0.03 sys=0.00, real=0.01 secs] 
2014-07-07T21:18:41.007+0000: 1423.027: [GC [PSYoungGen: 179314K->672K(175872K)] 409294K->230764K(862848K), 0.0031080 secs] [Times: user=0.02 sys=0.00, real=0.00 secs] 
2014-07-07T21:18:41.620+0000: 1423.640: [GC [PSYoungGen: 175840K->793K(172480K)] 405932K->230973K(859456K), 0.0035270 secs] [Times: user=0.02 sys=0.00, real=0.00 secs] 
2014-07-07T21:18:42.213+0000: 1424.233: [GC [PSYoungGen: 172437K->1008K(169280K)] 402617K->231284K(856256K), 0.0042680 secs] [Times: user=0.03 sys=0.01, real=0.01 secs] 
2014-07-07T21:18:42.805+0000: 1424.825: [GC [PSYoungGen: 169262K->999K(166016K)] 399538K->231533K(852992K), 0.0050410 secs] [Times: user=0.02 sys=0.00, real=0.01 secs] 
2014-07-07T21:18:43.399+0000: 1425.419: [GC [PSYoungGen: 165991K->1050K(162880K)] 396525K->231648K(849856K), 0.0054850 secs] [Times: user=0.03 sys=0.01, real=0.00 secs] 
2014-07-07T21:18:43.971+0000: 1425.991: [GC [PSYoungGen: 162823K->822K(159552K)] 393422K->231574K(846528K), 0.0033880 secs] [Times: user=0.02 sys=0.00, real=0.00 secs] 
2014-07-07T21:18:44.522+0000: 1426.542: [GC [PSYoungGen: 159542K->676K(156416K)] 390294K->231492K(843392K), 0.0050940 secs] [Times: user=0.03 sys=0.00, real=0.01 secs] 
2014-07-07T21:18:45.074+0000: 1427.094: [GC [PSYoungGen: 156388K->836K(153728K)] 387204K->231748K(840704K), 0.0054500 secs] [Times: user=0.03 sys=0.00, real=0.01 secs] 
2014-07-07T21:18:45.599+0000: 1427.619: [GC [PSYoungGen: 153668K->644K(150720K)] 384580K->231644K(837696K), 0.0066220 secs] [Times: user=0.04 sys=0.00, real=0.00 secs] 
2014-07-07T21:18:46.121+0000: 1428.141: [GC [PSYoungGen: 150560K->1011K(148288K)] 381560K->232083K(835264K), 0.0053110 secs] [Times: user=0.03 sys=0.00, real=0.01 secs] 
2014-07-07T21:18:46.638+0000: 1428.658: [GC [PSYoungGen: 148222K->662K(177472K)] 379295K->231798K(864448K), 0.0082950 secs] [Times: user=0.05 sys=0.00, real=0.01 secs] 
2014-07-07T21:18:47.263+0000: 1429.283: [GC [PSYoungGen: 177430K->626K(173824K)] 408566K->231842K(860800K), 0.0045950 secs] [Times: user=0.03 sys=0.00, real=0.01 secs] 
2014-07-07T21:18:47.873+0000: 1429.893: [GC [PSYoungGen: 173810K->480K(208384K)] 405026K->231728K(895360K), 0.0099530 secs] [Times: user=0.05 sys=0.01, real=0.01 secs] 
2014-07-07T21:18:48.603+0000: 1430.624: [GC [PSYoungGen: 208352K->868K(237760K)] 439600K->232173K(924736K), 0.0054620 secs] [Times: user=0.02 sys=0.00, real=0.01 secs] 
2014-07-07T21:18:49.430+0000: 1431.450: [GC [PSYoungGen: 237220K->626K(237696K)] 468525K->231978K(924672K), 0.0104500 secs] [Times: user=0.06 sys=0.01, real=0.01 secs] 
2014-07-07T21:18:50.265+0000: 1432.285: [GC [PSYoungGen: 236978K->498K(284992K)] 468330K->231898K(971968K), 0.0066270 secs] [Times: user=0.05 sys=0.00, real=0.01 secs] 
2014-07-07T21:18:51.251+0000: 1433.271: [GC [PSYoungGen: 284097K->900K(277184K)] 515497K->232364K(964160K), 0.0039350 secs] [Times: user=0.01 sys=0.01, real=0.00 secs] 
2014-07-07T21:18:52.241+0000: 1434.261: [GC [PSYoungGen: 277124K->448K(269568K)] 508588K->231952K(956544K), 0.0087240 secs] [Times: user=0.06 sys=0.00, real=0.01 secs] 
2014-07-07T21:18:53.187+0000: 1435.207: [GC [PSYoungGen: 269568K->644K(262976K)] 501072K->232236K(949952K), 0.0082830 secs] [Times: user=0.05 sys=0.00, real=0.01 secs] 
2014-07-07T21:18:54.126+0000: 1436.146: [GC [PSYoungGen: 262916K->958K(256640K)] 494508K->232614K(943616K), 0.0038730 secs] [Times: user=0.02 sys=0.00, real=0.01 secs] 
2014-07-07T21:18:55.025+0000: 1437.045: [GC [PSYoungGen: 256638K->416K(249792K)] 488294K->232120K(936768K), 0.0093950 secs] [Times: user=0.06 sys=0.00, real=0.01 secs] 
2014-07-07T21:18:55.903+0000: 1437.924: [GC [PSYoungGen: 249760K->894K(244160K)] 481464K->232718K(931136K), 0.0033690 secs] [Times: user=0.02 sys=0.00, real=0.01 secs] 
2014-07-07T21:18:56.779+0000: 1438.799: [GC [PSYoungGen: 244158K->1232K(238656K)] 475982K->233168K(925632K), 0.0061530 secs] [Times: user=0.04 sys=0.00, real=0.00 secs] 
2014-07-07T21:18:57.615+0000: 1439.635: [GC [PSYoungGen: 238608K->562K(232320K)] 470544K->232644K(919296K), 0.0051820 secs] [Times: user=0.03 sys=0.00, real=0.01 secs] 
2014-07-07T21:18:58.420+0000: 1440.440: [GC [PSYoungGen: 232271K->990K(279168K)] 464354K->233152K(966144K), 0.0165680 secs] [Times: user=0.10 sys=0.00, real=0.01 secs] 
2014-07-07T21:18:59.404+0000: 1441.424: [GC [PSYoungGen: 279134K->982K(272000K)] 511296K->233283K(958976K), 0.0056170 secs] [Times: user=0.03 sys=0.00, real=0.01 secs] 
2014-07-07T21:19:00.352+0000: 1442.372: [GC [PSYoungGen: 271958K->666K(264768K)] 504259K->233030K(951744K), 0.0049880 secs] [Times: user=0.03 sys=0.00, real=0.00 secs] 
2014-07-07T21:19:01.289+0000: 1443.309: [GC [PSYoungGen: 264730K->1054K(258496K)] 497094K->233466K(945472K), 0.0037550 secs] [Times: user=0.02 sys=0.00, real=0.00 secs] 
2014-07-07T21:19:02.204+0000: 1444.224: [GC [PSYoungGen: 258462K->626K(251648K)] 490874K->233158K(938624K), 0.0060070 secs] [Times: user=0.03 sys=0.00, real=0.01 secs] 
2014-07-07T21:19:03.067+0000: 1445.087: [GC [PSYoungGen: 251604K->1138K(246016K)] 484136K->233893K(932992K), 0.0060580 secs] [Times: user=0.02 sys=0.01, real=0.01 secs] 
2014-07-07T21:19:03.945+0000: 1445.965: [GC [PSYoungGen: 246002K->580K(239552K)] 478757K->233406K(926528K), 0.0041330 secs] [Times: user=0.02 sys=0.01, real=0.01 secs] 
2014-07-07T21:19:04.799+0000: 1446.819: [GC [PSYoungGen: 239492K->612K(233856K)] 472318K->233536K(920832K), 0.0109150 secs] [Times: user=0.07 sys=0.01, real=0.02 secs] 
2014-07-07T21:19:05.614+0000: 1447.635: [GC [PSYoungGen: 233828K->530K(228288K)] 466752K->233494K(915264K), 0.0120030 secs] [Times: user=0.07 sys=0.00, real=0.01 secs] 
2014-07-07T21:19:06.412+0000: 1448.432: [GC [PSYoungGen: 228242K->530K(273984K)] 461206K->233534K(960960K), 0.0104350 secs] [Times: user=0.07 sys=0.00, real=0.01 secs] 
2014-07-07T21:19:07.383+0000: 1449.403: [GC [PSYoungGen: 273797K->1256K(267584K)] 506802K->234340K(954560K), 0.0056050 secs] [Times: user=0.03 sys=0.00, real=0.00 secs] 
2014-07-07T21:19:08.320+0000: 1450.340: [GC [PSYoungGen: 267560K->544K(260160K)] 500644K->233732K(947136K), 0.0049780 secs] [Times: user=0.03 sys=0.00, real=0.00 secs] 
2014-07-07T21:19:09.233+0000: 1451.253: [GC [PSYoungGen: 260128K->926K(254080K)] 493316K->234170K(941056K), 0.0086740 secs] [Times: user=0.05 sys=0.00, real=0.01 secs] 
2014-07-07T21:19:10.136+0000: 1452.156: [GC [PSYoungGen: 254046K->640K(247552K)] 487290K->233940K(934528K), 0.0044080 secs] [Times: user=0.02 sys=0.00, real=0.01 secs] 
2014-07-07T21:19:11.010+0000: 1453.030: [GC [PSYoungGen: 247531K->894K(241792K)] 480832K->234274K(928768K), 0.0040180 secs] [Times: user=0.02 sys=0.00, real=0.01 secs] 
2014-07-07T21:19:11.854+0000: 1453.874: [GC [PSYoungGen: 241790K->776K(235968K)] 475170K->234252K(922944K), 0.0032140 secs] [Times: user=0.02 sys=0.00, real=0.00 secs] 
2014-07-07T21:19:12.680+0000: 1454.700: [GC [PSYoungGen: 235908K->1164K(230784K)] 469385K->234705K(917760K), 0.0066600 secs] [Times: user=0.04 sys=0.00, real=0.00 secs] 
2014-07-07T21:19:13.490+0000: 1455.510: [GC [PSYoungGen: 230732K->811K(225024K)] 464273K->234554K(912000K), 0.0043800 secs] [Times: user=0.02 sys=0.01, real=0.01 secs] 
2014-07-07T21:19:14.276+0000: 1456.296: [GC [PSYoungGen: 225003K->750K(219776K)] 458746K->234557K(906752K), 0.0039840 secs] [Times: user=0.02 sys=0.00, real=0.01 secs] 
2014-07-07T21:19:15.047+0000: 1457.067: [GC [PSYoungGen: 219741K->1174K(215232K)] 453548K->235135K(902208K), 0.0086270 secs] [Times: user=0.05 sys=0.00, real=0.01 secs] 
2014-07-07T21:19:15.798+0000: 1457.819: [GC [PSYoungGen: 215190K->1220K(210496K)] 449151K->235238K(897472K), 0.0048500 secs] [Times: user=0.02 sys=0.00, real=0.01 secs] 
2014-07-07T21:19:16.550+0000: 1458.570: [GC [PSYoungGen: 210436K->622K(205184K)] 444454K->234945K(892160K), 0.0031980 secs] [Times: user=0.02 sys=0.00, real=0.00 secs] 
2014-07-07T21:19:17.250+0000: 1459.270: [GC [PSYoungGen: 205121K->1321K(201408K)] 439444K->235700K(888384K), 0.0062060 secs] [Times: user=0.03 sys=0.00, real=0.01 secs] 
2014-07-07T21:19:17.967+0000: 1459.987: [GC [PSYoungGen: 201385K->448K(196160K)] 435764K->235191K(883136K), 0.0040060 secs] [Times: user=0.01 sys=0.00, real=0.01 secs] 
2014-07-07T21:19:18.660+0000: 1460.680: [GC [PSYoungGen: 196160K->1216K(192832K)] 430903K->236031K(879808K), 0.0034080 secs] [Times: user=0.02 sys=0.00, real=0.01 secs] 
2014-07-07T21:19:19.337+0000: 1461.357: [GC [PSYoungGen: 192768K->512K(188032K)] 427583K->235399K(875008K), 0.0087500 secs] [Times: user=0.04 sys=0.00, real=0.01 secs] 
2014-07-07T21:19:20.015+0000: 1462.035: [GC [PSYoungGen: 188032K->862K(184512K)] 422919K->235829K(871488K), 0.0043790 secs] [Times: user=0.02 sys=0.00, real=0.00 secs] 
2014-07-07T21:19:20.676+0000: 1462.696: [GC [PSYoungGen: 184475K->1284K(181184K)] 419442K->236307K(868160K), 0.0044070 secs] [Times: user=0.02 sys=0.01, real=0.00 secs] 
2014-07-07T21:19:21.311+0000: 1463.331: [GC [PSYoungGen: 181124K->1000K(177216K)] 416147K->236127K(864192K), 0.0046440 secs] [Times: user=0.03 sys=0.00, real=0.01 secs] 
2014-07-07T21:19:21.935+0000: 1463.955: [GC [PSYoungGen: 177186K->1010K(173696K)] 412313K->236225K(860672K), 0.0040670 secs] [Times: user=0.02 sys=0.00, real=0.00 secs] 
2014-07-07T21:19:22.548+0000: 1464.568: [GC [PSYoungGen: 173682K->1145K(170368K)] 408897K->236408K(857344K), 0.0049090 secs] [Times: user=0.03 sys=0.00, real=0.01 secs] 
2014-07-07T21:19:23.138+0000: 1465.158: [GC [PSYoungGen: 170361K->732K(166656K)] 405624K->236083K(853632K), 0.0072670 secs] [Times: user=0.04 sys=0.00, real=0.01 secs] 
2014-07-07T21:19:23.728+0000: 1465.748: [GC [PSYoungGen: 166620K->594K(163328K)] 401971K->236001K(850304K), 0.0075580 secs] [Times: user=0.04 sys=0.00, real=0.01 secs] 
2014-07-07T21:19:24.288+0000: 1466.308: [GC [PSYoungGen: 163282K->1290K(160896K)] 398689K->236777K(847872K), 0.0060920 secs] [Times: user=0.03 sys=0.00, real=0.01 secs] 
2014-07-07T21:19:24.853+0000: 1466.873: [GC [PSYoungGen: 160842K->1136K(157696K)] 396329K->236703K(844672K), 0.0034960 secs] [Times: user=0.02 sys=0.00, real=0.00 secs] 
2014-07-07T21:19:25.409+0000: 1467.429: [GC [PSYoungGen: 157680K->562K(188480K)] 393247K->236201K(875456K), 0.0095710 secs] [Times: user=0.06 sys=0.00, real=0.01 secs] 
2014-07-07T21:19:26.063+0000: 1468.083: [GC [PSYoungGen: 188465K->676K(184704K)] 424105K->236379K(871680K), 0.0052420 secs] [Times: user=0.02 sys=0.01, real=0.00 secs] 
2014-07-07T21:19:26.716+0000: 1468.736: [GC [PSYoungGen: 184675K->1024K(181312K)] 420378K->236775K(868288K), 0.0044240 secs] [Times: user=0.02 sys=0.00, real=0.00 secs] 
2014-07-07T21:19:27.352+0000: 1469.372: [GC [PSYoungGen: 181248K->876K(177472K)] 416999K->236707K(864448K), 0.0077960 secs] [Times: user=0.04 sys=0.00, real=0.00 secs] 
2014-07-07T21:19:27.984+0000: 1470.004: [GC [PSYoungGen: 177451K->608K(173632K)] 413282K->236519K(860608K), 0.0051350 secs] [Times: user=0.03 sys=0.00, real=0.00 secs] 
2014-07-07T21:19:28.593+0000: 1470.613: [GC [PSYoungGen: 173600K->996K(170560K)] 409511K->237011K(857536K), 0.0048440 secs] [Times: user=0.02 sys=0.00, real=0.00 secs] 
2014-07-07T21:19:29.199+0000: 1471.219: [GC [PSYoungGen: 170532K->862K(167104K)] 406547K->236941K(854080K), 0.0069690 secs] [Times: user=0.03 sys=0.00, real=0.01 secs] 
2014-07-07T21:19:29.795+0000: 1471.815: [GC [PSYoungGen: 167040K->826K(163840K)] 403119K->236953K(850816K), 0.0069070 secs] [Times: user=0.04 sys=0.01, real=0.01 secs] 
2014-07-07T21:19:30.348+0000: 1472.368: [GC [PSYoungGen: 163834K->944K(160832K)] 399961K->237159K(847808K), 0.0057960 secs] [Times: user=0.04 sys=0.00, real=0.01 secs] 
2014-07-07T21:19:30.902+0000: 1472.922: [GC [PSYoungGen: 160816K->990K(157888K)] 397031K->237277K(844864K), 0.0044720 secs] [Times: user=0.02 sys=0.00, real=0.01 secs] 
2014-07-07T21:19:31.458+0000: 1473.478: [GC [PSYoungGen: 157833K->872K(154816K)] 394121K->237355K(841792K), 0.0053450 secs] [Times: user=0.03 sys=0.00, real=0.01 secs] 
2014-07-07T21:19:32.002+0000: 1474.022: [GC [PSYoungGen: 154792K->804K(151936K)] 391275K->237375K(838912K), 0.0047330 secs] [Times: user=0.02 sys=0.00, real=0.01 secs] 
2014-07-07T21:19:32.526+0000: 1474.546: [GC [PSYoungGen: 151901K->740K(182144K)] 388472K->237391K(869120K), 0.0108940 secs] [Times: user=0.07 sys=0.00, real=0.01 secs] 
2014-07-07T21:19:33.164+0000: 1475.184: [GC [PSYoungGen: 182116K->912K(218624K)] 418767K->237635K(905600K), 0.0081380 secs] [Times: user=0.05 sys=0.00, real=0.00 secs] 
2014-07-07T21:19:33.929+0000: 1475.949: [GC [PSYoungGen: 218576K->548K(251648K)] 455299K->237335K(938624K), 0.0056270 secs] [Times: user=0.02 sys=0.00, real=0.01 secs] 
2014-07-07T21:19:34.827+0000: 1476.847: [GC [PSYoungGen: 251126K->982K(245504K)] 487913K->237849K(932480K), 0.0066070 secs] [Times: user=0.03 sys=0.01, real=0.01 secs] 
2014-07-07T21:19:35.697+0000: 1477.717: [GC [PSYoungGen: 245443K->360K(238976K)] 482311K->237805K(925952K), 0.0057780 secs] [Times: user=0.02 sys=0.00, real=0.01 secs] 
2014-07-07T21:19:36.540+0000: 1478.560: [GC [PSYoungGen: 238916K->964K(233920K)] 476362K->238450K(920896K), 0.0064710 secs] [Times: user=0.04 sys=0.00, real=0.01 secs] 
2014-07-07T21:19:37.337+0000: 1479.357: [GC [PSYoungGen: 233860K->790K(228224K)] 471346K->238487K(915200K), 0.0054080 secs] [Times: user=0.03 sys=0.01, real=0.00 secs] 
2014-07-07T21:19:38.136+0000: 1480.156: [GC [PSYoungGen: 228181K->576K(222656K)] 465878K->238337K(909632K), 0.0051250 secs] [Times: user=0.02 sys=0.00, real=0.00 secs] 
2014-07-07T21:19:38.916+0000: 1480.937: [GC [PSYoungGen: 222656K->680K(217664K)] 460417K->238497K(904640K), 0.0058400 secs] [Times: user=0.04 sys=0.00, real=0.00 secs] 
2014-07-07T21:19:39.674+0000: 1481.694: [GC [PSYoungGen: 217640K->644K(212736K)] 455457K->238493K(899712K), 0.0116960 secs] [Times: user=0.07 sys=0.00, real=0.02 secs] 
2014-07-07T21:19:40.421+0000: 1482.441: [GC [PSYoungGen: 212676K->1058K(208384K)] 450525K->238987K(895360K), 0.0045690 secs] [Times: user=0.03 sys=0.00, real=0.01 secs] 
2014-07-07T21:19:41.159+0000: 1483.179: [GC [PSYoungGen: 208338K->1040K(203776K)] 446268K->239049K(890752K), 0.0052420 secs] [Times: user=0.03 sys=0.00, real=0.01 secs] 
2014-07-07T21:19:41.875+0000: 1483.895: [GC [PSYoungGen: 203728K->566K(198848K)] 441737K->238615K(885824K), 0.0032850 secs] [Times: user=0.01 sys=0.00, real=0.00 secs] 
2014-07-07T21:19:42.563+0000: 1484.583: [GC [PSYoungGen: 198838K->562K(194560K)] 436887K->238643K(881536K), 0.0085170 secs] [Times: user=0.02 sys=0.00, real=0.01 secs] 
2014-07-07T21:19:43.251+0000: 1485.271: [GC [PSYoungGen: 194537K->814K(190656K)] 432619K->238984K(877632K), 0.0072410 secs] [Times: user=0.04 sys=0.00, real=0.01 secs] 
2014-07-07T21:19:43.935+0000: 1485.955: [GC [PSYoungGen: 190591K->758K(186624K)] 428760K->239015K(873600K), 0.0080720 secs] [Times: user=0.04 sys=0.01, real=0.01 secs] 
2014-07-07T21:19:44.604+0000: 1486.624: [GC [PSYoungGen: 186614K->826K(182848K)] 424871K->239163K(869824K), 0.0060420 secs] [Times: user=0.03 sys=0.00, real=0.01 secs] 
2014-07-07T21:19:45.241+0000: 1487.261: [GC [PSYoungGen: 182841K->822K(179136K)] 421179K->239247K(866112K), 0.0032820 secs] [Times: user=0.02 sys=0.00, real=0.00 secs] 
2014-07-07T21:19:45.883+0000: 1487.903: [GC [PSYoungGen: 179126K->818K(214848K)] 417551K->239480K(901824K), 0.0146990 secs] [Times: user=0.07 sys=0.00, real=0.02 secs] 
2014-07-07T21:19:46.642+0000: 1488.662: [GC [PSYoungGen: 214796K->968K(244096K)] 453458K->239686K(931072K), 0.0110740 secs] [Times: user=0.05 sys=0.00, real=0.01 secs] 
2014-07-07T21:19:47.474+0000: 1489.494: [GC [PSYoungGen: 243784K->1046K(258112K)] 482502K->239886K(945088K), 0.0091570 secs] [Times: user=0.06 sys=0.00, real=0.01 secs] 
2014-07-07T21:19:48.381+0000: 1490.401: [GC [PSYoungGen: 257875K->1234K(258112K)] 496715K->240204K(945088K), 0.0037370 secs] [Times: user=0.02 sys=0.00, real=0.01 secs] 
2014-07-07T21:19:49.289+0000: 1491.309: [GC [PSYoungGen: 258066K->1150K(251584K)] 497036K->240192K(938560K), 0.0040260 secs] [Times: user=0.02 sys=0.00, real=0.00 secs] 
2014-07-07T21:19:50.184+0000: 1492.204: [GC [PSYoungGen: 251582K->762K(245056K)] 490624K->239860K(932032K), 0.0063530 secs] [Times: user=0.04 sys=0.00, real=0.01 secs] 
2014-07-07T21:19:51.057+0000: 1493.077: [GC [PSYoungGen: 245050K->648K(239104K)] 484148K->239794K(926080K), 0.0121990 secs] [Times: user=0.07 sys=0.00, real=0.01 secs] 
2014-07-07T21:19:51.907+0000: 1493.927: [GC [PSYoungGen: 239048K->580K(233344K)] 478194K->239830K(920320K), 0.0044410 secs] [Times: user=0.02 sys=0.00, real=0.00 secs] 
2014-07-07T21:19:52.714+0000: 1494.734: [GC [PSYoungGen: 233236K->1050K(228288K)] 472486K->240372K(915264K), 0.0053150 secs] [Times: user=0.03 sys=0.00, real=0.01 secs] 
2014-07-07T21:19:53.519+0000: 1495.539: [GC [PSYoungGen: 228250K->580K(222528K)] 467572K->239974K(909504K), 0.0059700 secs] [Times: user=0.03 sys=0.00, real=0.00 secs] 
2014-07-07T21:19:54.298+0000: 1496.318: [GC [PSYoungGen: 222468K->530K(217344K)] 461862K->239972K(904320K), 0.0034030 secs] [Times: user=0.02 sys=0.00, real=0.00 secs] 
2014-07-07T21:19:55.074+0000: 1497.094: [GC [PSYoungGen: 217298K->630K(212480K)] 456740K->240168K(899456K), 0.0053500 secs] [Times: user=0.03 sys=0.00, real=0.01 secs] 
2014-07-07T21:19:55.819+0000: 1497.839: [GC [PSYoungGen: 212470K->480K(207616K)] 452008K->240066K(894592K), 0.0072170 secs] [Times: user=0.04 sys=0.00, real=0.01 secs] 
2014-07-07T21:19:56.561+0000: 1498.581: [GC [PSYoungGen: 207584K->594K(203136K)] 447170K->240228K(890112K), 0.0043630 secs] [Times: user=0.02 sys=0.00, real=0.00 secs] 
2014-07-07T21:19:57.288+0000: 1499.308: [GC [PSYoungGen: 203090K->712K(198848K)] 442724K->240410K(885824K), 0.0126770 secs] [Times: user=0.07 sys=0.00, real=0.01 secs] 
2014-07-07T21:19:57.991+0000: 1500.011: [GC [PSYoungGen: 198770K->1128K(194944K)] 438469K->240938K(881920K), 0.0058170 secs] [Times: user=0.03 sys=0.00, real=0.00 secs] 
2014-07-07T21:19:58.676+0000: 1500.696: [GC [PSYoungGen: 194894K->512K(190208K)] 434704K->240386K(877184K), 0.0039750 secs] [Times: user=0.02 sys=0.00, real=0.01 secs] 
2014-07-07T21:19:59.352+0000: 1501.372: [GC [PSYoungGen: 190208K->448K(186176K)] 430082K->240394K(873152K), 0.0070180 secs] [Times: user=0.04 sys=0.00, real=0.01 secs] 
2014-07-07T21:19:59.992+0000: 1502.012: [GC [PSYoungGen: 186174K->1397K(183296K)] 426120K->241415K(870272K), 0.0054180 secs] [Times: user=0.02 sys=0.01, real=0.01 secs] 
2014-07-07T21:20:00.651+0000: 1502.671: [GC [PSYoungGen: 183285K->566K(218880K)] 423303K->240616K(905856K), 0.0113870 secs] [Times: user=0.07 sys=0.00, real=0.01 secs] 
2014-07-07T21:20:01.427+0000: 1503.447: [GC [PSYoungGen: 218870K->612K(213952K)] 458920K->240734K(900928K), 0.0043090 secs] [Times: user=0.03 sys=0.01, real=0.00 secs] 
2014-07-07T21:20:02.180+0000: 1504.200: [GC [PSYoungGen: 213924K->1076K(257088K)] 454046K->241246K(944064K), 0.0202430 secs] [Times: user=0.14 sys=0.01, real=0.02 secs] 
2014-07-07T21:20:03.084+0000: 1505.104: [GC [PSYoungGen: 257053K->1058K(298560K)] 497223K->241300K(985536K), 0.0047090 secs] [Times: user=0.03 sys=0.00, real=0.01 secs] 
2014-07-07T21:20:04.139+0000: 1506.159: [GC [PSYoungGen: 298188K->829K(298752K)] 538430K->241119K(985728K), 0.0099820 secs] [Times: user=0.05 sys=0.00, real=0.01 secs] 
2014-07-07T21:20:05.195+0000: 1507.215: [GC [PSYoungGen: 297981K->1137K(290368K)] 538271K->241499K(977344K), 0.0075680 secs] [Times: user=0.05 sys=0.00, real=0.01 secs] 
2014-07-07T21:20:06.214+0000: 1508.234: [GC [PSYoungGen: 290352K->548K(347648K)] 530714K->240958K(1034624K), 0.0162810 secs] [Times: user=0.10 sys=0.00, real=0.02 secs] 
2014-07-07T21:20:07.438+0000: 1509.458: [GC [PSYoungGen: 347620K->1146K(356608K)] 588030K->241620K(1043584K), 0.0079240 secs] [Times: user=0.05 sys=0.00, real=0.00 secs] 
2014-07-07T21:20:08.687+0000: 1510.707: [GC [PSYoungGen: 356346K->822K(345792K)] 596820K->241344K(1032768K), 0.0059030 secs] [Times: user=0.03 sys=0.01, real=0.01 secs] 
2014-07-07T21:20:09.911+0000: 1511.931: [GC [PSYoungGen: 345782K->694K(335808K)] 586304K->241288K(1022784K), 0.0037780 secs] [Times: user=0.02 sys=0.00, real=0.00 secs] 
2014-07-07T21:20:11.083+0000: 1513.103: [GC [PSYoungGen: 335798K->883K(326592K)] 576392K->241549K(1013568K), 0.0050380 secs] [Times: user=0.03 sys=0.00, real=0.00 secs] 
2014-07-07T21:20:12.235+0000: 1514.255: [GC [PSYoungGen: 326529K->1060K(317696K)] 567195K->241814K(1004672K), 0.0056820 secs] [Times: user=0.03 sys=0.00, real=0.01 secs] 
2014-07-07T21:20:13.350+0000: 1515.370: [GC [PSYoungGen: 317668K->840K(308800K)] 558422K->241674K(995776K), 0.0037410 secs] [Times: user=0.02 sys=0.01, real=0.00 secs] 
2014-07-07T21:20:14.436+0000: 1516.456: [GC [PSYoungGen: 308736K->1021K(300608K)] 549571K->241969K(987584K), 0.0129570 secs] [Times: user=0.08 sys=0.01, real=0.02 secs] 
2014-07-07T21:20:15.519+0000: 1517.539: [GC [PSYoungGen: 300605K->844K(292480K)] 541553K->241872K(979456K), 0.0057130 secs] [Times: user=0.04 sys=0.00, real=0.00 secs] 
2014-07-07T21:20:16.545+0000: 1518.565: [GC [PSYoungGen: 292350K->761K(284672K)] 533378K->241861K(971648K), 0.0057290 secs] [Times: user=0.03 sys=0.00, real=0.01 secs] 
2014-07-07T21:20:17.556+0000: 1519.576: [GC [PSYoungGen: 284665K->698K(277184K)] 525765K->241854K(964160K), 0.0042770 secs] [Times: user=0.01 sys=0.01, real=0.01 secs] 
2014-07-07T21:20:18.544+0000: 1520.564: [GC [PSYoungGen: 277178K->608K(270016K)] 518334K->241812K(956992K), 0.0115340 secs] [Times: user=0.07 sys=0.00, real=0.01 secs] 
2014-07-07T21:20:19.501+0000: 1521.521: [GC [PSYoungGen: 269984K->830K(263360K)] 511188K->242082K(950336K), 0.0046770 secs] [Times: user=0.02 sys=0.00, real=0.00 secs] 
2014-07-07T21:20:20.426+0000: 1522.446: [GC [PSYoungGen: 263358K->658K(256640K)] 504610K->241998K(943616K), 0.0055090 secs] [Times: user=0.03 sys=0.01, real=0.01 secs] 
2014-07-07T21:20:21.331+0000: 1523.351: [GC [PSYoungGen: 256594K->766K(250368K)] 497934K->242146K(937344K), 0.0042920 secs] [Times: user=0.01 sys=0.00, real=0.00 secs] 
2014-07-07T21:20:22.199+0000: 1524.219: [GC [PSYoungGen: 250366K->1124K(244672K)] 491746K->242618K(931648K), 0.0053290 secs] [Times: user=0.03 sys=0.00, real=0.01 secs] 
2014-07-07T21:20:23.064+0000: 1525.084: [GC [PSYoungGen: 244636K->758K(238400K)] 486130K->242324K(925376K), 0.0035350 secs] [Times: user=0.02 sys=0.00, real=0.00 secs] 
2014-07-07T21:20:23.896+0000: 1525.916: [GC [PSYoungGen: 238390K->498K(232448K)] 479956K->242120K(919424K), 0.0110160 secs] [Times: user=0.06 sys=0.00, real=0.01 secs] 
2014-07-07T21:20:24.711+0000: 1526.731: [GC [PSYoungGen: 232434K->544K(227072K)] 474056K->242230K(914048K), 0.0030870 secs] [Times: user=0.02 sys=0.00, real=0.01 secs] 
2014-07-07T21:20:25.514+0000: 1527.534: [GC [PSYoungGen: 227038K->1050K(222336K)] 468724K->242768K(909312K), 0.0088420 secs] [Times: user=0.05 sys=0.00, real=0.01 secs] 
2014-07-07T21:20:26.300+0000: 1528.320: [GC [PSYoungGen: 222298K->580K(216832K)] 464016K->242370K(903808K), 0.0091060 secs] [Times: user=0.06 sys=0.00, real=0.01 secs] 
2014-07-07T21:20:27.066+0000: 1529.086: [GC [PSYoungGen: 216746K->922K(212224K)] 458536K->242784K(899200K), 0.0044640 secs] [Times: user=0.03 sys=0.00, real=0.00 secs] 
2014-07-07T21:20:27.816+0000: 1529.836: [GC [PSYoungGen: 212186K->826K(207360K)] 454048K->242728K(894336K), 0.0042210 secs] [Times: user=0.02 sys=0.00, real=0.00 secs] 
2014-07-07T21:20:28.551+0000: 1530.571: [GC [PSYoungGen: 207354K->954K(202944K)] 449256K->243076K(889920K), 0.0070080 secs] [Times: user=0.02 sys=0.00, real=0.00 secs] 
2014-07-07T21:20:29.268+0000: 1531.288: [GC [PSYoungGen: 202938K->498K(198080K)] 445060K->242668K(885056K), 0.0079310 secs] [Times: user=0.05 sys=0.00, real=0.01 secs] 
2014-07-07T21:20:29.970+0000: 1531.990: [GC [PSYoungGen: 198066K->544K(193920K)] 440236K->242778K(880896K), 0.0053460 secs] [Times: user=0.03 sys=0.00, real=0.01 secs] 
2014-07-07T21:20:30.650+0000: 1532.670: [GC [PSYoungGen: 193888K->562K(232640K)] 436122K->242836K(919616K), 0.0123680 secs] [Times: user=0.07 sys=0.00, real=0.02 secs] 
2014-07-07T21:20:31.479+0000: 1533.499: [GC [PSYoungGen: 232626K->908K(279488K)] 474900K->243230K(966464K), 0.0096500 secs] [Times: user=0.06 sys=0.00, real=0.01 secs] 
2014-07-07T21:20:32.465+0000: 1534.485: [GC [PSYoungGen: 279436K->818K(335104K)] 521758K->243204K(1022080K), 0.0112830 secs] [Times: user=0.07 sys=0.00, real=0.01 secs] 
2014-07-07T21:20:33.655+0000: 1535.675: [GC [PSYoungGen: 335090K->530K(325440K)] 577476K->242964K(1012416K), 0.0036800 secs] [Times: user=0.02 sys=0.00, real=0.00 secs] 
2014-07-07T21:20:34.792+0000: 1536.812: [GC [PSYoungGen: 325394K->1082K(316928K)] 567828K->243565K(1003904K), 0.0035480 secs] [Times: user=0.01 sys=0.00, real=0.00 secs] 
2014-07-07T21:20:35.916+0000: 1537.936: [GC [PSYoungGen: 316922K->480K(307712K)] 559405K->242986K(994688K), 0.0141910 secs] [Times: user=0.08 sys=0.00, real=0.01 secs] 
2014-07-07T21:20:36.989+0000: 1539.009: [GC [PSYoungGen: 307636K->644K(299584K)] 550143K->243238K(986560K), 0.0054130 secs] [Times: user=0.03 sys=0.00, real=0.01 secs] 
2014-07-07T21:20:38.047+0000: 1540.067: [GC [PSYoungGen: 299453K->1064K(291968K)] 542048K->243730K(978944K), 0.0051150 secs] [Times: user=0.02 sys=0.00, real=0.00 secs] 
2014-07-07T21:20:39.067+0000: 1541.087: [GC [PSYoungGen: 291936K->1170K(284416K)] 534602K->243917K(971392K), 0.0036380 secs] [Times: user=0.02 sys=0.00, real=0.00 secs] 
2014-07-07T21:20:40.068+0000: 1542.088: [GC [PSYoungGen: 284370K->548K(276416K)] 527117K->243793K(963392K), 0.0102380 secs] [Times: user=0.06 sys=0.00, real=0.01 secs] 
2014-07-07T21:20:41.048+0000: 1543.068: [GC [PSYoungGen: 276347K->1048K(269824K)] 519592K->244341K(956800K), 0.0031930 secs] [Times: user=0.02 sys=0.01, real=0.00 secs] 
2014-07-07T21:20:42.003+0000: 1544.023: [GC [PSYoungGen: 269784K->708K(262656K)] 513077K->244278K(949632K), 0.0071070 secs] [Times: user=0.04 sys=0.00, real=0.01 secs] 
2014-07-07T21:20:42.917+0000: 1544.937: [GC [PSYoungGen: 262596K->1011K(256320K)] 506166K->244646K(943296K), 0.0073980 secs] [Times: user=0.04 sys=0.00, real=0.01 secs] 
2014-07-07T21:20:43.825+0000: 1545.845: [GC [PSYoungGen: 256249K->812K(249792K)] 499884K->244495K(936768K), 0.0069350 secs] [Times: user=0.04 sys=0.00, real=0.00 secs] 
2014-07-07T21:20:44.687+0000: 1546.707: [GC [PSYoungGen: 249772K->644K(243584K)] 493455K->244414K(930560K), 0.0074300 secs] [Times: user=0.04 sys=0.00, real=0.01 secs] 
2014-07-07T21:20:45.547+0000: 1547.567: [GC [PSYoungGen: 243486K->1006K(238016K)] 487257K->244873K(924992K), 0.0034570 secs] [Times: user=0.02 sys=0.00, real=0.00 secs] 
2014-07-07T21:20:46.381+0000: 1548.401: [GC [PSYoungGen: 237989K->994K(232384K)] 481856K->244933K(919360K), 0.0052560 secs] [Times: user=0.03 sys=0.00, real=0.01 secs] 
2014-07-07T21:20:47.205+0000: 1549.225: [GC [PSYoungGen: 232354K->808K(226752K)] 476293K->244835K(913728K), 0.0063060 secs] [Times: user=0.03 sys=0.00, real=0.00 secs] 
2014-07-07T21:20:47.991+0000: 1550.011: [GC [PSYoungGen: 226728K->1114K(221824K)] 470755K->245205K(908800K), 0.0102780 secs] [Times: user=0.06 sys=0.00, real=0.01 secs] 
2014-07-07T21:20:48.769+0000: 1550.790: [GC [PSYoungGen: 221737K->580K(216256K)] 465828K->244851K(903232K), 0.0031240 secs] [Times: user=0.02 sys=0.00, real=0.00 secs] 
2014-07-07T21:20:49.543+0000: 1551.563: [GC [PSYoungGen: 216196K->466K(211264K)] 460467K->244769K(898240K), 0.0078500 secs] [Times: user=0.04 sys=0.00, real=0.01 secs] 
2014-07-07T21:20:50.297+0000: 1552.317: [GC [PSYoungGen: 211218K->708K(206784K)] 455521K->245075K(893760K), 0.0078320 secs] [Times: user=0.05 sys=0.00, real=0.01 secs] 
2014-07-07T21:20:51.015+0000: 1553.035: [GC [PSYoungGen: 206724K->1078K(202560K)] 451091K->245517K(889536K), 0.0097490 secs] [Times: user=0.06 sys=0.00, real=0.01 secs] 
2014-07-07T21:20:51.710+0000: 1553.730: [GC [PSYoungGen: 202550K->722K(197824K)] 446989K->245209K(884800K), 0.0063270 secs] [Times: user=0.02 sys=0.00, real=0.01 secs] 
2014-07-07T21:20:52.399+0000: 1554.419: [GC [PSYoungGen: 197778K->850K(237376K)] 442265K->245409K(924352K), 0.0090370 secs] [Times: user=0.06 sys=0.00, real=0.01 secs] 
2014-07-07T21:20:53.233+0000: 1555.253: [GC [PSYoungGen: 237306K->1100K(232000K)] 481865K->245747K(918976K), 0.0060740 secs] [Times: user=0.04 sys=0.00, real=0.01 secs] 
2014-07-07T21:20:54.051+0000: 1556.071: [GC [PSYoungGen: 231948K->980K(226432K)] 476595K->245691K(913408K), 0.0033710 secs] [Times: user=0.02 sys=0.00, real=0.00 secs] 
2014-07-07T21:20:54.864+0000: 1556.884: [GC [PSYoungGen: 226345K->702K(220864K)] 471056K->245647K(907840K), 0.0074190 secs] [Times: user=0.05 sys=0.00, real=0.01 secs] 
2014-07-07T21:20:55.668+0000: 1557.689: [GC [PSYoungGen: 220862K->1320K(216448K)] 465807K->246337K(903424K), 0.0040130 secs] [Times: user=0.02 sys=0.00, real=0.00 secs] 
2014-07-07T21:20:56.416+0000: 1558.436: [GC [PSYoungGen: 216415K->812K(211072K)] 461432K->246139K(898048K), 0.0044830 secs] [Times: user=0.03 sys=0.00, real=0.00 secs] 
2014-07-07T21:20:57.157+0000: 1559.177: [GC [PSYoungGen: 211040K->566K(206144K)] 456367K->245933K(893120K), 0.0045540 secs] [Times: user=0.02 sys=0.00, real=0.00 secs] 
2014-07-07T21:20:57.885+0000: 1559.905: [GC [PSYoungGen: 206134K->1072K(202112K)] 451501K->246511K(889088K), 0.0059010 secs] [Times: user=0.04 sys=0.00, real=0.01 secs] 
2014-07-07T21:20:58.587+0000: 1560.607: [GC [PSYoungGen: 202066K->1008K(197696K)] 447505K->246535K(884672K), 0.0086930 secs] [Times: user=0.05 sys=0.00, real=0.01 secs] 
2014-07-07T21:20:59.297+0000: 1561.317: [GC [PSYoungGen: 197680K->950K(193408K)] 443207K->246549K(880384K), 0.0036930 secs] [Times: user=0.02 sys=0.00, real=0.00 secs] 
2014-07-07T21:20:59.990+0000: 1562.010: [GC [PSYoungGen: 193360K->761K(189120K)] 438959K->246456K(876096K), 0.0051650 secs] [Times: user=0.03 sys=0.00, real=0.00 secs] 
2014-07-07T21:21:00.660+0000: 1562.680: [GC [PSYoungGen: 189113K->1054K(185472K)] 434808K->246829K(872448K), 0.0042390 secs] [Times: user=0.02 sys=0.00, real=0.00 secs] 
2014-07-07T21:21:01.318+0000: 1563.338: [GC [PSYoungGen: 185438K->480K(181056K)] 431213K->246311K(868032K), 0.0035300 secs] [Times: user=0.02 sys=0.00, real=0.00 secs] 
2014-07-07T21:21:01.949+0000: 1563.969: [GC [PSYoungGen: 181024K->594K(177472K)] 426855K->246497K(864448K), 0.0069010 secs] [Times: user=0.04 sys=0.00, real=0.01 secs] 
2014-07-07T21:21:02.568+0000: 1564.588: [GC [PSYoungGen: 177407K->1000K(174272K)] 423310K->246975K(861248K), 0.0059550 secs] [Times: user=0.03 sys=0.00, real=0.00 secs] 
2014-07-07T21:21:03.177+0000: 1565.197: [GC [PSYoungGen: 174205K->580K(170432K)] 420180K->246619K(857408K), 0.0054260 secs] [Times: user=0.03 sys=0.00, real=0.01 secs] 
2014-07-07T21:21:03.776+0000: 1565.796: [GC [PSYoungGen: 170372K->616K(167104K)] 416411K->246687K(854080K), 0.0085130 secs] [Times: user=0.05 sys=0.00, real=0.01 secs] 
2014-07-07T21:21:04.366+0000: 1566.386: [GC [PSYoungGen: 167051K->1359K(201216K)] 413122K->247478K(888192K), 0.0077250 secs] [Times: user=0.04 sys=0.00, real=0.01 secs] 
2014-07-07T21:21:05.084+0000: 1567.104: [GC [PSYoungGen: 201165K->862K(196352K)] 447284K->247037K(883328K), 0.0042410 secs] [Times: user=0.02 sys=0.00, real=0.01 secs] 
2014-07-07T21:21:05.776+0000: 1567.796: [GC [PSYoungGen: 196318K->680K(192000K)] 442493K->246911K(878976K), 0.0078210 secs] [Times: user=0.04 sys=0.00, real=0.01 secs] 
2014-07-07T21:21:06.460+0000: 1568.480: [GC [PSYoungGen: 191976K->994K(188288K)] 438207K->247329K(875264K), 0.0053990 secs] [Times: user=0.04 sys=0.00, real=0.00 secs] 
2014-07-07T21:21:07.122+0000: 1569.142: [GC [PSYoungGen: 188258K->1118K(184512K)] 434593K->247501K(871488K), 0.0040250 secs] [Times: user=0.02 sys=0.00, real=0.00 secs] 
2014-07-07T21:21:07.777+0000: 1569.797: [GC [PSYoungGen: 184478K->748K(180352K)] 430861K->247163K(867328K), 0.0067290 secs] [Times: user=0.02 sys=0.00, real=0.01 secs] 
2014-07-07T21:21:08.417+0000: 1570.437: [GC [PSYoungGen: 180284K->1192K(177152K)] 426699K->247663K(864128K), 0.0050200 secs] [Times: user=0.02 sys=0.00, real=0.01 secs] 
2014-07-07T21:21:09.033+0000: 1571.053: [GC [PSYoungGen: 177128K->930K(173376K)] 423599K->247457K(860352K), 0.0033620 secs] [Times: user=0.02 sys=0.00, real=0.00 secs] 
2014-07-07T21:21:09.661+0000: 1571.681: [GC [PSYoungGen: 173346K->950K(207872K)] 419873K->247669K(894848K), 0.0199170 secs] [Times: user=0.13 sys=0.01, real=0.02 secs] 
2014-07-07T21:21:10.391+0000: 1572.411: [GC [PSYoungGen: 207862K->790K(249152K)] 454581K->247573K(936128K), 0.0065360 secs] [Times: user=0.04 sys=0.00, real=0.00 secs] 
2014-07-07T21:21:11.268+0000: 1573.288: [GC [PSYoungGen: 249110K->530K(298560K)] 495893K->247485K(985536K), 0.0065720 secs] [Times: user=0.04 sys=0.00, real=0.01 secs] 
2014-07-07T21:21:12.329+0000: 1574.349: [GC [PSYoungGen: 298514K->988K(314816K)] 545469K->248007K(1001792K), 0.0103640 secs] [Times: user=0.06 sys=0.00, real=0.01 secs] 
2014-07-07T21:21:13.420+0000: 1575.440: [GC [PSYoungGen: 314268K->1455K(306176K)] 561287K->248570K(993152K), 0.0043290 secs] [Times: user=0.03 sys=0.00, real=0.00 secs] 
2014-07-07T21:21:14.510+0000: 1576.530: [GC [PSYoungGen: 306159K->796K(297344K)] 553274K->247959K(984320K), 0.0082220 secs] [Times: user=0.05 sys=0.00, real=0.01 secs] 
2014-07-07T21:21:15.558+0000: 1577.578: [GC [PSYoungGen: 297308K->658K(289344K)] 544471K->247893K(976320K), 0.0076450 secs] [Times: user=0.05 sys=0.00, real=0.01 secs] 
2014-07-07T21:21:16.584+0000: 1578.604: [GC [PSYoungGen: 289298K->668K(281728K)] 536533K->247943K(968704K), 0.0107820 secs] [Times: user=0.05 sys=0.00, real=0.01 secs] 
2014-07-07T21:21:17.585+0000: 1579.605: [GC [PSYoungGen: 281692K->928K(274688K)] 528967K->248267K(961664K), 0.0091060 secs] [Times: user=0.04 sys=0.00, real=0.01 secs] 
2014-07-07T21:21:18.568+0000: 1580.588: [GC [PSYoungGen: 274656K->860K(267584K)] 521995K->248231K(954560K), 0.0063660 secs] [Times: user=0.01 sys=0.00, real=0.01 secs] 
2014-07-07T21:21:19.509+0000: 1581.529: [GC [PSYoungGen: 267548K->1066K(261056K)] 514919K->248541K(948032K), 0.0034550 secs] [Times: user=0.02 sys=0.00, real=0.00 secs] 
2014-07-07T21:21:20.427+0000: 1582.447: [GC [PSYoungGen: 261034K->708K(254272K)] 508509K->248247K(941248K), 0.0094160 secs] [Times: user=0.06 sys=0.00, real=0.01 secs] 
2014-07-07T21:21:21.325+0000: 1583.345: [GC [PSYoungGen: 254200K->1120K(248384K)] 501739K->248898K(935360K), 0.0077270 secs] [Times: user=0.04 sys=0.01, real=0.01 secs] 
2014-07-07T21:21:22.197+0000: 1584.217: [GC [PSYoungGen: 248328K->976K(242240K)] 496106K->248826K(929216K), 0.0059860 secs] [Times: user=0.04 sys=0.00, real=0.01 secs] 
2014-07-07T21:21:23.062+0000: 1585.082: [GC [PSYoungGen: 242192K->608K(236032K)] 490042K->248562K(923008K), 0.0076900 secs] [Times: user=0.06 sys=0.00, real=0.00 secs] 
2014-07-07T21:21:23.894+0000: 1585.914: [GC [PSYoungGen: 236000K->722K(230592K)] 483954K->248788K(917568K), 0.0056820 secs] [Times: user=0.03 sys=0.00, real=0.00 secs] 
2014-07-07T21:21:24.699+0000: 1586.719: [GC [PSYoungGen: 230546K->1170K(225664K)] 478612K->249308K(912640K), 0.0068480 secs] [Times: user=0.04 sys=0.00, real=0.01 secs] 
2014-07-07T21:21:25.493+0000: 1587.514: [GC [PSYoungGen: 225590K->954K(220224K)] 473728K->249124K(907200K), 0.0123380 secs] [Times: user=0.06 sys=0.01, real=0.01 secs] 
2014-07-07T21:21:26.269+0000: 1588.289: [GC [PSYoungGen: 220218K->828K(215104K)] 468388K->249102K(902080K), 0.0059730 secs] [Times: user=0.04 sys=0.00, real=0.01 secs] 
2014-07-07T21:21:27.017+0000: 1589.037: [GC [PSYoungGen: 215100K->630K(210112K)] 463374K->248976K(897088K), 0.0043010 secs] [Times: user=0.03 sys=0.00, real=0.01 secs] 
2014-07-07T21:21:27.763+0000: 1589.783: [GC [PSYoungGen: 210102K->908K(205760K)] 458448K->249318K(892736K), 0.0057680 secs] [Times: user=0.03 sys=0.00, real=0.00 secs] 
2014-07-07T21:21:28.484+0000: 1590.504: [GC [PSYoungGen: 205708K->758K(201088K)] 454118K->249232K(888064K), 0.0055820 secs] [Times: user=0.03 sys=0.00, real=0.00 secs] 
2014-07-07T21:21:29.191+0000: 1591.211: [GC [PSYoungGen: 201078K->882K(196864K)] 449552K->249428K(883840K), 0.0035770 secs] [Times: user=0.01 sys=0.00, real=0.01 secs] 
2014-07-07T21:21:29.881+0000: 1591.901: [GC [PSYoungGen: 196850K->994K(192768K)] 445396K->249612K(879744K), 0.0095610 secs] [Times: user=0.04 sys=0.00, real=0.00 secs] 
2014-07-07T21:21:30.560+0000: 1592.580: [GC [PSYoungGen: 192738K->722K(188480K)] 441356K->249404K(875456K), 0.0054720 secs] [Times: user=0.02 sys=0.00, real=0.01 secs] 
2014-07-07T21:21:31.232+0000: 1593.252: [GC [PSYoungGen: 188434K->776K(184640K)] 437116K->249530K(871616K), 0.0062620 secs] [Times: user=0.03 sys=0.00, real=0.00 secs] 
2014-07-07T21:21:31.883+0000: 1593.903: [GC [PSYoungGen: 184565K->1140K(181184K)] 433319K->250059K(868160K), 0.0042450 secs] [Times: user=0.01 sys=0.01, real=0.00 secs] 
2014-07-07T21:21:32.518+0000: 1594.538: [GC [PSYoungGen: 181172K->794K(216896K)] 430091K->249768K(903872K), 0.0108550 secs] [Times: user=0.07 sys=0.00, real=0.01 secs] 
2014-07-07T21:21:33.272+0000: 1595.292: [GC [PSYoungGen: 216858K->880K(212096K)] 465832K->250034K(899072K), 0.0044030 secs] [Times: user=0.02 sys=0.00, real=0.00 secs] 
2014-07-07T21:21:34.012+0000: 1596.032: [GC [PSYoungGen: 212080K->910K(207424K)] 461234K->250113K(894400K), 0.0080390 secs] [Times: user=0.05 sys=0.00, real=0.00 secs] 
2014-07-07T21:21:34.734+0000: 1596.754: [GC [PSYoungGen: 207374K->950K(202880K)] 456577K->250232K(889856K), 0.0036820 secs] [Times: user=0.02 sys=0.00, real=0.00 secs] 
2014-07-07T21:21:35.445+0000: 1597.465: [GC [PSYoungGen: 202870K->740K(198272K)] 452152K->250126K(885248K), 0.0058750 secs] [Times: user=0.03 sys=0.00, real=0.00 secs] 
2014-07-07T21:21:36.151+0000: 1598.171: [GC [PSYoungGen: 198243K->672K(193984K)] 447629K->250130K(880960K), 0.0040050 secs] [Times: user=0.01 sys=0.00, real=0.01 secs] 
2014-07-07T21:21:36.830+0000: 1598.850: [GC [PSYoungGen: 193952K->1014K(232960K)] 443410K->250520K(919936K), 0.0174620 secs] [Times: user=0.09 sys=0.00, real=0.02 secs] 
2014-07-07T21:21:37.641+0000: 1599.661: [GC [PSYoungGen: 232926K->1000K(279360K)] 482433K->250570K(966336K), 0.0057860 secs] [Times: user=0.04 sys=0.00, real=0.01 secs] 
2014-07-07T21:21:38.623+0000: 1600.643: [GC [PSYoungGen: 279289K->968K(272192K)] 528859K->250586K(959168K), 0.0073040 secs] [Times: user=0.04 sys=0.00, real=0.00 secs] 
2014-07-07T21:21:39.595+0000: 1601.615: [GC [PSYoungGen: 272136K->676K(264960K)] 521754K->250366K(951936K), 0.0083950 secs] [Times: user=0.05 sys=0.00, real=0.01 secs] 
2014-07-07T21:21:40.530+0000: 1602.550: [GC [PSYoungGen: 264882K->1056K(258688K)] 514572K->250826K(945664K), 0.0056930 secs] [Times: user=0.03 sys=0.00, real=0.01 secs] 
2014-07-07T21:21:41.422+0000: 1603.442: [GC [PSYoungGen: 258656K->944K(252160K)] 508426K->250852K(939136K), 0.0042330 secs] [Times: user=0.02 sys=0.00, real=0.00 secs] 
2014-07-07T21:21:42.316+0000: 1604.336: [GC [PSYoungGen: 252144K->544K(245632K)] 502052K->250524K(932608K), 0.0045070 secs] [Times: user=0.02 sys=0.00, real=0.00 secs] 
2014-07-07T21:21:43.179+0000: 1605.200: [GC [PSYoungGen: 245600K->1182K(240320K)] 495580K->251226K(927296K), 0.0058220 secs] [Times: user=0.03 sys=0.00, real=0.01 secs] 
2014-07-07T21:21:44.014+0000: 1606.034: [GC [PSYoungGen: 240286K->1032K(234496K)] 490330K->251181K(921472K), 0.0054510 secs] [Times: user=0.03 sys=0.00, real=0.00 secs] 
2014-07-07T21:21:44.847+0000: 1606.867: [GC [PSYoungGen: 234422K->694K(228608K)] 484570K->251092K(915584K), 0.0077870 secs] [Times: user=0.05 sys=0.00, real=0.01 secs] 
2014-07-07T21:21:45.645+0000: 1607.665: [GC [PSYoungGen: 228598K->998K(223616K)] 478996K->251452K(910592K), 0.0096130 secs] [Times: user=0.06 sys=0.00, real=0.01 secs] 
2014-07-07T21:21:46.435+0000: 1608.455: [GC [PSYoungGen: 223565K->1070K(218560K)] 474020K->251729K(905536K), 0.0044790 secs] [Times: user=0.02 sys=0.01, real=0.00 secs] 
2014-07-07T21:21:47.213+0000: 1609.233: [GC [PSYoungGen: 218542K->960K(213568K)] 469200K->251682K(900544K), 0.0091620 secs] [Times: user=0.05 sys=0.00, real=0.00 secs] 
2014-07-07T21:21:47.965+0000: 1609.985: [GC [PSYoungGen: 213504K->662K(208448K)] 464226K->251432K(895424K), 0.0065810 secs] [Times: user=0.02 sys=0.00, real=0.00 secs] 
2014-07-07T21:21:48.704+0000: 1610.724: [GC [PSYoungGen: 208406K->818K(203968K)] 459176K->251684K(890944K), 0.0033770 secs] [Times: user=0.01 sys=0.00, real=0.00 secs] 
2014-07-07T21:21:49.419+0000: 1611.439: [GC [PSYoungGen: 203954K->1114K(199872K)] 454820K->252052K(886848K), 0.0103050 secs] [Times: user=0.07 sys=0.00, real=0.01 secs] 
2014-07-07T21:21:50.123+0000: 1612.143: [GC [PSYoungGen: 199820K->1076K(195520K)] 450758K->252110K(882496K), 0.0052060 secs] [Times: user=0.03 sys=0.01, real=0.01 secs] 
2014-07-07T21:21:50.798+0000: 1612.818: [GC [PSYoungGen: 195508K->630K(190912K)] 446542K->251892K(877888K), 0.0039670 secs] [Times: user=0.02 sys=0.00, real=0.00 secs] 
2014-07-07T21:21:51.464+0000: 1613.484: [GC [PSYoungGen: 190902K->818K(187072K)] 442164K->252152K(874048K), 0.0039630 secs] [Times: user=0.01 sys=0.00, real=0.00 secs] 
2014-07-07T21:21:52.124+0000: 1614.144: [GC [PSYoungGen: 187058K->1122K(183488K)] 438392K->252578K(870464K), 0.0056260 secs] [Times: user=0.03 sys=0.00, real=0.01 secs] 
2014-07-07T21:21:52.785+0000: 1614.805: [GC [PSYoungGen: 183458K->854K(179456K)] 434914K->252414K(866432K), 0.0050990 secs] [Times: user=0.03 sys=0.00, real=0.00 secs] 
2014-07-07T21:21:53.408+0000: 1615.428: [GC [PSYoungGen: 179414K->612K(175552K)] 430974K->252220K(862528K), 0.0095410 secs] [Times: user=0.07 sys=0.00, real=0.01 secs] 
2014-07-07T21:21:54.025+0000: 1616.045: [GC [PSYoungGen: 175524K->544K(171968K)] 427132K->252240K(858944K), 0.0052130 secs] [Times: user=0.02 sys=0.01, real=0.00 secs] 
2014-07-07T21:21:54.627+0000: 1616.647: [GC [PSYoungGen: 171936K->972K(169024K)] 423632K->252748K(856000K), 0.0050260 secs] [Times: user=0.03 sys=0.00, real=0.00 secs] 
2014-07-07T21:21:55.217+0000: 1617.237: [GC [PSYoungGen: 168970K->1334K(166080K)] 420746K->253215K(853056K), 0.0042300 secs] [Times: user=0.02 sys=0.01, real=0.00 secs] 
2014-07-07T21:21:55.817+0000: 1617.837: [GC [PSYoungGen: 166070K->498K(162048K)] 417951K->252582K(849024K), 0.0049640 secs] [Times: user=0.01 sys=0.00, real=0.00 secs] 
2014-07-07T21:21:56.383+0000: 1618.403: [GC [PSYoungGen: 162019K->1313K(159808K)] 414104K->253477K(846784K), 0.0055870 secs] [Times: user=0.03 sys=0.00, real=0.01 secs] 
2014-07-07T21:21:56.935+0000: 1618.955: [GC [PSYoungGen: 159777K->818K(156288K)] 411941K->253088K(843264K), 0.0069600 secs] [Times: user=0.04 sys=0.00, real=0.00 secs] 
2014-07-07T21:21:57.479+0000: 1619.499: [GC [PSYoungGen: 156274K->804K(153408K)] 408544K->253138K(840384K), 0.0058680 secs] [Times: user=0.03 sys=0.01, real=0.01 secs] 
2014-07-07T21:21:58.010+0000: 1620.031: [GC [PSYoungGen: 153371K->1238K(184384K)] 405706K->253661K(871360K), 0.0069840 secs] [Times: user=0.04 sys=0.00, real=0.01 secs] 
2014-07-07T21:21:58.667+0000: 1620.687: [GC [PSYoungGen: 184302K->880K(180224K)] 436725K->253342K(867200K), 0.0044970 secs] [Times: user=0.01 sys=0.00, real=0.00 secs] 
2014-07-07T21:21:59.287+0000: 1621.307: [GC [PSYoungGen: 180204K->580K(176320K)] 432666K->253090K(863296K), 0.0042030 secs] [Times: user=0.02 sys=0.00, real=0.00 secs] 
2014-07-07T21:21:59.910+0000: 1621.930: [GC [PSYoungGen: 176260K->708K(211584K)] 428770K->253306K(898560K), 0.0173110 secs] [Times: user=0.12 sys=0.01, real=0.02 secs] 
2014-07-07T21:22:00.675+0000: 1622.695: [GC [PSYoungGen: 211524K->822K(253824K)] 464122K->253492K(940800K), 0.0052120 secs] [Times: user=0.02 sys=0.01, real=0.00 secs] 
2014-07-07T21:22:01.566+0000: 1623.586: [GC [PSYoungGen: 253814K->1080K(304704K)] 506484K->253791K(991680K), 0.0186850 secs] [Times: user=0.11 sys=0.00, real=0.02 secs] 
2014-07-07T21:22:02.626+0000: 1624.646: [GC [PSYoungGen: 304696K->1038K(325952K)] 557407K->253897K(1012928K), 0.0056730 secs] [Times: user=0.02 sys=0.00, real=0.00 secs] 
2014-07-07T21:22:03.781+0000: 1625.801: [GC [PSYoungGen: 325902K->644K(326336K)] 578761K->253566K(1013312K), 0.0107930 secs] [Times: user=0.06 sys=0.00, real=0.01 secs] 
2014-07-07T21:22:04.929+0000: 1626.949: [GC [PSYoungGen: 325508K->1000K(316864K)] 578430K->254026K(1003840K), 0.0062610 secs] [Times: user=0.05 sys=0.00, real=0.00 secs] 
2014-07-07T21:22:06.032+0000: 1628.052: [GC [PSYoungGen: 316840K->848K(308096K)] 569866K->253930K(995072K), 0.0057230 secs] [Times: user=0.03 sys=0.00, real=0.01 secs] 
2014-07-07T21:22:07.128+0000: 1629.149: [GC [PSYoungGen: 308048K->498K(299392K)] 561130K->253644K(986368K), 0.0056210 secs] [Times: user=0.04 sys=0.01, real=0.00 secs] 
2014-07-07T21:22:08.184+0000: 1630.204: [GC [PSYoungGen: 299378K->1038K(291968K)] 552524K->254233K(978944K), 0.0037030 secs] [Times: user=0.02 sys=0.00, real=0.01 secs] 
2014-07-07T21:22:09.220+0000: 1631.240: [GC [PSYoungGen: 291918K->1188K(284416K)] 545113K->254455K(971392K), 0.0055630 secs] [Times: user=0.04 sys=0.00, real=0.00 secs] 
2014-07-07T21:22:10.229+0000: 1632.249: [GC [PSYoungGen: 284388K->498K(276352K)] 537655K->253836K(963328K), 0.0040850 secs] [Times: user=0.02 sys=0.00, real=0.00 secs] 
2014-07-07T21:22:11.216+0000: 1633.236: [GC [PSYoungGen: 276338K->1164K(269952K)] 529676K->254575K(956928K), 0.0036620 secs] [Times: user=0.02 sys=0.00, real=0.01 secs] 
2014-07-07T21:22:12.170+0000: 1634.190: [GC [PSYoungGen: 269900K->612K(262528K)] 523311K->254126K(949504K), 0.0047030 secs] [Times: user=0.02 sys=0.01, real=0.00 secs] 
2014-07-07T21:22:13.094+0000: 1635.114: [GC [PSYoungGen: 262500K->576K(255872K)] 516014K->254178K(942848K), 0.0051690 secs] [Times: user=0.03 sys=0.00, real=0.01 secs] 
2014-07-07T21:22:13.993+0000: 1636.013: [GC [PSYoungGen: 255872K->980K(249984K)] 509474K->254646K(936960K), 0.0044770 secs] [Times: user=0.02 sys=0.00, real=0.01 secs] 
2014-07-07T21:22:14.878+0000: 1636.898: [GC [PSYoungGen: 249940K->516K(243456K)] 503606K->254230K(930432K), 0.0036570 secs] [Times: user=0.02 sys=0.00, real=0.01 secs] 
2014-07-07T21:22:15.750+0000: 1637.770: [GC [PSYoungGen: 243396K->814K(237824K)] 497110K->254600K(924800K), 0.0069190 secs] [Times: user=0.04 sys=0.00, real=0.00 secs] 
2014-07-07T21:22:16.602+0000: 1638.622: [GC [PSYoungGen: 237746K->839K(232256K)] 491533K->254666K(919232K), 0.0073600 secs] [Times: user=0.04 sys=0.00, real=0.01 secs] 
2014-07-07T21:22:17.415+0000: 1639.435: [GC [PSYoungGen: 232199K->786K(226752K)] 486026K->254684K(913728K), 0.0084460 secs] [Times: user=0.03 sys=0.00, real=0.01 secs] 
2014-07-07T21:22:18.211+0000: 1640.231: [GC [PSYoungGen: 226706K->498K(271616K)] 480604K->254436K(958592K), 0.0169430 secs] [Times: user=0.12 sys=0.00, real=0.02 secs] 
2014-07-07T21:22:19.153+0000: 1641.173: [GC [PSYoungGen: 271602K->480K(264704K)] 525540K->254498K(951680K), 0.0068830 secs] [Times: user=0.04 sys=0.00, real=0.01 secs] 
2014-07-07T21:22:20.096+0000: 1642.116: [GC [PSYoungGen: 264672K->562K(258112K)] 518690K->254636K(945088K), 0.0058260 secs] [Times: user=0.03 sys=0.00, real=0.01 secs] 
2014-07-07T21:22:21.013+0000: 1643.033: [GC [PSYoungGen: 258098K->912K(252096K)] 512172K->255058K(939072K), 0.0076790 secs] [Times: user=0.05 sys=0.00, real=0.01 secs] 
2014-07-07T21:22:21.922+0000: 1643.942: [GC [PSYoungGen: 252033K->1094K(246144K)] 506179K->255296K(933120K), 0.0066810 secs] [Times: user=0.04 sys=0.00, real=0.01 secs] 
2014-07-07T21:22:22.800+0000: 1644.820: [GC [PSYoungGen: 246086K->698K(239744K)] 500288K->254948K(926720K), 0.0134790 secs] [Times: user=0.09 sys=0.00, real=0.01 secs] 
2014-07-07T21:22:23.647+0000: 1645.667: [GC [PSYoungGen: 239738K->698K(234048K)] 493988K->255012K(921024K), 0.0065470 secs] [Times: user=0.04 sys=0.00, real=0.01 secs] 
2014-07-07T21:22:24.475+0000: 1646.495: [GC [PSYoungGen: 234042K->1323K(229184K)] 488356K->255759K(916160K), 0.0057320 secs] [Times: user=0.02 sys=0.00, real=0.01 secs] 
2014-07-07T21:22:25.269+0000: 1647.289: [GC [PSYoungGen: 229143K->683K(223232K)] 483580K->255686K(910208K), 0.0055710 secs] [Times: user=0.04 sys=0.00, real=0.01 secs] 
2014-07-07T21:22:26.066+0000: 1648.087: [GC [PSYoungGen: 223211K->1109K(218560K)] 478214K->256184K(905536K), 0.0054870 secs] [Times: user=0.04 sys=0.01, real=0.01 secs] 
2014-07-07T21:22:26.842+0000: 1648.862: [GC [PSYoungGen: 218517K->576K(213056K)] 473592K->255731K(900032K), 0.0123390 secs] [Times: user=0.08 sys=0.00, real=0.01 secs] 
2014-07-07T21:22:27.586+0000: 1649.606: [GC [PSYoungGen: 213056K->1110K(256128K)] 468211K->256337K(943104K), 0.0185120 secs] [Times: user=0.12 sys=0.00, real=0.02 secs] 
2014-07-07T21:22:28.497+0000: 1650.517: [GC [PSYoungGen: 256086K->908K(306944K)] 511313K->256207K(993920K), 0.0066850 secs] [Times: user=0.03 sys=0.00, real=0.01 secs] 
2014-07-07T21:22:29.568+0000: 1651.588: [GC [PSYoungGen: 306892K->1042K(368320K)] 562191K->256366K(1055296K), 0.0131520 secs] [Times: user=0.07 sys=0.00, real=0.02 secs] 
2014-07-07T21:22:30.865+0000: 1652.885: [GC [PSYoungGen: 368274K->808K(374272K)] 623598K->256195K(1061248K), 0.0085570 secs] [Times: user=0.05 sys=0.00, real=0.01 secs] 
2014-07-07T21:22:32.194+0000: 1654.214: [GC [PSYoungGen: 373992K->544K(374720K)] 629379K->255987K(1061696K), 0.0113210 secs] [Times: user=0.06 sys=0.00, real=0.01 secs] 
2014-07-07T21:22:33.524+0000: 1655.544: [GC [PSYoungGen: 373728K->968K(363200K)] 629171K->256459K(1050176K), 0.0050070 secs] [Times: user=0.02 sys=0.00, real=0.00 secs] 
2014-07-07T21:22:34.793+0000: 1656.813: [GC [PSYoungGen: 363144K->1376K(353024K)] 618635K->256939K(1040000K), 0.0107080 secs] [Times: user=0.07 sys=0.00, real=0.01 secs] 
2014-07-07T21:22:36.067+0000: 1658.087: [GC [PSYoungGen: 352947K->555K(342080K)] 608510K->256842K(1029056K), 0.0074660 secs] [Times: user=0.02 sys=0.00, real=0.01 secs] 
2014-07-07T21:22:37.263+0000: 1659.283: [GC [PSYoungGen: 342059K->1028K(332864K)] 598346K->257363K(1019840K), 0.0076770 secs] [Times: user=0.04 sys=0.00, real=0.00 secs] 
2014-07-07T21:22:38.434+0000: 1660.454: [GC [PSYoungGen: 332804K->640K(323136K)] 589139K->257377K(1010112K), 0.0039310 secs] [Times: user=0.02 sys=0.00, real=0.00 secs] 
2014-07-07T21:22:39.563+0000: 1661.583: [GC [PSYoungGen: 323136K->992K(314560K)] 579873K->257809K(1001536K), 0.0124920 secs] [Times: user=0.07 sys=0.00, real=0.01 secs] 
2014-07-07T21:22:40.670+0000: 1662.690: [GC [PSYoungGen: 314528K->662K(305664K)] 571345K->257527K(992640K), 0.0119200 secs] [Times: user=0.06 sys=0.00, real=0.02 secs] 
2014-07-07T21:22:41.751+0000: 1663.771: [GC [PSYoungGen: 305617K->1142K(297856K)] 562482K->258095K(984832K), 0.0036060 secs] [Times: user=0.02 sys=0.01, real=0.01 secs] 
2014-07-07T21:22:42.805+0000: 1664.825: [GC [PSYoungGen: 297819K->957K(289728K)] 554772K->257990K(976704K), 0.0053800 secs] [Times: user=0.03 sys=0.01, real=0.00 secs] 
2014-07-07T21:22:43.828+0000: 1665.848: [GC [PSYoungGen: 289706K->926K(282112K)] 546739K->258023K(969088K), 0.0081800 secs] [Times: user=0.05 sys=0.00, real=0.01 secs] 
2014-07-07T21:22:44.824+0000: 1666.844: [GC [PSYoungGen: 282078K->598K(274496K)] 539175K->257727K(961472K), 0.0099970 secs] [Times: user=0.05 sys=0.00, real=0.01 secs] 
2014-07-07T21:22:45.800+0000: 1667.820: [GC [PSYoungGen: 274454K->790K(267648K)] 531583K->257951K(954624K), 0.0059000 secs] [Times: user=0.02 sys=0.00, real=0.01 secs] 
2014-07-07T21:22:46.752+0000: 1668.772: [GC [PSYoungGen: 267606K->830K(260864K)] 524767K->258023K(947840K), 0.0051160 secs] [Times: user=0.02 sys=0.00, real=0.00 secs] 
2014-07-07T21:22:47.680+0000: 1669.700: [GC [PSYoungGen: 260843K->1114K(254656K)] 518036K->258355K(941632K), 0.0116090 secs] [Times: user=0.07 sys=0.00, real=0.01 secs] 
2014-07-07T21:22:48.572+0000: 1670.592: [GC [PSYoungGen: 254618K->872K(248128K)] 511859K->258383K(935104K), 0.0049650 secs] [Times: user=0.03 sys=0.00, real=0.01 secs] 
2014-07-07T21:22:49.437+0000: 1671.457: [GC [PSYoungGen: 248059K->1149K(242368K)] 505570K->258748K(929344K), 0.0084320 secs] [Times: user=0.05 sys=0.00, real=0.01 secs] 
2014-07-07T21:22:50.281+0000: 1672.301: [GC [PSYoungGen: 242365K->612K(236032K)] 499964K->258267K(923008K), 0.0044310 secs] [Times: user=0.03 sys=0.00, real=0.01 secs] 
2014-07-07T21:22:51.112+0000: 1673.132: [GC [PSYoungGen: 236004K->690K(230528K)] 493659K->258441K(917504K), 0.0077280 secs] [Times: user=0.03 sys=0.00, real=0.01 secs] 
2014-07-07T21:22:51.933+0000: 1673.953: [GC [PSYoungGen: 230514K->448K(224896K)] 488265K->258255K(911872K), 0.0060600 secs] [Times: user=0.04 sys=0.00, real=0.00 secs] 
2014-07-07T21:22:52.728+0000: 1674.748: [GC [PSYoungGen: 224895K->854K(220160K)] 482702K->258749K(907136K), 0.0064850 secs] [Times: user=0.05 sys=0.00, real=0.01 secs] 
2014-07-07T21:22:53.504+0000: 1675.524: [GC [PSYoungGen: 220118K->562K(214848K)] 478013K->258513K(901824K), 0.0062790 secs] [Times: user=0.04 sys=0.01, real=0.00 secs] 
2014-07-07T21:22:54.266+0000: 1676.286: [GC [PSYoungGen: 214834K->530K(210048K)] 472785K->258553K(897024K), 0.0075490 secs] [Times: user=0.05 sys=0.00, real=0.00 secs] 
2014-07-07T21:22:55.009+0000: 1677.029: [GC [PSYoungGen: 209973K->797K(205632K)] 467996K->258900K(892608K), 0.0067810 secs] [Times: user=0.04 sys=0.00, real=0.01 secs] 
2014-07-07T21:22:55.741+0000: 1677.761: [GC [PSYoungGen: 205597K->908K(201280K)] 463700K->259099K(888256K), 0.0085820 secs] [Times: user=0.06 sys=0.01, real=0.01 secs] 
2014-07-07T21:22:56.447+0000: 1678.467: [GC [PSYoungGen: 201228K->1074K(197056K)] 459419K->259345K(884032K), 0.0034250 secs] [Times: user=0.02 sys=0.00, real=0.00 secs] 
2014-07-07T21:22:57.130+0000: 1679.150: [GC [PSYoungGen: 197042K->744K(192512K)] 455313K->259119K(879488K), 0.0058840 secs] [Times: user=0.03 sys=0.00, real=0.01 secs] 
2014-07-07T21:22:57.823+0000: 1679.843: [GC [PSYoungGen: 192461K->544K(188288K)] 450836K->259015K(875264K), 0.0058800 secs] [Times: user=0.04 sys=0.00, real=0.01 secs] 
2014-07-07T21:22:58.489+0000: 1680.509: [GC [PSYoungGen: 188256K->708K(184576K)] 446727K->259211K(871552K), 0.0072880 secs] [Times: user=0.03 sys=0.00, real=0.01 secs] 
2014-07-07T21:22:59.130+0000: 1681.150: [GC [PSYoungGen: 184516K->708K(180800K)] 443019K->259291K(867776K), 0.0056030 secs] [Times: user=0.03 sys=0.00, real=0.01 secs] 
2014-07-07T21:22:59.763+0000: 1681.783: [GC [PSYoungGen: 180740K->562K(176960K)] 439323K->259193K(863936K), 0.0035150 secs] [Times: user=0.01 sys=0.00, real=0.01 secs] 
2014-07-07T21:23:00.400+0000: 1682.420: [GC [PSYoungGen: 176946K->1100K(174016K)] 435577K->259811K(860992K), 0.0038080 secs] [Times: user=0.02 sys=0.01, real=0.00 secs] 
2014-07-07T21:23:01.015+0000: 1683.035: [GC [PSYoungGen: 173964K->648K(170112K)] 432675K->259415K(857088K), 0.0063450 secs] [Times: user=0.04 sys=0.00, real=0.00 secs] 
2014-07-07T21:23:01.626+0000: 1683.646: [GC [PSYoungGen: 170056K->894K(166976K)] 428823K->259973K(853952K), 0.0034470 secs] [Times: user=0.02 sys=0.00, real=0.00 secs] 
2014-07-07T21:23:02.213+0000: 1684.233: [GC [PSYoungGen: 166963K->822K(163712K)] 426042K->259981K(850688K), 0.0093070 secs] [Times: user=0.06 sys=0.00, real=0.01 secs] 
2014-07-07T21:23:02.784+0000: 1684.805: [GC [PSYoungGen: 163702K->512K(195968K)] 422861K->259719K(882944K), 0.0092770 secs] [Times: user=0.06 sys=0.00, real=0.01 secs] 
2014-07-07T21:23:03.474+0000: 1685.494: [GC [PSYoungGen: 195968K->826K(235392K)] 455175K->260097K(922368K), 0.0109100 secs] [Times: user=0.06 sys=0.00, real=0.02 secs] 
2014-07-07T21:23:04.309+0000: 1686.330: [GC [PSYoungGen: 235386K->1320K(282816K)] 494657K->260730K(969792K), 0.0059120 secs] [Times: user=0.04 sys=0.00, real=0.01 secs] 
2014-07-07T21:23:05.304+0000: 1687.324: [GC [PSYoungGen: 282791K->480K(274688K)] 542201K->259945K(961664K), 0.0056770 secs] [Times: user=0.03 sys=0.00, real=0.01 secs] 
2014-07-07T21:23:06.295+0000: 1688.315: [GC [PSYoungGen: 274656K->630K(267776K)] 534121K->260167K(954752K), 0.0074600 secs] [Times: user=0.05 sys=0.00, real=0.01 secs] 
2014-07-07T21:23:07.237+0000: 1689.257: [GC [PSYoungGen: 267766K->1298K(261696K)] 527303K->260892K(948672K), 0.0064750 secs] [Times: user=0.04 sys=0.01, real=0.00 secs] 
2014-07-07T21:23:08.155+0000: 1690.175: [GC [PSYoungGen: 261650K->580K(254464K)] 521244K->260261K(941440K), 0.0045350 secs] [Times: user=0.03 sys=0.00, real=0.01 secs] 
2014-07-07T21:23:09.037+0000: 1691.057: [GC [PSYoungGen: 254404K->562K(248128K)] 514085K->260323K(935104K), 0.0039270 secs] [Times: user=0.03 sys=0.00, real=0.00 secs] 
2014-07-07T21:23:09.918+0000: 1691.938: [GC [PSYoungGen: 248102K->1064K(242624K)] 507864K->260881K(929600K), 0.0081460 secs] [Times: user=0.05 sys=0.00, real=0.01 secs] 
2014-07-07T21:23:10.770+0000: 1692.790: [GC [PSYoungGen: 242599K->1248K(236992K)] 502416K->261098K(923968K), 0.0047360 secs] [Times: user=0.02 sys=0.00, real=0.00 secs] 
2014-07-07T21:23:11.598+0000: 1693.618: [GC [PSYoungGen: 236960K->662K(230848K)] 496810K->260551K(917824K), 0.0101730 secs] [Times: user=0.07 sys=0.00, real=0.01 secs] 
2014-07-07T21:23:12.412+0000: 1694.432: [GC [PSYoungGen: 230805K->740K(225536K)] 490694K->260733K(912512K), 0.0035550 secs] [Times: user=0.02 sys=0.00, real=0.00 secs] 
2014-07-07T21:23:13.210+0000: 1695.230: [GC [PSYoungGen: 225508K->658K(220288K)] 485501K->260715K(907264K), 0.0063960 secs] [Times: user=0.02 sys=0.00, real=0.01 secs] 
2014-07-07T21:23:13.984+0000: 1696.004: [GC [PSYoungGen: 220242K->794K(215424K)] 480299K->260931K(902400K), 0.0057430 secs] [Times: user=0.03 sys=0.00, real=0.01 secs] 
2014-07-07T21:23:14.742+0000: 1696.762: [GC [PSYoungGen: 215386K->598K(210368K)] 475523K->260767K(897344K), 0.0040260 secs] [Times: user=0.01 sys=0.00, real=0.00 secs] 
2014-07-07T21:23:15.473+0000: 1697.494: [GC [PSYoungGen: 210326K->1135K(206208K)] 470495K->261368K(893184K), 0.0063020 secs] [Times: user=0.03 sys=0.01, real=0.01 secs] 
2014-07-07T21:23:16.213+0000: 1698.234: [GC [PSYoungGen: 206191K->732K(201344K)] 466424K->261069K(888320K), 0.0077650 secs] [Times: user=0.06 sys=0.00, real=0.01 secs] 
2014-07-07T21:23:16.921+0000: 1698.942: [GC [PSYoungGen: 201308K->1326K(197568K)] 461645K->261728K(884544K), 0.0035920 secs] [Times: user=0.01 sys=0.00, real=0.00 secs] 
2014-07-07T21:23:17.613+0000: 1699.633: [GC [PSYoungGen: 197550K->630K(192640K)] 457952K->261095K(879616K), 0.0031870 secs] [Times: user=0.02 sys=0.00, real=0.00 secs] 
2014-07-07T21:23:18.288+0000: 1700.308: [GC [PSYoungGen: 192630K->790K(188736K)] 453095K->261311K(875712K), 0.0069680 secs] [Times: user=0.02 sys=0.00, real=0.00 secs] 
2014-07-07T21:23:18.939+0000: 1700.959: [GC [PSYoungGen: 188694K->944K(184960K)] 449215K->261545K(871936K), 0.0106590 secs] [Times: user=0.06 sys=0.00, real=0.01 secs] 
2014-07-07T21:23:19.595+0000: 1701.615: [GC [PSYoungGen: 184944K->904K(181184K)] 445545K->261553K(868160K), 0.0062850 secs] [Times: user=0.02 sys=0.00, real=0.01 secs] 
2014-07-07T21:23:20.241+0000: 1702.261: [GC [PSYoungGen: 181127K->658K(177280K)] 441776K->261395K(864256K), 0.0042340 secs] [Times: user=0.02 sys=0.00, real=0.00 secs] 
2014-07-07T21:23:20.864+0000: 1702.884: [GC [PSYoungGen: 177234K->648K(212608K)] 437971K->261457K(899584K), 0.0153030 secs] [Times: user=0.08 sys=0.00, real=0.02 secs] 
2014-07-07T21:23:21.621+0000: 1703.642: [GC [PSYoungGen: 212504K->892K(255232K)] 473313K->261774K(942208K), 0.0063910 secs] [Times: user=0.04 sys=0.00, real=0.00 secs] 
2014-07-07T21:23:22.523+0000: 1704.543: [GC [PSYoungGen: 255228K->790K(306048K)] 516110K->261711K(993024K), 0.0088640 secs] [Times: user=0.05 sys=0.01, real=0.01 secs] 
2014-07-07T21:23:23.620+0000: 1705.640: [GC [PSYoungGen: 305993K->662K(297664K)] 566915K->261647K(984640K), 0.0031460 secs] [Times: user=0.02 sys=0.00, real=0.00 secs] 
2014-07-07T21:23:24.673+0000: 1706.693: [GC [PSYoungGen: 297622K->704K(289728K)] 558607K->261753K(976704K), 0.0068090 secs] [Times: user=0.02 sys=0.00, real=0.01 secs] 
2014-07-07T21:23:25.695+0000: 1707.715: [GC [PSYoungGen: 289728K->1205K(282624K)] 550777K->262319K(969600K), 0.0075000 secs] [Times: user=0.04 sys=0.01, real=0.01 secs] 
2014-07-07T21:23:26.680+0000: 1708.700: [GC [PSYoungGen: 282613K->978K(275136K)] 543727K->262171K(962112K), 0.0077270 secs] [Times: user=0.04 sys=0.00, real=0.00 secs] 
2014-07-07T21:23:27.650+0000: 1709.670: [GC [PSYoungGen: 275089K->488K(267584K)] 536283K->261931K(954560K), 0.0070210 secs] [Times: user=0.04 sys=0.00, real=0.00 secs] 
2014-07-07T21:23:28.609+0000: 1710.629: [GC [PSYoungGen: 267560K->862K(261184K)] 529003K->262345K(948160K), 0.0054310 secs] [Times: user=0.02 sys=0.00, real=0.01 secs] 
2014-07-07T21:23:29.527+0000: 1711.547: [GC [PSYoungGen: 261104K->843K(254656K)] 522588K->262522K(941632K), 0.0044590 secs] [Times: user=0.03 sys=0.00, real=0.01 secs] 
2014-07-07T21:23:30.419+0000: 1712.439: [GC [PSYoungGen: 254603K->1068K(248576K)] 516282K->262812K(935552K), 0.0042230 secs] [Times: user=0.02 sys=0.00, real=0.01 secs] 
2014-07-07T21:23:31.294+0000: 1713.315: [GC [PSYoungGen: 248556K->616K(242112K)] 510300K->262479K(929088K), 0.0032160 secs] [Times: user=0.01 sys=0.00, real=0.00 secs] 
2014-07-07T21:23:32.151+0000: 1714.171: [GC [PSYoungGen: 242088K->690K(236352K)] 503951K->262641K(923328K), 0.0058300 secs] [Times: user=0.03 sys=0.00, real=0.00 secs] 
2014-07-07T21:23:32.982+0000: 1715.002: [GC [PSYoungGen: 236338K->918K(231040K)] 498289K->262965K(918016K), 0.0031190 secs] [Times: user=0.02 sys=0.00, real=0.00 secs] 
2014-07-07T21:23:33.792+0000: 1715.812: [GC [PSYoungGen: 230998K->1012K(225728K)] 493045K->263139K(912704K), 0.0044770 secs] [Times: user=0.02 sys=0.01, real=0.00 secs] 
2014-07-07T21:23:34.588+0000: 1716.608: [GC [PSYoungGen: 225713K->612K(220160K)] 487840K->263174K(907136K), 0.0085540 secs] [Times: user=0.05 sys=0.00, real=0.01 secs] 
2014-07-07T21:23:35.371+0000: 1717.392: [GC [PSYoungGen: 220132K->658K(215232K)] 482694K->263339K(902208K), 0.0033310 secs] [Times: user=0.02 sys=0.00, real=0.00 secs] 
2014-07-07T21:23:36.120+0000: 1718.140: [GC [PSYoungGen: 215171K->762K(210432K)] 477853K->263589K(897408K), 0.0071140 secs] [Times: user=0.05 sys=0.00, real=0.00 secs] 
2014-07-07T21:23:36.864+0000: 1718.884: [GC [PSYoungGen: 210402K->948K(205952K)] 473230K->263831K(892928K), 0.0069500 secs] [Times: user=0.02 sys=0.00, real=0.01 secs] 
2014-07-07T21:23:37.601+0000: 1719.621: [GC [PSYoungGen: 205940K->697K(201216K)] 468823K->263636K(888192K), 0.0045800 secs] [Times: user=0.03 sys=0.00, real=0.00 secs] 
2014-07-07T21:23:38.308+0000: 1720.328: [GC [PSYoungGen: 201209K->944K(197120K)] 464148K->263955K(884096K), 0.0052460 secs] [Times: user=0.03 sys=0.00, real=0.01 secs] 
2014-07-07T21:23:39.009+0000: 1721.029: [GC [PSYoungGen: 197067K->908K(192896K)] 460079K->263975K(879872K), 0.0099150 secs] [Times: user=0.04 sys=0.01, real=0.01 secs] 
2014-07-07T21:23:39.681+0000: 1721.701: [GC [PSYoungGen: 192844K->898K(231296K)] 455911K->263997K(918272K), 0.0114840 secs] [Times: user=0.07 sys=0.00, real=0.01 secs] 
2014-07-07T21:23:40.489+0000: 1722.509: [GC [PSYoungGen: 231234K->580K(225600K)] 494333K->263743K(912576K), 0.0050900 secs] [Times: user=0.02 sys=0.00, real=0.01 secs] 
2014-07-07T21:23:41.300+0000: 1723.320: [GC [PSYoungGen: 225539K->580K(220416K)] 488703K->263791K(907392K), 0.0079450 secs] [Times: user=0.04 sys=0.00, real=0.01 secs] 
2014-07-07T21:23:42.067+0000: 1724.087: [GC [PSYoungGen: 220327K->1188K(264960K)] 483539K->264556K(951936K), 0.0149920 secs] [Times: user=0.09 sys=0.00, real=0.02 secs] 
2014-07-07T21:23:43.009+0000: 1725.029: [GC [PSYoungGen: 264932K->758K(317312K)] 528300K->264213K(1004288K), 0.0055130 secs] [Times: user=0.03 sys=0.00, real=0.01 secs] 
2014-07-07T21:23:44.138+0000: 1726.158: [GC [PSYoungGen: 317302K->633K(308480K)] 580757K->264136K(995456K), 0.0038110 secs] [Times: user=0.02 sys=0.00, real=0.01 secs] 
2014-07-07T21:23:45.232+0000: 1727.252: [GC [PSYoungGen: 308472K->1082K(300608K)] 571975K->264674K(987584K), 0.0068280 secs] [Times: user=0.04 sys=0.00, real=0.00 secs] 
2014-07-07T21:23:46.287+0000: 1728.307: [GC [PSYoungGen: 300595K->712K(292288K)] 564187K->264367K(979264K), 0.0043390 secs] [Times: user=0.02 sys=0.01, real=0.01 secs] 
2014-07-07T21:23:47.339+0000: 1729.359: [GC [PSYoungGen: 292232K->768K(284608K)] 555887K->264535K(971584K), 0.0072840 secs] [Times: user=0.03 sys=0.00, real=0.01 secs] 
2014-07-07T21:23:48.341+0000: 1730.361: [GC [PSYoungGen: 284601K->914K(277376K)] 548368K->264778K(964352K), 0.0038950 secs] [Times: user=0.02 sys=0.00, real=0.01 secs] 
2014-07-07T21:23:49.318+0000: 1731.338: [GC [PSYoungGen: 277330K->594K(269952K)] 541194K->264529K(956928K), 0.0044510 secs] [Times: user=0.02 sys=0.00, real=0.01 secs] 
2014-07-07T21:23:50.284+0000: 1732.304: [GC [PSYoungGen: 269906K->1042K(263552K)] 533841K->265066K(950528K), 0.0058390 secs] [Times: user=0.04 sys=0.00, real=0.00 secs] 
2014-07-07T21:23:51.208+0000: 1733.228: [GC [PSYoungGen: 263506K->434K(256320K)] 527530K->264497K(943296K), 0.0036870 secs] [Times: user=0.02 sys=0.00, real=0.01 secs] 
2014-07-07T21:23:52.111+0000: 1734.131: [GC [PSYoungGen: 256306K->452K(250048K)] 520369K->264555K(937024K), 0.0067280 secs] [Times: user=0.04 sys=0.00, real=0.01 secs] 
2014-07-07T21:23:52.986+0000: 1735.006: [GC [PSYoungGen: 249988K->544K(244032K)] 514091K->264703K(931008K), 0.0065620 secs] [Times: user=0.02 sys=0.00, real=0.01 secs] 
2014-07-07T21:23:53.847+0000: 1735.867: [GC [PSYoungGen: 244000K->1088K(238720K)] 508159K->265296K(925696K), 0.0039770 secs] [Times: user=0.02 sys=0.00, real=0.00 secs] 
2014-07-07T21:23:54.669+0000: 1736.689: [GC [PSYoungGen: 238656K->754K(232640K)] 502864K->265025K(919616K), 0.0038430 secs] [Times: user=0.02 sys=0.00, real=0.00 secs] 
2014-07-07T21:23:55.498+0000: 1737.518: [GC [PSYoungGen: 232626K->956K(227392K)] 496897K->265424K(914368K), 0.0095330 secs] [Times: user=0.06 sys=0.00, real=0.01 secs] 
2014-07-07T21:23:56.288+0000: 1738.308: [GC [PSYoungGen: 227313K->1437K(222656K)] 491780K->266009K(909632K), 0.0089020 secs] [Times: user=0.06 sys=0.00, real=0.01 secs] 
2014-07-07T21:23:57.069+0000: 1739.089: [GC [PSYoungGen: 222621K->556K(216704K)] 487193K->265672K(903680K), 0.0060950 secs] [Times: user=0.04 sys=0.00, real=0.01 secs] 
2014-07-07T21:23:57.831+0000: 1739.851: [GC [PSYoungGen: 216684K->1274K(212480K)] 481800K->266415K(899456K), 0.0121430 secs] [Times: user=0.06 sys=0.01, real=0.01 secs] 
2014-07-07T21:23:58.587+0000: 1740.607: [GC [PSYoungGen: 212435K->1108K(207616K)] 477575K->266418K(894592K), 0.0033640 secs] [Times: user=0.02 sys=0.00, real=0.00 secs] 
2014-07-07T21:23:59.324+0000: 1741.344: [GC [PSYoungGen: 207572K->922K(202880K)] 472882K->266304K(889856K), 0.0055770 secs] [Times: user=0.03 sys=0.00, real=0.00 secs] 
2014-07-07T21:24:00.035+0000: 1742.055: [GC [PSYoungGen: 202842K->794K(198336K)] 468224K->266248K(885312K), 0.0043360 secs] [Times: user=0.01 sys=0.01, real=0.00 secs] 
2014-07-07T21:24:00.750+0000: 1742.770: [GC [PSYoungGen: 198298K->562K(193856K)] 463752K->266104K(880832K), 0.0081030 secs] [Times: user=0.05 sys=0.00, real=0.01 secs] 
2014-07-07T21:24:01.431+0000: 1743.451: [GC [PSYoungGen: 193842K->658K(189888K)] 459384K->266288K(876864K), 0.0064000 secs] [Times: user=0.04 sys=0.01, real=0.01 secs] 
2014-07-07T21:24:02.102+0000: 1744.122: [GC [PSYoungGen: 189841K->680K(227776K)] 455471K->266366K(914752K), 0.0099650 secs] [Times: user=0.07 sys=0.00, real=0.01 secs] 
2014-07-07T21:24:02.894+0000: 1744.914: [GC [PSYoungGen: 227752K->576K(273088K)] 493438K->266318K(960064K), 0.0109350 secs] [Times: user=0.07 sys=0.00, real=0.02 secs] 
2014-07-07T21:24:03.867+0000: 1745.887: [GC [PSYoungGen: 273068K->1220K(328320K)] 538810K->267019K(1015296K), 0.0092180 secs] [Times: user=0.06 sys=0.00, real=0.01 secs] 
2014-07-07T21:24:05.021+0000: 1747.041: [GC [PSYoungGen: 328260K->790K(389440K)] 594059K->266668K(1076416K), 0.0100290 secs] [Times: user=0.07 sys=0.00, real=0.01 secs] 
2014-07-07T21:24:06.392+0000: 1748.412: [GC [PSYoungGen: 388950K->576K(377088K)] 654828K->266518K(1064064K), 0.0098130 secs] [Times: user=0.06 sys=0.00, real=0.01 secs] 
2014-07-07T21:24:07.716+0000: 1749.736: [GC [PSYoungGen: 377070K->790K(366208K)] 643013K->266780K(1053184K), 0.0062710 secs] [Times: user=0.04 sys=0.00, real=0.00 secs] 
2014-07-07T21:24:09.002+0000: 1751.022: [GC [PSYoungGen: 366166K->694K(355392K)] 632156K->266764K(1042368K), 0.0064650 secs] [Times: user=0.04 sys=0.00, real=0.01 secs] 
2014-07-07T21:24:10.269+0000: 1752.290: [GC [PSYoungGen: 355347K->848K(345344K)] 621418K->266974K(1032320K), 0.0111710 secs] [Times: user=0.06 sys=0.00, real=0.01 secs] 
2014-07-07T21:24:11.476+0000: 1753.496: [GC [PSYoungGen: 345296K->1136K(335808K)] 611422K->267358K(1022784K), 0.0073000 secs] [Times: user=0.05 sys=0.00, real=0.00 secs] 
2014-07-07T21:24:12.658+0000: 1754.678: [GC [PSYoungGen: 335758K->548K(325824K)] 601980K->266802K(1012800K), 0.0041930 secs] [Times: user=0.02 sys=0.00, real=0.00 secs] 
2014-07-07T21:24:13.813+0000: 1755.833: [GC [PSYoungGen: 325796K->936K(317184K)] 592050K->267254K(1004160K), 0.0063940 secs] [Times: user=0.04 sys=0.01, real=0.01 secs] 
2014-07-07T21:24:14.935+0000: 1756.955: [GC [PSYoungGen: 317140K->708K(308288K)] 583458K->267082K(995264K), 0.0128080 secs] [Times: user=0.07 sys=0.00, real=0.02 secs] 
2014-07-07T21:24:16.020+0000: 1758.040: [GC [PSYoungGen: 308228K->658K(299904K)] 574602K->267104K(986880K), 0.0054420 secs] [Times: user=0.03 sys=0.00, real=0.00 secs] 
2014-07-07T21:24:17.098+0000: 1759.118: [GC [PSYoungGen: 299858K->580K(291840K)] 566304K->267082K(978816K), 0.0044870 secs] [Times: user=0.02 sys=0.00, real=0.00 secs] 
2014-07-07T21:24:18.112+0000: 1760.132: [GC [PSYoungGen: 291780K->776K(284352K)] 558282K->267358K(971328K), 0.0061530 secs] [Times: user=0.03 sys=0.01, real=0.01 secs] 
2014-07-07T21:24:19.125+0000: 1761.145: [GC [PSYoungGen: 284296K->958K(277056K)] 550878K->267612K(964032K), 0.0061990 secs] [Times: user=0.03 sys=0.00, real=0.01 secs] 
2014-07-07T21:24:20.114+0000: 1762.134: [GC [PSYoungGen: 277054K->608K(269632K)] 543708K->267342K(956608K), 0.0033630 secs] [Times: user=0.01 sys=0.00, real=0.01 secs] 
2014-07-07T21:24:21.084+0000: 1763.104: [GC [PSYoungGen: 269550K->968K(263168K)] 536285K->267782K(950144K), 0.0067080 secs] [Times: user=0.04 sys=0.01, real=0.01 secs] 
2014-07-07T21:24:22.018+0000: 1764.038: [GC [PSYoungGen: 263112K->730K(256320K)] 529926K->267608K(943296K), 0.0055480 secs] [Times: user=0.03 sys=0.01, real=0.00 secs] 
2014-07-07T21:24:22.925+0000: 1764.945: [GC [PSYoungGen: 256272K->936K(250176K)] 523150K->268095K(937152K), 0.0067380 secs] [Times: user=0.02 sys=0.00, real=0.01 secs] 
2014-07-07T21:24:23.790+0000: 1765.810: [GC [PSYoungGen: 250152K->996K(244160K)] 517311K->268260K(931136K), 0.0075520 secs] [Times: user=0.05 sys=0.00, real=0.01 secs] 
2014-07-07T21:24:24.664+0000: 1766.684: [GC [PSYoungGen: 244132K->598K(237888K)] 511396K->268126K(924864K), 0.0061240 secs] [Times: user=0.04 sys=0.00, real=0.01 secs] 
2014-07-07T21:24:25.506+0000: 1767.526: [GC [PSYoungGen: 237846K->658K(232320K)] 505374K->268258K(919296K), 0.0058730 secs] [Times: user=0.03 sys=0.00, real=0.01 secs] 
2014-07-07T21:24:26.307+0000: 1768.327: [GC [PSYoungGen: 232274K->1319K(227520K)] 499874K->268983K(914496K), 0.0104450 secs] [Times: user=0.06 sys=0.00, real=0.01 secs] 
2014-07-07T21:24:27.113+0000: 1769.133: [GC [PSYoungGen: 227495K->694K(221632K)] 495159K->268430K(908608K), 0.0038760 secs] [Times: user=0.02 sys=0.00, real=0.00 secs] 
2014-07-07T21:24:27.898+0000: 1769.918: [GC [PSYoungGen: 221622K->800K(216704K)] 489358K->268658K(903680K), 0.0070280 secs] [Times: user=0.03 sys=0.00, real=0.00 secs] 
2014-07-07T21:24:28.660+0000: 1770.681: [GC [PSYoungGen: 216628K->962K(212032K)] 484486K->268884K(899008K), 0.0069710 secs] [Times: user=0.04 sys=0.01, real=0.00 secs] 
2014-07-07T21:24:29.400+0000: 1771.420: [GC [PSYoungGen: 211944K->1000K(254272K)] 479867K->269094K(941248K), 0.0135970 secs] [Times: user=0.08 sys=0.00, real=0.01 secs] 
2014-07-07T21:24:30.298+0000: 1772.318: [GC [PSYoungGen: 254248K->612K(247616K)] 522342K->268754K(934592K), 0.0042380 secs] [Times: user=0.01 sys=0.01, real=0.00 secs] 
2014-07-07T21:24:31.165+0000: 1773.185: [GC [PSYoungGen: 247588K->716K(297152K)] 515730K->268922K(984128K), 0.0158930 secs] [Times: user=0.11 sys=0.00, real=0.02 secs] 
2014-07-07T21:24:32.198+0000: 1774.218: [GC [PSYoungGen: 297100K->1160K(289728K)] 565306K->269431K(976704K), 0.0062030 secs] [Times: user=0.04 sys=0.00, real=0.01 secs] 
2014-07-07T21:24:33.199+0000: 1775.219: [GC [PSYoungGen: 289672K->1006K(281920K)] 557943K->269759K(968896K), 0.0037950 secs] [Times: user=0.02 sys=0.00, real=0.01 secs] 
2014-07-07T21:24:34.193+0000: 1776.214: [GC [PSYoungGen: 281902K->1025K(274688K)] 550655K->269858K(961664K), 0.0081910 secs] [Times: user=0.04 sys=0.00, real=0.01 secs] 
2014-07-07T21:24:35.158+0000: 1777.178: [GC [PSYoungGen: 274603K->1118K(267712K)] 543436K->270123K(954688K), 0.0084800 secs] [Times: user=0.05 sys=0.00, real=0.01 secs] 
2014-07-07T21:24:36.107+0000: 1778.127: [GC [PSYoungGen: 267678K->876K(260736K)] 536683K->269993K(947712K), 0.0056780 secs] [Times: user=0.04 sys=0.00, real=0.01 secs] 
2014-07-07T21:24:37.028+0000: 1779.048: [GC [PSYoungGen: 260716K->630K(254016K)] 529833K->269787K(940992K), 0.0036310 secs] [Times: user=0.01 sys=0.00, real=0.01 secs] 
2014-07-07T21:24:37.901+0000: 1779.921: [GC [PSYoungGen: 254006K->868K(248000K)] 523163K->270073K(934976K), 0.0075720 secs] [Times: user=0.04 sys=0.00, real=0.00 secs] 
2014-07-07T21:24:38.791+0000: 1780.811: [GC [PSYoungGen: 247949K->1340K(242432K)] 517154K->270593K(929408K), 0.0094970 secs] [Times: user=0.04 sys=0.01, real=0.01 secs] 
2014-07-07T21:24:39.637+0000: 1781.657: [GC [PSYoungGen: 242428K->576K(235840K)] 511681K->269893K(922816K), 0.0065660 secs] [Times: user=0.03 sys=0.01, real=0.01 secs] 
2014-07-07T21:24:40.456+0000: 1782.476: [GC [PSYoungGen: 235840K->1132K(230848K)] 505157K->270553K(917824K), 0.0053750 secs] [Times: user=0.04 sys=0.00, real=0.01 secs] 
2014-07-07T21:24:41.269+0000: 1783.289: [GC [PSYoungGen: 230798K->1128K(225472K)] 500219K->270637K(912448K), 0.0046560 secs] [Times: user=0.02 sys=0.01, real=0.01 secs] 
2014-07-07T21:24:42.070+0000: 1784.090: [GC [PSYoungGen: 225409K->1014K(220160K)] 494918K->270587K(907136K), 0.0081380 secs] [Times: user=0.06 sys=0.00, real=0.01 secs] 
2014-07-07T21:24:42.836+0000: 1784.856: [GC [PSYoungGen: 220149K->644K(214848K)] 489722K->270257K(901824K), 0.0035960 secs] [Times: user=0.02 sys=0.00, real=0.00 secs] 
2014-07-07T21:24:43.594+0000: 1785.615: [GC [PSYoungGen: 214788K->676K(210048K)] 484401K->270345K(897024K), 0.0068750 secs] [Times: user=0.04 sys=0.00, real=0.01 secs] 
2014-07-07T21:24:44.342+0000: 1786.362: [GC [PSYoungGen: 210019K->1198K(205888K)] 479688K->270939K(892864K), 0.0046660 secs] [Times: user=0.02 sys=0.00, real=0.00 secs] 
2014-07-07T21:24:45.066+0000: 1787.086: [GC [PSYoungGen: 205870K->1299K(201536K)] 475611K->271136K(888512K), 0.0055850 secs] [Times: user=0.03 sys=0.00, real=0.01 secs] 
2014-07-07T21:24:45.768+0000: 1787.788: [GC [PSYoungGen: 201491K->882K(196736K)] 471328K->270775K(883712K), 0.0052460 secs] [Times: user=0.03 sys=0.00, real=0.01 secs] 
2014-07-07T21:24:46.452+0000: 1788.472: [GC [PSYoungGen: 196722K->793K(192448K)] 466615K->270734K(879424K), 0.0068040 secs] [Times: user=0.04 sys=0.00, real=0.00 secs] 
2014-07-07T21:24:47.122+0000: 1789.142: [GC [PSYoungGen: 192390K->1441K(189056K)] 462331K->271463K(876032K), 0.0073490 secs] [Times: user=0.04 sys=0.00, real=0.00 secs] 
2014-07-07T21:24:47.771+0000: 1789.791: [GC [PSYoungGen: 189025K->886K(184576K)] 459047K->270963K(871552K), 0.0063100 secs] [Times: user=0.03 sys=0.00, real=0.01 secs] 
2014-07-07T21:24:48.412+0000: 1790.432: [GC [PSYoungGen: 184566K->562K(180480K)] 454643K->270703K(867456K), 0.0066570 secs] [Times: user=0.05 sys=0.00, real=0.00 secs] 
2014-07-07T21:24:49.036+0000: 1791.056: [GC [PSYoungGen: 180464K->576K(216512K)] 450605K->270789K(903488K), 0.0121770 secs] [Times: user=0.07 sys=0.00, real=0.01 secs] 
2014-07-07T21:24:49.806+0000: 1791.826: [GC [PSYoungGen: 216512K->832K(260032K)] 486725K->271077K(947008K), 0.0124120 secs] [Times: user=0.07 sys=0.00, real=0.01 secs] 
2014-07-07T21:24:50.732+0000: 1792.752: [GC [PSYoungGen: 259968K->690K(311680K)] 530213K->271031K(998656K), 0.0054000 secs] [Times: user=0.03 sys=0.00, real=0.00 secs] 
2014-07-07T21:24:51.836+0000: 1793.856: [GC [PSYoungGen: 311666K->854K(303424K)] 582007K->271267K(990400K), 0.0072140 secs] [Times: user=0.05 sys=0.00, real=0.01 secs] 
2014-07-07T21:24:52.886+0000: 1794.906: [GC [PSYoungGen: 303372K->976K(295424K)] 573785K->271445K(982400K), 0.0100360 secs] [Times: user=0.06 sys=0.00, real=0.01 secs] 
2014-07-07T21:24:53.933+0000: 1795.953: [GC [PSYoungGen: 295376K->530K(287168K)] 565845K->271039K(974144K), 0.0080710 secs] [Times: user=0.03 sys=0.01, real=0.00 secs] 
2014-07-07T21:24:54.940+0000: 1796.961: [GC [PSYoungGen: 287122K->1050K(280192K)] 557631K->271623K(967168K), 0.0056000 secs] [Times: user=0.03 sys=0.00, real=0.01 secs] 
2014-07-07T21:24:55.922+0000: 1797.943: [GC [PSYoungGen: 280154K->848K(272768K)] 550727K->271453K(959744K), 0.0040200 secs] [Times: user=0.02 sys=0.00, real=0.00 secs] 
2014-07-07T21:24:56.896+0000: 1798.916: [GC [PSYoungGen: 272720K->630K(265536K)] 543325K->271259K(952512K), 0.0181170 secs] [Times: user=0.11 sys=0.00, real=0.02 secs] 
2014-07-07T21:24:57.845+0000: 1799.865: [GC [PSYoungGen: 265488K->930K(259200K)] 536117K->271615K(946176K), 0.0040980 secs] [Times: user=0.02 sys=0.00, real=0.00 secs] 
2014-07-07T21:24:58.745+0000: 1800.765: [GC [PSYoungGen: 259170K->548K(252416K)] 529855K->271273K(939392K), 0.0093480 secs] [Times: user=0.06 sys=0.00, real=0.01 secs] 
2014-07-07T21:24:59.634+0000: 1801.654: [GC [PSYoungGen: 252388K->694K(246336K)] 523113K->271507K(933312K), 0.0049700 secs] [Times: user=0.03 sys=0.00, real=0.00 secs] 
2014-07-07T21:25:00.502+0000: 1802.522: [GC [PSYoungGen: 246326K->580K(240320K)] 517139K->271449K(927296K), 0.0039490 secs] [Times: user=0.02 sys=0.00, real=0.01 secs] 
2014-07-07T21:25:01.349+0000: 1803.369: [GC [PSYoungGen: 240260K->822K(234752K)] 511129K->271779K(921728K), 0.0039380 secs] [Times: user=0.02 sys=0.00, real=0.01 secs] 
2014-07-07T21:25:02.157+0000: 1804.177: [GC [PSYoungGen: 234708K->922K(229376K)] 505665K->271935K(916352K), 0.0064780 secs] [Times: user=0.04 sys=0.00, real=0.01 secs] 
2014-07-07T21:25:02.965+0000: 1804.985: [GC [PSYoungGen: 229338K->808K(223936K)] 500351K->271885K(910912K), 0.0041620 secs] [Times: user=0.02 sys=0.00, real=0.00 secs] 
2014-07-07T21:25:03.762+0000: 1805.782: [GC [PSYoungGen: 223912K->580K(218624K)] 494989K->271713K(905600K), 0.0056630 secs] [Times: user=0.04 sys=0.00, real=0.01 secs] 
2014-07-07T21:25:04.537+0000: 1806.557: [GC [PSYoungGen: 218564K->662K(213696K)] 489697K->271883K(900672K), 0.0054730 secs] [Times: user=0.03 sys=0.00, real=0.00 secs] 
2014-07-07T21:25:05.302+0000: 1807.322: [GC [PSYoungGen: 213654K->562K(208768K)] 484875K->271863K(895744K), 0.0108940 secs] [Times: user=0.07 sys=0.00, real=0.01 secs] 
2014-07-07T21:25:06.027+0000: 1808.047: [GC [PSYoungGen: 208754K->832K(204480K)] 480055K->272173K(891456K), 0.0080710 secs] [Times: user=0.04 sys=0.00, real=0.01 secs] 
2014-07-07T21:25:06.748+0000: 1808.768: [GC [PSYoungGen: 204416K->672K(199808K)] 475757K->272109K(886784K), 0.0044870 secs] [Times: user=0.02 sys=0.00, real=0.00 secs] 
2014-07-07T21:25:07.454+0000: 1809.474: [GC [PSYoungGen: 199736K->768K(195648K)] 471173K->272253K(882624K), 0.0107160 secs] [Times: user=0.06 sys=0.00, real=0.01 secs] 
2014-07-07T21:25:08.145+0000: 1810.165: [GC [PSYoungGen: 195584K->950K(191616K)] 467069K->272705K(878592K), 0.0065410 secs] [Times: user=0.03 sys=0.01, real=0.00 secs] 
2014-07-07T21:25:08.821+0000: 1810.841: [GC [PSYoungGen: 191606K->580K(229440K)] 463361K->272367K(916416K), 0.0205370 secs] [Times: user=0.13 sys=0.00, real=0.02 secs] 
2014-07-07T21:25:09.613+0000: 1811.633: [GC [PSYoungGen: 229380K->640K(275200K)] 501167K->272483K(962176K), 0.0067420 secs] [Times: user=0.04 sys=0.00, real=0.01 secs] 
2014-07-07T21:25:10.606+0000: 1812.626: [GC [PSYoungGen: 275200K->886K(330368K)] 547043K->272817K(1017344K), 0.0050580 secs] [Times: user=0.02 sys=0.00, real=0.00 secs] 
2014-07-07T21:25:11.767+0000: 1813.787: [GC [PSYoungGen: 330339K->843K(346816K)] 602270K->272814K(1033792K), 0.0172100 secs] [Times: user=0.10 sys=0.01, real=0.02 secs] 
2014-07-07T21:25:12.994+0000: 1815.014: [GC [PSYoungGen: 346571K->1022K(346944K)] 618542K->273049K(1033920K), 0.0080330 secs] [Times: user=0.03 sys=0.00, real=0.01 secs] 
2014-07-07T21:25:14.218+0000: 1816.238: [GC [PSYoungGen: 346750K->948K(336832K)] 618777K->273015K(1023808K), 0.0097270 secs] [Times: user=0.06 sys=0.00, real=0.01 secs] 
2014-07-07T21:25:15.452+0000: 1817.472: [GC [PSYoungGen: 336820K->576K(326976K)] 608887K->272731K(1013952K), 0.0033990 secs] [Times: user=0.02 sys=0.00, real=0.01 secs] 
2014-07-07T21:25:16.606+0000: 1818.626: [GC [PSYoungGen: 326976K->1064K(318400K)] 599131K->273414K(1005376K), 0.0043980 secs] [Times: user=0.01 sys=0.00, real=0.00 secs] 
2014-07-07T21:25:17.731+0000: 1819.751: [GC [PSYoungGen: 318371K->786K(309440K)] 590720K->273184K(996416K), 0.0078340 secs] [Times: user=0.04 sys=0.00, real=0.01 secs] 
2014-07-07T21:25:18.823+0000: 1820.843: [GC [PSYoungGen: 309360K->480K(300736K)] 581757K->272941K(987712K), 0.0068880 secs] [Times: user=0.02 sys=0.00, real=0.01 secs] 
2014-07-07T21:25:19.872+0000: 1821.892: [GC [PSYoungGen: 300704K->922K(293120K)] 573165K->273471K(980096K), 0.0068810 secs] [Times: user=0.04 sys=0.00, real=0.01 secs] 
2014-07-07T21:25:20.918+0000: 1822.938: [GC [PSYoungGen: 293079K->1184K(285632K)] 565629K->273798K(972608K), 0.0065290 secs] [Times: user=0.04 sys=0.00, real=0.00 secs] 
2014-07-07T21:25:21.911+0000: 1823.931: [GC [PSYoungGen: 285600K->658K(277696K)] 558214K->273311K(964672K), 0.0143630 secs] [Times: user=0.07 sys=0.00, real=0.01 secs] 
2014-07-07T21:25:22.900+0000: 1824.920: [GC [PSYoungGen: 277635K->844K(270720K)] 550289K->273553K(957696K), 0.0064420 secs] [Times: user=0.05 sys=0.00, real=0.01 secs] 
2014-07-07T21:25:23.843+0000: 1825.863: [GC [PSYoungGen: 270647K->718K(324608K)] 543357K->273459K(1011584K), 0.0191800 secs] [Times: user=0.11 sys=0.00, real=0.02 secs] 
2014-07-07T21:25:24.934+0000: 1826.954: [GC [PSYoungGen: 324558K->822K(315712K)] 597299K->273619K(1002688K), 0.0060910 secs] [Times: user=0.02 sys=0.00, real=0.01 secs] 
2014-07-07T21:25:25.865+0000: 1827.885: [GC [PSYoungGen: 315702K->896K(307200K)] 588499K->273749K(994176K), 0.0041450 secs] [Times: user=0.03 sys=0.01, real=0.01 secs] 
2014-07-07T21:25:26.783+0000: 1828.803: [GC [PSYoungGen: 307136K->704K(298688K)] 579989K->273629K(985664K), 0.0043780 secs] [Times: user=0.03 sys=0.00, real=0.01 secs] 
2014-07-07T21:25:27.661+0000: 1829.681: [GC [PSYoungGen: 298688K->1054K(291136K)] 571613K->274011K(978112K), 0.0053720 secs] [Times: user=0.02 sys=0.00, real=0.00 secs] 
2014-07-07T21:25:28.527+0000: 1830.547: [GC [PSYoungGen: 291102K->544K(283008K)] 564059K->273573K(969984K), 0.0041820 secs] [Times: user=0.03 sys=0.00, real=0.00 secs] 
2014-07-07T21:25:29.392+0000: 1831.412: [GC [PSYoungGen: 282976K->740K(275840K)] 556005K->273825K(962816K), 0.0040520 secs] [Times: user=0.02 sys=0.00, real=0.00 secs] 
2014-07-07T21:25:30.221+0000: 1832.241: [GC [PSYoungGen: 275812K->1068K(269120K)] 548897K->274209K(956096K), 0.0071190 secs] [Times: user=0.04 sys=0.00, real=0.01 secs] 
2014-07-07T21:25:31.027+0000: 1833.047: [GC [PSYoungGen: 269062K->889K(262144K)] 542203K->274134K(949120K), 0.0068450 secs] [Times: user=0.04 sys=0.00, real=0.01 secs] 
2014-07-07T21:25:31.804+0000: 1833.824: [GC [PSYoungGen: 262111K->751K(314304K)] 535356K->274052K(1001280K), 0.0154230 secs] [Times: user=0.10 sys=0.00, real=0.02 secs] 
2014-07-07T21:25:32.732+0000: 1834.752: [GC [PSYoungGen: 314273K->1269K(306240K)] 587574K->274701K(993216K), 0.0045230 secs] [Times: user=0.02 sys=0.00, real=0.00 secs] 
2014-07-07T21:25:33.657+0000: 1835.678: [GC [PSYoungGen: 306175K->558K(297280K)] 579607K->274416K(984256K), 0.0038380 secs] [Times: user=0.02 sys=0.00, real=0.01 secs] 
2014-07-07T21:25:34.569+0000: 1836.589: [GC [PSYoungGen: 297262K->1366K(290176K)] 571120K->275280K(977152K), 0.0073950 secs] [Times: user=0.04 sys=0.01, real=0.00 secs] 
2014-07-07T21:25:35.457+0000: 1837.477: [GC [PSYoungGen: 290134K->889K(282048K)] 564048K->275350K(969024K), 0.0051960 secs] [Times: user=0.03 sys=0.00, real=0.01 secs] 
2014-07-07T21:25:36.310+0000: 1838.330: [GC [PSYoungGen: 282041K->1100K(275008K)] 556502K->275601K(961984K), 0.0039960 secs] [Times: user=0.02 sys=0.00, real=0.00 secs] 
2014-07-07T21:25:37.123+0000: 1839.143: [GC [PSYoungGen: 274956K->1206K(268032K)] 549457K->275764K(955008K), 0.0139960 secs] [Times: user=0.07 sys=0.00, real=0.01 secs] 
2014-07-07T21:25:37.899+0000: 1839.919: [GC [PSYoungGen: 268001K->665K(260736K)] 542559K->275262K(947712K), 0.0044340 secs] [Times: user=0.02 sys=0.01, real=0.00 secs] 
2014-07-07T21:25:38.654+0000: 1840.674: [GC [PSYoungGen: 260697K->690K(254208K)] 535294K->275319K(941184K), 0.0046240 secs] [Times: user=0.02 sys=0.00, real=0.01 secs] 
2014-07-07T21:25:39.423+0000: 1841.443: [GC [PSYoungGen: 254194K->782K(248064K)] 528823K->275499K(935040K), 0.0069690 secs] [Times: user=0.04 sys=0.00, real=0.01 secs] 
2014-07-07T21:25:40.176+0000: 1842.196: [GC [PSYoungGen: 247977K->886K(242112K)] 522695K->275659K(929088K), 0.0039680 secs] [Times: user=0.01 sys=0.01, real=0.01 secs] 
2014-07-07T21:25:40.883+0000: 1842.903: [GC [PSYoungGen: 242078K->1184K(236608K)] 516851K->276046K(923584K), 0.0057670 secs] [Times: user=0.03 sys=0.00, real=0.00 secs] 
2014-07-07T21:25:41.558+0000: 1843.578: [GC [PSYoungGen: 236576K->960K(230848K)] 511438K->275901K(917824K), 0.0105720 secs] [Times: user=0.04 sys=0.00, real=0.01 secs] 
2014-07-07T21:25:42.250+0000: 1844.270: [GC [PSYoungGen: 230784K->512K(276352K)] 505725K->275501K(963328K), 0.0092480 secs] [Times: user=0.06 sys=0.00, real=0.01 secs] 
2014-07-07T21:25:43.078+0000: 1845.098: [GC [PSYoungGen: 276352K->480K(269248K)] 551341K->275501K(956224K), 0.0053870 secs] [Times: user=0.02 sys=0.00, real=0.01 secs] 
2014-07-07T21:25:43.884+0000: 1845.904: [GC [PSYoungGen: 269216K->896K(262848K)] 544237K->275973K(949824K), 0.0092010 secs] [Times: user=0.05 sys=0.00, real=0.01 secs] 
2014-07-07T21:25:44.648+0000: 1846.668: [GC [PSYoungGen: 262784K->922K(256256K)] 537861K->276095K(943232K), 0.0047780 secs] [Times: user=0.03 sys=0.00, real=0.01 secs] 
2014-07-07T21:25:45.419+0000: 1847.439: [GC [PSYoungGen: 256218K->1014K(249984K)] 531391K->276243K(936960K), 0.0066910 secs] [Times: user=0.03 sys=0.00, real=0.01 secs] 
2014-07-07T21:25:46.157+0000: 1848.177: [GC [PSYoungGen: 249914K->1014K(243904K)] 525143K->276307K(930880K), 0.0036180 secs] [Times: user=0.02 sys=0.00, real=0.01 secs] 
2014-07-07T21:25:46.871+0000: 1848.891: [GC [PSYoungGen: 243894K->694K(237696K)] 519187K->276027K(924672K), 0.0066570 secs] [Times: user=0.01 sys=0.00, real=0.00 secs] 
2014-07-07T21:25:47.552+0000: 1849.572: [GC [PSYoungGen: 237686K->844K(232256K)] 513019K->276233K(919232K), 0.0035200 secs] [Times: user=0.02 sys=0.00, real=0.00 secs] 
2014-07-07T21:25:48.258+0000: 1850.278: [GC [PSYoungGen: 232204K->466K(226432K)] 507593K->275911K(913408K), 0.0059600 secs] [Times: user=0.03 sys=0.01, real=0.01 secs] 
2014-07-07T21:25:48.933+0000: 1850.953: [GC [PSYoungGen: 226386K->530K(221248K)] 501831K->276031K(908224K), 0.0059160 secs] [Times: user=0.03 sys=0.00, real=0.00 secs] 
2014-07-07T21:25:49.584+0000: 1851.604: [GC [PSYoungGen: 221202K->1233K(216896K)] 496703K->276807K(903872K), 0.0035000 secs] [Times: user=0.02 sys=0.00, real=0.00 secs] 
2014-07-07T21:25:50.258+0000: 1852.278: [GC [PSYoungGen: 216849K->740K(211520K)] 492423K->276393K(898496K), 0.0108400 secs] [Times: user=0.06 sys=0.00, real=0.01 secs] 
2014-07-07T21:25:50.895+0000: 1852.915: [GC [PSYoungGen: 211492K->818K(206848K)] 487145K->276543K(893824K), 0.0049200 secs] [Times: user=0.03 sys=0.00, real=0.00 secs] 
2014-07-07T21:25:51.506+0000: 1853.526: [GC [PSYoungGen: 206834K->512K(201984K)] 482559K->276301K(888960K), 0.0057040 secs] [Times: user=0.03 sys=0.00, real=0.01 secs] 
2014-07-07T21:25:52.102+0000: 1854.122: [GC [PSYoungGen: 201984K->680K(242496K)] 477773K->276525K(929472K), 0.0083800 secs] [Times: user=0.04 sys=0.00, real=0.00 secs] 
2014-07-07T21:25:52.829+0000: 1854.849: [GC [PSYoungGen: 242446K->968K(236992K)] 518291K->276893K(923968K), 0.0057850 secs] [Times: user=0.03 sys=0.00, real=0.01 secs] 
2014-07-07T21:25:53.525+0000: 1855.545: [GC [PSYoungGen: 236936K->722K(231104K)] 512861K->276703K(918080K), 0.0078910 secs] [Times: user=0.03 sys=0.00, real=0.01 secs] 
2014-07-07T21:25:54.220+0000: 1856.241: [GC [PSYoungGen: 231058K->974K(277440K)] 507039K->277012K(964416K), 0.0092240 secs] [Times: user=0.06 sys=0.00, real=0.01 secs] 
2014-07-07T21:25:55.043+0000: 1857.063: [GC [PSYoungGen: 277390K->722K(270080K)] 553428K->276831K(957056K), 0.0058930 secs] [Times: user=0.04 sys=0.00, real=0.00 secs] 
2014-07-07T21:25:55.866+0000: 1857.886: [GC [PSYoungGen: 270034K->876K(263360K)] 546143K->277049K(950336K), 0.0064200 secs] [Times: user=0.04 sys=0.01, real=0.01 secs] 
2014-07-07T21:25:56.633+0000: 1858.653: [GC [PSYoungGen: 263340K->576K(256448K)] 539513K->276797K(943424K), 0.0065260 secs] [Times: user=0.03 sys=0.00, real=0.00 secs] 
2014-07-07T21:25:57.392+0000: 1859.412: [GC [PSYoungGen: 256448K->722K(250304K)] 532669K->277015K(937280K), 0.0060090 secs] [Times: user=0.03 sys=0.00, real=0.00 secs] 
2014-07-07T21:25:58.144+0000: 1860.164: [GC [PSYoungGen: 250212K->918K(244416K)] 526505K->277243K(931392K), 0.0050830 secs] [Times: user=0.02 sys=0.00, real=0.00 secs] 
2014-07-07T21:25:58.871+0000: 1860.891: [GC [PSYoungGen: 244374K->878K(238464K)] 520699K->277323K(925440K), 0.0071900 secs] [Times: user=0.04 sys=0.00, real=0.01 secs] 
2014-07-07T21:25:59.575+0000: 1861.595: [GC [PSYoungGen: 238446K->708K(232640K)] 514891K->277217K(919616K), 0.0061740 secs] [Times: user=0.04 sys=0.00, real=0.00 secs] 
2014-07-07T21:26:00.287+0000: 1862.307: [GC [PSYoungGen: 232543K->946K(227392K)] 509052K->277842K(914368K), 0.0086960 secs] [Times: user=0.05 sys=0.01, real=0.01 secs] 
2014-07-07T21:26:00.972+0000: 1862.992: [GC [PSYoungGen: 227378K->700K(221888K)] 504274K->277651K(908864K), 0.0054790 secs] [Times: user=0.03 sys=0.00, real=0.00 secs] 
2014-07-07T21:26:01.620+0000: 1863.640: [GC [PSYoungGen: 221884K->544K(216704K)] 498835K->277551K(903680K), 0.0072170 secs] [Times: user=0.04 sys=0.00, real=0.01 secs] 
2014-07-07T21:26:02.270+0000: 1864.290: [GC [PSYoungGen: 216638K->1116K(260544K)] 493646K->278220K(947520K), 0.0098020 secs] [Times: user=0.06 sys=0.00, real=0.01 secs] 
2014-07-07T21:26:03.047+0000: 1865.067: [GC [PSYoungGen: 260474K->779K(253760K)] 537578K->277963K(940736K), 0.0049670 secs] [Times: user=0.03 sys=0.00, real=0.00 secs] 
2014-07-07T21:26:03.790+0000: 1865.810: [GC [PSYoungGen: 253707K->1020K(247744K)] 530891K->278260K(934720K), 0.0072360 secs] [Times: user=0.04 sys=0.00, real=0.01 secs] 
2014-07-07T21:26:04.522+0000: 1866.542: [GC [PSYoungGen: 247740K->544K(296640K)] 524980K->277815K(983616K), 0.0105000 secs] [Times: user=0.06 sys=0.01, real=0.02 secs] 
2014-07-07T21:26:05.402+0000: 1867.422: [GC [PSYoungGen: 296608K->1164K(289408K)] 573879K->278500K(976384K), 0.0039320 secs] [Times: user=0.02 sys=0.00, real=0.01 secs] 
2014-07-07T21:26:06.265+0000: 1868.285: [GC [PSYoungGen: 289356K->922K(281600K)] 566692K->278321K(968576K), 0.0036870 secs] [Times: user=0.01 sys=0.00, real=0.00 secs] 
2014-07-07T21:26:07.104+0000: 1869.124: [GC [PSYoungGen: 281539K->1004K(274368K)] 558938K->278428K(961344K), 0.0127280 secs] [Times: user=0.06 sys=0.01, real=0.01 secs] 
2014-07-07T21:26:07.901+0000: 1869.921: [GC [PSYoungGen: 274348K->964K(329088K)] 551772K->278436K(1016064K), 0.0102650 secs] [Times: user=0.06 sys=0.01, real=0.01 secs] 
2014-07-07T21:26:08.888+0000: 1870.908: [GC [PSYoungGen: 329028K->762K(319680K)] 606500K->278305K(1006656K), 0.0041880 secs] [Times: user=0.02 sys=0.00, real=0.00 secs] 
2014-07-07T21:26:09.836+0000: 1871.856: [GC [PSYoungGen: 319674K->708K(310912K)] 597217K->278307K(997888K), 0.0066560 secs] [Times: user=0.04 sys=0.00, real=0.01 secs] 
2014-07-07T21:26:10.762+0000: 1872.782: [GC [PSYoungGen: 310852K->918K(302656K)] 588451K->278589K(989632K), 0.0043180 secs] [Times: user=0.02 sys=0.01, real=0.01 secs] 
2014-07-07T21:26:11.663+0000: 1873.683: [GC [PSYoungGen: 302614K->1042K(294656K)] 580285K->278778K(981632K), 0.0059140 secs] [Times: user=0.03 sys=0.00, real=0.01 secs] 
2014-07-07T21:26:12.548+0000: 1874.568: [GC [PSYoungGen: 294589K->1006K(286784K)] 572324K->278790K(973760K), 0.0042630 secs] [Times: user=0.02 sys=0.01, real=0.00 secs] 
2014-07-07T21:26:13.396+0000: 1875.416: [GC [PSYoungGen: 286766K->612K(278912K)] 564550K->278531K(965888K), 0.0097190 secs] [Times: user=0.07 sys=0.00, real=0.01 secs] 
2014-07-07T21:26:14.231+0000: 1876.251: [GC [PSYoungGen: 278884K->1055K(272192K)] 556803K->279023K(959168K), 0.0066470 secs] [Times: user=0.04 sys=0.01, real=0.01 secs] 
2014-07-07T21:26:15.030+0000: 1877.050: [GC [PSYoungGen: 272159K->1004K(265216K)] 550127K->279224K(952192K), 0.0053160 secs] [Times: user=0.03 sys=0.00, real=0.01 secs] 
2014-07-07T21:26:15.814+0000: 1877.834: [GC [PSYoungGen: 265196K->804K(317888K)] 543416K->279112K(1004864K), 0.0146760 secs] [Times: user=0.08 sys=0.00, real=0.01 secs] 
2014-07-07T21:26:16.769+0000: 1878.789: [GC [PSYoungGen: 317860K->889K(309248K)] 596168K->279237K(996224K), 0.0052760 secs] [Times: user=0.02 sys=0.00, real=0.01 secs] 
2014-07-07T21:26:17.676+0000: 1879.696: [GC [PSYoungGen: 309241K->843K(300864K)] 587589K->279239K(987840K), 0.0059840 secs] [Times: user=0.03 sys=0.00, real=0.00 secs] 
2014-07-07T21:26:18.567+0000: 1880.587: [GC [PSYoungGen: 300811K->594K(292544K)] 579207K->279046K(979520K), 0.0122680 secs] [Times: user=0.07 sys=0.00, real=0.01 secs] 
2014-07-07T21:26:19.437+0000: 1881.457: [GC [PSYoungGen: 292485K->1341K(285504K)] 570937K->279931K(972480K), 0.0034250 secs] [Times: user=0.02 sys=0.00, real=0.00 secs] 
2014-07-07T21:26:20.297+0000: 1882.317: [GC [PSYoungGen: 285501K->648K(277440K)] 564091K->279270K(964416K), 0.0066020 secs] [Times: user=0.01 sys=0.00, real=0.00 secs] 
2014-07-07T21:26:21.120+0000: 1883.140: [GC [PSYoungGen: 277354K->594K(270272K)] 555976K->279296K(957248K), 0.0078590 secs] [Times: user=0.05 sys=0.00, real=0.01 secs] 
2014-07-07T21:26:21.928+0000: 1883.948: [GC [PSYoungGen: 270226K->1150K(263936K)] 548928K->279948K(950912K), 0.0059890 secs] [Times: user=0.03 sys=0.01, real=0.00 secs] 
2014-07-07T21:26:22.713+0000: 1884.733: [GC [PSYoungGen: 263934K->480K(256704K)] 542732K->279318K(943680K), 0.0078360 secs] [Times: user=0.05 sys=0.01, real=0.01 secs] 
2014-07-07T21:26:23.482+0000: 1885.502: [GC [PSYoungGen: 256672K->772K(250688K)] 535510K->279698K(937664K), 0.0032150 secs] [Times: user=0.02 sys=0.00, real=0.00 secs] 
2014-07-07T21:26:24.238+0000: 1886.258: [GC [PSYoungGen: 250628K->1381K(245120K)] 529554K->280371K(932096K), 0.0063090 secs] [Times: user=0.02 sys=0.00, real=0.00 secs] 
2014-07-07T21:26:24.978+0000: 1886.998: [GC [PSYoungGen: 245092K->764K(238592K)] 524082K->280139K(925568K), 0.0065710 secs] [Times: user=0.04 sys=0.00, real=0.00 secs] 
2014-07-07T21:26:25.685+0000: 1887.705: [GC [PSYoungGen: 238588K->594K(286080K)] 517963K->280000K(973056K), 0.0150270 secs] [Times: user=0.09 sys=0.01, real=0.02 secs] 
2014-07-07T21:26:26.525+0000: 1888.545: [GC [PSYoungGen: 286034K->576K(278528K)] 565440K->280022K(965504K), 0.0052470 secs] [Times: user=0.02 sys=0.00, real=0.01 secs] 
2014-07-07T21:26:27.365+0000: 1889.385: [GC [PSYoungGen: 278528K->1082K(271872K)] 557974K->280608K(958848K), 0.0045520 secs] [Times: user=0.03 sys=0.00, real=0.01 secs] 
2014-07-07T21:26:28.181+0000: 1890.201: [GC [PSYoungGen: 271866K->830K(325824K)] 551392K->280404K(1012800K), 0.0135430 secs] [Times: user=0.08 sys=0.00, real=0.01 secs] 
2014-07-07T21:26:29.143+0000: 1891.163: [GC [PSYoungGen: 325822K->826K(366976K)] 605396K->280440K(1053952K), 0.0150820 secs] [Times: user=0.09 sys=0.00, real=0.02 secs] 
2014-07-07T21:26:30.220+0000: 1892.240: [GC [PSYoungGen: 366266K->1028K(391552K)] 645880K->280682K(1078528K), 0.0109500 secs] [Times: user=0.06 sys=0.00, real=0.01 secs] 
2014-07-07T21:26:31.372+0000: 1893.392: [GC [PSYoungGen: 391044K->868K(379200K)] 670698K->280586K(1066176K), 0.0043570 secs] [Times: user=0.02 sys=0.01, real=0.00 secs] 
2014-07-07T21:26:32.501+0000: 1894.521: [GC [PSYoungGen: 379172K->690K(367808K)] 658890K->280520K(1054784K), 0.0064190 secs] [Times: user=0.04 sys=0.00, real=0.01 secs] 
2014-07-07T21:26:33.583+0000: 1895.603: [GC [PSYoungGen: 367794K->544K(356928K)] 647624K->280430K(1043904K), 0.0076940 secs] [Times: user=0.04 sys=0.01, real=0.01 secs] 
2014-07-07T21:26:34.626+0000: 1896.646: [GC [PSYoungGen: 356896K->1128K(347200K)] 636782K->281054K(1034176K), 0.0064990 secs] [Times: user=0.02 sys=0.00, real=0.01 secs] 
2014-07-07T21:26:35.642+0000: 1897.663: [GC [PSYoungGen: 347142K->1100K(337344K)] 627068K->281066K(1024320K), 0.0067330 secs] [Times: user=0.02 sys=0.00, real=0.01 secs] 
2014-07-07T21:26:36.642+0000: 1898.662: [GC [PSYoungGen: 337292K->672K(327424K)] 617258K->280758K(1014400K), 0.0043220 secs] [Times: user=0.02 sys=0.00, real=0.00 secs] 
2014-07-07T21:26:37.615+0000: 1899.635: [GC [PSYoungGen: 327392K->448K(318080K)] 607478K->280566K(1005056K), 0.0055230 secs] [Times: user=0.01 sys=0.00, real=0.01 secs] 
2014-07-07T21:26:38.559+0000: 1900.580: [GC [PSYoungGen: 318080K->576K(309504K)] 598198K->280742K(996480K), 0.0092360 secs] [Times: user=0.06 sys=0.00, real=0.01 secs] 
2014-07-07T21:26:39.475+0000: 1901.495: [GC [PSYoungGen: 309504K->1008K(301568K)] 589670K->281246K(988544K), 0.0053820 secs] [Times: user=0.01 sys=0.00, real=0.01 secs] 
2014-07-07T21:26:40.392+0000: 1902.412: [GC [PSYoungGen: 301552K->576K(293056K)] 581790K->280870K(980032K), 0.0059570 secs] [Times: user=0.03 sys=0.00, real=0.00 secs] 
2014-07-07T21:26:41.268+0000: 1903.288: [GC [PSYoungGen: 293056K->975K(285760K)] 573350K->281325K(972736K), 0.0032590 secs] [Times: user=0.02 sys=0.00, real=0.01 secs] 
2014-07-07T21:26:42.139+0000: 1904.159: [GC [PSYoungGen: 285689K->797K(278144K)] 566039K->281179K(965120K), 0.0048520 secs] [Times: user=0.02 sys=0.00, real=0.00 secs] 
2014-07-07T21:26:42.964+0000: 1904.984: [GC [PSYoungGen: 278109K->772K(270976K)] 558491K->281234K(957952K), 0.0048140 secs] [Times: user=0.02 sys=0.00, real=0.01 secs] 
2014-07-07T21:26:43.760+0000: 1905.780: [GC [PSYoungGen: 270916K->928K(264192K)] 551378K->281446K(951168K), 0.0087950 secs] [Times: user=0.05 sys=0.00, real=0.01 secs] 
2014-07-07T21:26:44.542+0000: 1906.562: [GC [PSYoungGen: 264160K->640K(257280K)] 544678K->281262K(944256K), 0.0058490 secs] [Times: user=0.04 sys=0.01, real=0.00 secs] 
2014-07-07T21:26:45.304+0000: 1907.324: [GC [PSYoungGen: 257280K->612K(250880K)] 537902K->281290K(937856K), 0.0102360 secs] [Times: user=0.06 sys=0.00, real=0.01 secs] 
2014-07-07T21:26:46.045+0000: 1908.065: [GC [PSYoungGen: 250811K->608K(244736K)] 531489K->281350K(931712K), 0.0058940 secs] [Times: user=0.03 sys=0.01, real=0.01 secs] 
2014-07-07T21:26:46.763+0000: 1908.783: [GC [PSYoungGen: 244704K->690K(293632K)] 525446K->281480K(980608K), 0.0140240 secs] [Times: user=0.08 sys=0.00, real=0.01 secs] 
2014-07-07T21:26:47.650+0000: 1909.670: [GC [PSYoungGen: 293618K->754K(285952K)] 574408K->281632K(972928K), 0.0052980 secs] [Times: user=0.01 sys=0.01, real=0.00 secs] 
2014-07-07T21:26:48.516+0000: 1910.536: [GC [PSYoungGen: 285938K->690K(278400K)] 566816K->281624K(965376K), 0.0071320 secs] [Times: user=0.01 sys=0.01, real=0.01 secs] 
2014-07-07T21:26:49.348+0000: 1911.368: [GC [PSYoungGen: 278386K->698K(271232K)] 559320K->281664K(958208K), 0.0050440 secs] [Times: user=0.03 sys=0.00, real=0.01 secs] 
2014-07-07T21:26:50.161+0000: 1912.181: [GC [PSYoungGen: 271226K->1072K(264704K)] 552192K->282234K(951680K), 0.0100900 secs] [Times: user=0.06 sys=0.00, real=0.01 secs] 
2014-07-07T21:26:50.941+0000: 1912.961: [GC [PSYoungGen: 264688K->758K(257728K)] 545850K->281944K(944704K), 0.0056950 secs] [Times: user=0.02 sys=0.00, real=0.00 secs] 
2014-07-07T21:26:51.708+0000: 1913.728: [GC [PSYoungGen: 257718K->758K(251328K)] 538904K->281984K(938304K), 0.0062540 secs] [Times: user=0.02 sys=0.00, real=0.01 secs] 
2014-07-07T21:26:52.472+0000: 1914.492: [GC [PSYoungGen: 251310K->942K(245376K)] 532537K->282232K(932352K), 0.0053820 secs] [Times: user=0.02 sys=0.00, real=0.00 secs] 
2014-07-07T21:26:53.214+0000: 1915.234: [GC [PSYoungGen: 245358K->754K(239296K)] 526648K->282386K(926272K), 0.0053710 secs] [Times: user=0.03 sys=0.00, real=0.00 secs] 
2014-07-07T21:26:53.909+0000: 1915.929: [GC [PSYoungGen: 239282K->864K(233728K)] 520914K->282601K(920704K), 0.0049690 secs] [Times: user=0.04 sys=0.00, real=0.01 secs] 
2014-07-07T21:26:54.608+0000: 1916.628: [GC [PSYoungGen: 233696K->1082K(228416K)] 515433K->282933K(915392K), 0.0066870 secs] [Times: user=0.05 sys=0.00, real=0.01 secs] 
2014-07-07T21:26:55.287+0000: 1917.307: [GC [PSYoungGen: 228410K->968K(223040K)] 510261K->282891K(910016K), 0.0044010 secs] [Times: user=0.02 sys=0.00, real=0.01 secs] 
2014-07-07T21:26:55.973+0000: 1917.993: [GC [PSYoungGen: 222984K->616K(217536K)] 504907K->282864K(904512K), 0.0096620 secs] [Times: user=0.07 sys=0.00, real=0.01 secs] 
2014-07-07T21:26:56.611+0000: 1918.631: [GC [PSYoungGen: 217512K->1038K(213056K)] 499760K->283367K(900032K), 0.0035210 secs] [Times: user=0.02 sys=0.00, real=0.00 secs] 
2014-07-07T21:26:57.243+0000: 1919.263: [GC [PSYoungGen: 213006K->822K(208064K)] 495335K->283330K(895040K), 0.0038610 secs] [Times: user=0.02 sys=0.01, real=0.00 secs] 
2014-07-07T21:26:57.854+0000: 1919.874: [GC [PSYoungGen: 208054K->608K(249344K)] 490562K->283156K(936320K), 0.0188140 secs] [Times: user=0.12 sys=0.00, real=0.02 secs] 
2014-07-07T21:26:58.601+0000: 1920.621: [GC [PSYoungGen: 249270K->1057K(299584K)] 531819K->283670K(986560K), 0.0054600 secs] [Times: user=0.03 sys=0.00, real=0.00 secs] 
2014-07-07T21:26:59.477+0000: 1921.497: [GC [PSYoungGen: 299553K->1014K(359232K)] 582166K->283699K(1046208K), 0.0068370 secs] [Times: user=0.04 sys=0.00, real=0.01 secs] 
2014-07-07T21:27:00.532+0000: 1922.552: [GC [PSYoungGen: 359183K->630K(348480K)] 641868K->283829K(1035456K), 0.0087980 secs] [Times: user=0.03 sys=0.00, real=0.00 secs] 
2014-07-07T21:27:01.567+0000: 1923.587: [GC [PSYoungGen: 348460K->1328K(339200K)] 631659K->284608K(1026176K), 0.0042450 secs] [Times: user=0.02 sys=0.01, real=0.01 secs] 
2014-07-07T21:27:02.566+0000: 1924.586: [GC [PSYoungGen: 339155K->858K(329216K)] 622435K->284301K(1016192K), 0.0074730 secs] [Times: user=0.04 sys=0.00, real=0.01 secs] 
2014-07-07T21:27:03.554+0000: 1925.574: [GC [PSYoungGen: 329178K->1458K(320640K)] 612621K->285058K(1007616K), 0.0056100 secs] [Times: user=0.03 sys=0.00, real=0.00 secs] 
2014-07-07T21:27:04.487+0000: 1926.507: [GC [PSYoungGen: 320626K->512K(310912K)] 604226K->284143K(997888K), 0.0050110 secs] [Times: user=0.01 sys=0.00, real=0.01 secs] 
2014-07-07T21:27:05.405+0000: 1927.425: [GC [PSYoungGen: 310912K->1497K(303488K)] 594543K->285233K(990464K), 0.0113850 secs] [Times: user=0.07 sys=0.00, real=0.01 secs] 
2014-07-07T21:27:06.287+0000: 1928.307: [GC [PSYoungGen: 303449K->768K(294656K)] 587185K->284559K(981632K), 0.0117750 secs] [Times: user=0.09 sys=0.00, real=0.01 secs] 
2014-07-07T21:27:07.160+0000: 1929.180: [GC [PSYoungGen: 294585K->1056K(287104K)] 578377K->284912K(974080K), 0.0076520 secs] [Times: user=0.05 sys=0.00, real=0.01 secs] 
2014-07-07T21:27:08.004+0000: 1930.024: [GC [PSYoungGen: 287072K->448K(343680K)] 570928K->284343K(1030656K), 0.0162410 secs] [Times: user=0.10 sys=0.00, real=0.01 secs] 
2014-07-07T21:27:09.045+0000: 1931.065: [GC [PSYoungGen: 343679K->612K(334080K)] 627575K->284571K(1021056K), 0.0051650 secs] [Times: user=0.03 sys=0.00, real=0.00 secs] 
2014-07-07T21:27:10.018+0000: 1932.038: [GC [PSYoungGen: 334052K->794K(324928K)] 618011K->284793K(1011904K), 0.0053090 secs] [Times: user=0.03 sys=0.01, real=0.01 secs] 
2014-07-07T21:27:10.957+0000: 1932.977: [GC [PSYoungGen: 324890K->1334K(316416K)] 608889K->285398K(1003392K), 0.0107900 secs] [Times: user=0.07 sys=0.01, real=0.01 secs] 
2014-07-07T21:27:11.880+0000: 1933.900: [GC [PSYoungGen: 316398K->1014K(307456K)] 600462K->285118K(994432K), 0.0108540 secs] [Times: user=0.07 sys=0.01, real=0.01 secs] 
2014-07-07T21:27:12.770+0000: 1934.790: [GC [PSYoungGen: 307446K->1212K(299328K)] 591550K->285404K(986304K), 0.0069030 secs] [Times: user=0.05 sys=0.00, real=0.01 secs] 
2014-07-07T21:27:13.641+0000: 1935.661: [GC [PSYoungGen: 299324K->1044K(291264K)] 583516K->285292K(978240K), 0.0083650 secs] [Times: user=0.05 sys=0.00, real=0.01 secs] 
2014-07-07T21:27:14.526+0000: 1936.546: [GC [PSYoungGen: 291220K->822K(283328K)] 575468K->285133K(970304K), 0.0070760 secs] [Times: user=0.04 sys=0.00, real=0.01 secs] 
2014-07-07T21:27:15.362+0000: 1937.382: [GC [PSYoungGen: 283255K->1295K(276480K)] 567567K->285678K(963456K), 0.0091500 secs] [Times: user=0.05 sys=0.00, real=0.01 secs] 
2014-07-07T21:27:16.178+0000: 1938.199: [GC [PSYoungGen: 276431K->830K(268928K)] 560814K->285261K(955904K), 0.0074460 secs] [Times: user=0.04 sys=0.00, real=0.01 secs] 
2014-07-07T21:27:16.960+0000: 1938.980: [GC [PSYoungGen: 268918K->1210K(262528K)] 553350K->285698K(949504K), 0.0074980 secs] [Times: user=0.04 sys=0.01, real=0.01 secs] 
2014-07-07T21:27:17.722+0000: 1939.742: [GC [PSYoungGen: 262522K->928K(314560K)] 547010K->285520K(1001536K), 0.0149290 secs] [Times: user=0.09 sys=0.00, real=0.02 secs] 
2014-07-07T21:27:18.663+0000: 1940.683: [GC [PSYoungGen: 314528K->1000K(306048K)] 599120K->285671K(993024K), 0.0045240 secs] [Times: user=0.02 sys=0.00, real=0.01 secs] 
2014-07-07T21:27:19.556+0000: 1941.577: [GC [PSYoungGen: 306024K->594K(297408K)] 590695K->285345K(984384K), 0.0038310 secs] [Times: user=0.02 sys=0.00, real=0.00 secs] 
2014-07-07T21:27:20.430+0000: 1942.450: [GC [PSYoungGen: 297362K->594K(289472K)] 582113K->285393K(976448K), 0.0078870 secs] [Times: user=0.05 sys=0.00, real=0.01 secs] 
2014-07-07T21:27:21.288+0000: 1943.308: [GC [PSYoungGen: 289426K->744K(281984K)] 574225K->285607K(968960K), 0.0056670 secs] [Times: user=0.03 sys=0.00, real=0.00 secs] 
2014-07-07T21:27:22.116+0000: 1944.136: [GC [PSYoungGen: 281960K->562K(274496K)] 566823K->285465K(961472K), 0.0099470 secs] [Times: user=0.05 sys=0.01, real=0.01 secs] 
2014-07-07T21:27:22.921+0000: 1944.941: [GC [PSYoungGen: 274482K->1356K(268288K)] 559385K->286356K(955264K), 0.0059330 secs] [Times: user=0.04 sys=0.00, real=0.01 secs] 
2014-07-07T21:27:23.702+0000: 1945.722: [GC [PSYoungGen: 268236K->630K(260736K)] 553236K->285677K(947712K), 0.0056270 secs] [Times: user=0.03 sys=0.00, real=0.01 secs] 
2014-07-07T21:27:24.490+0000: 1946.510: [GC [PSYoungGen: 260673K->726K(254336K)] 545721K->285821K(941312K), 0.0048180 secs] [Times: user=0.03 sys=0.00, real=0.00 secs] 
2014-07-07T21:27:25.251+0000: 1947.271: [GC [PSYoungGen: 254279K->808K(248128K)] 539375K->285975K(935104K), 0.0037790 secs] [Times: user=0.01 sys=0.00, real=0.00 secs] 
2014-07-07T21:27:25.984+0000: 1948.004: [GC [PSYoungGen: 248104K->544K(241856K)] 533271K->285751K(928832K), 0.0043750 secs] [Times: user=0.02 sys=0.00, real=0.01 secs] 
2014-07-07T21:27:26.683+0000: 1948.703: [GC [PSYoungGen: 241824K->890K(236352K)] 527031K->286201K(923328K), 0.0069370 secs] [Times: user=0.03 sys=0.01, real=0.01 secs] 
2014-07-07T21:27:27.390+0000: 1949.410: [GC [PSYoungGen: 236346K->644K(230592K)] 521657K->286011K(917568K), 0.0072030 secs] [Times: user=0.04 sys=0.00, real=0.01 secs] 
2014-07-07T21:27:28.071+0000: 1950.091: [GC [PSYoungGen: 230532K->976K(276928K)] 515899K->286383K(963904K), 0.0150460 secs] [Times: user=0.09 sys=0.00, real=0.02 secs] 
2014-07-07T21:27:28.902+0000: 1950.922: [GC [PSYoungGen: 276880K->1280K(332480K)] 562287K->286767K(1019456K), 0.0066030 secs] [Times: user=0.04 sys=0.00, real=0.01 secs] 
2014-07-07T21:27:29.895+0000: 1951.915: [GC [PSYoungGen: 332416K->630K(322496K)] 617903K->286303K(1009472K), 0.0062440 secs] [Times: user=0.04 sys=0.00, real=0.00 secs] 
2014-07-07T21:27:30.842+0000: 1952.862: [GC [PSYoungGen: 322486K->608K(313600K)] 608159K->286345K(1000576K), 0.0038810 secs] [Times: user=0.02 sys=0.00, real=0.01 secs] 
2014-07-07T21:27:31.769+0000: 1953.789: [GC [PSYoungGen: 313568K->754K(305152K)] 599305K->286587K(992128K), 0.0084420 secs] [Times: user=0.06 sys=0.00, real=0.01 secs] 
2014-07-07T21:27:32.685+0000: 1954.705: [GC [PSYoungGen: 305138K->1096K(297344K)] 590971K->287001K(984320K), 0.0039080 secs] [Times: user=0.02 sys=0.01, real=0.01 secs] 
2014-07-07T21:27:33.541+0000: 1955.561: [GC [PSYoungGen: 297288K->672K(289024K)] 583193K->286633K(976000K), 0.0056610 secs] [Times: user=0.02 sys=0.00, real=0.01 secs] 
2014-07-07T21:27:34.425+0000: 1956.445: [GC [PSYoungGen: 288992K->822K(281600K)] 574953K->286871K(968576K), 0.0091550 secs] [Times: user=0.06 sys=0.00, real=0.01 secs] 
2014-07-07T21:27:35.269+0000: 1957.289: [GC [PSYoungGen: 281590K->776K(274304K)] 567639K->286889K(961280K), 0.0084020 secs] [Times: user=0.05 sys=0.00, real=0.01 secs] 
2014-07-07T21:27:36.075+0000: 1958.095: [GC [PSYoungGen: 274248K->776K(267328K)] 560361K->286953K(954304K), 0.0034630 secs] [Times: user=0.02 sys=0.00, real=0.01 secs] 
2014-07-07T21:27:36.863+0000: 1958.883: [GC [PSYoungGen: 267272K->776K(260608K)] 553449K->287009K(947584K), 0.0085910 secs] [Times: user=0.05 sys=0.00, real=0.01 secs] 
2014-07-07T21:27:37.618+0000: 1959.638: [GC [PSYoungGen: 260516K->872K(254208K)] 546750K->287193K(941184K), 0.0071300 secs] [Times: user=0.04 sys=0.01, real=0.00 secs] 
2014-07-07T21:27:38.378+0000: 1960.398: [GC [PSYoungGen: 254184K->732K(247808K)] 540505K->287125K(934784K), 0.0041760 secs] [Times: user=0.02 sys=0.00, real=0.00 secs] 
2014-07-07T21:27:39.123+0000: 1961.143: [GC [PSYoungGen: 247722K->1074K(297536K)] 534116K->287500K(984512K), 0.0174860 secs] [Times: user=0.11 sys=0.01, real=0.02 secs] 
2014-07-07T21:27:40.026+0000: 1962.046: [GC [PSYoungGen: 297522K->630K(345664K)] 583948K->287257K(1032640K), 0.0077260 secs] [Times: user=0.04 sys=0.00, real=0.01 secs] 
2014-07-07T21:27:41.040+0000: 1963.060: [GC [PSYoungGen: 345654K->900K(336128K)] 632281K->287592K(1023104K), 0.0054740 secs] [Times: user=0.04 sys=0.00, real=0.00 secs] 
2014-07-07T21:27:42.021+0000: 1964.041: [GC [PSYoungGen: 336068K->384K(326080K)] 622760K->287605K(1013056K), 0.0031260 secs] [Times: user=0.02 sys=0.00, real=0.00 secs] 
2014-07-07T21:27:42.982+0000: 1965.002: [GC [PSYoungGen: 326080K->974K(317632K)] 613301K->288292K(1004608K), 0.0061010 secs] [Times: user=0.03 sys=0.00, real=0.01 secs] 
2014-07-07T21:27:43.917+0000: 1965.938: [GC [PSYoungGen: 317582K->1034K(308992K)] 604900K->288440K(995968K), 0.0085340 secs] [Times: user=0.06 sys=0.00, real=0.01 secs] 
2014-07-07T21:27:44.852+0000: 1966.872: [GC [PSYoungGen: 308938K->562K(300160K)] 596344K->288032K(987136K), 0.0053030 secs] [Times: user=0.04 sys=0.00, real=0.00 secs] 
2014-07-07T21:27:45.750+0000: 1967.770: [GC [PSYoungGen: 300099K->712K(292352K)] 587569K->288222K(979328K), 0.0128370 secs] [Times: user=0.07 sys=0.00, real=0.01 secs] 
2014-07-07T21:27:46.603+0000: 1968.623: [GC [PSYoungGen: 292268K->694K(284608K)] 579778K->288260K(971584K), 0.0070340 secs] [Times: user=0.04 sys=0.00, real=0.01 secs] 
2014-07-07T21:27:47.438+0000: 1969.458: [GC [PSYoungGen: 284598K->1100K(277632K)] 572164K->288706K(964608K), 0.0050270 secs] [Times: user=0.01 sys=0.00, real=0.00 secs] 
2014-07-07T21:27:48.280+0000: 1970.300: [GC [PSYoungGen: 277580K->448K(269824K)] 565186K->288117K(956800K), 0.0061060 secs] [Times: user=0.04 sys=0.00, real=0.00 secs] 
2014-07-07T21:27:49.075+0000: 1971.096: [GC [PSYoungGen: 269824K->936K(263488K)] 557493K->288670K(950464K), 0.0054510 secs] [Times: user=0.02 sys=0.00, real=0.01 secs] 
2014-07-07T21:27:49.855+0000: 1971.875: [GC [PSYoungGen: 263464K->804K(256768K)] 551198K->288634K(943744K), 0.0070140 secs] [Times: user=0.05 sys=0.00, real=0.01 secs] 
2014-07-07T21:27:50.594+0000: 1972.614: [GC [PSYoungGen: 256740K->658K(250304K)] 544570K->288560K(937280K), 0.0063240 secs] [Times: user=0.04 sys=0.00, real=0.01 secs] 
2014-07-07T21:27:51.344+0000: 1973.364: [GC [PSYoungGen: 250230K->932K(244480K)] 538132K->288898K(931456K), 0.0062440 secs] [Times: user=0.02 sys=0.00, real=0.01 secs] 
2014-07-07T21:27:52.068+0000: 1974.088: [GC [PSYoungGen: 244452K->904K(238592K)] 532418K->288934K(925568K), 0.0074500 secs] [Times: user=0.05 sys=0.00, real=0.01 secs] 
2014-07-07T21:27:52.767+0000: 1974.787: [GC [PSYoungGen: 238499K->892K(232832K)] 526529K->288970K(919808K), 0.0092230 secs] [Times: user=0.05 sys=0.00, real=0.01 secs] 
2014-07-07T21:27:53.451+0000: 1975.472: [GC [PSYoungGen: 232828K->562K(227072K)] 520906K->288696K(914048K), 0.0065880 secs] [Times: user=0.02 sys=0.00, real=0.00 secs] 
2014-07-07T21:27:54.136+0000: 1976.157: [GC [PSYoungGen: 227055K->864K(222144K)] 515189K->289061K(909120K), 0.0051740 secs] [Times: user=0.02 sys=0.01, real=0.01 secs] 
2014-07-07T21:27:54.823+0000: 1976.843: [GC [PSYoungGen: 222073K->1000K(217216K)] 510271K->289254K(904192K), 0.0048010 secs] [Times: user=0.02 sys=0.00, real=0.00 secs] 
2014-07-07T21:27:55.453+0000: 1977.474: [GC [PSYoungGen: 217192K->814K(212096K)] 505446K->289148K(899072K), 0.0073660 secs] [Times: user=0.02 sys=0.00, real=0.01 secs] 
2014-07-07T21:27:56.110+0000: 1978.130: [GC [PSYoungGen: 212037K->750K(207296K)] 500371K->289156K(894272K), 0.0068180 secs] [Times: user=0.04 sys=0.00, real=0.00 secs] 
2014-07-07T21:27:56.717+0000: 1978.738: [GC [PSYoungGen: 207278K->844K(202880K)] 495684K->289290K(889856K), 0.0037620 secs] [Times: user=0.02 sys=0.01, real=0.01 secs] 
2014-07-07T21:27:57.341+0000: 1979.361: [GC [PSYoungGen: 202828K->576K(198144K)] 491274K->289093K(885120K), 0.0089240 secs] [Times: user=0.03 sys=0.00, real=0.01 secs] 
2014-07-07T21:27:57.944+0000: 1979.964: [GC [PSYoungGen: 198144K->644K(194048K)] 486661K->289266K(881024K), 0.0045950 secs] [Times: user=0.03 sys=0.00, real=0.00 secs] 
2014-07-07T21:27:58.513+0000: 1980.533: [GC [PSYoungGen: 193988K->910K(190208K)] 482610K->289572K(877184K), 0.0062730 secs] [Times: user=0.02 sys=0.00, real=0.00 secs] 
2014-07-07T21:27:59.106+0000: 1981.126: [GC [PSYoungGen: 190157K->1008K(186304K)] 478819K->289766K(873280K), 0.0057270 secs] [Times: user=0.04 sys=0.00, real=0.01 secs] 
2014-07-07T21:27:59.661+0000: 1981.681: [GC [PSYoungGen: 186263K->484K(222848K)] 475021K->289630K(909824K), 0.0115010 secs] [Times: user=0.07 sys=0.00, real=0.01 secs] 
2014-07-07T21:28:00.337+0000: 1982.357: [GC [PSYoungGen: 222820K->940K(267776K)] 511966K->290190K(954752K), 0.0073830 secs] [Times: user=0.05 sys=0.00, real=0.01 secs] 
2014-07-07T21:28:01.135+0000: 1983.155: [GC [PSYoungGen: 267756K->722K(320960K)] 557006K->290302K(1007936K), 0.0043560 secs] [Times: user=0.02 sys=0.00, real=0.00 secs] 
2014-07-07T21:28:02.071+0000: 1984.091: [GC [PSYoungGen: 320914K->936K(312320K)] 610494K->290556K(999296K), 0.0036160 secs] [Times: user=0.02 sys=0.00, real=0.00 secs] 
2014-07-07T21:28:02.995+0000: 1985.015: [GC [PSYoungGen: 312296K->766K(303616K)] 601916K->290664K(990592K), 0.0052780 secs] [Times: user=0.02 sys=0.00, real=0.01 secs] 
2014-07-07T21:28:03.890+0000: 1985.910: [GC [PSYoungGen: 303614K->726K(295488K)] 593512K->290680K(982464K), 0.0031760 secs] [Times: user=0.02 sys=0.00, real=0.01 secs] 
2014-07-07T21:28:04.746+0000: 1986.766: [GC [PSYoungGen: 295446K->840K(287808K)] 585400K->290850K(974784K), 0.0066890 secs] [Times: user=0.04 sys=0.00, real=0.01 secs] 
2014-07-07T21:28:05.590+0000: 1987.610: [GC [PSYoungGen: 287751K->1078K(280448K)] 577762K->291176K(967424K), 0.0056670 secs] [Times: user=0.04 sys=0.00, real=0.01 secs] 
2014-07-07T21:28:06.426+0000: 1988.446: [GC [PSYoungGen: 280438K->488K(272640K)] 570536K->290804K(959616K), 0.0080790 secs] [Times: user=0.05 sys=0.00, real=0.01 secs] 
2014-07-07T21:28:07.242+0000: 1989.262: [GC [PSYoungGen: 272616K->872K(266048K)] 562932K->291236K(953024K), 0.0083870 secs] [Times: user=0.02 sys=0.01, real=0.00 secs] 
2014-07-07T21:28:08.027+0000: 1990.047: [GC [PSYoungGen: 265991K->893K(259328K)] 556356K->291461K(946304K), 0.0042700 secs] [Times: user=0.02 sys=0.00, real=0.01 secs] 
2014-07-07T21:28:08.805+0000: 1990.825: [GC [PSYoungGen: 259292K->811K(252800K)] 549860K->291459K(939776K), 0.0072860 secs] [Times: user=0.05 sys=0.00, real=0.01 secs] 
2014-07-07T21:28:09.546+0000: 1991.567: [GC [PSYoungGen: 252779K->761K(246528K)] 543427K->291481K(933504K), 0.0071660 secs] [Times: user=0.04 sys=0.00, real=0.01 secs] 
2014-07-07T21:28:10.320+0000: 1992.341: [GC [PSYoungGen: 246521K->722K(240576K)] 537241K->291514K(927552K), 0.0075400 secs] [Times: user=0.03 sys=0.00, real=0.01 secs] 
2014-07-07T21:28:11.030+0000: 1993.050: [GC [PSYoungGen: 240499K->822K(234880K)] 531292K->291924K(921856K), 0.0058610 secs] [Times: user=0.04 sys=0.00, real=0.01 secs] 
2014-07-07T21:28:11.720+0000: 1993.740: [GC [PSYoungGen: 234870K->1132K(229632K)] 525972K->292365K(916608K), 0.0053870 secs] [Times: user=0.01 sys=0.01, real=0.01 secs] 
2014-07-07T21:28:12.402+0000: 1994.422: [GC [PSYoungGen: 229607K->509K(223680K)] 520839K->292307K(910656K), 0.0073310 secs] [Times: user=0.06 sys=0.00, real=0.01 secs] 
2014-07-07T21:28:13.072+0000: 1995.092: [GC [PSYoungGen: 223677K->1090K(219200K)] 515475K->292952K(906176K), 0.0042630 secs] [Times: user=0.02 sys=0.00, real=0.00 secs] 
2014-07-07T21:28:13.709+0000: 1995.729: [GC [PSYoungGen: 219138K->768K(262464K)] 511000K->292936K(949440K), 0.0121720 secs] [Times: user=0.08 sys=0.00, real=0.01 secs] 
2014-07-07T21:28:14.484+0000: 1996.504: [GC [PSYoungGen: 262464K->836K(314944K)] 554632K->293092K(1001920K), 0.0146310 secs] [Times: user=0.08 sys=0.00, real=0.01 secs] 
2014-07-07T21:28:15.446+0000: 1997.466: [GC [PSYoungGen: 314884K->576K(326784K)] 607140K->292880K(1013760K), 0.0084500 secs] [Times: user=0.05 sys=0.00, real=0.01 secs] 
2014-07-07T21:28:16.421+0000: 1998.441: [GC [PSYoungGen: 326239K->1096K(327040K)] 618543K->293488K(1014016K), 0.0093010 secs] [Times: user=0.06 sys=0.01, real=0.01 secs] 
2014-07-07T21:28:17.400+0000: 1999.420: [GC [PSYoungGen: 326788K->1156K(317824K)] 619181K->293628K(1004800K), 0.0053260 secs] [Times: user=0.03 sys=0.00, real=0.01 secs] 
2014-07-07T21:28:18.342+0000: 2000.362: [GC [PSYoungGen: 317764K->847K(308800K)] 610236K->293383K(995776K), 0.0038200 secs] [Times: user=0.02 sys=0.00, real=0.01 secs] 
2014-07-07T21:28:19.263+0000: 2001.283: [GC [PSYoungGen: 308751K->576K(300160K)] 601287K->293160K(987136K), 0.0038200 secs] [Times: user=0.01 sys=0.00, real=0.00 secs] 
2014-07-07T21:28:20.172+0000: 2002.192: [GC [PSYoungGen: 300160K->1042K(292672K)] 592744K->293690K(979648K), 0.0082860 secs] [Times: user=0.05 sys=0.00, real=0.01 secs] 
2014-07-07T21:28:21.040+0000: 2003.060: [GC [PSYoungGen: 292626K->694K(284608K)] 585274K->293406K(971584K), 0.0040080 secs] [Times: user=0.02 sys=0.00, real=0.01 secs] 
2014-07-07T21:28:21.888+0000: 2003.908: [GC [PSYoungGen: 284598K->910K(277440K)] 577310K->293694K(964416K), 0.0081460 secs] [Times: user=0.04 sys=0.01, real=0.01 secs] 
2014-07-07T21:28:22.709+0000: 2004.729: [GC [PSYoungGen: 277390K->768K(270144K)] 570174K->293640K(957120K), 0.0058570 secs] [Times: user=0.04 sys=0.00, real=0.01 secs] 
2014-07-07T21:28:23.515+0000: 2005.535: [GC [PSYoungGen: 270144K->808K(263360K)] 563016K->293720K(950336K), 0.0065810 secs] [Times: user=0.03 sys=0.00, real=0.00 secs] 
2014-07-07T21:28:24.317+0000: 2006.337: [GC [PSYoungGen: 263335K->608K(256576K)] 556248K->293608K(943552K), 0.0042930 secs] [Times: user=0.02 sys=0.00, real=0.00 secs] 
2014-07-07T21:28:25.074+0000: 2007.094: [GC [PSYoungGen: 256544K->708K(250368K)] 549544K->293764K(937344K), 0.0048420 secs] [Times: user=0.02 sys=0.00, real=0.00 secs] 
2014-07-07T21:28:25.832+0000: 2007.852: [GC [PSYoungGen: 250308K->940K(244480K)] 543364K->294084K(931456K), 0.0063210 secs] [Times: user=0.04 sys=0.00, real=0.01 secs] 
2014-07-07T21:28:26.562+0000: 2008.582: [GC [PSYoungGen: 244460K->530K(238208K)] 537604K->293722K(925184K), 0.0061550 secs] [Times: user=0.04 sys=0.00, real=0.01 secs] 
2014-07-07T21:28:27.288+0000: 2009.308: [GC [PSYoungGen: 238162K->858K(232832K)] 531354K->294114K(919808K), 0.0067310 secs] [Times: user=0.02 sys=0.00, real=0.01 secs] 
2014-07-07T21:28:27.973+0000: 2009.993: [GC [PSYoungGen: 232779K->1060K(227584K)] 526036K->294388K(914560K), 0.0042120 secs] [Times: user=0.02 sys=0.01, real=0.01 secs] 
2014-07-07T21:28:28.641+0000: 2010.661: [GC [PSYoungGen: 227556K->612K(221888K)] 520884K->294150K(908864K), 0.0070040 secs] [Times: user=0.04 sys=0.00, real=0.01 secs] 
2014-07-07T21:28:29.309+0000: 2011.329: [GC [PSYoungGen: 221860K->1239K(266816K)] 515398K->294945K(953792K), 0.0131900 secs] [Times: user=0.07 sys=0.00, real=0.01 secs] 
2014-07-07T21:28:30.110+0000: 2012.130: [GC [PSYoungGen: 266775K->698K(319360K)] 560481K->294534K(1006336K), 0.0066400 secs] [Times: user=0.04 sys=0.00, real=0.01 secs] 
2014-07-07T21:28:31.093+0000: 2013.113: [GC [PSYoungGen: 319354K->676K(310592K)] 613190K->294552K(997568K), 0.0063190 secs] [Times: user=0.02 sys=0.01, real=0.01 secs] 
2014-07-07T21:28:32.009+0000: 2014.029: [GC [PSYoungGen: 310559K->633K(302080K)] 604435K->294549K(989056K), 0.0088950 secs] [Times: user=0.05 sys=0.00, real=0.01 secs] 
2014-07-07T21:28:32.940+0000: 2014.960: [GC [PSYoungGen: 302032K->780K(294208K)] 595948K->294744K(981184K), 0.0062230 secs] [Times: user=0.03 sys=0.00, real=0.01 secs] 
2014-07-07T21:28:33.842+0000: 2015.862: [GC [PSYoungGen: 294156K->544K(286144K)] 588120K->294556K(973120K), 0.0078510 secs] [Times: user=0.04 sys=0.00, real=0.01 secs] 
2014-07-07T21:28:34.676+0000: 2016.696: [GC [PSYoungGen: 286062K->744K(278848K)] 580074K->294796K(965824K), 0.0036200 secs] [Times: user=0.02 sys=0.00, real=0.00 secs] 
2014-07-07T21:28:35.510+0000: 2017.530: [GC [PSYoungGen: 278738K->1227K(272192K)] 572790K->295375K(959168K), 0.0068530 secs] [Times: user=0.04 sys=0.01, real=0.01 secs] 
2014-07-07T21:28:36.358+0000: 2018.378: [GC [PSYoungGen: 272139K->576K(264576K)] 566287K->294780K(951552K), 0.0091680 secs] [Times: user=0.05 sys=0.00, real=0.01 secs] 
2014-07-07T21:28:37.149+0000: 2019.169: [GC [PSYoungGen: 264576K->690K(258048K)] 558780K->294990K(945024K), 0.0082250 secs] [Times: user=0.05 sys=0.00, real=0.01 secs] 
2014-07-07T21:28:37.926+0000: 2019.946: [GC [PSYoungGen: 258034K->690K(251648K)] 552334K->295062K(938624K), 0.0085570 secs] [Times: user=0.05 sys=0.00, real=0.01 secs] 
2014-07-07T21:28:38.671+0000: 2020.691: [GC [PSYoungGen: 251592K->1184K(246016K)] 545964K->295636K(932992K), 0.0037770 secs] [Times: user=0.02 sys=0.01, real=0.00 secs] 
2014-07-07T21:28:39.399+0000: 2021.419: [GC [PSYoungGen: 245948K->1072K(239936K)] 540400K->295596K(926912K), 0.0046950 secs] [Times: user=0.02 sys=0.00, real=0.00 secs] 
2014-07-07T21:28:40.110+0000: 2022.130: [GC [PSYoungGen: 239920K->562K(233728K)] 534444K->295240K(920704K), 0.0062980 secs] [Times: user=0.04 sys=0.00, real=0.01 secs] 
2014-07-07T21:28:40.794+0000: 2022.814: [GC [PSYoungGen: 233714K->1203K(228864K)] 528392K->295937K(915840K), 0.0037690 secs] [Times: user=0.02 sys=0.00, real=0.01 secs] 
2014-07-07T21:28:41.469+0000: 2023.489: [GC [PSYoungGen: 228851K->544K(222912K)] 523585K->295334K(909888K), 0.0034950 secs] [Times: user=0.01 sys=0.00, real=0.00 secs] 
2014-07-07T21:28:42.138+0000: 2024.158: [GC [PSYoungGen: 222880K->697K(217920K)] 517670K->295535K(904896K), 0.0037630 secs] [Times: user=0.02 sys=0.00, real=0.00 secs] 
2014-07-07T21:28:42.785+0000: 2024.805: [GC [PSYoungGen: 217879K->694K(212992K)] 512717K->295612K(899968K), 0.0082980 secs] [Times: user=0.05 sys=0.00, real=0.01 secs] 
2014-07-07T21:28:43.411+0000: 2025.431: [GC [PSYoungGen: 212982K->576K(208128K)] 507900K->295582K(895104K), 0.0062920 secs] [Times: user=0.04 sys=0.00, real=0.01 secs] 
2014-07-07T21:28:44.026+0000: 2026.046: [GC [PSYoungGen: 208128K->768K(203712K)] 503134K->295862K(890688K), 0.0067040 secs] [Times: user=0.05 sys=0.00, real=0.01 secs] 
2014-07-07T21:28:44.614+0000: 2026.634: [GC [PSYoungGen: 203712K->758K(244352K)] 498806K->295892K(931328K), 0.0135240 secs] [Times: user=0.08 sys=0.00, real=0.02 secs] 
2014-07-07T21:28:45.343+0000: 2027.364: [GC [PSYoungGen: 244331K->1118K(293504K)] 539465K->296308K(980480K), 0.0069680 secs] [Times: user=0.05 sys=0.00, real=0.01 secs] 
2014-07-07T21:28:46.238+0000: 2028.258: [GC [PSYoungGen: 293470K->1138K(285760K)] 588660K->296392K(972736K), 0.0042030 secs] [Times: user=0.02 sys=0.01, real=0.00 secs] 
2014-07-07T21:28:47.082+0000: 2029.102: [GC [PSYoungGen: 285746K->420K(277632K)] 581000K->296006K(964608K), 0.0082970 secs] [Times: user=0.03 sys=0.01, real=0.01 secs] 
2014-07-07T21:28:47.897+0000: 2029.917: [GC [PSYoungGen: 277573K->894K(333568K)] 573159K->296520K(1020544K), 0.0093380 secs] [Times: user=0.05 sys=0.00, real=0.00 secs] 
2014-07-07T21:28:48.881+0000: 2030.901: [GC [PSYoungGen: 333537K->829K(324160K)] 629163K->296819K(1011136K), 0.0056730 secs] [Times: user=0.02 sys=0.00, real=0.00 secs] 
2014-07-07T21:28:49.842+0000: 2031.862: [GC [PSYoungGen: 324153K->758K(315136K)] 620144K->296820K(1002112K), 0.0101530 secs] [Times: user=0.05 sys=0.01, real=0.01 secs] 
2014-07-07T21:28:50.773+0000: 2032.793: [GC [PSYoungGen: 315097K->912K(306752K)] 611159K->297030K(993728K), 0.0068630 secs] [Times: user=0.03 sys=0.00, real=0.01 secs] 
2014-07-07T21:28:51.714+0000: 2033.734: [GC [PSYoungGen: 306704K->796K(298368K)] 602822K->296970K(985344K), 0.0090960 secs] [Times: user=0.05 sys=0.00, real=0.01 secs] 
2014-07-07T21:28:52.589+0000: 2034.609: [GC [PSYoungGen: 298330K->826K(290432K)] 594504K->297112K(977408K), 0.0056580 secs] [Times: user=0.04 sys=0.00, real=0.00 secs] 
2014-07-07T21:28:53.440+0000: 2035.460: [GC [PSYoungGen: 290426K->1018K(283008K)] 586712K->297368K(969984K), 0.0052980 secs] [Times: user=0.03 sys=0.00, real=0.00 secs] 
2014-07-07T21:28:54.276+0000: 2036.296: [GC [PSYoungGen: 283002K->626K(275264K)] 579352K->297423K(962240K), 0.0096680 secs] [Times: user=0.05 sys=0.00, real=0.01 secs] 
2014-07-07T21:28:55.086+0000: 2037.106: [GC [PSYoungGen: 275217K->1258K(268864K)] 572014K->298143K(955840K), 0.0101740 secs] [Times: user=0.07 sys=0.00, real=0.01 secs] 
2014-07-07T21:28:55.868+0000: 2037.888: [GC [PSYoungGen: 268842K->698K(321856K)] 565727K->298169K(1008832K), 0.0122820 secs] [Times: user=0.06 sys=0.01, real=0.02 secs] 
2014-07-07T21:28:56.846+0000: 2038.866: [GC [PSYoungGen: 321850K->908K(313216K)] 619321K->298435K(1000192K), 0.0045780 secs] [Times: user=0.02 sys=0.00, real=0.01 secs] 
2014-07-07T21:28:57.771+0000: 2039.791: [GC [PSYoungGen: 313164K->1330K(305088K)] 610691K->299142K(992064K), 0.0054400 secs] [Times: user=0.02 sys=0.00, real=0.00 secs] 
2014-07-07T21:28:58.670+0000: 2040.690: [GC [PSYoungGen: 305074K->594K(296192K)] 602886K->298453K(983168K), 0.0131360 secs] [Times: user=0.07 sys=0.00, real=0.01 secs] 
2014-07-07T21:28:59.567+0000: 2041.587: [GC [PSYoungGen: 296146K->1030K(288768K)] 594005K->298922K(975744K), 0.0041600 secs] [Times: user=0.02 sys=0.00, real=0.01 secs] 
2014-07-07T21:29:00.444+0000: 2042.464: [GC [PSYoungGen: 288710K->644K(280832K)] 586602K->298639K(967808K), 0.0032210 secs] [Times: user=0.01 sys=0.00, real=0.00 secs] 
2014-07-07T21:29:01.269+0000: 2043.289: [GC [PSYoungGen: 280772K->982K(273920K)] 578767K->299026K(960896K), 0.0071740 secs] [Times: user=0.04 sys=0.01, real=0.00 secs] 
2014-07-07T21:29:02.084+0000: 2044.105: [GC [PSYoungGen: 273878K->1333K(267264K)] 571922K->299416K(954240K), 0.0103550 secs] [Times: user=0.06 sys=0.00, real=0.01 secs] 
2014-07-07T21:29:02.881+0000: 2044.901: [GC [PSYoungGen: 267253K->757K(259968K)] 565336K->299021K(946944K), 0.0055630 secs] [Times: user=0.04 sys=0.00, real=0.00 secs] 
2014-07-07T21:29:03.655+0000: 2045.675: [GC [PSYoungGen: 259957K->822K(253568K)] 558221K->299150K(940544K), 0.0040730 secs] [Times: user=0.02 sys=0.00, real=0.00 secs] 
2014-07-07T21:29:04.422+0000: 2046.442: [GC [PSYoungGen: 253558K->868K(247424K)] 551886K->299268K(934400K), 0.0066450 secs] [Times: user=0.03 sys=0.00, real=0.00 secs] 
2014-07-07T21:29:05.156+0000: 2047.176: [GC [PSYoungGen: 247396K->868K(241408K)] 545796K->299340K(928384K), 0.0083080 secs] [Times: user=0.04 sys=0.01, real=0.01 secs] 
2014-07-07T21:29:05.863+0000: 2047.883: [GC [PSYoungGen: 241378K->832K(235648K)] 539851K->299361K(922624K), 0.0095630 secs] [Times: user=0.06 sys=0.00, real=0.01 secs] 
2014-07-07T21:29:06.593+0000: 2048.613: [GC [PSYoungGen: 235583K->676K(229888K)] 534111K->299284K(916864K), 0.0042380 secs] [Times: user=0.02 sys=0.01, real=0.00 secs] 
2014-07-07T21:29:07.302+0000: 2049.322: [GC [PSYoungGen: 229859K->512K(224320K)] 528467K->299168K(911296K), 0.0072800 secs] [Times: user=0.04 sys=0.00, real=0.00 secs] 
2014-07-07T21:29:07.961+0000: 2049.981: [GC [PSYoungGen: 224320K->1114K(219776K)] 522976K->299851K(906752K), 0.0047460 secs] [Times: user=0.03 sys=0.00, real=0.00 secs] 
2014-07-07T21:29:08.625+0000: 2050.646: [GC [PSYoungGen: 219734K->1288K(214976K)] 518471K->300097K(901952K), 0.0056020 secs] [Times: user=0.04 sys=0.00, real=0.01 secs] 
2014-07-07T21:29:09.288+0000: 2051.308: [GC [PSYoungGen: 214920K->768K(209664K)] 513729K->299633K(896640K), 0.0069050 secs] [Times: user=0.03 sys=0.01, real=0.01 secs] 
2014-07-07T21:29:09.911+0000: 2051.931: [GC [PSYoungGen: 209600K->694K(204864K)] 508465K->299622K(891840K), 0.0070380 secs] [Times: user=0.04 sys=0.00, real=0.00 secs] 
2014-07-07T21:29:10.514+0000: 2052.534: [GC [PSYoungGen: 204854K->1242K(246272K)] 503782K->300250K(933248K), 0.0103400 secs] [Times: user=0.06 sys=0.00, real=0.01 secs] 
2014-07-07T21:29:11.254+0000: 2053.275: [GC [PSYoungGen: 246234K->1142K(295168K)] 545242K->300355K(982144K), 0.0137240 secs] [Times: user=0.08 sys=0.00, real=0.01 secs] 
2014-07-07T21:29:12.117+0000: 2054.137: [GC [PSYoungGen: 295158K->562K(353408K)] 594371K->299798K(1040384K), 0.0070430 secs] [Times: user=0.01 sys=0.00, real=0.01 secs] 
2014-07-07T21:29:13.199+0000: 2055.219: [GC [PSYoungGen: 353394K->964K(343680K)] 652630K->300256K(1030656K), 0.0045420 secs] [Times: user=0.02 sys=0.00, real=0.01 secs] 
2014-07-07T21:29:14.213+0000: 2056.233: [GC [PSYoungGen: 343620K->1212K(334144K)] 642912K->300553K(1021120K), 0.0081260 secs] [Times: user=0.05 sys=0.00, real=0.01 secs] 
2014-07-07T21:29:15.212+0000: 2057.232: [GC [PSYoungGen: 334140K->498K(324096K)] 633481K->299878K(1011072K), 0.0082160 secs] [Times: user=0.04 sys=0.00, real=0.00 secs] 
2014-07-07T21:29:16.191+0000: 2058.211: [GC [PSYoungGen: 324080K->576K(315200K)] 623461K->300004K(1002176K), 0.0065770 secs] [Times: user=0.03 sys=0.00, real=0.01 secs] 
2014-07-07T21:29:17.113+0000: 2059.133: [GC [PSYoungGen: 315200K->658K(306688K)] 614628K->300134K(993664K), 0.0067830 secs] [Times: user=0.01 sys=0.00, real=0.00 secs] 
2014-07-07T21:29:18.045+0000: 2060.065: [GC [PSYoungGen: 306608K->708K(298496K)] 606085K->300232K(985472K), 0.0050240 secs] [Times: user=0.01 sys=0.01, real=0.00 secs] 
2014-07-07T21:29:18.928+0000: 2060.948: [GC [PSYoungGen: 298436K->562K(290368K)] 597960K->300158K(977344K), 0.0108170 secs] [Times: user=0.06 sys=0.00, real=0.01 secs] 
2014-07-07T21:29:19.790+0000: 2061.810: [GC [PSYoungGen: 290354K->1172K(283392K)] 589950K->300816K(970368K), 0.0117030 secs] [Times: user=0.05 sys=0.00, real=0.01 secs] 
2014-07-07T21:29:20.639+0000: 2062.659: [GC [PSYoungGen: 283348K->885K(339520K)] 582992K->300570K(1026496K), 0.0105130 secs] [Times: user=0.05 sys=0.00, real=0.01 secs] 
2014-07-07T21:29:21.654+0000: 2063.674: [GC [PSYoungGen: 339509K->800K(329856K)] 639194K->300556K(1016832K), 0.0065340 secs] [Times: user=0.03 sys=0.00, real=0.00 secs] 
2014-07-07T21:29:22.637+0000: 2064.657: [GC [PSYoungGen: 329824K->772K(320640K)] 629580K->300592K(1007616K), 0.0068100 secs] [Times: user=0.04 sys=0.00, real=0.01 secs] 
2014-07-07T21:29:23.596+0000: 2065.617: [GC [PSYoungGen: 320580K->658K(311680K)] 620400K->300534K(998656K), 0.0085410 secs] [Times: user=0.05 sys=0.00, real=0.01 secs] 
2014-07-07T21:29:24.526+0000: 2066.547: [GC [PSYoungGen: 311609K->711K(303296K)] 611486K->300675K(990272K), 0.0057210 secs] [Times: user=0.04 sys=0.00, real=0.00 secs] 
2014-07-07T21:29:25.421+0000: 2067.441: [GC [PSYoungGen: 303239K->958K(295360K)] 603203K->301018K(982336K), 0.0041180 secs] [Times: user=0.02 sys=0.00, real=0.01 secs] 
2014-07-07T21:29:26.307+0000: 2068.327: [GC [PSYoungGen: 295358K->1146K(287744K)] 595418K->301345K(974720K), 0.0055460 secs] [Times: user=0.04 sys=0.01, real=0.00 secs] 
2014-07-07T21:29:27.159+0000: 2069.179: [GC [PSYoungGen: 287702K->936K(280064K)] 587901K->301183K(967040K), 0.0092590 secs] [Times: user=0.04 sys=0.00, real=0.01 secs] 
2014-07-07T21:29:28.004+0000: 2070.024: [GC [PSYoungGen: 280040K->736K(272640K)] 580287K->301046K(959616K), 0.0125550 secs] [Times: user=0.07 sys=0.00, real=0.01 secs] 
2014-07-07T21:29:28.816+0000: 2070.836: [GC [PSYoungGen: 272608K->708K(265664K)] 572918K->301074K(952640K), 0.0075580 secs] [Times: user=0.05 sys=0.00, real=0.01 secs] 
2014-07-07T21:29:29.602+0000: 2071.622: [GC [PSYoungGen: 265604K->772K(259072K)] 565970K->301226K(946048K), 0.0062510 secs] [Times: user=0.04 sys=0.00, real=0.01 secs] 
2014-07-07T21:29:30.376+0000: 2072.396: [GC [PSYoungGen: 259012K->530K(310464K)] 559466K->301008K(997440K), 0.0112130 secs] [Times: user=0.07 sys=0.00, real=0.01 secs] 
2014-07-07T21:29:31.317+0000: 2073.337: [GC [PSYoungGen: 310418K->594K(302080K)] 610896K->301120K(989056K), 0.0083180 secs] [Times: user=0.05 sys=0.01, real=0.01 secs] 
2014-07-07T21:29:32.229+0000: 2074.249: [GC [PSYoungGen: 302034K->576K(293952K)] 602560K->301150K(980928K), 0.0067330 secs] [Times: user=0.04 sys=0.00, real=0.01 secs] 
2014-07-07T21:29:33.103+0000: 2075.123: [GC [PSYoungGen: 293952K->1113K(286720K)] 594526K->301727K(973696K), 0.0067870 secs] [Times: user=0.02 sys=0.00, real=0.01 secs] 
2014-07-07T21:29:33.938+0000: 2075.958: [GC [PSYoungGen: 286652K->1074K(279168K)] 587267K->301745K(966144K), 0.0077080 secs] [Times: user=0.04 sys=0.00, real=0.01 secs] 
2014-07-07T21:29:34.767+0000: 2076.787: [GC [PSYoungGen: 279154K->626K(271552K)] 579825K->301731K(958528K), 0.0031130 secs] [Times: user=0.01 sys=0.01, real=0.00 secs] 
2014-07-07T21:29:35.560+0000: 2077.580: [GC [PSYoungGen: 271538K->1441K(265472K)] 572643K->302677K(952448K), 0.0058810 secs] [Times: user=0.04 sys=0.00, real=0.01 secs] 
2014-07-07T21:29:36.364+0000: 2078.384: [GC [PSYoungGen: 265416K->885K(258240K)] 566652K->302909K(945216K), 0.0101820 secs] [Times: user=0.06 sys=0.00, real=0.01 secs] 
2014-07-07T21:29:37.138+0000: 2079.158: [GC [PSYoungGen: 258229K->875K(309760K)] 560253K->302954K(996736K), 0.0126590 secs] [Times: user=0.08 sys=0.00, real=0.01 secs] 
2014-07-07T21:29:38.063+0000: 2080.083: [GC [PSYoungGen: 309739K->790K(301312K)] 611818K->302957K(988288K), 0.0036320 secs] [Times: user=0.02 sys=0.00, real=0.01 secs] 
2014-07-07T21:29:38.994+0000: 2081.014: [GC [PSYoungGen: 301270K->1040K(293504K)] 603437K->303303K(980480K), 0.0076030 secs] [Times: user=0.05 sys=0.00, real=0.01 secs] 
2014-07-07T21:29:39.861+0000: 2081.881: [GC [PSYoungGen: 293406K->1024K(285760K)] 595669K->303367K(972736K), 0.0073100 secs] [Times: user=0.03 sys=0.00, real=0.01 secs] 
2014-07-07T21:29:40.692+0000: 2082.712: [GC [PSYoungGen: 285695K->658K(277952K)] 588039K->303081K(964928K), 0.0077290 secs] [Times: user=0.02 sys=0.00, real=0.01 secs] 
2014-07-07T21:29:41.506+0000: 2083.526: [GC [PSYoungGen: 277906K->626K(270720K)] 580329K->303105K(957696K), 0.0066150 secs] [Times: user=0.03 sys=0.00, real=0.00 secs] 
2014-07-07T21:29:42.305+0000: 2084.326: [GC [PSYoungGen: 270668K->644K(263936K)] 573147K->303187K(950912K), 0.0071850 secs] [Times: user=0.04 sys=0.00, real=0.01 secs] 
2014-07-07T21:29:43.104+0000: 2085.124: [GC [PSYoungGen: 263876K->1048K(257728K)] 566419K->303696K(944704K), 0.0080810 secs] [Times: user=0.06 sys=0.00, real=0.01 secs] 
2014-07-07T21:29:43.877+0000: 2085.898: [GC [PSYoungGen: 257643K->794K(251072K)] 560290K->303489K(938048K), 0.0074320 secs] [Times: user=0.04 sys=0.00, real=0.00 secs] 
2014-07-07T21:29:44.627+0000: 2086.647: [GC [PSYoungGen: 251034K->648K(300992K)] 553729K->303367K(987968K), 0.0190950 secs] [Times: user=0.10 sys=0.00, real=0.02 secs] 
2014-07-07T21:29:45.544+0000: 2087.564: [GC [PSYoungGen: 300936K->708K(331200K)] 603655K->303475K(1018176K), 0.0054640 secs] [Times: user=0.02 sys=0.00, real=0.01 secs] 
2014-07-07T21:29:46.531+0000: 2088.551: [GC [PSYoungGen: 330333K->840K(321344K)] 633101K->303671K(1008320K), 0.0042810 secs] [Times: user=0.02 sys=0.00, real=0.00 secs] 
2014-07-07T21:29:47.485+0000: 2089.505: [GC [PSYoungGen: 321288K->544K(312192K)] 624119K->303439K(999168K), 0.0054150 secs] [Times: user=0.02 sys=0.00, real=0.01 secs] 
2014-07-07T21:29:48.428+0000: 2090.449: [GC [PSYoungGen: 312160K->946K(304064K)] 615055K->303897K(991040K), 0.0045090 secs] [Times: user=0.02 sys=0.00, real=0.00 secs] 
2014-07-07T21:29:49.336+0000: 2091.356: [GC [PSYoungGen: 304050K->790K(295808K)] 607001K->303821K(982784K), 0.0073610 secs] [Times: user=0.04 sys=0.00, real=0.01 secs] 
2014-07-07T21:29:50.217+0000: 2092.237: [GC [PSYoungGen: 295766K->988K(288192K)] 598797K->304060K(975168K), 0.0103230 secs] [Times: user=0.07 sys=0.00, real=0.02 secs] 
2014-07-07T21:29:51.074+0000: 2093.094: [GC [PSYoungGen: 288156K->544K(280192K)] 591228K->303655K(967168K), 0.0072120 secs] [Times: user=0.03 sys=0.00, real=0.01 secs] 
2014-07-07T21:29:51.903+0000: 2093.923: [GC [PSYoungGen: 280160K->974K(273408K)] 583271K->304125K(960384K), 0.0084380 secs] [Times: user=0.05 sys=0.00, real=0.01 secs] 
2014-07-07T21:29:52.707+0000: 2094.727: [GC [PSYoungGen: 273358K->800K(266240K)] 576509K->303975K(953216K), 0.0053870 secs] [Times: user=0.02 sys=0.01, real=0.01 secs] 
2014-07-07T21:29:53.495+0000: 2095.515: [GC [PSYoungGen: 266208K->846K(259584K)] 569383K->304077K(946560K), 0.0098000 secs] [Times: user=0.06 sys=0.00, real=0.01 secs] 
2014-07-07T21:29:54.294+0000: 2096.314: [GC [PSYoungGen: 259534K->512K(252736K)] 562765K->303815K(939712K), 0.0042710 secs] [Times: user=0.02 sys=0.01, real=0.01 secs] 
2014-07-07T21:29:55.049+0000: 2097.069: [GC [PSYoungGen: 252698K->964K(247040K)] 556001K->304323K(934016K), 0.0064800 secs] [Times: user=0.05 sys=0.00, real=0.00 secs] 
2014-07-07T21:29:55.773+0000: 2097.793: [GC [PSYoungGen: 246979K->926K(241024K)] 550338K->304357K(928000K), 0.0058200 secs] [Times: user=0.04 sys=0.01, real=0.01 secs] 
2014-07-07T21:29:56.491+0000: 2098.511: [GC [PSYoungGen: 240990K->758K(288896K)] 544421K->304367K(975872K), 0.0149970 secs] [Times: user=0.10 sys=0.00, real=0.01 secs] 
2014-07-07T21:29:57.363+0000: 2099.383: [GC [PSYoungGen: 288883K->1186K(281792K)] 592492K->304859K(968768K), 0.0037410 secs] [Times: user=0.01 sys=0.01, real=0.00 secs] 
2014-07-07T21:29:58.205+0000: 2100.226: [GC [PSYoungGen: 281762K->516K(337280K)] 585435K->304213K(1024256K), 0.0116980 secs] [Times: user=0.07 sys=0.00, real=0.01 secs] 
2014-07-07T21:29:59.224+0000: 2101.244: [GC [PSYoungGen: 337220K->854K(328128K)] 640917K->304631K(1015104K), 0.0072690 secs] [Times: user=0.04 sys=0.00, real=0.01 secs] 
2014-07-07T21:30:00.213+0000: 2102.233: [GC [PSYoungGen: 328086K->1078K(319168K)] 631863K->304887K(1006144K), 0.0064340 secs] [Times: user=0.03 sys=0.00, real=0.01 secs] 
2014-07-07T21:30:01.160+0000: 2103.180: [GC [PSYoungGen: 319112K->948K(310272K)] 622922K->304781K(997248K), 0.0055190 secs] [Times: user=0.01 sys=0.01, real=0.00 secs] 
2014-07-07T21:30:02.070+0000: 2104.091: [GC [PSYoungGen: 310260K->822K(301760K)] 614093K->305086K(988736K), 0.0093930 secs] [Times: user=0.06 sys=0.00, real=0.01 secs] 
2014-07-07T21:30:02.980+0000: 2105.000: [GC [PSYoungGen: 301750K->978K(293888K)] 606014K->305306K(980864K), 0.0088470 secs] [Times: user=0.03 sys=0.00, real=0.01 secs] 
2014-07-07T21:30:03.853+0000: 2105.873: [GC [PSYoungGen: 293842K->808K(285952K)] 598170K->305257K(972928K), 0.0053750 secs] [Times: user=0.03 sys=0.00, real=0.00 secs] 
2014-07-07T21:30:04.708+0000: 2106.728: [GC [PSYoungGen: 285928K->640K(278336K)] 590377K->305129K(965312K), 0.0086290 secs] [Times: user=0.04 sys=0.01, real=0.01 secs] 
2014-07-07T21:30:05.526+0000: 2107.546: [GC [PSYoungGen: 278336K->562K(271104K)] 582825K->305131K(958080K), 0.0058210 secs] [Times: user=0.04 sys=0.00, real=0.01 secs] 
2014-07-07T21:30:06.344+0000: 2108.364: [GC [PSYoungGen: 271090K->982K(264640K)] 575659K->305616K(951616K), 0.0099270 secs] [Times: user=0.05 sys=0.01, real=0.01 secs] 
2014-07-07T21:30:07.136+0000: 2109.156: [GC [PSYoungGen: 264598K->704K(257664K)] 569232K->305401K(944640K), 0.0076080 secs] [Times: user=0.05 sys=0.00, real=0.01 secs] 
2014-07-07T21:30:07.897+0000: 2109.917: [GC [PSYoungGen: 257662K->740K(251328K)] 562360K->305509K(938304K), 0.0075180 secs] [Times: user=0.05 sys=0.00, real=0.01 secs] 
2014-07-07T21:30:08.629+0000: 2110.649: [GC [PSYoungGen: 251300K->562K(244992K)] 556069K->305395K(931968K), 0.0031490 secs] [Times: user=0.01 sys=0.00, real=0.01 secs] 
2014-07-07T21:30:09.372+0000: 2111.392: [GC [PSYoungGen: 244978K->676K(239232K)] 549811K->305565K(926208K), 0.0071030 secs] [Times: user=0.04 sys=0.00, real=0.00 secs] 
2014-07-07T21:30:10.102+0000: 2112.122: [GC [PSYoungGen: 239189K->768K(233600K)] 544079K->305681K(920576K), 0.0075810 secs] [Times: user=0.02 sys=0.01, real=0.00 secs] 
2014-07-07T21:30:10.805+0000: 2112.825: [GC [PSYoungGen: 233585K->947K(280384K)] 538499K->305909K(967360K), 0.0101680 secs] [Times: user=0.06 sys=0.00, real=0.01 secs] 
2014-07-07T21:30:11.613+0000: 2113.633: [GC [PSYoungGen: 280371K->818K(273024K)] 585333K->305811K(960000K), 0.0075900 secs] [Times: user=0.02 sys=0.00, real=0.01 secs] 
2014-07-07T21:30:12.434+0000: 2114.454: [GC [PSYoungGen: 272991K->598K(327296K)] 577985K->305631K(1014272K), 0.0097960 secs] [Times: user=0.06 sys=0.00, real=0.01 secs] 
2014-07-07T21:30:13.406+0000: 2115.426: [GC [PSYoungGen: 327254K->876K(318464K)] 632287K->305981K(1005440K), 0.0061250 secs] [Times: user=0.03 sys=0.01, real=0.01 secs] 
2014-07-07T21:30:14.365+0000: 2116.385: [GC [PSYoungGen: 318444K->1134K(344256K)] 623549K->306296K(1031232K), 0.0153710 secs] [Times: user=0.09 sys=0.01, real=0.02 secs] 
2014-07-07T21:30:15.401+0000: 2117.421: [GC [PSYoungGen: 344174K->1317K(382336K)] 649336K->306574K(1069312K), 0.0099680 secs] [Times: user=0.06 sys=0.01, real=0.01 secs] 
2014-07-07T21:30:16.528+0000: 2118.548: [GC [PSYoungGen: 382309K->672K(370368K)] 687566K->306025K(1057344K), 0.0070900 secs] [Times: user=0.05 sys=0.00, real=0.01 secs] 
2014-07-07T21:30:17.623+0000: 2119.643: [GC [PSYoungGen: 370299K->802K(359616K)] 675653K->306546K(1046592K), 0.0076770 secs] [Times: user=0.03 sys=0.00, real=0.00 secs] 
2014-07-07T21:30:18.704+0000: 2120.724: [GC [PSYoungGen: 359586K->776K(349184K)] 665330K->306634K(1036160K), 0.0054240 secs] [Times: user=0.04 sys=0.00, real=0.00 secs] 
2014-07-07T21:30:19.745+0000: 2121.765: [GC [PSYoungGen: 349078K->804K(339200K)] 654936K->306776K(1026176K), 0.0073130 secs] [Times: user=0.02 sys=0.00, real=0.01 secs] 
2014-07-07T21:30:20.762+0000: 2122.782: [GC [PSYoungGen: 339172K->772K(329600K)] 645144K->306800K(1016576K), 0.0095740 secs] [Times: user=0.06 sys=0.00, real=0.01 secs] 
2014-07-07T21:30:21.721+0000: 2123.742: [GC [PSYoungGen: 329540K->1188K(320832K)] 635568K->307280K(1007808K), 0.0116090 secs] [Times: user=0.07 sys=0.00, real=0.02 secs] 
2014-07-07T21:30:22.665+0000: 2124.685: [GC [PSYoungGen: 320804K->1376K(312192K)] 626896K->307516K(999168K), 0.0039760 secs] [Times: user=0.02 sys=0.00, real=0.00 secs] 
2014-07-07T21:30:23.600+0000: 2125.620: [GC [PSYoungGen: 312160K->384K(302720K)] 618300K->306636K(989696K), 0.0143730 secs] [Times: user=0.09 sys=0.00, real=0.02 secs] 
2014-07-07T21:30:24.492+0000: 2126.512: [GC [PSYoungGen: 302690K->978K(295232K)] 608942K->307326K(982208K), 0.0067820 secs] [Times: user=0.05 sys=0.00, real=0.01 secs] 
2014-07-07T21:30:25.387+0000: 2127.407: [GC [PSYoungGen: 295186K->680K(287104K)] 601534K->307108K(974080K), 0.0060140 secs] [Times: user=0.02 sys=0.00, real=0.01 secs] 
2014-07-07T21:30:26.242+0000: 2128.262: [GC [PSYoungGen: 287080K->744K(279680K)] 593508K->307244K(966656K), 0.0070250 secs] [Times: user=0.04 sys=0.00, real=0.01 secs] 
2014-07-07T21:30:27.084+0000: 2129.104: [GC [PSYoungGen: 279656K->594K(272320K)] 586156K->307142K(959296K), 0.0039110 secs] [Times: user=0.02 sys=0.01, real=0.00 secs] 
2014-07-07T21:30:27.891+0000: 2129.911: [GC [PSYoungGen: 272274K->996K(265792K)] 578822K->307624K(952768K), 0.0054350 secs] [Times: user=0.03 sys=0.00, real=0.01 secs] 
2014-07-07T21:30:28.668+0000: 2130.688: [GC [PSYoungGen: 265764K->662K(258816K)] 572392K->307346K(945792K), 0.0036910 secs] [Times: user=0.01 sys=0.01, real=0.00 secs] 
2014-07-07T21:30:29.455+0000: 2131.475: [GC [PSYoungGen: 258774K->962K(252736K)] 565458K->307702K(939712K), 0.0079440 secs] [Times: user=0.05 sys=0.00, real=0.01 secs] 
2014-07-07T21:30:30.229+0000: 2132.249: [GC [PSYoungGen: 252674K->972K(246528K)] 559414K->307832K(933504K), 0.0049110 secs] [Times: user=0.02 sys=0.01, real=0.01 secs] 
2014-07-07T21:30:30.985+0000: 2133.005: [GC [PSYoungGen: 246476K->904K(240512K)] 553336K->307868K(927488K), 0.0058140 secs] [Times: user=0.04 sys=0.00, real=0.00 secs] 
2014-07-07T21:30:31.688+0000: 2133.708: [GC [PSYoungGen: 240456K->608K(234432K)] 547420K->307644K(921408K), 0.0054260 secs] [Times: user=0.03 sys=0.01, real=0.01 secs] 
2014-07-07T21:30:32.393+0000: 2134.413: [GC [PSYoungGen: 234400K->594K(228928K)] 541436K->307702K(915904K), 0.0037620 secs] [Times: user=0.02 sys=0.00, real=0.01 secs] 
2014-07-07T21:30:33.069+0000: 2135.089: [GC [PSYoungGen: 228876K->1104K(275136K)] 535984K->308268K(962112K), 0.0183430 secs] [Times: user=0.12 sys=0.00, real=0.02 secs] 
2014-07-07T21:30:33.894+0000: 2135.914: [GC [PSYoungGen: 275088K->512K(329344K)] 582252K->307740K(1016320K), 0.0071740 secs] [Times: user=0.04 sys=0.01, real=0.00 secs] 
2014-07-07T21:30:34.868+0000: 2136.888: [GC [PSYoungGen: 329344K->1188K(320832K)] 636572K->308480K(1007808K), 0.0045230 secs] [Times: user=0.02 sys=0.00, real=0.00 secs] 
2014-07-07T21:30:35.840+0000: 2137.860: [GC [PSYoungGen: 320804K->690K(311488K)] 628096K->308022K(998464K), 0.0074160 secs] [Times: user=0.03 sys=0.00, real=0.01 secs] 
2014-07-07T21:30:36.767+0000: 2138.788: [GC [PSYoungGen: 311457K->957K(303296K)] 618789K->308313K(990272K), 0.0070110 secs] [Times: user=0.02 sys=0.00, real=0.01 secs] 
2014-07-07T21:30:37.648+0000: 2139.668: [GC [PSYoungGen: 303293K->626K(294848K)] 610649K->308054K(981824K), 0.0077310 secs] [Times: user=0.04 sys=0.00, real=0.01 secs] 
2014-07-07T21:30:38.531+0000: 2140.551: [GC [PSYoungGen: 294834K->1054K(287488K)] 602262K->308586K(974464K), 0.0061530 secs] [Times: user=0.04 sys=0.00, real=0.01 secs] 
2014-07-07T21:30:39.397+0000: 2141.417: [GC [PSYoungGen: 287454K->736K(279680K)] 594986K->308348K(966656K), 0.0057820 secs] [Times: user=0.03 sys=0.00, real=0.00 secs] 
2014-07-07T21:30:40.238+0000: 2142.258: [GC [PSYoungGen: 279602K->1008K(272704K)] 587214K->308708K(959680K), 0.0074410 secs] [Times: user=0.04 sys=0.00, real=0.01 secs] 
2014-07-07T21:30:41.075+0000: 2143.095: [GC [PSYoungGen: 272688K->726K(326784K)] 580388K->308474K(1013760K), 0.0154590 secs] [Times: user=0.08 sys=0.00, real=0.01 secs] 
2014-07-07T21:30:42.028+0000: 2144.048: [GC [PSYoungGen: 326742K->981K(317952K)] 634490K->308801K(1004928K), 0.0072130 secs] [Times: user=0.04 sys=0.00, real=0.01 secs] 
2014-07-07T21:30:42.983+0000: 2145.003: [GC [PSYoungGen: 317909K->890K(309120K)] 625729K->308766K(996096K), 0.0049050 secs] [Times: user=0.03 sys=0.00, real=0.01 secs] 
2014-07-07T21:30:43.890+0000: 2145.910: [GC [PSYoungGen: 309114K->772K(300672K)] 616990K->308744K(987648K), 0.0036160 secs] [Times: user=0.02 sys=0.00, real=0.00 secs] 
2014-07-07T21:30:44.781+0000: 2146.801: [GC [PSYoungGen: 300612K->690K(292544K)] 608584K->308750K(979520K), 0.0069020 secs] [Times: user=0.05 sys=0.00, real=0.01 secs] 
2014-07-07T21:30:45.651+0000: 2147.671: [GC [PSYoungGen: 292530K->776K(284928K)] 600590K->308892K(971904K), 0.0082790 secs] [Times: user=0.04 sys=0.00, real=0.01 secs] 
2014-07-07T21:30:46.492+0000: 2148.512: [GC [PSYoungGen: 284872K->1096K(277824K)] 592988K->309276K(964800K), 0.0066620 secs] [Times: user=0.02 sys=0.00, real=0.01 secs] 
2014-07-07T21:30:47.306+0000: 2149.326: [GC [PSYoungGen: 277768K->626K(270208K)] 585948K->308894K(957184K), 0.0074110 secs] [Times: user=0.02 sys=0.00, real=0.00 secs] 
2014-07-07T21:30:48.089+0000: 2150.109: [GC [PSYoungGen: 270194K->1104K(263872K)] 578462K->309452K(950848K), 0.0042770 secs] [Times: user=0.02 sys=0.00, real=0.00 secs] 
2014-07-07T21:30:48.863+0000: 2150.883: [GC [PSYoungGen: 263824K->776K(256960K)] 572172K->309388K(943936K), 0.0040840 secs] [Times: user=0.02 sys=0.00, real=0.01 secs] 
2014-07-07T21:30:49.601+0000: 2151.621: [GC [PSYoungGen: 256834K->793K(250624K)] 565446K->309485K(937600K), 0.0074700 secs] [Times: user=0.03 sys=0.00, real=0.01 secs] 
2014-07-07T21:30:50.357+0000: 2152.377: [GC [PSYoungGen: 250585K->544K(244224K)] 559277K->309300K(931200K), 0.0052570 secs] [Times: user=0.02 sys=0.00, real=0.00 secs] 
2014-07-07T21:30:51.088+0000: 2153.108: [GC [PSYoungGen: 244187K->1018K(238784K)] 552943K->309822K(925760K), 0.0064220 secs] [Times: user=0.02 sys=0.00, real=0.00 secs] 
2014-07-07T21:30:51.798+0000: 2153.818: [GC [PSYoungGen: 238778K->562K(232640K)] 547582K->309414K(919616K), 0.0041800 secs] [Times: user=0.01 sys=0.01, real=0.00 secs] 
2014-07-07T21:30:52.492+0000: 2154.512: [GC [PSYoungGen: 232626K->1234K(227904K)] 541478K->310167K(914880K), 0.0072300 secs] [Times: user=0.05 sys=0.00, real=0.01 secs] 
2014-07-07T21:30:53.179+0000: 2155.199: [GC [PSYoungGen: 227858K->816K(222208K)] 536791K->309788K(909184K), 0.0072890 secs] [Times: user=0.05 sys=0.00, real=0.01 secs] 
2014-07-07T21:30:53.814+0000: 2155.834: [GC [PSYoungGen: 222192K->804K(217152K)] 531164K->309840K(904128K), 0.0069090 secs] [Times: user=0.04 sys=0.00, real=0.01 secs] 
2014-07-07T21:30:54.450+0000: 2156.470: [GC [PSYoungGen: 217124K->512K(211904K)] 526160K->309596K(898880K), 0.0074400 secs] [Times: user=0.04 sys=0.00, real=0.01 secs] 
2014-07-07T21:30:55.087+0000: 2157.107: [GC [PSYoungGen: 211865K->1340K(208000K)] 520949K->310496K(894976K), 0.0054100 secs] [Times: user=0.02 sys=0.00, real=0.00 secs] 
2014-07-07T21:30:55.685+0000: 2157.705: [GC [PSYoungGen: 207996K->758K(202880K)] 517152K->309986K(889856K), 0.0069740 secs] [Times: user=0.02 sys=0.00, real=0.01 secs] 
2014-07-07T21:30:56.301+0000: 2158.321: [GC [PSYoungGen: 202870K->626K(198336K)] 512098K->309918K(885312K), 0.0064000 secs] [Times: user=0.04 sys=0.00, real=0.01 secs] 
2014-07-07T21:30:56.881+0000: 2158.901: [GC [PSYoungGen: 198288K->1309K(194752K)] 507580K->310681K(881728K), 0.0039090 secs] [Times: user=0.02 sys=0.00, real=0.00 secs] 
2014-07-07T21:30:57.452+0000: 2159.472: [GC [PSYoungGen: 194672K->516K(189888K)] 504044K->309936K(876864K), 0.0041190 secs] [Times: user=0.02 sys=0.00, real=0.00 secs] 
2014-07-07T21:30:58.011+0000: 2160.032: [GC [PSYoungGen: 189828K->1266K(186624K)] 499248K->310751K(873600K), 0.0054710 secs] [Times: user=0.04 sys=0.00, real=0.01 secs] 
2014-07-07T21:30:58.563+0000: 2160.583: [GC [PSYoungGen: 186596K->772K(182336K)] 496081K->310352K(869312K), 0.0061610 secs] [Times: user=0.04 sys=0.00, real=0.01 secs] 
2014-07-07T21:30:59.106+0000: 2161.126: [GC [PSYoungGen: 182275K->968K(178816K)] 491855K->310612K(865792K), 0.0052690 secs] [Times: user=0.04 sys=0.00, real=0.01 secs] 
2014-07-07T21:30:59.625+0000: 2161.645: [GC [PSYoungGen: 178760K->1056K(175296K)] 488404K->310772K(862272K), 0.0044220 secs] [Times: user=0.02 sys=0.00, real=0.01 secs] 
2014-07-07T21:31:00.156+0000: 2162.176: [GC [PSYoungGen: 175246K->878K(171648K)] 484962K->310698K(858624K), 0.0059520 secs] [Times: user=0.04 sys=0.00, real=0.01 secs] 
2014-07-07T21:31:00.647+0000: 2162.668: [GC [PSYoungGen: 171630K->812K(168192K)] 481450K->310680K(855168K), 0.0054830 secs] [Times: user=0.02 sys=0.00, real=0.00 secs] 
2014-07-07T21:31:01.162+0000: 2163.182: [GC [PSYoungGen: 168170K->1238K(165376K)] 478038K->311170K(852352K), 0.0044950 secs] [Times: user=0.02 sys=0.00, real=0.00 secs] 
2014-07-07T21:31:01.662+0000: 2163.682: [GC [PSYoungGen: 165334K->1074K(198016K)] 475266K->311078K(884992K), 0.0067880 secs] [Times: user=0.04 sys=0.00, real=0.01 secs] 
2014-07-07T21:31:02.291+0000: 2164.311: [GC [PSYoungGen: 198002K->762K(237120K)] 508006K->310862K(924096K), 0.0090790 secs] [Times: user=0.06 sys=0.00, real=0.01 secs] 
2014-07-07T21:31:03.006+0000: 2165.026: [GC [PSYoungGen: 237114K->640K(284288K)] 547214K->310820K(971264K), 0.0059380 secs] [Times: user=0.04 sys=0.00, real=0.01 secs] 
2014-07-07T21:31:03.878+0000: 2165.898: [GC [PSYoungGen: 284288K->640K(276864K)] 594468K->310892K(963840K), 0.0040320 secs] [Times: user=0.02 sys=0.01, real=0.00 secs] 
2014-07-07T21:31:04.707+0000: 2166.727: [GC [PSYoungGen: 276864K->512K(269632K)] 587116K->310804K(956608K), 0.0051520 secs] [Times: user=0.02 sys=0.00, real=0.01 secs] 
2014-07-07T21:31:05.496+0000: 2167.516: [GC [PSYoungGen: 269632K->662K(262976K)] 579924K->311002K(949952K), 0.0066720 secs] [Times: user=0.04 sys=0.00, real=0.01 secs] 
2014-07-07T21:31:06.304+0000: 2168.324: [GC [PSYoungGen: 262846K->779K(256512K)] 573186K->311183K(943488K), 0.0049070 secs] [Times: user=0.02 sys=0.00, real=0.01 secs] 
2014-07-07T21:31:07.068+0000: 2169.088: [GC [PSYoungGen: 256426K->630K(249984K)] 566830K->311058K(936960K), 0.0064100 secs] [Times: user=0.02 sys=0.00, real=0.01 secs] 
2014-07-07T21:31:07.782+0000: 2169.802: [GC [PSYoungGen: 249974K->608K(243904K)] 560402K->311076K(930880K), 0.0104130 secs] [Times: user=0.06 sys=0.00, real=0.01 secs] 
2014-07-07T21:31:08.493+0000: 2170.514: [GC [PSYoungGen: 243872K->1156K(238592K)] 554340K->311704K(925568K), 0.0063890 secs] [Times: user=0.04 sys=0.00, real=0.01 secs] 
2014-07-07T21:31:09.214+0000: 2171.234: [GC [PSYoungGen: 238532K->850K(285760K)] 549080K->311454K(972736K), 0.0094740 secs] [Times: user=0.06 sys=0.00, real=0.01 secs] 
2014-07-07T21:31:10.054+0000: 2172.074: [GC [PSYoungGen: 285714K->694K(278144K)] 596318K->311330K(965120K), 0.0049360 secs] [Times: user=0.02 sys=0.00, real=0.01 secs] 
2014-07-07T21:31:10.865+0000: 2172.885: [GC [PSYoungGen: 278108K->1046K(271360K)] 588744K->311746K(958336K), 0.0088380 secs] [Times: user=0.04 sys=0.01, real=0.01 secs] 
2014-07-07T21:31:11.644+0000: 2173.664: [GC [PSYoungGen: 271318K->952K(264320K)] 582018K->311789K(951296K), 0.0066700 secs] [Times: user=0.05 sys=0.00, real=0.01 secs] 
2014-07-07T21:31:12.434+0000: 2174.455: [GC [PSYoungGen: 264303K->872K(257664K)] 575139K->311748K(944640K), 0.0066850 secs] [Times: user=0.03 sys=0.00, real=0.01 secs] 
2014-07-07T21:31:13.192+0000: 2175.213: [GC [PSYoungGen: 257640K->726K(308928K)] 568516K->311642K(995904K), 0.0130990 secs] [Times: user=0.08 sys=0.00, real=0.01 secs] 
2014-07-07T21:31:14.127+0000: 2176.147: [GC [PSYoungGen: 308886K->1018K(300800K)] 619802K->311966K(987776K), 0.0048320 secs] [Times: user=0.01 sys=0.00, real=0.01 secs] 
2014-07-07T21:31:15.014+0000: 2177.034: [GC [PSYoungGen: 300769K->932K(292736K)] 611717K->311994K(979712K), 0.0094670 secs] [Times: user=0.06 sys=0.01, real=0.01 secs] 
2014-07-07T21:31:15.886+0000: 2177.906: [GC [PSYoungGen: 292708K->1178K(285248K)] 603770K->312320K(972224K), 0.0051420 secs] [Times: user=0.04 sys=0.00, real=0.01 secs] 
2014-07-07T21:31:16.730+0000: 2178.750: [GC [PSYoungGen: 285210K->704K(277312K)] 596352K->311934K(964288K), 0.0047670 secs] [Times: user=0.03 sys=0.01, real=0.01 secs] 
2014-07-07T21:31:17.565+0000: 2179.585: [GC [PSYoungGen: 277273K->758K(270272K)] 588503K->312060K(957248K), 0.0057540 secs] [Times: user=0.03 sys=0.00, real=0.01 secs] 
2014-07-07T21:31:18.356+0000: 2180.376: [GC [PSYoungGen: 270262K->626K(324096K)] 581564K->311976K(1011072K), 0.0175120 secs] [Times: user=0.11 sys=0.00, real=0.02 secs] 
2014-07-07T21:31:19.319+0000: 2181.339: [GC [PSYoungGen: 324082K->448K(337984K)] 635432K->311830K(1024960K), 0.0147570 secs] [Times: user=0.09 sys=0.01, real=0.02 secs] 
2014-07-07T21:31:20.320+0000: 2182.340: [GC [PSYoungGen: 337024K->608K(389568K)] 648406K->312070K(1076544K), 0.0092860 secs] [Times: user=0.06 sys=0.01, real=0.00 secs] 
2014-07-07T21:31:21.453+0000: 2183.473: [GC [PSYoungGen: 388768K->1099K(389568K)] 700230K->312633K(1076544K), 0.0071180 secs] [Times: user=0.02 sys=0.01, real=0.00 secs] 
2014-07-07T21:31:22.612+0000: 2184.632: [GC [PSYoungGen: 389259K->840K(377408K)] 700793K->312438K(1064384K), 0.0092220 secs] [Times: user=0.04 sys=0.01, real=0.01 secs] 
2014-07-07T21:31:23.740+0000: 2185.760: [GC [PSYoungGen: 377352K->862K(366272K)] 688950K->312540K(1053248K), 0.0071340 secs] [Times: user=0.05 sys=0.01, real=0.01 secs] 
2014-07-07T21:31:24.808+0000: 2186.828: [GC [PSYoungGen: 366230K->1060K(355776K)] 677908K->312860K(1042752K), 0.0062620 secs] [Times: user=0.04 sys=0.00, real=0.01 secs] 
2014-07-07T21:31:25.848+0000: 2187.868: [GC [PSYoungGen: 355748K->1174K(345664K)] 667548K->313046K(1032640K), 0.0121260 secs] [Times: user=0.08 sys=0.00, real=0.01 secs] 
2014-07-07T21:31:26.890+0000: 2188.910: [GC [PSYoungGen: 345622K->552K(335232K)] 657494K->312644K(1022208K), 0.0046800 secs] [Times: user=0.02 sys=0.00, real=0.01 secs] 
2014-07-07T21:31:27.895+0000: 2189.916: [GC [PSYoungGen: 335208K->818K(326080K)] 647300K->312958K(1013056K), 0.0106580 secs] [Times: user=0.05 sys=0.00, real=0.01 secs] 
2014-07-07T21:31:28.845+0000: 2190.865: [GC [PSYoungGen: 326066K->1170K(317440K)] 638206K->313425K(1004416K), 0.0098960 secs] [Times: user=0.05 sys=0.00, real=0.01 secs] 
2014-07-07T21:31:29.779+0000: 2191.799: [GC [PSYoungGen: 317394K->808K(380352K)] 629649K->313102K(1067328K), 0.0141740 secs] [Times: user=0.07 sys=0.00, real=0.02 secs] 
2014-07-07T21:31:30.913+0000: 2192.933: [GC [PSYoungGen: 380328K->448K(368704K)] 692622K->312782K(1055680K), 0.0042580 secs] [Times: user=0.02 sys=0.00, real=0.00 secs] 
2014-07-07T21:31:32.009+0000: 2194.029: [GC [PSYoungGen: 368704K->910K(358400K)] 681038K->313340K(1045376K), 0.0056810 secs] [Times: user=0.04 sys=0.01, real=0.01 secs] 
2014-07-07T21:31:33.075+0000: 2195.095: [GC [PSYoungGen: 358350K->726K(347840K)] 670780K->313196K(1034816K), 0.0127580 secs] [Times: user=0.08 sys=0.00, real=0.01 secs] 
2014-07-07T21:31:34.112+0000: 2196.133: [GC [PSYoungGen: 347796K->694K(337856K)] 660266K->313220K(1024832K), 0.0037770 secs] [Times: user=0.02 sys=0.00, real=0.01 secs] 
2014-07-07T21:31:35.105+0000: 2197.125: [GC [PSYoungGen: 337842K->986K(328640K)] 650368K->313544K(1015616K), 0.0138820 secs] [Times: user=0.08 sys=0.00, real=0.01 secs] 
2014-07-07T21:31:36.082+0000: 2198.102: [GC [PSYoungGen: 328602K->608K(319104K)] 641160K->313214K(1006080K), 0.0055780 secs] [Times: user=0.02 sys=0.00, real=0.01 secs] 
2014-07-07T21:31:37.012+0000: 2199.032: [GC [PSYoungGen: 319071K->864K(310592K)] 631677K->313542K(997568K), 0.0096880 secs] [Times: user=0.06 sys=0.00, real=0.01 secs] 
2014-07-07T21:31:37.913+0000: 2199.933: [GC [PSYoungGen: 310560K->914K(302208K)] 623238K->313664K(989184K), 0.0046750 secs] [Times: user=0.03 sys=0.00, real=0.01 secs] 
2014-07-07T21:31:38.842+0000: 2200.862: [GC [PSYoungGen: 302128K->836K(294080K)] 614879K->313682K(981056K), 0.0067520 secs] [Times: user=0.05 sys=0.00, real=0.01 secs] 
2014-07-07T21:31:39.708+0000: 2201.728: [GC [PSYoungGen: 294020K->740K(286208K)] 606866K->313658K(973184K), 0.0076700 secs] [Times: user=0.05 sys=0.00, real=0.01 secs] 
2014-07-07T21:31:40.547+0000: 2202.567: [GC [PSYoungGen: 286138K->957K(278912K)] 599056K->314000K(965888K), 0.0098070 secs] [Times: user=0.07 sys=0.00, real=0.01 secs] 
2014-07-07T21:31:41.398+0000: 2203.418: [GC [PSYoungGen: 278906K->790K(271616K)] 591950K->313881K(958592K), 0.0095270 secs] [Times: user=0.05 sys=0.01, real=0.01 secs] 
2014-07-07T21:31:42.234+0000: 2204.254: [GC [PSYoungGen: 271574K->811K(264704K)] 584665K->314314K(951680K), 0.0082280 secs] [Times: user=0.05 sys=0.00, real=0.00 secs] 
2014-07-07T21:31:43.032+0000: 2205.053: [GC [PSYoungGen: 264683K->1228K(258496K)] 578186K->314787K(945472K), 0.0040580 secs] [Times: user=0.02 sys=0.00, real=0.01 secs] 
2014-07-07T21:31:43.801+0000: 2205.821: [GC [PSYoungGen: 258444K->640K(251456K)] 572003K->314363K(938432K), 0.0039490 secs] [Times: user=0.02 sys=0.00, real=0.01 secs] 
2014-07-07T21:31:44.555+0000: 2206.575: [GC [PSYoungGen: 251456K->708K(245440K)] 565179K->314503K(932416K), 0.0051520 secs] [Times: user=0.02 sys=0.00, real=0.00 secs] 
2014-07-07T21:31:45.305+0000: 2207.325: [GC [PSYoungGen: 245341K->890K(239616K)] 559136K->314757K(926592K), 0.0105090 secs] [Times: user=0.06 sys=0.00, real=0.01 secs] 
2014-07-07T21:31:46.020+0000: 2208.040: [GC [PSYoungGen: 239610K->772K(233856K)] 553477K->314735K(920832K), 0.0076360 secs] [Times: user=0.05 sys=0.00, real=0.01 secs] 
2014-07-07T21:31:46.695+0000: 2208.715: [GC [PSYoungGen: 233796K->694K(228224K)] 547759K->314737K(915200K), 0.0069610 secs] [Times: user=0.04 sys=0.00, real=0.00 secs] 
2014-07-07T21:31:47.379+0000: 2209.399: [GC [PSYoungGen: 228214K->878K(223104K)] 542257K->315033K(910080K), 0.0038900 secs] [Times: user=0.02 sys=0.00, real=0.00 secs] 
2014-07-07T21:31:48.037+0000: 2210.057: [GC [PSYoungGen: 223086K->708K(217856K)] 537241K->314935K(904832K), 0.0037660 secs] [Times: user=0.02 sys=0.01, real=0.00 secs] 
2014-07-07T21:31:48.688+0000: 2210.709: [GC [PSYoungGen: 217796K->658K(212864K)] 532023K->314965K(899840K), 0.0100390 secs] [Times: user=0.07 sys=0.00, real=0.01 secs] 
2014-07-07T21:31:49.325+0000: 2211.345: [GC [PSYoungGen: 212818K->836K(208320K)] 527125K->315223K(895296K), 0.0063990 secs] [Times: user=0.04 sys=0.00, real=0.01 secs] 
2014-07-07T21:31:49.935+0000: 2211.955: [GC [PSYoungGen: 208196K->896K(203776K)] 522583K->315347K(890752K), 0.0063600 secs] [Times: user=0.04 sys=0.00, real=0.00 secs] 
2014-07-07T21:31:50.547+0000: 2212.567: [GC [PSYoungGen: 203675K->626K(244032K)] 518126K->315181K(931008K), 0.0100620 secs] [Times: user=0.06 sys=0.00, real=0.01 secs] 
2014-07-07T21:31:51.280+0000: 2213.300: [GC [PSYoungGen: 244018K->580K(292736K)] 558573K->315183K(979712K), 0.0048320 secs] [Times: user=0.02 sys=0.00, real=0.00 secs] 
2014-07-07T21:31:52.141+0000: 2214.161: [GC [PSYoungGen: 292676K->1201K(285568K)] 607279K->316132K(972544K), 0.0054900 secs] [Times: user=0.04 sys=0.00, real=0.01 secs] 
2014-07-07T21:31:52.975+0000: 2214.995: [GC [PSYoungGen: 285553K->1206K(278144K)] 600484K->316194K(965120K), 0.0066250 secs] [Times: user=0.04 sys=0.00, real=0.00 secs] 
2014-07-07T21:31:53.823+0000: 2215.843: [GC [PSYoungGen: 278134K->554K(270336K)] 593122K->315817K(957312K), 0.0075370 secs] [Times: user=0.05 sys=0.00, real=0.01 secs] 
2014-07-07T21:31:54.606+0000: 2216.626: [GC [PSYoungGen: 270280K->812K(263744K)] 585543K->316131K(950720K), 0.0041350 secs] [Times: user=0.02 sys=0.00, real=0.00 secs] 
2014-07-07T21:31:55.406+0000: 2217.426: [GC [PSYoungGen: 263724K->562K(256896K)] 579043K->315985K(943872K), 0.0048950 secs] [Times: user=0.03 sys=0.00, real=0.00 secs] 
2014-07-07T21:31:56.186+0000: 2218.206: [GC [PSYoungGen: 256882K->612K(250624K)] 572305K->316075K(937600K), 0.0038110 secs] [Times: user=0.01 sys=0.00, real=0.00 secs] 
2014-07-07T21:31:56.935+0000: 2218.956: [GC [PSYoungGen: 250524K->829K(244672K)] 565987K->316332K(931648K), 0.0141430 secs] [Times: user=0.09 sys=0.00, real=0.02 secs] 
2014-07-07T21:31:57.648+0000: 2219.668: [GC [PSYoungGen: 244669K->434K(293056K)] 560172K->315985K(980032K), 0.0104120 secs] [Times: user=0.07 sys=0.00, real=0.01 secs] 
2014-07-07T21:31:58.515+0000: 2220.535: [GC [PSYoungGen: 293033K->712K(351936K)] 608584K->316311K(1038912K), 0.0096140 secs] [Times: user=0.06 sys=0.00, real=0.01 secs] 
2014-07-07T21:31:59.573+0000: 2221.593: [GC [PSYoungGen: 351880K->740K(341824K)] 667479K->316427K(1028800K), 0.0046310 secs] [Times: user=0.02 sys=0.00, real=0.01 secs] 
2014-07-07T21:32:00.594+0000: 2222.614: [GC [PSYoungGen: 341796K->658K(332096K)] 657483K->316425K(1019072K), 0.0103210 secs] [Times: user=0.06 sys=0.01, real=0.01 secs] 
2014-07-07T21:32:01.578+0000: 2223.598: [GC [PSYoungGen: 332050K->576K(322688K)] 647817K->316407K(1009664K), 0.0065520 secs] [Times: user=0.04 sys=0.00, real=0.00 secs] 
2014-07-07T21:32:02.538+0000: 2224.559: [GC [PSYoungGen: 322688K->672K(313920K)] 638519K->316583K(1000896K), 0.0054210 secs] [Times: user=0.03 sys=0.00, real=0.00 secs] 
2014-07-07T21:32:03.474+0000: 2225.494: [GC [PSYoungGen: 313888K->1036K(305728K)] 629799K->316979K(992704K), 0.0064190 secs] [Times: user=0.03 sys=0.00, real=0.01 secs] 
2014-07-07T21:32:04.400+0000: 2226.420: [GC [PSYoungGen: 305676K->693K(297152K)] 621619K->317002K(984128K), 0.0073120 secs] [Times: user=0.05 sys=0.00, real=0.01 secs] 
2014-07-07T21:32:05.286+0000: 2227.307: [GC [PSYoungGen: 297114K->729K(289344K)] 613423K->317109K(976320K), 0.0101440 secs] [Times: user=0.05 sys=0.00, real=0.01 secs] 
2014-07-07T21:32:06.153+0000: 2228.173: [GC [PSYoungGen: 289305K->576K(281536K)] 605685K->317044K(968512K), 0.0036900 secs] [Times: user=0.02 sys=0.00, real=0.01 secs] 
2014-07-07T21:32:06.996+0000: 2229.016: [GC [PSYoungGen: 281536K->904K(338112K)] 598004K->317428K(1025088K), 0.0156880 secs] [Times: user=0.09 sys=0.00, real=0.02 secs] 
2014-07-07T21:32:07.999+0000: 2230.019: [GC [PSYoungGen: 338056K->694K(328320K)] 654580K->317306K(1015296K), 0.0049440 secs] [Times: user=0.02 sys=0.01, real=0.00 secs] 
2014-07-07T21:32:08.994+0000: 2231.015: [GC [PSYoungGen: 328310K->876K(319360K)] 644922K->317560K(1006336K), 0.0039880 secs] [Times: user=0.02 sys=0.00, real=0.01 secs] 
2014-07-07T21:32:09.941+0000: 2231.961: [GC [PSYoungGen: 319340K->862K(310592K)] 636024K->317602K(997568K), 0.0062110 secs] [Times: user=0.03 sys=0.00, real=0.00 secs] 
2014-07-07T21:32:10.852+0000: 2232.872: [GC [PSYoungGen: 310558K->680K(301952K)] 627298K->317468K(988928K), 0.0070700 secs] [Times: user=0.04 sys=0.00, real=0.01 secs] 
2014-07-07T21:32:11.755+0000: 2233.775: [GC [PSYoungGen: 301928K->882K(294080K)] 618716K->317907K(981056K), 0.0056370 secs] [Times: user=0.04 sys=0.00, real=0.01 secs] 
2014-07-07T21:32:12.637+0000: 2234.658: [GC [PSYoungGen: 294066K->640K(286080K)] 611091K->317712K(973056K), 0.0077670 secs] [Times: user=0.04 sys=0.01, real=0.01 secs] 
2014-07-07T21:32:13.476+0000: 2235.496: [GC [PSYoungGen: 286080K->1026K(279040K)] 603152K->318170K(966016K), 0.0048080 secs] [Times: user=0.01 sys=0.01, real=0.01 secs] 
2014-07-07T21:32:14.321+0000: 2236.341: [GC [PSYoungGen: 278978K->736K(271552K)] 596122K->317952K(958528K), 0.0051670 secs] [Times: user=0.03 sys=0.01, real=0.00 secs] 
2014-07-07T21:32:15.129+0000: 2237.149: [GC [PSYoungGen: 271520K->676K(264576K)] 588736K->317980K(951552K), 0.0078260 secs] [Times: user=0.05 sys=0.00, real=0.00 secs] 
2014-07-07T21:32:15.902+0000: 2237.922: [GC [PSYoungGen: 264548K->1273K(317952K)] 581852K->318822K(1004928K), 0.0169930 secs] [Times: user=0.11 sys=0.00, real=0.02 secs] 
2014-07-07T21:32:16.861+0000: 2238.881: [GC [PSYoungGen: 317846K->633K(380672K)] 635394K->318345K(1067648K), 0.0109760 secs] [Times: user=0.05 sys=0.00, real=0.01 secs] 
2014-07-07T21:32:18.013+0000: 2240.033: [GC [PSYoungGen: 380652K->1462K(370240K)] 698364K->319255K(1057216K), 0.0037210 secs] [Times: user=0.01 sys=0.01, real=0.00 secs] 
2014-07-07T21:32:19.131+0000: 2241.151: [GC [PSYoungGen: 370230K->872K(358848K)] 688023K->318744K(1045824K), 0.0086950 secs] [Times: user=0.03 sys=0.00, real=0.01 secs] 
2014-07-07T21:32:20.213+0000: 2242.233: [GC [PSYoungGen: 358824K->886K(348480K)] 676696K->318798K(1035456K), 0.0105150 secs] [Times: user=0.06 sys=0.00, real=0.01 secs] 
2014-07-07T21:32:21.238+0000: 2243.258: [GC [PSYoungGen: 348470K->844K(338560K)] 666382K->318804K(1025536K), 0.0073930 secs] [Times: user=0.05 sys=0.00, real=0.01 secs] 
2014-07-07T21:32:22.243+0000: 2244.263: [GC [PSYoungGen: 338508K->530K(328704K)] 656468K->318530K(1015680K), 0.0083470 secs] [Times: user=0.05 sys=0.01, real=0.01 secs] 
2014-07-07T21:32:23.212+0000: 2245.232: [GC [PSYoungGen: 328658K->644K(319680K)] 646658K->318692K(1006656K), 0.0091190 secs] [Times: user=0.04 sys=0.00, real=0.01 secs] 
2014-07-07T21:32:24.166+0000: 2246.187: [GC [PSYoungGen: 319620K->658K(310912K)] 637668K->318802K(997888K), 0.0075140 secs] [Times: user=0.05 sys=0.00, real=0.01 secs] 
2014-07-07T21:32:25.108+0000: 2247.128: [GC [PSYoungGen: 310866K->812K(302592K)] 629010K->319012K(989568K), 0.0064810 secs] [Times: user=0.04 sys=0.00, real=0.01 secs] 
2014-07-07T21:32:25.996+0000: 2248.016: [GC [PSYoungGen: 302572K->1128K(294784K)] 620772K->319401K(981760K), 0.0069090 secs] [Times: user=0.04 sys=0.00, real=0.01 secs] 
2014-07-07T21:32:26.881+0000: 2248.901: [GC [PSYoungGen: 294760K->864K(286720K)] 613033K->319233K(973696K), 0.0077140 secs] [Times: user=0.05 sys=0.00, real=0.01 secs] 
2014-07-07T21:32:27.713+0000: 2249.733: [GC [PSYoungGen: 286688K->726K(279104K)] 605057K->319158K(966080K), 0.0042730 secs] [Times: user=0.02 sys=0.00, real=0.00 secs] 
2014-07-07T21:32:28.531+0000: 2250.551: [GC [PSYoungGen: 279061K->976K(272192K)] 597494K->319480K(959168K), 0.0073390 secs] [Times: user=0.04 sys=0.01, real=0.00 secs] 
2014-07-07T21:32:29.358+0000: 2251.378: [GC [PSYoungGen: 272142K->612K(264896K)] 590646K->319172K(951872K), 0.0037380 secs] [Times: user=0.02 sys=0.00, real=0.01 secs] 
2014-07-07T21:32:30.153+0000: 2252.173: [GC [PSYoungGen: 264868K->840K(258496K)] 583428K->319464K(945472K), 0.0059950 secs] [Times: user=0.04 sys=0.00, real=0.00 secs] 
2014-07-07T21:32:30.907+0000: 2252.927: [GC [PSYoungGen: 258440K->844K(252096K)] 577064K->319524K(939072K), 0.0123910 secs] [Times: user=0.08 sys=0.00, real=0.01 secs] 
2014-07-07T21:32:31.654+0000: 2253.674: [GC [PSYoungGen: 252044K->512K(245568K)] 570724K->319232K(932544K), 0.0073940 secs] [Times: user=0.02 sys=0.00, real=0.01 secs] 
2014-07-07T21:32:32.389+0000: 2254.409: [GC [PSYoungGen: 245568K->640K(239744K)] 564288K->319456K(926720K), 0.0064770 secs] [Times: user=0.04 sys=0.00, real=0.01 secs] 
2014-07-07T21:32:33.091+0000: 2255.111: [GC [PSYoungGen: 239744K->730K(287744K)] 558560K->319594K(974720K), 0.0152540 secs] [Times: user=0.10 sys=0.00, real=0.02 secs] 
2014-07-07T21:32:33.943+0000: 2255.963: [GC [PSYoungGen: 287669K->990K(345408K)] 606534K->319942K(1032384K), 0.0044830 secs] [Times: user=0.03 sys=0.00, real=0.00 secs] 
2014-07-07T21:32:34.967+0000: 2256.987: [GC [PSYoungGen: 345374K->730K(335360K)] 664326K->319722K(1022336K), 0.0054330 secs] [Times: user=0.01 sys=0.00, real=0.01 secs] 
2014-07-07T21:32:35.991+0000: 2258.011: [GC [PSYoungGen: 335305K->712K(325952K)] 654297K->319752K(1012928K), 0.0099280 secs] [Times: user=0.06 sys=0.00, real=0.01 secs] 
2014-07-07T21:32:36.960+0000: 2258.980: [GC [PSYoungGen: 325896K->730K(316928K)] 644936K->319810K(1003904K), 0.0119770 secs] [Times: user=0.06 sys=0.00, real=0.02 secs] 
2014-07-07T21:32:37.913+0000: 2259.933: [GC [PSYoungGen: 316890K->544K(308032K)] 635970K->319672K(995008K), 0.0069500 secs] [Times: user=0.03 sys=0.00, real=0.00 secs] 
2014-07-07T21:32:38.843+0000: 2260.863: [GC [PSYoungGen: 308000K->1117K(300288K)] 627128K->320325K(987264K), 0.0104690 secs] [Times: user=0.07 sys=0.00, real=0.01 secs] 
2014-07-07T21:32:39.729+0000: 2261.749: [GC [PSYoungGen: 300253K->608K(291776K)] 619461K->319880K(978752K), 0.0038450 secs] [Times: user=0.01 sys=0.01, real=0.01 secs] 
2014-07-07T21:32:40.604+0000: 2262.624: [GC [PSYoungGen: 291716K->818K(284288K)] 610989K->320271K(971264K), 0.0039110 secs] [Times: user=0.02 sys=0.00, real=0.00 secs] 
2014-07-07T21:32:41.431+0000: 2263.451: [GC [PSYoungGen: 284274K->544K(276672K)] 603727K->320060K(963648K), 0.0061200 secs] [Times: user=0.04 sys=0.00, real=0.01 secs] 
2014-07-07T21:32:42.267+0000: 2264.287: [GC [PSYoungGen: 276640K->814K(269824K)] 596156K->320394K(956800K), 0.0079230 secs] [Times: user=0.05 sys=0.00, real=0.01 secs] 
2014-07-07T21:32:43.062+0000: 2265.082: [GC [PSYoungGen: 269806K->978K(263168K)] 589386K->320615K(950144K), 0.0045510 secs] [Times: user=0.03 sys=0.00, real=0.01 secs] 
2014-07-07T21:32:43.821+0000: 2265.841: [GC [PSYoungGen: 263122K->754K(256320K)] 582759K->320478K(943296K), 0.0058690 secs] [Times: user=0.03 sys=0.01, real=0.01 secs] 
2014-07-07T21:32:44.577+0000: 2266.597: [GC [PSYoungGen: 256306K->626K(249856K)] 576030K->320430K(936832K), 0.0045830 secs] [Times: user=0.02 sys=0.00, real=0.00 secs] 
2014-07-07T21:32:45.353+0000: 2267.373: [GC [PSYoungGen: 249842K->676K(243840K)] 569646K->320552K(930816K), 0.0088150 secs] [Times: user=0.05 sys=0.00, real=0.00 secs] 
2014-07-07T21:32:46.089+0000: 2268.109: [GC [PSYoungGen: 243812K->942K(238208K)] 563688K->320851K(925184K), 0.0044760 secs] [Times: user=0.01 sys=0.00, real=0.00 secs] 
2014-07-07T21:32:46.802+0000: 2268.822: [GC [PSYoungGen: 238190K->640K(232256K)] 558099K->320612K(919232K), 0.0071020 secs] [Times: user=0.05 sys=0.00, real=0.01 secs] 
2014-07-07T21:32:47.478+0000: 2269.498: [GC [PSYoungGen: 232255K->900K(227136K)] 552228K->320953K(914112K), 0.0093760 secs] [Times: user=0.06 sys=0.00, real=0.01 secs] 
2014-07-07T21:32:48.157+0000: 2270.177: [GC [PSYoungGen: 227076K->633K(221568K)] 547129K->320749K(908544K), 0.0042720 secs] [Times: user=0.02 sys=0.00, real=0.00 secs] 
2014-07-07T21:32:48.817+0000: 2270.837: [GC [PSYoungGen: 221561K->886K(216768K)] 541677K->321058K(903744K), 0.0034780 secs] [Times: user=0.01 sys=0.01, real=0.00 secs] 
2014-07-07T21:32:49.469+0000: 2271.489: [GC [PSYoungGen: 216758K->512K(211520K)] 536930K->320732K(898496K), 0.0042000 secs] [Times: user=0.02 sys=0.00, real=0.00 secs] 
2014-07-07T21:32:50.111+0000: 2272.131: [GC [PSYoungGen: 211511K->1210K(207488K)] 531732K->321634K(894464K), 0.0078480 secs] [Times: user=0.05 sys=0.00, real=0.01 secs] 
2014-07-07T21:32:50.737+0000: 2272.757: [GC [PSYoungGen: 207482K->743K(202496K)] 527906K->321563K(889472K), 0.0072400 secs] [Times: user=0.05 sys=0.01, real=0.01 secs] 
2014-07-07T21:32:51.344+0000: 2273.364: [GC [PSYoungGen: 202471K->1122K(198464K)] 523291K->321998K(885440K), 0.0035950 secs] [Times: user=0.02 sys=0.00, real=0.00 secs] 
2014-07-07T21:32:51.929+0000: 2273.949: [GC [PSYoungGen: 198434K->626K(193728K)] 519310K->321673K(880704K), 0.0080410 secs] [Times: user=0.05 sys=0.00, real=0.01 secs] 
2014-07-07T21:32:52.491+0000: 2274.511: [GC [PSYoungGen: 193689K->726K(232512K)] 514737K->321861K(919488K), 0.0068910 secs] [Times: user=0.04 sys=0.00, real=0.01 secs] 
2014-07-07T21:32:53.174+0000: 2275.194: [GC [PSYoungGen: 232470K->882K(279040K)] 553605K->322073K(966016K), 0.0077300 secs] [Times: user=0.02 sys=0.01, real=0.01 secs] 
2014-07-07T21:32:54.011+0000: 2276.031: [GC [PSYoungGen: 278988K->946K(334784K)] 600180K->322194K(1021760K), 0.0159180 secs] [Times: user=0.09 sys=0.00, real=0.02 secs] 
2014-07-07T21:32:55.011+0000: 2277.031: [GC [PSYoungGen: 334770K->750K(401408K)] 656018K->322038K(1088384K), 0.0107880 secs] [Times: user=0.06 sys=0.00, real=0.01 secs] 
2014-07-07T21:32:56.224+0000: 2278.244: [GC [PSYoungGen: 401390K->512K(412352K)] 722678K->321831K(1099328K), 0.0137990 secs] [Times: user=0.08 sys=0.00, real=0.02 secs] 
2014-07-07T21:32:57.449+0000: 2279.469: [GC [PSYoungGen: 411520K->608K(399040K)] 732839K->321991K(1086016K), 0.0042180 secs] [Times: user=0.01 sys=0.00, real=0.00 secs] 
2014-07-07T21:32:58.622+0000: 2280.642: [GC [PSYoungGen: 399008K->926K(387328K)] 720391K->322390K(1074304K), 0.0065400 secs] [Times: user=0.04 sys=0.00, real=0.01 secs] 
2014-07-07T21:32:59.774+0000: 2281.794: [GC [PSYoungGen: 387280K->1146K(375936K)] 708744K->322682K(1062912K), 0.0095860 secs] [Times: user=0.06 sys=0.00, real=0.01 secs] 
2014-07-07T21:33:00.912+0000: 2282.932: [GC [PSYoungGen: 375930K->544K(364288K)] 697466K->322111K(1051264K), 0.0150750 secs] [Times: user=0.08 sys=0.00, real=0.02 secs] 
2014-07-07T21:33:01.994+0000: 2284.014: [GC [PSYoungGen: 364237K->1124K(354240K)] 685805K->322796K(1041216K), 0.0059720 secs] [Times: user=0.04 sys=0.00, real=0.01 secs] 
2014-07-07T21:33:03.050+0000: 2285.070: [GC [PSYoungGen: 354212K->722K(424512K)] 675884K->322441K(1111488K), 0.0174260 secs] [Times: user=0.10 sys=0.00, real=0.02 secs] 
2014-07-07T21:33:04.298+0000: 2286.318: [GC [PSYoungGen: 424466K->790K(411456K)] 746185K->322581K(1098432K), 0.0063970 secs] [Times: user=0.04 sys=0.00, real=0.01 secs] 
2014-07-07T21:33:05.527+0000: 2287.547: [GC [PSYoungGen: 411414K->1225K(399296K)] 733205K->323089K(1086272K), 0.0041020 secs] [Times: user=0.01 sys=0.00, real=0.00 secs] 
2014-07-07T21:33:06.727+0000: 2288.747: [GC [PSYoungGen: 399241K->690K(386688K)] 721105K->322625K(1073664K), 0.0076490 secs] [Times: user=0.05 sys=0.00, real=0.00 secs] 
2014-07-07T21:33:07.873+0000: 2289.893: [GC [PSYoungGen: 386672K->786K(375296K)] 708608K->322825K(1062272K), 0.0117660 secs] [Times: user=0.07 sys=0.00, real=0.01 secs] 
2014-07-07T21:33:08.994+0000: 2291.014: [GC [PSYoungGen: 375250K->1284K(364736K)] 697289K->323388K(1051712K), 0.0148650 secs] [Times: user=0.09 sys=0.00, real=0.02 secs] 
2014-07-07T21:33:10.083+0000: 2292.103: [GC [PSYoungGen: 364674K->1028K(353856K)] 686778K->323203K(1040832K), 0.0088550 secs] [Times: user=0.05 sys=0.01, real=0.01 secs] 
2014-07-07T21:33:11.131+0000: 2293.151: [GC [PSYoungGen: 353796K->676K(343296K)] 675971K->322981K(1030272K), 0.0057110 secs] [Times: user=0.02 sys=0.00, real=0.00 secs] 
2014-07-07T21:33:12.157+0000: 2294.177: [GC [PSYoungGen: 343268K->1095K(334016K)] 665573K->323457K(1020992K), 0.0079850 secs] [Times: user=0.05 sys=0.00, real=0.00 secs] 
2014-07-07T21:33:13.137+0000: 2295.158: [GC [PSYoungGen: 333959K->736K(324288K)] 656321K->323145K(1011264K), 0.0085920 secs] [Times: user=0.02 sys=0.00, real=0.01 secs] 
2014-07-07T21:33:14.103+0000: 2296.123: [GC [PSYoungGen: 324234K->694K(315264K)] 646644K->323152K(1002240K), 0.0090970 secs] [Times: user=0.05 sys=0.00, real=0.01 secs] 
2014-07-07T21:33:15.049+0000: 2297.069: [GC [PSYoungGen: 315217K->1164K(307136K)] 637675K->323654K(994112K), 0.0067830 secs] [Times: user=0.03 sys=0.00, real=0.00 secs] 
2014-07-07T21:33:15.954+0000: 2297.974: [GC [PSYoungGen: 307084K->1098K(298816K)] 629574K->323668K(985792K), 0.0088440 secs] [Times: user=0.05 sys=0.01, real=0.01 secs] 
2014-07-07T21:33:16.843+0000: 2298.863: [GC [PSYoungGen: 298762K->764K(290496K)] 621332K->323594K(977472K), 0.0054210 secs] [Times: user=0.02 sys=0.00, real=0.01 secs] 
2014-07-07T21:33:17.693+0000: 2299.713: [GC [PSYoungGen: 290492K->854K(283008K)] 613322K->323756K(969984K), 0.0079830 secs] [Times: user=0.03 sys=0.00, real=0.01 secs] 
2014-07-07T21:33:18.527+0000: 2300.548: [GC [PSYoungGen: 282937K->918K(275712K)] 605839K->324016K(962688K), 0.0070510 secs] [Times: user=0.04 sys=0.00, real=0.01 secs] 
2014-07-07T21:33:19.339+0000: 2301.359: [GC [PSYoungGen: 275670K->672K(268416K)] 598768K->323874K(955392K), 0.0069250 secs] [Times: user=0.04 sys=0.00, real=0.01 secs] 
2014-07-07T21:33:20.139+0000: 2302.159: [GC [PSYoungGen: 268375K->712K(261696K)] 591577K->323970K(948672K), 0.0052650 secs] [Times: user=0.04 sys=0.00, real=0.01 secs] 
2014-07-07T21:33:20.924+0000: 2302.944: [GC [PSYoungGen: 261640K->840K(255296K)] 584898K->324178K(942272K), 0.0079900 secs] [Times: user=0.05 sys=0.01, real=0.01 secs] 
2014-07-07T21:33:21.666+0000: 2303.686: [GC [PSYoungGen: 255240K->850K(249024K)] 578578K->324252K(936000K), 0.0044140 secs] [Times: user=0.03 sys=0.00, real=0.01 secs] 
2014-07-07T21:33:22.438+0000: 2304.458: [GC [PSYoungGen: 248941K->936K(243008K)] 572344K->324402K(929984K), 0.0057800 secs] [Times: user=0.03 sys=0.01, real=0.01 secs] 
2014-07-07T21:33:23.161+0000: 2305.181: [GC [PSYoungGen: 242984K->882K(237120K)] 566450K->324882K(924096K), 0.0065740 secs] [Times: user=0.02 sys=0.00, real=0.00 secs] 
2014-07-07T21:33:23.850+0000: 2305.870: [GC [PSYoungGen: 237106K->926K(231552K)] 561106K->324974K(918528K), 0.0059860 secs] [Times: user=0.03 sys=0.00, real=0.00 secs] 
2014-07-07T21:33:24.537+0000: 2306.557: [GC [PSYoungGen: 231518K->594K(225792K)] 555566K->324930K(912768K), 0.0053250 secs] [Times: user=0.02 sys=0.00, real=0.01 secs] 
2014-07-07T21:33:25.206+0000: 2307.226: [GC [PSYoungGen: 225746K->726K(220672K)] 550082K->325110K(907648K), 0.0045660 secs] [Times: user=0.02 sys=0.00, real=0.01 secs] 
2014-07-07T21:33:25.858+0000: 2307.878: [GC [PSYoungGen: 220630K->658K(215552K)] 545014K->325090K(902528K), 0.0087690 secs] [Times: user=0.06 sys=0.00, real=0.01 secs] 
2014-07-07T21:33:26.490+0000: 2308.510: [GC [PSYoungGen: 215473K->1202K(211200K)] 539906K->325730K(898176K), 0.0068850 secs] [Times: user=0.04 sys=0.01, real=0.00 secs] 
2014-07-07T21:33:27.118+0000: 2309.138: [GC [PSYoungGen: 211186K->950K(206272K)] 535714K->325558K(893248K), 0.0058980 secs] [Times: user=0.04 sys=0.00, real=0.01 secs] 
2014-07-07T21:33:27.735+0000: 2309.755: [GC [PSYoungGen: 206215K->1334K(202112K)] 530823K->325983K(889088K), 0.0052610 secs] [Times: user=0.02 sys=0.00, real=0.01 secs] 
2014-07-07T21:33:28.337+0000: 2310.357: [GC [PSYoungGen: 202102K->544K(241536K)] 526751K->325288K(928512K), 0.0126480 secs] [Times: user=0.08 sys=0.00, real=0.01 secs] 
2014-07-07T21:33:29.066+0000: 2311.086: [GC [PSYoungGen: 241504K->1034K(290240K)] 566248K->325835K(977216K), 0.0076740 secs] [Times: user=0.05 sys=0.00, real=0.01 secs] 
2014-07-07T21:33:29.912+0000: 2311.932: [GC [PSYoungGen: 290186K->872K(347904K)] 614987K->325752K(1034880K), 0.0075950 secs] [Times: user=0.04 sys=0.00, real=0.00 secs] 
2014-07-07T21:33:30.945+0000: 2312.965: [GC [PSYoungGen: 347880K->580K(417088K)] 672760K->325508K(1104064K), 0.0087070 secs] [Times: user=0.05 sys=0.00, real=0.01 secs] 
2014-07-07T21:33:32.212+0000: 2314.232: [GC [PSYoungGen: 417006K->925K(404608K)] 741935K->325909K(1091584K), 0.0079250 secs] [Times: user=0.04 sys=0.00, real=0.00 secs] 
2014-07-07T21:33:33.416+0000: 2315.437: [GC [PSYoungGen: 404573K->1032K(392448K)] 729557K->326097K(1079424K), 0.0087260 secs] [Times: user=0.05 sys=0.00, real=0.01 secs] 
2014-07-07T21:33:34.603+0000: 2316.623: [GC [PSYoungGen: 392361K->928K(380544K)] 717425K->326275K(1067520K), 0.0051580 secs] [Times: user=0.02 sys=0.01, real=0.00 secs] 
2014-07-07T21:33:35.727+0000: 2317.747: [GC [PSYoungGen: 380512K->644K(369024K)] 705859K->326046K(1056000K), 0.0086820 secs] [Times: user=0.06 sys=0.00, real=0.01 secs] 
2014-07-07T21:33:36.826+0000: 2318.846: [GC [PSYoungGen: 368963K->938K(358464K)] 694365K->326489K(1045440K), 0.0123930 secs] [Times: user=0.08 sys=0.01, real=0.01 secs] 
2014-07-07T21:33:37.896+0000: 2319.916: [GC [PSYoungGen: 358351K->968K(348160K)] 683902K->326583K(1035136K), 0.0038150 secs] [Times: user=0.02 sys=0.00, real=0.00 secs] 
2014-07-07T21:33:38.931+0000: 2320.951: [GC [PSYoungGen: 348104K->576K(337792K)] 673719K->326254K(1024768K), 0.0070950 secs] [Times: user=0.04 sys=0.00, real=0.01 secs] 
2014-07-07T21:33:39.925+0000: 2321.945: [GC [PSYoungGen: 337792K->694K(328384K)] 663470K->326413K(1015360K), 0.0068160 secs] [Times: user=0.02 sys=0.01, real=0.01 secs] 
2014-07-07T21:33:40.888+0000: 2322.908: [GC [PSYoungGen: 328374K->726K(319296K)] 654093K->326517K(1006272K), 0.0174660 secs] [Times: user=0.10 sys=0.00, real=0.02 secs] 
2014-07-07T21:33:41.842+0000: 2323.862: [GC [PSYoungGen: 319254K->782K(310592K)] 645045K->326605K(997568K), 0.0068800 secs] [Times: user=0.02 sys=0.00, real=0.01 secs] 
2014-07-07T21:33:42.772+0000: 2324.792: [GC [PSYoungGen: 310542K->890K(302208K)] 636365K->326745K(989184K), 0.0102170 secs] [Times: user=0.06 sys=0.00, real=0.01 secs] 
2014-07-07T21:33:43.702+0000: 2325.722: [GC [PSYoungGen: 302202K->876K(294144K)] 628057K->326787K(981120K), 0.0048680 secs] [Times: user=0.02 sys=0.00, real=0.01 secs] 
2014-07-07T21:33:44.598+0000: 2326.618: [GC [PSYoungGen: 294124K->640K(286144K)] 620035K->326638K(973120K), 0.0065360 secs] [Times: user=0.03 sys=0.00, real=0.01 secs] 
2014-07-07T21:33:45.443+0000: 2327.463: [GC [PSYoungGen: 286144K->484K(278528K)] 612142K->326539K(965504K), 0.0065270 secs] [Times: user=0.03 sys=0.00, real=0.00 secs] 
2014-07-07T21:33:46.267+0000: 2328.287: [GC [PSYoungGen: 278500K->512K(271360K)] 604555K->326630K(958336K), 0.0067760 secs] [Times: user=0.05 sys=0.00, real=0.01 secs] 
2014-07-07T21:33:47.066+0000: 2329.086: [GC [PSYoungGen: 271360K->1208K(265152K)] 597478K->327383K(952128K), 0.0030730 secs] [Times: user=0.01 sys=0.00, real=0.00 secs] 
2014-07-07T21:33:47.874+0000: 2329.894: [GC [PSYoungGen: 265144K->736K(258048K)] 591319K->326974K(945024K), 0.0036770 secs] [Times: user=0.02 sys=0.01, real=0.00 secs] 
2014-07-07T21:33:48.649+0000: 2330.669: [GC [PSYoungGen: 258016K->694K(251584K)] 584254K->327037K(938560K), 0.0044990 secs] [Times: user=0.03 sys=0.00, real=0.01 secs] 
2014-07-07T21:33:49.408+0000: 2331.428: [GC [PSYoungGen: 251574K->562K(245312K)] 577917K->326945K(932288K), 0.0038170 secs] [Times: user=0.02 sys=0.00, real=0.00 secs] 
2014-07-07T21:33:50.134+0000: 2332.154: [GC [PSYoungGen: 245298K->512K(239296K)] 571681K->326958K(926272K), 0.0079770 secs] [Times: user=0.04 sys=0.00, real=0.00 secs] 
2014-07-07T21:33:50.831+0000: 2332.851: [GC [PSYoungGen: 239296K->768K(233920K)] 565742K->327255K(920896K), 0.0050550 secs] [Times: user=0.02 sys=0.00, real=0.01 secs] 
2014-07-07T21:33:51.523+0000: 2333.543: [GC [PSYoungGen: 233856K->544K(228160K)] 560343K->327094K(915136K), 0.0061780 secs] [Times: user=0.04 sys=0.01, real=0.01 secs] 
2014-07-07T21:33:52.205+0000: 2334.225: [GC [PSYoungGen: 228126K->658K(222976K)] 554677K->327273K(909952K), 0.0074220 secs] [Times: user=0.05 sys=0.01, real=0.00 secs] 
2014-07-07T21:33:52.865+0000: 2334.885: [GC [PSYoungGen: 222886K->1169K(218368K)] 549501K->327840K(905344K), 0.0093630 secs] [Times: user=0.05 sys=0.00, real=0.01 secs] 
2014-07-07T21:33:53.503+0000: 2335.523: [GC [PSYoungGen: 218321K->512K(261120K)] 544992K->327222K(948096K), 0.0103490 secs] [Times: user=0.07 sys=0.00, real=0.01 secs] 
2014-07-07T21:33:54.297+0000: 2336.317: [GC [PSYoungGen: 261120K->694K(313472K)] 587830K->327437K(1000448K), 0.0070130 secs] [Times: user=0.02 sys=0.00, real=0.01 secs] 
2014-07-07T21:33:55.234+0000: 2337.254: [GC [PSYoungGen: 313462K->612K(304896K)] 640205K->327387K(991872K), 0.0051640 secs] [Times: user=0.02 sys=0.00, real=0.00 secs] 
2014-07-07T21:33:56.143+0000: 2338.163: [GC [PSYoungGen: 304868K->908K(297024K)] 631643K->327739K(984000K), 0.0048340 secs] [Times: user=0.02 sys=0.00, real=0.01 secs] 
2014-07-07T21:33:57.006+0000: 2339.026: [GC [PSYoungGen: 296972K->640K(355968K)] 623803K->327526K(1042944K), 0.0221290 secs] [Times: user=0.14 sys=0.00, real=0.02 secs] 
2014-07-07T21:33:58.070+0000: 2340.090: [GC [PSYoungGen: 355968K->1202K(427648K)] 682854K->328137K(1114624K), 0.0120200 secs] [Times: user=0.07 sys=0.00, real=0.01 secs] 
2014-07-07T21:33:59.343+0000: 2341.363: [GC [PSYoungGen: 427592K->634K(445568K)] 754527K->327927K(1132544K), 0.0126280 secs] [Times: user=0.08 sys=0.00, real=0.02 secs] 
2014-07-07T21:34:00.664+0000: 2342.684: [GC [PSYoungGen: 445562K->862K(431744K)] 772855K->328187K(1118720K), 0.0072950 secs] [Times: user=0.02 sys=0.00, real=0.01 secs] 
2014-07-07T21:34:01.961+0000: 2343.981: [GC [PSYoungGen: 431710K->552K(417984K)] 759035K->328497K(1104960K), 0.0048120 secs] [Times: user=0.02 sys=0.00, real=0.01 secs] 
2014-07-07T21:34:03.207+0000: 2345.228: [GC [PSYoungGen: 417960K->890K(405440K)] 745905K->328907K(1092416K), 0.0088070 secs] [Times: user=0.06 sys=0.00, real=0.01 secs] 
2014-07-07T21:34:04.427+0000: 2346.447: [GC [PSYoungGen: 405434K->580K(392832K)] 733451K->328769K(1079808K), 0.0060480 secs] [Times: user=0.03 sys=0.00, real=0.00 secs] 
2014-07-07T21:34:05.582+0000: 2347.603: [GC [PSYoungGen: 392772K->732K(381184K)] 720961K->328993K(1068160K), 0.0080280 secs] [Times: user=0.05 sys=0.00, real=0.01 secs] 
2014-07-07T21:34:06.716+0000: 2348.736: [GC [PSYoungGen: 381148K->1114K(370240K)] 709409K->329464K(1057216K), 0.0044480 secs] [Times: user=0.02 sys=0.00, real=0.01 secs] 
2014-07-07T21:34:07.815+0000: 2349.835: [GC [PSYoungGen: 370191K->1046K(359360K)] 698541K->329476K(1046336K), 0.0060080 secs] [Times: user=0.03 sys=0.00, real=0.01 secs] 
2014-07-07T21:34:08.897+0000: 2350.917: [GC [PSYoungGen: 359318K->576K(348480K)] 687748K->329069K(1035456K), 0.0053490 secs] [Times: user=0.02 sys=0.00, real=0.00 secs] 
2014-07-07T21:34:09.967+0000: 2351.987: [GC [PSYoungGen: 348480K->580K(338560K)] 676973K->329105K(1025536K), 0.0049110 secs] [Times: user=0.02 sys=0.00, real=0.00 secs] 
2014-07-07T21:34:11.008+0000: 2353.028: [GC [PSYoungGen: 338483K->900K(329344K)] 667008K->329513K(1016320K), 0.0065060 secs] [Times: user=0.03 sys=0.00, real=0.00 secs] 
2014-07-07T21:34:11.966+0000: 2353.986: [GC [PSYoungGen: 329284K->836K(320128K)] 657897K->329505K(1007104K), 0.0041110 secs] [Times: user=0.02 sys=0.00, real=0.01 secs] 
2014-07-07T21:34:12.919+0000: 2354.939: [GC [PSYoungGen: 320068K->950K(311424K)] 648737K->329659K(998400K), 0.0066200 secs] [Times: user=0.02 sys=0.00, real=0.00 secs] 
2014-07-07T21:34:13.863+0000: 2355.883: [GC [PSYoungGen: 311387K->928K(302976K)] 640097K->329702K(989952K), 0.0042540 secs] [Times: user=0.02 sys=0.00, real=0.01 secs] 
2014-07-07T21:34:14.753+0000: 2356.773: [GC [PSYoungGen: 302944K->831K(294720K)] 631718K->330117K(981696K), 0.0033680 secs] [Times: user=0.02 sys=0.00, real=0.00 secs] 
2014-07-07T21:34:15.622+0000: 2357.642: [GC [PSYoungGen: 294702K->1116K(287232K)] 623988K->330481K(974208K), 0.0091500 secs] [Times: user=0.05 sys=0.00, real=0.01 secs] 
2014-07-07T21:34:16.486+0000: 2358.506: [GC [PSYoungGen: 287196K->608K(279232K)] 616561K->330053K(966208K), 0.0055590 secs] [Times: user=0.03 sys=0.00, real=0.01 secs] 
2014-07-07T21:34:17.321+0000: 2359.341: [GC [PSYoungGen: 279200K->544K(271936K)] 608645K->330029K(958912K), 0.0066720 secs] [Times: user=0.04 sys=0.00, real=0.01 secs] 
2014-07-07T21:34:18.144+0000: 2360.164: [GC [PSYoungGen: 271857K->988K(265472K)] 601343K->330529K(952448K), 0.0084160 secs] [Times: user=0.05 sys=0.00, real=0.01 secs] 
2014-07-07T21:34:18.927+0000: 2360.947: [GC [PSYoungGen: 265424K->1330K(259136K)] 594965K->330927K(946112K), 0.0099370 secs] [Times: user=0.06 sys=0.00, real=0.01 secs] 
2014-07-07T21:34:19.683+0000: 2361.703: [GC [PSYoungGen: 259122K->630K(252032K)] 588719K->330419K(939008K), 0.0053770 secs] [Times: user=0.02 sys=0.00, real=0.01 secs] 
2014-07-07T21:34:20.460+0000: 2362.480: [GC [PSYoungGen: 252022K->676K(245952K)] 581811K->330529K(932928K), 0.0106110 secs] [Times: user=0.07 sys=0.00, real=0.01 secs] 
2014-07-07T21:34:21.201+0000: 2363.221: [GC [PSYoungGen: 245924K->648K(240000K)] 575777K->330573K(926976K), 0.0074740 secs] [Times: user=0.04 sys=0.00, real=0.01 secs] 
2014-07-07T21:34:21.931+0000: 2363.951: [GC [PSYoungGen: 239944K->772K(234368K)] 569869K->330737K(921344K), 0.0065640 secs] [Times: user=0.02 sys=0.00, real=0.00 secs] 
2014-07-07T21:34:22.622+0000: 2364.642: [GC [PSYoungGen: 234258K->930K(228992K)] 564223K->330959K(915968K), 0.0082820 secs] [Times: user=0.05 sys=0.01, real=0.01 secs] 
2014-07-07T21:34:23.313+0000: 2365.334: [GC [PSYoungGen: 228962K->704K(223488K)] 558991K->330789K(910464K), 0.0062480 secs] [Times: user=0.03 sys=0.00, real=0.01 secs] 
2014-07-07T21:34:23.967+0000: 2365.987: [GC [PSYoungGen: 223424K->836K(268160K)] 553509K->330961K(955136K), 0.0147280 secs] [Times: user=0.08 sys=0.00, real=0.02 secs] 
2014-07-07T21:34:24.754+0000: 2366.774: [GC [PSYoungGen: 268100K->1014K(321792K)] 598225K->331195K(1008768K), 0.0139200 secs] [Times: user=0.09 sys=0.01, real=0.01 secs] 
2014-07-07T21:34:25.715+0000: 2367.735: [GC [PSYoungGen: 321782K->826K(385792K)] 651963K->331209K(1072768K), 0.0056730 secs] [Times: user=0.03 sys=0.00, real=0.01 secs] 
2014-07-07T21:34:26.861+0000: 2368.881: [GC [PSYoungGen: 385765K->826K(431296K)] 716149K->331249K(1118272K), 0.0120940 secs] [Times: user=0.06 sys=0.00, real=0.01 secs] 
2014-07-07T21:34:28.146+0000: 2370.166: [GC [PSYoungGen: 430714K->830K(463360K)] 761137K->331309K(1150336K), 0.0081410 secs] [Times: user=0.03 sys=0.00, real=0.01 secs] 
2014-07-07T21:34:29.523+0000: 2371.543: [GC [PSYoungGen: 462846K->704K(447936K)] 793325K->331239K(1134912K), 0.0086700 secs] [Times: user=0.06 sys=0.00, real=0.01 secs] 
2014-07-07T21:34:30.851+0000: 2372.871: [GC [PSYoungGen: 447936K->633K(433728K)] 778471K->331584K(1120704K), 0.0142820 secs] [Times: user=0.08 sys=0.00, real=0.01 secs] 
2014-07-07T21:34:32.156+0000: 2374.176: [GC [PSYoungGen: 433721K->815K(420352K)] 764672K->331813K(1107328K), 0.0071350 secs] [Times: user=0.04 sys=0.00, real=0.01 secs] 
2014-07-07T21:34:33.415+0000: 2375.435: [GC [PSYoungGen: 420335K->608K(407168K)] 751333K->331818K(1094144K), 0.0060530 secs] [Times: user=0.04 sys=0.00, real=0.01 secs] 
2014-07-07T21:34:34.655+0000: 2376.675: [GC [PSYoungGen: 407136K->594K(394752K)] 738346K->331860K(1081728K), 0.0063930 secs] [Times: user=0.04 sys=0.00, real=0.01 secs] 
2014-07-07T21:34:35.825+0000: 2377.845: [GC [PSYoungGen: 394706K->970K(383232K)] 725972K->332277K(1070208K), 0.0081910 secs] [Times: user=0.02 sys=0.00, real=0.01 secs] 
2014-07-07T21:34:36.957+0000: 2378.977: [GC [PSYoungGen: 383174K->930K(371776K)] 714481K->332276K(1058752K), 0.0084020 secs] [Times: user=0.05 sys=0.00, real=0.01 secs] 
2014-07-07T21:34:38.050+0000: 2380.070: [GC [PSYoungGen: 371746K->608K(360576K)] 703092K->332345K(1047552K), 0.0048200 secs] [Times: user=0.02 sys=0.00, real=0.01 secs] 
2014-07-07T21:34:39.125+0000: 2381.145: [GC [PSYoungGen: 360508K->1273K(350784K)] 692245K->333042K(1037760K), 0.0052710 secs] [Times: user=0.02 sys=0.00, real=0.00 secs] 
2014-07-07T21:34:40.207+0000: 2382.227: [GC [PSYoungGen: 350777K->690K(340160K)] 682546K->332613K(1027136K), 0.0099400 secs] [Times: user=0.06 sys=0.00, real=0.01 secs] 
2014-07-07T21:34:41.220+0000: 2383.240: [GC [PSYoungGen: 340146K->730K(330624K)] 672069K->332709K(1017600K), 0.0085730 secs] [Times: user=0.06 sys=0.00, real=0.01 secs] 
2014-07-07T21:34:42.214+0000: 2384.234: [GC [PSYoungGen: 330573K->822K(321472K)] 662552K->332881K(1008448K), 0.0040420 secs] [Times: user=0.02 sys=0.00, real=0.00 secs] 
2014-07-07T21:34:43.194+0000: 2385.214: [GC [PSYoungGen: 321462K->1180K(313024K)] 653521K->333295K(1000000K), 0.0050690 secs] [Times: user=0.02 sys=0.00, real=0.00 secs] 
2014-07-07T21:34:44.110+0000: 2386.130: [GC [PSYoungGen: 312988K->694K(304000K)] 645103K->333127K(990976K), 0.0079730 secs] [Times: user=0.03 sys=0.00, real=0.01 secs] 
2014-07-07T21:34:45.021+0000: 2387.041: [GC [PSYoungGen: 303990K->854K(296000K)] 636423K->333359K(982976K), 0.0078710 secs] [Times: user=0.04 sys=0.00, real=0.01 secs] 
2014-07-07T21:34:45.893+0000: 2387.913: [GC [PSYoungGen: 295957K->658K(287936K)] 628462K->333293K(974912K), 0.0078180 secs] [Times: user=0.05 sys=0.00, real=0.00 secs] 
2014-07-07T21:34:46.734+0000: 2388.754: [GC [PSYoungGen: 287885K->1320K(281024K)] 620520K->334019K(968000K), 0.0062500 secs] [Times: user=0.03 sys=0.00, real=0.00 secs] 
2014-07-07T21:34:47.565+0000: 2389.585: [GC [PSYoungGen: 280999K->694K(273152K)] 613698K->333593K(960128K), 0.0045080 secs] [Times: user=0.03 sys=0.00, real=0.00 secs] 
2014-07-07T21:34:48.379+0000: 2390.399: [GC [PSYoungGen: 273094K->826K(266304K)] 605993K->333797K(953280K), 0.0058430 secs] [Times: user=0.04 sys=0.00, real=0.01 secs] 
2014-07-07T21:34:49.169+0000: 2391.189: [GC [PSYoungGen: 266298K->900K(259712K)] 599269K->333999K(946688K), 0.0037700 secs] [Times: user=0.02 sys=0.00, real=0.01 secs] 
2014-07-07T21:34:49.961+0000: 2391.981: [GC [PSYoungGen: 259652K->1056K(253376K)] 592751K->334196K(940352K), 0.0085370 secs] [Times: user=0.04 sys=0.00, real=0.01 secs] 
2014-07-07T21:34:50.702+0000: 2392.722: [GC [PSYoungGen: 253344K->794K(246912K)] 586484K->334089K(933888K), 0.0042680 secs] [Times: user=0.02 sys=0.00, real=0.01 secs] 
2014-07-07T21:34:51.436+0000: 2393.456: [GC [PSYoungGen: 246861K->680K(240832K)] 580156K->334047K(927808K), 0.0070520 secs] [Times: user=0.04 sys=0.00, real=0.01 secs] 
2014-07-07T21:34:52.161+0000: 2394.181: [GC [PSYoungGen: 240808K->890K(235264K)] 574175K->334337K(922240K), 0.0036800 secs] [Times: user=0.02 sys=0.00, real=0.01 secs] 
2014-07-07T21:34:52.864+0000: 2394.884: [GC [PSYoungGen: 235258K->1056K(229888K)] 568705K->334544K(916864K), 0.0111100 secs] [Times: user=0.04 sys=0.00, real=0.01 secs] 
2014-07-07T21:34:53.557+0000: 2395.577: [GC [PSYoungGen: 229856K->562K(224000K)] 563344K->334105K(910976K), 0.0051500 secs] [Times: user=0.03 sys=0.00, real=0.00 secs] 
2014-07-07T21:34:54.225+0000: 2396.245: [GC [PSYoungGen: 223986K->754K(219008K)] 557529K->334361K(905984K), 0.0075710 secs] [Times: user=0.03 sys=0.00, real=0.01 secs] 
2014-07-07T21:34:54.884+0000: 2396.904: [GC [PSYoungGen: 218994K->840K(214144K)] 552601K->334519K(901120K), 0.0062910 secs] [Times: user=0.04 sys=0.00, real=0.00 secs] 
2014-07-07T21:34:55.511+0000: 2397.531: [GC [PSYoungGen: 214087K->850K(209344K)] 547767K->334593K(896320K), 0.0076250 secs] [Times: user=0.05 sys=0.00, real=0.01 secs] 
2014-07-07T21:34:56.140+0000: 2398.160: [GC [PSYoungGen: 209264K->817K(204672K)] 543008K->334796K(891648K), 0.0045970 secs] [Times: user=0.02 sys=0.00, real=0.01 secs] 
2014-07-07T21:34:56.734+0000: 2398.754: [GC [PSYoungGen: 204657K->1260K(200640K)] 538636K->335532K(887616K), 0.0075110 secs] [Times: user=0.05 sys=0.00, real=0.00 secs] 
2014-07-07T21:34:57.342+0000: 2399.363: [GC [PSYoungGen: 200581K->508K(239744K)] 534853K->335929K(926720K), 0.0071000 secs] [Times: user=0.05 sys=0.00, real=0.01 secs] 
2014-07-07T21:34:58.048+0000: 2400.068: [GC [PSYoungGen: 239740K->1076K(288192K)] 575161K->336579K(975168K), 0.0107110 secs] [Times: user=0.06 sys=0.00, real=0.01 secs] 
2014-07-07T21:34:58.912+0000: 2400.932: [GC [PSYoungGen: 288180K->594K(280192K)] 623683K->336653K(967168K), 0.0043050 secs] [Times: user=0.02 sys=0.00, real=0.01 secs] 
2014-07-07T21:34:59.740+0000: 2401.760: [GC [PSYoungGen: 280146K->616K(272960K)] 616205K->336723K(959936K), 0.0071450 secs] [Times: user=0.04 sys=0.00, real=0.01 secs] 
2014-07-07T21:35:00.571+0000: 2402.591: [GC [PSYoungGen: 272936K->908K(266304K)] 609043K->337071K(953280K), 0.0037280 secs] [Times: user=0.02 sys=0.00, real=0.01 secs] 
2014-07-07T21:35:01.379+0000: 2403.400: [GC [PSYoungGen: 266252K->914K(259584K)] 602415K->337149K(946560K), 0.0092120 secs] [Times: user=0.03 sys=0.00, real=0.01 secs] 
2014-07-07T21:35:02.162+0000: 2404.182: [GC [PSYoungGen: 259538K->908K(253120K)] 595773K->337191K(940096K), 0.0101840 secs] [Times: user=0.06 sys=0.01, real=0.01 secs] 
2014-07-07T21:35:02.926+0000: 2404.946: [GC [PSYoungGen: 253068K->1118K(247104K)] 589351K->337481K(934080K), 0.0035430 secs] [Times: user=0.02 sys=0.00, real=0.00 secs] 
2014-07-07T21:35:03.656+0000: 2405.676: [GC [PSYoungGen: 247070K->893K(240896K)] 583433K->337352K(927872K), 0.0096250 secs] [Times: user=0.06 sys=0.00, real=0.01 secs] 
2014-07-07T21:35:04.394+0000: 2406.414: [GC [PSYoungGen: 240893K->640K(234880K)] 577352K->337171K(921856K), 0.0067250 secs] [Times: user=0.04 sys=0.00, real=0.01 secs] 
2014-07-07T21:35:05.106+0000: 2407.126: [GC [PSYoungGen: 234880K->976K(229696K)] 571411K->337579K(916672K), 0.0036270 secs] [Times: user=0.02 sys=0.00, real=0.00 secs] 
2014-07-07T21:35:05.804+0000: 2407.824: [GC [PSYoungGen: 229648K->626K(224000K)] 566251K->337325K(910976K), 0.0066820 secs] [Times: user=0.04 sys=0.00, real=0.01 secs] 
2014-07-07T21:35:06.472+0000: 2408.492: [GC [PSYoungGen: 223986K->764K(218944K)] 560685K->337479K(905920K), 0.0079350 secs] [Times: user=0.02 sys=0.01, real=0.01 secs] 
2014-07-07T21:35:07.128+0000: 2409.148: [GC [PSYoungGen: 218940K->840K(214080K)] 555655K->337611K(901056K), 0.0075230 secs] [Times: user=0.02 sys=0.00, real=0.01 secs] 
2014-07-07T21:35:07.767+0000: 2409.787: [GC [PSYoungGen: 214024K->889K(209280K)] 550795K->337732K(896256K), 0.0061400 secs] [Times: user=0.04 sys=0.00, real=0.00 secs] 
2014-07-07T21:35:08.392+0000: 2410.412: [GC [PSYoungGen: 209273K->690K(250816K)] 546116K->337629K(937792K), 0.0076490 secs] [Times: user=0.06 sys=0.00, real=0.01 secs] 
2014-07-07T21:35:09.129+0000: 2411.149: [GC [PSYoungGen: 250762K->776K(244800K)] 587701K->337779K(931776K), 0.0070630 secs] [Times: user=0.04 sys=0.00, real=0.01 secs] 
2014-07-07T21:35:09.865+0000: 2411.885: [GC [PSYoungGen: 244744K->946K(239040K)] 581747K->338013K(926016K), 0.0052870 secs] [Times: user=0.02 sys=0.00, real=0.00 secs] 
2014-07-07T21:35:10.567+0000: 2412.587: [GC [PSYoungGen: 238979K->819K(233216K)] 576046K->338077K(920192K), 0.0037680 secs] [Times: user=0.02 sys=0.00, real=0.00 secs] 
2014-07-07T21:35:11.268+0000: 2413.288: [GC [PSYoungGen: 233162K->744K(227648K)] 570420K->338066K(914624K), 0.0059130 secs] [Times: user=0.03 sys=0.00, real=0.00 secs] 
2014-07-07T21:35:11.970+0000: 2413.990: [GC [PSYoungGen: 227624K->1020K(222656K)] 564946K->338382K(909632K), 0.0047100 secs] [Times: user=0.01 sys=0.00, real=0.00 secs] 
2014-07-07T21:35:12.631+0000: 2414.651: [GC [PSYoungGen: 222652K->594K(217152K)] 560014K->338020K(904128K), 0.0058950 secs] [Times: user=0.03 sys=0.00, real=0.01 secs] 
2014-07-07T21:35:13.281+0000: 2415.301: [GC [PSYoungGen: 217106K->658K(212288K)] 554532K->338172K(899264K), 0.0039460 secs] [Times: user=0.03 sys=0.00, real=0.00 secs] 
2014-07-07T21:35:13.901+0000: 2415.921: [GC [PSYoungGen: 212218K->1274K(208128K)] 549732K->338926K(895104K), 0.0069940 secs] [Times: user=0.04 sys=0.00, real=0.01 secs] 
2014-07-07T21:35:14.516+0000: 2416.536: [GC [PSYoungGen: 208122K->562K(202880K)] 545774K->338278K(889856K), 0.0086520 secs] [Times: user=0.05 sys=0.00, real=0.00 secs] 
2014-07-07T21:35:15.125+0000: 2417.145: [GC [PSYoungGen: 202866K->1044K(243904K)] 540582K->338840K(930880K), 0.0070550 secs] [Times: user=0.04 sys=0.00, real=0.01 secs] 
2014-07-07T21:35:15.848+0000: 2417.868: [GC [PSYoungGen: 243828K->1146K(238080K)] 581624K->338990K(925056K), 0.0068560 secs] [Times: user=0.04 sys=0.00, real=0.00 secs] 
2014-07-07T21:35:16.576+0000: 2418.597: [GC [PSYoungGen: 238074K->544K(231872K)] 575918K->338444K(918848K), 0.0035290 secs] [Times: user=0.02 sys=0.00, real=0.00 secs] 
2014-07-07T21:35:17.265+0000: 2419.285: [GC [PSYoungGen: 231803K->562K(226432K)] 569704K->338510K(913408K), 0.0089860 secs] [Times: user=0.05 sys=0.00, real=0.01 secs] 
2014-07-07T21:35:17.922+0000: 2419.942: [GC [PSYoungGen: 226418K->1000K(272064K)] 564366K->338996K(959040K), 0.0100120 secs] [Times: user=0.07 sys=0.00, real=0.01 secs] 
2014-07-07T21:35:18.730+0000: 2420.750: [GC [PSYoungGen: 272040K->758K(264896K)] 610036K->338818K(951872K), 0.0037670 secs] [Times: user=0.02 sys=0.00, real=0.00 secs] 
2014-07-07T21:35:19.512+0000: 2421.532: [GC [PSYoungGen: 264878K->912K(258432K)] 602938K->339028K(945408K), 0.0073060 secs] [Times: user=0.04 sys=0.00, real=0.01 secs] 
2014-07-07T21:35:20.279+0000: 2422.299: [GC [PSYoungGen: 258384K->772K(251904K)] 596500K->338952K(938880K), 0.0069310 secs] [Times: user=0.02 sys=0.00, real=0.00 secs] 
2014-07-07T21:35:21.032+0000: 2423.052: [GC [PSYoungGen: 251844K->1391K(246336K)] 590024K->339823K(933312K), 0.0049080 secs] [Times: user=0.02 sys=0.00, real=0.00 secs] 
2014-07-07T21:35:21.777+0000: 2423.797: [GC [PSYoungGen: 246318K->616K(294592K)] 584750K->339096K(981568K), 0.0144580 secs] [Times: user=0.08 sys=0.00, real=0.01 secs] 
2014-07-07T21:35:22.660+0000: 2424.680: [GC [PSYoungGen: 294541K->1050K(353856K)] 633021K->339610K(1040832K), 0.0062190 secs] [Times: user=0.04 sys=0.00, real=0.00 secs] 
2014-07-07T21:35:23.711+0000: 2425.731: [GC [PSYoungGen: 353818K->722K(343360K)] 692378K->339428K(1030336K), 0.0078750 secs] [Times: user=0.04 sys=0.00, real=0.01 secs] 
2014-07-07T21:35:24.727+0000: 2426.748: [GC [PSYoungGen: 343314K->722K(333632K)] 682020K->339484K(1020608K), 0.0108380 secs] [Times: user=0.06 sys=0.00, real=0.02 secs] 
2014-07-07T21:35:25.731+0000: 2427.751: [GC [PSYoungGen: 333586K->921K(324480K)] 672348K->339747K(1011456K), 0.0084690 secs] [Times: user=0.05 sys=0.01, real=0.01 secs] 
2014-07-07T21:35:26.727+0000: 2428.747: [GC [PSYoungGen: 324441K->850K(315456K)] 663267K->339764K(1002432K), 0.0073550 secs] [Times: user=0.05 sys=0.00, real=0.01 secs] 
2014-07-07T21:35:27.659+0000: 2429.679: [GC [PSYoungGen: 315391K->666K(306624K)] 654305K->339620K(993600K), 0.0075180 secs] [Times: user=0.04 sys=0.00, real=0.00 secs] 
2014-07-07T21:35:28.582+0000: 2430.602: [GC [PSYoungGen: 306510K->729K(298432K)] 645464K->339731K(985408K), 0.0089010 secs] [Times: user=0.04 sys=0.00, real=0.01 secs] 
2014-07-07T21:35:29.474+0000: 2431.494: [GC [PSYoungGen: 298356K->1036K(290816K)] 637358K->340110K(977792K), 0.0060240 secs] [Times: user=0.03 sys=0.01, real=0.01 secs] 
2014-07-07T21:35:30.346+0000: 2432.366: [GC [PSYoungGen: 290743K->992K(283136K)] 629818K->340091K(970112K), 0.0052560 secs] [Times: user=0.02 sys=0.00, real=0.01 secs] 
2014-07-07T21:35:31.191+0000: 2433.211: [GC [PSYoungGen: 283104K->754K(275520K)] 622203K->339956K(962496K), 0.0044250 secs] [Times: user=0.02 sys=0.00, real=0.00 secs] 
2014-07-07T21:35:32.021+0000: 2434.041: [GC [PSYoungGen: 275506K->804K(268544K)] 614708K->340070K(955520K), 0.0059600 secs] [Times: user=0.04 sys=0.00, real=0.00 secs] 
2014-07-07T21:35:32.823+0000: 2434.843: [GC [PSYoungGen: 268516K->544K(261504K)] 607782K->339858K(948480K), 0.0096090 secs] [Times: user=0.05 sys=0.00, real=0.01 secs] 
2014-07-07T21:35:33.603+0000: 2435.623: [GC [PSYoungGen: 261472K->982K(255424K)] 600786K->340360K(942400K), 0.0075370 secs] [Times: user=0.04 sys=0.00, real=0.01 secs] 
2014-07-07T21:35:34.362+0000: 2436.382: [GC [PSYoungGen: 255374K->1138K(306432K)] 594753K->340719K(993408K), 0.0129460 secs] [Times: user=0.07 sys=0.00, real=0.01 secs] 
2014-07-07T21:35:35.282+0000: 2437.302: [GC [PSYoungGen: 306418K->886K(297920K)] 645999K->340572K(984896K), 0.0039850 secs] [Times: user=0.01 sys=0.00, real=0.00 secs] 
2014-07-07T21:35:36.153+0000: 2438.173: [GC [PSYoungGen: 297908K->836K(289984K)] 637595K->340602K(976960K), 0.0046560 secs] [Times: user=0.02 sys=0.00, real=0.01 secs] 
2014-07-07T21:35:37.033+0000: 2439.053: [GC [PSYoungGen: 289924K->986K(282496K)] 629690K->340784K(969472K), 0.0128520 secs] [Times: user=0.07 sys=0.00, real=0.01 secs] 
2014-07-07T21:35:37.867+0000: 2439.887: [GC [PSYoungGen: 282458K->936K(338752K)] 622256K->341151K(1025728K), 0.0133460 secs] [Times: user=0.08 sys=0.00, real=0.02 secs] 
2014-07-07T21:35:38.886+0000: 2440.906: [GC [PSYoungGen: 338728K->982K(406400K)] 678943K->341237K(1093376K), 0.0080740 secs] [Times: user=0.05 sys=0.00, real=0.01 secs] 
2014-07-07T21:35:40.123+0000: 2442.144: [GC [PSYoungGen: 406358K->912K(393984K)] 746613K->341281K(1080960K), 0.0079390 secs] [Times: user=0.06 sys=0.00, real=0.01 secs] 
2014-07-07T21:35:41.304+0000: 2443.324: [GC [PSYoungGen: 393931K->680K(381888K)] 734299K->341096K(1068864K), 0.0072500 secs] [Times: user=0.04 sys=0.00, real=0.01 secs] 
2014-07-07T21:35:42.454+0000: 2444.474: [GC [PSYoungGen: 381864K->864K(370752K)] 722280K->341345K(1057728K), 0.0051830 secs] [Times: user=0.02 sys=0.00, real=0.00 secs] 
2014-07-07T21:35:43.577+0000: 2445.597: [GC [PSYoungGen: 370720K->854K(359872K)] 711201K->341390K(1046848K), 0.0063870 secs] [Times: user=0.02 sys=0.00, real=0.01 secs] 
2014-07-07T21:35:44.680+0000: 2446.700: [GC [PSYoungGen: 359830K->1078K(349632K)] 700366K->341721K(1036608K), 0.0078630 secs] [Times: user=0.04 sys=0.00, real=0.01 secs] 
2014-07-07T21:35:45.783+0000: 2447.803: [GC [PSYoungGen: 349622K->768K(339328K)] 690265K->341506K(1026304K), 0.0040520 secs] [Times: user=0.02 sys=0.00, real=0.00 secs] 
2014-07-07T21:35:46.806+0000: 2448.826: [GC [PSYoungGen: 339328K->1010K(329984K)] 680066K->341895K(1016960K), 0.0070570 secs] [Times: user=0.04 sys=0.00, real=0.01 secs] 
2014-07-07T21:35:47.830+0000: 2449.850: [GC [PSYoungGen: 329930K->798K(320576K)] 670815K->341723K(1007552K), 0.0083550 secs] [Times: user=0.04 sys=0.01, real=0.01 secs] 
2014-07-07T21:35:48.818+0000: 2450.838: [GC [PSYoungGen: 320542K->822K(311744K)] 661467K->341802K(998720K), 0.0133000 secs] [Times: user=0.07 sys=0.00, real=0.02 secs] 
2014-07-07T21:35:49.757+0000: 2451.777: [GC [PSYoungGen: 311717K->1078K(303552K)] 652698K->342163K(990528K), 0.0056510 secs] [Times: user=0.04 sys=0.00, real=0.01 secs] 
2014-07-07T21:35:50.669+0000: 2452.690: [GC [PSYoungGen: 303542K->804K(295168K)] 644627K->341992K(982144K), 0.0071040 secs] [Times: user=0.05 sys=0.00, real=0.01 secs] 
2014-07-07T21:35:51.546+0000: 2453.566: [GC [PSYoungGen: 295117K->854K(287424K)] 636306K->342122K(974400K), 0.0055740 secs] [Times: user=0.02 sys=0.00, real=0.00 secs] 
2014-07-07T21:35:52.426+0000: 2454.446: [GC [PSYoungGen: 287382K->772K(279872K)] 628650K->342096K(966848K), 0.0111980 secs] [Times: user=0.05 sys=0.01, real=0.01 secs] 
2014-07-07T21:35:53.287+0000: 2455.307: [GC [PSYoungGen: 279812K->718K(272576K)] 621136K->342083K(959552K), 0.0040080 secs] [Times: user=0.02 sys=0.00, real=0.00 secs] 
2014-07-07T21:35:54.077+0000: 2456.097: [GC [PSYoungGen: 272526K->498K(265408K)] 613891K->341902K(952384K), 0.0078540 secs] [Times: user=0.04 sys=0.00, real=0.01 secs] 
2014-07-07T21:35:54.865+0000: 2456.885: [GC [PSYoungGen: 265393K->944K(259200K)] 606798K->342413K(946176K), 0.0076930 secs] [Times: user=0.04 sys=0.00, real=0.01 secs] 
2014-07-07T21:35:55.654+0000: 2457.674: [GC [PSYoungGen: 259184K->640K(252480K)] 600653K->342164K(939456K), 0.0051640 secs] [Times: user=0.03 sys=0.00, real=0.00 secs] 
2014-07-07T21:35:56.399+0000: 2458.419: [GC [PSYoungGen: 252480K->1277K(246912K)] 594004K->342924K(933888K), 0.0034490 secs] [Times: user=0.02 sys=0.00, real=0.01 secs] 
2014-07-07T21:35:57.154+0000: 2459.174: [GC [PSYoungGen: 246909K->694K(240384K)] 588556K->342444K(927360K), 0.0134250 secs] [Times: user=0.07 sys=0.01, real=0.01 secs] 
2014-07-07T21:35:57.879+0000: 2459.899: [GC [PSYoungGen: 240327K->726K(288384K)] 582078K->342500K(975360K), 0.0151900 secs] [Times: user=0.09 sys=0.00, real=0.02 secs] 
2014-07-07T21:35:58.751+0000: 2460.771: [GC [PSYoungGen: 288342K->1169K(346368K)] 630116K->342984K(1033344K), 0.0060210 secs] [Times: user=0.02 sys=0.00, real=0.01 secs] 
2014-07-07T21:35:59.811+0000: 2461.831: [GC [PSYoungGen: 346321K->1330K(336640K)] 688136K->343201K(1023616K), 0.0050420 secs] [Times: user=0.02 sys=0.00, real=0.01 secs] 
2014-07-07T21:36:00.809+0000: 2462.829: [GC [PSYoungGen: 336626K->444K(326272K)] 678497K->342811K(1013248K), 0.0072710 secs] [Times: user=0.04 sys=0.00, real=0.01 secs] 
2014-07-07T21:36:01.778+0000: 2463.798: [GC [PSYoungGen: 326268K->1336K(318080K)] 668635K->343791K(1005056K), 0.0060980 secs] [Times: user=0.04 sys=0.01, real=0.01 secs] 
2014-07-07T21:36:02.706+0000: 2464.726: [GC [PSYoungGen: 318072K->594K(308672K)] 660527K->343253K(995648K), 0.0093380 secs] [Times: user=0.06 sys=0.00, real=0.01 secs] 
2014-07-07T21:36:03.641+0000: 2465.662: [GC [PSYoungGen: 308601K->812K(300480K)] 651260K->343519K(987456K), 0.0077260 secs] [Times: user=0.04 sys=0.00, real=0.01 secs] 
2014-07-07T21:36:04.552+0000: 2466.572: [GC [PSYoungGen: 300460K->666K(292352K)] 643167K->343437K(979328K), 0.0045060 secs] [Times: user=0.02 sys=0.00, real=0.01 secs] 
2014-07-07T21:36:05.450+0000: 2467.470: [GC [PSYoungGen: 292314K->640K(284608K)] 635085K->343515K(971584K), 0.0082520 secs] [Times: user=0.06 sys=0.00, real=0.01 secs] 
2014-07-07T21:36:06.292+0000: 2468.313: [GC [PSYoungGen: 284608K->1387K(277952K)] 627483K->344310K(964928K), 0.0043920 secs] [Times: user=0.02 sys=0.00, real=0.01 secs] 
2014-07-07T21:36:07.127+0000: 2469.147: [GC [PSYoungGen: 277931K->900K(270400K)] 620854K->343879K(957376K), 0.0110790 secs] [Times: user=0.07 sys=0.01, real=0.01 secs] 
2014-07-07T21:36:07.926+0000: 2469.946: [GC [PSYoungGen: 270296K->950K(263552K)] 613275K->343993K(950528K), 0.0051040 secs] [Times: user=0.02 sys=0.00, real=0.00 secs] 
2014-07-07T21:36:08.705+0000: 2470.725: [GC [PSYoungGen: 263542K->612K(256640K)] 606585K->343711K(943616K), 0.0102630 secs] [Times: user=0.07 sys=0.01, real=0.01 secs] 
2014-07-07T21:36:09.496+0000: 2471.516: [GC [PSYoungGen: 256612K->726K(250432K)] 599711K->343889K(937408K), 0.0073240 secs] [Times: user=0.04 sys=0.00, real=0.00 secs] 
2014-07-07T21:36:10.239+0000: 2472.259: [GC [PSYoungGen: 250390K->648K(244288K)] 593553K->343867K(931264K), 0.0055700 secs] [Times: user=0.03 sys=0.00, real=0.00 secs] 
2014-07-07T21:36:10.976+0000: 2472.996: [GC [PSYoungGen: 244221K->826K(238528K)] 587441K->344093K(925504K), 0.0045480 secs] [Times: user=0.03 sys=0.00, real=0.00 secs] 
2014-07-07T21:36:11.674+0000: 2473.694: [GC [PSYoungGen: 238522K->612K(232640K)] 581789K->343943K(919616K), 0.0076970 secs] [Times: user=0.04 sys=0.00, real=0.01 secs] 
2014-07-07T21:36:12.364+0000: 2474.384: [GC [PSYoungGen: 232612K->1397K(227968K)] 575943K->344924K(914944K), 0.0074440 secs] [Times: user=0.04 sys=0.00, real=0.01 secs] 
2014-07-07T21:36:13.031+0000: 2475.052: [GC [PSYoungGen: 227957K->1162K(273088K)] 571484K->344730K(960064K), 0.0132220 secs] [Times: user=0.06 sys=0.00, real=0.01 secs] 
2014-07-07T21:36:13.843+0000: 2475.863: [GC [PSYoungGen: 273009K->767K(327040K)] 616577K->344659K(1014016K), 0.0084980 secs] [Times: user=0.05 sys=0.00, real=0.01 secs] 
2014-07-07T21:36:14.851+0000: 2476.871: [GC [PSYoungGen: 327039K->972K(392576K)] 670931K->344903K(1079552K), 0.0097140 secs] [Times: user=0.04 sys=0.01, real=0.01 secs] 
2014-07-07T21:36:16.037+0000: 2478.057: [GC [PSYoungGen: 392524K->780K(380608K)] 736455K->344975K(1067584K), 0.0039370 secs] [Times: user=0.02 sys=0.00, real=0.00 secs] 
2014-07-07T21:36:17.179+0000: 2479.199: [GC [PSYoungGen: 380550K->1142K(369664K)] 724745K->345393K(1056640K), 0.0055750 secs] [Times: user=0.02 sys=0.00, real=0.00 secs] 
2014-07-07T21:36:18.286+0000: 2480.306: [GC [PSYoungGen: 369654K->640K(358336K)] 713905K->344955K(1045312K), 0.0057820 secs] [Times: user=0.02 sys=0.00, real=0.00 secs] 
2014-07-07T21:36:19.397+0000: 2481.417: [GC [PSYoungGen: 358336K->815K(348160K)] 702651K->345170K(1035136K), 0.0092670 secs] [Times: user=0.06 sys=0.00, real=0.01 secs] 
2014-07-07T21:36:20.427+0000: 2482.447: [GC [PSYoungGen: 348143K->594K(338048K)] 692498K->345021K(1025024K), 0.0082730 secs] [Times: user=0.05 sys=0.01, real=0.00 secs] 
2014-07-07T21:36:21.417+0000: 2483.437: [GC [PSYoungGen: 337988K->906K(328832K)] 682416K->345397K(1015808K), 0.0070050 secs] [Times: user=0.04 sys=0.00, real=0.00 secs] 
2014-07-07T21:36:22.397+0000: 2484.417: [GC [PSYoungGen: 328765K->690K(319424K)] 673257K->345237K(1006400K), 0.0055440 secs] [Times: user=0.02 sys=0.00, real=0.00 secs] 
2014-07-07T21:36:23.345+0000: 2485.365: [GC [PSYoungGen: 319407K->926K(310912K)] 663954K->345529K(997888K), 0.0054260 secs] [Times: user=0.01 sys=0.01, real=0.01 secs] 
2014-07-07T21:36:24.270+0000: 2486.290: [GC [PSYoungGen: 310878K->1134K(302656K)] 655481K->345818K(989632K), 0.0042150 secs] [Times: user=0.02 sys=0.00, real=0.00 secs] 
2014-07-07T21:36:25.160+0000: 2487.180: [GC [PSYoungGen: 302633K->942K(294400K)] 647317K->345706K(981376K), 0.0093190 secs] [Times: user=0.06 sys=0.00, real=0.01 secs] 
2014-07-07T21:36:26.034+0000: 2488.054: [GC [PSYoungGen: 294382K->808K(286464K)] 639146K->345627K(973440K), 0.0083840 secs] [Times: user=0.02 sys=0.00, real=0.01 secs] 
2014-07-07T21:36:26.889+0000: 2488.909: [GC [PSYoungGen: 286440K->594K(278784K)] 631259K->345469K(965760K), 0.0067310 secs] [Times: user=0.04 sys=0.01, real=0.00 secs] 
2014-07-07T21:36:27.715+0000: 2489.735: [GC [PSYoungGen: 278724K->1018K(272000K)] 623599K->345933K(958976K), 0.0076370 secs] [Times: user=0.03 sys=0.00, real=0.01 secs] 
2014-07-07T21:36:28.542+0000: 2490.562: [GC [PSYoungGen: 271994K->672K(264768K)] 616909K->345691K(951744K), 0.0040320 secs] [Times: user=0.02 sys=0.00, real=0.00 secs] 
2014-07-07T21:36:29.350+0000: 2491.370: [GC [PSYoungGen: 264736K->862K(258304K)] 609755K->345945K(945280K), 0.0063300 secs] [Times: user=0.04 sys=0.00, real=0.00 secs] 
2014-07-07T21:36:30.107+0000: 2492.128: [GC [PSYoungGen: 258270K->1170K(252224K)] 603353K->346302K(939200K), 0.0041360 secs] [Times: user=0.02 sys=0.00, real=0.01 secs] 
2014-07-07T21:36:30.849+0000: 2492.869: [GC [PSYoungGen: 252178K->611K(245504K)] 597310K->346112K(932480K), 0.0092620 secs] [Times: user=0.06 sys=0.00, real=0.01 secs] 
2014-07-07T21:36:31.581+0000: 2493.601: [GC [PSYoungGen: 245475K->626K(239552K)] 590976K->346198K(926528K), 0.0053280 secs] [Times: user=0.04 sys=0.00, real=0.00 secs] 
2014-07-07T21:36:32.301+0000: 2494.321: [GC [PSYoungGen: 239538K->544K(233792K)] 585110K->346204K(920768K), 0.0033110 secs] [Times: user=0.02 sys=0.00, real=0.00 secs] 
2014-07-07T21:36:32.988+0000: 2495.008: [GC [PSYoungGen: 233760K->704K(228416K)] 579420K->346420K(915392K), 0.0049090 secs] [Times: user=0.02 sys=0.00, real=0.01 secs] 
2014-07-07T21:36:33.651+0000: 2495.672: [GC [PSYoungGen: 228416K->576K(222976K)] 574132K->346324K(909952K), 0.0081770 secs] [Times: user=0.03 sys=0.00, real=0.01 secs] 
2014-07-07T21:36:34.337+0000: 2496.357: [GC [PSYoungGen: 222976K->608K(217920K)] 568724K->346444K(904896K), 0.0086040 secs] [Times: user=0.06 sys=0.01, real=0.01 secs] 
2014-07-07T21:36:35.006+0000: 2497.026: [GC [PSYoungGen: 217888K->921K(261696K)] 563724K->346845K(948672K), 0.0094440 secs] [Times: user=0.05 sys=0.01, real=0.01 secs] 
2014-07-07T21:36:35.763+0000: 2497.783: [GC [PSYoungGen: 261657K->772K(255040K)] 607581K->346760K(942016K), 0.0062270 secs] [Times: user=0.02 sys=0.00, real=0.01 secs] 
2014-07-07T21:36:36.539+0000: 2498.559: [GC [PSYoungGen: 254980K->544K(248512K)] 600968K->346604K(935488K), 0.0033240 secs] [Times: user=0.02 sys=0.00, real=0.00 secs] 
2014-07-07T21:36:37.274+0000: 2499.294: [GC [PSYoungGen: 248480K->786K(242752K)] 594540K->346910K(929728K), 0.0098750 secs] [Times: user=0.06 sys=0.00, real=0.01 secs] 
2014-07-07T21:36:37.991+0000: 2500.011: [GC [PSYoungGen: 242706K->1202K(237312K)] 588830K->347449K(924288K), 0.0049110 secs] [Times: user=0.02 sys=0.00, real=0.00 secs] 
2014-07-07T21:36:38.684+0000: 2500.704: [GC [PSYoungGen: 237298K->694K(231168K)] 583545K->347004K(918144K), 0.0060130 secs] [Times: user=0.04 sys=0.00, real=0.01 secs] 
2014-07-07T21:36:39.395+0000: 2501.415: [GC [PSYoungGen: 231158K->594K(225728K)] 577468K->346960K(912704K), 0.0034970 secs] [Times: user=0.02 sys=0.00, real=0.00 secs] 
2014-07-07T21:36:40.064+0000: 2502.084: [GC [PSYoungGen: 225637K->562K(220480K)] 572004K->346976K(907456K), 0.0076790 secs] [Times: user=0.04 sys=0.00, real=0.01 secs] 
2014-07-07T21:36:40.709+0000: 2502.729: [GC [PSYoungGen: 220466K->640K(215488K)] 566880K->347158K(902464K), 0.0081130 secs] [Times: user=0.06 sys=0.00, real=0.01 secs] 
2014-07-07T21:36:41.369+0000: 2503.389: [GC [PSYoungGen: 215488K->986K(258880K)] 562006K->347592K(945856K), 0.0087280 secs] [Times: user=0.06 sys=0.00, real=0.01 secs] 
2014-07-07T21:36:42.154+0000: 2504.174: [GC [PSYoungGen: 258842K->704K(252160K)] 605448K->347390K(939136K), 0.0039680 secs] [Times: user=0.01 sys=0.01, real=0.00 secs] 
2014-07-07T21:36:42.896+0000: 2504.916: [GC [PSYoungGen: 252160K->840K(246144K)] 598846K->347590K(933120K), 0.0091570 secs] [Times: user=0.06 sys=0.00, real=0.01 secs] 
2014-07-07T21:36:43.638+0000: 2505.658: [GC [PSYoungGen: 246088K->818K(240128K)] 592838K->347632K(927104K), 0.0072080 secs] [Times: user=0.05 sys=0.00, real=0.01 secs] 
2014-07-07T21:36:44.379+0000: 2506.399: [GC [PSYoungGen: 240114K->750K(234304K)] 586928K->347636K(921280K), 0.0038770 secs] [Times: user=0.01 sys=0.00, real=0.01 secs] 
2014-07-07T21:36:45.070+0000: 2507.090: [GC [PSYoungGen: 234286K->875K(228928K)] 581172K->348001K(915904K), 0.0059070 secs] [Times: user=0.03 sys=0.00, real=0.01 secs] 
2014-07-07T21:36:45.734+0000: 2507.754: [GC [PSYoungGen: 228886K->1248K(224000K)] 576012K->348462K(910976K), 0.0041710 secs] [Times: user=0.02 sys=0.00, real=0.00 secs] 
2014-07-07T21:36:46.404+0000: 2508.424: [GC [PSYoungGen: 223968K->438K(218048K)] 571182K->347959K(905024K), 0.0100740 secs] [Times: user=0.05 sys=0.00, real=0.01 secs] 
2014-07-07T21:36:47.051+0000: 2509.071: [GC [PSYoungGen: 218038K->1302K(262464K)] 565559K->348880K(949440K), 0.0091710 secs] [Times: user=0.05 sys=0.01, real=0.01 secs] 
2014-07-07T21:36:47.822+0000: 2509.842: [GC [PSYoungGen: 262422K->754K(255360K)] 610000K->348453K(942336K), 0.0041770 secs] [Times: user=0.02 sys=0.00, real=0.00 secs] 
2014-07-07T21:36:48.583+0000: 2510.603: [GC [PSYoungGen: 255346K->754K(249088K)] 603045K->348517K(936064K), 0.0056620 secs] [Times: user=0.02 sys=0.00, real=0.00 secs] 
2014-07-07T21:36:49.332+0000: 2511.352: [GC [PSYoungGen: 249074K->630K(242880K)] 596837K->348449K(929856K), 0.0065770 secs] [Times: user=0.02 sys=0.00, real=0.00 secs] 
2014-07-07T21:36:50.053+0000: 2512.073: [GC [PSYoungGen: 242869K->780K(291520K)] 590689K->348647K(978496K), 0.0122340 secs] [Times: user=0.07 sys=0.00, real=0.01 secs] 
2014-07-07T21:36:50.929+0000: 2512.949: [GC [PSYoungGen: 291468K->868K(349760K)] 639335K->348791K(1036736K), 0.0148500 secs] [Times: user=0.09 sys=0.00, real=0.02 secs] 
2014-07-07T21:36:51.968+0000: 2513.988: [GC [PSYoungGen: 349732K->594K(339520K)] 697655K->348565K(1026496K), 0.0038810 secs] [Times: user=0.01 sys=0.00, real=0.01 secs] 
2014-07-07T21:36:52.981+0000: 2515.001: [GC [PSYoungGen: 339474K->768K(371072K)] 687445K->348764K(1058048K), 0.0124860 secs] [Times: user=0.08 sys=0.00, real=0.01 secs] 
2014-07-07T21:36:54.088+0000: 2516.108: [GC [PSYoungGen: 370603K->1022K(360000K)] 718598K->349082K(1046976K), 0.0066900 secs] [Times: user=0.03 sys=0.00, real=0.01 secs] 
2014-07-07T21:36:55.158+0000: 2517.178: [GC [PSYoungGen: 359975K->316K(348864K)] 708034K->349208K(1035840K), 0.0096490 secs] [Times: user=0.07 sys=0.00, real=0.01 secs] 
2014-07-07T21:36:56.197+0000: 2518.217: [GC [PSYoungGen: 348835K->1381K(339968K)] 697727K->350313K(1026944K), 0.0094450 secs] [Times: user=0.06 sys=0.00, real=0.01 secs] 
2014-07-07T21:36:57.223+0000: 2519.243: [GC [PSYoungGen: 339941K->644K(329664K)] 688873K->349867K(1016640K), 0.0088740 secs] [Times: user=0.06 sys=0.00, real=0.00 secs] 
2014-07-07T21:36:58.200+0000: 2520.220: [GC [PSYoungGen: 329604K->1022K(320768K)] 678827K->350317K(1007744K), 0.0070080 secs] [Times: user=0.05 sys=0.00, real=0.01 secs] 
2014-07-07T21:36:59.158+0000: 2521.178: [GC [PSYoungGen: 320766K->1006K(311936K)] 670061K->350373K(998912K), 0.0064980 secs] [Times: user=0.02 sys=0.00, real=0.01 secs] 
2014-07-07T21:37:00.088+0000: 2522.108: [GC [PSYoungGen: 311895K->1090K(303616K)] 661262K->350505K(990592K), 0.0049630 secs] [Times: user=0.02 sys=0.00, real=0.01 secs] 
2014-07-07T21:37:00.993+0000: 2523.013: [GC [PSYoungGen: 303554K->808K(295168K)] 652969K->350757K(982144K), 0.0087150 secs] [Times: user=0.05 sys=0.01, real=0.01 secs] 
2014-07-07T21:37:01.863+0000: 2523.883: [GC [PSYoungGen: 295108K->1164K(287744K)] 645058K->351154K(974720K), 0.0057970 secs] [Times: user=0.04 sys=0.00, real=0.00 secs] 
2014-07-07T21:37:02.713+0000: 2524.733: [GC [PSYoungGen: 287692K->694K(279744K)] 637682K->350929K(966720K), 0.0075750 secs] [Times: user=0.04 sys=0.01, real=0.00 secs] 
2014-07-07T21:37:03.557+0000: 2525.577: [GC [PSYoungGen: 279734K->512K(272320K)] 629969K->350811K(959296K), 0.0125720 secs] [Times: user=0.07 sys=0.00, real=0.01 secs] 
2014-07-07T21:37:04.379+0000: 2526.399: [GC [PSYoungGen: 272317K->1011K(265920K)] 622617K->351374K(952896K), 0.0036730 secs] [Times: user=0.02 sys=0.01, real=0.00 secs] 
2014-07-07T21:37:05.169+0000: 2527.189: [GC [PSYoungGen: 265907K->598K(258880K)] 616270K->351001K(945856K), 0.0062960 secs] [Times: user=0.02 sys=0.01, real=0.01 secs] 
2014-07-07T21:37:05.947+0000: 2527.967: [GC [PSYoungGen: 258838K->676K(252544K)] 609241K->351127K(939520K), 0.0070080 secs] [Times: user=0.04 sys=0.00, real=0.01 secs] 
2014-07-07T21:37:06.705+0000: 2528.725: [GC [PSYoungGen: 252515K->740K(246400K)] 602967K->351263K(933376K), 0.0083900 secs] [Times: user=0.05 sys=0.00, real=0.01 secs] 
2014-07-07T21:37:07.445+0000: 2529.465: [GC [PSYoungGen: 246372K->466K(240192K)] 596895K->351053K(927168K), 0.0034040 secs] [Times: user=0.02 sys=0.00, real=0.00 secs] 
2014-07-07T21:37:08.157+0000: 2530.177: [GC [PSYoungGen: 240110K->839K(234816K)] 590698K->351467K(921792K), 0.0105540 secs] [Times: user=0.06 sys=0.00, real=0.01 secs] 
2014-07-07T21:37:08.841+0000: 2530.861: [GC [PSYoungGen: 234759K->690K(229120K)] 585387K->351413K(916096K), 0.0042120 secs] [Times: user=0.02 sys=0.00, real=0.01 secs] 
2014-07-07T21:37:09.548+0000: 2531.568: [GC [PSYoungGen: 229106K->694K(223808K)] 579829K->351465K(910784K), 0.0093220 secs] [Times: user=0.05 sys=0.01, real=0.01 secs] 
2014-07-07T21:37:10.223+0000: 2532.243: [GC [PSYoungGen: 223798K->776K(218816K)] 574569K->351619K(905792K), 0.0071310 secs] [Times: user=0.05 sys=0.00, real=0.01 secs] 
2014-07-07T21:37:10.884+0000: 2532.904: [GC [PSYoungGen: 218743K->1327K(262976K)] 569587K->352234K(949952K), 0.0119350 secs] [Times: user=0.07 sys=0.00, real=0.01 secs] 
2014-07-07T21:37:11.661+0000: 2533.681: [GC [PSYoungGen: 262959K->544K(314560K)] 613866K->351872K(1001536K), 0.0084890 secs] [Times: user=0.06 sys=0.00, real=0.01 secs] 
2014-07-07T21:37:12.617+0000: 2534.637: [GC [PSYoungGen: 314528K->886K(357824K)] 665855K->352261K(1044800K), 0.0093950 secs] [Times: user=0.06 sys=0.00, real=0.01 secs] 
2014-07-07T21:37:13.677+0000: 2535.697: [GC [PSYoungGen: 357231K->762K(346816K)] 708606K->352373K(1033792K), 0.0042850 secs] [Times: user=0.02 sys=0.00, real=0.00 secs] 
2014-07-07T21:37:14.720+0000: 2536.740: [GC [PSYoungGen: 346810K->762K(336960K)] 698421K->352477K(1023936K), 0.0086460 secs] [Times: user=0.06 sys=0.00, real=0.01 secs] 
2014-07-07T21:37:15.766+0000: 2537.786: [GC [PSYoungGen: 336954K->662K(327424K)] 688669K->352449K(1014400K), 0.0088390 secs] [Times: user=0.06 sys=0.00, real=0.00 secs] 
2014-07-07T21:37:16.752+0000: 2538.772: [GC [PSYoungGen: 327382K->846K(318528K)] 679169K->352689K(1005504K), 0.0127080 secs] [Times: user=0.07 sys=0.00, real=0.02 secs] 
2014-07-07T21:37:17.716+0000: 2539.736: [GC [PSYoungGen: 318456K->1107K(310080K)] 670299K->353030K(997056K), 0.0037610 secs] [Times: user=0.02 sys=0.01, real=0.00 secs] 
2014-07-07T21:37:18.622+0000: 2540.642: [GC [PSYoungGen: 310028K->1341K(301888K)] 661951K->353654K(988864K), 0.0076470 secs] [Times: user=0.04 sys=0.01, real=0.01 secs] 
2014-07-07T21:37:19.511+0000: 2541.531: [GC [PSYoungGen: 301872K->242K(292736K)] 654186K->353127K(979712K), 0.0064490 secs] [Times: user=0.04 sys=0.01, real=0.01 secs] 
2014-07-07T21:37:20.404+0000: 2542.424: [GC [PSYoungGen: 292722K->922K(285696K)] 645607K->353871K(972672K), 0.0056050 secs] [Times: user=0.03 sys=0.01, real=0.01 secs] 
2014-07-07T21:37:21.245+0000: 2543.265: [GC [PSYoungGen: 285658K->1164K(342912K)] 638607K->354417K(1029888K), 0.0205620 secs] [Times: user=0.12 sys=0.00, real=0.03 secs] 
2014-07-07T21:37:22.253+0000: 2544.273: [GC [PSYoungGen: 342824K->776K(373888K)] 696078K->354093K(1060864K), 0.0063210 secs] [Times: user=0.04 sys=0.00, real=0.01 secs] 
2014-07-07T21:37:23.366+0000: 2545.386: [GC [PSYoungGen: 373128K->780K(362240K)] 726445K->354145K(1049216K), 0.0092900 secs] [Times: user=0.06 sys=0.01, real=0.01 secs] 
2014-07-07T21:37:24.453+0000: 2546.473: [GC [PSYoungGen: 362145K->776K(351744K)] 715511K->354205K(1038720K), 0.0092490 secs] [Times: user=0.05 sys=0.00, real=0.01 secs] 
2014-07-07T21:37:25.514+0000: 2547.534: [GC [PSYoungGen: 351674K->1026K(341888K)] 705104K->354503K(1028864K), 0.0048510 secs] [Times: user=0.03 sys=0.00, real=0.01 secs] 
2014-07-07T21:37:26.539+0000: 2548.559: [GC [PSYoungGen: 341826K->480K(331648K)] 695303K->353989K(1018624K), 0.0048950 secs] [Times: user=0.01 sys=0.00, real=0.00 secs] 
2014-07-07T21:37:27.520+0000: 2549.540: [GC [PSYoungGen: 331616K->690K(322560K)] 685125K->354295K(1009536K), 0.0041340 secs] [Times: user=0.02 sys=0.00, real=0.00 secs] 
2014-07-07T21:37:28.491+0000: 2550.511: [GC [PSYoungGen: 322546K->1274K(314240K)] 676151K->354944K(1001216K), 0.0059490 secs] [Times: user=0.02 sys=0.00, real=0.01 secs] 
2014-07-07T21:37:29.428+0000: 2551.448: [GC [PSYoungGen: 314234K->498K(304896K)] 667904K->354223K(991872K), 0.0080100 secs] [Times: user=0.05 sys=0.00, real=0.00 secs] 
2014-07-07T21:37:30.357+0000: 2552.377: [GC [PSYoungGen: 304882K->626K(296832K)] 658607K->354423K(983808K), 0.0043800 secs] [Times: user=0.02 sys=0.00, real=0.01 secs] 
2014-07-07T21:37:31.246+0000: 2553.266: [GC [PSYoungGen: 296818K->640K(288960K)] 650615K->354525K(975936K), 0.0064810 secs] [Times: user=0.04 sys=0.00, real=0.01 secs] 
2014-07-07T21:37:32.096+0000: 2554.116: [GC [PSYoungGen: 288960K->512K(281280K)] 642845K->354437K(968256K), 0.0054930 secs] [Times: user=0.02 sys=0.00, real=0.01 secs] 
2014-07-07T21:37:32.925+0000: 2554.945: [GC [PSYoungGen: 281280K->708K(274240K)] 635205K->354689K(961216K), 0.0160380 secs] [Times: user=0.09 sys=0.00, real=0.02 secs] 
2014-07-07T21:37:33.731+0000: 2555.751: [GC [PSYoungGen: 274141K->761K(328960K)] 628123K->354822K(1015936K), 0.0114280 secs] [Times: user=0.07 sys=0.00, real=0.01 secs] 
2014-07-07T21:37:34.707+0000: 2556.727: [GC [PSYoungGen: 328953K->626K(319680K)] 683014K->354751K(1006656K), 0.0074280 secs] [Times: user=0.05 sys=0.00, real=0.00 secs] 
2014-07-07T21:37:35.675+0000: 2557.695: [GC [PSYoungGen: 319666K->612K(310912K)] 673791K->354793K(997888K), 0.0086910 secs] [Times: user=0.05 sys=0.01, real=0.01 secs] 
2014-07-07T21:37:36.613+0000: 2558.633: [GC [PSYoungGen: 310884K->690K(302528K)] 665065K->354943K(989504K), 0.0030030 secs] [Times: user=0.01 sys=0.00, real=0.00 secs] 
2014-07-07T21:37:37.523+0000: 2559.543: [GC [PSYoungGen: 302514K->512K(294208K)] 656767K->354829K(981184K), 0.0045250 secs] [Times: user=0.02 sys=0.00, real=0.01 secs] 
2014-07-07T21:37:38.407+0000: 2560.427: [GC [PSYoungGen: 294208K->512K(286400K)] 648525K->354885K(973376K), 0.0063010 secs] [Times: user=0.04 sys=0.00, real=0.01 secs] 
2014-07-07T21:37:39.264+0000: 2561.284: [GC [PSYoungGen: 286399K->672K(279104K)] 640772K->355109K(966080K), 0.0051440 secs] [Times: user=0.03 sys=0.00, real=0.01 secs] 
2014-07-07T21:37:40.092+0000: 2562.112: [GC [PSYoungGen: 279072K->730K(272000K)] 633509K->355215K(958976K), 0.0089970 secs] [Times: user=0.05 sys=0.00, real=0.01 secs] 
2014-07-07T21:37:40.916+0000: 2562.936: [GC [PSYoungGen: 271871K->896K(265280K)] 626357K->355438K(952256K), 0.0061880 secs] [Times: user=0.04 sys=0.00, real=0.01 secs] 
2014-07-07T21:37:41.684+0000: 2563.704: [GC [PSYoungGen: 265216K->634K(258304K)] 619758K->355343K(945280K), 0.0086070 secs] [Times: user=0.05 sys=0.00, real=0.01 secs] 
2014-07-07T21:37:42.453+0000: 2564.473: [GC [PSYoungGen: 258298K->662K(251968K)] 613007K->355419K(938944K), 0.0041890 secs] [Times: user=0.02 sys=0.00, real=0.00 secs] 
2014-07-07T21:37:43.215+0000: 2565.235: [GC [PSYoungGen: 251926K->612K(245760K)] 606683K->355533K(932736K), 0.0121620 secs] [Times: user=0.08 sys=0.00, real=0.01 secs] 
2014-07-07T21:37:43.945+0000: 2565.965: [GC [PSYoungGen: 245732K->872K(295040K)] 600653K->355857K(982016K), 0.0123650 secs] [Times: user=0.07 sys=0.00, real=0.01 secs] 
2014-07-07T21:37:44.818+0000: 2566.838: [GC [PSYoungGen: 295016K->722K(353792K)] 650001K->355787K(1040768K), 0.0099440 secs] [Times: user=0.06 sys=0.01, real=0.01 secs] 
2014-07-07T21:37:45.895+0000: 2567.915: [GC [PSYoungGen: 353746K->594K(343488K)] 708811K->355691K(1030464K), 0.0049770 secs] [Times: user=0.02 sys=0.01, real=0.01 secs] 
2014-07-07T21:37:46.922+0000: 2568.942: [GC [PSYoungGen: 343442K->804K(333952K)] 698539K->356071K(1020928K), 0.0103190 secs] [Times: user=0.05 sys=0.00, real=0.01 secs] 
2014-07-07T21:37:47.915+0000: 2569.935: [GC [PSYoungGen: 333922K->758K(324544K)] 689189K->356081K(1011520K), 0.0033450 secs] [Times: user=0.01 sys=0.00, real=0.00 secs] 
2014-07-07T21:37:48.882+0000: 2570.902: [GC [PSYoungGen: 324531K->762K(315584K)] 679855K->356328K(1002560K), 0.0036370 secs] [Times: user=0.02 sys=0.00, real=0.00 secs] 
2014-07-07T21:37:49.825+0000: 2571.845: [GC [PSYoungGen: 315578K->1126K(307328K)] 671144K->356748K(994304K), 0.0125160 secs] [Times: user=0.08 sys=0.00, real=0.01 secs] 
2014-07-07T21:37:50.756+0000: 2572.776: [GC [PSYoungGen: 307302K->566K(298496K)] 662924K->356638K(985472K), 0.0057550 secs] [Times: user=0.02 sys=0.00, real=0.01 secs] 
2014-07-07T21:37:51.655+0000: 2573.676: [GC [PSYoungGen: 298473K->793K(290816K)] 654545K->356945K(977792K), 0.0063500 secs] [Times: user=0.03 sys=0.00, real=0.01 secs] 
2014-07-07T21:37:52.527+0000: 2574.547: [GC [PSYoungGen: 290777K->1034K(283456K)] 646929K->357267K(970432K), 0.0094200 secs] [Times: user=0.06 sys=0.00, real=0.01 secs] 
2014-07-07T21:37:53.382+0000: 2575.402: [GC [PSYoungGen: 283402K->1278K(276288K)] 639635K->357582K(963264K), 0.0084830 secs] [Times: user=0.04 sys=0.00, real=0.01 secs] 
2014-07-07T21:37:54.215+0000: 2576.235: [GC [PSYoungGen: 276283K->374K(330432K)] 632587K->357204K(1017408K), 0.0142870 secs] [Times: user=0.08 sys=0.01, real=0.01 secs] 
2014-07-07T21:37:55.221+0000: 2577.241: [GC [PSYoungGen: 330420K->1064K(321920K)] 687250K->357982K(1008896K), 0.0035830 secs] [Times: user=0.02 sys=0.00, real=0.00 secs] 
2014-07-07T21:37:56.167+0000: 2578.187: [GC [PSYoungGen: 321896K->1266K(313280K)] 678814K->358338K(1000256K), 0.0077360 secs] [Times: user=0.05 sys=0.00, real=0.01 secs] 
2014-07-07T21:37:57.095+0000: 2579.115: [GC [PSYoungGen: 313266K->690K(304192K)] 670338K->357826K(991168K), 0.0064210 secs] [Times: user=0.03 sys=0.00, real=0.01 secs] 
2014-07-07T21:37:58.004+0000: 2580.024: [GC [PSYoungGen: 304176K->448K(295744K)] 661313K->357624K(982720K), 0.0137090 secs] [Times: user=0.09 sys=0.00, real=0.01 secs] 
2014-07-07T21:37:58.884+0000: 2580.904: [GC [PSYoungGen: 295705K->872K(288320K)] 652882K->358088K(975296K), 0.0048130 secs] [Times: user=0.02 sys=0.00, real=0.00 secs] 
2014-07-07T21:37:59.751+0000: 2581.771: [GC [PSYoungGen: 288284K->822K(280704K)] 645501K->358142K(967680K), 0.0058230 secs] [Times: user=0.04 sys=0.01, real=0.00 secs] 
2014-07-07T21:38:00.602+0000: 2582.622: [GC [PSYoungGen: 280671K->694K(273344K)] 637991K->358086K(960320K), 0.0075610 secs] [Times: user=0.03 sys=0.00, real=0.00 secs] 
2014-07-07T21:38:01.425+0000: 2583.445: [GC [PSYoungGen: 273334K->416K(266112K)] 630726K->357856K(953088K), 0.0083420 secs] [Times: user=0.05 sys=0.00, real=0.01 secs] 
2014-07-07T21:38:02.213+0000: 2584.233: [GC [PSYoungGen: 266062K->694K(319552K)] 623502K->358174K(1006528K), 0.0127470 secs] [Times: user=0.07 sys=0.00, real=0.01 secs] 
2014-07-07T21:38:03.175+0000: 2585.195: [GC [PSYoungGen: 319542K->736K(310848K)] 677022K->358256K(997824K), 0.0056890 secs] [Times: user=0.01 sys=0.00, real=0.00 secs] 
2014-07-07T21:38:04.106+0000: 2586.126: [GC [PSYoungGen: 310816K->844K(302528K)] 668336K->358420K(989504K), 0.0037010 secs] [Times: user=0.02 sys=0.00, real=0.00 secs] 
2014-07-07T21:38:05.010+0000: 2587.030: [GC [PSYoungGen: 302476K->910K(294464K)] 660052K->358566K(981440K), 0.0071050 secs] [Times: user=0.05 sys=0.00, real=0.01 secs] 
2014-07-07T21:38:05.902+0000: 2587.922: [GC [PSYoungGen: 294403K->868K(286592K)] 652060K->358572K(973568K), 0.0043600 secs] [Times: user=0.02 sys=0.00, real=0.00 secs] 
2014-07-07T21:38:06.765+0000: 2588.785: [GC [PSYoungGen: 286564K->594K(278848K)] 644268K->358362K(965824K), 0.0056700 secs] [Times: user=0.04 sys=0.00, real=0.00 secs] 
2014-07-07T21:38:07.595+0000: 2589.615: [GC [PSYoungGen: 278802K->800K(271872K)] 636570K->358648K(958848K), 0.0056720 secs] [Times: user=0.04 sys=0.00, real=0.00 secs] 
2014-07-07T21:38:08.422+0000: 2590.442: [GC [PSYoungGen: 271840K->826K(264960K)] 629688K->358722K(951936K), 0.0051180 secs] [Times: user=0.02 sys=0.00, real=0.01 secs] 
2014-07-07T21:38:09.210+0000: 2591.230: [GC [PSYoungGen: 264954K->626K(317632K)] 622850K->358562K(1004608K), 0.0194710 secs] [Times: user=0.13 sys=0.00, real=0.02 secs] 
2014-07-07T21:38:10.190+0000: 2592.210: [GC [PSYoungGen: 317618K->722K(381184K)] 675554K->358714K(1068160K), 0.0076960 secs] [Times: user=0.03 sys=0.00, real=0.01 secs] 
2014-07-07T21:38:11.324+0000: 2593.344: [GC [PSYoungGen: 381125K->711K(369856K)] 739118K->358759K(1056832K), 0.0065480 secs] [Times: user=0.05 sys=0.00, real=0.00 secs] 
2014-07-07T21:38:12.439+0000: 2594.459: [GC [PSYoungGen: 369797K->822K(359104K)] 727845K->358969K(1046080K), 0.0069410 secs] [Times: user=0.04 sys=0.00, real=0.01 secs] 
2014-07-07T21:38:13.517+0000: 2595.537: [GC [PSYoungGen: 359094K->794K(348736K)] 717241K->359028K(1035712K), 0.0077250 secs] [Times: user=0.04 sys=0.00, real=0.01 secs] 
2014-07-07T21:38:14.570+0000: 2596.590: [GC [PSYoungGen: 348686K->680K(338624K)] 706921K->359220K(1025600K), 0.0122610 secs] [Times: user=0.07 sys=0.01, real=0.01 secs] 
2014-07-07T21:38:15.598+0000: 2597.618: [GC [PSYoungGen: 338600K->890K(329280K)] 697140K->359478K(1016256K), 0.0060960 secs] [Times: user=0.03 sys=0.01, real=0.01 secs] 
2014-07-07T21:38:16.575+0000: 2598.595: [GC [PSYoungGen: 329274K->480K(319744K)] 687862K->359390K(1006720K), 0.0090440 secs] [Times: user=0.06 sys=0.00, real=0.01 secs] 
2014-07-07T21:38:17.541+0000: 2599.561: [GC [PSYoungGen: 319712K->512K(310976K)] 678622K->359470K(997952K), 0.0057610 secs] [Times: user=0.02 sys=0.00, real=0.01 secs] 
2014-07-07T21:38:18.474+0000: 2600.494: [GC [PSYoungGen: 310976K->1174K(303232K)] 669934K->360205K(990208K), 0.0068190 secs] [Times: user=0.05 sys=0.00, real=0.00 secs] 
2014-07-07T21:38:19.374+0000: 2601.394: [GC [PSYoungGen: 303190K->818K(294720K)] 662221K->359912K(981696K), 0.0055610 secs] [Times: user=0.02 sys=0.00, real=0.01 secs] 
2014-07-07T21:38:20.255+0000: 2602.275: [GC [PSYoungGen: 294706K->684K(286784K)] 653800K->360012K(973760K), 0.0082470 secs] [Times: user=0.05 sys=0.00, real=0.00 secs] 
2014-07-07T21:38:21.106+0000: 2603.126: [GC [PSYoungGen: 286748K->826K(279424K)] 646076K->360234K(966400K), 0.0053980 secs] [Times: user=0.03 sys=0.00, real=0.00 secs] 
2014-07-07T21:38:21.922+0000: 2603.942: [GC [PSYoungGen: 279418K->968K(272384K)] 638826K->360433K(959360K), 0.0066970 secs] [Times: user=0.03 sys=0.00, real=0.01 secs] 
2014-07-07T21:38:22.711+0000: 2604.731: [GC [PSYoungGen: 272328K->640K(265088K)] 631793K->360168K(952064K), 0.0126290 secs] [Times: user=0.07 sys=0.00, real=0.01 secs] 
2014-07-07T21:38:23.510+0000: 2605.530: [GC [PSYoungGen: 265050K->694K(318080K)] 624578K->360262K(1005056K), 0.0114360 secs] [Times: user=0.06 sys=0.00, real=0.01 secs] 
2014-07-07T21:38:24.458+0000: 2606.478: [GC [PSYoungGen: 318070K->794K(378048K)] 677638K->360402K(1065024K), 0.0094100 secs] [Times: user=0.05 sys=0.00, real=0.01 secs] 
2014-07-07T21:38:25.597+0000: 2607.617: [GC [PSYoungGen: 377626K->576K(366272K)] 737234K->360240K(1053248K), 0.0064850 secs] [Times: user=0.03 sys=0.00, real=0.00 secs] 
2014-07-07T21:38:26.675+0000: 2608.695: [GC [PSYoungGen: 366247K->836K(355904K)] 725911K->360556K(1042880K), 0.0069980 secs] [Times: user=0.02 sys=0.00, real=0.01 secs] 
2014-07-07T21:38:27.715+0000: 2609.735: [GC [PSYoungGen: 355844K->992K(345792K)] 715564K->360858K(1032768K), 0.0039730 secs] [Times: user=0.02 sys=0.01, real=0.01 secs] 
2014-07-07T21:38:28.733+0000: 2610.753: [GC [PSYoungGen: 345760K->726K(335680K)] 705626K->360672K(1022656K), 0.0040250 secs] [Times: user=0.02 sys=0.00, real=0.01 secs] 
2014-07-07T21:38:29.741+0000: 2611.761: [GC [PSYoungGen: 335638K->808K(326336K)] 695584K->360818K(1013312K), 0.0108240 secs] [Times: user=0.06 sys=0.00, real=0.01 secs] 
2014-07-07T21:38:30.729+0000: 2612.749: [GC [PSYoungGen: 326312K->608K(317120K)] 686322K->360698K(1004096K), 0.0064560 secs] [Times: user=0.04 sys=0.00, real=0.00 secs] 
2014-07-07T21:38:31.679+0000: 2613.699: [GC [PSYoungGen: 317088K->996K(308800K)] 677178K->361373K(995776K), 0.0038850 secs] [Times: user=0.02 sys=0.00, real=0.00 secs] 
2014-07-07T21:38:32.604+0000: 2614.624: [GC [PSYoungGen: 308772K->860K(300352K)] 669149K->361277K(987328K), 0.0176290 secs] [Times: user=0.10 sys=0.00, real=0.02 secs] 
2014-07-07T21:38:33.496+0000: 2615.516: [GC [PSYoungGen: 300316K->530K(292032K)] 660733K->360995K(979008K), 0.0039510 secs] [Times: user=0.02 sys=0.01, real=0.00 secs] 
2014-07-07T21:38:34.375+0000: 2616.395: [GC [PSYoungGen: 291986K->694K(284480K)] 652451K->361183K(971456K), 0.0075960 secs] [Times: user=0.01 sys=0.01, real=0.01 secs] 
2014-07-07T21:38:35.218+0000: 2617.238: [GC [PSYoungGen: 284470K->1046K(277440K)] 644959K->361607K(964416K), 0.0040480 secs] [Times: user=0.03 sys=0.00, real=0.00 secs] 
2014-07-07T21:38:36.093+0000: 2618.113: [GC [PSYoungGen: 277398K->690K(269952K)] 637959K->361307K(956928K), 0.0078740 secs] [Times: user=0.04 sys=0.00, real=0.01 secs] 
2014-07-07T21:38:36.880+0000: 2618.900: [GC [PSYoungGen: 269938K->942K(263360K)] 630555K->361856K(950336K), 0.0119450 secs] [Times: user=0.07 sys=0.01, real=0.01 secs] 
2014-07-07T21:38:37.665+0000: 2619.685: [GC [PSYoungGen: 263342K->544K(256384K)] 624256K->361537K(943360K), 0.0070310 secs] [Times: user=0.05 sys=0.00, real=0.01 secs] 
2014-07-07T21:38:38.440+0000: 2620.460: [GC [PSYoungGen: 256352K->818K(250304K)] 617345K->361875K(937280K), 0.0064220 secs] [Times: user=0.03 sys=0.01, real=0.00 secs] 
2014-07-07T21:38:39.192+0000: 2621.212: [GC [PSYoungGen: 250290K->818K(244224K)] 611347K->361955K(931200K), 0.0037650 secs] [Times: user=0.02 sys=0.00, real=0.00 secs] 
2014-07-07T21:38:39.909+0000: 2621.929: [GC [PSYoungGen: 244210K->994K(238528K)] 605347K->362171K(925504K), 0.0071250 secs] [Times: user=0.03 sys=0.00, real=0.00 secs] 
2014-07-07T21:38:40.632+0000: 2622.652: [GC [PSYoungGen: 238497K->726K(232640K)] 599674K->361951K(919616K), 0.0091150 secs] [Times: user=0.05 sys=0.00, real=0.01 secs] 
2014-07-07T21:38:41.341+0000: 2623.361: [GC [PSYoungGen: 232598K->594K(278912K)] 593823K->361867K(965888K), 0.0107910 secs] [Times: user=0.07 sys=0.00, real=0.01 secs] 
2014-07-07T21:38:42.175+0000: 2624.195: [GC [PSYoungGen: 278866K->690K(271808K)] 640139K->362027K(958784K), 0.0045350 secs] [Times: user=0.02 sys=0.00, real=0.01 secs] 
2014-07-07T21:38:42.990+0000: 2625.010: [GC [PSYoungGen: 271758K->740K(264960K)] 633096K->362133K(951936K), 0.0098810 secs] [Times: user=0.04 sys=0.00, real=0.01 secs] 
2014-07-07T21:38:43.781+0000: 2625.801: [GC [PSYoungGen: 264932K->836K(258432K)] 626325K->362277K(945408K), 0.0052540 secs] [Times: user=0.02 sys=0.00, real=0.00 secs] 
2014-07-07T21:38:44.556+0000: 2626.576: [GC [PSYoungGen: 258372K->594K(251776K)] 619813K->362091K(938752K), 0.0031750 secs] [Times: user=0.02 sys=0.00, real=0.01 secs] 
2014-07-07T21:38:45.317+0000: 2627.337: [GC [PSYoungGen: 251729K->672K(245696K)] 613227K->362249K(932672K), 0.0077660 secs] [Times: user=0.03 sys=0.00, real=0.01 secs] 
2014-07-07T21:38:46.055+0000: 2628.075: [GC [PSYoungGen: 245664K->926K(294976K)] 607241K->362567K(981952K), 0.0135290 secs] [Times: user=0.08 sys=0.00, real=0.02 secs] 
2014-07-07T21:38:46.921+0000: 2628.941: [GC [PSYoungGen: 294906K->958K(353792K)] 656548K->362663K(1040768K), 0.0100230 secs] [Times: user=0.06 sys=0.00, real=0.01 secs] 
2014-07-07T21:38:47.974+0000: 2629.994: [GC [PSYoungGen: 353790K->544K(343232K)] 715495K->362647K(1030208K), 0.0065600 secs] [Times: user=0.04 sys=0.00, real=0.01 secs] 
2014-07-07T21:38:48.985+0000: 2631.005: [GC [PSYoungGen: 343200K->980K(333952K)] 705303K->363123K(1020928K), 0.0097160 secs] [Times: user=0.05 sys=0.00, real=0.01 secs] 
2014-07-07T21:38:49.975+0000: 2631.995: [GC [PSYoungGen: 333900K->1013K(368192K)] 696043K->363984K(1055168K), 0.0169540 secs] [Times: user=0.10 sys=0.01, real=0.02 secs] 
2014-07-07T21:38:51.086+0000: 2633.106: [GC [PSYoungGen: 368181K->978K(368768K)] 731152K->363989K(1055744K), 0.0102210 secs] [Times: user=0.05 sys=0.00, real=0.01 secs] 
2014-07-07T21:38:52.180+0000: 2634.201: [GC [PSYoungGen: 368142K->1140K(357568K)] 731152K->364273K(1044544K), 0.0072820 secs] [Times: user=0.04 sys=0.00, real=0.00 secs] 
2014-07-07T21:38:53.233+0000: 2635.253: [GC [PSYoungGen: 357556K->1068K(347200K)] 720689K->364249K(1034176K), 0.0105110 secs] [Times: user=0.03 sys=0.00, real=0.01 secs] 
2014-07-07T21:38:54.255+0000: 2636.275: [GC [PSYoungGen: 347180K->992K(337280K)] 710361K->364353K(1024256K), 0.0066940 secs] [Times: user=0.05 sys=0.00, real=0.01 secs] 
2014-07-07T21:38:55.252+0000: 2637.272: [GC [PSYoungGen: 337248K->1084K(327872K)] 700609K->364509K(1014848K), 0.0045320 secs] [Times: user=0.02 sys=0.00, real=0.00 secs] 
2014-07-07T21:38:56.262+0000: 2638.282: [GC [PSYoungGen: 327868K->626K(318336K)] 691293K->364106K(1005312K), 0.0114740 secs] [Times: user=0.07 sys=0.00, real=0.01 secs] 
2014-07-07T21:38:57.216+0000: 2639.236: [GC [PSYoungGen: 318322K->1056K(310016K)] 681802K->364593K(996992K), 0.0076600 secs] [Times: user=0.03 sys=0.01, real=0.01 secs] 
2014-07-07T21:38:58.139+0000: 2640.159: [GC [PSYoungGen: 309984K->946K(301504K)] 673521K->364555K(988480K), 0.0079200 secs] [Times: user=0.05 sys=0.00, real=0.01 secs] 
2014-07-07T21:38:59.044+0000: 2641.064: [GC [PSYoungGen: 301490K->690K(293184K)] 665099K->364370K(980160K), 0.0107040 secs] [Times: user=0.06 sys=0.00, real=0.01 secs] 
2014-07-07T21:38:59.904+0000: 2641.924: [GC [PSYoungGen: 293136K->776K(285568K)] 656817K->364504K(972544K), 0.0103680 secs] [Times: user=0.06 sys=0.00, real=0.01 secs] 
2014-07-07T21:39:00.752+0000: 2642.772: [GC [PSYoungGen: 285512K->1173K(278528K)] 649240K->364973K(965504K), 0.0044870 secs] [Times: user=0.02 sys=0.00, real=0.00 secs] 
2014-07-07T21:39:01.601+0000: 2643.621: [GC [PSYoungGen: 278485K->548K(270720K)] 642285K->364412K(957696K), 0.0085820 secs] [Times: user=0.06 sys=0.00, real=0.01 secs] 
2014-07-07T21:39:02.400+0000: 2644.420: [GC [PSYoungGen: 270692K->1487K(325760K)] 634556K->365399K(1012736K), 0.0178790 secs] [Times: user=0.10 sys=0.00, real=0.02 secs] 
2014-07-07T21:39:03.377+0000: 2645.398: [GC [PSYoungGen: 325711K->704K(389824K)] 689623K->364704K(1076800K), 0.0079430 secs] [Times: user=0.05 sys=0.00, real=0.01 secs] 
2014-07-07T21:39:04.529+0000: 2646.549: [GC [PSYoungGen: 389818K->1110K(434560K)] 753819K->365159K(1121536K), 0.0143060 secs] [Times: user=0.09 sys=0.00, real=0.02 secs] 
2014-07-07T21:39:05.830+0000: 2647.850: [GC [PSYoungGen: 433959K->1110K(420544K)] 798008K->365207K(1107520K), 0.0041170 secs] [Times: user=0.02 sys=0.00, real=0.01 secs] 
2014-07-07T21:39:07.105+0000: 2649.125: [GC [PSYoungGen: 420502K->1182K(407680K)] 784599K->365367K(1094656K), 0.0051960 secs] [Times: user=0.03 sys=0.00, real=0.00 secs] 
2014-07-07T21:39:08.318+0000: 2650.338: [GC [PSYoungGen: 407646K->512K(394560K)] 771831K->364736K(1081536K), 0.0040200 secs] [Times: user=0.01 sys=0.01, real=0.00 secs] 
2014-07-07T21:39:09.509+0000: 2651.529: [GC [PSYoungGen: 394477K->680K(382848K)] 758702K->364960K(1069824K), 0.0076360 secs] [Times: user=0.04 sys=0.00, real=0.01 secs] 
2014-07-07T21:39:10.642+0000: 2652.663: [GC [PSYoungGen: 382824K->968K(371776K)] 747104K->365321K(1058752K), 0.0088080 secs] [Times: user=0.05 sys=0.00, real=0.00 secs] 
2014-07-07T21:39:11.770+0000: 2653.790: [GC [PSYoungGen: 371720K->1156K(361088K)] 736073K->365573K(1048064K), 0.0060650 secs] [Times: user=0.02 sys=0.01, real=0.01 secs] 
2014-07-07T21:39:12.847+0000: 2654.867: [GC [PSYoungGen: 361000K->950K(350400K)] 725417K->365391K(1037376K), 0.0143570 secs] [Times: user=0.08 sys=0.00, real=0.01 secs] 
2014-07-07T21:39:13.903+0000: 2655.923: [GC [PSYoungGen: 350390K->1136K(340544K)] 714831K->365657K(1027520K), 0.0080010 secs] [Times: user=0.05 sys=0.00, real=0.00 secs] 
2014-07-07T21:39:14.922+0000: 2656.942: [GC [PSYoungGen: 340528K->976K(330816K)] 705049K->365553K(1017792K), 0.0091230 secs] [Times: user=0.05 sys=0.00, real=0.01 secs] 
2014-07-07T21:39:15.917+0000: 2657.937: [GC [PSYoungGen: 330764K->850K(321472K)] 695341K->365498K(1008448K), 0.0134650 secs] [Times: user=0.08 sys=0.00, real=0.01 secs] 
2014-07-07T21:39:16.891+0000: 2658.911: [GC [PSYoungGen: 321426K->818K(312576K)] 686074K->365498K(999552K), 0.0079580 secs] [Times: user=0.03 sys=0.00, real=0.01 secs] 
2014-07-07T21:39:17.823+0000: 2659.843: [GC [PSYoungGen: 312562K->697K(374848K)] 677242K->365410K(1061824K), 0.0134900 secs] [Times: user=0.08 sys=0.00, real=0.01 secs] 
2014-07-07T21:39:18.948+0000: 2660.968: [GC [PSYoungGen: 374841K->612K(363712K)] 739554K->365388K(1050688K), 0.0069030 secs] [Times: user=0.04 sys=0.00, real=0.01 secs] 
2014-07-07T21:39:20.044+0000: 2662.065: [GC [PSYoungGen: 363684K->836K(353408K)] 728460K->365676K(1040384K), 0.0083630 secs] [Times: user=0.05 sys=0.00, real=0.00 secs] 
2014-07-07T21:39:21.087+0000: 2663.107: [GC [PSYoungGen: 353348K->1014K(343360K)] 718188K->365919K(1030336K), 0.0071250 secs] [Times: user=0.03 sys=0.00, real=0.01 secs] 
2014-07-07T21:39:22.130+0000: 2664.150: [GC [PSYoungGen: 343350K->480K(333120K)] 708255K->365432K(1020096K), 0.0131310 secs] [Times: user=0.07 sys=0.00, real=0.01 secs] 
2014-07-07T21:39:23.136+0000: 2665.156: [GC [PSYoungGen: 333088K->512K(323776K)] 698040K->365528K(1010752K), 0.0075660 secs] [Times: user=0.05 sys=0.00, real=0.00 secs] 
2014-07-07T21:39:24.104+0000: 2666.124: [GC [PSYoungGen: 323776K->886K(315200K)] 688792K->365943K(1002176K), 0.0120410 secs] [Times: user=0.07 sys=0.00, real=0.01 secs] 
2014-07-07T21:39:25.039+0000: 2667.059: [GC [PSYoungGen: 315190K->772K(306560K)] 680247K->365900K(993536K), 0.0061740 secs] [Times: user=0.03 sys=0.00, real=0.01 secs] 
2014-07-07T21:39:25.961+0000: 2667.981: [GC [PSYoungGen: 306500K->1046K(368000K)] 671628K->366215K(1054976K), 0.0174240 secs] [Times: user=0.11 sys=0.00, real=0.02 secs] 
2014-07-07T21:39:27.095+0000: 2669.115: [GC [PSYoungGen: 367958K->740K(356928K)] 733127K->366004K(1043904K), 0.0049680 secs] [Times: user=0.03 sys=0.00, real=0.00 secs] 
2014-07-07T21:39:28.153+0000: 2670.173: [GC [PSYoungGen: 356900K->768K(346624K)] 722164K->366096K(1033600K), 0.0039150 secs] [Times: user=0.02 sys=0.00, real=0.01 secs] 
2014-07-07T21:39:29.190+0000: 2671.210: [GC [PSYoungGen: 346624K->914K(336960K)] 711952K->366282K(1023936K), 0.0159140 secs] [Times: user=0.08 sys=0.00, real=0.02 secs] 
2014-07-07T21:39:30.188+0000: 2672.208: [GC [PSYoungGen: 336914K->580K(327168K)] 702282K->365988K(1014144K), 0.0047140 secs] [Times: user=0.01 sys=0.01, real=0.01 secs] 
2014-07-07T21:39:31.162+0000: 2673.182: [GC [PSYoungGen: 327067K->992K(318464K)] 692476K->367282K(1005440K), 0.0044170 secs] [Times: user=0.03 sys=0.00, real=0.01 secs] 
2014-07-07T21:39:32.100+0000: 2674.120: [GC [PSYoungGen: 318432K->740K(309504K)] 684722K->367077K(996480K), 0.0048310 secs] [Times: user=0.03 sys=0.00, real=0.00 secs] 
2014-07-07T21:39:33.032+0000: 2675.052: [GC [PSYoungGen: 309467K->858K(301248K)] 675804K->367333K(988224K), 0.0078880 secs] [Times: user=0.04 sys=0.00, real=0.01 secs] 
2014-07-07T21:39:33.945+0000: 2675.965: [GC [PSYoungGen: 301210K->580K(292928K)] 667685K->367119K(979904K), 0.0095080 secs] [Times: user=0.06 sys=0.00, real=0.01 secs] 
2014-07-07T21:39:34.820+0000: 2676.840: [GC [PSYoungGen: 292868K->676K(285248K)] 659407K->367255K(972224K), 0.0045670 secs] [Times: user=0.02 sys=0.00, real=0.00 secs] 
2014-07-07T21:39:35.674+0000: 2677.694: [GC [PSYoungGen: 285220K->672K(277824K)] 651799K->367283K(964800K), 0.0061170 secs] [Times: user=0.02 sys=0.00, real=0.01 secs] 
2014-07-07T21:39:36.494+0000: 2678.514: [GC [PSYoungGen: 277792K->962K(270976K)] 644403K->367629K(957952K), 0.0065030 secs] [Times: user=0.04 sys=0.01, real=0.01 secs] 
2014-07-07T21:39:37.318+0000: 2679.338: [GC [PSYoungGen: 270914K->704K(263808K)] 637581K->367443K(950784K), 0.0058570 secs] [Times: user=0.03 sys=0.00, real=0.00 secs] 
2014-07-07T21:39:38.093+0000: 2680.113: [GC [PSYoungGen: 263808K->844K(257408K)] 630547K->367639K(944384K), 0.0108460 secs] [Times: user=0.07 sys=0.00, real=0.01 secs] 
2014-07-07T21:39:38.881+0000: 2680.901: [GC [PSYoungGen: 257314K->878K(251072K)] 624109K->367745K(938048K), 0.0063220 secs] [Times: user=0.04 sys=0.00, real=0.01 secs] 
2014-07-07T21:39:39.639+0000: 2681.659: [GC [PSYoungGen: 251046K->712K(244800K)] 617914K->367635K(931776K), 0.0059250 secs] [Times: user=0.04 sys=0.00, real=0.00 secs] 
2014-07-07T21:39:40.394+0000: 2682.414: [GC [PSYoungGen: 244744K->786K(238976K)] 611667K->367821K(925952K), 0.0058100 secs] [Times: user=0.04 sys=0.00, real=0.01 secs] 
2014-07-07T21:39:41.101+0000: 2683.121: [GC [PSYoungGen: 238930K->729K(233216K)] 605965K->367836K(920192K), 0.0093150 secs] [Times: user=0.07 sys=0.00, real=0.01 secs] 
2014-07-07T21:39:41.810+0000: 2683.831: [GC [PSYoungGen: 233177K->1270K(228224K)] 600284K->368433K(915200K), 0.0082370 secs] [Times: user=0.05 sys=0.01, real=0.01 secs] 
2014-07-07T21:39:42.490+0000: 2684.510: [GC [PSYoungGen: 228214K->498K(272896K)] 595377K->367709K(959872K), 0.0079150 secs] [Times: user=0.04 sys=0.00, real=0.01 secs] 
2014-07-07T21:39:43.321+0000: 2685.342: [GC [PSYoungGen: 272882K->708K(327680K)] 640093K->367959K(1014656K), 0.0179350 secs] [Times: user=0.10 sys=0.01, real=0.02 secs] 
2014-07-07T21:39:44.309+0000: 2686.329: [GC [PSYoungGen: 327620K->1175K(393536K)] 694871K->368482K(1080512K), 0.0033500 secs] [Times: user=0.02 sys=0.00, real=0.00 secs] 
2014-07-07T21:39:45.483+0000: 2687.503: [GC [PSYoungGen: 393495K->1156K(444992K)] 760802K->368519K(1131968K), 0.0112720 secs] [Times: user=0.06 sys=0.00, real=0.01 secs] 
2014-07-07T21:39:46.811+0000: 2688.831: [GC [PSYoungGen: 444740K->1345K(430976K)] 812103K->368764K(1117952K), 0.0076880 secs] [Times: user=0.05 sys=0.00, real=0.01 secs] 
2014-07-07T21:39:48.112+0000: 2690.132: [GC [PSYoungGen: 430913K->740K(416960K)] 798332K->368247K(1103936K), 0.0076140 secs] [Times: user=0.05 sys=0.00, real=0.01 secs] 
2014-07-07T21:39:49.365+0000: 2691.385: [GC [PSYoungGen: 416924K->812K(404224K)] 784432K->368351K(1091200K), 0.0050510 secs] [Times: user=0.02 sys=0.00, real=0.01 secs] 
2014-07-07T21:39:50.589+0000: 2692.609: [GC [PSYoungGen: 404204K->1102K(392256K)] 771743K->368682K(1079232K), 0.0051030 secs] [Times: user=0.02 sys=0.00, real=0.00 secs] 
2014-07-07T21:39:51.768+0000: 2693.788: [GC [PSYoungGen: 392198K->750K(380096K)] 759777K->368377K(1067072K), 0.0073660 secs] [Times: user=0.05 sys=0.00, real=0.00 secs] 
2014-07-07T21:39:52.899+0000: 2694.919: [GC [PSYoungGen: 380078K->1084K(369152K)] 747705K->368776K(1056128K), 0.0069920 secs] [Times: user=0.04 sys=0.00, real=0.00 secs] 
2014-07-07T21:39:54.025+0000: 2696.045: [GC [PSYoungGen: 369148K->626K(357888K)] 736840K->368397K(1044864K), 0.0043480 secs] [Times: user=0.01 sys=0.01, real=0.01 secs] 
2014-07-07T21:39:55.109+0000: 2697.129: [GC [PSYoungGen: 357874K->1082K(347968K)] 725645K->368910K(1034944K), 0.0105790 secs] [Times: user=0.06 sys=0.00, real=0.02 secs] 
2014-07-07T21:39:56.146+0000: 2698.167: [GC [PSYoungGen: 347919K->978K(337984K)] 715746K->368893K(1024960K), 0.0049690 secs] [Times: user=0.02 sys=0.00, real=0.01 secs] 
2014-07-07T21:39:57.155+0000: 2699.175: [GC [PSYoungGen: 337938K->480K(327936K)] 705853K->368427K(1014912K), 0.0062020 secs] [Times: user=0.02 sys=0.00, real=0.01 secs] 
2014-07-07T21:39:58.122+0000: 2700.142: [GC [PSYoungGen: 327904K->1248K(319552K)] 695851K->369260K(1006528K), 0.0043320 secs] [Times: user=0.02 sys=0.00, real=0.00 secs] 
2014-07-07T21:39:59.067+0000: 2701.087: [GC [PSYoungGen: 319519K->750K(310272K)] 687530K->368801K(997248K), 0.0042290 secs] [Times: user=0.02 sys=0.01, real=0.01 secs] 
2014-07-07T21:39:59.998+0000: 2702.018: [GC [PSYoungGen: 310254K->936K(302080K)] 678305K->369067K(989056K), 0.0062940 secs] [Times: user=0.04 sys=0.00, real=0.01 secs] 
2014-07-07T21:40:00.881+0000: 2702.901: [GC [PSYoungGen: 302019K->982K(294080K)] 670150K->369169K(981056K), 0.0075660 secs] [Times: user=0.04 sys=0.00, real=0.00 secs] 
2014-07-07T21:40:01.754+0000: 2703.774: [GC [PSYoungGen: 294038K->1126K(286464K)] 662225K->369560K(973440K), 0.0144960 secs] [Times: user=0.09 sys=0.01, real=0.01 secs] 
2014-07-07T21:40:02.621+0000: 2704.641: [GC [PSYoungGen: 286397K->730K(278592K)] 654830K->369219K(965568K), 0.0045110 secs] [Times: user=0.02 sys=0.00, real=0.00 secs] 
2014-07-07T21:40:03.454+0000: 2705.474: [GC [PSYoungGen: 278536K->1102K(271808K)] 647025K->369655K(958784K), 0.0071790 secs] [Times: user=0.02 sys=0.00, real=0.01 secs] 
2014-07-07T21:40:04.271+0000: 2706.291: [GC [PSYoungGen: 271758K->1144K(264896K)] 640311K->369722K(951872K), 0.0060750 secs] [Times: user=0.01 sys=0.00, real=0.00 secs] 
2014-07-07T21:40:05.068+0000: 2707.088: [GC [PSYoungGen: 264877K->918K(258048K)] 633455K->369551K(945024K), 0.0071300 secs] [Times: user=0.04 sys=0.00, real=0.01 secs] 
2014-07-07T21:40:05.813+0000: 2707.833: [GC [PSYoungGen: 258006K->936K(251648K)] 626639K->369617K(938624K), 0.0048660 secs] [Times: user=0.02 sys=0.00, real=0.00 secs] 
2014-07-07T21:40:06.580+0000: 2708.600: [GC [PSYoungGen: 251622K->544K(245120K)] 620304K->369273K(932096K), 0.0083190 secs] [Times: user=0.05 sys=0.00, real=0.00 secs] 
2014-07-07T21:40:07.326+0000: 2709.347: [GC [PSYoungGen: 245077K->926K(239552K)] 613806K->369727K(926528K), 0.0061170 secs] [Times: user=0.04 sys=0.00, real=0.01 secs] 
2014-07-07T21:40:08.031+0000: 2710.051: [GC [PSYoungGen: 239518K->1038K(233984K)] 608319K->369864K(920960K), 0.0055310 secs] [Times: user=0.01 sys=0.00, real=0.00 secs] 
2014-07-07T21:40:08.717+0000: 2710.737: [GC [PSYoungGen: 233934K->1058K(228480K)] 602760K->369947K(915456K), 0.0095550 secs] [Times: user=0.05 sys=0.00, real=0.01 secs] 
2014-07-07T21:40:09.431+0000: 2711.451: [GC [PSYoungGen: 228450K->804K(273728K)] 597339K->369757K(960704K), 0.0125220 secs] [Times: user=0.06 sys=0.00, real=0.02 secs] 
2014-07-07T21:40:10.266+0000: 2712.286: [GC [PSYoungGen: 273700K->740K(328256K)] 642653K->369749K(1015232K), 0.0091990 secs] [Times: user=0.03 sys=0.01, real=0.01 secs] 
2014-07-07T21:40:11.261+0000: 2713.281: [GC [PSYoungGen: 328228K->840K(393920K)] 697237K->369881K(1080896K), 0.0086460 secs] [Times: user=0.03 sys=0.01, real=0.00 secs] 
2014-07-07T21:40:12.465+0000: 2714.485: [GC [PSYoungGen: 393864K->576K(381760K)] 762905K->369681K(1068736K), 0.0036720 secs] [Times: user=0.02 sys=0.00, real=0.00 secs] 
2014-07-07T21:40:13.600+0000: 2715.620: [GC [PSYoungGen: 381760K->480K(370368K)] 750865K->369633K(1057344K), 0.0106330 secs] [Times: user=0.05 sys=0.01, real=0.01 secs] 
2014-07-07T21:40:14.719+0000: 2716.739: [GC [PSYoungGen: 370336K->1092K(360128K)] 739489K->370301K(1047104K), 0.0092990 secs] [Times: user=0.05 sys=0.00, real=0.01 secs] 
2014-07-07T21:40:15.815+0000: 2717.835: [GC [PSYoungGen: 360068K->562K(349120K)] 729277K->369827K(1036096K), 0.0084610 secs] [Times: user=0.05 sys=0.00, real=0.01 secs] 
2014-07-07T21:40:16.854+0000: 2718.874: [GC [PSYoungGen: 349106K->904K(339520K)] 718371K->370241K(1026496K), 0.0077450 secs] [Times: user=0.05 sys=0.00, real=0.00 secs] 
2014-07-07T21:40:17.882+0000: 2719.902: [GC [PSYoungGen: 339438K->694K(329664K)] 708776K->370079K(1016640K), 0.0128060 secs] [Times: user=0.08 sys=0.00, real=0.02 secs] 
2014-07-07T21:40:18.866+0000: 2720.886: [GC [PSYoungGen: 329629K->1008K(320768K)] 699014K->370497K(1007744K), 0.0062790 secs] [Times: user=0.04 sys=0.00, real=0.01 secs] 
2014-07-07T21:40:19.825+0000: 2721.845: [GC [PSYoungGen: 320728K->978K(311936K)] 690217K->370515K(998912K), 0.0058110 secs] [Times: user=0.02 sys=0.00, real=0.00 secs] 
2014-07-07T21:40:20.762+0000: 2722.782: [GC [PSYoungGen: 311887K->1014K(303488K)] 681424K->370607K(990464K), 0.0043320 secs] [Times: user=0.02 sys=0.00, real=0.01 secs] 
2014-07-07T21:40:21.675+0000: 2723.695: [GC [PSYoungGen: 303478K->704K(295040K)] 673071K->370385K(982016K), 0.0064270 secs] [Times: user=0.03 sys=0.00, real=0.00 secs] 
2014-07-07T21:40:22.569+0000: 2724.589: [GC [PSYoungGen: 295040K->1383K(287936K)] 664721K->371202K(974912K), 0.0062370 secs] [Times: user=0.04 sys=0.00, real=0.01 secs] 
2014-07-07T21:40:23.435+0000: 2725.455: [GC [PSYoungGen: 287865K->758K(279808K)] 657685K->371128K(966784K), 0.0047870 secs] [Times: user=0.02 sys=0.00, real=0.00 secs] 
2014-07-07T21:40:24.262+0000: 2726.282: [GC [PSYoungGen: 279798K->1061K(272896K)] 650168K->371487K(959872K), 0.0041520 secs] [Times: user=0.02 sys=0.00, real=0.01 secs] 
2014-07-07T21:40:25.196+0000: 2727.216: [GC [PSYoungGen: 272868K->1092K(266048K)] 643294K->371886K(953024K), 0.0079710 secs] [Times: user=0.05 sys=0.00, real=0.01 secs] 
2014-07-07T21:40:26.142+0000: 2728.162: [GC [PSYoungGen: 265988K->1044K(259328K)] 636782K->371893K(946304K), 0.0061790 secs] [Times: user=0.03 sys=0.00, real=0.01 secs] 
2014-07-07T21:40:27.071+0000: 2729.091: [GC [PSYoungGen: 259284K->976K(252864K)] 630133K->371971K(939840K), 0.0099600 secs] [Times: user=0.07 sys=0.00, real=0.01 secs] 
2014-07-07T21:40:27.962+0000: 2729.982: [GC [PSYoungGen: 252816K->876K(246528K)] 623811K->371951K(933504K), 0.0065010 secs] [Times: user=0.04 sys=0.00, real=0.01 secs] 
2014-07-07T21:40:28.829+0000: 2730.849: [GC [PSYoungGen: 246508K->1050K(240768K)] 617583K->372181K(927744K), 0.0063420 secs] [Times: user=0.04 sys=0.01, real=0.01 secs] 
2014-07-07T21:40:29.682+0000: 2731.702: [GC [PSYoungGen: 240730K->818K(234752K)] 611861K->372061K(921728K), 0.0068520 secs] [Times: user=0.04 sys=0.00, real=0.01 secs] 
2014-07-07T21:40:30.509+0000: 2732.529: [GC [PSYoungGen: 234702K->715K(229184K)] 605945K->372022K(916160K), 0.0107060 secs] [Times: user=0.07 sys=0.01, real=0.01 secs] 
2014-07-07T21:40:31.318+0000: 2733.338: [GC [PSYoungGen: 229131K->594K(223744K)] 600438K->371957K(910720K), 0.0055270 secs] [Times: user=0.02 sys=0.01, real=0.00 secs] 
2014-07-07T21:40:32.121+0000: 2734.141: [GC [PSYoungGen: 223698K->811K(268608K)] 595061K->372238K(955584K), 0.0168610 secs] [Times: user=0.11 sys=0.00, real=0.02 secs] 
2014-07-07T21:40:33.077+0000: 2735.097: [GC [PSYoungGen: 268587K->498K(321856K)] 640014K->371965K(1008832K), 0.0158080 secs] [Times: user=0.09 sys=0.01, real=0.01 secs] 
2014-07-07T21:40:34.242+0000: 2736.262: [GC [PSYoungGen: 321841K->530K(386240K)] 693309K->372053K(1073216K), 0.0058280 secs] [Times: user=0.04 sys=0.00, real=0.01 secs] 
2014-07-07T21:40:35.603+0000: 2737.623: [GC [PSYoungGen: 386194K->668K(374848K)] 757717K->372223K(1061824K), 0.0065690 secs] [Times: user=0.02 sys=0.00, real=0.01 secs] 
2014-07-07T21:40:36.926+0000: 2738.946: [GC [PSYoungGen: 374812K->848K(363968K)] 746367K->372459K(1050944K), 0.0076550 secs] [Times: user=0.03 sys=0.01, real=0.00 secs] 
2014-07-07T21:40:38.214+0000: 2740.234: [GC [PSYoungGen: 363894K->1131K(353664K)] 735505K->372806K(1040640K), 0.0063550 secs] [Times: user=0.04 sys=0.00, real=0.01 secs] 
2014-07-07T21:40:39.483+0000: 2741.503: [GC [PSYoungGen: 353643K->530K(342912K)] 725318K->372261K(1029888K), 0.0040290 secs] [Times: user=0.02 sys=0.00, real=0.01 secs] 
2014-07-07T21:40:40.697+0000: 2742.718: [GC [PSYoungGen: 342866K->1249K(333888K)] 714597K->373028K(1020864K), 0.0095110 secs] [Times: user=0.05 sys=0.00, real=0.01 secs] 
2014-07-07T21:40:41.880+0000: 2743.900: [GC [PSYoungGen: 333857K->999K(324288K)] 705636K->372850K(1011264K), 0.0087630 secs] [Times: user=0.05 sys=0.01, real=0.01 secs] 
2014-07-07T21:40:43.031+0000: 2745.051: [GC [PSYoungGen: 324263K->662K(315008K)] 696114K->372553K(1001984K), 0.0045960 secs] [Times: user=0.02 sys=0.00, real=0.00 secs] 
2014-07-07T21:40:44.144+0000: 2746.164: [GC [PSYoungGen: 314929K->1088K(306880K)] 686820K->373019K(993856K), 0.0047570 secs] [Times: user=0.02 sys=0.00, real=0.01 secs] 
2014-07-07T21:40:45.222+0000: 2747.243: [GC [PSYoungGen: 306816K->744K(298240K)] 678747K->372739K(985216K), 0.0083690 secs] [Times: user=0.04 sys=0.00, real=0.01 secs] 
2014-07-07T21:40:46.281+0000: 2748.301: [GC [PSYoungGen: 298216K->772K(290368K)] 670211K->372831K(977344K), 0.0040370 secs] [Times: user=0.02 sys=0.00, real=0.00 secs] 
2014-07-07T21:40:47.318+0000: 2749.338: [GC [PSYoungGen: 290308K->480K(282432K)] 662367K->372611K(969408K), 0.0060400 secs] [Times: user=0.02 sys=0.01, real=0.00 secs] 
2014-07-07T21:40:48.328+0000: 2750.348: [GC [PSYoungGen: 282394K->836K(275456K)] 654525K->373015K(962432K), 0.0069680 secs] [Times: user=0.04 sys=0.01, real=0.00 secs] 
2014-07-07T21:40:49.294+0000: 2751.314: [GC [PSYoungGen: 275361K->730K(268288K)] 647540K->372973K(955264K), 0.0102760 secs] [Times: user=0.07 sys=0.00, real=0.01 secs] 
2014-07-07T21:40:50.253+0000: 2752.273: [GC [PSYoungGen: 268250K->860K(261632K)] 640493K->373159K(948608K), 0.0072850 secs] [Times: user=0.05 sys=0.00, real=0.01 secs] 
2014-07-07T21:40:51.190+0000: 2753.210: [GC [PSYoungGen: 261596K->594K(254848K)] 633895K->372949K(941824K), 0.0108040 secs] [Times: user=0.07 sys=0.00, real=0.01 secs] 
2014-07-07T21:40:52.089+0000: 2754.109: [GC [PSYoungGen: 254776K->1199K(249152K)] 627131K->373744K(936128K), 0.0101530 secs] [Times: user=0.06 sys=0.00, real=0.01 secs] 
2014-07-07T21:40:52.971+0000: 2754.991: [GC [PSYoungGen: 249135K->822K(242752K)] 621680K->373430K(929728K), 0.0063900 secs] [Times: user=0.04 sys=0.00, real=0.00 secs] 
2014-07-07T21:40:53.837+0000: 2755.857: [GC [PSYoungGen: 242742K->790K(236928K)] 615350K->373512K(923904K), 0.0090460 secs] [Times: user=0.05 sys=0.00, real=0.01 secs] 
2014-07-07T21:40:54.678+0000: 2756.698: [GC [PSYoungGen: 236849K->1146K(231616K)] 609572K->373948K(918592K), 0.0097120 secs] [Times: user=0.05 sys=0.00, real=0.00 secs] 
2014-07-07T21:40:55.502+0000: 2757.522: [GC [PSYoungGen: 231610K->690K(225792K)] 604412K->373580K(912768K), 0.0055520 secs] [Times: user=0.03 sys=0.01, real=0.00 secs] 
2014-07-07T21:40:56.295+0000: 2758.315: [GC [PSYoungGen: 225778K->666K(220608K)] 598668K->373612K(907584K), 0.0062450 secs] [Times: user=0.04 sys=0.00, real=0.01 secs] 
2014-07-07T21:40:57.086+0000: 2759.106: [GC [PSYoungGen: 220566K->798K(215680K)] 593512K->373768K(902656K), 0.0063300 secs] [Times: user=0.02 sys=0.00, real=0.01 secs] 
2014-07-07T21:40:57.850+0000: 2759.870: [GC [PSYoungGen: 215646K->880K(258752K)] 588616K->373890K(945728K), 0.0194730 secs] [Times: user=0.13 sys=0.00, real=0.02 secs] 
2014-07-07T21:40:58.773+0000: 2760.793: [GC [PSYoungGen: 258736K->1018K(310464K)] 631746K->374100K(997440K), 0.0127290 secs] [Times: user=0.09 sys=0.00, real=0.01 secs] 
2014-07-07T21:40:59.876+0000: 2761.896: [GC [PSYoungGen: 310458K->726K(372096K)] 683540K->373856K(1059072K), 0.0040940 secs] [Times: user=0.02 sys=0.00, real=0.01 secs] 
2014-07-07T21:41:01.213+0000: 2763.233: [GC [PSYoungGen: 372054K->740K(361152K)] 745184K->373950K(1048128K), 0.0064830 secs] [Times: user=0.03 sys=0.00, real=0.01 secs] 
2014-07-07T21:41:02.509+0000: 2764.529: [GC [PSYoungGen: 361115K->744K(350656K)] 734325K->374010K(1037632K), 0.0164750 secs] [Times: user=0.12 sys=0.01, real=0.01 secs] 
2014-07-07T21:41:03.752+0000: 2765.772: [GC [PSYoungGen: 350632K->988K(340864K)] 723898K->374342K(1027840K), 0.0070120 secs] [Times: user=0.05 sys=0.00, real=0.00 secs] 
2014-07-07T21:41:04.971+0000: 2766.991: [GC [PSYoungGen: 340799K->662K(330944K)] 714154K->374112K(1017920K), 0.0048630 secs] [Times: user=0.02 sys=0.00, real=0.00 secs] 
2014-07-07T21:41:06.144+0000: 2768.164: [GC [PSYoungGen: 330902K->886K(321920K)] 704352K->374686K(1008896K), 0.0057610 secs] [Times: user=0.04 sys=0.00, real=0.00 secs] 
2014-07-07T21:41:07.288+0000: 2769.308: [GC [PSYoungGen: 321910K->943K(313088K)] 695710K->374799K(1000064K), 0.0057210 secs] [Times: user=0.02 sys=0.00, real=0.01 secs] 
2014-07-07T21:41:08.402+0000: 2770.422: [GC [PSYoungGen: 313071K->976K(304640K)] 686927K->374888K(991616K), 0.0212090 secs] [Times: user=0.14 sys=0.01, real=0.02 secs] 
2014-07-07T21:41:09.483+0000: 2771.503: [GC [PSYoungGen: 304592K->640K(296064K)] 678504K->374624K(983040K), 0.0054590 secs] [Times: user=0.04 sys=0.00, real=0.00 secs] 
2014-07-07T21:41:10.529+0000: 2772.549: [GC [PSYoungGen: 296064K->1078K(288640K)] 670048K->375193K(975616K), 0.0052170 secs] [Times: user=0.03 sys=0.00, real=0.01 secs] 
2014-07-07T21:41:11.552+0000: 2773.572: [GC [PSYoungGen: 288630K->730K(280768K)] 662745K->374908K(967744K), 0.0042300 secs] [Times: user=0.03 sys=0.00, real=0.00 secs] 
2014-07-07T21:41:12.551+0000: 2774.571: [GC [PSYoungGen: 280730K->992K(273792K)] 654908K->375359K(960768K), 0.0073720 secs] [Times: user=0.04 sys=0.00, real=0.01 secs] 
2014-07-07T21:41:13.525+0000: 2775.546: [GC [PSYoungGen: 273760K->512K(266304K)] 648127K->374950K(953280K), 0.0074550 secs] [Times: user=0.04 sys=0.00, real=0.01 secs] 
2014-07-07T21:41:14.478+0000: 2776.498: [GC [PSYoungGen: 266304K->862K(259968K)] 640742K->375396K(946944K), 0.0078300 secs] [Times: user=0.04 sys=0.00, real=0.01 secs] 
2014-07-07T21:41:15.409+0000: 2777.429: [GC [PSYoungGen: 259934K->758K(253376K)] 634468K->375380K(940352K), 0.0060820 secs] [Times: user=0.03 sys=0.00, real=0.01 secs] 
2014-07-07T21:41:16.312+0000: 2778.332: [GC [PSYoungGen: 253366K->748K(247168K)] 627988K->375434K(934144K), 0.0087880 secs] [Times: user=0.05 sys=0.00, real=0.00 secs] 
2014-07-07T21:41:17.194+0000: 2779.214: [GC [PSYoungGen: 247116K->698K(241088K)] 621802K->375432K(928064K), 0.0040660 secs] [Times: user=0.02 sys=0.00, real=0.01 secs] 
2014-07-07T21:41:18.048+0000: 2780.068: [GC [PSYoungGen: 241082K->1084K(235712K)] 615816K->375891K(922688K), 0.0075300 secs] [Times: user=0.05 sys=0.00, real=0.01 secs] 
2014-07-07T21:41:18.888+0000: 2780.908: [GC [PSYoungGen: 235708K->566K(229632K)] 610515K->375404K(916608K), 0.0133860 secs] [Times: user=0.07 sys=0.00, real=0.02 secs] 
2014-07-07T21:41:19.704+0000: 2781.724: [GC [PSYoungGen: 229622K->548K(224256K)] 604460K->375458K(911232K), 0.0065050 secs] [Times: user=0.03 sys=0.01, real=0.00 secs] 
2014-07-07T21:41:20.491+0000: 2782.511: [GC [PSYoungGen: 224187K->1114K(219648K)] 599098K->376121K(906624K), 0.0077440 secs] [Times: user=0.04 sys=0.00, real=0.01 secs] 
2014-07-07T21:41:21.268+0000: 2783.288: [GC [PSYoungGen: 219579K->822K(214336K)] 594586K->375932K(901312K), 0.0084660 secs] [Times: user=0.06 sys=0.00, real=0.01 secs] 
2014-07-07T21:41:22.040+0000: 2784.060: [GC [PSYoungGen: 214326K->626K(209344K)] 589436K->375792K(896320K), 0.0091650 secs] [Times: user=0.05 sys=0.01, real=0.01 secs] 
2014-07-07T21:41:22.787+0000: 2784.807: [GC [PSYoungGen: 209293K->875K(251392K)] 584459K->376089K(938368K), 0.0137150 secs] [Times: user=0.07 sys=0.00, real=0.01 secs] 
2014-07-07T21:41:23.680+0000: 2785.700: [GC [PSYoungGen: 251371K->1316K(301952K)] 626585K->376687K(988928K), 0.0088530 secs] [Times: user=0.05 sys=0.00, real=0.01 secs] 
2014-07-07T21:41:24.742+0000: 2786.762: [GC [PSYoungGen: 301924K->502K(293056K)] 677295K->376056K(980032K), 0.0056050 secs] [Times: user=0.02 sys=0.01, real=0.01 secs] 
2014-07-07T21:41:25.797+0000: 2787.817: [GC [PSYoungGen: 293046K->880K(352000K)] 668600K->376466K(1038976K), 0.0134840 secs] [Times: user=0.08 sys=0.00, real=0.01 secs] 
2014-07-07T21:41:27.036+0000: 2789.056: [GC [PSYoungGen: 351984K->780K(341824K)] 727570K->376604K(1028800K), 0.0094630 secs] [Times: user=0.06 sys=0.00, real=0.01 secs] 
2014-07-07T21:41:28.260+0000: 2790.280: [GC [PSYoungGen: 341772K->940K(332288K)] 717596K->376828K(1019264K), 0.0128940 secs] [Times: user=0.09 sys=0.00, real=0.02 secs] 
2014-07-07T21:41:29.429+0000: 2791.449: [GC [PSYoungGen: 332268K->708K(322816K)] 708156K->376676K(1009792K), 0.0054680 secs] [Times: user=0.03 sys=0.00, real=0.01 secs] 
2014-07-07T21:41:30.585+0000: 2792.605: [GC [PSYoungGen: 322756K->1200K(314368K)] 698724K->377240K(1001344K), 0.0047410 secs] [Times: user=0.03 sys=0.00, real=0.00 secs] 
2014-07-07T21:41:31.716+0000: 2793.736: [GC [PSYoungGen: 314317K->766K(305344K)] 690358K->377193K(992320K), 0.0058430 secs] [Times: user=0.04 sys=0.00, real=0.00 secs] 
2014-07-07T21:41:32.811+0000: 2794.831: [GC [PSYoungGen: 305342K->1458K(297856K)] 681769K->377965K(984832K), 0.0175040 secs] [Times: user=0.11 sys=0.00, real=0.02 secs] 
2014-07-07T21:41:33.879+0000: 2795.899: [GC [PSYoungGen: 297842K->740K(289280K)] 674349K->377407K(976256K), 0.0082350 secs] [Times: user=0.06 sys=0.00, real=0.01 secs] 
2014-07-07T21:41:34.903+0000: 2796.923: [GC [PSYoungGen: 289229K->1170K(282112K)] 665896K->377893K(969088K), 0.0043460 secs] [Times: user=0.02 sys=0.00, real=0.01 secs] 
2014-07-07T21:41:35.899+0000: 2797.919: [GC [PSYoungGen: 282022K->676K(274304K)] 658745K->377496K(961280K), 0.0175620 secs] [Times: user=0.11 sys=0.00, real=0.02 secs] 
2014-07-07T21:41:36.885+0000: 2798.905: [GC [PSYoungGen: 274276K->562K(328896K)] 651096K->377454K(1015872K), 0.0113580 secs] [Times: user=0.08 sys=0.00, real=0.01 secs] 
2014-07-07T21:41:38.044+0000: 2800.064: [GC [PSYoungGen: 328882K->658K(319872K)] 705774K->377614K(1006848K), 0.0046870 secs] [Times: user=0.02 sys=0.00, real=0.00 secs] 
2014-07-07T21:41:39.172+0000: 2801.192: [GC [PSYoungGen: 319826K->612K(311040K)] 696782K->377640K(998016K), 0.0113620 secs] [Times: user=0.07 sys=0.01, real=0.01 secs] 
2014-07-07T21:41:40.283+0000: 2802.303: [GC [PSYoungGen: 311012K->704K(302656K)] 688040K->377820K(989632K), 0.0078850 secs] [Times: user=0.06 sys=0.00, real=0.01 secs] 
2014-07-07T21:41:41.359+0000: 2803.379: [GC [PSYoungGen: 302607K->530K(294400K)] 679724K->377702K(981376K), 0.0070720 secs] [Times: user=0.04 sys=0.00, real=0.01 secs] 
2014-07-07T21:41:42.395+0000: 2804.415: [GC [PSYoungGen: 294354K->626K(286656K)] 671526K->377862K(973632K), 0.0051240 secs] [Times: user=0.02 sys=0.00, real=0.00 secs] 
2014-07-07T21:41:43.437+0000: 2805.457: [GC [PSYoungGen: 286642K->904K(279488K)] 663878K->378213K(966464K), 0.0111100 secs] [Times: user=0.07 sys=0.00, real=0.01 secs] 
2014-07-07T21:41:44.419+0000: 2806.439: [GC [PSYoungGen: 279432K->1320K(272640K)] 656741K->378733K(959616K), 0.0061710 secs] [Times: user=0.02 sys=0.00, real=0.01 secs] 
2014-07-07T21:41:45.379+0000: 2807.399: [GC [PSYoungGen: 272607K->868K(265280K)] 650020K->378345K(952256K), 0.0076250 secs] [Times: user=0.05 sys=0.00, real=0.01 secs] 
2014-07-07T21:41:46.309+0000: 2808.329: [GC [PSYoungGen: 265252K->1010K(258752K)] 642729K->378535K(945728K), 0.0048920 secs] [Times: user=0.03 sys=0.00, real=0.00 secs] 
2014-07-07T21:41:47.238+0000: 2809.258: [GC [PSYoungGen: 258738K->712K(252096K)] 636263K->378333K(939072K), 0.0103840 secs] [Times: user=0.06 sys=0.00, real=0.01 secs] 
2014-07-07T21:41:48.157+0000: 2810.177: [GC [PSYoungGen: 252040K->860K(246080K)] 629661K->378529K(933056K), 0.0056860 secs] [Times: user=0.02 sys=0.00, real=0.00 secs] 
2014-07-07T21:41:49.024+0000: 2811.044: [GC [PSYoungGen: 246044K->580K(239872K)] 623713K->378320K(926848K), 0.0043830 secs] [Times: user=0.03 sys=0.00, real=0.01 secs] 
2014-07-07T21:41:49.882+0000: 2811.902: [GC [PSYoungGen: 239808K->1014K(234560K)] 617549K->378803K(921536K), 0.0046810 secs] [Times: user=0.03 sys=0.00, real=0.01 secs] 
2014-07-07T21:41:50.712+0000: 2812.732: [GC [PSYoungGen: 234550K->690K(228736K)] 612339K->378566K(915712K), 0.0046330 secs] [Times: user=0.02 sys=0.00, real=0.01 secs] 
2014-07-07T21:41:51.522+0000: 2813.542: [GC [PSYoungGen: 228722K->512K(223232K)] 606598K->378428K(910208K), 0.0043090 secs] [Times: user=0.02 sys=0.00, real=0.01 secs] 
2014-07-07T21:41:52.324+0000: 2814.344: [GC [PSYoungGen: 223232K->896K(218560K)] 601148K->378885K(905536K), 0.0063080 secs] [Times: user=0.04 sys=0.00, real=0.01 secs] 
2014-07-07T21:41:53.105+0000: 2815.125: [GC [PSYoungGen: 218496K->1043K(213760K)] 596485K->379095K(900736K), 0.0094920 secs] [Times: user=0.06 sys=0.00, real=0.01 secs] 
2014-07-07T21:41:53.864+0000: 2815.884: [GC [PSYoungGen: 213715K->1152K(209088K)] 591767K->379301K(896064K), 0.0085410 secs] [Times: user=0.06 sys=0.00, real=0.01 secs] 
2014-07-07T21:41:54.601+0000: 2816.621: [GC [PSYoungGen: 209024K->576K(203840K)] 587173K->378772K(890816K), 0.0081720 secs] [Times: user=0.04 sys=0.01, real=0.01 secs] 
2014-07-07T21:41:55.325+0000: 2817.345: [GC [PSYoungGen: 203803K->1185K(200000K)] 582000K->379446K(886976K), 0.0083680 secs] [Times: user=0.06 sys=0.00, real=0.01 secs] 
2014-07-07T21:41:56.024+0000: 2818.044: [GC [PSYoungGen: 199969K->544K(195072K)] 578230K->378852K(882048K), 0.0058660 secs] [Times: user=0.03 sys=0.00, real=0.01 secs] 
2014-07-07T21:41:56.722+0000: 2818.742: [GC [PSYoungGen: 195040K->530K(190912K)] 573348K->378894K(877888K), 0.0034490 secs] [Times: user=0.02 sys=0.00, real=0.00 secs] 
2014-07-07T21:41:57.397+0000: 2819.418: [GC [PSYoungGen: 190866K->498K(186816K)] 569230K->378934K(873792K), 0.0077720 secs] [Times: user=0.04 sys=0.00, real=0.00 secs] 
2014-07-07T21:41:58.052+0000: 2820.072: [GC [PSYoungGen: 186802K->848K(224512K)] 565238K->379309K(911488K), 0.0193630 secs] [Times: user=0.09 sys=0.00, real=0.02 secs] 
2014-07-07T21:41:58.844+0000: 2820.864: [GC [PSYoungGen: 224423K->1052K(269440K)] 602883K->379569K(956416K), 0.0044240 secs] [Times: user=0.03 sys=0.00, real=0.01 secs] 
2014-07-07T21:41:59.802+0000: 2821.822: [GC [PSYoungGen: 269404K->740K(322816K)] 647921K->379352K(1009792K), 0.0069940 secs] [Times: user=0.04 sys=0.00, real=0.01 secs] 
2014-07-07T21:42:00.952+0000: 2822.972: [GC [PSYoungGen: 322788K->644K(313856K)] 701400K->379320K(1000832K), 0.0049220 secs] [Times: user=0.02 sys=0.00, real=0.00 secs] 
2014-07-07T21:42:02.083+0000: 2824.103: [GC [PSYoungGen: 313780K->924K(376768K)] 692457K->379657K(1063744K), 0.0190480 secs] [Times: user=0.12 sys=0.00, real=0.02 secs] 
2014-07-07T21:42:03.433+0000: 2825.453: [GC [PSYoungGen: 376732K->544K(365248K)] 755465K->379348K(1052224K), 0.0048790 secs] [Times: user=0.02 sys=0.00, real=0.01 secs] 
2014-07-07T21:42:04.767+0000: 2826.787: [GC [PSYoungGen: 365216K->754K(354816K)] 744020K->379614K(1041792K), 0.0078080 secs] [Times: user=0.05 sys=0.00, real=0.01 secs] 
2014-07-07T21:42:06.016+0000: 2828.036: [GC [PSYoungGen: 354802K->994K(344832K)] 733662K->379927K(1031808K), 0.0061430 secs] [Times: user=0.04 sys=0.00, real=0.01 secs] 
2014-07-07T21:42:07.250+0000: 2829.270: [GC [PSYoungGen: 344802K->960K(335040K)] 723735K->379917K(1022016K), 0.0125560 secs] [Times: user=0.05 sys=0.00, real=0.01 secs] 
2014-07-07T21:42:08.449+0000: 2830.469: [GC [PSYoungGen: 334976K->594K(325248K)] 713933K->379622K(1012224K), 0.0061450 secs] [Times: user=0.03 sys=0.00, real=0.01 secs] 
2014-07-07T21:42:09.616+0000: 2831.636: [GC [PSYoungGen: 325202K->694K(316288K)] 704230K->379778K(1003264K), 0.0045530 secs] [Times: user=0.02 sys=0.00, real=0.01 secs] 
2014-07-07T21:42:10.727+0000: 2832.747: [GC [PSYoungGen: 316278K->608K(307584K)] 695362K->379748K(994560K), 0.0078520 secs] [Times: user=0.03 sys=0.00, real=0.01 secs] 
2014-07-07T21:42:11.818+0000: 2833.838: [GC [PSYoungGen: 307552K->562K(299200K)] 686692K->379742K(986176K), 0.0054120 secs] [Times: user=0.02 sys=0.01, real=0.01 secs] 
2014-07-07T21:42:12.886+0000: 2834.906: [GC [PSYoungGen: 299185K->1064K(291712K)] 678365K->380293K(978688K), 0.0041780 secs] [Times: user=0.02 sys=0.00, real=0.00 secs] 
2014-07-07T21:42:13.912+0000: 2835.932: [GC [PSYoungGen: 291688K->530K(283520K)] 670917K->379790K(970496K), 0.0190060 secs] [Times: user=0.12 sys=0.00, real=0.02 secs] 
2014-07-07T21:42:14.929+0000: 2836.950: [GC [PSYoungGen: 283474K->726K(276352K)] 662734K->380058K(963328K), 0.0073100 secs] [Times: user=0.05 sys=0.00, real=0.01 secs] 
2014-07-07T21:42:15.897+0000: 2837.917: [GC [PSYoungGen: 276310K->786K(269312K)] 655642K->380206K(956288K), 0.0063340 secs] [Times: user=0.04 sys=0.00, real=0.01 secs] 
2014-07-07T21:42:16.859+0000: 2838.879: [GC [PSYoungGen: 269252K->658K(262336K)] 648673K->380142K(949312K), 0.0077030 secs] [Times: user=0.05 sys=0.00, real=0.01 secs] 
2014-07-07T21:42:17.779+0000: 2839.800: [GC [PSYoungGen: 262290K->840K(256000K)] 641774K->380397K(942976K), 0.0060670 secs] [Times: user=0.04 sys=0.00, real=0.01 secs] 
2014-07-07T21:42:18.693+0000: 2840.713: [GC [PSYoungGen: 255943K->862K(249664K)] 635499K->380483K(936640K), 0.0034560 secs] [Times: user=0.03 sys=0.00, real=0.00 secs] 
2014-07-07T21:42:19.599+0000: 2841.619: [GC [PSYoungGen: 249630K->644K(243392K)] 629251K->380328K(930368K), 0.0087070 secs] [Times: user=0.06 sys=0.00, real=0.01 secs] 
2014-07-07T21:42:20.456+0000: 2842.476: [GC [PSYoungGen: 243324K->886K(237760K)] 623009K->380759K(924736K), 0.0075000 secs] [Times: user=0.05 sys=0.00, real=0.01 secs] 
2014-07-07T21:42:21.289+0000: 2843.310: [GC [PSYoungGen: 237750K->930K(232192K)] 617623K->380899K(919168K), 0.0053660 secs] [Times: user=0.03 sys=0.00, real=0.01 secs] 
2014-07-07T21:42:22.112+0000: 2844.132: [GC [PSYoungGen: 232162K->580K(226432K)] 612131K->380613K(913408K), 0.0067820 secs] [Times: user=0.05 sys=0.00, real=0.00 secs] 
2014-07-07T21:42:22.903+0000: 2844.923: [GC [PSYoungGen: 226368K->830K(221376K)] 606401K->380903K(908352K), 0.0083630 secs] [Times: user=0.05 sys=0.00, real=0.01 secs] 
2014-07-07T21:42:23.686+0000: 2845.707: [GC [PSYoungGen: 221374K->926K(265664K)] 601447K->381087K(952640K), 0.0133630 secs] [Times: user=0.08 sys=0.00, real=0.01 secs] 
2014-07-07T21:42:24.639+0000: 2846.659: [GC [PSYoungGen: 265614K->1082K(259136K)] 645775K->381323K(946112K), 0.0065670 secs] [Times: user=0.02 sys=0.00, real=0.01 secs] 
2014-07-07T21:42:25.566+0000: 2847.586: [GC [PSYoungGen: 259130K->444K(252096K)] 639371K->381448K(939072K), 0.0078420 secs] [Times: user=0.04 sys=0.00, real=0.01 secs] 
2014-07-07T21:42:26.474+0000: 2848.495: [GC [PSYoungGen: 252070K->1126K(246592K)] 633074K->382218K(933568K), 0.0072300 secs] [Times: user=0.05 sys=0.00, real=0.00 secs] 
2014-07-07T21:42:27.352+0000: 2849.373: [GC [PSYoungGen: 246566K->530K(240064K)] 627658K->381685K(927040K), 0.0095160 secs] [Times: user=0.06 sys=0.00, real=0.01 secs] 
2014-07-07T21:42:28.203+0000: 2850.223: [GC [PSYoungGen: 240000K->1042K(234816K)] 621156K->382238K(921792K), 0.0083330 secs] [Times: user=0.04 sys=0.01, real=0.00 secs] 
2014-07-07T21:42:29.038+0000: 2851.058: [GC [PSYoungGen: 234770K->772K(229056K)] 615966K->382079K(916032K), 0.0063300 secs] [Times: user=0.04 sys=0.01, real=0.01 secs] 
2014-07-07T21:42:29.840+0000: 2851.860: [GC [PSYoungGen: 228996K->694K(223616K)] 610303K->382042K(910592K), 0.0067700 secs] [Times: user=0.02 sys=0.00, real=0.01 secs] 
2014-07-07T21:42:30.640+0000: 2852.660: [GC [PSYoungGen: 223601K->780K(218624K)] 604949K->382192K(905600K), 0.0055360 secs] [Times: user=0.02 sys=0.00, real=0.01 secs] 
2014-07-07T21:42:31.420+0000: 2853.440: [GC [PSYoungGen: 218572K->944K(213824K)] 599984K->382412K(900800K), 0.0054360 secs] [Times: user=0.02 sys=0.00, real=0.01 secs] 
2014-07-07T21:42:32.184+0000: 2854.204: [GC [PSYoungGen: 213808K->916K(209024K)] 595276K->382524K(896000K), 0.0047490 secs] [Times: user=0.02 sys=0.00, real=0.00 secs] 
2014-07-07T21:42:32.923+0000: 2854.943: [GC [PSYoungGen: 208958K->1122K(204608K)] 590566K->382778K(891584K), 0.0121470 secs] [Times: user=0.08 sys=0.00, real=0.01 secs] 
2014-07-07T21:42:33.640+0000: 2855.660: [GC [PSYoungGen: 204546K->634K(244800K)] 586202K->382590K(931776K), 0.0117350 secs] [Times: user=0.08 sys=0.00, real=0.01 secs] 
2014-07-07T21:42:34.512+0000: 2856.532: [GC [PSYoungGen: 244751K->1188K(294208K)] 626708K->383201K(981184K), 0.0060040 secs] [Times: user=0.03 sys=0.00, real=0.01 secs] 
2014-07-07T21:42:35.566+0000: 2857.586: [GC [PSYoungGen: 294180K->712K(286016K)] 676193K->382788K(972992K), 0.0072990 secs] [Times: user=0.05 sys=0.00, real=0.01 secs] 
2014-07-07T21:42:36.589+0000: 2858.609: [GC [PSYoungGen: 285960K->968K(278784K)] 668036K->383100K(965760K), 0.0043270 secs] [Times: user=0.02 sys=0.00, real=0.01 secs] 
2014-07-07T21:42:37.592+0000: 2859.612: [GC [PSYoungGen: 278728K->612K(271232K)] 660860K->382808K(958208K), 0.0108600 secs] [Times: user=0.07 sys=0.00, real=0.02 secs] 
2014-07-07T21:42:38.567+0000: 2860.587: [GC [PSYoungGen: 271200K->812K(264512K)] 653397K->383072K(951488K), 0.0063250 secs] [Times: user=0.04 sys=0.00, real=0.00 secs] 
2014-07-07T21:42:39.511+0000: 2861.531: [GC [PSYoungGen: 264475K->954K(257984K)] 646736K->383286K(944960K), 0.0056330 secs] [Times: user=0.03 sys=0.00, real=0.01 secs] 
2014-07-07T21:42:40.435+0000: 2862.455: [GC [PSYoungGen: 257967K->921K(251584K)] 640300K->383309K(938560K), 0.0037190 secs] [Times: user=0.02 sys=0.00, real=0.00 secs] 
2014-07-07T21:42:41.320+0000: 2863.340: [GC [PSYoungGen: 251545K->708K(245248K)] 633933K->383152K(932224K), 0.0130060 secs] [Times: user=0.08 sys=0.00, real=0.01 secs] 
2014-07-07T21:42:42.188+0000: 2864.208: [GC [PSYoungGen: 245188K->698K(239296K)] 627632K->383174K(926272K), 0.0050040 secs] [Times: user=0.02 sys=0.00, real=0.00 secs] 
2014-07-07T21:42:43.043+0000: 2865.063: [GC [PSYoungGen: 239290K->544K(233472K)] 621766K->383068K(920448K), 0.0107160 secs] [Times: user=0.06 sys=0.00, real=0.01 secs] 
2014-07-07T21:42:43.867+0000: 2865.887: [GC [PSYoungGen: 233440K->1054K(228480K)] 615964K->383618K(915456K), 0.0058470 secs] [Times: user=0.02 sys=0.00, real=0.00 secs] 
2014-07-07T21:42:44.683+0000: 2866.703: [GC [PSYoungGen: 228446K->780K(222912K)] 611010K->383416K(909888K), 0.0083700 secs] [Times: user=0.06 sys=0.00, real=0.01 secs] 
2014-07-07T21:42:45.484+0000: 2867.505: [GC [PSYoungGen: 222860K->626K(217600K)] 605496K->383350K(904576K), 0.0084040 secs] [Times: user=0.04 sys=0.00, real=0.01 secs] 
2014-07-07T21:42:46.256+0000: 2868.276: [GC [PSYoungGen: 217586K->844K(212928K)] 600310K->383632K(899904K), 0.0078870 secs] [Times: user=0.02 sys=0.00, real=0.00 secs] 
2014-07-07T21:42:47.013+0000: 2869.033: [GC [PSYoungGen: 212876K->1184K(208512K)] 595664K->384029K(895488K), 0.0088460 secs] [Times: user=0.03 sys=0.00, real=0.01 secs] 
2014-07-07T21:42:47.756+0000: 2869.776: [GC [PSYoungGen: 208480K->484K(249280K)] 591325K->383550K(936256K), 0.0098100 secs] [Times: user=0.06 sys=0.00, real=0.01 secs] 
2014-07-07T21:42:48.644+0000: 2870.664: [GC [PSYoungGen: 249252K->812K(243520K)] 632318K->383942K(930496K), 0.0037490 secs] [Times: user=0.02 sys=0.00, real=0.01 secs] 
2014-07-07T21:42:49.500+0000: 2871.520: [GC [PSYoungGen: 243500K->580K(237504K)] 626630K->383790K(924480K), 0.0063770 secs] [Times: user=0.03 sys=0.00, real=0.01 secs] 
2014-07-07T21:42:50.346+0000: 2872.366: [GC [PSYoungGen: 237436K->1128K(285440K)] 620647K->384419K(972416K), 0.0139270 secs] [Times: user=0.08 sys=0.00, real=0.01 secs] 
2014-07-07T21:42:51.340+0000: 2873.360: [GC [PSYoungGen: 285416K->544K(277440K)] 668707K->383890K(964416K), 0.0081730 secs] [Times: user=0.05 sys=0.00, real=0.01 secs] 
2014-07-07T21:42:52.338+0000: 2874.358: [GC [PSYoungGen: 277408K->576K(270272K)] 660754K->383986K(957248K), 0.0057370 secs] [Times: user=0.04 sys=0.00, real=0.00 secs] 
2014-07-07T21:42:53.288+0000: 2875.308: [GC [PSYoungGen: 270256K->1285K(264192K)] 653666K->384744K(951168K), 0.0068060 secs] [Times: user=0.03 sys=0.00, real=0.00 secs] 
2014-07-07T21:42:54.238+0000: 2876.258: [GC [PSYoungGen: 264133K->1160K(257472K)] 647592K->384682K(944448K), 0.0056590 secs] [Times: user=0.03 sys=0.00, real=0.00 secs] 
2014-07-07T21:42:55.154+0000: 2877.174: [GC [PSYoungGen: 257415K->434K(250368K)] 640938K->384164K(937344K), 0.0085600 secs] [Times: user=0.05 sys=0.00, real=0.01 secs] 
2014-07-07T21:42:56.058+0000: 2878.078: [GC [PSYoungGen: 250354K->1224K(245056K)] 634084K->385026K(932032K), 0.0093380 secs] [Times: user=0.05 sys=0.01, real=0.01 secs] 
2014-07-07T21:42:56.919+0000: 2878.939: [GC [PSYoungGen: 245000K->1266K(239168K)] 628802K->385257K(926144K), 0.0047610 secs] [Times: user=0.02 sys=0.00, real=0.00 secs] 
2014-07-07T21:42:57.756+0000: 2879.776: [GC [PSYoungGen: 239153K->926K(233152K)] 623143K->384980K(920128K), 0.0075150 secs] [Times: user=0.03 sys=0.00, real=0.00 secs] 
2014-07-07T21:42:58.567+0000: 2880.587: [GC [PSYoungGen: 233118K->1149K(227904K)] 617172K->385367K(914880K), 0.0038120 secs] [Times: user=0.02 sys=0.00, real=0.00 secs] 
2014-07-07T21:42:59.362+0000: 2881.382: [GC [PSYoungGen: 227861K->972K(222528K)] 612079K->385278K(909504K), 0.0083990 secs] [Times: user=0.05 sys=0.00, real=0.01 secs] 
2014-07-07T21:43:00.158+0000: 2882.178: [GC [PSYoungGen: 222475K->914K(217408K)] 606781K->385277K(904384K), 0.0039400 secs] [Times: user=0.03 sys=0.00, real=0.00 secs] 
2014-07-07T21:43:00.927+0000: 2882.947: [GC [PSYoungGen: 217362K->772K(212352K)] 601725K->385182K(899328K), 0.0054340 secs] [Times: user=0.02 sys=0.00, real=0.00 secs] 
2014-07-07T21:43:01.690+0000: 2883.710: [GC [PSYoungGen: 212292K->544K(207360K)] 596702K->385018K(894336K), 0.0036200 secs] [Times: user=0.03 sys=0.00, real=0.00 secs] 
2014-07-07T21:43:02.430+0000: 2884.450: [GC [PSYoungGen: 207328K->544K(202816K)] 591802K->385098K(889792K), 0.0039010 secs] [Times: user=0.02 sys=0.00, real=0.00 secs] 
2014-07-07T21:43:03.123+0000: 2885.143: [GC [PSYoungGen: 202738K->1467K(199296K)] 587292K->386077K(886272K), 0.0088980 secs] [Times: user=0.05 sys=0.01, real=0.01 secs] 
2014-07-07T21:43:03.835+0000: 2885.855: [GC [PSYoungGen: 199291K->662K(194240K)] 583901K->385328K(881216K), 0.0060500 secs] [Times: user=0.02 sys=0.00, real=0.01 secs] 
2014-07-07T21:43:04.529+0000: 2886.549: [GC [PSYoungGen: 194198K->1090K(190592K)] 578864K->385844K(877568K), 0.0083780 secs] [Times: user=0.05 sys=0.00, real=0.00 secs] 
2014-07-07T21:43:05.208+0000: 2887.228: [GC [PSYoungGen: 190530K->676K(186176K)] 575284K->385494K(873152K), 0.0040650 secs] [Times: user=0.02 sys=0.00, real=0.01 secs] 
2014-07-07T21:43:05.874+0000: 2887.894: [GC [PSYoungGen: 186148K->772K(182464K)] 570966K->385662K(869440K), 0.0096280 secs] [Times: user=0.07 sys=0.00, real=0.01 secs] 
2014-07-07T21:43:06.521+0000: 2888.541: [GC [PSYoungGen: 182403K->772K(178752K)] 567293K->385742K(865728K), 0.0051160 secs] [Times: user=0.03 sys=0.01, real=0.00 secs] 
2014-07-07T21:43:07.165+0000: 2889.185: [GC [PSYoungGen: 178692K->954K(214464K)] 563662K->386004K(901440K), 0.0148350 secs] [Times: user=0.08 sys=0.00, real=0.02 secs] 
2014-07-07T21:43:07.924+0000: 2889.944: [GC [PSYoungGen: 214451K->1072K(257344K)] 599502K->386162K(944320K), 0.0061810 secs] [Times: user=0.02 sys=0.00, real=0.01 secs] 
2014-07-07T21:43:08.844+0000: 2890.864: [GC [PSYoungGen: 257312K->758K(308288K)] 642402K->385928K(995264K), 0.0087840 secs] [Times: user=0.06 sys=0.00, real=0.01 secs] 
2014-07-07T21:43:09.948+0000: 2891.968: [GC [PSYoungGen: 308278K->854K(300096K)] 693448K->386072K(987072K), 0.0063680 secs] [Times: user=0.02 sys=0.00, real=0.00 secs] 
2014-07-07T21:43:11.029+0000: 2893.049: [GC [PSYoungGen: 300039K->1018K(292224K)] 685258K->386301K(979200K), 0.0077170 secs] [Times: user=0.05 sys=0.01, real=0.00 secs] 
2014-07-07T21:43:12.057+0000: 2894.077: [GC [PSYoungGen: 292218K->626K(284160K)] 677501K->385988K(971136K), 0.0056980 secs] [Times: user=0.03 sys=0.00, real=0.01 secs] 
2014-07-07T21:43:13.082+0000: 2895.102: [GC [PSYoungGen: 284146K->448K(276544K)] 669508K->385842K(963520K), 0.0044720 secs] [Times: user=0.02 sys=0.00, real=0.00 secs] 
2014-07-07T21:43:14.054+0000: 2896.074: [GC [PSYoungGen: 276544K->1290K(270336K)] 661938K->386741K(957312K), 0.0109940 secs] [Times: user=0.04 sys=0.00, real=0.01 secs] 
2014-07-07T21:43:15.016+0000: 2897.036: [GC [PSYoungGen: 270282K->1090K(263296K)] 655733K->386620K(950272K), 0.0091910 secs] [Times: user=0.05 sys=0.00, real=0.01 secs] 
2014-07-07T21:43:15.941+0000: 2897.961: [GC [PSYoungGen: 263234K->830K(256384K)] 648764K->386416K(943360K), 0.0084120 secs] [Times: user=0.05 sys=0.00, real=0.01 secs] 
2014-07-07T21:43:16.861+0000: 2898.881: [GC [PSYoungGen: 256358K->896K(250176K)] 641944K->386563K(937152K), 0.0084310 secs] [Times: user=0.05 sys=0.01, real=0.01 secs] 
2014-07-07T21:43:17.735+0000: 2899.756: [GC [PSYoungGen: 250112K->1018K(244160K)] 635779K->386749K(931136K), 0.0101440 secs] [Times: user=0.07 sys=0.00, real=0.01 secs] 
2014-07-07T21:43:18.601+0000: 2900.621: [GC [PSYoungGen: 244154K->498K(237760K)] 629885K->386292K(924736K), 0.0097980 secs] [Times: user=0.07 sys=0.00, real=0.01 secs] 
2014-07-07T21:43:19.437+0000: 2901.457: [GC [PSYoungGen: 237746K->666K(285440K)] 623540K->386508K(972416K), 0.0099060 secs] [Times: user=0.05 sys=0.00, real=0.01 secs] 
2014-07-07T21:43:20.453+0000: 2902.473: [GC [PSYoungGen: 285402K->929K(278272K)] 671244K->386827K(965248K), 0.0081870 secs] [Times: user=0.04 sys=0.00, real=0.01 secs] 
2014-07-07T21:43:21.453+0000: 2903.473: [GC [PSYoungGen: 278210K->694K(333504K)] 664109K->386664K(1020480K), 0.0143130 secs] [Times: user=0.09 sys=0.00, real=0.01 secs] 
2014-07-07T21:43:22.645+0000: 2904.665: [GC [PSYoungGen: 333494K->880K(324352K)] 719464K->386906K(1011328K), 0.0070610 secs] [Times: user=0.05 sys=0.00, real=0.01 secs] 
2014-07-07T21:43:23.798+0000: 2905.818: [GC [PSYoungGen: 324336K->708K(315264K)] 710362K->386822K(1002240K), 0.0071680 secs] [Times: user=0.04 sys=0.00, real=0.01 secs] 
2014-07-07T21:43:24.934+0000: 2906.954: [GC [PSYoungGen: 315204K->576K(306432K)] 701318K->386754K(993408K), 0.0064860 secs] [Times: user=0.05 sys=0.00, real=0.00 secs] 
2014-07-07T21:43:26.028+0000: 2908.048: [GC [PSYoungGen: 306432K->1077K(298688K)] 692610K->387312K(985664K), 0.0039410 secs] [Times: user=0.02 sys=0.00, real=0.01 secs] 
2014-07-07T21:43:27.079+0000: 2909.099: [GC [PSYoungGen: 298677K->754K(290432K)] 684912K->387092K(977408K), 0.0070240 secs] [Times: user=0.05 sys=0.00, real=0.01 secs] 
2014-07-07T21:43:28.103+0000: 2910.123: [GC [PSYoungGen: 290418K->1038K(283136K)] 676756K->387457K(970112K), 0.0084290 secs] [Times: user=0.06 sys=0.00, real=0.01 secs] 
2014-07-07T21:43:29.102+0000: 2911.123: [GC [PSYoungGen: 283086K->885K(275584K)] 669504K->387444K(962560K), 0.0059950 secs] [Times: user=0.02 sys=0.00, real=0.00 secs] 
2014-07-07T21:43:30.077+0000: 2912.097: [GC [PSYoungGen: 275572K->726K(268416K)] 662130K->387356K(955392K), 0.0074000 secs] [Times: user=0.04 sys=0.01, real=0.01 secs] 
2014-07-07T21:43:31.035+0000: 2913.055: [GC [PSYoungGen: 268374K->812K(261696K)] 655004K->387514K(948672K), 0.0086430 secs] [Times: user=0.05 sys=0.00, real=0.01 secs] 
2014-07-07T21:43:31.970+0000: 2913.990: [GC [PSYoungGen: 261674K->922K(255296K)] 648377K->387688K(942272K), 0.0060480 secs] [Times: user=0.04 sys=0.00, real=0.01 secs] 
2014-07-07T21:43:32.879+0000: 2914.899: [GC [PSYoungGen: 255258K->694K(248768K)] 642024K->387508K(935744K), 0.0095960 secs] [Times: user=0.06 sys=0.00, real=0.01 secs] 
2014-07-07T21:43:33.771+0000: 2915.791: [GC [PSYoungGen: 248708K->1138K(243136K)] 635523K->388017K(930112K), 0.0104050 secs] [Times: user=0.07 sys=0.00, real=0.01 secs] 
2014-07-07T21:43:34.644+0000: 2916.665: [GC [PSYoungGen: 243122K->754K(291200K)] 630001K->387877K(978176K), 0.0187740 secs] [Times: user=0.14 sys=0.00, real=0.02 secs] 
2014-07-07T21:43:35.676+0000: 2917.696: [GC [PSYoungGen: 291186K->1106K(283904K)] 678309K->388285K(970880K), 0.0039330 secs] [Times: user=0.02 sys=0.00, real=0.00 secs] 
2014-07-07T21:43:36.677+0000: 2918.698: [GC [PSYoungGen: 283836K->804K(276224K)] 671015K->388105K(963200K), 0.0075760 secs] [Times: user=0.05 sys=0.00, real=0.01 secs] 
2014-07-07T21:43:37.658+0000: 2919.678: [GC [PSYoungGen: 276168K->818K(269120K)] 663469K->388199K(956096K), 0.0051350 secs] [Times: user=0.03 sys=0.00, real=0.00 secs] 
2014-07-07T21:43:38.621+0000: 2920.641: [GC [PSYoungGen: 269103K->868K(262400K)] 656483K->388321K(949376K), 0.0091240 secs] [Times: user=0.05 sys=0.00, real=0.01 secs] 
2014-07-07T21:43:39.548+0000: 2921.568: [GC [PSYoungGen: 262372K->1266K(256256K)] 649825K->388807K(943232K), 0.0057500 secs] [Times: user=0.03 sys=0.00, real=0.01 secs] 
2014-07-07T21:43:40.454+0000: 2922.474: [GC [PSYoungGen: 256183K->434K(249088K)] 643723K->388512K(936064K), 0.0040650 secs] [Times: user=0.02 sys=0.00, real=0.00 secs] 
2014-07-07T21:43:41.351+0000: 2923.371: [GC [PSYoungGen: 249074K->598K(243200K)] 637152K->388740K(930176K), 0.0031420 secs] [Times: user=0.02 sys=0.00, real=0.01 secs] 
2014-07-07T21:43:42.218+0000: 2924.238: [GC [PSYoungGen: 243157K->1168K(237952K)] 631299K->389358K(924928K), 0.0127220 secs] [Times: user=0.07 sys=0.00, real=0.01 secs] 
2014-07-07T21:43:43.064+0000: 2925.084: [GC [PSYoungGen: 237864K->908K(232064K)] 626054K->389162K(919040K), 0.0034490 secs] [Times: user=0.01 sys=0.01, real=0.00 secs] 
2014-07-07T21:43:43.891+0000: 2925.911: [GC [PSYoungGen: 232012K->516K(226240K)] 620266K->388818K(913216K), 0.0084750 secs] [Times: user=0.06 sys=0.00, real=0.01 secs] 
2014-07-07T21:43:44.697+0000: 2926.717: [GC [PSYoungGen: 226159K->1028K(221504K)] 614461K->389402K(908480K), 0.0047630 secs] [Times: user=0.02 sys=0.00, real=0.00 secs] 
2014-07-07T21:43:45.491+0000: 2927.511: [GC [PSYoungGen: 221444K->1245K(216640K)] 609818K->389699K(903616K), 0.0070030 secs] [Times: user=0.04 sys=0.00, real=0.01 secs] 
2014-07-07T21:43:46.253+0000: 2928.273: [GC [PSYoungGen: 216574K->1150K(211648K)] 605028K->389668K(898624K), 0.0076150 secs] [Times: user=0.05 sys=0.00, real=0.01 secs] 
2014-07-07T21:43:47.005+0000: 2929.025: [GC [PSYoungGen: 211646K->704K(206528K)] 600164K->389285K(893504K), 0.0064670 secs] [Times: user=0.02 sys=0.00, real=0.00 secs] 
2014-07-07T21:43:47.737+0000: 2929.757: [GC [PSYoungGen: 206528K->580K(247680K)] 595109K->389218K(934656K), 0.0119860 secs] [Times: user=0.07 sys=0.00, real=0.01 secs] 
2014-07-07T21:43:48.614+0000: 2930.634: [GC [PSYoungGen: 247620K->708K(297216K)] 636258K->389418K(984192K), 0.0098410 secs] [Times: user=0.06 sys=0.00, real=0.01 secs] 
2014-07-07T21:43:49.669+0000: 2931.689: [GC [PSYoungGen: 297156K->658K(289280K)] 685866K->389424K(976256K), 0.0034070 secs] [Times: user=0.02 sys=0.00, real=0.00 secs] 
2014-07-07T21:43:50.704+0000: 2932.724: [GC [PSYoungGen: 289234K->516K(281536K)] 678000K->389322K(968512K), 0.0038800 secs] [Times: user=0.02 sys=0.00, real=0.01 secs] 
2014-07-07T21:43:51.723+0000: 2933.743: [GC [PSYoungGen: 281476K->712K(274432K)] 670282K->389582K(961408K), 0.0038520 secs] [Times: user=0.02 sys=0.01, real=0.01 secs] 
2014-07-07T21:43:52.684+0000: 2934.704: [GC [PSYoungGen: 274376K->548K(267200K)] 663246K->389466K(954176K), 0.0119780 secs] [Times: user=0.06 sys=0.01, real=0.02 secs] 
2014-07-07T21:43:53.640+0000: 2935.660: [GC [PSYoungGen: 267172K->798K(260736K)] 656090K->389764K(947712K), 0.0041440 secs] [Times: user=0.02 sys=0.00, real=0.00 secs] 
2014-07-07T21:43:54.552+0000: 2936.572: [GC [PSYoungGen: 260702K->982K(254464K)] 649668K->390020K(941440K), 0.0094650 secs] [Times: user=0.06 sys=0.00, real=0.01 secs] 
2014-07-07T21:43:55.455+0000: 2937.475: [GC [PSYoungGen: 254422K->918K(248128K)] 643460K->390004K(935104K), 0.0113390 secs] [Times: user=0.06 sys=0.00, real=0.02 secs] 
2014-07-07T21:43:56.352+0000: 2938.372: [GC [PSYoungGen: 248086K->818K(241984K)] 637172K->390000K(928960K), 0.0063730 secs] [Times: user=0.04 sys=0.00, real=0.01 secs] 
2014-07-07T21:43:57.223+0000: 2939.243: [GC [PSYoungGen: 241970K->980K(236352K)] 631152K->390226K(923328K), 0.0113940 secs] [Times: user=0.08 sys=0.00, real=0.01 secs] 
2014-07-07T21:43:58.074+0000: 2940.094: [GC [PSYoungGen: 236307K->894K(230656K)] 625553K->390278K(917632K), 0.0085040 secs] [Times: user=0.06 sys=0.00, real=0.01 secs] 
2014-07-07T21:43:58.883+0000: 2940.903: [GC [PSYoungGen: 230649K->1078K(276800K)] 620033K->390518K(963776K), 0.0173020 secs] [Times: user=0.10 sys=0.00, real=0.02 secs] 
2014-07-07T21:43:59.880+0000: 2941.900: [GC [PSYoungGen: 276790K->750K(327488K)] 666230K->390360K(1014464K), 0.0077810 secs] [Times: user=0.04 sys=0.00, real=0.01 secs] 
2014-07-07T21:44:01.057+0000: 2943.078: [GC [PSYoungGen: 327470K->662K(318336K)] 717080K->390320K(1005312K), 0.0074500 secs] [Times: user=0.05 sys=0.01, real=0.00 secs] 
2014-07-07T21:44:02.187+0000: 2944.207: [GC [PSYoungGen: 318294K->680K(326784K)] 707952K->390394K(1013760K), 0.0122850 secs] [Times: user=0.07 sys=0.00, real=0.01 secs] 
2014-07-07T21:44:03.342+0000: 2945.363: [GC [PSYoungGen: 326760K->630K(317632K)] 716474K->390392K(1004608K), 0.0053750 secs] [Times: user=0.02 sys=0.00, real=0.01 secs] 
2014-07-07T21:44:04.472+0000: 2946.493: [GC [PSYoungGen: 317622K->754K(309056K)] 707384K->390672K(996032K), 0.0070940 secs] [Times: user=0.03 sys=0.00, real=0.01 secs] 
2014-07-07T21:44:05.565+0000: 2947.585: [GC [PSYoungGen: 309042K->694K(300608K)] 698960K->390684K(987584K), 0.0047140 secs] [Times: user=0.02 sys=0.00, real=0.01 secs] 
2014-07-07T21:44:06.642+0000: 2948.662: [GC [PSYoungGen: 300598K->880K(292736K)] 690588K->390918K(979712K), 0.0119240 secs] [Times: user=0.08 sys=0.00, real=0.01 secs] 
2014-07-07T21:44:07.676+0000: 2949.696: [GC [PSYoungGen: 292720K->704K(284864K)] 682758K->390798K(971840K), 0.0056490 secs] [Times: user=0.03 sys=0.00, real=0.01 secs] 
2014-07-07T21:44:08.707+0000: 2950.727: [GC [PSYoungGen: 284800K->448K(277120K)] 674894K->390574K(964096K), 0.0044310 secs] [Times: user=0.02 sys=0.00, real=0.00 secs] 
2014-07-07T21:44:09.692+0000: 2951.712: [GC [PSYoungGen: 277120K->644K(270272K)] 667246K->390826K(957248K), 0.0086270 secs] [Times: user=0.05 sys=0.00, real=0.01 secs] 
2014-07-07T21:44:10.658+0000: 2952.678: [GC [PSYoungGen: 270212K->1168K(263936K)] 660394K->391430K(950912K), 0.0064940 secs] [Times: user=0.04 sys=0.00, real=0.00 secs] 
2014-07-07T21:44:11.601+0000: 2953.621: [GC [PSYoungGen: 263865K->818K(256960K)] 654127K->391152K(943936K), 0.0077820 secs] [Times: user=0.05 sys=0.00, real=0.01 secs] 
2014-07-07T21:44:12.513+0000: 2954.533: [GC [PSYoungGen: 256946K->684K(250496K)] 647280K->391232K(937472K), 0.0095170 secs] [Times: user=0.06 sys=0.00, real=0.01 secs] 
2014-07-07T21:44:13.399+0000: 2955.419: [GC [PSYoungGen: 250461K->1259K(244928K)] 641009K->391897K(931904K), 0.0132760 secs] [Times: user=0.08 sys=0.00, real=0.01 secs] 
2014-07-07T21:44:14.263+0000: 2956.283: [GC [PSYoungGen: 244907K->608K(238400K)] 635545K->391624K(925376K), 0.0064090 secs] [Times: user=0.03 sys=0.00, real=0.01 secs] 
2014-07-07T21:44:15.105+0000: 2957.125: [GC [PSYoungGen: 238368K->1328K(233408K)] 629384K->392384K(920384K), 0.0104970 secs] [Times: user=0.04 sys=0.00, real=0.01 secs] 
2014-07-07T21:44:15.923+0000: 2957.943: [GC [PSYoungGen: 233392K->854K(227520K)] 624448K->392132K(914496K), 0.0062300 secs] [Times: user=0.02 sys=0.00, real=0.01 secs] 
2014-07-07T21:44:16.731+0000: 2958.751: [GC [PSYoungGen: 227466K->761K(222144K)] 618744K->392095K(909120K), 0.0083500 secs] [Times: user=0.04 sys=0.01, real=0.01 secs] 
2014-07-07T21:44:17.516+0000: 2959.536: [GC [PSYoungGen: 222137K->840K(217216K)] 613471K->392230K(904192K), 0.0073510 secs] [Times: user=0.04 sys=0.00, real=0.01 secs] 
2014-07-07T21:44:18.289+0000: 2960.309: [GC [PSYoungGen: 217160K->924K(212352K)] 608550K->392338K(899328K), 0.0066010 secs] [Times: user=0.02 sys=0.00, real=0.01 secs] 
2014-07-07T21:44:19.051+0000: 2961.071: [GC [PSYoungGen: 212308K->1004K(207680K)] 603722K->392490K(894656K), 0.0050320 secs] [Times: user=0.03 sys=0.00, real=0.00 secs] 
2014-07-07T21:44:19.792+0000: 2961.812: [GC [PSYoungGen: 207660K->1040K(203200K)] 599146K->392622K(890176K), 0.0081450 secs] [Times: user=0.03 sys=0.01, real=0.01 secs] 
2014-07-07T21:44:20.511+0000: 2962.531: [GC [PSYoungGen: 203152K->758K(198464K)] 594734K->392905K(885440K), 0.0059630 secs] [Times: user=0.03 sys=0.00, real=0.00 secs] 
2014-07-07T21:44:21.219+0000: 2963.239: [GC [PSYoungGen: 198454K->926K(238208K)] 590601K->393145K(925184K), 0.0114360 secs] [Times: user=0.07 sys=0.00, real=0.02 secs] 
2014-07-07T21:44:22.070+0000: 2964.090: [GC [PSYoungGen: 238174K->644K(285440K)] 630393K->392953K(972416K), 0.0247020 secs] [Times: user=0.17 sys=0.00, real=0.02 secs] 
2014-07-07T21:44:23.082+0000: 2965.102: [GC [PSYoungGen: 285360K->608K(316480K)] 677669K->392965K(1003456K), 0.0074010 secs] [Times: user=0.04 sys=0.00, real=0.01 secs] 
2014-07-07T21:44:24.199+0000: 2966.219: [GC [PSYoungGen: 315616K->1090K(343168K)] 707973K->393527K(1030144K), 0.0056150 secs] [Times: user=0.03 sys=0.01, real=0.01 secs] 
2014-07-07T21:44:25.422+0000: 2967.442: [GC [PSYoungGen: 342786K->894K(332864K)] 735223K->393395K(1019840K), 0.0047770 secs] [Times: user=0.01 sys=0.00, real=0.00 secs] 
2014-07-07T21:44:26.622+0000: 2968.643: [GC [PSYoungGen: 332861K->608K(323264K)] 725362K->393463K(1010240K), 0.0068210 secs] [Times: user=0.05 sys=0.00, real=0.00 secs] 
2014-07-07T21:44:27.771+0000: 2969.791: [GC [PSYoungGen: 323232K->1082K(314752K)] 716087K->394009K(1001728K), 0.0078330 secs] [Times: user=0.04 sys=0.01, real=0.00 secs] 
2014-07-07T21:44:28.899+0000: 2970.919: [GC [PSYoungGen: 314707K->970K(306112K)] 707634K->393961K(993088K), 0.0054970 secs] [Times: user=0.02 sys=0.00, real=0.01 secs] 
2014-07-07T21:44:29.975+0000: 2971.995: [GC [PSYoungGen: 306024K->1036K(297920K)] 699015K->394091K(984896K), 0.0088370 secs] [Times: user=0.04 sys=0.01, real=0.01 secs] 
2014-07-07T21:44:31.027+0000: 2973.047: [GC [PSYoungGen: 297868K->690K(289600K)] 690923K->393809K(976576K), 0.0050930 secs] [Times: user=0.02 sys=0.01, real=0.01 secs] 
2014-07-07T21:44:32.053+0000: 2974.073: [GC [PSYoungGen: 289570K->1266K(282560K)] 682690K->394449K(969536K), 0.0038170 secs] [Times: user=0.02 sys=0.00, real=0.00 secs] 
2014-07-07T21:44:33.035+0000: 2975.055: [GC [PSYoungGen: 282546K->885K(274880K)] 675729K->394592K(961856K), 0.0091700 secs] [Times: user=0.06 sys=0.00, real=0.01 secs] 
2014-07-07T21:44:34.037+0000: 2976.057: [GC [PSYoungGen: 274869K->786K(267776K)] 668576K->394549K(954752K), 0.0058290 secs] [Times: user=0.04 sys=0.00, real=0.01 secs] 
2014-07-07T21:44:34.985+0000: 2977.005: [GC [PSYoungGen: 267730K->666K(260864K)] 661493K->394543K(947840K), 0.0087860 secs] [Times: user=0.06 sys=0.00, real=0.01 secs] 
2014-07-07T21:44:35.918+0000: 2977.938: [GC [PSYoungGen: 260796K->808K(254464K)] 654673K->394733K(941440K), 0.0176050 secs] [Times: user=0.11 sys=0.00, real=0.02 secs] 
2014-07-07T21:44:36.824+0000: 2978.844: [GC [PSYoungGen: 254424K->697K(248064K)] 648350K->394694K(935040K), 0.0039480 secs] [Times: user=0.02 sys=0.01, real=0.00 secs] 
2014-07-07T21:44:37.693+0000: 2979.714: [GC [PSYoungGen: 248044K->530K(241920K)] 642041K->394575K(928896K), 0.0058100 secs] [Times: user=0.03 sys=0.00, real=0.00 secs] 
2014-07-07T21:44:38.554+0000: 2980.574: [GC [PSYoungGen: 241874K->598K(236160K)] 635919K->394707K(923136K), 0.0060120 secs] [Times: user=0.03 sys=0.00, real=0.00 secs] 
2014-07-07T21:44:39.399+0000: 2981.419: [GC [PSYoungGen: 236109K->1170K(231168K)] 630219K->395328K(918144K), 0.0074420 secs] [Times: user=0.03 sys=0.00, real=0.01 secs] 
2014-07-07T21:44:40.213+0000: 2982.233: [GC [PSYoungGen: 231080K->886K(225472K)] 625238K->395131K(912448K), 0.0130200 secs] [Times: user=0.08 sys=0.00, real=0.01 secs] 
2014-07-07T21:44:41.008+0000: 2983.028: [GC [PSYoungGen: 225462K->594K(220032K)] 619707K->394919K(907008K), 0.0062600 secs] [Times: user=0.05 sys=0.00, real=0.01 secs] 
2014-07-07T21:44:41.773+0000: 2983.793: [GC [PSYoungGen: 219986K->1206K(264512K)] 614311K->395580K(951488K), 0.0109760 secs] [Times: user=0.06 sys=0.00, real=0.01 secs] 
2014-07-07T21:44:42.714+0000: 2984.734: [GC [PSYoungGen: 264502K->1024K(257792K)] 658876K->395454K(944768K), 0.0040540 secs] [Times: user=0.02 sys=0.00, real=0.00 secs] 
2014-07-07T21:44:43.642+0000: 2985.662: [GC [PSYoungGen: 257728K->808K(251136K)] 652158K->395596K(938112K), 0.0078330 secs] [Times: user=0.05 sys=0.00, real=0.01 secs] 
2014-07-07T21:44:44.547+0000: 2986.568: [GC [PSYoungGen: 251025K->1270K(245440K)] 645813K->396114K(932416K), 0.0111990 secs] [Times: user=0.06 sys=0.01, real=0.01 secs] 
2014-07-07T21:44:45.417+0000: 2987.437: [GC [PSYoungGen: 245402K->1146K(239424K)] 640245K->396086K(926400K), 0.0063020 secs] [Times: user=0.04 sys=0.01, real=0.01 secs] 
2014-07-07T21:44:46.272+0000: 2988.292: [GC [PSYoungGen: 239418K->1054K(287040K)] 634358K->396034K(974016K), 0.0199080 secs] [Times: user=0.09 sys=0.00, real=0.02 secs] 
2014-07-07T21:44:47.297+0000: 2989.318: [GC [PSYoungGen: 287006K->932K(329600K)] 681986K->395952K(1016576K), 0.0082620 secs] [Times: user=0.05 sys=0.00, real=0.01 secs] 
2014-07-07T21:44:48.453+0000: 2990.473: [GC [PSYoungGen: 329380K->754K(320064K)] 724400K->395861K(1007040K), 0.0047620 secs] [Times: user=0.02 sys=0.00, real=0.00 secs] 
2014-07-07T21:44:49.599+0000: 2991.619: [GC [PSYoungGen: 320050K->576K(311040K)] 715157K->395763K(998016K), 0.0064410 secs] [Times: user=0.04 sys=0.00, real=0.01 secs] 
2014-07-07T21:44:50.713+0000: 2992.733: [GC [PSYoungGen: 311029K->789K(302848K)] 706216K->396033K(989824K), 0.0053450 secs] [Times: user=0.03 sys=0.01, real=0.01 secs] 
2014-07-07T21:44:51.790+0000: 2993.810: [GC [PSYoungGen: 302805K->1176K(295104K)] 698049K->396491K(982080K), 0.0073300 secs] [Times: user=0.05 sys=0.00, real=0.01 secs] 
2014-07-07T21:44:52.843+0000: 2994.863: [GC [PSYoungGen: 295021K->1056K(327424K)] 690337K->396428K(1014400K), 0.0208330 secs] [Times: user=0.11 sys=0.00, real=0.03 secs] 
2014-07-07T21:44:54.010+0000: 2996.030: [GC [PSYoungGen: 326929K->864K(317696K)] 722301K->396308K(1004672K), 0.0045170 secs] [Times: user=0.03 sys=0.00, real=0.01 secs] 
2014-07-07T21:44:55.144+0000: 2997.164: [GC [PSYoungGen: 317664K->1224K(309376K)] 713107K->396748K(996352K), 0.0079000 secs] [Times: user=0.05 sys=0.00, real=0.01 secs] 
2014-07-07T21:44:56.251+0000: 2998.271: [GC [PSYoungGen: 309320K->889K(300608K)] 704844K->396484K(987584K), 0.0079250 secs] [Times: user=0.05 sys=0.00, real=0.01 secs] 
2014-07-07T21:44:57.321+0000: 2999.341: [GC [PSYoungGen: 300601K->740K(292480K)] 696196K->396423K(979456K), 0.0073550 secs] [Times: user=0.05 sys=0.00, real=0.01 secs] 
2014-07-07T21:44:58.371+0000: 3000.391: [GC [PSYoungGen: 292452K->594K(284672K)] 688135K->396381K(971648K), 0.0038100 secs] [Times: user=0.02 sys=0.00, real=0.01 secs] 
2014-07-07T21:44:59.378+0000: 3001.398: [GC [PSYoungGen: 284577K->744K(277376K)] 680364K->396619K(964352K), 0.0055500 secs] [Times: user=0.04 sys=0.01, real=0.00 secs] 
2014-07-07T21:45:00.378+0000: 3002.398: [GC [PSYoungGen: 277320K->580K(270144K)] 673196K->396511K(957120K), 0.0044910 secs] [Times: user=0.02 sys=0.00, real=0.00 secs] 
2014-07-07T21:45:01.345+0000: 3003.365: [GC [PSYoungGen: 270084K->1152K(263872K)] 666015K->397196K(950848K), 0.0041930 secs] [Times: user=0.02 sys=0.00, real=0.01 secs] 
2014-07-07T21:45:02.271+0000: 3004.291: [GC [PSYoungGen: 263808K->876K(256960K)] 659852K->396983K(943936K), 0.0138950 secs] [Times: user=0.09 sys=0.00, real=0.02 secs] 
2014-07-07T21:45:03.193+0000: 3005.214: [GC [PSYoungGen: 256881K->804K(250560K)] 652988K->396983K(937536K), 0.0047550 secs] [Times: user=0.02 sys=0.00, real=0.01 secs] 
2014-07-07T21:45:04.085+0000: 3006.105: [GC [PSYoungGen: 250532K->864K(244480K)] 646711K->397123K(931456K), 0.0078890 secs] [Times: user=0.05 sys=0.00, real=0.01 secs] 
2014-07-07T21:45:04.951+0000: 3006.971: [GC [PSYoungGen: 244448K->480K(238208K)] 640707K->396779K(925184K), 0.0086300 secs] [Times: user=0.05 sys=0.00, real=0.01 secs] 
2014-07-07T21:45:05.792+0000: 3007.812: [GC [PSYoungGen: 238176K->1324K(233344K)] 634475K->397696K(920320K), 0.0050430 secs] [Times: user=0.03 sys=0.01, real=0.01 secs] 
2014-07-07T21:45:06.605+0000: 3008.625: [GC [PSYoungGen: 233310K->1206K(227776K)] 629682K->397634K(914752K), 0.0065390 secs] [Times: user=0.02 sys=0.00, real=0.01 secs] 
2014-07-07T21:45:07.415+0000: 3009.435: [GC [PSYoungGen: 227766K->562K(221888K)] 624194K->397127K(908864K), 0.0067730 secs] [Times: user=0.04 sys=0.00, real=0.01 secs] 
2014-07-07T21:45:08.198+0000: 3010.218: [GC [PSYoungGen: 221872K->912K(217216K)] 618438K->397509K(904192K), 0.0045500 secs] [Times: user=0.02 sys=0.01, real=0.00 secs] 
2014-07-07T21:45:08.973+0000: 3010.993: [GC [PSYoungGen: 217168K->1309K(212672K)] 613765K->397979K(899648K), 0.0064880 secs] [Times: user=0.03 sys=0.00, real=0.01 secs] 
2014-07-07T21:45:09.732+0000: 3011.753: [GC [PSYoungGen: 212590K->1124K(207744K)] 609260K->397834K(894720K), 0.0043810 secs] [Times: user=0.02 sys=0.00, real=0.01 secs] 
2014-07-07T21:45:10.456+0000: 3012.476: [GC [PSYoungGen: 207716K->740K(202816K)] 604426K->397749K(889792K), 0.0096700 secs] [Times: user=0.06 sys=0.00, real=0.01 secs] 
2014-07-07T21:45:11.187+0000: 3013.207: [GC [PSYoungGen: 202788K->594K(198272K)] 599797K->397682K(885248K), 0.0035330 secs] [Times: user=0.02 sys=0.00, real=0.01 secs] 
2014-07-07T21:45:11.887+0000: 3013.907: [GC [PSYoungGen: 198226K->1096K(194496K)] 595314K->398233K(881472K), 0.0087070 secs] [Times: user=0.03 sys=0.00, real=0.01 secs] 
2014-07-07T21:45:12.583+0000: 3014.603: [GC [PSYoungGen: 194376K->701K(189952K)] 591513K->397902K(876928K), 0.0073440 secs] [Times: user=0.05 sys=0.00, real=0.01 secs] 
2014-07-07T21:45:13.251+0000: 3015.271: [GC [PSYoungGen: 189925K->757K(186048K)] 587126K->397990K(873024K), 0.0044920 secs] [Times: user=0.02 sys=0.00, real=0.00 secs] 
2014-07-07T21:45:13.926+0000: 3015.946: [GC [PSYoungGen: 186037K->548K(182016K)] 583270K->397836K(868992K), 0.0042580 secs] [Times: user=0.03 sys=0.00, real=0.01 secs] 
2014-07-07T21:45:14.568+0000: 3016.588: [GC [PSYoungGen: 181988K->894K(178624K)] 579276K->398255K(865600K), 0.0068910 secs] [Times: user=0.04 sys=0.00, real=0.00 secs] 
2014-07-07T21:45:15.215+0000: 3017.235: [GC [PSYoungGen: 178572K->694K(174848K)] 575933K->398094K(861824K), 0.0040210 secs] [Times: user=0.02 sys=0.00, real=0.01 secs] 
2014-07-07T21:45:15.832+0000: 3017.852: [GC [PSYoungGen: 174838K->626K(171328K)] 572238K->398082K(858304K), 0.0069730 secs] [Times: user=0.04 sys=0.01, real=0.01 secs] 
2014-07-07T21:45:16.436+0000: 3018.456: [GC [PSYoungGen: 171305K->819K(205696K)] 568762K->398316K(892672K), 0.0095910 secs] [Times: user=0.05 sys=0.00, real=0.01 secs] 
2014-07-07T21:45:17.161+0000: 3019.181: [GC [PSYoungGen: 205654K->1218K(201664K)] 603151K->398771K(888640K), 0.0060900 secs] [Times: user=0.03 sys=0.00, real=0.00 secs] 
2014-07-07T21:45:17.874+0000: 3019.894: [GC [PSYoungGen: 201602K->922K(241472K)] 599155K->398547K(928448K), 0.0077950 secs] [Times: user=0.04 sys=0.00, real=0.01 secs] 
2014-07-07T21:45:18.743+0000: 3020.764: [GC [PSYoungGen: 241434K->708K(235520K)] 639059K->398428K(922496K), 0.0047990 secs] [Times: user=0.03 sys=0.00, real=0.01 secs] 
2014-07-07T21:45:19.567+0000: 3021.587: [GC [PSYoungGen: 235442K->1391K(230592K)] 633162K->399176K(917568K), 0.0085680 secs] [Times: user=0.03 sys=0.00, real=0.01 secs] 
2014-07-07T21:45:20.404+0000: 3022.424: [GC [PSYoungGen: 230575K->672K(224512K)] 628360K->398627K(911488K), 0.0034130 secs] [Times: user=0.02 sys=0.00, real=0.00 secs] 
2014-07-07T21:45:21.188+0000: 3023.208: [GC [PSYoungGen: 224480K->826K(219456K)] 622435K->398829K(906432K), 0.0098210 secs] [Times: user=0.05 sys=0.00, real=0.01 secs] 
2014-07-07T21:45:21.972+0000: 3023.992: [GC [PSYoungGen: 219433K->843K(214528K)] 617435K->398949K(901504K), 0.0071210 secs] [Times: user=0.05 sys=0.00, real=0.01 secs] 
2014-07-07T21:45:22.717+0000: 3024.737: [GC [PSYoungGen: 214475K->1140K(257536K)] 612581K->399311K(944512K), 0.0108300 secs] [Times: user=0.06 sys=0.00, real=0.01 secs] 
2014-07-07T21:45:23.639+0000: 3025.659: [GC [PSYoungGen: 257515K->730K(308480K)] 655686K->398941K(995456K), 0.0110840 secs] [Times: user=0.06 sys=0.00, real=0.02 secs] 
2014-07-07T21:45:24.736+0000: 3026.756: [GC [PSYoungGen: 308442K->1018K(300416K)] 706653K->399269K(987392K), 0.0054340 secs] [Times: user=0.03 sys=0.00, real=0.01 secs] 
2014-07-07T21:45:25.810+0000: 3027.830: [GC [PSYoungGen: 300410K->1104K(292544K)] 698661K->399443K(979520K), 0.0042950 secs] [Times: user=0.02 sys=0.00, real=0.00 secs] 
2014-07-07T21:45:26.854+0000: 3028.874: [GC [PSYoungGen: 292496K->690K(284416K)] 690835K->399100K(971392K), 0.0068270 secs] [Times: user=0.05 sys=0.01, real=0.01 secs] 
2014-07-07T21:45:27.881+0000: 3029.901: [GC [PSYoungGen: 284402K->914K(277248K)] 682812K->399365K(964224K), 0.0042940 secs] [Times: user=0.01 sys=0.01, real=0.00 secs] 
2014-07-07T21:45:28.870+0000: 3030.890: [GC [PSYoungGen: 277202K->680K(269888K)] 675653K->399195K(956864K), 0.0079170 secs] [Times: user=0.05 sys=0.00, real=0.00 secs] 
2014-07-07T21:45:29.841+0000: 3031.862: [GC [PSYoungGen: 269864K->662K(263040K)] 668379K->399248K(950016K), 0.0065750 secs] [Times: user=0.04 sys=0.00, real=0.00 secs] 
2014-07-07T21:45:30.782+0000: 3032.802: [GC [PSYoungGen: 262998K->644K(256448K)] 661584K->399294K(943424K), 0.0105610 secs] [Times: user=0.07 sys=0.00, real=0.01 secs] 
2014-07-07T21:45:31.709+0000: 3033.729: [GC [PSYoungGen: 256388K->576K(249984K)] 655038K->399290K(936960K), 0.0106850 secs] [Times: user=0.06 sys=0.00, real=0.01 secs] 
2014-07-07T21:45:32.584+0000: 3034.604: [GC [PSYoungGen: 249956K->1089K(244480K)] 648671K->399892K(931456K), 0.0041530 secs] [Times: user=0.02 sys=0.00, real=0.00 secs] 
2014-07-07T21:45:33.454+0000: 3035.474: [GC [PSYoungGen: 244415K->833K(238336K)] 643218K->399692K(925312K), 0.0079860 secs] [Times: user=0.06 sys=0.00, real=0.01 secs] 
2014-07-07T21:45:34.307+0000: 3036.327: [GC [PSYoungGen: 238273K->1177K(233024K)] 637132K->400083K(920000K), 0.0050630 secs] [Times: user=0.02 sys=0.00, real=0.01 secs] 
2014-07-07T21:45:35.139+0000: 3037.159: [GC [PSYoungGen: 232945K->612K(227008K)] 631852K->399845K(913984K), 0.0068260 secs] [Times: user=0.02 sys=0.00, real=0.01 secs] 
2014-07-07T21:45:35.944+0000: 3037.964: [GC [PSYoungGen: 226980K->1008K(222144K)] 626213K->400313K(909120K), 0.0076200 secs] [Times: user=0.05 sys=0.00, real=0.01 secs] 
2014-07-07T21:45:36.741+0000: 3038.761: [GC [PSYoungGen: 222128K->548K(216640K)] 621433K->400083K(903616K), 0.0064530 secs] [Times: user=0.04 sys=0.00, real=0.01 secs] 
2014-07-07T21:45:37.509+0000: 3039.529: [GC [PSYoungGen: 216604K->598K(211840K)] 616139K->400189K(898816K), 0.0086690 secs] [Times: user=0.05 sys=0.00, real=0.01 secs] 
2014-07-07T21:45:38.272+0000: 3040.292: [GC [PSYoungGen: 211798K->946K(207424K)] 611389K->400585K(894400K), 0.0092850 secs] [Times: user=0.06 sys=0.00, real=0.01 secs] 
2014-07-07T21:45:39.011+0000: 3041.031: [GC [PSYoungGen: 207410K->936K(248768K)] 607049K->400615K(935744K), 0.0143880 secs] [Times: user=0.08 sys=0.00, real=0.01 secs] 
2014-07-07T21:45:39.899+0000: 3041.919: [GC [PSYoungGen: 248740K->928K(298368K)] 648419K->400671K(985344K), 0.0048110 secs] [Times: user=0.01 sys=0.00, real=0.01 secs] 
2014-07-07T21:45:40.971+0000: 3042.991: [GC [PSYoungGen: 298318K->896K(290432K)] 698061K->400735K(977408K), 0.0046120 secs] [Times: user=0.02 sys=0.00, real=0.00 secs] 
2014-07-07T21:45:42.009+0000: 3044.030: [GC [PSYoungGen: 290368K->814K(282688K)] 690207K->400775K(969664K), 0.0122340 secs] [Times: user=0.07 sys=0.00, real=0.02 secs] 
2014-07-07T21:45:43.022+0000: 3045.042: [GC [PSYoungGen: 282670K->772K(275328K)] 682631K->400805K(962304K), 0.0072410 secs] [Times: user=0.04 sys=0.00, real=0.00 secs] 
2014-07-07T21:45:44.004+0000: 3046.024: [GC [PSYoungGen: 275268K->630K(268096K)] 675301K->400711K(955072K), 0.0088510 secs] [Times: user=0.06 sys=0.00, real=0.01 secs] 
2014-07-07T21:45:44.966+0000: 3046.986: [GC [PSYoungGen: 268086K->648K(261376K)] 668167K->400777K(948352K), 0.0070110 secs] [Times: user=0.02 sys=0.00, real=0.01 secs] 
2014-07-07T21:45:45.898+0000: 3047.918: [GC [PSYoungGen: 261320K->1146K(255296K)] 661449K->401323K(942272K), 0.0086900 secs] [Times: user=0.05 sys=0.00, real=0.01 secs] 
2014-07-07T21:45:46.821+0000: 3048.841: [GC [PSYoungGen: 255290K->480K(248384K)] 655467K->400713K(935360K), 0.0053680 secs] [Times: user=0.03 sys=0.00, real=0.01 secs] 
2014-07-07T21:45:47.715+0000: 3049.735: [GC [PSYoungGen: 248261K->1060K(242944K)] 648494K->401531K(929920K), 0.0073120 secs] [Times: user=0.05 sys=0.00, real=0.01 secs] 
2014-07-07T21:45:48.579+0000: 3050.599: [GC [PSYoungGen: 242916K->626K(236672K)] 643387K->401177K(923648K), 0.0095380 secs] [Times: user=0.07 sys=0.01, real=0.01 secs] 
2014-07-07T21:45:49.435+0000: 3051.456: [GC [PSYoungGen: 236658K->968K(284288K)] 637209K->401575K(971264K), 0.0137410 secs] [Times: user=0.08 sys=0.00, real=0.01 secs] 
2014-07-07T21:45:50.436+0000: 3052.456: [GC [PSYoungGen: 284198K->712K(276672K)] 684805K->401375K(963648K), 0.0043620 secs] [Times: user=0.02 sys=0.01, real=0.00 secs] 
2014-07-07T21:45:51.430+0000: 3053.450: [GC [PSYoungGen: 276616K->676K(269504K)] 677279K->401435K(956480K), 0.0077310 secs] [Times: user=0.06 sys=0.00, real=0.01 secs] 
2014-07-07T21:45:52.376+0000: 3054.396: [GC [PSYoungGen: 269476K->762K(262720K)] 670235K->401601K(949696K), 0.0067010 secs] [Times: user=0.05 sys=0.00, real=0.00 secs] 
2014-07-07T21:45:53.325+0000: 3055.345: [GC [PSYoungGen: 262666K->1033K(256448K)] 663505K->401936K(943424K), 0.0070160 secs] [Times: user=0.04 sys=0.00, real=0.00 secs] 
2014-07-07T21:45:54.243+0000: 3056.264: [GC [PSYoungGen: 256393K->630K(249664K)] 657296K->401589K(936640K), 0.0084590 secs] [Times: user=0.04 sys=0.00, real=0.00 secs] 
2014-07-07T21:45:55.123+0000: 3057.143: [GC [PSYoungGen: 249654K->1080K(244032K)] 650613K->402143K(931008K), 0.0035380 secs] [Times: user=0.02 sys=0.00, real=0.01 secs] 
2014-07-07T21:45:55.989+0000: 3058.009: [GC [PSYoungGen: 243934K->676K(237760K)] 644997K->401795K(924736K), 0.0105940 secs] [Times: user=0.06 sys=0.00, real=0.01 secs] 
2014-07-07T21:45:56.826+0000: 3058.846: [GC [PSYoungGen: 237732K->1022K(232448K)] 638851K->402205K(919424K), 0.0036980 secs] [Times: user=0.02 sys=0.00, real=0.00 secs] 
2014-07-07T21:45:57.658+0000: 3059.678: [GC [PSYoungGen: 232446K->644K(226688K)] 633629K->401907K(913664K), 0.0067080 secs] [Times: user=0.04 sys=0.00, real=0.01 secs] 
2014-07-07T21:45:58.477+0000: 3060.497: [GC [PSYoungGen: 226628K->1060K(221824K)] 627891K->402387K(908800K), 0.0074610 secs] [Times: user=0.05 sys=0.00, real=0.01 secs] 
2014-07-07T21:45:59.270+0000: 3061.290: [GC [PSYoungGen: 221767K->972K(216704K)] 623094K->402355K(903680K), 0.0126700 secs] [Times: user=0.07 sys=0.00, real=0.01 secs] 
2014-07-07T21:46:00.034+0000: 3062.054: [GC [PSYoungGen: 216629K->684K(211520K)] 618012K->402115K(898496K), 0.0041700 secs] [Times: user=0.02 sys=0.00, real=0.00 secs] 
2014-07-07T21:46:00.788+0000: 3062.808: [GC [PSYoungGen: 211483K->854K(206976K)] 612914K->402325K(893952K), 0.0053960 secs] [Times: user=0.03 sys=0.00, real=0.00 secs] 
2014-07-07T21:46:01.534+0000: 3063.554: [GC [PSYoungGen: 206934K->516K(202112K)] 608405K->402059K(889088K), 0.0049720 secs] [Times: user=0.02 sys=0.00, real=0.00 secs] 
2014-07-07T21:46:02.264+0000: 3064.284: [GC [PSYoungGen: 202052K->864K(198016K)] 603595K->402471K(884992K), 0.0068270 secs] [Times: user=0.03 sys=0.01, real=0.01 secs] 
2014-07-07T21:46:02.955+0000: 3064.975: [GC [PSYoungGen: 197968K->1160K(194112K)] 599575K->402855K(881088K), 0.0068650 secs] [Times: user=0.05 sys=0.00, real=0.00 secs] 
2014-07-07T21:46:03.640+0000: 3065.661: [GC [PSYoungGen: 194056K->758K(232256K)] 595751K->402517K(919232K), 0.0130710 secs] [Times: user=0.07 sys=0.00, real=0.01 secs] 
2014-07-07T21:46:04.449+0000: 3066.469: [GC [PSYoungGen: 232244K->594K(278464K)] 634003K->402417K(965440K), 0.0092170 secs] [Times: user=0.06 sys=0.00, real=0.01 secs] 
2014-07-07T21:46:05.452+0000: 3067.472: [GC [PSYoungGen: 278408K->612K(308736K)] 680231K->402491K(995712K), 0.0077170 secs] [Times: user=0.05 sys=0.00, real=0.01 secs] 
2014-07-07T21:46:06.561+0000: 3068.582: [GC [PSYoungGen: 308004K->544K(299648K)] 709883K->402487K(986624K), 0.0089430 secs] [Times: user=0.05 sys=0.00, real=0.01 secs] 
2014-07-07T21:46:07.639+0000: 3069.659: [GC [PSYoungGen: 299616K->722K(291840K)] 701559K->402721K(978816K), 0.0050050 secs] [Times: user=0.02 sys=0.00, real=0.00 secs] 
2014-07-07T21:46:08.686+0000: 3070.706: [GC [PSYoungGen: 291793K->594K(284032K)] 693792K->402657K(971008K), 0.0083950 secs] [Times: user=0.06 sys=0.00, real=0.00 secs] 
2014-07-07T21:46:09.689+0000: 3071.709: [GC [PSYoungGen: 283986K->544K(276608K)] 686049K->402679K(963584K), 0.0035600 secs] [Times: user=0.02 sys=0.00, real=0.00 secs] 
2014-07-07T21:46:10.660+0000: 3072.680: [GC [PSYoungGen: 276576K->898K(269888K)] 678711K->403129K(956864K), 0.0065430 secs] [Times: user=0.04 sys=0.00, real=0.01 secs] 
2014-07-07T21:46:11.621+0000: 3073.641: [GC [PSYoungGen: 269791K->1184K(263296K)] 672023K->403512K(950272K), 0.0056580 secs] [Times: user=0.02 sys=0.01, real=0.01 secs] 
2014-07-07T21:46:12.564+0000: 3074.585: [GC [PSYoungGen: 263264K->434K(255936K)] 665592K->402865K(942912K), 0.0038130 secs] [Times: user=0.03 sys=0.01, real=0.01 secs] 
2014-07-07T21:46:13.472+0000: 3075.492: [GC [PSYoungGen: 255914K->815K(249984K)] 658346K->403310K(936960K), 0.0086790 secs] [Times: user=0.05 sys=0.01, real=0.01 secs] 
2014-07-07T21:46:14.337+0000: 3076.357: [GC [PSYoungGen: 249967K->722K(243840K)] 652462K->403289K(930816K), 0.0108120 secs] [Times: user=0.06 sys=0.00, real=0.01 secs] 
2014-07-07T21:46:15.199+0000: 3077.219: [GC [PSYoungGen: 243794K->968K(238208K)] 646361K->403583K(925184K), 0.0090300 secs] [Times: user=0.05 sys=0.00, real=0.01 secs] 
2014-07-07T21:46:16.046+0000: 3078.066: [GC [PSYoungGen: 238151K->789K(232384K)] 640766K->403468K(919360K), 0.0035150 secs] [Times: user=0.02 sys=0.00, real=0.01 secs] 
2014-07-07T21:46:16.880+0000: 3078.900: [GC [PSYoungGen: 232341K->576K(226688K)] 635020K->403319K(913664K), 0.0099930 secs] [Times: user=0.04 sys=0.00, real=0.01 secs] 
2014-07-07T21:46:17.684+0000: 3079.704: [GC [PSYoungGen: 226688K->808K(221696K)] 629431K->403639K(908672K), 0.0111580 secs] [Times: user=0.06 sys=0.00, real=0.01 secs] 
2014-07-07T21:46:18.492+0000: 3080.512: [GC [PSYoungGen: 221672K->672K(216512K)] 624503K->403607K(903488K), 0.0083040 secs] [Times: user=0.05 sys=0.00, real=0.01 secs] 
2014-07-07T21:46:19.245+0000: 3081.265: [GC [PSYoungGen: 216480K->931K(211904K)] 619415K->404056K(898880K), 0.0079080 secs] [Times: user=0.05 sys=0.00, real=0.01 secs] 
2014-07-07T21:46:19.995+0000: 3082.015: [GC [PSYoungGen: 211836K->918K(254144K)] 614960K->404074K(941120K), 0.0151370 secs] [Times: user=0.08 sys=0.00, real=0.02 secs] 
2014-07-07T21:46:20.896+0000: 3082.916: [GC [PSYoungGen: 254085K->647K(304576K)] 657241K->403867K(991552K), 0.0120500 secs] [Times: user=0.07 sys=0.00, real=0.02 secs] 
2014-07-07T21:46:21.976+0000: 3083.996: [GC [PSYoungGen: 304504K->994K(326656K)] 707724K->404254K(1013632K), 0.0211240 secs] [Times: user=0.13 sys=0.00, real=0.02 secs] 
2014-07-07T21:46:23.140+0000: 3085.160: [GC [PSYoungGen: 326370K->1106K(365888K)] 729630K->404406K(1052864K), 0.0060900 secs] [Times: user=0.03 sys=0.00, real=0.00 secs] 
2014-07-07T21:46:24.437+0000: 3086.457: [GC [PSYoungGen: 365713K->1086K(365952K)] 769014K->404458K(1052928K), 0.0152490 secs] [Times: user=0.11 sys=0.00, real=0.02 secs] 
2014-07-07T21:46:25.752+0000: 3087.772: [GC [PSYoungGen: 365694K->976K(438976K)] 769066K->404436K(1125952K), 0.0119880 secs] [Times: user=0.08 sys=0.00, real=0.01 secs] 
2014-07-07T21:46:27.329+0000: 3089.349: [GC [PSYoungGen: 438544K->794K(438976K)] 842004K->404302K(1125952K), 0.0171060 secs] [Times: user=0.10 sys=0.01, real=0.01 secs] 
2014-07-07T21:46:28.864+0000: 3090.884: [GC [PSYoungGen: 438361K->1316K(425152K)] 841870K->404896K(1112128K), 0.0061800 secs] [Times: user=0.03 sys=0.00, real=0.01 secs] 
2014-07-07T21:46:30.376+0000: 3092.396: [GC [PSYoungGen: 425124K->690K(411392K)] 828704K->404350K(1098368K), 0.0141940 secs] [Times: user=0.09 sys=0.00, real=0.02 secs] 
2014-07-07T21:46:31.844+0000: 3093.864: [GC [PSYoungGen: 411348K->1014K(399104K)] 815008K->404746K(1086080K), 0.0091940 secs] [Times: user=0.06 sys=0.00, real=0.01 secs] 
2014-07-07T21:46:33.275+0000: 3095.295: [GC [PSYoungGen: 399056K->1008K(387072K)] 802788K->404820K(1074048K), 0.0043360 secs] [Times: user=0.02 sys=0.00, real=0.01 secs] 
2014-07-07T21:46:34.662+0000: 3096.682: [GC [PSYoungGen: 387056K->812K(375360K)] 790868K->404680K(1062336K), 0.0034320 secs] [Times: user=0.02 sys=0.00, real=0.00 secs] 
2014-07-07T21:46:35.995+0000: 3098.015: [GC [PSYoungGen: 375336K->940K(364416K)] 779204K->404872K(1051392K), 0.0129870 secs] [Times: user=0.06 sys=0.01, real=0.01 secs] 
2014-07-07T21:46:37.306+0000: 3099.326: [GC [PSYoungGen: 364351K->906K(353792K)] 768283K->404902K(1040768K), 0.0065540 secs] [Times: user=0.04 sys=0.00, real=0.01 secs] 
2014-07-07T21:46:38.584+0000: 3100.604: [GC [PSYoungGen: 353738K->662K(343360K)] 757734K->404714K(1030336K), 0.0111000 secs] [Times: user=0.07 sys=0.01, real=0.01 secs] 
2014-07-07T21:46:39.807+0000: 3101.827: [GC [PSYoungGen: 343311K->1072K(334016K)] 747363K->405246K(1020992K), 0.0052210 secs] [Times: user=0.02 sys=0.00, real=0.01 secs] 
2014-07-07T21:46:40.992+0000: 3103.012: [GC [PSYoungGen: 334000K->950K(324544K)] 738174K->405180K(1011520K), 0.0074360 secs] [Times: user=0.06 sys=0.00, real=0.00 secs] 
2014-07-07T21:46:42.165+0000: 3104.185: [GC [PSYoungGen: 324534K->680K(315328K)] 728764K->405162K(1002304K), 0.0063230 secs] [Times: user=0.03 sys=0.00, real=0.01 secs] 
2014-07-07T21:46:43.286+0000: 3105.306: [GC [PSYoungGen: 315304K->943K(306944K)] 719786K->405497K(993920K), 0.0039640 secs] [Times: user=0.02 sys=0.00, real=0.00 secs] 
2014-07-07T21:46:44.379+0000: 3106.399: [GC [PSYoungGen: 306913K->1071K(298816K)] 711467K->405774K(985792K), 0.0073040 secs] [Times: user=0.02 sys=0.01, real=0.01 secs] 
2014-07-07T21:46:45.452+0000: 3107.472: [GC [PSYoungGen: 298765K->722K(290560K)] 703467K->405512K(977536K), 0.0056130 secs] [Times: user=0.03 sys=0.00, real=0.00 secs] 
2014-07-07T21:46:46.477+0000: 3108.497: [GC [PSYoungGen: 290504K->886K(283072K)] 695294K->405880K(970048K), 0.0046850 secs] [Times: user=0.03 sys=0.00, real=0.01 secs] 
2014-07-07T21:46:47.492+0000: 3109.512: [GC [PSYoungGen: 283026K->1277K(276096K)] 688021K->406359K(963072K), 0.0110000 secs] [Times: user=0.07 sys=0.00, real=0.01 secs] 
2014-07-07T21:46:48.472+0000: 3110.492: [GC [PSYoungGen: 276093K->562K(268352K)] 681175K->405948K(955328K), 0.0047750 secs] [Times: user=0.03 sys=0.00, real=0.00 secs] 
2014-07-07T21:46:49.435+0000: 3111.455: [GC [PSYoungGen: 268338K->644K(261696K)] 673724K->406110K(948672K), 0.0087830 secs] [Times: user=0.05 sys=0.00, real=0.01 secs] 
2014-07-07T21:46:50.375+0000: 3112.395: [GC [PSYoungGen: 261636K->562K(255040K)] 667102K->406084K(942016K), 0.0098180 secs] [Times: user=0.07 sys=0.01, real=0.01 secs] 
2014-07-07T21:46:51.286+0000: 3113.307: [GC [PSYoungGen: 255016K->722K(248960K)] 660539K->406308K(935936K), 0.0158890 secs] [Times: user=0.08 sys=0.00, real=0.02 secs] 
2014-07-07T21:46:52.160+0000: 3114.180: [GC [PSYoungGen: 248879K->1374K(243520K)] 654466K->407033K(930496K), 0.0075260 secs] [Times: user=0.06 sys=0.00, real=0.01 secs] 
2014-07-07T21:46:53.036+0000: 3115.056: [GC [PSYoungGen: 243486K->694K(236992K)] 649145K->406448K(923968K), 0.0042220 secs] [Times: user=0.02 sys=0.00, real=0.00 secs] 
2014-07-07T21:46:53.862+0000: 3115.882: [GC [PSYoungGen: 236982K->996K(231680K)] 642736K->406823K(918656K), 0.0060990 secs] [Times: user=0.03 sys=0.00, real=0.00 secs] 
2014-07-07T21:46:54.679+0000: 3116.700: [GC [PSYoungGen: 231652K->1242K(226496K)] 637479K->407109K(913472K), 0.0089230 secs] [Times: user=0.05 sys=0.00, real=0.01 secs] 
2014-07-07T21:46:55.486+0000: 3117.506: [GC [PSYoungGen: 226458K->594K(220608K)] 632325K->406516K(907584K), 0.0041060 secs] [Times: user=0.02 sys=0.01, real=0.00 secs] 
2014-07-07T21:46:56.270+0000: 3118.290: [GC [PSYoungGen: 220562K->1000K(215936K)] 626484K->407003K(902912K), 0.0080270 secs] [Times: user=0.05 sys=0.01, real=0.01 secs] 
2014-07-07T21:46:57.027+0000: 3119.047: [GC [PSYoungGen: 215905K->712K(210816K)] 621908K->406762K(897792K), 0.0083050 secs] [Times: user=0.04 sys=0.00, real=0.01 secs] 
2014-07-07T21:46:57.773+0000: 3119.793: [GC [PSYoungGen: 210742K->1076K(206464K)] 616793K->407190K(893440K), 0.0069190 secs] [Times: user=0.03 sys=0.00, real=0.00 secs] 
2014-07-07T21:46:58.509+0000: 3120.529: [GC [PSYoungGen: 206452K->654K(201536K)] 612566K->406816K(888512K), 0.0039680 secs] [Times: user=0.02 sys=0.00, real=0.01 secs] 
2014-07-07T21:46:59.217+0000: 3121.237: [GC [PSYoungGen: 201486K->1116K(197632K)] 607648K->407343K(884608K), 0.0045470 secs] [Times: user=0.02 sys=0.00, real=0.00 secs] 
2014-07-07T21:46:59.917+0000: 3121.937: [GC [PSYoungGen: 197589K->740K(193024K)] 603816K->407038K(880000K), 0.0055200 secs] [Times: user=0.02 sys=0.00, real=0.00 secs] 
2014-07-07T21:47:00.595+0000: 3122.615: [GC [PSYoungGen: 192996K->630K(188800K)] 599294K->406984K(875776K), 0.0073510 secs] [Times: user=0.03 sys=0.00, real=0.00 secs] 
2014-07-07T21:47:01.283+0000: 3123.304: [GC [PSYoungGen: 188790K->612K(184832K)] 595144K->407038K(871808K), 0.0083970 secs] [Times: user=0.04 sys=0.00, real=0.01 secs] 
2014-07-07T21:47:01.936+0000: 3123.956: [GC [PSYoungGen: 184787K->832K(181312K)] 591214K->407306K(868288K), 0.0065660 secs] [Times: user=0.03 sys=0.00, real=0.00 secs] 
2014-07-07T21:47:02.569+0000: 3124.590: [GC [PSYoungGen: 181248K->1196K(177920K)] 587722K->407759K(864896K), 0.0043520 secs] [Times: user=0.02 sys=0.00, real=0.00 secs] 
2014-07-07T21:47:03.212+0000: 3125.232: [GC [PSYoungGen: 177900K->562K(212672K)] 584463K->407164K(899648K), 0.0105710 secs] [Times: user=0.07 sys=0.00, real=0.01 secs] 
2014-07-07T21:47:03.971+0000: 3125.991: [GC [PSYoungGen: 212628K->630K(208000K)] 619231K->407272K(894976K), 0.0043060 secs] [Times: user=0.02 sys=0.00, real=0.01 secs] 
2014-07-07T21:47:04.721+0000: 3126.741: [GC [PSYoungGen: 207990K->730K(203520K)] 614632K->407444K(890496K), 0.0064230 secs] [Times: user=0.05 sys=0.00, real=0.01 secs] 
2014-07-07T21:47:05.441+0000: 3127.461: [GC [PSYoungGen: 203482K->762K(199104K)] 610196K->407540K(886080K), 0.0056830 secs] [Times: user=0.04 sys=0.00, real=0.01 secs] 
2014-07-07T21:47:06.150+0000: 3128.170: [GC [PSYoungGen: 199098K->1104K(195200K)] 605876K->407970K(882176K), 0.0038700 secs] [Times: user=0.02 sys=0.01, real=0.01 secs] 
2014-07-07T21:47:06.840+0000: 3128.860: [GC [PSYoungGen: 195152K->512K(190400K)] 602018K->407450K(877376K), 0.0089210 secs] [Times: user=0.05 sys=0.00, real=0.01 secs] 
2014-07-07T21:47:07.511+0000: 3129.531: [GC [PSYoungGen: 190400K->698K(228608K)] 597338K->407676K(915584K), 0.0093720 secs] [Times: user=0.06 sys=0.00, real=0.01 secs] 
2014-07-07T21:47:08.323+0000: 3130.343: [GC [PSYoungGen: 228573K->783K(223424K)] 635551K->407817K(910400K), 0.0074300 secs] [Times: user=0.05 sys=0.00, real=0.01 secs] 
2014-07-07T21:47:09.126+0000: 3131.147: [GC [PSYoungGen: 223375K->1304K(218816K)] 630409K->408435K(905792K), 0.0082920 secs] [Times: user=0.05 sys=0.00, real=0.00 secs] 
2014-07-07T21:47:09.886+0000: 3131.906: [GC [PSYoungGen: 218776K->552K(213120K)] 625907K->408116K(900096K), 0.0078080 secs] [Times: user=0.06 sys=0.00, real=0.00 secs] 
2014-07-07T21:47:10.655+0000: 3132.675: [GC [PSYoungGen: 213096K->883K(256000K)] 620660K->408520K(942976K), 0.0083820 secs] [Times: user=0.04 sys=0.01, real=0.00 secs] 
2014-07-07T21:47:11.550+0000: 3133.570: [GC [PSYoungGen: 255987K->1170K(249984K)] 663624K->409003K(936960K), 0.0046280 secs] [Times: user=0.03 sys=0.00, real=0.00 secs] 
2014-07-07T21:47:12.426+0000: 3134.447: [GC [PSYoungGen: 249938K->562K(243264K)] 657771K->408450K(930240K), 0.0071230 secs] [Times: user=0.04 sys=0.00, real=0.00 secs] 
2014-07-07T21:47:13.304+0000: 3135.324: [GC [PSYoungGen: 243250K->640K(237504K)] 651138K->408592K(924480K), 0.0084560 secs] [Times: user=0.05 sys=0.00, real=0.01 secs] 
2014-07-07T21:47:14.139+0000: 3136.159: [GC [PSYoungGen: 237504K->772K(232064K)] 645456K->408780K(919040K), 0.0054700 secs] [Times: user=0.04 sys=0.00, real=0.00 secs] 
2014-07-07T21:47:14.975+0000: 3136.995: [GC [PSYoungGen: 231976K->828K(226624K)] 639985K->408924K(913600K), 0.0081870 secs] [Times: user=0.06 sys=0.01, real=0.01 secs] 
2014-07-07T21:47:15.771+0000: 3137.791: [GC [PSYoungGen: 226620K->1288K(221888K)] 634716K->409457K(908864K), 0.0104950 secs] [Times: user=0.07 sys=0.01, real=0.01 secs] 
2014-07-07T21:47:16.563+0000: 3138.583: [GC [PSYoungGen: 221832K->548K(216064K)] 630001K->408878K(903040K), 0.0078740 secs] [Times: user=0.05 sys=0.00, real=0.01 secs] 
2014-07-07T21:47:17.324+0000: 3139.344: [GC [PSYoungGen: 216024K->1295K(211968K)] 624354K->409698K(898944K), 0.0053950 secs] [Times: user=0.02 sys=0.00, real=0.01 secs] 
2014-07-07T21:47:18.070+0000: 3140.090: [GC [PSYoungGen: 211891K->808K(253632K)] 620293K->409242K(940608K), 0.0105730 secs] [Times: user=0.06 sys=0.00, real=0.01 secs] 
2014-07-07T21:47:18.956+0000: 3140.976: [GC [PSYoungGen: 253608K->794K(247424K)] 662042K->409276K(934400K), 0.0072840 secs] [Times: user=0.04 sys=0.00, real=0.01 secs] 
2014-07-07T21:47:19.844+0000: 3141.865: [GC [PSYoungGen: 247386K->1102K(241728K)] 655868K->409657K(928704K), 0.0075640 secs] [Times: user=0.05 sys=0.00, real=0.01 secs] 
2014-07-07T21:47:20.712+0000: 3142.732: [GC [PSYoungGen: 241678K->448K(235264K)] 650233K->409074K(922240K), 0.0078340 secs] [Times: user=0.05 sys=0.00, real=0.01 secs] 
2014-07-07T21:47:21.543+0000: 3143.563: [GC [PSYoungGen: 235264K->480K(229760K)] 643890K->409154K(916736K), 0.0048390 secs] [Times: user=0.03 sys=0.00, real=0.01 secs] 
2014-07-07T21:47:22.362+0000: 3144.383: [GC [PSYoungGen: 229728K->780K(224704K)] 638402K->409526K(911680K), 0.0111870 secs] [Times: user=0.07 sys=0.00, real=0.01 secs] 
2014-07-07T21:47:23.178+0000: 3145.198: [GC [PSYoungGen: 224652K->822K(269504K)] 633398K->409648K(956480K), 0.0140600 secs] [Times: user=0.09 sys=0.00, real=0.01 secs] 
2014-07-07T21:47:24.136+0000: 3146.156: [GC [PSYoungGen: 269494K->722K(323200K)] 678320K->409612K(1010176K), 0.0091840 secs] [Times: user=0.05 sys=0.00, real=0.01 secs] 
2014-07-07T21:47:25.280+0000: 3147.300: [GC [PSYoungGen: 323154K->1255K(388224K)] 732044K->410250K(1075200K), 0.0235950 secs] [Times: user=0.15 sys=0.01, real=0.02 secs] 
2014-07-07T21:47:26.675+0000: 3148.695: [GC [PSYoungGen: 388161K->612K(465024K)] 797155K->409670K(1152000K), 0.0070030 secs] [Times: user=0.03 sys=0.01, real=0.01 secs] 
2014-07-07T21:47:28.328+0000: 3150.348: [GC [PSYoungGen: 464996K->1072K(450560K)] 874054K->410186K(1137536K), 0.0107470 secs] [Times: user=0.07 sys=0.00, real=0.02 secs] 
2014-07-07T21:47:29.940+0000: 3151.960: [GC [PSYoungGen: 450544K->1026K(436288K)] 859658K->410212K(1123264K), 0.0039330 secs] [Times: user=0.02 sys=0.00, real=0.00 secs] 
2014-07-07T21:47:31.494+0000: 3153.514: [GC [PSYoungGen: 436226K->930K(422528K)] 845412K->410172K(1109504K), 0.0046440 secs] [Times: user=0.02 sys=0.00, real=0.01 secs] 
2014-07-07T21:47:32.995+0000: 3155.015: [GC [PSYoungGen: 422498K->1190K(409728K)] 831740K->410489K(1096704K), 0.0072500 secs] [Times: user=0.04 sys=0.01, real=0.01 secs] 
2014-07-07T21:47:34.458+0000: 3156.478: [GC [PSYoungGen: 409702K->816K(396864K)] 819001K->410276K(1083840K), 0.0082050 secs] [Times: user=0.05 sys=0.00, real=0.01 secs] 
2014-07-07T21:47:35.894+0000: 3157.914: [GC [PSYoungGen: 396848K->644K(384768K)] 806308K->410160K(1071744K), 0.0143240 secs] [Times: user=0.09 sys=0.01, real=0.01 secs] 
2014-07-07T21:47:37.286+0000: 3159.306: [GC [PSYoungGen: 384629K->697K(373312K)] 794146K->410336K(1060288K), 0.0088120 secs] [Times: user=0.06 sys=0.00, real=0.01 secs] 
2014-07-07T21:47:38.622+0000: 3160.642: [GC [PSYoungGen: 373281K->962K(362624K)] 782920K->410657K(1049600K), 0.0075530 secs] [Times: user=0.04 sys=0.00, real=0.01 secs] 
2014-07-07T21:47:39.939+0000: 3161.959: [GC [PSYoungGen: 362528K->1044K(352192K)] 772223K->410787K(1039168K), 0.0097860 secs] [Times: user=0.06 sys=0.00, real=0.01 secs] 
2014-07-07T21:47:41.191+0000: 3163.211: [GC [PSYoungGen: 352148K->818K(341824K)] 761891K->410624K(1028800K), 0.0139380 secs] [Times: user=0.07 sys=0.00, real=0.01 secs] 
2014-07-07T21:47:42.399+0000: 3164.419: [GC [PSYoungGen: 341805K->1079K(332416K)] 751612K->410995K(1019392K), 0.0089370 secs] [Times: user=0.06 sys=0.00, real=0.01 secs] 
2014-07-07T21:47:43.565+0000: 3165.585: [GC [PSYoungGen: 332315K->850K(322944K)] 742231K->410830K(1009920K), 0.0090770 secs] [Times: user=0.06 sys=0.01, real=0.01 secs] 
2014-07-07T21:47:44.716+0000: 3166.736: [GC [PSYoungGen: 322898K->992K(314176K)] 732878K->411260K(1001152K), 0.0036140 secs] [Times: user=0.02 sys=0.00, real=0.01 secs] 
2014-07-07T21:47:45.843+0000: 3167.863: [GC [PSYoungGen: 314125K->911K(305536K)] 724393K->411243K(992512K), 0.0078860 secs] [Times: user=0.04 sys=0.00, real=0.01 secs] 
2014-07-07T21:47:46.938+0000: 3168.958: [GC [PSYoungGen: 305487K->878K(297280K)] 715819K->411306K(984256K), 0.0085850 secs] [Times: user=0.06 sys=0.01, real=0.01 secs] 
2014-07-07T21:47:48.014+0000: 3170.034: [GC [PSYoungGen: 297239K->1078K(289600K)] 707667K->411562K(976576K), 0.0052080 secs] [Times: user=0.02 sys=0.00, real=0.00 secs] 
2014-07-07T21:47:49.048+0000: 3171.068: [GC [PSYoungGen: 289590K->1012K(281920K)] 700074K->411544K(968896K), 0.0053050 secs] [Times: user=0.02 sys=0.00, real=0.01 secs] 
2014-07-07T21:47:50.062+0000: 3172.082: [GC [PSYoungGen: 281908K->672K(274304K)] 692440K->411284K(961280K), 0.0051070 secs] [Times: user=0.03 sys=0.00, real=0.00 secs] 
2014-07-07T21:47:51.040+0000: 3173.060: [GC [PSYoungGen: 274272K->566K(267136K)] 684884K->411210K(954112K), 0.0101430 secs] [Times: user=0.05 sys=0.00, real=0.01 secs] 
2014-07-07T21:47:51.985+0000: 3174.005: [GC [PSYoungGen: 267126K->822K(260672K)] 677770K->411546K(947648K), 0.0070500 secs] [Times: user=0.04 sys=0.00, real=0.01 secs] 
2014-07-07T21:47:52.921+0000: 3174.941: [GC [PSYoungGen: 260662K->1124K(254528K)] 671386K->411912K(941504K), 0.0118570 secs] [Times: user=0.07 sys=0.00, real=0.01 secs] 
2014-07-07T21:47:53.829+0000: 3175.849: [GC [PSYoungGen: 254495K->876K(248000K)] 665283K->411768K(934976K), 0.0038970 secs] [Times: user=0.01 sys=0.00, real=0.01 secs] 
2014-07-07T21:47:54.734+0000: 3176.754: [GC [PSYoungGen: 247980K->950K(242048K)] 658872K->411964K(929024K), 0.0090060 secs] [Times: user=0.06 sys=0.00, real=0.01 secs] 
2014-07-07T21:47:55.598+0000: 3177.618: [GC [PSYoungGen: 242038K->530K(235840K)] 653052K->411600K(922816K), 0.0042950 secs] [Times: user=0.02 sys=0.00, real=0.01 secs] 
2014-07-07T21:47:56.436+0000: 3178.457: [GC [PSYoungGen: 235794K->836K(230592K)] 646864K->411954K(917568K), 0.0138850 secs] [Times: user=0.09 sys=0.01, real=0.01 secs] 
2014-07-07T21:47:57.266+0000: 3179.286: [GC [PSYoungGen: 230532K->512K(276160K)] 641650K->411670K(963136K), 0.0138740 secs] [Times: user=0.07 sys=0.01, real=0.01 secs] 
2014-07-07T21:47:58.253+0000: 3180.273: [GC [PSYoungGen: 276148K->822K(331648K)] 687306K->412020K(1018624K), 0.0092910 secs] [Times: user=0.06 sys=0.00, real=0.01 secs] 
2014-07-07T21:47:59.456+0000: 3181.476: [GC [PSYoungGen: 331603K->1150K(322688K)] 742801K->412428K(1009664K), 0.0063340 secs] [Times: user=0.05 sys=0.00, real=0.01 secs] 
2014-07-07T21:48:00.623+0000: 3182.643: [GC [PSYoungGen: 322667K->762K(313408K)] 733945K->412276K(1000384K), 0.0105640 secs] [Times: user=0.07 sys=0.00, real=0.02 secs] 
2014-07-07T21:48:01.753+0000: 3183.774: [GC [PSYoungGen: 313402K->1240K(305408K)] 724916K->412810K(992384K), 0.0079820 secs] [Times: user=0.05 sys=0.00, real=0.00 secs] 
2014-07-07T21:48:02.855+0000: 3184.876: [GC [PSYoungGen: 305368K->480K(296448K)] 716938K->412206K(983424K), 0.0040600 secs] [Times: user=0.02 sys=0.00, real=0.00 secs] 
2014-07-07T21:48:03.926+0000: 3185.946: [GC [PSYoungGen: 296416K->812K(288896K)] 708142K->412610K(975872K), 0.0066040 secs] [Times: user=0.04 sys=0.00, real=0.00 secs] 
2014-07-07T21:48:04.957+0000: 3186.977: [GC [PSYoungGen: 288876K->1064K(281600K)] 700674K->412950K(968576K), 0.0052490 secs] [Times: user=0.03 sys=0.00, real=0.00 secs] 
2014-07-07T21:48:05.970+0000: 3187.990: [GC [PSYoungGen: 281576K->594K(273856K)] 693462K->412544K(960832K), 0.0077390 secs] [Times: user=0.04 sys=0.00, real=0.01 secs] 
2014-07-07T21:48:06.950+0000: 3188.970: [GC [PSYoungGen: 273810K->722K(267008K)] 685760K->412744K(953984K), 0.0032510 secs] [Times: user=0.02 sys=0.00, real=0.01 secs] 
2014-07-07T21:48:07.917+0000: 3189.937: [GC [PSYoungGen: 266962K->1078K(260608K)] 678984K->413156K(947584K), 0.0062860 secs] [Times: user=0.02 sys=0.00, real=0.00 secs] 
2014-07-07T21:48:08.859+0000: 3190.879: [GC [PSYoungGen: 260596K->576K(253632K)] 672674K->412694K(940608K), 0.0120520 secs] [Times: user=0.07 sys=0.01, real=0.01 secs] 
2014-07-07T21:48:09.771+0000: 3191.791: [GC [PSYoungGen: 253632K->1058K(247936K)] 665750K->413248K(934912K), 0.0095640 secs] [Times: user=0.05 sys=0.01, real=0.01 secs] 
2014-07-07T21:48:10.659+0000: 3192.679: [GC [PSYoungGen: 247906K->1132K(241984K)] 660096K->413378K(928960K), 0.0086940 secs] [Times: user=0.06 sys=0.00, real=0.01 secs] 
2014-07-07T21:48:11.507+0000: 3193.527: [GC [PSYoungGen: 241964K->562K(235648K)] 654210K->412856K(922624K), 0.0077930 secs] [Times: user=0.04 sys=0.00, real=0.01 secs] 
2014-07-07T21:48:12.341+0000: 3194.361: [GC [PSYoungGen: 235599K->448K(229952K)] 647893K->412806K(916928K), 0.0089110 secs] [Times: user=0.06 sys=0.00, real=0.01 secs] 
2014-07-07T21:48:13.161+0000: 3195.181: [GC [PSYoungGen: 229952K->1264K(225408K)] 642310K->413710K(912384K), 0.0047810 secs] [Times: user=0.03 sys=0.00, real=0.01 secs] 
2014-07-07T21:48:13.959+0000: 3195.979: [GC [PSYoungGen: 225392K->1220K(220224K)] 637838K->413722K(907200K), 0.0056710 secs] [Times: user=0.03 sys=0.00, real=0.00 secs] 
2014-07-07T21:48:14.745+0000: 3196.765: [GC [PSYoungGen: 220164K->608K(214592K)] 632666K->413174K(901568K), 0.0046660 secs] [Times: user=0.02 sys=0.00, real=0.01 secs] 
2014-07-07T21:48:15.510+0000: 3197.530: [GC [PSYoungGen: 214520K->1203K(210368K)] 627086K->413825K(897344K), 0.0099580 secs] [Times: user=0.07 sys=0.00, real=0.01 secs] 
2014-07-07T21:48:16.262+0000: 3198.282: [GC [PSYoungGen: 210355K->708K(205248K)] 622977K->413434K(892224K), 0.0059470 secs] [Times: user=0.04 sys=0.00, real=0.01 secs] 
2014-07-07T21:48:16.990+0000: 3199.010: [GC [PSYoungGen: 205188K->480K(200512K)] 617914K->413270K(887488K), 0.0065420 secs] [Times: user=0.02 sys=0.01, real=0.01 secs] 
2014-07-07T21:48:17.692+0000: 3199.713: [GC [PSYoungGen: 200451K->726K(196416K)] 613241K->413596K(883392K), 0.0099910 secs] [Times: user=0.07 sys=0.01, real=0.01 secs] 
2014-07-07T21:48:18.408+0000: 3200.428: [GC [PSYoungGen: 196374K->612K(192128K)] 609244K->413546K(879104K), 0.0076540 secs] [Times: user=0.04 sys=0.01, real=0.01 secs] 
2014-07-07T21:48:19.105+0000: 3201.125: [GC [PSYoungGen: 192100K->1377K(231232K)] 605034K->414359K(918208K), 0.0078520 secs] [Times: user=0.05 sys=0.00, real=0.00 secs] 
2014-07-07T21:48:19.909+0000: 3201.929: [GC [PSYoungGen: 231201K->800K(225280K)] 644183K->413838K(912256K), 0.0039770 secs] [Times: user=0.02 sys=0.00, real=0.00 secs] 
2014-07-07T21:48:20.714+0000: 3202.734: [GC [PSYoungGen: 225248K->1047K(220352K)] 638286K->414141K(907328K), 0.0110760 secs] [Times: user=0.07 sys=0.00, real=0.01 secs] 
2014-07-07T21:48:21.491+0000: 3203.511: [GC [PSYoungGen: 220230K->968K(264192K)] 633324K->414118K(951168K), 0.0083080 secs] [Times: user=0.05 sys=0.00, real=0.01 secs] 
2014-07-07T21:48:22.420+0000: 3204.440: [GC [PSYoungGen: 264136K->1284K(257920K)] 677286K->414499K(944896K), 0.0065890 secs] [Times: user=0.03 sys=0.00, real=0.01 secs] 
2014-07-07T21:48:23.345+0000: 3205.365: [GC [PSYoungGen: 257860K->887K(251072K)] 671075K->414239K(938048K), 0.0041980 secs] [Times: user=0.03 sys=0.00, real=0.01 secs] 
2014-07-07T21:48:24.228+0000: 3206.248: [GC [PSYoungGen: 251063K->740K(244800K)] 664415K->414140K(931776K), 0.0110250 secs] [Times: user=0.07 sys=0.00, real=0.01 secs] 
2014-07-07T21:48:25.097+0000: 3207.117: [GC [PSYoungGen: 244772K->640K(238784K)] 658172K->414096K(925760K), 0.0104330 secs] [Times: user=0.04 sys=0.00, real=0.01 secs] 
2014-07-07T21:48:25.936+0000: 3207.956: [GC [PSYoungGen: 238784K->821K(233280K)] 652240K->414325K(920256K), 0.0074810 secs] [Times: user=0.05 sys=0.00, real=0.00 secs] 
2014-07-07T21:48:26.760+0000: 3208.780: [GC [PSYoungGen: 233269K->726K(227712K)] 646773K->414318K(914688K), 0.0083580 secs] [Times: user=0.05 sys=0.01, real=0.01 secs] 
2014-07-07T21:48:27.573+0000: 3209.593: [GC [PSYoungGen: 227670K->944K(222592K)] 641262K->414624K(909568K), 0.0069320 secs] [Times: user=0.05 sys=0.00, real=0.01 secs] 
2014-07-07T21:48:28.375+0000: 3210.395: [GC [PSYoungGen: 222575K->644K(217216K)] 636255K->414388K(904192K), 0.0048080 secs] [Times: user=0.02 sys=0.00, real=0.01 secs] 
2014-07-07T21:48:29.152+0000: 3211.173: [GC [PSYoungGen: 217156K->918K(212544K)] 630900K->414766K(899520K), 0.0068570 secs] [Times: user=0.04 sys=0.00, real=0.01 secs] 
2014-07-07T21:48:29.900+0000: 3211.920: [GC [PSYoungGen: 212467K->1124K(208000K)] 626316K->415020K(894976K), 0.0072520 secs] [Times: user=0.05 sys=0.00, real=0.01 secs] 
2014-07-07T21:48:30.657+0000: 3212.677: [GC [PSYoungGen: 207946K->630K(202944K)] 621842K->414582K(889920K), 0.0043240 secs] [Times: user=0.02 sys=0.00, real=0.01 secs] 
2014-07-07T21:48:31.386+0000: 3213.406: [GC [PSYoungGen: 202898K->844K(198784K)] 616850K->414860K(885760K), 0.0059690 secs] [Times: user=0.02 sys=0.01, real=0.01 secs] 
2014-07-07T21:48:32.087+0000: 3214.107: [GC [PSYoungGen: 198732K->1174K(194816K)] 612748K->415214K(881792K), 0.0060380 secs] [Times: user=0.02 sys=0.00, real=0.01 secs] 
2014-07-07T21:48:32.771+0000: 3214.791: [GC [PSYoungGen: 194774K->758K(190272K)] 608814K->415228K(877248K), 0.0063510 secs] [Times: user=0.03 sys=0.00, real=0.01 secs] 
2014-07-07T21:48:33.454+0000: 3215.474: [GC [PSYoungGen: 190262K->926K(186496K)] 604732K->415460K(873472K), 0.0099300 secs] [Times: user=0.04 sys=0.00, real=0.01 secs] 
2014-07-07T21:48:34.113+0000: 3216.133: [GC [PSYoungGen: 186462K->826K(223488K)] 600996K->415472K(910464K), 0.0093010 secs] [Times: user=0.06 sys=0.00, real=0.01 secs] 
2014-07-07T21:48:34.897+0000: 3216.917: [GC [PSYoungGen: 223476K->786K(218368K)] 638122K->415504K(905344K), 0.0047490 secs] [Times: user=0.02 sys=0.01, real=0.01 secs] 
2014-07-07T21:48:35.698+0000: 3217.718: [GC [PSYoungGen: 218322K->844K(213504K)] 633040K->415626K(900480K), 0.0057200 secs] [Times: user=0.04 sys=0.00, real=0.01 secs] 
2014-07-07T21:48:36.454+0000: 3218.475: [GC [PSYoungGen: 213448K->1000K(208832K)] 628230K->415838K(895808K), 0.0063630 secs] [Times: user=0.03 sys=0.00, real=0.01 secs] 
2014-07-07T21:48:37.199+0000: 3219.219: [GC [PSYoungGen: 208808K->830K(204032K)] 623646K->415930K(891008K), 0.0052390 secs] [Times: user=0.03 sys=0.00, real=0.00 secs] 
2014-07-07T21:48:37.937+0000: 3219.957: [GC [PSYoungGen: 204030K->954K(199744K)] 619130K->416126K(886720K), 0.0041690 secs] [Times: user=0.02 sys=0.01, real=0.01 secs] 
2014-07-07T21:48:38.639+0000: 3220.659: [GC [PSYoungGen: 199650K->715K(195264K)] 614823K->415935K(882240K), 0.0055840 secs] [Times: user=0.03 sys=0.00, real=0.00 secs] 
2014-07-07T21:48:39.325+0000: 3221.345: [GC [PSYoungGen: 195199K->1317K(234752K)] 610419K->416845K(921728K), 0.0135140 secs] [Times: user=0.08 sys=0.00, real=0.02 secs] 
2014-07-07T21:48:40.162+0000: 3222.182: [GC [PSYoungGen: 234725K->620K(228544K)] 650253K->416598K(915520K), 0.0050140 secs] [Times: user=0.02 sys=0.00, real=0.00 secs] 
2014-07-07T21:48:40.976+0000: 3222.996: [GC [PSYoungGen: 228482K->876K(223488K)] 644461K->417060K(910464K), 0.0044770 secs] [Times: user=0.02 sys=0.00, real=0.01 secs] 
2014-07-07T21:48:41.768+0000: 3223.788: [GC [PSYoungGen: 223460K->868K(218368K)] 639645K->417183K(905344K), 0.0036780 secs] [Times: user=0.02 sys=0.00, real=0.01 secs] 
2014-07-07T21:48:42.545+0000: 3224.565: [GC [PSYoungGen: 218324K->516K(213120K)] 634638K->416886K(900096K), 0.0035990 secs] [Times: user=0.02 sys=0.00, real=0.00 secs] 
2014-07-07T21:48:43.310+0000: 3225.330: [GC [PSYoungGen: 213060K->762K(208512K)] 629430K->417212K(895488K), 0.0079430 secs] [Times: user=0.04 sys=0.00, real=0.00 secs] 
2014-07-07T21:48:44.051+0000: 3226.071: [GC [PSYoungGen: 208462K->1398K(204544K)] 624913K->417905K(891520K), 0.0086160 secs] [Times: user=0.04 sys=0.01, real=0.01 secs] 
2014-07-07T21:48:44.768+0000: 3226.788: [GC [PSYoungGen: 204503K->819K(199552K)] 621010K->417424K(886528K), 0.0047360 secs] [Times: user=0.02 sys=0.00, real=0.01 secs] 
2014-07-07T21:48:45.473+0000: 3227.493: [GC [PSYoungGen: 199513K->848K(195328K)] 616118K->417508K(882304K), 0.0074010 secs] [Times: user=0.05 sys=0.00, real=0.01 secs] 
2014-07-07T21:48:46.168+0000: 3228.189: [GC [PSYoungGen: 195280K->758K(191040K)] 611940K->417514K(878016K), 0.0075770 secs] [Times: user=0.05 sys=0.00, real=0.01 secs] 
2014-07-07T21:48:46.828+0000: 3228.848: [GC [PSYoungGen: 191024K->1206K(187456K)] 607781K->418043K(874432K), 0.0061030 secs] [Times: user=0.04 sys=0.00, real=0.01 secs] 
2014-07-07T21:48:47.492+0000: 3229.512: [GC [PSYoungGen: 187408K->1017K(183360K)] 604244K->418045K(870336K), 0.0050530 secs] [Times: user=0.03 sys=0.00, real=0.00 secs] 
2014-07-07T21:48:48.152+0000: 3230.172: [GC [PSYoungGen: 183353K->612K(179200K)] 600381K->417696K(866176K), 0.0066260 secs] [Times: user=0.05 sys=0.00, real=0.00 secs] 
2014-07-07T21:48:48.786+0000: 3230.806: [GC [PSYoungGen: 179172K->726K(175680K)] 596256K->417882K(862656K), 0.0042600 secs] [Times: user=0.02 sys=0.00, real=0.01 secs] 
2014-07-07T21:48:49.409+0000: 3231.429: [GC [PSYoungGen: 175638K->694K(172096K)] 592794K->417922K(859072K), 0.0069150 secs] [Times: user=0.04 sys=0.00, real=0.01 secs] 
2014-07-07T21:48:50.016+0000: 3232.036: [GC [PSYoungGen: 172086K->730K(168768K)] 589314K->418038K(855744K), 0.0059580 secs] [Times: user=0.03 sys=0.00, real=0.01 secs] 
2014-07-07T21:48:50.603+0000: 3232.623: [GC [PSYoungGen: 168730K->730K(202368K)] 586038K->418102K(889344K), 0.0084070 secs] [Times: user=0.06 sys=0.01, real=0.01 secs] 
2014-07-07T21:48:51.326+0000: 3233.346: [GC [PSYoungGen: 202330K->950K(198144K)] 619702K->418402K(885120K), 0.0041030 secs] [Times: user=0.03 sys=0.00, real=0.01 secs] 
2014-07-07T21:48:52.021+0000: 3234.041: [GC [PSYoungGen: 198134K->836K(237568K)] 615586K->418360K(924544K), 0.0106100 secs] [Times: user=0.06 sys=0.00, real=0.01 secs] 
2014-07-07T21:48:52.868+0000: 3234.888: [GC [PSYoungGen: 237508K->832K(231936K)] 655032K->418436K(918912K), 0.0074710 secs] [Times: user=0.04 sys=0.00, real=0.01 secs] 
2014-07-07T21:48:53.675+0000: 3235.695: [GC [PSYoungGen: 231872K->636K(226240K)] 649476K->418296K(913216K), 0.0050510 secs] [Times: user=0.03 sys=0.00, real=0.00 secs] 
2014-07-07T21:48:54.479+0000: 3236.499: [GC [PSYoungGen: 226236K->516K(220928K)] 643896K->418248K(907904K), 0.0065310 secs] [Times: user=0.05 sys=0.00, real=0.01 secs] 
2014-07-07T21:48:55.264+0000: 3237.284: [GC [PSYoungGen: 220868K->384K(215680K)] 638600K->418147K(902656K), 0.0051340 secs] [Times: user=0.02 sys=0.00, real=0.00 secs] 
2014-07-07T21:48:56.020+0000: 3238.040: [GC [PSYoungGen: 215679K->904K(211392K)] 633443K->418724K(898368K), 0.0057920 secs] [Times: user=0.02 sys=0.00, real=0.01 secs] 
2014-07-07T21:48:56.770+0000: 3238.790: [GC [PSYoungGen: 211336K->762K(206528K)] 629156K->418654K(893504K), 0.0066810 secs] [Times: user=0.04 sys=0.00, real=0.01 secs] 
2014-07-07T21:48:57.500+0000: 3239.520: [GC [PSYoungGen: 206522K->416K(201664K)] 624414K->418355K(888640K), 0.0050670 secs] [Times: user=0.02 sys=0.00, real=0.01 secs] 
2014-07-07T21:48:58.230+0000: 3240.250: [GC [PSYoungGen: 201632K->732K(197632K)] 619571K->418736K(884608K), 0.0115420 secs] [Times: user=0.08 sys=0.00, real=0.02 secs] 
2014-07-07T21:48:58.929+0000: 3240.949: [GC [PSYoungGen: 197596K->854K(193536K)] 615600K->418938K(880512K), 0.0078160 secs] [Times: user=0.05 sys=0.00, real=0.01 secs] 
2014-07-07T21:48:59.613+0000: 3241.633: [GC [PSYoungGen: 193494K->726K(189312K)] 611578K->418890K(876288K), 0.0068550 secs] [Times: user=0.04 sys=0.01, real=0.00 secs] 
2014-07-07T21:49:00.290+0000: 3242.310: [GC [PSYoungGen: 189270K->942K(227264K)] 607434K->419170K(914240K), 0.0140540 secs] [Times: user=0.09 sys=0.00, real=0.02 secs] 
2014-07-07T21:49:01.094+0000: 3243.114: [GC [PSYoungGen: 227246K->616K(272256K)] 645474K->418892K(959232K), 0.0038830 secs] [Times: user=0.02 sys=0.00, real=0.00 secs] 
2014-07-07T21:49:02.079+0000: 3244.099: [GC [PSYoungGen: 272232K->708K(265472K)] 690508K->419048K(952448K), 0.0046190 secs] [Times: user=0.02 sys=0.00, real=0.01 secs] 
2014-07-07T21:49:03.028+0000: 3245.048: [GC [PSYoungGen: 265389K->1121K(259200K)] 683729K->419541K(946176K), 0.0092590 secs] [Times: user=0.06 sys=0.00, real=0.01 secs] 
2014-07-07T21:49:03.946+0000: 3245.966: [GC [PSYoungGen: 259169K->552K(252224K)] 677589K->419264K(939200K), 0.0075080 secs] [Times: user=0.05 sys=0.00, real=0.01 secs] 
2014-07-07T21:49:04.849+0000: 3246.869: [GC [PSYoungGen: 252200K->1258K(246720K)] 670912K->420092K(933696K), 0.0045320 secs] [Times: user=0.03 sys=0.00, real=0.01 secs] 
2014-07-07T21:49:05.733+0000: 3247.753: [GC [PSYoungGen: 246655K->690K(240192K)] 665489K->419804K(927168K), 0.0076130 secs] [Times: user=0.05 sys=0.00, real=0.00 secs] 
2014-07-07T21:49:06.579+0000: 3248.599: [GC [PSYoungGen: 240178K->416K(234176K)] 659292K->419586K(921152K), 0.0088570 secs] [Times: user=0.06 sys=0.00, real=0.01 secs] 
2014-07-07T21:49:07.425+0000: 3249.446: [GC [PSYoungGen: 234144K->562K(228800K)] 653314K->419804K(915776K), 0.0051190 secs] [Times: user=0.02 sys=0.01, real=0.00 secs] 
2014-07-07T21:49:08.241+0000: 3250.261: [GC [PSYoungGen: 228786K->818K(223744K)] 648028K->420108K(910720K), 0.0073080 secs] [Times: user=0.05 sys=0.00, real=0.01 secs] 
2014-07-07T21:49:09.048+0000: 3251.068: [GC [PSYoungGen: 223730K->996K(218816K)] 643020K->420342K(905792K), 0.0063640 secs] [Times: user=0.02 sys=0.00, real=0.01 secs] 
2014-07-07T21:49:09.827+0000: 3251.847: [GC [PSYoungGen: 218788K->1196K(214080K)] 638134K->420638K(901056K), 0.0073320 secs] [Times: user=0.04 sys=0.00, real=0.01 secs] 
2014-07-07T21:49:10.597+0000: 3252.617: [GC [PSYoungGen: 214060K->484K(208576K)] 633502K->420168K(895552K), 0.0070310 secs] [Times: user=0.04 sys=0.00, real=0.01 secs] 
2014-07-07T21:49:11.348+0000: 3253.368: [GC [PSYoungGen: 208546K->1274K(204736K)] 628230K->421022K(891712K), 0.0060850 secs] [Times: user=0.04 sys=0.00, real=0.01 secs] 
2014-07-07T21:49:12.070+0000: 3254.090: [GC [PSYoungGen: 204718K->872K(199872K)] 624466K->420826K(886848K), 0.0063000 secs] [Times: user=0.01 sys=0.01, real=0.01 secs] 
2014-07-07T21:49:12.785+0000: 3254.805: [GC [PSYoungGen: 199822K->726K(239552K)] 619777K->420752K(926528K), 0.0118140 secs] [Times: user=0.08 sys=0.00, real=0.01 secs] 
2014-07-07T21:49:13.624+0000: 3255.644: [GC [PSYoungGen: 239507K->1058K(234176K)] 659533K->421164K(921152K), 0.0060130 secs] [Times: user=0.04 sys=0.00, real=0.01 secs] 
2014-07-07T21:49:14.468+0000: 3256.488: [GC [PSYoungGen: 234146K->822K(228416K)] 654252K->421008K(915392K), 0.0096890 secs] [Times: user=0.06 sys=0.00, real=0.01 secs] 
2014-07-07T21:49:15.273+0000: 3257.293: [GC [PSYoungGen: 228403K->918K(223232K)] 648589K->421160K(910208K), 0.0077460 secs] [Times: user=0.05 sys=0.00, real=0.01 secs] 
2014-07-07T21:49:16.057+0000: 3258.077: [GC [PSYoungGen: 223190K->630K(267392K)] 643432K->420920K(954368K), 0.0103650 secs] [Times: user=0.06 sys=0.00, real=0.01 secs] 
2014-07-07T21:49:17.010+0000: 3259.030: [GC [PSYoungGen: 267382K->658K(320832K)] 687672K->421020K(1007808K), 0.0099010 secs] [Times: user=0.06 sys=0.00, real=0.01 secs] 
2014-07-07T21:49:18.142+0000: 3260.162: [GC [PSYoungGen: 320786K->1327K(385536K)] 741148K->421753K(1072512K), 0.0159460 secs] [Times: user=0.10 sys=0.01, real=0.02 secs] 
2014-07-07T21:49:19.522+0000: 3261.543: [GC [PSYoungGen: 385519K->544K(373312K)] 805945K->421034K(1060288K), 0.0045860 secs] [Times: user=0.03 sys=0.01, real=0.01 secs] 
2014-07-07T21:49:20.854+0000: 3262.874: [GC [PSYoungGen: 373280K->758K(362496K)] 793770K->421328K(1049472K), 0.0069870 secs] [Times: user=0.04 sys=0.00, real=0.01 secs] 
2014-07-07T21:49:22.151+0000: 3264.171: [GC [PSYoungGen: 362486K->786K(352000K)] 783056K->421468K(1038976K), 0.0069190 secs] [Times: user=0.04 sys=0.00, real=0.01 secs] 
2014-07-07T21:49:23.416+0000: 3265.436: [GC [PSYoungGen: 351902K->843K(341952K)] 772584K->421621K(1028928K), 0.0066690 secs] [Times: user=0.04 sys=0.00, real=0.00 secs] 
2014-07-07T21:49:24.648+0000: 3266.668: [GC [PSYoungGen: 341899K->484K(331904K)] 762677K->421302K(1018880K), 0.0084620 secs] [Times: user=0.05 sys=0.00, real=0.01 secs] 
2014-07-07T21:49:25.836+0000: 3267.856: [GC [PSYoungGen: 331876K->690K(322816K)] 752694K->421612K(1009792K), 0.0035420 secs] [Times: user=0.02 sys=0.00, real=0.00 secs] 
2014-07-07T21:49:26.999+0000: 3269.019: [GC [PSYoungGen: 322802K->886K(314112K)] 743724K->421848K(1001088K), 0.0115730 secs] [Times: user=0.06 sys=0.00, real=0.01 secs] 
2014-07-07T21:49:28.106+0000: 3270.126: [GC [PSYoungGen: 314102K->968K(305664K)] 735064K->421970K(992640K), 0.0071850 secs] [Times: user=0.04 sys=0.00, real=0.00 secs] 
2014-07-07T21:49:29.214+0000: 3271.234: [GC [PSYoungGen: 305608K->824K(297280K)] 726610K->421890K(984256K), 0.0044400 secs] [Times: user=0.02 sys=0.00, real=0.01 secs] 
2014-07-07T21:49:30.269+0000: 3272.289: [GC [PSYoungGen: 297272K->1118K(289728K)] 718338K->422224K(976704K), 0.0043240 secs] [Times: user=0.02 sys=0.00, real=0.00 secs] 
2014-07-07T21:49:31.292+0000: 3273.312: [GC [PSYoungGen: 289694K->758K(281728K)] 710800K->422002K(968704K), 0.0143290 secs] [Times: user=0.08 sys=0.00, real=0.02 secs] 
2014-07-07T21:49:32.307+0000: 3274.327: [GC [PSYoungGen: 281701K->912K(274624K)] 702945K->422220K(961600K), 0.0060220 secs] [Times: user=0.03 sys=0.00, real=0.00 secs] 
2014-07-07T21:49:33.270+0000: 3275.290: [GC [PSYoungGen: 274546K->844K(267520K)] 695854K->422316K(954496K), 0.0089520 secs] [Times: user=0.05 sys=0.00, real=0.01 secs] 
2014-07-07T21:49:34.215+0000: 3276.235: [GC [PSYoungGen: 267468K->1148K(261056K)] 688940K->422669K(948032K), 0.0125050 secs] [Times: user=0.07 sys=0.00, real=0.02 secs] 
2014-07-07T21:49:35.156+0000: 3277.176: [GC [PSYoungGen: 261052K->573K(254016K)] 682573K->422434K(940992K), 0.0108190 secs] [Times: user=0.07 sys=0.00, real=0.02 secs] 
2014-07-07T21:49:36.067+0000: 3278.087: [GC [PSYoungGen: 254002K->908K(248128K)] 675864K->422825K(935104K), 0.0067780 secs] [Times: user=0.04 sys=0.00, real=0.01 secs] 
2014-07-07T21:49:36.971+0000: 3278.991: [GC [PSYoungGen: 248041K->498K(297152K)] 669958K->422503K(984128K), 0.0155870 secs] [Times: user=0.09 sys=0.00, real=0.01 secs] 
2014-07-07T21:49:38.031+0000: 3280.051: [GC [PSYoungGen: 297123K->1124K(357120K)] 719128K->423170K(1044096K), 0.0103740 secs] [Times: user=0.06 sys=0.00, real=0.01 secs] 
2014-07-07T21:49:39.288+0000: 3281.308: [GC [PSYoungGen: 357078K->974K(346688K)] 779123K->423067K(1033664K), 0.0064300 secs] [Times: user=0.03 sys=0.00, real=0.01 secs] 
2014-07-07T21:49:40.508+0000: 3282.528: [GC [PSYoungGen: 346617K->534K(336384K)] 768711K->422675K(1023360K), 0.0094910 secs] [Times: user=0.07 sys=0.00, real=0.01 secs] 
2014-07-07T21:49:41.707+0000: 3283.727: [GC [PSYoungGen: 336342K->776K(327168K)] 758483K->422981K(1014144K), 0.0042930 secs] [Times: user=0.02 sys=0.00, real=0.01 secs] 
2014-07-07T21:49:42.878+0000: 3284.898: [GC [PSYoungGen: 327106K->594K(317888K)] 749312K->422887K(1004864K), 0.0088670 secs] [Times: user=0.06 sys=0.01, real=0.00 secs] 
2014-07-07T21:49:44.017+0000: 3286.038: [GC [PSYoungGen: 317841K->1120K(309696K)] 740134K->423477K(996672K), 0.0132950 secs] [Times: user=0.05 sys=0.00, real=0.02 secs] 
2014-07-07T21:49:45.125+0000: 3287.145: [GC [PSYoungGen: 309664K->1040K(301248K)] 732021K->423477K(988224K), 0.0111500 secs] [Times: user=0.07 sys=0.00, real=0.01 secs] 
2014-07-07T21:49:46.197+0000: 3288.218: [GC [PSYoungGen: 301200K->612K(292736K)] 723637K->423381K(979712K), 0.0067250 secs] [Times: user=0.05 sys=0.00, real=0.01 secs] 
2014-07-07T21:49:47.231+0000: 3289.251: [GC [PSYoungGen: 292708K->940K(285312K)] 715477K->423765K(972288K), 0.0091630 secs] [Times: user=0.06 sys=0.00, real=0.01 secs] 
2014-07-07T21:49:48.263+0000: 3290.283: [GC [PSYoungGen: 285292K->950K(277888K)] 708117K->424079K(964864K), 0.0038570 secs] [Times: user=0.02 sys=0.00, real=0.00 secs] 
2014-07-07T21:49:49.233+0000: 3291.253: [GC [PSYoungGen: 277878K->1152K(270976K)] 701007K->424321K(957952K), 0.0138660 secs] [Times: user=0.08 sys=0.00, real=0.01 secs] 
2014-07-07T21:49:50.196+0000: 3292.216: [GC [PSYoungGen: 270889K->544K(263488K)] 694058K->424162K(950464K), 0.0081820 secs] [Times: user=0.03 sys=0.01, real=0.01 secs] 
2014-07-07T21:49:51.131+0000: 3293.151: [GC [PSYoungGen: 263456K->908K(257280K)] 687074K->424656K(944256K), 0.0106620 secs] [Times: user=0.08 sys=0.00, real=0.01 secs] 
2014-07-07T21:49:52.049+0000: 3294.069: [GC [PSYoungGen: 257228K->978K(308608K)] 680976K->424922K(995584K), 0.0117190 secs] [Times: user=0.08 sys=0.00, real=0.01 secs] 
2014-07-07T21:49:53.159+0000: 3295.179: [GC [PSYoungGen: 308562K->1192K(300480K)] 732506K->425208K(987456K), 0.0064420 secs] [Times: user=0.04 sys=0.01, real=0.01 secs] 
2014-07-07T21:49:54.227+0000: 3296.247: [GC [PSYoungGen: 300456K->498K(291776K)] 724472K->424753K(978752K), 0.0051770 secs] [Times: user=0.03 sys=0.00, real=0.01 secs] 
2014-07-07T21:49:55.256+0000: 3297.276: [GC [PSYoungGen: 291762K->1150K(284736K)] 716017K->425470K(971712K), 0.0117970 secs] [Times: user=0.08 sys=0.00, real=0.01 secs] 
2014-07-07T21:49:56.301+0000: 3298.321: [GC [PSYoungGen: 284734K->726K(276928K)] 709054K->425218K(963904K), 0.0107630 secs] [Times: user=0.08 sys=0.00, real=0.01 secs] 
2014-07-07T21:49:57.306+0000: 3299.326: [GC [PSYoungGen: 276869K->922K(270016K)] 701361K->425454K(956992K), 0.0065220 secs] [Times: user=0.02 sys=0.00, real=0.01 secs] 
2014-07-07T21:49:58.282+0000: 3300.303: [GC [PSYoungGen: 269978K->608K(262848K)] 694510K->425203K(949824K), 0.0126840 secs] [Times: user=0.09 sys=0.00, real=0.01 secs] 
2014-07-07T21:49:59.222+0000: 3301.242: [GC [PSYoungGen: 262816K->780K(256448K)] 687411K->425448K(943424K), 0.0075710 secs] [Times: user=0.05 sys=0.00, real=0.00 secs] 
2014-07-07T21:50:00.139+0000: 3302.159: [GC [PSYoungGen: 256396K->867K(250176K)] 681064K->425615K(937152K), 0.0092660 secs] [Times: user=0.06 sys=0.00, real=0.01 secs] 
2014-07-07T21:50:01.018+0000: 3303.038: [GC [PSYoungGen: 250147K->1220K(244480K)] 674895K->426064K(931456K), 0.0053270 secs] [Times: user=0.04 sys=0.00, real=0.01 secs] 
2014-07-07T21:50:01.882+0000: 3303.902: [GC [PSYoungGen: 244420K->547K(237888K)] 669264K->425846K(924864K), 0.0083360 secs] [Times: user=0.04 sys=0.00, real=0.00 secs] 
2014-07-07T21:50:02.717+0000: 3304.738: [GC [PSYoungGen: 237842K->1402K(233088K)] 663141K->426832K(920064K), 0.0056180 secs] [Times: user=0.03 sys=0.01, real=0.01 secs] 
2014-07-07T21:50:03.539+0000: 3305.559: [GC [PSYoungGen: 233082K->644K(226944K)] 658512K->426187K(913920K), 0.0054760 secs] [Times: user=0.02 sys=0.00, real=0.01 secs] 
2014-07-07T21:50:04.326+0000: 3306.346: [GC [PSYoungGen: 226884K->712K(221760K)] 652427K->426295K(908736K), 0.0044700 secs] [Times: user=0.02 sys=0.00, real=0.00 secs] 
2014-07-07T21:50:05.123+0000: 3307.143: [GC [PSYoungGen: 221686K->772K(216768K)] 647269K->426443K(903744K), 0.0090510 secs] [Times: user=0.06 sys=0.00, real=0.01 secs] 
2014-07-07T21:50:05.898+0000: 3307.918: [GC [PSYoungGen: 216705K->712K(211840K)] 642377K->426439K(898816K), 0.0083620 secs] [Times: user=0.06 sys=0.00, real=0.01 secs] 
2014-07-07T21:50:06.663+0000: 3308.683: [GC [PSYoungGen: 211784K->780K(207168K)] 637511K->426579K(894144K), 0.0073420 secs] [Times: user=0.05 sys=0.00, real=0.00 secs] 
2014-07-07T21:50:07.390+0000: 3309.410: [GC [PSYoungGen: 207116K->854K(248512K)] 632915K->426717K(935488K), 0.0146640 secs] [Times: user=0.07 sys=0.00, real=0.02 secs] 
2014-07-07T21:50:08.278+0000: 3310.298: [GC [PSYoungGen: 248470K->566K(242176K)] 674333K->426469K(929152K), 0.0046890 secs] [Times: user=0.02 sys=0.00, real=0.01 secs] 
2014-07-07T21:50:09.146+0000: 3311.167: [GC [PSYoungGen: 242166K->716K(290688K)] 668069K->426667K(977664K), 0.0144710 secs] [Times: user=0.08 sys=0.00, real=0.01 secs] 
2014-07-07T21:50:10.194+0000: 3312.214: [GC [PSYoungGen: 290605K->850K(348800K)] 716556K->426889K(1035776K), 0.0086120 secs] [Times: user=0.06 sys=0.00, real=0.01 secs] 
2014-07-07T21:50:11.433+0000: 3313.453: [GC [PSYoungGen: 348754K->548K(338496K)] 774793K->426635K(1025472K), 0.0076160 secs] [Times: user=0.05 sys=0.00, real=0.00 secs] 
2014-07-07T21:50:12.638+0000: 3314.658: [GC [PSYoungGen: 338463K->612K(329024K)] 764551K->426747K(1016000K), 0.0101640 secs] [Times: user=0.06 sys=0.01, real=0.01 secs] 
2014-07-07T21:50:13.812+0000: 3315.833: [GC [PSYoungGen: 328996K->940K(320192K)] 755131K->427147K(1007168K), 0.0045110 secs] [Times: user=0.02 sys=0.00, real=0.01 secs] 
2014-07-07T21:50:14.959+0000: 3316.979: [GC [PSYoungGen: 320154K->972K(311488K)] 746361K->427283K(998464K), 0.0073010 secs] [Times: user=0.04 sys=0.00, real=0.01 secs] 
2014-07-07T21:50:16.067+0000: 3318.087: [GC [PSYoungGen: 311422K->928K(302976K)] 737733K->427303K(989952K), 0.0077160 secs] [Times: user=0.04 sys=0.00, real=0.01 secs] 
2014-07-07T21:50:17.157+0000: 3319.177: [GC [PSYoungGen: 302944K->750K(294656K)] 729319K->427221K(981632K), 0.0052980 secs] [Times: user=0.03 sys=0.00, real=0.00 secs] 
2014-07-07T21:50:18.207+0000: 3320.227: [GC [PSYoungGen: 294638K->530K(286656K)] 721109K->427049K(973632K), 0.0188130 secs] [Times: user=0.10 sys=0.00, real=0.02 secs] 
2014-07-07T21:50:19.225+0000: 3321.245: [GC [PSYoungGen: 286610K->808K(279424K)] 713129K->427399K(966400K), 0.0091000 secs] [Times: user=0.06 sys=0.00, real=0.01 secs] 
2014-07-07T21:50:20.224+0000: 3322.244: [GC [PSYoungGen: 279400K->694K(272064K)] 705991K->427341K(959040K), 0.0049930 secs] [Times: user=0.02 sys=0.00, real=0.00 secs] 
2014-07-07T21:50:21.217+0000: 3323.237: [GC [PSYoungGen: 272054K->712K(265216K)] 698701K->427407K(952192K), 0.0086460 secs] [Times: user=0.05 sys=0.00, real=0.01 secs] 
2014-07-07T21:50:22.156+0000: 3324.176: [GC [PSYoungGen: 265134K->640K(258432K)] 691830K->427391K(945408K), 0.0049770 secs] [Times: user=0.02 sys=0.00, real=0.00 secs] 
2014-07-07T21:50:23.092+0000: 3325.112: [GC [PSYoungGen: 258432K->640K(252032K)] 685183K->427455K(939008K), 0.0102120 secs] [Times: user=0.06 sys=0.01, real=0.01 secs] 
2014-07-07T21:50:24.004+0000: 3326.024: [GC [PSYoungGen: 252032K->936K(246208K)] 678847K->427823K(933184K), 0.0058940 secs] [Times: user=0.03 sys=0.00, real=0.01 secs] 
2014-07-07T21:50:24.885+0000: 3326.905: [GC [PSYoungGen: 246184K->762K(240064K)] 673071K->427879K(927040K), 0.0050880 secs] [Times: user=0.02 sys=0.00, real=0.00 secs] 
2014-07-07T21:50:25.745+0000: 3327.765: [GC [PSYoungGen: 240058K->466K(234048K)] 667175K->427639K(921024K), 0.0088520 secs] [Times: user=0.06 sys=0.01, real=0.00 secs] 
2014-07-07T21:50:26.584+0000: 3328.604: [GC [PSYoungGen: 233977K->1018K(229056K)] 661151K->428239K(916032K), 0.0053640 secs] [Times: user=0.03 sys=0.00, real=0.01 secs] 
2014-07-07T21:50:27.401+0000: 3329.421: [GC [PSYoungGen: 229050K->1156K(223936K)] 656271K->428433K(910912K), 0.0131990 secs] [Times: user=0.08 sys=0.01, real=0.01 secs] 
2014-07-07T21:50:28.196+0000: 3330.216: [GC [PSYoungGen: 223875K->377K(217984K)] 651152K->428175K(904960K), 0.0039160 secs] [Times: user=0.02 sys=0.00, real=0.00 secs] 
2014-07-07T21:50:28.984+0000: 3331.005: [GC [PSYoungGen: 217977K->694K(261824K)] 645775K->428524K(948800K), 0.0148570 secs] [Times: user=0.10 sys=0.00, real=0.02 secs] 
2014-07-07T21:50:29.924+0000: 3331.944: [GC [PSYoungGen: 261814K->1046K(314432K)] 689644K->428965K(1001408K), 0.0158450 secs] [Times: user=0.10 sys=0.00, real=0.02 secs] 
2014-07-07T21:50:31.059+0000: 3333.079: [GC [PSYoungGen: 314390K->630K(376704K)] 742309K->428612K(1063680K), 0.0067560 secs] [Times: user=0.04 sys=0.00, real=0.01 secs] 
2014-07-07T21:50:32.393+0000: 3334.414: [GC [PSYoungGen: 376694K->576K(384000K)] 804676K->428598K(1070976K), 0.0142810 secs] [Times: user=0.09 sys=0.00, real=0.02 secs] 
2014-07-07T21:50:33.768+0000: 3335.788: [GC [PSYoungGen: 383381K->498K(371968K)] 811404K->428600K(1058944K), 0.0054690 secs] [Times: user=0.02 sys=0.00, real=0.00 secs] 
2014-07-07T21:50:35.100+0000: 3337.120: [GC [PSYoungGen: 371954K->722K(361280K)] 800056K->428904K(1048256K), 0.0048770 secs] [Times: user=0.03 sys=0.00, real=0.00 secs] 
2014-07-07T21:50:36.384+0000: 3338.404: [GC [PSYoungGen: 361234K->1140K(351168K)] 789416K->429402K(1038144K), 0.0077070 secs] [Times: user=0.04 sys=0.00, real=0.01 secs] 
2014-07-07T21:50:37.635+0000: 3339.655: [GC [PSYoungGen: 351156K->530K(340544K)] 779418K->428848K(1027520K), 0.0062300 secs] [Times: user=0.03 sys=0.00, real=0.01 secs] 
2014-07-07T21:50:38.866+0000: 3340.887: [GC [PSYoungGen: 340498K->862K(331200K)] 768816K->429244K(1018176K), 0.0058760 secs] [Times: user=0.04 sys=0.00, real=0.01 secs] 
2014-07-07T21:50:40.045+0000: 3342.065: [GC [PSYoungGen: 331134K->1042K(322176K)] 759516K->429457K(1009152K), 0.0181770 secs] [Times: user=0.11 sys=0.00, real=0.02 secs] 
2014-07-07T21:50:41.188+0000: 3343.208: [GC [PSYoungGen: 322130K->594K(312832K)] 750545K->429064K(999808K), 0.0054520 secs] [Times: user=0.02 sys=0.00, real=0.00 secs] 
2014-07-07T21:50:42.297+0000: 3344.317: [GC [PSYoungGen: 312786K->712K(304448K)] 741256K->429238K(991424K), 0.0094330 secs] [Times: user=0.07 sys=0.00, real=0.00 secs] 
2014-07-07T21:50:43.403+0000: 3345.423: [GC [PSYoungGen: 304392K->1092K(296640K)] 732918K->429698K(983616K), 0.0085350 secs] [Times: user=0.05 sys=0.00, real=0.01 secs] 
2014-07-07T21:50:44.460+0000: 3346.481: [GC [PSYoungGen: 296580K->744K(288384K)] 725186K->429398K(975360K), 0.0069900 secs] [Times: user=0.05 sys=0.00, real=0.01 secs] 
2014-07-07T21:50:45.485+0000: 3347.505: [GC [PSYoungGen: 288360K->530K(280640K)] 717014K->429256K(967616K), 0.0091740 secs] [Times: user=0.05 sys=0.00, real=0.01 secs] 
2014-07-07T21:50:46.460+0000: 3348.480: [GC [PSYoungGen: 280593K->866K(337024K)] 709319K->429624K(1024000K), 0.0260380 secs] [Times: user=0.17 sys=0.00, real=0.02 secs] 
2014-07-07T21:50:47.661+0000: 3349.681: [GC [PSYoungGen: 336994K->1174K(377856K)] 765752K->429989K(1064832K), 0.0044910 secs] [Times: user=0.03 sys=0.00, real=0.00 secs] 
2014-07-07T21:50:49.007+0000: 3351.028: [GC [PSYoungGen: 377673K->562K(365952K)] 806488K->429456K(1052928K), 0.0054930 secs] [Times: user=0.04 sys=0.00, real=0.01 secs] 
2014-07-07T21:50:50.309+0000: 3352.329: [GC [PSYoungGen: 365938K->1220K(355968K)] 794832K->430179K(1042944K), 0.0095130 secs] [Times: user=0.06 sys=0.00, real=0.01 secs] 
2014-07-07T21:50:51.593+0000: 3353.613: [GC [PSYoungGen: 355908K->754K(345216K)] 784867K->429792K(1032192K), 0.0069100 secs] [Times: user=0.04 sys=0.00, real=0.01 secs] 
2014-07-07T21:50:52.798+0000: 3354.818: [GC [PSYoungGen: 345202K->530K(335232K)] 774240K->429600K(1022208K), 0.0156920 secs] [Times: user=0.09 sys=0.00, real=0.02 secs] 
2014-07-07T21:50:54.006+0000: 3356.026: [GC [PSYoungGen: 335186K->704K(325952K)] 764256K->429846K(1012928K), 0.0128670 secs] [Times: user=0.08 sys=0.00, real=0.01 secs] 
2014-07-07T21:50:55.173+0000: 3357.193: [GC [PSYoungGen: 325952K->892K(317120K)] 755094K->430114K(1004096K), 0.0071910 secs] [Times: user=0.03 sys=0.00, real=0.01 secs] 
2014-07-07T21:50:56.311+0000: 3358.331: [GC [PSYoungGen: 317116K->1044K(308608K)] 746338K->430338K(995584K), 0.0079450 secs] [Times: user=0.05 sys=0.00, real=0.00 secs] 
2014-07-07T21:50:57.419+0000: 3359.439: [GC [PSYoungGen: 308529K->866K(300096K)] 737824K->430200K(987072K), 0.0139450 secs] [Times: user=0.09 sys=0.00, real=0.02 secs] 
2014-07-07T21:50:58.483+0000: 3360.503: [GC [PSYoungGen: 300066K->666K(291904K)] 729400K->430024K(978880K), 0.0057870 secs] [Times: user=0.02 sys=0.00, real=0.00 secs] 
2014-07-07T21:50:59.545+0000: 3361.565: [GC [PSYoungGen: 291866K->466K(284032K)] 721224K->429856K(971008K), 0.0052200 secs] [Times: user=0.02 sys=0.00, real=0.01 secs] 
2014-07-07T21:51:00.548+0000: 3362.568: [GC [PSYoungGen: 283986K->1132K(277248K)] 713376K->430627K(964224K), 0.0054570 secs] [Times: user=0.03 sys=0.00, real=0.01 secs] 
2014-07-07T21:51:01.547+0000: 3363.567: [GC [PSYoungGen: 277207K->968K(270016K)] 706702K->430511K(956992K), 0.0095960 secs] [Times: user=0.06 sys=0.00, real=0.01 secs] 
2014-07-07T21:51:02.528+0000: 3364.548: [GC [PSYoungGen: 269960K->694K(262848K)] 699503K->430448K(949824K), 0.0061890 secs] [Times: user=0.04 sys=0.00, real=0.01 secs] 
2014-07-07T21:51:03.456+0000: 3365.476: [GC [PSYoungGen: 262838K->1182K(256768K)] 692592K->431009K(943744K), 0.0164510 secs] [Times: user=0.10 sys=0.01, real=0.02 secs] 
2014-07-07T21:51:04.373+0000: 3366.394: [GC [PSYoungGen: 256734K->434K(307136K)] 686561K->430308K(994112K), 0.0141590 secs] [Times: user=0.05 sys=0.01, real=0.01 secs] 
2014-07-07T21:51:05.461+0000: 3367.481: [GC [PSYoungGen: 307122K->594K(299008K)] 736996K->430532K(985984K), 0.0060190 secs] [Times: user=0.04 sys=0.00, real=0.00 secs] 
2014-07-07T21:51:06.514+0000: 3368.534: [GC [PSYoungGen: 298962K->844K(291264K)] 728900K->430838K(978240K), 0.0099650 secs] [Times: user=0.07 sys=0.00, real=0.01 secs] 
2014-07-07T21:51:07.555+0000: 3369.575: [GC [PSYoungGen: 291212K->794K(283520K)] 721206K->430868K(970496K), 0.0077690 secs] [Times: user=0.06 sys=0.00, real=0.01 secs] 
2014-07-07T21:51:08.582+0000: 3370.602: [GC [PSYoungGen: 283482K->512K(275840K)] 713556K->430642K(962816K), 0.0086460 secs] [Times: user=0.05 sys=0.00, real=0.00 secs] 
2014-07-07T21:51:09.550+0000: 3371.570: [GC [PSYoungGen: 275840K->1058K(269312K)] 705970K->431252K(956288K), 0.0092680 secs] [Times: user=0.05 sys=0.00, real=0.01 secs] 
2014-07-07T21:51:10.526+0000: 3372.546: [GC [PSYoungGen: 269249K->580K(262080K)] 699444K->430806K(949056K), 0.0063900 secs] [Times: user=0.03 sys=0.00, real=0.01 secs] 
2014-07-07T21:51:11.454+0000: 3373.474: [GC [PSYoungGen: 261999K->990K(314752K)] 692226K->431296K(1001728K), 0.0143560 secs] [Times: user=0.07 sys=0.01, real=0.01 secs] 
2014-07-07T21:51:12.567+0000: 3374.587: [GC [PSYoungGen: 314718K->1114K(306304K)] 745024K->431500K(993280K), 0.0071500 secs] [Times: user=0.04 sys=0.01, real=0.01 secs] 
2014-07-07T21:51:13.656+0000: 3375.676: [GC [PSYoungGen: 306220K->612K(297536K)] 736606K->431070K(984512K), 0.0038240 secs] [Times: user=0.02 sys=0.00, real=0.00 secs] 
2014-07-07T21:51:14.707+0000: 3376.727: [GC [PSYoungGen: 297507K->690K(289664K)] 727966K->431244K(976640K), 0.0074700 secs] [Times: user=0.05 sys=0.00, real=0.01 secs] 
2014-07-07T21:51:15.741+0000: 3377.761: [GC [PSYoungGen: 289650K->662K(282048K)] 720204K->431280K(969024K), 0.0043540 secs] [Times: user=0.02 sys=0.00, real=0.01 secs] 
2014-07-07T21:51:16.750+0000: 3378.770: [GC [PSYoungGen: 282006K->683K(274752K)] 712624K->431357K(961728K), 0.0076370 secs] [Times: user=0.05 sys=0.01, real=0.01 secs] 
2014-07-07T21:51:17.730+0000: 3379.750: [GC [PSYoungGen: 274731K->730K(267776K)] 705405K->431476K(954752K), 0.0138540 secs] [Times: user=0.10 sys=0.00, real=0.02 secs] 
2014-07-07T21:51:18.685+0000: 3380.705: [GC [PSYoungGen: 267738K->826K(261056K)] 698484K->431668K(948032K), 0.0122670 secs] [Times: user=0.07 sys=0.00, real=0.01 secs] 
2014-07-07T21:51:19.607+0000: 3381.627: [GC [PSYoungGen: 261050K->944K(254656K)] 691892K->431866K(941632K), 0.0086030 secs] [Times: user=0.06 sys=0.00, real=0.01 secs] 
2014-07-07T21:51:20.527+0000: 3382.547: [GC [PSYoungGen: 254640K->726K(248192K)] 685562K->431704K(935168K), 0.0078820 secs] [Times: user=0.05 sys=0.00, real=0.01 secs] 
2014-07-07T21:51:21.409+0000: 3383.429: [GC [PSYoungGen: 248150K->762K(242176K)] 679128K->431812K(929152K), 0.0065250 secs] [Times: user=0.04 sys=0.00, real=0.01 secs] 
2014-07-07T21:51:22.271+0000: 3384.291: [GC [PSYoungGen: 242170K->930K(290688K)] 673220K->432012K(977664K), 0.0145260 secs] [Times: user=0.07 sys=0.00, real=0.02 secs] 
2014-07-07T21:51:23.294+0000: 3385.315: [GC [PSYoungGen: 290658K->698K(282816K)] 721740K->431828K(969792K), 0.0082060 secs] [Times: user=0.06 sys=0.00, real=0.00 secs] 
2014-07-07T21:51:24.287+0000: 3386.307: [GC [PSYoungGen: 282750K->801K(339392K)] 713881K->431987K(1026368K), 0.0141850 secs] [Times: user=0.09 sys=0.00, real=0.01 secs] 
2014-07-07T21:51:25.522+0000: 3387.542: [GC [PSYoungGen: 339358K->1142K(330112K)] 770545K->432689K(1017088K), 0.0043020 secs] [Times: user=0.03 sys=0.00, real=0.01 secs] 
2014-07-07T21:51:26.679+0000: 3388.699: [GC [PSYoungGen: 330068K->374K(320128K)] 761614K->432675K(1007104K), 0.0145990 secs] [Times: user=0.10 sys=0.00, real=0.01 secs] 
2014-07-07T21:51:27.834+0000: 3389.854: [GC [PSYoungGen: 320118K->826K(311744K)] 752419K->433191K(998720K), 0.0082430 secs] [Times: user=0.06 sys=0.00, real=0.00 secs] 
2014-07-07T21:51:28.937+0000: 3390.958: [GC [PSYoungGen: 311738K->1160K(303680K)] 744103K->433714K(990656K), 0.0053330 secs] [Times: user=0.02 sys=0.00, real=0.00 secs] 
2014-07-07T21:51:30.042+0000: 3392.062: [GC [PSYoungGen: 303624K->726K(295104K)] 736178K->433343K(982080K), 0.0123810 secs] [Times: user=0.07 sys=0.01, real=0.02 secs] 
2014-07-07T21:51:31.088+0000: 3393.109: [GC [PSYoungGen: 295062K->1000K(287552K)] 727679K->433732K(974528K), 0.0044900 secs] [Times: user=0.03 sys=0.00, real=0.00 secs] 
2014-07-07T21:51:32.120+0000: 3394.140: [GC [PSYoungGen: 287502K->818K(279872K)] 720233K->433606K(966848K), 0.0121950 secs] [Times: user=0.08 sys=0.00, real=0.01 secs] 
2014-07-07T21:51:33.102+0000: 3395.122: [GC [PSYoungGen: 279858K->1010K(335872K)] 712646K->433854K(1022848K), 0.0154580 secs] [Times: user=0.09 sys=0.00, real=0.02 secs] 
2014-07-07T21:51:34.302+0000: 3396.322: [GC [PSYoungGen: 335857K->530K(326016K)] 768700K->433413K(1012992K), 0.0100220 secs] [Times: user=0.06 sys=0.00, real=0.01 secs] 
2014-07-07T21:51:35.453+0000: 3397.473: [GC [PSYoungGen: 325968K->972K(317440K)] 758852K->433919K(1004416K), 0.0057940 secs] [Times: user=0.02 sys=0.00, real=0.01 secs] 
2014-07-07T21:51:36.586+0000: 3398.606: [GC [PSYoungGen: 317349K->1026K(308800K)] 750297K->434029K(995776K), 0.0097690 secs] [Times: user=0.06 sys=0.01, real=0.01 secs] 
2014-07-07T21:51:37.697+0000: 3399.717: [GC [PSYoungGen: 308722K->760K(300160K)] 741726K->434008K(987136K), 0.0095110 secs] [Times: user=0.05 sys=0.00, real=0.01 secs] 
2014-07-07T21:51:38.780+0000: 3400.800: [GC [PSYoungGen: 300152K->636K(292032K)] 733400K->433932K(979008K), 0.0079280 secs] [Times: user=0.05 sys=0.00, real=0.01 secs] 
2014-07-07T21:51:39.826+0000: 3401.846: [GC [PSYoungGen: 292028K->958K(284672K)] 725324K->434349K(971648K), 0.0105130 secs] [Times: user=0.07 sys=0.00, real=0.02 secs] 
2014-07-07T21:51:40.842+0000: 3402.863: [GC [PSYoungGen: 284670K->783K(277120K)] 718061K->434223K(964096K), 0.0089930 secs] [Times: user=0.06 sys=0.00, real=0.01 secs] 
2014-07-07T21:51:41.832+0000: 3403.852: [GC [PSYoungGen: 277071K->826K(270016K)] 710511K->434361K(956992K), 0.0072220 secs] [Times: user=0.05 sys=0.01, real=0.01 secs] 
2014-07-07T21:51:42.786+0000: 3404.806: [GC [PSYoungGen: 269986K->548K(262912K)] 703522K->434139K(949888K), 0.0076960 secs] [Times: user=0.05 sys=0.00, real=0.00 secs] 
2014-07-07T21:51:43.716+0000: 3405.736: [GC [PSYoungGen: 262882K->898K(256704K)] 696474K->434538K(943680K), 0.0069620 secs] [Times: user=0.03 sys=0.00, real=0.01 secs] 
2014-07-07T21:51:44.620+0000: 3406.640: [GC [PSYoungGen: 256633K->1029K(250496K)] 690273K->434741K(937472K), 0.0102530 secs] [Times: user=0.06 sys=0.00, real=0.01 secs] 
2014-07-07T21:51:45.509+0000: 3407.529: [GC [PSYoungGen: 250423K->558K(243904K)] 684134K->434596K(930880K), 0.0064340 secs] [Times: user=0.05 sys=0.00, real=0.00 secs] 
2014-07-07T21:51:46.377+0000: 3408.397: [GC [PSYoungGen: 243886K->762K(238208K)] 677924K->434840K(925184K), 0.0065350 secs] [Times: user=0.02 sys=0.00, real=0.00 secs] 
2014-07-07T21:51:47.195+0000: 3409.215: [GC [PSYoungGen: 238200K->882K(232704K)] 672278K->435048K(919680K), 0.0061600 secs] [Times: user=0.04 sys=0.00, real=0.01 secs] 
2014-07-07T21:51:48.022+0000: 3410.042: [GC [PSYoungGen: 232690K->466K(226880K)] 666856K->434663K(913856K), 0.0136750 secs] [Times: user=0.08 sys=0.00, real=0.01 secs] 
2014-07-07T21:51:48.825+0000: 3410.845: [GC [PSYoungGen: 226790K->974K(272704K)] 660988K->435228K(959680K), 0.0154190 secs] [Times: user=0.10 sys=0.00, real=0.02 secs] 
2014-07-07T21:51:49.808+0000: 3411.828: [GC [PSYoungGen: 272654K->1174K(327232K)] 706908K->435492K(1014208K), 0.0093040 secs] [Times: user=0.06 sys=0.00, real=0.01 secs] 
2014-07-07T21:51:50.976+0000: 3412.996: [GC [PSYoungGen: 327190K->374K(373568K)] 761508K->435114K(1060544K), 0.0078280 secs] [Times: user=0.04 sys=0.01, real=0.01 secs] 
2014-07-07T21:51:52.315+0000: 3414.335: [GC [PSYoungGen: 373558K->976K(363200K)] 808298K->435772K(1050176K), 0.0068420 secs] [Times: user=0.05 sys=0.00, real=0.01 secs] 
2014-07-07T21:51:53.596+0000: 3415.616: [GC [PSYoungGen: 363152K->370K(352000K)] 797948K->435452K(1038976K), 0.0080040 secs] [Times: user=0.05 sys=0.00, real=0.01 secs] 
2014-07-07T21:51:54.841+0000: 3416.861: [GC [PSYoungGen: 351964K->872K(342400K)] 787046K->436010K(1029376K), 0.0038850 secs] [Times: user=0.02 sys=0.00, real=0.00 secs] 
2014-07-07T21:51:56.079+0000: 3418.099: [GC [PSYoungGen: 342376K->626K(332416K)] 777514K->435970K(1019392K), 0.0165810 secs] [Times: user=0.11 sys=0.00, real=0.01 secs] 
2014-07-07T21:51:57.278+0000: 3419.298: [GC [PSYoungGen: 332402K->676K(323200K)] 767746K->436108K(1010176K), 0.0091470 secs] [Times: user=0.06 sys=0.00, real=0.01 secs] 
2014-07-07T21:51:58.434+0000: 3420.454: [GC [PSYoungGen: 323135K->758K(314304K)] 758567K->436278K(1001280K), 0.0140720 secs] [Times: user=0.10 sys=0.00, real=0.01 secs] 
2014-07-07T21:51:59.546+0000: 3421.566: [GC [PSYoungGen: 314284K->993K(371328K)] 749804K->436561K(1058304K), 0.0154890 secs] [Times: user=0.10 sys=0.00, real=0.02 secs] 
2014-07-07T21:52:00.862+0000: 3422.882: [GC [PSYoungGen: 371105K->896K(360192K)] 806673K->436520K(1047168K), 0.0094220 secs] [Times: user=0.07 sys=0.00, real=0.01 secs] 
2014-07-07T21:52:02.146+0000: 3424.166: [GC [PSYoungGen: 360091K->972K(349824K)] 795716K->436652K(1036800K), 0.0100230 secs] [Times: user=0.06 sys=0.00, real=0.01 secs] 
2014-07-07T21:52:03.408+0000: 3425.428: [GC [PSYoungGen: 349772K->630K(339456K)] 785452K->436432K(1026432K), 0.0069870 secs] [Times: user=0.04 sys=0.00, real=0.01 secs] 
2014-07-07T21:52:04.627+0000: 3426.647: [GC [PSYoungGen: 339446K->630K(329856K)] 775248K->436488K(1016832K), 0.0083290 secs] [Times: user=0.06 sys=0.00, real=0.01 secs] 
2014-07-07T21:52:05.810+0000: 3427.830: [GC [PSYoungGen: 329846K->986K(321024K)] 765704K->436884K(1008000K), 0.0123030 secs] [Times: user=0.07 sys=0.00, real=0.02 secs] 
2014-07-07T21:52:06.968+0000: 3428.988: [GC [PSYoungGen: 320986K->740K(375552K)] 756884K->436710K(1062528K), 0.0179190 secs] [Times: user=0.10 sys=0.00, real=0.02 secs] 
2014-07-07T21:52:08.305+0000: 3430.326: [GC [PSYoungGen: 374981K->1021K(364224K)] 810951K->437047K(1051200K), 0.0120820 secs] [Times: user=0.08 sys=0.01, real=0.01 secs] 
2014-07-07T21:52:09.615+0000: 3431.635: [GC [PSYoungGen: 364221K->576K(353216K)] 800247K->436658K(1040192K), 0.0037080 secs] [Times: user=0.02 sys=0.00, real=0.00 secs] 
2014-07-07T21:52:10.881+0000: 3432.901: [GC [PSYoungGen: 353216K->954K(343424K)] 789298K->437084K(1030400K), 0.0037640 secs] [Times: user=0.02 sys=0.00, real=0.01 secs] 
2014-07-07T21:52:12.121+0000: 3434.141: [GC [PSYoungGen: 343418K->1010K(333760K)] 779548K->437196K(1020736K), 0.0045700 secs] [Times: user=0.02 sys=0.00, real=0.00 secs] 
2014-07-07T21:52:13.316+0000: 3435.336: [GC [PSYoungGen: 333746K->634K(324032K)] 769932K->437164K(1011008K), 0.0136210 secs] [Times: user=0.09 sys=0.00, real=0.01 secs] 
2014-07-07T21:52:14.463+0000: 3436.483: [GC [PSYoungGen: 324026K->798K(315264K)] 760556K->437392K(1002240K), 0.0068070 secs] [Times: user=0.04 sys=0.00, real=0.00 secs] 
2014-07-07T21:52:15.584+0000: 3437.604: [GC [PSYoungGen: 315224K->918K(306816K)] 751818K->437576K(993792K), 0.0070890 secs] [Times: user=0.04 sys=0.00, real=0.01 secs] 
2014-07-07T21:52:16.676+0000: 3438.696: [GC [PSYoungGen: 306774K->996K(298624K)] 743432K->437742K(985600K), 0.0082660 secs] [Times: user=0.05 sys=0.00, real=0.01 secs] 
2014-07-07T21:52:17.749+0000: 3439.769: [GC [PSYoungGen: 298596K->626K(290304K)] 735342K->437452K(977280K), 0.0117380 secs] [Times: user=0.08 sys=0.00, real=0.01 secs] 
2014-07-07T21:52:18.789+0000: 3440.809: [GC [PSYoungGen: 290290K->986K(283072K)] 727116K->437892K(970048K), 0.0127130 secs] [Times: user=0.09 sys=0.00, real=0.02 secs] 
2014-07-07T21:52:19.800+0000: 3441.820: [GC [PSYoungGen: 283034K->612K(275328K)] 719940K->437582K(962304K), 0.0073740 secs] [Times: user=0.05 sys=0.00, real=0.01 secs] 
2014-07-07T21:52:20.788+0000: 3442.808: [GC [PSYoungGen: 275287K->762K(268416K)] 712257K->437804K(955392K), 0.0045920 secs] [Times: user=0.02 sys=0.00, real=0.01 secs] 
2014-07-07T21:52:21.763+0000: 3443.783: [GC [PSYoungGen: 268410K->594K(261504K)] 705452K->437700K(948480K), 0.0090650 secs] [Times: user=0.06 sys=0.00, real=0.01 secs] 
2014-07-07T21:52:22.696+0000: 3444.716: [GC [PSYoungGen: 261445K->978K(255360K)] 698551K->438180K(942336K), 0.0071450 secs] [Times: user=0.05 sys=0.00, real=0.01 secs] 
2014-07-07T21:52:23.607+0000: 3445.627: [GC [PSYoungGen: 255298K->894K(306112K)] 692500K->438144K(993088K), 0.0159690 secs] [Times: user=0.09 sys=0.00, real=0.01 secs] 
2014-07-07T21:52:24.696+0000: 3446.716: [GC [PSYoungGen: 306107K->898K(367232K)] 743357K->438228K(1054208K), 0.0126200 secs] [Times: user=0.09 sys=0.00, real=0.01 secs] 
2014-07-07T21:52:26.011+0000: 3448.031: [GC [PSYoungGen: 367144K->758K(356352K)] 804475K->438300K(1043328K), 0.0111070 secs] [Times: user=0.07 sys=0.00, real=0.01 secs] 
2014-07-07T21:52:27.290+0000: 3449.310: [GC [PSYoungGen: 356314K->1203K(346496K)] 793856K->438857K(1033472K), 0.0045900 secs] [Times: user=0.03 sys=0.00, real=0.01 secs] 
2014-07-07T21:52:28.521+0000: 3450.541: [GC [PSYoungGen: 346483K->612K(336064K)] 784137K->438396K(1023040K), 0.0052470 secs] [Times: user=0.04 sys=0.00, real=0.01 secs] 
2014-07-07T21:52:29.722+0000: 3451.742: [GC [PSYoungGen: 336036K->790K(326784K)] 773820K->438662K(1013760K), 0.0052700 secs] [Times: user=0.04 sys=0.00, real=0.01 secs] 
2014-07-07T21:52:30.897+0000: 3452.917: [GC [PSYoungGen: 326724K->718K(317632K)] 764597K->438662K(1004608K), 0.0044870 secs] [Times: user=0.03 sys=0.00, real=0.00 secs] 
2014-07-07T21:52:32.028+0000: 3454.048: [GC [PSYoungGen: 317582K->882K(309056K)] 755526K->438906K(996032K), 0.0070210 secs] [Times: user=0.04 sys=0.00, real=0.01 secs] 
2014-07-07T21:52:33.124+0000: 3455.144: [GC [PSYoungGen: 309042K->952K(300736K)] 747066K->439289K(987712K), 0.0097610 secs] [Times: user=0.06 sys=0.00, real=0.01 secs] 
2014-07-07T21:52:34.187+0000: 3456.207: [GC [PSYoungGen: 300728K->762K(292544K)] 739065K->439154K(979520K), 0.0157630 secs] [Times: user=0.10 sys=0.00, real=0.01 secs] 
2014-07-07T21:52:35.227+0000: 3457.247: [GC [PSYoungGen: 292536K->740K(284800K)] 730928K->439254K(971776K), 0.0063790 secs] [Times: user=0.04 sys=0.00, real=0.00 secs] 
2014-07-07T21:52:36.270+0000: 3458.290: [GC [PSYoungGen: 284772K->562K(277184K)] 723286K->439124K(964160K), 0.0046920 secs] [Times: user=0.02 sys=0.00, real=0.01 secs] 
2014-07-07T21:52:37.268+0000: 3459.289: [GC [PSYoungGen: 277170K->690K(270208K)] 715732K->439308K(957184K), 0.0088010 secs] [Times: user=0.06 sys=0.00, real=0.01 secs] 
2014-07-07T21:52:38.233+0000: 3460.253: [GC [PSYoungGen: 270191K->1337K(264000K)] 708809K->440011K(950976K), 0.0064820 secs] [Times: user=0.04 sys=0.00, real=0.01 secs] 
2014-07-07T21:52:39.188+0000: 3461.208: [GC [PSYoungGen: 263993K->480K(256576K)] 702667K->439194K(943552K), 0.0158130 secs] [Times: user=0.10 sys=0.00, real=0.01 secs] 
2014-07-07T21:52:40.107+0000: 3462.127: [GC [PSYoungGen: 256544K->1150K(308480K)] 695258K->439929K(995456K), 0.0117550 secs] [Times: user=0.07 sys=0.00, real=0.01 secs] 
2014-07-07T21:52:41.214+0000: 3463.234: [GC [PSYoungGen: 308478K->1140K(300160K)] 747257K->439991K(987136K), 0.0080320 secs] [Times: user=0.03 sys=0.00, real=0.01 secs] 
2014-07-07T21:52:42.301+0000: 3464.321: [GC [PSYoungGen: 300148K->630K(291648K)] 738999K->439536K(978624K), 0.0093970 secs] [Times: user=0.06 sys=0.00, real=0.01 secs] 
2014-07-07T21:52:43.345+0000: 3465.365: [GC [PSYoungGen: 291638K->1257K(284608K)] 730544K->440251K(971584K), 0.0092000 secs] [Times: user=0.06 sys=0.00, real=0.01 secs] 
2014-07-07T21:52:44.361+0000: 3466.381: [GC [PSYoungGen: 284585K->512K(276480K)] 723579K->439554K(963456K), 0.0113600 secs] [Times: user=0.07 sys=0.00, real=0.01 secs] 
2014-07-07T21:52:45.361+0000: 3467.381: [GC [PSYoungGen: 276480K->796K(269696K)] 715522K->439934K(956672K), 0.0063260 secs] [Times: user=0.04 sys=0.00, real=0.01 secs] 
2014-07-07T21:52:46.330+0000: 3468.350: [GC [PSYoungGen: 269651K->1082K(263104K)] 708790K->440285K(950080K), 0.0091970 secs] [Times: user=0.05 sys=0.00, real=0.01 secs] 
2014-07-07T21:52:47.272+0000: 3469.292: [GC [PSYoungGen: 263098K->1130K(256576K)] 702301K->440397K(943552K), 0.0080780 secs] [Times: user=0.05 sys=0.00, real=0.01 secs] 
2014-07-07T21:52:48.157+0000: 3470.178: [GC [PSYoungGen: 256465K->932K(250048K)] 695732K->440254K(937024K), 0.0045580 secs] [Times: user=0.02 sys=0.00, real=0.00 secs] 
2014-07-07T21:52:49.046+0000: 3471.066: [GC [PSYoungGen: 250020K->768K(243840K)] 689342K->440139K(930816K), 0.0151320 secs] [Times: user=0.10 sys=0.00, real=0.01 secs] 
2014-07-07T21:52:49.916+0000: 3471.937: [GC [PSYoungGen: 243774K->918K(292608K)] 683145K->440337K(979584K), 0.0103670 secs] [Times: user=0.07 sys=0.00, real=0.01 secs] 
2014-07-07T21:52:50.955+0000: 3472.975: [GC [PSYoungGen: 292548K->1295K(351360K)] 731966K->440793K(1038336K), 0.0105450 secs] [Times: user=0.07 sys=0.00, real=0.01 secs] 
2014-07-07T21:52:52.214+0000: 3474.234: [GC [PSYoungGen: 351311K->1064K(364608K)] 790809K->440618K(1051584K), 0.0175450 secs] [Times: user=0.11 sys=0.00, real=0.02 secs] 
2014-07-07T21:52:53.509+0000: 3475.529: [GC [PSYoungGen: 364127K->865K(421568K)] 803682K->440491K(1108544K), 0.0086220 secs] [Times: user=0.07 sys=0.00, real=0.01 secs] 
2014-07-07T21:52:55.026+0000: 3477.046: [GC [PSYoungGen: 420897K->576K(407616K)] 860523K->440250K(1094592K), 0.0079260 secs] [Times: user=0.05 sys=0.00, real=0.01 secs] 
2014-07-07T21:52:56.487+0000: 3478.507: [GC [PSYoungGen: 407616K->640K(395264K)] 847290K->440370K(1082240K), 0.0084110 secs] [Times: user=0.05 sys=0.00, real=0.01 secs] 
2014-07-07T21:52:57.888+0000: 3479.909: [GC [PSYoungGen: 395264K->466K(383232K)] 834994K->440236K(1070208K), 0.0098010 secs] [Times: user=0.06 sys=0.00, real=0.01 secs] 
2014-07-07T21:52:59.283+0000: 3481.303: [GC [PSYoungGen: 383186K->608K(371968K)] 822956K->440466K(1058944K), 0.0070990 secs] [Times: user=0.04 sys=0.00, real=0.01 secs] 
2014-07-07T21:53:00.630+0000: 3482.650: [GC [PSYoungGen: 371936K->708K(361152K)] 811794K->440638K(1048128K), 0.0059360 secs] [Times: user=0.03 sys=0.00, real=0.00 secs] 
2014-07-07T21:53:01.937+0000: 3483.957: [GC [PSYoungGen: 361082K->1196K(351104K)] 801013K->441199K(1038080K), 0.0181180 secs] [Times: user=0.11 sys=0.00, real=0.02 secs] 
2014-07-07T21:53:03.197+0000: 3485.217: [GC [PSYoungGen: 351039K->878K(340736K)] 791041K->440944K(1027712K), 0.0100220 secs] [Times: user=0.06 sys=0.00, real=0.01 secs] 
2014-07-07T21:53:04.409+0000: 3486.429: [GC [PSYoungGen: 340718K->630K(330880K)] 780784K->440752K(1017856K), 0.0097300 secs] [Times: user=0.06 sys=0.00, real=0.01 secs] 
2014-07-07T21:53:05.594+0000: 3487.614: [GC [PSYoungGen: 330870K->594K(321664K)] 770992K->440796K(1008640K), 0.0116730 secs] [Times: user=0.06 sys=0.01, real=0.01 secs] 
2014-07-07T21:53:06.750+0000: 3488.770: [GC [PSYoungGen: 321618K->765K(312896K)] 761820K->441055K(999872K), 0.0072590 secs] [Times: user=0.04 sys=0.00, real=0.00 secs] 
2014-07-07T21:53:07.865+0000: 3489.885: [GC [PSYoungGen: 312879K->1238K(304896K)] 753170K->441601K(991872K), 0.0078310 secs] [Times: user=0.04 sys=0.00, real=0.01 secs] 
2014-07-07T21:53:08.947+0000: 3490.967: [GC [PSYoungGen: 304854K->612K(296064K)] 745217K->441038K(983040K), 0.0133440 secs] [Times: user=0.09 sys=0.00, real=0.02 secs] 
2014-07-07T21:53:10.011+0000: 3492.031: [GC [PSYoungGen: 296036K->1031K(355648K)] 736462K->441513K(1042624K), 0.0167240 secs] [Times: user=0.10 sys=0.00, real=0.01 secs] 
2014-07-07T21:53:11.292+0000: 3493.312: [GC [PSYoungGen: 355548K->1018K(345344K)] 796031K->441565K(1032320K), 0.0091960 secs] [Times: user=0.05 sys=0.00, real=0.01 secs] 
2014-07-07T21:53:12.533+0000: 3494.553: [GC [PSYoungGen: 345338K->826K(335360K)] 785885K->441484K(1022336K), 0.0087490 secs] [Times: user=0.05 sys=0.00, real=0.01 secs] 
2014-07-07T21:53:13.734+0000: 3495.754: [GC [PSYoungGen: 335354K->1124K(326272K)] 776012K->441921K(1013248K), 0.0068820 secs] [Times: user=0.05 sys=0.00, real=0.01 secs] 
2014-07-07T21:53:14.884+0000: 3496.904: [GC [PSYoungGen: 326244K->1313K(317440K)] 767041K->442189K(1004416K), 0.0058010 secs] [Times: user=0.03 sys=0.00, real=0.01 secs] 
2014-07-07T21:53:16.033+0000: 3498.053: [GC [PSYoungGen: 317409K->488K(307904K)] 758285K->441720K(994880K), 0.0078950 secs] [Times: user=0.04 sys=0.01, real=0.01 secs] 
2014-07-07T21:53:17.123+0000: 3499.143: [GC [PSYoungGen: 307880K->1154K(300288K)] 749112K->442458K(987264K), 0.0075350 secs] [Times: user=0.05 sys=0.00, real=0.00 secs] 
2014-07-07T21:53:18.213+0000: 3500.233: [GC [PSYoungGen: 300226K->1000K(292096K)] 741530K->442640K(979072K), 0.0094110 secs] [Times: user=0.04 sys=0.00, real=0.01 secs] 
2014-07-07T21:53:19.251+0000: 3501.271: [GC [PSYoungGen: 292072K->580K(284032K)] 733712K->442276K(971008K), 0.0060950 secs] [Times: user=0.03 sys=0.00, real=0.01 secs] 
2014-07-07T21:53:20.266+0000: 3502.286: [GC [PSYoungGen: 283924K->648K(276736K)] 725621K->442384K(963712K), 0.0139840 secs] [Times: user=0.08 sys=0.01, real=0.01 secs] 
2014-07-07T21:53:21.271+0000: 3503.291: [GC [PSYoungGen: 276680K->1072K(270016K)] 718416K->442872K(956992K), 0.0051410 secs] [Times: user=0.03 sys=0.01, real=0.01 secs] 
2014-07-07T21:53:22.243+0000: 3504.263: [GC [PSYoungGen: 270000K->744K(262848K)] 711800K->442600K(949824K), 0.0079720 secs] [Times: user=0.05 sys=0.01, real=0.01 secs] 
2014-07-07T21:53:23.188+0000: 3505.208: [GC [PSYoungGen: 262824K->576K(256064K)] 704680K->442488K(943040K), 0.0109710 secs] [Times: user=0.07 sys=0.00, real=0.01 secs] 
2014-07-07T21:53:24.101+0000: 3506.121: [GC [PSYoungGen: 256053K->729K(249920K)] 697966K->442705K(936896K), 0.0109220 secs] [Times: user=0.05 sys=0.00, real=0.02 secs] 
2014-07-07T21:53:24.991+0000: 3507.011: [GC [PSYoungGen: 249830K->889K(243968K)] 691807K->442914K(930944K), 0.0047740 secs] [Times: user=0.03 sys=0.00, real=0.01 secs] 
2014-07-07T21:53:25.871+0000: 3507.891: [GC [PSYoungGen: 243961K->548K(237760K)] 685986K->442652K(924736K), 0.0063520 secs] [Times: user=0.04 sys=0.00, real=0.01 secs] 
2014-07-07T21:53:26.721+0000: 3508.741: [GC [PSYoungGen: 237732K->712K(232320K)] 679836K->442880K(919296K), 0.0044610 secs] [Times: user=0.02 sys=0.00, real=0.01 secs] 
2014-07-07T21:53:27.555+0000: 3509.575: [GC [PSYoungGen: 232264K->516K(226688K)] 674432K->442740K(913664K), 0.0037720 secs] [Times: user=0.02 sys=0.00, real=0.00 secs] 
2014-07-07T21:53:28.358+0000: 3510.379: [GC [PSYoungGen: 226600K->672K(221568K)] 668824K->442952K(908544K), 0.0130780 secs] [Times: user=0.07 sys=0.00, real=0.01 secs] 
2014-07-07T21:53:29.143+0000: 3511.163: [GC [PSYoungGen: 221536K->1104K(266240K)] 663816K->443440K(953216K), 0.0147520 secs] [Times: user=0.07 sys=0.00, real=0.01 secs] 
2014-07-07T21:53:30.086+0000: 3512.106: [GC [PSYoungGen: 266181K->950K(319104K)] 708517K->443342K(1006080K), 0.0169330 secs] [Times: user=0.10 sys=0.00, real=0.02 secs] 
2014-07-07T21:53:31.225+0000: 3513.245: [GC [PSYoungGen: 319094K->626K(382464K)] 761486K->443082K(1069440K), 0.0095350 secs] [Times: user=0.06 sys=0.00, real=0.01 secs] 
2014-07-07T21:53:32.576+0000: 3514.596: [GC [PSYoungGen: 382448K->708K(371200K)] 824905K->443252K(1058176K), 0.0068080 secs] [Times: user=0.03 sys=0.00, real=0.01 secs] 
2014-07-07T21:53:33.898+0000: 3515.918: [GC [PSYoungGen: 371104K->744K(360320K)] 813649K->443376K(1047296K), 0.0067840 secs] [Times: user=0.05 sys=0.00, real=0.01 secs] 
2014-07-07T21:53:35.169+0000: 3517.189: [GC [PSYoungGen: 360296K->712K(349888K)] 802928K->443416K(1036864K), 0.0044890 secs] [Times: user=0.02 sys=0.00, real=0.01 secs] 
2014-07-07T21:53:36.418+0000: 3518.439: [GC [PSYoungGen: 349832K->1067K(340224K)] 792536K->444156K(1027200K), 0.0083770 secs] [Times: user=0.06 sys=0.00, real=0.01 secs] 
2014-07-07T21:53:37.649+0000: 3519.669: [GC [PSYoungGen: 340203K->1106K(330688K)] 783292K->444267K(1017664K), 0.0076330 secs] [Times: user=0.05 sys=0.00, real=0.01 secs] 
2014-07-07T21:53:38.820+0000: 3520.840: [GC [PSYoungGen: 330642K->626K(320960K)] 773803K->443908K(1007936K), 0.0093520 secs] [Times: user=0.06 sys=0.00, real=0.01 secs] 
2014-07-07T21:53:39.958+0000: 3521.978: [GC [PSYoungGen: 320939K->1068K(312576K)] 764222K->444399K(999552K), 0.0043870 secs] [Times: user=0.02 sys=0.00, real=0.00 secs] 
2014-07-07T21:53:41.079+0000: 3523.100: [GC [PSYoungGen: 312556K->580K(303616K)] 755887K->443974K(990592K), 0.0068200 secs] [Times: user=0.04 sys=0.00, real=0.01 secs] 
2014-07-07T21:53:42.157+0000: 3524.177: [GC [PSYoungGen: 303530K->811K(295680K)] 746925K->444285K(982656K), 0.0162950 secs] [Times: user=0.10 sys=0.01, real=0.01 secs] 
2014-07-07T21:53:43.206+0000: 3525.226: [GC [PSYoungGen: 295659K->990K(288064K)] 739133K->444520K(975040K), 0.0045600 secs] [Times: user=0.02 sys=0.00, real=0.00 secs] 
2014-07-07T21:53:44.237+0000: 3526.257: [GC [PSYoungGen: 288030K->1082K(280576K)] 731560K->444669K(967552K), 0.0047330 secs] [Times: user=0.02 sys=0.00, real=0.00 secs] 
2014-07-07T21:53:45.234+0000: 3527.254: [GC [PSYoungGen: 280564K->744K(336192K)] 724150K->444378K(1023168K), 0.0219400 secs] [Times: user=0.14 sys=0.01, real=0.03 secs] 
2014-07-07T21:53:46.418+0000: 3528.438: [GC [PSYoungGen: 336168K->1244K(327232K)] 779802K->444935K(1014208K), 0.0071820 secs] [Times: user=0.02 sys=0.00, real=0.01 secs] 
2014-07-07T21:53:47.627+0000: 3529.647: [GC [PSYoungGen: 327196K->812K(317696K)] 770887K->444558K(1004672K), 0.0050590 secs] [Times: user=0.02 sys=0.00, real=0.00 secs] 
2014-07-07T21:53:48.761+0000: 3530.781: [GC [PSYoungGen: 317676K->758K(308928K)] 761422K->444560K(995904K), 0.0064890 secs] [Times: user=0.04 sys=0.00, real=0.01 secs] 
2014-07-07T21:53:49.866+0000: 3531.886: [GC [PSYoungGen: 308918K->1178K(300992K)] 752720K->445077K(987968K), 0.0102370 secs] [Times: user=0.07 sys=0.00, real=0.02 secs] 
2014-07-07T21:53:50.950+0000: 3532.970: [GC [PSYoungGen: 300954K->562K(292352K)] 744853K->444516K(979328K), 0.0085680 secs] [Times: user=0.06 sys=0.00, real=0.01 secs] 
2014-07-07T21:53:51.990+0000: 3534.010: [GC [PSYoungGen: 292338K->929K(284992K)] 736292K->444956K(971968K), 0.0066180 secs] [Times: user=0.03 sys=0.00, real=0.01 secs] 
2014-07-07T21:53:53.011+0000: 3535.031: [GC [PSYoungGen: 284961K->718K(277376K)] 728988K->444777K(964352K), 0.0051750 secs] [Times: user=0.02 sys=0.00, real=0.01 secs] 
2014-07-07T21:53:53.998+0000: 3536.018: [GC [PSYoungGen: 277326K->694K(270208K)] 721385K->444824K(957184K), 0.0042540 secs] [Times: user=0.03 sys=0.00, real=0.00 secs] 
2014-07-07T21:53:54.966+0000: 3536.986: [GC [PSYoungGen: 270198K->708K(263424K)] 714328K->444894K(950400K), 0.0053460 secs] [Times: user=0.02 sys=0.00, real=0.01 secs] 
2014-07-07T21:53:55.898+0000: 3537.918: [GC [PSYoungGen: 263364K->683K(256768K)] 707550K->444934K(943744K), 0.0092560 secs] [Times: user=0.06 sys=0.00, real=0.01 secs] 
2014-07-07T21:53:56.824+0000: 3538.844: [GC [PSYoungGen: 256719K->876K(250624K)] 700970K->445206K(937600K), 0.0076570 secs] [Times: user=0.05 sys=0.00, real=0.01 secs] 
2014-07-07T21:53:57.732+0000: 3539.752: [GC [PSYoungGen: 250604K->1003K(244608K)] 694934K->445398K(931584K), 0.0062400 secs] [Times: user=0.04 sys=0.00, real=0.01 secs] 
2014-07-07T21:53:58.604+0000: 3540.624: [GC [PSYoungGen: 244587K->812K(238528K)] 688982K->445270K(925504K), 0.0083740 secs] [Times: user=0.06 sys=0.00, real=0.01 secs] 
2014-07-07T21:53:59.454+0000: 3541.474: [GC [PSYoungGen: 238508K->750K(232768K)] 682966K->445272K(919744K), 0.0054800 secs] [Times: user=0.03 sys=0.00, real=0.01 secs] 
2014-07-07T21:54:00.269+0000: 3542.289: [GC [PSYoungGen: 232733K->1001K(227584K)] 677256K->445572K(914560K), 0.0076000 secs] [Times: user=0.05 sys=0.00, real=0.01 secs] 
2014-07-07T21:54:01.089+0000: 3543.109: [GC [PSYoungGen: 227561K->804K(222144K)] 672132K->445653K(909120K), 0.0061540 secs] [Times: user=0.04 sys=0.01, real=0.00 secs] 
2014-07-07T21:54:01.883+0000: 3543.903: [GC [PSYoungGen: 222116K->1174K(217472K)] 666965K->446095K(904448K), 0.0079150 secs] [Times: user=0.05 sys=0.00, real=0.01 secs] 
2014-07-07T21:54:02.656+0000: 3544.676: [GC [PSYoungGen: 217424K->548K(211904K)] 662345K->445540K(898880K), 0.0055050 secs] [Times: user=0.04 sys=0.00, real=0.01 secs] 
2014-07-07T21:54:03.406+0000: 3545.427: [GC [PSYoungGen: 211876K->730K(207360K)] 656868K->445794K(894336K), 0.0063320 secs] [Times: user=0.04 sys=0.01, real=0.01 secs] 
2014-07-07T21:54:04.136+0000: 3546.156: [GC [PSYoungGen: 207321K->498K(202560K)] 652385K->445602K(889536K), 0.0050270 secs] [Times: user=0.02 sys=0.00, real=0.01 secs] 
2014-07-07T21:54:04.864+0000: 3546.884: [GC [PSYoungGen: 202544K->862K(198528K)] 647649K->446030K(885504K), 0.0063120 secs] [Times: user=0.04 sys=0.00, real=0.01 secs] 
2014-07-07T21:54:05.584+0000: 3547.604: [GC [PSYoungGen: 198494K->872K(194240K)] 643662K->446081K(881216K), 0.0112950 secs] [Times: user=0.06 sys=0.00, real=0.01 secs] 
2014-07-07T21:54:06.285+0000: 3548.305: [GC [PSYoungGen: 194213K->786K(232896K)] 639422K->446082K(919872K), 0.0083730 secs] [Times: user=0.05 sys=0.01, real=0.01 secs] 
2014-07-07T21:54:07.110+0000: 3549.130: [GC [PSYoungGen: 232850K->858K(279424K)] 678146K->446234K(966400K), 0.0085460 secs] [Times: user=0.05 sys=0.01, real=0.01 secs] 
2014-07-07T21:54:08.101+0000: 3550.121: [GC [PSYoungGen: 279338K->868K(272192K)] 724715K->446277K(959168K), 0.0062530 secs] [Times: user=0.02 sys=0.00, real=0.00 secs] 
2014-07-07T21:54:09.078+0000: 3551.098: [GC [PSYoungGen: 272164K->722K(265152K)] 717573K->446170K(952128K), 0.0071020 secs] [Times: user=0.02 sys=0.00, real=0.01 secs] 
2014-07-07T21:54:10.031+0000: 3552.051: [GC [PSYoungGen: 265106K->1213K(258944K)] 710554K->446791K(945920K), 0.0064910 secs] [Times: user=0.04 sys=0.01, real=0.00 secs] 
2014-07-07T21:54:10.955+0000: 3552.975: [GC [PSYoungGen: 258919K->494K(251840K)] 704498K->446457K(938816K), 0.0066270 secs] [Times: user=0.03 sys=0.00, real=0.01 secs] 
2014-07-07T21:54:11.846+0000: 3553.866: [GC [PSYoungGen: 251822K->1317K(246528K)] 697785K->447402K(933504K), 0.0064770 secs] [Times: user=0.05 sys=0.00, real=0.01 secs] 
2014-07-07T21:54:12.731+0000: 3554.751: [GC [PSYoungGen: 246494K->885K(240128K)] 692579K->447306K(927104K), 0.0042650 secs] [Times: user=0.02 sys=0.00, real=0.00 secs] 
2014-07-07T21:54:13.595+0000: 3555.615: [GC [PSYoungGen: 240117K->626K(234176K)] 686538K->447151K(921152K), 0.0067470 secs] [Times: user=0.05 sys=0.00, real=0.01 secs] 
2014-07-07T21:54:14.434+0000: 3556.454: [GC [PSYoungGen: 234079K->726K(228800K)] 680604K->447299K(915776K), 0.0093120 secs] [Times: user=0.06 sys=0.00, real=0.01 secs] 
2014-07-07T21:54:15.252+0000: 3557.272: [GC [PSYoungGen: 228752K->798K(223552K)] 675325K->447411K(910528K), 0.0121750 secs] [Times: user=0.08 sys=0.01, real=0.01 secs] 
2014-07-07T21:54:16.054+0000: 3558.074: [GC [PSYoungGen: 223518K->962K(268288K)] 670131K->447639K(955264K), 0.0128620 secs] [Times: user=0.08 sys=0.00, real=0.01 secs] 
2014-07-07T21:54:17.014+0000: 3559.034: [GC [PSYoungGen: 268224K->1339K(261824K)] 714901K->448112K(948800K), 0.0040950 secs] [Times: user=0.03 sys=0.00, real=0.00 secs] 
2014-07-07T21:54:17.943+0000: 3559.963: [GC [PSYoungGen: 261819K->616K(254592K)] 708592K->447445K(941568K), 0.0070150 secs] [Times: user=0.05 sys=0.00, real=0.01 secs] 
2014-07-07T21:54:18.861+0000: 3560.881: [GC [PSYoungGen: 254568K->448K(305216K)] 701397K->447325K(992192K), 0.0208160 secs] [Times: user=0.14 sys=0.00, real=0.02 secs] 
2014-07-07T21:54:19.940+0000: 3561.960: [GC [PSYoungGen: 305216K->798K(366592K)] 752093K->447715K(1053568K), 0.0081950 secs] [Times: user=0.05 sys=0.01, real=0.00 secs] 
2014-07-07T21:54:21.269+0000: 3563.289: [GC [PSYoungGen: 366558K->896K(375168K)] 813475K->447869K(1062144K), 0.0150470 secs] [Times: user=0.09 sys=0.00, real=0.02 secs] 
2014-07-07T21:54:22.601+0000: 3564.621: [GC [PSYoungGen: 374513K->826K(363456K)] 821486K->447895K(1050432K), 0.0079570 secs] [Times: user=0.06 sys=0.00, real=0.00 secs] 
2014-07-07T21:54:23.889+0000: 3565.909: [GC [PSYoungGen: 363450K->566K(352640K)] 810519K->447675K(1039616K), 0.0096790 secs] [Times: user=0.06 sys=0.00, real=0.01 secs] 
2014-07-07T21:54:25.140+0000: 3567.160: [GC [PSYoungGen: 352628K->1152K(343168K)] 799737K->448325K(1030144K), 0.0076930 secs] [Times: user=0.02 sys=0.00, real=0.01 secs] 
2014-07-07T21:54:26.361+0000: 3568.381: [GC [PSYoungGen: 343104K->750K(332992K)] 790277K->447987K(1019968K), 0.0070170 secs] [Times: user=0.04 sys=0.01, real=0.00 secs] 
2014-07-07T21:54:27.551+0000: 3569.571: [GC [PSYoungGen: 332974K->932K(323840K)] 780211K->448225K(1010816K), 0.0039020 secs] [Times: user=0.02 sys=0.00, real=0.01 secs] 
2014-07-07T21:54:28.707+0000: 3570.727: [GC [PSYoungGen: 323812K->498K(314432K)] 771105K->447839K(1001408K), 0.0064800 secs] [Times: user=0.04 sys=0.00, real=0.01 secs] 
2014-07-07T21:54:29.844+0000: 3571.864: [GC [PSYoungGen: 314403K->722K(306112K)] 761744K->448159K(993088K), 0.0100510 secs] [Times: user=0.05 sys=0.00, real=0.01 secs] 
2014-07-07T21:54:30.944+0000: 3572.964: [GC [PSYoungGen: 306066K->548K(297664K)] 753503K->448057K(984640K), 0.0080900 secs] [Times: user=0.05 sys=0.00, real=0.01 secs] 
2014-07-07T21:54:32.009+0000: 3574.029: [GC [PSYoungGen: 297606K->886K(290048K)] 745115K->448459K(977024K), 0.0073270 secs] [Times: user=0.05 sys=0.01, real=0.01 secs] 
2014-07-07T21:54:33.046+0000: 3575.066: [GC [PSYoungGen: 289994K->883K(282432K)] 737567K->448496K(969408K), 0.0163680 secs] [Times: user=0.11 sys=0.00, real=0.02 secs] 
2014-07-07T21:54:34.056+0000: 3576.076: [GC [PSYoungGen: 282419K->830K(338688K)] 730032K->448475K(1025664K), 0.0165480 secs] [Times: user=0.10 sys=0.00, real=0.02 secs] 
2014-07-07T21:54:35.267+0000: 3577.287: [GC [PSYoungGen: 338658K->516K(406016K)] 786303K->448209K(1092992K), 0.0162730 secs] [Times: user=0.11 sys=0.00, real=0.02 secs] 
2014-07-07T21:54:36.723+0000: 3578.743: [GC [PSYoungGen: 405956K->658K(393792K)] 853649K->448431K(1080768K), 0.0054310 secs] [Times: user=0.03 sys=0.00, real=0.01 secs] 
2014-07-07T21:54:38.131+0000: 3580.151: [GC [PSYoungGen: 393746K->744K(382016K)] 841519K->448597K(1068992K), 0.0074920 secs] [Times: user=0.05 sys=0.00, real=0.01 secs] 
2014-07-07T21:54:39.482+0000: 3581.502: [GC [PSYoungGen: 381992K->562K(370496K)] 829845K->448471K(1057472K), 0.0084980 secs] [Times: user=0.05 sys=0.00, real=0.01 secs] 
2014-07-07T21:54:40.793+0000: 3582.813: [GC [PSYoungGen: 370482K->1022K(360064K)] 818391K->448979K(1047040K), 0.0094190 secs] [Times: user=0.05 sys=0.00, real=0.00 secs] 
2014-07-07T21:54:42.105+0000: 3584.125: [GC [PSYoungGen: 360062K->672K(349312K)] 808019K->448685K(1036288K), 0.0210300 secs] [Times: user=0.12 sys=0.01, real=0.02 secs] 
2014-07-07T21:54:43.365+0000: 3585.385: [GC [PSYoungGen: 349280K->1056K(339712K)] 797293K->449142K(1026688K), 0.0088230 secs] [Times: user=0.06 sys=0.00, real=0.01 secs] 
2014-07-07T21:54:44.585+0000: 3586.605: [GC [PSYoungGen: 339680K->700K(407104K)] 787766K->449302K(1094080K), 0.0191820 secs] [Times: user=0.11 sys=0.00, real=0.02 secs] 
2014-07-07T21:54:46.063+0000: 3588.083: [GC [PSYoungGen: 407100K->694K(394688K)] 855702K->449359K(1081664K), 0.0047900 secs] [Times: user=0.03 sys=0.00, real=0.01 secs] 
2014-07-07T21:54:47.474+0000: 3589.494: [GC [PSYoungGen: 394676K->1370K(383488K)] 843342K->450208K(1070464K), 0.0076920 secs] [Times: user=0.05 sys=0.00, real=0.01 secs] 
2014-07-07T21:54:48.833+0000: 3590.853: [GC [PSYoungGen: 383450K->548K(371264K)] 832288K->449441K(1058240K), 0.0041630 secs] [Times: user=0.02 sys=0.00, real=0.01 secs] 
2014-07-07T21:54:50.156+0000: 3592.176: [GC [PSYoungGen: 371204K->744K(360576K)] 820098K->449701K(1047552K), 0.0060780 secs] [Times: user=0.03 sys=0.00, real=0.00 secs] 
2014-07-07T21:54:51.433+0000: 3593.453: [GC [PSYoungGen: 360552K->868K(350272K)] 809509K->449889K(1037248K), 0.0060150 secs] [Times: user=0.02 sys=0.00, real=0.01 secs] 
2014-07-07T21:54:52.698+0000: 3594.718: [GC [PSYoungGen: 350244K->1150K(340480K)] 799265K->450235K(1027456K), 0.0075830 secs] [Times: user=0.05 sys=0.00, real=0.01 secs] 
2014-07-07T21:54:53.918+0000: 3595.939: [GC [PSYoungGen: 340478K->1016K(330752K)] 789563K->450158K(1017728K), 0.0077790 secs] [Times: user=0.05 sys=0.00, real=0.01 secs] 
2014-07-07T21:54:55.092+0000: 3597.112: [GC [PSYoungGen: 330744K->818K(321344K)] 779886K->450007K(1008320K), 0.0242240 secs] [Times: user=0.13 sys=0.00, real=0.03 secs] 
2014-07-07T21:54:56.251+0000: 3598.271: [GC [PSYoungGen: 321330K->814K(312512K)] 770519K->450100K(999488K), 0.0078250 secs] [Times: user=0.05 sys=0.00, real=0.01 secs] 
2014-07-07T21:54:57.365+0000: 3599.385: [GC [PSYoungGen: 312493K->904K(304128K)] 761779K->450222K(991104K), 0.0051600 secs] [Times: user=0.02 sys=0.00, real=0.01 secs] 
2014-07-07T21:54:58.441+0000: 3600.461: [GC [PSYoungGen: 304072K->698K(295680K)] 753390K->450063K(982656K), 0.0108480 secs] [Times: user=0.06 sys=0.00, real=0.01 secs] 
2014-07-07T21:54:59.491+0000: 3601.512: [GC [PSYoungGen: 295674K->982K(288192K)] 745039K->450419K(975168K), 0.0092470 secs] [Times: user=0.06 sys=0.00, real=0.01 secs] 
2014-07-07T21:55:00.507+0000: 3602.528: [GC [PSYoungGen: 288125K->448K(280064K)] 737562K->449933K(967040K), 0.0047360 secs] [Times: user=0.03 sys=0.00, real=0.00 secs] 
2014-07-07T21:55:01.510+0000: 3603.531: [GC [PSYoungGen: 280016K->1039K(273472K)] 729502K->450557K(960448K), 0.0050970 secs] [Times: user=0.02 sys=0.00, real=0.00 secs] 
2014-07-07T21:55:02.489+0000: 3604.509: [GC [PSYoungGen: 273405K->762K(266176K)] 722923K->450319K(953152K), 0.0090990 secs] [Times: user=0.04 sys=0.00, real=0.01 secs] 
2014-07-07T21:55:03.448+0000: 3605.468: [GC [PSYoungGen: 266170K->936K(259648K)] 715727K->450573K(946624K), 0.0076610 secs] [Times: user=0.03 sys=0.00, real=0.00 secs] 
2014-07-07T21:55:04.367+0000: 3606.387: [GC [PSYoungGen: 259624K->962K(253248K)] 709261K->450655K(940224K), 0.0077080 secs] [Times: user=0.05 sys=0.00, real=0.01 secs] 
2014-07-07T21:55:05.273+0000: 3607.293: [GC [PSYoungGen: 253186K->762K(246784K)] 702879K->450773K(933760K), 0.0036520 secs] [Times: user=0.02 sys=0.00, real=0.00 secs] 
2014-07-07T21:55:06.163+0000: 3608.183: [GC [PSYoungGen: 246757K->1000K(241088K)] 696769K->451060K(928064K), 0.0048040 secs] [Times: user=0.03 sys=0.00, real=0.01 secs] 
2014-07-07T21:55:07.028+0000: 3609.048: [GC [PSYoungGen: 241064K->814K(235136K)] 691124K->450953K(922112K), 0.0112670 secs] [Times: user=0.07 sys=0.00, real=0.01 secs] 
2014-07-07T21:55:07.861+0000: 3609.881: [GC [PSYoungGen: 235102K->768K(229568K)] 685242K->450987K(916544K), 0.0038610 secs] [Times: user=0.02 sys=0.00, real=0.00 secs] 
2014-07-07T21:55:08.677+0000: 3610.698: [GC [PSYoungGen: 229472K->1081K(224448K)] 679691K->451407K(911424K), 0.0105930 secs] [Times: user=0.07 sys=0.00, real=0.02 secs] 
2014-07-07T21:55:09.477+0000: 3611.497: [GC [PSYoungGen: 224394K->882K(268928K)] 674720K->451256K(955904K), 0.0136710 secs] [Times: user=0.08 sys=0.00, real=0.02 secs] 
2014-07-07T21:55:10.452+0000: 3612.473: [GC [PSYoungGen: 268914K->730K(262016K)] 719288K->451135K(948992K), 0.0052960 secs] [Times: user=0.02 sys=0.00, real=0.00 secs] 
2014-07-07T21:55:11.378+0000: 3613.398: [GC [PSYoungGen: 261978K->662K(255424K)] 712383K->451115K(942400K), 0.0109230 secs] [Times: user=0.08 sys=0.00, real=0.01 secs] 
2014-07-07T21:55:12.293+0000: 3614.313: [GC [PSYoungGen: 255335K->1022K(249472K)] 705789K->451508K(936448K), 0.0068660 secs] [Times: user=0.02 sys=0.00, real=0.01 secs] 
2014-07-07T21:55:13.177+0000: 3615.197: [GC [PSYoungGen: 249470K->662K(243072K)] 699956K->451195K(930048K), 0.0090230 secs] [Times: user=0.05 sys=0.01, real=0.01 secs] 
2014-07-07T21:55:14.049+0000: 3616.069: [GC [PSYoungGen: 243030K->1010K(291904K)] 693563K->451600K(978880K), 0.0107270 secs] [Times: user=0.06 sys=0.00, real=0.01 secs] 
2014-07-07T21:55:15.095+0000: 3617.115: [GC [PSYoungGen: 291890K->840K(284096K)] 742480K->451501K(971072K), 0.0080310 secs] [Times: user=0.02 sys=0.00, real=0.01 secs] 
2014-07-07T21:55:16.129+0000: 3618.149: [GC [PSYoungGen: 284040K->598K(276480K)] 734701K->451315K(963456K), 0.0086970 secs] [Times: user=0.04 sys=0.00, real=0.00 secs] 
2014-07-07T21:55:17.123+0000: 3619.143: [GC [PSYoungGen: 276433K->1104K(332160K)] 727151K->451893K(1019136K), 0.0153840 secs] [Times: user=0.09 sys=0.00, real=0.01 secs] 
2014-07-07T21:55:18.303+0000: 3620.324: [GC [PSYoungGen: 332070K->612K(322368K)] 782860K->451449K(1009344K), 0.0085610 secs] [Times: user=0.05 sys=0.00, real=0.01 secs] 
2014-07-07T21:55:19.458+0000: 3621.478: [GC [PSYoungGen: 322340K->912K(313792K)] 773177K->451805K(1000768K), 0.0106670 secs] [Times: user=0.06 sys=0.01, real=0.01 secs] 
2014-07-07T21:55:20.583+0000: 3622.603: [GC [PSYoungGen: 313744K->697K(304960K)] 764637K->451662K(991936K), 0.0078880 secs] [Times: user=0.05 sys=0.01, real=0.01 secs] 
2014-07-07T21:55:21.675+0000: 3623.695: [GC [PSYoungGen: 304923K->794K(296896K)] 755889K->451831K(983872K), 0.0068060 secs] [Times: user=0.05 sys=0.00, real=0.01 secs] 
2014-07-07T21:55:22.735+0000: 3624.755: [GC [PSYoungGen: 296858K->1058K(289280K)] 747895K->452167K(976256K), 0.0065650 secs] [Times: user=0.04 sys=0.00, real=0.01 secs] 
2014-07-07T21:55:23.851+0000: 3625.871: [GC [PSYoungGen: 289250K->986K(281664K)] 740359K->452136K(968640K), 0.0136860 secs] [Times: user=0.09 sys=0.00, real=0.01 secs] 
Heap
 PSYoungGen      total 281664K, used 124814K [0x0000000755560000, 0x000000076e7b0000, 0x0000000800000000)
  eden space 280640K, 44% used [0x0000000755560000,0x000000075ce4d138,0x0000000766770000)
  from space 1024K, 96% used [0x000000076e610000,0x000000076e706a08,0x000000076e710000)
  to   space 640K, 0% used [0x000000076e710000,0x000000076e710000,0x000000076e7b0000)
 ParOldGen       total 686976K, used 451149K [0x0000000600000000, 0x0000000629ee0000, 0x0000000755560000)
  object space 686976K, 65% used [0x0000000600000000,0x000000061b893680,0x0000000629ee0000)
 PSPermGen       total 21248K, used 11804K [0x00000005f5a00000, 0x00000005f6ec0000, 0x0000000600000000)
  object space 21248K, 55% used [0x00000005f5a00000,0x00000005f6587388,0x00000005f6ec0000)
