2014-07-07T20:55:23.126+0000: 25.146: [GC [PSYoungGen: 257728K->42864K(300608K)] 257728K->57709K(987584K), 0.0800240 secs] [Times: user=0.28 sys=0.04, real=0.08 secs] 
2014-07-07T20:55:23.460+0000: 25.481: [GC [PSYoungGen: 300592K->42848K(300608K)] 315437K->64046K(987584K), 0.0544740 secs] [Times: user=0.19 sys=0.02, real=0.06 secs] 
2014-07-07T20:55:24.531+0000: 26.551: [GC [PSYoungGen: 300576K->42854K(300608K)] 321774K->64869K(987584K), 0.0379970 secs] [Times: user=0.14 sys=0.00, real=0.04 secs] 
2014-07-07T20:55:25.430+0000: 27.450: [GC [PSYoungGen: 300582K->42858K(558336K)] 322597K->65969K(1245312K), 0.0421260 secs] [Times: user=0.15 sys=0.02, real=0.04 secs] 
2014-07-07T20:55:27.781+0000: 29.801: [GC [PSYoungGen: 558314K->42858K(558336K)] 581425K->66089K(1245312K), 0.0539010 secs] [Times: user=0.19 sys=0.02, real=0.06 secs] 
2014-07-07T20:55:30.109+0000: 32.129: [GC [PSYoungGen: 558314K->43246K(1088704K)] 581545K->66477K(1775680K), 0.0681230 secs] [Times: user=0.24 sys=0.03, real=0.07 secs] 
2014-07-07T20:55:34.909+0000: 36.929: [GC [PSYoungGen: 1074158K->2432K(1089600K)] 1097389K->66008K(1776576K), 0.0932760 secs] [Times: user=0.32 sys=0.03, real=0.09 secs] 
2014-07-07T20:55:39.491+0000: 41.511: [GC [PSYoungGen: 1033344K->2920K(2124480K)] 1096920K->66913K(2811456K), 0.0143090 secs] [Times: user=0.06 sys=0.00, real=0.02 secs] 
2014-07-07T20:55:47.531+0000: 49.551: [GC [PSYoungGen: 2060520K->2386K(2128704K)] 2124513K->66810K(2815680K), 0.0143270 secs] [Times: user=0.05 sys=0.00, real=0.01 secs] 
2014-07-07T20:55:54.688+0000: 56.708: [GC [PSYoungGen: 2059986K->2116K(2720640K)] 2124410K->67292K(3407616K), 0.0220600 secs] [Times: user=0.08 sys=0.01, real=0.02 secs] 
2014-07-07T20:56:03.940+0000: 65.960: [GC [PSYoungGen: 2649284K->1604K(2648832K)] 2714460K->67620K(3335808K), 0.0068260 secs] [Times: user=0.02 sys=0.00, real=0.00 secs] 
2014-07-07T20:56:13.104+0000: 75.125: [GC [PSYoungGen: 2648772K->2248K(2722112K)] 2714788K->68729K(3409088K), 0.0288840 secs] [Times: user=0.10 sys=0.00, real=0.03 secs] 
2014-07-07T20:56:21.920+0000: 83.940: [GC [PSYoungGen: 2649672K->1668K(2528576K)] 2716153K->68628K(3215552K), 0.0058910 secs] [Times: user=0.02 sys=0.00, real=0.01 secs] 
2014-07-07T20:56:29.784+0000: 91.805: [GC [PSYoungGen: 2528516K->1536K(2413760K)] 2595476K->68976K(3100736K), 0.0068600 secs] [Times: user=0.02 sys=0.00, real=0.00 secs] 
2014-07-07T20:56:36.805+0000: 98.825: [GC [PSYoungGen: 2413676K->1924K(2374528K)] 2481117K->69836K(3061504K), 0.0180650 secs] [Times: user=0.07 sys=0.01, real=0.01 secs] 
2014-07-07T20:56:43.521+0000: 105.541: [GC [PSYoungGen: 2305220K->1494K(2201280K)] 2373132K->69959K(2888256K), 0.0154970 secs] [Times: user=0.03 sys=0.01, real=0.02 secs] 
2014-07-07T20:56:49.955+0000: 111.975: [GC [PSYoungGen: 2201238K->1504K(2168192K)] 2269703K->70216K(2855168K), 0.0068670 secs] [Times: user=0.02 sys=0.00, real=0.01 secs] 
2014-07-07T20:56:54.924+0000: 116.944: [GC [PSYoungGen: 2102816K->1604K(2009408K)] 2171528K->70724K(2696384K), 0.0253320 secs] [Times: user=0.08 sys=0.01, real=0.03 secs] 
2014-07-07T20:56:59.400+0000: 121.420: [GC [PSYoungGen: 2009348K->1810K(1980480K)] 2078468K->71354K(2667456K), 0.0129220 secs] [Times: user=0.05 sys=0.00, real=0.01 secs] 
2014-07-07T20:57:03.622+0000: 125.642: [GC [PSYoungGen: 1920594K->1430K(1835712K)] 1990138K->71231K(2522688K), 0.0139060 secs] [Times: user=0.03 sys=0.01, real=0.01 secs] 
2014-07-07T20:57:07.584+0000: 129.604: [GC [PSYoungGen: 1835670K->1654K(1809984K)] 1905471K->71615K(2496960K), 0.0060420 secs] [Times: user=0.02 sys=0.01, real=0.01 secs] 
2014-07-07T20:57:11.304+0000: 133.324: [GC [PSYoungGen: 1755510K->1448K(1678912K)] 1825471K->71777K(2365888K), 0.0100650 secs] [Times: user=0.02 sys=0.01, real=0.01 secs] 
2014-07-07T20:57:14.768+0000: 136.788: [GC [PSYoungGen: 1678888K->1458K(1655296K)] 1749217K->71962K(2342272K), 0.0221350 secs] [Times: user=0.06 sys=0.01, real=0.03 secs] 
2014-07-07T20:57:18.028+0000: 140.048: [GC [PSYoungGen: 1606258K->1412K(1537152K)] 1676762K->72164K(2224128K), 0.0110380 secs] [Times: user=0.02 sys=0.01, real=0.01 secs] 
2014-07-07T20:57:20.986+0000: 143.006: [GC [PSYoungGen: 1537092K->1366K(1515008K)] 1607844K->72335K(2201984K), 0.0138780 secs] [Times: user=0.04 sys=0.00, real=0.01 secs] 
2014-07-07T20:57:23.729+0000: 145.749: [GC [PSYoungGen: 1471318K->1384K(1408832K)] 1542287K->72505K(2095808K), 0.0083840 secs] [Times: user=0.02 sys=0.00, real=0.01 secs] 
2014-07-07T20:57:26.363+0000: 148.383: [GC [PSYoungGen: 1408808K->1444K(1387968K)] 1479929K->72684K(2074944K), 0.0233020 secs] [Times: user=0.09 sys=0.01, real=0.02 secs] 
2014-07-07T20:57:28.919+0000: 150.939: [GC [PSYoungGen: 1349412K->1398K(1292800K)] 1420652K->72895K(1979776K), 0.0182240 secs] [Times: user=0.05 sys=0.00, real=0.02 secs] 
2014-07-07T20:57:31.140+0000: 153.160: [GC [PSYoungGen: 1292736K->1156K(1272768K)] 1364233K->72804K(1959744K), 0.0057990 secs] [Times: user=0.01 sys=0.00, real=0.01 secs] 
2014-07-07T20:57:34.109+0000: 156.129: [GC [PSYoungGen: 1238724K->1280K(1187648K)] 1310372K->73072K(1874624K), 0.0243290 secs] [Times: user=0.08 sys=0.00, real=0.03 secs] 
2014-07-07T20:57:36.048+0000: 158.068: [GC [PSYoungGen: 1187648K->854K(1168576K)] 1259440K->73039K(1855552K), 0.0083420 secs] [Times: user=0.03 sys=0.00, real=0.01 secs] 
2014-07-07T20:57:37.926+0000: 159.946: [GC [PSYoungGen: 1138518K->466K(1091840K)] 1210703K->72906K(1778816K), 0.0122710 secs] [Times: user=0.02 sys=0.01, real=0.01 secs] 
2014-07-07T20:57:39.640+0000: 161.660: [GC [PSYoungGen: 1091794K->502K(1074432K)] 1164234K->73014K(1761408K), 0.0069900 secs] [Times: user=0.03 sys=0.00, real=0.01 secs] 
2014-07-07T20:57:41.236+0000: 163.256: [GC [PSYoungGen: 1047697K->370K(1005632K)] 1120210K->72930K(1692608K), 0.0068030 secs] [Times: user=0.01 sys=0.01, real=0.00 secs] 
2014-07-07T20:57:42.813+0000: 164.833: [GC [PSYoungGen: 1005618K->402K(989120K)] 1078178K->73002K(1676096K), 0.0039560 secs] [Times: user=0.01 sys=0.00, real=0.01 secs] 
2014-07-07T20:57:44.111+0000: 166.131: [GC [PSYoungGen: 965650K->338K(927552K)] 1038250K->72962K(1614528K), 0.0097650 secs] [Times: user=0.01 sys=0.01, real=0.01 secs] 
2014-07-07T20:57:45.444+0000: 167.464: [GC [PSYoungGen: 927506K->256K(911808K)] 1000130K->72960K(1598784K), 0.0070380 secs] [Times: user=0.02 sys=0.00, real=0.01 secs] 
2014-07-07T20:57:46.669+0000: 168.689: [GC [PSYoungGen: 891200K->498K(856960K)] 963904K->73314K(1543936K), 0.0128680 secs] [Times: user=0.03 sys=0.00, real=0.01 secs] 
2014-07-07T20:57:47.832+0000: 169.853: [GC [PSYoungGen: 856946K->420K(841728K)] 929762K->73292K(1528704K), 0.0113550 secs] [Times: user=0.04 sys=0.00, real=0.01 secs] 
2014-07-07T20:57:48.933+0000: 170.953: [GC [PSYoungGen: 823891K->420K(792640K)] 896764K->73340K(1479616K), 0.0099230 secs] [Times: user=0.03 sys=0.00, real=0.01 secs] 
2014-07-07T20:57:50.036+0000: 172.056: [GC [PSYoungGen: 792612K->338K(778112K)] 865532K->73282K(1465088K), 0.0079460 secs] [Times: user=0.02 sys=0.00, real=0.00 secs] 
2014-07-07T20:57:51.139+0000: 173.159: [GC [PSYoungGen: 762706K->484K(734400K)] 835650K->73460K(1421376K), 0.0124750 secs] [Times: user=0.04 sys=0.01, real=0.01 secs] 
2014-07-07T20:57:52.182+0000: 174.203: [GC [PSYoungGen: 734372K->470K(720320K)] 807348K->73471K(1407296K), 0.0039980 secs] [Times: user=0.01 sys=0.00, real=0.01 secs] 
2014-07-07T20:57:53.188+0000: 175.208: [GC [PSYoungGen: 707214K->452K(681408K)] 780215K->73484K(1368384K), 0.0092780 secs] [Times: user=0.03 sys=0.00, real=0.01 secs] 
2014-07-07T20:57:54.105+0000: 176.125: [GC [PSYoungGen: 681348K->620K(667968K)] 754380K->73677K(1354944K), 0.0059230 secs] [Times: user=0.01 sys=0.00, real=0.01 secs] 
2014-07-07T20:57:55.020+0000: 177.040: [GC [PSYoungGen: 656876K->634K(633344K)] 729933K->73755K(1320320K), 0.0058810 secs] [Times: user=0.01 sys=0.00, real=0.00 secs] 
2014-07-07T20:57:55.913+0000: 177.933: [GC [PSYoungGen: 633338K->634K(620224K)] 706459K->73835K(1307200K), 0.0071190 secs] [Times: user=0.03 sys=0.00, real=0.01 secs] 
2014-07-07T20:57:56.789+0000: 178.809: [GC [PSYoungGen: 610874K->356K(589184K)] 684075K->73596K(1276160K), 0.0061940 secs] [Times: user=0.01 sys=0.00, real=0.00 secs] 
2014-07-07T20:57:57.755+0000: 179.775: [GC [PSYoungGen: 589156K->484K(576960K)] 662396K->73764K(1263936K), 0.0036900 secs] [Times: user=0.01 sys=0.00, real=0.01 secs] 
2014-07-07T20:57:58.749+0000: 180.769: [GC [PSYoungGen: 568868K->502K(549376K)] 642148K->73846K(1236352K), 0.0085060 secs] [Times: user=0.01 sys=0.01, real=0.01 secs] 
2014-07-07T20:57:59.729+0000: 181.749: [GC [PSYoungGen: 549366K->420K(537600K)] 622710K->73804K(1224576K), 0.0077340 secs] [Times: user=0.02 sys=0.00, real=0.01 secs] 
2014-07-07T20:58:00.546+0000: 182.566: [GC [PSYoungGen: 530660K->274K(512768K)] 604044K->73690K(1199744K), 0.0044970 secs] [Times: user=0.01 sys=0.00, real=0.01 secs] 
2014-07-07T20:58:01.224+0000: 183.244: [GC [PSYoungGen: 512722K->630K(626432K)] 586138K->74094K(1313408K), 0.0193760 secs] [Times: user=0.07 sys=0.00, real=0.02 secs] 
2014-07-07T20:58:02.113+0000: 184.133: [GC [PSYoungGen: 620726K->538K(750912K)] 694190K->74035K(1437888K), 0.0065940 secs] [Times: user=0.02 sys=0.00, real=0.01 secs] 
2014-07-07T20:58:03.123+0000: 185.143: [GC [PSYoungGen: 750874K->338K(908352K)] 824371K->73858K(1595328K), 0.0110140 secs] [Times: user=0.04 sys=0.00, real=0.01 secs] 
2014-07-07T20:58:04.380+0000: 186.400: [GC [PSYoungGen: 908306K->338K(873024K)] 981826K->73874K(1560000K), 0.0078810 secs] [Times: user=0.01 sys=0.00, real=0.01 secs] 
2014-07-07T20:58:05.608+0000: 187.628: [GC [PSYoungGen: 872905K->634K(843648K)] 946442K->74259K(1530624K), 0.0102060 secs] [Times: user=0.03 sys=0.00, real=0.01 secs] 
2014-07-07T20:58:06.816+0000: 188.836: [GC [PSYoungGen: 839610K->370K(807296K)] 913235K->74090K(1494272K), 0.0057780 secs] [Times: user=0.02 sys=0.00, real=0.01 secs] 
2014-07-07T20:58:08.021+0000: 190.041: [GC [PSYoungGen: 807282K->288K(776704K)] 881002K->74032K(1463680K), 0.0047350 secs] [Times: user=0.01 sys=0.00, real=0.00 secs] 
2014-07-07T20:58:09.251+0000: 191.271: [GC [PSYoungGen: 776672K->420K(747712K)] 850416K->74188K(1434688K), 0.0056710 secs] [Times: user=0.01 sys=0.00, real=0.00 secs] 
2014-07-07T20:58:10.530+0000: 192.550: [GC [PSYoungGen: 747684K->438K(719936K)] 821452K->74239K(1406912K), 0.0092990 secs] [Times: user=0.03 sys=0.00, real=0.01 secs] 
2014-07-07T20:58:11.724+0000: 193.745: [GC [PSYoungGen: 719926K->224K(693312K)] 793727K->74040K(1380288K), 0.0041030 secs] [Times: user=0.01 sys=0.00, real=0.01 secs] 
2014-07-07T20:58:12.878+0000: 194.898: [GC [PSYoungGen: 693278K->192K(670912K)] 767095K->74032K(1357888K), 0.0117400 secs] [Times: user=0.04 sys=0.00, real=0.01 secs] 
2014-07-07T20:58:13.987+0000: 196.007: [GC [PSYoungGen: 668032K->256K(644032K)] 741872K->74120K(1331008K), 0.0036420 secs] [Times: user=0.01 sys=0.00, real=0.01 secs] 
2014-07-07T20:58:15.088+0000: 197.108: [GC [PSYoungGen: 644032K->502K(623488K)] 717896K->74415K(1310464K), 0.0087350 secs] [Times: user=0.03 sys=0.00, real=0.01 secs] 
2014-07-07T20:58:16.145+0000: 198.165: [GC [PSYoungGen: 621302K->420K(599360K)] 695215K->74412K(1286336K), 0.0158890 secs] [Times: user=0.06 sys=0.01, real=0.02 secs] 
2014-07-07T20:58:17.154+0000: 199.174: [GC [PSYoungGen: 599332K->288K(578304K)] 673324K->74312K(1265280K), 0.0125950 secs] [Times: user=0.05 sys=0.00, real=0.01 secs] 
2014-07-07T20:58:18.139+0000: 200.159: [GC [PSYoungGen: 578272K->306K(558336K)] 652296K->74362K(1245312K), 0.0089430 secs] [Times: user=0.03 sys=0.00, real=0.01 secs] 
2014-07-07T20:58:19.066+0000: 201.086: [GC [PSYoungGen: 558322K->374K(670016K)] 632378K->74455K(1356992K), 0.0135550 secs] [Times: user=0.04 sys=0.00, real=0.02 secs] 
2014-07-07T20:58:20.241+0000: 202.261: [GC [PSYoungGen: 670006K->224K(645760K)] 744087K->74336K(1332736K), 0.0094310 secs] [Times: user=0.03 sys=0.00, real=0.01 secs] 
2014-07-07T20:58:21.325+0000: 203.345: [GC [PSYoungGen: 645665K->306K(622784K)] 719778K->74434K(1309760K), 0.0038750 secs] [Times: user=0.01 sys=0.00, real=0.00 secs] 
2014-07-07T20:58:22.399+0000: 204.419: [GC [PSYoungGen: 622743K->424K(600960K)] 696872K->74569K(1287936K), 0.0041800 secs] [Times: user=0.01 sys=0.01, real=0.01 secs] 
2014-07-07T20:58:23.414+0000: 205.434: [GC [PSYoungGen: 600936K->192K(579712K)] 675081K->74344K(1266688K), 0.0066890 secs] [Times: user=0.01 sys=0.00, real=0.01 secs] 
2014-07-07T20:58:24.394+0000: 206.414: [GC [PSYoungGen: 579712K->288K(559808K)] 653864K->74456K(1246784K), 0.0042390 secs] [Times: user=0.01 sys=0.00, real=0.00 secs] 
2014-07-07T20:58:25.327+0000: 207.347: [GC [PSYoungGen: 559724K->370K(540736K)] 633893K->74610K(1227712K), 0.0179110 secs] [Times: user=0.05 sys=0.00, real=0.02 secs] 
2014-07-07T20:58:26.255+0000: 208.275: [GC [PSYoungGen: 540722K->356K(522496K)] 614962K->74652K(1209472K), 0.0038480 secs] [Times: user=0.01 sys=0.00, real=0.00 secs] 
2014-07-07T20:58:27.123+0000: 209.143: [GC [PSYoungGen: 522468K->406K(505088K)] 596764K->74735K(1192064K), 0.0058710 secs] [Times: user=0.01 sys=0.00, real=0.00 secs] 
2014-07-07T20:58:27.995+0000: 210.015: [GC [PSYoungGen: 504987K->406K(488448K)] 579316K->74758K(1175424K), 0.0034270 secs] [Times: user=0.00 sys=0.00, real=0.00 secs] 
2014-07-07T20:58:28.815+0000: 210.835: [GC [PSYoungGen: 488406K->128K(472192K)] 562758K->74496K(1159168K), 0.0034150 secs] [Times: user=0.01 sys=0.00, real=0.00 secs] 
2014-07-07T20:58:29.633+0000: 211.653: [GC [PSYoungGen: 472192K->192K(457024K)] 546560K->74600K(1144000K), 0.0038990 secs] [Times: user=0.01 sys=0.00, real=0.00 secs] 
2014-07-07T20:58:30.408+0000: 212.428: [GC [PSYoungGen: 456948K->356K(442624K)] 531357K->74780K(1129600K), 0.0041230 secs] [Times: user=0.01 sys=0.00, real=0.01 secs] 
2014-07-07T20:58:31.136+0000: 213.157: [GC [PSYoungGen: 442596K->274K(428608K)] 517020K->74714K(1115584K), 0.0037940 secs] [Times: user=0.01 sys=0.00, real=0.00 secs] 
2014-07-07T20:58:31.906+0000: 213.926: [GC [PSYoungGen: 428562K->342K(415360K)] 503002K->74791K(1102336K), 0.0051350 secs] [Times: user=0.01 sys=0.00, real=0.01 secs] 
2014-07-07T20:58:32.613+0000: 214.633: [GC [PSYoungGen: 415318K->224K(402496K)] 489767K->74688K(1089472K), 0.0055910 secs] [Times: user=0.00 sys=0.00, real=0.00 secs] 
2014-07-07T20:58:33.297+0000: 215.317: [GC [PSYoungGen: 402464K->192K(390208K)] 476928K->74664K(1077184K), 0.0055570 secs] [Times: user=0.01 sys=0.00, real=0.01 secs] 
2014-07-07T20:58:33.953+0000: 215.973: [GC [PSYoungGen: 390179K->374K(378688K)] 464652K->74870K(1065664K), 0.0034610 secs] [Times: user=0.01 sys=0.01, real=0.00 secs] 
2014-07-07T20:58:34.622+0000: 216.642: [GC [PSYoungGen: 378669K->274K(367424K)] 453166K->74810K(1054400K), 0.0056220 secs] [Times: user=0.01 sys=0.00, real=0.00 secs] 
2014-07-07T20:58:35.231+0000: 217.251: [GC [PSYoungGen: 367378K->324K(356736K)] 441914K->74908K(1043712K), 0.0065410 secs] [Times: user=0.02 sys=0.00, real=0.01 secs] 
2014-07-07T20:58:35.842+0000: 217.862: [GC [PSYoungGen: 356676K->406K(346496K)] 431260K->75047K(1033472K), 0.0047320 secs] [Times: user=0.00 sys=0.01, real=0.01 secs] 
2014-07-07T20:58:36.462+0000: 218.482: [GC [PSYoungGen: 346451K->192K(336384K)] 421092K->74864K(1023360K), 0.0047400 secs] [Times: user=0.02 sys=0.00, real=0.00 secs] 
2014-07-07T20:58:37.023+0000: 219.043: [GC [PSYoungGen: 336384K->320K(327040K)] 411056K->75040K(1014016K), 0.0045330 secs] [Times: user=0.02 sys=0.00, real=0.00 secs] 
2014-07-07T20:58:37.602+0000: 219.622: [GC [PSYoungGen: 327040K->274K(317952K)] 401760K->75010K(1004928K), 0.0062760 secs] [Times: user=0.01 sys=0.00, real=0.00 secs] 
2014-07-07T20:58:38.141+0000: 220.161: [GC [PSYoungGen: 317885K->256K(309184K)] 392622K->75016K(996160K), 0.0045520 secs] [Times: user=0.01 sys=0.00, real=0.01 secs] 
2014-07-07T20:58:38.728+0000: 220.748: [GC [PSYoungGen: 309184K->224K(300800K)] 383944K->75008K(987776K), 0.0030330 secs] [Times: user=0.01 sys=0.00, real=0.00 secs] 
2014-07-07T20:58:39.245+0000: 221.265: [GC [PSYoungGen: 300768K->192K(292672K)] 375552K->75000K(979648K), 0.0074340 secs] [Times: user=0.03 sys=0.00, real=0.01 secs] 
2014-07-07T20:58:39.738+0000: 221.758: [GC [PSYoungGen: 292672K->192K(284928K)] 367480K->75024K(971904K), 0.0029060 secs] [Times: user=0.01 sys=0.01, real=0.00 secs] 
2014-07-07T20:58:40.232+0000: 222.253: [GC [PSYoungGen: 284854K->570K(342272K)] 359686K->75427K(1029248K), 0.0151820 secs] [Times: user=0.05 sys=0.00, real=0.02 secs] 
2014-07-07T20:58:40.828+0000: 222.848: [GC [PSYoungGen: 342266K->320K(410368K)] 417123K->75184K(1097344K), 0.0056880 secs] [Times: user=0.01 sys=0.00, real=0.01 secs] 
2014-07-07T20:58:41.531+0000: 223.551: [GC [PSYoungGen: 410368K->192K(492288K)] 485232K->75080K(1179264K), 0.0079210 secs] [Times: user=0.03 sys=0.00, real=0.01 secs] 
2014-07-07T20:58:42.369+0000: 224.389: [GC [PSYoungGen: 492288K->288K(590848K)] 567176K->75200K(1277824K), 0.0122620 secs] [Times: user=0.03 sys=0.00, real=0.01 secs] 
2014-07-07T20:58:43.384+0000: 225.404: [GC [PSYoungGen: 590816K->274K(708992K)] 665728K->75194K(1395968K), 0.0052740 secs] [Times: user=0.00 sys=0.00, real=0.00 secs] 
2014-07-07T20:58:44.633+0000: 226.653: [GC [PSYoungGen: 708944K->352K(850816K)] 783865K->75296K(1537792K), 0.0127960 secs] [Times: user=0.05 sys=0.00, real=0.02 secs] 
2014-07-07T20:58:46.064+0000: 228.084: [GC [PSYoungGen: 850784K->338K(818240K)] 925728K->75378K(1505216K), 0.0044070 secs] [Times: user=0.01 sys=0.00, real=0.00 secs] 
2014-07-07T20:58:47.498+0000: 229.518: [GC [PSYoungGen: 818194K->288K(787136K)] 893234K->75392K(1474112K), 0.0109070 secs] [Times: user=0.03 sys=0.00, real=0.01 secs] 
2014-07-07T20:58:48.866+0000: 230.886: [GC [PSYoungGen: 787104K->256K(757440K)] 862208K->75384K(1444416K), 0.0059820 secs] [Times: user=0.01 sys=0.00, real=0.00 secs] 
2014-07-07T20:58:50.154+0000: 232.174: [GC [PSYoungGen: 757440K->288K(729280K)] 832568K->75448K(1416256K), 0.0091360 secs] [Times: user=0.04 sys=0.00, real=0.01 secs] 
2014-07-07T20:58:51.418+0000: 233.438: [GC [PSYoungGen: 729248K->324K(702464K)] 804408K->75500K(1389440K), 0.0051220 secs] [Times: user=0.00 sys=0.00, real=0.00 secs] 
2014-07-07T20:58:52.601+0000: 234.621: [GC [PSYoungGen: 702404K->224K(676672K)] 777580K->75416K(1363648K), 0.0060250 secs] [Times: user=0.01 sys=0.00, real=0.01 secs] 
2014-07-07T20:58:53.772+0000: 235.792: [GC [PSYoungGen: 676640K->256K(652224K)] 751832K->75464K(1339200K), 0.0034260 secs] [Times: user=0.01 sys=0.00, real=0.01 secs] 
2014-07-07T20:58:54.867+0000: 236.887: [GC [PSYoungGen: 652167K->498K(629120K)] 727376K->75802K(1316096K), 0.0081920 secs] [Times: user=0.03 sys=0.00, real=0.01 secs] 
2014-07-07T20:58:55.953+0000: 237.973: [GC [PSYoungGen: 629106K->388K(606784K)] 704410K->75780K(1293760K), 0.0047550 secs] [Times: user=0.02 sys=0.00, real=0.01 secs] 
2014-07-07T20:58:56.993+0000: 239.013: [GC [PSYoungGen: 606681K->242K(585344K)] 682074K->75698K(1272320K), 0.0063640 secs] [Times: user=0.01 sys=0.00, real=0.01 secs] 
2014-07-07T20:58:58.008+0000: 240.028: [GC [PSYoungGen: 585330K->342K(565184K)] 660786K->75831K(1252160K), 0.0038490 secs] [Times: user=0.01 sys=0.00, real=0.00 secs] 
2014-07-07T20:58:58.988+0000: 241.008: [GC [PSYoungGen: 565142K->224K(545728K)] 640631K->75736K(1232704K), 0.0081850 secs] [Times: user=0.02 sys=0.00, real=0.01 secs] 
2014-07-07T20:58:59.937+0000: 241.957: [GC [PSYoungGen: 545696K->374K(527360K)] 621208K->75902K(1214336K), 0.0047470 secs] [Times: user=0.01 sys=0.00, real=0.00 secs] 
2014-07-07T20:59:00.856+0000: 242.876: [GC [PSYoungGen: 527347K->256K(509568K)] 602876K->75816K(1196544K), 0.0088870 secs] [Times: user=0.03 sys=0.00, real=0.01 secs] 
2014-07-07T20:59:01.782+0000: 243.802: [GC [PSYoungGen: 509568K->224K(492672K)] 585128K->75800K(1179648K), 0.0033350 secs] [Times: user=0.01 sys=0.01, real=0.00 secs] 
2014-07-07T20:59:02.647+0000: 244.667: [GC [PSYoungGen: 492640K->224K(476544K)] 568216K->75824K(1163520K), 0.0058500 secs] [Times: user=0.02 sys=0.00, real=0.00 secs] 
2014-07-07T20:59:03.458+0000: 245.478: [GC [PSYoungGen: 476441K->406K(461312K)] 552042K->76022K(1148288K), 0.0035190 secs] [Times: user=0.01 sys=0.00, real=0.00 secs] 
2014-07-07T20:59:04.273+0000: 246.293: [GC [PSYoungGen: 461270K->288K(446464K)] 536886K->75928K(1133440K), 0.0076450 secs] [Times: user=0.02 sys=0.00, real=0.01 secs] 
2014-07-07T20:59:05.033+0000: 247.053: [GC [PSYoungGen: 446432K->256K(432320K)] 522072K->75960K(1119296K), 0.0037810 secs] [Times: user=0.01 sys=0.00, real=0.01 secs] 
2014-07-07T20:59:05.794+0000: 247.814: [GC [PSYoungGen: 432314K->128K(418688K)] 508019K->75880K(1105664K), 0.0033170 secs] [Times: user=0.01 sys=0.01, real=0.01 secs] 
2014-07-07T20:59:06.545+0000: 248.565: [GC [PSYoungGen: 418673K->356K(406016K)] 494426K->76132K(1092992K), 0.0059000 secs] [Times: user=0.01 sys=0.00, real=0.01 secs] 
2014-07-07T20:59:07.256+0000: 249.276: [GC [PSYoungGen: 405988K->224K(393536K)] 481764K->76024K(1080512K), 0.0061280 secs] [Times: user=0.01 sys=0.01, real=0.01 secs] 
2014-07-07T20:59:07.937+0000: 249.957: [GC [PSYoungGen: 393504K->256K(381696K)] 469304K->76088K(1068672K), 0.0041870 secs] [Times: user=0.00 sys=0.01, real=0.00 secs] 
2014-07-07T20:59:08.623+0000: 250.643: [GC [PSYoungGen: 381695K->352K(370496K)] 457528K->76216K(1057472K), 0.0043240 secs] [Times: user=0.01 sys=0.00, real=0.01 secs] 
2014-07-07T20:59:09.237+0000: 251.257: [GC [PSYoungGen: 370439K->438K(359680K)] 446304K->76326K(1046656K), 0.0072620 secs] [Times: user=0.03 sys=0.00, real=0.01 secs] 
2014-07-07T20:59:09.860+0000: 251.880: [GC [PSYoungGen: 359670K->256K(431360K)] 435558K->76224K(1118336K), 0.0111180 secs] [Times: user=0.04 sys=0.00, real=0.01 secs] 
2014-07-07T20:59:10.641+0000: 252.661: [GC [PSYoungGen: 431356K->256K(417920K)] 507325K->76240K(1104896K), 0.0038570 secs] [Times: user=0.01 sys=0.00, real=0.00 secs] 
2014-07-07T20:59:11.348+0000: 253.368: [GC [PSYoungGen: 417854K->306K(405120K)] 493839K->76322K(1092096K), 0.0047000 secs] [Times: user=0.02 sys=0.00, real=0.00 secs] 
2014-07-07T20:59:12.103+0000: 254.123: [GC [PSYoungGen: 405106K->338K(392832K)] 481122K->76370K(1079808K), 0.0098820 secs] [Times: user=0.03 sys=0.00, real=0.01 secs] 
2014-07-07T20:59:12.829+0000: 254.849: [GC [PSYoungGen: 392786K->192K(380800K)] 468818K->76240K(1067776K), 0.0033520 secs] [Times: user=0.01 sys=0.00, real=0.00 secs] 
2014-07-07T20:59:13.512+0000: 255.532: [GC [PSYoungGen: 380800K->374K(369664K)] 456848K->76439K(1056640K), 0.0061640 secs] [Times: user=0.01 sys=0.00, real=0.01 secs] 
2014-07-07T20:59:14.157+0000: 256.177: [GC [PSYoungGen: 369654K->288K(358784K)] 445719K->76368K(1045760K), 0.0050530 secs] [Times: user=0.01 sys=0.00, real=0.01 secs] 
2014-07-07T20:59:14.780+0000: 256.800: [GC [PSYoungGen: 358752K->480K(430720K)] 434832K->76640K(1117696K), 0.0131680 secs] [Times: user=0.04 sys=0.00, real=0.01 secs] 
2014-07-07T20:59:15.569+0000: 257.589: [GC [PSYoungGen: 430688K->256K(516544K)] 506848K->76512K(1203520K), 0.0083850 secs] [Times: user=0.03 sys=0.00, real=0.00 secs] 
2014-07-07T20:59:16.474+0000: 258.494: [GC [PSYoungGen: 516498K->488K(620096K)] 592755K->76777K(1307072K), 0.0061700 secs] [Times: user=0.00 sys=0.00, real=0.01 secs] 
2014-07-07T20:59:17.590+0000: 259.610: [GC [PSYoungGen: 620072K->242K(598016K)] 696361K->76562K(1284992K), 0.0026690 secs] [Times: user=0.01 sys=0.00, real=0.00 secs] 
2014-07-07T20:59:18.647+0000: 260.667: [GC [PSYoungGen: 598002K->160K(577088K)] 674322K->76512K(1264064K), 0.0057010 secs] [Times: user=0.02 sys=0.01, real=0.01 secs] 
2014-07-07T20:59:19.672+0000: 261.692: [GC [PSYoungGen: 577056K->192K(557184K)] 653408K->76560K(1244160K), 0.0034780 secs] [Times: user=0.01 sys=0.00, real=0.00 secs] 
2014-07-07T20:59:20.669+0000: 262.689: [GC [PSYoungGen: 557183K->256K(538240K)] 633552K->76648K(1225216K), 0.0044530 secs] [Times: user=0.01 sys=0.00, real=0.01 secs] 
2014-07-07T20:59:21.622+0000: 263.642: [GC [PSYoungGen: 538182K->192K(520000K)] 614575K->76608K(1206976K), 0.0052520 secs] [Times: user=0.01 sys=0.00, real=0.00 secs] 
2014-07-07T20:59:22.543+0000: 264.564: [GC [PSYoungGen: 520000K->256K(502720K)] 596416K->76688K(1189696K), 0.0034060 secs] [Times: user=0.01 sys=0.00, real=0.00 secs] 
2014-07-07T20:59:23.503+0000: 265.523: [GC [PSYoungGen: 502720K->352K(486272K)] 579152K->76816K(1173248K), 0.0099870 secs] [Times: user=0.04 sys=0.01, real=0.01 secs] 
2014-07-07T20:59:24.400+0000: 266.420: [GC [PSYoungGen: 486240K->388K(470464K)] 562704K->76884K(1157440K), 0.0041500 secs] [Times: user=0.01 sys=0.00, real=0.00 secs] 
2014-07-07T20:59:25.294+0000: 267.314: [GC [PSYoungGen: 470404K->356K(455232K)] 546900K->76916K(1142208K), 0.0038640 secs] [Times: user=0.01 sys=0.00, real=0.00 secs] 
2014-07-07T20:59:26.155+0000: 268.175: [GC [PSYoungGen: 455204K->192K(440576K)] 531764K->76800K(1127552K), 0.0036960 secs] [Times: user=0.01 sys=0.00, real=0.00 secs] 
2014-07-07T20:59:27.000+0000: 269.021: [GC [PSYoungGen: 440576K->192K(426688K)] 517184K->76832K(1113664K), 0.0072080 secs] [Times: user=0.02 sys=0.00, real=0.00 secs] 
2014-07-07T20:59:27.830+0000: 269.850: [GC [PSYoungGen: 426688K->96K(413376K)] 503328K->76760K(1100352K), 0.0029010 secs] [Times: user=0.00 sys=0.01, real=0.00 secs] 
2014-07-07T20:59:28.658+0000: 270.678: [GC [PSYoungGen: 413265K->456K(401088K)] 489930K->77145K(1088064K), 0.0035330 secs] [Times: user=0.01 sys=0.00, real=0.01 secs] 
2014-07-07T20:59:29.443+0000: 271.463: [GC [PSYoungGen: 401032K->392K(388864K)] 477721K->77105K(1075840K), 0.0029950 secs] [Times: user=0.01 sys=0.00, real=0.00 secs] 
2014-07-07T20:59:30.209+0000: 272.229: [GC [PSYoungGen: 388807K->256K(377024K)] 465520K->77008K(1064000K), 0.0058120 secs] [Times: user=0.01 sys=0.00, real=0.01 secs] 
2014-07-07T20:59:30.960+0000: 272.980: [GC [PSYoungGen: 377024K->192K(365824K)] 453776K->76976K(1052800K), 0.0071810 secs] [Times: user=0.03 sys=0.00, real=0.00 secs] 
2014-07-07T20:59:31.714+0000: 273.734: [GC [PSYoungGen: 365810K->428K(355392K)] 442595K->77221K(1042368K), 0.0061570 secs] [Times: user=0.01 sys=0.00, real=0.01 secs] 
2014-07-07T20:59:32.442+0000: 274.462: [GC [PSYoungGen: 355372K->452K(345216K)] 432165K->77284K(1032192K), 0.0046460 secs] [Times: user=0.01 sys=0.00, real=0.00 secs] 
2014-07-07T20:59:33.139+0000: 275.159: [GC [PSYoungGen: 345156K->160K(335040K)] 421988K->77000K(1022016K), 0.0049190 secs] [Times: user=0.01 sys=0.00, real=0.01 secs] 
2014-07-07T20:59:33.826+0000: 275.846: [GC [PSYoungGen: 335008K->324K(325824K)] 411848K->77204K(1012800K), 0.0094770 secs] [Times: user=0.03 sys=0.00, real=0.01 secs] 
2014-07-07T20:59:34.506+0000: 276.527: [GC [PSYoungGen: 325764K->288K(316736K)] 402644K->77224K(1003712K), 0.0090340 secs] [Times: user=0.03 sys=0.00, real=0.01 secs] 
2014-07-07T20:59:35.147+0000: 277.167: [GC [PSYoungGen: 316704K->320K(380032K)] 393640K->77320K(1067008K), 0.0165570 secs] [Times: user=0.06 sys=0.01, real=0.02 secs] 
2014-07-07T20:59:35.925+0000: 277.945: [GC [PSYoungGen: 380032K->128K(455808K)] 457032K->77176K(1142784K), 0.0039990 secs] [Times: user=0.01 sys=0.00, real=0.00 secs] 
2014-07-07T20:59:36.857+0000: 278.878: [GC [PSYoungGen: 455807K->256K(547072K)] 532856K->77344K(1234048K), 0.0270130 secs] [Times: user=0.10 sys=0.00, real=0.03 secs] 
2014-07-07T20:59:37.971+0000: 279.991: [GC [PSYoungGen: 547031K->192K(656384K)] 624120K->77320K(1343360K), 0.0059200 secs] [Times: user=0.02 sys=0.00, real=0.01 secs] 
2014-07-07T20:59:39.310+0000: 281.330: [GC [PSYoungGen: 656319K->356K(787840K)] 733448K->77508K(1474816K), 0.0053500 secs] [Times: user=0.02 sys=0.00, real=0.01 secs] 
2014-07-07T20:59:40.924+0000: 282.944: [GC [PSYoungGen: 787812K->160K(758016K)] 864964K->77344K(1444992K), 0.0062490 secs] [Times: user=0.03 sys=0.00, real=0.00 secs] 
2014-07-07T20:59:42.483+0000: 284.503: [GC [PSYoungGen: 757984K->256K(729856K)] 835168K->77464K(1416832K), 0.0109020 secs] [Times: user=0.04 sys=0.00, real=0.01 secs] 
2014-07-07T20:59:43.974+0000: 285.994: [GC [PSYoungGen: 729856K->256K(702912K)] 807064K->77496K(1389888K), 0.0056110 secs] [Times: user=0.01 sys=0.00, real=0.00 secs] 
2014-07-07T20:59:45.402+0000: 287.422: [GC [PSYoungGen: 702912K->498K(677504K)] 780152K->77810K(1364480K), 0.0089290 secs] [Times: user=0.03 sys=0.00, real=0.00 secs] 
2014-07-07T20:59:46.808+0000: 288.828: [GC [PSYoungGen: 677486K->292K(652800K)] 754799K->77692K(1339776K), 0.0061570 secs] [Times: user=0.01 sys=0.00, real=0.01 secs] 
2014-07-07T20:59:48.128+0000: 290.148: [GC [PSYoungGen: 652772K->96K(629248K)] 730172K->77552K(1316224K), 0.0077450 secs] [Times: user=0.03 sys=0.00, real=0.01 secs] 
2014-07-07T20:59:49.426+0000: 291.446: [GC [PSYoungGen: 629216K->160K(607040K)] 706672K->77632K(1294016K), 0.0055420 secs] [Times: user=0.01 sys=0.00, real=0.00 secs] 
2014-07-07T20:59:50.684+0000: 292.704: [GC [PSYoungGen: 607008K->192K(585792K)] 684480K->77688K(1272768K), 0.0043500 secs] [Times: user=0.02 sys=0.00, real=0.00 secs] 
2014-07-07T20:59:51.899+0000: 293.919: [GC [PSYoungGen: 585760K->392K(565760K)] 663257K->77920K(1252736K), 0.0096520 secs] [Times: user=0.03 sys=0.01, real=0.01 secs] 
2014-07-07T20:59:53.069+0000: 295.089: [GC [PSYoungGen: 565632K->192K(546112K)] 643161K->77736K(1233088K), 0.0035260 secs] [Times: user=0.01 sys=0.00, real=0.00 secs] 
2014-07-07T20:59:54.200+0000: 296.220: [GC [PSYoungGen: 546032K->566K(528000K)] 623577K->78158K(1214976K), 0.0091020 secs] [Times: user=0.03 sys=0.01, real=0.01 secs] 
2014-07-07T20:59:55.289+0000: 297.309: [GC [PSYoungGen: 527988K->356K(510144K)] 605581K->78004K(1197120K), 0.0043750 secs] [Times: user=0.02 sys=0.00, real=0.00 secs] 
2014-07-07T20:59:56.363+0000: 298.383: [GC [PSYoungGen: 510116K->456K(493376K)] 587764K->78185K(1180352K), 0.0059350 secs] [Times: user=0.01 sys=0.00, real=0.01 secs] 
2014-07-07T20:59:57.416+0000: 299.436: [GC [PSYoungGen: 493320K->256K(476992K)] 571049K->78016K(1163968K), 0.0039750 secs] [Times: user=0.00 sys=0.00, real=0.00 secs] 
2014-07-07T20:59:58.436+0000: 300.456: [GC [PSYoungGen: 476992K->256K(461568K)] 554752K->78048K(1148544K), 0.0037120 secs] [Times: user=0.00 sys=0.00, real=0.00 secs] 
2014-07-07T20:59:59.420+0000: 301.441: [GC [PSYoungGen: 461531K->456K(447040K)] 539324K->78281K(1134016K), 0.0065930 secs] [Times: user=0.03 sys=0.00, real=0.01 secs] 
2014-07-07T21:00:00.375+0000: 302.395: [GC [PSYoungGen: 446984K->160K(432576K)] 524809K->78008K(1119552K), 0.0122730 secs] [Times: user=0.04 sys=0.01, real=0.01 secs] 
2014-07-07T21:00:01.295+0000: 303.315: [GC [PSYoungGen: 432544K->288K(419200K)] 510392K->78168K(1106176K), 0.0093270 secs] [Times: user=0.03 sys=0.00, real=0.01 secs] 
2014-07-07T21:00:02.189+0000: 304.209: [GC [PSYoungGen: 419168K->192K(406144K)] 497048K->78088K(1093120K), 0.0035960 secs] [Times: user=0.01 sys=0.00, real=0.00 secs] 
2014-07-07T21:00:03.055+0000: 305.075: [GC [PSYoungGen: 406144K->128K(393728K)] 484040K->78040K(1080704K), 0.0034650 secs] [Times: user=0.01 sys=0.00, real=0.01 secs] 
2014-07-07T21:00:03.892+0000: 305.913: [GC [PSYoungGen: 393728K->288K(382080K)] 471640K->78232K(1069056K), 0.0031300 secs] [Times: user=0.01 sys=0.00, real=0.01 secs] 
2014-07-07T21:00:04.711+0000: 306.731: [GC [PSYoungGen: 382048K->320K(370688K)] 459992K->78312K(1057664K), 0.0115530 secs] [Times: user=0.04 sys=0.00, real=0.01 secs] 
2014-07-07T21:00:05.499+0000: 307.519: [GC [PSYoungGen: 370688K->256K(359744K)] 448680K->78320K(1046720K), 0.0099670 secs] [Times: user=0.03 sys=0.00, real=0.01 secs] 
2014-07-07T21:00:06.263+0000: 308.284: [GC [PSYoungGen: 359744K->320K(349376K)] 437808K->78432K(1036352K), 0.0036010 secs] [Times: user=0.01 sys=0.00, real=0.01 secs] 
2014-07-07T21:00:07.010+0000: 309.031: [GC [PSYoungGen: 349303K->324K(339456K)] 427415K->78460K(1026432K), 0.0036910 secs] [Times: user=0.01 sys=0.00, real=0.00 secs] 
2014-07-07T21:00:07.737+0000: 309.757: [GC [PSYoungGen: 339396K->292K(329792K)] 417532K->78444K(1016768K), 0.0052470 secs] [Times: user=0.00 sys=0.00, real=0.00 secs] 
2014-07-07T21:00:08.446+0000: 310.467: [GC [PSYoungGen: 329762K->320K(320576K)] 407915K->78488K(1007552K), 0.0043720 secs] [Times: user=0.01 sys=0.00, real=0.00 secs] 
2014-07-07T21:00:09.124+0000: 311.144: [GC [PSYoungGen: 320562K->324K(311808K)] 398731K->78524K(998784K), 0.0091070 secs] [Times: user=0.03 sys=0.00, real=0.01 secs] 
2014-07-07T21:00:09.785+0000: 311.805: [GC [PSYoungGen: 311748K->224K(303168K)] 389948K->78464K(990144K), 0.0037310 secs] [Times: user=0.01 sys=0.00, real=0.01 secs] 
2014-07-07T21:00:10.438+0000: 312.458: [GC [PSYoungGen: 303136K->306K(295104K)] 381376K->78586K(982080K), 0.0044050 secs] [Times: user=0.01 sys=0.00, real=0.00 secs] 
2014-07-07T21:00:11.064+0000: 313.084: [GC [PSYoungGen: 295090K->274K(287296K)] 373370K->78578K(974272K), 0.0079160 secs] [Times: user=0.02 sys=0.00, real=0.01 secs] 
2014-07-07T21:00:11.677+0000: 313.697: [GC [PSYoungGen: 287250K->178K(279616K)] 365554K->78490K(966592K), 0.0044150 secs] [Times: user=0.01 sys=0.01, real=0.00 secs] 
2014-07-07T21:00:12.272+0000: 314.292: [GC [PSYoungGen: 279599K->288K(272512K)] 357912K->78640K(959488K), 0.0050600 secs] [Times: user=0.02 sys=0.00, real=0.00 secs] 
2014-07-07T21:00:12.854+0000: 314.874: [GC [PSYoungGen: 272479K->192K(265408K)] 350832K->78576K(952384K), 0.0056280 secs] [Times: user=0.02 sys=0.00, real=0.01 secs] 
2014-07-07T21:00:13.419+0000: 315.439: [GC [PSYoungGen: 265405K->438K(258944K)] 343790K->78847K(945920K), 0.0079640 secs] [Times: user=0.03 sys=0.01, real=0.00 secs] 
2014-07-07T21:00:13.971+0000: 315.991: [GC [PSYoungGen: 258934K->160K(310400K)] 337343K->78592K(997376K), 0.0071310 secs] [Times: user=0.03 sys=0.00, real=0.01 secs] 
2014-07-07T21:00:14.633+0000: 316.653: [GC [PSYoungGen: 310368K->192K(301952K)] 388800K->78672K(988928K), 0.0027850 secs] [Times: user=0.01 sys=0.00, real=0.00 secs] 
2014-07-07T21:00:15.278+0000: 317.298: [GC [PSYoungGen: 301952K->192K(293824K)] 380432K->78728K(980800K), 0.0043860 secs] [Times: user=0.01 sys=0.00, real=0.00 secs] 
2014-07-07T21:00:15.900+0000: 317.921: [GC [PSYoungGen: 293822K->160K(286016K)] 372359K->78728K(972992K), 0.0035600 secs] [Times: user=0.01 sys=0.00, real=0.00 secs] 
2014-07-07T21:00:16.515+0000: 318.536: [GC [PSYoungGen: 285984K->192K(278528K)] 364552K->78784K(965504K), 0.0067800 secs] [Times: user=0.02 sys=0.00, real=0.01 secs] 
2014-07-07T21:00:17.105+0000: 319.125: [GC [PSYoungGen: 278513K->470K(334528K)] 357106K->79094K(1021504K), 0.0110400 secs] [Times: user=0.04 sys=0.00, real=0.01 secs] 
2014-07-07T21:00:17.821+0000: 319.841: [GC [PSYoungGen: 334484K->128K(324736K)] 413108K->78768K(1011712K), 0.0040930 secs] [Times: user=0.01 sys=0.00, real=0.00 secs] 
2014-07-07T21:00:18.514+0000: 320.534: [GC [PSYoungGen: 324715K->520K(316160K)] 403356K->79176K(1003136K), 0.0037020 secs] [Times: user=0.01 sys=0.00, real=0.01 secs] 
2014-07-07T21:00:19.185+0000: 321.205: [GC [PSYoungGen: 316104K->288K(307264K)] 394760K->78984K(994240K), 0.0059540 secs] [Times: user=0.00 sys=0.01, real=0.01 secs] 
2014-07-07T21:00:19.842+0000: 321.862: [GC [PSYoungGen: 307232K->388K(368832K)] 385928K->79108K(1055808K), 0.0133020 secs] [Times: user=0.05 sys=0.00, real=0.01 secs] 
2014-07-07T21:00:20.626+0000: 322.646: [GC [PSYoungGen: 368715K->406K(442560K)] 447436K->79166K(1129536K), 0.0053170 secs] [Times: user=0.02 sys=0.00, real=0.01 secs] 
2014-07-07T21:00:21.569+0000: 323.589: [GC [PSYoungGen: 442518K->292K(530880K)] 521278K->79124K(1217856K), 0.0131530 secs] [Times: user=0.05 sys=0.00, real=0.01 secs] 
2014-07-07T21:00:22.709+0000: 324.729: [GC [PSYoungGen: 530852K->160K(512960K)] 609684K->79008K(1199936K), 0.0052670 secs] [Times: user=0.01 sys=0.01, real=0.00 secs] 
2014-07-07T21:00:23.805+0000: 325.825: [GC [PSYoungGen: 512928K->256K(496000K)] 591776K->79160K(1182976K), 0.0088170 secs] [Times: user=0.03 sys=0.00, real=0.01 secs] 
2014-07-07T21:00:24.862+0000: 326.882: [GC [PSYoungGen: 496000K->520K(480064K)] 574904K->79465K(1167040K), 0.0035230 secs] [Times: user=0.01 sys=0.00, real=0.00 secs] 
2014-07-07T21:00:25.886+0000: 327.906: [GC [PSYoungGen: 480006K->320K(464256K)] 558951K->79368K(1151232K), 0.0070750 secs] [Times: user=0.03 sys=0.00, real=0.01 secs] 
2014-07-07T21:00:26.872+0000: 328.893: [GC [PSYoungGen: 464256K->224K(449280K)] 543304K->79328K(1136256K), 0.0093490 secs] [Times: user=0.03 sys=0.00, real=0.01 secs] 
2014-07-07T21:00:27.834+0000: 329.854: [GC [PSYoungGen: 449248K->128K(434944K)] 528352K->79256K(1121920K), 0.0048870 secs] [Times: user=0.00 sys=0.00, real=0.00 secs] 
2014-07-07T21:00:28.767+0000: 330.787: [GC [PSYoungGen: 434944K->448K(421632K)] 514072K->79600K(1108608K), 0.0049360 secs] [Times: user=0.01 sys=0.00, real=0.01 secs] 
2014-07-07T21:00:29.658+0000: 331.678: [GC [PSYoungGen: 421580K->292K(408448K)] 500733K->79469K(1095424K), 0.0029300 secs] [Times: user=0.01 sys=0.00, real=0.01 secs] 
2014-07-07T21:00:30.531+0000: 332.551: [GC [PSYoungGen: 408420K->292K(395968K)] 487597K->79485K(1082944K), 0.0054300 secs] [Times: user=0.01 sys=0.00, real=0.00 secs] 
2014-07-07T21:00:31.377+0000: 333.397: [GC [PSYoungGen: 395940K->224K(383936K)] 475133K->79456K(1070912K), 0.0027140 secs] [Times: user=0.01 sys=0.00, real=0.01 secs] 
2014-07-07T21:00:32.199+0000: 334.220: [GC [PSYoungGen: 383904K->548K(372800K)] 463136K->79989K(1059776K), 0.0049150 secs] [Times: user=0.01 sys=0.00, real=0.01 secs] 
2014-07-07T21:00:32.989+0000: 335.010: [GC [PSYoungGen: 372772K->160K(361472K)] 452213K->79608K(1048448K), 0.0057940 secs] [Times: user=0.01 sys=0.01, real=0.01 secs] 
2014-07-07T21:00:33.760+0000: 335.780: [GC [PSYoungGen: 361440K->256K(351040K)] 440888K->79768K(1038016K), 0.0060020 secs] [Times: user=0.02 sys=0.00, real=0.01 secs] 
2014-07-07T21:00:34.509+0000: 336.529: [GC [PSYoungGen: 351040K->420K(341184K)] 430552K->79973K(1028160K), 0.0069840 secs] [Times: user=0.01 sys=0.00, real=0.01 secs] 
2014-07-07T21:00:35.233+0000: 337.253: [GC [PSYoungGen: 341087K->488K(331584K)] 420640K->80105K(1018560K), 0.0082330 secs] [Times: user=0.02 sys=0.00, real=0.01 secs] 
2014-07-07T21:00:35.939+0000: 337.959: [GC [PSYoungGen: 331560K->192K(397504K)] 411177K->79864K(1084480K), 0.0116600 secs] [Times: user=0.04 sys=0.00, real=0.02 secs] 
2014-07-07T21:00:36.792+0000: 338.812: [GC [PSYoungGen: 397409K->438K(477248K)] 477082K->80159K(1164224K), 0.0304750 secs] [Times: user=0.11 sys=0.00, real=0.03 secs] 
2014-07-07T21:00:37.806+0000: 339.826: [GC [PSYoungGen: 477222K->424K(572608K)] 556943K->80193K(1259584K), 0.0078650 secs] [Times: user=0.02 sys=0.00, real=0.01 secs] 
2014-07-07T21:00:39.031+0000: 341.051: [GC [PSYoungGen: 572584K->274K(686912K)] 652353K->80099K(1373888K), 0.0142850 secs] [Times: user=0.05 sys=0.00, real=0.02 secs] 
2014-07-07T21:00:40.509+0000: 342.529: [GC [PSYoungGen: 686866K->320K(824256K)] 766691K->80176K(1511232K), 0.0237010 secs] [Times: user=0.08 sys=0.00, real=0.03 secs] 
2014-07-07T21:00:42.267+0000: 344.287: [GC [PSYoungGen: 824250K->242K(988992K)] 904107K->80115K(1675968K), 0.0033930 secs] [Times: user=0.01 sys=0.00, real=0.00 secs] 
2014-07-07T21:00:44.371+0000: 346.391: [GC [PSYoungGen: 988978K->224K(949824K)] 1068851K->80128K(1636800K), 0.0079600 secs] [Times: user=0.03 sys=0.00, real=0.00 secs] 
2014-07-07T21:00:46.402+0000: 348.422: [GC [PSYoungGen: 949792K->512K(912768K)] 1029696K->80520K(1599744K), 0.0067300 secs] [Times: user=0.02 sys=0.00, real=0.00 secs] 
2014-07-07T21:00:48.341+0000: 350.361: [GC [PSYoungGen: 912717K->306K(877056K)] 992726K->80403K(1564032K), 0.0075550 secs] [Times: user=0.02 sys=0.01, real=0.01 secs] 
2014-07-07T21:00:50.208+0000: 352.228: [GC [PSYoungGen: 877042K->256K(843136K)] 957139K->80400K(1530112K), 0.0205760 secs] [Times: user=0.07 sys=0.00, real=0.02 secs] 
2014-07-07T21:00:52.004+0000: 354.024: [GC [PSYoungGen: 843136K->192K(810816K)] 923280K->80384K(1497792K), 0.0063870 secs] [Times: user=0.01 sys=0.00, real=0.00 secs] 
2014-07-07T21:00:53.734+0000: 355.754: [GC [PSYoungGen: 810763K->356K(780288K)] 890956K->80565K(1467264K), 0.0052230 secs] [Times: user=0.00 sys=0.00, real=0.00 secs] 
2014-07-07T21:00:55.394+0000: 357.414: [GC [PSYoungGen: 780260K->352K(751040K)] 860469K->80608K(1438016K), 0.0068830 secs] [Times: user=0.03 sys=0.00, real=0.00 secs] 
2014-07-07T21:00:56.993+0000: 359.013: [GC [PSYoungGen: 751008K->292K(723072K)] 831264K->80653K(1410048K), 0.0048580 secs] [Times: user=0.01 sys=0.01, real=0.00 secs] 
2014-07-07T21:00:58.538+0000: 360.558: [GC [PSYoungGen: 723044K->192K(696320K)] 803405K->80600K(1383296K), 0.0050050 secs] [Times: user=0.01 sys=0.00, real=0.00 secs] 
2014-07-07T21:01:00.018+0000: 362.038: [GC [PSYoungGen: 696320K->256K(671040K)] 776728K->80712K(1358016K), 0.0130740 secs] [Times: user=0.05 sys=0.00, real=0.01 secs] 
2014-07-07T21:01:01.453+0000: 363.473: [GC [PSYoungGen: 671033K->552K(647168K)] 751490K->81049K(1334144K), 0.0084250 secs] [Times: user=0.03 sys=0.00, real=0.01 secs] 
2014-07-07T21:01:02.823+0000: 364.843: [GC [PSYoungGen: 647144K->242K(623744K)] 727641K->80787K(1310720K), 0.0111340 secs] [Times: user=0.04 sys=0.00, real=0.02 secs] 
2014-07-07T21:01:04.153+0000: 366.173: [GC [PSYoungGen: 623730K->512K(601984K)] 704275K->81104K(1288960K), 0.0100190 secs] [Times: user=0.04 sys=0.00, real=0.01 secs] 
2014-07-07T21:01:05.442+0000: 367.463: [GC [PSYoungGen: 601984K->306K(580800K)] 682576K->80963K(1267776K), 0.0043570 secs] [Times: user=0.02 sys=0.00, real=0.01 secs] 
2014-07-07T21:01:06.670+0000: 368.690: [GC [PSYoungGen: 580786K->192K(560576K)] 661443K->80912K(1247552K), 0.0043530 secs] [Times: user=0.01 sys=0.01, real=0.00 secs] 
2014-07-07T21:01:07.872+0000: 369.892: [GC [PSYoungGen: 560576K->288K(541568K)] 641296K->81072K(1228544K), 0.0061530 secs] [Times: user=0.01 sys=0.00, real=0.01 secs] 
2014-07-07T21:01:09.023+0000: 371.043: [GC [PSYoungGen: 541536K->192K(523136K)] 622320K->80992K(1210112K), 0.0037240 secs] [Times: user=0.00 sys=0.00, real=0.01 secs] 
2014-07-07T21:01:10.142+0000: 372.162: [GC [PSYoungGen: 523072K->292K(505792K)] 603873K->81117K(1192768K), 0.0057720 secs] [Times: user=0.01 sys=0.00, real=0.01 secs] 
2014-07-07T21:01:11.227+0000: 373.247: [GC [PSYoungGen: 505764K->288K(489088K)] 586589K->81136K(1176064K), 0.0030720 secs] [Times: user=0.01 sys=0.00, real=0.00 secs] 
2014-07-07T21:01:12.268+0000: 374.288: [GC [PSYoungGen: 489056K->374K(473152K)] 569904K->81255K(1160128K), 0.0050910 secs] [Times: user=0.02 sys=0.00, real=0.00 secs] 
2014-07-07T21:01:13.273+0000: 375.293: [GC [PSYoungGen: 473142K->310K(457792K)] 554023K->81215K(1144768K), 0.0042160 secs] [Times: user=0.01 sys=0.00, real=0.01 secs] 
2014-07-07T21:01:14.254+0000: 376.274: [GC [PSYoungGen: 457728K->324K(443264K)] 538633K->81261K(1130240K), 0.0164360 secs] [Times: user=0.06 sys=0.01, real=0.02 secs] 
2014-07-07T21:01:15.202+0000: 377.222: [GC [PSYoungGen: 443132K->292K(429248K)] 524069K->81301K(1116224K), 0.0073640 secs] [Times: user=0.02 sys=0.00, real=0.01 secs] 
2014-07-07T21:01:16.123+0000: 378.143: [GC [PSYoungGen: 429220K->356K(415936K)] 510229K->81437K(1102912K), 0.0039770 secs] [Times: user=0.01 sys=0.00, real=0.01 secs] 
2014-07-07T21:01:17.009+0000: 379.029: [GC [PSYoungGen: 415908K->360K(403136K)] 496989K->81597K(1090112K), 0.0131620 secs] [Times: user=0.05 sys=0.00, real=0.01 secs] 
2014-07-07T21:01:17.871+0000: 379.891: [GC [PSYoungGen: 403112K->370K(390912K)] 484349K->81639K(1077888K), 0.0074050 secs] [Times: user=0.02 sys=0.00, real=0.01 secs] 
2014-07-07T21:01:18.709+0000: 380.729: [GC [PSYoungGen: 390898K->256K(379072K)] 472167K->81565K(1066048K), 0.0044140 secs] [Times: user=0.01 sys=0.00, real=0.00 secs] 
2014-07-07T21:01:19.517+0000: 381.537: [GC [PSYoungGen: 379066K->160K(367744K)] 460375K->81493K(1054720K), 0.0075560 secs] [Times: user=0.03 sys=0.00, real=0.01 secs] 
2014-07-07T21:01:20.297+0000: 382.317: [GC [PSYoungGen: 367712K->192K(356992K)] 449045K->81549K(1043968K), 0.0063030 secs] [Times: user=0.03 sys=0.00, real=0.01 secs] 
2014-07-07T21:01:21.056+0000: 383.076: [GC [PSYoungGen: 356992K->96K(346624K)] 438349K->81461K(1033600K), 0.0057050 secs] [Times: user=0.01 sys=0.01, real=0.01 secs] 
2014-07-07T21:01:21.793+0000: 383.813: [GC [PSYoungGen: 346591K->160K(336768K)] 427956K->81565K(1023744K), 0.0059710 secs] [Times: user=0.02 sys=0.00, real=0.01 secs] 
2014-07-07T21:01:22.513+0000: 384.533: [GC [PSYoungGen: 336736K->370K(327488K)] 418141K->81815K(1014464K), 0.0077390 secs] [Times: user=0.03 sys=0.00, real=0.01 secs] 
2014-07-07T21:01:23.207+0000: 385.227: [GC [PSYoungGen: 327474K->274K(392896K)] 408919K->81735K(1079872K), 0.0145550 secs] [Times: user=0.05 sys=0.00, real=0.02 secs] 
2014-07-07T21:01:24.047+0000: 386.067: [GC [PSYoungGen: 392850K->256K(380992K)] 474311K->81733K(1067968K), 0.0037060 secs] [Times: user=0.01 sys=0.00, real=0.00 secs] 
2014-07-07T21:01:24.857+0000: 386.877: [GC [PSYoungGen: 380992K->320K(457216K)] 462469K->81853K(1144192K), 0.0097110 secs] [Times: user=0.03 sys=0.00, real=0.01 secs] 
2014-07-07T21:01:25.840+0000: 387.860: [GC [PSYoungGen: 457216K->160K(548480K)] 538749K->81749K(1235456K), 0.0097860 secs] [Times: user=0.03 sys=0.00, real=0.01 secs] 
2014-07-07T21:01:27.010+0000: 389.030: [GC [PSYoungGen: 548448K->338K(530048K)] 630037K->81983K(1217024K), 0.0083070 secs] [Times: user=0.03 sys=0.00, real=0.01 secs] 
2014-07-07T21:01:28.139+0000: 390.159: [GC [PSYoungGen: 530002K->306K(512192K)] 611647K->81983K(1199168K), 0.0039440 secs] [Times: user=0.01 sys=0.00, real=0.00 secs] 
2014-07-07T21:01:29.231+0000: 391.251: [GC [PSYoungGen: 512099K->360K(495296K)] 593776K->82149K(1182272K), 0.0060810 secs] [Times: user=0.02 sys=0.00, real=0.00 secs] 
2014-07-07T21:01:30.292+0000: 392.312: [GC [PSYoungGen: 495272K->192K(478848K)] 577061K->82005K(1165824K), 0.0028620 secs] [Times: user=0.01 sys=0.00, real=0.00 secs] 
2014-07-07T21:01:31.302+0000: 393.322: [GC [PSYoungGen: 478809K->160K(463296K)] 560622K->81997K(1150272K), 0.0036880 secs] [Times: user=0.01 sys=0.00, real=0.00 secs] 
2014-07-07T21:01:32.294+0000: 394.314: [GC [PSYoungGen: 463264K->324K(448640K)] 545101K->82185K(1135616K), 0.0028250 secs] [Times: user=0.00 sys=0.00, real=0.00 secs] 
2014-07-07T21:01:33.244+0000: 395.264: [GC [PSYoungGen: 448580K->224K(434304K)] 530441K->82101K(1121280K), 0.0036540 secs] [Times: user=0.00 sys=0.01, real=0.00 secs] 
2014-07-07T21:01:34.173+0000: 396.193: [GC [PSYoungGen: 434272K->416K(420928K)] 516149K->82301K(1107904K), 0.0062050 secs] [Times: user=0.01 sys=0.00, real=0.01 secs] 
2014-07-07T21:01:35.070+0000: 397.090: [GC [PSYoungGen: 420889K->356K(407872K)] 502774K->82313K(1094848K), 0.0041790 secs] [Times: user=0.01 sys=0.00, real=0.00 secs] 
2014-07-07T21:01:35.933+0000: 397.953: [GC [PSYoungGen: 407844K->192K(395200K)] 489801K->82213K(1082176K), 0.0036500 secs] [Times: user=0.01 sys=0.00, real=0.00 secs] 
2014-07-07T21:01:36.774+0000: 398.794: [GC [PSYoungGen: 395200K->192K(383296K)] 477221K->82253K(1070272K), 0.0073900 secs] [Times: user=0.02 sys=0.00, real=0.01 secs] 
2014-07-07T21:01:37.595+0000: 399.615: [GC [PSYoungGen: 383296K->224K(371968K)] 465357K->82309K(1058944K), 0.0034930 secs] [Times: user=0.01 sys=0.00, real=0.00 secs] 
2014-07-07T21:01:38.384+0000: 400.404: [GC [PSYoungGen: 371936K->192K(360960K)] 454021K->82301K(1047936K), 0.0057060 secs] [Times: user=0.01 sys=0.00, real=0.00 secs] 
2014-07-07T21:01:39.161+0000: 401.181: [GC [PSYoungGen: 360917K->438K(350720K)] 443026K->82563K(1037696K), 0.0037790 secs] [Times: user=0.01 sys=0.00, real=0.00 secs] 
2014-07-07T21:01:39.907+0000: 401.927: [GC [PSYoungGen: 350710K->128K(340352K)] 432835K->82269K(1027328K), 0.0091200 secs] [Times: user=0.02 sys=0.01, real=0.01 secs] 
2014-07-07T21:01:40.641+0000: 402.661: [GC [PSYoungGen: 340349K->292K(330880K)] 422490K->82449K(1017856K), 0.0041210 secs] [Times: user=0.01 sys=0.00, real=0.00 secs] 
2014-07-07T21:01:41.343+0000: 403.363: [GC [PSYoungGen: 330852K->242K(321536K)] 413009K->82423K(1008512K), 0.0129990 secs] [Times: user=0.04 sys=0.01, real=0.01 secs] 
2014-07-07T21:01:42.029+0000: 404.049: [GC [PSYoungGen: 321522K->328K(312768K)] 403703K->82533K(999744K), 0.0037690 secs] [Times: user=0.00 sys=0.01, real=0.01 secs] 
2014-07-07T21:01:42.696+0000: 404.716: [GC [PSYoungGen: 312712K->210K(304128K)] 394917K->82423K(991104K), 0.0053240 secs] [Times: user=0.01 sys=0.00, real=0.01 secs] 
2014-07-07T21:01:43.345+0000: 405.365: [GC [PSYoungGen: 304076K->274K(296000K)] 386289K->82503K(982976K), 0.0048600 secs] [Times: user=0.01 sys=0.00, real=0.01 secs] 
2014-07-07T21:01:43.972+0000: 405.992: [GC [PSYoungGen: 295940K->306K(355136K)] 378169K->82551K(1042112K), 0.0300140 secs] [Times: user=0.10 sys=0.00, real=0.03 secs] 
2014-07-07T21:01:44.730+0000: 406.750: [GC [PSYoungGen: 355080K->128K(425920K)] 437325K->82413K(1112896K), 0.0052530 secs] [Times: user=0.01 sys=0.00, real=0.01 secs] 
2014-07-07T21:01:45.643+0000: 407.663: [GC [PSYoungGen: 425920K->356K(511360K)] 508205K->82705K(1198336K), 0.0086160 secs] [Times: user=0.03 sys=0.00, real=0.01 secs] 
2014-07-07T21:01:46.735+0000: 408.755: [GC [PSYoungGen: 511332K->292K(613504K)] 593681K->82713K(1300480K), 0.0036940 secs] [Times: user=0.01 sys=0.00, real=0.00 secs] 
2014-07-07T21:01:48.045+0000: 410.065: [GC [PSYoungGen: 613401K->160K(591808K)] 695823K->82613K(1278784K), 0.0039800 secs] [Times: user=0.01 sys=0.00, real=0.00 secs] 
2014-07-07T21:01:49.306+0000: 411.326: [GC [PSYoungGen: 591776K->388K(571520K)] 674229K->82873K(1258496K), 0.0070790 secs] [Times: user=0.03 sys=0.00, real=0.01 secs] 
2014-07-07T21:01:50.538+0000: 412.558: [GC [PSYoungGen: 571460K->388K(551872K)] 653945K->82889K(1238848K), 0.0059190 secs] [Times: user=0.01 sys=0.00, real=0.01 secs] 
2014-07-07T21:01:51.709+0000: 413.729: [GC [PSYoungGen: 551812K->256K(532928K)] 634313K->82789K(1219904K), 0.0068200 secs] [Times: user=0.02 sys=0.00, real=0.01 secs] 
2014-07-07T21:01:52.849+0000: 414.869: [GC [PSYoungGen: 532928K->356K(515136K)] 615461K->82921K(1202112K), 0.0061710 secs] [Times: user=0.02 sys=0.00, real=0.01 secs] 
2014-07-07T21:01:53.940+0000: 415.960: [GC [PSYoungGen: 515108K->192K(497856K)] 597673K->82773K(1184832K), 0.0040950 secs] [Times: user=0.01 sys=0.00, real=0.01 secs] 
2014-07-07T21:01:55.008+0000: 417.029: [GC [PSYoungGen: 497856K->338K(481664K)] 580437K->82975K(1168640K), 0.0059410 secs] [Times: user=0.01 sys=0.00, real=0.01 secs] 
2014-07-07T21:01:56.031+0000: 418.051: [GC [PSYoungGen: 481618K->324K(466048K)] 564255K->83041K(1153024K), 0.0069200 secs] [Times: user=0.01 sys=0.00, real=0.01 secs] 
2014-07-07T21:01:57.025+0000: 419.045: [GC [PSYoungGen: 465988K->288K(451008K)] 548705K->83069K(1137984K), 0.0061500 secs] [Times: user=0.01 sys=0.00, real=0.00 secs] 
2014-07-07T21:01:57.984+0000: 420.004: [GC [PSYoungGen: 450976K->224K(436608K)] 533757K->83053K(1123584K), 0.0062300 secs] [Times: user=0.01 sys=0.01, real=0.00 secs] 
2014-07-07T21:01:58.920+0000: 420.940: [GC [PSYoungGen: 436576K->178K(422848K)] 519405K->83031K(1109824K), 0.0029940 secs] [Times: user=0.01 sys=0.00, real=0.01 secs] 
2014-07-07T21:01:59.828+0000: 421.848: [GC [PSYoungGen: 422834K->210K(409792K)] 505687K->83079K(1096768K), 0.0056210 secs] [Times: user=0.01 sys=0.00, real=0.01 secs] 
2014-07-07T21:02:00.700+0000: 422.720: [GC [PSYoungGen: 409746K->242K(397248K)] 492615K->83135K(1084224K), 0.0090740 secs] [Times: user=0.03 sys=0.00, real=0.01 secs] 
2014-07-07T21:02:01.547+0000: 423.567: [GC [PSYoungGen: 397234K->224K(385216K)] 480127K->83149K(1072192K), 0.0043010 secs] [Times: user=0.01 sys=0.00, real=0.00 secs] 
2014-07-07T21:02:02.370+0000: 424.391: [GC [PSYoungGen: 385184K->306K(373760K)] 468109K->83255K(1060736K), 0.0099370 secs] [Times: user=0.04 sys=0.00, real=0.01 secs] 
2014-07-07T21:02:03.168+0000: 425.189: [GC [PSYoungGen: 373739K->128K(362560K)] 456688K->83093K(1049536K), 0.0038420 secs] [Times: user=0.01 sys=0.00, real=0.00 secs] 
2014-07-07T21:02:03.938+0000: 425.958: [GC [PSYoungGen: 362555K->274K(352192K)] 445520K->83255K(1039168K), 0.0058730 secs] [Times: user=0.01 sys=0.00, real=0.00 secs] 
2014-07-07T21:02:04.699+0000: 426.719: [GC [PSYoungGen: 352069K->420K(422720K)] 435050K->83593K(1109696K), 0.0181980 secs] [Times: user=0.06 sys=0.01, real=0.02 secs] 
2014-07-07T21:02:05.599+0000: 427.619: [GC [PSYoungGen: 422692K->192K(506944K)] 505865K->83453K(1193920K), 0.0065790 secs] [Times: user=0.01 sys=0.00, real=0.01 secs] 
2014-07-07T21:02:06.678+0000: 428.698: [GC [PSYoungGen: 506874K->392K(490432K)] 590135K->83733K(1177408K), 0.0070050 secs] [Times: user=0.03 sys=0.00, real=0.01 secs] 
2014-07-07T21:02:07.723+0000: 429.743: [GC [PSYoungGen: 490376K->160K(474176K)] 573717K->83541K(1161152K), 0.0030170 secs] [Times: user=0.01 sys=0.00, real=0.01 secs] 
2014-07-07T21:02:08.738+0000: 430.758: [GC [PSYoungGen: 474144K->512K(459200K)] 557525K->83917K(1146176K), 0.0044500 secs] [Times: user=0.01 sys=0.00, real=0.00 secs] 
2014-07-07T21:02:09.714+0000: 431.734: [GC [PSYoungGen: 459200K->374K(444416K)] 542605K->83811K(1131392K), 0.0059970 secs] [Times: user=0.01 sys=0.01, real=0.00 secs] 
2014-07-07T21:02:10.660+0000: 432.681: [GC [PSYoungGen: 444406K->420K(430464K)] 527843K->83881K(1117440K), 0.0088610 secs] [Times: user=0.04 sys=0.00, real=0.01 secs] 
2014-07-07T21:02:11.587+0000: 433.607: [GC [PSYoungGen: 430436K->452K(417088K)] 513897K->83953K(1104064K), 0.0060150 secs] [Times: user=0.02 sys=0.00, real=0.00 secs] 
2014-07-07T21:02:12.479+0000: 434.499: [GC [PSYoungGen: 416980K->602K(404352K)] 500481K->84143K(1091328K), 0.0071630 secs] [Times: user=0.03 sys=0.00, real=0.01 secs] 
2014-07-07T21:02:13.333+0000: 435.354: [GC [PSYoungGen: 404314K->192K(391616K)] 487855K->83773K(1078592K), 0.0075060 secs] [Times: user=0.02 sys=0.00, real=0.01 secs] 
2014-07-07T21:02:14.166+0000: 436.186: [GC [PSYoungGen: 391616K->160K(379840K)] 475197K->83757K(1066816K), 0.0042230 secs] [Times: user=0.01 sys=0.00, real=0.00 secs] 
2014-07-07T21:02:14.984+0000: 437.004: [GC [PSYoungGen: 379773K->680K(456320K)] 463370K->84445K(1143296K), 0.0161650 secs] [Times: user=0.05 sys=0.01, real=0.02 secs] 
2014-07-07T21:02:15.960+0000: 437.980: [GC [PSYoungGen: 456261K->424K(441536K)] 540026K->84253K(1128512K), 0.0058200 secs] [Times: user=0.02 sys=0.00, real=0.01 secs] 
2014-07-07T21:02:16.895+0000: 438.915: [GC [PSYoungGen: 441512K->128K(427328K)] 525341K->84021K(1114304K), 0.0066290 secs] [Times: user=0.02 sys=0.00, real=0.01 secs] 
2014-07-07T21:02:17.803+0000: 439.824: [GC [PSYoungGen: 427328K->224K(414144K)] 511221K->84157K(1101120K), 0.0047240 secs] [Times: user=0.02 sys=0.00, real=0.01 secs] 
2014-07-07T21:02:18.687+0000: 440.708: [GC [PSYoungGen: 414112K->512K(401664K)] 498045K->84493K(1088640K), 0.0041650 secs] [Times: user=0.01 sys=0.00, real=0.00 secs] 
2014-07-07T21:02:19.545+0000: 441.566: [GC [PSYoungGen: 401664K->370K(389376K)] 485645K->84383K(1076352K), 0.0077090 secs] [Times: user=0.02 sys=0.00, real=0.01 secs] 
2014-07-07T21:02:20.373+0000: 442.393: [GC [PSYoungGen: 389362K->224K(377600K)] 473375K->84261K(1064576K), 0.0091970 secs] [Times: user=0.04 sys=0.00, real=0.01 secs] 
2014-07-07T21:02:21.178+0000: 443.198: [GC [PSYoungGen: 377493K->406K(366592K)] 461530K->84475K(1053568K), 0.0102060 secs] [Times: user=0.04 sys=0.00, real=0.01 secs] 
2014-07-07T21:02:21.958+0000: 443.978: [GC [PSYoungGen: 366550K->260K(355776K)] 450619K->84353K(1042752K), 0.0062160 secs] [Times: user=0.02 sys=0.01, real=0.00 secs] 
2014-07-07T21:02:22.722+0000: 444.742: [GC [PSYoungGen: 355716K->96K(345344K)] 439809K->84205K(1032320K), 0.0047550 secs] [Times: user=0.01 sys=0.00, real=0.01 secs] 
2014-07-07T21:02:23.464+0000: 445.484: [GC [PSYoungGen: 345312K->224K(335616K)] 429421K->84357K(1022592K), 0.0111110 secs] [Times: user=0.03 sys=0.00, real=0.01 secs] 
2014-07-07T21:02:24.182+0000: 446.202: [GC [PSYoungGen: 335580K->420K(326336K)] 419713K->84585K(1013312K), 0.0065860 secs] [Times: user=0.02 sys=0.01, real=0.01 secs] 
2014-07-07T21:02:24.879+0000: 446.899: [GC [PSYoungGen: 326228K->256K(317056K)] 410393K->84477K(1004032K), 0.0034410 secs] [Times: user=0.01 sys=0.00, real=0.00 secs] 
2014-07-07T21:02:25.559+0000: 447.579: [GC [PSYoungGen: 317056K->256K(308352K)] 401277K->84533K(995328K), 0.0085720 secs] [Times: user=0.03 sys=0.00, real=0.01 secs] 
2014-07-07T21:02:26.214+0000: 448.234: [GC [PSYoungGen: 308265K->520K(370304K)] 392542K->84837K(1057280K), 0.0095600 secs] [Times: user=0.04 sys=0.00, real=0.01 secs] 
2014-07-07T21:02:27.001+0000: 449.021: [GC [PSYoungGen: 370248K->160K(359040K)] 454565K->84501K(1046016K), 0.0049390 secs] [Times: user=0.01 sys=0.00, real=0.00 secs] 
2014-07-07T21:02:27.769+0000: 449.789: [GC [PSYoungGen: 358922K->292K(348736K)] 443263K->84665K(1035712K), 0.0065810 secs] [Times: user=0.02 sys=0.00, real=0.00 secs] 
2014-07-07T21:02:28.513+0000: 450.533: [GC [PSYoungGen: 348708K->160K(338624K)] 433081K->84549K(1025600K), 0.0036680 secs] [Times: user=0.00 sys=0.00, real=0.00 secs] 
2014-07-07T21:02:29.238+0000: 451.258: [GC [PSYoungGen: 338592K->256K(329088K)] 422981K->84669K(1016064K), 0.0058880 secs] [Times: user=0.02 sys=0.00, real=0.00 secs] 
2014-07-07T21:02:29.939+0000: 451.959: [GC [PSYoungGen: 329088K->242K(319872K)] 413501K->84679K(1006848K), 0.0043070 secs] [Times: user=0.01 sys=0.01, real=0.00 secs] 
2014-07-07T21:02:30.624+0000: 452.644: [GC [PSYoungGen: 319858K->256K(311040K)] 404295K->84709K(998016K), 0.0053810 secs] [Times: user=0.01 sys=0.00, real=0.01 secs] 
2014-07-07T21:02:31.291+0000: 453.311: [GC [PSYoungGen: 311037K->406K(302784K)] 395490K->84875K(989760K), 0.0035660 secs] [Times: user=0.01 sys=0.00, real=0.00 secs] 
2014-07-07T21:02:31.934+0000: 453.954: [GC [PSYoungGen: 302738K->128K(294336K)] 387207K->84613K(981312K), 0.0108510 secs] [Times: user=0.03 sys=0.00, real=0.01 secs] 
2014-07-07T21:02:32.562+0000: 454.582: [GC [PSYoungGen: 294336K->192K(287040K)] 378821K->84709K(974016K), 0.0060460 secs] [Times: user=0.02 sys=0.00, real=0.01 secs] 
2014-07-07T21:02:33.175+0000: 455.195: [GC [PSYoungGen: 286592K->128K(279040K)] 371109K->84661K(966016K), 0.0043200 secs] [Times: user=0.01 sys=0.00, real=0.01 secs] 
2014-07-07T21:02:33.766+0000: 455.786: [GC [PSYoungGen: 279040K->160K(334912K)] 363573K->84709K(1021888K), 0.0191380 secs] [Times: user=0.06 sys=0.00, real=0.02 secs] 
2014-07-07T21:02:34.484+0000: 456.504: [GC [PSYoungGen: 334880K->256K(401920K)] 419429K->84853K(1088896K), 0.0044040 secs] [Times: user=0.01 sys=0.00, real=0.01 secs] 
2014-07-07T21:02:35.344+0000: 457.364: [GC [PSYoungGen: 401861K->470K(482560K)] 486458K->85139K(1169536K), 0.0065920 secs] [Times: user=0.01 sys=0.00, real=0.01 secs] 
2014-07-07T21:02:36.374+0000: 458.394: [GC [PSYoungGen: 482516K->192K(578688K)] 567185K->84917K(1265664K), 0.0151420 secs] [Times: user=0.05 sys=0.00, real=0.02 secs] 
2014-07-07T21:02:37.615+0000: 459.635: [GC [PSYoungGen: 578688K->320K(558848K)] 663413K->85077K(1245824K), 0.0035470 secs] [Times: user=0.01 sys=0.00, real=0.00 secs] 
2014-07-07T21:02:38.811+0000: 460.831: [GC [PSYoungGen: 558848K->260K(539776K)] 643605K->85049K(1226752K), 0.0040720 secs] [Times: user=0.01 sys=0.00, real=0.00 secs] 
2014-07-07T21:02:39.981+0000: 462.001: [GC [PSYoungGen: 539716K->320K(521536K)] 624505K->85157K(1208512K), 0.0054110 secs] [Times: user=0.02 sys=0.00, real=0.00 secs] 
2014-07-07T21:02:41.080+0000: 463.100: [GC [PSYoungGen: 521536K->96K(503936K)] 606373K->84949K(1190912K), 0.0042770 secs] [Times: user=0.01 sys=0.00, real=0.00 secs] 
2014-07-07T21:02:42.158+0000: 464.178: [GC [PSYoungGen: 503904K->384K(487552K)] 588757K->85269K(1174528K), 0.0060370 secs] [Times: user=0.01 sys=0.00, real=0.01 secs] 
2014-07-07T21:02:43.203+0000: 465.223: [GC [PSYoungGen: 487552K->274K(471616K)] 572437K->85175K(1158592K), 0.0055410 secs] [Times: user=0.01 sys=0.00, real=0.00 secs] 
2014-07-07T21:02:44.198+0000: 466.218: [GC [PSYoungGen: 471564K->456K(456576K)] 556465K->85373K(1143552K), 0.0042510 secs] [Times: user=0.01 sys=0.00, real=0.01 secs] 
2014-07-07T21:02:45.170+0000: 467.190: [GC [PSYoungGen: 456520K->192K(441728K)] 541437K->85173K(1128704K), 0.0124330 secs] [Times: user=0.05 sys=0.01, real=0.01 secs] 
2014-07-07T21:02:46.113+0000: 468.133: [GC [PSYoungGen: 441728K->192K(427840K)] 526709K->85229K(1114816K), 0.0035410 secs] [Times: user=0.00 sys=0.01, real=0.00 secs] 
2014-07-07T21:02:47.026+0000: 469.046: [GC [PSYoungGen: 427835K->306K(513536K)] 512872K->85399K(1200512K), 0.0218890 secs] [Times: user=0.07 sys=0.00, real=0.02 secs] 
2014-07-07T21:02:48.123+0000: 470.143: [GC [PSYoungGen: 513522K->288K(496512K)] 598615K->85405K(1183488K), 0.0078280 secs] [Times: user=0.03 sys=0.00, real=0.01 secs] 
2014-07-07T21:02:49.186+0000: 471.206: [GC [PSYoungGen: 496480K->256K(480128K)] 581597K->85405K(1167104K), 0.0112560 secs] [Times: user=0.04 sys=0.00, real=0.01 secs] 
2014-07-07T21:02:50.204+0000: 472.224: [GC [PSYoungGen: 480128K->160K(464512K)] 565277K->85341K(1151488K), 0.0073790 secs] [Times: user=0.02 sys=0.00, real=0.01 secs] 
2014-07-07T21:02:51.193+0000: 473.213: [GC [PSYoungGen: 464457K->356K(557568K)] 549639K->85577K(1244544K), 0.0183920 secs] [Times: user=0.06 sys=0.00, real=0.02 secs] 
2014-07-07T21:02:52.388+0000: 474.408: [GC [PSYoungGen: 557540K->224K(538432K)] 642761K->85469K(1225408K), 0.0050920 secs] [Times: user=0.02 sys=0.01, real=0.01 secs] 
2014-07-07T21:02:53.548+0000: 475.568: [GC [PSYoungGen: 538400K->224K(520256K)] 623645K->85501K(1207232K), 0.0045440 secs] [Times: user=0.02 sys=0.00, real=0.01 secs] 
2014-07-07T21:02:54.652+0000: 476.672: [GC [PSYoungGen: 520224K->256K(502912K)] 605501K->85557K(1189888K), 0.0041570 secs] [Times: user=0.01 sys=0.00, real=0.00 secs] 
2014-07-07T21:02:55.734+0000: 477.754: [GC [PSYoungGen: 502912K->288K(486400K)] 588213K->85677K(1173376K), 0.0175090 secs] [Times: user=0.05 sys=0.00, real=0.02 secs] 
2014-07-07T21:02:56.775+0000: 478.795: [GC [PSYoungGen: 486368K->96K(470336K)] 571757K->85533K(1157312K), 0.0032680 secs] [Times: user=0.01 sys=0.00, real=0.00 secs] 
2014-07-07T21:02:57.787+0000: 479.807: [GC [PSYoungGen: 470304K->356K(455424K)] 555741K->85825K(1142400K), 0.0036390 secs] [Times: user=0.01 sys=0.00, real=0.00 secs] 
2014-07-07T21:02:58.753+0000: 480.773: [GC [PSYoungGen: 455396K->160K(440768K)] 540865K->85653K(1127744K), 0.0040990 secs] [Times: user=0.01 sys=0.00, real=0.00 secs] 
2014-07-07T21:02:59.697+0000: 481.718: [GC [PSYoungGen: 440736K->224K(426944K)] 526229K->85733K(1113920K), 0.0033480 secs] [Times: user=0.01 sys=0.00, real=0.00 secs] 
2014-07-07T21:03:00.608+0000: 482.628: [GC [PSYoungGen: 426912K->420K(413888K)] 512421K->85961K(1100864K), 0.0083710 secs] [Times: user=0.03 sys=0.00, real=0.01 secs] 
2014-07-07T21:03:01.487+0000: 483.507: [GC [PSYoungGen: 413860K->256K(401024K)] 499401K->85813K(1088000K), 0.0044840 secs] [Times: user=0.02 sys=0.00, real=0.00 secs] 
2014-07-07T21:03:02.344+0000: 484.364: [GC [PSYoungGen: 401024K->274K(388928K)] 486581K->85847K(1075904K), 0.0122180 secs] [Times: user=0.04 sys=0.01, real=0.01 secs] 
2014-07-07T21:03:03.176+0000: 485.196: [GC [PSYoungGen: 388787K->502K(377472K)] 474360K->86283K(1064448K), 0.0071520 secs] [Times: user=0.02 sys=0.00, real=0.01 secs] 
2014-07-07T21:03:03.969+0000: 485.989: [GC [PSYoungGen: 377462K->192K(366016K)] 463243K->85997K(1052992K), 0.0102210 secs] [Times: user=0.03 sys=0.00, real=0.01 secs] 
2014-07-07T21:03:04.744+0000: 486.764: [GC [PSYoungGen: 366016K->192K(355328K)] 451821K->86093K(1042304K), 0.0041030 secs] [Times: user=0.01 sys=0.00, real=0.00 secs] 
2014-07-07T21:03:05.505+0000: 487.525: [GC [PSYoungGen: 355328K->352K(345280K)] 441229K->86325K(1032256K), 0.0073000 secs] [Times: user=0.02 sys=0.00, real=0.00 secs] 
2014-07-07T21:03:06.243+0000: 488.263: [GC [PSYoungGen: 345248K->224K(335296K)] 431221K->86245K(1022272K), 0.0080700 secs] [Times: user=0.03 sys=0.00, real=0.01 secs] 
2014-07-07T21:03:06.963+0000: 488.983: [GC [PSYoungGen: 335264K->128K(325760K)] 421285K->86173K(1012736K), 0.0077160 secs] [Times: user=0.03 sys=0.00, real=0.01 secs] 
2014-07-07T21:03:07.658+0000: 489.678: [GC [PSYoungGen: 325704K->228K(391040K)] 411749K->86297K(1078016K), 0.0095430 secs] [Times: user=0.03 sys=0.01, real=0.01 secs] 
2014-07-07T21:03:08.490+0000: 490.511: [GC [PSYoungGen: 391012K->274K(379392K)] 477081K->86367K(1066368K), 0.0042720 secs] [Times: user=0.01 sys=0.00, real=0.01 secs] 
2014-07-07T21:03:09.299+0000: 491.319: [GC [PSYoungGen: 379338K->160K(368000K)] 465432K->86285K(1054976K), 0.0052280 secs] [Times: user=0.02 sys=0.01, real=0.01 secs] 
2014-07-07T21:03:10.081+0000: 492.101: [GC [PSYoungGen: 367960K->178K(357248K)] 454085K->86319K(1044224K), 0.0044290 secs] [Times: user=0.01 sys=0.00, real=0.01 secs] 
2014-07-07T21:03:10.845+0000: 492.865: [GC [PSYoungGen: 357234K->356K(347072K)] 443375K->86545K(1034048K), 0.0049750 secs] [Times: user=0.01 sys=0.00, real=0.00 secs] 
2014-07-07T21:03:11.588+0000: 493.608: [GC [PSYoungGen: 347036K->256K(337024K)] 433225K->86477K(1024000K), 0.0050100 secs] [Times: user=0.02 sys=0.00, real=0.00 secs] 
2014-07-07T21:03:12.307+0000: 494.327: [GC [PSYoungGen: 336942K->310K(327552K)] 423163K->86555K(1014528K), 0.0032170 secs] [Times: user=0.00 sys=0.00, real=0.00 secs] 
2014-07-07T21:03:13.011+0000: 495.031: [GC [PSYoungGen: 327542K->342K(318464K)] 413787K->86603K(1005440K), 0.0045430 secs] [Times: user=0.01 sys=0.00, real=0.01 secs] 
2014-07-07T21:03:13.694+0000: 495.714: [GC [PSYoungGen: 318422K->224K(309568K)] 404683K->86509K(996544K), 0.0039760 secs] [Times: user=0.02 sys=0.00, real=0.01 secs] 
2014-07-07T21:03:14.350+0000: 496.370: [GC [PSYoungGen: 309536K->256K(301184K)] 395821K->86581K(988160K), 0.0137460 secs] [Times: user=0.04 sys=0.00, real=0.01 secs] 
2014-07-07T21:03:14.994+0000: 497.014: [GC [PSYoungGen: 301184K->420K(361600K)] 387509K->86809K(1048576K), 0.0279250 secs] [Times: user=0.10 sys=0.00, real=0.02 secs] 
2014-07-07T21:03:15.772+0000: 497.792: [GC [PSYoungGen: 361570K->352K(433792K)] 447959K->86813K(1120768K), 0.0101650 secs] [Times: user=0.03 sys=0.00, real=0.01 secs] 
2014-07-07T21:03:16.698+0000: 498.718: [GC [PSYoungGen: 433760K->256K(520384K)] 520221K->86797K(1207360K), 0.0057840 secs] [Times: user=0.01 sys=0.00, real=0.00 secs] 
2014-07-07T21:03:17.809+0000: 499.829: [GC [PSYoungGen: 520384K->242K(624448K)] 606925K->86815K(1311424K), 0.0037170 secs] [Times: user=0.01 sys=0.00, real=0.00 secs] 
2014-07-07T21:03:19.153+0000: 501.173: [GC [PSYoungGen: 624434K->484K(602624K)] 711007K->87153K(1289600K), 0.0054090 secs] [Times: user=0.01 sys=0.00, real=0.01 secs] 
2014-07-07T21:03:20.427+0000: 502.447: [GC [PSYoungGen: 602596K->224K(581312K)] 689265K->86909K(1268288K), 0.0039390 secs] [Times: user=0.01 sys=0.00, real=0.00 secs] 
2014-07-07T21:03:21.673+0000: 503.693: [GC [PSYoungGen: 581280K->224K(561216K)] 667965K->86949K(1248192K), 0.0066620 secs] [Times: user=0.02 sys=0.00, real=0.01 secs] 
2014-07-07T21:03:22.868+0000: 504.888: [GC [PSYoungGen: 561184K->338K(542144K)] 647909K->87087K(1229120K), 0.0079220 secs] [Times: user=0.02 sys=0.00, real=0.01 secs] 
2014-07-07T21:03:24.028+0000: 506.048: [GC [PSYoungGen: 542098K->388K(523904K)] 628847K->87169K(1210880K), 0.0083000 secs] [Times: user=0.03 sys=0.00, real=0.01 secs] 
2014-07-07T21:03:25.149+0000: 507.170: [GC [PSYoungGen: 523844K->352K(506304K)] 610625K->87189K(1193280K), 0.0099730 secs] [Times: user=0.04 sys=0.00, real=0.01 secs] 
2014-07-07T21:03:26.236+0000: 508.256: [GC [PSYoungGen: 506272K->356K(489600K)] 593109K->87329K(1176576K), 0.0084040 secs] [Times: user=0.04 sys=0.00, real=0.00 secs] 
2014-07-07T21:03:27.276+0000: 509.296: [GC [PSYoungGen: 489490K->192K(473408K)] 576463K->87197K(1160384K), 0.0043810 secs] [Times: user=0.00 sys=0.01, real=0.00 secs] 
2014-07-07T21:03:28.290+0000: 510.310: [GC [PSYoungGen: 473408K->260K(458240K)] 560413K->87305K(1145216K), 0.0035950 secs] [Times: user=0.01 sys=0.00, real=0.00 secs] 
2014-07-07T21:03:29.274+0000: 511.294: [GC [PSYoungGen: 458180K->566K(443904K)] 545225K->87675K(1130880K), 0.0128180 secs] [Times: user=0.03 sys=0.01, real=0.02 secs] 
2014-07-07T21:03:30.223+0000: 512.243: [GC [PSYoungGen: 443894K->192K(429504K)] 531003K->87333K(1116480K), 0.0076330 secs] [Times: user=0.03 sys=0.00, real=0.01 secs] 
2014-07-07T21:03:31.140+0000: 513.161: [GC [PSYoungGen: 429503K->310K(416256K)] 516644K->87475K(1103232K), 0.0036080 secs] [Times: user=0.00 sys=0.00, real=0.00 secs] 
2014-07-07T21:03:32.034+0000: 514.054: [GC [PSYoungGen: 416243K->616K(403776K)] 503408K->87829K(1090752K), 0.0049770 secs] [Times: user=0.01 sys=0.00, real=0.01 secs] 
2014-07-07T21:03:32.897+0000: 514.917: [GC [PSYoungGen: 403752K->228K(391104K)] 490965K->87465K(1078080K), 0.0041720 secs] [Times: user=0.01 sys=0.00, real=0.00 secs] 
2014-07-07T21:03:33.733+0000: 515.754: [GC [PSYoungGen: 391076K->210K(379328K)] 478313K->87455K(1066304K), 0.0053170 secs] [Times: user=0.00 sys=0.00, real=0.01 secs] 
2014-07-07T21:03:34.544+0000: 516.564: [GC [PSYoungGen: 379282K->338K(368192K)] 466527K->87623K(1055168K), 0.0095830 secs] [Times: user=0.02 sys=0.01, real=0.01 secs] 
2014-07-07T21:03:35.336+0000: 517.357: [GC [PSYoungGen: 368146K->224K(357312K)] 455431K->87581K(1044288K), 0.0044690 secs] [Times: user=0.01 sys=0.01, real=0.01 secs] 
2014-07-07T21:03:36.098+0000: 518.118: [GC [PSYoungGen: 357280K->160K(346880K)] 444637K->87565K(1033856K), 0.0049510 secs] [Times: user=0.02 sys=0.00, real=0.01 secs] 
2014-07-07T21:03:36.838+0000: 518.858: [GC [PSYoungGen: 346840K->192K(336960K)] 434246K->87621K(1023936K), 0.0076950 secs] [Times: user=0.03 sys=0.00, real=0.00 secs] 
2014-07-07T21:03:37.560+0000: 519.580: [GC [PSYoungGen: 336952K->256K(404416K)] 424381K->87733K(1091392K), 0.0145240 secs] [Times: user=0.05 sys=0.00, real=0.01 secs] 
2014-07-07T21:03:38.421+0000: 520.441: [GC [PSYoungGen: 404416K->480K(392384K)] 491893K->87989K(1079360K), 0.0044550 secs] [Times: user=0.01 sys=0.00, real=0.00 secs] 
2014-07-07T21:03:39.255+0000: 521.275: [GC [PSYoungGen: 392352K->356K(470656K)] 479861K->87897K(1157632K), 0.0149020 secs] [Times: user=0.05 sys=0.00, real=0.02 secs] 
2014-07-07T21:03:40.254+0000: 522.275: [GC [PSYoungGen: 470559K->274K(564672K)] 558100K->87839K(1251648K), 0.0076040 secs] [Times: user=0.03 sys=0.00, real=0.01 secs] 
2014-07-07T21:03:41.461+0000: 523.481: [GC [PSYoungGen: 564586K->224K(677504K)] 652151K->87813K(1364480K), 0.0169720 secs] [Times: user=0.06 sys=0.00, real=0.02 secs] 
2014-07-07T21:03:42.901+0000: 524.921: [GC [PSYoungGen: 677462K->192K(652928K)] 765051K->87797K(1339904K), 0.0045600 secs] [Times: user=0.01 sys=0.00, real=0.00 secs] 
2014-07-07T21:03:44.309+0000: 526.329: [GC [PSYoungGen: 652928K->320K(629696K)] 740533K->87973K(1316672K), 0.0052640 secs] [Times: user=0.02 sys=0.00, real=0.01 secs] 
2014-07-07T21:03:45.640+0000: 527.660: [GC [PSYoungGen: 629696K->356K(607488K)] 717349K->88073K(1294464K), 0.0043830 secs] [Times: user=0.00 sys=0.00, real=0.00 secs] 
2014-07-07T21:03:46.943+0000: 528.964: [GC [PSYoungGen: 607460K->466K(586368K)] 695177K->88263K(1273344K), 0.0041370 secs] [Times: user=0.01 sys=0.00, real=0.00 secs] 
2014-07-07T21:03:48.200+0000: 530.220: [GC [PSYoungGen: 586317K->292K(565888K)] 674114K->88153K(1252864K), 0.0054660 secs] [Times: user=0.01 sys=0.00, real=0.00 secs] 
2014-07-07T21:03:49.414+0000: 531.434: [GC [PSYoungGen: 565860K->192K(546368K)] 653721K->88085K(1233344K), 0.0098980 secs] [Times: user=0.02 sys=0.00, real=0.01 secs] 
2014-07-07T21:03:50.584+0000: 532.604: [GC [PSYoungGen: 546368K->288K(528000K)] 634261K->88229K(1214976K), 0.0064760 secs] [Times: user=0.02 sys=0.00, real=0.01 secs] 
2014-07-07T21:03:51.700+0000: 533.720: [GC [PSYoungGen: 527968K->128K(510144K)] 615909K->88085K(1197120K), 0.0034070 secs] [Times: user=0.00 sys=0.00, real=0.01 secs] 
2014-07-07T21:03:52.789+0000: 534.809: [GC [PSYoungGen: 510144K->310K(493440K)] 598101K->88283K(1180416K), 0.0066390 secs] [Times: user=0.01 sys=0.00, real=0.01 secs] 
2014-07-07T21:03:53.843+0000: 535.863: [GC [PSYoungGen: 493426K->356K(477312K)] 581399K->88353K(1164288K), 0.0079000 secs] [Times: user=0.03 sys=0.00, real=0.01 secs] 
2014-07-07T21:03:54.866+0000: 536.886: [GC [PSYoungGen: 477284K->306K(461824K)] 565281K->88351K(1148800K), 0.0138760 secs] [Times: user=0.04 sys=0.00, real=0.02 secs] 
2014-07-07T21:03:55.853+0000: 537.873: [GC [PSYoungGen: 461810K->288K(447040K)] 549855K->88413K(1134016K), 0.0061450 secs] [Times: user=0.01 sys=0.00, real=0.00 secs] 
2014-07-07T21:03:56.809+0000: 538.829: [GC [PSYoungGen: 447008K->292K(432896K)] 535133K->88457K(1119872K), 0.0036790 secs] [Times: user=0.00 sys=0.01, real=0.01 secs] 
2014-07-07T21:03:57.735+0000: 539.755: [GC [PSYoungGen: 432868K->210K(419328K)] 521033K->88407K(1106304K), 0.0130580 secs] [Times: user=0.05 sys=0.00, real=0.01 secs] 
2014-07-07T21:03:58.630+0000: 540.650: [GC [PSYoungGen: 419282K->96K(406272K)] 507479K->88309K(1093248K), 0.0048020 secs] [Times: user=0.00 sys=0.00, real=0.01 secs] 
2014-07-07T21:03:59.498+0000: 541.518: [GC [PSYoungGen: 406237K->324K(394112K)] 494450K->88569K(1081088K), 0.0046910 secs] [Times: user=0.02 sys=0.00, real=0.01 secs] 
2014-07-07T21:04:00.332+0000: 542.352: [GC [PSYoungGen: 394050K->192K(382080K)] 482295K->88453K(1069056K), 0.0069990 secs] [Times: user=0.01 sys=0.00, real=0.00 secs] 
2014-07-07T21:04:01.149+0000: 543.169: [GC [PSYoungGen: 382080K->224K(370752K)] 470341K->88509K(1057728K), 0.0105420 secs] [Times: user=0.04 sys=0.00, real=0.01 secs] 
2014-07-07T21:04:01.938+0000: 543.958: [GC [PSYoungGen: 370636K->356K(360000K)] 458921K->88673K(1046976K), 0.0098550 secs] [Times: user=0.04 sys=0.00, real=0.01 secs] 
2014-07-07T21:04:02.710+0000: 544.730: [GC [PSYoungGen: 359972K->224K(349440K)] 448289K->88565K(1036416K), 0.0044190 secs] [Times: user=0.01 sys=0.00, real=0.01 secs] 
2014-07-07T21:04:03.459+0000: 545.479: [GC [PSYoungGen: 349402K->256K(339456K)] 437743K->88637K(1026432K), 0.0081080 secs] [Times: user=0.03 sys=0.00, real=0.01 secs] 
2014-07-07T21:04:04.204+0000: 546.224: [GC [PSYoungGen: 339456K->512K(407552K)] 427837K->89301K(1094528K), 0.0183280 secs] [Times: user=0.06 sys=0.00, real=0.02 secs] 
2014-07-07T21:04:05.057+0000: 547.078: [GC [PSYoungGen: 407552K->256K(488704K)] 496341K->89093K(1175680K), 0.0057040 secs] [Times: user=0.01 sys=0.00, real=0.01 secs] 
2014-07-07T21:04:06.105+0000: 548.126: [GC [PSYoungGen: 488704K->256K(586432K)] 577541K->89245K(1273408K), 0.0095420 secs] [Times: user=0.04 sys=0.00, real=0.01 secs] 
2014-07-07T21:04:07.361+0000: 549.381: [GC [PSYoungGen: 586432K->388K(703872K)] 675421K->89433K(1390848K), 0.0162020 secs] [Times: user=0.05 sys=0.00, real=0.02 secs] 
2014-07-07T21:04:08.864+0000: 550.885: [GC [PSYoungGen: 703812K->192K(677888K)] 792857K->89269K(1364864K), 0.0050510 secs] [Times: user=0.02 sys=0.00, real=0.00 secs] 
2014-07-07T21:04:10.320+0000: 552.340: [GC [PSYoungGen: 677888K->224K(653440K)] 766965K->89333K(1340416K), 0.0040770 secs] [Times: user=0.01 sys=0.00, real=0.01 secs] 
2014-07-07T21:04:11.724+0000: 553.745: [GC [PSYoungGen: 653408K->192K(630016K)] 742517K->89317K(1316992K), 0.0036820 secs] [Times: user=0.01 sys=0.00, real=0.00 secs] 
2014-07-07T21:04:13.076+0000: 555.096: [GC [PSYoungGen: 630013K->256K(607744K)] 719138K->89397K(1294720K), 0.0042860 secs] [Times: user=0.01 sys=0.01, real=0.00 secs] 
2014-07-07T21:04:14.368+0000: 556.388: [GC [PSYoungGen: 607744K->256K(586432K)] 696885K->89429K(1273408K), 0.0092730 secs] [Times: user=0.03 sys=0.00, real=0.01 secs] 
2014-07-07T21:04:15.617+0000: 557.637: [GC [PSYoungGen: 586432K->192K(566016K)] 675605K->89437K(1252992K), 0.0082710 secs] [Times: user=0.03 sys=0.01, real=0.01 secs] 
2014-07-07T21:04:16.825+0000: 558.845: [GC [PSYoungGen: 566016K->456K(546944K)] 655261K->89789K(1233920K), 0.0208730 secs] [Times: user=0.07 sys=0.00, real=0.02 secs] 
2014-07-07T21:04:17.993+0000: 560.013: [GC [PSYoungGen: 546888K->160K(528064K)] 636221K->89517K(1215040K), 0.0027160 secs] [Times: user=0.01 sys=0.00, real=0.01 secs] 
2014-07-07T21:04:19.125+0000: 561.145: [GC [PSYoungGen: 528032K->242K(510400K)] 617389K->89615K(1197376K), 0.0056150 secs] [Times: user=0.01 sys=0.00, real=0.00 secs] 
2014-07-07T21:04:20.217+0000: 562.237: [GC [PSYoungGen: 510375K->324K(493632K)] 599748K->89737K(1180608K), 0.0048570 secs] [Times: user=0.01 sys=0.00, real=0.00 secs] 
2014-07-07T21:04:21.275+0000: 563.295: [GC [PSYoungGen: 493479K->552K(477632K)] 582892K->90149K(1164608K), 0.0063010 secs] [Times: user=0.01 sys=0.00, real=0.00 secs] 
2014-07-07T21:04:22.290+0000: 564.310: [GC [PSYoungGen: 477544K->224K(461888K)] 567141K->89837K(1148864K), 0.0038710 secs] [Times: user=0.01 sys=0.00, real=0.00 secs] 
2014-07-07T21:04:23.283+0000: 565.303: [GC [PSYoungGen: 461856K->160K(447040K)] 551469K->89821K(1134016K), 0.0054620 secs] [Times: user=0.01 sys=0.01, real=0.01 secs] 
2014-07-07T21:04:24.237+0000: 566.257: [GC [PSYoungGen: 447008K->192K(432896K)] 536669K->89869K(1119872K), 0.0067010 secs] [Times: user=0.02 sys=0.00, real=0.00 secs] 
2014-07-07T21:04:25.167+0000: 567.187: [GC [PSYoungGen: 432896K->288K(419520K)] 522573K->90045K(1106496K), 0.0067510 secs] [Times: user=0.02 sys=0.00, real=0.00 secs] 
2014-07-07T21:04:26.064+0000: 568.084: [GC [PSYoungGen: 419488K->160K(406464K)] 509245K->89981K(1093440K), 0.0113980 secs] [Times: user=0.04 sys=0.00, real=0.02 secs] 
2014-07-07T21:04:26.930+0000: 568.950: [GC [PSYoungGen: 406432K->160K(394048K)] 496253K->90013K(1081024K), 0.0034090 secs] [Times: user=0.01 sys=0.00, real=0.00 secs] 
2014-07-07T21:04:27.769+0000: 569.789: [GC [PSYoungGen: 394016K->342K(382400K)] 483869K->90219K(1069376K), 0.0058540 secs] [Times: user=0.01 sys=0.00, real=0.00 secs] 
2014-07-07T21:04:28.587+0000: 570.607: [GC [PSYoungGen: 382357K->484K(458944K)] 472235K->90401K(1145920K), 0.0257100 secs] [Times: user=0.09 sys=0.01, real=0.02 secs] 
2014-07-07T21:04:29.562+0000: 571.582: [GC [PSYoungGen: 458915K->192K(550336K)] 548832K->90141K(1237312K), 0.0027430 secs] [Times: user=0.01 sys=0.00, real=0.00 secs] 
2014-07-07T21:04:30.736+0000: 572.756: [GC [PSYoungGen: 550336K->256K(531712K)] 640285K->90237K(1218688K), 0.0054790 secs] [Times: user=0.01 sys=0.00, real=0.00 secs] 
2014-07-07T21:04:31.876+0000: 573.896: [GC [PSYoungGen: 531712K->160K(637952K)] 621693K->90157K(1324928K), 0.0178120 secs] [Times: user=0.06 sys=0.00, real=0.02 secs] 
2014-07-07T21:04:33.238+0000: 575.258: [GC [PSYoungGen: 637920K->256K(615360K)] 727917K->90277K(1302336K), 0.0058940 secs] [Times: user=0.01 sys=0.00, real=0.00 secs] 
2014-07-07T21:04:34.550+0000: 576.570: [GC [PSYoungGen: 615360K->352K(593856K)] 705381K->90413K(1280832K), 0.0051850 secs] [Times: user=0.02 sys=0.00, real=0.00 secs] 
2014-07-07T21:04:35.825+0000: 577.845: [GC [PSYoungGen: 593802K->260K(573120K)] 683863K->90401K(1260096K), 0.0141300 secs] [Times: user=0.04 sys=0.00, real=0.02 secs] 
2014-07-07T21:04:37.051+0000: 579.071: [GC [PSYoungGen: 573060K->484K(553600K)] 663201K->90689K(1240576K), 0.0059980 secs] [Times: user=0.01 sys=0.00, real=0.01 secs] 
2014-07-07T21:04:38.233+0000: 580.253: [GC [PSYoungGen: 553572K->402K(534720K)] 643777K->90663K(1221696K), 0.0170490 secs] [Times: user=0.05 sys=0.00, real=0.02 secs] 
2014-07-07T21:04:39.372+0000: 581.392: [GC [PSYoungGen: 534674K->256K(516544K)] 624935K->90573K(1203520K), 0.0078670 secs] [Times: user=0.03 sys=0.00, real=0.01 secs] 
2014-07-07T21:04:40.475+0000: 582.495: [GC [PSYoungGen: 516544K->224K(619840K)] 606861K->90581K(1306816K), 0.0162210 secs] [Times: user=0.06 sys=0.00, real=0.02 secs] 
2014-07-07T21:04:41.803+0000: 583.823: [GC [PSYoungGen: 619768K->96K(597888K)] 710125K->90477K(1284864K), 0.0031420 secs] [Times: user=0.01 sys=0.00, real=0.00 secs] 
2014-07-07T21:04:43.079+0000: 585.099: [GC [PSYoungGen: 597856K->128K(577536K)] 688237K->90525K(1264512K), 0.0047500 secs] [Times: user=0.01 sys=0.00, real=0.00 secs] 
2014-07-07T21:04:44.306+0000: 586.326: [GC [PSYoungGen: 576955K->306K(557312K)] 667352K->90727K(1244288K), 0.0084900 secs] [Times: user=0.03 sys=0.00, real=0.01 secs] 
2014-07-07T21:04:45.501+0000: 587.521: [GC [PSYoungGen: 557298K->192K(538176K)] 647719K->90685K(1225152K), 0.0111430 secs] [Times: user=0.04 sys=0.00, real=0.01 secs] 
2014-07-07T21:04:46.652+0000: 588.672: [GC [PSYoungGen: 538176K->128K(519936K)] 628669K->90685K(1206912K), 0.0037770 secs] [Times: user=0.00 sys=0.00, real=0.00 secs] 
2014-07-07T21:04:47.769+0000: 589.789: [GC [PSYoungGen: 519859K->96K(502592K)] 610416K->90685K(1189568K), 0.0033210 secs] [Times: user=0.01 sys=0.00, real=0.00 secs] 
2014-07-07T21:04:48.843+0000: 590.863: [GC [PSYoungGen: 502560K->310K(486208K)] 593149K->90915K(1173184K), 0.0064210 secs] [Times: user=0.01 sys=0.00, real=0.01 secs] 
2014-07-07T21:04:49.884+0000: 591.904: [GC [PSYoungGen: 486198K->306K(470336K)] 576803K->90943K(1157312K), 0.0085540 secs] [Times: user=0.03 sys=0.00, real=0.01 secs] 
2014-07-07T21:04:50.892+0000: 592.913: [GC [PSYoungGen: 470322K->192K(455040K)] 560959K->90845K(1142016K), 0.0033740 secs] [Times: user=0.00 sys=0.00, real=0.00 secs] 
2014-07-07T21:04:51.862+0000: 593.882: [GC [PSYoungGen: 455017K->210K(440640K)] 545670K->90887K(1127616K), 0.0090200 secs] [Times: user=0.03 sys=0.00, real=0.01 secs] 
2014-07-07T21:04:52.806+0000: 594.826: [GC [PSYoungGen: 440594K->306K(426816K)] 531271K->91007K(1113792K), 0.0071950 secs] [Times: user=0.03 sys=0.00, real=0.01 secs] 
2014-07-07T21:04:53.714+0000: 595.734: [GC [PSYoungGen: 426778K->260K(413568K)] 517479K->90977K(1100544K), 0.0040130 secs] [Times: user=0.02 sys=0.00, real=0.00 secs] 
2014-07-07T21:04:54.598+0000: 596.618: [GC [PSYoungGen: 413508K->384K(400960K)] 504225K->91157K(1087936K), 0.0087230 secs] [Times: user=0.02 sys=0.00, real=0.01 secs] 
2014-07-07T21:04:55.451+0000: 597.471: [GC [PSYoungGen: 400960K->192K(388608K)] 491733K->91021K(1075584K), 0.0035930 secs] [Times: user=0.01 sys=0.00, real=0.00 secs] 
2014-07-07T21:04:56.275+0000: 598.295: [GC [PSYoungGen: 388512K->256K(377024K)] 479341K->91141K(1064000K), 0.0058900 secs] [Times: user=0.02 sys=0.00, real=0.01 secs] 
2014-07-07T21:04:57.095+0000: 599.115: [GC [PSYoungGen: 377024K->370K(366016K)] 467909K->91303K(1052992K), 0.0052010 secs] [Times: user=0.02 sys=0.00, real=0.01 secs] 
2014-07-07T21:04:57.857+0000: 599.877: [GC [PSYoungGen: 366002K->224K(355200K)] 456935K->91181K(1042176K), 0.0030120 secs] [Times: user=0.00 sys=0.00, real=0.01 secs] 
2014-07-07T21:04:58.613+0000: 600.633: [GC [PSYoungGen: 355168K->160K(344896K)] 446125K->91149K(1031872K), 0.0057210 secs] [Times: user=0.02 sys=0.00, real=0.00 secs] 
2014-07-07T21:04:59.350+0000: 601.370: [GC [PSYoungGen: 344861K->256K(335104K)] 435850K->91269K(1022080K), 0.0086610 secs] [Times: user=0.03 sys=0.00, real=0.00 secs] 
2014-07-07T21:05:00.071+0000: 602.091: [GC [PSYoungGen: 335096K->260K(325760K)] 426109K->91289K(1012736K), 0.0033830 secs] [Times: user=0.01 sys=0.00, real=0.00 secs] 
2014-07-07T21:05:00.765+0000: 602.785: [GC [PSYoungGen: 325694K->192K(316608K)] 416723K->91261K(1003584K), 0.0063370 secs] [Times: user=0.02 sys=0.00, real=0.01 secs] 
2014-07-07T21:05:01.445+0000: 603.465: [GC [PSYoungGen: 316608K->256K(307968K)] 407677K->91357K(994944K), 0.0068250 secs] [Times: user=0.02 sys=0.00, real=0.01 secs] 
2014-07-07T21:05:02.105+0000: 604.125: [GC [PSYoungGen: 307891K->292K(299712K)] 398992K->91409K(986688K), 0.0038690 secs] [Times: user=0.01 sys=0.00, real=0.00 secs] 
2014-07-07T21:05:02.745+0000: 604.765: [GC [PSYoungGen: 299684K->192K(291584K)] 390801K->91317K(978560K), 0.0051600 secs] [Times: user=0.01 sys=0.01, real=0.00 secs] 
2014-07-07T21:05:03.372+0000: 605.392: [GC [PSYoungGen: 291584K->192K(283904K)] 382709K->91333K(970880K), 0.0059620 secs] [Times: user=0.01 sys=0.00, real=0.00 secs] 
2014-07-07T21:05:03.975+0000: 605.995: [GC [PSYoungGen: 283898K->324K(276672K)] 375039K->91473K(963648K), 0.0057110 secs] [Times: user=0.01 sys=0.00, real=0.00 secs] 
2014-07-07T21:05:04.567+0000: 606.588: [GC [PSYoungGen: 276612K->178K(269376K)] 367761K->91367K(956352K), 0.0039190 secs] [Times: user=0.01 sys=0.00, real=0.01 secs] 
2014-07-07T21:05:05.142+0000: 607.162: [GC [PSYoungGen: 269362K->242K(262592K)] 360551K->91479K(949568K), 0.0054380 secs] [Times: user=0.02 sys=0.01, real=0.00 secs] 
2014-07-07T21:05:05.709+0000: 607.729: [GC [PSYoungGen: 262578K->256K(315072K)] 353815K->91533K(1002048K), 0.0093830 secs] [Times: user=0.03 sys=0.00, real=0.01 secs] 
2014-07-07T21:05:06.387+0000: 608.408: [GC [PSYoungGen: 314986K->324K(378176K)] 406263K->91633K(1065152K), 0.0072360 secs] [Times: user=0.03 sys=0.00, real=0.01 secs] 
2014-07-07T21:05:07.197+0000: 609.217: [GC [PSYoungGen: 378116K->178K(366784K)] 469425K->91647K(1053760K), 0.0054710 secs] [Times: user=0.02 sys=0.00, real=0.01 secs] 
2014-07-07T21:05:07.982+0000: 610.002: [GC [PSYoungGen: 366770K->192K(356032K)] 458239K->91677K(1043008K), 0.0049200 secs] [Times: user=0.01 sys=0.00, real=0.00 secs] 
2014-07-07T21:05:08.745+0000: 610.765: [GC [PSYoungGen: 356032K->128K(345664K)] 447517K->91661K(1032640K), 0.0050360 secs] [Times: user=0.00 sys=0.00, real=0.00 secs] 
2014-07-07T21:05:09.487+0000: 611.508: [GC [PSYoungGen: 345658K->256K(335936K)] 437191K->91829K(1022912K), 0.0060040 secs] [Times: user=0.01 sys=0.00, real=0.01 secs] 
2014-07-07T21:05:10.204+0000: 612.224: [GC [PSYoungGen: 335933K->274K(326528K)] 427506K->91863K(1013504K), 0.0037480 secs] [Times: user=0.01 sys=0.00, real=0.00 secs] 
2014-07-07T21:05:10.900+0000: 612.920: [GC [PSYoungGen: 326476K->388K(317568K)] 418065K->92017K(1004544K), 0.0057580 secs] [Times: user=0.02 sys=0.00, real=0.01 secs] 
2014-07-07T21:05:11.582+0000: 613.602: [GC [PSYoungGen: 317508K->192K(380736K)] 409137K->91869K(1067712K), 0.0165910 secs] [Times: user=0.06 sys=0.00, real=0.02 secs] 
2014-07-07T21:05:12.397+0000: 614.417: [GC [PSYoungGen: 380736K->210K(369472K)] 472413K->91903K(1056448K), 0.0038570 secs] [Times: user=0.01 sys=0.00, real=0.00 secs] 
2014-07-07T21:05:13.195+0000: 615.215: [GC [PSYoungGen: 369426K->420K(358848K)] 461119K->92161K(1045824K), 0.0080420 secs] [Times: user=0.02 sys=0.00, real=0.01 secs] 
2014-07-07T21:05:13.961+0000: 615.981: [GC [PSYoungGen: 358818K->96K(348160K)] 450559K->91861K(1035136K), 0.0030540 secs] [Times: user=0.01 sys=0.00, real=0.01 secs] 
2014-07-07T21:05:14.710+0000: 616.730: [GC [PSYoungGen: 348128K->192K(338240K)] 439893K->92005K(1025216K), 0.0045660 secs] [Times: user=0.01 sys=0.00, real=0.01 secs] 
2014-07-07T21:05:15.435+0000: 617.455: [GC [PSYoungGen: 338222K->224K(328768K)] 430035K->92085K(1015744K), 0.0096130 secs] [Times: user=0.04 sys=0.00, real=0.01 secs] 
2014-07-07T21:05:16.141+0000: 618.161: [GC [PSYoungGen: 328736K->420K(319808K)] 420597K->92329K(1006784K), 0.0035990 secs] [Times: user=0.01 sys=0.00, real=0.01 secs] 
2014-07-07T21:05:16.821+0000: 618.841: [GC [PSYoungGen: 319780K->160K(310720K)] 411689K->92093K(997696K), 0.0101970 secs] [Times: user=0.04 sys=0.00, real=0.01 secs] 
2014-07-07T21:05:17.487+0000: 619.507: [GC [PSYoungGen: 310688K->320K(302400K)] 402621K->92269K(989376K), 0.0057660 secs] [Times: user=0.01 sys=0.00, real=0.00 secs] 
2014-07-07T21:05:18.136+0000: 620.156: [GC [PSYoungGen: 302400K->320K(294272K)] 394349K->92285K(981248K), 0.0040090 secs] [Times: user=0.01 sys=0.00, real=0.00 secs] 
2014-07-07T21:05:18.761+0000: 620.781: [GC [PSYoungGen: 294272K->160K(286336K)] 386237K->92133K(973312K), 0.0058990 secs] [Times: user=0.00 sys=0.00, real=0.01 secs] 
2014-07-07T21:05:19.377+0000: 621.397: [GC [PSYoungGen: 286304K->320K(343744K)] 378277K->92325K(1030720K), 0.0094860 secs] [Times: user=0.03 sys=0.00, real=0.01 secs] 
2014-07-07T21:05:20.106+0000: 622.126: [GC [PSYoungGen: 343744K->224K(412416K)] 435749K->92253K(1099392K), 0.0291220 secs] [Times: user=0.10 sys=0.00, real=0.03 secs] 
2014-07-07T21:05:20.989+0000: 623.009: [GC [PSYoungGen: 412384K->96K(494720K)] 504413K->92133K(1181696K), 0.0052660 secs] [Times: user=0.01 sys=0.00, real=0.01 secs] 
2014-07-07T21:05:22.055+0000: 624.075: [GC [PSYoungGen: 494688K->96K(593664K)] 586725K->92149K(1280640K), 0.0050080 secs] [Times: user=0.01 sys=0.00, real=0.00 secs] 
2014-07-07T21:05:23.329+0000: 625.349: [GC [PSYoungGen: 593632K->324K(712640K)] 685685K->92393K(1399616K), 0.0056170 secs] [Times: user=0.01 sys=0.00, real=0.01 secs] 
2014-07-07T21:05:24.862+0000: 626.882: [GC [PSYoungGen: 712547K->306K(686464K)] 804616K->92391K(1373440K), 0.0049330 secs] [Times: user=0.01 sys=0.00, real=0.01 secs] 
2014-07-07T21:05:26.331+0000: 628.351: [GC [PSYoungGen: 686450K->274K(661568K)] 778535K->92455K(1348544K), 0.0097120 secs] [Times: user=0.03 sys=0.00, real=0.01 secs] 
2014-07-07T21:05:27.746+0000: 629.766: [GC [PSYoungGen: 661522K->192K(637696K)] 753703K->92421K(1324672K), 0.0074940 secs] [Times: user=0.02 sys=0.00, real=0.00 secs] 
2014-07-07T21:05:29.117+0000: 631.137: [GC [PSYoungGen: 637689K->96K(614976K)] 729918K->92365K(1301952K), 0.0033280 secs] [Times: user=0.01 sys=0.00, real=0.00 secs] 
2014-07-07T21:05:30.429+0000: 632.449: [GC [PSYoungGen: 614944K->274K(593536K)] 707213K->92559K(1280512K), 0.0059570 secs] [Times: user=0.01 sys=0.00, real=0.01 secs] 
2014-07-07T21:05:31.696+0000: 633.716: [GC [PSYoungGen: 593490K->306K(572864K)] 685775K->92631K(1259840K), 0.0127740 secs] [Times: user=0.04 sys=0.00, real=0.01 secs] 
2014-07-07T21:05:32.928+0000: 634.948: [GC [PSYoungGen: 572850K->256K(553088K)] 665175K->92613K(1240064K), 0.0069070 secs] [Times: user=0.01 sys=0.00, real=0.00 secs] 
2014-07-07T21:05:34.106+0000: 636.126: [GC [PSYoungGen: 553088K->338K(534400K)] 645445K->92719K(1221376K), 0.0098290 secs] [Times: user=0.03 sys=0.00, real=0.01 secs] 
2014-07-07T21:05:35.252+0000: 637.272: [GC [PSYoungGen: 534354K->256K(516288K)] 626735K->92701K(1203264K), 0.0041900 secs] [Times: user=0.00 sys=0.00, real=0.01 secs] 
2014-07-07T21:05:36.359+0000: 638.380: [GC [PSYoungGen: 516288K->448K(499328K)] 608733K->92973K(1186304K), 0.0048410 secs] [Times: user=0.01 sys=0.00, real=0.00 secs] 
2014-07-07T21:05:37.423+0000: 639.443: [GC [PSYoungGen: 499328K->256K(482752K)] 591853K->92837K(1169728K), 0.0087350 secs] [Times: user=0.02 sys=0.00, real=0.01 secs] 
2014-07-07T21:05:38.459+0000: 640.479: [GC [PSYoungGen: 482752K->470K(467328K)] 575333K->93099K(1154304K), 0.0062020 secs] [Times: user=0.02 sys=0.00, real=0.00 secs] 
2014-07-07T21:05:39.456+0000: 641.476: [GC [PSYoungGen: 467286K->306K(452160K)] 559915K->92983K(1139136K), 0.0182820 secs] [Times: user=0.06 sys=0.00, real=0.01 secs] 
2014-07-07T21:05:40.430+0000: 642.450: [GC [PSYoungGen: 452146K->320K(437824K)] 544823K->93021K(1124800K), 0.0061800 secs] [Times: user=0.01 sys=0.00, real=0.01 secs] 
2014-07-07T21:05:41.365+0000: 643.385: [GC [PSYoungGen: 437824K->324K(424128K)] 530525K->93057K(1111104K), 0.0039560 secs] [Times: user=0.01 sys=0.00, real=0.01 secs] 
2014-07-07T21:05:42.278+0000: 644.298: [GC [PSYoungGen: 424068K->434K(411072K)] 516801K->93207K(1098048K), 0.0102780 secs] [Times: user=0.04 sys=0.00, real=0.01 secs] 
2014-07-07T21:05:43.157+0000: 645.177: [GC [PSYoungGen: 411058K->256K(398272K)] 503831K->93053K(1085248K), 0.0103610 secs] [Times: user=0.04 sys=0.00, real=0.01 secs] 
2014-07-07T21:05:44.007+0000: 646.027: [GC [PSYoungGen: 398272K->256K(386240K)] 491069K->93077K(1073216K), 0.0033060 secs] [Times: user=0.01 sys=0.00, real=0.00 secs] 
2014-07-07T21:05:44.834+0000: 646.854: [GC [PSYoungGen: 386240K->320K(374784K)] 479061K->93221K(1061760K), 0.0036390 secs] [Times: user=0.01 sys=0.00, real=0.01 secs] 
2014-07-07T21:05:45.636+0000: 647.656: [GC [PSYoungGen: 374784K->128K(363520K)] 467685K->93085K(1050496K), 0.0042120 secs] [Times: user=0.01 sys=0.01, real=0.01 secs] 
2014-07-07T21:05:46.413+0000: 648.433: [GC [PSYoungGen: 363520K->288K(436416K)] 456477K->93301K(1123392K), 0.0247310 secs] [Times: user=0.08 sys=0.00, real=0.03 secs] 
2014-07-07T21:05:47.348+0000: 649.368: [GC [PSYoungGen: 436384K->434K(523776K)] 529397K->93471K(1210752K), 0.0035800 secs] [Times: user=0.01 sys=0.00, real=0.00 secs] 
2014-07-07T21:05:48.464+0000: 650.484: [GC [PSYoungGen: 523762K->192K(628224K)] 616799K->93261K(1315200K), 0.0150990 secs] [Times: user=0.05 sys=0.00, real=0.02 secs] 
2014-07-07T21:05:49.811+0000: 651.831: [GC [PSYoungGen: 628224K->552K(606400K)] 721293K->93669K(1293376K), 0.0046650 secs] [Times: user=0.02 sys=0.00, real=0.00 secs] 
2014-07-07T21:05:51.109+0000: 653.129: [GC [PSYoungGen: 606376K->178K(584768K)] 699493K->93319K(1271744K), 0.0040800 secs] [Times: user=0.01 sys=0.00, real=0.00 secs] 
2014-07-07T21:05:52.364+0000: 654.384: [GC [PSYoungGen: 584752K->306K(564672K)] 677893K->93479K(1251648K), 0.0062280 secs] [Times: user=0.02 sys=0.00, real=0.01 secs] 
2014-07-07T21:05:53.573+0000: 655.593: [GC [PSYoungGen: 564606K->388K(545472K)] 657779K->93585K(1232448K), 0.0034000 secs] [Times: user=0.00 sys=0.00, real=0.00 secs] 
2014-07-07T21:05:54.746+0000: 656.766: [GC [PSYoungGen: 545412K->530K(527104K)] 638609K->93759K(1214080K), 0.0044170 secs] [Times: user=0.02 sys=0.00, real=0.01 secs] 
2014-07-07T21:05:55.869+0000: 657.889: [GC [PSYoungGen: 527058K->146K(509056K)] 620287K->93447K(1196032K), 0.0067780 secs] [Times: user=0.01 sys=0.00, real=0.01 secs] 
2014-07-07T21:05:56.965+0000: 658.985: [GC [PSYoungGen: 509010K->192K(492224K)] 602311K->93541K(1179200K), 0.0067630 secs] [Times: user=0.03 sys=0.00, real=0.01 secs] 
2014-07-07T21:05:58.019+0000: 660.040: [GC [PSYoungGen: 492224K->338K(476288K)] 585573K->93727K(1163264K), 0.0135460 secs] [Times: user=0.05 sys=0.00, real=0.01 secs] 
2014-07-07T21:05:59.043+0000: 661.063: [GC [PSYoungGen: 476242K->192K(460672K)] 569631K->93605K(1147648K), 0.0042670 secs] [Times: user=0.01 sys=0.00, real=0.00 secs] 
2014-07-07T21:06:00.029+0000: 662.049: [GC [PSYoungGen: 460660K->360K(446144K)] 554073K->93789K(1133120K), 0.0037620 secs] [Times: user=0.01 sys=0.00, real=0.00 secs] 
2014-07-07T21:06:00.992+0000: 663.012: [GC [PSYoungGen: 446120K->342K(432064K)] 539549K->93803K(1119040K), 0.0067320 secs] [Times: user=0.01 sys=0.00, real=0.00 secs] 
2014-07-07T21:06:01.919+0000: 663.939: [GC [PSYoungGen: 432022K->260K(418496K)] 525483K->93737K(1105472K), 0.0036700 secs] [Times: user=0.01 sys=0.00, real=0.01 secs] 
2014-07-07T21:06:02.818+0000: 664.838: [GC [PSYoungGen: 418436K->128K(405376K)] 511913K->93621K(1092352K), 0.0038360 secs] [Times: user=0.01 sys=0.00, real=0.01 secs] 
2014-07-07T21:06:03.689+0000: 665.709: [GC [PSYoungGen: 405376K->160K(393088K)] 498869K->93661K(1080064K), 0.0068650 secs] [Times: user=0.02 sys=0.00, real=0.01 secs] 
2014-07-07T21:06:04.530+0000: 666.550: [GC [PSYoungGen: 393056K->402K(381504K)] 486557K->93927K(1068480K), 0.0063530 secs] [Times: user=0.01 sys=0.00, real=0.00 secs] 
2014-07-07T21:06:05.344+0000: 667.364: [GC [PSYoungGen: 381457K->224K(369984K)] 474982K->93805K(1056960K), 0.0119050 secs] [Times: user=0.04 sys=0.00, real=0.01 secs] 
2014-07-07T21:06:06.140+0000: 668.160: [GC [PSYoungGen: 369952K->256K(443968K)] 463533K->93901K(1130944K), 0.0296510 secs] [Times: user=0.10 sys=0.00, real=0.02 secs] 
2014-07-07T21:06:07.082+0000: 669.102: [GC [PSYoungGen: 443968K->128K(532608K)] 537613K->93805K(1219584K), 0.0044320 secs] [Times: user=0.01 sys=0.00, real=0.00 secs] 
2014-07-07T21:06:08.222+0000: 670.242: [GC [PSYoungGen: 532570K->288K(639552K)] 626248K->94013K(1326528K), 0.0075000 secs] [Times: user=0.03 sys=0.01, real=0.00 secs] 
2014-07-07T21:06:09.594+0000: 671.614: [GC [PSYoungGen: 639263K->288K(767104K)] 732989K->94037K(1454080K), 0.0125050 secs] [Times: user=0.04 sys=0.00, real=0.01 secs] 
2014-07-07T21:06:11.234+0000: 673.254: [GC [PSYoungGen: 767072K->274K(738432K)] 860821K->94047K(1425408K), 0.0059430 secs] [Times: user=0.01 sys=0.00, real=0.00 secs] 
2014-07-07T21:06:12.813+0000: 674.833: [GC [PSYoungGen: 738386K->160K(710976K)] 832159K->93965K(1397952K), 0.0061350 secs] [Times: user=0.02 sys=0.00, real=0.00 secs] 
2014-07-07T21:06:14.333+0000: 676.353: [GC [PSYoungGen: 710944K->288K(685056K)] 804749K->94133K(1372032K), 0.0059870 secs] [Times: user=0.01 sys=0.00, real=0.00 secs] 
2014-07-07T21:06:15.806+0000: 677.826: [GC [PSYoungGen: 684977K->210K(660160K)] 778822K->94135K(1347136K), 0.0056870 secs] [Times: user=0.02 sys=0.00, real=0.00 secs] 
2014-07-07T21:06:17.229+0000: 679.249: [GC [PSYoungGen: 660114K->288K(636544K)] 754039K->94301K(1323520K), 0.0078300 secs] [Times: user=0.02 sys=0.00, real=0.01 secs] 
2014-07-07T21:06:18.597+0000: 680.617: [GC [PSYoungGen: 636512K->288K(613952K)] 730525K->94349K(1300928K), 0.0134480 secs] [Times: user=0.04 sys=0.00, real=0.01 secs] 
2014-07-07T21:06:19.913+0000: 681.933: [GC [PSYoungGen: 613920K->160K(736576K)] 707981K->94269K(1423552K), 0.0282440 secs] [Times: user=0.10 sys=0.00, real=0.02 secs] 
2014-07-07T21:06:21.490+0000: 683.511: [GC [PSYoungGen: 736531K->242K(883968K)] 830640K->94383K(1570944K), 0.0202090 secs] [Times: user=0.07 sys=0.00, real=0.02 secs] 
2014-07-07T21:06:23.381+0000: 685.401: [GC [PSYoungGen: 883954K->356K(849920K)] 978095K->94521K(1536896K), 0.0088290 secs] [Times: user=0.03 sys=0.00, real=0.01 secs] 
2014-07-07T21:06:25.203+0000: 687.223: [GC [PSYoungGen: 849892K->306K(817280K)] 944057K->94619K(1504256K), 0.0130980 secs] [Times: user=0.05 sys=0.00, real=0.02 secs] 
2014-07-07T21:06:26.950+0000: 688.970: [GC [PSYoungGen: 817266K->192K(786112K)] 911579K->94625K(1473088K), 0.0128540 secs] [Times: user=0.05 sys=0.00, real=0.01 secs] 
2014-07-07T21:06:28.631+0000: 690.651: [GC [PSYoungGen: 786112K->256K(756608K)] 880545K->94737K(1443584K), 0.0108590 secs] [Times: user=0.04 sys=0.00, real=0.01 secs] 
2014-07-07T21:06:30.256+0000: 692.276: [GC [PSYoungGen: 756608K->484K(728704K)] 851089K->95221K(1415680K), 0.0041090 secs] [Times: user=0.01 sys=0.00, real=0.00 secs] 
2014-07-07T21:06:31.811+0000: 693.831: [GC [PSYoungGen: 728676K->306K(701632K)] 823413K->95157K(1388608K), 0.0056810 secs] [Times: user=0.02 sys=0.00, real=0.01 secs] 
2014-07-07T21:06:33.306+0000: 695.326: [GC [PSYoungGen: 701617K->424K(676160K)] 796468K->95355K(1363136K), 0.0040160 secs] [Times: user=0.01 sys=0.00, real=0.00 secs] 
2014-07-07T21:06:34.751+0000: 696.771: [GC [PSYoungGen: 676136K->552K(651840K)] 771067K->95531K(1338816K), 0.0060710 secs] [Times: user=0.02 sys=0.00, real=0.01 secs] 
2014-07-07T21:06:36.141+0000: 698.162: [GC [PSYoungGen: 651816K->288K(628288K)] 746795K->95371K(1315264K), 0.0286120 secs] [Times: user=0.10 sys=0.00, real=0.03 secs] 
2014-07-07T21:06:37.493+0000: 699.513: [GC [PSYoungGen: 628256K->402K(606208K)] 723339K->95533K(1293184K), 0.0060360 secs] [Times: user=0.02 sys=0.00, real=0.01 secs] 
2014-07-07T21:06:38.792+0000: 700.813: [GC [PSYoungGen: 606162K->256K(584832K)] 701293K->95451K(1271808K), 0.0050640 secs] [Times: user=0.01 sys=0.00, real=0.01 secs] 
2014-07-07T21:06:40.047+0000: 702.068: [GC [PSYoungGen: 584832K->210K(564608K)] 680027K->95421K(1251584K), 0.0057760 secs] [Times: user=0.01 sys=0.01, real=0.00 secs] 
2014-07-07T21:06:41.253+0000: 703.273: [GC [PSYoungGen: 564512K->224K(545280K)] 659724K->95459K(1232256K), 0.0118020 secs] [Times: user=0.04 sys=0.00, real=0.01 secs] 
2014-07-07T21:06:42.419+0000: 704.439: [GC [PSYoungGen: 545205K->256K(526784K)] 640440K->95515K(1213760K), 0.0109150 secs] [Times: user=0.04 sys=0.00, real=0.01 secs] 
2014-07-07T21:06:43.547+0000: 705.567: [GC [PSYoungGen: 526784K->320K(509184K)] 622043K->95611K(1196160K), 0.0084300 secs] [Times: user=0.03 sys=0.00, real=0.01 secs] 
2014-07-07T21:06:44.637+0000: 706.657: [GC [PSYoungGen: 509184K->288K(611008K)] 604475K->95643K(1297984K), 0.0293160 secs] [Times: user=0.10 sys=0.00, real=0.03 secs] 
2014-07-07T21:06:45.945+0000: 707.966: [GC [PSYoungGen: 610976K->288K(733184K)] 706331K->95747K(1420160K), 0.0318950 secs] [Times: user=0.12 sys=0.00, real=0.04 secs] 
2014-07-07T21:06:47.510+0000: 709.530: [GC [PSYoungGen: 733152K->224K(879744K)] 828611K->95755K(1566720K), 0.0075290 secs] [Times: user=0.02 sys=0.01, real=0.01 secs] 
2014-07-07T21:06:49.396+0000: 711.416: [GC [PSYoungGen: 879712K->256K(1055680K)] 975243K->95843K(1742656K), 0.0098190 secs] [Times: user=0.03 sys=0.00, real=0.01 secs] 
2014-07-07T21:06:51.659+0000: 713.679: [GC [PSYoungGen: 1055680K->242K(1013312K)] 1151267K->95861K(1700288K), 0.0030220 secs] [Times: user=0.01 sys=0.00, real=0.00 secs] 
2014-07-07T21:06:53.829+0000: 715.849: [GC [PSYoungGen: 1013298K->502K(973248K)] 1108917K->96177K(1660224K), 0.0064490 secs] [Times: user=0.01 sys=0.00, real=0.00 secs] 
2014-07-07T21:06:55.920+0000: 717.940: [GC [PSYoungGen: 973233K->224K(934592K)] 1068908K->95947K(1621568K), 0.0086040 secs] [Times: user=0.03 sys=0.00, real=0.01 secs] 
2014-07-07T21:06:57.920+0000: 719.940: [GC [PSYoungGen: 934560K->192K(897920K)] 1030283K->96011K(1584896K), 0.0039370 secs] [Times: user=0.01 sys=0.00, real=0.00 secs] 
2014-07-07T21:06:59.849+0000: 721.869: [GC [PSYoungGen: 897918K->128K(863040K)] 993737K->96003K(1550016K), 0.0036380 secs] [Times: user=0.00 sys=0.00, real=0.00 secs] 
2014-07-07T21:07:01.696+0000: 723.716: [GC [PSYoungGen: 863021K->210K(829952K)] 958896K->96117K(1516928K), 0.0040560 secs] [Times: user=0.01 sys=0.00, real=0.01 secs] 
2014-07-07T21:07:03.475+0000: 725.495: [GC [PSYoungGen: 829896K->566K(798656K)] 925803K->96521K(1485632K), 0.0096190 secs] [Times: user=0.03 sys=0.00, real=0.01 secs] 
2014-07-07T21:07:05.188+0000: 727.208: [GC [PSYoungGen: 798646K->352K(768320K)] 894601K->96339K(1455296K), 0.0049710 secs] [Times: user=0.02 sys=0.00, real=0.01 secs] 
2014-07-07T21:07:06.835+0000: 728.855: [GC [PSYoungGen: 768288K->356K(739584K)] 864275K->96439K(1426560K), 0.0116050 secs] [Times: user=0.04 sys=0.00, real=0.01 secs] 
2014-07-07T21:07:08.417+0000: 730.437: [GC [PSYoungGen: 739556K->342K(712192K)] 835639K->96481K(1399168K), 0.0083470 secs] [Times: user=0.03 sys=0.00, real=0.01 secs] 
2014-07-07T21:07:09.946+0000: 731.966: [GC [PSYoungGen: 712150K->192K(685888K)] 808289K->96379K(1372864K), 0.0036260 secs] [Times: user=0.01 sys=0.00, real=0.00 secs] 
2014-07-07T21:07:11.420+0000: 733.440: [GC [PSYoungGen: 685888K->242K(661056K)] 782075K->96477K(1348032K), 0.0110280 secs] [Times: user=0.04 sys=0.00, real=0.02 secs] 
2014-07-07T21:07:12.839+0000: 734.859: [GC [PSYoungGen: 661042K->288K(637376K)] 757277K->96563K(1324352K), 0.0064330 secs] [Times: user=0.01 sys=0.00, real=0.01 secs] 
2014-07-07T21:07:14.199+0000: 736.219: [GC [PSYoungGen: 637344K->434K(614848K)] 733619K->96765K(1301824K), 0.0222790 secs] [Times: user=0.08 sys=0.00, real=0.03 secs] 
2014-07-07T21:07:15.519+0000: 737.539: [GC [PSYoungGen: 614834K->288K(593088K)] 711165K->96683K(1280064K), 0.0121390 secs] [Times: user=0.05 sys=0.00, real=0.02 secs] 
2014-07-07T21:07:16.788+0000: 738.808: [GC [PSYoungGen: 592962K->224K(572416K)] 689357K->96715K(1259392K), 0.0059120 secs] [Times: user=0.01 sys=0.00, real=0.01 secs] 
2014-07-07T21:07:18.014+0000: 740.034: [GC [PSYoungGen: 572384K->160K(552640K)] 668875K->96699K(1239616K), 0.0098560 secs] [Times: user=0.04 sys=0.00, real=0.01 secs] 
2014-07-07T21:07:19.201+0000: 741.222: [GC [PSYoungGen: 552608K->224K(533888K)] 649147K->96795K(1220864K), 0.0041890 secs] [Times: user=0.01 sys=0.00, real=0.00 secs] 
2014-07-07T21:07:20.341+0000: 742.361: [GC [PSYoungGen: 533856K->160K(515840K)] 630427K->96755K(1202816K), 0.0121460 secs] [Times: user=0.04 sys=0.00, real=0.02 secs] 
2014-07-07T21:07:21.450+0000: 743.470: [GC [PSYoungGen: 515808K->288K(498816K)] 612403K->96899K(1185792K), 0.0037710 secs] [Times: user=0.01 sys=0.00, real=0.01 secs] 
2014-07-07T21:07:22.518+0000: 744.538: [GC [PSYoungGen: 498784K->160K(482304K)] 595395K->96795K(1169280K), 0.0091210 secs] [Times: user=0.03 sys=0.00, real=0.02 secs] 
2014-07-07T21:07:23.551+0000: 745.571: [GC [PSYoungGen: 482272K->160K(466624K)] 578907K->96811K(1153600K), 0.0038970 secs] [Times: user=0.01 sys=0.00, real=0.01 secs] 
2014-07-07T21:07:24.560+0000: 746.580: [GC [PSYoungGen: 466592K->256K(451712K)] 563243K->96923K(1138688K), 0.0056770 secs] [Times: user=0.02 sys=0.00, real=0.01 secs] 
2014-07-07T21:07:25.529+0000: 747.549: [GC [PSYoungGen: 451712K->484K(437632K)] 548379K->97439K(1124608K), 0.0065110 secs] [Times: user=0.01 sys=0.00, real=0.01 secs] 
2014-07-07T21:07:26.468+0000: 748.488: [GC [PSYoungGen: 437604K->224K(423680K)] 534559K->97227K(1110656K), 0.0058390 secs] [Times: user=0.01 sys=0.00, real=0.01 secs] 
2014-07-07T21:07:27.375+0000: 749.395: [GC [PSYoungGen: 423648K->288K(410624K)] 520651K->97363K(1097600K), 0.0052890 secs] [Times: user=0.01 sys=0.00, real=0.00 secs] 
2014-07-07T21:07:28.257+0000: 750.277: [GC [PSYoungGen: 410563K->278K(398080K)] 507639K->97377K(1085056K), 0.0127270 secs] [Times: user=0.05 sys=0.00, real=0.01 secs] 
2014-07-07T21:07:29.105+0000: 751.125: [GC [PSYoungGen: 398038K->128K(385856K)] 495137K->97243K(1072832K), 0.0041900 secs] [Times: user=0.01 sys=0.00, real=0.00 secs] 
2014-07-07T21:07:29.937+0000: 751.957: [GC [PSYoungGen: 385856K->324K(374592K)] 482971K->97463K(1061568K), 0.0083420 secs] [Times: user=0.03 sys=0.00, real=0.01 secs] 
2014-07-07T21:07:30.737+0000: 752.757: [GC [PSYoungGen: 374532K->242K(363392K)] 471671K->97389K(1050368K), 0.0066840 secs] [Times: user=0.01 sys=0.00, real=0.01 secs] 
2014-07-07T21:07:31.515+0000: 753.535: [GC [PSYoungGen: 363378K->128K(352704K)] 460525K->97291K(1039680K), 0.0038560 secs] [Times: user=0.01 sys=0.00, real=0.00 secs] 
2014-07-07T21:07:32.275+0000: 754.295: [GC [PSYoungGen: 352704K->406K(342848K)] 449867K->97593K(1029824K), 0.0068200 secs] [Times: user=0.02 sys=0.01, real=0.00 secs] 
2014-07-07T21:07:33.009+0000: 755.029: [GC [PSYoungGen: 342806K->288K(411200K)] 439993K->97507K(1098176K), 0.0136800 secs] [Times: user=0.04 sys=0.00, real=0.01 secs] 
2014-07-07T21:07:33.887+0000: 755.908: [GC [PSYoungGen: 411168K->224K(398528K)] 508387K->97459K(1085504K), 0.0037550 secs] [Times: user=0.01 sys=0.00, real=0.00 secs] 
2014-07-07T21:07:34.744+0000: 756.764: [GC [PSYoungGen: 398496K->256K(386496K)] 495731K->97539K(1073472K), 0.0043240 secs] [Times: user=0.00 sys=0.01, real=0.00 secs] 
2014-07-07T21:07:35.570+0000: 757.590: [GC [PSYoungGen: 386490K->484K(375232K)] 483773K->97839K(1062208K), 0.0048620 secs] [Times: user=0.01 sys=0.00, real=0.01 secs] 
2014-07-07T21:07:36.372+0000: 758.392: [GC [PSYoungGen: 375204K->160K(363840K)] 472559K->97563K(1050816K), 0.0084190 secs] [Times: user=0.03 sys=0.00, real=0.01 secs] 
2014-07-07T21:07:37.152+0000: 759.172: [GC [PSYoungGen: 363808K->160K(353216K)] 461211K->97579K(1040192K), 0.0036970 secs] [Times: user=0.01 sys=0.00, real=0.01 secs] 
2014-07-07T21:07:37.906+0000: 759.926: [GC [PSYoungGen: 353182K->128K(342976K)] 450601K->97563K(1029952K), 0.0039160 secs] [Times: user=0.01 sys=0.01, real=0.00 secs] 
2014-07-07T21:07:38.644+0000: 760.664: [GC [PSYoungGen: 342975K->128K(333248K)] 440410K->97579K(1020224K), 0.0060400 secs] [Times: user=0.01 sys=0.01, real=0.00 secs] 
2014-07-07T21:07:39.369+0000: 761.389: [GC [PSYoungGen: 333199K->338K(324160K)] 430650K->97813K(1011136K), 0.0106960 secs] [Times: user=0.03 sys=0.00, real=0.01 secs] 
2014-07-07T21:07:40.067+0000: 762.087: [GC [PSYoungGen: 324114K->224K(388800K)] 421589K->97723K(1075776K), 0.0268700 secs] [Times: user=0.09 sys=0.00, real=0.02 secs] 
2014-07-07T21:07:40.899+0000: 762.920: [GC [PSYoungGen: 388765K->160K(466496K)] 486264K->97675K(1153472K), 0.0035560 secs] [Times: user=0.01 sys=0.01, real=0.00 secs] 
2014-07-07T21:07:41.891+0000: 763.911: [GC [PSYoungGen: 466464K->192K(559808K)] 563979K->97731K(1246784K), 0.0076560 secs] [Times: user=0.03 sys=0.00, real=0.01 secs] 
2014-07-07T21:07:43.093+0000: 765.113: [GC [PSYoungGen: 559808K->274K(671872K)] 657347K->97837K(1358848K), 0.0067950 secs] [Times: user=0.02 sys=0.00, real=0.01 secs] 
2014-07-07T21:07:44.540+0000: 766.560: [GC [PSYoungGen: 671826K->384K(806272K)] 769389K->97971K(1493248K), 0.0208480 secs] [Times: user=0.07 sys=0.00, real=0.02 secs] 
2014-07-07T21:07:46.267+0000: 768.287: [GC [PSYoungGen: 806272K->320K(775680K)] 903859K->97987K(1462656K), 0.0081980 secs] [Times: user=0.03 sys=0.00, real=0.00 secs] 
2014-07-07T21:07:47.932+0000: 769.952: [GC [PSYoungGen: 775680K->288K(746624K)] 873347K->98043K(1433600K), 0.0143670 secs] [Times: user=0.05 sys=0.00, real=0.02 secs] 
2014-07-07T21:07:49.528+0000: 771.548: [GC [PSYoungGen: 746592K->434K(719040K)] 844347K->98253K(1406016K), 0.0189440 secs] [Times: user=0.06 sys=0.00, real=0.02 secs] 
2014-07-07T21:07:51.067+0000: 773.087: [GC [PSYoungGen: 719014K->388K(692608K)] 816833K->98231K(1379584K), 0.0066890 secs] [Times: user=0.01 sys=0.00, real=0.00 secs] 
2014-07-07T21:07:52.555+0000: 774.576: [GC [PSYoungGen: 692548K->306K(667264K)] 790391K->98197K(1354240K), 0.0059650 secs] [Times: user=0.01 sys=0.00, real=0.01 secs] 
2014-07-07T21:07:53.990+0000: 776.010: [GC [PSYoungGen: 667250K->388K(643392K)] 765141K->98311K(1330368K), 0.0091480 secs] [Times: user=0.04 sys=0.00, real=0.01 secs] 
2014-07-07T21:07:55.363+0000: 777.383: [GC [PSYoungGen: 643315K->424K(620480K)] 741238K->98419K(1307456K), 0.0066120 secs] [Times: user=0.01 sys=0.00, real=0.01 secs] 
2014-07-07T21:07:56.696+0000: 778.716: [GC [PSYoungGen: 620456K->356K(598528K)] 718451K->98431K(1285504K), 0.0064830 secs] [Times: user=0.02 sys=0.00, real=0.01 secs] 
2014-07-07T21:07:57.974+0000: 779.994: [GC [PSYoungGen: 598435K->224K(577536K)] 696510K->98339K(1264512K), 0.0045590 secs] [Times: user=0.01 sys=0.00, real=0.01 secs] 
2014-07-07T21:07:59.214+0000: 781.235: [GC [PSYoungGen: 577504K->306K(557696K)] 675619K->98445K(1244672K), 0.0113180 secs] [Times: user=0.04 sys=0.00, real=0.01 secs] 
2014-07-07T21:08:00.410+0000: 782.430: [GC [PSYoungGen: 557682K->256K(538624K)] 655821K->98435K(1225600K), 0.0062080 secs] [Times: user=0.02 sys=0.00, real=0.00 secs] 
2014-07-07T21:08:01.565+0000: 783.585: [GC [PSYoungGen: 538624K->370K(520576K)] 636803K->98605K(1207552K), 0.0070610 secs] [Times: user=0.01 sys=0.00, real=0.01 secs] 
2014-07-07T21:08:02.676+0000: 784.697: [GC [PSYoungGen: 520554K->310K(503168K)] 618789K->98577K(1190144K), 0.0052240 secs] [Times: user=0.01 sys=0.00, real=0.01 secs] 
2014-07-07T21:08:03.752+0000: 785.772: [GC [PSYoungGen: 503145K->306K(486592K)] 601412K->98597K(1173568K), 0.0057880 secs] [Times: user=0.02 sys=0.00, real=0.01 secs] 
2014-07-07T21:08:04.796+0000: 786.816: [GC [PSYoungGen: 486576K->160K(470592K)] 584867K->98483K(1157568K), 0.0059430 secs] [Times: user=0.00 sys=0.01, real=0.01 secs] 
2014-07-07T21:08:05.810+0000: 787.830: [GC [PSYoungGen: 470560K->192K(455424K)] 568883K->98603K(1142400K), 0.0054310 secs] [Times: user=0.01 sys=0.00, real=0.00 secs] 
2014-07-07T21:08:06.790+0000: 788.810: [GC [PSYoungGen: 455324K->128K(440832K)] 553736K->98571K(1127808K), 0.0037290 secs] [Times: user=0.00 sys=0.00, real=0.00 secs] 
2014-07-07T21:08:07.736+0000: 789.756: [GC [PSYoungGen: 440832K->210K(427392K)] 539275K->98677K(1114368K), 0.0034140 secs] [Times: user=0.01 sys=0.00, real=0.01 secs] 
2014-07-07T21:08:08.649+0000: 790.669: [GC [PSYoungGen: 427026K->192K(413760K)] 525493K->98691K(1100736K), 0.0053110 secs] [Times: user=0.02 sys=0.00, real=0.00 secs] 
2014-07-07T21:08:09.530+0000: 791.550: [GC [PSYoungGen: 413760K->178K(401024K)] 512259K->98693K(1088000K), 0.0037680 secs] [Times: user=0.01 sys=0.01, real=0.00 secs] 
2014-07-07T21:08:10.390+0000: 792.410: [GC [PSYoungGen: 401010K->128K(388800K)] 499525K->98667K(1075776K), 0.0038230 secs] [Times: user=0.01 sys=0.00, real=0.00 secs] 
2014-07-07T21:08:11.215+0000: 793.235: [GC [PSYoungGen: 388778K->506K(377536K)] 487317K->99061K(1064512K), 0.0046570 secs] [Times: user=0.01 sys=0.00, real=0.01 secs] 
2014-07-07T21:08:12.026+0000: 794.046: [GC [PSYoungGen: 377524K->128K(366016K)] 476079K->98699K(1052992K), 0.0173360 secs] [Times: user=0.07 sys=0.00, real=0.02 secs] 
2014-07-07T21:08:12.814+0000: 794.834: [GC [PSYoungGen: 366016K->160K(355392K)] 464587K->98771K(1042368K), 0.0047590 secs] [Times: user=0.02 sys=0.00, real=0.00 secs] 
2014-07-07T21:08:13.579+0000: 795.599: [GC [PSYoungGen: 355360K->224K(426496K)] 453971K->98859K(1113472K), 0.0140430 secs] [Times: user=0.04 sys=0.00, real=0.02 secs] 
2014-07-07T21:08:14.494+0000: 796.514: [GC [PSYoungGen: 426461K->274K(511808K)] 525096K->98933K(1198784K), 0.0127880 secs] [Times: user=0.05 sys=0.01, real=0.01 secs] 
2014-07-07T21:08:15.589+0000: 797.609: [GC [PSYoungGen: 511698K->388K(614272K)] 610357K->99119K(1301248K), 0.0080070 secs] [Times: user=0.02 sys=0.00, real=0.01 secs] 
2014-07-07T21:08:16.911+0000: 798.931: [GC [PSYoungGen: 614212K->548K(737216K)] 712943K->99343K(1424192K), 0.0324280 secs] [Times: user=0.12 sys=0.00, real=0.03 secs] 
2014-07-07T21:08:18.487+0000: 800.507: [GC [PSYoungGen: 737188K->192K(884160K)] 835983K->99443K(1571136K), 0.0074270 secs] [Times: user=0.03 sys=0.00, real=0.01 secs] 
2014-07-07T21:08:20.375+0000: 802.395: [GC [PSYoungGen: 884160K->288K(850112K)] 983411K->99587K(1537088K), 0.0041660 secs] [Times: user=0.01 sys=0.00, real=0.00 secs] 
2014-07-07T21:08:22.206+0000: 804.226: [GC [PSYoungGen: 850080K->192K(817408K)] 949379K->99619K(1504384K), 0.0045280 secs] [Times: user=0.01 sys=0.00, real=0.01 secs] 
2014-07-07T21:08:23.958+0000: 805.978: [GC [PSYoungGen: 817370K->242K(786432K)] 916797K->99685K(1473408K), 0.0049970 secs] [Times: user=0.02 sys=0.00, real=0.01 secs] 
2014-07-07T21:08:25.640+0000: 807.660: [GC [PSYoungGen: 786377K->224K(756864K)] 885820K->99723K(1443840K), 0.0041820 secs] [Times: user=0.01 sys=0.00, real=0.01 secs] 
2014-07-07T21:08:27.268+0000: 809.288: [GC [PSYoungGen: 756832K->324K(728832K)] 856331K->99911K(1415808K), 0.0095890 secs] [Times: user=0.04 sys=0.00, real=0.01 secs] 
2014-07-07T21:08:28.835+0000: 810.855: [GC [PSYoungGen: 728772K->256K(701824K)] 828359K->99891K(1388800K), 0.0061110 secs] [Times: user=0.02 sys=0.00, real=0.00 secs] 
2014-07-07T21:08:30.334+0000: 812.354: [GC [PSYoungGen: 701824K->256K(676224K)] 801459K->99931K(1363200K), 0.0058670 secs] [Times: user=0.02 sys=0.00, real=0.00 secs] 
2014-07-07T21:08:31.788+0000: 813.808: [GC [PSYoungGen: 676186K->260K(651840K)] 775861K->99967K(1338816K), 0.0078670 secs] [Times: user=0.02 sys=0.00, real=0.01 secs] 
2014-07-07T21:08:33.184+0000: 815.204: [GC [PSYoungGen: 651780K->128K(628352K)] 751487K->99859K(1315328K), 0.0087910 secs] [Times: user=0.03 sys=0.00, real=0.00 secs] 
2014-07-07T21:08:34.534+0000: 816.554: [GC [PSYoungGen: 628352K->566K(606528K)] 728083K->100401K(1293504K), 0.0107350 secs] [Times: user=0.04 sys=0.00, real=0.01 secs] 
2014-07-07T21:08:35.829+0000: 817.849: [GC [PSYoungGen: 606518K->438K(585152K)] 706353K->100345K(1272128K), 0.0041860 secs] [Times: user=0.01 sys=0.00, real=0.01 secs] 
2014-07-07T21:08:37.085+0000: 819.106: [GC [PSYoungGen: 585142K->374K(564800K)] 685049K->100361K(1251776K), 0.0084860 secs] [Times: user=0.02 sys=0.00, real=0.01 secs] 
2014-07-07T21:08:38.295+0000: 820.316: [GC [PSYoungGen: 564790K->160K(545280K)] 664777K->100171K(1232256K), 0.0095960 secs] [Times: user=0.03 sys=0.00, real=0.01 secs] 
2014-07-07T21:08:39.464+0000: 821.484: [GC [PSYoungGen: 545248K->224K(526848K)] 645259K->100259K(1213824K), 0.0041570 secs] [Times: user=0.01 sys=0.00, real=0.01 secs] 
2014-07-07T21:08:40.593+0000: 822.613: [GC [PSYoungGen: 526816K->192K(509120K)] 626851K->100251K(1196096K), 0.0046310 secs] [Times: user=0.01 sys=0.00, real=0.01 secs] 
2014-07-07T21:08:41.686+0000: 823.706: [GC [PSYoungGen: 509120K->192K(492288K)] 609179K->100267K(1179264K), 0.0043410 secs] [Times: user=0.01 sys=0.01, real=0.00 secs] 
2014-07-07T21:08:42.734+0000: 824.755: [GC [PSYoungGen: 492288K->178K(476160K)] 592363K->100269K(1163136K), 0.0041920 secs] [Times: user=0.01 sys=0.00, real=0.00 secs] 
2014-07-07T21:08:43.767+0000: 825.787: [GC [PSYoungGen: 476146K->192K(460736K)] 576237K->100299K(1147712K), 0.0042630 secs] [Times: user=0.01 sys=0.00, real=0.00 secs] 
2014-07-07T21:08:44.764+0000: 826.784: [GC [PSYoungGen: 460734K->160K(446016K)] 560841K->100299K(1132992K), 0.0043130 secs] [Times: user=0.01 sys=0.00, real=0.00 secs] 
2014-07-07T21:08:45.726+0000: 827.746: [GC [PSYoungGen: 445984K->160K(431936K)] 546123K->100371K(1118912K), 0.0037460 secs] [Times: user=0.01 sys=0.00, real=0.00 secs] 
2014-07-07T21:08:46.655+0000: 828.675: [GC [PSYoungGen: 431904K->274K(418560K)] 532115K->100541K(1105536K), 0.0066490 secs] [Times: user=0.02 sys=0.01, real=0.00 secs] 
2014-07-07T21:08:47.552+0000: 829.572: [GC [PSYoungGen: 418505K->374K(405696K)] 518772K->100665K(1092672K), 0.0075620 secs] [Times: user=0.02 sys=0.01, real=0.01 secs] 
2014-07-07T21:08:48.420+0000: 830.440: [GC [PSYoungGen: 405669K->388K(393408K)] 505961K->100727K(1080384K), 0.0160820 secs] [Times: user=0.05 sys=0.00, real=0.02 secs] 
2014-07-07T21:08:49.260+0000: 831.280: [GC [PSYoungGen: 393348K->288K(381440K)] 493687K->100659K(1068416K), 0.0064500 secs] [Times: user=0.01 sys=0.00, real=0.01 secs] 
2014-07-07T21:08:50.078+0000: 832.098: [GC [PSYoungGen: 381408K->160K(369984K)] 481779K->100563K(1056960K), 0.0102830 secs] [Times: user=0.04 sys=0.00, real=0.01 secs] 
2014-07-07T21:08:50.871+0000: 832.891: [GC [PSYoungGen: 369952K->128K(443904K)] 470355K->100547K(1130880K), 0.0105800 secs] [Times: user=0.03 sys=0.00, real=0.01 secs] 
2014-07-07T21:08:51.827+0000: 833.847: [GC [PSYoungGen: 443904K->442K(532992K)] 544323K->100885K(1219968K), 0.0093170 secs] [Times: user=0.04 sys=0.00, real=0.01 secs] 
2014-07-07T21:08:52.971+0000: 834.992: [GC [PSYoungGen: 532986K->292K(514944K)] 633429K->100759K(1201920K), 0.0073920 secs] [Times: user=0.02 sys=0.00, real=0.01 secs] 
2014-07-07T21:08:54.080+0000: 836.100: [GC [PSYoungGen: 514916K->192K(497728K)] 615383K->100675K(1184704K), 0.0038310 secs] [Times: user=0.01 sys=0.00, real=0.00 secs] 
2014-07-07T21:08:55.148+0000: 837.168: [GC [PSYoungGen: 497728K->128K(597184K)] 598211K->100667K(1284160K), 0.0288970 secs] [Times: user=0.10 sys=0.00, real=0.03 secs] 
2014-07-07T21:08:56.434+0000: 838.454: [GC [PSYoungGen: 597184K->306K(716800K)] 697723K->100917K(1403776K), 0.0066220 secs] [Times: user=0.01 sys=0.01, real=0.01 secs] 
2014-07-07T21:08:57.966+0000: 839.986: [GC [PSYoungGen: 716786K->128K(690304K)] 817397K->100787K(1377280K), 0.0072710 secs] [Times: user=0.02 sys=0.00, real=0.01 secs] 
2014-07-07T21:08:59.447+0000: 841.467: [GC [PSYoungGen: 690303K->160K(665664K)] 790962K->100843K(1352640K), 0.0098770 secs] [Times: user=0.04 sys=0.00, real=0.01 secs] 
2014-07-07T21:09:00.871+0000: 842.891: [GC [PSYoungGen: 665248K->256K(641408K)] 765931K->100979K(1328384K), 0.0074690 secs] [Times: user=0.02 sys=0.00, real=0.01 secs] 
2014-07-07T21:09:02.252+0000: 844.272: [GC [PSYoungGen: 641408K->256K(618560K)] 742131K->101003K(1305536K), 0.0144260 secs] [Times: user=0.04 sys=0.00, real=0.01 secs] 
2014-07-07T21:09:03.581+0000: 845.602: [GC [PSYoungGen: 618560K->320K(596864K)] 719307K->101083K(1283840K), 0.0044510 secs] [Times: user=0.01 sys=0.00, real=0.00 secs] 
2014-07-07T21:09:04.858+0000: 846.878: [GC [PSYoungGen: 596860K->320K(576064K)] 697623K->101107K(1263040K), 0.0123270 secs] [Times: user=0.05 sys=0.00, real=0.01 secs] 
2014-07-07T21:09:06.096+0000: 848.116: [GC [PSYoungGen: 576064K->288K(556224K)] 676851K->101171K(1243200K), 0.0057060 secs] [Times: user=0.03 sys=0.00, real=0.01 secs] 
2014-07-07T21:09:07.295+0000: 849.315: [GC [PSYoungGen: 556192K->288K(537280K)] 657075K->101219K(1224256K), 0.0076340 secs] [Times: user=0.03 sys=0.00, real=0.01 secs] 
2014-07-07T21:09:08.438+0000: 850.458: [GC [PSYoungGen: 537212K->420K(519296K)] 638143K->101431K(1206272K), 0.0051790 secs] [Times: user=0.01 sys=0.00, real=0.00 secs] 
2014-07-07T21:09:09.551+0000: 851.571: [GC [PSYoungGen: 519268K->320K(501888K)] 620279K->101363K(1188864K), 0.0035650 secs] [Times: user=0.01 sys=0.00, real=0.00 secs] 
2014-07-07T21:09:10.630+0000: 852.651: [GC [PSYoungGen: 501888K->224K(485312K)] 602931K->101291K(1172288K), 0.0036430 secs] [Times: user=0.01 sys=0.00, real=0.00 secs] 
2014-07-07T21:09:11.673+0000: 853.693: [GC [PSYoungGen: 485280K->128K(469376K)] 586347K->101219K(1156352K), 0.0087920 secs] [Times: user=0.03 sys=0.00, real=0.01 secs] 
2014-07-07T21:09:12.683+0000: 854.703: [GC [PSYoungGen: 469376K->192K(454336K)] 570467K->101307K(1141312K), 0.0084840 secs] [Times: user=0.03 sys=0.00, real=0.01 secs] 
2014-07-07T21:09:13.664+0000: 855.684: [GC [PSYoungGen: 454336K->192K(439872K)] 555451K->101331K(1126848K), 0.0033750 secs] [Times: user=0.01 sys=0.01, real=0.00 secs] 
2014-07-07T21:09:14.611+0000: 856.631: [GC [PSYoungGen: 439872K->192K(426048K)] 541011K->101371K(1113024K), 0.0099380 secs] [Times: user=0.04 sys=0.00, real=0.01 secs] 
2014-07-07T21:09:15.523+0000: 857.543: [GC [PSYoungGen: 426048K->256K(412864K)] 527227K->101507K(1099840K), 0.0118860 secs] [Times: user=0.04 sys=0.00, real=0.01 secs] 
2014-07-07T21:09:16.413+0000: 858.433: [GC [PSYoungGen: 412864K->192K(400128K)] 514115K->101491K(1087104K), 0.0062500 secs] [Times: user=0.01 sys=0.00, real=0.01 secs] 
2014-07-07T21:09:17.271+0000: 859.291: [GC [PSYoungGen: 400124K->438K(388224K)] 501423K->101777K(1075200K), 0.0057150 secs] [Times: user=0.01 sys=0.00, real=0.00 secs] 
2014-07-07T21:09:18.105+0000: 860.125: [GC [PSYoungGen: 388195K->292K(376512K)] 489534K->101679K(1063488K), 0.0056350 secs] [Times: user=0.00 sys=0.00, real=0.01 secs] 
2014-07-07T21:09:18.910+0000: 860.931: [GC [PSYoungGen: 376483K->256K(365312K)] 477871K->101683K(1052288K), 0.0123400 secs] [Times: user=0.04 sys=0.00, real=0.01 secs] 
2014-07-07T21:09:19.695+0000: 861.715: [GC [PSYoungGen: 365290K->420K(354816K)] 466717K->101879K(1041792K), 0.0059360 secs] [Times: user=0.01 sys=0.00, real=0.01 secs] 
2014-07-07T21:09:20.458+0000: 862.478: [GC [PSYoungGen: 354788K->406K(425728K)] 456247K->101889K(1112704K), 0.0130380 secs] [Times: user=0.04 sys=0.00, real=0.02 secs] 
2014-07-07T21:09:21.370+0000: 863.390: [GC [PSYoungGen: 425684K->160K(412288K)] 527167K->101659K(1099264K), 0.0051140 secs] [Times: user=0.01 sys=0.00, real=0.01 secs] 
2014-07-07T21:09:22.255+0000: 864.275: [GC [PSYoungGen: 412248K->356K(494912K)] 513748K->101871K(1181888K), 0.0215330 secs] [Times: user=0.07 sys=0.00, real=0.02 secs] 
2014-07-07T21:09:23.313+0000: 865.333: [GC [PSYoungGen: 494882K->192K(593664K)] 596397K->101723K(1280640K), 0.0215840 secs] [Times: user=0.08 sys=0.00, real=0.02 secs] 
2014-07-07T21:09:24.584+0000: 866.604: [GC [PSYoungGen: 593664K->406K(712640K)] 695195K->101961K(1399616K), 0.0082690 secs] [Times: user=0.03 sys=0.00, real=0.01 secs] 
2014-07-07T21:09:26.116+0000: 868.136: [GC [PSYoungGen: 712597K->452K(855168K)] 814152K->102103K(1542144K), 0.0324140 secs] [Times: user=0.11 sys=0.00, real=0.03 secs] 
2014-07-07T21:09:27.948+0000: 869.968: [GC [PSYoungGen: 855108K->160K(1025792K)] 956759K->101867K(1712768K), 0.0045700 secs] [Times: user=0.02 sys=0.00, real=0.01 secs] 
2014-07-07T21:09:30.154+0000: 872.174: [GC [PSYoungGen: 1025760K->192K(1230912K)] 1127467K->101955K(1917888K), 0.0122760 secs] [Times: user=0.05 sys=0.00, real=0.01 secs] 
2014-07-07T21:09:32.796+0000: 874.816: [GC [PSYoungGen: 1230912K->128K(1179968K)] 1332675K->101915K(1866944K), 0.0061240 secs] [Times: user=0.02 sys=0.00, real=0.01 secs] 
2014-07-07T21:09:35.319+0000: 877.339: [GC [PSYoungGen: 1179968K->416K(1131904K)] 1281755K->102275K(1818880K), 0.0068300 secs] [Times: user=0.01 sys=0.00, real=0.01 secs] 
2014-07-07T21:09:37.736+0000: 879.756: [GC [PSYoungGen: 1131872K->256K(1085696K)] 1233731K->102235K(1772672K), 0.0150030 secs] [Times: user=0.05 sys=0.00, real=0.01 secs] 
2014-07-07T21:09:40.062+0000: 882.082: [GC [PSYoungGen: 1085696K->128K(1041728K)] 1187675K->102155K(1728704K), 0.0063380 secs] [Times: user=0.01 sys=0.00, real=0.01 secs] 
2014-07-07T21:09:42.289+0000: 884.309: [GC [PSYoungGen: 1041728K->306K(1000192K)] 1143755K->102381K(1687168K), 0.0083370 secs] [Times: user=0.02 sys=0.00, real=0.01 secs] 
2014-07-07T21:09:44.442+0000: 886.462: [GC [PSYoungGen: 1000178K->420K(960576K)] 1102253K->102527K(1647552K), 0.0027680 secs] [Times: user=0.01 sys=0.00, real=0.01 secs] 
2014-07-07T21:09:46.491+0000: 888.511: [GC [PSYoungGen: 960548K->356K(922688K)] 1062655K->102535K(1609664K), 0.0044130 secs] [Times: user=0.01 sys=0.00, real=0.01 secs] 
2014-07-07T21:09:48.473+0000: 890.493: [GC [PSYoungGen: 922589K->274K(886592K)] 1024768K->102541K(1573568K), 0.0058620 secs] [Times: user=0.01 sys=0.01, real=0.01 secs] 
2014-07-07T21:09:50.379+0000: 892.399: [GC [PSYoungGen: 886540K->242K(852224K)] 988807K->102549K(1539200K), 0.0041080 secs] [Times: user=0.02 sys=0.00, real=0.00 secs] 
2014-07-07T21:09:52.203+0000: 894.223: [GC [PSYoungGen: 852210K->160K(819456K)] 954517K->102491K(1506432K), 0.0162780 secs] [Times: user=0.07 sys=0.00, real=0.02 secs] 
2014-07-07T21:09:53.960+0000: 895.980: [GC [PSYoungGen: 819424K->128K(788288K)] 921755K->102483K(1475264K), 0.0057700 secs] [Times: user=0.02 sys=0.00, real=0.01 secs] 
2014-07-07T21:09:55.658+0000: 897.678: [GC [PSYoungGen: 788198K->224K(758720K)] 890553K->102627K(1445696K), 0.0040050 secs] [Times: user=0.01 sys=0.00, real=0.00 secs] 
2014-07-07T21:09:57.286+0000: 899.306: [GC [PSYoungGen: 758688K->224K(730432K)] 861091K->102715K(1417408K), 0.0100270 secs] [Times: user=0.04 sys=0.00, real=0.01 secs] 
2014-07-07T21:09:58.847+0000: 900.867: [GC [PSYoungGen: 730400K->356K(703616K)] 832891K->102887K(1390592K), 0.0108200 secs] [Times: user=0.03 sys=0.00, real=0.01 secs] 
2014-07-07T21:10:00.356+0000: 902.376: [GC [PSYoungGen: 703588K->320K(677824K)] 806119K->102891K(1364800K), 0.0111740 secs] [Times: user=0.04 sys=0.00, real=0.02 secs] 
2014-07-07T21:10:01.815+0000: 903.835: [GC [PSYoungGen: 677823K->128K(653120K)] 780394K->102723K(1340096K), 0.0073770 secs] [Times: user=0.03 sys=0.00, real=0.01 secs] 
2014-07-07T21:10:03.220+0000: 905.240: [GC [PSYoungGen: 653117K->210K(629888K)] 755712K->102821K(1316864K), 0.0040600 secs] [Times: user=0.01 sys=0.00, real=0.00 secs] 
2014-07-07T21:10:04.577+0000: 906.597: [GC [PSYoungGen: 629842K->288K(607616K)] 732453K->102915K(1294592K), 0.0045710 secs] [Times: user=0.01 sys=0.00, real=0.01 secs] 
2014-07-07T21:10:05.880+0000: 907.900: [GC [PSYoungGen: 607570K->506K(586496K)] 710197K->103237K(1273472K), 0.0102130 secs] [Times: user=0.04 sys=0.00, real=0.01 secs] 
2014-07-07T21:10:07.144+0000: 909.164: [GC [PSYoungGen: 586490K->256K(565952K)] 689221K->103051K(1252928K), 0.0052880 secs] [Times: user=0.02 sys=0.00, real=0.01 secs] 
2014-07-07T21:10:08.367+0000: 910.387: [GC [PSYoungGen: 565952K->370K(546688K)] 668747K->103197K(1233664K), 0.0048110 secs] [Times: user=0.02 sys=0.01, real=0.00 secs] 
2014-07-07T21:10:09.536+0000: 911.556: [GC [PSYoungGen: 546674K->274K(528128K)] 649501K->103125K(1215104K), 0.0081780 secs] [Times: user=0.03 sys=0.00, real=0.01 secs] 
2014-07-07T21:10:10.681+0000: 912.701: [GC [PSYoungGen: 528082K->416K(633856K)] 630933K->103299K(1320832K), 0.0324260 secs] [Times: user=0.11 sys=0.00, real=0.03 secs] 
2014-07-07T21:10:12.028+0000: 914.049: [GC [PSYoungGen: 633819K->278K(611264K)] 736702K->103185K(1298240K), 0.0040670 secs] [Times: user=0.01 sys=0.00, real=0.00 secs] 
2014-07-07T21:10:13.341+0000: 915.362: [GC [PSYoungGen: 611222K->224K(589760K)] 714129K->103155K(1276736K), 0.0115080 secs] [Times: user=0.04 sys=0.00, real=0.01 secs] 
2014-07-07T21:10:14.602+0000: 916.622: [GC [PSYoungGen: 589714K->306K(569344K)] 692646K->103277K(1256320K), 0.0127030 secs] [Times: user=0.04 sys=0.00, real=0.01 secs] 
2014-07-07T21:10:15.827+0000: 917.847: [GC [PSYoungGen: 569266K->274K(549824K)] 672238K->103317K(1236800K), 0.0046150 secs] [Times: user=0.01 sys=0.00, real=0.01 secs] 
2014-07-07T21:10:17.012+0000: 919.032: [GC [PSYoungGen: 549778K->306K(659776K)] 652821K->103429K(1346752K), 0.0294680 secs] [Times: user=0.10 sys=0.00, real=0.03 secs] 
2014-07-07T21:10:18.422+0000: 920.442: [GC [PSYoungGen: 659762K->192K(791552K)] 762885K->103363K(1478528K), 0.0119800 secs] [Times: user=0.04 sys=0.00, real=0.01 secs] 
2014-07-07T21:10:20.120+0000: 922.140: [GC [PSYoungGen: 791552K->242K(761792K)] 894723K->103445K(1448768K), 0.0082120 secs] [Times: user=0.03 sys=0.00, real=0.00 secs] 
2014-07-07T21:10:21.754+0000: 923.774: [GC [PSYoungGen: 761778K->128K(733248K)] 864981K->103347K(1420224K), 0.0052330 secs] [Times: user=0.01 sys=0.00, real=0.01 secs] 
2014-07-07T21:10:23.336+0000: 925.356: [GC [PSYoungGen: 733246K->256K(706304K)] 836465K->103499K(1393280K), 0.0081030 secs] [Times: user=0.03 sys=0.00, real=0.01 secs] 
2014-07-07T21:10:24.854+0000: 926.874: [GC [PSYoungGen: 706304K->192K(680384K)] 809547K->103451K(1367360K), 0.0059720 secs] [Times: user=0.01 sys=0.00, real=0.01 secs] 
2014-07-07T21:10:26.319+0000: 928.339: [GC [PSYoungGen: 680384K->288K(655872K)] 783643K->103659K(1342848K), 0.0071130 secs] [Times: user=0.02 sys=0.01, real=0.01 secs] 
2014-07-07T21:10:27.724+0000: 929.744: [GC [PSYoungGen: 655840K->438K(632512K)] 759211K->104001K(1319488K), 0.0134290 secs] [Times: user=0.05 sys=0.00, real=0.01 secs] 
2014-07-07T21:10:29.085+0000: 931.105: [GC [PSYoungGen: 632502K->192K(609856K)] 736065K->103853K(1296832K), 0.0091530 secs] [Times: user=0.03 sys=0.00, real=0.01 secs] 
2014-07-07T21:10:30.394+0000: 932.414: [GC [PSYoungGen: 609856K->192K(588480K)] 713517K->103917K(1275456K), 0.0044250 secs] [Times: user=0.01 sys=0.00, real=0.00 secs] 
2014-07-07T21:10:31.660+0000: 933.680: [GC [PSYoungGen: 588416K->342K(568256K)] 692141K->104083K(1255232K), 0.0035680 secs] [Times: user=0.01 sys=0.00, real=0.01 secs] 
2014-07-07T21:10:32.882+0000: 934.902: [GC [PSYoungGen: 568214K->96K(548480K)] 671955K->103853K(1235456K), 0.0068930 secs] [Times: user=0.02 sys=0.00, real=0.00 secs] 
2014-07-07T21:10:34.069+0000: 936.090: [GC [PSYoungGen: 548359K->552K(530304K)] 652116K->104397K(1217280K), 0.0106390 secs] [Times: user=0.04 sys=0.00, real=0.01 secs] 
2014-07-07T21:10:35.204+0000: 937.224: [GC [PSYoungGen: 530280K->224K(512192K)] 634125K->104117K(1199168K), 0.0037230 secs] [Times: user=0.00 sys=0.00, real=0.00 secs] 
2014-07-07T21:10:36.306+0000: 938.326: [GC [PSYoungGen: 512160K->612K(495552K)] 616053K->104593K(1182528K), 0.0057540 secs] [Times: user=0.01 sys=0.00, real=0.01 secs] 
2014-07-07T21:10:37.366+0000: 939.386: [GC [PSYoungGen: 495524K->470K(479168K)] 599505K->104483K(1166144K), 0.0058570 secs] [Times: user=0.01 sys=0.00, real=0.00 secs] 
2014-07-07T21:10:38.405+0000: 940.425: [GC [PSYoungGen: 479126K->306K(463424K)] 583139K->104351K(1150400K), 0.0030650 secs] [Times: user=0.01 sys=0.00, real=0.00 secs] 
2014-07-07T21:10:39.390+0000: 941.410: [GC [PSYoungGen: 463410K->224K(448512K)] 567455K->104301K(1135488K), 0.0068400 secs] [Times: user=0.02 sys=0.00, real=0.01 secs] 
2014-07-07T21:10:40.363+0000: 942.383: [GC [PSYoungGen: 448480K->224K(434304K)] 552557K->104333K(1121280K), 0.0047590 secs] [Times: user=0.01 sys=0.00, real=0.00 secs] 
2014-07-07T21:10:41.295+0000: 943.315: [GC [PSYoungGen: 434250K->424K(420928K)] 538360K->104581K(1107904K), 0.0028860 secs] [Times: user=0.01 sys=0.00, real=0.00 secs] 
2014-07-07T21:10:42.198+0000: 944.218: [GC [PSYoungGen: 420856K->288K(407808K)] 525013K->104469K(1094784K), 0.0094240 secs] [Times: user=0.03 sys=0.01, real=0.01 secs] 
2014-07-07T21:10:43.068+0000: 945.088: [GC [PSYoungGen: 407776K->210K(395264K)] 511957K->104415K(1082240K), 0.0090980 secs] [Times: user=0.03 sys=0.00, real=0.01 secs] 
2014-07-07T21:10:43.911+0000: 945.931: [GC [PSYoungGen: 395217K->224K(383360K)] 499422K->104461K(1070336K), 0.0031780 secs] [Times: user=0.01 sys=0.00, real=0.01 secs] 
2014-07-07T21:10:44.733+0000: 946.754: [GC [PSYoungGen: 383328K->452K(372224K)] 487565K->104737K(1059200K), 0.0173430 secs] [Times: user=0.06 sys=0.00, real=0.01 secs] 
2014-07-07T21:10:45.531+0000: 947.551: [GC [PSYoungGen: 372147K->370K(361152K)] 476433K->104711K(1048128K), 0.0042970 secs] [Times: user=0.01 sys=0.00, real=0.01 secs] 
2014-07-07T21:10:46.307+0000: 948.327: [GC [PSYoungGen: 361138K->306K(433280K)] 465479K->104687K(1120256K), 0.0351710 secs] [Times: user=0.12 sys=0.00, real=0.03 secs] 
2014-07-07T21:10:47.236+0000: 949.256: [GC [PSYoungGen: 433266K->260K(519872K)] 537647K->104665K(1206848K), 0.0054240 secs] [Times: user=0.01 sys=0.01, real=0.00 secs] 
2014-07-07T21:10:48.355+0000: 950.375: [GC [PSYoungGen: 519812K->224K(623744K)] 624217K->104669K(1310720K), 0.0043130 secs] [Times: user=0.02 sys=0.00, real=0.00 secs] 
2014-07-07T21:10:49.695+0000: 951.715: [GC [PSYoungGen: 623712K->370K(748608K)] 728157K->104839K(1435584K), 0.0075850 secs] [Times: user=0.02 sys=0.00, real=0.00 secs] 
2014-07-07T21:10:51.300+0000: 953.320: [GC [PSYoungGen: 748594K->160K(720640K)] 853063K->104653K(1407616K), 0.0055720 secs] [Times: user=0.02 sys=0.00, real=0.01 secs] 
2014-07-07T21:10:52.856+0000: 954.876: [GC [PSYoungGen: 720608K->288K(694272K)] 825101K->104821K(1381248K), 0.0052040 secs] [Times: user=0.02 sys=0.00, real=0.00 secs] 
2014-07-07T21:10:54.343+0000: 956.363: [GC [PSYoungGen: 694240K->274K(668992K)] 798773K->104831K(1355968K), 0.0204440 secs] [Times: user=0.07 sys=0.00, real=0.02 secs] 
2014-07-07T21:10:55.787+0000: 957.807: [GC [PSYoungGen: 668858K->274K(644864K)] 773415K->104903K(1331840K), 0.0037810 secs] [Times: user=0.01 sys=0.01, real=0.00 secs] 
2014-07-07T21:10:57.173+0000: 959.193: [GC [PSYoungGen: 644818K->160K(621760K)] 749447K->104861K(1308736K), 0.0135990 secs] [Times: user=0.05 sys=0.00, real=0.02 secs] 
2014-07-07T21:10:58.516+0000: 960.536: [GC [PSYoungGen: 621728K->310K(599936K)] 726429K->105043K(1286912K), 0.0036790 secs] [Times: user=0.01 sys=0.00, real=0.00 secs] 
2014-07-07T21:10:59.805+0000: 961.825: [GC [PSYoungGen: 599876K->342K(579072K)] 704609K->105099K(1266048K), 0.0148680 secs] [Times: user=0.06 sys=0.00, real=0.01 secs] 
2014-07-07T21:11:01.057+0000: 963.077: [GC [PSYoungGen: 579030K->160K(558912K)] 683787K->104957K(1245888K), 0.0038500 secs] [Times: user=0.01 sys=0.00, real=0.00 secs] 
2014-07-07T21:11:02.259+0000: 964.279: [GC [PSYoungGen: 558880K->96K(539776K)] 663677K->104909K(1226752K), 0.0052090 secs] [Times: user=0.00 sys=0.00, real=0.00 secs] 
2014-07-07T21:11:03.420+0000: 965.440: [GC [PSYoungGen: 539742K->338K(521792K)] 644555K->105175K(1208768K), 0.0255840 secs] [Times: user=0.09 sys=0.00, real=0.02 secs] 
2014-07-07T21:11:04.543+0000: 966.564: [GC [PSYoungGen: 521746K->370K(504384K)] 626583K->105239K(1191360K), 0.0095990 secs] [Times: user=0.04 sys=0.01, real=0.01 secs] 
2014-07-07T21:11:05.620+0000: 967.641: [GC [PSYoungGen: 504323K->374K(487744K)] 609192K->105323K(1174720K), 0.0076880 secs] [Times: user=0.02 sys=0.00, real=0.01 secs] 
2014-07-07T21:11:06.673+0000: 968.693: [GC [PSYoungGen: 487734K->274K(471744K)] 592683K->105279K(1158720K), 0.0088450 secs] [Times: user=0.03 sys=0.00, real=0.01 secs] 
2014-07-07T21:11:07.687+0000: 969.707: [GC [PSYoungGen: 471698K->288K(456512K)] 576703K->105333K(1143488K), 0.0053460 secs] [Times: user=0.01 sys=0.01, real=0.00 secs] 
2014-07-07T21:11:08.669+0000: 970.689: [GC [PSYoungGen: 456480K->224K(441920K)] 561525K->105285K(1128896K), 0.0039740 secs] [Times: user=0.01 sys=0.00, real=0.00 secs] 
2014-07-07T21:11:09.626+0000: 971.646: [GC [PSYoungGen: 441858K->456K(428288K)] 546920K->105533K(1115264K), 0.0047740 secs] [Times: user=0.01 sys=0.00, real=0.00 secs] 
2014-07-07T21:11:10.548+0000: 972.568: [GC [PSYoungGen: 428232K->260K(414784K)] 533309K->105353K(1101760K), 0.0058100 secs] [Times: user=0.01 sys=0.00, real=0.00 secs] 
2014-07-07T21:11:11.440+0000: 973.460: [GC [PSYoungGen: 414724K->288K(402048K)] 519817K->105405K(1089024K), 0.0060560 secs] [Times: user=0.01 sys=0.00, real=0.00 secs] 
2014-07-07T21:11:12.304+0000: 974.324: [GC [PSYoungGen: 402016K->470K(482624K)] 507133K->105669K(1169600K), 0.0303520 secs] [Times: user=0.11 sys=0.00, real=0.03 secs] 
2014-07-07T21:11:13.343+0000: 975.363: [GC [PSYoungGen: 482582K->192K(578752K)] 587781K->105407K(1265728K), 0.0047290 secs] [Times: user=0.02 sys=0.00, real=0.01 secs] 
2014-07-07T21:11:14.587+0000: 976.607: [GC [PSYoungGen: 578752K->338K(558976K)] 683967K->105577K(1245952K), 0.0029720 secs] [Times: user=0.01 sys=0.00, real=0.00 secs] 
2014-07-07T21:11:15.795+0000: 977.815: [GC [PSYoungGen: 558930K->128K(539648K)] 664169K->105439K(1226624K), 0.0039650 secs] [Times: user=0.01 sys=0.00, real=0.01 secs] 
2014-07-07T21:11:16.953+0000: 978.973: [GC [PSYoungGen: 539648K->466K(521792K)] 644959K->105857K(1208768K), 0.0050000 secs] [Times: user=0.01 sys=0.00, real=0.01 secs] 
2014-07-07T21:11:18.078+0000: 980.098: [GC [PSYoungGen: 521746K->256K(504128K)] 627137K->105679K(1191104K), 0.0089430 secs] [Times: user=0.03 sys=0.00, real=0.00 secs] 
2014-07-07T21:11:19.158+0000: 981.178: [GC [PSYoungGen: 504084K->274K(487552K)] 609507K->105737K(1174528K), 0.0047430 secs] [Times: user=0.01 sys=0.00, real=0.00 secs] 
2014-07-07T21:11:20.213+0000: 982.233: [GC [PSYoungGen: 487506K->520K(471936K)] 592969K->105999K(1158912K), 0.0040430 secs] [Times: user=0.01 sys=0.00, real=0.00 secs] 
2014-07-07T21:11:21.223+0000: 983.243: [GC [PSYoungGen: 471880K->160K(456320K)] 577359K->105655K(1143296K), 0.0038400 secs] [Times: user=0.00 sys=0.00, real=0.00 secs] 
2014-07-07T21:11:22.216+0000: 984.236: [GC [PSYoungGen: 456288K->192K(441792K)] 561783K->105703K(1128768K), 0.0034820 secs] [Times: user=0.01 sys=0.00, real=0.01 secs] 
2014-07-07T21:11:23.156+0000: 985.176: [GC [PSYoungGen: 441773K->246K(427968K)] 547284K->105773K(1114944K), 0.0043870 secs] [Times: user=0.01 sys=0.00, real=0.01 secs] 
2014-07-07T21:11:24.082+0000: 986.102: [GC [PSYoungGen: 427958K->498K(414912K)] 533485K->106065K(1101888K), 0.0198830 secs] [Times: user=0.06 sys=0.00, real=0.02 secs] 
2014-07-07T21:11:24.968+0000: 986.988: [GC [PSYoungGen: 414898K->256K(401920K)] 520465K->105895K(1088896K), 0.0067740 secs] [Times: user=0.02 sys=0.00, real=0.01 secs] 
2014-07-07T21:11:25.835+0000: 987.855: [GC [PSYoungGen: 401920K->320K(389760K)] 507559K->106031K(1076736K), 0.0094500 secs] [Times: user=0.03 sys=0.00, real=0.01 secs] 
2014-07-07T21:11:26.673+0000: 988.693: [GC [PSYoungGen: 389759K->256K(377984K)] 495471K->106007K(1064960K), 0.0040560 secs] [Times: user=0.01 sys=0.00, real=0.00 secs] 
2014-07-07T21:11:27.484+0000: 989.504: [GC [PSYoungGen: 377982K->416K(366976K)] 483734K->106191K(1053952K), 0.0068680 secs] [Times: user=0.02 sys=0.00, real=0.01 secs] 
2014-07-07T21:11:28.271+0000: 990.291: [GC [PSYoungGen: 366944K->502K(440384K)] 472719K->106301K(1127360K), 0.0169320 secs] [Times: user=0.06 sys=0.00, real=0.01 secs] 
2014-07-07T21:11:29.212+0000: 991.232: [GC [PSYoungGen: 440374K->192K(528064K)] 546173K->106023K(1215040K), 0.0103570 secs] [Times: user=0.04 sys=0.00, real=0.01 secs] 
2014-07-07T21:11:30.345+0000: 992.365: [GC [PSYoungGen: 528064K->242K(510400K)] 633895K->106089K(1197376K), 0.0049120 secs] [Times: user=0.01 sys=0.00, real=0.01 secs] 
2014-07-07T21:11:31.437+0000: 993.457: [GC [PSYoungGen: 510386K->342K(493632K)] 616233K->106221K(1180608K), 0.0038480 secs] [Times: user=0.01 sys=0.00, real=0.01 secs] 
2014-07-07T21:11:32.501+0000: 994.521: [GC [PSYoungGen: 493590K->224K(477312K)] 599469K->106119K(1164288K), 0.0061840 secs] [Times: user=0.01 sys=0.00, real=0.00 secs] 
2014-07-07T21:11:33.535+0000: 995.555: [GC [PSYoungGen: 477280K->516K(462208K)] 583175K->106427K(1149184K), 0.0090920 secs] [Times: user=0.03 sys=0.01, real=0.01 secs] 
2014-07-07T21:11:34.528+0000: 996.548: [GC [PSYoungGen: 462148K->406K(447296K)] 568059K->106333K(1134272K), 0.0047190 secs] [Times: user=0.01 sys=0.00, real=0.01 secs] 
2014-07-07T21:11:35.493+0000: 997.513: [GC [PSYoungGen: 447227K->292K(536576K)] 553154K->106371K(1223552K), 0.0192310 secs] [Times: user=0.06 sys=0.00, real=0.02 secs] 
2014-07-07T21:11:36.651+0000: 998.671: [GC [PSYoungGen: 536548K->420K(518656K)] 642627K->106539K(1205632K), 0.0049840 secs] [Times: user=0.01 sys=0.00, real=0.01 secs] 
2014-07-07T21:11:37.761+0000: 999.781: [GC [PSYoungGen: 518628K->352K(501312K)] 624747K->106551K(1188288K), 0.0103870 secs] [Times: user=0.04 sys=0.00, real=0.02 secs] 
2014-07-07T21:11:38.843+0000: 1000.863: [GC [PSYoungGen: 501266K->210K(484672K)] 607465K->106433K(1171648K), 0.0062880 secs] [Times: user=0.01 sys=0.00, real=0.00 secs] 
2014-07-07T21:11:39.892+0000: 1001.912: [GC [PSYoungGen: 484626K->320K(468928K)] 590849K->106583K(1155904K), 0.0130830 secs] [Times: user=0.04 sys=0.00, real=0.01 secs] 
2014-07-07T21:11:40.901+0000: 1002.921: [GC [PSYoungGen: 468928K->178K(453696K)] 575191K->106457K(1140672K), 0.0071510 secs] [Times: user=0.01 sys=0.00, real=0.00 secs] 
2014-07-07T21:11:41.879+0000: 1003.900: [GC [PSYoungGen: 453669K->324K(439488K)] 559948K->106635K(1126464K), 0.0078310 secs] [Times: user=0.02 sys=0.00, real=0.01 secs] 
2014-07-07T21:11:42.826+0000: 1004.846: [GC [PSYoungGen: 439411K->424K(425728K)] 545722K->106767K(1112704K), 0.0073290 secs] [Times: user=0.02 sys=0.00, real=0.01 secs] 
2014-07-07T21:11:43.743+0000: 1005.763: [GC [PSYoungGen: 425704K->288K(412416K)] 532047K->106655K(1099392K), 0.0030420 secs] [Times: user=0.01 sys=0.00, real=0.00 secs] 
2014-07-07T21:11:44.634+0000: 1006.654: [GC [PSYoungGen: 412383K->192K(399616K)] 518750K->106591K(1086592K), 0.0064960 secs] [Times: user=0.01 sys=0.00, real=0.00 secs] 
2014-07-07T21:11:45.490+0000: 1007.510: [GC [PSYoungGen: 399616K->242K(387584K)] 506015K->106697K(1074560K), 0.0049620 secs] [Times: user=0.01 sys=0.00, real=0.01 secs] 
2014-07-07T21:11:46.321+0000: 1008.341: [GC [PSYoungGen: 387570K->224K(376000K)] 494025K->106711K(1062976K), 0.0050660 secs] [Times: user=0.01 sys=0.00, real=0.01 secs] 
2014-07-07T21:11:47.123+0000: 1009.143: [GC [PSYoungGen: 375968K->260K(364928K)] 482455K->106779K(1051904K), 0.0041370 secs] [Times: user=0.01 sys=0.01, real=0.00 secs] 
2014-07-07T21:11:47.901+0000: 1009.921: [GC [PSYoungGen: 364868K->210K(354240K)] 471387K->106753K(1041216K), 0.0032720 secs] [Times: user=0.01 sys=0.01, real=0.01 secs] 
2014-07-07T21:11:48.665+0000: 1010.686: [GC [PSYoungGen: 354194K->160K(343936K)] 460737K->106727K(1030912K), 0.0034320 secs] [Times: user=0.01 sys=0.00, real=0.00 secs] 
2014-07-07T21:11:49.405+0000: 1011.425: [GC [PSYoungGen: 343812K->356K(334336K)] 450379K->106939K(1021312K), 0.0042470 secs] [Times: user=0.01 sys=0.00, real=0.00 secs] 
2014-07-07T21:11:50.120+0000: 1012.140: [GC [PSYoungGen: 334305K->228K(324800K)] 440888K->106827K(1011776K), 0.0071020 secs] [Times: user=0.01 sys=0.00, real=0.01 secs] 
2014-07-07T21:11:50.819+0000: 1012.840: [GC [PSYoungGen: 324772K->160K(315712K)] 431371K->106775K(1002688K), 0.0062650 secs] [Times: user=0.01 sys=0.00, real=0.01 secs] 
2014-07-07T21:11:51.507+0000: 1013.527: [GC [PSYoungGen: 315680K->480K(307392K)] 422295K->107111K(994368K), 0.0042020 secs] [Times: user=0.01 sys=0.00, real=0.00 secs] 
2014-07-07T21:11:52.159+0000: 1014.179: [GC [PSYoungGen: 307357K->210K(298816K)] 413988K->106865K(985792K), 0.0056310 secs] [Times: user=0.02 sys=0.00, real=0.01 secs] 
2014-07-07T21:11:52.801+0000: 1014.821: [GC [PSYoungGen: 298770K->192K(290752K)] 405425K->106863K(977728K), 0.0043690 secs] [Times: user=0.01 sys=0.00, real=0.01 secs] 
2014-07-07T21:11:53.428+0000: 1015.448: [GC [PSYoungGen: 290716K->224K(283136K)] 397387K->106911K(970112K), 0.0035070 secs] [Times: user=0.01 sys=0.00, real=0.00 secs] 
2014-07-07T21:11:54.039+0000: 1016.060: [GC [PSYoungGen: 283104K->256K(275776K)] 389791K->106959K(962752K), 0.0040000 secs] [Times: user=0.01 sys=0.00, real=0.01 secs] 
2014-07-07T21:11:54.636+0000: 1016.656: [GC [PSYoungGen: 275769K->338K(268800K)] 382472K->107097K(955776K), 0.0055480 secs] [Times: user=0.02 sys=0.00, real=0.00 secs] 
2014-07-07T21:11:55.213+0000: 1017.234: [GC [PSYoungGen: 268707K->424K(262080K)] 375467K->107231K(949056K), 0.0043730 secs] [Times: user=0.01 sys=0.00, real=0.00 secs] 
2014-07-07T21:11:55.771+0000: 1017.791: [GC [PSYoungGen: 262056K->420K(314432K)] 368863K->107267K(1001408K), 0.0132580 secs] [Times: user=0.05 sys=0.00, real=0.02 secs] 
2014-07-07T21:11:56.454+0000: 1018.474: [GC [PSYoungGen: 314404K->306K(377152K)] 421251K->107209K(1064128K), 0.0063150 secs] [Times: user=0.01 sys=0.00, real=0.00 secs] 
2014-07-07T21:11:57.267+0000: 1019.287: [GC [PSYoungGen: 377138K->242K(452480K)] 484041K->107177K(1139456K), 0.0079640 secs] [Times: user=0.03 sys=0.00, real=0.01 secs] 
2014-07-07T21:11:58.241+0000: 1020.261: [GC [PSYoungGen: 452461K->288K(438144K)] 559396K->107271K(1125120K), 0.0043790 secs] [Times: user=0.01 sys=0.00, real=0.01 secs] 
2014-07-07T21:11:59.179+0000: 1021.199: [GC [PSYoungGen: 438020K->274K(424384K)] 545004K->107289K(1111360K), 0.0118870 secs] [Times: user=0.05 sys=0.00, real=0.01 secs] 
2014-07-07T21:12:00.089+0000: 1022.109: [GC [PSYoungGen: 424338K->160K(411072K)] 531353K->107191K(1098048K), 0.0054730 secs] [Times: user=0.01 sys=0.00, real=0.01 secs] 
2014-07-07T21:12:00.974+0000: 1022.994: [GC [PSYoungGen: 411040K->310K(398592K)] 518071K->107357K(1085568K), 0.0067530 secs] [Times: user=0.01 sys=0.00, real=0.01 secs] 
2014-07-07T21:12:01.830+0000: 1023.851: [GC [PSYoungGen: 398582K->274K(386560K)] 505629K->107353K(1073536K), 0.0124840 secs] [Times: user=0.05 sys=0.00, real=0.01 secs] 
2014-07-07T21:12:02.669+0000: 1024.689: [GC [PSYoungGen: 386514K->488K(375232K)] 493593K->107655K(1062208K), 0.0048320 secs] [Times: user=0.01 sys=0.00, real=0.00 secs] 
2014-07-07T21:12:03.474+0000: 1025.494: [GC [PSYoungGen: 375208K->242K(363904K)] 482375K->107473K(1050880K), 0.0084300 secs] [Times: user=0.03 sys=0.00, real=0.01 secs] 
2014-07-07T21:12:04.253+0000: 1026.273: [GC [PSYoungGen: 363890K->470K(353536K)] 471121K->107733K(1040512K), 0.0091890 secs] [Times: user=0.04 sys=0.00, real=0.01 secs] 
2014-07-07T21:12:05.010+0000: 1027.031: [GC [PSYoungGen: 353494K->224K(423936K)] 460757K->107559K(1110912K), 0.0108970 secs] [Times: user=0.05 sys=0.00, real=0.01 secs] 
2014-07-07T21:12:05.928+0000: 1027.948: [GC [PSYoungGen: 423904K->192K(410752K)] 531239K->107575K(1097728K), 0.0049900 secs] [Times: user=0.01 sys=0.00, real=0.00 secs] 
2014-07-07T21:12:06.818+0000: 1028.838: [GC [PSYoungGen: 410752K->192K(398144K)] 518135K->107615K(1085120K), 0.0037410 secs] [Times: user=0.01 sys=0.00, real=0.00 secs] 
2014-07-07T21:12:07.673+0000: 1029.693: [GC [PSYoungGen: 398144K->288K(386240K)] 505567K->107759K(1073216K), 0.0049920 secs] [Times: user=0.02 sys=0.00, real=0.01 secs] 
2014-07-07T21:12:08.503+0000: 1030.523: [GC [PSYoungGen: 386203K->192K(374592K)] 493674K->107695K(1061568K), 0.0045130 secs] [Times: user=0.01 sys=0.00, real=0.01 secs] 
2014-07-07T21:12:09.307+0000: 1031.328: [GC [PSYoungGen: 374592K->352K(363712K)] 482095K->107903K(1050688K), 0.0105270 secs] [Times: user=0.03 sys=0.00, real=0.01 secs] 
2014-07-07T21:12:10.089+0000: 1032.109: [GC [PSYoungGen: 363680K->128K(352832K)] 471231K->107711K(1039808K), 0.0090530 secs] [Times: user=0.04 sys=0.00, real=0.01 secs] 
2014-07-07T21:12:10.844+0000: 1032.864: [GC [PSYoungGen: 352832K->228K(343104K)] 460415K->107827K(1030080K), 0.0057140 secs] [Times: user=0.01 sys=0.00, real=0.01 secs] 
2014-07-07T21:12:11.581+0000: 1033.601: [GC [PSYoungGen: 342756K->160K(332992K)] 450355K->107775K(1019968K), 0.0046240 secs] [Times: user=0.01 sys=0.00, real=0.00 secs] 
2014-07-07T21:12:12.302+0000: 1034.323: [GC [PSYoungGen: 332952K->256K(323712K)] 440567K->107903K(1010688K), 0.0106130 secs] [Times: user=0.04 sys=0.00, real=0.01 secs] 
2014-07-07T21:12:12.993+0000: 1035.014: [GC [PSYoungGen: 323697K->324K(388544K)] 431345K->107995K(1075520K), 0.0086730 secs] [Times: user=0.03 sys=0.00, real=0.01 secs] 
2014-07-07T21:12:13.828+0000: 1035.848: [GC [PSYoungGen: 388484K->420K(376960K)] 496155K->108115K(1063936K), 0.0067210 secs] [Times: user=0.02 sys=0.00, real=0.00 secs] 
2014-07-07T21:12:14.640+0000: 1036.660: [GC [PSYoungGen: 376927K->256K(365632K)] 484623K->108007K(1052608K), 0.0080710 secs] [Times: user=0.02 sys=0.00, real=0.01 secs] 
2014-07-07T21:12:15.422+0000: 1037.442: [GC [PSYoungGen: 365632K->488K(438976K)] 473383K->108399K(1125952K), 0.0244640 secs] [Times: user=0.08 sys=0.00, real=0.03 secs] 
2014-07-07T21:12:16.368+0000: 1038.388: [GC [PSYoungGen: 438952K->310K(526528K)] 546863K->108325K(1213504K), 0.0088820 secs] [Times: user=0.04 sys=0.00, real=0.00 secs] 
2014-07-07T21:12:17.496+0000: 1039.516: [GC [PSYoungGen: 526518K->192K(631680K)] 634533K->108247K(1318656K), 0.0035780 secs] [Times: user=0.01 sys=0.00, real=0.01 secs] 
2014-07-07T21:12:18.855+0000: 1040.875: [GC [PSYoungGen: 631680K->96K(757952K)] 739735K->108183K(1444928K), 0.0396090 secs] [Times: user=0.14 sys=0.00, real=0.04 secs] 
2014-07-07T21:12:20.489+0000: 1042.509: [GC [PSYoungGen: 757920K->210K(909696K)] 866007K->108321K(1596672K), 0.0058390 secs] [Times: user=0.01 sys=0.00, real=0.00 secs] 
2014-07-07T21:12:22.450+0000: 1044.470: [GC [PSYoungGen: 909650K->256K(1091584K)] 1017761K->108391K(1778560K), 0.0090100 secs] [Times: user=0.03 sys=0.00, real=0.01 secs] 
2014-07-07T21:12:24.807+0000: 1046.827: [GC [PSYoungGen: 1091578K->324K(1047616K)] 1199713K->108483K(1734592K), 0.0040770 secs] [Times: user=0.01 sys=0.00, real=0.01 secs] 
2014-07-07T21:12:27.065+0000: 1049.085: [GC [PSYoungGen: 1047556K->338K(1005632K)] 1155715K->108585K(1692608K), 0.0052020 secs] [Times: user=0.01 sys=0.00, real=0.01 secs] 
2014-07-07T21:12:29.230+0000: 1051.250: [GC [PSYoungGen: 1005553K->242K(965504K)] 1113800K->108569K(1652480K), 0.0052720 secs] [Times: user=0.02 sys=0.00, real=0.00 secs] 
2014-07-07T21:12:31.310+0000: 1053.330: [GC [PSYoungGen: 965490K->470K(927680K)] 1073817K->108837K(1614656K), 0.0178180 secs] [Times: user=0.06 sys=0.00, real=0.01 secs] 
2014-07-07T21:12:33.305+0000: 1055.325: [GC [PSYoungGen: 927638K->256K(891200K)] 1036005K->108655K(1578176K), 0.0073380 secs] [Times: user=0.03 sys=0.00, real=0.01 secs] 
2014-07-07T21:12:35.217+0000: 1057.237: [GC [PSYoungGen: 891200K->306K(856768K)] 999599K->108737K(1543744K), 0.0040800 secs] [Times: user=0.01 sys=0.00, real=0.01 secs] 
2014-07-07T21:12:37.064+0000: 1059.084: [GC [PSYoungGen: 856754K->274K(823872K)] 965185K->108809K(1510848K), 0.0103920 secs] [Times: user=0.03 sys=0.00, real=0.01 secs] 
2014-07-07T21:12:38.834+0000: 1060.854: [GC [PSYoungGen: 823826K->192K(792384K)] 932361K->108775K(1479360K), 0.0056080 secs] [Times: user=0.02 sys=0.00, real=0.00 secs] 
2014-07-07T21:12:40.536+0000: 1062.556: [GC [PSYoungGen: 792384K->192K(762560K)] 900967K->108807K(1449536K), 0.0031960 secs] [Times: user=0.01 sys=0.00, real=0.00 secs] 
2014-07-07T21:12:42.184+0000: 1064.204: [GC [PSYoungGen: 762557K->128K(734016K)] 871172K->108767K(1420992K), 0.0040890 secs] [Times: user=0.01 sys=0.00, real=0.00 secs] 
2014-07-07T21:12:43.759+0000: 1065.779: [GC [PSYoungGen: 734016K->160K(706944K)] 842655K->108831K(1393920K), 0.0139480 secs] [Times: user=0.05 sys=0.00, real=0.02 secs] 
2014-07-07T21:12:45.275+0000: 1067.295: [GC [PSYoungGen: 706912K->288K(681216K)] 815583K->109007K(1368192K), 0.0057850 secs] [Times: user=0.01 sys=0.00, real=0.00 secs] 
2014-07-07T21:12:46.742+0000: 1068.762: [GC [PSYoungGen: 681184K->288K(656576K)] 789903K->109095K(1343552K), 0.0041850 secs] [Times: user=0.01 sys=0.00, real=0.00 secs] 
2014-07-07T21:12:48.158+0000: 1070.179: [GC [PSYoungGen: 656456K->292K(633024K)] 765263K->109147K(1320000K), 0.0087520 secs] [Times: user=0.03 sys=0.00, real=0.01 secs] 
2014-07-07T21:12:49.513+0000: 1071.533: [GC [PSYoungGen: 632996K->420K(610688K)] 741851K->109299K(1297664K), 0.0068340 secs] [Times: user=0.02 sys=0.00, real=0.00 secs] 
2014-07-07T21:12:50.823+0000: 1072.843: [GC [PSYoungGen: 610660K->292K(589120K)] 719539K->109259K(1276096K), 0.0078480 secs] [Times: user=0.02 sys=0.00, real=0.00 secs] 
2014-07-07T21:12:52.095+0000: 1074.115: [GC [PSYoungGen: 589092K->160K(568576K)] 698059K->109143K(1255552K), 0.0129320 secs] [Times: user=0.05 sys=0.00, real=0.01 secs] 
2014-07-07T21:12:53.314+0000: 1075.334: [GC [PSYoungGen: 568544K->160K(549056K)] 677527K->109191K(1236032K), 0.0085110 secs] [Times: user=0.03 sys=0.00, real=0.01 secs] 
2014-07-07T21:12:54.494+0000: 1076.514: [GC [PSYoungGen: 549024K->352K(530624K)] 658055K->109415K(1217600K), 0.0174270 secs] [Times: user=0.06 sys=0.00, real=0.01 secs] 
2014-07-07T21:12:55.635+0000: 1077.655: [GC [PSYoungGen: 530590K->256K(512704K)] 639653K->109391K(1199680K), 0.0051650 secs] [Times: user=0.01 sys=0.00, real=0.00 secs] 
2014-07-07T21:12:56.738+0000: 1078.758: [GC [PSYoungGen: 512656K->324K(495808K)] 621791K->109531K(1182784K), 0.0043550 secs] [Times: user=0.01 sys=0.00, real=0.00 secs] 
2014-07-07T21:12:57.806+0000: 1079.826: [GC [PSYoungGen: 495686K->292K(479488K)] 604893K->109531K(1166464K), 0.0041470 secs] [Times: user=0.01 sys=0.00, real=0.00 secs] 
2014-07-07T21:12:58.836+0000: 1080.856: [GC [PSYoungGen: 479460K->128K(463744K)] 588699K->109399K(1150720K), 0.0037190 secs] [Times: user=0.01 sys=0.00, real=0.00 secs] 
2014-07-07T21:12:59.834+0000: 1081.854: [GC [PSYoungGen: 463744K->128K(448896K)] 573015K->109415K(1135872K), 0.0057950 secs] [Times: user=0.00 sys=0.00, real=0.00 secs] 
2014-07-07T21:13:00.812+0000: 1082.832: [GC [PSYoungGen: 448896K->128K(434688K)] 558183K->109431K(1121664K), 0.0038000 secs] [Times: user=0.00 sys=0.00, real=0.01 secs] 
2014-07-07T21:13:01.755+0000: 1083.775: [GC [PSYoungGen: 434688K->338K(421312K)] 543991K->109681K(1108288K), 0.0082160 secs] [Times: user=0.03 sys=0.00, real=0.00 secs] 
2014-07-07T21:13:02.662+0000: 1084.682: [GC [PSYoungGen: 421266K->160K(408128K)] 530609K->109519K(1095104K), 0.0044190 secs] [Times: user=0.01 sys=0.00, real=0.01 secs] 
2014-07-07T21:13:03.546+0000: 1085.566: [GC [PSYoungGen: 408054K->320K(395776K)] 517413K->109719K(1082752K), 0.0037830 secs] [Times: user=0.01 sys=0.00, real=0.00 secs] 
2014-07-07T21:13:04.404+0000: 1086.424: [GC [PSYoungGen: 395776K->506K(384000K)] 505175K->110057K(1070976K), 0.0096040 secs] [Times: user=0.04 sys=0.00, real=0.01 secs] 
2014-07-07T21:13:05.217+0000: 1087.237: [GC [PSYoungGen: 383976K->228K(372288K)] 493527K->109931K(1059264K), 0.0032840 secs] [Times: user=0.01 sys=0.00, real=0.00 secs] 
2014-07-07T21:13:06.026+0000: 1088.046: [GC [PSYoungGen: 372258K->224K(361344K)] 481962K->109991K(1048320K), 0.0066070 secs] [Times: user=0.02 sys=0.00, real=0.00 secs] 
2014-07-07T21:13:06.799+0000: 1088.819: [GC [PSYoungGen: 361311K->160K(350784K)] 471078K->109975K(1037760K), 0.0037760 secs] [Times: user=0.01 sys=0.00, real=0.00 secs] 
2014-07-07T21:13:07.562+0000: 1089.582: [GC [PSYoungGen: 350752K->256K(340800K)] 460567K->110095K(1027776K), 0.0112070 secs] [Times: user=0.04 sys=0.00, real=0.01 secs] 
2014-07-07T21:13:08.293+0000: 1090.313: [GC [PSYoungGen: 340800K->192K(408896K)] 450639K->110055K(1095872K), 0.0124220 secs] [Times: user=0.05 sys=0.00, real=0.02 secs] 
2014-07-07T21:13:09.178+0000: 1091.198: [GC [PSYoungGen: 408896K->388K(490944K)] 518759K->110283K(1177920K), 0.0117920 secs] [Times: user=0.04 sys=0.00, real=0.01 secs] 
2014-07-07T21:13:10.232+0000: 1092.252: [GC [PSYoungGen: 490884K->388K(589056K)] 600779K->110323K(1276032K), 0.0106310 secs] [Times: user=0.04 sys=0.00, real=0.01 secs] 
2014-07-07T21:13:11.501+0000: 1093.521: [GC [PSYoungGen: 588996K->384K(568576K)] 698931K->110351K(1255552K), 0.0070700 secs] [Times: user=0.02 sys=0.00, real=0.01 secs] 
2014-07-07T21:13:12.720+0000: 1094.740: [GC [PSYoungGen: 568576K->96K(681984K)] 678543K->110087K(1368960K), 0.0244020 secs] [Times: user=0.08 sys=0.00, real=0.02 secs] 
2014-07-07T21:13:14.181+0000: 1096.201: [GC [PSYoungGen: 681952K->306K(657792K)] 791943K->110313K(1344768K), 0.0044390 secs] [Times: user=0.01 sys=0.00, real=0.01 secs] 
2014-07-07T21:13:15.597+0000: 1097.617: [GC [PSYoungGen: 657458K->224K(633856K)] 767465K->110287K(1320832K), 0.0050750 secs] [Times: user=0.01 sys=0.00, real=0.00 secs] 
2014-07-07T21:13:16.974+0000: 1098.994: [GC [PSYoungGen: 633770K->374K(611520K)] 743833K->110509K(1298496K), 0.0036470 secs] [Times: user=0.01 sys=0.00, real=0.01 secs] 
2014-07-07T21:13:18.292+0000: 1100.312: [GC [PSYoungGen: 611502K->128K(589824K)] 721637K->110303K(1276800K), 0.0038210 secs] [Times: user=0.01 sys=0.00, real=0.01 secs] 
2014-07-07T21:13:19.562+0000: 1101.582: [GC [PSYoungGen: 589824K->224K(569472K)] 699999K->110439K(1256448K), 0.0068770 secs] [Times: user=0.03 sys=0.00, real=0.01 secs] 
2014-07-07T21:13:20.787+0000: 1102.807: [GC [PSYoungGen: 569440K->310K(549952K)] 679655K->110557K(1236928K), 0.0079140 secs] [Times: user=0.03 sys=0.00, real=0.00 secs] 
2014-07-07T21:13:21.981+0000: 1104.001: [GC [PSYoungGen: 549942K->96K(531072K)] 660189K->110359K(1218048K), 0.0053560 secs] [Times: user=0.01 sys=0.00, real=0.00 secs] 
2014-07-07T21:13:23.132+0000: 1105.153: [GC [PSYoungGen: 531040K->192K(513280K)] 641303K->110471K(1200256K), 0.0047160 secs] [Times: user=0.02 sys=0.00, real=0.01 secs] 
2014-07-07T21:13:24.240+0000: 1106.260: [GC [PSYoungGen: 513280K->498K(496576K)] 623559K->110825K(1183552K), 0.0116570 secs] [Times: user=0.04 sys=0.00, real=0.01 secs] 
2014-07-07T21:13:25.313+0000: 1107.333: [GC [PSYoungGen: 496562K->192K(479936K)] 606889K->110583K(1166912K), 0.0045790 secs] [Times: user=0.01 sys=0.00, real=0.01 secs] 
2014-07-07T21:13:26.344+0000: 1108.364: [GC [PSYoungGen: 479895K->242K(464448K)] 590286K->110697K(1151424K), 0.0045690 secs] [Times: user=0.01 sys=0.00, real=0.01 secs] 
2014-07-07T21:13:27.344+0000: 1109.364: [GC [PSYoungGen: 464434K->306K(449600K)] 574889K->110801K(1136576K), 0.0122610 secs] [Times: user=0.04 sys=0.00, real=0.01 secs] 
2014-07-07T21:13:28.318+0000: 1110.339: [GC [PSYoungGen: 449586K->160K(435200K)] 560081K->110671K(1122176K), 0.0043880 secs] [Times: user=0.01 sys=0.00, real=0.00 secs] 
2014-07-07T21:13:29.254+0000: 1111.274: [GC [PSYoungGen: 435168K->160K(421568K)] 545679K->110687K(1108544K), 0.0162740 secs] [Times: user=0.05 sys=0.00, real=0.02 secs] 
2014-07-07T21:13:30.168+0000: 1112.188: [GC [PSYoungGen: 421536K->192K(505856K)] 532063K->110743K(1192832K), 0.0248770 secs] [Times: user=0.08 sys=0.00, real=0.02 secs] 
2014-07-07T21:13:31.256+0000: 1113.276: [GC [PSYoungGen: 505856K->306K(607168K)] 616407K->110897K(1294144K), 0.0076230 secs] [Times: user=0.03 sys=0.00, real=0.01 secs] 
2014-07-07T21:13:32.562+0000: 1114.582: [GC [PSYoungGen: 607154K->192K(585792K)] 717745K->110807K(1272768K), 0.0036010 secs] [Times: user=0.01 sys=0.00, real=0.00 secs] 
2014-07-07T21:13:33.820+0000: 1115.840: [GC [PSYoungGen: 585792K->160K(565504K)] 696407K->110799K(1252480K), 0.0068200 secs] [Times: user=0.01 sys=0.01, real=0.00 secs] 
2014-07-07T21:13:35.041+0000: 1117.061: [GC [PSYoungGen: 565472K->320K(546240K)] 676111K->111015K(1233216K), 0.0110770 secs] [Times: user=0.04 sys=0.00, real=0.01 secs] 
2014-07-07T21:13:36.211+0000: 1118.231: [GC [PSYoungGen: 546240K->192K(527616K)] 656935K->110975K(1214592K), 0.0063020 secs] [Times: user=0.02 sys=0.00, real=0.00 secs] 
2014-07-07T21:13:37.348+0000: 1119.368: [GC [PSYoungGen: 527616K->324K(510144K)] 638399K->111139K(1197120K), 0.0044340 secs] [Times: user=0.01 sys=0.00, real=0.01 secs] 
2014-07-07T21:13:38.444+0000: 1120.464: [GC [PSYoungGen: 510084K->192K(611904K)] 620899K->111055K(1298880K), 0.0262910 secs] [Times: user=0.09 sys=0.00, real=0.03 secs] 
2014-07-07T21:13:39.763+0000: 1121.783: [GC [PSYoungGen: 611904K->416K(590656K)] 722767K->111319K(1277632K), 0.0064580 secs] [Times: user=0.01 sys=0.00, real=0.01 secs] 
2014-07-07T21:13:41.030+0000: 1123.050: [GC [PSYoungGen: 590624K->160K(569920K)] 701527K->111087K(1256896K), 0.0055900 secs] [Times: user=0.01 sys=0.00, real=0.00 secs] 
2014-07-07T21:13:42.262+0000: 1124.282: [GC [PSYoungGen: 569887K->256K(550400K)] 680814K->111207K(1237376K), 0.0051540 secs] [Times: user=0.01 sys=0.00, real=0.00 secs] 
2014-07-07T21:13:43.445+0000: 1125.465: [GC [PSYoungGen: 550400K->320K(531776K)] 661351K->111319K(1218752K), 0.0102850 secs] [Times: user=0.04 sys=0.00, real=0.01 secs] 
2014-07-07T21:13:44.587+0000: 1126.607: [GC [PSYoungGen: 531776K->456K(514112K)] 642775K->111471K(1201088K), 0.0042580 secs] [Times: user=0.01 sys=0.00, real=0.01 secs] 
2014-07-07T21:13:45.697+0000: 1127.717: [GC [PSYoungGen: 514056K->242K(496768K)] 625071K->111345K(1183744K), 0.0061300 secs] [Times: user=0.01 sys=0.00, real=0.01 secs] 
2014-07-07T21:13:46.769+0000: 1128.789: [GC [PSYoungGen: 496754K->310K(480512K)] 607857K->111461K(1167488K), 0.0046070 secs] [Times: user=0.01 sys=0.00, real=0.01 secs] 
2014-07-07T21:13:47.806+0000: 1129.826: [GC [PSYoungGen: 480474K->342K(464960K)] 591625K->111517K(1151936K), 0.0038120 secs] [Times: user=0.01 sys=0.00, real=0.01 secs] 
2014-07-07T21:13:48.805+0000: 1130.825: [GC [PSYoungGen: 464904K->456K(450176K)] 576079K->111687K(1137152K), 0.0067040 secs] [Times: user=0.02 sys=0.00, real=0.01 secs] 
2014-07-07T21:13:49.776+0000: 1131.796: [GC [PSYoungGen: 450120K->128K(435520K)] 561351K->111375K(1122496K), 0.0040460 secs] [Times: user=0.01 sys=0.00, real=0.00 secs] 
2014-07-07T21:13:50.715+0000: 1132.735: [GC [PSYoungGen: 435520K->342K(422144K)] 546767K->111613K(1109120K), 0.0032640 secs] [Times: user=0.01 sys=0.00, real=0.00 secs] 
2014-07-07T21:13:51.628+0000: 1133.648: [GC [PSYoungGen: 422102K->210K(408960K)] 533373K->111505K(1095936K), 0.0067500 secs] [Times: user=0.03 sys=0.00, real=0.01 secs] 
2014-07-07T21:13:52.505+0000: 1134.525: [GC [PSYoungGen: 408914K->160K(396416K)] 520209K->111463K(1083392K), 0.0057340 secs] [Times: user=0.01 sys=0.00, real=0.00 secs] 
2014-07-07T21:13:53.357+0000: 1135.377: [GC [PSYoungGen: 396384K->288K(384576K)] 507687K->111631K(1071552K), 0.0044820 secs] [Times: user=0.01 sys=0.00, real=0.01 secs] 
2014-07-07T21:13:54.188+0000: 1136.208: [GC [PSYoungGen: 384536K->288K(373120K)] 495879K->111655K(1060096K), 0.0199610 secs] [Times: user=0.07 sys=0.00, real=0.02 secs] 
2014-07-07T21:13:54.993+0000: 1137.013: [GC [PSYoungGen: 373026K->242K(362048K)] 484393K->111681K(1049024K), 0.0032220 secs] [Times: user=0.01 sys=0.00, real=0.00 secs] 
2014-07-07T21:13:55.774+0000: 1137.794: [GC [PSYoungGen: 362034K->160K(351424K)] 473473K->111647K(1038400K), 0.0038270 secs] [Times: user=0.01 sys=0.00, real=0.00 secs] 
2014-07-07T21:13:56.529+0000: 1138.549: [GC [PSYoungGen: 351321K->306K(341440K)] 462808K->111825K(1028416K), 0.0042320 secs] [Times: user=0.01 sys=0.00, real=0.01 secs] 
2014-07-07T21:13:57.274+0000: 1139.294: [GC [PSYoungGen: 341422K->352K(331840K)] 452941K->111927K(1018816K), 0.0071970 secs] [Times: user=0.02 sys=0.00, real=0.00 secs] 
2014-07-07T21:13:57.993+0000: 1140.013: [GC [PSYoungGen: 331808K->128K(322304K)] 443383K->111719K(1009280K), 0.0034870 secs] [Times: user=0.01 sys=0.00, real=0.00 secs] 
2014-07-07T21:13:58.674+0000: 1140.694: [GC [PSYoungGen: 322254K->128K(386752K)] 433845K->111751K(1073728K), 0.0203110 secs] [Times: user=0.07 sys=0.00, real=0.02 secs] 
2014-07-07T21:13:59.510+0000: 1141.530: [GC [PSYoungGen: 386752K->438K(464448K)] 498375K->112077K(1151424K), 0.0039380 secs] [Times: user=0.01 sys=0.00, real=0.01 secs] 
2014-07-07T21:14:00.509+0000: 1142.529: [GC [PSYoungGen: 464438K->456K(557312K)] 576077K->112127K(1244288K), 0.0153470 secs] [Times: user=0.05 sys=0.00, real=0.02 secs] 
2014-07-07T21:14:01.710+0000: 1143.730: [GC [PSYoungGen: 557256K->224K(668416K)] 668927K->111919K(1355392K), 0.0326630 secs] [Times: user=0.11 sys=0.00, real=0.04 secs] 
2014-07-07T21:14:03.152+0000: 1145.173: [GC [PSYoungGen: 668384K->192K(801984K)] 780079K->111911K(1488960K), 0.0028860 secs] [Times: user=0.01 sys=0.00, real=0.01 secs] 
2014-07-07T21:14:04.875+0000: 1146.895: [GC [PSYoungGen: 801984K->352K(962560K)] 913703K->112103K(1649536K), 0.0071520 secs] [Times: user=0.02 sys=0.00, real=0.00 secs] 
2014-07-07T21:14:06.940+0000: 1148.961: [GC [PSYoungGen: 962528K->356K(924672K)] 1074279K->112211K(1611648K), 0.0033240 secs] [Times: user=0.01 sys=0.00, real=0.01 secs] 
2014-07-07T21:14:08.938+0000: 1150.958: [GC [PSYoungGen: 924644K->310K(888512K)] 1036499K->112229K(1575488K), 0.0039440 secs] [Times: user=0.00 sys=0.00, real=0.00 secs] 
2014-07-07T21:14:10.863+0000: 1152.883: [GC [PSYoungGen: 888490K->456K(854336K)] 1000409K->112415K(1541312K), 0.0051680 secs] [Times: user=0.02 sys=0.00, real=0.01 secs] 
2014-07-07T21:14:12.697+0000: 1154.717: [GC [PSYoungGen: 854259K->374K(821440K)] 966218K->112365K(1508416K), 0.0076590 secs] [Times: user=0.03 sys=0.00, real=0.01 secs] 
2014-07-07T21:14:14.476+0000: 1156.496: [GC [PSYoungGen: 821430K->288K(790144K)] 933421K->112303K(1477120K), 0.0036980 secs] [Times: user=0.00 sys=0.00, real=0.00 secs] 
2014-07-07T21:14:16.185+0000: 1158.205: [GC [PSYoungGen: 790099K->356K(760448K)] 902114K->112467K(1447424K), 0.0030050 secs] [Times: user=0.01 sys=0.00, real=0.00 secs] 
2014-07-07T21:14:17.814+0000: 1159.834: [GC [PSYoungGen: 760420K->160K(731904K)] 872531K->112351K(1418880K), 0.0116400 secs] [Times: user=0.04 sys=0.00, real=0.02 secs] 
2014-07-07T21:14:19.388+0000: 1161.408: [GC [PSYoungGen: 731872K->256K(704960K)] 844063K->112503K(1391936K), 0.0054550 secs] [Times: user=0.00 sys=0.00, real=0.00 secs] 
2014-07-07T21:14:20.900+0000: 1162.921: [GC [PSYoungGen: 704960K->292K(679232K)] 817207K->112563K(1366208K), 0.0037070 secs] [Times: user=0.01 sys=0.00, real=0.00 secs] 
2014-07-07T21:14:22.367+0000: 1164.387: [GC [PSYoungGen: 679204K->160K(654528K)] 791475K->112463K(1341504K), 0.0120680 secs] [Times: user=0.04 sys=0.00, real=0.01 secs] 
2014-07-07T21:14:23.784+0000: 1165.804: [GC [PSYoungGen: 654496K->128K(631040K)] 766799K->112455K(1318016K), 0.0031510 secs] [Times: user=0.01 sys=0.00, real=0.01 secs] 
2014-07-07T21:14:25.139+0000: 1167.160: [GC [PSYoungGen: 630975K->374K(608960K)] 743303K->112749K(1295936K), 0.0048350 secs] [Times: user=0.02 sys=0.00, real=0.00 secs] 
2014-07-07T21:14:26.449+0000: 1168.469: [GC [PSYoungGen: 608950K->256K(587456K)] 721325K->112711K(1274432K), 0.0117710 secs] [Times: user=0.04 sys=0.00, real=0.01 secs] 
2014-07-07T21:14:27.708+0000: 1169.728: [GC [PSYoungGen: 587456K->160K(567040K)] 699911K->112655K(1254016K), 0.0056380 secs] [Times: user=0.01 sys=0.00, real=0.00 secs] 
2014-07-07T21:14:28.929+0000: 1170.949: [GC [PSYoungGen: 567008K->160K(547584K)] 679503K->112679K(1234560K), 0.0050250 secs] [Times: user=0.02 sys=0.00, real=0.00 secs] 
2014-07-07T21:14:30.113+0000: 1172.133: [GC [PSYoungGen: 547552K->160K(529024K)] 660071K->112695K(1216000K), 0.0041790 secs] [Times: user=0.01 sys=0.00, real=0.01 secs] 
2014-07-07T21:14:31.251+0000: 1173.271: [GC [PSYoungGen: 528992K->178K(511296K)] 641527K->112737K(1198272K), 0.0035490 secs] [Times: user=0.01 sys=0.00, real=0.00 secs] 
2014-07-07T21:14:32.348+0000: 1174.368: [GC [PSYoungGen: 511282K->210K(494400K)] 623841K->112793K(1181376K), 0.0050060 secs] [Times: user=0.01 sys=0.00, real=0.00 secs] 
2014-07-07T21:14:33.416+0000: 1175.436: [GC [PSYoungGen: 494272K->392K(478400K)] 606855K->112991K(1165376K), 0.0129410 secs] [Times: user=0.05 sys=0.00, real=0.02 secs] 
2014-07-07T21:14:34.445+0000: 1176.465: [GC [PSYoungGen: 478344K->320K(462784K)] 590943K->112959K(1149760K), 0.0055930 secs] [Times: user=0.02 sys=0.00, real=0.01 secs] 
2014-07-07T21:14:35.447+0000: 1177.467: [GC [PSYoungGen: 462784K->256K(447872K)] 575423K->112967K(1134848K), 0.0105160 secs] [Times: user=0.04 sys=0.00, real=0.01 secs] 
2014-07-07T21:14:36.416+0000: 1178.436: [GC [PSYoungGen: 447872K->342K(433856K)] 560583K->113109K(1120832K), 0.0040700 secs] [Times: user=0.01 sys=0.00, real=0.01 secs] 
2014-07-07T21:14:37.349+0000: 1179.369: [GC [PSYoungGen: 433814K->256K(420160K)] 546581K->113071K(1107136K), 0.0155570 secs] [Times: user=0.05 sys=0.00, real=0.01 secs] 
2014-07-07T21:14:38.252+0000: 1180.272: [GC [PSYoungGen: 420160K->288K(407232K)] 532975K->113119K(1094208K), 0.0068250 secs] [Times: user=0.01 sys=0.00, real=0.01 secs] 
2014-07-07T21:14:39.132+0000: 1181.152: [GC [PSYoungGen: 407200K->434K(394944K)] 520031K->113281K(1081920K), 0.0055850 secs] [Times: user=0.01 sys=0.00, real=0.00 secs] 
2014-07-07T21:14:39.976+0000: 1181.996: [GC [PSYoungGen: 394930K->178K(382784K)] 507777K->113041K(1069760K), 0.0046870 secs] [Times: user=0.01 sys=0.00, real=0.01 secs] 
2014-07-07T21:14:40.801+0000: 1182.821: [GC [PSYoungGen: 382770K->192K(371392K)] 495633K->113079K(1058368K), 0.0032510 secs] [Times: user=0.01 sys=0.01, real=0.00 secs] 
2014-07-07T21:14:41.603+0000: 1183.623: [GC [PSYoungGen: 371392K->356K(445824K)] 484279K->113267K(1132800K), 0.0233360 secs] [Times: user=0.08 sys=0.00, real=0.02 secs] 
2014-07-07T21:14:42.563+0000: 1184.583: [GC [PSYoungGen: 445796K->192K(534720K)] 558707K->113143K(1221696K), 0.0171460 secs] [Times: user=0.06 sys=0.00, real=0.02 secs] 
2014-07-07T21:14:43.715+0000: 1185.735: [GC [PSYoungGen: 534720K->402K(641920K)] 647671K->113377K(1328896K), 0.0156080 secs] [Times: user=0.05 sys=0.01, real=0.02 secs] 
2014-07-07T21:14:45.093+0000: 1187.113: [GC [PSYoungGen: 641874K->352K(770176K)] 754849K->113383K(1457152K), 0.0120470 secs] [Times: user=0.04 sys=0.00, real=0.01 secs] 
2014-07-07T21:14:46.758+0000: 1188.778: [GC [PSYoungGen: 770144K->160K(923968K)] 883175K->113279K(1610944K), 0.0091240 secs] [Times: user=0.03 sys=0.00, real=0.01 secs] 
2014-07-07T21:14:48.751+0000: 1190.771: [GC [PSYoungGen: 923936K->520K(888256K)] 1037055K->113703K(1575232K), 0.0063700 secs] [Times: user=0.01 sys=0.01, real=0.00 secs] 
2014-07-07T21:14:50.668+0000: 1192.688: [GC [PSYoungGen: 888200K->160K(853504K)] 1001383K->113375K(1540480K), 0.0114940 secs] [Times: user=0.04 sys=0.00, real=0.01 secs] 
2014-07-07T21:14:52.509+0000: 1194.529: [GC [PSYoungGen: 853472K->274K(820864K)] 966687K->113513K(1507840K), 0.0038140 secs] [Times: user=0.01 sys=0.00, real=0.01 secs] 
2014-07-07T21:14:54.272+0000: 1196.292: [GC [PSYoungGen: 820818K->192K(789568K)] 934057K->113455K(1476544K), 0.0085760 secs] [Times: user=0.03 sys=0.00, real=0.00 secs] 
2014-07-07T21:14:55.972+0000: 1197.992: [GC [PSYoungGen: 789568K->434K(760128K)] 902831K->113785K(1447104K), 0.0074410 secs] [Times: user=0.02 sys=0.00, real=0.00 secs] 
2014-07-07T21:14:57.606+0000: 1199.626: [GC [PSYoungGen: 760114K->274K(731648K)] 873465K->113721K(1418624K), 0.0155000 secs] [Times: user=0.05 sys=0.00, real=0.02 secs] 
2014-07-07T21:14:59.187+0000: 1201.207: [GC [PSYoungGen: 731602K->192K(704512K)] 845049K->113679K(1391488K), 0.0051600 secs] [Times: user=0.02 sys=0.00, real=0.01 secs] 
2014-07-07T21:15:00.704+0000: 1202.724: [GC [PSYoungGen: 704512K->480K(679104K)] 817999K->113999K(1366080K), 0.0240710 secs] [Times: user=0.08 sys=0.00, real=0.02 secs] 
2014-07-07T21:15:02.159+0000: 1204.179: [GC [PSYoungGen: 679066K->428K(654464K)] 792585K->113979K(1341440K), 0.0038720 secs] [Times: user=0.01 sys=0.00, real=0.01 secs] 
2014-07-07T21:15:03.576+0000: 1205.596: [GC [PSYoungGen: 654442K->224K(630848K)] 767993K->113807K(1317824K), 0.0081280 secs] [Times: user=0.03 sys=0.00, real=0.01 secs] 
2014-07-07T21:15:04.938+0000: 1206.958: [GC [PSYoungGen: 630816K->438K(608704K)] 744399K->114053K(1295680K), 0.0067430 secs] [Times: user=0.03 sys=0.00, real=0.01 secs] 
2014-07-07T21:15:06.256+0000: 1208.276: [GC [PSYoungGen: 608694K->160K(587136K)] 722309K->113855K(1274112K), 0.0040440 secs] [Times: user=0.01 sys=0.00, real=0.00 secs] 
2014-07-07T21:15:07.525+0000: 1209.545: [GC [PSYoungGen: 587104K->384K(566976K)] 700799K->114127K(1253952K), 0.0035440 secs] [Times: user=0.01 sys=0.00, real=0.00 secs] 
2014-07-07T21:15:08.750+0000: 1210.770: [GC [PSYoungGen: 566976K->256K(547392K)] 680719K->114031K(1234368K), 0.0067420 secs] [Times: user=0.02 sys=0.00, real=0.01 secs] 
2014-07-07T21:15:09.920+0000: 1211.940: [GC [PSYoungGen: 547392K->178K(528768K)] 661167K->113985K(1215744K), 0.0043260 secs] [Times: user=0.01 sys=0.00, real=0.01 secs] 
2014-07-07T21:15:11.063+0000: 1213.084: [GC [PSYoungGen: 528754K->128K(510976K)] 642561K->113951K(1197952K), 0.0044040 secs] [Times: user=0.01 sys=0.00, real=0.00 secs] 
2014-07-07T21:15:12.165+0000: 1214.185: [GC [PSYoungGen: 510976K->128K(494528K)] 624799K->113975K(1181504K), 0.0101940 secs] [Times: user=0.03 sys=0.00, real=0.01 secs] 
2014-07-07T21:15:13.242+0000: 1215.262: [GC [PSYoungGen: 494016K->320K(478016K)] 607863K->114207K(1164992K), 0.0072940 secs] [Times: user=0.03 sys=0.00, real=0.01 secs] 
2014-07-07T21:15:14.266+0000: 1216.286: [GC [PSYoungGen: 478016K->192K(462400K)] 591903K->114103K(1149376K), 0.0030780 secs] [Times: user=0.00 sys=0.00, real=0.00 secs] 
2014-07-07T21:15:15.270+0000: 1217.290: [GC [PSYoungGen: 462383K->556K(448000K)] 576295K->114555K(1134976K), 0.0086790 secs] [Times: user=0.03 sys=0.01, real=0.01 secs] 
2014-07-07T21:15:16.231+0000: 1218.251: [GC [PSYoungGen: 447980K->260K(433600K)] 561979K->114331K(1120576K), 0.0048000 secs] [Times: user=0.02 sys=0.00, real=0.01 secs] 
2014-07-07T21:15:17.175+0000: 1219.195: [GC [PSYoungGen: 433540K->256K(419968K)] 547611K->114359K(1106944K), 0.0044030 secs] [Times: user=0.01 sys=0.00, real=0.00 secs] 
2014-07-07T21:15:18.081+0000: 1220.101: [GC [PSYoungGen: 419931K->160K(406912K)] 534034K->114303K(1093888K), 0.0063530 secs] [Times: user=0.01 sys=0.00, real=0.01 secs] 
2014-07-07T21:15:18.955+0000: 1220.975: [GC [PSYoungGen: 406880K->278K(394624K)] 521023K->114445K(1081600K), 0.0083560 secs] [Times: user=0.03 sys=0.00, real=0.00 secs] 
2014-07-07T21:15:19.809+0000: 1221.829: [GC [PSYoungGen: 394582K->274K(473536K)] 508749K->114473K(1160512K), 0.0300260 secs] [Times: user=0.10 sys=0.00, real=0.03 secs] 
2014-07-07T21:15:20.838+0000: 1222.858: [GC [PSYoungGen: 473490K->224K(568128K)] 587689K->114439K(1255104K), 0.0047270 secs] [Times: user=0.01 sys=0.00, real=0.00 secs] 
2014-07-07T21:15:22.064+0000: 1224.084: [GC [PSYoungGen: 568096K->420K(681920K)] 682311K->114691K(1368896K), 0.0140010 secs] [Times: user=0.04 sys=0.00, real=0.02 secs] 
2014-07-07T21:15:23.530+0000: 1225.550: [GC [PSYoungGen: 681865K->356K(657152K)] 796136K->114643K(1344128K), 0.0038700 secs] [Times: user=0.01 sys=0.00, real=0.00 secs] 
2014-07-07T21:15:24.948+0000: 1226.968: [GC [PSYoungGen: 657124K->224K(633472K)] 771411K->114543K(1320448K), 0.0039920 secs] [Times: user=0.01 sys=0.00, real=0.00 secs] 
2014-07-07T21:15:26.307+0000: 1228.328: [GC [PSYoungGen: 633440K->224K(611008K)] 747759K->114639K(1297984K), 0.0061710 secs] [Times: user=0.01 sys=0.00, real=0.00 secs] 
2014-07-07T21:15:27.625+0000: 1229.645: [GC [PSYoungGen: 610914K->192K(589504K)] 725329K->114647K(1276480K), 0.0141900 secs] [Times: user=0.05 sys=0.00, real=0.02 secs] 
2014-07-07T21:15:28.897+0000: 1230.917: [GC [PSYoungGen: 589504K->128K(568960K)] 703959K->114631K(1255936K), 0.0033460 secs] [Times: user=0.01 sys=0.00, real=0.00 secs] 
2014-07-07T21:15:30.122+0000: 1232.142: [GC [PSYoungGen: 568960K->160K(549504K)] 683463K->114687K(1236480K), 0.0078850 secs] [Times: user=0.02 sys=0.00, real=0.01 secs] 
2014-07-07T21:15:31.308+0000: 1233.328: [GC [PSYoungGen: 549472K->324K(531008K)] 663999K->114875K(1217984K), 0.0121920 secs] [Times: user=0.04 sys=0.00, real=0.01 secs] 
2014-07-07T21:15:32.453+0000: 1234.473: [GC [PSYoungGen: 530915K->488K(637312K)] 645466K->115079K(1324288K), 0.0234520 secs] [Times: user=0.08 sys=0.00, real=0.03 secs] 
2014-07-07T21:15:33.829+0000: 1235.849: [GC [PSYoungGen: 637259K->192K(614336K)] 751850K->114863K(1301312K), 0.0051810 secs] [Times: user=0.01 sys=0.00, real=0.00 secs] 
2014-07-07T21:15:35.154+0000: 1237.174: [GC [PSYoungGen: 614336K->192K(592768K)] 729007K->114911K(1279744K), 0.0039330 secs] [Times: user=0.01 sys=0.00, real=0.01 secs] 
2014-07-07T21:15:36.432+0000: 1238.452: [GC [PSYoungGen: 592768K->192K(572160K)] 707487K->115007K(1259136K), 0.0105740 secs] [Times: user=0.03 sys=0.00, real=0.01 secs] 
2014-07-07T21:15:37.671+0000: 1239.691: [GC [PSYoungGen: 572160K->470K(552768K)] 686975K->115349K(1239744K), 0.0101360 secs] [Times: user=0.03 sys=0.00, real=0.01 secs] 
2014-07-07T21:15:38.857+0000: 1240.877: [GC [PSYoungGen: 552726K->320K(533760K)] 667605K->115231K(1220736K), 0.0096710 secs] [Times: user=0.04 sys=0.00, real=0.01 secs] 
2014-07-07T21:15:40.009+0000: 1242.029: [GC [PSYoungGen: 533701K->210K(515776K)] 648612K->115153K(1202752K), 0.0087780 secs] [Times: user=0.04 sys=0.00, real=0.01 secs] 
2014-07-07T21:15:41.130+0000: 1243.150: [GC [PSYoungGen: 515730K->128K(498496K)] 630673K->115095K(1185472K), 0.0034390 secs] [Times: user=0.01 sys=0.00, real=0.00 secs] 
2014-07-07T21:15:42.207+0000: 1244.227: [GC [PSYoungGen: 498496K->224K(482240K)] 613463K->115223K(1169216K), 0.0165860 secs] [Times: user=0.06 sys=0.00, real=0.02 secs] 
2014-07-07T21:15:43.245+0000: 1245.265: [GC [PSYoungGen: 482208K->160K(466496K)] 597207K->115183K(1153472K), 0.0031390 secs] [Times: user=0.01 sys=0.00, real=0.00 secs] 
2014-07-07T21:15:44.251+0000: 1246.271: [GC [PSYoungGen: 466464K->338K(451712K)] 581487K->115401K(1138688K), 0.0064200 secs] [Times: user=0.02 sys=0.00, real=0.00 secs] 
2014-07-07T21:15:45.223+0000: 1247.243: [GC [PSYoungGen: 451666K->192K(437184K)] 566729K->115311K(1124160K), 0.0049210 secs] [Times: user=0.01 sys=0.00, real=0.00 secs] 
2014-07-07T21:15:46.167+0000: 1248.187: [GC [PSYoungGen: 437184K->128K(423424K)] 552303K->115319K(1110400K), 0.0093820 secs] [Times: user=0.04 sys=0.00, real=0.01 secs] 
2014-07-07T21:15:47.081+0000: 1249.101: [GC [PSYoungGen: 423424K->128K(410304K)] 538615K->115351K(1097280K), 0.0038390 secs] [Times: user=0.01 sys=0.00, real=0.00 secs] 
2014-07-07T21:15:47.965+0000: 1249.985: [GC [PSYoungGen: 410304K->224K(397888K)] 525527K->115487K(1084864K), 0.0094610 secs] [Times: user=0.03 sys=0.01, real=0.01 secs] 
2014-07-07T21:15:48.822+0000: 1250.842: [GC [PSYoungGen: 397856K->128K(385728K)] 513119K->115407K(1072704K), 0.0037030 secs] [Times: user=0.01 sys=0.00, real=0.00 secs] 
2014-07-07T21:15:49.650+0000: 1251.670: [GC [PSYoungGen: 385728K->224K(374592K)] 501007K->115527K(1061568K), 0.0038610 secs] [Times: user=0.01 sys=0.00, real=0.00 secs] 
2014-07-07T21:15:50.465+0000: 1252.485: [GC [PSYoungGen: 374304K->288K(363328K)] 489607K->115607K(1050304K), 0.0039710 secs] [Times: user=0.01 sys=0.00, real=0.01 secs] 
2014-07-07T21:15:51.242+0000: 1253.262: [GC [PSYoungGen: 363295K->192K(352640K)] 478615K->115535K(1039616K), 0.0125880 secs] [Times: user=0.05 sys=0.00, real=0.01 secs] 
2014-07-07T21:15:52.003+0000: 1254.023: [GC [PSYoungGen: 352639K->160K(342464K)] 467983K->115527K(1029440K), 0.0031690 secs] [Times: user=0.01 sys=0.00, real=0.00 secs] 
2014-07-07T21:15:52.744+0000: 1254.764: [GC [PSYoungGen: 342429K->192K(332736K)] 457796K->115575K(1019712K), 0.0041720 secs] [Times: user=0.01 sys=0.01, real=0.00 secs] 
2014-07-07T21:15:53.464+0000: 1255.484: [GC [PSYoungGen: 332736K->288K(323520K)] 448119K->115695K(1010496K), 0.0036890 secs] [Times: user=0.01 sys=0.00, real=0.00 secs] 
2014-07-07T21:15:54.162+0000: 1256.182: [GC [PSYoungGen: 323488K->324K(314624K)] 438895K->115747K(1001600K), 0.0048160 secs] [Times: user=0.01 sys=0.00, real=0.00 secs] 
2014-07-07T21:15:54.843+0000: 1256.863: [GC [PSYoungGen: 314564K->242K(305920K)] 429987K->115729K(992896K), 0.0136050 secs] [Times: user=0.05 sys=0.01, real=0.01 secs] 
2014-07-07T21:15:55.508+0000: 1257.528: [GC [PSYoungGen: 305897K->160K(297600K)] 421384K->115695K(984576K), 0.0058040 secs] [Times: user=0.01 sys=0.01, real=0.01 secs] 
2014-07-07T21:15:56.150+0000: 1258.170: [GC [PSYoungGen: 297568K->192K(289664K)] 413103K->115751K(976640K), 0.0075160 secs] [Times: user=0.01 sys=0.00, real=0.00 secs] 
2014-07-07T21:15:56.779+0000: 1258.799: [GC [PSYoungGen: 289664K->160K(282048K)] 405223K->115743K(969024K), 0.0043850 secs] [Times: user=0.01 sys=0.00, real=0.01 secs] 
2014-07-07T21:15:57.390+0000: 1259.410: [GC [PSYoungGen: 282016K->160K(274688K)] 397599K->115775K(961664K), 0.0047300 secs] [Times: user=0.01 sys=0.00, real=0.01 secs] 
2014-07-07T21:15:57.986+0000: 1260.006: [GC [PSYoungGen: 274656K->128K(329536K)] 390271K->115767K(1016512K), 0.0208640 secs] [Times: user=0.07 sys=0.00, real=0.02 secs] 
2014-07-07T21:15:58.701+0000: 1260.721: [GC [PSYoungGen: 329530K->328K(395712K)] 445170K->115983K(1082688K), 0.0041020 secs] [Times: user=0.01 sys=0.00, real=0.00 secs] 
2014-07-07T21:15:59.558+0000: 1261.578: [GC [PSYoungGen: 395656K->224K(474688K)] 511311K->115903K(1161664K), 0.0077540 secs] [Times: user=0.02 sys=0.00, real=0.01 secs] 
2014-07-07T21:16:00.582+0000: 1262.602: [GC [PSYoungGen: 474648K->242K(459328K)] 590328K->115937K(1146304K), 0.0037360 secs] [Times: user=0.01 sys=0.00, real=0.00 secs] 
2014-07-07T21:16:01.568+0000: 1263.588: [GC [PSYoungGen: 459314K->160K(444608K)] 575009K->115879K(1131584K), 0.0054650 secs] [Times: user=0.02 sys=0.00, real=0.01 secs] 
2014-07-07T21:16:02.530+0000: 1264.550: [GC [PSYoungGen: 444576K->338K(430784K)] 560295K->116097K(1117760K), 0.0076630 secs] [Times: user=0.03 sys=0.00, real=0.01 secs] 
2014-07-07T21:16:03.456+0000: 1265.476: [GC [PSYoungGen: 430732K->288K(516800K)] 546491K->116087K(1203776K), 0.0157120 secs] [Times: user=0.06 sys=0.00, real=0.02 secs] 
2014-07-07T21:16:04.568+0000: 1266.588: [GC [PSYoungGen: 516768K->228K(499520K)] 632567K->116107K(1186496K), 0.0041610 secs] [Times: user=0.01 sys=0.01, real=0.01 secs] 
2014-07-07T21:16:05.651+0000: 1267.671: [GC [PSYoungGen: 499492K->420K(483264K)] 615371K->116403K(1170240K), 0.0046840 secs] [Times: user=0.01 sys=0.00, real=0.00 secs] 
2014-07-07T21:16:06.695+0000: 1268.715: [GC [PSYoungGen: 483236K->192K(467328K)] 599219K->116239K(1154304K), 0.0044270 secs] [Times: user=0.01 sys=0.00, real=0.00 secs] 
2014-07-07T21:16:07.704+0000: 1269.724: [GC [PSYoungGen: 467328K->256K(452352K)] 583375K->116351K(1139328K), 0.0104180 secs] [Times: user=0.03 sys=0.00, real=0.01 secs] 
2014-07-07T21:16:08.676+0000: 1270.696: [GC [PSYoungGen: 452352K->274K(438080K)] 568447K->116393K(1125056K), 0.0042830 secs] [Times: user=0.01 sys=0.00, real=0.00 secs] 
2014-07-07T21:16:09.626+0000: 1271.646: [GC [PSYoungGen: 438021K->256K(424256K)] 554140K->116423K(1111232K), 0.0065570 secs] [Times: user=0.02 sys=0.00, real=0.01 secs] 
2014-07-07T21:16:10.539+0000: 1272.559: [GC [PSYoungGen: 424256K->256K(411072K)] 540423K->116439K(1098048K), 0.0055240 secs] [Times: user=0.01 sys=0.00, real=0.01 secs] 
2014-07-07T21:16:11.432+0000: 1273.452: [GC [PSYoungGen: 411072K->160K(398400K)] 527255K->116367K(1085376K), 0.0082560 secs] [Times: user=0.03 sys=0.00, real=0.01 secs] 
2014-07-07T21:16:12.292+0000: 1274.312: [GC [PSYoungGen: 398368K->210K(386432K)] 514575K->116457K(1073408K), 0.0032700 secs] [Times: user=0.01 sys=0.00, real=0.00 secs] 
2014-07-07T21:16:13.128+0000: 1275.148: [GC [PSYoungGen: 386386K->160K(374848K)] 502633K->116439K(1061824K), 0.0051280 secs] [Times: user=0.02 sys=0.00, real=0.01 secs] 
2014-07-07T21:16:13.939+0000: 1275.959: [GC [PSYoungGen: 374816K->406K(364032K)] 491095K->116717K(1051008K), 0.0075320 secs] [Times: user=0.02 sys=0.00, real=0.01 secs] 
2014-07-07T21:16:14.731+0000: 1276.751: [GC [PSYoungGen: 363990K->498K(353472K)] 480301K->116857K(1040448K), 0.0044720 secs] [Times: user=0.01 sys=0.00, real=0.01 secs] 
2014-07-07T21:16:15.495+0000: 1277.515: [GC [PSYoungGen: 353452K->128K(342912K)] 469811K->116679K(1029888K), 0.0057260 secs] [Times: user=0.01 sys=0.00, real=0.00 secs] 
2014-07-07T21:16:16.232+0000: 1278.253: [GC [PSYoungGen: 342880K->356K(333440K)] 459431K->116955K(1020416K), 0.0093930 secs] [Times: user=0.04 sys=0.00, real=0.01 secs] 
2014-07-07T21:16:16.952+0000: 1278.972: [GC [PSYoungGen: 333412K->224K(399936K)] 450011K->116887K(1086912K), 0.0129860 secs] [Times: user=0.04 sys=0.00, real=0.02 secs] 
2014-07-07T21:16:17.819+0000: 1279.839: [GC [PSYoungGen: 399900K->256K(479872K)] 516563K->116951K(1166848K), 0.0198180 secs] [Times: user=0.07 sys=0.00, real=0.02 secs] 
2014-07-07T21:16:18.854+0000: 1280.874: [GC [PSYoungGen: 479872K->128K(575680K)] 596567K->116839K(1262656K), 0.0059240 secs] [Times: user=0.01 sys=0.00, real=0.00 secs] 
2014-07-07T21:16:20.093+0000: 1282.114: [GC [PSYoungGen: 575680K->192K(690880K)] 692391K->116927K(1377856K), 0.0268610 secs] [Times: user=0.08 sys=0.00, real=0.03 secs] 
2014-07-07T21:16:21.590+0000: 1283.610: [GC [PSYoungGen: 690880K->352K(829248K)] 807615K->117119K(1516224K), 0.0266950 secs] [Times: user=0.09 sys=0.00, real=0.03 secs] 
2014-07-07T21:16:23.377+0000: 1285.397: [GC [PSYoungGen: 829216K->292K(995008K)] 945983K->117083K(1681984K), 0.0128640 secs] [Times: user=0.05 sys=0.00, real=0.01 secs] 
2014-07-07T21:16:25.529+0000: 1287.549: [GC [PSYoungGen: 994979K->320K(1193984K)] 1111770K->117143K(1880960K), 0.0103490 secs] [Times: user=0.04 sys=0.00, real=0.01 secs] 
2014-07-07T21:16:28.098+0000: 1290.118: [GC [PSYoungGen: 1193984K->224K(1144896K)] 1310807K->117167K(1831872K), 0.0034170 secs] [Times: user=0.01 sys=0.00, real=0.00 secs] 
2014-07-07T21:16:30.562+0000: 1292.582: [GC [PSYoungGen: 1144864K->192K(1098176K)] 1261807K->117207K(1785152K), 0.0239550 secs] [Times: user=0.08 sys=0.00, real=0.03 secs] 
2014-07-07T21:16:32.917+0000: 1294.937: [GC [PSYoungGen: 1098176K->396K(1054016K)] 1215191K->117435K(1740992K), 0.0073860 secs] [Times: user=0.01 sys=0.00, real=0.00 secs] 
2014-07-07T21:16:35.192+0000: 1297.212: [GC [PSYoungGen: 1053964K->224K(1011520K)] 1171003K->117287K(1698496K), 0.0050040 secs] [Times: user=0.02 sys=0.00, real=0.01 secs] 
2014-07-07T21:16:37.386+0000: 1299.406: [GC [PSYoungGen: 1011488K->224K(971264K)] 1128551K->117407K(1658240K), 0.0056550 secs] [Times: user=0.01 sys=0.00, real=0.01 secs] 
2014-07-07T21:16:39.477+0000: 1301.497: [GC [PSYoungGen: 971148K->256K(932928K)] 1088331K->117487K(1619904K), 0.0282080 secs] [Times: user=0.10 sys=0.00, real=0.02 secs] 
2014-07-07T21:16:41.493+0000: 1303.513: [GC [PSYoungGen: 932928K->320K(896512K)] 1050159K->117599K(1583488K), 0.0073870 secs] [Times: user=0.01 sys=0.00, real=0.01 secs] 
2014-07-07T21:16:43.426+0000: 1305.446: [GC [PSYoungGen: 896512K->224K(861696K)] 1013791K->117535K(1548672K), 0.0044590 secs] [Times: user=0.01 sys=0.00, real=0.01 secs] 
2014-07-07T21:16:45.276+0000: 1307.296: [GC [PSYoungGen: 861664K->160K(828480K)] 978975K->117503K(1515456K), 0.0038660 secs] [Times: user=0.01 sys=0.00, real=0.01 secs] 
2014-07-07T21:16:47.060+0000: 1309.080: [GC [PSYoungGen: 828448K->192K(796928K)] 945791K->117639K(1483904K), 0.0054500 secs] [Times: user=0.02 sys=0.00, real=0.00 secs] 
2014-07-07T21:16:48.773+0000: 1310.793: [GC [PSYoungGen: 796928K->438K(767104K)] 914375K->117957K(1454080K), 0.0074990 secs] [Times: user=0.03 sys=0.00, real=0.01 secs] 
2014-07-07T21:16:50.426+0000: 1312.446: [GC [PSYoungGen: 767094K->160K(738176K)] 884613K->117711K(1425152K), 0.0042290 secs] [Times: user=0.01 sys=0.00, real=0.01 secs] 
2014-07-07T21:16:52.020+0000: 1314.040: [GC [PSYoungGen: 738144K->484K(711168K)] 855695K->118107K(1398144K), 0.0078240 secs] [Times: user=0.03 sys=0.00, real=0.00 secs] 
2014-07-07T21:16:53.549+0000: 1315.569: [GC [PSYoungGen: 711140K->356K(684992K)] 828763K->118011K(1371968K), 0.0067620 secs] [Times: user=0.02 sys=0.01, real=0.00 secs] 
2014-07-07T21:16:55.022+0000: 1317.042: [GC [PSYoungGen: 684964K->352K(660160K)] 802619K->118071K(1347136K), 0.0072180 secs] [Times: user=0.03 sys=0.00, real=0.01 secs] 
2014-07-07T21:16:56.453+0000: 1318.473: [GC [PSYoungGen: 660128K->324K(636480K)] 777847K->118147K(1323456K), 0.0101970 secs] [Times: user=0.03 sys=0.01, real=0.01 secs] 
2014-07-07T21:16:57.826+0000: 1319.846: [GC [PSYoungGen: 636420K->242K(613760K)] 754243K->118097K(1300736K), 0.0042090 secs] [Times: user=0.01 sys=0.00, real=0.01 secs] 
2014-07-07T21:16:59.143+0000: 1321.163: [GC [PSYoungGen: 613746K->338K(592320K)] 731601K->118233K(1279296K), 0.0098370 secs] [Times: user=0.04 sys=0.00, real=0.01 secs] 
2014-07-07T21:17:00.423+0000: 1322.443: [GC [PSYoungGen: 592274K->160K(571520K)] 710169K->118079K(1258496K), 0.0070860 secs] [Times: user=0.02 sys=0.00, real=0.01 secs] 
2014-07-07T21:17:01.661+0000: 1323.681: [GC [PSYoungGen: 571488K->406K(552128K)] 689407K->118349K(1239104K), 0.0097870 secs] [Times: user=0.03 sys=0.00, real=0.01 secs] 
2014-07-07T21:17:02.854+0000: 1324.874: [GC [PSYoungGen: 552086K->224K(533184K)] 670029K->118191K(1220160K), 0.0112400 secs] [Times: user=0.04 sys=0.01, real=0.01 secs] 
2014-07-07T21:17:04.007+0000: 1326.027: [GC [PSYoungGen: 533152K->352K(515392K)] 651119K->118343K(1202368K), 0.0080090 secs] [Times: user=0.01 sys=0.00, real=0.01 secs] 
2014-07-07T21:17:05.122+0000: 1327.142: [GC [PSYoungGen: 515304K->570K(498432K)] 633295K->118733K(1185408K), 0.0168290 secs] [Times: user=0.05 sys=0.00, real=0.01 secs] 
2014-07-07T21:17:06.195+0000: 1328.215: [GC [PSYoungGen: 498426K->228K(481728K)] 616589K->118555K(1168704K), 0.0042400 secs] [Times: user=0.01 sys=0.00, real=0.00 secs] 
2014-07-07T21:17:07.243+0000: 1329.263: [GC [PSYoungGen: 481700K->160K(465984K)] 600027K->118535K(1152960K), 0.0113600 secs] [Times: user=0.04 sys=0.00, real=0.01 secs] 
2014-07-07T21:17:08.250+0000: 1330.270: [GC [PSYoungGen: 465931K->310K(451136K)] 584307K->118709K(1138112K), 0.0068350 secs] [Times: user=0.02 sys=0.00, real=0.01 secs] 
2014-07-07T21:17:09.223+0000: 1331.243: [GC [PSYoungGen: 451126K->192K(436672K)] 569525K->118615K(1123648K), 0.0063630 secs] [Times: user=0.01 sys=0.00, real=0.00 secs] 
2014-07-07T21:17:10.168+0000: 1332.188: [GC [PSYoungGen: 436672K->288K(423104K)] 555095K->118751K(1110080K), 0.0137480 secs] [Times: user=0.05 sys=0.00, real=0.02 secs] 
2014-07-07T21:17:11.085+0000: 1333.105: [GC [PSYoungGen: 423025K->324K(410048K)] 541488K->118803K(1097024K), 0.0048230 secs] [Times: user=0.01 sys=0.00, real=0.00 secs] 
2014-07-07T21:17:11.969+0000: 1333.989: [GC [PSYoungGen: 409988K->160K(397312K)] 528467K->118663K(1084288K), 0.0042900 secs] [Times: user=0.02 sys=0.00, real=0.01 secs] 
2014-07-07T21:17:12.827+0000: 1334.847: [GC [PSYoungGen: 397280K->310K(385408K)] 515783K->118829K(1072384K), 0.0039400 secs] [Times: user=0.01 sys=0.00, real=0.00 secs] 
2014-07-07T21:17:13.660+0000: 1335.680: [GC [PSYoungGen: 385398K->242K(373824K)] 503917K->118777K(1060800K), 0.0043370 secs] [Times: user=0.01 sys=0.00, real=0.01 secs] 
2014-07-07T21:17:14.472+0000: 1336.492: [GC [PSYoungGen: 373810K->288K(362880K)] 492345K->118863K(1049856K), 0.0092710 secs] [Times: user=0.04 sys=0.00, real=0.00 secs] 
2014-07-07T21:17:15.258+0000: 1337.278: [GC [PSYoungGen: 362847K->224K(352256K)] 481422K->118863K(1039232K), 0.0075810 secs] [Times: user=0.03 sys=0.00, real=0.01 secs] 
2014-07-07T21:17:16.025+0000: 1338.045: [GC [PSYoungGen: 352224K->192K(342080K)] 470863K->118879K(1029056K), 0.0044540 secs] [Times: user=0.01 sys=0.00, real=0.00 secs] 
2014-07-07T21:17:16.764+0000: 1338.784: [GC [PSYoungGen: 342080K->160K(332352K)] 460767K->118871K(1019328K), 0.0062140 secs] [Times: user=0.01 sys=0.00, real=0.01 secs] 
2014-07-07T21:17:17.481+0000: 1339.501: [GC [PSYoungGen: 332320K->160K(323008K)] 451031K->118895K(1009984K), 0.0075930 secs] [Times: user=0.03 sys=0.00, real=0.01 secs] 
2014-07-07T21:17:18.177+0000: 1340.197: [GC [PSYoungGen: 322974K->492K(314368K)] 441709K->119275K(1001344K), 0.0088200 secs] [Times: user=0.03 sys=0.00, real=0.01 secs] 
2014-07-07T21:17:18.860+0000: 1340.880: [GC [PSYoungGen: 314345K->160K(305472K)] 433128K->118959K(992448K), 0.0037530 secs] [Times: user=0.01 sys=0.00, real=0.01 secs] 
2014-07-07T21:17:19.514+0000: 1341.535: [GC [PSYoungGen: 305440K->374K(366720K)] 424239K->119197K(1053696K), 0.0105730 secs] [Times: user=0.03 sys=0.00, real=0.01 secs] 
2014-07-07T21:17:20.306+0000: 1342.326: [GC [PSYoungGen: 366710K->324K(440000K)] 485533K->119171K(1126976K), 0.0079620 secs] [Times: user=0.03 sys=0.00, real=0.01 secs] 
2014-07-07T21:17:21.255+0000: 1343.275: [GC [PSYoungGen: 439940K->128K(425920K)] 558787K->118999K(1112896K), 0.0030750 secs] [Times: user=0.01 sys=0.00, real=0.00 secs] 
2014-07-07T21:17:22.177+0000: 1344.197: [GC [PSYoungGen: 425900K->210K(412800K)] 544772K->119105K(1099776K), 0.0062110 secs] [Times: user=0.02 sys=0.00, real=0.01 secs] 
2014-07-07T21:17:23.067+0000: 1345.087: [GC [PSYoungGen: 412753K->192K(400064K)] 531648K->119103K(1087040K), 0.0040910 secs] [Times: user=0.01 sys=0.00, real=0.00 secs] 
2014-07-07T21:17:23.939+0000: 1345.959: [GC [PSYoungGen: 400064K->306K(388096K)] 518975K->119241K(1075072K), 0.0131980 secs] [Times: user=0.05 sys=0.00, real=0.01 secs] 
2014-07-07T21:17:24.774+0000: 1346.795: [GC [PSYoungGen: 388081K->288K(376512K)] 507016K->119279K(1063488K), 0.0065360 secs] [Times: user=0.01 sys=0.00, real=0.00 secs] 
2014-07-07T21:17:25.590+0000: 1347.611: [GC [PSYoungGen: 376480K->96K(365184K)] 495471K->119143K(1052160K), 0.0050570 secs] [Times: user=0.01 sys=0.00, real=0.01 secs] 
2014-07-07T21:17:26.380+0000: 1348.400: [GC [PSYoungGen: 365055K->356K(438464K)] 484103K->119459K(1125440K), 0.0161010 secs] [Times: user=0.06 sys=0.00, real=0.02 secs] 
2014-07-07T21:17:27.328+0000: 1349.348: [GC [PSYoungGen: 438436K->356K(526080K)] 557539K->119507K(1213056K), 0.0228650 secs] [Times: user=0.07 sys=0.00, real=0.02 secs] 
2014-07-07T21:17:28.473+0000: 1350.493: [GC [PSYoungGen: 526052K->288K(631168K)] 645203K->119471K(1318144K), 0.0065930 secs] [Times: user=0.02 sys=0.00, real=0.01 secs] 
2014-07-07T21:17:29.838+0000: 1351.858: [GC [PSYoungGen: 631136K->256K(757312K)] 750319K->119479K(1444288K), 0.0067400 secs] [Times: user=0.02 sys=0.00, real=0.01 secs] 
2014-07-07T21:17:31.475+0000: 1353.495: [GC [PSYoungGen: 757312K->512K(729344K)] 876535K->119783K(1416320K), 0.0060990 secs] [Times: user=0.01 sys=0.01, real=0.00 secs] 
2014-07-07T21:17:33.045+0000: 1355.065: [GC [PSYoungGen: 729331K->292K(702272K)] 848603K->119587K(1389248K), 0.0119190 secs] [Times: user=0.05 sys=0.00, real=0.01 secs] 
2014-07-07T21:17:34.559+0000: 1356.579: [GC [PSYoungGen: 702244K->288K(676608K)] 821539K->119599K(1363584K), 0.0044970 secs] [Times: user=0.00 sys=0.00, real=0.00 secs] 
2014-07-07T21:17:36.023+0000: 1358.043: [GC [PSYoungGen: 676576K->224K(652096K)] 795887K->119615K(1339072K), 0.0091780 secs] [Times: user=0.03 sys=0.00, real=0.01 secs] 
2014-07-07T21:17:37.429+0000: 1359.450: [GC [PSYoungGen: 652064K->384K(628928K)] 771455K->119863K(1315904K), 0.0235470 secs] [Times: user=0.08 sys=0.00, real=0.02 secs] 
2014-07-07T21:17:38.786+0000: 1360.806: [GC [PSYoungGen: 628928K->256K(606528K)] 748407K->119775K(1293504K), 0.0144030 secs] [Times: user=0.05 sys=0.01, real=0.01 secs] 
2014-07-07T21:17:40.095+0000: 1362.116: [GC [PSYoungGen: 606528K->224K(585280K)] 726047K->119775K(1272256K), 0.0070950 secs] [Times: user=0.02 sys=0.00, real=0.01 secs] 
2014-07-07T21:17:41.360+0000: 1363.380: [GC [PSYoungGen: 585210K->210K(564992K)] 704761K->119809K(1251968K), 0.0179520 secs] [Times: user=0.06 sys=0.00, real=0.02 secs] 
2014-07-07T21:17:42.577+0000: 1364.597: [GC [PSYoungGen: 564946K->224K(545664K)] 684545K->119839K(1232640K), 0.0111590 secs] [Times: user=0.03 sys=0.00, real=0.01 secs] 
2014-07-07T21:17:43.757+0000: 1365.777: [GC [PSYoungGen: 545547K->256K(527168K)] 665162K->119911K(1214144K), 0.0108910 secs] [Times: user=0.03 sys=0.00, real=0.01 secs] 
2014-07-07T21:17:44.898+0000: 1366.918: [GC [PSYoungGen: 527168K->274K(632640K)] 646823K->119969K(1319616K), 0.0177150 secs] [Times: user=0.06 sys=0.00, real=0.01 secs] 
2014-07-07T21:17:46.264+0000: 1368.284: [GC [PSYoungGen: 632594K->192K(610112K)] 752289K->119959K(1297088K), 0.0064240 secs] [Times: user=0.02 sys=0.01, real=0.01 secs] 
2014-07-07T21:17:47.582+0000: 1369.602: [GC [PSYoungGen: 610112K->434K(588992K)] 729879K->120257K(1275968K), 0.0083030 secs] [Times: user=0.03 sys=0.00, real=0.01 secs] 
2014-07-07T21:17:48.846+0000: 1370.866: [GC [PSYoungGen: 588978K->192K(568320K)] 708801K->120047K(1255296K), 0.0054390 secs] [Times: user=0.01 sys=0.00, real=0.01 secs] 
2014-07-07T21:17:50.076+0000: 1372.096: [GC [PSYoungGen: 568320K->224K(548864K)] 688175K->120119K(1235840K), 0.0097870 secs] [Times: user=0.03 sys=0.00, real=0.01 secs] 
2014-07-07T21:17:51.268+0000: 1373.288: [GC [PSYoungGen: 548758K->228K(530240K)] 668653K->120139K(1217216K), 0.0050040 secs] [Times: user=0.01 sys=0.00, real=0.00 secs] 
2014-07-07T21:17:52.415+0000: 1374.435: [GC [PSYoungGen: 530169K->324K(512576K)] 650080K->120251K(1199552K), 0.0164030 secs] [Times: user=0.06 sys=0.00, real=0.02 secs] 
2014-07-07T21:17:53.523+0000: 1375.543: [GC [PSYoungGen: 512516K->352K(495552K)] 632443K->120327K(1182528K), 0.0116260 secs] [Times: user=0.04 sys=0.00, real=0.01 secs] 
2014-07-07T21:17:54.590+0000: 1376.610: [GC [PSYoungGen: 495487K->292K(479232K)] 615462K->120391K(1166208K), 0.0096050 secs] [Times: user=0.03 sys=0.00, real=0.01 secs] 
2014-07-07T21:17:55.631+0000: 1377.651: [GC [PSYoungGen: 479204K->192K(463552K)] 599303K->120371K(1150528K), 0.0058390 secs] [Times: user=0.02 sys=0.01, real=0.00 secs] 
2014-07-07T21:17:56.635+0000: 1378.655: [GC [PSYoungGen: 463552K->306K(448832K)] 583731K->120541K(1135808K), 0.0054380 secs] [Times: user=0.01 sys=0.01, real=0.01 secs] 
2014-07-07T21:17:57.604+0000: 1379.624: [GC [PSYoungGen: 448726K->274K(434624K)] 568962K->120541K(1121600K), 0.0069020 secs] [Times: user=0.03 sys=0.00, real=0.01 secs] 
2014-07-07T21:17:58.544+0000: 1380.565: [GC [PSYoungGen: 434578K->128K(420864K)] 554845K->120411K(1107840K), 0.0084900 secs] [Times: user=0.03 sys=0.00, real=0.01 secs] 
2014-07-07T21:17:59.454+0000: 1381.474: [GC [PSYoungGen: 420864K->192K(407936K)] 541147K->120515K(1094912K), 0.0114470 secs] [Times: user=0.04 sys=0.00, real=0.01 secs] 
2014-07-07T21:18:00.339+0000: 1382.359: [GC [PSYoungGen: 407936K->224K(395520K)] 528259K->120571K(1082496K), 0.0062160 secs] [Times: user=0.00 sys=0.00, real=0.01 secs] 
2014-07-07T21:18:01.196+0000: 1383.216: [GC [PSYoungGen: 395488K->224K(474624K)] 515835K->120595K(1161600K), 0.0139700 secs] [Times: user=0.05 sys=0.00, real=0.02 secs] 
2014-07-07T21:18:02.228+0000: 1384.248: [GC [PSYoungGen: 474592K->192K(459200K)] 594963K->120587K(1146176K), 0.0066130 secs] [Times: user=0.02 sys=0.00, real=0.01 secs] 
2014-07-07T21:18:03.222+0000: 1385.242: [GC [PSYoungGen: 459200K->160K(444544K)] 579595K->120571K(1131520K), 0.0037680 secs] [Times: user=0.00 sys=0.00, real=0.00 secs] 
2014-07-07T21:18:04.183+0000: 1386.203: [GC [PSYoungGen: 444512K->192K(430528K)] 564923K->120643K(1117504K), 0.0092640 secs] [Times: user=0.03 sys=0.00, real=0.01 secs] 
2014-07-07T21:18:05.122+0000: 1387.142: [GC [PSYoungGen: 430470K->374K(417280K)] 550922K->120905K(1104256K), 0.0069790 secs] [Times: user=0.01 sys=0.00, real=0.00 secs] 
2014-07-07T21:18:06.029+0000: 1388.049: [GC [PSYoungGen: 417270K->328K(500672K)] 537801K->120907K(1187648K), 0.0155190 secs] [Times: user=0.05 sys=0.00, real=0.02 secs] 
2014-07-07T21:18:07.116+0000: 1389.136: [GC [PSYoungGen: 500616K->192K(484032K)] 621195K->120811K(1171008K), 0.0035230 secs] [Times: user=0.01 sys=0.00, real=0.00 secs] 
2014-07-07T21:18:08.164+0000: 1390.184: [GC [PSYoungGen: 484032K->160K(468288K)] 604651K->120803K(1155264K), 0.0099100 secs] [Times: user=0.03 sys=0.01, real=0.01 secs] 
2014-07-07T21:18:09.177+0000: 1391.197: [GC [PSYoungGen: 468256K->242K(453312K)] 588899K->120917K(1140288K), 0.0031120 secs] [Times: user=0.01 sys=0.00, real=0.01 secs] 
2014-07-07T21:18:10.158+0000: 1392.178: [GC [PSYoungGen: 453200K->242K(438912K)] 573875K->120933K(1125888K), 0.0058130 secs] [Times: user=0.01 sys=0.00, real=0.01 secs] 
2014-07-07T21:18:11.111+0000: 1393.131: [GC [PSYoungGen: 438898K->128K(425024K)] 559589K->120835K(1112000K), 0.0036360 secs] [Times: user=0.01 sys=0.00, real=0.00 secs] 
2014-07-07T21:18:12.029+0000: 1394.049: [GC [PSYoungGen: 424982K->160K(411904K)] 545689K->120907K(1098880K), 0.0060510 secs] [Times: user=0.03 sys=0.00, real=0.01 secs] 
2014-07-07T21:18:12.917+0000: 1394.938: [GC [PSYoungGen: 411833K->278K(399424K)] 532580K->121041K(1086400K), 0.0040590 secs] [Times: user=0.01 sys=0.00, real=0.01 secs] 
2014-07-07T21:18:13.781+0000: 1395.801: [GC [PSYoungGen: 399382K->288K(387328K)] 520145K->121083K(1074304K), 0.0036370 secs] [Times: user=0.01 sys=0.00, real=0.01 secs] 
2014-07-07T21:18:14.612+0000: 1396.632: [GC [PSYoungGen: 387292K->288K(375744K)] 508088K->121123K(1062720K), 0.0120250 secs] [Times: user=0.05 sys=0.00, real=0.01 secs] 
2014-07-07T21:18:15.424+0000: 1397.444: [GC [PSYoungGen: 375712K->224K(364608K)] 496547K->121123K(1051584K), 0.0065090 secs] [Times: user=0.01 sys=0.01, real=0.00 secs] 
2014-07-07T21:18:16.214+0000: 1398.234: [GC [PSYoungGen: 364571K->424K(354176K)] 485470K->121371K(1041152K), 0.0137240 secs] [Times: user=0.06 sys=0.00, real=0.01 secs] 
2014-07-07T21:18:16.989+0000: 1399.010: [GC [PSYoungGen: 354152K->196K(424768K)] 475099K->121175K(1111744K), 0.0119220 secs] [Times: user=0.04 sys=0.00, real=0.02 secs] 
2014-07-07T21:18:17.905+0000: 1399.925: [GC [PSYoungGen: 424708K->160K(509632K)] 545687K->121171K(1196608K), 0.0110300 secs] [Times: user=0.04 sys=0.00, real=0.01 secs] 
2014-07-07T21:18:19.015+0000: 1401.035: [GC [PSYoungGen: 509600K->356K(611712K)] 630611K->121391K(1298688K), 0.0094980 secs] [Times: user=0.04 sys=0.00, real=0.01 secs] 
2014-07-07T21:18:20.336+0000: 1402.356: [GC [PSYoungGen: 611684K->338K(590272K)] 732719K->121389K(1277248K), 0.0047410 secs] [Times: user=0.01 sys=0.00, real=0.00 secs] 
2014-07-07T21:18:21.614+0000: 1403.634: [GC [PSYoungGen: 590226K->128K(569536K)] 711277K->121211K(1256512K), 0.0039530 secs] [Times: user=0.01 sys=0.00, real=0.00 secs] 
2014-07-07T21:18:22.847+0000: 1404.867: [GC [PSYoungGen: 569536K->402K(550272K)] 690619K->121525K(1237248K), 0.0140940 secs] [Times: user=0.05 sys=0.00, real=0.01 secs] 
2014-07-07T21:18:24.033+0000: 1406.053: [GC [PSYoungGen: 550226K->160K(531328K)] 671349K->121307K(1218304K), 0.0055760 secs] [Times: user=0.01 sys=0.00, real=0.00 secs] 
2014-07-07T21:18:25.186+0000: 1407.206: [GC [PSYoungGen: 531296K->224K(513536K)] 652443K->121435K(1200512K), 0.0056940 secs] [Times: user=0.02 sys=0.00, real=0.00 secs] 
2014-07-07T21:18:26.289+0000: 1408.309: [GC [PSYoungGen: 513451K->310K(496576K)] 634662K->121585K(1183552K), 0.0042190 secs] [Times: user=0.01 sys=0.00, real=0.01 secs] 
2014-07-07T21:18:27.361+0000: 1409.381: [GC [PSYoungGen: 496566K->242K(480192K)] 617841K->121573K(1167168K), 0.0108340 secs] [Times: user=0.04 sys=0.00, real=0.01 secs] 
2014-07-07T21:18:28.397+0000: 1410.417: [GC [PSYoungGen: 480112K->296K(464704K)] 601443K->121643K(1151680K), 0.0059940 secs] [Times: user=0.01 sys=0.00, real=0.01 secs] 
2014-07-07T21:18:29.408+0000: 1411.428: [GC [PSYoungGen: 464680K->160K(449664K)] 586027K->121531K(1136640K), 0.0064820 secs] [Times: user=0.01 sys=0.00, real=0.01 secs] 
2014-07-07T21:18:30.381+0000: 1412.401: [GC [PSYoungGen: 449632K->242K(435456K)] 571003K->121637K(1122432K), 0.0034800 secs] [Times: user=0.01 sys=0.00, real=0.01 secs] 
2014-07-07T21:18:31.326+0000: 1413.346: [GC [PSYoungGen: 435442K->274K(421888K)] 556837K->121701K(1108864K), 0.0127880 secs] [Times: user=0.04 sys=0.00, real=0.01 secs] 
2014-07-07T21:18:32.236+0000: 1414.256: [GC [PSYoungGen: 421842K->160K(408704K)] 543269K->121603K(1095680K), 0.0040250 secs] [Times: user=0.01 sys=0.00, real=0.00 secs] 
2014-07-07T21:18:33.122+0000: 1415.142: [GC [PSYoungGen: 408672K->392K(396480K)] 530115K->121859K(1083456K), 0.0042840 secs] [Times: user=0.02 sys=0.00, real=0.01 secs] 
2014-07-07T21:18:33.976+0000: 1415.996: [GC [PSYoungGen: 396422K->256K(475520K)] 517890K->121755K(1162496K), 0.0354030 secs] [Times: user=0.12 sys=0.00, real=0.03 secs] 
2014-07-07T21:18:35.016+0000: 1417.036: [GC [PSYoungGen: 475520K->224K(570624K)] 597019K->121763K(1257600K), 0.0072180 secs] [Times: user=0.01 sys=0.00, real=0.00 secs] 
2014-07-07T21:18:36.236+0000: 1418.256: [GC [PSYoungGen: 570592K->288K(684800K)] 692131K->121891K(1371776K), 0.0047650 secs] [Times: user=0.01 sys=0.00, real=0.00 secs] 
2014-07-07T21:18:37.719+0000: 1419.739: [GC [PSYoungGen: 684768K->370K(821760K)] 806371K->122021K(1508736K), 0.0269520 secs] [Times: user=0.10 sys=0.00, real=0.03 secs] 
2014-07-07T21:18:39.495+0000: 1421.515: [GC [PSYoungGen: 821746K->242K(790400K)] 943397K->122071K(1477376K), 0.0038630 secs] [Times: user=0.01 sys=0.00, real=0.00 secs] 
2014-07-07T21:18:41.200+0000: 1423.220: [GC [PSYoungGen: 790335K->474K(760896K)] 912165K->122335K(1447872K), 0.0038310 secs] [Times: user=0.01 sys=0.00, real=0.00 secs] 
2014-07-07T21:18:42.842+0000: 1424.862: [GC [PSYoungGen: 760858K->292K(732352K)] 882719K->122201K(1419328K), 0.0193840 secs] [Times: user=0.06 sys=0.00, real=0.02 secs] 
2014-07-07T21:18:44.413+0000: 1426.433: [GC [PSYoungGen: 732324K->352K(878848K)] 854233K->122285K(1565824K), 0.0227130 secs] [Times: user=0.09 sys=0.00, real=0.02 secs] 
2014-07-07T21:18:46.312+0000: 1428.332: [GC [PSYoungGen: 878815K->256K(844800K)] 1000748K->122277K(1531776K), 0.0112170 secs] [Times: user=0.03 sys=0.00, real=0.01 secs] 
2014-07-07T21:18:48.139+0000: 1430.160: [GC [PSYoungGen: 844705K->324K(812608K)] 966727K->122433K(1499584K), 0.0094260 secs] [Times: user=0.04 sys=0.00, real=0.01 secs] 
2014-07-07T21:18:49.900+0000: 1431.920: [GC [PSYoungGen: 812548K->338K(781824K)] 934657K->122487K(1468800K), 0.0079820 secs] [Times: user=0.03 sys=0.00, real=0.01 secs] 
2014-07-07T21:18:51.589+0000: 1433.610: [GC [PSYoungGen: 781778K->288K(752384K)] 903927K->122485K(1439360K), 0.0162020 secs] [Times: user=0.06 sys=0.01, real=0.01 secs] 
2014-07-07T21:18:53.214+0000: 1435.234: [GC [PSYoungGen: 752321K->356K(724480K)] 874518K->122633K(1411456K), 0.0129550 secs] [Times: user=0.04 sys=0.00, real=0.02 secs] 
2014-07-07T21:18:54.778+0000: 1436.799: [GC [PSYoungGen: 724452K->256K(697664K)] 846729K->122589K(1384640K), 0.0092010 secs] [Times: user=0.02 sys=0.00, real=0.01 secs] 
2014-07-07T21:18:56.274+0000: 1438.294: [GC [PSYoungGen: 697664K->352K(837312K)] 819997K->122797K(1524288K), 0.0287640 secs] [Times: user=0.10 sys=0.00, real=0.03 secs] 
2014-07-07T21:18:58.085+0000: 1440.105: [GC [PSYoungGen: 837280K->338K(805376K)] 959725K->122839K(1492352K), 0.0077180 secs] [Times: user=0.02 sys=0.00, real=0.01 secs] 
2014-07-07T21:18:59.827+0000: 1441.848: [GC [PSYoungGen: 805330K->310K(774848K)] 927831K->122995K(1461824K), 0.0048480 secs] [Times: user=0.02 sys=0.00, real=0.01 secs] 
2014-07-07T21:19:01.504+0000: 1443.524: [GC [PSYoungGen: 774838K->224K(745728K)] 897523K->122941K(1432704K), 0.0106690 secs] [Times: user=0.04 sys=0.00, real=0.01 secs] 
2014-07-07T21:19:03.113+0000: 1445.133: [GC [PSYoungGen: 745696K->128K(717952K)] 868413K->122885K(1404928K), 0.0064160 secs] [Times: user=0.01 sys=0.00, real=0.01 secs] 
2014-07-07T21:19:04.659+0000: 1446.679: [GC [PSYoungGen: 717952K->352K(691840K)] 840709K->123157K(1378816K), 0.0070540 secs] [Times: user=0.01 sys=0.00, real=0.01 secs] 
2014-07-07T21:19:06.153+0000: 1448.173: [GC [PSYoungGen: 691808K->352K(666688K)] 814613K->123261K(1353664K), 0.0131110 secs] [Times: user=0.05 sys=0.00, real=0.01 secs] 
2014-07-07T21:19:07.597+0000: 1449.617: [GC [PSYoungGen: 666656K->128K(642432K)] 789565K->123093K(1329408K), 0.0046660 secs] [Times: user=0.02 sys=0.00, real=0.01 secs] 
2014-07-07T21:19:08.983+0000: 1451.003: [GC [PSYoungGen: 642432K->192K(619584K)] 765397K->123189K(1306560K), 0.0043030 secs] [Times: user=0.01 sys=0.00, real=0.00 secs] 
2014-07-07T21:19:10.324+0000: 1452.344: [GC [PSYoungGen: 619584K->256K(597824K)] 742581K->123301K(1284800K), 0.0131250 secs] [Times: user=0.05 sys=0.00, real=0.01 secs] 
2014-07-07T21:19:11.609+0000: 1453.629: [GC [PSYoungGen: 597824K->96K(576832K)] 720869K->123165K(1263808K), 0.0104250 secs] [Times: user=0.04 sys=0.00, real=0.01 secs] 
2014-07-07T21:19:12.856+0000: 1454.877: [GC [PSYoungGen: 576800K->192K(557376K)] 699869K->123285K(1244352K), 0.0113840 secs] [Times: user=0.04 sys=0.00, real=0.01 secs] 
2014-07-07T21:19:14.062+0000: 1456.082: [GC [PSYoungGen: 556992K->160K(537984K)] 680085K->123269K(1224960K), 0.0061150 secs] [Times: user=0.01 sys=0.00, real=0.00 secs] 
2014-07-07T21:19:15.222+0000: 1457.242: [GC [PSYoungGen: 537952K->256K(519872K)] 661061K->123421K(1206848K), 0.0094550 secs] [Times: user=0.03 sys=0.00, real=0.01 secs] 
2014-07-07T21:19:16.343+0000: 1458.363: [GC [PSYoungGen: 519872K->256K(502528K)] 643037K->123509K(1189504K), 0.0179250 secs] [Times: user=0.06 sys=0.00, real=0.02 secs] 
2014-07-07T21:19:17.439+0000: 1459.459: [GC [PSYoungGen: 502467K->452K(486208K)] 625720K->123737K(1173184K), 0.0095640 secs] [Times: user=0.03 sys=0.00, real=0.01 secs] 
2014-07-07T21:19:18.483+0000: 1460.503: [GC [PSYoungGen: 486148K->320K(470208K)] 609433K->123717K(1157184K), 0.0078800 secs] [Times: user=0.02 sys=0.00, real=0.01 secs] 
2014-07-07T21:19:19.503+0000: 1461.523: [GC [PSYoungGen: 470201K->224K(454976K)] 593599K->123653K(1141952K), 0.0112030 secs] [Times: user=0.03 sys=0.00, real=0.01 secs] 
2014-07-07T21:19:20.484+0000: 1462.504: [GC [PSYoungGen: 454944K->192K(440448K)] 578373K->123661K(1127424K), 0.0117430 secs] [Times: user=0.04 sys=0.00, real=0.01 secs] 
2014-07-07T21:19:21.436+0000: 1463.456: [GC [PSYoungGen: 440448K->224K(426688K)] 563917K->123709K(1113664K), 0.0065090 secs] [Times: user=0.01 sys=0.00, real=0.01 secs] 
2014-07-07T21:19:22.356+0000: 1464.376: [GC [PSYoungGen: 426656K->160K(413376K)] 550141K->123661K(1100352K), 0.0043440 secs] [Times: user=0.01 sys=0.00, real=0.00 secs] 
2014-07-07T21:19:23.252+0000: 1465.272: [GC [PSYoungGen: 413344K->128K(496000K)] 536845K->123645K(1182976K), 0.0359520 secs] [Times: user=0.12 sys=0.00, real=0.03 secs] 
2014-07-07T21:19:24.326+0000: 1466.346: [GC [PSYoungGen: 496000K->488K(595584K)] 619517K->124037K(1282560K), 0.0069800 secs] [Times: user=0.02 sys=0.00, real=0.01 secs] 
2014-07-07T21:19:25.615+0000: 1467.635: [GC [PSYoungGen: 595560K->256K(714368K)] 719109K->123877K(1401344K), 0.0041540 secs] [Times: user=0.01 sys=0.00, real=0.00 secs] 
2014-07-07T21:19:27.160+0000: 1469.180: [GC [PSYoungGen: 714368K->402K(688384K)] 837989K->124103K(1375360K), 0.0067030 secs] [Times: user=0.02 sys=0.00, real=0.01 secs] 
2014-07-07T21:19:28.651+0000: 1470.671: [GC [PSYoungGen: 688338K->256K(663232K)] 812039K->123997K(1350208K), 0.0123480 secs] [Times: user=0.04 sys=0.00, real=0.02 secs] 
2014-07-07T21:19:30.076+0000: 1472.096: [GC [PSYoungGen: 663232K->160K(639360K)] 786973K->123925K(1326336K), 0.0057110 secs] [Times: user=0.00 sys=0.00, real=0.00 secs] 
2014-07-07T21:19:31.458+0000: 1473.478: [GC [PSYoungGen: 639328K->338K(616832K)] 763093K->124143K(1303808K), 0.0170910 secs] [Times: user=0.05 sys=0.00, real=0.02 secs] 
2014-07-07T21:19:32.797+0000: 1474.817: [GC [PSYoungGen: 616786K->224K(595008K)] 740591K->124077K(1281984K), 0.0055010 secs] [Times: user=0.02 sys=0.00, real=0.00 secs] 
2014-07-07T21:19:34.079+0000: 1476.100: [GC [PSYoungGen: 594976K->160K(574208K)] 718829K->124037K(1261184K), 0.0058640 secs] [Times: user=0.01 sys=0.00, real=0.01 secs] 
2014-07-07T21:19:35.316+0000: 1477.336: [GC [PSYoungGen: 574176K->192K(554432K)] 698053K->124125K(1241408K), 0.0071950 secs] [Times: user=0.01 sys=0.00, real=0.01 secs] 
2014-07-07T21:19:36.519+0000: 1478.540: [GC [PSYoungGen: 554432K->224K(535616K)] 678365K->124221K(1222592K), 0.0148860 secs] [Times: user=0.06 sys=0.00, real=0.02 secs] 
2014-07-07T21:19:37.682+0000: 1479.702: [GC [PSYoungGen: 535581K->210K(517568K)] 659578K->124247K(1204544K), 0.0073920 secs] [Times: user=0.03 sys=0.00, real=0.01 secs] 
2014-07-07T21:19:38.799+0000: 1480.819: [GC [PSYoungGen: 517522K->224K(500352K)] 641559K->124293K(1187328K), 0.0042260 secs] [Times: user=0.01 sys=0.00, real=0.00 secs] 
2014-07-07T21:19:39.884+0000: 1481.904: [GC [PSYoungGen: 500320K->256K(483904K)] 624389K->124349K(1170880K), 0.0074540 secs] [Times: user=0.02 sys=0.00, real=0.00 secs] 
2014-07-07T21:19:40.930+0000: 1482.950: [GC [PSYoungGen: 483904K->128K(580544K)] 607997K->124253K(1267520K), 0.0253680 secs] [Times: user=0.09 sys=0.00, real=0.03 secs] 
2014-07-07T21:19:42.189+0000: 1484.209: [GC [PSYoungGen: 580544K->224K(696768K)] 704669K->124365K(1383744K), 0.0216070 secs] [Times: user=0.07 sys=0.00, real=0.02 secs] 
2014-07-07T21:19:43.696+0000: 1485.716: [GC [PSYoungGen: 696731K->342K(836224K)] 820872K->124507K(1523200K), 0.0120040 secs] [Times: user=0.05 sys=0.00, real=0.01 secs] 
2014-07-07T21:19:45.501+0000: 1487.521: [GC [PSYoungGen: 836182K->256K(804160K)] 960347K->124461K(1491136K), 0.0058740 secs] [Times: user=0.01 sys=0.00, real=0.01 secs] 
2014-07-07T21:19:47.245+0000: 1489.265: [GC [PSYoungGen: 804160K->128K(773632K)] 928365K->124437K(1460608K), 0.0041610 secs] [Times: user=0.01 sys=0.00, real=0.01 secs] 
2014-07-07T21:19:48.916+0000: 1490.937: [GC [PSYoungGen: 773632K->192K(744704K)] 897941K->124549K(1431680K), 0.0043320 secs] [Times: user=0.01 sys=0.00, real=0.00 secs] 
2014-07-07T21:19:50.520+0000: 1492.540: [GC [PSYoungGen: 744704K->224K(717120K)] 869061K->124613K(1404096K), 0.0041870 secs] [Times: user=0.01 sys=0.00, real=0.00 secs] 
2014-07-07T21:19:52.067+0000: 1494.087: [GC [PSYoungGen: 717088K->438K(691008K)] 841477K->124875K(1377984K), 0.0305880 secs] [Times: user=0.11 sys=0.00, real=0.03 secs] 
2014-07-07T21:19:53.565+0000: 1495.585: [GC [PSYoungGen: 690998K->438K(829120K)] 815435K->124915K(1516096K), 0.0332310 secs] [Times: user=0.12 sys=0.00, real=0.04 secs] 
2014-07-07T21:19:55.358+0000: 1497.378: [GC [PSYoungGen: 829110K->192K(994624K)] 953587K->124757K(1681600K), 0.0123170 secs] [Times: user=0.05 sys=0.00, real=0.01 secs] 
2014-07-07T21:19:57.508+0000: 1499.529: [GC [PSYoungGen: 994624K->320K(955328K)] 1119189K->124997K(1642304K), 0.0114610 secs] [Times: user=0.05 sys=0.00, real=0.01 secs] 
2014-07-07T21:19:59.565+0000: 1501.585: [GC [PSYoungGen: 955229K->342K(917824K)] 1079906K->125083K(1604800K), 0.0054190 secs] [Times: user=0.01 sys=0.00, real=0.01 secs] 
2014-07-07T21:20:01.547+0000: 1503.567: [GC [PSYoungGen: 917782K->224K(881920K)] 1042523K->125005K(1568896K), 0.0085260 secs] [Times: user=0.03 sys=0.00, real=0.01 secs] 
2014-07-07T21:20:03.456+0000: 1505.477: [GC [PSYoungGen: 881888K->292K(847936K)] 1006669K->125105K(1534912K), 0.0056380 secs] [Times: user=0.01 sys=0.00, real=0.01 secs] 
2014-07-07T21:20:05.287+0000: 1507.307: [GC [PSYoungGen: 847908K->470K(815680K)] 972721K->125315K(1502656K), 0.0053810 secs] [Times: user=0.01 sys=0.00, real=0.01 secs] 
2014-07-07T21:20:07.055+0000: 1509.075: [GC [PSYoungGen: 815638K->160K(784448K)] 940483K->125117K(1471424K), 0.0137760 secs] [Times: user=0.05 sys=0.00, real=0.02 secs] 
2014-07-07T21:20:08.756+0000: 1510.776: [GC [PSYoungGen: 784416K->160K(754944K)] 909373K->125165K(1441920K), 0.0043270 secs] [Times: user=0.01 sys=0.00, real=0.01 secs] 
2014-07-07T21:20:10.400+0000: 1512.420: [GC [PSYoungGen: 754912K->374K(727040K)] 879917K->125411K(1414016K), 0.0041060 secs] [Times: user=0.01 sys=0.00, real=0.00 secs] 
2014-07-07T21:20:11.971+0000: 1513.991: [GC [PSYoungGen: 727030K->256K(700096K)] 852067K->125341K(1387072K), 0.0136870 secs] [Times: user=0.04 sys=0.00, real=0.01 secs] 
2014-07-07T21:20:13.484+0000: 1515.504: [GC [PSYoungGen: 700096K->320K(674624K)] 825181K->125421K(1361600K), 0.0048640 secs] [Times: user=0.01 sys=0.00, real=0.01 secs] 
2014-07-07T21:20:14.935+0000: 1516.956: [GC [PSYoungGen: 674620K->224K(650176K)] 799722K->125341K(1337152K), 0.0049680 secs] [Times: user=0.01 sys=0.00, real=0.01 secs] 
2014-07-07T21:20:16.343+0000: 1518.363: [GC [PSYoungGen: 650092K->502K(627200K)] 775210K->125723K(1314176K), 0.0123420 secs] [Times: user=0.04 sys=0.00, real=0.01 secs] 
2014-07-07T21:20:17.695+0000: 1519.715: [GC [PSYoungGen: 627129K->552K(605120K)] 752350K->125837K(1292096K), 0.0097150 secs] [Times: user=0.03 sys=0.00, real=0.01 secs] 
2014-07-07T21:20:18.997+0000: 1521.018: [GC [PSYoungGen: 605096K->96K(583488K)] 730381K->125413K(1270464K), 0.0054990 secs] [Times: user=0.01 sys=0.00, real=0.01 secs] 
2014-07-07T21:20:20.269+0000: 1522.290: [GC [PSYoungGen: 583456K->260K(563840K)] 708773K->125609K(1250816K), 0.0045980 secs] [Times: user=0.01 sys=0.00, real=0.01 secs] 
2014-07-07T21:20:21.494+0000: 1523.514: [GC [PSYoungGen: 563396K->274K(544192K)] 688745K->125639K(1231168K), 0.0042850 secs] [Times: user=0.01 sys=0.01, real=0.00 secs] 
2014-07-07T21:20:22.677+0000: 1524.698: [GC [PSYoungGen: 544059K->374K(525824K)] 669424K->125763K(1212800K), 0.0058340 secs] [Times: user=0.02 sys=0.00, real=0.01 secs] 
2014-07-07T21:20:23.824+0000: 1525.844: [GC [PSYoungGen: 525754K->292K(508160K)] 651143K->125697K(1195136K), 0.0093600 secs] [Times: user=0.01 sys=0.00, real=0.01 secs] 
2014-07-07T21:20:24.917+0000: 1526.937: [GC [PSYoungGen: 508132K->356K(491392K)] 633537K->125825K(1178368K), 0.0082060 secs] [Times: user=0.02 sys=0.00, real=0.01 secs] 
2014-07-07T21:20:25.979+0000: 1527.999: [GC [PSYoungGen: 491364K->160K(475136K)] 616833K->125701K(1162112K), 0.0056950 secs] [Times: user=0.01 sys=0.00, real=0.01 secs] 
2014-07-07T21:20:27.009+0000: 1529.029: [GC [PSYoungGen: 475104K->192K(459776K)] 600645K->125765K(1146752K), 0.0037800 secs] [Times: user=0.01 sys=0.00, real=0.01 secs] 
2014-07-07T21:20:28.003+0000: 1530.023: [GC [PSYoungGen: 459776K->288K(445184K)] 585349K->125893K(1132160K), 0.0148730 secs] [Times: user=0.05 sys=0.00, real=0.01 secs] 
2014-07-07T21:20:28.962+0000: 1530.982: [GC [PSYoungGen: 445152K->192K(430976K)] 570757K->125829K(1117952K), 0.0062790 secs] [Times: user=0.01 sys=0.00, real=0.00 secs] 
2014-07-07T21:20:29.895+0000: 1531.915: [GC [PSYoungGen: 430976K->160K(417536K)] 556613K->125829K(1104512K), 0.0090260 secs] [Times: user=0.03 sys=0.00, real=0.01 secs] 
2014-07-07T21:20:30.793+0000: 1532.813: [GC [PSYoungGen: 417504K->274K(404800K)] 543173K->125975K(1091776K), 0.0078480 secs] [Times: user=0.03 sys=0.00, real=0.00 secs] 
2014-07-07T21:20:31.673+0000: 1533.693: [GC [PSYoungGen: 404754K->192K(392320K)] 530455K->125917K(1079296K), 0.0096600 secs] [Times: user=0.03 sys=0.00, real=0.01 secs] 
2014-07-07T21:20:32.521+0000: 1534.541: [GC [PSYoungGen: 392319K->352K(380736K)] 518045K->126109K(1067712K), 0.0058570 secs] [Times: user=0.02 sys=0.00, real=0.01 secs] 
2014-07-07T21:20:33.340+0000: 1535.360: [GC [PSYoungGen: 380704K->288K(456768K)] 506461K->126085K(1143744K), 0.0132700 secs] [Times: user=0.04 sys=0.00, real=0.02 secs] 
2014-07-07T21:20:34.333+0000: 1536.353: [GC [PSYoungGen: 456736K->160K(442112K)] 582533K->125981K(1129088K), 0.0078740 secs] [Times: user=0.03 sys=0.00, real=0.00 secs] 
2014-07-07T21:20:35.302+0000: 1537.322: [GC [PSYoungGen: 442080K->192K(428160K)] 567901K->126077K(1115136K), 0.0089660 secs] [Times: user=0.01 sys=0.00, real=0.00 secs] 
2014-07-07T21:20:36.217+0000: 1538.237: [GC [PSYoungGen: 428160K->338K(513984K)] 554045K->126295K(1200960K), 0.0214870 secs] [Times: user=0.07 sys=0.00, real=0.02 secs] 
2014-07-07T21:20:37.330+0000: 1539.350: [GC [PSYoungGen: 513938K->128K(616448K)] 639895K->126117K(1303424K), 0.0076110 secs] [Times: user=0.03 sys=0.00, real=0.01 secs] 
2014-07-07T21:20:38.671+0000: 1540.691: [GC [PSYoungGen: 616448K->288K(594944K)] 742437K->126301K(1281920K), 0.0042070 secs] [Times: user=0.01 sys=0.00, real=0.01 secs] 
2014-07-07T21:20:39.958+0000: 1541.978: [GC [PSYoungGen: 594912K->402K(574336K)] 720925K->126455K(1261312K), 0.0130140 secs] [Times: user=0.04 sys=0.00, real=0.01 secs] 
2014-07-07T21:20:41.199+0000: 1543.219: [GC [PSYoungGen: 574282K->160K(554304K)] 700336K->126237K(1241280K), 0.0035580 secs] [Times: user=0.01 sys=0.00, real=0.00 secs] 
2014-07-07T21:20:42.413+0000: 1544.433: [GC [PSYoungGen: 554272K->160K(535424K)] 680349K->126269K(1222400K), 0.0079890 secs] [Times: user=0.03 sys=0.00, real=0.01 secs] 
2014-07-07T21:20:43.575+0000: 1545.595: [GC [PSYoungGen: 535392K->224K(517440K)] 661501K->126349K(1204416K), 0.0048560 secs] [Times: user=0.01 sys=0.00, real=0.00 secs] 
2014-07-07T21:20:44.697+0000: 1546.717: [GC [PSYoungGen: 517408K->484K(500480K)] 643533K->126913K(1187456K), 0.0052340 secs] [Times: user=0.01 sys=0.00, real=0.00 secs] 
2014-07-07T21:20:45.771+0000: 1547.792: [GC [PSYoungGen: 500380K->470K(484032K)] 626810K->126987K(1171008K), 0.0229490 secs] [Times: user=0.09 sys=0.00, real=0.03 secs] 
2014-07-07T21:20:46.824+0000: 1548.844: [GC [PSYoungGen: 483990K->434K(468224K)] 610507K->127079K(1155200K), 0.0082050 secs] [Times: user=0.01 sys=0.00, real=0.00 secs] 
2014-07-07T21:20:47.835+0000: 1549.855: [GC [PSYoungGen: 468210K->256K(452992K)] 594855K->126941K(1139968K), 0.0065460 secs] [Times: user=0.02 sys=0.00, real=0.00 secs] 
2014-07-07T21:20:48.820+0000: 1550.840: [GC [PSYoungGen: 452992K->192K(438528K)] 579677K->126901K(1125504K), 0.0045080 secs] [Times: user=0.01 sys=0.00, real=0.01 secs] 
2014-07-07T21:20:49.768+0000: 1551.788: [GC [PSYoungGen: 438528K->224K(424832K)] 565237K->126981K(1111808K), 0.0060410 secs] [Times: user=0.01 sys=0.00, real=0.00 secs] 
2014-07-07T21:20:50.686+0000: 1552.706: [GC [PSYoungGen: 424800K->128K(411520K)] 551557K->126901K(1098496K), 0.0036340 secs] [Times: user=0.01 sys=0.00, real=0.00 secs] 
2014-07-07T21:20:51.580+0000: 1553.601: [GC [PSYoungGen: 411520K->224K(399040K)] 538293K->127021K(1086016K), 0.0098460 secs] [Times: user=0.04 sys=0.00, real=0.01 secs] 
2014-07-07T21:20:52.444+0000: 1554.464: [GC [PSYoungGen: 399008K->160K(386880K)] 525805K->126989K(1073856K), 0.0059150 secs] [Times: user=0.02 sys=0.00, real=0.01 secs] 
2014-07-07T21:20:53.277+0000: 1555.297: [GC [PSYoungGen: 386848K->224K(375360K)] 513677K->127109K(1062336K), 0.0065620 secs] [Times: user=0.01 sys=0.00, real=0.00 secs] 
2014-07-07T21:20:54.092+0000: 1556.112: [GC [PSYoungGen: 375328K->128K(364160K)] 502213K->127037K(1051136K), 0.0030500 secs] [Times: user=0.01 sys=0.00, real=0.00 secs] 
2014-07-07T21:20:54.880+0000: 1556.900: [GC [PSYoungGen: 364085K->224K(353664K)] 490994K->127181K(1040640K), 0.0040420 secs] [Times: user=0.01 sys=0.00, real=0.00 secs] 
2014-07-07T21:20:55.647+0000: 1557.668: [GC [PSYoungGen: 353632K->160K(343424K)] 480589K->127181K(1030400K), 0.0146630 secs] [Times: user=0.05 sys=0.00, real=0.01 secs] 
2014-07-07T21:20:56.392+0000: 1558.413: [GC [PSYoungGen: 343392K->128K(333568K)] 470413K->127181K(1020544K), 0.0034810 secs] [Times: user=0.00 sys=0.00, real=0.00 secs] 
2014-07-07T21:20:57.120+0000: 1559.140: [GC [PSYoungGen: 333568K->192K(324288K)] 460621K->127277K(1011264K), 0.0050250 secs] [Times: user=0.02 sys=0.00, real=0.00 secs] 
2014-07-07T21:20:57.821+0000: 1559.841: [GC [PSYoungGen: 324288K->498K(315584K)] 451373K->127615K(1002560K), 0.0063940 secs] [Times: user=0.01 sys=0.00, real=0.01 secs] 
2014-07-07T21:20:58.501+0000: 1560.521: [GC [PSYoungGen: 315570K->160K(306624K)] 442687K->127301K(993600K), 0.0103310 secs] [Times: user=0.03 sys=0.00, real=0.01 secs] 
2014-07-07T21:20:59.160+0000: 1561.180: [GC [PSYoungGen: 306568K->310K(368064K)] 433709K->127475K(1055040K), 0.0101020 secs] [Times: user=0.04 sys=0.00, real=0.01 secs] 
2014-07-07T21:20:59.955+0000: 1561.975: [GC [PSYoungGen: 367965K->210K(441600K)] 495130K->127399K(1128576K), 0.0126420 secs] [Times: user=0.05 sys=0.00, real=0.02 secs] 
2014-07-07T21:21:00.912+0000: 1562.932: [GC [PSYoungGen: 441554K->160K(529856K)] 568743K->127365K(1216832K), 0.0044260 secs] [Times: user=0.01 sys=0.00, real=0.01 secs] 
2014-07-07T21:21:02.066+0000: 1564.086: [GC [PSYoungGen: 529824K->306K(635968K)] 657029K->127535K(1322944K), 0.0115520 secs] [Times: user=0.04 sys=0.00, real=0.02 secs] 
2014-07-07T21:21:03.453+0000: 1565.473: [GC [PSYoungGen: 635954K->256K(613312K)] 763183K->127525K(1300288K), 0.0047920 secs] [Times: user=0.01 sys=0.00, real=0.01 secs] 
2014-07-07T21:21:04.778+0000: 1566.798: [GC [PSYoungGen: 613312K->416K(591936K)] 740581K->127709K(1278912K), 0.0116720 secs] [Times: user=0.04 sys=0.00, real=0.01 secs] 
2014-07-07T21:21:06.065+0000: 1568.085: [GC [PSYoungGen: 591892K->274K(571264K)] 719185K->127671K(1258240K), 0.0102540 secs] [Times: user=0.04 sys=0.00, real=0.01 secs] 
2014-07-07T21:21:07.302+0000: 1569.322: [GC [PSYoungGen: 571218K->224K(551552K)] 698615K->127685K(1238528K), 0.0090520 secs] [Times: user=0.03 sys=0.01, real=0.01 secs] 
2014-07-07T21:21:08.493+0000: 1570.513: [GC [PSYoungGen: 551520K->488K(533056K)] 678981K->128055K(1220032K), 0.0068560 secs] [Times: user=0.01 sys=0.00, real=0.01 secs] 
2014-07-07T21:21:09.644+0000: 1571.665: [GC [PSYoungGen: 533032K->192K(514816K)] 660599K->127791K(1201792K), 0.0088460 secs] [Times: user=0.03 sys=0.00, real=0.01 secs] 
2014-07-07T21:21:10.762+0000: 1572.782: [GC [PSYoungGen: 514816K->192K(497728K)] 642415K->127823K(1184704K), 0.0052290 secs] [Times: user=0.01 sys=0.00, real=0.00 secs] 
2014-07-07T21:21:11.836+0000: 1573.856: [GC [PSYoungGen: 497728K->256K(481408K)] 625359K->127935K(1168384K), 0.0200130 secs] [Times: user=0.07 sys=0.00, real=0.02 secs] 
2014-07-07T21:21:12.878+0000: 1574.899: [GC [PSYoungGen: 481408K->256K(465792K)] 609087K->127983K(1152768K), 0.0076400 secs] [Times: user=0.03 sys=0.00, real=0.00 secs] 
2014-07-07T21:21:13.890+0000: 1575.910: [GC [PSYoungGen: 465792K->192K(450752K)] 593519K->127935K(1137728K), 0.0041250 secs] [Times: user=0.01 sys=0.00, real=0.00 secs] 
2014-07-07T21:21:14.876+0000: 1576.896: [GC [PSYoungGen: 450752K->320K(436608K)] 578495K->128111K(1123584K), 0.0039160 secs] [Times: user=0.01 sys=0.00, real=0.01 secs] 
2014-07-07T21:21:15.827+0000: 1577.847: [GC [PSYoungGen: 436608K->502K(423104K)] 564399K->128525K(1110080K), 0.0050370 secs] [Times: user=0.01 sys=0.01, real=0.01 secs] 
2014-07-07T21:21:16.738+0000: 1578.759: [GC [PSYoungGen: 423094K->306K(409792K)] 551117K->128377K(1096768K), 0.0103270 secs] [Times: user=0.04 sys=0.00, real=0.01 secs] 
2014-07-07T21:21:17.623+0000: 1579.643: [GC [PSYoungGen: 409778K->288K(491712K)] 537849K->128447K(1178688K), 0.0285430 secs] [Times: user=0.10 sys=0.01, real=0.03 secs] 
2014-07-07T21:21:18.695+0000: 1580.715: [GC [PSYoungGen: 491680K->306K(590016K)] 619839K->128489K(1276992K), 0.0145390 secs] [Times: user=0.05 sys=0.00, real=0.02 secs] 
2014-07-07T21:21:19.971+0000: 1581.991: [GC [PSYoungGen: 590002K->260K(707968K)] 718185K->128467K(1394944K), 0.0034330 secs] [Times: user=0.01 sys=0.00, real=0.00 secs] 
2014-07-07T21:21:21.502+0000: 1583.522: [GC [PSYoungGen: 707908K->320K(682048K)] 836115K->128551K(1369024K), 0.0035870 secs] [Times: user=0.01 sys=0.00, real=0.00 secs] 
2014-07-07T21:21:22.975+0000: 1584.995: [GC [PSYoungGen: 682048K->570K(818688K)] 810279K->128841K(1505664K), 0.0270720 secs] [Times: user=0.10 sys=0.00, real=0.03 secs] 
2014-07-07T21:21:24.751+0000: 1586.772: [GC [PSYoungGen: 818682K->384K(787392K)] 946953K->128703K(1474368K), 0.0118300 secs] [Times: user=0.04 sys=0.01, real=0.01 secs] 
2014-07-07T21:21:26.450+0000: 1588.470: [GC [PSYoungGen: 787388K->352K(757760K)] 915708K->128783K(1444736K), 0.0076800 secs] [Times: user=0.03 sys=0.00, real=0.01 secs] 
2014-07-07T21:21:28.100+0000: 1590.120: [GC [PSYoungGen: 757728K->160K(729344K)] 886159K->128655K(1416320K), 0.0135020 secs] [Times: user=0.05 sys=0.00, real=0.01 secs] 
2014-07-07T21:21:29.681+0000: 1591.701: [GC [PSYoungGen: 729312K->256K(702528K)] 857807K->128791K(1389504K), 0.0046450 secs] [Times: user=0.01 sys=0.00, real=0.00 secs] 
2014-07-07T21:21:31.197+0000: 1593.217: [GC [PSYoungGen: 702528K->324K(676992K)] 831063K->128891K(1363968K), 0.0149070 secs] [Times: user=0.05 sys=0.00, real=0.02 secs] 
2014-07-07T21:21:32.672+0000: 1594.692: [GC [PSYoungGen: 676932K->192K(652352K)] 805499K->128775K(1339328K), 0.0045900 secs] [Times: user=0.01 sys=0.00, real=0.00 secs] 
2014-07-07T21:21:34.087+0000: 1596.107: [GC [PSYoungGen: 652352K->506K(629312K)] 780935K->129113K(1316288K), 0.0037760 secs] [Times: user=0.01 sys=0.00, real=0.01 secs] 
2014-07-07T21:21:35.448+0000: 1597.468: [GC [PSYoungGen: 629306K->512K(607040K)] 757913K->129191K(1294016K), 0.0081360 secs] [Times: user=0.03 sys=0.00, real=0.01 secs] 
2014-07-07T21:21:36.761+0000: 1598.781: [GC [PSYoungGen: 607040K->224K(585536K)] 735719K->128967K(1272512K), 0.0117170 secs] [Times: user=0.04 sys=0.00, real=0.02 secs] 
2014-07-07T21:21:38.036+0000: 1600.056: [GC [PSYoungGen: 585504K->128K(565120K)] 714247K->128903K(1252096K), 0.0042630 secs] [Times: user=0.01 sys=0.00, real=0.00 secs] 
2014-07-07T21:21:39.263+0000: 1601.283: [GC [PSYoungGen: 565120K->128K(545728K)] 693895K->128935K(1232704K), 0.0065140 secs] [Times: user=0.01 sys=0.00, real=0.00 secs] 
2014-07-07T21:21:40.455+0000: 1602.475: [GC [PSYoungGen: 545728K->352K(527488K)] 674535K->129207K(1214464K), 0.0094100 secs] [Times: user=0.04 sys=0.00, real=0.01 secs] 
2014-07-07T21:21:41.589+0000: 1603.609: [GC [PSYoungGen: 527456K->480K(509952K)] 656311K->129359K(1196928K), 0.0064260 secs] [Times: user=0.01 sys=0.00, real=0.01 secs] 
2014-07-07T21:21:42.698+0000: 1604.718: [GC [PSYoungGen: 509920K->324K(492928K)] 638799K->129227K(1179904K), 0.0034550 secs] [Times: user=0.00 sys=0.00, real=0.00 secs] 
2014-07-07T21:21:43.775+0000: 1605.795: [GC [PSYoungGen: 492868K->402K(591552K)] 621771K->129337K(1278528K), 0.0295040 secs] [Times: user=0.11 sys=0.00, real=0.03 secs] 
2014-07-07T21:21:45.066+0000: 1607.086: [GC [PSYoungGen: 591506K->256K(570816K)] 720441K->129247K(1257792K), 0.0096230 secs] [Times: user=0.03 sys=0.00, real=0.01 secs] 
2014-07-07T21:21:46.296+0000: 1608.316: [GC [PSYoungGen: 570816K->192K(551104K)] 699807K->129271K(1238080K), 0.0064730 secs] [Times: user=0.02 sys=0.00, real=0.00 secs] 
2014-07-07T21:21:47.493+0000: 1609.513: [GC [PSYoungGen: 551055K->224K(532416K)] 680134K->129351K(1219392K), 0.0045950 secs] [Times: user=0.01 sys=0.01, real=0.01 secs] 
2014-07-07T21:21:48.641+0000: 1610.661: [GC [PSYoungGen: 532329K->306K(514560K)] 661456K->129465K(1201536K), 0.0046100 secs] [Times: user=0.01 sys=0.00, real=0.01 secs] 
2014-07-07T21:21:49.753+0000: 1611.773: [GC [PSYoungGen: 514546K->274K(497472K)] 643705K->129449K(1184448K), 0.0041140 secs] [Times: user=0.01 sys=0.00, real=0.01 secs] 
2014-07-07T21:21:50.829+0000: 1612.849: [GC [PSYoungGen: 497372K->548K(481408K)] 626547K->129755K(1168384K), 0.0066620 secs] [Times: user=0.01 sys=0.00, real=0.01 secs] 
2014-07-07T21:21:51.872+0000: 1613.892: [GC [PSYoungGen: 481380K->320K(465536K)] 610587K->129711K(1152512K), 0.0052620 secs] [Times: user=0.01 sys=0.00, real=0.01 secs] 
2014-07-07T21:21:52.877+0000: 1614.897: [GC [PSYoungGen: 465536K->338K(450688K)] 594927K->129753K(1137664K), 0.0042720 secs] [Times: user=0.01 sys=0.01, real=0.00 secs] 
2014-07-07T21:21:53.853+0000: 1615.873: [GC [PSYoungGen: 450642K->320K(436352K)] 580057K->129815K(1123328K), 0.0076170 secs] [Times: user=0.01 sys=0.01, real=0.01 secs] 
2014-07-07T21:21:54.801+0000: 1616.821: [GC [PSYoungGen: 436352K->224K(422592K)] 565847K->129767K(1109568K), 0.0213930 secs] [Times: user=0.07 sys=0.00, real=0.02 secs] 
2014-07-07T21:21:55.719+0000: 1617.739: [GC [PSYoungGen: 422500K->256K(507072K)] 552043K->129871K(1194048K), 0.0101630 secs] [Times: user=0.03 sys=0.00, real=0.01 secs] 
2014-07-07T21:21:56.826+0000: 1618.846: [GC [PSYoungGen: 507063K->192K(490240K)] 636678K->129847K(1177216K), 0.0044390 secs] [Times: user=0.01 sys=0.01, real=0.00 secs] 
2014-07-07T21:21:57.892+0000: 1619.912: [GC [PSYoungGen: 490240K->256K(474304K)] 619895K->129959K(1161280K), 0.0153060 secs] [Times: user=0.06 sys=0.00, real=0.02 secs] 
2014-07-07T21:21:58.919+0000: 1620.939: [GC [PSYoungGen: 474243K->356K(459136K)] 603946K->130091K(1146112K), 0.0102480 secs] [Times: user=0.03 sys=0.01, real=0.01 secs] 
2014-07-07T21:21:59.911+0000: 1621.931: [GC [PSYoungGen: 459108K->416K(444544K)] 588843K->130207K(1131520K), 0.0041020 secs] [Times: user=0.01 sys=0.00, real=0.01 secs] 
2014-07-07T21:22:00.870+0000: 1622.890: [GC [PSYoungGen: 444512K->192K(533120K)] 574303K->130015K(1220096K), 0.0293540 secs] [Times: user=0.10 sys=0.00, real=0.03 secs] 
2014-07-07T21:22:02.025+0000: 1624.045: [GC [PSYoungGen: 533120K->192K(639744K)] 662943K->130047K(1326720K), 0.0083010 secs] [Times: user=0.03 sys=0.01, real=0.01 secs] 
2014-07-07T21:22:03.412+0000: 1625.432: [GC [PSYoungGen: 639744K->256K(767744K)] 769599K->130143K(1454720K), 0.0071400 secs] [Times: user=0.01 sys=0.00, real=0.01 secs] 
2014-07-07T21:22:05.083+0000: 1627.103: [GC [PSYoungGen: 767744K->530K(739392K)] 897631K->130465K(1426368K), 0.0105840 secs] [Times: user=0.03 sys=0.00, real=0.01 secs] 
2014-07-07T21:22:06.684+0000: 1628.704: [GC [PSYoungGen: 739342K->466K(712000K)] 869277K->130513K(1398976K), 0.0076220 secs] [Times: user=0.01 sys=0.00, real=0.01 secs] 
2014-07-07T21:22:08.219+0000: 1630.239: [GC [PSYoungGen: 711954K->128K(685504K)] 842001K->130207K(1372480K), 0.0045230 secs] [Times: user=0.01 sys=0.00, real=0.00 secs] 
2014-07-07T21:22:09.703+0000: 1631.723: [GC [PSYoungGen: 685504K->192K(660672K)] 815583K->130303K(1347648K), 0.0042220 secs] [Times: user=0.01 sys=0.00, real=0.01 secs] 
2014-07-07T21:22:11.138+0000: 1633.158: [GC [PSYoungGen: 660672K->128K(636864K)] 790783K->130255K(1323840K), 0.0038390 secs] [Times: user=0.01 sys=0.00, real=0.00 secs] 
2014-07-07T21:22:12.517+0000: 1634.537: [GC [PSYoungGen: 636864K->224K(614336K)] 766991K->130383K(1301312K), 0.0069720 secs] [Times: user=0.02 sys=0.00, real=0.00 secs] 
2014-07-07T21:22:13.850+0000: 1635.870: [GC [PSYoungGen: 614304K->160K(592704K)] 744463K->130343K(1279680K), 0.0072580 secs] [Times: user=0.01 sys=0.00, real=0.01 secs] 
2014-07-07T21:22:15.137+0000: 1637.157: [GC [PSYoungGen: 592672K->242K(572160K)] 722855K->130473K(1259136K), 0.0127890 secs] [Times: user=0.05 sys=0.00, real=0.02 secs] 
2014-07-07T21:22:16.377+0000: 1638.397: [GC [PSYoungGen: 572146K->192K(552384K)] 702377K->130503K(1239360K), 0.0083530 secs] [Times: user=0.03 sys=0.00, real=0.01 secs] 
2014-07-07T21:22:17.576+0000: 1639.596: [GC [PSYoungGen: 552384K->320K(533696K)] 682695K->130687K(1220672K), 0.0095700 secs] [Times: user=0.03 sys=0.00, real=0.01 secs] 
2014-07-07T21:22:18.733+0000: 1640.753: [GC [PSYoungGen: 533619K->506K(515968K)] 663986K->130921K(1202944K), 0.0095820 secs] [Times: user=0.04 sys=0.00, real=0.01 secs] 
2014-07-07T21:22:19.858+0000: 1641.878: [GC [PSYoungGen: 515960K->384K(498688K)] 646376K->130855K(1185664K), 0.0066680 secs] [Times: user=0.01 sys=0.00, real=0.01 secs] 
2014-07-07T21:22:20.937+0000: 1642.957: [GC [PSYoungGen: 498688K->288K(482240K)] 629159K->130775K(1169216K), 0.0045560 secs] [Times: user=0.01 sys=0.00, real=0.01 secs] 
2014-07-07T21:22:21.973+0000: 1643.993: [GC [PSYoungGen: 482208K->388K(466688K)] 612695K->130923K(1153664K), 0.0187430 secs] [Times: user=0.07 sys=0.00, real=0.02 secs] 
2014-07-07T21:22:22.979+0000: 1644.999: [GC [PSYoungGen: 466628K->228K(451520K)] 597163K->130779K(1138496K), 0.0038630 secs] [Times: user=0.01 sys=0.00, real=0.00 secs] 
2014-07-07T21:22:23.957+0000: 1645.977: [GC [PSYoungGen: 451492K->324K(437312K)] 582043K->130899K(1124288K), 0.0110210 secs] [Times: user=0.04 sys=0.00, real=0.01 secs] 
2014-07-07T21:22:24.906+0000: 1646.927: [GC [PSYoungGen: 437239K->552K(524928K)] 567814K->131191K(1211904K), 0.0176780 secs] [Times: user=0.07 sys=0.00, real=0.02 secs] 
2014-07-07T21:22:26.046+0000: 1648.066: [GC [PSYoungGen: 524904K->224K(629504K)] 655543K->130927K(1316480K), 0.0101260 secs] [Times: user=0.04 sys=0.00, real=0.01 secs] 
2014-07-07T21:22:27.411+0000: 1649.432: [GC [PSYoungGen: 629467K->192K(607168K)] 760171K->130927K(1294144K), 0.0041600 secs] [Times: user=0.01 sys=0.00, real=0.00 secs] 
2014-07-07T21:22:28.730+0000: 1650.750: [GC [PSYoungGen: 607168K->224K(585984K)] 737903K->130999K(1272960K), 0.0043750 secs] [Times: user=0.01 sys=0.00, real=0.01 secs] 
2014-07-07T21:22:30.001+0000: 1652.021: [GC [PSYoungGen: 585952K->224K(703168K)] 716727K->131047K(1390144K), 0.0275350 secs] [Times: user=0.10 sys=0.00, real=0.02 secs] 
2014-07-07T21:22:31.530+0000: 1653.550: [GC [PSYoungGen: 703074K->474K(677760K)] 833897K->131329K(1364736K), 0.0040580 secs] [Times: user=0.01 sys=0.00, real=0.00 secs] 
2014-07-07T21:22:32.993+0000: 1655.013: [GC [PSYoungGen: 677722K->256K(652992K)] 808577K->131151K(1339968K), 0.0145370 secs] [Times: user=0.06 sys=0.00, real=0.01 secs] 
2014-07-07T21:22:34.406+0000: 1656.426: [GC [PSYoungGen: 652992K->160K(629568K)] 783887K->131087K(1316544K), 0.0097210 secs] [Times: user=0.03 sys=0.00, real=0.01 secs] 
2014-07-07T21:22:35.772+0000: 1657.792: [GC [PSYoungGen: 629536K->338K(607488K)] 760463K->131337K(1294464K), 0.0054180 secs] [Times: user=0.01 sys=0.00, real=0.00 secs] 
2014-07-07T21:22:37.085+0000: 1659.105: [GC [PSYoungGen: 607442K->324K(586240K)] 738441K->131395K(1273216K), 0.0128130 secs] [Times: user=0.05 sys=0.00, real=0.01 secs] 
2014-07-07T21:22:38.358+0000: 1660.378: [GC [PSYoungGen: 586180K->160K(565760K)] 717251K->131263K(1252736K), 0.0053190 secs] [Times: user=0.01 sys=0.00, real=0.01 secs] 
2014-07-07T21:22:39.594+0000: 1661.614: [GC [PSYoungGen: 565686K->516K(546752K)] 696790K->131659K(1233728K), 0.0037870 secs] [Times: user=0.01 sys=0.00, real=0.00 secs] 
2014-07-07T21:22:40.777+0000: 1662.797: [GC [PSYoungGen: 546692K->242K(527936K)] 677835K->131425K(1214912K), 0.0093010 secs] [Times: user=0.03 sys=0.00, real=0.01 secs] 
2014-07-07T21:22:41.922+0000: 1663.942: [GC [PSYoungGen: 527921K->492K(510528K)] 659104K->131707K(1197504K), 0.0038190 secs] [Times: user=0.00 sys=0.00, real=0.01 secs] 
2014-07-07T21:22:43.027+0000: 1665.047: [GC [PSYoungGen: 510488K->160K(493312K)] 641703K->131415K(1180288K), 0.0080820 secs] [Times: user=0.03 sys=0.00, real=0.01 secs] 
2014-07-07T21:22:44.103+0000: 1666.123: [GC [PSYoungGen: 493269K->374K(477312K)] 624525K->131669K(1164288K), 0.0076340 secs] [Times: user=0.02 sys=0.01, real=0.00 secs] 
2014-07-07T21:22:45.134+0000: 1667.154: [GC [PSYoungGen: 477302K->160K(461696K)] 608597K->131519K(1148672K), 0.0111410 secs] [Times: user=0.04 sys=0.01, real=0.01 secs] 
2014-07-07T21:22:46.134+0000: 1668.154: [GC [PSYoungGen: 461664K->160K(446912K)] 593023K->131583K(1133888K), 0.0044730 secs] [Times: user=0.01 sys=0.00, real=0.00 secs] 
2014-07-07T21:22:47.106+0000: 1669.126: [GC [PSYoungGen: 446880K->324K(432960K)] 578303K->131787K(1119936K), 0.0053960 secs] [Times: user=0.01 sys=0.00, real=0.00 secs] 
2014-07-07T21:22:48.035+0000: 1670.055: [GC [PSYoungGen: 432900K->192K(419264K)] 564363K->131695K(1106240K), 0.0084000 secs] [Times: user=0.03 sys=0.00, real=0.01 secs] 
2014-07-07T21:22:48.950+0000: 1670.970: [GC [PSYoungGen: 419264K->288K(503232K)] 550767K->131831K(1190208K), 0.0201490 secs] [Times: user=0.07 sys=0.00, real=0.02 secs] 
2014-07-07T21:22:50.041+0000: 1672.061: [GC [PSYoungGen: 503200K->224K(603776K)] 634743K->131791K(1290752K), 0.0229320 secs] [Times: user=0.08 sys=0.00, real=0.03 secs] 
2014-07-07T21:22:51.349+0000: 1673.369: [GC [PSYoungGen: 603744K->64K(724288K)] 735311K->131647K(1411264K), 0.0038660 secs] [Times: user=0.01 sys=0.00, real=0.00 secs] 
2014-07-07T21:22:52.915+0000: 1674.935: [GC [PSYoungGen: 724288K->306K(698112K)] 855871K->131905K(1385088K), 0.0045100 secs] [Times: user=0.01 sys=0.00, real=0.00 secs] 
2014-07-07T21:22:54.427+0000: 1676.447: [GC [PSYoungGen: 697842K->338K(672512K)] 829441K->131969K(1359488K), 0.0108350 secs] [Times: user=0.03 sys=0.00, real=0.01 secs] 
2014-07-07T21:22:55.877+0000: 1677.897: [GC [PSYoungGen: 672466K->256K(648128K)] 804097K->131959K(1335104K), 0.0054960 secs] [Times: user=0.01 sys=0.01, real=0.00 secs] 
2014-07-07T21:22:57.279+0000: 1679.299: [GC [PSYoungGen: 648128K->192K(624896K)] 779831K->131983K(1311872K), 0.0071760 secs] [Times: user=0.03 sys=0.00, real=0.01 secs] 
2014-07-07T21:22:58.628+0000: 1680.648: [GC [PSYoungGen: 624811K->370K(603008K)] 756602K->132225K(1289984K), 0.0107780 secs] [Times: user=0.03 sys=0.00, real=0.01 secs] 
2014-07-07T21:22:59.937+0000: 1681.957: [GC [PSYoungGen: 602994K->352K(581952K)] 734849K->132231K(1268928K), 0.0042030 secs] [Times: user=0.02 sys=0.00, real=0.00 secs] 
2014-07-07T21:23:01.194+0000: 1683.214: [GC [PSYoungGen: 581887K->242K(561728K)] 713766K->132145K(1248704K), 0.0035570 secs] [Times: user=0.01 sys=0.00, real=0.01 secs] 
2014-07-07T21:23:02.418+0000: 1684.439: [GC [PSYoungGen: 561714K->192K(542464K)] 693617K->132111K(1229440K), 0.0040890 secs] [Times: user=0.01 sys=0.00, real=0.00 secs] 
2014-07-07T21:23:03.587+0000: 1685.607: [GC [PSYoungGen: 542420K->424K(524352K)] 674339K->132359K(1211328K), 0.0305660 secs] [Times: user=0.09 sys=0.00, real=0.03 secs] 
2014-07-07T21:23:04.726+0000: 1686.746: [GC [PSYoungGen: 524328K->352K(506752K)] 656263K->132327K(1193728K), 0.0077560 secs] [Times: user=0.01 sys=0.00, real=0.00 secs] 
2014-07-07T21:23:05.825+0000: 1687.845: [GC [PSYoungGen: 506718K->288K(489920K)] 638693K->132367K(1176896K), 0.0087820 secs] [Times: user=0.02 sys=0.00, real=0.01 secs] 
2014-07-07T21:23:06.884+0000: 1688.904: [GC [PSYoungGen: 489888K->324K(587904K)] 621967K->132467K(1274880K), 0.0177500 secs] [Times: user=0.06 sys=0.00, real=0.02 secs] 
2014-07-07T21:23:08.162+0000: 1690.182: [GC [PSYoungGen: 587844K->502K(705536K)] 719987K->132773K(1392512K), 0.0104690 secs] [Times: user=0.02 sys=0.00, real=0.01 secs] 
2014-07-07T21:23:09.685+0000: 1691.705: [GC [PSYoungGen: 705526K->192K(679424K)] 837797K->132503K(1366400K), 0.0109230 secs] [Times: user=0.04 sys=0.00, real=0.01 secs] 
2014-07-07T21:23:11.164+0000: 1693.184: [GC [PSYoungGen: 679424K->338K(655040K)] 811735K->132705K(1342016K), 0.0032020 secs] [Times: user=0.01 sys=0.00, real=0.01 secs] 
2014-07-07T21:23:12.576+0000: 1694.596: [GC [PSYoungGen: 654994K->448K(631680K)] 787361K->132871K(1318656K), 0.0164130 secs] [Times: user=0.06 sys=0.00, real=0.02 secs] 
2014-07-07T21:23:13.950+0000: 1695.970: [GC [PSYoungGen: 631663K->448K(609280K)] 764087K->132911K(1296256K), 0.0082980 secs] [Times: user=0.03 sys=0.00, real=0.01 secs] 
2014-07-07T21:23:15.273+0000: 1697.293: [GC [PSYoungGen: 609280K->288K(587776K)] 741743K->132823K(1274752K), 0.0076390 secs] [Times: user=0.01 sys=0.00, real=0.01 secs] 
2014-07-07T21:23:16.554+0000: 1698.574: [GC [PSYoungGen: 587744K->224K(567360K)] 720279K->132839K(1254336K), 0.0144130 secs] [Times: user=0.05 sys=0.00, real=0.02 secs] 
2014-07-07T21:23:17.793+0000: 1699.814: [GC [PSYoungGen: 567299K->374K(548032K)] 699914K->133029K(1235008K), 0.0082540 secs] [Times: user=0.03 sys=0.00, real=0.01 secs] 
2014-07-07T21:23:18.986+0000: 1701.006: [GC [PSYoungGen: 548022K->192K(529280K)] 680677K->132895K(1216256K), 0.0118030 secs] [Times: user=0.03 sys=0.01, real=0.02 secs] 
2014-07-07T21:23:20.139+0000: 1702.159: [GC [PSYoungGen: 529279K->160K(511552K)] 661982K->132887K(1198528K), 0.0050810 secs] [Times: user=0.01 sys=0.00, real=0.00 secs] 
2014-07-07T21:23:21.251+0000: 1703.272: [GC [PSYoungGen: 511520K->342K(494784K)] 644247K->133101K(1181760K), 0.0096270 secs] [Times: user=0.04 sys=0.00, real=0.01 secs] 
2014-07-07T21:23:22.325+0000: 1704.345: [GC [PSYoungGen: 494662K->210K(478464K)] 627422K->132985K(1165440K), 0.0044390 secs] [Times: user=0.01 sys=0.00, real=0.01 secs] 
2014-07-07T21:23:23.358+0000: 1705.378: [GC [PSYoungGen: 478418K->288K(463040K)] 611193K->133095K(1150016K), 0.0161620 secs] [Times: user=0.06 sys=0.00, real=0.02 secs] 
2014-07-07T21:23:24.363+0000: 1706.383: [GC [PSYoungGen: 462997K->456K(555776K)] 595804K->133295K(1242752K), 0.0182570 secs] [Times: user=0.07 sys=0.00, real=0.02 secs] 
2014-07-07T21:23:25.564+0000: 1707.584: [GC [PSYoungGen: 555702K->224K(536576K)] 688542K->133135K(1223552K), 0.0076070 secs] [Times: user=0.02 sys=0.00, real=0.01 secs] 
2014-07-07T21:23:26.725+0000: 1708.746: [GC [PSYoungGen: 536544K->320K(518528K)] 669455K->133303K(1205504K), 0.0106350 secs] [Times: user=0.03 sys=0.00, real=0.01 secs] 
2014-07-07T21:23:27.852+0000: 1709.872: [GC [PSYoungGen: 518528K->256K(501184K)] 651511K->133287K(1188160K), 0.0090070 secs] [Times: user=0.03 sys=0.00, real=0.01 secs] 
2014-07-07T21:23:28.941+0000: 1710.961: [GC [PSYoungGen: 501184K->370K(484800K)] 634215K->133433K(1171776K), 0.0094390 secs] [Times: user=0.03 sys=0.00, real=0.01 secs] 
2014-07-07T21:23:29.987+0000: 1712.007: [GC [PSYoungGen: 484786K->224K(468864K)] 617849K->133311K(1155840K), 0.0039350 secs] [Times: user=0.01 sys=0.00, real=0.01 secs] 
2014-07-07T21:23:31.011+0000: 1713.031: [GC [PSYoungGen: 468832K->210K(453760K)] 601919K->133329K(1140736K), 0.0082800 secs] [Times: user=0.02 sys=0.00, real=0.01 secs] 
2014-07-07T21:23:31.998+0000: 1714.018: [GC [PSYoungGen: 453714K->128K(439232K)] 586833K->133279K(1126208K), 0.0084370 secs] [Times: user=0.03 sys=0.00, real=0.01 secs] 
2014-07-07T21:23:32.959+0000: 1714.980: [GC [PSYoungGen: 439206K->388K(425728K)] 572357K->133587K(1112704K), 0.0031640 secs] [Times: user=0.01 sys=0.00, real=0.00 secs] 
2014-07-07T21:23:33.875+0000: 1715.895: [GC [PSYoungGen: 425668K->192K(412288K)] 558867K->133407K(1099264K), 0.0043080 secs] [Times: user=0.00 sys=0.01, real=0.00 secs] 
2014-07-07T21:23:34.771+0000: 1716.791: [GC [PSYoungGen: 412288K->552K(400000K)] 545503K->133879K(1086976K), 0.0078640 secs] [Times: user=0.02 sys=0.00, real=0.00 secs] 
2014-07-07T21:23:35.636+0000: 1717.656: [GC [PSYoungGen: 399976K->192K(387520K)] 533303K->133583K(1074496K), 0.0048090 secs] [Times: user=0.01 sys=0.01, real=0.01 secs] 
2014-07-07T21:23:36.478+0000: 1718.498: [GC [PSYoungGen: 387446K->324K(376128K)] 520838K->133771K(1063104K), 0.0041660 secs] [Times: user=0.01 sys=0.00, real=0.01 secs] 
2014-07-07T21:23:37.293+0000: 1719.313: [GC [PSYoungGen: 376068K->374K(364992K)] 509515K->133845K(1051968K), 0.0115870 secs] [Times: user=0.04 sys=0.00, real=0.01 secs] 
2014-07-07T21:23:38.085+0000: 1720.105: [GC [PSYoungGen: 364982K->556K(354560K)] 498453K->134067K(1041536K), 0.0078200 secs] [Times: user=0.02 sys=0.00, real=0.01 secs] 
2014-07-07T21:23:38.851+0000: 1720.871: [GC [PSYoungGen: 354540K->438K(344192K)] 488051K->133981K(1031168K), 0.0113820 secs] [Times: user=0.04 sys=0.00, real=0.01 secs] 
2014-07-07T21:23:39.604+0000: 1721.624: [GC [PSYoungGen: 344177K->256K(334208K)] 477721K->133831K(1021184K), 0.0034680 secs] [Times: user=0.01 sys=0.00, real=0.00 secs] 
2014-07-07T21:23:40.323+0000: 1722.344: [GC [PSYoungGen: 334208K->338K(401152K)] 467783K->133937K(1088128K), 0.0149090 secs] [Times: user=0.05 sys=0.00, real=0.01 secs] 
2014-07-07T21:23:41.196+0000: 1723.216: [GC [PSYoungGen: 401106K->288K(481280K)] 534705K->133927K(1168256K), 0.0058330 secs] [Times: user=0.02 sys=0.00, real=0.01 secs] 
2014-07-07T21:23:42.244+0000: 1724.264: [GC [PSYoungGen: 481246K->288K(465664K)] 614885K->133975K(1152640K), 0.0064800 secs] [Times: user=0.02 sys=0.00, real=0.00 secs] 
2014-07-07T21:23:43.236+0000: 1725.256: [GC [PSYoungGen: 465632K->210K(450688K)] 599319K->133913K(1137664K), 0.0068580 secs] [Times: user=0.01 sys=0.00, real=0.01 secs] 
2014-07-07T21:23:44.211+0000: 1726.231: [GC [PSYoungGen: 450642K->224K(436416K)] 584345K->133959K(1123392K), 0.0131200 secs] [Times: user=0.05 sys=0.00, real=0.01 secs] 
2014-07-07T21:23:45.160+0000: 1727.180: [GC [PSYoungGen: 436384K->160K(422656K)] 570119K->133951K(1109632K), 0.0042790 secs] [Times: user=0.01 sys=0.00, real=0.01 secs] 
2014-07-07T21:23:46.081+0000: 1728.102: [GC [PSYoungGen: 422623K->178K(409600K)] 556415K->134017K(1096576K), 0.0048080 secs] [Times: user=0.01 sys=0.01, real=0.00 secs] 
2014-07-07T21:23:46.965+0000: 1728.985: [GC [PSYoungGen: 409586K->128K(396992K)] 543425K->133999K(1083968K), 0.0048480 secs] [Times: user=0.01 sys=0.00, real=0.00 secs] 
2014-07-07T21:23:47.832+0000: 1729.852: [GC [PSYoungGen: 396981K->292K(385216K)] 530852K->134203K(1072192K), 0.0076190 secs] [Times: user=0.02 sys=0.00, real=0.00 secs] 
2014-07-07T21:23:48.669+0000: 1730.689: [GC [PSYoungGen: 385188K->320K(373696K)] 519099K->134255K(1060672K), 0.0077010 secs] [Times: user=0.02 sys=0.00, real=0.01 secs] 
2014-07-07T21:23:49.477+0000: 1731.497: [GC [PSYoungGen: 373696K->210K(362624K)] 507631K->134169K(1049600K), 0.0089350 secs] [Times: user=0.03 sys=0.00, real=0.01 secs] 
2014-07-07T21:23:50.267+0000: 1732.287: [GC [PSYoungGen: 362578K->352K(352192K)] 496537K->134359K(1039168K), 0.0066310 secs] [Times: user=0.02 sys=0.01, real=0.01 secs] 
2014-07-07T21:23:51.029+0000: 1733.049: [GC [PSYoungGen: 352119K->456K(342208K)] 486127K->134495K(1029184K), 0.0077360 secs] [Times: user=0.03 sys=0.00, real=0.01 secs] 
2014-07-07T21:23:51.770+0000: 1733.790: [GC [PSYoungGen: 342152K->178K(332160K)] 476191K->134233K(1019136K), 0.0042780 secs] [Times: user=0.01 sys=0.00, real=0.01 secs] 
2014-07-07T21:23:52.494+0000: 1734.514: [GC [PSYoungGen: 332073K->324K(323008K)] 466129K->134395K(1009984K), 0.0075930 secs] [Times: user=0.02 sys=0.00, real=0.00 secs] 
2014-07-07T21:23:53.196+0000: 1735.216: [GC [PSYoungGen: 322864K->192K(313856K)] 456935K->134287K(1000832K), 0.0055360 secs] [Times: user=0.02 sys=0.00, real=0.00 secs] 
2014-07-07T21:23:53.883+0000: 1735.903: [GC [PSYoungGen: 313856K->562K(305664K)] 447951K->134713K(992640K), 0.0086100 secs] [Times: user=0.01 sys=0.01, real=0.00 secs] 
2014-07-07T21:23:54.543+0000: 1736.563: [GC [PSYoungGen: 305650K->224K(297088K)] 439801K->134455K(984064K), 0.0044950 secs] [Times: user=0.01 sys=0.00, real=0.00 secs] 
2014-07-07T21:23:55.182+0000: 1737.202: [GC [PSYoungGen: 297056K->64K(288960K)] 431287K->134343K(975936K), 0.0037830 secs] [Times: user=0.00 sys=0.00, real=0.01 secs] 
2014-07-07T21:23:55.809+0000: 1737.830: [GC [PSYoungGen: 288885K->534K(347264K)] 423164K->134869K(1034240K), 0.0274600 secs] [Times: user=0.09 sys=0.00, real=0.03 secs] 
2014-07-07T21:23:56.569+0000: 1738.589: [GC [PSYoungGen: 347222K->420K(416512K)] 481557K->134787K(1103488K), 0.0047450 secs] [Times: user=0.01 sys=0.00, real=0.01 secs] 
2014-07-07T21:23:57.476+0000: 1739.496: [GC [PSYoungGen: 416484K->192K(499520K)] 550851K->134591K(1186496K), 0.0041680 secs] [Times: user=0.00 sys=0.00, real=0.00 secs] 
2014-07-07T21:23:58.567+0000: 1740.587: [GC [PSYoungGen: 499520K->256K(483136K)] 633919K->134679K(1170112K), 0.0037380 secs] [Times: user=0.01 sys=0.00, real=0.00 secs] 
2014-07-07T21:23:59.620+0000: 1741.640: [GC [PSYoungGen: 483136K->274K(467520K)] 617559K->134745K(1154496K), 0.0065230 secs] [Times: user=0.01 sys=0.00, real=0.01 secs] 
2014-07-07T21:24:00.639+0000: 1742.659: [GC [PSYoungGen: 467474K->324K(452544K)] 601945K->134819K(1139520K), 0.0076640 secs] [Times: user=0.03 sys=0.00, real=0.01 secs] 
2014-07-07T21:24:01.624+0000: 1743.644: [GC [PSYoungGen: 452443K->338K(438144K)] 586938K->134865K(1125120K), 0.0119540 secs] [Times: user=0.04 sys=0.00, real=0.02 secs] 
2014-07-07T21:24:02.581+0000: 1744.601: [GC [PSYoungGen: 438096K->338K(424384K)] 572623K->134889K(1111360K), 0.0103740 secs] [Times: user=0.04 sys=0.00, real=0.01 secs] 
2014-07-07T21:24:03.504+0000: 1745.524: [GC [PSYoungGen: 424331K->128K(410944K)] 558883K->134711K(1097920K), 0.0046820 secs] [Times: user=0.02 sys=0.00, real=0.01 secs] 
2014-07-07T21:24:04.394+0000: 1746.414: [GC [PSYoungGen: 410944K->288K(398528K)] 545527K->134895K(1085504K), 0.0097910 secs] [Times: user=0.03 sys=0.00, real=0.01 secs] 
2014-07-07T21:24:05.255+0000: 1747.276: [GC [PSYoungGen: 398496K->406K(386624K)] 533103K->135069K(1073600K), 0.0058170 secs] [Times: user=0.01 sys=0.00, real=0.00 secs] 
2014-07-07T21:24:06.097+0000: 1748.117: [GC [PSYoungGen: 386582K->192K(374848K)] 521245K->134919K(1061824K), 0.0070330 secs] [Times: user=0.03 sys=0.00, real=0.01 secs] 
2014-07-07T21:24:06.914+0000: 1748.934: [GC [PSYoungGen: 374848K->320K(363904K)] 509575K->135079K(1050880K), 0.0046550 secs] [Times: user=0.01 sys=0.00, real=0.01 secs] 
2014-07-07T21:24:07.702+0000: 1749.722: [GC [PSYoungGen: 363904K->128K(353088K)] 498663K->134911K(1040064K), 0.0057380 secs] [Times: user=0.01 sys=0.00, real=0.01 secs] 
2014-07-07T21:24:08.472+0000: 1750.492: [GC [PSYoungGen: 353088K->192K(342976K)] 487871K->134999K(1029952K), 0.0102250 secs] [Times: user=0.04 sys=0.00, real=0.01 secs] 
2014-07-07T21:24:09.214+0000: 1751.234: [GC [PSYoungGen: 342976K->192K(333248K)] 477783K->135015K(1020224K), 0.0048750 secs] [Times: user=0.01 sys=0.00, real=0.01 secs] 
2014-07-07T21:24:09.937+0000: 1751.958: [GC [PSYoungGen: 333178K->424K(400128K)] 468002K->135271K(1087104K), 0.0114120 secs] [Times: user=0.04 sys=0.00, real=0.01 secs] 
2014-07-07T21:24:10.800+0000: 1752.821: [GC [PSYoungGen: 400104K->370K(387968K)] 534951K->135233K(1074944K), 0.0048590 secs] [Times: user=0.01 sys=0.00, real=0.01 secs] 
2014-07-07T21:24:11.640+0000: 1753.660: [GC [PSYoungGen: 387954K->374K(376384K)] 522817K->135357K(1063360K), 0.0057320 secs] [Times: user=0.01 sys=0.00, real=0.01 secs] 
2014-07-07T21:24:12.459+0000: 1754.479: [GC [PSYoungGen: 376310K->392K(365312K)] 511293K->135391K(1052288K), 0.0045470 secs] [Times: user=0.01 sys=0.00, real=0.00 secs] 
2014-07-07T21:24:13.248+0000: 1755.268: [GC [PSYoungGen: 365256K->242K(354432K)] 500255K->135289K(1041408K), 0.0103690 secs] [Times: user=0.04 sys=0.00, real=0.01 secs] 
2014-07-07T21:24:14.024+0000: 1756.044: [GC [PSYoungGen: 354413K->224K(344192K)] 489461K->135287K(1031168K), 0.0064670 secs] [Times: user=0.01 sys=0.00, real=0.01 secs] 
2014-07-07T21:24:14.768+0000: 1756.788: [GC [PSYoungGen: 344115K->360K(334528K)] 479179K->135479K(1021504K), 0.0047510 secs] [Times: user=0.00 sys=0.01, real=0.00 secs] 
2014-07-07T21:24:15.494+0000: 1757.514: [GC [PSYoungGen: 334504K->402K(401472K)] 469623K->135577K(1088448K), 0.0244340 secs] [Times: user=0.08 sys=0.00, real=0.03 secs] 
2014-07-07T21:24:16.366+0000: 1758.386: [GC [PSYoungGen: 401426K->256K(481536K)] 536601K->135479K(1168512K), 0.0076500 secs] [Times: user=0.01 sys=0.00, real=0.00 secs] 
2014-07-07T21:24:17.412+0000: 1759.432: [GC [PSYoungGen: 481536K->224K(577792K)] 616759K->135487K(1264768K), 0.0109920 secs] [Times: user=0.04 sys=0.00, real=0.01 secs] 
2014-07-07T21:24:18.672+0000: 1760.693: [GC [PSYoungGen: 577760K->320K(693376K)] 713023K->135599K(1380352K), 0.0050450 secs] [Times: user=0.01 sys=0.00, real=0.01 secs] 
2014-07-07T21:24:20.176+0000: 1762.196: [GC [PSYoungGen: 693348K->338K(668224K)] 828628K->135657K(1355200K), 0.0083980 secs] [Times: user=0.03 sys=0.00, real=0.01 secs] 
2014-07-07T21:24:21.625+0000: 1763.645: [GC [PSYoungGen: 668178K->242K(644032K)] 803497K->135577K(1331008K), 0.0044950 secs] [Times: user=0.01 sys=0.00, real=0.01 secs] 
2014-07-07T21:24:23.028+0000: 1765.048: [GC [PSYoungGen: 644018K->352K(621184K)] 779353K->135727K(1308160K), 0.0208220 secs] [Times: user=0.07 sys=0.00, real=0.02 secs] 
2014-07-07T21:24:24.372+0000: 1766.393: [GC [PSYoungGen: 621152K->192K(599104K)] 756527K->135591K(1286080K), 0.0126770 secs] [Times: user=0.05 sys=0.00, real=0.01 secs] 
2014-07-07T21:24:25.670+0000: 1767.690: [GC [PSYoungGen: 599104K->224K(578240K)] 734503K->135703K(1265216K), 0.0140180 secs] [Times: user=0.05 sys=0.01, real=0.01 secs] 
2014-07-07T21:24:26.933+0000: 1768.953: [GC [PSYoungGen: 578208K->224K(558272K)] 713687K->135775K(1245248K), 0.0057520 secs] [Times: user=0.01 sys=0.00, real=0.01 secs] 
2014-07-07T21:24:28.142+0000: 1770.162: [GC [PSYoungGen: 558240K->192K(539136K)] 693791K->135775K(1226112K), 0.0040900 secs] [Times: user=0.01 sys=0.00, real=0.00 secs] 
2014-07-07T21:24:29.309+0000: 1771.330: [GC [PSYoungGen: 539136K->160K(520960K)] 674719K->135759K(1207936K), 0.0039080 secs] [Times: user=0.01 sys=0.00, real=0.00 secs] 
2014-07-07T21:24:30.440+0000: 1772.460: [GC [PSYoungGen: 520928K->242K(503616K)] 656527K->135865K(1190592K), 0.0101370 secs] [Times: user=0.04 sys=0.00, real=0.01 secs] 
2014-07-07T21:24:31.541+0000: 1773.561: [GC [PSYoungGen: 503602K->288K(487040K)] 639225K->135951K(1174016K), 0.0153450 secs] [Times: user=0.04 sys=0.00, real=0.01 secs] 
2014-07-07T21:24:32.606+0000: 1774.626: [GC [PSYoungGen: 487008K->256K(471104K)] 622671K->135935K(1158080K), 0.0049040 secs] [Times: user=0.01 sys=0.00, real=0.01 secs] 
2014-07-07T21:24:33.624+0000: 1775.644: [GC [PSYoungGen: 471070K->320K(456000K)] 606750K->136031K(1142976K), 0.0070540 secs] [Times: user=0.01 sys=0.00, real=0.01 secs] 
2014-07-07T21:24:34.612+0000: 1776.632: [GC [PSYoungGen: 456000K->256K(441408K)] 591711K->135999K(1128384K), 0.0102240 secs] [Times: user=0.03 sys=0.00, real=0.01 secs] 
2014-07-07T21:24:35.578+0000: 1777.598: [GC [PSYoungGen: 441408K->320K(427584K)] 577151K->136151K(1114560K), 0.0082370 secs] [Times: user=0.03 sys=0.00, real=0.01 secs] 
2014-07-07T21:24:36.506+0000: 1778.526: [GC [PSYoungGen: 427584K->242K(414208K)] 563415K->136121K(1101184K), 0.0041660 secs] [Times: user=0.01 sys=0.00, real=0.01 secs] 
2014-07-07T21:24:37.407+0000: 1779.427: [GC [PSYoungGen: 414190K->378K(401600K)] 550070K->136329K(1088576K), 0.0038160 secs] [Times: user=0.01 sys=0.00, real=0.01 secs] 
2014-07-07T21:24:38.280+0000: 1780.300: [GC [PSYoungGen: 401594K->160K(389248K)] 537545K->136127K(1076224K), 0.0038890 secs] [Times: user=0.00 sys=0.00, real=0.00 secs] 
2014-07-07T21:24:39.126+0000: 1781.146: [GC [PSYoungGen: 389216K->292K(377728K)] 525183K->136283K(1064704K), 0.0083710 secs] [Times: user=0.01 sys=0.00, real=0.01 secs] 
2014-07-07T21:24:39.941+0000: 1781.961: [GC [PSYoungGen: 377700K->438K(366656K)] 513691K->136461K(1053632K), 0.0037510 secs] [Times: user=0.01 sys=0.00, real=0.00 secs] 
2014-07-07T21:24:40.741+0000: 1782.761: [GC [PSYoungGen: 366646K->160K(355712K)] 502669K->136207K(1042688K), 0.0079850 secs] [Times: user=0.03 sys=0.00, real=0.00 secs] 
2014-07-07T21:24:41.511+0000: 1783.531: [GC [PSYoungGen: 355680K->192K(345408K)] 491727K->136263K(1032384K), 0.0039170 secs] [Times: user=0.01 sys=0.00, real=0.00 secs] 
2014-07-07T21:24:42.261+0000: 1784.281: [GC [PSYoungGen: 345408K->224K(335616K)] 481479K->136327K(1022592K), 0.0112940 secs] [Times: user=0.04 sys=0.00, real=0.01 secs] 
2014-07-07T21:24:42.992+0000: 1785.012: [GC [PSYoungGen: 335577K->306K(402752K)] 471680K->136433K(1089728K), 0.0293940 secs] [Times: user=0.10 sys=0.00, real=0.03 secs] 
2014-07-07T21:24:43.864+0000: 1785.884: [GC [PSYoungGen: 402738K->356K(483328K)] 538865K->136515K(1170304K), 0.0158390 secs] [Times: user=0.06 sys=0.01, real=0.02 secs] 
2014-07-07T21:24:44.916+0000: 1786.936: [GC [PSYoungGen: 483300K->406K(580032K)] 619459K->136613K(1267008K), 0.0049110 secs] [Times: user=0.01 sys=0.00, real=0.01 secs] 
2014-07-07T21:24:46.186+0000: 1788.207: [GC [PSYoungGen: 579990K->256K(695808K)] 716197K->136543K(1382784K), 0.0124280 secs] [Times: user=0.05 sys=0.00, real=0.01 secs] 
2014-07-07T21:24:47.697+0000: 1789.717: [GC [PSYoungGen: 695803K->438K(835136K)] 832091K->136773K(1522112K), 0.0108370 secs] [Times: user=0.04 sys=0.00, real=0.01 secs] 
2014-07-07T21:24:49.513+0000: 1791.533: [GC [PSYoungGen: 835126K->356K(1002048K)] 971461K->136747K(1689024K), 0.0215530 secs] [Times: user=0.06 sys=0.00, real=0.02 secs] 
2014-07-07T21:24:51.684+0000: 1793.704: [GC [PSYoungGen: 1001926K->320K(962176K)] 1138317K->136759K(1649152K), 0.0035530 secs] [Times: user=0.01 sys=0.00, real=0.00 secs] 
2014-07-07T21:24:53.768+0000: 1795.788: [GC [PSYoungGen: 962176K->274K(924288K)] 1098615K->136761K(1611264K), 0.0061800 secs] [Times: user=0.01 sys=0.00, real=0.01 secs] 
2014-07-07T21:24:55.774+0000: 1797.794: [GC [PSYoungGen: 924242K->352K(888256K)] 1060729K->136887K(1575232K), 0.0055430 secs] [Times: user=0.01 sys=0.00, real=0.00 secs] 
2014-07-07T21:24:57.697+0000: 1799.717: [GC [PSYoungGen: 888158K->356K(853888K)] 1024694K->136995K(1540864K), 0.0206290 secs] [Times: user=0.08 sys=0.00, real=0.02 secs] 
2014-07-07T21:24:59.559+0000: 1801.579: [GC [PSYoungGen: 853860K->192K(820928K)] 990499K->136871K(1507904K), 0.0052800 secs] [Times: user=0.01 sys=0.00, real=0.01 secs] 
2014-07-07T21:25:01.338+0000: 1803.358: [GC [PSYoungGen: 820928K->192K(789760K)] 957607K->136911K(1476736K), 0.0069030 secs] [Times: user=0.02 sys=0.00, real=0.01 secs] 
2014-07-07T21:25:03.051+0000: 1805.071: [GC [PSYoungGen: 789760K->452K(760320K)] 926479K->137235K(1447296K), 0.0120540 secs] [Times: user=0.04 sys=0.00, real=0.02 secs] 
2014-07-07T21:25:04.707+0000: 1806.727: [GC [PSYoungGen: 760260K->320K(731776K)] 897043K->137135K(1418752K), 0.0073610 secs] [Times: user=0.01 sys=0.00, real=0.01 secs] 
2014-07-07T21:25:06.290+0000: 1808.310: [GC [PSYoungGen: 731776K->552K(705024K)] 868591K->137503K(1392000K), 0.0065670 secs] [Times: user=0.02 sys=0.01, real=0.01 secs] 
2014-07-07T21:25:07.821+0000: 1809.841: [GC [PSYoungGen: 704997K->224K(678976K)] 841948K->137271K(1365952K), 0.0088290 secs] [Times: user=0.04 sys=0.00, real=0.01 secs] 
2014-07-07T21:25:09.290+0000: 1811.310: [GC [PSYoungGen: 678944K->160K(654336K)] 815991K->137239K(1341312K), 0.0040300 secs] [Times: user=0.01 sys=0.00, real=0.00 secs] 
2014-07-07T21:25:10.718+0000: 1812.738: [GC [PSYoungGen: 654304K->320K(631040K)] 791383K->137447K(1318016K), 0.0063520 secs] [Times: user=0.01 sys=0.00, real=0.01 secs] 
2014-07-07T21:25:12.094+0000: 1814.114: [GC [PSYoungGen: 631040K->288K(608704K)] 768167K->137455K(1295680K), 0.0087310 secs] [Times: user=0.03 sys=0.00, real=0.01 secs] 
2014-07-07T21:25:13.414+0000: 1815.435: [GC [PSYoungGen: 608672K->192K(587264K)] 745839K->137391K(1274240K), 0.0047660 secs] [Times: user=0.01 sys=0.00, real=0.01 secs] 
2014-07-07T21:25:14.695+0000: 1816.715: [GC [PSYoungGen: 587264K->402K(567168K)] 724463K->137625K(1254144K), 0.0151870 secs] [Times: user=0.06 sys=0.00, real=0.02 secs] 
2014-07-07T21:25:15.913+0000: 1817.933: [GC [PSYoungGen: 567122K->288K(547584K)] 704345K->137599K(1234560K), 0.0062760 secs] [Times: user=0.01 sys=0.00, real=0.01 secs] 
2014-07-07T21:25:17.104+0000: 1819.124: [GC [PSYoungGen: 547552K->128K(528832K)] 684863K->137487K(1215808K), 0.0045770 secs] [Times: user=0.01 sys=0.00, real=0.01 secs] 
2014-07-07T21:25:18.260+0000: 1820.280: [GC [PSYoungGen: 528832K->256K(511232K)] 666191K->137655K(1198208K), 0.0123700 secs] [Times: user=0.04 sys=0.00, real=0.01 secs] 
2014-07-07T21:25:19.368+0000: 1821.388: [GC [PSYoungGen: 511232K->96K(494144K)] 648631K->137527K(1181120K), 0.0072400 secs] [Times: user=0.02 sys=0.01, real=0.00 secs] 
2014-07-07T21:25:20.438+0000: 1822.458: [GC [PSYoungGen: 494112K->274K(478144K)] 631543K->137737K(1165120K), 0.0080520 secs] [Times: user=0.03 sys=0.00, real=0.01 secs] 
2014-07-07T21:25:21.483+0000: 1823.503: [GC [PSYoungGen: 478098K->224K(462592K)] 615561K->137703K(1149568K), 0.0178270 secs] [Times: user=0.05 sys=0.00, real=0.02 secs] 
2014-07-07T21:25:22.487+0000: 1824.507: [GC [PSYoungGen: 462560K->192K(447744K)] 600039K->137687K(1134720K), 0.0050130 secs] [Times: user=0.01 sys=0.00, real=0.00 secs] 
2014-07-07T21:25:23.465+0000: 1825.485: [GC [PSYoungGen: 447744K->224K(433664K)] 585239K->137735K(1120640K), 0.0042520 secs] [Times: user=0.01 sys=0.00, real=0.01 secs] 
2014-07-07T21:25:24.412+0000: 1826.432: [GC [PSYoungGen: 433632K->192K(420032K)] 571143K->137743K(1107008K), 0.0060070 secs] [Times: user=0.03 sys=0.00, real=0.01 secs] 
2014-07-07T21:25:25.196+0000: 1827.217: [GC [PSYoungGen: 420032K->452K(407360K)] 557583K->138091K(1094336K), 0.0066670 secs] [Times: user=0.01 sys=0.00, real=0.01 secs] 
2014-07-07T21:25:25.906+0000: 1827.926: [GC [PSYoungGen: 407300K->288K(394752K)] 544939K->138007K(1081728K), 0.0068110 secs] [Times: user=0.02 sys=0.01, real=0.01 secs] 
2014-07-07T21:25:26.590+0000: 1828.610: [GC [PSYoungGen: 394720K->374K(382912K)] 532439K->138125K(1069888K), 0.0045630 secs] [Times: user=0.01 sys=0.00, real=0.00 secs] 
2014-07-07T21:25:27.277+0000: 1829.297: [GC [PSYoungGen: 382832K->360K(371520K)] 520583K->138207K(1058496K), 0.0061650 secs] [Times: user=0.02 sys=0.00, real=0.00 secs] 
2014-07-07T21:25:27.930+0000: 1829.950: [GC [PSYoungGen: 371496K->288K(445696K)] 509343K->138201K(1132672K), 0.0118150 secs] [Times: user=0.04 sys=0.00, real=0.01 secs] 
2014-07-07T21:25:28.715+0000: 1830.736: [GC [PSYoungGen: 445658K->274K(431616K)] 583571K->138227K(1118592K), 0.0037060 secs] [Times: user=0.01 sys=0.00, real=0.01 secs] 
2014-07-07T21:25:29.501+0000: 1831.521: [GC [PSYoungGen: 431570K->192K(418048K)] 569523K->138169K(1105024K), 0.0068060 secs] [Times: user=0.02 sys=0.00, real=0.01 secs] 
2014-07-07T21:25:30.261+0000: 1832.281: [GC [PSYoungGen: 418047K->224K(405248K)] 556024K->138225K(1092224K), 0.0104550 secs] [Times: user=0.03 sys=0.00, real=0.01 secs] 
2014-07-07T21:25:30.985+0000: 1833.005: [GC [PSYoungGen: 405216K->192K(392832K)] 543217K->138209K(1079808K), 0.0041800 secs] [Times: user=0.01 sys=0.00, real=0.01 secs] 
2014-07-07T21:25:31.672+0000: 1833.693: [GC [PSYoungGen: 392832K->352K(471552K)] 530849K->138385K(1158528K), 0.0134550 secs] [Times: user=0.04 sys=0.00, real=0.01 secs] 
2014-07-07T21:25:32.524+0000: 1834.544: [GC [PSYoungGen: 471520K->224K(456256K)] 609553K->138273K(1143232K), 0.0041700 secs] [Times: user=0.01 sys=0.00, real=0.00 secs] 
2014-07-07T21:25:33.364+0000: 1835.384: [GC [PSYoungGen: 456224K->356K(441856K)] 594273K->138453K(1128832K), 0.0077210 secs] [Times: user=0.02 sys=0.00, real=0.01 secs] 
2014-07-07T21:25:34.180+0000: 1836.200: [GC [PSYoungGen: 441827K->452K(530304K)] 579924K->138573K(1217280K), 0.0118310 secs] [Times: user=0.05 sys=0.00, real=0.01 secs] 
2014-07-07T21:25:35.137+0000: 1837.158: [GC [PSYoungGen: 530244K->192K(635968K)] 668365K->138557K(1322944K), 0.0194710 secs] [Times: user=0.07 sys=0.00, real=0.02 secs] 
2014-07-07T21:25:36.282+0000: 1838.302: [GC [PSYoungGen: 635964K->288K(763264K)] 774330K->138725K(1450240K), 0.0108880 secs] [Times: user=0.03 sys=0.00, real=0.01 secs] 
2014-07-07T21:25:37.614+0000: 1839.634: [GC [PSYoungGen: 763232K->224K(915840K)] 901669K->138733K(1602816K), 0.0088300 secs] [Times: user=0.04 sys=0.00, real=0.01 secs] 
2014-07-07T21:25:39.232+0000: 1841.252: [GC [PSYoungGen: 915808K->256K(880128K)] 1054317K->138797K(1567104K), 0.0051470 secs] [Times: user=0.01 sys=0.00, real=0.00 secs] 
2014-07-07T21:25:40.790+0000: 1842.811: [GC [PSYoungGen: 880089K->388K(846336K)] 1018631K->138961K(1533312K), 0.0067840 secs] [Times: user=0.02 sys=0.00, real=0.00 secs] 
2014-07-07T21:25:42.307+0000: 1844.327: [GC [PSYoungGen: 846276K->192K(813696K)] 984849K->138797K(1500672K), 0.0045640 secs] [Times: user=0.02 sys=0.00, real=0.01 secs] 
2014-07-07T21:25:43.725+0000: 1845.746: [GC [PSYoungGen: 813696K->320K(782976K)] 952301K->138957K(1469952K), 0.0034770 secs] [Times: user=0.01 sys=0.00, real=0.01 secs] 
2014-07-07T21:25:45.140+0000: 1847.160: [GC [PSYoungGen: 782976K->566K(753856K)] 921613K->139267K(1440832K), 0.0119000 secs] [Times: user=0.04 sys=0.00, real=0.01 secs] 
2014-07-07T21:25:46.466+0000: 1848.486: [GC [PSYoungGen: 753846K->256K(725504K)] 892547K->139077K(1412480K), 0.0035430 secs] [Times: user=0.01 sys=0.00, real=0.00 secs] 
2014-07-07T21:25:47.748+0000: 1849.768: [GC [PSYoungGen: 725504K->256K(698752K)] 864325K->139133K(1385728K), 0.0092150 secs] [Times: user=0.03 sys=0.00, real=0.01 secs] 
2014-07-07T21:25:48.999+0000: 1851.019: [GC [PSYoungGen: 698752K->352K(673408K)] 837629K->139277K(1360384K), 0.0250380 secs] [Times: user=0.09 sys=0.00, real=0.03 secs] 
2014-07-07T21:25:50.213+0000: 1852.233: [GC [PSYoungGen: 673372K->370K(649088K)] 812298K->139335K(1336064K), 0.0063310 secs] [Times: user=0.01 sys=0.00, real=0.00 secs] 
2014-07-07T21:25:51.370+0000: 1853.390: [GC [PSYoungGen: 649074K->160K(625728K)] 788039K->139157K(1312704K), 0.0063270 secs] [Times: user=0.02 sys=0.00, real=0.01 secs] 
2014-07-07T21:25:52.467+0000: 1854.487: [GC [PSYoungGen: 625696K->288K(603712K)] 764693K->139341K(1290688K), 0.0070680 secs] [Times: user=0.01 sys=0.00, real=0.01 secs] 
2014-07-07T21:25:53.560+0000: 1855.580: [GC [PSYoungGen: 603680K->566K(582848K)] 742733K->139651K(1269824K), 0.0071220 secs] [Times: user=0.01 sys=0.00, real=0.01 secs] 
2014-07-07T21:25:54.591+0000: 1856.612: [GC [PSYoungGen: 582838K->224K(562368K)] 721923K->139357K(1249344K), 0.0045460 secs] [Times: user=0.01 sys=0.00, real=0.00 secs] 
2014-07-07T21:25:55.604+0000: 1857.624: [GC [PSYoungGen: 562336K->498K(543360K)] 701469K->139735K(1230336K), 0.0145940 secs] [Times: user=0.04 sys=0.00, real=0.01 secs] 
2014-07-07T21:25:56.567+0000: 1858.587: [GC [PSYoungGen: 543297K->612K(525120K)] 682534K->139929K(1212096K), 0.0074770 secs] [Times: user=0.02 sys=0.00, real=0.01 secs] 
2014-07-07T21:25:57.495+0000: 1859.515: [GC [PSYoungGen: 525085K->178K(507136K)] 664402K->139599K(1194112K), 0.0046600 secs] [Times: user=0.01 sys=0.00, real=0.00 secs] 
2014-07-07T21:25:58.404+0000: 1860.424: [GC [PSYoungGen: 507122K->288K(490496K)] 646543K->139749K(1177472K), 0.0037730 secs] [Times: user=0.02 sys=0.00, real=0.00 secs] 
2014-07-07T21:25:59.269+0000: 1861.289: [GC [PSYoungGen: 490464K->224K(474432K)] 629925K->139709K(1161408K), 0.0063860 secs] [Times: user=0.00 sys=0.00, real=0.01 secs] 
2014-07-07T21:26:00.117+0000: 1862.137: [GC [PSYoungGen: 474400K->288K(459136K)] 613885K->139805K(1146112K), 0.0072900 secs] [Times: user=0.03 sys=0.00, real=0.01 secs] 
2014-07-07T21:26:00.953+0000: 1862.973: [GC [PSYoungGen: 459104K->320K(444480K)] 598621K->139861K(1131456K), 0.0037010 secs] [Times: user=0.01 sys=0.00, real=0.00 secs] 
2014-07-07T21:26:01.727+0000: 1863.748: [GC [PSYoungGen: 444480K->192K(430336K)] 584021K->139749K(1117312K), 0.0041820 secs] [Times: user=0.01 sys=0.01, real=0.00 secs] 
2014-07-07T21:26:02.481+0000: 1864.501: [GC [PSYoungGen: 430336K->192K(416896K)] 569893K->139773K(1103872K), 0.0089080 secs] [Times: user=0.03 sys=0.00, real=0.01 secs] 
2014-07-07T21:26:03.241+0000: 1865.261: [GC [PSYoungGen: 416896K->192K(500288K)] 556477K->139797K(1187264K), 0.0263650 secs] [Times: user=0.09 sys=0.00, real=0.03 secs] 
2014-07-07T21:26:04.142+0000: 1866.162: [GC [PSYoungGen: 500286K->434K(600576K)] 639891K->140071K(1287552K), 0.0124880 secs] [Times: user=0.05 sys=0.00, real=0.02 secs] 
2014-07-07T21:26:05.207+0000: 1867.227: [GC [PSYoungGen: 600562K->384K(720576K)] 740199K->140117K(1407552K), 0.0119260 secs] [Times: user=0.03 sys=0.00, real=0.01 secs] 
2014-07-07T21:26:06.489+0000: 1868.509: [GC [PSYoungGen: 720490K->384K(864640K)] 860223K->140197K(1551616K), 0.0066840 secs] [Times: user=0.03 sys=0.01, real=0.01 secs] 
2014-07-07T21:26:08.022+0000: 1870.042: [GC [PSYoungGen: 864640K->352K(831360K)] 1004453K->140237K(1518336K), 0.0048780 secs] [Times: user=0.01 sys=0.00, real=0.01 secs] 
2014-07-07T21:26:09.472+0000: 1871.492: [GC [PSYoungGen: 831328K->520K(799872K)] 971213K->140461K(1486848K), 0.0069370 secs] [Times: user=0.01 sys=0.00, real=0.01 secs] 
2014-07-07T21:26:10.909+0000: 1872.929: [GC [PSYoungGen: 799816K->640K(769728K)] 939757K->140621K(1456704K), 0.0182320 secs] [Times: user=0.07 sys=0.01, real=0.02 secs] 
2014-07-07T21:26:12.274+0000: 1874.294: [GC [PSYoungGen: 769720K->128K(740416K)] 909701K->140417K(1427392K), 0.0106250 secs] [Times: user=0.04 sys=0.00, real=0.02 secs] 
2014-07-07T21:26:13.563+0000: 1875.583: [GC [PSYoungGen: 740416K->384K(713664K)] 880705K->140737K(1400640K), 0.0111630 secs] [Times: user=0.03 sys=0.00, real=0.01 secs] 
2014-07-07T21:26:14.851+0000: 1876.872: [GC [PSYoungGen: 713280K->480K(687232K)] 853633K->140913K(1374208K), 0.0105050 secs] [Times: user=0.04 sys=0.00, real=0.01 secs] 
2014-07-07T21:26:16.086+0000: 1878.106: [GC [PSYoungGen: 687200K->548K(824640K)] 827633K->141101K(1511616K), 0.0350330 secs] [Times: user=0.13 sys=0.00, real=0.03 secs] 
2014-07-07T21:26:17.529+0000: 1879.549: [GC [PSYoungGen: 824612K->288K(989248K)] 965165K->140905K(1676224K), 0.0036070 secs] [Times: user=0.01 sys=0.00, real=0.00 secs] 
2014-07-07T21:26:19.265+0000: 1881.285: [GC [PSYoungGen: 989216K->256K(950016K)] 1129833K->140913K(1636992K), 0.0049260 secs] [Times: user=0.01 sys=0.00, real=0.00 secs] 
2014-07-07T21:26:20.960+0000: 1882.980: [GC [PSYoungGen: 949951K->256K(912704K)] 1090609K->140945K(1599680K), 0.0098940 secs] [Times: user=0.03 sys=0.00, real=0.01 secs] 
2014-07-07T21:26:22.604+0000: 1884.624: [GC [PSYoungGen: 912704K->470K(877440K)] 1053393K->141191K(1564416K), 0.0052640 secs] [Times: user=0.01 sys=0.00, real=0.01 secs] 
2014-07-07T21:26:24.178+0000: 1886.198: [GC [PSYoungGen: 877386K->438K(843520K)] 1018107K->141191K(1530496K), 0.0154710 secs] [Times: user=0.06 sys=0.00, real=0.01 secs] 
2014-07-07T21:26:25.688+0000: 1887.708: [GC [PSYoungGen: 843510K->480K(811328K)] 984263K->141313K(1498304K), 0.0072020 secs] [Times: user=0.03 sys=0.00, real=0.00 secs] 
2014-07-07T21:26:27.126+0000: 1889.146: [GC [PSYoungGen: 811291K->488K(780608K)] 952125K->141513K(1467584K), 0.0052870 secs] [Times: user=0.02 sys=0.00, real=0.00 secs] 
2014-07-07T21:26:28.480+0000: 1890.501: [GC [PSYoungGen: 780584K->192K(750976K)] 921609K->141265K(1437952K), 0.0041970 secs] [Times: user=0.01 sys=0.00, real=0.00 secs] 
2014-07-07T21:26:29.812+0000: 1891.832: [GC [PSYoungGen: 750976K->488K(723392K)] 892049K->141617K(1410368K), 0.0124060 secs] [Times: user=0.04 sys=0.00, real=0.01 secs] 
2014-07-07T21:26:31.104+0000: 1893.124: [GC [PSYoungGen: 723354K->502K(696768K)] 864483K->141655K(1383744K), 0.0036710 secs] [Times: user=0.01 sys=0.00, real=0.01 secs] 
2014-07-07T21:26:32.348+0000: 1894.368: [GC [PSYoungGen: 696758K->192K(671104K)] 837911K->141369K(1358080K), 0.0051910 secs] [Times: user=0.01 sys=0.00, real=0.00 secs] 
2014-07-07T21:26:33.523+0000: 1895.543: [GC [PSYoungGen: 671104K->256K(646976K)] 812281K->141449K(1333952K), 0.0044850 secs] [Times: user=0.01 sys=0.00, real=0.01 secs] 
2014-07-07T21:26:34.672+0000: 1896.692: [GC [PSYoungGen: 646976K->352K(624000K)] 788169K->141577K(1310976K), 0.0055190 secs] [Times: user=0.01 sys=0.00, real=0.01 secs] 
2014-07-07T21:26:35.758+0000: 1897.778: [GC [PSYoungGen: 623968K->192K(601792K)] 765193K->141513K(1288768K), 0.0045890 secs] [Times: user=0.01 sys=0.00, real=0.00 secs] 
2014-07-07T21:26:36.828+0000: 1898.848: [GC [PSYoungGen: 601750K->320K(580864K)] 743072K->141689K(1267840K), 0.0097080 secs] [Times: user=0.03 sys=0.01, real=0.01 secs] 
2014-07-07T21:26:37.862+0000: 1899.882: [GC [PSYoungGen: 580864K->484K(560960K)] 722233K->141909K(1247936K), 0.0211120 secs] [Times: user=0.08 sys=0.00, real=0.02 secs] 
2014-07-07T21:26:38.853+0000: 1900.873: [GC [PSYoungGen: 560932K->242K(541568K)] 702357K->141699K(1228544K), 0.0050580 secs] [Times: user=0.01 sys=0.00, real=0.00 secs] 
2014-07-07T21:26:39.816+0000: 1901.836: [GC [PSYoungGen: 541554K->192K(523200K)] 683011K->141673K(1210176K), 0.0106890 secs] [Times: user=0.04 sys=0.00, real=0.01 secs] 
2014-07-07T21:26:40.749+0000: 1902.769: [GC [PSYoungGen: 523200K->370K(628032K)] 664681K->141883K(1315008K), 0.0227510 secs] [Times: user=0.08 sys=0.00, real=0.02 secs] 
2014-07-07T21:26:41.867+0000: 1903.888: [GC [PSYoungGen: 628018K->466K(753728K)] 769531K->142019K(1440704K), 0.0081560 secs] [Times: user=0.03 sys=0.00, real=0.01 secs] 
2014-07-07T21:26:43.221+0000: 1905.241: [GC [PSYoungGen: 753682K->288K(725504K)] 895235K->141889K(1412480K), 0.0067060 secs] [Times: user=0.02 sys=0.00, real=0.01 secs] 
2014-07-07T21:26:44.494+0000: 1906.514: [GC [PSYoungGen: 725424K->402K(698944K)] 867025K->142043K(1385920K), 0.0121280 secs] [Times: user=0.04 sys=0.00, real=0.01 secs] 
2014-07-07T21:26:45.732+0000: 1907.752: [GC [PSYoungGen: 698898K->402K(673472K)] 840539K->142139K(1360448K), 0.0091150 secs] [Times: user=0.02 sys=0.00, real=0.01 secs] 
2014-07-07T21:26:46.929+0000: 1908.949: [GC [PSYoungGen: 673426K->498K(649216K)] 815163K->142307K(1336192K), 0.0084250 secs] [Times: user=0.01 sys=0.00, real=0.00 secs] 
2014-07-07T21:26:48.105+0000: 1910.125: [GC [PSYoungGen: 649202K->384K(625920K)] 791011K->142249K(1312896K), 0.0066860 secs] [Times: user=0.03 sys=0.00, real=0.01 secs] 
2014-07-07T21:26:49.230+0000: 1911.250: [GC [PSYoungGen: 625920K->324K(603776K)] 767785K->142229K(1290752K), 0.0036610 secs] [Times: user=0.01 sys=0.00, real=0.00 secs] 
2014-07-07T21:26:50.295+0000: 1912.316: [GC [PSYoungGen: 603716K->224K(724352K)] 745621K->142161K(1411328K), 0.0230230 secs] [Times: user=0.07 sys=0.00, real=0.02 secs] 
2014-07-07T21:26:51.561+0000: 1913.581: [GC [PSYoungGen: 724320K->192K(697600K)] 866257K->142161K(1384576K), 0.0039950 secs] [Times: user=0.02 sys=0.00, real=0.00 secs] 
2014-07-07T21:26:52.834+0000: 1914.855: [GC [PSYoungGen: 697600K->320K(672320K)] 839569K->142313K(1359296K), 0.0039590 secs] [Times: user=0.01 sys=0.00, real=0.00 secs] 
2014-07-07T21:26:54.021+0000: 1916.042: [GC [PSYoungGen: 672320K->320K(806720K)] 814313K->142345K(1493696K), 0.0273890 secs] [Times: user=0.08 sys=0.00, real=0.02 secs] 
2014-07-07T21:26:55.445+0000: 1917.465: [GC [PSYoungGen: 806720K->256K(967936K)] 948745K->142345K(1654912K), 0.0415860 secs] [Times: user=0.15 sys=0.00, real=0.04 secs] 
2014-07-07T21:26:57.197+0000: 1919.218: [GC [PSYoungGen: 967936K->484K(1161728K)] 1110025K->142677K(1848704K), 0.0068080 secs] [Times: user=0.03 sys=0.00, real=0.01 secs] 
2014-07-07T21:26:59.269+0000: 1921.289: [GC [PSYoungGen: 1161605K->324K(1114112K)] 1303799K->142573K(1801088K), 0.0043330 secs] [Times: user=0.01 sys=0.00, real=0.01 secs] 
2014-07-07T21:27:01.214+0000: 1923.234: [GC [PSYoungGen: 1114038K->356K(1068928K)] 1256288K->142653K(1755904K), 0.0044300 secs] [Times: user=0.01 sys=0.00, real=0.00 secs] 
2014-07-07T21:27:03.102+0000: 1925.122: [GC [PSYoungGen: 1068900K->374K(1025920K)] 1211197K->142695K(1712896K), 0.0039670 secs] [Times: user=0.01 sys=0.00, real=0.00 secs] 
2014-07-07T21:27:04.922+0000: 1926.942: [GC [PSYoungGen: 1025910K->352K(984960K)] 1168231K->142689K(1671936K), 0.0057130 secs] [Times: user=0.01 sys=0.00, real=0.00 secs] 
2014-07-07T21:27:06.660+0000: 1928.680: [GC [PSYoungGen: 984928K->438K(946048K)] 1127265K->142919K(1633024K), 0.0065460 secs] [Times: user=0.01 sys=0.00, real=0.01 secs] 
2014-07-07T21:27:08.347+0000: 1930.367: [GC [PSYoungGen: 946038K->256K(908736K)] 1088519K->142793K(1595712K), 0.0044500 secs] [Times: user=0.01 sys=0.00, real=0.00 secs] 
2014-07-07T21:27:09.975+0000: 1931.995: [GC [PSYoungGen: 908654K->616K(873792K)] 1051192K->143233K(1560768K), 0.0156420 secs] [Times: user=0.06 sys=0.00, real=0.01 secs] 
2014-07-07T21:27:11.492+0000: 1933.512: [GC [PSYoungGen: 873719K->488K(840000K)] 1016336K->143137K(1526976K), 0.0052050 secs] [Times: user=0.01 sys=0.00, real=0.01 secs] 
2014-07-07T21:27:12.977+0000: 1934.997: [GC [PSYoungGen: 839919K->306K(807744K)] 982568K->143035K(1494720K), 0.0080140 secs] [Times: user=0.02 sys=0.00, real=0.01 secs] 
2014-07-07T21:27:14.400+0000: 1936.420: [GC [PSYoungGen: 807709K->498K(777344K)] 950438K->143275K(1464320K), 0.0110860 secs] [Times: user=0.02 sys=0.00, real=0.01 secs] 
2014-07-07T21:27:15.788+0000: 1937.808: [GC [PSYoungGen: 777233K->498K(748224K)] 920010K->143395K(1435200K), 0.0084030 secs] [Times: user=0.02 sys=0.00, real=0.01 secs] 
2014-07-07T21:27:17.116+0000: 1939.136: [GC [PSYoungGen: 748210K->352K(720320K)] 891107K->143329K(1407296K), 0.0086640 secs] [Times: user=0.03 sys=0.00, real=0.01 secs] 
2014-07-07T21:27:18.369+0000: 1940.389: [GC [PSYoungGen: 720288K->160K(864128K)] 863265K->143177K(1551104K), 0.0379750 secs] [Times: user=0.14 sys=0.00, real=0.04 secs] 
2014-07-07T21:27:19.934+0000: 1941.954: [GC [PSYoungGen: 864096K->320K(1037056K)] 1007113K->143377K(1724032K), 0.0104530 secs] [Times: user=0.04 sys=0.00, real=0.02 secs] 
2014-07-07T21:27:21.743+0000: 1943.764: [GC [PSYoungGen: 1037056K->416K(995712K)] 1180113K->143505K(1682688K), 0.0072200 secs] [Times: user=0.01 sys=0.00, real=0.01 secs] 
2014-07-07T21:27:23.481+0000: 1945.501: [GC [PSYoungGen: 995680K->192K(955968K)] 1138769K->143305K(1642944K), 0.0043500 secs] [Times: user=0.01 sys=0.00, real=0.01 secs] 
2014-07-07T21:27:25.208+0000: 1947.228: [GC [PSYoungGen: 955966K->384K(918528K)] 1099079K->143545K(1605504K), 0.0048620 secs] [Times: user=0.01 sys=0.00, real=0.00 secs] 
2014-07-07T21:27:26.802+0000: 1948.822: [GC [PSYoungGen: 918528K->416K(882752K)] 1061689K->143721K(1569728K), 0.0127970 secs] [Times: user=0.04 sys=0.00, real=0.01 secs] 
2014-07-07T21:27:28.366+0000: 1950.386: [GC [PSYoungGen: 882720K->356K(848576K)] 1026025K->143709K(1535552K), 0.0154370 secs] [Times: user=0.05 sys=0.00, real=0.01 secs] 
2014-07-07T21:27:29.870+0000: 1951.891: [GC [PSYoungGen: 848548K->256K(815936K)] 991901K->143649K(1502912K), 0.0069510 secs] [Times: user=0.01 sys=0.00, real=0.01 secs] 
2014-07-07T21:27:31.296+0000: 1953.316: [GC [PSYoungGen: 815936K->192K(784896K)] 959329K->143617K(1471872K), 0.0114550 secs] [Times: user=0.04 sys=0.00, real=0.01 secs] 
2014-07-07T21:27:32.664+0000: 1954.684: [GC [PSYoungGen: 784896K->256K(755456K)] 928321K->143705K(1442432K), 0.0114920 secs] [Times: user=0.05 sys=0.00, real=0.01 secs] 
2014-07-07T21:27:34.003+0000: 1956.023: [GC [PSYoungGen: 755454K->288K(727424K)] 898903K->143753K(1414400K), 0.0049370 secs] [Times: user=0.01 sys=0.00, real=0.01 secs] 
2014-07-07T21:27:35.317+0000: 1957.337: [GC [PSYoungGen: 727392K->256K(700544K)] 870857K->143793K(1387520K), 0.0154100 secs] [Times: user=0.05 sys=0.00, real=0.01 secs] 
2014-07-07T21:27:36.549+0000: 1958.569: [GC [PSYoungGen: 700483K->338K(675136K)] 844020K->143971K(1362112K), 0.0047260 secs] [Times: user=0.01 sys=0.00, real=0.00 secs] 
2014-07-07T21:27:37.743+0000: 1959.763: [GC [PSYoungGen: 675090K->416K(650816K)] 818723K->144121K(1337792K), 0.0121390 secs] [Times: user=0.04 sys=0.01, real=0.01 secs] 
2014-07-07T21:27:38.887+0000: 1960.907: [GC [PSYoungGen: 650784K->288K(780800K)] 794489K->144041K(1467776K), 0.0275250 secs] [Times: user=0.10 sys=0.01, real=0.02 secs] 
2014-07-07T21:27:40.304+0000: 1962.324: [GC [PSYoungGen: 780724K->420K(937024K)] 924478K->144221K(1624000K), 0.0119880 secs] [Times: user=0.04 sys=0.00, real=0.01 secs] 
2014-07-07T21:27:41.940+0000: 1963.960: [GC [PSYoungGen: 936996K->338K(900288K)] 1080797K->144195K(1587264K), 0.0047330 secs] [Times: user=0.01 sys=0.00, real=0.00 secs] 
2014-07-07T21:27:43.500+0000: 1965.521: [GC [PSYoungGen: 900242K->192K(865152K)] 1044099K->144073K(1552128K), 0.0148990 secs] [Times: user=0.06 sys=0.00, real=0.01 secs] 
2014-07-07T21:27:45.073+0000: 1967.093: [GC [PSYoungGen: 865121K->516K(832256K)] 1009003K->144429K(1519232K), 0.0066070 secs] [Times: user=0.02 sys=0.00, real=0.01 secs] 
2014-07-07T21:27:46.523+0000: 1968.543: [GC [PSYoungGen: 832196K->320K(800256K)] 976109K->144353K(1487232K), 0.0096580 secs] [Times: user=0.04 sys=0.00, real=0.01 secs] 
2014-07-07T21:27:47.940+0000: 1969.960: [GC [PSYoungGen: 800256K->434K(960384K)] 944289K->144531K(1647360K), 0.0290030 secs] [Times: user=0.10 sys=0.01, real=0.03 secs] 
2014-07-07T21:27:49.639+0000: 1971.659: [GC [PSYoungGen: 960370K->370K(922496K)] 1104467K->144507K(1609472K), 0.0039560 secs] [Times: user=0.01 sys=0.00, real=0.00 secs] 
2014-07-07T21:27:51.268+0000: 1973.288: [GC [PSYoungGen: 922482K->324K(886464K)] 1066619K->144493K(1573440K), 0.0054360 secs] [Times: user=0.01 sys=0.00, real=0.01 secs] 
2014-07-07T21:27:52.820+0000: 1974.840: [GC [PSYoungGen: 886404K->384K(852160K)] 1030573K->144577K(1539136K), 0.0041350 secs] [Times: user=0.01 sys=0.00, real=0.00 secs] 
2014-07-07T21:27:54.328+0000: 1976.348: [GC [PSYoungGen: 852160K->338K(819520K)] 996353K->144563K(1506496K), 0.0046280 secs] [Times: user=0.01 sys=0.00, real=0.01 secs] 
2014-07-07T21:27:55.792+0000: 1977.812: [GC [PSYoungGen: 819402K->434K(788480K)] 963627K->144747K(1475456K), 0.0094530 secs] [Times: user=0.03 sys=0.00, real=0.01 secs] 
2014-07-07T21:27:57.202+0000: 1979.222: [GC [PSYoungGen: 788466K->320K(758720K)] 932779K->144729K(1445696K), 0.0196370 secs] [Times: user=0.06 sys=0.00, real=0.02 secs] 
2014-07-07T21:27:58.559+0000: 1980.579: [GC [PSYoungGen: 758720K->192K(910272K)] 903129K->144649K(1597248K), 0.0305290 secs] [Times: user=0.10 sys=0.00, real=0.03 secs] 
2014-07-07T21:28:00.197+0000: 1982.217: [GC [PSYoungGen: 910272K->306K(874944K)] 1054729K->144787K(1561920K), 0.0037310 secs] [Times: user=0.01 sys=0.00, real=0.01 secs] 
2014-07-07T21:28:01.732+0000: 1983.752: [GC [PSYoungGen: 874930K->288K(841216K)] 1019411K->144833K(1528192K), 0.0081330 secs] [Times: user=0.02 sys=0.00, real=0.01 secs] 
2014-07-07T21:28:03.218+0000: 1985.238: [GC [PSYoungGen: 841181K->466K(809280K)] 985727K->145059K(1496256K), 0.0059840 secs] [Times: user=0.03 sys=0.00, real=0.01 secs] 
2014-07-07T21:28:04.625+0000: 1986.645: [GC [PSYoungGen: 809234K->320K(778432K)] 953827K->144945K(1465408K), 0.0035900 secs] [Times: user=0.01 sys=0.01, real=0.00 secs] 
2014-07-07T21:28:06.026+0000: 1988.046: [GC [PSYoungGen: 778432K->338K(749312K)] 923057K->145059K(1436288K), 0.0279120 secs] [Times: user=0.09 sys=0.00, real=0.03 secs] 
2014-07-07T21:28:07.345+0000: 1989.365: [GC [PSYoungGen: 749226K->420K(721536K)] 893947K->145229K(1408512K), 0.0134480 secs] [Times: user=0.05 sys=0.00, real=0.01 secs] 
2014-07-07T21:28:08.622+0000: 1990.642: [GC [PSYoungGen: 721508K->338K(694912K)] 866317K->145179K(1381888K), 0.0069070 secs] [Times: user=0.01 sys=0.01, real=0.00 secs] 
2014-07-07T21:28:09.878+0000: 1991.898: [GC [PSYoungGen: 694866K->338K(669632K)] 839707K->145203K(1356608K), 0.0051360 secs] [Times: user=0.01 sys=0.00, real=0.01 secs] 
2014-07-07T21:28:11.087+0000: 1993.107: [GC [PSYoungGen: 669495K->388K(645568K)] 814360K->145277K(1332544K), 0.0131720 secs] [Times: user=0.05 sys=0.00, real=0.01 secs] 
2014-07-07T21:28:12.239+0000: 1994.259: [GC [PSYoungGen: 645503K->324K(622464K)] 790393K->145237K(1309440K), 0.0066500 secs] [Times: user=0.01 sys=0.00, real=0.01 secs] 
2014-07-07T21:28:13.327+0000: 1995.347: [GC [PSYoungGen: 622404K->242K(600384K)] 767317K->145293K(1287360K), 0.0067090 secs] [Times: user=0.03 sys=0.00, real=0.01 secs] 
2014-07-07T21:28:14.384+0000: 1996.404: [GC [PSYoungGen: 600370K->466K(579712K)] 745421K->145557K(1266688K), 0.0053440 secs] [Times: user=0.02 sys=0.00, real=0.00 secs] 
2014-07-07T21:28:15.420+0000: 1997.440: [GC [PSYoungGen: 579666K->310K(559488K)] 724757K->145725K(1246464K), 0.0045200 secs] [Times: user=0.01 sys=0.00, real=0.01 secs] 
2014-07-07T21:28:16.410+0000: 1998.430: [GC [PSYoungGen: 559478K->384K(540416K)] 704893K->145903K(1227392K), 0.0064250 secs] [Times: user=0.01 sys=0.00, real=0.01 secs] 
2014-07-07T21:28:17.384+0000: 1999.404: [GC [PSYoungGen: 540416K->466K(522304K)] 685935K->146073K(1209280K), 0.0070900 secs] [Times: user=0.02 sys=0.01, real=0.00 secs] 
2014-07-07T21:28:18.318+0000: 2000.338: [GC [PSYoungGen: 522258K->192K(504576K)] 667865K->145831K(1191552K), 0.0045470 secs] [Times: user=0.01 sys=0.00, real=0.00 secs] 
2014-07-07T21:28:19.204+0000: 2001.224: [GC [PSYoungGen: 504576K->288K(488064K)] 650215K->145983K(1175040K), 0.0165720 secs] [Times: user=0.05 sys=0.00, real=0.01 secs] 
2014-07-07T21:28:20.077+0000: 2002.097: [GC [PSYoungGen: 488032K->256K(472064K)] 633727K->145967K(1159040K), 0.0052350 secs] [Times: user=0.02 sys=0.00, real=0.00 secs] 
2014-07-07T21:28:20.919+0000: 2002.939: [GC [PSYoungGen: 471995K->274K(456896K)] 617707K->146009K(1143872K), 0.0033940 secs] [Times: user=0.01 sys=0.00, real=0.00 secs] 
2014-07-07T21:28:21.719+0000: 2003.739: [GC [PSYoungGen: 456847K->480K(442560K)] 602582K->146255K(1129536K), 0.0078170 secs] [Times: user=0.01 sys=0.00, real=0.01 secs] 
2014-07-07T21:28:22.510+0000: 2004.530: [GC [PSYoungGen: 442528K->306K(428416K)] 588303K->146105K(1115392K), 0.0102960 secs] [Times: user=0.03 sys=0.01, real=0.01 secs] 
2014-07-07T21:28:23.275+0000: 2005.295: [GC [PSYoungGen: 428402K->160K(414976K)] 574201K->145983K(1101952K), 0.0063290 secs] [Times: user=0.02 sys=0.00, real=0.00 secs] 
2014-07-07T21:28:24.012+0000: 2006.032: [GC [PSYoungGen: 414944K->498K(402560K)] 560767K->146353K(1089536K), 0.0074630 secs] [Times: user=0.02 sys=0.00, real=0.01 secs] 
2014-07-07T21:28:24.721+0000: 2006.741: [GC [PSYoungGen: 402546K->352K(482880K)] 548401K->146271K(1169856K), 0.0160420 secs] [Times: user=0.06 sys=0.00, real=0.02 secs] 
2014-07-07T21:28:25.604+0000: 2007.624: [GC [PSYoungGen: 482768K->434K(579456K)] 628688K->146409K(1266432K), 0.0097870 secs] [Times: user=0.04 sys=0.00, real=0.00 secs] 
2014-07-07T21:28:26.643+0000: 2008.663: [GC [PSYoungGen: 579442K->434K(695296K)] 725417K->146465K(1382272K), 0.0116510 secs] [Times: user=0.04 sys=0.00, real=0.02 secs] 
2014-07-07T21:28:27.882+0000: 2009.902: [GC [PSYoungGen: 695282K->356K(834240K)] 841313K->146435K(1521216K), 0.0087840 secs] [Times: user=0.03 sys=0.00, real=0.01 secs] 
2014-07-07T21:28:29.355+0000: 2011.376: [GC [PSYoungGen: 834212K->288K(802368K)] 980291K->146423K(1489344K), 0.0068890 secs] [Times: user=0.02 sys=0.00, real=0.00 secs] 
2014-07-07T21:28:30.775+0000: 2012.795: [GC [PSYoungGen: 802336K->288K(772032K)] 948471K->146471K(1459008K), 0.0132450 secs] [Times: user=0.05 sys=0.00, real=0.01 secs] 
2014-07-07T21:28:32.158+0000: 2014.178: [GC [PSYoungGen: 772000K->484K(743360K)] 918183K->146683K(1430336K), 0.0046730 secs] [Times: user=0.01 sys=0.00, real=0.00 secs] 
2014-07-07T21:28:33.507+0000: 2015.527: [GC [PSYoungGen: 743332K->470K(715840K)] 889531K->146717K(1402816K), 0.0138120 secs] [Times: user=0.05 sys=0.00, real=0.01 secs] 
2014-07-07T21:28:34.802+0000: 2016.822: [GC [PSYoungGen: 715798K->288K(689408K)] 862045K->146567K(1376384K), 0.0045940 secs] [Times: user=0.01 sys=0.00, real=0.01 secs] 
2014-07-07T21:28:36.033+0000: 2018.053: [GC [PSYoungGen: 689376K->434K(664512K)] 835655K->146833K(1351488K), 0.0216100 secs] [Times: user=0.06 sys=0.01, real=0.02 secs] 
2014-07-07T21:28:37.238+0000: 2019.258: [GC [PSYoungGen: 664498K->160K(797120K)] 810897K->146623K(1484096K), 0.0287800 secs] [Times: user=0.10 sys=0.01, real=0.03 secs] 
2014-07-07T21:28:38.639+0000: 2020.659: [GC [PSYoungGen: 797088K->320K(956672K)] 943551K->146831K(1643648K), 0.0143940 secs] [Times: user=0.05 sys=0.00, real=0.01 secs] 
2014-07-07T21:28:40.343+0000: 2022.363: [GC [PSYoungGen: 956672K->274K(1147968K)] 1103183K->146817K(1834944K), 0.0049680 secs] [Times: user=0.01 sys=0.00, real=0.01 secs] 
2014-07-07T21:28:42.366+0000: 2024.386: [GC [PSYoungGen: 1147922K->224K(1101056K)] 1294465K->146799K(1788032K), 0.0046260 secs] [Times: user=0.01 sys=0.00, real=0.01 secs] 
2014-07-07T21:28:44.301+0000: 2026.321: [GC [PSYoungGen: 1101024K->288K(1056576K)] 1247599K->146887K(1743552K), 0.0058590 secs] [Times: user=0.01 sys=0.00, real=0.01 secs] 
2014-07-07T21:28:46.173+0000: 2028.193: [GC [PSYoungGen: 1056544K->512K(1014336K)] 1203143K->147191K(1701312K), 0.0075380 secs] [Times: user=0.02 sys=0.00, real=0.01 secs] 
2014-07-07T21:28:47.953+0000: 2029.973: [GC [PSYoungGen: 1014284K->416K(973888K)] 1160963K->147207K(1660864K), 0.0178410 secs] [Times: user=0.06 sys=0.00, real=0.02 secs] 
2014-07-07T21:28:49.653+0000: 2031.673: [GC [PSYoungGen: 973856K->370K(935360K)] 1120647K->147225K(1622336K), 0.0083800 secs] [Times: user=0.01 sys=0.00, real=0.01 secs] 
2014-07-07T21:28:51.328+0000: 2033.348: [GC [PSYoungGen: 935284K->352K(898752K)] 1082140K->147263K(1585728K), 0.0091070 secs] [Times: user=0.03 sys=0.00, real=0.01 secs] 
2014-07-07T21:28:52.930+0000: 2034.951: [GC [PSYoungGen: 898720K->288K(863808K)] 1045631K->147239K(1550784K), 0.0074850 secs] [Times: user=0.02 sys=0.00, real=0.01 secs] 
2014-07-07T21:28:54.456+0000: 2036.476: [GC [PSYoungGen: 863679K->388K(830720K)] 1010630K->147379K(1517696K), 0.0029880 secs] [Times: user=0.01 sys=0.00, real=0.01 secs] 
2014-07-07T21:28:55.921+0000: 2037.941: [GC [PSYoungGen: 830660K->484K(799168K)] 977651K->147571K(1486144K), 0.0065960 secs] [Times: user=0.02 sys=0.00, real=0.00 secs] 
2014-07-07T21:28:57.364+0000: 2039.384: [GC [PSYoungGen: 799140K->402K(768960K)] 946227K->147585K(1455936K), 0.0104930 secs] [Times: user=0.04 sys=0.00, real=0.01 secs] 
2014-07-07T21:28:58.739+0000: 2040.759: [GC [PSYoungGen: 768914K->384K(740160K)] 916097K->147687K(1427136K), 0.0042860 secs] [Times: user=0.01 sys=0.00, real=0.00 secs] 
2014-07-07T21:29:00.073+0000: 2042.093: [GC [PSYoungGen: 740160K->224K(712640K)] 887463K->147559K(1399616K), 0.0243390 secs] [Times: user=0.09 sys=0.00, real=0.02 secs] 
2014-07-07T21:29:01.337+0000: 2043.357: [GC [PSYoungGen: 712608K->192K(686464K)] 859943K->147567K(1373440K), 0.0043150 secs] [Times: user=0.01 sys=0.00, real=0.01 secs] 
2014-07-07T21:29:02.553+0000: 2044.573: [GC [PSYoungGen: 686464K->128K(661504K)] 833839K->147519K(1348480K), 0.0041280 secs] [Times: user=0.01 sys=0.00, real=0.00 secs] 
2014-07-07T21:29:03.737+0000: 2045.757: [GC [PSYoungGen: 661412K->370K(638016K)] 808804K->147785K(1324992K), 0.0111740 secs] [Times: user=0.04 sys=0.00, real=0.01 secs] 
2014-07-07T21:29:04.881+0000: 2046.901: [GC [PSYoungGen: 638002K->452K(615488K)] 785417K->147907K(1302464K), 0.0043650 secs] [Times: user=0.01 sys=0.00, real=0.00 secs] 
2014-07-07T21:29:05.978+0000: 2047.998: [GC [PSYoungGen: 615408K->320K(593664K)] 762864K->147855K(1280640K), 0.0072950 secs] [Times: user=0.01 sys=0.00, real=0.01 secs] 
2014-07-07T21:29:07.082+0000: 2049.102: [GC [PSYoungGen: 593664K->388K(573120K)] 741199K->147979K(1260096K), 0.0168550 secs] [Times: user=0.05 sys=0.00, real=0.01 secs] 
2014-07-07T21:29:08.108+0000: 2050.128: [GC [PSYoungGen: 573060K->256K(687488K)] 720651K->147895K(1374464K), 0.0155250 secs] [Times: user=0.05 sys=0.00, real=0.02 secs] 
2014-07-07T21:29:09.360+0000: 2051.380: [GC [PSYoungGen: 687481K->224K(662528K)] 835120K->147903K(1349504K), 0.0080710 secs] [Times: user=0.03 sys=0.00, real=0.01 secs] 
2014-07-07T21:29:10.500+0000: 2052.520: [GC [PSYoungGen: 662496K->160K(638656K)] 810175K->147855K(1325632K), 0.0041400 secs] [Times: user=0.01 sys=0.00, real=0.01 secs] 
2014-07-07T21:29:11.639+0000: 2053.659: [GC [PSYoungGen: 638624K->320K(616064K)] 786319K->148047K(1303040K), 0.0105300 secs] [Times: user=0.03 sys=0.00, real=0.01 secs] 
2014-07-07T21:29:12.763+0000: 2054.784: [GC [PSYoungGen: 616064K->320K(594368K)] 763791K->148079K(1281344K), 0.0045740 secs] [Times: user=0.02 sys=0.00, real=0.00 secs] 
2014-07-07T21:29:13.810+0000: 2055.830: [GC [PSYoungGen: 594368K->352K(573760K)] 742127K->148135K(1260736K), 0.0135170 secs] [Times: user=0.04 sys=0.00, real=0.02 secs] 
2014-07-07T21:29:14.844+0000: 2056.864: [GC [PSYoungGen: 573728K->384K(553984K)] 721511K->148223K(1240960K), 0.0074670 secs] [Times: user=0.03 sys=0.00, real=0.01 secs] 
2014-07-07T21:29:15.824+0000: 2057.844: [GC [PSYoungGen: 553984K->402K(664768K)] 701823K->148329K(1351744K), 0.0327650 secs] [Times: user=0.11 sys=0.00, real=0.03 secs] 
2014-07-07T21:29:17.011+0000: 2059.031: [GC [PSYoungGen: 664682K->374K(797568K)] 812609K->148445K(1484544K), 0.0154880 secs] [Times: user=0.05 sys=0.00, real=0.02 secs] 
2014-07-07T21:29:18.446+0000: 2060.466: [GC [PSYoungGen: 797558K->224K(956928K)] 945629K->148335K(1643904K), 0.0077290 secs] [Times: user=0.01 sys=0.00, real=0.01 secs] 
2014-07-07T21:29:20.140+0000: 2062.160: [GC [PSYoungGen: 956896K->370K(1148416K)] 1105007K->148537K(1835392K), 0.0142230 secs] [Times: user=0.05 sys=0.00, real=0.02 secs] 
2014-07-07T21:29:22.209+0000: 2064.229: [GC [PSYoungGen: 1148402K->352K(1101568K)] 1296569K->148551K(1788544K), 0.0047900 secs] [Times: user=0.01 sys=0.00, real=0.01 secs] 
2014-07-07T21:29:24.193+0000: 2066.213: [GC [PSYoungGen: 1101536K->480K(1057088K)] 1249735K->148727K(1744064K), 0.0244330 secs] [Times: user=0.08 sys=0.00, real=0.02 secs] 
2014-07-07T21:29:26.070+0000: 2068.090: [GC [PSYoungGen: 1057056K->466K(1014656K)] 1205303K->148809K(1701632K), 0.0090710 secs] [Times: user=0.03 sys=0.00, real=0.01 secs] 
2014-07-07T21:29:27.876+0000: 2069.896: [GC [PSYoungGen: 1014610K->320K(974080K)] 1162953K->148775K(1661056K), 0.0049900 secs] [Times: user=0.01 sys=0.00, real=0.00 secs] 
2014-07-07T21:29:29.627+0000: 2071.648: [GC [PSYoungGen: 974076K->470K(935808K)] 1122532K->148973K(1622784K), 0.0172960 secs] [Times: user=0.06 sys=0.00, real=0.02 secs] 
2014-07-07T21:29:31.340+0000: 2073.360: [GC [PSYoungGen: 935764K->352K(899072K)] 1084268K->148911K(1586048K), 0.0062040 secs] [Times: user=0.00 sys=0.00, real=0.01 secs] 
2014-07-07T21:29:32.938+0000: 2074.958: [GC [PSYoungGen: 899040K->420K(864256K)] 1047599K->149011K(1551232K), 0.0068140 secs] [Times: user=0.02 sys=0.00, real=0.01 secs] 
2014-07-07T21:29:34.464+0000: 2076.485: [GC [PSYoungGen: 864228K->288K(830912K)] 1012819K->148903K(1517888K), 0.0101160 secs] [Times: user=0.04 sys=0.00, real=0.01 secs] 
2014-07-07T21:29:35.928+0000: 2077.948: [GC [PSYoungGen: 830880K->288K(799232K)] 979495K->148991K(1486208K), 0.0138810 secs] [Times: user=0.05 sys=0.00, real=0.01 secs] 
2014-07-07T21:29:37.369+0000: 2079.389: [GC [PSYoungGen: 799200K->256K(769024K)] 947903K->149055K(1456000K), 0.0064520 secs] [Times: user=0.01 sys=0.00, real=0.01 secs] 
2014-07-07T21:29:38.765+0000: 2080.785: [GC [PSYoungGen: 769024K->320K(740352K)] 917823K->149167K(1427328K), 0.0161750 secs] [Times: user=0.06 sys=0.00, real=0.02 secs] 
2014-07-07T21:29:40.085+0000: 2082.105: [GC [PSYoungGen: 740352K->420K(713088K)] 889199K->149299K(1400064K), 0.0045550 secs] [Times: user=0.01 sys=0.00, real=0.00 secs] 
2014-07-07T21:29:41.347+0000: 2083.367: [GC [PSYoungGen: 713060K->388K(686976K)] 861939K->149299K(1373952K), 0.0045780 secs] [Times: user=0.01 sys=0.00, real=0.00 secs] 
2014-07-07T21:29:42.564+0000: 2084.585: [GC [PSYoungGen: 686914K->320K(661952K)] 835826K->149279K(1348928K), 0.0076870 secs] [Times: user=0.01 sys=0.00, real=0.01 secs] 
2014-07-07T21:29:43.770+0000: 2085.790: [GC [PSYoungGen: 661926K->488K(638400K)] 810885K->149463K(1325376K), 0.0046490 secs] [Times: user=0.01 sys=0.00, real=0.00 secs] 
2014-07-07T21:29:44.931+0000: 2086.951: [GC [PSYoungGen: 638376K->320K(615552K)] 787351K->149343K(1302528K), 0.0049960 secs] [Times: user=0.01 sys=0.00, real=0.00 secs] 
2014-07-07T21:29:46.035+0000: 2088.055: [GC [PSYoungGen: 615552K->192K(593792K)] 764575K->149311K(1280768K), 0.0067190 secs] [Times: user=0.02 sys=0.00, real=0.01 secs] 
2014-07-07T21:29:47.096+0000: 2089.116: [GC [PSYoungGen: 593792K->256K(573184K)] 742911K->149423K(1260160K), 0.0055200 secs] [Times: user=0.01 sys=0.00, real=0.00 secs] 
2014-07-07T21:29:48.106+0000: 2090.126: [GC [PSYoungGen: 573184K->452K(553728K)] 722351K->149667K(1240704K), 0.0066080 secs] [Times: user=0.01 sys=0.00, real=0.01 secs] 
2014-07-07T21:29:49.109+0000: 2091.129: [GC [PSYoungGen: 553668K->320K(534720K)] 702883K->149559K(1221696K), 0.0139380 secs] [Times: user=0.05 sys=0.00, real=0.01 secs] 
2014-07-07T21:29:50.053+0000: 2092.073: [GC [PSYoungGen: 534720K->352K(516800K)] 683959K->149639K(1203776K), 0.0072580 secs] [Times: user=0.02 sys=0.00, real=0.01 secs] 
2014-07-07T21:29:50.973+0000: 2092.993: [GC [PSYoungGen: 516745K->488K(499712K)] 666032K->149879K(1186688K), 0.0106380 secs] [Times: user=0.02 sys=0.00, real=0.01 secs] 
2014-07-07T21:29:51.854+0000: 2093.874: [GC [PSYoungGen: 499688K->288K(483072K)] 649079K->149695K(1170048K), 0.0074640 secs] [Times: user=0.01 sys=0.00, real=0.01 secs] 
2014-07-07T21:29:52.726+0000: 2094.746: [GC [PSYoungGen: 483040K->320K(467392K)] 632447K->149751K(1154368K), 0.0045820 secs] [Times: user=0.01 sys=0.00, real=0.01 secs] 
2014-07-07T21:29:53.560+0000: 2095.580: [GC [PSYoungGen: 467392K->256K(560768K)] 616823K->149711K(1247744K), 0.0227000 secs] [Times: user=0.09 sys=0.00, real=0.02 secs] 
2014-07-07T21:29:54.570+0000: 2096.590: [GC [PSYoungGen: 560768K->498K(673152K)] 710223K->150009K(1360128K), 0.0201300 secs] [Times: user=0.06 sys=0.00, real=0.02 secs] 
2014-07-07T21:29:55.782+0000: 2097.803: [GC [PSYoungGen: 673138K->640K(807808K)] 822649K->150255K(1494784K), 0.0247850 secs] [Times: user=0.08 sys=0.00, real=0.02 secs] 
2014-07-07T21:29:57.231+0000: 2099.251: [GC [PSYoungGen: 807808K->192K(968832K)] 957423K->149887K(1655808K), 0.0047440 secs] [Times: user=0.02 sys=0.00, real=0.00 secs] 
2014-07-07T21:29:58.958+0000: 2100.978: [GC [PSYoungGen: 968832K->384K(1162752K)] 1118527K->150135K(1849728K), 0.0114620 secs] [Times: user=0.04 sys=0.00, real=0.02 secs] 
2014-07-07T21:30:01.028+0000: 2103.048: [GC [PSYoungGen: 1162752K->698K(1395584K)] 1312503K->150521K(2082560K), 0.0156420 secs] [Times: user=0.05 sys=0.00, real=0.02 secs] 
2014-07-07T21:30:03.505+0000: 2105.525: [GC [PSYoungGen: 1395575K->256K(1336320K)] 1545399K->150111K(2023296K), 0.0042410 secs] [Times: user=0.01 sys=0.00, real=0.01 secs] 
2014-07-07T21:30:05.893+0000: 2107.913: [GC [PSYoungGen: 1336320K->384K(1280448K)] 1486175K->150279K(1967424K), 0.0068840 secs] [Times: user=0.01 sys=0.00, real=0.01 secs] 
2014-07-07T21:30:08.170+0000: 2110.190: [GC [PSYoungGen: 1280448K->256K(1227072K)] 1430343K->150295K(1914048K), 0.0045710 secs] [Times: user=0.01 sys=0.00, real=0.00 secs] 
2014-07-07T21:30:10.361+0000: 2112.381: [GC [PSYoungGen: 1227029K->288K(1176448K)] 1377069K->150399K(1863424K), 0.0221240 secs] [Times: user=0.08 sys=0.00, real=0.02 secs] 
2014-07-07T21:30:12.475+0000: 2114.495: [GC [PSYoungGen: 1176410K->388K(1128384K)] 1326521K->150547K(1815360K), 0.0195900 secs] [Times: user=0.06 sys=0.00, real=0.02 secs] 
2014-07-07T21:30:14.484+0000: 2116.504: [GC [PSYoungGen: 1128324K->256K(1082304K)] 1278483K->150463K(1769280K), 0.0038970 secs] [Times: user=0.01 sys=0.00, real=0.00 secs] 
2014-07-07T21:30:16.401+0000: 2118.421: [GC [PSYoungGen: 1082253K->470K(1038912K)] 1232460K->150781K(1725888K), 0.0092000 secs] [Times: user=0.04 sys=0.00, real=0.01 secs] 
2014-07-07T21:30:18.257+0000: 2120.277: [GC [PSYoungGen: 1038870K->128K(996992K)] 1189181K->150519K(1683968K), 0.0036150 secs] [Times: user=0.01 sys=0.00, real=0.01 secs] 
2014-07-07T21:30:20.020+0000: 2122.040: [GC [PSYoungGen: 996991K->402K(957760K)] 1147383K->150849K(1644736K), 0.0039300 secs] [Times: user=0.01 sys=0.00, real=0.01 secs] 
2014-07-07T21:30:21.707+0000: 2123.727: [GC [PSYoungGen: 957714K->484K(920128K)] 1108161K->150963K(1607104K), 0.0059210 secs] [Times: user=0.02 sys=0.00, real=0.01 secs] 
2014-07-07T21:30:23.356+0000: 2125.376: [GC [PSYoungGen: 920100K->320K(884032K)] 1070579K->150823K(1571008K), 0.0096560 secs] [Times: user=0.03 sys=0.00, real=0.01 secs] 
2014-07-07T21:30:24.921+0000: 2126.941: [GC [PSYoungGen: 883983K->448K(849984K)] 1034486K->150983K(1536960K), 0.0063600 secs] [Times: user=0.02 sys=0.00, real=0.01 secs] 
2014-07-07T21:30:26.423+0000: 2128.443: [GC [PSYoungGen: 849984K->192K(817152K)] 1000519K->150855K(1504128K), 0.0143890 secs] [Times: user=0.06 sys=0.00, real=0.01 secs] 
2014-07-07T21:30:27.868+0000: 2129.888: [GC [PSYoungGen: 817150K->288K(786240K)] 967814K->151007K(1473216K), 0.0177200 secs] [Times: user=0.07 sys=0.00, real=0.02 secs] 
2014-07-07T21:30:29.289+0000: 2131.309: [GC [PSYoungGen: 786208K->420K(756800K)] 936927K->151187K(1443776K), 0.0132400 secs] [Times: user=0.04 sys=0.00, real=0.01 secs] 
2014-07-07T21:30:30.648+0000: 2132.668: [GC [PSYoungGen: 756772K->352K(728576K)] 907539K->151175K(1415552K), 0.0128110 secs] [Times: user=0.04 sys=0.00, real=0.01 secs] 
2014-07-07T21:30:31.942+0000: 2133.962: [GC [PSYoungGen: 728544K->420K(701760K)] 879367K->151283K(1388736K), 0.0096550 secs] [Times: user=0.04 sys=0.00, real=0.01 secs] 
2014-07-07T21:30:33.197+0000: 2135.217: [GC [PSYoungGen: 701732K->256K(675968K)] 852595K->151151K(1362944K), 0.0174700 secs] [Times: user=0.06 sys=0.00, real=0.02 secs] 
2014-07-07T21:30:34.390+0000: 2136.410: [GC [PSYoungGen: 675968K->192K(651456K)] 826863K->151127K(1338432K), 0.0067150 secs] [Times: user=0.01 sys=0.00, real=0.01 secs] 
2014-07-07T21:30:35.546+0000: 2137.566: [GC [PSYoungGen: 651449K->320K(628288K)] 802385K->151335K(1315264K), 0.0089860 secs] [Times: user=0.03 sys=0.00, real=0.01 secs] 
2014-07-07T21:30:36.669+0000: 2138.690: [GC [PSYoungGen: 628288K->256K(606016K)] 779303K->151343K(1292992K), 0.0053030 secs] [Times: user=0.01 sys=0.00, real=0.01 secs] 
2014-07-07T21:30:37.734+0000: 2139.754: [GC [PSYoungGen: 606016K->370K(727296K)] 757103K->151505K(1414272K), 0.0299920 secs] [Times: user=0.11 sys=0.00, real=0.03 secs] 
2014-07-07T21:30:39.030+0000: 2141.051: [GC [PSYoungGen: 727282K->306K(872640K)] 878417K->151473K(1559616K), 0.0150430 secs] [Times: user=0.05 sys=0.00, real=0.02 secs] 
2014-07-07T21:30:40.594+0000: 2142.614: [GC [PSYoungGen: 872626K->498K(1047296K)] 1023793K->151705K(1734272K), 0.0077740 secs] [Times: user=0.03 sys=0.00, real=0.00 secs] 
2014-07-07T21:30:42.453+0000: 2144.473: [GC [PSYoungGen: 1047276K->306K(1005120K)] 1198484K->151537K(1692096K), 0.0035860 secs] [Times: user=0.00 sys=0.00, real=0.01 secs] 
2014-07-07T21:30:44.228+0000: 2146.248: [GC [PSYoungGen: 1005106K->320K(965184K)] 1156337K->151591K(1652160K), 0.0172900 secs] [Times: user=0.06 sys=0.00, real=0.02 secs] 
2014-07-07T21:30:45.919+0000: 2147.939: [GC [PSYoungGen: 965114K->552K(1158464K)] 1116386K->151935K(1845440K), 0.0250110 secs] [Times: user=0.09 sys=0.00, real=0.02 secs] 
2014-07-07T21:30:47.973+0000: 2149.994: [GC [PSYoungGen: 1158440K->310K(1110912K)] 1309823K->152009K(1797888K), 0.0055100 secs] [Times: user=0.01 sys=0.00, real=0.01 secs] 
2014-07-07T21:30:49.931+0000: 2151.951: [GC [PSYoungGen: 1110902K->288K(1065856K)] 1262601K->152043K(1752832K), 0.0092270 secs] [Times: user=0.03 sys=0.00, real=0.01 secs] 
2014-07-07T21:30:51.842+0000: 2153.862: [GC [PSYoungGen: 1065824K->452K(1023168K)] 1217579K->152279K(1710144K), 0.0077530 secs] [Times: user=0.02 sys=0.00, real=0.01 secs] 
2014-07-07T21:30:53.648+0000: 2155.668: [GC [PSYoungGen: 1023108K->288K(982144K)] 1174935K->152171K(1669120K), 0.0065870 secs] [Times: user=0.02 sys=0.00, real=0.00 secs] 
2014-07-07T21:30:55.396+0000: 2157.416: [GC [PSYoungGen: 982112K->320K(943296K)] 1133995K->152259K(1630272K), 0.0174700 secs] [Times: user=0.06 sys=0.00, real=0.02 secs] 
2014-07-07T21:30:57.096+0000: 2159.116: [GC [PSYoungGen: 943296K->352K(906368K)] 1095235K->152411K(1593344K), 0.0102630 secs] [Times: user=0.03 sys=0.00, real=0.01 secs] 
2014-07-07T21:30:58.682+0000: 2160.702: [GC [PSYoungGen: 906333K->434K(871168K)] 1058393K->152541K(1558144K), 0.0052420 secs] [Times: user=0.01 sys=0.00, real=0.01 secs] 
2014-07-07T21:31:00.232+0000: 2162.252: [GC [PSYoungGen: 871154K->470K(837696K)] 1023261K->152625K(1524672K), 0.0090820 secs] [Times: user=0.02 sys=0.00, real=0.01 secs] 
2014-07-07T21:31:01.738+0000: 2163.758: [GC [PSYoungGen: 837654K->370K(805568K)] 989809K->152581K(1492544K), 0.0178310 secs] [Times: user=0.05 sys=0.00, real=0.02 secs] 
2014-07-07T21:31:03.224+0000: 2165.244: [GC [PSYoungGen: 805554K->320K(775040K)] 957765K->152555K(1462016K), 0.0066040 secs] [Times: user=0.01 sys=0.01, real=0.01 secs] 
2014-07-07T21:31:04.604+0000: 2166.624: [GC [PSYoungGen: 775040K->416K(746112K)] 927275K->152699K(1433088K), 0.0103890 secs] [Times: user=0.03 sys=0.00, real=0.01 secs] 
2014-07-07T21:31:05.938+0000: 2167.958: [GC [PSYoungGen: 745983K->352K(718400K)] 898266K->152747K(1405376K), 0.0125030 secs] [Times: user=0.05 sys=0.00, real=0.02 secs] 
2014-07-07T21:31:07.244+0000: 2169.264: [GC [PSYoungGen: 718368K->288K(691968K)] 870763K->152755K(1378944K), 0.0041200 secs] [Times: user=0.01 sys=0.00, real=0.00 secs] 
2014-07-07T21:31:08.455+0000: 2170.475: [GC [PSYoungGen: 691936K->356K(666880K)] 844403K->152871K(1353856K), 0.0050360 secs] [Times: user=0.01 sys=0.00, real=0.01 secs] 
2014-07-07T21:31:09.636+0000: 2171.656: [GC [PSYoungGen: 666852K->192K(642688K)] 819367K->152731K(1329664K), 0.0047820 secs] [Times: user=0.01 sys=0.00, real=0.01 secs] 
2014-07-07T21:31:10.763+0000: 2172.783: [GC [PSYoungGen: 642688K->320K(619904K)] 795227K->152899K(1306880K), 0.0068480 secs] [Times: user=0.02 sys=0.00, real=0.01 secs] 
2014-07-07T21:31:11.886+0000: 2173.906: [GC [PSYoungGen: 619904K->388K(598208K)] 772483K->152999K(1285184K), 0.0061430 secs] [Times: user=0.03 sys=0.00, real=0.01 secs] 
2014-07-07T21:31:12.946+0000: 2174.966: [GC [PSYoungGen: 598148K->224K(577152K)] 750759K->152859K(1264128K), 0.0051410 secs] [Times: user=0.01 sys=0.00, real=0.01 secs] 
2014-07-07T21:31:13.961+0000: 2175.981: [GC [PSYoungGen: 577120K->420K(692736K)] 729755K->153079K(1379712K), 0.0378450 secs] [Times: user=0.13 sys=0.00, real=0.03 secs] 
2014-07-07T21:31:15.217+0000: 2177.237: [GC [PSYoungGen: 692708K->544K(831360K)] 845367K->153291K(1518336K), 0.0085640 secs] [Times: user=0.02 sys=0.01, real=0.01 secs] 
2014-07-07T21:31:16.670+0000: 2178.690: [GC [PSYoungGen: 831328K->192K(997184K)] 984075K->153083K(1684160K), 0.0119460 secs] [Times: user=0.04 sys=0.00, real=0.02 secs] 
2014-07-07T21:31:18.454+0000: 2180.474: [GC [PSYoungGen: 997184K->338K(957824K)] 1150075K->153277K(1644800K), 0.0075990 secs] [Times: user=0.03 sys=0.00, real=0.01 secs] 
2014-07-07T21:31:20.159+0000: 2182.179: [GC [PSYoungGen: 957770K->320K(920064K)] 1110710K->153339K(1607040K), 0.0174660 secs] [Times: user=0.05 sys=0.00, real=0.02 secs] 
2014-07-07T21:31:21.799+0000: 2183.819: [GC [PSYoungGen: 920064K->320K(884160K)] 1073083K->153395K(1571136K), 0.0064200 secs] [Times: user=0.01 sys=0.00, real=0.01 secs] 
2014-07-07T21:31:23.382+0000: 2185.402: [GC [PSYoungGen: 884160K->192K(849856K)] 1037235K->153291K(1536832K), 0.0049070 secs] [Times: user=0.01 sys=0.00, real=0.00 secs] 
2014-07-07T21:31:24.887+0000: 2186.907: [GC [PSYoungGen: 849856K->320K(817408K)] 1002955K->153451K(1504384K), 0.0055660 secs] [Times: user=0.01 sys=0.00, real=0.01 secs] 
2014-07-07T21:31:26.346+0000: 2188.366: [GC [PSYoungGen: 817408K->452K(786560K)] 970539K->153711K(1473536K), 0.0115730 secs] [Times: user=0.04 sys=0.00, real=0.01 secs] 
2014-07-07T21:31:27.751+0000: 2189.771: [GC [PSYoungGen: 786500K->420K(756928K)] 939759K->153735K(1443904K), 0.0039820 secs] [Times: user=0.01 sys=0.00, real=0.01 secs] 
2014-07-07T21:31:29.088+0000: 2191.108: [GC [PSYoungGen: 756863K->228K(728576K)] 910178K->153885K(1415552K), 0.0070380 secs] [Times: user=0.01 sys=0.00, real=0.01 secs] 
2014-07-07T21:31:30.384+0000: 2192.404: [GC [PSYoungGen: 728548K->420K(701888K)] 882205K->154125K(1388864K), 0.0108090 secs] [Times: user=0.04 sys=0.00, real=0.01 secs] 
2014-07-07T21:31:31.602+0000: 2193.623: [GC [PSYoungGen: 701795K->370K(676224K)] 855500K->154147K(1363200K), 0.0171190 secs] [Times: user=0.06 sys=0.00, real=0.01 secs] 
2014-07-07T21:31:32.822+0000: 2194.843: [GC [PSYoungGen: 676210K->370K(651776K)] 829987K->154171K(1338752K), 0.0063940 secs] [Times: user=0.01 sys=0.00, real=0.00 secs] 
2014-07-07T21:31:33.992+0000: 2196.012: [GC [PSYoungGen: 651762K->338K(628480K)] 805563K->154155K(1315456K), 0.0048040 secs] [Times: user=0.01 sys=0.00, real=0.01 secs] 
2014-07-07T21:31:35.111+0000: 2197.131: [GC [PSYoungGen: 628434K->562K(606464K)] 782251K->154459K(1293440K), 0.0126950 secs] [Times: user=0.05 sys=0.00, real=0.02 secs] 
2014-07-07T21:31:36.170+0000: 2198.190: [GC [PSYoungGen: 606450K->256K(584896K)] 760347K->154233K(1271872K), 0.0038230 secs] [Times: user=0.01 sys=0.00, real=0.01 secs] 
2014-07-07T21:31:37.204+0000: 2199.224: [GC [PSYoungGen: 584896K->192K(564544K)] 738873K->154201K(1251520K), 0.0048040 secs] [Times: user=0.02 sys=0.00, real=0.00 secs] 
2014-07-07T21:31:38.207+0000: 2200.227: [GC [PSYoungGen: 564544K->384K(545408K)] 718553K->154441K(1232384K), 0.0055340 secs] [Times: user=0.02 sys=0.00, real=0.00 secs] 
2014-07-07T21:31:39.200+0000: 2201.220: [GC [PSYoungGen: 545408K->580K(527168K)] 699465K->154661K(1214144K), 0.0040440 secs] [Times: user=0.01 sys=0.00, real=0.01 secs] 
2014-07-07T21:31:40.124+0000: 2202.145: [GC [PSYoungGen: 527108K->292K(509184K)] 681189K->154453K(1196160K), 0.0054500 secs] [Times: user=0.01 sys=0.00, real=0.00 secs] 
2014-07-07T21:31:41.033+0000: 2203.053: [GC [PSYoungGen: 509156K->320K(492352K)] 663317K->154505K(1179328K), 0.0053120 secs] [Times: user=0.01 sys=0.00, real=0.01 secs] 
2014-07-07T21:31:41.915+0000: 2203.935: [GC [PSYoungGen: 492352K->338K(476288K)] 646537K->154555K(1163264K), 0.0179140 secs] [Times: user=0.07 sys=0.00, real=0.01 secs] 
2014-07-07T21:31:42.779+0000: 2204.799: [GC [PSYoungGen: 476242K->224K(571392K)] 630459K->154473K(1258368K), 0.0192770 secs] [Times: user=0.06 sys=0.00, real=0.02 secs] 
2014-07-07T21:31:43.806+0000: 2205.826: [GC [PSYoungGen: 571360K->626K(686016K)] 725609K->154891K(1372992K), 0.0269470 secs] [Times: user=0.10 sys=0.00, real=0.02 secs] 
2014-07-07T21:31:45.027+0000: 2207.047: [GC [PSYoungGen: 685970K->470K(822976K)] 840236K->154783K(1509952K), 0.0051030 secs] [Times: user=0.02 sys=0.00, real=0.00 secs] 
2014-07-07T21:31:46.493+0000: 2208.513: [GC [PSYoungGen: 822934K->320K(987328K)] 977247K->154895K(1674304K), 0.0080430 secs] [Times: user=0.02 sys=0.00, real=0.01 secs] 
2014-07-07T21:31:48.246+0000: 2210.267: [GC [PSYoungGen: 987328K->512K(948416K)] 1141903K->155159K(1635392K), 0.0086070 secs] [Times: user=0.04 sys=0.00, real=0.01 secs] 
2014-07-07T21:31:49.946+0000: 2211.966: [GC [PSYoungGen: 948416K->740K(911424K)] 1103063K->155451K(1598400K), 0.0056510 secs] [Times: user=0.01 sys=0.00, real=0.00 secs] 
2014-07-07T21:31:51.547+0000: 2213.567: [GC [PSYoungGen: 911394K->452K(875712K)] 1066106K->155219K(1562688K), 0.0127900 secs] [Times: user=0.05 sys=0.00, real=0.01 secs] 
2014-07-07T21:31:53.111+0000: 2215.131: [GC [PSYoungGen: 875652K->420K(841856K)] 1030419K->155283K(1528832K), 0.0063220 secs] [Times: user=0.03 sys=0.00, real=0.01 secs] 
2014-07-07T21:31:54.626+0000: 2216.646: [GC [PSYoungGen: 841828K->416K(809664K)] 996691K->155311K(1496640K), 0.0209160 secs] [Times: user=0.07 sys=0.00, real=0.02 secs] 
2014-07-07T21:31:56.079+0000: 2218.099: [GC [PSYoungGen: 809632K->320K(778880K)] 964527K->155327K(1465856K), 0.0155790 secs] [Times: user=0.05 sys=0.00, real=0.01 secs] 
2014-07-07T21:31:57.461+0000: 2219.481: [GC [PSYoungGen: 778873K->160K(749568K)] 933880K->155231K(1436544K), 0.0047360 secs] [Times: user=0.01 sys=0.00, real=0.01 secs] 
2014-07-07T21:31:58.795+0000: 2220.815: [GC [PSYoungGen: 749451K->416K(721984K)] 904523K->155551K(1408960K), 0.0180100 secs] [Times: user=0.06 sys=0.00, real=0.02 secs] 
2014-07-07T21:32:00.073+0000: 2222.093: [GC [PSYoungGen: 721952K->192K(695168K)] 877087K->155359K(1382144K), 0.0050670 secs] [Times: user=0.02 sys=0.00, real=0.01 secs] 
2014-07-07T21:32:01.313+0000: 2223.334: [GC [PSYoungGen: 695168K->192K(669824K)] 850335K->155391K(1356800K), 0.0043490 secs] [Times: user=0.01 sys=0.00, real=0.01 secs] 
2014-07-07T21:32:02.496+0000: 2224.516: [GC [PSYoungGen: 669824K->356K(645888K)] 825023K->155579K(1332864K), 0.0068900 secs] [Times: user=0.02 sys=0.00, real=0.01 secs] 
2014-07-07T21:32:03.661+0000: 2225.681: [GC [PSYoungGen: 645860K->580K(623104K)] 801083K->155819K(1310080K), 0.0076340 secs] [Times: user=0.01 sys=0.00, real=0.01 secs] 
2014-07-07T21:32:04.793+0000: 2226.813: [GC [PSYoungGen: 623044K->434K(600960K)] 778283K->155713K(1287936K), 0.0044910 secs] [Times: user=0.01 sys=0.00, real=0.01 secs] 
2014-07-07T21:32:05.852+0000: 2227.872: [GC [PSYoungGen: 600946K->192K(579712K)] 756225K->155567K(1266688K), 0.0130750 secs] [Times: user=0.04 sys=0.00, real=0.01 secs] 
2014-07-07T21:32:06.919+0000: 2228.939: [GC [PSYoungGen: 579712K->416K(559936K)] 735087K->155847K(1246912K), 0.0117700 secs] [Times: user=0.05 sys=0.00, real=0.01 secs] 
2014-07-07T21:32:07.916+0000: 2229.936: [GC [PSYoungGen: 559904K->288K(540672K)] 715335K->155751K(1227648K), 0.0049890 secs] [Times: user=0.01 sys=0.00, real=0.01 secs] 
2014-07-07T21:32:08.875+0000: 2230.895: [GC [PSYoungGen: 540640K->256K(522368K)] 696103K->155759K(1209344K), 0.0162460 secs] [Times: user=0.06 sys=0.00, real=0.02 secs] 
2014-07-07T21:32:09.825+0000: 2231.845: [GC [PSYoungGen: 522368K->420K(627008K)] 677871K->155947K(1313984K), 0.0167790 secs] [Times: user=0.06 sys=0.00, real=0.02 secs] 
2014-07-07T21:32:10.955+0000: 2232.975: [GC [PSYoungGen: 626970K->452K(752384K)] 782498K->156019K(1439360K), 0.0122590 secs] [Times: user=0.05 sys=0.00, real=0.01 secs] 
2014-07-07T21:32:12.298+0000: 2234.318: [GC [PSYoungGen: 752324K->356K(724288K)] 907891K->155947K(1411264K), 0.0071860 secs] [Times: user=0.01 sys=0.00, real=0.01 secs] 
2014-07-07T21:32:13.560+0000: 2235.580: [GC [PSYoungGen: 724260K->320K(697536K)] 879851K->155935K(1384512K), 0.0080540 secs] [Times: user=0.03 sys=0.00, real=0.00 secs] 
2014-07-07T21:32:14.805+0000: 2236.825: [GC [PSYoungGen: 697536K->416K(672256K)] 853151K->156055K(1359232K), 0.0079810 secs] [Times: user=0.02 sys=0.00, real=0.01 secs] 
2014-07-07T21:32:16.000+0000: 2238.020: [GC [PSYoungGen: 672224K->320K(647872K)] 827863K->156079K(1334848K), 0.0068470 secs] [Times: user=0.01 sys=0.00, real=0.00 secs] 
2014-07-07T21:32:17.161+0000: 2239.181: [GC [PSYoungGen: 647866K->338K(624832K)] 803626K->156169K(1311808K), 0.0192260 secs] [Times: user=0.06 sys=0.00, real=0.02 secs] 
2014-07-07T21:32:18.287+0000: 2240.307: [GC [PSYoungGen: 624703K->306K(749696K)] 780535K->156185K(1436672K), 0.0270400 secs] [Times: user=0.09 sys=0.00, real=0.03 secs] 
2014-07-07T21:32:19.635+0000: 2241.656: [GC [PSYoungGen: 749675K->384K(899648K)] 905554K->156303K(1586624K), 0.0067380 secs] [Times: user=0.01 sys=0.00, real=0.01 secs] 
2014-07-07T21:32:21.252+0000: 2243.272: [GC [PSYoungGen: 899648K->480K(864832K)] 1055567K->156455K(1551808K), 0.0061990 secs] [Times: user=0.01 sys=0.00, real=0.00 secs] 
2014-07-07T21:32:22.751+0000: 2244.771: [GC [PSYoungGen: 864800K->310K(831360K)] 1020775K->156429K(1518336K), 0.0176530 secs] [Times: user=0.06 sys=0.00, real=0.01 secs] 
2014-07-07T21:32:24.242+0000: 2246.262: [GC [PSYoungGen: 831276K->416K(997696K)] 987395K->156583K(1684672K), 0.0182310 secs] [Times: user=0.06 sys=0.00, real=0.01 secs] 
2014-07-07T21:32:26.047+0000: 2248.067: [GC [PSYoungGen: 997664K->288K(957952K)] 1153831K->156583K(1644928K), 0.0081470 secs] [Times: user=0.01 sys=0.00, real=0.01 secs] 
2014-07-07T21:32:27.716+0000: 2249.736: [GC [PSYoungGen: 957920K->580K(920576K)] 1114215K->156971K(1607552K), 0.0148920 secs] [Times: user=0.06 sys=0.00, real=0.02 secs] 
2014-07-07T21:32:29.365+0000: 2251.385: [GC [PSYoungGen: 920516K->356K(884416K)] 1076907K->156955K(1571392K), 0.0200930 secs] [Times: user=0.07 sys=0.00, real=0.02 secs] 
2014-07-07T21:32:30.934+0000: 2252.954: [GC [PSYoungGen: 884388K->402K(850304K)] 1040987K->157033K(1537280K), 0.0049980 secs] [Times: user=0.02 sys=0.01, real=0.00 secs] 
2014-07-07T21:32:32.432+0000: 2254.452: [GC [PSYoungGen: 850258K->192K(817472K)] 1006889K->156895K(1504448K), 0.0047900 secs] [Times: user=0.01 sys=0.00, real=0.00 secs] 
2014-07-07T21:32:33.873+0000: 2255.893: [GC [PSYoungGen: 817471K->352K(786624K)] 974175K->157079K(1473600K), 0.0070650 secs] [Times: user=0.01 sys=0.00, real=0.00 secs] 
2014-07-07T21:32:35.295+0000: 2257.315: [GC [PSYoungGen: 786592K->448K(757120K)] 943319K->157247K(1444096K), 0.0085810 secs] [Times: user=0.02 sys=0.00, real=0.01 secs] 
2014-07-07T21:32:36.644+0000: 2258.664: [GC [PSYoungGen: 757120K->388K(728960K)] 913919K->157291K(1415936K), 0.0136870 secs] [Times: user=0.05 sys=0.00, real=0.01 secs] 
2014-07-07T21:32:37.980+0000: 2260.000: [GC [PSYoungGen: 728897K->256K(701888K)] 885801K->157199K(1388864K), 0.0043620 secs] [Times: user=0.01 sys=0.00, real=0.01 secs] 
2014-07-07T21:32:39.254+0000: 2261.274: [GC [PSYoungGen: 701888K->434K(676480K)] 858831K->157425K(1363456K), 0.0215970 secs] [Times: user=0.07 sys=0.01, real=0.02 secs] 
2014-07-07T21:32:40.464+0000: 2262.484: [GC [PSYoungGen: 676466K->288K(811584K)] 833457K->157319K(1498560K), 0.0205650 secs] [Times: user=0.07 sys=0.00, real=0.02 secs] 
2014-07-07T21:32:41.918+0000: 2263.938: [GC [PSYoungGen: 811552K->288K(780864K)] 968583K->157375K(1467840K), 0.0093340 secs] [Times: user=0.04 sys=0.00, real=0.01 secs] 
2014-07-07T21:32:43.314+0000: 2265.334: [GC [PSYoungGen: 780832K->256K(751488K)] 937919K->157391K(1438464K), 0.0060890 secs] [Times: user=0.01 sys=0.00, real=0.00 secs] 
2014-07-07T21:32:44.632+0000: 2266.652: [GC [PSYoungGen: 751488K->256K(723584K)] 908623K->157407K(1410560K), 0.0054150 secs] [Times: user=0.01 sys=0.00, real=0.01 secs] 
2014-07-07T21:32:45.954+0000: 2267.974: [GC [PSYoungGen: 723584K->384K(697088K)] 880735K->157631K(1384064K), 0.0196800 secs] [Times: user=0.07 sys=0.00, real=0.02 secs] 
2014-07-07T21:32:47.214+0000: 2269.234: [GC [PSYoungGen: 697033K->338K(671680K)] 854281K->157657K(1358656K), 0.0156370 secs] [Times: user=0.06 sys=0.00, real=0.02 secs] 
2014-07-07T21:32:48.392+0000: 2270.412: [GC [PSYoungGen: 671634K->352K(647488K)] 828953K->157735K(1334464K), 0.0070030 secs] [Times: user=0.01 sys=0.00, real=0.01 secs] 
2014-07-07T21:32:49.532+0000: 2271.552: [GC [PSYoungGen: 647456K->338K(624384K)] 804839K->157753K(1311360K), 0.0067440 secs] [Times: user=0.01 sys=0.00, real=0.01 secs] 
2014-07-07T21:32:50.660+0000: 2272.680: [GC [PSYoungGen: 624338K->352K(602304K)] 781753K->157815K(1289280K), 0.0065620 secs] [Times: user=0.02 sys=0.00, real=0.01 secs] 
2014-07-07T21:32:51.728+0000: 2273.748: [GC [PSYoungGen: 602272K->352K(581248K)] 759735K->157847K(1268224K), 0.0113760 secs] [Times: user=0.04 sys=0.01, real=0.01 secs] 
2014-07-07T21:32:52.767+0000: 2274.787: [GC [PSYoungGen: 581216K->288K(561088K)] 738711K->157807K(1248064K), 0.0142070 secs] [Times: user=0.05 sys=0.00, real=0.01 secs] 
2014-07-07T21:32:53.759+0000: 2275.779: [GC [PSYoungGen: 561056K->256K(673216K)] 718575K->157799K(1360192K), 0.0136120 secs] [Times: user=0.05 sys=0.00, real=0.01 secs] 
2014-07-07T21:32:54.963+0000: 2276.983: [GC [PSYoungGen: 673216K->224K(648896K)] 830759K->157807K(1335872K), 0.0055150 secs] [Times: user=0.02 sys=0.00, real=0.01 secs] 
2014-07-07T21:32:56.151+0000: 2278.171: [GC [PSYoungGen: 648855K->498K(625984K)] 806439K->158177K(1312960K), 0.0083360 secs] [Times: user=0.03 sys=0.00, real=0.01 secs] 
2014-07-07T21:32:57.244+0000: 2279.264: [GC [PSYoungGen: 625970K->256K(603584K)] 783649K->157991K(1290560K), 0.0045240 secs] [Times: user=0.01 sys=0.00, real=0.01 secs] 
2014-07-07T21:32:58.322+0000: 2280.342: [GC [PSYoungGen: 603584K->256K(582464K)] 761319K->158023K(1269440K), 0.0155810 secs] [Times: user=0.06 sys=0.00, real=0.02 secs] 
2014-07-07T21:32:59.350+0000: 2281.370: [GC [PSYoungGen: 582464K->192K(562240K)] 740231K->157983K(1249216K), 0.0124120 secs] [Times: user=0.04 sys=0.00, real=0.01 secs] 
2014-07-07T21:33:00.364+0000: 2282.384: [GC [PSYoungGen: 562240K->324K(674880K)] 720031K->158139K(1361856K), 0.0204270 secs] [Times: user=0.07 sys=0.00, real=0.02 secs] 
2014-07-07T21:33:01.562+0000: 2283.582: [GC [PSYoungGen: 674820K->288K(809728K)] 832635K->158159K(1496704K), 0.0069980 secs] [Times: user=0.01 sys=0.00, real=0.01 secs] 
2014-07-07T21:33:03.012+0000: 2285.032: [GC [PSYoungGen: 809684K->488K(779264K)] 967556K->158399K(1466240K), 0.0042520 secs] [Times: user=0.01 sys=0.00, real=0.01 secs] 
2014-07-07T21:33:04.395+0000: 2286.416: [GC [PSYoungGen: 779240K->256K(749760K)] 937151K->158199K(1436736K), 0.0048390 secs] [Times: user=0.01 sys=0.00, real=0.01 secs] 
2014-07-07T21:33:05.719+0000: 2287.739: [GC [PSYoungGen: 749760K->552K(722240K)] 907703K->158607K(1409216K), 0.0074710 secs] [Times: user=0.01 sys=0.00, real=0.00 secs] 
2014-07-07T21:33:07.021+0000: 2289.041: [GC [PSYoungGen: 722216K->320K(695424K)] 880271K->158455K(1382400K), 0.0123640 secs] [Times: user=0.05 sys=0.00, real=0.01 secs] 
2014-07-07T21:33:08.250+0000: 2290.270: [GC [PSYoungGen: 695424K->356K(834560K)] 853559K->158547K(1521536K), 0.0254270 secs] [Times: user=0.08 sys=0.00, real=0.02 secs] 
2014-07-07T21:33:09.731+0000: 2291.752: [GC [PSYoungGen: 834520K->406K(802816K)] 992712K->158637K(1489792K), 0.0067410 secs] [Times: user=0.01 sys=0.00, real=0.01 secs] 
2014-07-07T21:33:11.176+0000: 2293.196: [GC [PSYoungGen: 802774K->370K(963264K)] 961005K->158649K(1650240K), 0.0322810 secs] [Times: user=0.11 sys=0.00, real=0.04 secs] 
2014-07-07T21:33:12.874+0000: 2294.894: [GC [PSYoungGen: 963248K->320K(1155776K)] 1121528K->158639K(1842752K), 0.0075000 secs] [Times: user=0.01 sys=0.00, real=0.01 secs] 
2014-07-07T21:33:14.931+0000: 2296.952: [GC [PSYoungGen: 1155776K->448K(1108672K)] 1314095K->158791K(1795648K), 0.0059280 secs] [Times: user=0.01 sys=0.00, real=0.00 secs] 
2014-07-07T21:33:16.919+0000: 2298.940: [GC [PSYoungGen: 1108671K->420K(1063744K)] 1267015K->158891K(1750720K), 0.0038550 secs] [Times: user=0.01 sys=0.00, real=0.00 secs] 
2014-07-07T21:33:18.785+0000: 2300.805: [GC [PSYoungGen: 1063716K->288K(1020864K)] 1222187K->158839K(1707840K), 0.0073470 secs] [Times: user=0.01 sys=0.00, real=0.01 secs] 
2014-07-07T21:33:20.585+0000: 2302.605: [GC [PSYoungGen: 1020832K->356K(980224K)] 1179383K->158947K(1667200K), 0.0342540 secs] [Times: user=0.12 sys=0.00, real=0.04 secs] 
2014-07-07T21:33:22.352+0000: 2304.373: [GC [PSYoungGen: 980196K->320K(941376K)] 1138787K->158967K(1628352K), 0.0107530 secs] [Times: user=0.03 sys=0.00, real=0.01 secs] 
2014-07-07T21:33:24.044+0000: 2306.064: [GC [PSYoungGen: 941376K->388K(904576K)] 1100023K->159067K(1591552K), 0.0069170 secs] [Times: user=0.03 sys=0.00, real=0.01 secs] 
2014-07-07T21:33:25.635+0000: 2307.655: [GC [PSYoungGen: 904516K->480K(869504K)] 1063195K->159255K(1556480K), 0.0203970 secs] [Times: user=0.08 sys=0.00, real=0.02 secs] 
2014-07-07T21:33:27.203+0000: 2309.223: [GC [PSYoungGen: 869472K->242K(835776K)] 1028247K->159201K(1522752K), 0.0050520 secs] [Times: user=0.01 sys=0.00, real=0.00 secs] 
2014-07-07T21:33:28.689+0000: 2310.709: [GC [PSYoungGen: 835762K->352K(804032K)] 994721K->159383K(1491008K), 0.0086680 secs] [Times: user=0.02 sys=0.01, real=0.01 secs] 
2014-07-07T21:33:30.134+0000: 2312.154: [GC [PSYoungGen: 804000K->370K(773632K)] 963031K->159457K(1460608K), 0.0049570 secs] [Times: user=0.01 sys=0.00, real=0.00 secs] 
2014-07-07T21:33:31.492+0000: 2313.512: [GC [PSYoungGen: 773618K->456K(744768K)] 932705K->159567K(1431744K), 0.0133760 secs] [Times: user=0.05 sys=0.00, real=0.01 secs] 
2014-07-07T21:33:32.874+0000: 2314.895: [GC [PSYoungGen: 744712K->192K(716864K)] 903823K->159327K(1403840K), 0.0037260 secs] [Times: user=0.01 sys=0.00, real=0.00 secs] 
2014-07-07T21:33:34.155+0000: 2316.175: [GC [PSYoungGen: 716864K->306K(690688K)] 875999K->159457K(1377664K), 0.0046630 secs] [Times: user=0.01 sys=0.00, real=0.00 secs] 
2014-07-07T21:33:35.381+0000: 2317.401: [GC [PSYoungGen: 690644K->356K(665664K)] 849796K->159579K(1352640K), 0.0123540 secs] [Times: user=0.05 sys=0.00, real=0.02 secs] 
2014-07-07T21:33:36.547+0000: 2318.567: [GC [PSYoungGen: 665613K->324K(641728K)] 824837K->159619K(1328704K), 0.0141380 secs] [Times: user=0.04 sys=0.00, real=0.02 secs] 
2014-07-07T21:33:37.701+0000: 2319.721: [GC [PSYoungGen: 641668K->224K(618752K)] 800963K->159559K(1305728K), 0.0139400 secs] [Times: user=0.05 sys=0.00, real=0.02 secs] 
2014-07-07T21:33:38.803+0000: 2320.823: [GC [PSYoungGen: 618720K->288K(596992K)] 778055K->159671K(1283968K), 0.0139650 secs] [Times: user=0.05 sys=0.00, real=0.01 secs] 
2014-07-07T21:33:39.868+0000: 2321.888: [GC [PSYoungGen: 596960K->470K(576384K)] 756343K->159869K(1263360K), 0.0067810 secs] [Times: user=0.01 sys=0.00, real=0.01 secs] 
2014-07-07T21:33:40.907+0000: 2322.927: [GC [PSYoungGen: 576342K->562K(556608K)] 735741K->160505K(1243584K), 0.0071160 secs] [Times: user=0.02 sys=0.00, real=0.01 secs] 
2014-07-07T21:33:41.883+0000: 2323.903: [GC [PSYoungGen: 556594K->128K(537216K)] 716537K->160515K(1224192K), 0.0117250 secs] [Times: user=0.04 sys=0.00, real=0.01 secs] 
2014-07-07T21:33:42.860+0000: 2324.880: [GC [PSYoungGen: 537216K->448K(645440K)] 697603K->160987K(1332416K), 0.0313720 secs] [Times: user=0.11 sys=0.00, real=0.03 secs] 
2014-07-07T21:33:44.042+0000: 2326.062: [GC [PSYoungGen: 644992K->288K(773824K)] 805531K->160915K(1460800K), 0.0189460 secs] [Times: user=0.07 sys=0.00, real=0.02 secs] 
2014-07-07T21:33:45.419+0000: 2327.439: [GC [PSYoungGen: 773792K->306K(928576K)] 934419K->160989K(1615552K), 0.0049560 secs] [Times: user=0.01 sys=0.00, real=0.01 secs] 
2014-07-07T21:33:47.066+0000: 2329.086: [GC [PSYoungGen: 928545K->598K(1114560K)] 1089228K->161377K(1801536K), 0.0216360 secs] [Times: user=0.07 sys=0.00, real=0.02 secs] 
2014-07-07T21:33:49.069+0000: 2331.089: [GC [PSYoungGen: 1114440K->352K(1337088K)] 1275220K->161179K(2024064K), 0.0065640 secs] [Times: user=0.01 sys=0.00, real=0.01 secs] 
2014-07-07T21:33:51.421+0000: 2333.441: [GC [PSYoungGen: 1337056K->402K(1281152K)] 1497883K->161277K(1968128K), 0.0074900 secs] [Times: user=0.02 sys=0.00, real=0.01 secs] 
2014-07-07T21:33:53.701+0000: 2335.721: [GC [PSYoungGen: 1281106K->288K(1227776K)] 1441981K->161211K(1914752K), 0.0215770 secs] [Times: user=0.08 sys=0.00, real=0.02 secs] 
2014-07-07T21:33:55.867+0000: 2337.887: [GC [PSYoungGen: 1227693K->548K(1177344K)] 1388617K->161543K(1864320K), 0.0162260 secs] [Times: user=0.04 sys=0.00, real=0.01 secs] 
2014-07-07T21:33:57.984+0000: 2340.004: [GC [PSYoungGen: 1177316K->320K(1128832K)] 1338311K->161443K(1815808K), 0.0144330 secs] [Times: user=0.06 sys=0.00, real=0.02 secs] 
2014-07-07T21:34:00.002+0000: 2342.022: [GC [PSYoungGen: 1128832K->384K(1083008K)] 1289955K->161595K(1769984K), 0.0138520 secs] [Times: user=0.05 sys=0.00, real=0.02 secs] 
2014-07-07T21:34:01.934+0000: 2343.954: [GC [PSYoungGen: 1083008K->434K(1039360K)] 1244219K->161709K(1726336K), 0.0102040 secs] [Times: user=0.04 sys=0.00, real=0.01 secs] 
2014-07-07T21:34:03.792+0000: 2345.812: [GC [PSYoungGen: 1039346K->352K(997696K)] 1200621K->161667K(1684672K), 0.0045210 secs] [Times: user=0.01 sys=0.00, real=0.01 secs] 
2014-07-07T21:34:05.566+0000: 2347.587: [GC [PSYoungGen: 997664K->484K(958208K)] 1158979K->161847K(1645184K), 0.0048290 secs] [Times: user=0.01 sys=0.00, real=0.00 secs] 
2014-07-07T21:34:07.284+0000: 2349.304: [GC [PSYoungGen: 958180K->274K(920320K)] 1119543K->161741K(1607296K), 0.0159500 secs] [Times: user=0.06 sys=0.00, real=0.02 secs] 
2014-07-07T21:34:08.953+0000: 2350.973: [GC [PSYoungGen: 920274K->384K(884480K)] 1081741K->161915K(1571456K), 0.0069380 secs] [Times: user=0.01 sys=0.00, real=0.01 secs] 
2014-07-07T21:34:10.581+0000: 2352.601: [GC [PSYoungGen: 884480K->666K(850624K)] 1046011K->162261K(1537600K), 0.0106630 secs] [Times: user=0.03 sys=0.00, real=0.01 secs] 
2014-07-07T21:34:12.102+0000: 2354.122: [GC [PSYoungGen: 850586K->224K(817600K)] 1012181K->161851K(1504576K), 0.0048020 secs] [Times: user=0.01 sys=0.00, real=0.01 secs] 
2014-07-07T21:34:13.565+0000: 2355.585: [GC [PSYoungGen: 817568K->548K(786880K)] 979195K->162231K(1473856K), 0.0108690 secs] [Times: user=0.02 sys=0.00, real=0.01 secs] 
2014-07-07T21:34:14.977+0000: 2356.997: [GC [PSYoungGen: 786852K->416K(757184K)] 948535K->162123K(1444160K), 0.0068780 secs] [Times: user=0.02 sys=0.00, real=0.01 secs] 
2014-07-07T21:34:16.307+0000: 2358.327: [GC [PSYoungGen: 757124K->370K(728896K)] 918832K->162189K(1415872K), 0.0200550 secs] [Times: user=0.08 sys=0.00, real=0.03 secs] 
2014-07-07T21:34:17.594+0000: 2359.614: [GC [PSYoungGen: 728882K->224K(701888K)] 890701K->162099K(1388864K), 0.0187420 secs] [Times: user=0.06 sys=0.00, real=0.02 secs] 
2014-07-07T21:34:18.864+0000: 2360.885: [GC [PSYoungGen: 701856K->498K(676544K)] 863731K->162405K(1363520K), 0.0047580 secs] [Times: user=0.01 sys=0.00, real=0.01 secs] 
2014-07-07T21:34:20.080+0000: 2362.100: [GC [PSYoungGen: 676530K->384K(651968K)] 838437K->162339K(1338944K), 0.0196370 secs] [Times: user=0.07 sys=0.00, real=0.02 secs] 
2014-07-07T21:34:21.249+0000: 2363.269: [GC [PSYoungGen: 651968K->256K(628544K)] 813923K->162259K(1315520K), 0.0111800 secs] [Times: user=0.04 sys=0.00, real=0.01 secs] 
2014-07-07T21:34:22.384+0000: 2364.404: [GC [PSYoungGen: 628544K->370K(754368K)] 790547K->162421K(1441344K), 0.0140900 secs] [Times: user=0.05 sys=0.01, real=0.02 secs] 
2014-07-07T21:34:23.711+0000: 2365.731: [GC [PSYoungGen: 754354K->256K(726208K)] 916405K->162339K(1413184K), 0.0048440 secs] [Times: user=0.01 sys=0.00, real=0.00 secs] 
2014-07-07T21:34:25.028+0000: 2367.048: [GC [PSYoungGen: 726208K->434K(699648K)] 888291K->162549K(1386624K), 0.0056960 secs] [Times: user=0.01 sys=0.00, real=0.01 secs] 
2014-07-07T21:34:26.277+0000: 2368.297: [GC [PSYoungGen: 699634K->534K(839616K)] 861749K->162785K(1526592K), 0.0230480 secs] [Times: user=0.08 sys=0.00, real=0.03 secs] 
2014-07-07T21:34:27.759+0000: 2369.779: [GC [PSYoungGen: 839574K->256K(807232K)] 1001825K->162563K(1494208K), 0.0038880 secs] [Times: user=0.01 sys=0.00, real=0.00 secs] 
2014-07-07T21:34:29.204+0000: 2371.224: [GC [PSYoungGen: 807232K->224K(776704K)] 969539K->162571K(1463680K), 0.0064140 secs] [Times: user=0.02 sys=0.00, real=0.01 secs] 
2014-07-07T21:34:30.587+0000: 2372.607: [GC [PSYoungGen: 776617K->242K(747584K)] 938965K->162621K(1434560K), 0.0046950 secs] [Times: user=0.01 sys=0.00, real=0.01 secs] 
2014-07-07T21:34:31.933+0000: 2373.953: [GC [PSYoungGen: 747570K->338K(719936K)] 909949K->162741K(1406912K), 0.0101400 secs] [Times: user=0.04 sys=0.00, real=0.01 secs] 
2014-07-07T21:34:33.246+0000: 2375.266: [GC [PSYoungGen: 719890K->352K(693504K)] 882293K->162811K(1380480K), 0.0118270 secs] [Times: user=0.03 sys=0.00, real=0.01 secs] 
2014-07-07T21:34:34.491+0000: 2376.511: [GC [PSYoungGen: 693472K->438K(832192K)] 855931K->162921K(1519168K), 0.0380050 secs] [Times: user=0.13 sys=0.00, real=0.03 secs] 
2014-07-07T21:34:35.989+0000: 2378.009: [GC [PSYoungGen: 832182K->288K(998464K)] 994665K->162867K(1685440K), 0.0038810 secs] [Times: user=0.01 sys=0.00, real=0.01 secs] 
2014-07-07T21:34:37.753+0000: 2379.773: [GC [PSYoungGen: 998432K->388K(958976K)] 1161011K->163039K(1645952K), 0.0120090 secs] [Times: user=0.03 sys=0.00, real=0.01 secs] 
2014-07-07T21:34:39.491+0000: 2381.511: [GC [PSYoungGen: 958916K->356K(921152K)] 1121567K->163055K(1608128K), 0.0052580 secs] [Times: user=0.01 sys=0.00, real=0.00 secs] 
2014-07-07T21:34:41.145+0000: 2383.165: [GC [PSYoungGen: 921048K->416K(885248K)] 1083748K->163179K(1572224K), 0.0083080 secs] [Times: user=0.02 sys=0.01, real=0.01 secs] 
2014-07-07T21:34:42.725+0000: 2384.745: [GC [PSYoungGen: 885216K->384K(850944K)] 1047979K->163195K(1537920K), 0.0145790 secs] [Times: user=0.05 sys=0.01, real=0.01 secs] 
2014-07-07T21:34:44.271+0000: 2386.291: [GC [PSYoungGen: 850936K->370K(818368K)] 1013747K->163253K(1505344K), 0.0043760 secs] [Times: user=0.01 sys=0.00, real=0.01 secs] 
2014-07-07T21:34:45.717+0000: 2387.737: [GC [PSYoungGen: 818275K->370K(787328K)] 981159K->163333K(1474304K), 0.0047770 secs] [Times: user=0.02 sys=0.00, real=0.01 secs] 
2014-07-07T21:34:47.123+0000: 2389.144: [GC [PSYoungGen: 787314K->402K(757760K)] 950277K->163469K(1444736K), 0.0089400 secs] [Times: user=0.03 sys=0.00, real=0.01 secs] 
2014-07-07T21:34:48.459+0000: 2390.479: [GC [PSYoungGen: 757714K->274K(729408K)] 920781K->163389K(1416384K), 0.0093980 secs] [Times: user=0.03 sys=0.00, real=0.01 secs] 
2014-07-07T21:34:49.768+0000: 2391.788: [GC [PSYoungGen: 729362K->388K(702656K)] 892477K->163535K(1389632K), 0.0051320 secs] [Times: user=0.01 sys=0.00, real=0.01 secs] 
2014-07-07T21:34:51.014+0000: 2393.034: [GC [PSYoungGen: 702596K->338K(676928K)] 865743K->163517K(1363904K), 0.0048090 secs] [Times: user=0.01 sys=0.00, real=0.00 secs] 
2014-07-07T21:34:52.216+0000: 2394.236: [GC [PSYoungGen: 676882K->256K(652352K)] 840061K->163467K(1339328K), 0.0096310 secs] [Times: user=0.04 sys=0.00, real=0.01 secs] 
2014-07-07T21:34:53.380+0000: 2395.400: [GC [PSYoungGen: 652352K->292K(629056K)] 815563K->163519K(1316032K), 0.0156930 secs] [Times: user=0.05 sys=0.00, real=0.02 secs] 
2014-07-07T21:34:54.513+0000: 2396.533: [GC [PSYoungGen: 629028K->370K(606848K)] 792255K->163621K(1293824K), 0.0152960 secs] [Times: user=0.06 sys=0.00, real=0.01 secs] 
2014-07-07T21:34:55.612+0000: 2397.632: [GC [PSYoungGen: 606834K->256K(585472K)] 770085K->163595K(1272448K), 0.0047780 secs] [Times: user=0.01 sys=0.00, real=0.01 secs] 
2014-07-07T21:34:56.669+0000: 2398.689: [GC [PSYoungGen: 585472K->288K(565248K)] 748811K->163699K(1252224K), 0.0164230 secs] [Times: user=0.06 sys=0.00, real=0.02 secs] 
2014-07-07T21:34:57.680+0000: 2399.700: [GC [PSYoungGen: 565145K->420K(545984K)] 728557K->163863K(1232960K), 0.0047550 secs] [Times: user=0.01 sys=0.00, real=0.01 secs] 
2014-07-07T21:34:58.649+0000: 2400.669: [GC [PSYoungGen: 545956K->320K(527360K)] 709399K->163803K(1214336K), 0.0120100 secs] [Times: user=0.05 sys=0.00, real=0.01 secs] 
2014-07-07T21:34:59.607+0000: 2401.627: [GC [PSYoungGen: 527358K->288K(509696K)] 690842K->163811K(1196672K), 0.0027170 secs] [Times: user=0.01 sys=0.01, real=0.00 secs] 
2014-07-07T21:35:00.535+0000: 2402.555: [GC [PSYoungGen: 509664K->224K(492736K)] 673187K->163787K(1179712K), 0.0036060 secs] [Times: user=0.02 sys=0.00, real=0.00 secs] 
2014-07-07T21:35:01.428+0000: 2403.448: [GC [PSYoungGen: 492703K->288K(476672K)] 656267K->163883K(1163648K), 0.0134690 secs] [Times: user=0.05 sys=0.00, real=0.01 secs] 
2014-07-07T21:35:02.280+0000: 2404.300: [GC [PSYoungGen: 476640K->288K(461248K)] 640235K->163907K(1148224K), 0.0036870 secs] [Times: user=0.01 sys=0.00, real=0.00 secs] 
2014-07-07T21:35:03.102+0000: 2405.122: [GC [PSYoungGen: 461216K->256K(446464K)] 624835K->163891K(1133440K), 0.0044720 secs] [Times: user=0.01 sys=0.00, real=0.01 secs] 
2014-07-07T21:35:03.888+0000: 2405.908: [GC [PSYoungGen: 446464K->288K(432448K)] 610099K->163955K(1119424K), 0.0067210 secs] [Times: user=0.02 sys=0.00, real=0.01 secs] 
2014-07-07T21:35:04.657+0000: 2406.678: [GC [PSYoungGen: 432416K->402K(519040K)] 596083K->164133K(1206016K), 0.0257900 secs] [Times: user=0.09 sys=0.00, real=0.02 secs] 
2014-07-07T21:35:05.616+0000: 2407.636: [GC [PSYoungGen: 518994K->320K(622656K)] 682725K->164131K(1309632K), 0.0214200 secs] [Times: user=0.07 sys=0.00, real=0.02 secs] 
2014-07-07T21:35:06.734+0000: 2408.754: [GC [PSYoungGen: 622656K->384K(747200K)] 786467K->164283K(1434176K), 0.0300210 secs] [Times: user=0.10 sys=0.00, real=0.03 secs] 
2014-07-07T21:35:08.083+0000: 2410.103: [GC [PSYoungGen: 747200K->356K(896576K)] 911099K->164319K(1583552K), 0.0090220 secs] [Times: user=0.04 sys=0.00, real=0.01 secs] 
2014-07-07T21:35:09.677+0000: 2411.697: [GC [PSYoungGen: 896548K->338K(1075840K)] 1060511K->164349K(1762816K), 0.0184180 secs] [Times: user=0.07 sys=0.00, real=0.02 secs] 
2014-07-07T21:35:11.613+0000: 2413.633: [GC [PSYoungGen: 1075794K->288K(1290880K)] 1239805K->164331K(1977856K), 0.0071740 secs] [Times: user=0.01 sys=0.00, real=0.01 secs] 
2014-07-07T21:35:13.941+0000: 2415.961: [GC [PSYoungGen: 1290848K->384K(1237184K)] 1454891K->164459K(1924160K), 0.0053490 secs] [Times: user=0.01 sys=0.00, real=0.01 secs] 
2014-07-07T21:35:16.154+0000: 2418.174: [GC [PSYoungGen: 1237184K->384K(1186048K)] 1401259K->164563K(1873024K), 0.0196750 secs] [Times: user=0.06 sys=0.00, real=0.02 secs] 
2014-07-07T21:35:18.297+0000: 2420.317: [GC [PSYoungGen: 1186048K->384K(1137408K)] 1350227K->164683K(1824384K), 0.0081800 secs] [Times: user=0.02 sys=0.00, real=0.00 secs] 
2014-07-07T21:35:20.336+0000: 2422.356: [GC [PSYoungGen: 1137408K->416K(1091136K)] 1301707K->164787K(1778112K), 0.0060640 secs] [Times: user=0.01 sys=0.00, real=0.01 secs] 
2014-07-07T21:35:22.310+0000: 2424.330: [GC [PSYoungGen: 1091104K->356K(1046976K)] 1255475K->164759K(1733952K), 0.0203390 secs] [Times: user=0.07 sys=0.01, real=0.02 secs] 
2014-07-07T21:35:24.158+0000: 2426.178: [GC [PSYoungGen: 1046883K->360K(1004992K)] 1211286K->165081K(1691968K), 0.0049160 secs] [Times: user=0.01 sys=0.00, real=0.00 secs] 
2014-07-07T21:35:25.939+0000: 2427.959: [GC [PSYoungGen: 1004932K->534K(965248K)] 1169654K->165327K(1652224K), 0.0053590 secs] [Times: user=0.01 sys=0.00, real=0.00 secs] 
2014-07-07T21:35:27.693+0000: 2429.713: [GC [PSYoungGen: 965174K->274K(926976K)] 1129968K->165195K(1613952K), 0.0038490 secs] [Times: user=0.01 sys=0.00, real=0.00 secs] 
2014-07-07T21:35:29.388+0000: 2431.408: [GC [PSYoungGen: 926912K->406K(890880K)] 1091834K->165399K(1577856K), 0.0110450 secs] [Times: user=0.04 sys=0.00, real=0.02 secs] 
2014-07-07T21:35:30.964+0000: 2432.984: [GC [PSYoungGen: 890838K->538K(856512K)] 1055831K->165571K(1543488K), 0.0120650 secs] [Times: user=0.04 sys=0.00, real=0.01 secs] 
2014-07-07T21:35:32.496+0000: 2434.516: [GC [PSYoungGen: 856474K->160K(823296K)] 1021507K->165209K(1510272K), 0.0045180 secs] [Times: user=0.01 sys=0.00, real=0.01 secs] 
2014-07-07T21:35:33.986+0000: 2436.006: [GC [PSYoungGen: 823264K->384K(792192K)] 988313K->165465K(1479168K), 0.0075230 secs] [Times: user=0.03 sys=0.00, real=0.01 secs] 
2014-07-07T21:35:35.414+0000: 2437.435: [GC [PSYoungGen: 792192K->320K(762304K)] 957273K->165465K(1449280K), 0.0057740 secs] [Times: user=0.01 sys=0.01, real=0.01 secs] 
2014-07-07T21:35:36.754+0000: 2438.774: [GC [PSYoungGen: 762304K->420K(734016K)] 927449K->165661K(1420992K), 0.0040210 secs] [Times: user=0.01 sys=0.00, real=0.00 secs] 
2014-07-07T21:35:38.078+0000: 2440.098: [GC [PSYoungGen: 733988K->320K(706752K)] 899229K->165601K(1393728K), 0.0053620 secs] [Times: user=0.02 sys=0.00, real=0.01 secs] 
2014-07-07T21:35:39.362+0000: 2441.382: [GC [PSYoungGen: 706680K->224K(680832K)] 871962K->165553K(1367808K), 0.0175610 secs] [Times: user=0.07 sys=0.00, real=0.01 secs] 
2014-07-07T21:35:40.585+0000: 2442.605: [GC [PSYoungGen: 680746K->288K(656256K)] 846076K->165657K(1343232K), 0.0069710 secs] [Times: user=0.01 sys=0.00, real=0.01 secs] 
2014-07-07T21:35:41.747+0000: 2443.767: [GC [PSYoungGen: 656224K->534K(633024K)] 821593K->165927K(1320000K), 0.0060000 secs] [Times: user=0.02 sys=0.00, real=0.01 secs] 
2014-07-07T21:35:42.924+0000: 2444.944: [GC [PSYoungGen: 632982K->498K(610496K)] 798375K->165939K(1297472K), 0.0080300 secs] [Times: user=0.02 sys=0.00, real=0.01 secs] 
2014-07-07T21:35:44.034+0000: 2446.054: [GC [PSYoungGen: 610482K->192K(588736K)] 775923K->165657K(1275712K), 0.0047440 secs] [Times: user=0.01 sys=0.00, real=0.00 secs] 
2014-07-07T21:35:45.115+0000: 2447.135: [GC [PSYoungGen: 588736K->256K(568384K)] 754201K->165785K(1255360K), 0.0068330 secs] [Times: user=0.01 sys=0.00, real=0.01 secs] 
2014-07-07T21:35:46.175+0000: 2448.196: [GC [PSYoungGen: 568384K->402K(549056K)] 733913K->166027K(1236032K), 0.0112540 secs] [Times: user=0.05 sys=0.00, real=0.01 secs] 
2014-07-07T21:35:47.175+0000: 2449.195: [GC [PSYoungGen: 549010K->352K(530368K)] 714635K->166033K(1217344K), 0.0037980 secs] [Times: user=0.01 sys=0.00, real=0.00 secs] 
2014-07-07T21:35:48.146+0000: 2450.166: [GC [PSYoungGen: 530336K->402K(512640K)] 696017K->166131K(1199616K), 0.0101430 secs] [Times: user=0.04 sys=0.00, real=0.01 secs] 
2014-07-07T21:35:49.077+0000: 2451.097: [GC [PSYoungGen: 512594K->352K(495552K)] 678323K->166113K(1182528K), 0.0121780 secs] [Times: user=0.04 sys=0.00, real=0.01 secs] 
2014-07-07T21:35:49.974+0000: 2451.994: [GC [PSYoungGen: 495520K->274K(479232K)] 661281K->166075K(1166208K), 0.0101630 secs] [Times: user=0.04 sys=0.00, real=0.01 secs] 
2014-07-07T21:35:50.828+0000: 2452.848: [GC [PSYoungGen: 479169K->384K(463744K)] 644971K->166225K(1150720K), 0.0099310 secs] [Times: user=0.03 sys=0.01, real=0.01 secs] 
2014-07-07T21:35:51.643+0000: 2453.663: [GC [PSYoungGen: 463744K->388K(556480K)] 629585K->166253K(1243456K), 0.0176430 secs] [Times: user=0.07 sys=0.00, real=0.01 secs] 
2014-07-07T21:35:52.675+0000: 2454.695: [GC [PSYoungGen: 556420K->242K(667520K)] 722285K->166131K(1354496K), 0.0090110 secs] [Times: user=0.03 sys=0.00, real=0.01 secs] 
2014-07-07T21:35:53.864+0000: 2455.885: [GC [PSYoungGen: 667506K->388K(801216K)] 833395K->166301K(1488192K), 0.0144220 secs] [Times: user=0.05 sys=0.00, real=0.01 secs] 
2014-07-07T21:35:55.301+0000: 2457.321: [GC [PSYoungGen: 801156K->562K(771072K)] 967069K->166531K(1458048K), 0.0042380 secs] [Times: user=0.02 sys=0.00, real=0.01 secs] 
2014-07-07T21:35:56.673+0000: 2458.693: [GC [PSYoungGen: 771058K->160K(741824K)] 937027K->166209K(1428800K), 0.0072380 secs] [Times: user=0.01 sys=0.00, real=0.00 secs] 
2014-07-07T21:35:58.061+0000: 2460.081: [GC [PSYoungGen: 741792K->224K(714432K)] 907841K->166321K(1401408K), 0.0111670 secs] [Times: user=0.04 sys=0.00, real=0.01 secs] 
2014-07-07T21:35:59.363+0000: 2461.383: [GC [PSYoungGen: 714368K->324K(688384K)] 880466K->166469K(1375360K), 0.0193100 secs] [Times: user=0.05 sys=0.00, real=0.01 secs] 
2014-07-07T21:36:00.616+0000: 2462.636: [GC [PSYoungGen: 688324K->256K(663232K)] 854469K->166433K(1350208K), 0.0068580 secs] [Times: user=0.02 sys=0.00, real=0.00 secs] 
2014-07-07T21:36:01.806+0000: 2463.826: [GC [PSYoungGen: 663232K->370K(639552K)] 829409K->166563K(1326528K), 0.0055850 secs] [Times: user=0.01 sys=0.00, real=0.00 secs] 
2014-07-07T21:36:02.939+0000: 2464.959: [GC [PSYoungGen: 639538K->434K(616896K)] 805731K->166667K(1303872K), 0.0179830 secs] [Times: user=0.06 sys=0.00, real=0.02 secs] 
2014-07-07T21:36:04.048+0000: 2466.068: [GC [PSYoungGen: 616882K->512K(740288K)] 783115K->166809K(1427264K), 0.0394230 secs] [Times: user=0.15 sys=0.00, real=0.04 secs] 
2014-07-07T21:36:05.400+0000: 2467.420: [GC [PSYoungGen: 740196K->584K(888384K)] 906494K->166961K(1575360K), 0.0080810 secs] [Times: user=0.01 sys=0.00, real=0.01 secs] 
2014-07-07T21:36:06.981+0000: 2469.002: [GC [PSYoungGen: 888328K->274K(1065664K)] 1054705K->166731K(1752640K), 0.0048460 secs] [Times: user=0.01 sys=0.00, real=0.01 secs] 
2014-07-07T21:36:08.900+0000: 2470.920: [GC [PSYoungGen: 1065618K->402K(1022912K)] 1232075K->166907K(1709888K), 0.0040560 secs] [Times: user=0.01 sys=0.00, real=0.00 secs] 
2014-07-07T21:36:10.731+0000: 2472.751: [GC [PSYoungGen: 1022866K->402K(982144K)] 1189371K->166963K(1669120K), 0.0141320 secs] [Times: user=0.06 sys=0.00, real=0.02 secs] 
2014-07-07T21:36:12.482+0000: 2474.502: [GC [PSYoungGen: 982098K->256K(943104K)] 1148659K->166849K(1630080K), 0.0031150 secs] [Times: user=0.01 sys=0.00, real=0.01 secs] 
2014-07-07T21:36:14.178+0000: 2476.198: [GC [PSYoungGen: 943104K->384K(906240K)] 1109697K->167009K(1593216K), 0.0083990 secs] [Times: user=0.03 sys=0.01, real=0.01 secs] 
2014-07-07T21:36:15.828+0000: 2477.848: [GC [PSYoungGen: 906207K->616K(871296K)] 1072833K->167377K(1558272K), 0.0147060 secs] [Times: user=0.06 sys=0.00, real=0.01 secs] 
2014-07-07T21:36:17.398+0000: 2479.418: [GC [PSYoungGen: 871272K->306K(837440K)] 1038033K->167203K(1524416K), 0.0051460 secs] [Times: user=0.01 sys=0.00, real=0.00 secs] 
2014-07-07T21:36:18.872+0000: 2480.892: [GC [PSYoungGen: 837426K->288K(805440K)] 1004323K->167241K(1492416K), 0.0113520 secs] [Times: user=0.04 sys=0.00, real=0.01 secs] 
2014-07-07T21:36:20.368+0000: 2482.388: [GC [PSYoungGen: 805363K->324K(775040K)] 972317K->167309K(1462016K), 0.0095330 secs] [Times: user=0.03 sys=0.00, real=0.01 secs] 
2014-07-07T21:36:21.741+0000: 2483.761: [GC [PSYoungGen: 774980K->402K(746048K)] 941965K->167435K(1433024K), 0.0092910 secs] [Times: user=0.03 sys=0.00, real=0.01 secs] 
2014-07-07T21:36:23.078+0000: 2485.099: [GC [PSYoungGen: 746002K->288K(718272K)] 913035K->167361K(1405248K), 0.0103600 secs] [Times: user=0.04 sys=0.00, real=0.01 secs] 
2014-07-07T21:36:24.372+0000: 2486.392: [GC [PSYoungGen: 718240K->320K(691904K)] 885313K->167409K(1378880K), 0.0048010 secs] [Times: user=0.01 sys=0.00, real=0.00 secs] 
2014-07-07T21:36:25.605+0000: 2487.625: [GC [PSYoungGen: 691904K->274K(666752K)] 858993K->167451K(1353728K), 0.0103700 secs] [Times: user=0.04 sys=0.00, real=0.01 secs] 
2014-07-07T21:36:26.790+0000: 2488.810: [GC [PSYoungGen: 666706K->352K(642816K)] 833883K->167601K(1329792K), 0.0170730 secs] [Times: user=0.06 sys=0.00, real=0.02 secs] 
2014-07-07T21:36:27.950+0000: 2489.970: [GC [PSYoungGen: 642784K->416K(619968K)] 810033K->167705K(1306944K), 0.0109880 secs] [Times: user=0.04 sys=0.00, real=0.01 secs] 
2014-07-07T21:36:29.076+0000: 2491.096: [GC [PSYoungGen: 619936K->256K(597952K)] 787225K->167585K(1284928K), 0.0080910 secs] [Times: user=0.03 sys=0.00, real=0.01 secs] 
2014-07-07T21:36:30.143+0000: 2492.163: [GC [PSYoungGen: 597952K->416K(577280K)] 765281K->167793K(1264256K), 0.0085730 secs] [Times: user=0.02 sys=0.00, real=0.01 secs] 
2014-07-07T21:36:31.170+0000: 2493.191: [GC [PSYoungGen: 577248K->256K(557184K)] 744625K->167657K(1244160K), 0.0039970 secs] [Times: user=0.02 sys=0.00, real=0.00 secs] 
2014-07-07T21:36:32.171+0000: 2494.191: [GC [PSYoungGen: 557184K->256K(538176K)] 724585K->167705K(1225152K), 0.0161810 secs] [Times: user=0.05 sys=0.00, real=0.01 secs] 
2014-07-07T21:36:33.134+0000: 2495.154: [GC [PSYoungGen: 538176K->352K(520128K)] 705625K->167833K(1207104K), 0.0045780 secs] [Times: user=0.01 sys=0.00, real=0.01 secs] 
2014-07-07T21:36:34.064+0000: 2496.084: [GC [PSYoungGen: 520096K->416K(502848K)] 687577K->167945K(1189824K), 0.0095430 secs] [Times: user=0.02 sys=0.00, real=0.01 secs] 
2014-07-07T21:36:34.977+0000: 2496.997: [GC [PSYoungGen: 502816K->352K(603264K)] 670345K->167953K(1290240K), 0.0190540 secs] [Times: user=0.06 sys=0.00, real=0.02 secs] 
2014-07-07T21:36:36.058+0000: 2498.078: [GC [PSYoungGen: 603232K->288K(723776K)] 770833K->167969K(1410752K), 0.0199930 secs] [Times: user=0.07 sys=0.00, real=0.02 secs] 
2014-07-07T21:36:37.356+0000: 2499.376: [GC [PSYoungGen: 723744K->320K(868480K)] 891425K->168065K(1555456K), 0.0099310 secs] [Times: user=0.03 sys=0.00, real=0.01 secs] 
2014-07-07T21:36:38.897+0000: 2500.917: [GC [PSYoungGen: 868477K->370K(835136K)] 1036223K->168155K(1522112K), 0.0053140 secs] [Times: user=0.01 sys=0.00, real=0.01 secs] 
2014-07-07T21:36:40.410+0000: 2502.431: [GC [PSYoungGen: 835122K->256K(803136K)] 1002907K->168073K(1490112K), 0.0046110 secs] [Times: user=0.01 sys=0.00, real=0.00 secs] 
2014-07-07T21:36:41.830+0000: 2503.850: [GC [PSYoungGen: 803136K->424K(772992K)] 970953K->168265K(1459968K), 0.0067860 secs] [Times: user=0.01 sys=0.00, real=0.00 secs] 
2014-07-07T21:36:43.218+0000: 2505.238: [GC [PSYoungGen: 772968K->434K(744064K)] 940809K->168315K(1431040K), 0.0070270 secs] [Times: user=0.01 sys=0.00, real=0.01 secs] 
2014-07-07T21:36:44.567+0000: 2506.587: [GC [PSYoungGen: 744029K->288K(716352K)] 911911K->168201K(1403328K), 0.0074440 secs] [Times: user=0.01 sys=0.00, real=0.01 secs] 
2014-07-07T21:36:45.834+0000: 2507.854: [GC [PSYoungGen: 716320K->256K(689984K)] 884233K->168273K(1376960K), 0.0077520 secs] [Times: user=0.01 sys=0.00, real=0.01 secs] 
2014-07-07T21:36:47.082+0000: 2509.102: [GC [PSYoungGen: 689984K->452K(665152K)] 858001K->168541K(1352128K), 0.0103050 secs] [Times: user=0.03 sys=0.00, real=0.01 secs] 
2014-07-07T21:36:48.267+0000: 2510.287: [GC [PSYoungGen: 665092K->338K(641088K)] 833181K->168467K(1328064K), 0.0058830 secs] [Times: user=0.02 sys=0.00, real=0.01 secs] 
2014-07-07T21:36:49.429+0000: 2511.449: [GC [PSYoungGen: 641042K->256K(618176K)] 809171K->168417K(1305152K), 0.0237150 secs] [Times: user=0.08 sys=0.00, real=0.03 secs] 
2014-07-07T21:36:50.541+0000: 2512.561: [GC [PSYoungGen: 618176K->128K(596288K)] 786337K->168321K(1283264K), 0.0068320 secs] [Times: user=0.01 sys=0.01, real=0.00 secs] 
2014-07-07T21:36:51.605+0000: 2513.625: [GC [PSYoungGen: 596288K->484K(575872K)] 764481K->168717K(1262848K), 0.0118680 secs] [Times: user=0.04 sys=0.00, real=0.01 secs] 
2014-07-07T21:36:52.643+0000: 2514.664: [GC [PSYoungGen: 575844K->224K(555776K)] 744077K->168481K(1242752K), 0.0043450 secs] [Times: user=0.01 sys=0.00, real=0.00 secs] 
2014-07-07T21:36:53.636+0000: 2515.656: [GC [PSYoungGen: 555744K->256K(536832K)] 724001K->168545K(1223808K), 0.0108980 secs] [Times: user=0.04 sys=0.00, real=0.01 secs] 
2014-07-07T21:36:54.629+0000: 2516.649: [GC [PSYoungGen: 536832K->224K(644160K)] 705121K->168553K(1331136K), 0.0165530 secs] [Times: user=0.06 sys=0.00, real=0.02 secs] 
2014-07-07T21:36:55.774+0000: 2517.794: [GC [PSYoungGen: 644127K->502K(621440K)] 812457K->168927K(1308416K), 0.0060800 secs] [Times: user=0.01 sys=0.00, real=0.00 secs] 
2014-07-07T21:36:56.887+0000: 2518.907: [GC [PSYoungGen: 621430K->288K(599360K)] 789855K->168777K(1286336K), 0.0118200 secs] [Times: user=0.04 sys=0.00, real=0.01 secs] 
2014-07-07T21:36:57.948+0000: 2519.968: [GC [PSYoungGen: 599328K->352K(578496K)] 767817K->168889K(1265472K), 0.0069830 secs] [Times: user=0.01 sys=0.00, real=0.01 secs] 
2014-07-07T21:36:58.975+0000: 2520.995: [GC [PSYoungGen: 578464K->388K(558592K)] 747001K->168949K(1245568K), 0.0054850 secs] [Times: user=0.01 sys=0.00, real=0.00 secs] 
2014-07-07T21:37:00.008+0000: 2522.028: [GC [PSYoungGen: 558532K->320K(539392K)] 727093K->168897K(1226368K), 0.0048500 secs] [Times: user=0.01 sys=0.00, real=0.01 secs] 
2014-07-07T21:37:00.968+0000: 2522.988: [GC [PSYoungGen: 539392K->288K(521216K)] 707969K->168913K(1208192K), 0.0120460 secs] [Times: user=0.04 sys=0.00, real=0.01 secs] 
2014-07-07T21:37:01.898+0000: 2523.918: [GC [PSYoungGen: 521184K->306K(503808K)] 689809K->168955K(1190784K), 0.0117020 secs] [Times: user=0.04 sys=0.00, real=0.01 secs] 
2014-07-07T21:37:02.785+0000: 2524.805: [GC [PSYoungGen: 503794K->288K(604544K)] 672443K->168961K(1291520K), 0.0122080 secs] [Times: user=0.04 sys=0.00, real=0.01 secs] 
2014-07-07T21:37:03.876+0000: 2525.896: [GC [PSYoungGen: 604512K->320K(583424K)] 773185K->169009K(1270400K), 0.0049940 secs] [Times: user=0.01 sys=0.00, real=0.00 secs] 
2014-07-07T21:37:04.932+0000: 2526.952: [GC [PSYoungGen: 583424K->384K(563328K)] 752113K->169129K(1250304K), 0.0105690 secs] [Times: user=0.03 sys=0.00, real=0.01 secs] 
2014-07-07T21:37:05.948+0000: 2527.968: [GC [PSYoungGen: 563328K->320K(544000K)] 732073K->169153K(1230976K), 0.0068050 secs] [Times: user=0.02 sys=0.00, real=0.01 secs] 
2014-07-07T21:37:06.932+0000: 2528.952: [GC [PSYoungGen: 544000K->256K(525504K)] 712833K->169145K(1212480K), 0.0119440 secs] [Times: user=0.04 sys=0.00, real=0.02 secs] 
2014-07-07T21:37:07.876+0000: 2529.897: [GC [PSYoungGen: 525504K->416K(508096K)] 694393K->169353K(1195072K), 0.0107240 secs] [Times: user=0.02 sys=0.00, real=0.01 secs] 
2014-07-07T21:37:08.786+0000: 2530.806: [GC [PSYoungGen: 508064K->402K(491264K)] 677001K->169379K(1178240K), 0.0055050 secs] [Times: user=0.02 sys=0.00, real=0.00 secs] 
2014-07-07T21:37:09.688+0000: 2531.708: [GC [PSYoungGen: 491218K->178K(474944K)] 660195K->169411K(1161920K), 0.0053560 secs] [Times: user=0.01 sys=0.00, real=0.00 secs] 
2014-07-07T21:37:10.548+0000: 2532.568: [GC [PSYoungGen: 474909K->534K(459968K)] 644142K->169807K(1146944K), 0.0134970 secs] [Times: user=0.04 sys=0.00, real=0.01 secs] 
2014-07-07T21:37:11.400+0000: 2533.420: [GC [PSYoungGen: 459889K->406K(445184K)] 629163K->169743K(1132160K), 0.0050990 secs] [Times: user=0.01 sys=0.00, real=0.01 secs] 
2014-07-07T21:37:12.205+0000: 2534.225: [GC [PSYoungGen: 445142K->320K(431040K)] 614479K->169705K(1118016K), 0.0097250 secs] [Times: user=0.03 sys=0.00, real=0.01 secs] 
2014-07-07T21:37:12.994+0000: 2535.014: [GC [PSYoungGen: 430955K->402K(517312K)] 600341K->169819K(1204288K), 0.0090050 secs] [Times: user=0.02 sys=0.00, real=0.01 secs] 
2014-07-07T21:37:13.903+0000: 2535.923: [GC [PSYoungGen: 517266K->352K(500032K)] 686683K->169793K(1187008K), 0.0051290 secs] [Times: user=0.01 sys=0.00, real=0.01 secs] 
2014-07-07T21:37:14.808+0000: 2536.828: [GC [PSYoungGen: 499915K->356K(483584K)] 669356K->169925K(1170560K), 0.0097160 secs] [Times: user=0.04 sys=0.00, real=0.01 secs] 
2014-07-07T21:37:15.687+0000: 2537.707: [GC [PSYoungGen: 483556K->352K(467840K)] 653125K->170009K(1154816K), 0.0038780 secs] [Times: user=0.01 sys=0.00, real=0.00 secs] 
2014-07-07T21:37:16.528+0000: 2538.548: [GC [PSYoungGen: 467804K->224K(452672K)] 637462K->169953K(1139648K), 0.0079290 secs] [Times: user=0.03 sys=0.00, real=0.01 secs] 
2014-07-07T21:37:17.358+0000: 2539.378: [GC [PSYoungGen: 452640K->416K(543360K)] 622369K->170185K(1230336K), 0.0148290 secs] [Times: user=0.05 sys=0.00, real=0.01 secs] 
2014-07-07T21:37:18.330+0000: 2540.350: [GC [PSYoungGen: 543287K->470K(525056K)] 713057K->170271K(1212032K), 0.0069890 secs] [Times: user=0.01 sys=0.00, real=0.01 secs] 
2014-07-07T21:37:19.269+0000: 2541.289: [GC [PSYoungGen: 525008K->370K(629888K)] 694810K->170195K(1316864K), 0.0135610 secs] [Times: user=0.05 sys=0.00, real=0.01 secs] 
2014-07-07T21:37:20.388+0000: 2542.409: [GC [PSYoungGen: 629874K->288K(755776K)] 799699K->170177K(1442752K), 0.0139960 secs] [Times: user=0.04 sys=0.00, real=0.01 secs] 
2014-07-07T21:37:21.751+0000: 2543.771: [GC [PSYoungGen: 755679K->370K(906944K)] 925568K->170291K(1593920K), 0.0264140 secs] [Times: user=0.10 sys=0.00, real=0.03 secs] 
2014-07-07T21:37:23.392+0000: 2545.412: [GC [PSYoungGen: 906930K->384K(1088256K)] 1076851K->170353K(1775232K), 0.0403460 secs] [Times: user=0.14 sys=0.00, real=0.04 secs] 
2014-07-07T21:37:25.348+0000: 2547.368: [GC [PSYoungGen: 1088256K->566K(1306048K)] 1258225K->170583K(1993024K), 0.0115460 secs] [Times: user=0.04 sys=0.00, real=0.01 secs] 
2014-07-07T21:37:27.673+0000: 2549.693: [GC [PSYoungGen: 1306038K->256K(1566848K)] 1476055K->170457K(2253824K), 0.0078760 secs] [Times: user=0.02 sys=0.00, real=0.01 secs] 
2014-07-07T21:37:30.506+0000: 2552.526: [GC [PSYoungGen: 1566848K->352K(1499776K)] 1737049K->170633K(2186752K), 0.0049650 secs] [Times: user=0.02 sys=0.01, real=0.01 secs] 
2014-07-07T21:37:33.145+0000: 2555.165: [GC [PSYoungGen: 1499744K->484K(1435968K)] 1670025K->170821K(2122944K), 0.0051820 secs] [Times: user=0.01 sys=0.00, real=0.01 secs] 
2014-07-07T21:37:35.706+0000: 2557.726: [GC [PSYoungGen: 1435940K->352K(1375040K)] 1606277K->170737K(2062016K), 0.0039670 secs] [Times: user=0.02 sys=0.00, real=0.01 secs] 
2014-07-07T21:37:38.177+0000: 2560.197: [GC [PSYoungGen: 1374983K->288K(1317120K)] 1545369K->170825K(2004096K), 0.0055400 secs] [Times: user=0.02 sys=0.00, real=0.01 secs] 
2014-07-07T21:37:40.549+0000: 2562.569: [GC [PSYoungGen: 1317088K->470K(1262272K)] 1487625K->171055K(1949248K), 0.0043400 secs] [Times: user=0.02 sys=0.01, real=0.00 secs] 
2014-07-07T21:37:42.810+0000: 2564.830: [GC [PSYoungGen: 1262230K->402K(1209856K)] 1432815K->171035K(1896832K), 0.0053760 secs] [Times: user=0.02 sys=0.00, real=0.00 secs] 
2014-07-07T21:37:44.989+0000: 2567.009: [GC [PSYoungGen: 1209810K->384K(1160000K)] 1380443K->171057K(1846976K), 0.0180070 secs] [Times: user=0.06 sys=0.00, real=0.02 secs] 
2014-07-07T21:37:47.081+0000: 2569.101: [GC [PSYoungGen: 1160000K->256K(1112448K)] 1330673K->171057K(1799424K), 0.0089770 secs] [Times: user=0.03 sys=0.00, real=0.01 secs] 
2014-07-07T21:37:49.065+0000: 2571.085: [GC [PSYoungGen: 1112448K->370K(1067456K)] 1283249K->171243K(1754432K), 0.0054140 secs] [Times: user=0.02 sys=0.00, real=0.01 secs] 
2014-07-07T21:37:50.991+0000: 2573.011: [GC [PSYoungGen: 1067442K->352K(1024512K)] 1238315K->171265K(1711488K), 0.0068530 secs] [Times: user=0.02 sys=0.00, real=0.00 secs] 
2014-07-07T21:37:52.840+0000: 2574.860: [GC [PSYoungGen: 1024480K->434K(983680K)] 1195393K->171403K(1670656K), 0.0204860 secs] [Times: user=0.08 sys=0.00, real=0.02 secs] 
2014-07-07T21:37:54.610+0000: 2576.630: [GC [PSYoungGen: 983666K->256K(944576K)] 1154635K->171257K(1631552K), 0.0164160 secs] [Times: user=0.06 sys=0.00, real=0.02 secs] 
2014-07-07T21:37:56.320+0000: 2578.340: [GC [PSYoungGen: 944576K->288K(907584K)] 1115577K->171385K(1594560K), 0.0098120 secs] [Times: user=0.04 sys=0.00, real=0.01 secs] 
2014-07-07T21:37:57.937+0000: 2579.957: [GC [PSYoungGen: 907466K->406K(872448K)] 1078564K->171583K(1559424K), 0.0049250 secs] [Times: user=0.01 sys=0.00, real=0.01 secs] 
2014-07-07T21:37:59.491+0000: 2581.511: [GC [PSYoungGen: 872364K->570K(838976K)] 1043541K->171819K(1525952K), 0.0075590 secs] [Times: user=0.02 sys=0.00, real=0.01 secs] 
2014-07-07T21:38:01.021+0000: 2583.041: [GC [PSYoungGen: 838970K->192K(806592K)] 1010219K->171601K(1493568K), 0.0083280 secs] [Times: user=0.01 sys=0.00, real=0.01 secs] 
2014-07-07T21:38:02.475+0000: 2584.495: [GC [PSYoungGen: 806592K->370K(776256K)] 978001K->171803K(1463232K), 0.0040410 secs] [Times: user=0.01 sys=0.00, real=0.00 secs] 
2014-07-07T21:38:03.854+0000: 2585.874: [GC [PSYoungGen: 776242K->256K(747008K)] 947675K->171737K(1433984K), 0.0053770 secs] [Times: user=0.01 sys=0.00, real=0.00 secs] 
2014-07-07T21:38:05.196+0000: 2587.216: [GC [PSYoungGen: 747008K->416K(719488K)] 918489K->171961K(1406464K), 0.0182460 secs] [Times: user=0.06 sys=0.00, real=0.02 secs] 
2014-07-07T21:38:06.499+0000: 2588.519: [GC [PSYoungGen: 719456K->288K(692928K)] 891001K->171937K(1379904K), 0.0047840 secs] [Times: user=0.02 sys=0.00, real=0.01 secs] 
2014-07-07T21:38:07.731+0000: 2589.751: [GC [PSYoungGen: 692896K->406K(667840K)] 864545K->172103K(1354816K), 0.0153800 secs] [Times: user=0.06 sys=0.00, real=0.02 secs] 
2014-07-07T21:38:08.939+0000: 2590.959: [GC [PSYoungGen: 667798K->438K(643776K)] 839495K->172223K(1330752K), 0.0048540 secs] [Times: user=0.02 sys=0.00, real=0.01 secs] 
2014-07-07T21:38:10.121+0000: 2592.141: [GC [PSYoungGen: 643766K->416K(620864K)] 815551K->172249K(1307840K), 0.0044570 secs] [Times: user=0.02 sys=0.00, real=0.01 secs] 
2014-07-07T21:38:11.251+0000: 2593.271: [GC [PSYoungGen: 620832K->406K(598976K)] 792665K->172279K(1285952K), 0.0152100 secs] [Times: user=0.05 sys=0.00, real=0.02 secs] 
2014-07-07T21:38:12.310+0000: 2594.330: [GC [PSYoungGen: 598934K->256K(718528K)] 770807K->172177K(1405504K), 0.0352340 secs] [Times: user=0.12 sys=0.00, real=0.04 secs] 
2014-07-07T21:38:13.606+0000: 2595.626: [GC [PSYoungGen: 718528K->306K(862272K)] 890449K->172251K(1549248K), 0.0102180 secs] [Times: user=0.04 sys=0.00, real=0.01 secs] 
2014-07-07T21:38:15.168+0000: 2597.188: [GC [PSYoungGen: 862258K->434K(1034816K)] 1034203K->172411K(1721792K), 0.0247030 secs] [Times: user=0.09 sys=0.00, real=0.02 secs] 
2014-07-07T21:38:17.015+0000: 2599.035: [GC [PSYoungGen: 1034802K->434K(1241728K)] 1206779K->172555K(1928704K), 0.0076040 secs] [Times: user=0.01 sys=0.00, real=0.00 secs] 
2014-07-07T21:38:19.242+0000: 2601.262: [GC [PSYoungGen: 1241714K->256K(1190144K)] 1413835K->172441K(1877120K), 0.0062680 secs] [Times: user=0.02 sys=0.00, real=0.01 secs] 
2014-07-07T21:38:21.373+0000: 2603.393: [GC [PSYoungGen: 1190144K->224K(1141248K)] 1362329K->172441K(1828224K), 0.0048770 secs] [Times: user=0.01 sys=0.00, real=0.01 secs] 
2014-07-07T21:38:23.420+0000: 2605.440: [GC [PSYoungGen: 1141216K->320K(1094784K)] 1313433K->172561K(1781760K), 0.0049090 secs] [Times: user=0.01 sys=0.00, real=0.01 secs] 
2014-07-07T21:38:25.378+0000: 2607.398: [GC [PSYoungGen: 1094775K->384K(1050560K)] 1267016K->172649K(1737536K), 0.0126780 secs] [Times: user=0.04 sys=0.00, real=0.01 secs] 
2014-07-07T21:38:27.232+0000: 2609.253: [GC [PSYoungGen: 1050560K->438K(1008512K)] 1222825K->172831K(1695488K), 0.0054400 secs] [Times: user=0.01 sys=0.00, real=0.01 secs] 
2014-07-07T21:38:29.019+0000: 2611.039: [GC [PSYoungGen: 1008502K->256K(968192K)] 1180895K->172713K(1655168K), 0.0059140 secs] [Times: user=0.01 sys=0.00, real=0.00 secs] 
2014-07-07T21:38:30.775+0000: 2612.795: [GC [PSYoungGen: 968192K->570K(930304K)] 1140649K->173083K(1617280K), 0.0094730 secs] [Times: user=0.02 sys=0.00, real=0.01 secs] 
2014-07-07T21:38:32.449+0000: 2614.469: [GC [PSYoungGen: 930298K->306K(893696K)] 1102811K->172875K(1580672K), 0.0037370 secs] [Times: user=0.01 sys=0.00, real=0.00 secs] 
2014-07-07T21:38:34.031+0000: 2616.051: [GC [PSYoungGen: 893682K->320K(859072K)] 1066251K->172913K(1546048K), 0.0056580 secs] [Times: user=0.01 sys=0.00, real=0.01 secs] 
2014-07-07T21:38:35.572+0000: 2617.592: [GC [PSYoungGen: 859072K->288K(826048K)] 1031665K->172961K(1513024K), 0.0123150 secs] [Times: user=0.05 sys=0.00, real=0.01 secs] 
2014-07-07T21:38:37.084+0000: 2619.104: [GC [PSYoungGen: 826016K->416K(794752K)] 998689K->173217K(1481728K), 0.0086870 secs] [Times: user=0.02 sys=0.00, real=0.01 secs] 
2014-07-07T21:38:38.502+0000: 2620.522: [GC [PSYoungGen: 794720K->256K(764608K)] 967521K->173105K(1451584K), 0.0210670 secs] [Times: user=0.08 sys=0.00, real=0.02 secs] 
2014-07-07T21:38:39.858+0000: 2621.878: [GC [PSYoungGen: 764608K->352K(736192K)] 937457K->173233K(1423168K), 0.0051810 secs] [Times: user=0.01 sys=0.00, real=0.00 secs] 
2014-07-07T21:38:41.218+0000: 2623.238: [GC [PSYoungGen: 736160K->384K(708992K)] 909041K->173297K(1395968K), 0.0096750 secs] [Times: user=0.03 sys=0.00, real=0.01 secs] 
2014-07-07T21:38:42.498+0000: 2624.518: [GC [PSYoungGen: 708992K->338K(683072K)] 881905K->173307K(1370048K), 0.0069120 secs] [Times: user=0.01 sys=0.00, real=0.00 secs] 
2014-07-07T21:38:43.739+0000: 2625.759: [GC [PSYoungGen: 683026K->192K(658112K)] 855995K->173185K(1345088K), 0.0048760 secs] [Times: user=0.01 sys=0.00, real=0.00 secs] 
2014-07-07T21:38:44.920+0000: 2626.941: [GC [PSYoungGen: 658112K->516K(790080K)] 831105K->173565K(1477056K), 0.0387790 secs] [Times: user=0.13 sys=0.00, real=0.04 secs] 
2014-07-07T21:38:46.368+0000: 2628.388: [GC [PSYoungGen: 789993K->420K(947904K)] 963043K->173733K(1634880K), 0.0078130 secs] [Times: user=0.02 sys=0.00, real=0.00 secs] 
2014-07-07T21:38:48.044+0000: 2630.064: [GC [PSYoungGen: 947876K->384K(910656K)] 1121189K->173793K(1597632K), 0.0044990 secs] [Times: user=0.01 sys=0.00, real=0.00 secs] 
2014-07-07T21:38:49.654+0000: 2631.674: [GC [PSYoungGen: 910656K->192K(875008K)] 1084065K->173673K(1561984K), 0.0046450 secs] [Times: user=0.01 sys=0.00, real=0.00 secs] 
2014-07-07T21:38:51.255+0000: 2633.275: [GC [PSYoungGen: 875008K->192K(1049984K)] 1048489K->173697K(1736960K), 0.0324550 secs] [Times: user=0.11 sys=0.00, real=0.03 secs] 
2014-07-07T21:38:53.116+0000: 2635.136: [GC [PSYoungGen: 1049984K->256K(1007936K)] 1223489K->173793K(1694912K), 0.0047360 secs] [Times: user=0.01 sys=0.00, real=0.01 secs] 
2014-07-07T21:38:54.908+0000: 2636.929: [GC [PSYoungGen: 1007936K->288K(967936K)] 1181473K->173841K(1654912K), 0.0049730 secs] [Times: user=0.01 sys=0.00, real=0.01 secs] 
2014-07-07T21:38:56.663+0000: 2638.684: [GC [PSYoungGen: 967904K->370K(929856K)] 1141457K->174035K(1616832K), 0.0275040 secs] [Times: user=0.09 sys=0.00, real=0.03 secs] 
2014-07-07T21:38:58.358+0000: 2640.379: [GC [PSYoungGen: 929842K->402K(893568K)] 1103507K->174155K(1580544K), 0.0120320 secs] [Times: user=0.04 sys=0.00, real=0.02 secs] 
2014-07-07T21:38:59.956+0000: 2641.976: [GC [PSYoungGen: 893494K->420K(858944K)] 1067248K->174221K(1545920K), 0.0097950 secs] [Times: user=0.03 sys=0.00, real=0.01 secs] 
2014-07-07T21:39:01.491+0000: 2643.511: [GC [PSYoungGen: 858881K->356K(825920K)] 1032683K->174189K(1512896K), 0.0048320 secs] [Times: user=0.01 sys=0.00, real=0.00 secs] 
2014-07-07T21:39:02.970+0000: 2644.991: [GC [PSYoungGen: 825892K->438K(794560K)] 999725K->174295K(1481536K), 0.0110970 secs] [Times: user=0.04 sys=0.00, real=0.02 secs] 
2014-07-07T21:39:04.430+0000: 2646.450: [GC [PSYoungGen: 794550K->402K(764608K)] 968407K->174307K(1451584K), 0.0035860 secs] [Times: user=0.02 sys=0.00, real=0.01 secs] 
2014-07-07T21:39:05.801+0000: 2647.821: [GC [PSYoungGen: 764562K->434K(736064K)] 938467K->174443K(1423040K), 0.0106240 secs] [Times: user=0.04 sys=0.00, real=0.02 secs] 
2014-07-07T21:39:07.151+0000: 2649.171: [GC [PSYoungGen: 736050K->516K(708992K)] 910059K->174605K(1395968K), 0.0038720 secs] [Times: user=0.01 sys=0.00, real=0.01 secs] 
2014-07-07T21:39:08.436+0000: 2650.456: [GC [PSYoungGen: 708930K->224K(850368K)] 883020K->174377K(1537344K), 0.0388020 secs] [Times: user=0.13 sys=0.00, real=0.04 secs] 
2014-07-07T21:39:09.982+0000: 2652.002: [GC [PSYoungGen: 850336K->192K(1020352K)] 1024489K->174385K(1707328K), 0.0107720 secs] [Times: user=0.04 sys=0.00, real=0.02 secs] 
2014-07-07T21:39:11.837+0000: 2653.857: [GC [PSYoungGen: 1020344K->224K(979712K)] 1194538K->174449K(1666688K), 0.0063530 secs] [Times: user=0.01 sys=0.00, real=0.01 secs] 
2014-07-07T21:39:13.588+0000: 2655.608: [GC [PSYoungGen: 979680K->434K(941184K)] 1153905K->174691K(1628160K), 0.0114700 secs] [Times: user=0.03 sys=0.00, real=0.01 secs] 
2014-07-07T21:39:15.309+0000: 2657.329: [GC [PSYoungGen: 941166K->402K(904320K)] 1115424K->174699K(1591296K), 0.0150910 secs] [Times: user=0.06 sys=0.00, real=0.02 secs] 
2014-07-07T21:39:16.947+0000: 2658.967: [GC [PSYoungGen: 904274K->224K(868992K)] 1078571K->174641K(1555968K), 0.0060600 secs] [Times: user=0.01 sys=0.00, real=0.01 secs] 
2014-07-07T21:39:18.508+0000: 2660.528: [GC [PSYoungGen: 868960K->306K(835584K)] 1043377K->174779K(1522560K), 0.0083460 secs] [Times: user=0.03 sys=0.00, real=0.01 secs] 
2014-07-07T21:39:20.011+0000: 2662.031: [GC [PSYoungGen: 835570K->602K(804032K)] 1010043K->175123K(1491008K), 0.0132360 secs] [Times: user=0.05 sys=0.00, real=0.02 secs] 
2014-07-07T21:39:21.462+0000: 2663.482: [GC [PSYoungGen: 803994K->256K(773248K)] 978515K->174825K(1460224K), 0.0046660 secs] [Times: user=0.01 sys=0.00, real=0.01 secs] 
2014-07-07T21:39:22.845+0000: 2664.865: [GC [PSYoungGen: 773174K->470K(744576K)] 947743K->175071K(1431552K), 0.0123110 secs] [Times: user=0.04 sys=0.00, real=0.01 secs] 
2014-07-07T21:39:24.198+0000: 2666.218: [GC [PSYoungGen: 744488K->484K(716992K)] 919090K->175109K(1403968K), 0.0042980 secs] [Times: user=0.01 sys=0.00, real=0.00 secs] 
2014-07-07T21:39:25.483+0000: 2667.503: [GC [PSYoungGen: 716964K->416K(860224K)] 891589K->175121K(1547200K), 0.0298190 secs] [Times: user=0.11 sys=0.00, real=0.03 secs] 
2014-07-07T21:39:27.049+0000: 2669.069: [GC [PSYoungGen: 860129K->452K(1032256K)] 1034835K->175253K(1719232K), 0.0179410 secs] [Times: user=0.06 sys=0.00, real=0.02 secs] 
2014-07-07T21:39:28.899+0000: 2670.919: [GC [PSYoungGen: 1032196K->320K(990848K)] 1206997K->175201K(1677824K), 0.0094580 secs] [Times: user=0.03 sys=0.01, real=0.01 secs] 
2014-07-07T21:39:30.668+0000: 2672.688: [GC [PSYoungGen: 990848K->192K(951424K)] 1165729K->175105K(1638400K), 0.0123940 secs] [Times: user=0.04 sys=0.00, real=0.01 secs] 
2014-07-07T21:39:32.383+0000: 2674.403: [GC [PSYoungGen: 951424K->420K(914304K)] 1126337K->175381K(1601280K), 0.0047790 secs] [Times: user=0.01 sys=0.00, real=0.01 secs] 
2014-07-07T21:39:34.030+0000: 2676.050: [GC [PSYoungGen: 914270K->288K(878592K)] 1089232K->175273K(1565568K), 0.0109180 secs] [Times: user=0.04 sys=0.00, real=0.01 secs] 
2014-07-07T21:39:35.595+0000: 2677.615: [GC [PSYoungGen: 878560K->256K(844608K)] 1053545K->175313K(1531584K), 0.0041240 secs] [Times: user=0.01 sys=0.00, real=0.01 secs] 
2014-07-07T21:39:37.114+0000: 2679.134: [GC [PSYoungGen: 844608K->288K(812352K)] 1019665K->175433K(1499328K), 0.0152510 secs] [Times: user=0.06 sys=0.00, real=0.02 secs] 
2014-07-07T21:39:38.591+0000: 2680.611: [GC [PSYoungGen: 812320K->274K(781568K)] 987465K->175459K(1468544K), 0.0040070 secs] [Times: user=0.01 sys=0.00, real=0.00 secs] 
2014-07-07T21:39:40.014+0000: 2682.034: [GC [PSYoungGen: 781522K->484K(752448K)] 956707K->175725K(1439424K), 0.0115870 secs] [Times: user=0.04 sys=0.00, real=0.01 secs] 
2014-07-07T21:39:41.368+0000: 2683.388: [GC [PSYoungGen: 752420K->338K(724352K)] 927661K->175611K(1411328K), 0.0116170 secs] [Times: user=0.04 sys=0.00, real=0.01 secs] 
2014-07-07T21:39:42.662+0000: 2684.682: [GC [PSYoungGen: 724306K->274K(697600K)] 899579K->175587K(1384576K), 0.0072910 secs] [Times: user=0.01 sys=0.00, real=0.01 secs] 
2014-07-07T21:39:43.954+0000: 2685.975: [GC [PSYoungGen: 697554K->534K(672448K)] 872867K->175879K(1359424K), 0.0074190 secs] [Times: user=0.01 sys=0.00, real=0.01 secs] 
2014-07-07T21:39:45.154+0000: 2687.174: [GC [PSYoungGen: 672406K->384K(648000K)] 847751K->175809K(1334976K), 0.0131180 secs] [Times: user=0.05 sys=0.00, real=0.01 secs] 
2014-07-07T21:39:46.321+0000: 2688.341: [GC [PSYoungGen: 648000K->288K(777472K)] 823425K->175801K(1464448K), 0.0329000 secs] [Times: user=0.13 sys=0.00, real=0.03 secs] 
2014-07-07T21:39:47.715+0000: 2689.735: [GC [PSYoungGen: 777440K->388K(933056K)] 952953K->175949K(1620032K), 0.0156900 secs] [Times: user=0.06 sys=0.00, real=0.02 secs] 
2014-07-07T21:39:49.418+0000: 2691.438: [GC [PSYoungGen: 932940K->552K(1119744K)] 1108502K->176153K(1806720K), 0.0451760 secs] [Times: user=0.15 sys=0.00, real=0.04 secs] 
2014-07-07T21:39:51.433+0000: 2693.453: [GC [PSYoungGen: 1119720K->288K(1343360K)] 1295321K->175929K(2030336K), 0.0247710 secs] [Times: user=0.09 sys=0.00, real=0.02 secs] 
2014-07-07T21:39:53.849+0000: 2695.869: [GC [PSYoungGen: 1343328K->384K(1554496K)] 1518969K->176057K(2241472K), 0.0153060 secs] [Times: user=0.05 sys=0.00, real=0.01 secs] 
2014-07-07T21:39:56.636+0000: 2698.656: [GC [PSYoungGen: 1554240K->352K(1487616K)] 1729913K->176089K(2174592K), 0.0052850 secs] [Times: user=0.01 sys=0.00, real=0.01 secs] 
2014-07-07T21:39:59.298+0000: 2701.318: [GC [PSYoungGen: 1487560K->384K(1424256K)] 1663298K->176265K(2111232K), 0.0178190 secs] [Times: user=0.06 sys=0.00, real=0.02 secs] 
2014-07-07T21:40:01.838+0000: 2703.858: [GC [PSYoungGen: 1424256K->288K(1363968K)] 1600137K->176217K(2050944K), 0.0133530 secs] [Times: user=0.04 sys=0.01, real=0.02 secs] 
2014-07-07T21:40:04.307+0000: 2706.327: [GC [PSYoungGen: 1363861K->520K(1306880K)] 1539791K->176497K(1993856K), 0.0056980 secs] [Times: user=0.01 sys=0.00, real=0.01 secs] 
2014-07-07T21:40:06.632+0000: 2708.652: [GC [PSYoungGen: 1306824K->288K(1252096K)] 1482801K->176361K(1939072K), 0.0036120 secs] [Times: user=0.01 sys=0.00, real=0.00 secs] 
2014-07-07T21:40:08.863+0000: 2710.883: [GC [PSYoungGen: 1252064K->388K(1200384K)] 1428137K->176557K(1887360K), 0.0068640 secs] [Times: user=0.01 sys=0.00, real=0.00 secs] 
2014-07-07T21:40:11.065+0000: 2713.085: [GC [PSYoungGen: 1200324K->388K(1151040K)] 1376493K->176597K(1838016K), 0.0052150 secs] [Times: user=0.01 sys=0.00, real=0.00 secs] 
2014-07-07T21:40:13.158+0000: 2715.178: [GC [PSYoungGen: 1150896K->356K(1104000K)] 1327106K->176613K(1790976K), 0.0121390 secs] [Times: user=0.04 sys=0.00, real=0.01 secs] 
2014-07-07T21:40:15.155+0000: 2717.175: [GC [PSYoungGen: 1103972K->384K(1059328K)] 1280229K->176689K(1746304K), 0.0125240 secs] [Times: user=0.05 sys=0.00, real=0.01 secs] 
2014-07-07T21:40:17.050+0000: 2719.070: [GC [PSYoungGen: 1059328K->434K(1016832K)] 1235633K->176883K(1703808K), 0.0125560 secs] [Times: user=0.05 sys=0.00, real=0.02 secs] 
2014-07-07T21:40:18.864+0000: 2720.884: [GC [PSYoungGen: 1016818K->370K(976256K)] 1193267K->176891K(1663232K), 0.0100900 secs] [Times: user=0.03 sys=0.00, real=0.01 secs] 
2014-07-07T21:40:20.614+0000: 2722.634: [GC [PSYoungGen: 976242K->288K(937600K)] 1152763K->176873K(1624576K), 0.0079540 secs] [Times: user=0.03 sys=0.00, real=0.00 secs] 
2014-07-07T21:40:22.330+0000: 2724.350: [GC [PSYoungGen: 937550K->406K(900992K)] 1114136K->177023K(1587968K), 0.0050820 secs] [Times: user=0.01 sys=0.00, real=0.01 secs] 
2014-07-07T21:40:23.941+0000: 2725.961: [GC [PSYoungGen: 900911K->470K(866048K)] 1077529K->177103K(1553024K), 0.0050240 secs] [Times: user=0.02 sys=0.00, real=0.01 secs] 
2014-07-07T21:40:25.730+0000: 2727.750: [GC [PSYoungGen: 865923K->224K(832448K)] 1042557K->177013K(1519424K), 0.0046050 secs] [Times: user=0.01 sys=0.00, real=0.01 secs] 
2014-07-07T21:40:27.554+0000: 2729.574: [GC [PSYoungGen: 832416K->128K(800576K)] 1009205K->177013K(1487552K), 0.0042830 secs] [Times: user=0.01 sys=0.00, real=0.01 secs] 
2014-07-07T21:40:29.311+0000: 2731.332: [GC [PSYoungGen: 800576K->160K(770368K)] 977461K->177109K(1457344K), 0.0105000 secs] [Times: user=0.03 sys=0.00, real=0.01 secs] 
2014-07-07T21:40:31.013+0000: 2733.033: [GC [PSYoungGen: 770322K->274K(741696K)] 947272K->177247K(1428672K), 0.0048340 secs] [Times: user=0.01 sys=0.00, real=0.01 secs] 
2014-07-07T21:40:32.643+0000: 2734.663: [GC [PSYoungGen: 741640K->520K(714496K)] 918614K->177549K(1401472K), 0.0114880 secs] [Times: user=0.04 sys=0.00, real=0.02 secs] 
2014-07-07T21:40:34.217+0000: 2736.237: [GC [PSYoungGen: 714395K->438K(688192K)] 891424K->177491K(1375168K), 0.0095250 secs] [Times: user=0.04 sys=0.00, real=0.01 secs] 
2014-07-07T21:40:35.733+0000: 2737.753: [GC [PSYoungGen: 688087K->310K(663104K)] 865141K->177639K(1350080K), 0.0312970 secs] [Times: user=0.12 sys=0.00, real=0.03 secs] 
2014-07-07T21:40:37.195+0000: 2739.215: [GC [PSYoungGen: 663094K->434K(639424K)] 840423K->177827K(1326400K), 0.0080990 secs] [Times: user=0.03 sys=0.00, real=0.00 secs] 
2014-07-07T21:40:38.604+0000: 2740.624: [GC [PSYoungGen: 639410K->338K(616640K)] 816803K->177795K(1303616K), 0.0177100 secs] [Times: user=0.07 sys=0.00, real=0.02 secs] 
2014-07-07T21:40:39.956+0000: 2741.977: [GC [PSYoungGen: 616594K->274K(594880K)] 794051K->177755K(1281856K), 0.0079230 secs] [Times: user=0.03 sys=0.00, real=0.00 secs] 
2014-07-07T21:40:41.269+0000: 2743.289: [GC [PSYoungGen: 594834K->224K(574080K)] 772315K->177737K(1261056K), 0.0070150 secs] [Times: user=0.02 sys=0.00, real=0.01 secs] 
2014-07-07T21:40:42.528+0000: 2744.549: [GC [PSYoungGen: 574048K->96K(554176K)] 751561K->177633K(1241152K), 0.0036170 secs] [Times: user=0.01 sys=0.00, real=0.00 secs] 
2014-07-07T21:40:43.749+0000: 2745.769: [GC [PSYoungGen: 554144K->488K(535680K)] 731681K->178065K(1222656K), 0.0089080 secs] [Times: user=0.02 sys=0.01, real=0.01 secs] 
2014-07-07T21:40:44.923+0000: 2746.943: [GC [PSYoungGen: 535656K->388K(517568K)] 713233K->178021K(1204544K), 0.0128500 secs] [Times: user=0.05 sys=0.00, real=0.02 secs] 
2014-07-07T21:40:46.056+0000: 2748.076: [GC [PSYoungGen: 517508K->224K(500160K)] 695141K->177937K(1187136K), 0.0101010 secs] [Times: user=0.01 sys=0.00, real=0.01 secs] 
2014-07-07T21:40:47.160+0000: 2749.180: [GC [PSYoungGen: 500128K->356K(483840K)] 677841K->178101K(1170816K), 0.0048030 secs] [Times: user=0.01 sys=0.00, real=0.00 secs] 
2014-07-07T21:40:48.217+0000: 2750.237: [GC [PSYoungGen: 483790K->406K(468160K)] 661536K->178175K(1155136K), 0.0088170 secs] [Times: user=0.01 sys=0.00, real=0.00 secs] 
2014-07-07T21:40:49.248+0000: 2751.268: [GC [PSYoungGen: 468118K->224K(452928K)] 645887K->178017K(1139904K), 0.0098680 secs] [Times: user=0.04 sys=0.00, real=0.01 secs] 
2014-07-07T21:40:50.243+0000: 2752.263: [GC [PSYoungGen: 452896K->224K(438528K)] 630689K->178041K(1125504K), 0.0037680 secs] [Times: user=0.01 sys=0.00, real=0.01 secs] 
2014-07-07T21:40:51.219+0000: 2753.239: [GC [PSYoungGen: 438496K->356K(424896K)] 616313K->178213K(1111872K), 0.0070930 secs] [Times: user=0.02 sys=0.00, real=0.00 secs] 
2014-07-07T21:40:52.148+0000: 2754.168: [GC [PSYoungGen: 424868K->192K(411520K)] 602725K->178097K(1098496K), 0.0068970 secs] [Times: user=0.01 sys=0.01, real=0.00 secs] 
2014-07-07T21:40:53.051+0000: 2755.071: [GC [PSYoungGen: 411518K->370K(399104K)] 589423K->178315K(1086080K), 0.0110390 secs] [Times: user=0.04 sys=0.00, real=0.01 secs] 
2014-07-07T21:40:53.920+0000: 2755.940: [GC [PSYoungGen: 399090K->384K(478848K)] 577035K->178369K(1165824K), 0.0217340 secs] [Times: user=0.08 sys=0.00, real=0.02 secs] 
2014-07-07T21:40:54.974+0000: 2756.994: [GC [PSYoungGen: 478845K->498K(574720K)] 656831K->178555K(1261696K), 0.0241760 secs] [Times: user=0.08 sys=0.00, real=0.03 secs] 
2014-07-07T21:40:56.236+0000: 2758.256: [GC [PSYoungGen: 574706K->192K(689280K)] 752763K->178321K(1376256K), 0.0044410 secs] [Times: user=0.01 sys=0.00, real=0.01 secs] 
2014-07-07T21:40:57.744+0000: 2759.764: [GC [PSYoungGen: 689280K->160K(827136K)] 867409K->178337K(1514112K), 0.0075010 secs] [Times: user=0.01 sys=0.00, real=0.01 secs] 
2014-07-07T21:40:59.551+0000: 2761.571: [GC [PSYoungGen: 827104K->192K(795648K)] 1005281K->178393K(1482624K), 0.0096150 secs] [Times: user=0.04 sys=0.00, real=0.01 secs] 
2014-07-07T21:41:01.307+0000: 2763.327: [GC [PSYoungGen: 795648K->474K(765952K)] 973849K->178723K(1452928K), 0.0039850 secs] [Times: user=0.01 sys=0.00, real=0.01 secs] 
2014-07-07T21:41:02.988+0000: 2765.008: [GC [PSYoungGen: 765914K->256K(737088K)] 944163K->178529K(1424064K), 0.0050260 secs] [Times: user=0.01 sys=0.00, real=0.01 secs] 
2014-07-07T21:41:04.600+0000: 2766.620: [GC [PSYoungGen: 737088K->224K(709824K)] 915361K->178529K(1396800K), 0.0259770 secs] [Times: user=0.09 sys=0.00, real=0.02 secs] 
2014-07-07T21:41:06.167+0000: 2768.187: [GC [PSYoungGen: 709792K->320K(851840K)] 888097K->178721K(1538816K), 0.0260740 secs] [Times: user=0.09 sys=0.00, real=0.03 secs] 
2014-07-07T21:41:08.037+0000: 2770.057: [GC [PSYoungGen: 851784K->292K(1022144K)] 1030186K->178773K(1709120K), 0.0192930 secs] [Times: user=0.07 sys=0.00, real=0.02 secs] 
2014-07-07T21:41:10.278+0000: 2772.298: [GC [PSYoungGen: 1022116K->128K(981184K)] 1200597K->178641K(1668160K), 0.0054420 secs] [Times: user=0.01 sys=0.00, real=0.01 secs] 
2014-07-07T21:41:12.432+0000: 2774.452: [GC [PSYoungGen: 981184K->192K(942464K)] 1159697K->178737K(1629440K), 0.0117250 secs] [Times: user=0.04 sys=0.00, real=0.01 secs] 
2014-07-07T21:41:14.509+0000: 2776.529: [GC [PSYoungGen: 942464K->388K(905728K)] 1121009K->178957K(1592704K), 0.0076310 secs] [Times: user=0.01 sys=0.00, real=0.01 secs] 
2014-07-07T21:41:16.492+0000: 2778.512: [GC [PSYoungGen: 905627K->338K(870464K)] 1084197K->178987K(1557440K), 0.0168730 secs] [Times: user=0.06 sys=0.00, real=0.01 secs] 
2014-07-07T21:41:18.394+0000: 2780.414: [GC [PSYoungGen: 870418K->192K(836736K)] 1049067K->178937K(1523712K), 0.0081260 secs] [Times: user=0.03 sys=0.00, real=0.01 secs] 
2014-07-07T21:41:20.235+0000: 2782.255: [GC [PSYoungGen: 836702K->552K(805184K)] 1015448K->179353K(1492160K), 0.0150040 secs] [Times: user=0.05 sys=0.00, real=0.01 secs] 
2014-07-07T21:41:21.993+0000: 2784.013: [GC [PSYoungGen: 805160K->370K(774528K)] 983961K->179219K(1461504K), 0.0071030 secs] [Times: user=0.03 sys=0.00, real=0.00 secs] 
2014-07-07T21:41:23.698+0000: 2785.718: [GC [PSYoungGen: 774435K->630K(745792K)] 953285K->179543K(1432768K), 0.0126110 secs] [Times: user=0.03 sys=0.00, real=0.01 secs] 
2014-07-07T21:41:25.329+0000: 2787.349: [GC [PSYoungGen: 745781K->306K(717824K)] 924695K->179275K(1404800K), 0.0153520 secs] [Times: user=0.05 sys=0.00, real=0.02 secs] 
2014-07-07T21:41:26.905+0000: 2788.925: [GC [PSYoungGen: 717810K->434K(691584K)] 896779K->179531K(1378560K), 0.0239570 secs] [Times: user=0.08 sys=0.00, real=0.02 secs] 
2014-07-07T21:41:28.432+0000: 2790.452: [GC [PSYoungGen: 691570K->224K(829632K)] 870667K->179393K(1516608K), 0.0205240 secs] [Times: user=0.06 sys=0.00, real=0.02 secs] 
2014-07-07T21:41:30.249+0000: 2792.269: [GC [PSYoungGen: 829594K->242K(798016K)] 1008763K->179459K(1484992K), 0.0103540 secs] [Times: user=0.04 sys=0.00, real=0.01 secs] 
2014-07-07T21:41:32.001+0000: 2794.021: [GC [PSYoungGen: 798002K->224K(767872K)] 977219K->179465K(1454848K), 0.0204890 secs] [Times: user=0.07 sys=0.00, real=0.02 secs] 
2014-07-07T21:41:33.690+0000: 2795.710: [GC [PSYoungGen: 767840K->160K(739136K)] 947081K->179425K(1426112K), 0.0175490 secs] [Times: user=0.06 sys=0.00, real=0.02 secs] 
2014-07-07T21:41:35.311+0000: 2797.331: [GC [PSYoungGen: 739101K->192K(711744K)] 918367K->179489K(1398720K), 0.0049140 secs] [Times: user=0.01 sys=0.01, real=0.01 secs] 
2014-07-07T21:41:36.873+0000: 2798.893: [GC [PSYoungGen: 711744K->288K(685760K)] 891041K->179697K(1372736K), 0.0080390 secs] [Times: user=0.01 sys=0.00, real=0.01 secs] 
2014-07-07T21:41:38.382+0000: 2800.402: [GC [PSYoungGen: 685728K->356K(660928K)] 865137K->179805K(1347904K), 0.0055020 secs] [Times: user=0.01 sys=0.00, real=0.01 secs] 
2014-07-07T21:41:39.844+0000: 2801.865: [GC [PSYoungGen: 660843K->242K(637056K)] 840293K->179731K(1324032K), 0.0053930 secs] [Times: user=0.01 sys=0.00, real=0.01 secs] 
2014-07-07T21:41:41.235+0000: 2803.255: [GC [PSYoungGen: 637042K->224K(614400K)] 816531K->179753K(1301376K), 0.0085330 secs] [Times: user=0.02 sys=0.00, real=0.00 secs] 
2014-07-07T21:41:42.589+0000: 2804.609: [GC [PSYoungGen: 614368K->178K(592768K)] 793897K->179731K(1279744K), 0.0151120 secs] [Times: user=0.06 sys=0.00, real=0.01 secs] 
2014-07-07T21:41:43.892+0000: 2805.912: [GC [PSYoungGen: 592754K->224K(572224K)] 772307K->179793K(1259200K), 0.0054740 secs] [Times: user=0.01 sys=0.00, real=0.01 secs] 
2014-07-07T21:41:45.159+0000: 2807.179: [GC [PSYoungGen: 572192K->402K(552704K)] 751761K->180027K(1239680K), 0.0264230 secs] [Times: user=0.10 sys=0.00, real=0.03 secs] 
2014-07-07T21:41:46.374+0000: 2808.394: [GC [PSYoungGen: 552658K->160K(533632K)] 732283K->179849K(1220608K), 0.0079970 secs] [Times: user=0.01 sys=0.00, real=0.01 secs] 
2014-07-07T21:41:47.545+0000: 2809.565: [GC [PSYoungGen: 533587K->224K(515776K)] 713277K->179953K(1202752K), 0.0055630 secs] [Times: user=0.01 sys=0.00, real=0.01 secs] 
2014-07-07T21:41:48.678+0000: 2810.698: [GC [PSYoungGen: 515743K->274K(498688K)] 695473K->180035K(1185664K), 0.0086860 secs] [Times: user=0.02 sys=0.00, real=0.01 secs] 
2014-07-07T21:41:49.769+0000: 2811.789: [GC [PSYoungGen: 498555K->292K(482304K)] 678316K->180093K(1169280K), 0.0087920 secs] [Times: user=0.04 sys=0.00, real=0.01 secs] 
2014-07-07T21:41:50.832+0000: 2812.852: [GC [PSYoungGen: 482276K->224K(466560K)] 662077K->180073K(1153536K), 0.0075610 secs] [Times: user=0.02 sys=0.00, real=0.01 secs] 
2014-07-07T21:41:51.862+0000: 2813.882: [GC [PSYoungGen: 466528K->434K(451776K)] 646377K->180323K(1138752K), 0.0068870 secs] [Times: user=0.01 sys=0.00, real=0.01 secs] 
2014-07-07T21:41:52.859+0000: 2814.879: [GC [PSYoungGen: 451762K->320K(541952K)] 631651K->180257K(1228928K), 0.0250950 secs] [Times: user=0.09 sys=0.00, real=0.02 secs] 
2014-07-07T21:41:54.048+0000: 2816.068: [GC [PSYoungGen: 541952K->470K(650496K)] 721889K->180439K(1337472K), 0.0135070 secs] [Times: user=0.05 sys=0.00, real=0.01 secs] 
2014-07-07T21:41:55.476+0000: 2817.497: [GC [PSYoungGen: 650454K->242K(780288K)] 830423K->180331K(1467264K), 0.0170760 secs] [Times: user=0.06 sys=0.00, real=0.02 secs] 
2014-07-07T21:41:57.193+0000: 2819.214: [GC [PSYoungGen: 780224K->306K(936384K)] 960314K->180491K(1623360K), 0.0149460 secs] [Times: user=0.05 sys=0.00, real=0.02 secs] 
2014-07-07T21:41:59.267+0000: 2821.288: [GC [PSYoungGen: 936331K->388K(899840K)] 1116517K->180645K(1586816K), 0.0035320 secs] [Times: user=0.01 sys=0.00, real=0.01 secs] 
2014-07-07T21:42:01.236+0000: 2823.256: [GC [PSYoungGen: 899780K->256K(864704K)] 1080037K->180553K(1551680K), 0.0055070 secs] [Times: user=0.02 sys=0.00, real=0.01 secs] 
2014-07-07T21:42:03.128+0000: 2825.148: [GC [PSYoungGen: 864704K->128K(831296K)] 1045001K->180449K(1518272K), 0.0044330 secs] [Times: user=0.01 sys=0.00, real=0.00 secs] 
2014-07-07T21:42:04.960+0000: 2826.981: [GC [PSYoungGen: 831296K->224K(799744K)] 1011617K->180569K(1486720K), 0.0114460 secs] [Times: user=0.04 sys=0.00, real=0.01 secs] 
2014-07-07T21:42:06.723+0000: 2828.743: [GC [PSYoungGen: 799712K->192K(769472K)] 980057K->180633K(1456448K), 0.0041730 secs] [Times: user=0.01 sys=0.00, real=0.00 secs] 
2014-07-07T21:42:08.411+0000: 2830.431: [GC [PSYoungGen: 769472K->128K(740608K)] 949913K->180617K(1427584K), 0.0046210 secs] [Times: user=0.01 sys=0.00, real=0.00 secs] 
2014-07-07T21:42:10.048+0000: 2832.068: [GC [PSYoungGen: 740608K->306K(713344K)] 921097K->180843K(1400320K), 0.0071890 secs] [Times: user=0.02 sys=0.00, real=0.01 secs] 
2014-07-07T21:42:11.614+0000: 2833.634: [GC [PSYoungGen: 713330K->128K(686976K)] 893867K->180689K(1373952K), 0.0127770 secs] [Times: user=0.04 sys=0.00, real=0.01 secs] 
2014-07-07T21:42:13.124+0000: 2835.144: [GC [PSYoungGen: 686944K->370K(662272K)] 867506K->180955K(1349248K), 0.0340130 secs] [Times: user=0.12 sys=0.00, real=0.03 secs] 
2014-07-07T21:42:14.578+0000: 2836.598: [GC [PSYoungGen: 662258K->320K(638400K)] 842843K->180945K(1325376K), 0.0083830 secs] [Times: user=0.02 sys=0.00, real=0.01 secs] 
2014-07-07T21:42:15.985+0000: 2838.005: [GC [PSYoungGen: 638400K->128K(615488K)] 819025K->180841K(1302464K), 0.0049500 secs] [Times: user=0.01 sys=0.00, real=0.00 secs] 
2014-07-07T21:42:17.343+0000: 2839.363: [GC [PSYoungGen: 615488K->338K(738816K)] 796201K->181115K(1425792K), 0.0295410 secs] [Times: user=0.11 sys=0.00, real=0.03 secs] 
2014-07-07T21:42:18.966+0000: 2840.986: [GC [PSYoungGen: 738770K->192K(886336K)] 919547K->181017K(1573312K), 0.0147290 secs] [Times: user=0.05 sys=0.00, real=0.01 secs] 
2014-07-07T21:42:20.921+0000: 2842.941: [GC [PSYoungGen: 886336K->370K(852224K)] 1067161K->181227K(1539200K), 0.0142460 secs] [Times: user=0.05 sys=0.00, real=0.02 secs] 
2014-07-07T21:42:22.805+0000: 2844.825: [GC [PSYoungGen: 852210K->256K(819456K)] 1033067K->181153K(1506432K), 0.0078360 secs] [Times: user=0.02 sys=0.00, real=0.01 secs] 
2014-07-07T21:42:24.604+0000: 2846.624: [GC [PSYoungGen: 819456K->338K(788480K)] 1000353K->181283K(1475456K), 0.0095990 secs] [Times: user=0.02 sys=0.00, real=0.01 secs] 
2014-07-07T21:42:26.332+0000: 2848.352: [GC [PSYoungGen: 788349K->356K(946112K)] 969295K->181413K(1633088K), 0.0326120 secs] [Times: user=0.11 sys=0.00, real=0.04 secs] 
2014-07-07T21:42:28.415+0000: 2850.435: [GC [PSYoungGen: 946076K->192K(908800K)] 1127134K->181329K(1595776K), 0.0093520 secs] [Times: user=0.02 sys=0.01, real=0.01 secs] 
2014-07-07T21:42:30.415+0000: 2852.435: [GC [PSYoungGen: 908771K->192K(873472K)] 1089909K->181377K(1560448K), 0.0272560 secs] [Times: user=0.10 sys=0.00, real=0.03 secs] 
2014-07-07T21:42:32.326+0000: 2854.346: [GC [PSYoungGen: 873400K->342K(840000K)] 1054586K->181559K(1526976K), 0.0055920 secs] [Times: user=0.01 sys=0.01, real=0.00 secs] 
2014-07-07T21:42:34.175+0000: 2856.195: [GC [PSYoungGen: 839958K->288K(807872K)] 1021175K->181537K(1494848K), 0.0047710 secs] [Times: user=0.01 sys=0.00, real=0.00 secs] 
2014-07-07T21:42:35.956+0000: 2857.976: [GC [PSYoungGen: 807749K->306K(777280K)] 988999K->181627K(1464256K), 0.0048220 secs] [Times: user=0.01 sys=0.00, real=0.00 secs] 
2014-07-07T21:42:37.675+0000: 2859.695: [GC [PSYoungGen: 777266K->210K(748096K)] 958587K->181603K(1435072K), 0.0037790 secs] [Times: user=0.02 sys=0.00, real=0.00 secs] 
2014-07-07T21:42:39.316+0000: 2861.336: [GC [PSYoungGen: 748050K->256K(720320K)] 929443K->181713K(1407296K), 0.0080710 secs] [Times: user=0.03 sys=0.00, real=0.00 secs] 
2014-07-07T21:42:40.906+0000: 2862.926: [GC [PSYoungGen: 720320K->160K(693760K)] 901777K->181649K(1380736K), 0.0052930 secs] [Times: user=0.01 sys=0.00, real=0.00 secs] 
2014-07-07T21:42:42.435+0000: 2864.455: [GC [PSYoungGen: 693728K->356K(668672K)] 875217K->181869K(1355648K), 0.0150660 secs] [Times: user=0.06 sys=0.00, real=0.01 secs] 
2014-07-07T21:42:43.909+0000: 2865.929: [GC [PSYoungGen: 668639K->224K(644480K)] 850153K->181761K(1331456K), 0.0132230 secs] [Times: user=0.04 sys=0.00, real=0.01 secs] 
2014-07-07T21:42:45.328+0000: 2867.348: [GC [PSYoungGen: 644448K->256K(621504K)] 825985K->181849K(1308480K), 0.0082570 secs] [Times: user=0.03 sys=0.00, real=0.01 secs] 
2014-07-07T21:42:46.695+0000: 2868.715: [GC [PSYoungGen: 621504K->356K(599680K)] 803097K->182037K(1286656K), 0.0181390 secs] [Times: user=0.07 sys=0.00, real=0.01 secs] 
2014-07-07T21:42:48.018+0000: 2870.038: [GC [PSYoungGen: 599652K->256K(719424K)] 781333K->181985K(1406400K), 0.0292610 secs] [Times: user=0.10 sys=0.00, real=0.03 secs] 
2014-07-07T21:42:49.605+0000: 2871.625: [GC [PSYoungGen: 719424K->420K(863488K)] 901153K->182221K(1550464K), 0.0113100 secs] [Times: user=0.03 sys=0.00, real=0.02 secs] 
2014-07-07T21:42:51.508+0000: 2873.528: [GC [PSYoungGen: 863394K->192K(830016K)] 1045196K->182033K(1516992K), 0.0120220 secs] [Times: user=0.05 sys=0.00, real=0.01 secs] 
2014-07-07T21:42:53.326+0000: 2875.347: [GC [PSYoungGen: 829965K->356K(798592K)] 1011807K->182245K(1485568K), 0.0133180 secs] [Times: user=0.05 sys=0.00, real=0.01 secs] 
2014-07-07T21:42:55.088+0000: 2877.108: [GC [PSYoungGen: 798564K->488K(768576K)] 980453K->182401K(1455552K), 0.0121230 secs] [Times: user=0.04 sys=0.00, real=0.01 secs] 
2014-07-07T21:42:56.795+0000: 2878.815: [GC [PSYoungGen: 768552K->192K(739520K)] 950465K->182225K(1426496K), 0.0066010 secs] [Times: user=0.03 sys=0.00, real=0.01 secs] 
2014-07-07T21:42:58.408+0000: 2880.428: [GC [PSYoungGen: 739520K->160K(712128K)] 921553K->182249K(1399104K), 0.0115580 secs] [Times: user=0.05 sys=0.00, real=0.01 secs] 
2014-07-07T21:42:59.977+0000: 2881.997: [GC [PSYoungGen: 712089K->384K(686208K)] 894179K->182529K(1373184K), 0.0202120 secs] [Times: user=0.07 sys=0.00, real=0.02 secs] 
2014-07-07T21:43:01.485+0000: 2883.506: [GC [PSYoungGen: 686208K->128K(661056K)] 868353K->182289K(1348032K), 0.0044820 secs] [Times: user=0.01 sys=0.00, real=0.01 secs] 
2014-07-07T21:43:02.939+0000: 2884.960: [GC [PSYoungGen: 661052K->524K(637760K)] 843214K->182710K(1324736K), 0.0041870 secs] [Times: user=0.01 sys=0.00, real=0.00 secs] 
2014-07-07T21:43:04.347+0000: 2886.367: [GC [PSYoungGen: 637708K->224K(614784K)] 819894K->182425K(1301760K), 0.0077650 secs] [Times: user=0.01 sys=0.00, real=0.00 secs] 
2014-07-07T21:43:05.700+0000: 2887.720: [GC [PSYoungGen: 614752K->292K(593216K)] 796953K->182565K(1280192K), 0.0149340 secs] [Times: user=0.06 sys=0.00, real=0.01 secs] 
2014-07-07T21:43:07.007+0000: 2889.027: [GC [PSYoungGen: 593188K->288K(572608K)] 775461K->182633K(1259584K), 0.0198660 secs] [Times: user=0.07 sys=0.00, real=0.02 secs] 
2014-07-07T21:43:08.270+0000: 2890.290: [GC [PSYoungGen: 572502K->548K(553152K)] 754848K->182965K(1240128K), 0.0078990 secs] [Times: user=0.01 sys=0.00, real=0.00 secs] 
2014-07-07T21:43:09.492+0000: 2891.512: [GC [PSYoungGen: 553124K->420K(534208K)] 735541K->182893K(1221184K), 0.0074450 secs] [Times: user=0.02 sys=0.00, real=0.01 secs] 
2014-07-07T21:43:10.670+0000: 2892.690: [GC [PSYoungGen: 534180K->192K(515968K)] 716653K->182689K(1202944K), 0.0047640 secs] [Times: user=0.01 sys=0.00, real=0.00 secs] 
2014-07-07T21:43:11.807+0000: 2893.827: [GC [PSYoungGen: 515968K->324K(499008K)] 698465K->182853K(1185984K), 0.0180540 secs] [Times: user=0.07 sys=0.00, real=0.02 secs] 
2014-07-07T21:43:12.904+0000: 2894.924: [GC [PSYoungGen: 498852K->384K(598784K)] 681382K->182961K(1285760K), 0.0296620 secs] [Times: user=0.11 sys=0.00, real=0.03 secs] 
2014-07-07T21:43:14.231+0000: 2896.251: [GC [PSYoungGen: 598784K->452K(718592K)] 781361K->183061K(1405568K), 0.0089560 secs] [Times: user=0.01 sys=0.00, real=0.01 secs] 
2014-07-07T21:43:15.807+0000: 2897.827: [GC [PSYoungGen: 718436K->292K(692032K)] 901046K->182973K(1379008K), 0.0047760 secs] [Times: user=0.01 sys=0.00, real=0.01 secs] 
2014-07-07T21:43:17.336+0000: 2899.356: [GC [PSYoungGen: 692004K->224K(666816K)] 874685K->182985K(1353792K), 0.0137750 secs] [Times: user=0.05 sys=0.00, real=0.02 secs] 
2014-07-07T21:43:18.804+0000: 2900.824: [GC [PSYoungGen: 666784K->242K(642816K)] 849545K->183051K(1329792K), 0.0123770 secs] [Times: user=0.05 sys=0.00, real=0.01 secs] 
2014-07-07T21:43:20.219+0000: 2902.239: [GC [PSYoungGen: 642802K->192K(619840K)] 825611K->183033K(1306816K), 0.0053340 secs] [Times: user=0.01 sys=0.00, real=0.01 secs] 
2014-07-07T21:43:21.578+0000: 2903.598: [GC [PSYoungGen: 619840K->96K(597952K)] 802681K->182961K(1284928K), 0.0093430 secs] [Times: user=0.02 sys=0.01, real=0.01 secs] 
2014-07-07T21:43:22.900+0000: 2904.920: [GC [PSYoungGen: 597920K->288K(577280K)] 780785K->183193K(1264256K), 0.0088010 secs] [Times: user=0.03 sys=0.00, real=0.01 secs] 
2014-07-07T21:43:24.164+0000: 2906.184: [GC [PSYoungGen: 577248K->192K(557248K)] 760153K->183121K(1244224K), 0.0043590 secs] [Times: user=0.02 sys=0.00, real=0.00 secs] 
2014-07-07T21:43:25.394+0000: 2907.414: [GC [PSYoungGen: 557242K->192K(538240K)] 740172K->183209K(1225216K), 0.0095180 secs] [Times: user=0.03 sys=0.00, real=0.01 secs] 
2014-07-07T21:43:26.575+0000: 2908.596: [GC [PSYoungGen: 538240K->128K(520000K)] 721257K->183201K(1206976K), 0.0076360 secs] [Times: user=0.01 sys=0.00, real=0.01 secs] 
2014-07-07T21:43:27.731+0000: 2909.751: [GC [PSYoungGen: 520000K->224K(503104K)] 703073K->183345K(1190080K), 0.0048900 secs] [Times: user=0.02 sys=0.01, real=0.00 secs] 
2014-07-07T21:43:28.836+0000: 2910.856: [GC [PSYoungGen: 502752K->256K(486208K)] 685873K->183393K(1173184K), 0.0047750 secs] [Times: user=0.01 sys=0.00, real=0.01 secs] 
2014-07-07T21:43:29.913+0000: 2911.934: [GC [PSYoungGen: 486208K->192K(470272K)] 669345K->183361K(1157248K), 0.0105080 secs] [Times: user=0.04 sys=0.01, real=0.01 secs] 
2014-07-07T21:43:30.947+0000: 2912.967: [GC [PSYoungGen: 470272K->224K(455168K)] 653441K->183441K(1142144K), 0.0068310 secs] [Times: user=0.01 sys=0.00, real=0.01 secs] 
2014-07-07T21:43:31.943+0000: 2913.964: [GC [PSYoungGen: 455136K->242K(440704K)] 638353K->183475K(1127680K), 0.0051060 secs] [Times: user=0.01 sys=0.00, real=0.00 secs] 
2014-07-07T21:43:32.913+0000: 2914.933: [GC [PSYoungGen: 440690K->338K(426944K)] 623923K->183587K(1113920K), 0.0052590 secs] [Times: user=0.01 sys=0.00, real=0.00 secs] 
2014-07-07T21:43:33.845+0000: 2915.866: [GC [PSYoungGen: 426898K->420K(512320K)] 610147K->183717K(1199296K), 0.0320920 secs] [Times: user=0.10 sys=0.00, real=0.03 secs] 
2014-07-07T21:43:34.973+0000: 2916.993: [GC [PSYoungGen: 512269K->128K(614400K)] 695567K->183661K(1301376K), 0.0129600 secs] [Times: user=0.05 sys=0.00, real=0.01 secs] 
2014-07-07T21:43:36.327+0000: 2918.347: [GC [PSYoungGen: 614400K->556K(737728K)] 797933K->184162K(1424704K), 0.0080640 secs] [Times: user=0.01 sys=0.00, real=0.01 secs] 
2014-07-07T21:43:37.952+0000: 2919.972: [GC [PSYoungGen: 737706K->224K(884864K)] 921312K->184094K(1571840K), 0.0146890 secs] [Times: user=0.05 sys=0.00, real=0.02 secs] 
2014-07-07T21:43:39.897+0000: 2921.917: [GC [PSYoungGen: 884832K->210K(850624K)] 1068702K->184120K(1537600K), 0.0133440 secs] [Times: user=0.04 sys=0.00, real=0.01 secs] 
2014-07-07T21:43:41.767+0000: 2923.788: [GC [PSYoungGen: 850490K->228K(818048K)] 1034400K->184170K(1505024K), 0.0114020 secs] [Times: user=0.04 sys=0.00, real=0.01 secs] 
2014-07-07T21:43:43.566+0000: 2925.586: [GC [PSYoungGen: 818020K->324K(787136K)] 1001962K->184282K(1474112K), 0.0051160 secs] [Times: user=0.02 sys=0.00, real=0.00 secs] 
2014-07-07T21:43:45.291+0000: 2927.311: [GC [PSYoungGen: 787076K->352K(757568K)] 971034K->184342K(1444544K), 0.0055490 secs] [Times: user=0.01 sys=0.00, real=0.01 secs] 
2014-07-07T21:43:46.959+0000: 2928.979: [GC [PSYoungGen: 757536K->306K(729280K)] 941526K->184408K(1416256K), 0.0049230 secs] [Times: user=0.01 sys=0.00, real=0.00 secs] 
2014-07-07T21:43:48.566+0000: 2930.586: [GC [PSYoungGen: 729266K->506K(702592K)] 913368K->184720K(1389568K), 0.0171370 secs] [Times: user=0.07 sys=0.00, real=0.01 secs] 
2014-07-07T21:43:50.108+0000: 2932.128: [GC [PSYoungGen: 702586K->274K(676736K)] 886800K->184520K(1363712K), 0.0071640 secs] [Times: user=0.01 sys=0.00, real=0.01 secs] 
2014-07-07T21:43:51.597+0000: 2933.617: [GC [PSYoungGen: 676690K->256K(652224K)] 860936K->184566K(1339200K), 0.0112370 secs] [Times: user=0.02 sys=0.00, real=0.01 secs] 
2014-07-07T21:43:53.029+0000: 2935.050: [GC [PSYoungGen: 652224K->274K(628928K)] 836534K->184624K(1315904K), 0.0041470 secs] [Times: user=0.02 sys=0.00, real=0.00 secs] 
2014-07-07T21:43:54.421+0000: 2936.441: [GC [PSYoungGen: 628882K->306K(606656K)] 813232K->184672K(1293632K), 0.0049240 secs] [Times: user=0.01 sys=0.00, real=0.01 secs] 
2014-07-07T21:43:55.756+0000: 2937.776: [GC [PSYoungGen: 606642K->192K(585280K)] 791008K->184630K(1272256K), 0.0132210 secs] [Times: user=0.05 sys=0.00, real=0.01 secs] 
2014-07-07T21:43:57.041+0000: 2939.061: [GC [PSYoungGen: 585280K->224K(565056K)] 769718K->184726K(1252032K), 0.0064540 secs] [Times: user=0.02 sys=0.00, real=0.01 secs] 
2014-07-07T21:43:58.283+0000: 2940.304: [GC [PSYoungGen: 565024K->256K(545728K)] 749526K->184806K(1232704K), 0.0084910 secs] [Times: user=0.03 sys=0.00, real=0.01 secs] 
2014-07-07T21:43:59.478+0000: 2941.498: [GC [PSYoungGen: 545728K->128K(527104K)] 730278K->184710K(1214080K), 0.0044860 secs] [Times: user=0.01 sys=0.00, real=0.00 secs] 
2014-07-07T21:44:00.640+0000: 2942.661: [GC [PSYoungGen: 527100K->292K(509632K)] 711682K->184906K(1196608K), 0.0056360 secs] [Times: user=0.02 sys=0.00, real=0.01 secs] 
2014-07-07T21:44:01.766+0000: 2943.786: [GC [PSYoungGen: 509604K->128K(492544K)] 694218K->184766K(1179520K), 0.0112950 secs] [Times: user=0.04 sys=0.00, real=0.01 secs] 
2014-07-07T21:44:02.849+0000: 2944.869: [GC [PSYoungGen: 492544K->320K(476608K)] 677182K->185006K(1163584K), 0.0093120 secs] [Times: user=0.03 sys=0.01, real=0.01 secs] 
2014-07-07T21:44:03.910+0000: 2945.930: [GC [PSYoungGen: 476608K->192K(461056K)] 661294K->184902K(1148032K), 0.0060790 secs] [Times: user=0.01 sys=0.01, real=0.00 secs] 
2014-07-07T21:44:04.927+0000: 2946.947: [GC [PSYoungGen: 461056K->256K(446400K)] 645766K->185014K(1133376K), 0.0051110 secs] [Times: user=0.01 sys=0.00, real=0.00 secs] 
2014-07-07T21:44:05.908+0000: 2947.928: [GC [PSYoungGen: 446400K->160K(432256K)] 631158K->184974K(1119232K), 0.0056400 secs] [Times: user=0.02 sys=0.00, real=0.00 secs] 
2014-07-07T21:44:06.857+0000: 2948.877: [GC [PSYoungGen: 432224K->320K(418880K)] 617038K->185174K(1105856K), 0.0059550 secs] [Times: user=0.02 sys=0.00, real=0.01 secs] 
2014-07-07T21:44:07.777+0000: 2949.797: [GC [PSYoungGen: 418880K->192K(405824K)] 603734K->185102K(1092800K), 0.0079320 secs] [Times: user=0.02 sys=0.00, real=0.00 secs] 
2014-07-07T21:44:08.675+0000: 2950.695: [GC [PSYoungGen: 405824K->160K(393472K)] 590734K->185086K(1080448K), 0.0043120 secs] [Times: user=0.01 sys=0.00, real=0.01 secs] 
2014-07-07T21:44:09.543+0000: 2951.563: [GC [PSYoungGen: 393440K->128K(381568K)] 578366K->185078K(1068544K), 0.0051490 secs] [Times: user=0.01 sys=0.00, real=0.01 secs] 
2014-07-07T21:44:10.381+0000: 2952.401: [GC [PSYoungGen: 381568K->370K(370496K)] 566518K->185376K(1057472K), 0.0087420 secs] [Times: user=0.02 sys=0.00, real=0.01 secs] 
2014-07-07T21:44:11.196+0000: 2953.216: [GC [PSYoungGen: 370482K->256K(359488K)] 555488K->185286K(1046464K), 0.0131600 secs] [Times: user=0.05 sys=0.00, real=0.02 secs] 
2014-07-07T21:44:11.985+0000: 2954.005: [GC [PSYoungGen: 359488K->224K(349056K)] 544518K->185286K(1036032K), 0.0094760 secs] [Times: user=0.03 sys=0.00, real=0.01 secs] 
2014-07-07T21:44:12.751+0000: 2954.772: [GC [PSYoungGen: 349024K->256K(418816K)] 534086K->185350K(1105792K), 0.0093400 secs] [Times: user=0.03 sys=0.00, real=0.01 secs] 
2014-07-07T21:44:13.673+0000: 2955.693: [GC [PSYoungGen: 418816K->288K(502592K)] 603910K->185422K(1189568K), 0.0358790 secs] [Times: user=0.13 sys=0.01, real=0.04 secs] 
2014-07-07T21:44:14.785+0000: 2956.805: [GC [PSYoungGen: 502560K->274K(603072K)] 687694K->185448K(1290048K), 0.0044400 secs] [Times: user=0.01 sys=0.00, real=0.01 secs] 
2014-07-07T21:44:16.123+0000: 2958.143: [GC [PSYoungGen: 603026K->406K(723776K)] 788200K->185668K(1410752K), 0.0046790 secs] [Times: user=0.01 sys=0.00, real=0.00 secs] 
2014-07-07T21:44:17.721+0000: 2959.741: [GC [PSYoungGen: 723734K->160K(696896K)] 908996K->185462K(1383872K), 0.0067430 secs] [Times: user=0.01 sys=0.00, real=0.00 secs] 
2014-07-07T21:44:19.259+0000: 2961.279: [GC [PSYoungGen: 696864K->192K(671488K)] 882166K->185526K(1358464K), 0.0104050 secs] [Times: user=0.04 sys=0.00, real=0.01 secs] 
2014-07-07T21:44:20.747+0000: 2962.767: [GC [PSYoungGen: 671488K->128K(647232K)] 856822K->185486K(1334208K), 0.0066850 secs] [Times: user=0.01 sys=0.00, real=0.01 secs] 
2014-07-07T21:44:22.178+0000: 2964.198: [GC [PSYoungGen: 647232K->306K(624320K)] 832590K->185680K(1311296K), 0.0055880 secs] [Times: user=0.01 sys=0.00, real=0.01 secs] 
2014-07-07T21:44:23.555+0000: 2965.575: [GC [PSYoungGen: 624306K->224K(602176K)] 809680K->185646K(1289152K), 0.0150060 secs] [Times: user=0.05 sys=0.00, real=0.01 secs] 
2014-07-07T21:44:24.884+0000: 2966.904: [GC [PSYoungGen: 602103K->420K(581312K)] 787525K->185906K(1268288K), 0.0132750 secs] [Times: user=0.05 sys=0.00, real=0.01 secs] 
2014-07-07T21:44:26.169+0000: 2968.189: [GC [PSYoungGen: 581284K->256K(561024K)] 766770K->185846K(1248000K), 0.0162520 secs] [Times: user=0.06 sys=0.01, real=0.02 secs] 
2014-07-07T21:44:27.406+0000: 2969.426: [GC [PSYoungGen: 561024K->192K(541760K)] 746614K->185838K(1228736K), 0.0061680 secs] [Times: user=0.01 sys=0.00, real=0.01 secs] 
2014-07-07T21:44:28.607+0000: 2970.627: [GC [PSYoungGen: 541760K->128K(523392K)] 727406K->185806K(1210368K), 0.0044570 secs] [Times: user=0.01 sys=0.00, real=0.01 secs] 
2014-07-07T21:44:29.753+0000: 2971.773: [GC [PSYoungGen: 523392K->224K(506048K)] 709070K->185934K(1193024K), 0.0073050 secs] [Times: user=0.01 sys=0.00, real=0.01 secs] 
2014-07-07T21:44:30.872+0000: 2972.893: [GC [PSYoungGen: 506016K->288K(489408K)] 691726K->186022K(1176384K), 0.0159230 secs] [Times: user=0.06 sys=0.00, real=0.01 secs] 
2014-07-07T21:44:31.953+0000: 2973.973: [GC [PSYoungGen: 489376K->242K(473344K)] 675110K->185992K(1160320K), 0.0047390 secs] [Times: user=0.01 sys=0.00, real=0.00 secs] 
2014-07-07T21:44:32.996+0000: 2975.016: [GC [PSYoungGen: 473330K->192K(457984K)] 659080K->185958K(1144960K), 0.0048410 secs] [Times: user=0.02 sys=0.00, real=0.01 secs] 
2014-07-07T21:44:34.016+0000: 2976.036: [GC [PSYoungGen: 457984K->256K(443456K)] 643750K->186046K(1130432K), 0.0102350 secs] [Times: user=0.04 sys=0.00, real=0.01 secs] 
2014-07-07T21:44:34.999+0000: 2977.020: [GC [PSYoungGen: 443390K->424K(532288K)] 629180K->186470K(1219264K), 0.0228130 secs] [Times: user=0.08 sys=0.00, real=0.03 secs] 
2014-07-07T21:44:36.161+0000: 2978.181: [GC [PSYoungGen: 532261K->352K(514368K)] 718307K->186462K(1201344K), 0.0057850 secs] [Times: user=0.02 sys=0.00, real=0.01 secs] 
2014-07-07T21:44:37.298+0000: 2979.318: [GC [PSYoungGen: 514336K->192K(497088K)] 700446K->186398K(1184064K), 0.0062530 secs] [Times: user=0.01 sys=0.01, real=0.01 secs] 
2014-07-07T21:44:38.384+0000: 2980.404: [GC [PSYoungGen: 497088K->224K(480832K)] 683294K->186494K(1167808K), 0.0128490 secs] [Times: user=0.04 sys=0.00, real=0.01 secs] 
2014-07-07T21:44:39.441+0000: 2981.462: [GC [PSYoungGen: 480734K->256K(465216K)] 667004K->186574K(1152192K), 0.0106210 secs] [Times: user=0.05 sys=0.00, real=0.02 secs] 
2014-07-07T21:44:40.468+0000: 2982.489: [GC [PSYoungGen: 465216K->160K(450240K)] 651534K->186502K(1137216K), 0.0087650 secs] [Times: user=0.01 sys=0.00, real=0.01 secs] 
2014-07-07T21:44:41.465+0000: 2983.485: [GC [PSYoungGen: 450207K->288K(436096K)] 636549K->186670K(1123072K), 0.0063180 secs] [Times: user=0.01 sys=0.01, real=0.00 secs] 
2014-07-07T21:44:42.431+0000: 2984.451: [GC [PSYoungGen: 436064K->128K(422272K)] 622446K->186526K(1109248K), 0.0041380 secs] [Times: user=0.01 sys=0.00, real=0.01 secs] 
2014-07-07T21:44:43.364+0000: 2985.384: [GC [PSYoungGen: 422272K->374K(507008K)] 608670K->186788K(1193984K), 0.0170110 secs] [Times: user=0.06 sys=0.00, real=0.01 secs] 
2014-07-07T21:44:44.478+0000: 2986.498: [GC [PSYoungGen: 506998K->452K(490368K)] 693412K->186890K(1177344K), 0.0043180 secs] [Times: user=0.01 sys=0.00, real=0.00 secs] 
2014-07-07T21:44:45.565+0000: 2987.585: [GC [PSYoungGen: 490308K->192K(474048K)] 676746K->186792K(1161024K), 0.0055910 secs] [Times: user=0.01 sys=0.00, real=0.00 secs] 
2014-07-07T21:44:46.611+0000: 2988.631: [GC [PSYoungGen: 474048K->128K(458688K)] 660648K->186792K(1145664K), 0.0042290 secs] [Times: user=0.01 sys=0.00, real=0.01 secs] 
2014-07-07T21:44:47.630+0000: 2989.650: [GC [PSYoungGen: 458591K->192K(444096K)] 645255K->186896K(1131072K), 0.0096260 secs] [Times: user=0.02 sys=0.00, real=0.01 secs] 
2014-07-07T21:44:48.601+0000: 2990.621: [GC [PSYoungGen: 444096K->274K(430208K)] 630800K->187018K(1117184K), 0.0052280 secs] [Times: user=0.02 sys=0.00, real=0.01 secs] 
2014-07-07T21:44:49.543+0000: 2991.563: [GC [PSYoungGen: 430162K->160K(516096K)] 616906K->186920K(1203072K), 0.0226540 secs] [Times: user=0.08 sys=0.00, real=0.02 secs] 
2014-07-07T21:44:50.678+0000: 2992.699: [GC [PSYoungGen: 516064K->178K(619328K)] 702824K->186954K(1306304K), 0.0091200 secs] [Times: user=0.03 sys=0.01, real=0.01 secs] 
2014-07-07T21:44:52.036+0000: 2994.056: [GC [PSYoungGen: 619314K->256K(597568K)] 806090K->187088K(1284544K), 0.0089010 secs] [Times: user=0.04 sys=0.00, real=0.01 secs] 
2014-07-07T21:44:53.350+0000: 2995.370: [GC [PSYoungGen: 597565K->224K(576768K)] 784397K->187072K(1263744K), 0.0068360 secs] [Times: user=0.01 sys=0.00, real=0.01 secs] 
2014-07-07T21:44:54.621+0000: 2996.641: [GC [PSYoungGen: 576736K->470K(557120K)] 763584K->187358K(1244096K), 0.0072820 secs] [Times: user=0.01 sys=0.00, real=0.01 secs] 
2014-07-07T21:44:55.851+0000: 2997.871: [GC [PSYoungGen: 557078K->288K(537920K)] 743966K->187272K(1224896K), 0.0099150 secs] [Times: user=0.03 sys=0.00, real=0.01 secs] 
2014-07-07T21:44:57.033+0000: 2999.053: [GC [PSYoungGen: 537888K->192K(519680K)] 724872K->187224K(1206656K), 0.0047110 secs] [Times: user=0.01 sys=0.00, real=0.01 secs] 
2014-07-07T21:44:58.178+0000: 3000.198: [GC [PSYoungGen: 519680K->192K(502336K)] 706712K->187256K(1189312K), 0.0052770 secs] [Times: user=0.01 sys=0.00, real=0.00 secs] 
2014-07-07T21:44:59.290+0000: 3001.310: [GC [PSYoungGen: 502336K->502K(486080K)] 689400K->187598K(1173056K), 0.0052040 secs] [Times: user=0.01 sys=0.00, real=0.00 secs] 
2014-07-07T21:45:00.354+0000: 3002.374: [GC [PSYoungGen: 486070K->224K(470016K)] 673166K->187360K(1156992K), 0.0069360 secs] [Times: user=0.01 sys=0.00, real=0.01 secs] 
2014-07-07T21:45:01.382+0000: 3003.403: [GC [PSYoungGen: 469984K->292K(454976K)] 657120K->187452K(1141952K), 0.0040250 secs] [Times: user=0.01 sys=0.00, real=0.01 secs] 
2014-07-07T21:45:02.390+0000: 3004.410: [GC [PSYoungGen: 454948K->128K(440320K)] 642108K->187320K(1127296K), 0.0051390 secs] [Times: user=0.02 sys=0.00, real=0.01 secs] 
2014-07-07T21:45:03.359+0000: 3005.379: [GC [PSYoungGen: 440300K->210K(426624K)] 627492K->187426K(1113600K), 0.0172050 secs] [Times: user=0.07 sys=0.00, real=0.02 secs] 
2014-07-07T21:45:04.299+0000: 3006.319: [GC [PSYoungGen: 426578K->224K(413376K)] 613794K->187472K(1100352K), 0.0113930 secs] [Times: user=0.04 sys=0.00, real=0.01 secs] 
2014-07-07T21:45:05.204+0000: 3007.224: [GC [PSYoungGen: 413344K->128K(400576K)] 600592K->187440K(1087552K), 0.0046350 secs] [Times: user=0.01 sys=0.00, real=0.01 secs] 
2014-07-07T21:45:06.093+0000: 3008.113: [GC [PSYoungGen: 400576K->384K(388672K)] 587888K->187768K(1075648K), 0.0094940 secs] [Times: user=0.03 sys=0.00, real=0.01 secs] 
2014-07-07T21:45:06.953+0000: 3008.973: [GC [PSYoungGen: 388672K->192K(376832K)] 576056K->187608K(1063808K), 0.0055110 secs] [Times: user=0.01 sys=0.00, real=0.01 secs] 
2014-07-07T21:45:07.776+0000: 3009.796: [GC [PSYoungGen: 376832K->128K(365632K)] 564248K->187568K(1052608K), 0.0046710 secs] [Times: user=0.01 sys=0.00, real=0.00 secs] 
2014-07-07T21:45:08.582+0000: 3010.602: [GC [PSYoungGen: 365632K->160K(355008K)] 553072K->187632K(1041984K), 0.0076580 secs] [Times: user=0.02 sys=0.00, real=0.01 secs] 
2014-07-07T21:45:09.361+0000: 3011.381: [GC [PSYoungGen: 354976K->256K(344832K)] 542448K->187784K(1031808K), 0.0100360 secs] [Times: user=0.03 sys=0.00, real=0.01 secs] 
2014-07-07T21:45:10.114+0000: 3012.134: [GC [PSYoungGen: 344832K->192K(413696K)] 532360K->187744K(1100672K), 0.0186800 secs] [Times: user=0.07 sys=0.00, real=0.02 secs] 
2014-07-07T21:45:11.029+0000: 3013.050: [GC [PSYoungGen: 413696K->224K(496512K)] 601248K->187792K(1183488K), 0.0049140 secs] [Times: user=0.02 sys=0.00, real=0.00 secs] 
2014-07-07T21:45:12.125+0000: 3014.145: [GC [PSYoungGen: 496480K->192K(480128K)] 684048K->187784K(1167104K), 0.0046630 secs] [Times: user=0.01 sys=0.00, real=0.01 secs] 
2014-07-07T21:45:13.190+0000: 3015.210: [GC [PSYoungGen: 480128K->352K(464768K)] 667720K->187968K(1151744K), 0.0083120 secs] [Times: user=0.03 sys=0.00, real=0.01 secs] 
2014-07-07T21:45:14.213+0000: 3016.233: [GC [PSYoungGen: 464734K->356K(557696K)] 652350K->188052K(1244672K), 0.0255620 secs] [Times: user=0.09 sys=0.00, real=0.03 secs] 
2014-07-07T21:45:15.444+0000: 3017.464: [GC [PSYoungGen: 557668K->192K(668992K)] 745364K->187968K(1355968K), 0.0110380 secs] [Times: user=0.04 sys=0.00, real=0.01 secs] 
2014-07-07T21:45:16.921+0000: 3018.941: [GC [PSYoungGen: 668966K->402K(803008K)] 856742K->188266K(1489984K), 0.0121650 secs] [Times: user=0.04 sys=0.00, real=0.01 secs] 
2014-07-07T21:45:18.697+0000: 3020.717: [GC [PSYoungGen: 802960K->470K(772736K)] 990824K->188390K(1459712K), 0.0115440 secs] [Times: user=0.04 sys=0.00, real=0.02 secs] 
2014-07-07T21:45:20.395+0000: 3022.415: [GC [PSYoungGen: 772685K->192K(743488K)] 960605K->188136K(1430464K), 0.0042260 secs] [Times: user=0.01 sys=0.00, real=0.01 secs] 
2014-07-07T21:45:22.032+0000: 3024.052: [GC [PSYoungGen: 743411K->488K(716224K)] 931355K->188472K(1403200K), 0.0104330 secs] [Times: user=0.03 sys=0.00, real=0.01 secs] 
2014-07-07T21:45:23.604+0000: 3025.624: [GC [PSYoungGen: 716150K->456K(689920K)] 904134K->188480K(1376896K), 0.0095900 secs] [Times: user=0.03 sys=0.00, real=0.01 secs] 
2014-07-07T21:45:25.134+0000: 3027.154: [GC [PSYoungGen: 689864K->256K(664576K)] 877888K->188312K(1351552K), 0.0051520 secs] [Times: user=0.01 sys=0.00, real=0.00 secs] 
2014-07-07T21:45:26.591+0000: 3028.611: [GC [PSYoungGen: 664576K->128K(640576K)] 852632K->188280K(1327552K), 0.0073700 secs] [Times: user=0.01 sys=0.00, real=0.00 secs] 
2014-07-07T21:45:28.010+0000: 3030.030: [GC [PSYoungGen: 640576K->374K(618048K)] 828728K->188574K(1305024K), 0.0098350 secs] [Times: user=0.04 sys=0.00, real=0.01 secs] 
2014-07-07T21:45:29.373+0000: 3031.393: [GC [PSYoungGen: 618038K->160K(596096K)] 806238K->188400K(1283072K), 0.0125370 secs] [Times: user=0.04 sys=0.00, real=0.01 secs] 
2014-07-07T21:45:30.690+0000: 3032.710: [GC [PSYoungGen: 596064K->256K(575424K)] 784304K->188520K(1262400K), 0.0039180 secs] [Times: user=0.01 sys=0.00, real=0.00 secs] 
2014-07-07T21:45:31.954+0000: 3033.974: [GC [PSYoungGen: 575325K->224K(555584K)] 763589K->188512K(1242560K), 0.0135120 secs] [Times: user=0.04 sys=0.01, real=0.01 secs] 
2014-07-07T21:45:33.183+0000: 3035.203: [GC [PSYoungGen: 555547K->292K(536704K)] 743835K->188596K(1223680K), 0.0049710 secs] [Times: user=0.02 sys=0.00, real=0.00 secs] 
2014-07-07T21:45:34.372+0000: 3036.392: [GC [PSYoungGen: 536676K->192K(518464K)] 724980K->188520K(1205440K), 0.0041090 secs] [Times: user=0.01 sys=0.00, real=0.00 secs] 
2014-07-07T21:45:35.512+0000: 3037.532: [GC [PSYoungGen: 518464K->288K(501312K)] 706792K->188696K(1188288K), 0.0060680 secs] [Times: user=0.01 sys=0.00, real=0.00 secs] 
2014-07-07T21:45:36.624+0000: 3038.644: [GC [PSYoungGen: 501280K->306K(484800K)] 689688K->188778K(1171776K), 0.0049070 secs] [Times: user=0.01 sys=0.00, real=0.00 secs] 
2014-07-07T21:45:37.697+0000: 3039.717: [GC [PSYoungGen: 484786K->484K(469184K)] 673258K->189028K(1156160K), 0.0134710 secs] [Times: user=0.05 sys=0.00, real=0.01 secs] 
2014-07-07T21:45:38.729+0000: 3040.749: [GC [PSYoungGen: 469156K->242K(453824K)] 657700K->188834K(1140800K), 0.0112190 secs] [Times: user=0.04 sys=0.00, real=0.01 secs] 
2014-07-07T21:45:39.730+0000: 3041.750: [GC [PSYoungGen: 453810K->210K(439424K)] 642402K->188834K(1126400K), 0.0057360 secs] [Times: user=0.01 sys=0.00, real=0.01 secs] 
2014-07-07T21:45:40.697+0000: 3042.717: [GC [PSYoungGen: 439378K->438K(527488K)] 628002K->189102K(1214464K), 0.0207110 secs] [Times: user=0.06 sys=0.00, real=0.02 secs] 
2014-07-07T21:45:41.853+0000: 3043.873: [GC [PSYoungGen: 527478K->402K(509824K)] 716142K->189098K(1196800K), 0.0077250 secs] [Times: user=0.02 sys=0.00, real=0.01 secs] 
2014-07-07T21:45:42.977+0000: 3044.997: [GC [PSYoungGen: 509778K->420K(492928K)] 698474K->189196K(1179904K), 0.0084410 secs] [Times: user=0.02 sys=0.00, real=0.01 secs] 
2014-07-07T21:45:44.068+0000: 3046.088: [GC [PSYoungGen: 492900K->292K(476672K)] 681676K->189092K(1163648K), 0.0054730 secs] [Times: user=0.01 sys=0.01, real=0.01 secs] 
2014-07-07T21:45:45.116+0000: 3047.136: [GC [PSYoungGen: 476644K->352K(461312K)] 665444K->189256K(1148288K), 0.0078980 secs] [Times: user=0.01 sys=0.00, real=0.01 secs] 
2014-07-07T21:45:46.150+0000: 3048.170: [GC [PSYoungGen: 461280K->274K(446528K)] 650184K->189242K(1133504K), 0.0053450 secs] [Times: user=0.02 sys=0.00, real=0.01 secs] 
2014-07-07T21:45:47.125+0000: 3049.145: [GC [PSYoungGen: 446396K->488K(432640K)] 635364K->189512K(1119616K), 0.0101160 secs] [Times: user=0.03 sys=0.00, real=0.01 secs] 
2014-07-07T21:45:48.077+0000: 3050.097: [GC [PSYoungGen: 432616K->224K(518848K)] 621640K->189272K(1205824K), 0.0157070 secs] [Times: user=0.06 sys=0.00, real=0.02 secs] 
2014-07-07T21:45:49.225+0000: 3051.245: [GC [PSYoungGen: 518816K->224K(501568K)] 707864K->189296K(1188544K), 0.0072180 secs] [Times: user=0.01 sys=0.00, real=0.00 secs] 
2014-07-07T21:45:50.329+0000: 3052.349: [GC [PSYoungGen: 501536K->356K(485184K)] 690608K->189452K(1172160K), 0.0048450 secs] [Times: user=0.02 sys=0.00, real=0.01 secs] 
2014-07-07T21:45:51.399+0000: 3053.419: [GC [PSYoungGen: 485156K->402K(469440K)] 674252K->189538K(1156416K), 0.0062530 secs] [Times: user=0.02 sys=0.01, real=0.01 secs] 
2014-07-07T21:45:52.424+0000: 3054.444: [GC [PSYoungGen: 469394K->96K(454016K)] 658530K->189256K(1140992K), 0.0082800 secs] [Times: user=0.03 sys=0.00, real=0.00 secs] 
2014-07-07T21:45:53.435+0000: 3055.455: [GC [PSYoungGen: 453981K->328K(439808K)] 643141K->189504K(1126784K), 0.0058510 secs] [Times: user=0.01 sys=0.00, real=0.00 secs] 
2014-07-07T21:45:54.409+0000: 3056.429: [GC [PSYoungGen: 439752K->288K(425920K)] 628928K->189520K(1112896K), 0.0090630 secs] [Times: user=0.03 sys=0.00, real=0.01 secs] 
2014-07-07T21:45:55.347+0000: 3057.367: [GC [PSYoungGen: 425888K->306K(412672K)] 615120K->189618K(1099648K), 0.0145990 secs] [Times: user=0.05 sys=0.00, real=0.01 secs] 
2014-07-07T21:45:56.260+0000: 3058.280: [GC [PSYoungGen: 412658K->224K(495104K)] 601970K->189600K(1182080K), 0.0112360 secs] [Times: user=0.04 sys=0.00, real=0.01 secs] 
2014-07-07T21:45:57.363+0000: 3059.383: [GC [PSYoungGen: 495072K->356K(594240K)] 684448K->189764K(1281216K), 0.0123350 secs] [Times: user=0.04 sys=0.00, real=0.02 secs] 
2014-07-07T21:45:58.674+0000: 3060.694: [GC [PSYoungGen: 594212K->224K(712896K)] 783620K->189672K(1399872K), 0.0203970 secs] [Times: user=0.07 sys=0.00, real=0.02 secs] 
2014-07-07T21:46:00.239+0000: 3062.259: [GC [PSYoungGen: 712864K->224K(855424K)] 902312K->189728K(1542400K), 0.0089050 secs] [Times: user=0.02 sys=0.00, real=0.01 secs] 
2014-07-07T21:46:02.122+0000: 3064.142: [GC [PSYoungGen: 855390K->474K(822848K)] 1044894K->190002K(1509824K), 0.0055610 secs] [Times: user=0.01 sys=0.01, real=0.01 secs] 
2014-07-07T21:46:03.939+0000: 3065.960: [GC [PSYoungGen: 822806K->306K(791360K)] 1012334K->189882K(1478336K), 0.0070100 secs] [Times: user=0.02 sys=0.00, real=0.01 secs] 
2014-07-07T21:46:05.689+0000: 3067.709: [GC [PSYoungGen: 791346K->320K(761536K)] 980922K->189984K(1448512K), 0.0106210 secs] [Times: user=0.04 sys=0.00, real=0.01 secs] 
2014-07-07T21:46:07.365+0000: 3069.385: [GC [PSYoungGen: 761522K->420K(733248K)] 951186K->190188K(1420224K), 0.0215390 secs] [Times: user=0.08 sys=0.00, real=0.02 secs] 
2014-07-07T21:46:08.978+0000: 3070.998: [GC [PSYoungGen: 733220K->192K(879552K)] 922988K->190000K(1566528K), 0.0374820 secs] [Times: user=0.13 sys=0.00, real=0.03 secs] 
2014-07-07T21:46:10.915+0000: 3072.935: [GC [PSYoungGen: 879552K->256K(845632K)] 1069360K->190096K(1532608K), 0.0067640 secs] [Times: user=0.01 sys=0.00, real=0.01 secs] 
2014-07-07T21:46:12.782+0000: 3074.802: [GC [PSYoungGen: 845611K->288K(813312K)] 1035451K->190184K(1500288K), 0.0073260 secs] [Times: user=0.02 sys=0.00, real=0.01 secs] 
2014-07-07T21:46:14.578+0000: 3076.598: [GC [PSYoungGen: 813280K->256K(782400K)] 1003176K->190184K(1469376K), 0.0167160 secs] [Times: user=0.06 sys=0.00, real=0.01 secs] 
2014-07-07T21:46:16.307+0000: 3078.327: [GC [PSYoungGen: 782396K->434K(753216K)] 972324K->190466K(1440192K), 0.0136500 secs] [Times: user=0.05 sys=0.00, real=0.01 secs] 
2014-07-07T21:46:17.965+0000: 3079.985: [GC [PSYoungGen: 753202K->370K(725120K)] 943234K->190554K(1412096K), 0.0162900 secs] [Times: user=0.06 sys=0.00, real=0.02 secs] 
2014-07-07T21:46:19.544+0000: 3081.565: [GC [PSYoungGen: 725106K->192K(698240K)] 915290K->190432K(1385216K), 0.0123620 secs] [Times: user=0.04 sys=0.00, real=0.01 secs] 
2014-07-07T21:46:21.089+0000: 3083.109: [GC [PSYoungGen: 698147K->388K(673024K)] 888387K->190692K(1360000K), 0.0051330 secs] [Times: user=0.01 sys=0.00, real=0.00 secs] 
2014-07-07T21:46:22.569+0000: 3084.590: [GC [PSYoungGen: 672964K->242K(648576K)] 863268K->190570K(1335552K), 0.0160360 secs] [Times: user=0.05 sys=0.00, real=0.01 secs] 
2014-07-07T21:46:24.005+0000: 3086.026: [GC [PSYoungGen: 648562K->224K(625408K)] 838890K->190584K(1312384K), 0.0049500 secs] [Times: user=0.02 sys=0.00, real=0.01 secs] 
2014-07-07T21:46:25.379+0000: 3087.400: [GC [PSYoungGen: 625359K->524K(603648K)] 815719K->190932K(1290624K), 0.0048480 secs] [Times: user=0.01 sys=0.00, real=0.00 secs] 
2014-07-07T21:46:26.717+0000: 3088.737: [GC [PSYoungGen: 603596K->192K(582144K)] 794004K->190672K(1269120K), 0.0041790 secs] [Times: user=0.01 sys=0.00, real=0.01 secs] 
2014-07-07T21:46:28.013+0000: 3090.033: [GC [PSYoungGen: 582144K->256K(562048K)] 772624K->190776K(1249024K), 0.0044140 secs] [Times: user=0.02 sys=0.00, real=0.00 secs] 
2014-07-07T21:46:29.244+0000: 3091.265: [GC [PSYoungGen: 562048K->338K(542976K)] 752568K->190898K(1229952K), 0.0096000 secs] [Times: user=0.03 sys=0.00, real=0.01 secs] 
2014-07-07T21:46:30.448+0000: 3092.468: [GC [PSYoungGen: 542930K->224K(524480K)] 733490K->190816K(1211456K), 0.0153090 secs] [Times: user=0.05 sys=0.00, real=0.02 secs] 
2014-07-07T21:46:31.609+0000: 3093.630: [GC [PSYoungGen: 524448K->192K(506880K)] 715040K->190816K(1193856K), 0.0137090 secs] [Times: user=0.05 sys=0.00, real=0.01 secs] 
2014-07-07T21:46:32.728+0000: 3094.748: [GC [PSYoungGen: 506880K->192K(490112K)] 697504K->190840K(1177088K), 0.0046690 secs] [Times: user=0.02 sys=0.00, real=0.01 secs] 
2014-07-07T21:46:33.807+0000: 3095.828: [GC [PSYoungGen: 490112K->278K(474240K)] 680760K->190942K(1161216K), 0.0074600 secs] [Times: user=0.02 sys=0.00, real=0.01 secs] 
2014-07-07T21:46:34.854+0000: 3096.874: [GC [PSYoungGen: 474198K->224K(458880K)] 664862K->190928K(1145856K), 0.0052390 secs] [Times: user=0.01 sys=0.00, real=0.01 secs] 
2014-07-07T21:46:35.876+0000: 3097.896: [GC [PSYoungGen: 458848K->384K(550784K)] 649552K->191176K(1237760K), 0.0266870 secs] [Times: user=0.10 sys=0.00, real=0.03 secs] 
2014-07-07T21:46:37.088+0000: 3099.108: [GC [PSYoungGen: 550784K->256K(531968K)] 741576K->191096K(1218944K), 0.0051640 secs] [Times: user=0.02 sys=0.00, real=0.01 secs] 
2014-07-07T21:46:38.273+0000: 3100.293: [GC [PSYoungGen: 531968K->274K(514176K)] 722808K->191178K(1201152K), 0.0115880 secs] [Times: user=0.04 sys=0.00, real=0.01 secs] 
2014-07-07T21:46:39.403+0000: 3101.423: [GC [PSYoungGen: 514130K->224K(497024K)] 705034K->191168K(1184000K), 0.0111440 secs] [Times: user=0.04 sys=0.00, real=0.01 secs] 
2014-07-07T21:46:40.497+0000: 3102.517: [GC [PSYoungGen: 496992K->160K(596352K)] 687936K->191136K(1283328K), 0.0136060 secs] [Times: user=0.05 sys=0.00, real=0.02 secs] 
2014-07-07T21:46:41.809+0000: 3103.829: [GC [PSYoungGen: 596282K->256K(715648K)] 787259K->191264K(1402624K), 0.0179550 secs] [Times: user=0.06 sys=0.00, real=0.02 secs] 
2014-07-07T21:46:43.389+0000: 3105.409: [GC [PSYoungGen: 715648K->128K(689280K)] 906656K->191168K(1376256K), 0.0102180 secs] [Times: user=0.04 sys=0.00, real=0.01 secs] 
2014-07-07T21:46:44.910+0000: 3106.930: [GC [PSYoungGen: 689280K->288K(827328K)] 880320K->191352K(1514304K), 0.0357030 secs] [Times: user=0.12 sys=0.00, real=0.04 secs] 
2014-07-07T21:46:46.729+0000: 3108.749: [GC [PSYoungGen: 827295K->352K(992832K)] 1018359K->191536K(1679808K), 0.0254740 secs] [Times: user=0.09 sys=0.00, real=0.03 secs] 
2014-07-07T21:46:48.915+0000: 3110.936: [GC [PSYoungGen: 992800K->306K(1191296K)] 1183984K->191554K(1878272K), 0.0048280 secs] [Times: user=0.01 sys=0.00, real=0.00 secs] 
2014-07-07T21:46:51.541+0000: 3113.561: [GC [PSYoungGen: 1191282K->224K(1142336K)] 1382530K->191528K(1829312K), 0.0084800 secs] [Times: user=0.01 sys=0.00, real=0.01 secs] 
2014-07-07T21:46:54.055+0000: 3116.076: [GC [PSYoungGen: 1142304K->256K(1095808K)] 1333608K->191608K(1782784K), 0.0193940 secs] [Times: user=0.07 sys=0.00, real=0.02 secs] 
2014-07-07T21:46:56.466+0000: 3118.486: [GC [PSYoungGen: 1095806K->192K(1051456K)] 1287158K->191608K(1738432K), 0.0050520 secs] [Times: user=0.02 sys=0.00, real=0.00 secs] 
2014-07-07T21:46:58.771+0000: 3120.791: [GC [PSYoungGen: 1051456K->370K(1009472K)] 1242872K->191890K(1696448K), 0.0161180 secs] [Times: user=0.05 sys=0.00, real=0.02 secs] 
2014-07-07T21:47:01.007+0000: 3123.027: [GC [PSYoungGen: 1009458K->288K(969280K)] 1200978K->191872K(1656256K), 0.0070870 secs] [Times: user=0.01 sys=0.00, real=0.01 secs] 
2014-07-07T21:47:03.144+0000: 3125.165: [GC [PSYoungGen: 969248K->338K(931136K)] 1160832K->191970K(1618112K), 0.0233430 secs] [Times: user=0.08 sys=0.01, real=0.02 secs] 
2014-07-07T21:47:05.205+0000: 3127.225: [GC [PSYoungGen: 931074K->256K(894592K)] 1122706K->192012K(1581568K), 0.0049930 secs] [Times: user=0.01 sys=0.00, real=0.00 secs] 
2014-07-07T21:47:07.194+0000: 3129.214: [GC [PSYoungGen: 894592K->324K(860032K)] 1086348K->192200K(1547008K), 0.0045940 secs] [Times: user=0.01 sys=0.01, real=0.01 secs] 
2014-07-07T21:47:09.079+0000: 3131.099: [GC [PSYoungGen: 859972K->288K(826944K)] 1051848K->192212K(1513920K), 0.0252090 secs] [Times: user=0.09 sys=0.00, real=0.02 secs] 
2014-07-07T21:47:10.899+0000: 3132.920: [GC [PSYoungGen: 826912K->370K(795520K)] 1018836K->192342K(1482496K), 0.0227430 secs] [Times: user=0.08 sys=0.01, real=0.02 secs] 
2014-07-07T21:47:12.650+0000: 3134.670: [GC [PSYoungGen: 795506K->192K(765312K)] 987478K->192196K(1452288K), 0.0049140 secs] [Times: user=0.01 sys=0.00, real=0.00 secs] 
2014-07-07T21:47:14.339+0000: 3136.359: [GC [PSYoungGen: 765312K->352K(736896K)] 957316K->192396K(1423872K), 0.0204040 secs] [Times: user=0.06 sys=0.00, real=0.02 secs] 
2014-07-07T21:47:15.959+0000: 3137.979: [GC [PSYoungGen: 736864K->356K(709632K)] 928908K->192496K(1396608K), 0.0247830 secs] [Times: user=0.09 sys=0.00, real=0.02 secs] 
2014-07-07T21:47:17.528+0000: 3139.548: [GC [PSYoungGen: 709604K->402K(851584K)] 901744K->192622K(1538560K), 0.0356900 secs] [Times: user=0.12 sys=0.00, real=0.03 secs] 
2014-07-07T21:47:19.412+0000: 3141.432: [GC [PSYoungGen: 851538K->192K(1021568K)] 1043758K->192460K(1708544K), 0.0060690 secs] [Times: user=0.01 sys=0.00, real=0.01 secs] 
2014-07-07T21:47:21.659+0000: 3143.680: [GC [PSYoungGen: 1021487K->292K(980928K)] 1213756K->192600K(1667904K), 0.0118090 secs] [Times: user=0.05 sys=0.00, real=0.01 secs] 
2014-07-07T21:47:23.826+0000: 3145.846: [GC [PSYoungGen: 980805K->488K(942336K)] 1173113K->192844K(1629312K), 0.0089400 secs] [Times: user=0.02 sys=0.01, real=0.01 secs] 
2014-07-07T21:47:25.901+0000: 3147.921: [GC [PSYoungGen: 942300K->420K(905344K)] 1134656K->192840K(1592320K), 0.0160820 secs] [Times: user=0.06 sys=0.00, real=0.02 secs] 
2014-07-07T21:47:27.897+0000: 3149.917: [GC [PSYoungGen: 905314K->228K(869952K)] 1097734K->192760K(1556928K), 0.0077510 secs] [Times: user=0.01 sys=0.00, real=0.01 secs] 
2014-07-07T21:47:29.830+0000: 3151.850: [GC [PSYoungGen: 869924K->374K(836544K)] 1062456K->192946K(1523520K), 0.0054750 secs] [Times: user=0.01 sys=0.01, real=0.00 secs] 
2014-07-07T21:47:31.675+0000: 3153.695: [GC [PSYoungGen: 836534K->160K(804416K)] 1029106K->192772K(1491392K), 0.0097760 secs] [Times: user=0.03 sys=0.00, real=0.01 secs] 
2014-07-07T21:47:33.453+0000: 3155.473: [GC [PSYoungGen: 804384K->288K(774144K)] 996996K->192940K(1461120K), 0.0292780 secs] [Times: user=0.11 sys=0.00, real=0.03 secs] 
2014-07-07T21:47:35.164+0000: 3157.184: [GC [PSYoungGen: 774112K->548K(745408K)] 966764K->193232K(1432384K), 0.0231290 secs] [Times: user=0.07 sys=0.00, real=0.02 secs] 
2014-07-07T21:47:36.798+0000: 3158.818: [GC [PSYoungGen: 745380K->192K(717376K)] 938064K->192972K(1404352K), 0.0087230 secs] [Times: user=0.03 sys=0.00, real=0.01 secs] 
2014-07-07T21:47:38.382+0000: 3160.402: [GC [PSYoungGen: 717352K->342K(691200K)] 910132K->193178K(1378176K), 0.0187870 secs] [Times: user=0.07 sys=0.00, real=0.02 secs] 
2014-07-07T21:47:39.895+0000: 3161.915: [GC [PSYoungGen: 691158K->160K(665856K)] 883994K->193028K(1352832K), 0.0089050 secs] [Times: user=0.03 sys=0.00, real=0.01 secs] 
2014-07-07T21:47:41.365+0000: 3163.385: [GC [PSYoungGen: 665824K->274K(642048K)] 858692K->193174K(1329024K), 0.0115250 secs] [Times: user=0.03 sys=0.00, real=0.01 secs] 
2014-07-07T21:47:42.797+0000: 3164.817: [GC [PSYoungGen: 642002K->242K(619136K)] 834902K->193174K(1306112K), 0.0053760 secs] [Times: user=0.01 sys=0.01, real=0.01 secs] 
2014-07-07T21:47:44.167+0000: 3166.187: [GC [PSYoungGen: 619122K->192K(597248K)] 812054K->193140K(1284224K), 0.0048650 secs] [Times: user=0.01 sys=0.00, real=0.01 secs] 
2014-07-07T21:47:45.479+0000: 3167.499: [GC [PSYoungGen: 597248K->160K(576448K)] 790196K->193172K(1263424K), 0.0051700 secs] [Times: user=0.01 sys=0.00, real=0.01 secs] 
2014-07-07T21:47:46.753+0000: 3168.773: [GC [PSYoungGen: 576416K->502K(692032K)] 769428K->193602K(1379008K), 0.0453530 secs] [Times: user=0.15 sys=0.00, real=0.04 secs] 
2014-07-07T21:47:48.273+0000: 3170.293: [GC [PSYoungGen: 692022K->256K(830080K)] 885122K->193404K(1517056K), 0.0127260 secs] [Times: user=0.05 sys=0.00, real=0.01 secs] 
2014-07-07T21:47:50.102+0000: 3172.122: [GC [PSYoungGen: 830041K->256K(996096K)] 1023189K->193452K(1683072K), 0.0308190 secs] [Times: user=0.11 sys=0.00, real=0.03 secs] 
2014-07-07T21:47:52.310+0000: 3174.330: [GC [PSYoungGen: 996069K->324K(1195392K)] 1189265K->193544K(1882368K), 0.0130270 secs] [Times: user=0.05 sys=0.00, real=0.02 secs] 
2014-07-07T21:47:54.945+0000: 3176.965: [GC [PSYoungGen: 1195332K->484K(1434560K)] 1388552K->193744K(2121536K), 0.0194900 secs] [Times: user=0.05 sys=0.00, real=0.02 secs] 
2014-07-07T21:47:58.108+0000: 3180.128: [GC [PSYoungGen: 1434532K->320K(1373632K)] 1627792K->193700K(2060608K), 0.0127340 secs] [Times: user=0.05 sys=0.00, real=0.01 secs] 
2014-07-07T21:48:01.134+0000: 3183.154: [GC [PSYoungGen: 1373632K->256K(1315776K)] 1567012K->193716K(2002752K), 0.0142840 secs] [Times: user=0.05 sys=0.00, real=0.01 secs] 
2014-07-07T21:48:04.027+0000: 3186.047: [GC [PSYoungGen: 1315776K->402K(1260992K)] 1509236K->193918K(1947968K), 0.0080320 secs] [Times: user=0.01 sys=0.00, real=0.01 secs] 
2014-07-07T21:48:06.798+0000: 3188.818: [GC [PSYoungGen: 1260946K->480K(1208768K)] 1454462K->194124K(1895744K), 0.0276080 secs] [Times: user=0.09 sys=0.00, real=0.03 secs] 
2014-07-07T21:48:09.460+0000: 3191.480: [GC [PSYoungGen: 1208736K->320K(1158848K)] 1402380K->194076K(1845824K), 0.0180120 secs] [Times: user=0.07 sys=0.00, real=0.02 secs] 
2014-07-07T21:48:12.017+0000: 3194.037: [GC [PSYoungGen: 1158775K->256K(1111424K)] 1352531K->194084K(1798400K), 0.0081720 secs] [Times: user=0.02 sys=0.00, real=0.01 secs] 
2014-07-07T21:48:14.460+0000: 3196.480: [GC [PSYoungGen: 1111424K->224K(1066368K)] 1305252K->194084K(1753344K), 0.0050360 secs] [Times: user=0.01 sys=0.00, real=0.01 secs] 
2014-07-07T21:48:16.810+0000: 3198.830: [GC [PSYoungGen: 1066336K->456K(1023744K)] 1260196K->194404K(1710720K), 0.0154230 secs] [Times: user=0.05 sys=0.00, real=0.02 secs] 
2014-07-07T21:48:19.076+0000: 3201.096: [GC [PSYoungGen: 1023681K->128K(982528K)] 1217629K->194156K(1669504K), 0.0173420 secs] [Times: user=0.06 sys=0.00, real=0.01 secs] 
2014-07-07T21:48:21.252+0000: 3203.272: [GC [PSYoungGen: 982433K->452K(944064K)] 1176461K->194536K(1631040K), 0.0140260 secs] [Times: user=0.06 sys=0.00, real=0.02 secs] 
2014-07-07T21:48:23.334+0000: 3205.354: [GC [PSYoungGen: 944004K->128K(906688K)] 1138088K->194252K(1593664K), 0.0078400 secs] [Times: user=0.03 sys=0.00, real=0.01 secs] 
2014-07-07T21:48:25.335+0000: 3207.355: [GC [PSYoungGen: 906688K->288K(871616K)] 1100812K->194436K(1558592K), 0.0051110 secs] [Times: user=0.01 sys=0.00, real=0.01 secs] 
2014-07-07T21:48:27.260+0000: 3209.280: [GC [PSYoungGen: 871584K->256K(837952K)] 1065732K->194532K(1524928K), 0.0099420 secs] [Times: user=0.03 sys=0.00, real=0.01 secs] 
2014-07-07T21:48:29.105+0000: 3211.125: [GC [PSYoungGen: 837952K->356K(806080K)] 1032228K->194688K(1493056K), 0.0158060 secs] [Times: user=0.06 sys=0.00, real=0.02 secs] 
2014-07-07T21:48:30.883+0000: 3212.903: [GC [PSYoungGen: 806052K->538K(775808K)] 1000384K->194902K(1462784K), 0.0185760 secs] [Times: user=0.08 sys=0.00, real=0.02 secs] 
2014-07-07T21:48:32.603+0000: 3214.623: [GC [PSYoungGen: 775770K->228K(746432K)] 970134K->194746K(1433408K), 0.0121540 secs] [Times: user=0.04 sys=0.00, real=0.01 secs] 
2014-07-07T21:48:34.255+0000: 3216.275: [GC [PSYoungGen: 746304K->552K(719040K)] 940822K->195094K(1406016K), 0.0049870 secs] [Times: user=0.01 sys=0.00, real=0.01 secs] 
2014-07-07T21:48:35.839+0000: 3217.859: [GC [PSYoungGen: 719016K->192K(692224K)] 913558K->194814K(1379200K), 0.0053000 secs] [Times: user=0.02 sys=0.00, real=0.00 secs] 
2014-07-07T21:48:37.357+0000: 3219.377: [GC [PSYoungGen: 692224K->320K(667200K)] 886846K->195038K(1354176K), 0.0144380 secs] [Times: user=0.05 sys=0.01, real=0.02 secs] 
2014-07-07T21:48:38.828+0000: 3220.848: [GC [PSYoungGen: 667200K->502K(643392K)] 861918K->195268K(1330368K), 0.0045010 secs] [Times: user=0.01 sys=0.00, real=0.01 secs] 
2014-07-07T21:48:40.253+0000: 3222.273: [GC [PSYoungGen: 643336K->338K(620352K)] 838102K->195144K(1307328K), 0.0081390 secs] [Times: user=0.02 sys=0.00, real=0.01 secs] 
2014-07-07T21:48:41.614+0000: 3223.634: [GC [PSYoungGen: 620306K->224K(598336K)] 815112K->195070K(1285312K), 0.0085670 secs] [Times: user=0.04 sys=0.00, real=0.01 secs] 
2014-07-07T21:48:42.933+0000: 3224.954: [GC [PSYoungGen: 598304K->128K(577344K)] 793150K->194990K(1264320K), 0.0209580 secs] [Times: user=0.07 sys=0.00, real=0.02 secs] 
2014-07-07T21:48:44.212+0000: 3226.232: [GC [PSYoungGen: 577344K->306K(557632K)] 772206K->195200K(1244608K), 0.0122110 secs] [Times: user=0.04 sys=0.00, real=0.01 secs] 
2014-07-07T21:48:45.447+0000: 3227.467: [GC [PSYoungGen: 557618K->192K(538496K)] 752512K->195158K(1225472K), 0.0047490 secs] [Times: user=0.02 sys=0.00, real=0.01 secs] 
2014-07-07T21:48:46.638+0000: 3228.658: [GC [PSYoungGen: 538451K->388K(520576K)] 733417K->195426K(1207552K), 0.0186320 secs] [Times: user=0.07 sys=0.00, real=0.02 secs] 
2014-07-07T21:48:47.790+0000: 3229.810: [GC [PSYoungGen: 520481K->452K(503296K)] 715519K->195554K(1190272K), 0.0125850 secs] [Times: user=0.04 sys=0.00, real=0.01 secs] 
2014-07-07T21:48:48.902+0000: 3230.922: [GC [PSYoungGen: 503236K->306K(603712K)] 698338K->195464K(1290688K), 0.0274680 secs] [Times: user=0.09 sys=0.00, real=0.02 secs] 
2014-07-07T21:48:50.241+0000: 3232.261: [GC [PSYoungGen: 603698K->160K(724288K)] 798856K->195342K(1411264K), 0.0036330 secs] [Times: user=0.01 sys=0.00, real=0.00 secs] 
2014-07-07T21:48:51.842+0000: 3233.862: [GC [PSYoungGen: 724256K->406K(697856K)] 919438K->195652K(1384832K), 0.0113230 secs] [Times: user=0.04 sys=0.00, real=0.01 secs] 
2014-07-07T21:48:53.384+0000: 3235.405: [GC [PSYoungGen: 697814K->288K(837248K)] 893060K->195582K(1524224K), 0.0215640 secs] [Times: user=0.08 sys=0.00, real=0.02 secs] 
2014-07-07T21:48:55.232+0000: 3237.252: [GC [PSYoungGen: 837216K->256K(805248K)] 1032510K->195582K(1492224K), 0.0052910 secs] [Times: user=0.01 sys=0.00, real=0.00 secs] 
2014-07-07T21:48:57.013+0000: 3239.033: [GC [PSYoungGen: 805214K->488K(775040K)] 1000540K->195926K(1462016K), 0.0056980 secs] [Times: user=0.01 sys=0.00, real=0.00 secs] 
2014-07-07T21:48:58.725+0000: 3240.745: [GC [PSYoungGen: 775016K->192K(745664K)] 970454K->195678K(1432640K), 0.0043560 secs] [Times: user=0.01 sys=0.00, real=0.00 secs] 
2014-07-07T21:49:00.367+0000: 3242.387: [GC [PSYoungGen: 745664K->402K(718272K)] 941150K->195968K(1405248K), 0.0086190 secs] [Times: user=0.02 sys=0.00, real=0.01 secs] 
2014-07-07T21:49:01.963+0000: 3243.983: [GC [PSYoungGen: 718226K->256K(691712K)] 913792K->195870K(1378688K), 0.0115040 secs] [Times: user=0.04 sys=0.00, real=0.01 secs] 
2014-07-07T21:49:03.493+0000: 3245.513: [GC [PSYoungGen: 691712K->324K(666688K)] 887326K->195962K(1353664K), 0.0075830 secs] [Times: user=0.02 sys=0.00, real=0.00 secs] 
2014-07-07T21:49:04.961+0000: 3246.981: [GC [PSYoungGen: 666628K->224K(642560K)] 862266K->195902K(1329536K), 0.0113560 secs] [Times: user=0.04 sys=0.00, real=0.02 secs] 
2014-07-07T21:49:06.376+0000: 3248.396: [GC [PSYoungGen: 642528K->256K(619648K)] 838206K->196030K(1306624K), 0.0249230 secs] [Times: user=0.09 sys=0.01, real=0.02 secs] 
2014-07-07T21:49:07.732+0000: 3249.752: [GC [PSYoungGen: 619648K->242K(597824K)] 815422K->196072K(1284800K), 0.0059580 secs] [Times: user=0.02 sys=0.00, real=0.01 secs] 
2014-07-07T21:49:09.057+0000: 3251.077: [GC [PSYoungGen: 597810K->548K(577280K)] 793640K->196626K(1264256K), 0.0099550 secs] [Times: user=0.02 sys=0.01, real=0.01 secs] 
2014-07-07T21:49:10.332+0000: 3252.353: [GC [PSYoungGen: 577252K->288K(557120K)] 773330K->196406K(1244096K), 0.0197320 secs] [Times: user=0.08 sys=0.00, real=0.02 secs] 
2014-07-07T21:49:11.558+0000: 3253.578: [GC [PSYoungGen: 557088K->224K(668416K)] 753206K->196414K(1355392K), 0.0139960 secs] [Times: user=0.05 sys=0.00, real=0.01 secs] 
2014-07-07T21:49:13.034+0000: 3255.054: [GC [PSYoungGen: 668384K->242K(644352K)] 864574K->196448K(1331328K), 0.0057760 secs] [Times: user=0.02 sys=0.00, real=0.00 secs] 
2014-07-07T21:49:14.456+0000: 3256.476: [GC [PSYoungGen: 644316K->520K(621696K)] 840522K->196758K(1308672K), 0.0074860 secs] [Times: user=0.03 sys=0.00, real=0.00 secs] 
2014-07-07T21:49:15.837+0000: 3257.857: [GC [PSYoungGen: 621640K->452K(599744K)] 817878K->196762K(1286720K), 0.0057290 secs] [Times: user=0.02 sys=0.01, real=0.00 secs] 
2014-07-07T21:49:17.165+0000: 3259.185: [GC [PSYoungGen: 599684K->256K(578560K)] 795994K->196646K(1265536K), 0.0075690 secs] [Times: user=0.02 sys=0.00, real=0.00 secs] 
2014-07-07T21:49:18.441+0000: 3260.461: [GC [PSYoungGen: 578560K->292K(694336K)] 774950K->196722K(1381312K), 0.0376520 secs] [Times: user=0.13 sys=0.00, real=0.04 secs] 
2014-07-07T21:49:19.976+0000: 3261.996: [GC [PSYoungGen: 694237K->424K(669184K)] 890667K->196886K(1356160K), 0.0055180 secs] [Times: user=0.01 sys=0.00, real=0.00 secs] 
2014-07-07T21:49:21.464+0000: 3263.484: [GC [PSYoungGen: 669160K->502K(645120K)] 865622K->197012K(1332096K), 0.0076550 secs] [Times: user=0.03 sys=0.00, real=0.01 secs] 
2014-07-07T21:49:22.884+0000: 3264.904: [GC [PSYoungGen: 645110K->434K(622080K)] 841620K->197000K(1309056K), 0.0127350 secs] [Times: user=0.04 sys=0.00, real=0.02 secs] 
2014-07-07T21:49:24.262+0000: 3266.283: [GC [PSYoungGen: 622066K->470K(600192K)] 818632K->197076K(1287168K), 0.0034110 secs] [Times: user=0.02 sys=0.00, real=0.01 secs] 
2014-07-07T21:49:25.583+0000: 3267.603: [GC [PSYoungGen: 600150K->288K(579072K)] 796756K->196982K(1266048K), 0.0221420 secs] [Times: user=0.08 sys=0.00, real=0.02 secs] 
2014-07-07T21:49:26.866+0000: 3268.886: [GC [PSYoungGen: 579040K->402K(694976K)] 775734K->197192K(1381952K), 0.0411570 secs] [Times: user=0.14 sys=0.00, real=0.04 secs] 
2014-07-07T21:49:28.402+0000: 3270.423: [GC [PSYoungGen: 694929K->306K(833792K)] 891719K->197128K(1520768K), 0.0179000 secs] [Times: user=0.07 sys=0.00, real=0.02 secs] 
2014-07-07T21:49:30.235+0000: 3272.255: [GC [PSYoungGen: 833776K->310K(1000512K)] 1030598K->197188K(1687488K), 0.0149070 secs] [Times: user=0.05 sys=0.00, real=0.02 secs] 
2014-07-07T21:49:32.454+0000: 3274.474: [GC [PSYoungGen: 1000480K->424K(1200704K)] 1197358K->197326K(1887680K), 0.0051690 secs] [Times: user=0.01 sys=0.00, real=0.01 secs] 
2014-07-07T21:49:35.106+0000: 3277.126: [GC [PSYoungGen: 1200674K->570K(1151488K)] 1397576K->197520K(1838464K), 0.0226070 secs] [Times: user=0.09 sys=0.00, real=0.03 secs] 
2014-07-07T21:49:37.641+0000: 3279.661: [GC [PSYoungGen: 1151463K->342K(1104320K)] 1348413K->197404K(1791296K), 0.0192100 secs] [Times: user=0.07 sys=0.00, real=0.02 secs] 
2014-07-07T21:49:40.082+0000: 3282.102: [GC [PSYoungGen: 1104278K->224K(1059456K)] 1301340K->197382K(1746432K), 0.0109300 secs] [Times: user=0.04 sys=0.00, real=0.01 secs] 
2014-07-07T21:49:42.418+0000: 3284.438: [GC [PSYoungGen: 1059342K->242K(1016896K)] 1256500K->197440K(1703872K), 0.0071320 secs] [Times: user=0.01 sys=0.00, real=0.00 secs] 
2014-07-07T21:49:44.666+0000: 3286.686: [GC [PSYoungGen: 1016882K->160K(976320K)] 1214080K->197390K(1663296K), 0.0055990 secs] [Times: user=0.01 sys=0.00, real=0.01 secs] 
2014-07-07T21:49:46.819+0000: 3288.839: [GC [PSYoungGen: 976288K->192K(937728K)] 1173518K->197518K(1624704K), 0.0039330 secs] [Times: user=0.01 sys=0.00, real=0.01 secs] 
2014-07-07T21:49:48.893+0000: 3290.913: [GC [PSYoungGen: 937728K->192K(900992K)] 1135054K->197582K(1587968K), 0.0050930 secs] [Times: user=0.01 sys=0.00, real=0.00 secs] 
2014-07-07T21:49:50.892+0000: 3292.912: [GC [PSYoungGen: 900992K->256K(866048K)] 1098382K->197702K(1553024K), 0.0076480 secs] [Times: user=0.02 sys=0.00, real=0.01 secs] 
2014-07-07T21:49:52.808+0000: 3294.828: [GC [PSYoungGen: 866048K->292K(832768K)] 1063494K->197770K(1519744K), 0.0039970 secs] [Times: user=0.01 sys=0.00, real=0.01 secs] 
2014-07-07T21:49:54.650+0000: 3296.670: [GC [PSYoungGen: 832740K->256K(800960K)] 1030218K->197782K(1487936K), 0.0195140 secs] [Times: user=0.07 sys=0.00, real=0.01 secs] 
2014-07-07T21:49:56.420+0000: 3298.440: [GC [PSYoungGen: 800960K->466K(770944K)] 998486K->198088K(1457920K), 0.0174150 secs] [Times: user=0.06 sys=0.00, real=0.01 secs] 
2014-07-07T21:49:58.112+0000: 3300.132: [GC [PSYoungGen: 770898K->256K(741824K)] 968520K->197950K(1428800K), 0.0121880 secs] [Times: user=0.05 sys=0.00, real=0.01 secs] 
2014-07-07T21:49:59.749+0000: 3301.769: [GC [PSYoungGen: 741732K->128K(714240K)] 939426K->197846K(1401216K), 0.0041560 secs] [Times: user=0.01 sys=0.00, real=0.01 secs] 
2014-07-07T21:50:01.328+0000: 3303.348: [GC [PSYoungGen: 714240K->338K(688576K)] 911958K->198096K(1375552K), 0.0145750 secs] [Times: user=0.05 sys=0.00, real=0.02 secs] 
2014-07-07T21:50:02.845+0000: 3304.865: [GC [PSYoungGen: 688274K->370K(825920K)] 886032K->198168K(1512896K), 0.0367410 secs] [Times: user=0.12 sys=0.00, real=0.04 secs] 
2014-07-07T21:50:04.676+0000: 3306.696: [GC [PSYoungGen: 825879K->470K(991168K)] 1023677K->198308K(1678144K), 0.0160200 secs] [Times: user=0.06 sys=0.00, real=0.02 secs] 
2014-07-07T21:50:06.855+0000: 3308.875: [GC [PSYoungGen: 991126K->224K(951616K)] 1188964K->198158K(1638592K), 0.0046360 secs] [Times: user=0.00 sys=0.01, real=0.00 secs] 
2014-07-07T21:50:08.958+0000: 3310.978: [GC [PSYoungGen: 951500K->516K(914560K)] 1149434K->198538K(1601536K), 0.0139760 secs] [Times: user=0.04 sys=0.00, real=0.02 secs] 
2014-07-07T21:50:10.974+0000: 3312.994: [GC [PSYoungGen: 914500K->488K(878912K)] 1112522K->198638K(1565888K), 0.0093010 secs] [Times: user=0.03 sys=0.00, real=0.01 secs] 
2014-07-07T21:50:12.903+0000: 3314.923: [GC [PSYoungGen: 878888K->324K(844864K)] 1077038K->198514K(1531840K), 0.0112780 secs] [Times: user=0.03 sys=0.00, real=0.02 secs] 
2014-07-07T21:50:14.767+0000: 3316.787: [GC [PSYoungGen: 844804K->338K(812544K)] 1042994K->198584K(1499520K), 0.0095970 secs] [Times: user=0.04 sys=0.00, real=0.01 secs] 
2014-07-07T21:50:16.557+0000: 3318.577: [GC [PSYoungGen: 812498K->192K(781568K)] 1010744K->198526K(1468544K), 0.0043660 secs] [Times: user=0.01 sys=0.00, real=0.00 secs] 
2014-07-07T21:50:18.291+0000: 3320.311: [GC [PSYoungGen: 781568K->416K(752448K)] 979902K->198838K(1439424K), 0.0120410 secs] [Times: user=0.04 sys=0.01, real=0.02 secs] 
2014-07-07T21:50:19.935+0000: 3321.955: [GC [PSYoungGen: 752406K->306K(724352K)] 950828K->198792K(1411328K), 0.0135250 secs] [Times: user=0.05 sys=0.00, real=0.01 secs] 
2014-07-07T21:50:21.535+0000: 3323.555: [GC [PSYoungGen: 724338K->128K(697472K)] 922824K->198638K(1384448K), 0.0040390 secs] [Times: user=0.01 sys=0.00, real=0.00 secs] 
2014-07-07T21:50:23.076+0000: 3325.096: [GC [PSYoungGen: 697472K->192K(672128K)] 895982K->198726K(1359104K), 0.0095180 secs] [Times: user=0.03 sys=0.00, real=0.01 secs] 
2014-07-07T21:50:24.559+0000: 3326.579: [GC [PSYoungGen: 672128K->416K(648128K)] 870662K->198998K(1335104K), 0.0206360 secs] [Times: user=0.07 sys=0.00, real=0.02 secs] 
2014-07-07T21:50:25.991+0000: 3328.011: [GC [PSYoungGen: 648096K->402K(625024K)] 846678K->199088K(1312000K), 0.0162260 secs] [Times: user=0.05 sys=0.01, real=0.02 secs] 
2014-07-07T21:50:27.379+0000: 3329.399: [GC [PSYoungGen: 624977K->192K(602688K)] 823663K->198950K(1289664K), 0.0087120 secs] [Times: user=0.03 sys=0.00, real=0.01 secs] 
2014-07-07T21:50:28.710+0000: 3330.730: [GC [PSYoungGen: 602688K->256K(581696K)] 801446K->199054K(1268672K), 0.0182940 secs] [Times: user=0.07 sys=0.00, real=0.02 secs] 
2014-07-07T21:50:30.003+0000: 3332.023: [GC [PSYoungGen: 581696K->338K(561728K)] 780494K->199160K(1248704K), 0.0049840 secs] [Times: user=0.01 sys=0.00, real=0.01 secs] 
2014-07-07T21:50:31.237+0000: 3333.257: [GC [PSYoungGen: 561682K->274K(542464K)] 760504K->199144K(1229440K), 0.0167310 secs] [Times: user=0.06 sys=0.00, real=0.01 secs] 
2014-07-07T21:50:32.440+0000: 3334.460: [GC [PSYoungGen: 542418K->338K(524160K)] 741288K->199240K(1211136K), 0.0133500 secs] [Times: user=0.05 sys=0.00, real=0.01 secs] 
2014-07-07T21:50:33.604+0000: 3335.624: [GC [PSYoungGen: 524114K->306K(506560K)] 723016K->199248K(1193536K), 0.0096060 secs] [Times: user=0.04 sys=0.00, real=0.01 secs] 
2014-07-07T21:50:34.731+0000: 3336.752: [GC [PSYoungGen: 506546K->434K(489920K)] 705488K->199416K(1176896K), 0.0081890 secs] [Times: user=0.03 sys=0.00, real=0.01 secs] 
2014-07-07T21:50:35.810+0000: 3337.830: [GC [PSYoungGen: 489906K->224K(473728K)] 688888K->199278K(1160704K), 0.0052490 secs] [Times: user=0.01 sys=0.00, real=0.00 secs] 
2014-07-07T21:50:36.854+0000: 3338.874: [GC [PSYoungGen: 473696K->288K(458496K)] 672750K->199414K(1145472K), 0.0155690 secs] [Times: user=0.06 sys=0.00, real=0.02 secs] 
2014-07-07T21:50:37.865+0000: 3339.885: [GC [PSYoungGen: 458464K->306K(443840K)] 657590K->199472K(1130816K), 0.0049790 secs] [Times: user=0.01 sys=0.01, real=0.01 secs] 
2014-07-07T21:50:38.844+0000: 3340.864: [GC [PSYoungGen: 443826K->388K(532672K)] 642992K->199594K(1219648K), 0.0171230 secs] [Times: user=0.05 sys=0.00, real=0.02 secs] 
2014-07-07T21:50:40.017+0000: 3342.037: [GC [PSYoungGen: 532612K->242K(638976K)] 731818K->199472K(1325952K), 0.0125380 secs] [Times: user=0.05 sys=0.00, real=0.02 secs] 
2014-07-07T21:50:41.426+0000: 3343.446: [GC [PSYoungGen: 638962K->224K(616256K)] 838192K->199486K(1303232K), 0.0040260 secs] [Times: user=0.01 sys=0.00, real=0.01 secs] 
2014-07-07T21:50:42.785+0000: 3344.805: [GC [PSYoungGen: 616224K->160K(739392K)] 815486K->199446K(1426368K), 0.0298230 secs] [Times: user=0.11 sys=0.00, real=0.03 secs] 
2014-07-07T21:50:44.417+0000: 3346.437: [GC [PSYoungGen: 739318K->374K(887424K)] 938604K->199684K(1574400K), 0.0128400 secs] [Times: user=0.05 sys=0.00, real=0.02 secs] 
2014-07-07T21:50:46.378+0000: 3348.399: [GC [PSYoungGen: 887413K->256K(1064704K)] 1086723K->199638K(1751680K), 0.0214860 secs] [Times: user=0.08 sys=0.00, real=0.02 secs] 
2014-07-07T21:50:48.731+0000: 3350.751: [GC [PSYoungGen: 1064704K->292K(1277696K)] 1264086K->199762K(1964672K), 0.0230140 secs] [Times: user=0.08 sys=0.00, real=0.02 secs] 
2014-07-07T21:50:51.561+0000: 3353.581: [GC [PSYoungGen: 1277668K->256K(1224512K)] 1477138K->199790K(1911488K), 0.0217360 secs] [Times: user=0.07 sys=0.00, real=0.02 secs] 
2014-07-07T21:50:54.268+0000: 3356.288: [GC [PSYoungGen: 1224418K->338K(1174080K)] 1423952K->199904K(1861056K), 0.0088760 secs] [Times: user=0.03 sys=0.00, real=0.01 secs] 
2014-07-07T21:50:56.854+0000: 3358.874: [GC [PSYoungGen: 1174034K->256K(1125888K)] 1373600K->199918K(1812864K), 0.0042510 secs] [Times: user=0.01 sys=0.00, real=0.00 secs] 
2014-07-07T21:50:59.347+0000: 3361.367: [GC [PSYoungGen: 1125829K->442K(1080320K)] 1325491K->200386K(1767296K), 0.0099180 secs] [Times: user=0.04 sys=0.00, real=0.01 secs] 
2014-07-07T21:51:01.729+0000: 3363.749: [GC [PSYoungGen: 1080314K->352K(1036672K)] 1280258K->200360K(1723648K), 0.0371000 secs] [Times: user=0.12 sys=0.00, real=0.04 secs] 
2014-07-07T21:51:04.022+0000: 3366.042: [GC [PSYoungGen: 1036640K->256K(995072K)] 1236648K->200328K(1682048K), 0.0052140 secs] [Times: user=0.01 sys=0.00, real=0.00 secs] 
2014-07-07T21:51:06.221+0000: 3368.241: [GC [PSYoungGen: 995072K->256K(955584K)] 1195144K->200400K(1642560K), 0.0081010 secs] [Times: user=0.03 sys=0.00, real=0.01 secs] 
2014-07-07T21:51:08.338+0000: 3370.358: [GC [PSYoungGen: 955584K->224K(918016K)] 1155728K->200464K(1604992K), 0.0061270 secs] [Times: user=0.01 sys=0.01, real=0.01 secs] 
2014-07-07T21:51:10.361+0000: 3372.381: [GC [PSYoungGen: 917984K->292K(882304K)] 1118224K->200564K(1569280K), 0.0055300 secs] [Times: user=0.01 sys=0.00, real=0.01 secs] 
2014-07-07T21:51:12.305+0000: 3374.325: [GC [PSYoungGen: 882276K->224K(848128K)] 1082548K->200528K(1535104K), 0.0079550 secs] [Times: user=0.01 sys=0.00, real=0.01 secs] 
2014-07-07T21:51:14.175+0000: 3376.195: [GC [PSYoungGen: 848096K->306K(815744K)] 1048400K->200642K(1502720K), 0.0056840 secs] [Times: user=0.01 sys=0.00, real=0.00 secs] 
2014-07-07T21:51:15.980+0000: 3378.000: [GC [PSYoungGen: 815730K->160K(784640K)] 1016066K->200568K(1471616K), 0.0150460 secs] [Times: user=0.05 sys=0.00, real=0.02 secs] 
2014-07-07T21:51:17.720+0000: 3379.740: [GC [PSYoungGen: 784606K->128K(755072K)] 985014K->200608K(1442048K), 0.0076040 secs] [Times: user=0.01 sys=0.00, real=0.01 secs] 
2014-07-07T21:51:19.389+0000: 3381.409: [GC [PSYoungGen: 755072K->256K(727104K)] 955552K->200792K(1414080K), 0.0070840 secs] [Times: user=0.01 sys=0.00, real=0.01 secs] 
2014-07-07T21:51:20.990+0000: 3383.010: [GC [PSYoungGen: 727104K->260K(700352K)] 927640K->200828K(1387328K), 0.0350710 secs] [Times: user=0.13 sys=0.00, real=0.04 secs] 
2014-07-07T21:51:22.546+0000: 3384.566: [GC [PSYoungGen: 700292K->456K(675008K)] 900860K->201048K(1361984K), 0.0102280 secs] [Times: user=0.04 sys=0.00, real=0.01 secs] 
2014-07-07T21:51:24.050+0000: 3386.070: [GC [PSYoungGen: 674852K->556K(650688K)] 875444K->201292K(1337664K), 0.0052140 secs] [Times: user=0.02 sys=0.00, real=0.01 secs] 
2014-07-07T21:51:25.492+0000: 3387.512: [GC [PSYoungGen: 650668K->128K(627008K)] 851404K->201032K(1313984K), 0.0150420 secs] [Times: user=0.06 sys=0.00, real=0.02 secs] 
2014-07-07T21:51:26.873+0000: 3388.893: [GC [PSYoungGen: 627008K->256K(604928K)] 827912K->201272K(1291904K), 0.0134850 secs] [Times: user=0.03 sys=0.00, real=0.02 secs] 
2014-07-07T21:51:28.216+0000: 3390.236: [GC [PSYoungGen: 604928K->210K(583744K)] 805944K->201306K(1270720K), 0.0108430 secs] [Times: user=0.03 sys=0.00, real=0.01 secs] 
2014-07-07T21:51:29.511+0000: 3391.531: [GC [PSYoungGen: 583698K->356K(563648K)] 784794K->201500K(1250624K), 0.0135430 secs] [Times: user=0.04 sys=0.00, real=0.02 secs] 
2014-07-07T21:51:30.754+0000: 3392.774: [GC [PSYoungGen: 563620K->192K(544192K)] 764764K->201360K(1231168K), 0.0044700 secs] [Times: user=0.01 sys=0.00, real=0.00 secs] 
2014-07-07T21:51:31.954+0000: 3393.974: [GC [PSYoungGen: 544192K->306K(525888K)] 745360K->201506K(1212864K), 0.0149730 secs] [Times: user=0.05 sys=0.00, real=0.02 secs] 
2014-07-07T21:51:33.128+0000: 3395.148: [GC [PSYoungGen: 525874K->548K(508544K)] 727074K->201788K(1195520K), 0.0089500 secs] [Times: user=0.01 sys=0.00, real=0.01 secs] 
2014-07-07T21:51:34.241+0000: 3396.261: [GC [PSYoungGen: 508516K->256K(491392K)] 709756K->201536K(1178368K), 0.0084630 secs] [Times: user=0.02 sys=0.00, real=0.01 secs] 
2014-07-07T21:51:35.338+0000: 3397.358: [GC [PSYoungGen: 491392K->320K(475392K)] 692672K->201672K(1162368K), 0.0116880 secs] [Times: user=0.03 sys=0.00, real=0.01 secs] 
2014-07-07T21:51:36.389+0000: 3398.409: [GC [PSYoungGen: 475392K->160K(459904K)] 676744K->201576K(1146880K), 0.0078590 secs] [Times: user=0.03 sys=0.00, real=0.01 secs] 
2014-07-07T21:51:37.410+0000: 3399.430: [GC [PSYoungGen: 459872K->256K(445248K)] 661288K->201752K(1132224K), 0.0080670 secs] [Times: user=0.02 sys=0.00, real=0.01 secs] 
2014-07-07T21:51:38.393+0000: 3400.413: [GC [PSYoungGen: 445248K->288K(534336K)] 646744K->201816K(1221312K), 0.0249210 secs] [Times: user=0.09 sys=0.00, real=0.03 secs] 
2014-07-07T21:51:39.577+0000: 3401.597: [GC [PSYoungGen: 534300K->192K(641024K)] 735828K->201760K(1328000K), 0.0167080 secs] [Times: user=0.07 sys=0.00, real=0.01 secs] 
2014-07-07T21:51:40.997+0000: 3403.017: [GC [PSYoungGen: 641024K->338K(769408K)] 842592K->201938K(1456384K), 0.0143670 secs] [Times: user=0.05 sys=0.00, real=0.01 secs] 
2014-07-07T21:51:42.689+0000: 3404.709: [GC [PSYoungGen: 769362K->320K(923200K)] 970962K->202000K(1610176K), 0.0071870 secs] [Times: user=0.01 sys=0.00, real=0.01 secs] 
2014-07-07T21:51:44.734+0000: 3406.754: [GC [PSYoungGen: 923200K->556K(887424K)] 1124880K->202284K(1574400K), 0.0141790 secs] [Times: user=0.05 sys=0.00, real=0.02 secs] 
2014-07-07T21:51:46.696+0000: 3408.716: [GC [PSYoungGen: 887404K->306K(852864K)] 1089132K->202438K(1539840K), 0.0076470 secs] [Times: user=0.03 sys=0.01, real=0.01 secs] 
2014-07-07T21:51:48.584+0000: 3410.604: [GC [PSYoungGen: 852850K->456K(820352K)] 1054982K->202668K(1507328K), 0.0173580 secs] [Times: user=0.06 sys=0.00, real=0.02 secs] 
2014-07-07T21:51:50.407+0000: 3412.428: [GC [PSYoungGen: 820296K->160K(788864K)] 1022508K->202420K(1475840K), 0.0052780 secs] [Times: user=0.01 sys=0.00, real=0.00 secs] 
2014-07-07T21:51:52.158+0000: 3414.179: [GC [PSYoungGen: 788831K->320K(759296K)] 991091K->202612K(1446272K), 0.0141490 secs] [Times: user=0.05 sys=0.00, real=0.01 secs] 
2014-07-07T21:51:53.846+0000: 3415.866: [GC [PSYoungGen: 759296K->352K(731072K)] 961588K->202684K(1418048K), 0.0108980 secs] [Times: user=0.03 sys=0.00, real=0.01 secs] 
2014-07-07T21:51:55.452+0000: 3417.472: [GC [PSYoungGen: 731002K->256K(703936K)] 933335K->202636K(1390912K), 0.0059110 secs] [Times: user=0.01 sys=0.00, real=0.01 secs] 
2014-07-07T21:51:57.004+0000: 3419.024: [GC [PSYoungGen: 703936K->224K(678208K)] 906316K->202692K(1365184K), 0.0065680 secs] [Times: user=0.01 sys=0.00, real=0.01 secs] 
2014-07-07T21:51:58.503+0000: 3420.523: [GC [PSYoungGen: 678176K->192K(653632K)] 880644K->202716K(1340608K), 0.0031510 secs] [Times: user=0.01 sys=0.00, real=0.00 secs] 
2014-07-07T21:51:59.942+0000: 3421.962: [GC [PSYoungGen: 653632K->160K(630208K)] 856156K->202732K(1317184K), 0.0120700 secs] [Times: user=0.03 sys=0.00, real=0.01 secs] 
2014-07-07T21:52:01.347+0000: 3423.367: [GC [PSYoungGen: 630173K->502K(608192K)] 832745K->203122K(1295168K), 0.0099470 secs] [Times: user=0.04 sys=0.00, real=0.02 secs] 
2014-07-07T21:52:02.685+0000: 3424.705: [GC [PSYoungGen: 608182K->160K(586560K)] 810802K->202812K(1273536K), 0.0094840 secs] [Times: user=0.04 sys=0.00, real=0.01 secs] 
2014-07-07T21:52:03.983+0000: 3426.003: [GC [PSYoungGen: 586528K->352K(566400K)] 789180K->203028K(1253376K), 0.0166740 secs] [Times: user=0.06 sys=0.00, real=0.01 secs] 
2014-07-07T21:52:05.236+0000: 3427.256: [GC [PSYoungGen: 566364K->192K(679424K)] 769040K->202916K(1366400K), 0.0253500 secs] [Times: user=0.09 sys=0.00, real=0.03 secs] 
2014-07-07T21:52:06.744+0000: 3428.764: [GC [PSYoungGen: 679424K->320K(815424K)] 882148K->203132K(1502400K), 0.0277510 secs] [Times: user=0.09 sys=0.00, real=0.03 secs] 
2014-07-07T21:52:08.540+0000: 3430.560: [GC [PSYoungGen: 815424K->160K(978368K)] 1018236K->203028K(1665344K), 0.0125120 secs] [Times: user=0.04 sys=0.00, real=0.01 secs] 
2014-07-07T21:52:10.704+0000: 3432.724: [GC [PSYoungGen: 978336K->160K(1174016K)] 1181204K->203068K(1860992K), 0.0292520 secs] [Times: user=0.09 sys=0.00, real=0.03 secs] 
2014-07-07T21:52:13.308+0000: 3435.328: [GC [PSYoungGen: 1173984K->210K(1126016K)] 1376892K->203134K(1812992K), 0.0055200 secs] [Times: user=0.01 sys=0.00, real=0.01 secs] 
2014-07-07T21:52:15.805+0000: 3437.825: [GC [PSYoungGen: 1125936K->534K(1080576K)] 1328860K->203514K(1767552K), 0.0154440 secs] [Times: user=0.05 sys=0.00, real=0.01 secs] 
2014-07-07T21:52:18.194+0000: 3440.214: [GC [PSYoungGen: 1080533K->356K(1036800K)] 1283513K->203536K(1723776K), 0.0094000 secs] [Times: user=0.03 sys=0.00, real=0.01 secs] 
2014-07-07T21:52:20.487+0000: 3442.507: [GC [PSYoungGen: 1036772K->160K(995136K)] 1239952K->203396K(1682112K), 0.0061870 secs] [Times: user=0.02 sys=0.00, real=0.01 secs] 
2014-07-07T21:52:22.704+0000: 3444.724: [GC [PSYoungGen: 995092K->658K(956160K)] 1198328K->203934K(1643136K), 0.0065030 secs] [Times: user=0.02 sys=0.00, real=0.00 secs] 
2014-07-07T21:52:24.820+0000: 3446.840: [GC [PSYoungGen: 956114K->448K(918336K)] 1159390K->203772K(1605312K), 0.0177940 secs] [Times: user=0.07 sys=0.00, real=0.02 secs] 
2014-07-07T21:52:26.847+0000: 3448.867: [GC [PSYoungGen: 918336K->498K(882624K)] 1121660K->203966K(1569600K), 0.0105230 secs] [Times: user=0.03 sys=0.00, real=0.01 secs] 
2014-07-07T21:52:28.807+0000: 3450.828: [GC [PSYoungGen: 882610K->356K(848384K)] 1086078K->203896K(1535360K), 0.0142300 secs] [Times: user=0.05 sys=0.00, real=0.01 secs] 
2014-07-07T21:52:30.686+0000: 3452.706: [GC [PSYoungGen: 848356K->256K(815744K)] 1051896K->203852K(1502720K), 0.0135980 secs] [Times: user=0.05 sys=0.00, real=0.01 secs] 
2014-07-07T21:52:32.501+0000: 3454.521: [GC [PSYoungGen: 815744K->552K(785088K)] 1019340K->204196K(1472064K), 0.0033190 secs] [Times: user=0.01 sys=0.00, real=0.01 secs] 
2014-07-07T21:52:34.228+0000: 3456.248: [GC [PSYoungGen: 785064K->434K(755456K)] 988708K->204102K(1442432K), 0.0222200 secs] [Times: user=0.08 sys=0.00, real=0.02 secs] 
2014-07-07T21:52:35.898+0000: 3457.918: [GC [PSYoungGen: 755439K->338K(727296K)] 959107K->204094K(1414272K), 0.0264480 secs] [Times: user=0.09 sys=0.00, real=0.03 secs] 
2014-07-07T21:52:37.501+0000: 3459.522: [GC [PSYoungGen: 727250K->288K(700416K)] 931006K->204140K(1387392K), 0.0086150 secs] [Times: user=0.02 sys=0.00, real=0.01 secs] 
2014-07-07T21:52:39.056+0000: 3461.076: [GC [PSYoungGen: 700356K->356K(674944K)] 904209K->204256K(1361920K), 0.0075450 secs] [Times: user=0.03 sys=0.00, real=0.00 secs] 
2014-07-07T21:52:40.538+0000: 3462.558: [GC [PSYoungGen: 674916K->224K(650432K)] 878816K->204164K(1337408K), 0.0212120 secs] [Times: user=0.07 sys=0.00, real=0.02 secs] 
2014-07-07T21:52:41.977+0000: 3463.997: [GC [PSYoungGen: 650400K->434K(627392K)] 854340K->204414K(1314368K), 0.0042870 secs] [Times: user=0.01 sys=0.00, real=0.00 secs] 
2014-07-07T21:52:43.365+0000: 3465.385: [GC [PSYoungGen: 627378K->484K(605248K)] 831358K->204496K(1292224K), 0.0205660 secs] [Times: user=0.07 sys=0.00, real=0.02 secs] 
2014-07-07T21:52:44.702+0000: 3466.722: [GC [PSYoungGen: 605220K->256K(583808K)] 809232K->204308K(1270784K), 0.0084450 secs] [Times: user=0.03 sys=0.00, real=0.01 secs] 
2014-07-07T21:52:46.004+0000: 3468.024: [GC [PSYoungGen: 583808K->288K(563648K)] 787860K->204444K(1250624K), 0.0131360 secs] [Times: user=0.05 sys=0.01, real=0.02 secs] 
2014-07-07T21:52:47.243+0000: 3469.263: [GC [PSYoungGen: 563616K->370K(544448K)] 767772K->204582K(1231424K), 0.0136000 secs] [Times: user=0.05 sys=0.00, real=0.02 secs] 
2014-07-07T21:52:48.458+0000: 3470.478: [GC [PSYoungGen: 544434K->520K(526208K)] 748646K->204796K(1213184K), 0.0101880 secs] [Times: user=0.04 sys=0.00, real=0.01 secs] 
2014-07-07T21:52:49.621+0000: 3471.641: [GC [PSYoungGen: 526152K->274K(508352K)] 730428K->204598K(1195328K), 0.0126330 secs] [Times: user=0.04 sys=0.00, real=0.01 secs] 
2014-07-07T21:52:50.743+0000: 3472.763: [GC [PSYoungGen: 508306K->288K(491520K)] 712630K->204660K(1178496K), 0.0107010 secs] [Times: user=0.04 sys=0.00, real=0.01 secs] 
2014-07-07T21:52:51.829+0000: 3473.849: [GC [PSYoungGen: 491488K->288K(475456K)] 695860K->204692K(1162432K), 0.0046990 secs] [Times: user=0.01 sys=0.00, real=0.00 secs] 
2014-07-07T21:52:52.881+0000: 3474.901: [GC [PSYoungGen: 475424K->520K(460352K)] 679828K->204948K(1147328K), 0.0056240 secs] [Times: user=0.01 sys=0.01, real=0.00 secs] 
2014-07-07T21:52:53.911+0000: 3475.931: [GC [PSYoungGen: 460296K->224K(445312K)] 664724K->204692K(1132288K), 0.0077700 secs] [Times: user=0.02 sys=0.00, real=0.01 secs] 
2014-07-07T21:52:54.889+0000: 3476.910: [GC [PSYoungGen: 445280K->160K(431168K)] 649748K->204676K(1118144K), 0.0106850 secs] [Times: user=0.04 sys=0.00, real=0.01 secs] 
2014-07-07T21:52:55.845+0000: 3477.865: [GC [PSYoungGen: 431132K->242K(417792K)] 635648K->204822K(1104768K), 0.0096240 secs] [Times: user=0.03 sys=0.00, real=0.01 secs] 
2014-07-07T21:52:56.770+0000: 3478.790: [GC [PSYoungGen: 417707K->160K(404864K)] 622287K->204780K(1091840K), 0.0058650 secs] [Times: user=0.01 sys=0.00, real=0.00 secs] 
2014-07-07T21:52:57.666+0000: 3479.686: [GC [PSYoungGen: 404832K->64K(392384K)] 609452K->204716K(1079360K), 0.0045910 secs] [Times: user=0.01 sys=0.00, real=0.01 secs] 
2014-07-07T21:52:58.533+0000: 3480.554: [GC [PSYoungGen: 392384K->160K(380736K)] 597036K->204852K(1067712K), 0.0069730 secs] [Times: user=0.01 sys=0.00, real=0.01 secs] 
2014-07-07T21:52:59.377+0000: 3481.397: [GC [PSYoungGen: 380704K->488K(369728K)] 585396K->205212K(1056704K), 0.0098340 secs] [Times: user=0.03 sys=0.00, real=0.01 secs] 
2014-07-07T21:53:00.192+0000: 3482.212: [GC [PSYoungGen: 369691K->224K(443328K)] 574415K->204964K(1130304K), 0.0148000 secs] [Times: user=0.04 sys=0.00, real=0.01 secs] 
2014-07-07T21:53:01.178+0000: 3483.198: [GC [PSYoungGen: 443296K->392K(532160K)] 648036K->205156K(1219136K), 0.0104460 secs] [Times: user=0.03 sys=0.00, real=0.01 secs] 
2014-07-07T21:53:02.355+0000: 3484.375: [GC [PSYoungGen: 532104K->160K(638272K)] 736868K->204948K(1325248K), 0.0136660 secs] [Times: user=0.05 sys=0.00, real=0.02 secs] 
2014-07-07T21:53:03.762+0000: 3485.782: [GC [PSYoungGen: 638240K->160K(765888K)] 843028K->204980K(1452864K), 0.0307830 secs] [Times: user=0.10 sys=0.00, real=0.03 secs] 
2014-07-07T21:53:05.459+0000: 3487.479: [GC [PSYoungGen: 765856K->288K(919168K)] 970676K->205164K(1606144K), 0.0078770 secs] [Times: user=0.01 sys=0.00, real=0.00 secs] 
2014-07-07T21:53:07.494+0000: 3489.514: [GC [PSYoungGen: 919136K->534K(1103232K)] 1124012K->205538K(1790208K), 0.0321810 secs] [Times: user=0.11 sys=0.00, real=0.03 secs] 
2014-07-07T21:53:09.936+0000: 3491.957: [GC [PSYoungGen: 1103190K->306K(1058304K)] 1308194K->205374K(1745280K), 0.0044050 secs] [Times: user=0.01 sys=0.00, real=0.01 secs] 
2014-07-07T21:53:12.274+0000: 3494.294: [GC [PSYoungGen: 1058250K->552K(1270208K)] 1263318K->205700K(1957184K), 0.0267670 secs] [Times: user=0.09 sys=0.00, real=0.03 secs] 
2014-07-07T21:53:15.090+0000: 3497.110: [GC [PSYoungGen: 1270184K->420K(1217344K)] 1475332K->205664K(1904320K), 0.0241020 secs] [Times: user=0.09 sys=0.00, real=0.03 secs] 
2014-07-07T21:53:17.771+0000: 3499.791: [GC [PSYoungGen: 1217316K->288K(1167040K)] 1422560K->205644K(1854016K), 0.0165850 secs] [Times: user=0.07 sys=0.00, real=0.02 secs] 
2014-07-07T21:53:20.353+0000: 3502.374: [GC [PSYoungGen: 1167008K->256K(1119232K)] 1372364K->205692K(1806208K), 0.0136920 secs] [Times: user=0.05 sys=0.00, real=0.01 secs] 
2014-07-07T21:53:22.821+0000: 3504.841: [GC [PSYoungGen: 1119232K->224K(1073792K)] 1324668K->205708K(1760768K), 0.0076150 secs] [Times: user=0.01 sys=0.00, real=0.01 secs] 
2014-07-07T21:53:25.205+0000: 3507.225: [GC [PSYoungGen: 1073760K->288K(1030592K)] 1279244K->205812K(1717568K), 0.0128980 secs] [Times: user=0.05 sys=0.00, real=0.01 secs] 
2014-07-07T21:53:27.495+0000: 3509.515: [GC [PSYoungGen: 1030560K->488K(989632K)] 1236084K->206132K(1676608K), 0.0045760 secs] [Times: user=0.01 sys=0.00, real=0.00 secs] 
2014-07-07T21:53:29.695+0000: 3511.715: [GC [PSYoungGen: 989588K->488K(950400K)] 1195232K->206220K(1637376K), 0.0213750 secs] [Times: user=0.07 sys=0.00, real=0.02 secs] 
2014-07-07T21:53:31.795+0000: 3513.815: [GC [PSYoungGen: 950376K->128K(912704K)] 1156108K->205908K(1599680K), 0.0136910 secs] [Times: user=0.05 sys=0.00, real=0.01 secs] 
2014-07-07T21:53:33.816+0000: 3515.837: [GC [PSYoungGen: 912704K->288K(877376K)] 1118484K->206116K(1564352K), 0.0106730 secs] [Times: user=0.03 sys=0.00, real=0.01 secs] 
2014-07-07T21:53:35.766+0000: 3517.786: [GC [PSYoungGen: 877344K->242K(843456K)] 1083172K->206118K(1530432K), 0.0130650 secs] [Times: user=0.05 sys=0.00, real=0.01 secs] 
2014-07-07T21:53:37.626+0000: 3519.646: [GC [PSYoungGen: 843442K->192K(811136K)] 1049318K->206180K(1498112K), 0.0121690 secs] [Times: user=0.04 sys=0.00, real=0.01 secs] 
2014-07-07T21:53:39.422+0000: 3521.442: [GC [PSYoungGen: 811135K->434K(780672K)] 1017123K->206470K(1467648K), 0.0081960 secs] [Times: user=0.03 sys=0.00, real=0.01 secs] 
2014-07-07T21:53:41.149+0000: 3523.170: [GC [PSYoungGen: 780658K->224K(751168K)] 986694K->206292K(1438144K), 0.0054720 secs] [Times: user=0.01 sys=0.00, real=0.01 secs] 
2014-07-07T21:53:42.818+0000: 3524.839: [GC [PSYoungGen: 751136K->256K(723264K)] 957204K->206372K(1410240K), 0.0370440 secs] [Times: user=0.12 sys=0.00, real=0.04 secs] 
2014-07-07T21:53:44.420+0000: 3526.440: [GC [PSYoungGen: 723204K->342K(868032K)] 929320K->206498K(1555008K), 0.0199060 secs] [Times: user=0.06 sys=0.00, real=0.02 secs] 
2014-07-07T21:53:46.345+0000: 3528.365: [GC [PSYoungGen: 867944K->466K(834752K)] 1074100K->206710K(1521728K), 0.0139340 secs] [Times: user=0.04 sys=0.00, real=0.01 secs] 
2014-07-07T21:53:48.192+0000: 3530.212: [GC [PSYoungGen: 834701K->256K(802688K)] 1040945K->206588K(1489664K), 0.0065740 secs] [Times: user=0.01 sys=0.00, real=0.01 secs] 
2014-07-07T21:53:49.964+0000: 3531.985: [GC [PSYoungGen: 802688K->128K(772224K)] 1009020K->206492K(1459200K), 0.0079560 secs] [Times: user=0.02 sys=0.00, real=0.01 secs] 
2014-07-07T21:53:51.672+0000: 3533.692: [GC [PSYoungGen: 772224K->192K(743360K)] 978588K->206588K(1430336K), 0.0047380 secs] [Times: user=0.01 sys=0.00, real=0.01 secs] 
2014-07-07T21:53:53.330+0000: 3535.350: [GC [PSYoungGen: 743292K->438K(716032K)] 949688K->206874K(1403008K), 0.0106400 secs] [Times: user=0.04 sys=0.00, real=0.01 secs] 
2014-07-07T21:53:54.906+0000: 3536.927: [GC [PSYoungGen: 716022K->320K(689600K)] 922458K->206788K(1376576K), 0.0049200 secs] [Times: user=0.01 sys=0.00, real=0.00 secs] 
2014-07-07T21:53:56.439+0000: 3538.459: [GC [PSYoungGen: 689592K->438K(664704K)] 896060K->207018K(1351680K), 0.0107750 secs] [Times: user=0.03 sys=0.00, real=0.01 secs] 
2014-07-07T21:53:57.906+0000: 3539.926: [GC [PSYoungGen: 664694K->224K(640640K)] 871274K->206860K(1327616K), 0.0044590 secs] [Times: user=0.01 sys=0.00, real=0.01 secs] 
2014-07-07T21:53:59.326+0000: 3541.346: [GC [PSYoungGen: 640608K->256K(617856K)] 847244K->206940K(1304832K), 0.0340850 secs] [Times: user=0.13 sys=0.00, real=0.04 secs] 
2014-07-07T21:54:00.693+0000: 3542.714: [GC [PSYoungGen: 617856K->342K(596224K)] 824540K->207066K(1283200K), 0.0138000 secs] [Times: user=0.05 sys=0.00, real=0.02 secs] 
2014-07-07T21:54:02.020+0000: 3544.040: [GC [PSYoungGen: 596179K->224K(575360K)] 802903K->206972K(1262336K), 0.0050070 secs] [Times: user=0.02 sys=0.00, real=0.00 secs] 
2014-07-07T21:54:03.294+0000: 3545.315: [GC [PSYoungGen: 575328K->192K(555456K)] 782076K->206988K(1242432K), 0.0080450 secs] [Times: user=0.01 sys=0.00, real=0.01 secs] 
2014-07-07T21:54:04.525+0000: 3546.545: [GC [PSYoungGen: 555456K->402K(666816K)] 762252K->207214K(1353792K), 0.0291060 secs] [Times: user=0.11 sys=0.00, real=0.03 secs] 
2014-07-07T21:54:06.004+0000: 3548.024: [GC [PSYoungGen: 666770K->160K(799872K)] 873582K->207060K(1486848K), 0.0325690 secs] [Times: user=0.11 sys=0.00, real=0.03 secs] 
2014-07-07T21:54:07.780+0000: 3549.800: [GC [PSYoungGen: 799840K->256K(959872K)] 1006740K->207220K(1646848K), 0.0098020 secs] [Times: user=0.03 sys=0.00, real=0.01 secs] 
2014-07-07T21:54:09.912+0000: 3551.932: [GC [PSYoungGen: 959872K->320K(1151872K)] 1166836K->207364K(1838848K), 0.0091180 secs] [Times: user=0.03 sys=0.00, real=0.01 secs] 
2014-07-07T21:54:12.469+0000: 3554.489: [GC [PSYoungGen: 1151872K->480K(1105024K)] 1358916K->207556K(1792000K), 0.0041470 secs] [Times: user=0.02 sys=0.00, real=0.01 secs] 
2014-07-07T21:54:14.907+0000: 3556.927: [GC [PSYoungGen: 1104992K->320K(1060096K)] 1312068K->207444K(1747072K), 0.0249110 secs] [Times: user=0.10 sys=0.00, real=0.03 secs] 
2014-07-07T21:54:17.272+0000: 3559.292: [GC [PSYoungGen: 1060096K->256K(1272000K)] 1267220K->207484K(1958976K), 0.0469430 secs] [Times: user=0.15 sys=0.00, real=0.04 secs] 
2014-07-07T21:54:20.078+0000: 3562.098: [GC [PSYoungGen: 1272000K->288K(1479744K)] 1479228K->207612K(2166720K), 0.0210670 secs] [Times: user=0.08 sys=0.00, real=0.02 secs] 
2014-07-07T21:54:23.353+0000: 3565.373: [GC [PSYoungGen: 1479456K->160K(1416384K)] 1686780K->207532K(2103360K), 0.0050930 secs] [Times: user=0.01 sys=0.00, real=0.00 secs] 
2014-07-07T21:54:26.495+0000: 3568.515: [GC [PSYoungGen: 1416352K->288K(1356608K)] 1623724K->207708K(2043584K), 0.0060750 secs] [Times: user=0.01 sys=0.00, real=0.00 secs] 
2014-07-07T21:54:29.497+0000: 3571.518: [GC [PSYoungGen: 1356576K->224K(1299584K)] 1563996K->207772K(1986560K), 0.0081800 secs] [Times: user=0.01 sys=0.00, real=0.01 secs] 
2014-07-07T21:54:32.381+0000: 3574.402: [GC [PSYoungGen: 1299552K->288K(1245440K)] 1507100K->207900K(1932416K), 0.0098250 secs] [Times: user=0.04 sys=0.00, real=0.01 secs] 
2014-07-07T21:54:35.139+0000: 3577.159: [GC [PSYoungGen: 1245408K->352K(1193984K)] 1453020K->208012K(1880960K), 0.0313810 secs] [Times: user=0.12 sys=0.00, real=0.03 secs] 
2014-07-07T21:54:37.777+0000: 3579.797: [GC [PSYoungGen: 1193952K->256K(1144832K)] 1401612K->208060K(1831808K), 0.0217220 secs] [Times: user=0.07 sys=0.00, real=0.02 secs] 
2014-07-07T21:54:40.308+0000: 3582.328: [GC [PSYoungGen: 1144832K->242K(1098176K)] 1352636K->208110K(1785152K), 0.0050990 secs] [Times: user=0.01 sys=0.00, real=0.01 secs] 
2014-07-07T21:54:42.747+0000: 3584.767: [GC [PSYoungGen: 1098162K->160K(1053696K)] 1306030K->208060K(1740672K), 0.0046910 secs] [Times: user=0.01 sys=0.00, real=0.00 secs] 
2014-07-07T21:54:45.072+0000: 3587.092: [GC [PSYoungGen: 1053616K->388K(1011648K)] 1261517K->208320K(1698624K), 0.0054170 secs] [Times: user=0.01 sys=0.00, real=0.01 secs] 
2014-07-07T21:54:47.323+0000: 3589.343: [GC [PSYoungGen: 1011588K->160K(971136K)] 1219520K->208212K(1658112K), 0.0099460 secs] [Times: user=0.04 sys=0.00, real=0.01 secs] 
2014-07-07T21:54:49.467+0000: 3591.487: [GC [PSYoungGen: 971104K->256K(932864K)] 1179156K->208380K(1619840K), 0.0144050 secs] [Times: user=0.04 sys=0.00, real=0.01 secs] 
2014-07-07T21:54:51.529+0000: 3593.549: [GC [PSYoungGen: 932854K->374K(896512K)] 1140978K->208538K(1583488K), 0.0047500 secs] [Times: user=0.01 sys=0.00, real=0.00 secs] 
2014-07-07T21:54:53.524+0000: 3595.544: [GC [PSYoungGen: 896502K->224K(861632K)] 1104666K->208420K(1548608K), 0.0075380 secs] [Times: user=0.02 sys=0.00, real=0.01 secs] 
2014-07-07T21:54:55.431+0000: 3597.452: [GC [PSYoungGen: 861600K->288K(828608K)] 1069796K->208524K(1515584K), 0.0099890 secs] [Times: user=0.03 sys=0.00, real=0.01 secs] 
2014-07-07T21:54:57.272+0000: 3599.292: [GC [PSYoungGen: 828548K->388K(797184K)] 1036784K->208752K(1484160K), 0.0194200 secs] [Times: user=0.07 sys=0.00, real=0.02 secs] 
2014-07-07T21:54:59.042+0000: 3601.062: [GC [PSYoungGen: 797124K->192K(766848K)] 1005488K->208604K(1453824K), 0.0047930 secs] [Times: user=0.01 sys=0.00, real=0.01 secs] 
2014-07-07T21:55:00.742+0000: 3602.762: [GC [PSYoungGen: 766848K->128K(738112K)] 975260K->208572K(1425088K), 0.0048700 secs] [Times: user=0.01 sys=0.00, real=0.01 secs] 
2014-07-07T21:55:02.384+0000: 3604.404: [GC [PSYoungGen: 738112K->352K(711040K)] 946556K->208828K(1398016K), 0.0096420 secs] [Times: user=0.04 sys=0.00, real=0.01 secs] 
2014-07-07T21:55:03.958+0000: 3605.978: [GC [PSYoungGen: 711008K->370K(684992K)] 919484K->208894K(1371968K), 0.0083010 secs] [Times: user=0.02 sys=0.00, real=0.00 secs] 
2014-07-07T21:55:05.486+0000: 3607.506: [GC [PSYoungGen: 684978K->256K(660032K)] 893502K->208852K(1347008K), 0.0121230 secs] [Times: user=0.04 sys=0.00, real=0.02 secs] 
2014-07-07T21:55:06.950+0000: 3608.970: [GC [PSYoungGen: 660032K->192K(636288K)] 868628K->208876K(1323264K), 0.0136530 secs] [Times: user=0.04 sys=0.00, real=0.01 secs] 
2014-07-07T21:55:08.363+0000: 3610.383: [GC [PSYoungGen: 636288K->324K(613888K)] 844972K->209056K(1300864K), 0.0152120 secs] [Times: user=0.04 sys=0.00, real=0.02 secs] 
2014-07-07T21:55:09.724+0000: 3611.744: [GC [PSYoungGen: 613828K->128K(592064K)] 822560K->208892K(1279040K), 0.0136760 secs] [Times: user=0.05 sys=0.00, real=0.01 secs] 
2014-07-07T21:55:11.044+0000: 3613.064: [GC [PSYoungGen: 592064K->306K(571648K)] 800828K->209102K(1258624K), 0.0063260 secs] [Times: user=0.02 sys=0.00, real=0.01 secs] 
2014-07-07T21:55:12.307+0000: 3614.327: [GC [PSYoungGen: 571634K->420K(552128K)] 780430K->209248K(1239104K), 0.0071310 secs] [Times: user=0.01 sys=0.00, real=0.01 secs] 
2014-07-07T21:55:13.528+0000: 3615.548: [GC [PSYoungGen: 552100K->306K(533248K)] 760928K->209158K(1220224K), 0.0102140 secs] [Times: user=0.04 sys=0.00, real=0.02 secs] 
2014-07-07T21:55:14.710+0000: 3616.730: [GC [PSYoungGen: 533234K->320K(515328K)] 742086K->209228K(1202304K), 0.0171820 secs] [Times: user=0.06 sys=0.00, real=0.01 secs] 
2014-07-07T21:55:15.844+0000: 3617.864: [GC [PSYoungGen: 515328K->292K(498176K)] 724236K->209272K(1185152K), 0.0040300 secs] [Times: user=0.01 sys=0.00, real=0.00 secs] 
2014-07-07T21:55:16.942+0000: 3618.962: [GC [PSYoungGen: 498148K->242K(481728K)] 707128K->209278K(1168704K), 0.0045900 secs] [Times: user=0.01 sys=0.00, real=0.00 secs] 
2014-07-07T21:55:18.012+0000: 3620.032: [GC [PSYoungGen: 481674K->374K(466176K)] 690711K->209458K(1153152K), 0.0042020 secs] [Times: user=0.01 sys=0.00, real=0.00 secs] 
2014-07-07T21:55:19.051+0000: 3621.071: [GC [PSYoungGen: 466166K->484K(451328K)] 675250K->209608K(1138304K), 0.0088080 secs] [Times: user=0.04 sys=0.00, real=0.01 secs] 
2014-07-07T21:55:20.054+0000: 3622.074: [GC [PSYoungGen: 451209K->192K(436672K)] 660333K->209618K(1123648K), 0.0162170 secs] [Times: user=0.06 sys=0.00, real=0.02 secs] 
2014-07-07T21:55:21.017+0000: 3623.038: [GC [PSYoungGen: 436668K->128K(422912K)] 646094K->209578K(1109888K), 0.0038570 secs] [Times: user=0.01 sys=0.00, real=0.01 secs] 
2014-07-07T21:55:21.961+0000: 3623.981: [GC [PSYoungGen: 422912K->406K(410112K)] 632362K->209904K(1097088K), 0.0051960 secs] [Times: user=0.01 sys=0.00, real=0.00 secs] 
2014-07-07T21:55:22.863+0000: 3624.883: [GC [PSYoungGen: 410049K->306K(397440K)] 619547K->209828K(1084416K), 0.0061880 secs] [Times: user=0.01 sys=0.00, real=0.00 secs] 
2014-07-07T21:55:23.873+0000: 3625.893: [GC [PSYoungGen: 397383K->570K(385664K)] 606905K->210132K(1072640K), 0.0159130 secs] [Times: user=0.06 sys=0.00, real=0.01 secs] 
Heap
 PSYoungGen      total 385664K, used 296608K [0x0000000755560000, 0x00000007af430000, 0x0000000800000000)
  eden space 385088K, 76% used [0x0000000755560000,0x0000000767679ad0,0x000000076cd70000)
  from space 576K, 98% used [0x00000007af3a0000,0x00000007af42e840,0x00000007af430000)
  to   space 640K, 0% used [0x00000007af2f0000,0x00000007af2f0000,0x00000007af390000)
 ParOldGen       total 686976K, used 209562K [0x0000000600000000, 0x0000000629ee0000, 0x0000000755560000)
  object space 686976K, 30% used [0x0000000600000000,0x000000060cca6900,0x0000000629ee0000)
 PSPermGen       total 21248K, used 11733K [0x00000005f5a00000, 0x00000005f6ec0000, 0x0000000600000000)
  object space 21248K, 55% used [0x00000005f5a00000,0x00000005f6575690,0x00000005f6ec0000)
